?   	github.com/BryanEgbert/skripsi/cmd	[no test files]
?   	github.com/BryanEgbert/skripsi/controller	[no test files]
?   	github.com/BryanEgbert/skripsi/middleware	[no test files]
?   	github.com/BryanEgbert/skripsi/routes	[no test files]
?   	github.com/BryanEgbert/skripsi/seeder	[no test files]
?   	github.com/BryanEgbert/skripsi/service	[no test files]
?   	github.com/BryanEgbert/skripsi/setup	[no test files]
?   	github.com/BryanEgbert/skripsi/model	[no test files]
=== RUN   TestHashPassword
=== RUN   TestHashPassword/When_hash_and_verify_the_same_password,_should_return_true_when_verifying
    password_hash_test.go:21: hash: 19$JB80RCWeGAhkOApBLp6nkQ$xQ1386z9WSgvfcyoWANfTiUXzVfLh7M1uUX5ysCpWEo
=== RUN   TestHashPassword/When_hash_and_verify_different_passwords,_should_return_false_when_verifying
--- PASS: TestHashPassword (0.33s)
    --- PASS: TestHashPassword/When_hash_and_verify_the_same_password,_should_return_true_when_verifying (0.18s)
    --- PASS: TestHashPassword/When_hash_and_verify_different_passwords,_should_return_false_when_verifying (0.14s)
PASS
ok  	github.com/BryanEgbert/skripsi/helper	(cached)
=== RUN   TestLogin
=== RUN   TestLogin/On_login,_should_return_tokens_when_user_credential_is_correct

2025/02/13 14:38:28 /home/bryan/repos/skripsi/backend/setup/setup.go:60
[438.222ms] [rows:0] TRUNCATE TABLE users, vet_specialties, user_vet_specialties, pet_daycares, pets, size_categories, roles, slots, booked_slots, thumbnails, species, reviews, refresh_tokens, transactions, daily_walks, daily_playtimes, reduce_slots RESTART IDENTITY CASCADE;

2025/02/13 14:38:28 /home/bryan/repos/skripsi/backend/seeder/seeder.go:18
[23.227ms] [rows:3] INSERT INTO "roles" ("name","id") VALUES ($1$,$2$),($3$,$4$),($5$,$6$) RETURNING "id"

2025/02/13 14:38:28 /home/bryan/repos/skripsi/backend/seeder/seeder.go:29
[12.879ms] [rows:4] INSERT INTO "daily_walks" ("name","id") VALUES ($1$,$2$),($3$,$4$),($5$,$6$),($7$,$8$) RETURNING "id"

2025/02/13 14:38:28 /home/bryan/repos/skripsi/backend/seeder/seeder.go:39
[12.219ms] [rows:4] INSERT INTO "daily_playtimes" ("name","id") VALUES ($1$,$2$),($3$,$4$),($5$,$6$),($7$,$8$) RETURNING "id"

2025/02/13 14:38:29 /home/bryan/repos/skripsi/backend/seeder/seeder.go:61
[17.346ms] [rows:17] INSERT INTO "vet_specialties" ("name") VALUES ($1$),($2$),($3$),($4$),($5$),($6$),($7$),($8$),($9$),($10$),($11$),($12$),($13$),($14$),($15$),($16$),($17$) RETURNING "id"

2025/02/13 14:38:29 /home/bryan/repos/skripsi/backend/seeder/seeder.go:71
[12.851ms] [rows:3] INSERT INTO "species" ("name") VALUES ($1$),($2$),($3$) RETURNING "id"

2025/02/13 14:38:29 /home/bryan/repos/skripsi/backend/seeder/seeder.go:83
[12.534ms] [rows:5] INSERT INTO "size_categories" ("name","min_weight","max_weight") VALUES ($1$,$2$,$3$),($4$,$5$,$6$),($7$,$8$,$9$),($10$,$11$,$12$),($13$,$14$,$15$) RETURNING "id"

2025/02/13 14:38:29 /home/bryan/repos/skripsi/backend/seeder/seeder.go:106
[1.972ms] [rows:0] INSERT INTO "vet_specialties" ("name","id") VALUES ($1$,$2$),($3$,$4$),($5$,$6$) ON CONFLICT DO NOTHING RETURNING "id"

2025/02/13 14:38:29 /home/bryan/repos/skripsi/backend/seeder/seeder.go:106
[3.932ms] [rows:3] INSERT INTO "user_vet_specialties" ("user_id","vet_specialty_id") VALUES ($1$,$2$),($3$,$4$),($5$,$6$) ON CONFLICT DO NOTHING

2025/02/13 14:38:29 /home/bryan/repos/skripsi/backend/seeder/seeder.go:106
[22.922ms] [rows:6] INSERT INTO "users" ("created_at","updated_at","deleted_at","name","email","password","role_id","image_url") VALUES ($1$,$2$,$3$,$4$,$5$,$6$,$7$,$8$),($9$,$10$,$11$,$12$,$13$,$14$,$15$,$16$),($17$,$18$,$19$,$20$,$21$,$22$,$23$,$24$),($25$,$26$,$27$,$28$,$29$,$30$,$31$,$32$),($33$,$34$,$35$,$36$,$37$,$38$,$39$,DEFAULT),($40$,$41$,$42$,$43$,$44$,$45$,$46$,$47$) RETURNING "id","image_url"

2025/02/13 14:38:29 /home/bryan/repos/skripsi/backend/seeder/seeder.go:148
[1.714ms] [rows:0] INSERT INTO "daily_walks" ("name","id") VALUES ($1$,$2$) ON CONFLICT DO NOTHING RETURNING "id"

2025/02/13 14:38:29 /home/bryan/repos/skripsi/backend/seeder/seeder.go:148
[1.833ms] [rows:0] INSERT INTO "daily_playtimes" ("name","id") VALUES ($1$,$2$),($3$,$4$) ON CONFLICT DO NOTHING RETURNING "id"

2025/02/13 14:38:29 /home/bryan/repos/skripsi/backend/seeder/seeder.go:148
[11.509ms] [rows:3] INSERT INTO "pet_daycares" ("created_at","updated_at","deleted_at","name","address","latitude","longitude","price","pricing_type","description","has_pickup_service","must_be_vaccinated","food_provided","grooming_available","booked_num","daily_walks_id","daily_playtime_id","owner_id","food_brand") VALUES ($1$,$2$,$3$,$4$,$5$,$6$,$7$,$8$,$9$,$10$,$11$,$12$,$13$,$14$,$15$,$16$,$17$,$18$,$19$),($20$,$21$,$22$,$23$,$24$,$25$,$26$,$27$,$28$,$29$,$30$,$31$,$32$,$33$,$34$,$35$,$36$,$37$,$38$),($39$,$40$,$41$,$42$,$43$,$44$,$45$,$46$,$47$,$48$,$49$,$50$,$51$,$52$,$53$,$54$,$55$,$56$,$57$) RETURNING "id"

2025/02/13 14:38:29 /home/bryan/repos/skripsi/backend/seeder/seeder.go:158
[9.244ms] [rows:3] INSERT INTO "slots" ("created_at","updated_at","deleted_at","daycare_id","species_id","size_category_id","max_number") VALUES ($1$,$2$,$3$,$4$,$5$,$6$,$7$),($8$,$9$,$10$,$11$,$12$,$13$,$14$),($15$,$16$,$17$,$18$,$19$,$20$,$21$) RETURNING "id"

2025/02/13 14:38:29 /home/bryan/repos/skripsi/backend/seeder/seeder.go:172
[6.677ms] [rows:2] INSERT INTO "pets" ("created_at","updated_at","deleted_at","name","image_url","status","owner_id","species_id","size_id") VALUES ($1$,$2$,$3$,$4$,$5$,$6$,$7$,$8$,$9$),($10$,$11$,$12$,$13$,$14$,$15$,$16$,$17$,$18$) RETURNING "id"

2025/02/13 14:38:29 /home/bryan/repos/skripsi/backend/seeder/seeder.go:189
[6.528ms] [rows:2] INSERT INTO "booked_slots" ("created_at","updated_at","deleted_at","user_id","daycare_id","pet_id","start_date","end_date") VALUES ($1$,$2$,$3$,$4$,$5$,$6$,$7$,$8$),($9$,$10$,$11$,$12$,$13$,$14$,$15$,$16$) RETURNING "id"

2025/02/13 14:38:29 /home/bryan/repos/skripsi/backend/seeder/seeder.go:205
[8.015ms] [rows:3] INSERT INTO "reviews" ("created_at","updated_at","deleted_at","daycare_id","user_id","name","rate","description") VALUES ($1$,$2$,$3$,$4$,$5$,$6$,$7$,$8$),($9$,$10$,$11$,$12$,$13$,$14$,$15$,$16$),($17$,$18$,$19$,$20$,$21$,$22$,$23$,$24$) RETURNING "id"

2025/02/13 14:38:29 /home/bryan/repos/skripsi/backend/seeder/seeder.go:213
[5.186ms] [rows:1] INSERT INTO "reduce_slots" ("slot_id","reduced_count","target_date") VALUES ($1$,$2$,$3$) RETURNING "id"

2025/02/13 14:38:29 /home/bryan/repos/skripsi/backend/seeder/seeder.go:222
[5.251ms] [rows:2] INSERT INTO "thumbnails" ("daycare_id","image_url") VALUES ($1$,$2$),($3$,$4$) RETURNING "id"

2025/02/13 14:38:29 /home/bryan/repos/skripsi/backend/seeder/seeder.go:230
[8.056ms] [rows:1] INSERT INTO "transactions" ("pet_daycare_id","booked_slot_id","status") VALUES ($1$,$2$,$3$) RETURNING "created_at","id"

2025/02/13 14:38:29 /home/bryan/repos/skripsi/backend/setup/setup.go:78
[42.322ms] [rows:1] SELECT count(*) FROM information_schema.tables WHERE table_schema = CURRENT_SCHEMA() AND table_name = 'roles' AND table_type = 'BASE TABLE'

2025/02/13 14:38:29 /home/bryan/repos/skripsi/backend/setup/setup.go:78
[1.639ms] [rows:1] SELECT CURRENT_DATABASE()

2025/02/13 14:38:29 /home/bryan/repos/skripsi/backend/setup/setup.go:78
[52.488ms] [rows:-] SELECT c.column_name, c.is_nullable = 'YES', c.udt_name, c.character_maximum_length, c.numeric_precision, c.numeric_precision_radix, c.numeric_scale, c.datetime_precision, 8 * typlen, c.column_default, pd.description, c.identity_increment FROM information_schema.columns AS c JOIN pg_type AS pgt ON c.udt_name = pgt.typname LEFT JOIN pg_catalog.pg_description as pd ON pd.objsubid = c.ordinal_position AND pd.objoid = (SELECT oid FROM pg_catalog.pg_class WHERE relname = c.table_name AND relnamespace = (SELECT oid FROM pg_catalog.pg_namespace WHERE nspname = c.table_schema)) where table_catalog = $1$ AND table_schema = CURRENT_SCHEMA() AND table_name = $2$

2025/02/13 14:38:29 /home/bryan/repos/skripsi/backend/setup/setup.go:78
[1.149ms] [rows:-] SELECT * FROM "roles" LIMIT $1$

2025/02/13 14:38:29 /home/bryan/repos/skripsi/backend/setup/setup.go:78
[29.304ms] [rows:-] SELECT constraint_name FROM information_schema.table_constraints tc JOIN information_schema.constraint_column_usage AS ccu USING (constraint_schema, constraint_catalog, table_name, constraint_name) JOIN information_schema.columns AS c ON c.table_schema = tc.constraint_schema AND tc.table_name = c.table_name AND ccu.column_name = c.column_name WHERE constraint_type IN ('PRIMARY KEY', 'UNIQUE') AND c.table_catalog = $1$ AND c.table_schema = CURRENT_SCHEMA() AND c.table_name = $2$ AND constraint_type = $3$

2025/02/13 14:38:29 /home/bryan/repos/skripsi/backend/setup/setup.go:78
[20.252ms] [rows:-] SELECT c.column_name, constraint_name, constraint_type FROM information_schema.table_constraints tc JOIN information_schema.constraint_column_usage AS ccu USING (constraint_schema, constraint_catalog, table_name, constraint_name) JOIN information_schema.columns AS c ON c.table_schema = tc.constraint_schema AND tc.table_name = c.table_name AND ccu.column_name = c.column_name WHERE constraint_type IN ('PRIMARY KEY', 'UNIQUE') AND c.table_catalog = $1$ AND c.table_schema = CURRENT_SCHEMA() AND c.table_name = $2$

2025/02/13 14:38:29 /home/bryan/repos/skripsi/backend/setup/setup.go:78
[3.371ms] [rows:-] SELECT a.attname as column_name, format_type(a.atttypid, a.atttypmod) AS data_type
		FROM pg_attribute a JOIN pg_class b ON a.attrelid = b.oid AND relnamespace = (SELECT oid FROM pg_catalog.pg_namespace WHERE nspname = CURRENT_SCHEMA())
		WHERE a.attnum > 0 -- hide internal columns
		AND NOT a.attisdropped -- hide deleted columns
		AND b.relname = $1$

2025/02/13 14:38:29 /home/bryan/repos/skripsi/backend/setup/setup.go:78
[9.315ms] [rows:0] SELECT description FROM pg_catalog.pg_description WHERE objsubid = (SELECT ordinal_position FROM information_schema.columns WHERE table_schema = CURRENT_SCHEMA() AND table_name = 'roles' AND column_name = 'id') AND objoid = (SELECT oid FROM pg_catalog.pg_class WHERE relname = 'roles' AND relnamespace = (SELECT oid FROM pg_catalog.pg_namespace WHERE nspname = CURRENT_SCHEMA()))

2025/02/13 14:38:29 /home/bryan/repos/skripsi/backend/setup/setup.go:78
[5.912ms] [rows:0] SELECT description FROM pg_catalog.pg_description WHERE objsubid = (SELECT ordinal_position FROM information_schema.columns WHERE table_schema = CURRENT_SCHEMA() AND table_name = 'roles' AND column_name = 'name') AND objoid = (SELECT oid FROM pg_catalog.pg_class WHERE relname = 'roles' AND relnamespace = (SELECT oid FROM pg_catalog.pg_namespace WHERE nspname = CURRENT_SCHEMA()))

2025/02/13 14:38:29 /home/bryan/repos/skripsi/backend/setup/setup.go:78
[2.341ms] [rows:1] SELECT count(*) FROM information_schema.tables WHERE table_schema = CURRENT_SCHEMA() AND table_name = 'users' AND table_type = 'BASE TABLE'

2025/02/13 14:38:29 /home/bryan/repos/skripsi/backend/setup/setup.go:78
[0.968ms] [rows:1] SELECT CURRENT_DATABASE()

2025/02/13 14:38:29 /home/bryan/repos/skripsi/backend/setup/setup.go:78
[12.575ms] [rows:-] SELECT c.column_name, c.is_nullable = 'YES', c.udt_name, c.character_maximum_length, c.numeric_precision, c.numeric_precision_radix, c.numeric_scale, c.datetime_precision, 8 * typlen, c.column_default, pd.description, c.identity_increment FROM information_schema.columns AS c JOIN pg_type AS pgt ON c.udt_name = pgt.typname LEFT JOIN pg_catalog.pg_description as pd ON pd.objsubid = c.ordinal_position AND pd.objoid = (SELECT oid FROM pg_catalog.pg_class WHERE relname = c.table_name AND relnamespace = (SELECT oid FROM pg_catalog.pg_namespace WHERE nspname = c.table_schema)) where table_catalog = $1$ AND table_schema = CURRENT_SCHEMA() AND table_name = $2$

2025/02/13 14:38:29 /home/bryan/repos/skripsi/backend/setup/setup.go:78
[1.184ms] [rows:-] SELECT * FROM "users" LIMIT $1$

2025/02/13 14:38:29 /home/bryan/repos/skripsi/backend/setup/setup.go:78
[21.957ms] [rows:-] SELECT constraint_name FROM information_schema.table_constraints tc JOIN information_schema.constraint_column_usage AS ccu USING (constraint_schema, constraint_catalog, table_name, constraint_name) JOIN information_schema.columns AS c ON c.table_schema = tc.constraint_schema AND tc.table_name = c.table_name AND ccu.column_name = c.column_name WHERE constraint_type IN ('PRIMARY KEY', 'UNIQUE') AND c.table_catalog = $1$ AND c.table_schema = CURRENT_SCHEMA() AND c.table_name = $2$ AND constraint_type = $3$

2025/02/13 14:38:29 /home/bryan/repos/skripsi/backend/setup/setup.go:78
[22.115ms] [rows:-] SELECT c.column_name, constraint_name, constraint_type FROM information_schema.table_constraints tc JOIN information_schema.constraint_column_usage AS ccu USING (constraint_schema, constraint_catalog, table_name, constraint_name) JOIN information_schema.columns AS c ON c.table_schema = tc.constraint_schema AND tc.table_name = c.table_name AND ccu.column_name = c.column_name WHERE constraint_type IN ('PRIMARY KEY', 'UNIQUE') AND c.table_catalog = $1$ AND c.table_schema = CURRENT_SCHEMA() AND c.table_name = $2$

2025/02/13 14:38:29 /home/bryan/repos/skripsi/backend/setup/setup.go:78
[1.978ms] [rows:-] SELECT a.attname as column_name, format_type(a.atttypid, a.atttypmod) AS data_type
		FROM pg_attribute a JOIN pg_class b ON a.attrelid = b.oid AND relnamespace = (SELECT oid FROM pg_catalog.pg_namespace WHERE nspname = CURRENT_SCHEMA())
		WHERE a.attnum > 0 -- hide internal columns
		AND NOT a.attisdropped -- hide deleted columns
		AND b.relname = $1$

2025/02/13 14:38:29 /home/bryan/repos/skripsi/backend/setup/setup.go:78
[6.973ms] [rows:0] SELECT description FROM pg_catalog.pg_description WHERE objsubid = (SELECT ordinal_position FROM information_schema.columns WHERE table_schema = CURRENT_SCHEMA() AND table_name = 'users' AND column_name = 'id') AND objoid = (SELECT oid FROM pg_catalog.pg_class WHERE relname = 'users' AND relnamespace = (SELECT oid FROM pg_catalog.pg_namespace WHERE nspname = CURRENT_SCHEMA()))

2025/02/13 14:38:29 /home/bryan/repos/skripsi/backend/setup/setup.go:78
[6.771ms] [rows:0] SELECT description FROM pg_catalog.pg_description WHERE objsubid = (SELECT ordinal_position FROM information_schema.columns WHERE table_schema = CURRENT_SCHEMA() AND table_name = 'users' AND column_name = 'created_at') AND objoid = (SELECT oid FROM pg_catalog.pg_class WHERE relname = 'users' AND relnamespace = (SELECT oid FROM pg_catalog.pg_namespace WHERE nspname = CURRENT_SCHEMA()))

2025/02/13 14:38:29 /home/bryan/repos/skripsi/backend/setup/setup.go:78
[6.826ms] [rows:0] SELECT description FROM pg_catalog.pg_description WHERE objsubid = (SELECT ordinal_position FROM information_schema.columns WHERE table_schema = CURRENT_SCHEMA() AND table_name = 'users' AND column_name = 'updated_at') AND objoid = (SELECT oid FROM pg_catalog.pg_class WHERE relname = 'users' AND relnamespace = (SELECT oid FROM pg_catalog.pg_namespace WHERE nspname = CURRENT_SCHEMA()))

2025/02/13 14:38:29 /home/bryan/repos/skripsi/backend/setup/setup.go:78
[6.792ms] [rows:0] SELECT description FROM pg_catalog.pg_description WHERE objsubid = (SELECT ordinal_position FROM information_schema.columns WHERE table_schema = CURRENT_SCHEMA() AND table_name = 'users' AND column_name = 'deleted_at') AND objoid = (SELECT oid FROM pg_catalog.pg_class WHERE relname = 'users' AND relnamespace = (SELECT oid FROM pg_catalog.pg_namespace WHERE nspname = CURRENT_SCHEMA()))

2025/02/13 14:38:29 /home/bryan/repos/skripsi/backend/setup/setup.go:78
[1.860ms] [rows:0] SELECT description FROM pg_catalog.pg_description WHERE objsubid = (SELECT ordinal_position FROM information_schema.columns WHERE table_schema = CURRENT_SCHEMA() AND table_name = 'users' AND column_name = 'name') AND objoid = (SELECT oid FROM pg_catalog.pg_class WHERE relname = 'users' AND relnamespace = (SELECT oid FROM pg_catalog.pg_namespace WHERE nspname = CURRENT_SCHEMA()))

2025/02/13 14:38:29 /home/bryan/repos/skripsi/backend/setup/setup.go:78
[1.851ms] [rows:0] SELECT description FROM pg_catalog.pg_description WHERE objsubid = (SELECT ordinal_position FROM information_schema.columns WHERE table_schema = CURRENT_SCHEMA() AND table_name = 'users' AND column_name = 'email') AND objoid = (SELECT oid FROM pg_catalog.pg_class WHERE relname = 'users' AND relnamespace = (SELECT oid FROM pg_catalog.pg_namespace WHERE nspname = CURRENT_SCHEMA()))

2025/02/13 14:38:29 /home/bryan/repos/skripsi/backend/setup/setup.go:78
[1.804ms] [rows:0] SELECT description FROM pg_catalog.pg_description WHERE objsubid = (SELECT ordinal_position FROM information_schema.columns WHERE table_schema = CURRENT_SCHEMA() AND table_name = 'users' AND column_name = 'password') AND objoid = (SELECT oid FROM pg_catalog.pg_class WHERE relname = 'users' AND relnamespace = (SELECT oid FROM pg_catalog.pg_namespace WHERE nspname = CURRENT_SCHEMA()))

2025/02/13 14:38:29 /home/bryan/repos/skripsi/backend/setup/setup.go:78
[1.776ms] [rows:0] SELECT description FROM pg_catalog.pg_description WHERE objsubid = (SELECT ordinal_position FROM information_schema.columns WHERE table_schema = CURRENT_SCHEMA() AND table_name = 'users' AND column_name = 'image_url') AND objoid = (SELECT oid FROM pg_catalog.pg_class WHERE relname = 'users' AND relnamespace = (SELECT oid FROM pg_catalog.pg_namespace WHERE nspname = CURRENT_SCHEMA()))

2025/02/13 14:38:29 /home/bryan/repos/skripsi/backend/setup/setup.go:78
[1.719ms] [rows:0] SELECT description FROM pg_catalog.pg_description WHERE objsubid = (SELECT ordinal_position FROM information_schema.columns WHERE table_schema = CURRENT_SCHEMA() AND table_name = 'users' AND column_name = 'role_id') AND objoid = (SELECT oid FROM pg_catalog.pg_class WHERE relname = 'users' AND relnamespace = (SELECT oid FROM pg_catalog.pg_namespace WHERE nspname = CURRENT_SCHEMA()))

2025/02/13 14:38:29 /home/bryan/repos/skripsi/backend/setup/setup.go:78
[6.747ms] [rows:1] SELECT count(*) FROM INFORMATION_SCHEMA.table_constraints WHERE table_schema = CURRENT_SCHEMA() AND table_name = 'users' AND constraint_name = 'fk_roles_users'

2025/02/13 14:38:29 /home/bryan/repos/skripsi/backend/setup/setup.go:78
[11.822ms] [rows:1] SELECT count(*) FROM pg_indexes WHERE tablename = 'users' AND indexname = 'idx_users_deleted_at' AND schemaname = CURRENT_SCHEMA()

2025/02/13 14:38:29 /home/bryan/repos/skripsi/backend/setup/setup.go:78
[3.383ms] [rows:1] SELECT count(*) FROM information_schema.tables WHERE table_schema = CURRENT_SCHEMA() AND table_name = 'vet_specialties' AND table_type = 'BASE TABLE'

2025/02/13 14:38:29 /home/bryan/repos/skripsi/backend/setup/setup.go:78
[1.233ms] [rows:1] SELECT CURRENT_DATABASE()

2025/02/13 14:38:29 /home/bryan/repos/skripsi/backend/setup/setup.go:78
[16.736ms] [rows:-] SELECT c.column_name, c.is_nullable = 'YES', c.udt_name, c.character_maximum_length, c.numeric_precision, c.numeric_precision_radix, c.numeric_scale, c.datetime_precision, 8 * typlen, c.column_default, pd.description, c.identity_increment FROM information_schema.columns AS c JOIN pg_type AS pgt ON c.udt_name = pgt.typname LEFT JOIN pg_catalog.pg_description as pd ON pd.objsubid = c.ordinal_position AND pd.objoid = (SELECT oid FROM pg_catalog.pg_class WHERE relname = c.table_name AND relnamespace = (SELECT oid FROM pg_catalog.pg_namespace WHERE nspname = c.table_schema)) where table_catalog = $1$ AND table_schema = CURRENT_SCHEMA() AND table_name = $2$

2025/02/13 14:38:29 /home/bryan/repos/skripsi/backend/setup/setup.go:78
[1.355ms] [rows:-] SELECT * FROM "vet_specialties" LIMIT $1$

2025/02/13 14:38:29 /home/bryan/repos/skripsi/backend/setup/setup.go:78
[23.807ms] [rows:-] SELECT constraint_name FROM information_schema.table_constraints tc JOIN information_schema.constraint_column_usage AS ccu USING (constraint_schema, constraint_catalog, table_name, constraint_name) JOIN information_schema.columns AS c ON c.table_schema = tc.constraint_schema AND tc.table_name = c.table_name AND ccu.column_name = c.column_name WHERE constraint_type IN ('PRIMARY KEY', 'UNIQUE') AND c.table_catalog = $1$ AND c.table_schema = CURRENT_SCHEMA() AND c.table_name = $2$ AND constraint_type = $3$

2025/02/13 14:38:29 /home/bryan/repos/skripsi/backend/setup/setup.go:78
[23.606ms] [rows:-] SELECT c.column_name, constraint_name, constraint_type FROM information_schema.table_constraints tc JOIN information_schema.constraint_column_usage AS ccu USING (constraint_schema, constraint_catalog, table_name, constraint_name) JOIN information_schema.columns AS c ON c.table_schema = tc.constraint_schema AND tc.table_name = c.table_name AND ccu.column_name = c.column_name WHERE constraint_type IN ('PRIMARY KEY', 'UNIQUE') AND c.table_catalog = $1$ AND c.table_schema = CURRENT_SCHEMA() AND c.table_name = $2$

2025/02/13 14:38:29 /home/bryan/repos/skripsi/backend/setup/setup.go:78
[2.371ms] [rows:-] SELECT a.attname as column_name, format_type(a.atttypid, a.atttypmod) AS data_type
		FROM pg_attribute a JOIN pg_class b ON a.attrelid = b.oid AND relnamespace = (SELECT oid FROM pg_catalog.pg_namespace WHERE nspname = CURRENT_SCHEMA())
		WHERE a.attnum > 0 -- hide internal columns
		AND NOT a.attisdropped -- hide deleted columns
		AND b.relname = $1$

2025/02/13 14:38:29 /home/bryan/repos/skripsi/backend/setup/setup.go:78
[2.197ms] [rows:0] SELECT description FROM pg_catalog.pg_description WHERE objsubid = (SELECT ordinal_position FROM information_schema.columns WHERE table_schema = CURRENT_SCHEMA() AND table_name = 'vet_specialties' AND column_name = 'id') AND objoid = (SELECT oid FROM pg_catalog.pg_class WHERE relname = 'vet_specialties' AND relnamespace = (SELECT oid FROM pg_catalog.pg_namespace WHERE nspname = CURRENT_SCHEMA()))

2025/02/13 14:38:29 /home/bryan/repos/skripsi/backend/setup/setup.go:78
[2.095ms] [rows:0] SELECT description FROM pg_catalog.pg_description WHERE objsubid = (SELECT ordinal_position FROM information_schema.columns WHERE table_schema = CURRENT_SCHEMA() AND table_name = 'vet_specialties' AND column_name = 'name') AND objoid = (SELECT oid FROM pg_catalog.pg_class WHERE relname = 'vet_specialties' AND relnamespace = (SELECT oid FROM pg_catalog.pg_namespace WHERE nspname = CURRENT_SCHEMA()))

2025/02/13 14:38:29 /home/bryan/repos/skripsi/backend/setup/setup.go:78
[3.372ms] [rows:1] SELECT count(*) FROM information_schema.tables WHERE table_schema = CURRENT_SCHEMA() AND table_name = 'user_vet_specialties' AND table_type = 'BASE TABLE'

2025/02/13 14:38:29 /home/bryan/repos/skripsi/backend/setup/setup.go:78
[1.289ms] [rows:1] SELECT CURRENT_DATABASE()

2025/02/13 14:38:29 /home/bryan/repos/skripsi/backend/setup/setup.go:78
[16.834ms] [rows:-] SELECT c.column_name, c.is_nullable = 'YES', c.udt_name, c.character_maximum_length, c.numeric_precision, c.numeric_precision_radix, c.numeric_scale, c.datetime_precision, 8 * typlen, c.column_default, pd.description, c.identity_increment FROM information_schema.columns AS c JOIN pg_type AS pgt ON c.udt_name = pgt.typname LEFT JOIN pg_catalog.pg_description as pd ON pd.objsubid = c.ordinal_position AND pd.objoid = (SELECT oid FROM pg_catalog.pg_class WHERE relname = c.table_name AND relnamespace = (SELECT oid FROM pg_catalog.pg_namespace WHERE nspname = c.table_schema)) where table_catalog = $1$ AND table_schema = CURRENT_SCHEMA() AND table_name = $2$

2025/02/13 14:38:29 /home/bryan/repos/skripsi/backend/setup/setup.go:78
[1.583ms] [rows:-] SELECT * FROM "user_vet_specialties" LIMIT $1$

2025/02/13 14:38:29 /home/bryan/repos/skripsi/backend/setup/setup.go:78
[27.096ms] [rows:-] SELECT constraint_name FROM information_schema.table_constraints tc JOIN information_schema.constraint_column_usage AS ccu USING (constraint_schema, constraint_catalog, table_name, constraint_name) JOIN information_schema.columns AS c ON c.table_schema = tc.constraint_schema AND tc.table_name = c.table_name AND ccu.column_name = c.column_name WHERE constraint_type IN ('PRIMARY KEY', 'UNIQUE') AND c.table_catalog = $1$ AND c.table_schema = CURRENT_SCHEMA() AND c.table_name = $2$ AND constraint_type = $3$

2025/02/13 14:38:29 /home/bryan/repos/skripsi/backend/setup/setup.go:78
[39.740ms] [rows:-] SELECT c.column_name, constraint_name, constraint_type FROM information_schema.table_constraints tc JOIN information_schema.constraint_column_usage AS ccu USING (constraint_schema, constraint_catalog, table_name, constraint_name) JOIN information_schema.columns AS c ON c.table_schema = tc.constraint_schema AND tc.table_name = c.table_name AND ccu.column_name = c.column_name WHERE constraint_type IN ('PRIMARY KEY', 'UNIQUE') AND c.table_catalog = $1$ AND c.table_schema = CURRENT_SCHEMA() AND c.table_name = $2$

2025/02/13 14:38:29 /home/bryan/repos/skripsi/backend/setup/setup.go:78
[4.214ms] [rows:-] SELECT a.attname as column_name, format_type(a.atttypid, a.atttypmod) AS data_type
		FROM pg_attribute a JOIN pg_class b ON a.attrelid = b.oid AND relnamespace = (SELECT oid FROM pg_catalog.pg_namespace WHERE nspname = CURRENT_SCHEMA())
		WHERE a.attnum > 0 -- hide internal columns
		AND NOT a.attisdropped -- hide deleted columns
		AND b.relname = $1$

2025/02/13 14:38:29 /home/bryan/repos/skripsi/backend/setup/setup.go:78
[3.697ms] [rows:0] SELECT description FROM pg_catalog.pg_description WHERE objsubid = (SELECT ordinal_position FROM information_schema.columns WHERE table_schema = CURRENT_SCHEMA() AND table_name = 'user_vet_specialties' AND column_name = 'user_id') AND objoid = (SELECT oid FROM pg_catalog.pg_class WHERE relname = 'user_vet_specialties' AND relnamespace = (SELECT oid FROM pg_catalog.pg_namespace WHERE nspname = CURRENT_SCHEMA()))

2025/02/13 14:38:29 /home/bryan/repos/skripsi/backend/setup/setup.go:78
[3.987ms] [rows:0] SELECT description FROM pg_catalog.pg_description WHERE objsubid = (SELECT ordinal_position FROM information_schema.columns WHERE table_schema = CURRENT_SCHEMA() AND table_name = 'user_vet_specialties' AND column_name = 'vet_specialty_id') AND objoid = (SELECT oid FROM pg_catalog.pg_class WHERE relname = 'user_vet_specialties' AND relnamespace = (SELECT oid FROM pg_catalog.pg_namespace WHERE nspname = CURRENT_SCHEMA()))

2025/02/13 14:38:29 /home/bryan/repos/skripsi/backend/setup/setup.go:78
[9.186ms] [rows:1] SELECT count(*) FROM INFORMATION_SCHEMA.table_constraints WHERE table_schema = CURRENT_SCHEMA() AND table_name = 'user_vet_specialties' AND constraint_name = 'fk_user_vet_specialties_user'

2025/02/13 14:38:29 /home/bryan/repos/skripsi/backend/setup/setup.go:78
[12.739ms] [rows:1] SELECT count(*) FROM INFORMATION_SCHEMA.table_constraints WHERE table_schema = CURRENT_SCHEMA() AND table_name = 'user_vet_specialties' AND constraint_name = 'fk_user_vet_specialties_vet_specialty'

2025/02/13 14:38:29 /home/bryan/repos/skripsi/backend/setup/setup.go:78
[7.805ms] [rows:1] SELECT count(*) FROM information_schema.tables WHERE table_schema = CURRENT_SCHEMA() AND table_name = 'daily_walks' AND table_type = 'BASE TABLE'

2025/02/13 14:38:29 /home/bryan/repos/skripsi/backend/setup/setup.go:78
[1.842ms] [rows:1] SELECT CURRENT_DATABASE()

2025/02/13 14:38:29 /home/bryan/repos/skripsi/backend/setup/setup.go:78
[26.097ms] [rows:-] SELECT c.column_name, c.is_nullable = 'YES', c.udt_name, c.character_maximum_length, c.numeric_precision, c.numeric_precision_radix, c.numeric_scale, c.datetime_precision, 8 * typlen, c.column_default, pd.description, c.identity_increment FROM information_schema.columns AS c JOIN pg_type AS pgt ON c.udt_name = pgt.typname LEFT JOIN pg_catalog.pg_description as pd ON pd.objsubid = c.ordinal_position AND pd.objoid = (SELECT oid FROM pg_catalog.pg_class WHERE relname = c.table_name AND relnamespace = (SELECT oid FROM pg_catalog.pg_namespace WHERE nspname = c.table_schema)) where table_catalog = $1$ AND table_schema = CURRENT_SCHEMA() AND table_name = $2$

2025/02/13 14:38:29 /home/bryan/repos/skripsi/backend/setup/setup.go:78
[1.210ms] [rows:-] SELECT * FROM "daily_walks" LIMIT $1$

2025/02/13 14:38:29 /home/bryan/repos/skripsi/backend/setup/setup.go:78
[18.459ms] [rows:-] SELECT constraint_name FROM information_schema.table_constraints tc JOIN information_schema.constraint_column_usage AS ccu USING (constraint_schema, constraint_catalog, table_name, constraint_name) JOIN information_schema.columns AS c ON c.table_schema = tc.constraint_schema AND tc.table_name = c.table_name AND ccu.column_name = c.column_name WHERE constraint_type IN ('PRIMARY KEY', 'UNIQUE') AND c.table_catalog = $1$ AND c.table_schema = CURRENT_SCHEMA() AND c.table_name = $2$ AND constraint_type = $3$

2025/02/13 14:38:29 /home/bryan/repos/skripsi/backend/setup/setup.go:78
[17.732ms] [rows:-] SELECT c.column_name, constraint_name, constraint_type FROM information_schema.table_constraints tc JOIN information_schema.constraint_column_usage AS ccu USING (constraint_schema, constraint_catalog, table_name, constraint_name) JOIN information_schema.columns AS c ON c.table_schema = tc.constraint_schema AND tc.table_name = c.table_name AND ccu.column_name = c.column_name WHERE constraint_type IN ('PRIMARY KEY', 'UNIQUE') AND c.table_catalog = $1$ AND c.table_schema = CURRENT_SCHEMA() AND c.table_name = $2$

2025/02/13 14:38:29 /home/bryan/repos/skripsi/backend/setup/setup.go:78
[2.036ms] [rows:-] SELECT a.attname as column_name, format_type(a.atttypid, a.atttypmod) AS data_type
		FROM pg_attribute a JOIN pg_class b ON a.attrelid = b.oid AND relnamespace = (SELECT oid FROM pg_catalog.pg_namespace WHERE nspname = CURRENT_SCHEMA())
		WHERE a.attnum > 0 -- hide internal columns
		AND NOT a.attisdropped -- hide deleted columns
		AND b.relname = $1$

2025/02/13 14:38:29 /home/bryan/repos/skripsi/backend/setup/setup.go:78
[1.947ms] [rows:0] SELECT description FROM pg_catalog.pg_description WHERE objsubid = (SELECT ordinal_position FROM information_schema.columns WHERE table_schema = CURRENT_SCHEMA() AND table_name = 'daily_walks' AND column_name = 'id') AND objoid = (SELECT oid FROM pg_catalog.pg_class WHERE relname = 'daily_walks' AND relnamespace = (SELECT oid FROM pg_catalog.pg_namespace WHERE nspname = CURRENT_SCHEMA()))

2025/02/13 14:38:29 /home/bryan/repos/skripsi/backend/setup/setup.go:78
[1.888ms] [rows:0] SELECT description FROM pg_catalog.pg_description WHERE objsubid = (SELECT ordinal_position FROM information_schema.columns WHERE table_schema = CURRENT_SCHEMA() AND table_name = 'daily_walks' AND column_name = 'name') AND objoid = (SELECT oid FROM pg_catalog.pg_class WHERE relname = 'daily_walks' AND relnamespace = (SELECT oid FROM pg_catalog.pg_namespace WHERE nspname = CURRENT_SCHEMA()))

2025/02/13 14:38:29 /home/bryan/repos/skripsi/backend/setup/setup.go:78
[2.207ms] [rows:1] SELECT count(*) FROM information_schema.tables WHERE table_schema = CURRENT_SCHEMA() AND table_name = 'daily_playtimes' AND table_type = 'BASE TABLE'

2025/02/13 14:38:29 /home/bryan/repos/skripsi/backend/setup/setup.go:78
[0.802ms] [rows:1] SELECT CURRENT_DATABASE()

2025/02/13 14:38:29 /home/bryan/repos/skripsi/backend/setup/setup.go:78
[12.895ms] [rows:-] SELECT c.column_name, c.is_nullable = 'YES', c.udt_name, c.character_maximum_length, c.numeric_precision, c.numeric_precision_radix, c.numeric_scale, c.datetime_precision, 8 * typlen, c.column_default, pd.description, c.identity_increment FROM information_schema.columns AS c JOIN pg_type AS pgt ON c.udt_name = pgt.typname LEFT JOIN pg_catalog.pg_description as pd ON pd.objsubid = c.ordinal_position AND pd.objoid = (SELECT oid FROM pg_catalog.pg_class WHERE relname = c.table_name AND relnamespace = (SELECT oid FROM pg_catalog.pg_namespace WHERE nspname = c.table_schema)) where table_catalog = $1$ AND table_schema = CURRENT_SCHEMA() AND table_name = $2$

2025/02/13 14:38:29 /home/bryan/repos/skripsi/backend/setup/setup.go:78
[0.967ms] [rows:-] SELECT * FROM "daily_playtimes" LIMIT $1$

2025/02/13 14:38:29 /home/bryan/repos/skripsi/backend/setup/setup.go:78
[17.601ms] [rows:-] SELECT constraint_name FROM information_schema.table_constraints tc JOIN information_schema.constraint_column_usage AS ccu USING (constraint_schema, constraint_catalog, table_name, constraint_name) JOIN information_schema.columns AS c ON c.table_schema = tc.constraint_schema AND tc.table_name = c.table_name AND ccu.column_name = c.column_name WHERE constraint_type IN ('PRIMARY KEY', 'UNIQUE') AND c.table_catalog = $1$ AND c.table_schema = CURRENT_SCHEMA() AND c.table_name = $2$ AND constraint_type = $3$

2025/02/13 14:38:29 /home/bryan/repos/skripsi/backend/setup/setup.go:78
[20.889ms] [rows:-] SELECT c.column_name, constraint_name, constraint_type FROM information_schema.table_constraints tc JOIN information_schema.constraint_column_usage AS ccu USING (constraint_schema, constraint_catalog, table_name, constraint_name) JOIN information_schema.columns AS c ON c.table_schema = tc.constraint_schema AND tc.table_name = c.table_name AND ccu.column_name = c.column_name WHERE constraint_type IN ('PRIMARY KEY', 'UNIQUE') AND c.table_catalog = $1$ AND c.table_schema = CURRENT_SCHEMA() AND c.table_name = $2$

2025/02/13 14:38:29 /home/bryan/repos/skripsi/backend/setup/setup.go:78
[2.227ms] [rows:-] SELECT a.attname as column_name, format_type(a.atttypid, a.atttypmod) AS data_type
		FROM pg_attribute a JOIN pg_class b ON a.attrelid = b.oid AND relnamespace = (SELECT oid FROM pg_catalog.pg_namespace WHERE nspname = CURRENT_SCHEMA())
		WHERE a.attnum > 0 -- hide internal columns
		AND NOT a.attisdropped -- hide deleted columns
		AND b.relname = $1$

2025/02/13 14:38:29 /home/bryan/repos/skripsi/backend/setup/setup.go:78
[1.740ms] [rows:0] SELECT description FROM pg_catalog.pg_description WHERE objsubid = (SELECT ordinal_position FROM information_schema.columns WHERE table_schema = CURRENT_SCHEMA() AND table_name = 'daily_playtimes' AND column_name = 'id') AND objoid = (SELECT oid FROM pg_catalog.pg_class WHERE relname = 'daily_playtimes' AND relnamespace = (SELECT oid FROM pg_catalog.pg_namespace WHERE nspname = CURRENT_SCHEMA()))

2025/02/13 14:38:29 /home/bryan/repos/skripsi/backend/setup/setup.go:78
[1.684ms] [rows:0] SELECT description FROM pg_catalog.pg_description WHERE objsubid = (SELECT ordinal_position FROM information_schema.columns WHERE table_schema = CURRENT_SCHEMA() AND table_name = 'daily_playtimes' AND column_name = 'name') AND objoid = (SELECT oid FROM pg_catalog.pg_class WHERE relname = 'daily_playtimes' AND relnamespace = (SELECT oid FROM pg_catalog.pg_namespace WHERE nspname = CURRENT_SCHEMA()))

2025/02/13 14:38:29 /home/bryan/repos/skripsi/backend/setup/setup.go:78
[1.292ms] [rows:1] SELECT count(*) FROM information_schema.tables WHERE table_schema = CURRENT_SCHEMA() AND table_name = 'pet_daycares' AND table_type = 'BASE TABLE'

2025/02/13 14:38:29 /home/bryan/repos/skripsi/backend/setup/setup.go:78
[0.852ms] [rows:1] SELECT CURRENT_DATABASE()

2025/02/13 14:38:29 /home/bryan/repos/skripsi/backend/setup/setup.go:78
[5.133ms] [rows:-] SELECT c.column_name, c.is_nullable = 'YES', c.udt_name, c.character_maximum_length, c.numeric_precision, c.numeric_precision_radix, c.numeric_scale, c.datetime_precision, 8 * typlen, c.column_default, pd.description, c.identity_increment FROM information_schema.columns AS c JOIN pg_type AS pgt ON c.udt_name = pgt.typname LEFT JOIN pg_catalog.pg_description as pd ON pd.objsubid = c.ordinal_position AND pd.objoid = (SELECT oid FROM pg_catalog.pg_class WHERE relname = c.table_name AND relnamespace = (SELECT oid FROM pg_catalog.pg_namespace WHERE nspname = c.table_schema)) where table_catalog = $1$ AND table_schema = CURRENT_SCHEMA() AND table_name = $2$

2025/02/13 14:38:29 /home/bryan/repos/skripsi/backend/setup/setup.go:78
[1.179ms] [rows:-] SELECT * FROM "pet_daycares" LIMIT $1$

2025/02/13 14:38:29 /home/bryan/repos/skripsi/backend/setup/setup.go:78
[7.470ms] [rows:-] SELECT constraint_name FROM information_schema.table_constraints tc JOIN information_schema.constraint_column_usage AS ccu USING (constraint_schema, constraint_catalog, table_name, constraint_name) JOIN information_schema.columns AS c ON c.table_schema = tc.constraint_schema AND tc.table_name = c.table_name AND ccu.column_name = c.column_name WHERE constraint_type IN ('PRIMARY KEY', 'UNIQUE') AND c.table_catalog = $1$ AND c.table_schema = CURRENT_SCHEMA() AND c.table_name = $2$ AND constraint_type = $3$

2025/02/13 14:38:29 /home/bryan/repos/skripsi/backend/setup/setup.go:78
[7.195ms] [rows:-] SELECT c.column_name, constraint_name, constraint_type FROM information_schema.table_constraints tc JOIN information_schema.constraint_column_usage AS ccu USING (constraint_schema, constraint_catalog, table_name, constraint_name) JOIN information_schema.columns AS c ON c.table_schema = tc.constraint_schema AND tc.table_name = c.table_name AND ccu.column_name = c.column_name WHERE constraint_type IN ('PRIMARY KEY', 'UNIQUE') AND c.table_catalog = $1$ AND c.table_schema = CURRENT_SCHEMA() AND c.table_name = $2$

2025/02/13 14:38:29 /home/bryan/repos/skripsi/backend/setup/setup.go:78
[1.179ms] [rows:-] SELECT a.attname as column_name, format_type(a.atttypid, a.atttypmod) AS data_type
		FROM pg_attribute a JOIN pg_class b ON a.attrelid = b.oid AND relnamespace = (SELECT oid FROM pg_catalog.pg_namespace WHERE nspname = CURRENT_SCHEMA())
		WHERE a.attnum > 0 -- hide internal columns
		AND NOT a.attisdropped -- hide deleted columns
		AND b.relname = $1$

2025/02/13 14:38:29 /home/bryan/repos/skripsi/backend/setup/setup.go:78
[1.683ms] [rows:0] SELECT description FROM pg_catalog.pg_description WHERE objsubid = (SELECT ordinal_position FROM information_schema.columns WHERE table_schema = CURRENT_SCHEMA() AND table_name = 'pet_daycares' AND column_name = 'id') AND objoid = (SELECT oid FROM pg_catalog.pg_class WHERE relname = 'pet_daycares' AND relnamespace = (SELECT oid FROM pg_catalog.pg_namespace WHERE nspname = CURRENT_SCHEMA()))

2025/02/13 14:38:29 /home/bryan/repos/skripsi/backend/setup/setup.go:78
[1.572ms] [rows:0] SELECT description FROM pg_catalog.pg_description WHERE objsubid = (SELECT ordinal_position FROM information_schema.columns WHERE table_schema = CURRENT_SCHEMA() AND table_name = 'pet_daycares' AND column_name = 'created_at') AND objoid = (SELECT oid FROM pg_catalog.pg_class WHERE relname = 'pet_daycares' AND relnamespace = (SELECT oid FROM pg_catalog.pg_namespace WHERE nspname = CURRENT_SCHEMA()))

2025/02/13 14:38:29 /home/bryan/repos/skripsi/backend/setup/setup.go:78
[1.577ms] [rows:0] SELECT description FROM pg_catalog.pg_description WHERE objsubid = (SELECT ordinal_position FROM information_schema.columns WHERE table_schema = CURRENT_SCHEMA() AND table_name = 'pet_daycares' AND column_name = 'updated_at') AND objoid = (SELECT oid FROM pg_catalog.pg_class WHERE relname = 'pet_daycares' AND relnamespace = (SELECT oid FROM pg_catalog.pg_namespace WHERE nspname = CURRENT_SCHEMA()))

2025/02/13 14:38:29 /home/bryan/repos/skripsi/backend/setup/setup.go:78
[1.543ms] [rows:0] SELECT description FROM pg_catalog.pg_description WHERE objsubid = (SELECT ordinal_position FROM information_schema.columns WHERE table_schema = CURRENT_SCHEMA() AND table_name = 'pet_daycares' AND column_name = 'deleted_at') AND objoid = (SELECT oid FROM pg_catalog.pg_class WHERE relname = 'pet_daycares' AND relnamespace = (SELECT oid FROM pg_catalog.pg_namespace WHERE nspname = CURRENT_SCHEMA()))

2025/02/13 14:38:29 /home/bryan/repos/skripsi/backend/setup/setup.go:78
[1.583ms] [rows:0] SELECT description FROM pg_catalog.pg_description WHERE objsubid = (SELECT ordinal_position FROM information_schema.columns WHERE table_schema = CURRENT_SCHEMA() AND table_name = 'pet_daycares' AND column_name = 'name') AND objoid = (SELECT oid FROM pg_catalog.pg_class WHERE relname = 'pet_daycares' AND relnamespace = (SELECT oid FROM pg_catalog.pg_namespace WHERE nspname = CURRENT_SCHEMA()))

2025/02/13 14:38:29 /home/bryan/repos/skripsi/backend/setup/setup.go:78
[1.497ms] [rows:0] SELECT description FROM pg_catalog.pg_description WHERE objsubid = (SELECT ordinal_position FROM information_schema.columns WHERE table_schema = CURRENT_SCHEMA() AND table_name = 'pet_daycares' AND column_name = 'address') AND objoid = (SELECT oid FROM pg_catalog.pg_class WHERE relname = 'pet_daycares' AND relnamespace = (SELECT oid FROM pg_catalog.pg_namespace WHERE nspname = CURRENT_SCHEMA()))

2025/02/13 14:38:29 /home/bryan/repos/skripsi/backend/setup/setup.go:78
[1.632ms] [rows:0] SELECT description FROM pg_catalog.pg_description WHERE objsubid = (SELECT ordinal_position FROM information_schema.columns WHERE table_schema = CURRENT_SCHEMA() AND table_name = 'pet_daycares' AND column_name = 'latitude') AND objoid = (SELECT oid FROM pg_catalog.pg_class WHERE relname = 'pet_daycares' AND relnamespace = (SELECT oid FROM pg_catalog.pg_namespace WHERE nspname = CURRENT_SCHEMA()))

2025/02/13 14:38:29 /home/bryan/repos/skripsi/backend/setup/setup.go:78
[1.709ms] [rows:0] SELECT description FROM pg_catalog.pg_description WHERE objsubid = (SELECT ordinal_position FROM information_schema.columns WHERE table_schema = CURRENT_SCHEMA() AND table_name = 'pet_daycares' AND column_name = 'longitude') AND objoid = (SELECT oid FROM pg_catalog.pg_class WHERE relname = 'pet_daycares' AND relnamespace = (SELECT oid FROM pg_catalog.pg_namespace WHERE nspname = CURRENT_SCHEMA()))

2025/02/13 14:38:29 /home/bryan/repos/skripsi/backend/setup/setup.go:78
[1.485ms] [rows:0] SELECT description FROM pg_catalog.pg_description WHERE objsubid = (SELECT ordinal_position FROM information_schema.columns WHERE table_schema = CURRENT_SCHEMA() AND table_name = 'pet_daycares' AND column_name = 'price') AND objoid = (SELECT oid FROM pg_catalog.pg_class WHERE relname = 'pet_daycares' AND relnamespace = (SELECT oid FROM pg_catalog.pg_namespace WHERE nspname = CURRENT_SCHEMA()))

2025/02/13 14:38:29 /home/bryan/repos/skripsi/backend/setup/setup.go:78
[1.688ms] [rows:0] SELECT description FROM pg_catalog.pg_description WHERE objsubid = (SELECT ordinal_position FROM information_schema.columns WHERE table_schema = CURRENT_SCHEMA() AND table_name = 'pet_daycares' AND column_name = 'pricing_type') AND objoid = (SELECT oid FROM pg_catalog.pg_class WHERE relname = 'pet_daycares' AND relnamespace = (SELECT oid FROM pg_catalog.pg_namespace WHERE nspname = CURRENT_SCHEMA()))

2025/02/13 14:38:29 /home/bryan/repos/skripsi/backend/setup/setup.go:78
[2.673ms] [rows:0] SELECT description FROM pg_catalog.pg_description WHERE objsubid = (SELECT ordinal_position FROM information_schema.columns WHERE table_schema = CURRENT_SCHEMA() AND table_name = 'pet_daycares' AND column_name = 'description') AND objoid = (SELECT oid FROM pg_catalog.pg_class WHERE relname = 'pet_daycares' AND relnamespace = (SELECT oid FROM pg_catalog.pg_namespace WHERE nspname = CURRENT_SCHEMA()))

2025/02/13 14:38:29 /home/bryan/repos/skripsi/backend/setup/setup.go:78
[1.746ms] [rows:0] SELECT description FROM pg_catalog.pg_description WHERE objsubid = (SELECT ordinal_position FROM information_schema.columns WHERE table_schema = CURRENT_SCHEMA() AND table_name = 'pet_daycares' AND column_name = 'has_pickup_service') AND objoid = (SELECT oid FROM pg_catalog.pg_class WHERE relname = 'pet_daycares' AND relnamespace = (SELECT oid FROM pg_catalog.pg_namespace WHERE nspname = CURRENT_SCHEMA()))

2025/02/13 14:38:29 /home/bryan/repos/skripsi/backend/setup/setup.go:78
[1.953ms] [rows:0] SELECT description FROM pg_catalog.pg_description WHERE objsubid = (SELECT ordinal_position FROM information_schema.columns WHERE table_schema = CURRENT_SCHEMA() AND table_name = 'pet_daycares' AND column_name = 'must_be_vaccinated') AND objoid = (SELECT oid FROM pg_catalog.pg_class WHERE relname = 'pet_daycares' AND relnamespace = (SELECT oid FROM pg_catalog.pg_namespace WHERE nspname = CURRENT_SCHEMA()))

2025/02/13 14:38:29 /home/bryan/repos/skripsi/backend/setup/setup.go:78
[2.290ms] [rows:0] SELECT description FROM pg_catalog.pg_description WHERE objsubid = (SELECT ordinal_position FROM information_schema.columns WHERE table_schema = CURRENT_SCHEMA() AND table_name = 'pet_daycares' AND column_name = 'food_provided') AND objoid = (SELECT oid FROM pg_catalog.pg_class WHERE relname = 'pet_daycares' AND relnamespace = (SELECT oid FROM pg_catalog.pg_namespace WHERE nspname = CURRENT_SCHEMA()))

2025/02/13 14:38:29 /home/bryan/repos/skripsi/backend/setup/setup.go:78
[1.836ms] [rows:0] SELECT description FROM pg_catalog.pg_description WHERE objsubid = (SELECT ordinal_position FROM information_schema.columns WHERE table_schema = CURRENT_SCHEMA() AND table_name = 'pet_daycares' AND column_name = 'grooming_available') AND objoid = (SELECT oid FROM pg_catalog.pg_class WHERE relname = 'pet_daycares' AND relnamespace = (SELECT oid FROM pg_catalog.pg_namespace WHERE nspname = CURRENT_SCHEMA()))

2025/02/13 14:38:29 /home/bryan/repos/skripsi/backend/setup/setup.go:78
[1.651ms] [rows:0] SELECT description FROM pg_catalog.pg_description WHERE objsubid = (SELECT ordinal_position FROM information_schema.columns WHERE table_schema = CURRENT_SCHEMA() AND table_name = 'pet_daycares' AND column_name = 'booked_num') AND objoid = (SELECT oid FROM pg_catalog.pg_class WHERE relname = 'pet_daycares' AND relnamespace = (SELECT oid FROM pg_catalog.pg_namespace WHERE nspname = CURRENT_SCHEMA()))

2025/02/13 14:38:29 /home/bryan/repos/skripsi/backend/setup/setup.go:78
[1.672ms] [rows:0] SELECT description FROM pg_catalog.pg_description WHERE objsubid = (SELECT ordinal_position FROM information_schema.columns WHERE table_schema = CURRENT_SCHEMA() AND table_name = 'pet_daycares' AND column_name = 'daily_walks_id') AND objoid = (SELECT oid FROM pg_catalog.pg_class WHERE relname = 'pet_daycares' AND relnamespace = (SELECT oid FROM pg_catalog.pg_namespace WHERE nspname = CURRENT_SCHEMA()))

2025/02/13 14:38:29 /home/bryan/repos/skripsi/backend/setup/setup.go:78
[1.620ms] [rows:0] SELECT description FROM pg_catalog.pg_description WHERE objsubid = (SELECT ordinal_position FROM information_schema.columns WHERE table_schema = CURRENT_SCHEMA() AND table_name = 'pet_daycares' AND column_name = 'daily_playtime_id') AND objoid = (SELECT oid FROM pg_catalog.pg_class WHERE relname = 'pet_daycares' AND relnamespace = (SELECT oid FROM pg_catalog.pg_namespace WHERE nspname = CURRENT_SCHEMA()))

2025/02/13 14:38:29 /home/bryan/repos/skripsi/backend/setup/setup.go:78
[1.577ms] [rows:0] SELECT description FROM pg_catalog.pg_description WHERE objsubid = (SELECT ordinal_position FROM information_schema.columns WHERE table_schema = CURRENT_SCHEMA() AND table_name = 'pet_daycares' AND column_name = 'owner_id') AND objoid = (SELECT oid FROM pg_catalog.pg_class WHERE relname = 'pet_daycares' AND relnamespace = (SELECT oid FROM pg_catalog.pg_namespace WHERE nspname = CURRENT_SCHEMA()))

2025/02/13 14:38:29 /home/bryan/repos/skripsi/backend/setup/setup.go:78
[1.766ms] [rows:0] SELECT description FROM pg_catalog.pg_description WHERE objsubid = (SELECT ordinal_position FROM information_schema.columns WHERE table_schema = CURRENT_SCHEMA() AND table_name = 'pet_daycares' AND column_name = 'food_brand') AND objoid = (SELECT oid FROM pg_catalog.pg_class WHERE relname = 'pet_daycares' AND relnamespace = (SELECT oid FROM pg_catalog.pg_namespace WHERE nspname = CURRENT_SCHEMA()))

2025/02/13 14:38:29 /home/bryan/repos/skripsi/backend/setup/setup.go:78
[4.300ms] [rows:1] SELECT count(*) FROM INFORMATION_SCHEMA.table_constraints WHERE table_schema = CURRENT_SCHEMA() AND table_name = 'pet_daycares' AND constraint_name = 'fk_pet_daycares_daily_playtime'

2025/02/13 14:38:29 /home/bryan/repos/skripsi/backend/setup/setup.go:78
[4.260ms] [rows:1] SELECT count(*) FROM INFORMATION_SCHEMA.table_constraints WHERE table_schema = CURRENT_SCHEMA() AND table_name = 'pet_daycares' AND constraint_name = 'fk_users_pet_daycare'

2025/02/13 14:38:29 /home/bryan/repos/skripsi/backend/setup/setup.go:78
[4.076ms] [rows:1] SELECT count(*) FROM INFORMATION_SCHEMA.table_constraints WHERE table_schema = CURRENT_SCHEMA() AND table_name = 'pet_daycares' AND constraint_name = 'fk_pet_daycares_daily_walks'

2025/02/13 14:38:29 /home/bryan/repos/skripsi/backend/setup/setup.go:78
[2.890ms] [rows:1] SELECT count(*) FROM pg_indexes WHERE tablename = 'pet_daycares' AND indexname = 'idx_pet_daycares_deleted_at' AND schemaname = CURRENT_SCHEMA()

2025/02/13 14:38:29 /home/bryan/repos/skripsi/backend/setup/setup.go:78
[1.149ms] [rows:1] SELECT count(*) FROM information_schema.tables WHERE table_schema = CURRENT_SCHEMA() AND table_name = 'size_categories' AND table_type = 'BASE TABLE'

2025/02/13 14:38:29 /home/bryan/repos/skripsi/backend/setup/setup.go:78
[0.838ms] [rows:1] SELECT CURRENT_DATABASE()

2025/02/13 14:38:29 /home/bryan/repos/skripsi/backend/setup/setup.go:78
[3.376ms] [rows:-] SELECT c.column_name, c.is_nullable = 'YES', c.udt_name, c.character_maximum_length, c.numeric_precision, c.numeric_precision_radix, c.numeric_scale, c.datetime_precision, 8 * typlen, c.column_default, pd.description, c.identity_increment FROM information_schema.columns AS c JOIN pg_type AS pgt ON c.udt_name = pgt.typname LEFT JOIN pg_catalog.pg_description as pd ON pd.objsubid = c.ordinal_position AND pd.objoid = (SELECT oid FROM pg_catalog.pg_class WHERE relname = c.table_name AND relnamespace = (SELECT oid FROM pg_catalog.pg_namespace WHERE nspname = c.table_schema)) where table_catalog = $1$ AND table_schema = CURRENT_SCHEMA() AND table_name = $2$

2025/02/13 14:38:29 /home/bryan/repos/skripsi/backend/setup/setup.go:78
[1.082ms] [rows:-] SELECT * FROM "size_categories" LIMIT $1$

2025/02/13 14:38:29 /home/bryan/repos/skripsi/backend/setup/setup.go:78
[2.741ms] [rows:-] SELECT constraint_name FROM information_schema.table_constraints tc JOIN information_schema.constraint_column_usage AS ccu USING (constraint_schema, constraint_catalog, table_name, constraint_name) JOIN information_schema.columns AS c ON c.table_schema = tc.constraint_schema AND tc.table_name = c.table_name AND ccu.column_name = c.column_name WHERE constraint_type IN ('PRIMARY KEY', 'UNIQUE') AND c.table_catalog = $1$ AND c.table_schema = CURRENT_SCHEMA() AND c.table_name = $2$ AND constraint_type = $3$

2025/02/13 14:38:29 /home/bryan/repos/skripsi/backend/setup/setup.go:78
[3.228ms] [rows:-] SELECT c.column_name, constraint_name, constraint_type FROM information_schema.table_constraints tc JOIN information_schema.constraint_column_usage AS ccu USING (constraint_schema, constraint_catalog, table_name, constraint_name) JOIN information_schema.columns AS c ON c.table_schema = tc.constraint_schema AND tc.table_name = c.table_name AND ccu.column_name = c.column_name WHERE constraint_type IN ('PRIMARY KEY', 'UNIQUE') AND c.table_catalog = $1$ AND c.table_schema = CURRENT_SCHEMA() AND c.table_name = $2$

2025/02/13 14:38:30 /home/bryan/repos/skripsi/backend/setup/setup.go:78
[1.032ms] [rows:-] SELECT a.attname as column_name, format_type(a.atttypid, a.atttypmod) AS data_type
		FROM pg_attribute a JOIN pg_class b ON a.attrelid = b.oid AND relnamespace = (SELECT oid FROM pg_catalog.pg_namespace WHERE nspname = CURRENT_SCHEMA())
		WHERE a.attnum > 0 -- hide internal columns
		AND NOT a.attisdropped -- hide deleted columns
		AND b.relname = $1$

2025/02/13 14:38:30 /home/bryan/repos/skripsi/backend/setup/setup.go:78
[1.874ms] [rows:0] SELECT description FROM pg_catalog.pg_description WHERE objsubid = (SELECT ordinal_position FROM information_schema.columns WHERE table_schema = CURRENT_SCHEMA() AND table_name = 'size_categories' AND column_name = 'id') AND objoid = (SELECT oid FROM pg_catalog.pg_class WHERE relname = 'size_categories' AND relnamespace = (SELECT oid FROM pg_catalog.pg_namespace WHERE nspname = CURRENT_SCHEMA()))

2025/02/13 14:38:30 /home/bryan/repos/skripsi/backend/setup/setup.go:78
[1.530ms] [rows:0] SELECT description FROM pg_catalog.pg_description WHERE objsubid = (SELECT ordinal_position FROM information_schema.columns WHERE table_schema = CURRENT_SCHEMA() AND table_name = 'size_categories' AND column_name = 'name') AND objoid = (SELECT oid FROM pg_catalog.pg_class WHERE relname = 'size_categories' AND relnamespace = (SELECT oid FROM pg_catalog.pg_namespace WHERE nspname = CURRENT_SCHEMA()))

2025/02/13 14:38:30 /home/bryan/repos/skripsi/backend/setup/setup.go:78
[1.411ms] [rows:0] SELECT description FROM pg_catalog.pg_description WHERE objsubid = (SELECT ordinal_position FROM information_schema.columns WHERE table_schema = CURRENT_SCHEMA() AND table_name = 'size_categories' AND column_name = 'min_weight') AND objoid = (SELECT oid FROM pg_catalog.pg_class WHERE relname = 'size_categories' AND relnamespace = (SELECT oid FROM pg_catalog.pg_namespace WHERE nspname = CURRENT_SCHEMA()))

2025/02/13 14:38:30 /home/bryan/repos/skripsi/backend/setup/setup.go:78
[1.386ms] [rows:0] SELECT description FROM pg_catalog.pg_description WHERE objsubid = (SELECT ordinal_position FROM information_schema.columns WHERE table_schema = CURRENT_SCHEMA() AND table_name = 'size_categories' AND column_name = 'max_weight') AND objoid = (SELECT oid FROM pg_catalog.pg_class WHERE relname = 'size_categories' AND relnamespace = (SELECT oid FROM pg_catalog.pg_namespace WHERE nspname = CURRENT_SCHEMA()))

2025/02/13 14:38:30 /home/bryan/repos/skripsi/backend/setup/setup.go:78
[0.977ms] [rows:1] SELECT count(*) FROM information_schema.tables WHERE table_schema = CURRENT_SCHEMA() AND table_name = 'species' AND table_type = 'BASE TABLE'

2025/02/13 14:38:30 /home/bryan/repos/skripsi/backend/setup/setup.go:78
[0.731ms] [rows:1] SELECT CURRENT_DATABASE()

2025/02/13 14:38:30 /home/bryan/repos/skripsi/backend/setup/setup.go:78
[2.783ms] [rows:-] SELECT c.column_name, c.is_nullable = 'YES', c.udt_name, c.character_maximum_length, c.numeric_precision, c.numeric_precision_radix, c.numeric_scale, c.datetime_precision, 8 * typlen, c.column_default, pd.description, c.identity_increment FROM information_schema.columns AS c JOIN pg_type AS pgt ON c.udt_name = pgt.typname LEFT JOIN pg_catalog.pg_description as pd ON pd.objsubid = c.ordinal_position AND pd.objoid = (SELECT oid FROM pg_catalog.pg_class WHERE relname = c.table_name AND relnamespace = (SELECT oid FROM pg_catalog.pg_namespace WHERE nspname = c.table_schema)) where table_catalog = $1$ AND table_schema = CURRENT_SCHEMA() AND table_name = $2$

2025/02/13 14:38:30 /home/bryan/repos/skripsi/backend/setup/setup.go:78
[0.902ms] [rows:-] SELECT * FROM "species" LIMIT $1$

2025/02/13 14:38:30 /home/bryan/repos/skripsi/backend/setup/setup.go:78
[2.469ms] [rows:-] SELECT constraint_name FROM information_schema.table_constraints tc JOIN information_schema.constraint_column_usage AS ccu USING (constraint_schema, constraint_catalog, table_name, constraint_name) JOIN information_schema.columns AS c ON c.table_schema = tc.constraint_schema AND tc.table_name = c.table_name AND ccu.column_name = c.column_name WHERE constraint_type IN ('PRIMARY KEY', 'UNIQUE') AND c.table_catalog = $1$ AND c.table_schema = CURRENT_SCHEMA() AND c.table_name = $2$ AND constraint_type = $3$

2025/02/13 14:38:30 /home/bryan/repos/skripsi/backend/setup/setup.go:78
[2.389ms] [rows:-] SELECT c.column_name, constraint_name, constraint_type FROM information_schema.table_constraints tc JOIN information_schema.constraint_column_usage AS ccu USING (constraint_schema, constraint_catalog, table_name, constraint_name) JOIN information_schema.columns AS c ON c.table_schema = tc.constraint_schema AND tc.table_name = c.table_name AND ccu.column_name = c.column_name WHERE constraint_type IN ('PRIMARY KEY', 'UNIQUE') AND c.table_catalog = $1$ AND c.table_schema = CURRENT_SCHEMA() AND c.table_name = $2$

2025/02/13 14:38:30 /home/bryan/repos/skripsi/backend/setup/setup.go:78
[1.105ms] [rows:-] SELECT a.attname as column_name, format_type(a.atttypid, a.atttypmod) AS data_type
		FROM pg_attribute a JOIN pg_class b ON a.attrelid = b.oid AND relnamespace = (SELECT oid FROM pg_catalog.pg_namespace WHERE nspname = CURRENT_SCHEMA())
		WHERE a.attnum > 0 -- hide internal columns
		AND NOT a.attisdropped -- hide deleted columns
		AND b.relname = $1$

2025/02/13 14:38:30 /home/bryan/repos/skripsi/backend/setup/setup.go:78
[1.626ms] [rows:0] SELECT description FROM pg_catalog.pg_description WHERE objsubid = (SELECT ordinal_position FROM information_schema.columns WHERE table_schema = CURRENT_SCHEMA() AND table_name = 'species' AND column_name = 'id') AND objoid = (SELECT oid FROM pg_catalog.pg_class WHERE relname = 'species' AND relnamespace = (SELECT oid FROM pg_catalog.pg_namespace WHERE nspname = CURRENT_SCHEMA()))

2025/02/13 14:38:30 /home/bryan/repos/skripsi/backend/setup/setup.go:78
[1.597ms] [rows:0] SELECT description FROM pg_catalog.pg_description WHERE objsubid = (SELECT ordinal_position FROM information_schema.columns WHERE table_schema = CURRENT_SCHEMA() AND table_name = 'species' AND column_name = 'name') AND objoid = (SELECT oid FROM pg_catalog.pg_class WHERE relname = 'species' AND relnamespace = (SELECT oid FROM pg_catalog.pg_namespace WHERE nspname = CURRENT_SCHEMA()))

2025/02/13 14:38:30 /home/bryan/repos/skripsi/backend/setup/setup.go:78
[1.104ms] [rows:1] SELECT count(*) FROM information_schema.tables WHERE table_schema = CURRENT_SCHEMA() AND table_name = 'pets' AND table_type = 'BASE TABLE'

2025/02/13 14:38:30 /home/bryan/repos/skripsi/backend/setup/setup.go:78
[0.924ms] [rows:1] SELECT CURRENT_DATABASE()

2025/02/13 14:38:30 /home/bryan/repos/skripsi/backend/setup/setup.go:78
[3.869ms] [rows:-] SELECT c.column_name, c.is_nullable = 'YES', c.udt_name, c.character_maximum_length, c.numeric_precision, c.numeric_precision_radix, c.numeric_scale, c.datetime_precision, 8 * typlen, c.column_default, pd.description, c.identity_increment FROM information_schema.columns AS c JOIN pg_type AS pgt ON c.udt_name = pgt.typname LEFT JOIN pg_catalog.pg_description as pd ON pd.objsubid = c.ordinal_position AND pd.objoid = (SELECT oid FROM pg_catalog.pg_class WHERE relname = c.table_name AND relnamespace = (SELECT oid FROM pg_catalog.pg_namespace WHERE nspname = c.table_schema)) where table_catalog = $1$ AND table_schema = CURRENT_SCHEMA() AND table_name = $2$

2025/02/13 14:38:30 /home/bryan/repos/skripsi/backend/setup/setup.go:78
[1.096ms] [rows:-] SELECT * FROM "pets" LIMIT $1$

2025/02/13 14:38:30 /home/bryan/repos/skripsi/backend/setup/setup.go:78
[3.504ms] [rows:-] SELECT constraint_name FROM information_schema.table_constraints tc JOIN information_schema.constraint_column_usage AS ccu USING (constraint_schema, constraint_catalog, table_name, constraint_name) JOIN information_schema.columns AS c ON c.table_schema = tc.constraint_schema AND tc.table_name = c.table_name AND ccu.column_name = c.column_name WHERE constraint_type IN ('PRIMARY KEY', 'UNIQUE') AND c.table_catalog = $1$ AND c.table_schema = CURRENT_SCHEMA() AND c.table_name = $2$ AND constraint_type = $3$

2025/02/13 14:38:30 /home/bryan/repos/skripsi/backend/setup/setup.go:78
[3.421ms] [rows:-] SELECT c.column_name, constraint_name, constraint_type FROM information_schema.table_constraints tc JOIN information_schema.constraint_column_usage AS ccu USING (constraint_schema, constraint_catalog, table_name, constraint_name) JOIN information_schema.columns AS c ON c.table_schema = tc.constraint_schema AND tc.table_name = c.table_name AND ccu.column_name = c.column_name WHERE constraint_type IN ('PRIMARY KEY', 'UNIQUE') AND c.table_catalog = $1$ AND c.table_schema = CURRENT_SCHEMA() AND c.table_name = $2$

2025/02/13 14:38:30 /home/bryan/repos/skripsi/backend/setup/setup.go:78
[1.036ms] [rows:-] SELECT a.attname as column_name, format_type(a.atttypid, a.atttypmod) AS data_type
		FROM pg_attribute a JOIN pg_class b ON a.attrelid = b.oid AND relnamespace = (SELECT oid FROM pg_catalog.pg_namespace WHERE nspname = CURRENT_SCHEMA())
		WHERE a.attnum > 0 -- hide internal columns
		AND NOT a.attisdropped -- hide deleted columns
		AND b.relname = $1$

2025/02/13 14:38:30 /home/bryan/repos/skripsi/backend/setup/setup.go:78
[1.627ms] [rows:0] SELECT description FROM pg_catalog.pg_description WHERE objsubid = (SELECT ordinal_position FROM information_schema.columns WHERE table_schema = CURRENT_SCHEMA() AND table_name = 'pets' AND column_name = 'id') AND objoid = (SELECT oid FROM pg_catalog.pg_class WHERE relname = 'pets' AND relnamespace = (SELECT oid FROM pg_catalog.pg_namespace WHERE nspname = CURRENT_SCHEMA()))

2025/02/13 14:38:30 /home/bryan/repos/skripsi/backend/setup/setup.go:78
[1.624ms] [rows:0] SELECT description FROM pg_catalog.pg_description WHERE objsubid = (SELECT ordinal_position FROM information_schema.columns WHERE table_schema = CURRENT_SCHEMA() AND table_name = 'pets' AND column_name = 'created_at') AND objoid = (SELECT oid FROM pg_catalog.pg_class WHERE relname = 'pets' AND relnamespace = (SELECT oid FROM pg_catalog.pg_namespace WHERE nspname = CURRENT_SCHEMA()))

2025/02/13 14:38:30 /home/bryan/repos/skripsi/backend/setup/setup.go:78
[1.647ms] [rows:0] SELECT description FROM pg_catalog.pg_description WHERE objsubid = (SELECT ordinal_position FROM information_schema.columns WHERE table_schema = CURRENT_SCHEMA() AND table_name = 'pets' AND column_name = 'updated_at') AND objoid = (SELECT oid FROM pg_catalog.pg_class WHERE relname = 'pets' AND relnamespace = (SELECT oid FROM pg_catalog.pg_namespace WHERE nspname = CURRENT_SCHEMA()))

2025/02/13 14:38:30 /home/bryan/repos/skripsi/backend/setup/setup.go:78
[1.520ms] [rows:0] SELECT description FROM pg_catalog.pg_description WHERE objsubid = (SELECT ordinal_position FROM information_schema.columns WHERE table_schema = CURRENT_SCHEMA() AND table_name = 'pets' AND column_name = 'deleted_at') AND objoid = (SELECT oid FROM pg_catalog.pg_class WHERE relname = 'pets' AND relnamespace = (SELECT oid FROM pg_catalog.pg_namespace WHERE nspname = CURRENT_SCHEMA()))

2025/02/13 14:38:30 /home/bryan/repos/skripsi/backend/setup/setup.go:78
[1.644ms] [rows:0] SELECT description FROM pg_catalog.pg_description WHERE objsubid = (SELECT ordinal_position FROM information_schema.columns WHERE table_schema = CURRENT_SCHEMA() AND table_name = 'pets' AND column_name = 'name') AND objoid = (SELECT oid FROM pg_catalog.pg_class WHERE relname = 'pets' AND relnamespace = (SELECT oid FROM pg_catalog.pg_namespace WHERE nspname = CURRENT_SCHEMA()))

2025/02/13 14:38:30 /home/bryan/repos/skripsi/backend/setup/setup.go:78
[1.549ms] [rows:0] SELECT description FROM pg_catalog.pg_description WHERE objsubid = (SELECT ordinal_position FROM information_schema.columns WHERE table_schema = CURRENT_SCHEMA() AND table_name = 'pets' AND column_name = 'image_url') AND objoid = (SELECT oid FROM pg_catalog.pg_class WHERE relname = 'pets' AND relnamespace = (SELECT oid FROM pg_catalog.pg_namespace WHERE nspname = CURRENT_SCHEMA()))

2025/02/13 14:38:30 /home/bryan/repos/skripsi/backend/setup/setup.go:78
[1.536ms] [rows:0] SELECT description FROM pg_catalog.pg_description WHERE objsubid = (SELECT ordinal_position FROM information_schema.columns WHERE table_schema = CURRENT_SCHEMA() AND table_name = 'pets' AND column_name = 'status') AND objoid = (SELECT oid FROM pg_catalog.pg_class WHERE relname = 'pets' AND relnamespace = (SELECT oid FROM pg_catalog.pg_namespace WHERE nspname = CURRENT_SCHEMA()))

2025/02/13 14:38:30 /home/bryan/repos/skripsi/backend/setup/setup.go:78
[1.535ms] [rows:0] SELECT description FROM pg_catalog.pg_description WHERE objsubid = (SELECT ordinal_position FROM information_schema.columns WHERE table_schema = CURRENT_SCHEMA() AND table_name = 'pets' AND column_name = 'owner_id') AND objoid = (SELECT oid FROM pg_catalog.pg_class WHERE relname = 'pets' AND relnamespace = (SELECT oid FROM pg_catalog.pg_namespace WHERE nspname = CURRENT_SCHEMA()))

2025/02/13 14:38:30 /home/bryan/repos/skripsi/backend/setup/setup.go:78
[1.422ms] [rows:0] SELECT description FROM pg_catalog.pg_description WHERE objsubid = (SELECT ordinal_position FROM information_schema.columns WHERE table_schema = CURRENT_SCHEMA() AND table_name = 'pets' AND column_name = 'species_id') AND objoid = (SELECT oid FROM pg_catalog.pg_class WHERE relname = 'pets' AND relnamespace = (SELECT oid FROM pg_catalog.pg_namespace WHERE nspname = CURRENT_SCHEMA()))

2025/02/13 14:38:30 /home/bryan/repos/skripsi/backend/setup/setup.go:78
[1.595ms] [rows:0] SELECT description FROM pg_catalog.pg_description WHERE objsubid = (SELECT ordinal_position FROM information_schema.columns WHERE table_schema = CURRENT_SCHEMA() AND table_name = 'pets' AND column_name = 'size_id') AND objoid = (SELECT oid FROM pg_catalog.pg_class WHERE relname = 'pets' AND relnamespace = (SELECT oid FROM pg_catalog.pg_namespace WHERE nspname = CURRENT_SCHEMA()))

2025/02/13 14:38:30 /home/bryan/repos/skripsi/backend/setup/setup.go:78
[1.220ms] [rows:1] SELECT count(*) FROM INFORMATION_SCHEMA.table_constraints WHERE table_schema = CURRENT_SCHEMA() AND table_name = 'pets' AND constraint_name = 'fk_pets_size_category'

2025/02/13 14:38:30 /home/bryan/repos/skripsi/backend/setup/setup.go:78
[1.294ms] [rows:1] SELECT count(*) FROM INFORMATION_SCHEMA.table_constraints WHERE table_schema = CURRENT_SCHEMA() AND table_name = 'pets' AND constraint_name = 'fk_users_pets'

2025/02/13 14:38:30 /home/bryan/repos/skripsi/backend/setup/setup.go:78
[1.264ms] [rows:1] SELECT count(*) FROM INFORMATION_SCHEMA.table_constraints WHERE table_schema = CURRENT_SCHEMA() AND table_name = 'pets' AND constraint_name = 'fk_pets_species'

2025/02/13 14:38:30 /home/bryan/repos/skripsi/backend/setup/setup.go:78
[2.796ms] [rows:1] SELECT count(*) FROM pg_indexes WHERE tablename = 'pets' AND indexname = 'idx_pets_deleted_at' AND schemaname = CURRENT_SCHEMA()

2025/02/13 14:38:30 /home/bryan/repos/skripsi/backend/setup/setup.go:78
[1.102ms] [rows:1] SELECT count(*) FROM information_schema.tables WHERE table_schema = CURRENT_SCHEMA() AND table_name = 'slots' AND table_type = 'BASE TABLE'

2025/02/13 14:38:30 /home/bryan/repos/skripsi/backend/setup/setup.go:78
[0.787ms] [rows:1] SELECT CURRENT_DATABASE()

2025/02/13 14:38:30 /home/bryan/repos/skripsi/backend/setup/setup.go:78
[3.412ms] [rows:-] SELECT c.column_name, c.is_nullable = 'YES', c.udt_name, c.character_maximum_length, c.numeric_precision, c.numeric_precision_radix, c.numeric_scale, c.datetime_precision, 8 * typlen, c.column_default, pd.description, c.identity_increment FROM information_schema.columns AS c JOIN pg_type AS pgt ON c.udt_name = pgt.typname LEFT JOIN pg_catalog.pg_description as pd ON pd.objsubid = c.ordinal_position AND pd.objoid = (SELECT oid FROM pg_catalog.pg_class WHERE relname = c.table_name AND relnamespace = (SELECT oid FROM pg_catalog.pg_namespace WHERE nspname = c.table_schema)) where table_catalog = $1$ AND table_schema = CURRENT_SCHEMA() AND table_name = $2$

2025/02/13 14:38:30 /home/bryan/repos/skripsi/backend/setup/setup.go:78
[1.120ms] [rows:-] SELECT * FROM "slots" LIMIT $1$

2025/02/13 14:38:30 /home/bryan/repos/skripsi/backend/setup/setup.go:78
[3.033ms] [rows:-] SELECT constraint_name FROM information_schema.table_constraints tc JOIN information_schema.constraint_column_usage AS ccu USING (constraint_schema, constraint_catalog, table_name, constraint_name) JOIN information_schema.columns AS c ON c.table_schema = tc.constraint_schema AND tc.table_name = c.table_name AND ccu.column_name = c.column_name WHERE constraint_type IN ('PRIMARY KEY', 'UNIQUE') AND c.table_catalog = $1$ AND c.table_schema = CURRENT_SCHEMA() AND c.table_name = $2$ AND constraint_type = $3$

2025/02/13 14:38:30 /home/bryan/repos/skripsi/backend/setup/setup.go:78
[3.435ms] [rows:-] SELECT c.column_name, constraint_name, constraint_type FROM information_schema.table_constraints tc JOIN information_schema.constraint_column_usage AS ccu USING (constraint_schema, constraint_catalog, table_name, constraint_name) JOIN information_schema.columns AS c ON c.table_schema = tc.constraint_schema AND tc.table_name = c.table_name AND ccu.column_name = c.column_name WHERE constraint_type IN ('PRIMARY KEY', 'UNIQUE') AND c.table_catalog = $1$ AND c.table_schema = CURRENT_SCHEMA() AND c.table_name = $2$

2025/02/13 14:38:30 /home/bryan/repos/skripsi/backend/setup/setup.go:78
[1.334ms] [rows:-] SELECT a.attname as column_name, format_type(a.atttypid, a.atttypmod) AS data_type
		FROM pg_attribute a JOIN pg_class b ON a.attrelid = b.oid AND relnamespace = (SELECT oid FROM pg_catalog.pg_namespace WHERE nspname = CURRENT_SCHEMA())
		WHERE a.attnum > 0 -- hide internal columns
		AND NOT a.attisdropped -- hide deleted columns
		AND b.relname = $1$

2025/02/13 14:38:30 /home/bryan/repos/skripsi/backend/setup/setup.go:78
[1.903ms] [rows:0] SELECT description FROM pg_catalog.pg_description WHERE objsubid = (SELECT ordinal_position FROM information_schema.columns WHERE table_schema = CURRENT_SCHEMA() AND table_name = 'slots' AND column_name = 'id') AND objoid = (SELECT oid FROM pg_catalog.pg_class WHERE relname = 'slots' AND relnamespace = (SELECT oid FROM pg_catalog.pg_namespace WHERE nspname = CURRENT_SCHEMA()))

2025/02/13 14:38:30 /home/bryan/repos/skripsi/backend/setup/setup.go:78
[5.547ms] [rows:0] SELECT description FROM pg_catalog.pg_description WHERE objsubid = (SELECT ordinal_position FROM information_schema.columns WHERE table_schema = CURRENT_SCHEMA() AND table_name = 'slots' AND column_name = 'created_at') AND objoid = (SELECT oid FROM pg_catalog.pg_class WHERE relname = 'slots' AND relnamespace = (SELECT oid FROM pg_catalog.pg_namespace WHERE nspname = CURRENT_SCHEMA()))

2025/02/13 14:38:30 /home/bryan/repos/skripsi/backend/setup/setup.go:78
[2.502ms] [rows:0] SELECT description FROM pg_catalog.pg_description WHERE objsubid = (SELECT ordinal_position FROM information_schema.columns WHERE table_schema = CURRENT_SCHEMA() AND table_name = 'slots' AND column_name = 'updated_at') AND objoid = (SELECT oid FROM pg_catalog.pg_class WHERE relname = 'slots' AND relnamespace = (SELECT oid FROM pg_catalog.pg_namespace WHERE nspname = CURRENT_SCHEMA()))

2025/02/13 14:38:30 /home/bryan/repos/skripsi/backend/setup/setup.go:78
[1.904ms] [rows:0] SELECT description FROM pg_catalog.pg_description WHERE objsubid = (SELECT ordinal_position FROM information_schema.columns WHERE table_schema = CURRENT_SCHEMA() AND table_name = 'slots' AND column_name = 'deleted_at') AND objoid = (SELECT oid FROM pg_catalog.pg_class WHERE relname = 'slots' AND relnamespace = (SELECT oid FROM pg_catalog.pg_namespace WHERE nspname = CURRENT_SCHEMA()))

2025/02/13 14:38:30 /home/bryan/repos/skripsi/backend/setup/setup.go:78
[2.220ms] [rows:0] SELECT description FROM pg_catalog.pg_description WHERE objsubid = (SELECT ordinal_position FROM information_schema.columns WHERE table_schema = CURRENT_SCHEMA() AND table_name = 'slots' AND column_name = 'daycare_id') AND objoid = (SELECT oid FROM pg_catalog.pg_class WHERE relname = 'slots' AND relnamespace = (SELECT oid FROM pg_catalog.pg_namespace WHERE nspname = CURRENT_SCHEMA()))

2025/02/13 14:38:30 /home/bryan/repos/skripsi/backend/setup/setup.go:78
[3.042ms] [rows:0] SELECT description FROM pg_catalog.pg_description WHERE objsubid = (SELECT ordinal_position FROM information_schema.columns WHERE table_schema = CURRENT_SCHEMA() AND table_name = 'slots' AND column_name = 'species_id') AND objoid = (SELECT oid FROM pg_catalog.pg_class WHERE relname = 'slots' AND relnamespace = (SELECT oid FROM pg_catalog.pg_namespace WHERE nspname = CURRENT_SCHEMA()))

2025/02/13 14:38:30 /home/bryan/repos/skripsi/backend/setup/setup.go:78
[4.787ms] [rows:0] SELECT description FROM pg_catalog.pg_description WHERE objsubid = (SELECT ordinal_position FROM information_schema.columns WHERE table_schema = CURRENT_SCHEMA() AND table_name = 'slots' AND column_name = 'size_category_id') AND objoid = (SELECT oid FROM pg_catalog.pg_class WHERE relname = 'slots' AND relnamespace = (SELECT oid FROM pg_catalog.pg_namespace WHERE nspname = CURRENT_SCHEMA()))

2025/02/13 14:38:30 /home/bryan/repos/skripsi/backend/setup/setup.go:78
[3.530ms] [rows:0] SELECT description FROM pg_catalog.pg_description WHERE objsubid = (SELECT ordinal_position FROM information_schema.columns WHERE table_schema = CURRENT_SCHEMA() AND table_name = 'slots' AND column_name = 'max_number') AND objoid = (SELECT oid FROM pg_catalog.pg_class WHERE relname = 'slots' AND relnamespace = (SELECT oid FROM pg_catalog.pg_namespace WHERE nspname = CURRENT_SCHEMA()))

2025/02/13 14:38:30 /home/bryan/repos/skripsi/backend/setup/setup.go:78
[2.584ms] [rows:1] SELECT count(*) FROM INFORMATION_SCHEMA.table_constraints WHERE table_schema = CURRENT_SCHEMA() AND table_name = 'slots' AND constraint_name = 'fk_pet_daycares_slots'

2025/02/13 14:38:30 /home/bryan/repos/skripsi/backend/setup/setup.go:78
[4.526ms] [rows:1] SELECT count(*) FROM pg_indexes WHERE tablename = 'slots' AND indexname = 'idx_slots_deleted_at' AND schemaname = CURRENT_SCHEMA()

2025/02/13 14:38:30 /home/bryan/repos/skripsi/backend/setup/setup.go:78
[1.692ms] [rows:1] SELECT count(*) FROM information_schema.tables WHERE table_schema = CURRENT_SCHEMA() AND table_name = 'booked_slots' AND table_type = 'BASE TABLE'

2025/02/13 14:38:30 /home/bryan/repos/skripsi/backend/setup/setup.go:78
[1.093ms] [rows:1] SELECT CURRENT_DATABASE()

2025/02/13 14:38:30 /home/bryan/repos/skripsi/backend/setup/setup.go:78
[4.475ms] [rows:-] SELECT c.column_name, c.is_nullable = 'YES', c.udt_name, c.character_maximum_length, c.numeric_precision, c.numeric_precision_radix, c.numeric_scale, c.datetime_precision, 8 * typlen, c.column_default, pd.description, c.identity_increment FROM information_schema.columns AS c JOIN pg_type AS pgt ON c.udt_name = pgt.typname LEFT JOIN pg_catalog.pg_description as pd ON pd.objsubid = c.ordinal_position AND pd.objoid = (SELECT oid FROM pg_catalog.pg_class WHERE relname = c.table_name AND relnamespace = (SELECT oid FROM pg_catalog.pg_namespace WHERE nspname = c.table_schema)) where table_catalog = $1$ AND table_schema = CURRENT_SCHEMA() AND table_name = $2$

2025/02/13 14:38:30 /home/bryan/repos/skripsi/backend/setup/setup.go:78
[1.426ms] [rows:-] SELECT * FROM "booked_slots" LIMIT $1$

2025/02/13 14:38:30 /home/bryan/repos/skripsi/backend/setup/setup.go:78
[4.078ms] [rows:-] SELECT constraint_name FROM information_schema.table_constraints tc JOIN information_schema.constraint_column_usage AS ccu USING (constraint_schema, constraint_catalog, table_name, constraint_name) JOIN information_schema.columns AS c ON c.table_schema = tc.constraint_schema AND tc.table_name = c.table_name AND ccu.column_name = c.column_name WHERE constraint_type IN ('PRIMARY KEY', 'UNIQUE') AND c.table_catalog = $1$ AND c.table_schema = CURRENT_SCHEMA() AND c.table_name = $2$ AND constraint_type = $3$

2025/02/13 14:38:30 /home/bryan/repos/skripsi/backend/setup/setup.go:78
[3.962ms] [rows:-] SELECT c.column_name, constraint_name, constraint_type FROM information_schema.table_constraints tc JOIN information_schema.constraint_column_usage AS ccu USING (constraint_schema, constraint_catalog, table_name, constraint_name) JOIN information_schema.columns AS c ON c.table_schema = tc.constraint_schema AND tc.table_name = c.table_name AND ccu.column_name = c.column_name WHERE constraint_type IN ('PRIMARY KEY', 'UNIQUE') AND c.table_catalog = $1$ AND c.table_schema = CURRENT_SCHEMA() AND c.table_name = $2$

2025/02/13 14:38:30 /home/bryan/repos/skripsi/backend/setup/setup.go:78
[1.156ms] [rows:-] SELECT a.attname as column_name, format_type(a.atttypid, a.atttypmod) AS data_type
		FROM pg_attribute a JOIN pg_class b ON a.attrelid = b.oid AND relnamespace = (SELECT oid FROM pg_catalog.pg_namespace WHERE nspname = CURRENT_SCHEMA())
		WHERE a.attnum > 0 -- hide internal columns
		AND NOT a.attisdropped -- hide deleted columns
		AND b.relname = $1$

2025/02/13 14:38:30 /home/bryan/repos/skripsi/backend/setup/setup.go:78
[1.914ms] [rows:0] SELECT description FROM pg_catalog.pg_description WHERE objsubid = (SELECT ordinal_position FROM information_schema.columns WHERE table_schema = CURRENT_SCHEMA() AND table_name = 'booked_slots' AND column_name = 'id') AND objoid = (SELECT oid FROM pg_catalog.pg_class WHERE relname = 'booked_slots' AND relnamespace = (SELECT oid FROM pg_catalog.pg_namespace WHERE nspname = CURRENT_SCHEMA()))

2025/02/13 14:38:30 /home/bryan/repos/skripsi/backend/setup/setup.go:78
[1.883ms] [rows:0] SELECT description FROM pg_catalog.pg_description WHERE objsubid = (SELECT ordinal_position FROM information_schema.columns WHERE table_schema = CURRENT_SCHEMA() AND table_name = 'booked_slots' AND column_name = 'created_at') AND objoid = (SELECT oid FROM pg_catalog.pg_class WHERE relname = 'booked_slots' AND relnamespace = (SELECT oid FROM pg_catalog.pg_namespace WHERE nspname = CURRENT_SCHEMA()))

2025/02/13 14:38:30 /home/bryan/repos/skripsi/backend/setup/setup.go:78
[1.759ms] [rows:0] SELECT description FROM pg_catalog.pg_description WHERE objsubid = (SELECT ordinal_position FROM information_schema.columns WHERE table_schema = CURRENT_SCHEMA() AND table_name = 'booked_slots' AND column_name = 'updated_at') AND objoid = (SELECT oid FROM pg_catalog.pg_class WHERE relname = 'booked_slots' AND relnamespace = (SELECT oid FROM pg_catalog.pg_namespace WHERE nspname = CURRENT_SCHEMA()))

2025/02/13 14:38:30 /home/bryan/repos/skripsi/backend/setup/setup.go:78
[1.928ms] [rows:0] SELECT description FROM pg_catalog.pg_description WHERE objsubid = (SELECT ordinal_position FROM information_schema.columns WHERE table_schema = CURRENT_SCHEMA() AND table_name = 'booked_slots' AND column_name = 'deleted_at') AND objoid = (SELECT oid FROM pg_catalog.pg_class WHERE relname = 'booked_slots' AND relnamespace = (SELECT oid FROM pg_catalog.pg_namespace WHERE nspname = CURRENT_SCHEMA()))

2025/02/13 14:38:30 /home/bryan/repos/skripsi/backend/setup/setup.go:78
[1.831ms] [rows:0] SELECT description FROM pg_catalog.pg_description WHERE objsubid = (SELECT ordinal_position FROM information_schema.columns WHERE table_schema = CURRENT_SCHEMA() AND table_name = 'booked_slots' AND column_name = 'user_id') AND objoid = (SELECT oid FROM pg_catalog.pg_class WHERE relname = 'booked_slots' AND relnamespace = (SELECT oid FROM pg_catalog.pg_namespace WHERE nspname = CURRENT_SCHEMA()))

2025/02/13 14:38:30 /home/bryan/repos/skripsi/backend/setup/setup.go:78
[1.751ms] [rows:0] SELECT description FROM pg_catalog.pg_description WHERE objsubid = (SELECT ordinal_position FROM information_schema.columns WHERE table_schema = CURRENT_SCHEMA() AND table_name = 'booked_slots' AND column_name = 'daycare_id') AND objoid = (SELECT oid FROM pg_catalog.pg_class WHERE relname = 'booked_slots' AND relnamespace = (SELECT oid FROM pg_catalog.pg_namespace WHERE nspname = CURRENT_SCHEMA()))

2025/02/13 14:38:30 /home/bryan/repos/skripsi/backend/setup/setup.go:78
[1.863ms] [rows:0] SELECT description FROM pg_catalog.pg_description WHERE objsubid = (SELECT ordinal_position FROM information_schema.columns WHERE table_schema = CURRENT_SCHEMA() AND table_name = 'booked_slots' AND column_name = 'pet_id') AND objoid = (SELECT oid FROM pg_catalog.pg_class WHERE relname = 'booked_slots' AND relnamespace = (SELECT oid FROM pg_catalog.pg_namespace WHERE nspname = CURRENT_SCHEMA()))

2025/02/13 14:38:30 /home/bryan/repos/skripsi/backend/setup/setup.go:78
[1.832ms] [rows:0] SELECT description FROM pg_catalog.pg_description WHERE objsubid = (SELECT ordinal_position FROM information_schema.columns WHERE table_schema = CURRENT_SCHEMA() AND table_name = 'booked_slots' AND column_name = 'start_date') AND objoid = (SELECT oid FROM pg_catalog.pg_class WHERE relname = 'booked_slots' AND relnamespace = (SELECT oid FROM pg_catalog.pg_namespace WHERE nspname = CURRENT_SCHEMA()))

2025/02/13 14:38:30 /home/bryan/repos/skripsi/backend/setup/setup.go:78
[1.817ms] [rows:0] SELECT description FROM pg_catalog.pg_description WHERE objsubid = (SELECT ordinal_position FROM information_schema.columns WHERE table_schema = CURRENT_SCHEMA() AND table_name = 'booked_slots' AND column_name = 'end_date') AND objoid = (SELECT oid FROM pg_catalog.pg_class WHERE relname = 'booked_slots' AND relnamespace = (SELECT oid FROM pg_catalog.pg_namespace WHERE nspname = CURRENT_SCHEMA()))

2025/02/13 14:38:30 /home/bryan/repos/skripsi/backend/setup/setup.go:78
[1.520ms] [rows:1] SELECT count(*) FROM INFORMATION_SCHEMA.table_constraints WHERE table_schema = CURRENT_SCHEMA() AND table_name = 'booked_slots' AND constraint_name = 'fk_pet_daycares_booked_slots'

2025/02/13 14:38:30 /home/bryan/repos/skripsi/backend/setup/setup.go:78
[1.559ms] [rows:1] SELECT count(*) FROM INFORMATION_SCHEMA.table_constraints WHERE table_schema = CURRENT_SCHEMA() AND table_name = 'booked_slots' AND constraint_name = 'fk_booked_slots_user'

2025/02/13 14:38:30 /home/bryan/repos/skripsi/backend/setup/setup.go:78
[1.550ms] [rows:1] SELECT count(*) FROM INFORMATION_SCHEMA.table_constraints WHERE table_schema = CURRENT_SCHEMA() AND table_name = 'booked_slots' AND constraint_name = 'fk_pets_booked_slots'

2025/02/13 14:38:30 /home/bryan/repos/skripsi/backend/setup/setup.go:78
[3.455ms] [rows:1] SELECT count(*) FROM pg_indexes WHERE tablename = 'booked_slots' AND indexname = 'idx_booked_slots_deleted_at' AND schemaname = CURRENT_SCHEMA()

2025/02/13 14:38:30 /home/bryan/repos/skripsi/backend/setup/setup.go:78
[1.379ms] [rows:1] SELECT count(*) FROM information_schema.tables WHERE table_schema = CURRENT_SCHEMA() AND table_name = 'thumbnails' AND table_type = 'BASE TABLE'

2025/02/13 14:38:30 /home/bryan/repos/skripsi/backend/setup/setup.go:78
[1.002ms] [rows:1] SELECT CURRENT_DATABASE()

2025/02/13 14:38:30 /home/bryan/repos/skripsi/backend/setup/setup.go:78
[3.636ms] [rows:-] SELECT c.column_name, c.is_nullable = 'YES', c.udt_name, c.character_maximum_length, c.numeric_precision, c.numeric_precision_radix, c.numeric_scale, c.datetime_precision, 8 * typlen, c.column_default, pd.description, c.identity_increment FROM information_schema.columns AS c JOIN pg_type AS pgt ON c.udt_name = pgt.typname LEFT JOIN pg_catalog.pg_description as pd ON pd.objsubid = c.ordinal_position AND pd.objoid = (SELECT oid FROM pg_catalog.pg_class WHERE relname = c.table_name AND relnamespace = (SELECT oid FROM pg_catalog.pg_namespace WHERE nspname = c.table_schema)) where table_catalog = $1$ AND table_schema = CURRENT_SCHEMA() AND table_name = $2$

2025/02/13 14:38:30 /home/bryan/repos/skripsi/backend/setup/setup.go:78
[1.291ms] [rows:-] SELECT * FROM "thumbnails" LIMIT $1$

2025/02/13 14:38:30 /home/bryan/repos/skripsi/backend/setup/setup.go:78
[3.029ms] [rows:-] SELECT constraint_name FROM information_schema.table_constraints tc JOIN information_schema.constraint_column_usage AS ccu USING (constraint_schema, constraint_catalog, table_name, constraint_name) JOIN information_schema.columns AS c ON c.table_schema = tc.constraint_schema AND tc.table_name = c.table_name AND ccu.column_name = c.column_name WHERE constraint_type IN ('PRIMARY KEY', 'UNIQUE') AND c.table_catalog = $1$ AND c.table_schema = CURRENT_SCHEMA() AND c.table_name = $2$ AND constraint_type = $3$

2025/02/13 14:38:30 /home/bryan/repos/skripsi/backend/setup/setup.go:78
[2.886ms] [rows:-] SELECT c.column_name, constraint_name, constraint_type FROM information_schema.table_constraints tc JOIN information_schema.constraint_column_usage AS ccu USING (constraint_schema, constraint_catalog, table_name, constraint_name) JOIN information_schema.columns AS c ON c.table_schema = tc.constraint_schema AND tc.table_name = c.table_name AND ccu.column_name = c.column_name WHERE constraint_type IN ('PRIMARY KEY', 'UNIQUE') AND c.table_catalog = $1$ AND c.table_schema = CURRENT_SCHEMA() AND c.table_name = $2$

2025/02/13 14:38:30 /home/bryan/repos/skripsi/backend/setup/setup.go:78
[1.335ms] [rows:-] SELECT a.attname as column_name, format_type(a.atttypid, a.atttypmod) AS data_type
		FROM pg_attribute a JOIN pg_class b ON a.attrelid = b.oid AND relnamespace = (SELECT oid FROM pg_catalog.pg_namespace WHERE nspname = CURRENT_SCHEMA())
		WHERE a.attnum > 0 -- hide internal columns
		AND NOT a.attisdropped -- hide deleted columns
		AND b.relname = $1$

2025/02/13 14:38:30 /home/bryan/repos/skripsi/backend/setup/setup.go:78
[2.258ms] [rows:0] SELECT description FROM pg_catalog.pg_description WHERE objsubid = (SELECT ordinal_position FROM information_schema.columns WHERE table_schema = CURRENT_SCHEMA() AND table_name = 'thumbnails' AND column_name = 'id') AND objoid = (SELECT oid FROM pg_catalog.pg_class WHERE relname = 'thumbnails' AND relnamespace = (SELECT oid FROM pg_catalog.pg_namespace WHERE nspname = CURRENT_SCHEMA()))

2025/02/13 14:38:30 /home/bryan/repos/skripsi/backend/setup/setup.go:78
[2.506ms] [rows:0] SELECT description FROM pg_catalog.pg_description WHERE objsubid = (SELECT ordinal_position FROM information_schema.columns WHERE table_schema = CURRENT_SCHEMA() AND table_name = 'thumbnails' AND column_name = 'daycare_id') AND objoid = (SELECT oid FROM pg_catalog.pg_class WHERE relname = 'thumbnails' AND relnamespace = (SELECT oid FROM pg_catalog.pg_namespace WHERE nspname = CURRENT_SCHEMA()))

2025/02/13 14:38:30 /home/bryan/repos/skripsi/backend/setup/setup.go:78
[2.334ms] [rows:0] SELECT description FROM pg_catalog.pg_description WHERE objsubid = (SELECT ordinal_position FROM information_schema.columns WHERE table_schema = CURRENT_SCHEMA() AND table_name = 'thumbnails' AND column_name = 'image_url') AND objoid = (SELECT oid FROM pg_catalog.pg_class WHERE relname = 'thumbnails' AND relnamespace = (SELECT oid FROM pg_catalog.pg_namespace WHERE nspname = CURRENT_SCHEMA()))

2025/02/13 14:38:30 /home/bryan/repos/skripsi/backend/setup/setup.go:78
[1.975ms] [rows:1] SELECT count(*) FROM INFORMATION_SCHEMA.table_constraints WHERE table_schema = CURRENT_SCHEMA() AND table_name = 'thumbnails' AND constraint_name = 'fk_pet_daycares_thumbnails'

2025/02/13 14:38:30 /home/bryan/repos/skripsi/backend/setup/setup.go:78
[1.685ms] [rows:1] SELECT count(*) FROM information_schema.tables WHERE table_schema = CURRENT_SCHEMA() AND table_name = 'reviews' AND table_type = 'BASE TABLE'

2025/02/13 14:38:30 /home/bryan/repos/skripsi/backend/setup/setup.go:78
[1.193ms] [rows:1] SELECT CURRENT_DATABASE()

2025/02/13 14:38:30 /home/bryan/repos/skripsi/backend/setup/setup.go:78
[5.456ms] [rows:-] SELECT c.column_name, c.is_nullable = 'YES', c.udt_name, c.character_maximum_length, c.numeric_precision, c.numeric_precision_radix, c.numeric_scale, c.datetime_precision, 8 * typlen, c.column_default, pd.description, c.identity_increment FROM information_schema.columns AS c JOIN pg_type AS pgt ON c.udt_name = pgt.typname LEFT JOIN pg_catalog.pg_description as pd ON pd.objsubid = c.ordinal_position AND pd.objoid = (SELECT oid FROM pg_catalog.pg_class WHERE relname = c.table_name AND relnamespace = (SELECT oid FROM pg_catalog.pg_namespace WHERE nspname = c.table_schema)) where table_catalog = $1$ AND table_schema = CURRENT_SCHEMA() AND table_name = $2$

2025/02/13 14:38:30 /home/bryan/repos/skripsi/backend/setup/setup.go:78
[1.785ms] [rows:-] SELECT * FROM "reviews" LIMIT $1$

2025/02/13 14:38:30 /home/bryan/repos/skripsi/backend/setup/setup.go:78
[6.244ms] [rows:-] SELECT constraint_name FROM information_schema.table_constraints tc JOIN information_schema.constraint_column_usage AS ccu USING (constraint_schema, constraint_catalog, table_name, constraint_name) JOIN information_schema.columns AS c ON c.table_schema = tc.constraint_schema AND tc.table_name = c.table_name AND ccu.column_name = c.column_name WHERE constraint_type IN ('PRIMARY KEY', 'UNIQUE') AND c.table_catalog = $1$ AND c.table_schema = CURRENT_SCHEMA() AND c.table_name = $2$ AND constraint_type = $3$

2025/02/13 14:38:30 /home/bryan/repos/skripsi/backend/setup/setup.go:78
[6.311ms] [rows:-] SELECT c.column_name, constraint_name, constraint_type FROM information_schema.table_constraints tc JOIN information_schema.constraint_column_usage AS ccu USING (constraint_schema, constraint_catalog, table_name, constraint_name) JOIN information_schema.columns AS c ON c.table_schema = tc.constraint_schema AND tc.table_name = c.table_name AND ccu.column_name = c.column_name WHERE constraint_type IN ('PRIMARY KEY', 'UNIQUE') AND c.table_catalog = $1$ AND c.table_schema = CURRENT_SCHEMA() AND c.table_name = $2$

2025/02/13 14:38:30 /home/bryan/repos/skripsi/backend/setup/setup.go:78
[2.157ms] [rows:-] SELECT a.attname as column_name, format_type(a.atttypid, a.atttypmod) AS data_type
		FROM pg_attribute a JOIN pg_class b ON a.attrelid = b.oid AND relnamespace = (SELECT oid FROM pg_catalog.pg_namespace WHERE nspname = CURRENT_SCHEMA())
		WHERE a.attnum > 0 -- hide internal columns
		AND NOT a.attisdropped -- hide deleted columns
		AND b.relname = $1$

2025/02/13 14:38:30 /home/bryan/repos/skripsi/backend/setup/setup.go:78
[3.068ms] [rows:0] SELECT description FROM pg_catalog.pg_description WHERE objsubid = (SELECT ordinal_position FROM information_schema.columns WHERE table_schema = CURRENT_SCHEMA() AND table_name = 'reviews' AND column_name = 'id') AND objoid = (SELECT oid FROM pg_catalog.pg_class WHERE relname = 'reviews' AND relnamespace = (SELECT oid FROM pg_catalog.pg_namespace WHERE nspname = CURRENT_SCHEMA()))

2025/02/13 14:38:30 /home/bryan/repos/skripsi/backend/setup/setup.go:78
[3.250ms] [rows:0] SELECT description FROM pg_catalog.pg_description WHERE objsubid = (SELECT ordinal_position FROM information_schema.columns WHERE table_schema = CURRENT_SCHEMA() AND table_name = 'reviews' AND column_name = 'created_at') AND objoid = (SELECT oid FROM pg_catalog.pg_class WHERE relname = 'reviews' AND relnamespace = (SELECT oid FROM pg_catalog.pg_namespace WHERE nspname = CURRENT_SCHEMA()))

2025/02/13 14:38:30 /home/bryan/repos/skripsi/backend/setup/setup.go:78
[3.665ms] [rows:0] SELECT description FROM pg_catalog.pg_description WHERE objsubid = (SELECT ordinal_position FROM information_schema.columns WHERE table_schema = CURRENT_SCHEMA() AND table_name = 'reviews' AND column_name = 'updated_at') AND objoid = (SELECT oid FROM pg_catalog.pg_class WHERE relname = 'reviews' AND relnamespace = (SELECT oid FROM pg_catalog.pg_namespace WHERE nspname = CURRENT_SCHEMA()))

2025/02/13 14:38:30 /home/bryan/repos/skripsi/backend/setup/setup.go:78
[3.497ms] [rows:0] SELECT description FROM pg_catalog.pg_description WHERE objsubid = (SELECT ordinal_position FROM information_schema.columns WHERE table_schema = CURRENT_SCHEMA() AND table_name = 'reviews' AND column_name = 'deleted_at') AND objoid = (SELECT oid FROM pg_catalog.pg_class WHERE relname = 'reviews' AND relnamespace = (SELECT oid FROM pg_catalog.pg_namespace WHERE nspname = CURRENT_SCHEMA()))

2025/02/13 14:38:30 /home/bryan/repos/skripsi/backend/setup/setup.go:78
[3.252ms] [rows:0] SELECT description FROM pg_catalog.pg_description WHERE objsubid = (SELECT ordinal_position FROM information_schema.columns WHERE table_schema = CURRENT_SCHEMA() AND table_name = 'reviews' AND column_name = 'daycare_id') AND objoid = (SELECT oid FROM pg_catalog.pg_class WHERE relname = 'reviews' AND relnamespace = (SELECT oid FROM pg_catalog.pg_namespace WHERE nspname = CURRENT_SCHEMA()))

2025/02/13 14:38:30 /home/bryan/repos/skripsi/backend/setup/setup.go:78
[3.204ms] [rows:0] SELECT description FROM pg_catalog.pg_description WHERE objsubid = (SELECT ordinal_position FROM information_schema.columns WHERE table_schema = CURRENT_SCHEMA() AND table_name = 'reviews' AND column_name = 'user_id') AND objoid = (SELECT oid FROM pg_catalog.pg_class WHERE relname = 'reviews' AND relnamespace = (SELECT oid FROM pg_catalog.pg_namespace WHERE nspname = CURRENT_SCHEMA()))

2025/02/13 14:38:30 /home/bryan/repos/skripsi/backend/setup/setup.go:78
[3.313ms] [rows:0] SELECT description FROM pg_catalog.pg_description WHERE objsubid = (SELECT ordinal_position FROM information_schema.columns WHERE table_schema = CURRENT_SCHEMA() AND table_name = 'reviews' AND column_name = 'name') AND objoid = (SELECT oid FROM pg_catalog.pg_class WHERE relname = 'reviews' AND relnamespace = (SELECT oid FROM pg_catalog.pg_namespace WHERE nspname = CURRENT_SCHEMA()))

2025/02/13 14:38:30 /home/bryan/repos/skripsi/backend/setup/setup.go:78
[3.428ms] [rows:0] SELECT description FROM pg_catalog.pg_description WHERE objsubid = (SELECT ordinal_position FROM information_schema.columns WHERE table_schema = CURRENT_SCHEMA() AND table_name = 'reviews' AND column_name = 'rate') AND objoid = (SELECT oid FROM pg_catalog.pg_class WHERE relname = 'reviews' AND relnamespace = (SELECT oid FROM pg_catalog.pg_namespace WHERE nspname = CURRENT_SCHEMA()))

2025/02/13 14:38:30 /home/bryan/repos/skripsi/backend/setup/setup.go:78
[3.075ms] [rows:0] SELECT description FROM pg_catalog.pg_description WHERE objsubid = (SELECT ordinal_position FROM information_schema.columns WHERE table_schema = CURRENT_SCHEMA() AND table_name = 'reviews' AND column_name = 'description') AND objoid = (SELECT oid FROM pg_catalog.pg_class WHERE relname = 'reviews' AND relnamespace = (SELECT oid FROM pg_catalog.pg_namespace WHERE nspname = CURRENT_SCHEMA()))

2025/02/13 14:38:30 /home/bryan/repos/skripsi/backend/setup/setup.go:78
[2.421ms] [rows:1] SELECT count(*) FROM INFORMATION_SCHEMA.table_constraints WHERE table_schema = CURRENT_SCHEMA() AND table_name = 'reviews' AND constraint_name = 'fk_users_reviews'

2025/02/13 14:38:30 /home/bryan/repos/skripsi/backend/setup/setup.go:78
[2.404ms] [rows:1] SELECT count(*) FROM INFORMATION_SCHEMA.table_constraints WHERE table_schema = CURRENT_SCHEMA() AND table_name = 'reviews' AND constraint_name = 'fk_pet_daycares_reviews'

2025/02/13 14:38:30 /home/bryan/repos/skripsi/backend/setup/setup.go:78
[5.310ms] [rows:1] SELECT count(*) FROM pg_indexes WHERE tablename = 'reviews' AND indexname = 'idx_reviews_deleted_at' AND schemaname = CURRENT_SCHEMA()

2025/02/13 14:38:30 /home/bryan/repos/skripsi/backend/setup/setup.go:78
[2.216ms] [rows:1] SELECT count(*) FROM information_schema.tables WHERE table_schema = CURRENT_SCHEMA() AND table_name = 'refresh_tokens' AND table_type = 'BASE TABLE'

2025/02/13 14:38:30 /home/bryan/repos/skripsi/backend/setup/setup.go:78
[1.827ms] [rows:1] SELECT CURRENT_DATABASE()

2025/02/13 14:38:30 /home/bryan/repos/skripsi/backend/setup/setup.go:78
[7.616ms] [rows:-] SELECT c.column_name, c.is_nullable = 'YES', c.udt_name, c.character_maximum_length, c.numeric_precision, c.numeric_precision_radix, c.numeric_scale, c.datetime_precision, 8 * typlen, c.column_default, pd.description, c.identity_increment FROM information_schema.columns AS c JOIN pg_type AS pgt ON c.udt_name = pgt.typname LEFT JOIN pg_catalog.pg_description as pd ON pd.objsubid = c.ordinal_position AND pd.objoid = (SELECT oid FROM pg_catalog.pg_class WHERE relname = c.table_name AND relnamespace = (SELECT oid FROM pg_catalog.pg_namespace WHERE nspname = c.table_schema)) where table_catalog = $1$ AND table_schema = CURRENT_SCHEMA() AND table_name = $2$

2025/02/13 14:38:30 /home/bryan/repos/skripsi/backend/setup/setup.go:78
[3.121ms] [rows:-] SELECT * FROM "refresh_tokens" LIMIT $1$

2025/02/13 14:38:30 /home/bryan/repos/skripsi/backend/setup/setup.go:78
[6.358ms] [rows:-] SELECT constraint_name FROM information_schema.table_constraints tc JOIN information_schema.constraint_column_usage AS ccu USING (constraint_schema, constraint_catalog, table_name, constraint_name) JOIN information_schema.columns AS c ON c.table_schema = tc.constraint_schema AND tc.table_name = c.table_name AND ccu.column_name = c.column_name WHERE constraint_type IN ('PRIMARY KEY', 'UNIQUE') AND c.table_catalog = $1$ AND c.table_schema = CURRENT_SCHEMA() AND c.table_name = $2$ AND constraint_type = $3$

2025/02/13 14:38:30 /home/bryan/repos/skripsi/backend/setup/setup.go:78
[6.128ms] [rows:-] SELECT c.column_name, constraint_name, constraint_type FROM information_schema.table_constraints tc JOIN information_schema.constraint_column_usage AS ccu USING (constraint_schema, constraint_catalog, table_name, constraint_name) JOIN information_schema.columns AS c ON c.table_schema = tc.constraint_schema AND tc.table_name = c.table_name AND ccu.column_name = c.column_name WHERE constraint_type IN ('PRIMARY KEY', 'UNIQUE') AND c.table_catalog = $1$ AND c.table_schema = CURRENT_SCHEMA() AND c.table_name = $2$

2025/02/13 14:38:30 /home/bryan/repos/skripsi/backend/setup/setup.go:78
[2.038ms] [rows:-] SELECT a.attname as column_name, format_type(a.atttypid, a.atttypmod) AS data_type
		FROM pg_attribute a JOIN pg_class b ON a.attrelid = b.oid AND relnamespace = (SELECT oid FROM pg_catalog.pg_namespace WHERE nspname = CURRENT_SCHEMA())
		WHERE a.attnum > 0 -- hide internal columns
		AND NOT a.attisdropped -- hide deleted columns
		AND b.relname = $1$

2025/02/13 14:38:30 /home/bryan/repos/skripsi/backend/setup/setup.go:78
[2.976ms] [rows:0] SELECT description FROM pg_catalog.pg_description WHERE objsubid = (SELECT ordinal_position FROM information_schema.columns WHERE table_schema = CURRENT_SCHEMA() AND table_name = 'refresh_tokens' AND column_name = 'id') AND objoid = (SELECT oid FROM pg_catalog.pg_class WHERE relname = 'refresh_tokens' AND relnamespace = (SELECT oid FROM pg_catalog.pg_namespace WHERE nspname = CURRENT_SCHEMA()))

2025/02/13 14:38:30 /home/bryan/repos/skripsi/backend/setup/setup.go:78
[2.987ms] [rows:0] SELECT description FROM pg_catalog.pg_description WHERE objsubid = (SELECT ordinal_position FROM information_schema.columns WHERE table_schema = CURRENT_SCHEMA() AND table_name = 'refresh_tokens' AND column_name = 'created_at') AND objoid = (SELECT oid FROM pg_catalog.pg_class WHERE relname = 'refresh_tokens' AND relnamespace = (SELECT oid FROM pg_catalog.pg_namespace WHERE nspname = CURRENT_SCHEMA()))

2025/02/13 14:38:30 /home/bryan/repos/skripsi/backend/setup/setup.go:78
[2.982ms] [rows:0] SELECT description FROM pg_catalog.pg_description WHERE objsubid = (SELECT ordinal_position FROM information_schema.columns WHERE table_schema = CURRENT_SCHEMA() AND table_name = 'refresh_tokens' AND column_name = 'updated_at') AND objoid = (SELECT oid FROM pg_catalog.pg_class WHERE relname = 'refresh_tokens' AND relnamespace = (SELECT oid FROM pg_catalog.pg_namespace WHERE nspname = CURRENT_SCHEMA()))

2025/02/13 14:38:30 /home/bryan/repos/skripsi/backend/setup/setup.go:78
[3.142ms] [rows:0] SELECT description FROM pg_catalog.pg_description WHERE objsubid = (SELECT ordinal_position FROM information_schema.columns WHERE table_schema = CURRENT_SCHEMA() AND table_name = 'refresh_tokens' AND column_name = 'deleted_at') AND objoid = (SELECT oid FROM pg_catalog.pg_class WHERE relname = 'refresh_tokens' AND relnamespace = (SELECT oid FROM pg_catalog.pg_namespace WHERE nspname = CURRENT_SCHEMA()))

2025/02/13 14:38:30 /home/bryan/repos/skripsi/backend/setup/setup.go:78
[2.885ms] [rows:0] SELECT description FROM pg_catalog.pg_description WHERE objsubid = (SELECT ordinal_position FROM information_schema.columns WHERE table_schema = CURRENT_SCHEMA() AND table_name = 'refresh_tokens' AND column_name = 'user_id') AND objoid = (SELECT oid FROM pg_catalog.pg_class WHERE relname = 'refresh_tokens' AND relnamespace = (SELECT oid FROM pg_catalog.pg_namespace WHERE nspname = CURRENT_SCHEMA()))

2025/02/13 14:38:30 /home/bryan/repos/skripsi/backend/setup/setup.go:78
[3.136ms] [rows:0] SELECT description FROM pg_catalog.pg_description WHERE objsubid = (SELECT ordinal_position FROM information_schema.columns WHERE table_schema = CURRENT_SCHEMA() AND table_name = 'refresh_tokens' AND column_name = 'token') AND objoid = (SELECT oid FROM pg_catalog.pg_class WHERE relname = 'refresh_tokens' AND relnamespace = (SELECT oid FROM pg_catalog.pg_namespace WHERE nspname = CURRENT_SCHEMA()))

2025/02/13 14:38:30 /home/bryan/repos/skripsi/backend/setup/setup.go:78
[3.263ms] [rows:0] SELECT description FROM pg_catalog.pg_description WHERE objsubid = (SELECT ordinal_position FROM information_schema.columns WHERE table_schema = CURRENT_SCHEMA() AND table_name = 'refresh_tokens' AND column_name = 'expires_at') AND objoid = (SELECT oid FROM pg_catalog.pg_class WHERE relname = 'refresh_tokens' AND relnamespace = (SELECT oid FROM pg_catalog.pg_namespace WHERE nspname = CURRENT_SCHEMA()))

2025/02/13 14:38:30 /home/bryan/repos/skripsi/backend/setup/setup.go:78
[2.223ms] [rows:1] SELECT count(*) FROM pg_indexes WHERE tablename = 'refresh_tokens' AND indexname = 'idx_refresh_tokens_deleted_at' AND schemaname = CURRENT_SCHEMA()

2025/02/13 14:38:30 /home/bryan/repos/skripsi/backend/setup/setup.go:78
[2.093ms] [rows:1] SELECT count(*) FROM pg_indexes WHERE tablename = 'refresh_tokens' AND indexname = 'idx_refresh_tokens_user_id' AND schemaname = CURRENT_SCHEMA()

2025/02/13 14:38:30 /home/bryan/repos/skripsi/backend/setup/setup.go:78
[2.047ms] [rows:1] SELECT count(*) FROM information_schema.tables WHERE table_schema = CURRENT_SCHEMA() AND table_name = 'transactions' AND table_type = 'BASE TABLE'

2025/02/13 14:38:30 /home/bryan/repos/skripsi/backend/setup/setup.go:78
[1.671ms] [rows:1] SELECT CURRENT_DATABASE()

2025/02/13 14:38:30 /home/bryan/repos/skripsi/backend/setup/setup.go:78
[6.639ms] [rows:-] SELECT c.column_name, c.is_nullable = 'YES', c.udt_name, c.character_maximum_length, c.numeric_precision, c.numeric_precision_radix, c.numeric_scale, c.datetime_precision, 8 * typlen, c.column_default, pd.description, c.identity_increment FROM information_schema.columns AS c JOIN pg_type AS pgt ON c.udt_name = pgt.typname LEFT JOIN pg_catalog.pg_description as pd ON pd.objsubid = c.ordinal_position AND pd.objoid = (SELECT oid FROM pg_catalog.pg_class WHERE relname = c.table_name AND relnamespace = (SELECT oid FROM pg_catalog.pg_namespace WHERE nspname = c.table_schema)) where table_catalog = $1$ AND table_schema = CURRENT_SCHEMA() AND table_name = $2$

2025/02/13 14:38:30 /home/bryan/repos/skripsi/backend/setup/setup.go:78
[2.168ms] [rows:-] SELECT * FROM "transactions" LIMIT $1$

2025/02/13 14:38:30 /home/bryan/repos/skripsi/backend/setup/setup.go:78
[5.330ms] [rows:-] SELECT constraint_name FROM information_schema.table_constraints tc JOIN information_schema.constraint_column_usage AS ccu USING (constraint_schema, constraint_catalog, table_name, constraint_name) JOIN information_schema.columns AS c ON c.table_schema = tc.constraint_schema AND tc.table_name = c.table_name AND ccu.column_name = c.column_name WHERE constraint_type IN ('PRIMARY KEY', 'UNIQUE') AND c.table_catalog = $1$ AND c.table_schema = CURRENT_SCHEMA() AND c.table_name = $2$ AND constraint_type = $3$

2025/02/13 14:38:30 /home/bryan/repos/skripsi/backend/setup/setup.go:78
[5.367ms] [rows:-] SELECT c.column_name, constraint_name, constraint_type FROM information_schema.table_constraints tc JOIN information_schema.constraint_column_usage AS ccu USING (constraint_schema, constraint_catalog, table_name, constraint_name) JOIN information_schema.columns AS c ON c.table_schema = tc.constraint_schema AND tc.table_name = c.table_name AND ccu.column_name = c.column_name WHERE constraint_type IN ('PRIMARY KEY', 'UNIQUE') AND c.table_catalog = $1$ AND c.table_schema = CURRENT_SCHEMA() AND c.table_name = $2$

2025/02/13 14:38:30 /home/bryan/repos/skripsi/backend/setup/setup.go:78
[2.048ms] [rows:-] SELECT a.attname as column_name, format_type(a.atttypid, a.atttypmod) AS data_type
		FROM pg_attribute a JOIN pg_class b ON a.attrelid = b.oid AND relnamespace = (SELECT oid FROM pg_catalog.pg_namespace WHERE nspname = CURRENT_SCHEMA())
		WHERE a.attnum > 0 -- hide internal columns
		AND NOT a.attisdropped -- hide deleted columns
		AND b.relname = $1$

2025/02/13 14:38:30 /home/bryan/repos/skripsi/backend/setup/setup.go:78
[2.933ms] [rows:0] SELECT description FROM pg_catalog.pg_description WHERE objsubid = (SELECT ordinal_position FROM information_schema.columns WHERE table_schema = CURRENT_SCHEMA() AND table_name = 'transactions' AND column_name = 'id') AND objoid = (SELECT oid FROM pg_catalog.pg_class WHERE relname = 'transactions' AND relnamespace = (SELECT oid FROM pg_catalog.pg_namespace WHERE nspname = CURRENT_SCHEMA()))

2025/02/13 14:38:30 /home/bryan/repos/skripsi/backend/setup/setup.go:78
[2.978ms] [rows:0] SELECT description FROM pg_catalog.pg_description WHERE objsubid = (SELECT ordinal_position FROM information_schema.columns WHERE table_schema = CURRENT_SCHEMA() AND table_name = 'transactions' AND column_name = 'created_at') AND objoid = (SELECT oid FROM pg_catalog.pg_class WHERE relname = 'transactions' AND relnamespace = (SELECT oid FROM pg_catalog.pg_namespace WHERE nspname = CURRENT_SCHEMA()))

2025/02/13 14:38:30 /home/bryan/repos/skripsi/backend/setup/setup.go:78
[2.857ms] [rows:0] SELECT description FROM pg_catalog.pg_description WHERE objsubid = (SELECT ordinal_position FROM information_schema.columns WHERE table_schema = CURRENT_SCHEMA() AND table_name = 'transactions' AND column_name = 'pet_daycare_id') AND objoid = (SELECT oid FROM pg_catalog.pg_class WHERE relname = 'transactions' AND relnamespace = (SELECT oid FROM pg_catalog.pg_namespace WHERE nspname = CURRENT_SCHEMA()))

2025/02/13 14:38:30 /home/bryan/repos/skripsi/backend/setup/setup.go:78
[2.833ms] [rows:0] SELECT description FROM pg_catalog.pg_description WHERE objsubid = (SELECT ordinal_position FROM information_schema.columns WHERE table_schema = CURRENT_SCHEMA() AND table_name = 'transactions' AND column_name = 'booked_slot_id') AND objoid = (SELECT oid FROM pg_catalog.pg_class WHERE relname = 'transactions' AND relnamespace = (SELECT oid FROM pg_catalog.pg_namespace WHERE nspname = CURRENT_SCHEMA()))

2025/02/13 14:38:30 /home/bryan/repos/skripsi/backend/setup/setup.go:78
[3.117ms] [rows:0] SELECT description FROM pg_catalog.pg_description WHERE objsubid = (SELECT ordinal_position FROM information_schema.columns WHERE table_schema = CURRENT_SCHEMA() AND table_name = 'transactions' AND column_name = 'status') AND objoid = (SELECT oid FROM pg_catalog.pg_class WHERE relname = 'transactions' AND relnamespace = (SELECT oid FROM pg_catalog.pg_namespace WHERE nspname = CURRENT_SCHEMA()))

2025/02/13 14:38:30 /home/bryan/repos/skripsi/backend/setup/setup.go:78
[2.533ms] [rows:1] SELECT count(*) FROM INFORMATION_SCHEMA.table_constraints WHERE table_schema = CURRENT_SCHEMA() AND table_name = 'transactions' AND constraint_name = 'fk_transactions_pet_daycare'

2025/02/13 14:38:30 /home/bryan/repos/skripsi/backend/setup/setup.go:78
[2.549ms] [rows:1] SELECT count(*) FROM INFORMATION_SCHEMA.table_constraints WHERE table_schema = CURRENT_SCHEMA() AND table_name = 'transactions' AND constraint_name = 'fk_transactions_booked_slot'

2025/02/13 14:38:30 /home/bryan/repos/skripsi/backend/setup/setup.go:78
[2.132ms] [rows:1] SELECT count(*) FROM information_schema.tables WHERE table_schema = CURRENT_SCHEMA() AND table_name = 'reduce_slots' AND table_type = 'BASE TABLE'

2025/02/13 14:38:30 /home/bryan/repos/skripsi/backend/setup/setup.go:78
[1.741ms] [rows:1] SELECT CURRENT_DATABASE()

2025/02/13 14:38:30 /home/bryan/repos/skripsi/backend/setup/setup.go:78
[6.256ms] [rows:-] SELECT c.column_name, c.is_nullable = 'YES', c.udt_name, c.character_maximum_length, c.numeric_precision, c.numeric_precision_radix, c.numeric_scale, c.datetime_precision, 8 * typlen, c.column_default, pd.description, c.identity_increment FROM information_schema.columns AS c JOIN pg_type AS pgt ON c.udt_name = pgt.typname LEFT JOIN pg_catalog.pg_description as pd ON pd.objsubid = c.ordinal_position AND pd.objoid = (SELECT oid FROM pg_catalog.pg_class WHERE relname = c.table_name AND relnamespace = (SELECT oid FROM pg_catalog.pg_namespace WHERE nspname = c.table_schema)) where table_catalog = $1$ AND table_schema = CURRENT_SCHEMA() AND table_name = $2$

2025/02/13 14:38:30 /home/bryan/repos/skripsi/backend/setup/setup.go:78
[2.037ms] [rows:-] SELECT * FROM "reduce_slots" LIMIT $1$

2025/02/13 14:38:30 /home/bryan/repos/skripsi/backend/setup/setup.go:78
[5.058ms] [rows:-] SELECT constraint_name FROM information_schema.table_constraints tc JOIN information_schema.constraint_column_usage AS ccu USING (constraint_schema, constraint_catalog, table_name, constraint_name) JOIN information_schema.columns AS c ON c.table_schema = tc.constraint_schema AND tc.table_name = c.table_name AND ccu.column_name = c.column_name WHERE constraint_type IN ('PRIMARY KEY', 'UNIQUE') AND c.table_catalog = $1$ AND c.table_schema = CURRENT_SCHEMA() AND c.table_name = $2$ AND constraint_type = $3$

2025/02/13 14:38:30 /home/bryan/repos/skripsi/backend/setup/setup.go:78
[5.215ms] [rows:-] SELECT c.column_name, constraint_name, constraint_type FROM information_schema.table_constraints tc JOIN information_schema.constraint_column_usage AS ccu USING (constraint_schema, constraint_catalog, table_name, constraint_name) JOIN information_schema.columns AS c ON c.table_schema = tc.constraint_schema AND tc.table_name = c.table_name AND ccu.column_name = c.column_name WHERE constraint_type IN ('PRIMARY KEY', 'UNIQUE') AND c.table_catalog = $1$ AND c.table_schema = CURRENT_SCHEMA() AND c.table_name = $2$

2025/02/13 14:38:30 /home/bryan/repos/skripsi/backend/setup/setup.go:78
[2.009ms] [rows:-] SELECT a.attname as column_name, format_type(a.atttypid, a.atttypmod) AS data_type
		FROM pg_attribute a JOIN pg_class b ON a.attrelid = b.oid AND relnamespace = (SELECT oid FROM pg_catalog.pg_namespace WHERE nspname = CURRENT_SCHEMA())
		WHERE a.attnum > 0 -- hide internal columns
		AND NOT a.attisdropped -- hide deleted columns
		AND b.relname = $1$

2025/02/13 14:38:30 /home/bryan/repos/skripsi/backend/setup/setup.go:78
[3.236ms] [rows:0] SELECT description FROM pg_catalog.pg_description WHERE objsubid = (SELECT ordinal_position FROM information_schema.columns WHERE table_schema = CURRENT_SCHEMA() AND table_name = 'reduce_slots' AND column_name = 'id') AND objoid = (SELECT oid FROM pg_catalog.pg_class WHERE relname = 'reduce_slots' AND relnamespace = (SELECT oid FROM pg_catalog.pg_namespace WHERE nspname = CURRENT_SCHEMA()))

2025/02/13 14:38:30 /home/bryan/repos/skripsi/backend/setup/setup.go:78
[3.063ms] [rows:0] SELECT description FROM pg_catalog.pg_description WHERE objsubid = (SELECT ordinal_position FROM information_schema.columns WHERE table_schema = CURRENT_SCHEMA() AND table_name = 'reduce_slots' AND column_name = 'slot_id') AND objoid = (SELECT oid FROM pg_catalog.pg_class WHERE relname = 'reduce_slots' AND relnamespace = (SELECT oid FROM pg_catalog.pg_namespace WHERE nspname = CURRENT_SCHEMA()))

2025/02/13 14:38:30 /home/bryan/repos/skripsi/backend/setup/setup.go:78
[3.061ms] [rows:0] SELECT description FROM pg_catalog.pg_description WHERE objsubid = (SELECT ordinal_position FROM information_schema.columns WHERE table_schema = CURRENT_SCHEMA() AND table_name = 'reduce_slots' AND column_name = 'reduced_count') AND objoid = (SELECT oid FROM pg_catalog.pg_class WHERE relname = 'reduce_slots' AND relnamespace = (SELECT oid FROM pg_catalog.pg_namespace WHERE nspname = CURRENT_SCHEMA()))

2025/02/13 14:38:30 /home/bryan/repos/skripsi/backend/setup/setup.go:78
[3.187ms] [rows:0] SELECT description FROM pg_catalog.pg_description WHERE objsubid = (SELECT ordinal_position FROM information_schema.columns WHERE table_schema = CURRENT_SCHEMA() AND table_name = 'reduce_slots' AND column_name = 'target_date') AND objoid = (SELECT oid FROM pg_catalog.pg_class WHERE relname = 'reduce_slots' AND relnamespace = (SELECT oid FROM pg_catalog.pg_namespace WHERE nspname = CURRENT_SCHEMA()))

2025/02/13 14:38:30 /home/bryan/repos/skripsi/backend/setup/setup.go:78
[2.380ms] [rows:1] SELECT count(*) FROM information_schema.tables WHERE table_schema = CURRENT_SCHEMA() AND table_name = 'booked_slots_dailies' AND table_type = 'BASE TABLE'

2025/02/13 14:38:30 /home/bryan/repos/skripsi/backend/setup/setup.go:78
[1.756ms] [rows:1] SELECT CURRENT_DATABASE()

2025/02/13 14:38:30 /home/bryan/repos/skripsi/backend/setup/setup.go:78
[6.858ms] [rows:-] SELECT c.column_name, c.is_nullable = 'YES', c.udt_name, c.character_maximum_length, c.numeric_precision, c.numeric_precision_radix, c.numeric_scale, c.datetime_precision, 8 * typlen, c.column_default, pd.description, c.identity_increment FROM information_schema.columns AS c JOIN pg_type AS pgt ON c.udt_name = pgt.typname LEFT JOIN pg_catalog.pg_description as pd ON pd.objsubid = c.ordinal_position AND pd.objoid = (SELECT oid FROM pg_catalog.pg_class WHERE relname = c.table_name AND relnamespace = (SELECT oid FROM pg_catalog.pg_namespace WHERE nspname = c.table_schema)) where table_catalog = $1$ AND table_schema = CURRENT_SCHEMA() AND table_name = $2$

2025/02/13 14:38:30 /home/bryan/repos/skripsi/backend/setup/setup.go:78
[5.056ms] [rows:-] SELECT * FROM "booked_slots_dailies" LIMIT $1$

2025/02/13 14:38:30 /home/bryan/repos/skripsi/backend/setup/setup.go:78
[5.426ms] [rows:-] SELECT constraint_name FROM information_schema.table_constraints tc JOIN information_schema.constraint_column_usage AS ccu USING (constraint_schema, constraint_catalog, table_name, constraint_name) JOIN information_schema.columns AS c ON c.table_schema = tc.constraint_schema AND tc.table_name = c.table_name AND ccu.column_name = c.column_name WHERE constraint_type IN ('PRIMARY KEY', 'UNIQUE') AND c.table_catalog = $1$ AND c.table_schema = CURRENT_SCHEMA() AND c.table_name = $2$ AND constraint_type = $3$

2025/02/13 14:38:30 /home/bryan/repos/skripsi/backend/setup/setup.go:78
[5.824ms] [rows:-] SELECT c.column_name, constraint_name, constraint_type FROM information_schema.table_constraints tc JOIN information_schema.constraint_column_usage AS ccu USING (constraint_schema, constraint_catalog, table_name, constraint_name) JOIN information_schema.columns AS c ON c.table_schema = tc.constraint_schema AND tc.table_name = c.table_name AND ccu.column_name = c.column_name WHERE constraint_type IN ('PRIMARY KEY', 'UNIQUE') AND c.table_catalog = $1$ AND c.table_schema = CURRENT_SCHEMA() AND c.table_name = $2$

2025/02/13 14:38:30 /home/bryan/repos/skripsi/backend/setup/setup.go:78
[2.169ms] [rows:-] SELECT a.attname as column_name, format_type(a.atttypid, a.atttypmod) AS data_type
		FROM pg_attribute a JOIN pg_class b ON a.attrelid = b.oid AND relnamespace = (SELECT oid FROM pg_catalog.pg_namespace WHERE nspname = CURRENT_SCHEMA())
		WHERE a.attnum > 0 -- hide internal columns
		AND NOT a.attisdropped -- hide deleted columns
		AND b.relname = $1$

2025/02/13 14:38:30 /home/bryan/repos/skripsi/backend/setup/setup.go:78
[3.419ms] [rows:0] SELECT description FROM pg_catalog.pg_description WHERE objsubid = (SELECT ordinal_position FROM information_schema.columns WHERE table_schema = CURRENT_SCHEMA() AND table_name = 'booked_slots_dailies' AND column_name = 'id') AND objoid = (SELECT oid FROM pg_catalog.pg_class WHERE relname = 'booked_slots_dailies' AND relnamespace = (SELECT oid FROM pg_catalog.pg_namespace WHERE nspname = CURRENT_SCHEMA()))

2025/02/13 14:38:30 /home/bryan/repos/skripsi/backend/setup/setup.go:78
[3.203ms] [rows:0] SELECT description FROM pg_catalog.pg_description WHERE objsubid = (SELECT ordinal_position FROM information_schema.columns WHERE table_schema = CURRENT_SCHEMA() AND table_name = 'booked_slots_dailies' AND column_name = 'daycare_id') AND objoid = (SELECT oid FROM pg_catalog.pg_class WHERE relname = 'booked_slots_dailies' AND relnamespace = (SELECT oid FROM pg_catalog.pg_namespace WHERE nspname = CURRENT_SCHEMA()))

2025/02/13 14:38:30 /home/bryan/repos/skripsi/backend/setup/setup.go:78
[3.379ms] [rows:0] SELECT description FROM pg_catalog.pg_description WHERE objsubid = (SELECT ordinal_position FROM information_schema.columns WHERE table_schema = CURRENT_SCHEMA() AND table_name = 'booked_slots_dailies' AND column_name = 'date') AND objoid = (SELECT oid FROM pg_catalog.pg_class WHERE relname = 'booked_slots_dailies' AND relnamespace = (SELECT oid FROM pg_catalog.pg_namespace WHERE nspname = CURRENT_SCHEMA()))

2025/02/13 14:38:30 /home/bryan/repos/skripsi/backend/setup/setup.go:78
[3.302ms] [rows:0] SELECT description FROM pg_catalog.pg_description WHERE objsubid = (SELECT ordinal_position FROM information_schema.columns WHERE table_schema = CURRENT_SCHEMA() AND table_name = 'booked_slots_dailies' AND column_name = 'slot_count') AND objoid = (SELECT oid FROM pg_catalog.pg_class WHERE relname = 'booked_slots_dailies' AND relnamespace = (SELECT oid FROM pg_catalog.pg_namespace WHERE nspname = CURRENT_SCHEMA()))

2025/02/13 14:38:30 /home/bryan/repos/skripsi/backend/setup/setup.go:78
[2.520ms] [rows:1] SELECT count(*) FROM pg_indexes WHERE tablename = 'booked_slots_dailies' AND indexname = 'idx_booked_slots_dailies_date' AND schemaname = CURRENT_SCHEMA()
[GIN-debug] [WARNING] Creating an Engine instance with the Logger and Recovery middleware already attached.

[GIN-debug] [WARNING] Running in "debug" mode. Switch to "release" mode in production.
 - using env:	export GIN_MODE=release
 - using code:	gin.SetMode(gin.ReleaseMode)

[GIN-debug] GET    /assets/*filepath         --> github.com/gin-gonic/gin.(*RouterGroup).createStaticHandler.func1 (3 handlers)
[GIN-debug] HEAD   /assets/*filepath         --> github.com/gin-gonic/gin.(*RouterGroup).createStaticHandler.func1 (3 handlers)
[GIN-debug] POST   /users                    --> github.com/BryanEgbert/skripsi/controller.(*UserController).CreateUser-fm (3 handlers)
[GIN-debug] GET    /users/vets               --> github.com/BryanEgbert/skripsi/controller.(*UserController).GetVets-fm (4 handlers)
[GIN-debug] GET    /users/:id                --> github.com/BryanEgbert/skripsi/controller.(*UserController).GetUser-fm (4 handlers)
[GIN-debug] DELETE /users                    --> github.com/BryanEgbert/skripsi/controller.(*UserController).DeleteUser-fm (4 handlers)
[GIN-debug] PUT    /users                    --> github.com/BryanEgbert/skripsi/controller.(*UserController).UpdateUserProfile-fm (4 handlers)
[GIN-debug] PATCH  /users/password           --> github.com/BryanEgbert/skripsi/controller.(*UserController).UpdateUserPassword-fm (4 handlers)
[GIN-debug] POST   /login                    --> github.com/BryanEgbert/skripsi/controller.(*AuthController).Login-fm (3 handlers)
[GIN-debug] POST   /refresh                  --> github.com/BryanEgbert/skripsi/controller.(*AuthController).RefreshToken-fm (4 handlers)
[GIN-debug] GET    /pets/:id                 --> github.com/BryanEgbert/skripsi/controller.(*PetController).GetPet-fm (4 handlers)
[GIN-debug] GET    /pets                     --> github.com/BryanEgbert/skripsi/controller.(*PetController).GetPets-fm (4 handlers)
[GIN-debug] POST   /pets                     --> github.com/BryanEgbert/skripsi/controller.(*PetController).CreatePet-fm (4 handlers)
[GIN-debug] PUT    /pets/:id                 --> github.com/BryanEgbert/skripsi/controller.(*PetController).UpdatePet-fm (4 handlers)
[GIN-debug] DELETE /pets/:id                 --> github.com/BryanEgbert/skripsi/controller.(*PetController).DeletePet-fm (4 handlers)
[GIN-debug] PATCH  /daycare/slot/:slotId     --> github.com/BryanEgbert/skripsi/controller.(*PetDaycareController).EditSlotCount-fm (4 handlers)
[GIN-debug] GET    /daycare/:id/slot         --> github.com/BryanEgbert/skripsi/controller.(*PetDaycareController).GetPetDaycareSlots-fm (4 handlers)
[GIN-debug] POST   /daycare/:id/slot         --> github.com/BryanEgbert/skripsi/controller.(*PetDaycareController).CreateSlot-fm (4 handlers)
[GIN-debug] GET    /daycare/:id/review       --> github.com/BryanEgbert/skripsi/controller.(*PetDaycareController).GetReviews-fm (4 handlers)
[GIN-debug] POST   /daycare/:id/review       --> github.com/BryanEgbert/skripsi/controller.(*PetDaycareController).CreateReview-fm (4 handlers)
[GIN-debug] DELETE /daycare/:id/review       --> github.com/BryanEgbert/skripsi/controller.(*PetDaycareController).DeleteReview-fm (4 handlers)
[GIN-debug] GET    /daycare/:id              --> github.com/BryanEgbert/skripsi/controller.(*PetDaycareController).GetPetDaycare-fm (4 handlers)
[GIN-debug] GET    /daycare                  --> github.com/BryanEgbert/skripsi/controller.(*PetDaycareController).GetPetDaycares-fm (4 handlers)
[GIN-debug] POST   /daycare                  --> github.com/BryanEgbert/skripsi/controller.(*PetDaycareController).CreatePetDaycare-fm (4 handlers)
[GIN-debug] PUT    /daycare/:id              --> github.com/BryanEgbert/skripsi/controller.(*PetDaycareController).UpdatePetDaycare-fm (4 handlers)
[GIN-debug] DELETE /daycare/:id              --> github.com/BryanEgbert/skripsi/controller.(*PetDaycareController).DeletePetDaycare-fm (4 handlers)

2025/02/13 14:38:30 /home/bryan/repos/skripsi/backend/service/auth_service.go:32
[7.150ms] [rows:1] SELECT * FROM "users" WHERE email = $1$ AND "users"."deleted_at" IS NULL ORDER BY "users"."id" LIMIT $2$

2025/02/13 14:38:30 /home/bryan/repos/skripsi/backend/service/auth_service.go:57
[5.617ms] [rows:1] INSERT INTO "refresh_tokens" ("created_at","updated_at","deleted_at","user_id","token","expires_at") VALUES ($1$,$2$,$3$,$4$,$5$,$6$) RETURNING "id"
[GIN] 2025/02/13 - 14:38:30 | 200 |  200.612513ms |                 | POST     "/login"
    auth_test.go:82: 
        accessToken: eyJhbGciOiJIUzI1NiIsInR5cCI6IkpXVCJ9.eyJhdWQiOiIiLCJleHAiOjE3Mzk0MzU5MTAsImlhdCI6MTczOTQzMjMxMCwiaXNzIjoiIiwianRpIjoiNWY2ZGQ2YzMtNzYxOS00MzE4LTg3OTgtM2EwODNkMTVmMjliIiwibmJmIjoxNzM5NDMyMzEwLCJzdWIiOiIiLCJ1c2VySWQiOjF9.j-KEpBSfykCwwdcdzjoI-WDU_EbcAtn6us4HZ9ntl98
        refreshToken: b551f72f-5fa9-45de-9780-1bb960c51dbe
        exp: 1739435910
=== RUN   TestLogin/On_login,_should_return_error_when_user_password_is_not_correct

2025/02/13 14:38:31 /home/bryan/repos/skripsi/backend/setup/setup.go:60
[388.832ms] [rows:0] TRUNCATE TABLE users, vet_specialties, user_vet_specialties, pet_daycares, pets, size_categories, roles, slots, booked_slots, thumbnails, species, reviews, refresh_tokens, transactions, daily_walks, daily_playtimes, reduce_slots RESTART IDENTITY CASCADE;

2025/02/13 14:38:31 /home/bryan/repos/skripsi/backend/seeder/seeder.go:18
[22.099ms] [rows:3] INSERT INTO "roles" ("name","id") VALUES ($1$,$2$),($3$,$4$),($5$,$6$) RETURNING "id"

2025/02/13 14:38:31 /home/bryan/repos/skripsi/backend/seeder/seeder.go:29
[14.744ms] [rows:4] INSERT INTO "daily_walks" ("name","id") VALUES ($1$,$2$),($3$,$4$),($5$,$6$),($7$,$8$) RETURNING "id"

2025/02/13 14:38:31 /home/bryan/repos/skripsi/backend/seeder/seeder.go:39
[15.160ms] [rows:4] INSERT INTO "daily_playtimes" ("name","id") VALUES ($1$,$2$),($3$,$4$),($5$,$6$),($7$,$8$) RETURNING "id"

2025/02/13 14:38:31 /home/bryan/repos/skripsi/backend/seeder/seeder.go:61
[15.812ms] [rows:17] INSERT INTO "vet_specialties" ("name") VALUES ($1$),($2$),($3$),($4$),($5$),($6$),($7$),($8$),($9$),($10$),($11$),($12$),($13$),($14$),($15$),($16$),($17$) RETURNING "id"

2025/02/13 14:38:31 /home/bryan/repos/skripsi/backend/seeder/seeder.go:71
[14.650ms] [rows:3] INSERT INTO "species" ("name") VALUES ($1$),($2$),($3$) RETURNING "id"

2025/02/13 14:38:31 /home/bryan/repos/skripsi/backend/seeder/seeder.go:83
[13.502ms] [rows:5] INSERT INTO "size_categories" ("name","min_weight","max_weight") VALUES ($1$,$2$,$3$),($4$,$5$,$6$),($7$,$8$,$9$),($10$,$11$,$12$),($13$,$14$,$15$) RETURNING "id"

2025/02/13 14:38:31 /home/bryan/repos/skripsi/backend/seeder/seeder.go:106
[2.375ms] [rows:0] INSERT INTO "vet_specialties" ("name","id") VALUES ($1$,$2$),($3$,$4$),($5$,$6$) ON CONFLICT DO NOTHING RETURNING "id"

2025/02/13 14:38:31 /home/bryan/repos/skripsi/backend/seeder/seeder.go:106
[4.042ms] [rows:3] INSERT INTO "user_vet_specialties" ("user_id","vet_specialty_id") VALUES ($1$,$2$),($3$,$4$),($5$,$6$) ON CONFLICT DO NOTHING

2025/02/13 14:38:31 /home/bryan/repos/skripsi/backend/seeder/seeder.go:106
[16.014ms] [rows:6] INSERT INTO "users" ("created_at","updated_at","deleted_at","name","email","password","role_id","image_url") VALUES ($1$,$2$,$3$,$4$,$5$,$6$,$7$,$8$),($9$,$10$,$11$,$12$,$13$,$14$,$15$,$16$),($17$,$18$,$19$,$20$,$21$,$22$,$23$,$24$),($25$,$26$,$27$,$28$,$29$,$30$,$31$,$32$),($33$,$34$,$35$,$36$,$37$,$38$,$39$,DEFAULT),($40$,$41$,$42$,$43$,$44$,$45$,$46$,$47$) RETURNING "id","image_url"

2025/02/13 14:38:31 /home/bryan/repos/skripsi/backend/seeder/seeder.go:148
[1.752ms] [rows:0] INSERT INTO "daily_walks" ("name","id") VALUES ($1$,$2$) ON CONFLICT DO NOTHING RETURNING "id"

2025/02/13 14:38:31 /home/bryan/repos/skripsi/backend/seeder/seeder.go:148
[2.108ms] [rows:0] INSERT INTO "daily_playtimes" ("name","id") VALUES ($1$,$2$),($3$,$4$) ON CONFLICT DO NOTHING RETURNING "id"

2025/02/13 14:38:31 /home/bryan/repos/skripsi/backend/seeder/seeder.go:148
[12.911ms] [rows:3] INSERT INTO "pet_daycares" ("created_at","updated_at","deleted_at","name","address","latitude","longitude","price","pricing_type","description","has_pickup_service","must_be_vaccinated","food_provided","grooming_available","booked_num","daily_walks_id","daily_playtime_id","owner_id","food_brand") VALUES ($1$,$2$,$3$,$4$,$5$,$6$,$7$,$8$,$9$,$10$,$11$,$12$,$13$,$14$,$15$,$16$,$17$,$18$,$19$),($20$,$21$,$22$,$23$,$24$,$25$,$26$,$27$,$28$,$29$,$30$,$31$,$32$,$33$,$34$,$35$,$36$,$37$,$38$),($39$,$40$,$41$,$42$,$43$,$44$,$45$,$46$,$47$,$48$,$49$,$50$,$51$,$52$,$53$,$54$,$55$,$56$,$57$) RETURNING "id"

2025/02/13 14:38:31 /home/bryan/repos/skripsi/backend/seeder/seeder.go:158
[6.832ms] [rows:3] INSERT INTO "slots" ("created_at","updated_at","deleted_at","daycare_id","species_id","size_category_id","max_number") VALUES ($1$,$2$,$3$,$4$,$5$,$6$,$7$),($8$,$9$,$10$,$11$,$12$,$13$,$14$),($15$,$16$,$17$,$18$,$19$,$20$,$21$) RETURNING "id"

2025/02/13 14:38:31 /home/bryan/repos/skripsi/backend/seeder/seeder.go:172
[6.936ms] [rows:2] INSERT INTO "pets" ("created_at","updated_at","deleted_at","name","image_url","status","owner_id","species_id","size_id") VALUES ($1$,$2$,$3$,$4$,$5$,$6$,$7$,$8$,$9$),($10$,$11$,$12$,$13$,$14$,$15$,$16$,$17$,$18$) RETURNING "id"

2025/02/13 14:38:31 /home/bryan/repos/skripsi/backend/seeder/seeder.go:189
[6.459ms] [rows:2] INSERT INTO "booked_slots" ("created_at","updated_at","deleted_at","user_id","daycare_id","pet_id","start_date","end_date") VALUES ($1$,$2$,$3$,$4$,$5$,$6$,$7$,$8$),($9$,$10$,$11$,$12$,$13$,$14$,$15$,$16$) RETURNING "id"

2025/02/13 14:38:31 /home/bryan/repos/skripsi/backend/seeder/seeder.go:205
[6.687ms] [rows:3] INSERT INTO "reviews" ("created_at","updated_at","deleted_at","daycare_id","user_id","name","rate","description") VALUES ($1$,$2$,$3$,$4$,$5$,$6$,$7$,$8$),($9$,$10$,$11$,$12$,$13$,$14$,$15$,$16$),($17$,$18$,$19$,$20$,$21$,$22$,$23$,$24$) RETURNING "id"

2025/02/13 14:38:31 /home/bryan/repos/skripsi/backend/seeder/seeder.go:213
[5.140ms] [rows:1] INSERT INTO "reduce_slots" ("slot_id","reduced_count","target_date") VALUES ($1$,$2$,$3$) RETURNING "id"

2025/02/13 14:38:31 /home/bryan/repos/skripsi/backend/seeder/seeder.go:222
[5.852ms] [rows:2] INSERT INTO "thumbnails" ("daycare_id","image_url") VALUES ($1$,$2$),($3$,$4$) RETURNING "id"

2025/02/13 14:38:31 /home/bryan/repos/skripsi/backend/seeder/seeder.go:230
[6.182ms] [rows:1] INSERT INTO "transactions" ("pet_daycare_id","booked_slot_id","status") VALUES ($1$,$2$,$3$) RETURNING "created_at","id"

2025/02/13 14:38:31 /home/bryan/repos/skripsi/backend/setup/setup.go:78
[15.991ms] [rows:1] SELECT count(*) FROM information_schema.tables WHERE table_schema = CURRENT_SCHEMA() AND table_name = 'roles' AND table_type = 'BASE TABLE'

2025/02/13 14:38:31 /home/bryan/repos/skripsi/backend/setup/setup.go:78
[2.048ms] [rows:1] SELECT CURRENT_DATABASE()

2025/02/13 14:38:31 /home/bryan/repos/skripsi/backend/setup/setup.go:78
[40.620ms] [rows:-] SELECT c.column_name, c.is_nullable = 'YES', c.udt_name, c.character_maximum_length, c.numeric_precision, c.numeric_precision_radix, c.numeric_scale, c.datetime_precision, 8 * typlen, c.column_default, pd.description, c.identity_increment FROM information_schema.columns AS c JOIN pg_type AS pgt ON c.udt_name = pgt.typname LEFT JOIN pg_catalog.pg_description as pd ON pd.objsubid = c.ordinal_position AND pd.objoid = (SELECT oid FROM pg_catalog.pg_class WHERE relname = c.table_name AND relnamespace = (SELECT oid FROM pg_catalog.pg_namespace WHERE nspname = c.table_schema)) where table_catalog = $1$ AND table_schema = CURRENT_SCHEMA() AND table_name = $2$

2025/02/13 14:38:31 /home/bryan/repos/skripsi/backend/setup/setup.go:78
[1.120ms] [rows:-] SELECT * FROM "roles" LIMIT $1$

2025/02/13 14:38:31 /home/bryan/repos/skripsi/backend/setup/setup.go:78
[27.499ms] [rows:-] SELECT constraint_name FROM information_schema.table_constraints tc JOIN information_schema.constraint_column_usage AS ccu USING (constraint_schema, constraint_catalog, table_name, constraint_name) JOIN information_schema.columns AS c ON c.table_schema = tc.constraint_schema AND tc.table_name = c.table_name AND ccu.column_name = c.column_name WHERE constraint_type IN ('PRIMARY KEY', 'UNIQUE') AND c.table_catalog = $1$ AND c.table_schema = CURRENT_SCHEMA() AND c.table_name = $2$ AND constraint_type = $3$

2025/02/13 14:38:31 /home/bryan/repos/skripsi/backend/setup/setup.go:78
[22.646ms] [rows:-] SELECT c.column_name, constraint_name, constraint_type FROM information_schema.table_constraints tc JOIN information_schema.constraint_column_usage AS ccu USING (constraint_schema, constraint_catalog, table_name, constraint_name) JOIN information_schema.columns AS c ON c.table_schema = tc.constraint_schema AND tc.table_name = c.table_name AND ccu.column_name = c.column_name WHERE constraint_type IN ('PRIMARY KEY', 'UNIQUE') AND c.table_catalog = $1$ AND c.table_schema = CURRENT_SCHEMA() AND c.table_name = $2$

2025/02/13 14:38:31 /home/bryan/repos/skripsi/backend/setup/setup.go:78
[3.094ms] [rows:-] SELECT a.attname as column_name, format_type(a.atttypid, a.atttypmod) AS data_type
		FROM pg_attribute a JOIN pg_class b ON a.attrelid = b.oid AND relnamespace = (SELECT oid FROM pg_catalog.pg_namespace WHERE nspname = CURRENT_SCHEMA())
		WHERE a.attnum > 0 -- hide internal columns
		AND NOT a.attisdropped -- hide deleted columns
		AND b.relname = $1$

2025/02/13 14:38:31 /home/bryan/repos/skripsi/backend/setup/setup.go:78
[8.250ms] [rows:0] SELECT description FROM pg_catalog.pg_description WHERE objsubid = (SELECT ordinal_position FROM information_schema.columns WHERE table_schema = CURRENT_SCHEMA() AND table_name = 'roles' AND column_name = 'id') AND objoid = (SELECT oid FROM pg_catalog.pg_class WHERE relname = 'roles' AND relnamespace = (SELECT oid FROM pg_catalog.pg_namespace WHERE nspname = CURRENT_SCHEMA()))

2025/02/13 14:38:31 /home/bryan/repos/skripsi/backend/setup/setup.go:78
[6.256ms] [rows:0] SELECT description FROM pg_catalog.pg_description WHERE objsubid = (SELECT ordinal_position FROM information_schema.columns WHERE table_schema = CURRENT_SCHEMA() AND table_name = 'roles' AND column_name = 'name') AND objoid = (SELECT oid FROM pg_catalog.pg_class WHERE relname = 'roles' AND relnamespace = (SELECT oid FROM pg_catalog.pg_namespace WHERE nspname = CURRENT_SCHEMA()))

2025/02/13 14:38:31 /home/bryan/repos/skripsi/backend/setup/setup.go:78
[2.464ms] [rows:1] SELECT count(*) FROM information_schema.tables WHERE table_schema = CURRENT_SCHEMA() AND table_name = 'users' AND table_type = 'BASE TABLE'

2025/02/13 14:38:31 /home/bryan/repos/skripsi/backend/setup/setup.go:78
[0.927ms] [rows:1] SELECT CURRENT_DATABASE()

2025/02/13 14:38:31 /home/bryan/repos/skripsi/backend/setup/setup.go:78
[13.230ms] [rows:-] SELECT c.column_name, c.is_nullable = 'YES', c.udt_name, c.character_maximum_length, c.numeric_precision, c.numeric_precision_radix, c.numeric_scale, c.datetime_precision, 8 * typlen, c.column_default, pd.description, c.identity_increment FROM information_schema.columns AS c JOIN pg_type AS pgt ON c.udt_name = pgt.typname LEFT JOIN pg_catalog.pg_description as pd ON pd.objsubid = c.ordinal_position AND pd.objoid = (SELECT oid FROM pg_catalog.pg_class WHERE relname = c.table_name AND relnamespace = (SELECT oid FROM pg_catalog.pg_namespace WHERE nspname = c.table_schema)) where table_catalog = $1$ AND table_schema = CURRENT_SCHEMA() AND table_name = $2$

2025/02/13 14:38:31 /home/bryan/repos/skripsi/backend/setup/setup.go:78
[1.073ms] [rows:-] SELECT * FROM "users" LIMIT $1$

2025/02/13 14:38:31 /home/bryan/repos/skripsi/backend/setup/setup.go:78
[20.083ms] [rows:-] SELECT constraint_name FROM information_schema.table_constraints tc JOIN information_schema.constraint_column_usage AS ccu USING (constraint_schema, constraint_catalog, table_name, constraint_name) JOIN information_schema.columns AS c ON c.table_schema = tc.constraint_schema AND tc.table_name = c.table_name AND ccu.column_name = c.column_name WHERE constraint_type IN ('PRIMARY KEY', 'UNIQUE') AND c.table_catalog = $1$ AND c.table_schema = CURRENT_SCHEMA() AND c.table_name = $2$ AND constraint_type = $3$

2025/02/13 14:38:31 /home/bryan/repos/skripsi/backend/setup/setup.go:78
[19.452ms] [rows:-] SELECT c.column_name, constraint_name, constraint_type FROM information_schema.table_constraints tc JOIN information_schema.constraint_column_usage AS ccu USING (constraint_schema, constraint_catalog, table_name, constraint_name) JOIN information_schema.columns AS c ON c.table_schema = tc.constraint_schema AND tc.table_name = c.table_name AND ccu.column_name = c.column_name WHERE constraint_type IN ('PRIMARY KEY', 'UNIQUE') AND c.table_catalog = $1$ AND c.table_schema = CURRENT_SCHEMA() AND c.table_name = $2$

2025/02/13 14:38:31 /home/bryan/repos/skripsi/backend/setup/setup.go:78
[2.020ms] [rows:-] SELECT a.attname as column_name, format_type(a.atttypid, a.atttypmod) AS data_type
		FROM pg_attribute a JOIN pg_class b ON a.attrelid = b.oid AND relnamespace = (SELECT oid FROM pg_catalog.pg_namespace WHERE nspname = CURRENT_SCHEMA())
		WHERE a.attnum > 0 -- hide internal columns
		AND NOT a.attisdropped -- hide deleted columns
		AND b.relname = $1$

2025/02/13 14:38:31 /home/bryan/repos/skripsi/backend/setup/setup.go:78
[6.091ms] [rows:0] SELECT description FROM pg_catalog.pg_description WHERE objsubid = (SELECT ordinal_position FROM information_schema.columns WHERE table_schema = CURRENT_SCHEMA() AND table_name = 'users' AND column_name = 'id') AND objoid = (SELECT oid FROM pg_catalog.pg_class WHERE relname = 'users' AND relnamespace = (SELECT oid FROM pg_catalog.pg_namespace WHERE nspname = CURRENT_SCHEMA()))

2025/02/13 14:38:31 /home/bryan/repos/skripsi/backend/setup/setup.go:78
[6.030ms] [rows:0] SELECT description FROM pg_catalog.pg_description WHERE objsubid = (SELECT ordinal_position FROM information_schema.columns WHERE table_schema = CURRENT_SCHEMA() AND table_name = 'users' AND column_name = 'created_at') AND objoid = (SELECT oid FROM pg_catalog.pg_class WHERE relname = 'users' AND relnamespace = (SELECT oid FROM pg_catalog.pg_namespace WHERE nspname = CURRENT_SCHEMA()))

2025/02/13 14:38:31 /home/bryan/repos/skripsi/backend/setup/setup.go:78
[6.183ms] [rows:0] SELECT description FROM pg_catalog.pg_description WHERE objsubid = (SELECT ordinal_position FROM information_schema.columns WHERE table_schema = CURRENT_SCHEMA() AND table_name = 'users' AND column_name = 'updated_at') AND objoid = (SELECT oid FROM pg_catalog.pg_class WHERE relname = 'users' AND relnamespace = (SELECT oid FROM pg_catalog.pg_namespace WHERE nspname = CURRENT_SCHEMA()))

2025/02/13 14:38:31 /home/bryan/repos/skripsi/backend/setup/setup.go:78
[5.894ms] [rows:0] SELECT description FROM pg_catalog.pg_description WHERE objsubid = (SELECT ordinal_position FROM information_schema.columns WHERE table_schema = CURRENT_SCHEMA() AND table_name = 'users' AND column_name = 'deleted_at') AND objoid = (SELECT oid FROM pg_catalog.pg_class WHERE relname = 'users' AND relnamespace = (SELECT oid FROM pg_catalog.pg_namespace WHERE nspname = CURRENT_SCHEMA()))

2025/02/13 14:38:31 /home/bryan/repos/skripsi/backend/setup/setup.go:78
[1.571ms] [rows:0] SELECT description FROM pg_catalog.pg_description WHERE objsubid = (SELECT ordinal_position FROM information_schema.columns WHERE table_schema = CURRENT_SCHEMA() AND table_name = 'users' AND column_name = 'name') AND objoid = (SELECT oid FROM pg_catalog.pg_class WHERE relname = 'users' AND relnamespace = (SELECT oid FROM pg_catalog.pg_namespace WHERE nspname = CURRENT_SCHEMA()))

2025/02/13 14:38:31 /home/bryan/repos/skripsi/backend/setup/setup.go:78
[1.531ms] [rows:0] SELECT description FROM pg_catalog.pg_description WHERE objsubid = (SELECT ordinal_position FROM information_schema.columns WHERE table_schema = CURRENT_SCHEMA() AND table_name = 'users' AND column_name = 'email') AND objoid = (SELECT oid FROM pg_catalog.pg_class WHERE relname = 'users' AND relnamespace = (SELECT oid FROM pg_catalog.pg_namespace WHERE nspname = CURRENT_SCHEMA()))

2025/02/13 14:38:31 /home/bryan/repos/skripsi/backend/setup/setup.go:78
[1.521ms] [rows:0] SELECT description FROM pg_catalog.pg_description WHERE objsubid = (SELECT ordinal_position FROM information_schema.columns WHERE table_schema = CURRENT_SCHEMA() AND table_name = 'users' AND column_name = 'password') AND objoid = (SELECT oid FROM pg_catalog.pg_class WHERE relname = 'users' AND relnamespace = (SELECT oid FROM pg_catalog.pg_namespace WHERE nspname = CURRENT_SCHEMA()))

2025/02/13 14:38:31 /home/bryan/repos/skripsi/backend/setup/setup.go:78
[1.550ms] [rows:0] SELECT description FROM pg_catalog.pg_description WHERE objsubid = (SELECT ordinal_position FROM information_schema.columns WHERE table_schema = CURRENT_SCHEMA() AND table_name = 'users' AND column_name = 'image_url') AND objoid = (SELECT oid FROM pg_catalog.pg_class WHERE relname = 'users' AND relnamespace = (SELECT oid FROM pg_catalog.pg_namespace WHERE nspname = CURRENT_SCHEMA()))

2025/02/13 14:38:31 /home/bryan/repos/skripsi/backend/setup/setup.go:78
[1.489ms] [rows:0] SELECT description FROM pg_catalog.pg_description WHERE objsubid = (SELECT ordinal_position FROM information_schema.columns WHERE table_schema = CURRENT_SCHEMA() AND table_name = 'users' AND column_name = 'role_id') AND objoid = (SELECT oid FROM pg_catalog.pg_class WHERE relname = 'users' AND relnamespace = (SELECT oid FROM pg_catalog.pg_namespace WHERE nspname = CURRENT_SCHEMA()))

2025/02/13 14:38:31 /home/bryan/repos/skripsi/backend/setup/setup.go:78
[6.613ms] [rows:1] SELECT count(*) FROM INFORMATION_SCHEMA.table_constraints WHERE table_schema = CURRENT_SCHEMA() AND table_name = 'users' AND constraint_name = 'fk_roles_users'

2025/02/13 14:38:31 /home/bryan/repos/skripsi/backend/setup/setup.go:78
[6.212ms] [rows:1] SELECT count(*) FROM pg_indexes WHERE tablename = 'users' AND indexname = 'idx_users_deleted_at' AND schemaname = CURRENT_SCHEMA()

2025/02/13 14:38:31 /home/bryan/repos/skripsi/backend/setup/setup.go:78
[2.345ms] [rows:1] SELECT count(*) FROM information_schema.tables WHERE table_schema = CURRENT_SCHEMA() AND table_name = 'vet_specialties' AND table_type = 'BASE TABLE'

2025/02/13 14:38:31 /home/bryan/repos/skripsi/backend/setup/setup.go:78
[0.769ms] [rows:1] SELECT CURRENT_DATABASE()

2025/02/13 14:38:31 /home/bryan/repos/skripsi/backend/setup/setup.go:78
[19.547ms] [rows:-] SELECT c.column_name, c.is_nullable = 'YES', c.udt_name, c.character_maximum_length, c.numeric_precision, c.numeric_precision_radix, c.numeric_scale, c.datetime_precision, 8 * typlen, c.column_default, pd.description, c.identity_increment FROM information_schema.columns AS c JOIN pg_type AS pgt ON c.udt_name = pgt.typname LEFT JOIN pg_catalog.pg_description as pd ON pd.objsubid = c.ordinal_position AND pd.objoid = (SELECT oid FROM pg_catalog.pg_class WHERE relname = c.table_name AND relnamespace = (SELECT oid FROM pg_catalog.pg_namespace WHERE nspname = c.table_schema)) where table_catalog = $1$ AND table_schema = CURRENT_SCHEMA() AND table_name = $2$

2025/02/13 14:38:31 /home/bryan/repos/skripsi/backend/setup/setup.go:78
[1.017ms] [rows:-] SELECT * FROM "vet_specialties" LIMIT $1$

2025/02/13 14:38:31 /home/bryan/repos/skripsi/backend/setup/setup.go:78
[17.707ms] [rows:-] SELECT constraint_name FROM information_schema.table_constraints tc JOIN information_schema.constraint_column_usage AS ccu USING (constraint_schema, constraint_catalog, table_name, constraint_name) JOIN information_schema.columns AS c ON c.table_schema = tc.constraint_schema AND tc.table_name = c.table_name AND ccu.column_name = c.column_name WHERE constraint_type IN ('PRIMARY KEY', 'UNIQUE') AND c.table_catalog = $1$ AND c.table_schema = CURRENT_SCHEMA() AND c.table_name = $2$ AND constraint_type = $3$

2025/02/13 14:38:31 /home/bryan/repos/skripsi/backend/setup/setup.go:78
[17.341ms] [rows:-] SELECT c.column_name, constraint_name, constraint_type FROM information_schema.table_constraints tc JOIN information_schema.constraint_column_usage AS ccu USING (constraint_schema, constraint_catalog, table_name, constraint_name) JOIN information_schema.columns AS c ON c.table_schema = tc.constraint_schema AND tc.table_name = c.table_name AND ccu.column_name = c.column_name WHERE constraint_type IN ('PRIMARY KEY', 'UNIQUE') AND c.table_catalog = $1$ AND c.table_schema = CURRENT_SCHEMA() AND c.table_name = $2$

2025/02/13 14:38:31 /home/bryan/repos/skripsi/backend/setup/setup.go:78
[1.870ms] [rows:-] SELECT a.attname as column_name, format_type(a.atttypid, a.atttypmod) AS data_type
		FROM pg_attribute a JOIN pg_class b ON a.attrelid = b.oid AND relnamespace = (SELECT oid FROM pg_catalog.pg_namespace WHERE nspname = CURRENT_SCHEMA())
		WHERE a.attnum > 0 -- hide internal columns
		AND NOT a.attisdropped -- hide deleted columns
		AND b.relname = $1$

2025/02/13 14:38:31 /home/bryan/repos/skripsi/backend/setup/setup.go:78
[1.497ms] [rows:0] SELECT description FROM pg_catalog.pg_description WHERE objsubid = (SELECT ordinal_position FROM information_schema.columns WHERE table_schema = CURRENT_SCHEMA() AND table_name = 'vet_specialties' AND column_name = 'id') AND objoid = (SELECT oid FROM pg_catalog.pg_class WHERE relname = 'vet_specialties' AND relnamespace = (SELECT oid FROM pg_catalog.pg_namespace WHERE nspname = CURRENT_SCHEMA()))

2025/02/13 14:38:31 /home/bryan/repos/skripsi/backend/setup/setup.go:78
[1.676ms] [rows:0] SELECT description FROM pg_catalog.pg_description WHERE objsubid = (SELECT ordinal_position FROM information_schema.columns WHERE table_schema = CURRENT_SCHEMA() AND table_name = 'vet_specialties' AND column_name = 'name') AND objoid = (SELECT oid FROM pg_catalog.pg_class WHERE relname = 'vet_specialties' AND relnamespace = (SELECT oid FROM pg_catalog.pg_namespace WHERE nspname = CURRENT_SCHEMA()))

2025/02/13 14:38:31 /home/bryan/repos/skripsi/backend/setup/setup.go:78
[2.242ms] [rows:1] SELECT count(*) FROM information_schema.tables WHERE table_schema = CURRENT_SCHEMA() AND table_name = 'user_vet_specialties' AND table_type = 'BASE TABLE'

2025/02/13 14:38:31 /home/bryan/repos/skripsi/backend/setup/setup.go:78
[0.824ms] [rows:1] SELECT CURRENT_DATABASE()

2025/02/13 14:38:31 /home/bryan/repos/skripsi/backend/setup/setup.go:78
[12.049ms] [rows:-] SELECT c.column_name, c.is_nullable = 'YES', c.udt_name, c.character_maximum_length, c.numeric_precision, c.numeric_precision_radix, c.numeric_scale, c.datetime_precision, 8 * typlen, c.column_default, pd.description, c.identity_increment FROM information_schema.columns AS c JOIN pg_type AS pgt ON c.udt_name = pgt.typname LEFT JOIN pg_catalog.pg_description as pd ON pd.objsubid = c.ordinal_position AND pd.objoid = (SELECT oid FROM pg_catalog.pg_class WHERE relname = c.table_name AND relnamespace = (SELECT oid FROM pg_catalog.pg_namespace WHERE nspname = c.table_schema)) where table_catalog = $1$ AND table_schema = CURRENT_SCHEMA() AND table_name = $2$

2025/02/13 14:38:31 /home/bryan/repos/skripsi/backend/setup/setup.go:78
[1.364ms] [rows:-] SELECT * FROM "user_vet_specialties" LIMIT $1$

2025/02/13 14:38:31 /home/bryan/repos/skripsi/backend/setup/setup.go:78
[16.939ms] [rows:-] SELECT constraint_name FROM information_schema.table_constraints tc JOIN information_schema.constraint_column_usage AS ccu USING (constraint_schema, constraint_catalog, table_name, constraint_name) JOIN information_schema.columns AS c ON c.table_schema = tc.constraint_schema AND tc.table_name = c.table_name AND ccu.column_name = c.column_name WHERE constraint_type IN ('PRIMARY KEY', 'UNIQUE') AND c.table_catalog = $1$ AND c.table_schema = CURRENT_SCHEMA() AND c.table_name = $2$ AND constraint_type = $3$

2025/02/13 14:38:31 /home/bryan/repos/skripsi/backend/setup/setup.go:78
[17.650ms] [rows:-] SELECT c.column_name, constraint_name, constraint_type FROM information_schema.table_constraints tc JOIN information_schema.constraint_column_usage AS ccu USING (constraint_schema, constraint_catalog, table_name, constraint_name) JOIN information_schema.columns AS c ON c.table_schema = tc.constraint_schema AND tc.table_name = c.table_name AND ccu.column_name = c.column_name WHERE constraint_type IN ('PRIMARY KEY', 'UNIQUE') AND c.table_catalog = $1$ AND c.table_schema = CURRENT_SCHEMA() AND c.table_name = $2$

2025/02/13 14:38:31 /home/bryan/repos/skripsi/backend/setup/setup.go:78
[1.746ms] [rows:-] SELECT a.attname as column_name, format_type(a.atttypid, a.atttypmod) AS data_type
		FROM pg_attribute a JOIN pg_class b ON a.attrelid = b.oid AND relnamespace = (SELECT oid FROM pg_catalog.pg_namespace WHERE nspname = CURRENT_SCHEMA())
		WHERE a.attnum > 0 -- hide internal columns
		AND NOT a.attisdropped -- hide deleted columns
		AND b.relname = $1$

2025/02/13 14:38:31 /home/bryan/repos/skripsi/backend/setup/setup.go:78
[1.697ms] [rows:0] SELECT description FROM pg_catalog.pg_description WHERE objsubid = (SELECT ordinal_position FROM information_schema.columns WHERE table_schema = CURRENT_SCHEMA() AND table_name = 'user_vet_specialties' AND column_name = 'user_id') AND objoid = (SELECT oid FROM pg_catalog.pg_class WHERE relname = 'user_vet_specialties' AND relnamespace = (SELECT oid FROM pg_catalog.pg_namespace WHERE nspname = CURRENT_SCHEMA()))

2025/02/13 14:38:31 /home/bryan/repos/skripsi/backend/setup/setup.go:78
[1.683ms] [rows:0] SELECT description FROM pg_catalog.pg_description WHERE objsubid = (SELECT ordinal_position FROM information_schema.columns WHERE table_schema = CURRENT_SCHEMA() AND table_name = 'user_vet_specialties' AND column_name = 'vet_specialty_id') AND objoid = (SELECT oid FROM pg_catalog.pg_class WHERE relname = 'user_vet_specialties' AND relnamespace = (SELECT oid FROM pg_catalog.pg_namespace WHERE nspname = CURRENT_SCHEMA()))

2025/02/13 14:38:31 /home/bryan/repos/skripsi/backend/setup/setup.go:78
[3.941ms] [rows:1] SELECT count(*) FROM INFORMATION_SCHEMA.table_constraints WHERE table_schema = CURRENT_SCHEMA() AND table_name = 'user_vet_specialties' AND constraint_name = 'fk_user_vet_specialties_user'

2025/02/13 14:38:31 /home/bryan/repos/skripsi/backend/setup/setup.go:78
[4.798ms] [rows:1] SELECT count(*) FROM INFORMATION_SCHEMA.table_constraints WHERE table_schema = CURRENT_SCHEMA() AND table_name = 'user_vet_specialties' AND constraint_name = 'fk_user_vet_specialties_vet_specialty'

2025/02/13 14:38:31 /home/bryan/repos/skripsi/backend/setup/setup.go:78
[2.349ms] [rows:1] SELECT count(*) FROM information_schema.tables WHERE table_schema = CURRENT_SCHEMA() AND table_name = 'daily_playtimes' AND table_type = 'BASE TABLE'

2025/02/13 14:38:31 /home/bryan/repos/skripsi/backend/setup/setup.go:78
[0.948ms] [rows:1] SELECT CURRENT_DATABASE()

2025/02/13 14:38:31 /home/bryan/repos/skripsi/backend/setup/setup.go:78
[12.235ms] [rows:-] SELECT c.column_name, c.is_nullable = 'YES', c.udt_name, c.character_maximum_length, c.numeric_precision, c.numeric_precision_radix, c.numeric_scale, c.datetime_precision, 8 * typlen, c.column_default, pd.description, c.identity_increment FROM information_schema.columns AS c JOIN pg_type AS pgt ON c.udt_name = pgt.typname LEFT JOIN pg_catalog.pg_description as pd ON pd.objsubid = c.ordinal_position AND pd.objoid = (SELECT oid FROM pg_catalog.pg_class WHERE relname = c.table_name AND relnamespace = (SELECT oid FROM pg_catalog.pg_namespace WHERE nspname = c.table_schema)) where table_catalog = $1$ AND table_schema = CURRENT_SCHEMA() AND table_name = $2$

2025/02/13 14:38:31 /home/bryan/repos/skripsi/backend/setup/setup.go:78
[1.140ms] [rows:-] SELECT * FROM "daily_playtimes" LIMIT $1$

2025/02/13 14:38:31 /home/bryan/repos/skripsi/backend/setup/setup.go:78
[17.160ms] [rows:-] SELECT constraint_name FROM information_schema.table_constraints tc JOIN information_schema.constraint_column_usage AS ccu USING (constraint_schema, constraint_catalog, table_name, constraint_name) JOIN information_schema.columns AS c ON c.table_schema = tc.constraint_schema AND tc.table_name = c.table_name AND ccu.column_name = c.column_name WHERE constraint_type IN ('PRIMARY KEY', 'UNIQUE') AND c.table_catalog = $1$ AND c.table_schema = CURRENT_SCHEMA() AND c.table_name = $2$ AND constraint_type = $3$

2025/02/13 14:38:31 /home/bryan/repos/skripsi/backend/setup/setup.go:78
[17.305ms] [rows:-] SELECT c.column_name, constraint_name, constraint_type FROM information_schema.table_constraints tc JOIN information_schema.constraint_column_usage AS ccu USING (constraint_schema, constraint_catalog, table_name, constraint_name) JOIN information_schema.columns AS c ON c.table_schema = tc.constraint_schema AND tc.table_name = c.table_name AND ccu.column_name = c.column_name WHERE constraint_type IN ('PRIMARY KEY', 'UNIQUE') AND c.table_catalog = $1$ AND c.table_schema = CURRENT_SCHEMA() AND c.table_name = $2$

2025/02/13 14:38:31 /home/bryan/repos/skripsi/backend/setup/setup.go:78
[1.759ms] [rows:-] SELECT a.attname as column_name, format_type(a.atttypid, a.atttypmod) AS data_type
		FROM pg_attribute a JOIN pg_class b ON a.attrelid = b.oid AND relnamespace = (SELECT oid FROM pg_catalog.pg_namespace WHERE nspname = CURRENT_SCHEMA())
		WHERE a.attnum > 0 -- hide internal columns
		AND NOT a.attisdropped -- hide deleted columns
		AND b.relname = $1$

2025/02/13 14:38:31 /home/bryan/repos/skripsi/backend/setup/setup.go:78
[1.639ms] [rows:0] SELECT description FROM pg_catalog.pg_description WHERE objsubid = (SELECT ordinal_position FROM information_schema.columns WHERE table_schema = CURRENT_SCHEMA() AND table_name = 'daily_playtimes' AND column_name = 'id') AND objoid = (SELECT oid FROM pg_catalog.pg_class WHERE relname = 'daily_playtimes' AND relnamespace = (SELECT oid FROM pg_catalog.pg_namespace WHERE nspname = CURRENT_SCHEMA()))

2025/02/13 14:38:31 /home/bryan/repos/skripsi/backend/setup/setup.go:78
[1.646ms] [rows:0] SELECT description FROM pg_catalog.pg_description WHERE objsubid = (SELECT ordinal_position FROM information_schema.columns WHERE table_schema = CURRENT_SCHEMA() AND table_name = 'daily_playtimes' AND column_name = 'name') AND objoid = (SELECT oid FROM pg_catalog.pg_class WHERE relname = 'daily_playtimes' AND relnamespace = (SELECT oid FROM pg_catalog.pg_namespace WHERE nspname = CURRENT_SCHEMA()))

2025/02/13 14:38:31 /home/bryan/repos/skripsi/backend/setup/setup.go:78
[2.357ms] [rows:1] SELECT count(*) FROM information_schema.tables WHERE table_schema = CURRENT_SCHEMA() AND table_name = 'daily_walks' AND table_type = 'BASE TABLE'

2025/02/13 14:38:31 /home/bryan/repos/skripsi/backend/setup/setup.go:78
[0.974ms] [rows:1] SELECT CURRENT_DATABASE()

2025/02/13 14:38:31 /home/bryan/repos/skripsi/backend/setup/setup.go:78
[14.175ms] [rows:-] SELECT c.column_name, c.is_nullable = 'YES', c.udt_name, c.character_maximum_length, c.numeric_precision, c.numeric_precision_radix, c.numeric_scale, c.datetime_precision, 8 * typlen, c.column_default, pd.description, c.identity_increment FROM information_schema.columns AS c JOIN pg_type AS pgt ON c.udt_name = pgt.typname LEFT JOIN pg_catalog.pg_description as pd ON pd.objsubid = c.ordinal_position AND pd.objoid = (SELECT oid FROM pg_catalog.pg_class WHERE relname = c.table_name AND relnamespace = (SELECT oid FROM pg_catalog.pg_namespace WHERE nspname = c.table_schema)) where table_catalog = $1$ AND table_schema = CURRENT_SCHEMA() AND table_name = $2$

2025/02/13 14:38:31 /home/bryan/repos/skripsi/backend/setup/setup.go:78
[0.996ms] [rows:-] SELECT * FROM "daily_walks" LIMIT $1$

2025/02/13 14:38:31 /home/bryan/repos/skripsi/backend/setup/setup.go:78
[17.599ms] [rows:-] SELECT constraint_name FROM information_schema.table_constraints tc JOIN information_schema.constraint_column_usage AS ccu USING (constraint_schema, constraint_catalog, table_name, constraint_name) JOIN information_schema.columns AS c ON c.table_schema = tc.constraint_schema AND tc.table_name = c.table_name AND ccu.column_name = c.column_name WHERE constraint_type IN ('PRIMARY KEY', 'UNIQUE') AND c.table_catalog = $1$ AND c.table_schema = CURRENT_SCHEMA() AND c.table_name = $2$ AND constraint_type = $3$

2025/02/13 14:38:31 /home/bryan/repos/skripsi/backend/setup/setup.go:78
[17.692ms] [rows:-] SELECT c.column_name, constraint_name, constraint_type FROM information_schema.table_constraints tc JOIN information_schema.constraint_column_usage AS ccu USING (constraint_schema, constraint_catalog, table_name, constraint_name) JOIN information_schema.columns AS c ON c.table_schema = tc.constraint_schema AND tc.table_name = c.table_name AND ccu.column_name = c.column_name WHERE constraint_type IN ('PRIMARY KEY', 'UNIQUE') AND c.table_catalog = $1$ AND c.table_schema = CURRENT_SCHEMA() AND c.table_name = $2$

2025/02/13 14:38:31 /home/bryan/repos/skripsi/backend/setup/setup.go:78
[1.951ms] [rows:-] SELECT a.attname as column_name, format_type(a.atttypid, a.atttypmod) AS data_type
		FROM pg_attribute a JOIN pg_class b ON a.attrelid = b.oid AND relnamespace = (SELECT oid FROM pg_catalog.pg_namespace WHERE nspname = CURRENT_SCHEMA())
		WHERE a.attnum > 0 -- hide internal columns
		AND NOT a.attisdropped -- hide deleted columns
		AND b.relname = $1$

2025/02/13 14:38:31 /home/bryan/repos/skripsi/backend/setup/setup.go:78
[1.532ms] [rows:0] SELECT description FROM pg_catalog.pg_description WHERE objsubid = (SELECT ordinal_position FROM information_schema.columns WHERE table_schema = CURRENT_SCHEMA() AND table_name = 'daily_walks' AND column_name = 'id') AND objoid = (SELECT oid FROM pg_catalog.pg_class WHERE relname = 'daily_walks' AND relnamespace = (SELECT oid FROM pg_catalog.pg_namespace WHERE nspname = CURRENT_SCHEMA()))

2025/02/13 14:38:31 /home/bryan/repos/skripsi/backend/setup/setup.go:78
[1.582ms] [rows:0] SELECT description FROM pg_catalog.pg_description WHERE objsubid = (SELECT ordinal_position FROM information_schema.columns WHERE table_schema = CURRENT_SCHEMA() AND table_name = 'daily_walks' AND column_name = 'name') AND objoid = (SELECT oid FROM pg_catalog.pg_class WHERE relname = 'daily_walks' AND relnamespace = (SELECT oid FROM pg_catalog.pg_namespace WHERE nspname = CURRENT_SCHEMA()))

2025/02/13 14:38:31 /home/bryan/repos/skripsi/backend/setup/setup.go:78
[1.210ms] [rows:1] SELECT count(*) FROM information_schema.tables WHERE table_schema = CURRENT_SCHEMA() AND table_name = 'pet_daycares' AND table_type = 'BASE TABLE'

2025/02/13 14:38:31 /home/bryan/repos/skripsi/backend/setup/setup.go:78
[0.878ms] [rows:1] SELECT CURRENT_DATABASE()

2025/02/13 14:38:31 /home/bryan/repos/skripsi/backend/setup/setup.go:78
[5.070ms] [rows:-] SELECT c.column_name, c.is_nullable = 'YES', c.udt_name, c.character_maximum_length, c.numeric_precision, c.numeric_precision_radix, c.numeric_scale, c.datetime_precision, 8 * typlen, c.column_default, pd.description, c.identity_increment FROM information_schema.columns AS c JOIN pg_type AS pgt ON c.udt_name = pgt.typname LEFT JOIN pg_catalog.pg_description as pd ON pd.objsubid = c.ordinal_position AND pd.objoid = (SELECT oid FROM pg_catalog.pg_class WHERE relname = c.table_name AND relnamespace = (SELECT oid FROM pg_catalog.pg_namespace WHERE nspname = c.table_schema)) where table_catalog = $1$ AND table_schema = CURRENT_SCHEMA() AND table_name = $2$

2025/02/13 14:38:31 /home/bryan/repos/skripsi/backend/setup/setup.go:78
[1.081ms] [rows:-] SELECT * FROM "pet_daycares" LIMIT $1$

2025/02/13 14:38:31 /home/bryan/repos/skripsi/backend/setup/setup.go:78
[6.896ms] [rows:-] SELECT constraint_name FROM information_schema.table_constraints tc JOIN information_schema.constraint_column_usage AS ccu USING (constraint_schema, constraint_catalog, table_name, constraint_name) JOIN information_schema.columns AS c ON c.table_schema = tc.constraint_schema AND tc.table_name = c.table_name AND ccu.column_name = c.column_name WHERE constraint_type IN ('PRIMARY KEY', 'UNIQUE') AND c.table_catalog = $1$ AND c.table_schema = CURRENT_SCHEMA() AND c.table_name = $2$ AND constraint_type = $3$

2025/02/13 14:38:31 /home/bryan/repos/skripsi/backend/setup/setup.go:78
[6.942ms] [rows:-] SELECT c.column_name, constraint_name, constraint_type FROM information_schema.table_constraints tc JOIN information_schema.constraint_column_usage AS ccu USING (constraint_schema, constraint_catalog, table_name, constraint_name) JOIN information_schema.columns AS c ON c.table_schema = tc.constraint_schema AND tc.table_name = c.table_name AND ccu.column_name = c.column_name WHERE constraint_type IN ('PRIMARY KEY', 'UNIQUE') AND c.table_catalog = $1$ AND c.table_schema = CURRENT_SCHEMA() AND c.table_name = $2$

2025/02/13 14:38:31 /home/bryan/repos/skripsi/backend/setup/setup.go:78
[1.164ms] [rows:-] SELECT a.attname as column_name, format_type(a.atttypid, a.atttypmod) AS data_type
		FROM pg_attribute a JOIN pg_class b ON a.attrelid = b.oid AND relnamespace = (SELECT oid FROM pg_catalog.pg_namespace WHERE nspname = CURRENT_SCHEMA())
		WHERE a.attnum > 0 -- hide internal columns
		AND NOT a.attisdropped -- hide deleted columns
		AND b.relname = $1$

2025/02/13 14:38:31 /home/bryan/repos/skripsi/backend/setup/setup.go:78
[1.682ms] [rows:0] SELECT description FROM pg_catalog.pg_description WHERE objsubid = (SELECT ordinal_position FROM information_schema.columns WHERE table_schema = CURRENT_SCHEMA() AND table_name = 'pet_daycares' AND column_name = 'id') AND objoid = (SELECT oid FROM pg_catalog.pg_class WHERE relname = 'pet_daycares' AND relnamespace = (SELECT oid FROM pg_catalog.pg_namespace WHERE nspname = CURRENT_SCHEMA()))

2025/02/13 14:38:31 /home/bryan/repos/skripsi/backend/setup/setup.go:78
[1.572ms] [rows:0] SELECT description FROM pg_catalog.pg_description WHERE objsubid = (SELECT ordinal_position FROM information_schema.columns WHERE table_schema = CURRENT_SCHEMA() AND table_name = 'pet_daycares' AND column_name = 'created_at') AND objoid = (SELECT oid FROM pg_catalog.pg_class WHERE relname = 'pet_daycares' AND relnamespace = (SELECT oid FROM pg_catalog.pg_namespace WHERE nspname = CURRENT_SCHEMA()))

2025/02/13 14:38:31 /home/bryan/repos/skripsi/backend/setup/setup.go:78
[1.487ms] [rows:0] SELECT description FROM pg_catalog.pg_description WHERE objsubid = (SELECT ordinal_position FROM information_schema.columns WHERE table_schema = CURRENT_SCHEMA() AND table_name = 'pet_daycares' AND column_name = 'updated_at') AND objoid = (SELECT oid FROM pg_catalog.pg_class WHERE relname = 'pet_daycares' AND relnamespace = (SELECT oid FROM pg_catalog.pg_namespace WHERE nspname = CURRENT_SCHEMA()))

2025/02/13 14:38:31 /home/bryan/repos/skripsi/backend/setup/setup.go:78
[1.484ms] [rows:0] SELECT description FROM pg_catalog.pg_description WHERE objsubid = (SELECT ordinal_position FROM information_schema.columns WHERE table_schema = CURRENT_SCHEMA() AND table_name = 'pet_daycares' AND column_name = 'deleted_at') AND objoid = (SELECT oid FROM pg_catalog.pg_class WHERE relname = 'pet_daycares' AND relnamespace = (SELECT oid FROM pg_catalog.pg_namespace WHERE nspname = CURRENT_SCHEMA()))

2025/02/13 14:38:31 /home/bryan/repos/skripsi/backend/setup/setup.go:78
[1.428ms] [rows:0] SELECT description FROM pg_catalog.pg_description WHERE objsubid = (SELECT ordinal_position FROM information_schema.columns WHERE table_schema = CURRENT_SCHEMA() AND table_name = 'pet_daycares' AND column_name = 'name') AND objoid = (SELECT oid FROM pg_catalog.pg_class WHERE relname = 'pet_daycares' AND relnamespace = (SELECT oid FROM pg_catalog.pg_namespace WHERE nspname = CURRENT_SCHEMA()))

2025/02/13 14:38:31 /home/bryan/repos/skripsi/backend/setup/setup.go:78
[1.431ms] [rows:0] SELECT description FROM pg_catalog.pg_description WHERE objsubid = (SELECT ordinal_position FROM information_schema.columns WHERE table_schema = CURRENT_SCHEMA() AND table_name = 'pet_daycares' AND column_name = 'address') AND objoid = (SELECT oid FROM pg_catalog.pg_class WHERE relname = 'pet_daycares' AND relnamespace = (SELECT oid FROM pg_catalog.pg_namespace WHERE nspname = CURRENT_SCHEMA()))

2025/02/13 14:38:31 /home/bryan/repos/skripsi/backend/setup/setup.go:78
[1.657ms] [rows:0] SELECT description FROM pg_catalog.pg_description WHERE objsubid = (SELECT ordinal_position FROM information_schema.columns WHERE table_schema = CURRENT_SCHEMA() AND table_name = 'pet_daycares' AND column_name = 'latitude') AND objoid = (SELECT oid FROM pg_catalog.pg_class WHERE relname = 'pet_daycares' AND relnamespace = (SELECT oid FROM pg_catalog.pg_namespace WHERE nspname = CURRENT_SCHEMA()))

2025/02/13 14:38:31 /home/bryan/repos/skripsi/backend/setup/setup.go:78
[1.678ms] [rows:0] SELECT description FROM pg_catalog.pg_description WHERE objsubid = (SELECT ordinal_position FROM information_schema.columns WHERE table_schema = CURRENT_SCHEMA() AND table_name = 'pet_daycares' AND column_name = 'longitude') AND objoid = (SELECT oid FROM pg_catalog.pg_class WHERE relname = 'pet_daycares' AND relnamespace = (SELECT oid FROM pg_catalog.pg_namespace WHERE nspname = CURRENT_SCHEMA()))

2025/02/13 14:38:31 /home/bryan/repos/skripsi/backend/setup/setup.go:78
[2.151ms] [rows:0] SELECT description FROM pg_catalog.pg_description WHERE objsubid = (SELECT ordinal_position FROM information_schema.columns WHERE table_schema = CURRENT_SCHEMA() AND table_name = 'pet_daycares' AND column_name = 'price') AND objoid = (SELECT oid FROM pg_catalog.pg_class WHERE relname = 'pet_daycares' AND relnamespace = (SELECT oid FROM pg_catalog.pg_namespace WHERE nspname = CURRENT_SCHEMA()))

2025/02/13 14:38:31 /home/bryan/repos/skripsi/backend/setup/setup.go:78
[2.098ms] [rows:0] SELECT description FROM pg_catalog.pg_description WHERE objsubid = (SELECT ordinal_position FROM information_schema.columns WHERE table_schema = CURRENT_SCHEMA() AND table_name = 'pet_daycares' AND column_name = 'pricing_type') AND objoid = (SELECT oid FROM pg_catalog.pg_class WHERE relname = 'pet_daycares' AND relnamespace = (SELECT oid FROM pg_catalog.pg_namespace WHERE nspname = CURRENT_SCHEMA()))

2025/02/13 14:38:31 /home/bryan/repos/skripsi/backend/setup/setup.go:78
[2.050ms] [rows:0] SELECT description FROM pg_catalog.pg_description WHERE objsubid = (SELECT ordinal_position FROM information_schema.columns WHERE table_schema = CURRENT_SCHEMA() AND table_name = 'pet_daycares' AND column_name = 'description') AND objoid = (SELECT oid FROM pg_catalog.pg_class WHERE relname = 'pet_daycares' AND relnamespace = (SELECT oid FROM pg_catalog.pg_namespace WHERE nspname = CURRENT_SCHEMA()))

2025/02/13 14:38:31 /home/bryan/repos/skripsi/backend/setup/setup.go:78
[2.087ms] [rows:0] SELECT description FROM pg_catalog.pg_description WHERE objsubid = (SELECT ordinal_position FROM information_schema.columns WHERE table_schema = CURRENT_SCHEMA() AND table_name = 'pet_daycares' AND column_name = 'has_pickup_service') AND objoid = (SELECT oid FROM pg_catalog.pg_class WHERE relname = 'pet_daycares' AND relnamespace = (SELECT oid FROM pg_catalog.pg_namespace WHERE nspname = CURRENT_SCHEMA()))

2025/02/13 14:38:31 /home/bryan/repos/skripsi/backend/setup/setup.go:78
[2.175ms] [rows:0] SELECT description FROM pg_catalog.pg_description WHERE objsubid = (SELECT ordinal_position FROM information_schema.columns WHERE table_schema = CURRENT_SCHEMA() AND table_name = 'pet_daycares' AND column_name = 'must_be_vaccinated') AND objoid = (SELECT oid FROM pg_catalog.pg_class WHERE relname = 'pet_daycares' AND relnamespace = (SELECT oid FROM pg_catalog.pg_namespace WHERE nspname = CURRENT_SCHEMA()))

2025/02/13 14:38:31 /home/bryan/repos/skripsi/backend/setup/setup.go:78
[1.985ms] [rows:0] SELECT description FROM pg_catalog.pg_description WHERE objsubid = (SELECT ordinal_position FROM information_schema.columns WHERE table_schema = CURRENT_SCHEMA() AND table_name = 'pet_daycares' AND column_name = 'food_provided') AND objoid = (SELECT oid FROM pg_catalog.pg_class WHERE relname = 'pet_daycares' AND relnamespace = (SELECT oid FROM pg_catalog.pg_namespace WHERE nspname = CURRENT_SCHEMA()))

2025/02/13 14:38:31 /home/bryan/repos/skripsi/backend/setup/setup.go:78
[2.036ms] [rows:0] SELECT description FROM pg_catalog.pg_description WHERE objsubid = (SELECT ordinal_position FROM information_schema.columns WHERE table_schema = CURRENT_SCHEMA() AND table_name = 'pet_daycares' AND column_name = 'grooming_available') AND objoid = (SELECT oid FROM pg_catalog.pg_class WHERE relname = 'pet_daycares' AND relnamespace = (SELECT oid FROM pg_catalog.pg_namespace WHERE nspname = CURRENT_SCHEMA()))

2025/02/13 14:38:31 /home/bryan/repos/skripsi/backend/setup/setup.go:78
[2.338ms] [rows:0] SELECT description FROM pg_catalog.pg_description WHERE objsubid = (SELECT ordinal_position FROM information_schema.columns WHERE table_schema = CURRENT_SCHEMA() AND table_name = 'pet_daycares' AND column_name = 'booked_num') AND objoid = (SELECT oid FROM pg_catalog.pg_class WHERE relname = 'pet_daycares' AND relnamespace = (SELECT oid FROM pg_catalog.pg_namespace WHERE nspname = CURRENT_SCHEMA()))

2025/02/13 14:38:31 /home/bryan/repos/skripsi/backend/setup/setup.go:78
[1.761ms] [rows:0] SELECT description FROM pg_catalog.pg_description WHERE objsubid = (SELECT ordinal_position FROM information_schema.columns WHERE table_schema = CURRENT_SCHEMA() AND table_name = 'pet_daycares' AND column_name = 'daily_walks_id') AND objoid = (SELECT oid FROM pg_catalog.pg_class WHERE relname = 'pet_daycares' AND relnamespace = (SELECT oid FROM pg_catalog.pg_namespace WHERE nspname = CURRENT_SCHEMA()))

2025/02/13 14:38:31 /home/bryan/repos/skripsi/backend/setup/setup.go:78
[1.740ms] [rows:0] SELECT description FROM pg_catalog.pg_description WHERE objsubid = (SELECT ordinal_position FROM information_schema.columns WHERE table_schema = CURRENT_SCHEMA() AND table_name = 'pet_daycares' AND column_name = 'daily_playtime_id') AND objoid = (SELECT oid FROM pg_catalog.pg_class WHERE relname = 'pet_daycares' AND relnamespace = (SELECT oid FROM pg_catalog.pg_namespace WHERE nspname = CURRENT_SCHEMA()))

2025/02/13 14:38:31 /home/bryan/repos/skripsi/backend/setup/setup.go:78
[1.760ms] [rows:0] SELECT description FROM pg_catalog.pg_description WHERE objsubid = (SELECT ordinal_position FROM information_schema.columns WHERE table_schema = CURRENT_SCHEMA() AND table_name = 'pet_daycares' AND column_name = 'owner_id') AND objoid = (SELECT oid FROM pg_catalog.pg_class WHERE relname = 'pet_daycares' AND relnamespace = (SELECT oid FROM pg_catalog.pg_namespace WHERE nspname = CURRENT_SCHEMA()))

2025/02/13 14:38:31 /home/bryan/repos/skripsi/backend/setup/setup.go:78
[1.595ms] [rows:0] SELECT description FROM pg_catalog.pg_description WHERE objsubid = (SELECT ordinal_position FROM information_schema.columns WHERE table_schema = CURRENT_SCHEMA() AND table_name = 'pet_daycares' AND column_name = 'food_brand') AND objoid = (SELECT oid FROM pg_catalog.pg_class WHERE relname = 'pet_daycares' AND relnamespace = (SELECT oid FROM pg_catalog.pg_namespace WHERE nspname = CURRENT_SCHEMA()))

2025/02/13 14:38:31 /home/bryan/repos/skripsi/backend/setup/setup.go:78
[4.079ms] [rows:1] SELECT count(*) FROM INFORMATION_SCHEMA.table_constraints WHERE table_schema = CURRENT_SCHEMA() AND table_name = 'pet_daycares' AND constraint_name = 'fk_users_pet_daycare'

2025/02/13 14:38:31 /home/bryan/repos/skripsi/backend/setup/setup.go:78
[4.099ms] [rows:1] SELECT count(*) FROM INFORMATION_SCHEMA.table_constraints WHERE table_schema = CURRENT_SCHEMA() AND table_name = 'pet_daycares' AND constraint_name = 'fk_pet_daycares_daily_walks'

2025/02/13 14:38:31 /home/bryan/repos/skripsi/backend/setup/setup.go:78
[3.861ms] [rows:1] SELECT count(*) FROM INFORMATION_SCHEMA.table_constraints WHERE table_schema = CURRENT_SCHEMA() AND table_name = 'pet_daycares' AND constraint_name = 'fk_pet_daycares_daily_playtime'

2025/02/13 14:38:31 /home/bryan/repos/skripsi/backend/setup/setup.go:78
[2.823ms] [rows:1] SELECT count(*) FROM pg_indexes WHERE tablename = 'pet_daycares' AND indexname = 'idx_pet_daycares_deleted_at' AND schemaname = CURRENT_SCHEMA()

2025/02/13 14:38:31 /home/bryan/repos/skripsi/backend/setup/setup.go:78
[1.230ms] [rows:1] SELECT count(*) FROM information_schema.tables WHERE table_schema = CURRENT_SCHEMA() AND table_name = 'species' AND table_type = 'BASE TABLE'

2025/02/13 14:38:31 /home/bryan/repos/skripsi/backend/setup/setup.go:78
[0.844ms] [rows:1] SELECT CURRENT_DATABASE()

2025/02/13 14:38:31 /home/bryan/repos/skripsi/backend/setup/setup.go:78
[3.005ms] [rows:-] SELECT c.column_name, c.is_nullable = 'YES', c.udt_name, c.character_maximum_length, c.numeric_precision, c.numeric_precision_radix, c.numeric_scale, c.datetime_precision, 8 * typlen, c.column_default, pd.description, c.identity_increment FROM information_schema.columns AS c JOIN pg_type AS pgt ON c.udt_name = pgt.typname LEFT JOIN pg_catalog.pg_description as pd ON pd.objsubid = c.ordinal_position AND pd.objoid = (SELECT oid FROM pg_catalog.pg_class WHERE relname = c.table_name AND relnamespace = (SELECT oid FROM pg_catalog.pg_namespace WHERE nspname = c.table_schema)) where table_catalog = $1$ AND table_schema = CURRENT_SCHEMA() AND table_name = $2$

2025/02/13 14:38:31 /home/bryan/repos/skripsi/backend/setup/setup.go:78
[0.853ms] [rows:-] SELECT * FROM "species" LIMIT $1$

2025/02/13 14:38:31 /home/bryan/repos/skripsi/backend/setup/setup.go:78
[2.443ms] [rows:-] SELECT constraint_name FROM information_schema.table_constraints tc JOIN information_schema.constraint_column_usage AS ccu USING (constraint_schema, constraint_catalog, table_name, constraint_name) JOIN information_schema.columns AS c ON c.table_schema = tc.constraint_schema AND tc.table_name = c.table_name AND ccu.column_name = c.column_name WHERE constraint_type IN ('PRIMARY KEY', 'UNIQUE') AND c.table_catalog = $1$ AND c.table_schema = CURRENT_SCHEMA() AND c.table_name = $2$ AND constraint_type = $3$

2025/02/13 14:38:31 /home/bryan/repos/skripsi/backend/setup/setup.go:78
[2.354ms] [rows:-] SELECT c.column_name, constraint_name, constraint_type FROM information_schema.table_constraints tc JOIN information_schema.constraint_column_usage AS ccu USING (constraint_schema, constraint_catalog, table_name, constraint_name) JOIN information_schema.columns AS c ON c.table_schema = tc.constraint_schema AND tc.table_name = c.table_name AND ccu.column_name = c.column_name WHERE constraint_type IN ('PRIMARY KEY', 'UNIQUE') AND c.table_catalog = $1$ AND c.table_schema = CURRENT_SCHEMA() AND c.table_name = $2$

2025/02/13 14:38:31 /home/bryan/repos/skripsi/backend/setup/setup.go:78
[1.025ms] [rows:-] SELECT a.attname as column_name, format_type(a.atttypid, a.atttypmod) AS data_type
		FROM pg_attribute a JOIN pg_class b ON a.attrelid = b.oid AND relnamespace = (SELECT oid FROM pg_catalog.pg_namespace WHERE nspname = CURRENT_SCHEMA())
		WHERE a.attnum > 0 -- hide internal columns
		AND NOT a.attisdropped -- hide deleted columns
		AND b.relname = $1$

2025/02/13 14:38:31 /home/bryan/repos/skripsi/backend/setup/setup.go:78
[1.520ms] [rows:0] SELECT description FROM pg_catalog.pg_description WHERE objsubid = (SELECT ordinal_position FROM information_schema.columns WHERE table_schema = CURRENT_SCHEMA() AND table_name = 'species' AND column_name = 'id') AND objoid = (SELECT oid FROM pg_catalog.pg_class WHERE relname = 'species' AND relnamespace = (SELECT oid FROM pg_catalog.pg_namespace WHERE nspname = CURRENT_SCHEMA()))

2025/02/13 14:38:31 /home/bryan/repos/skripsi/backend/setup/setup.go:78
[1.557ms] [rows:0] SELECT description FROM pg_catalog.pg_description WHERE objsubid = (SELECT ordinal_position FROM information_schema.columns WHERE table_schema = CURRENT_SCHEMA() AND table_name = 'species' AND column_name = 'name') AND objoid = (SELECT oid FROM pg_catalog.pg_class WHERE relname = 'species' AND relnamespace = (SELECT oid FROM pg_catalog.pg_namespace WHERE nspname = CURRENT_SCHEMA()))

2025/02/13 14:38:31 /home/bryan/repos/skripsi/backend/setup/setup.go:78
[1.166ms] [rows:1] SELECT count(*) FROM information_schema.tables WHERE table_schema = CURRENT_SCHEMA() AND table_name = 'size_categories' AND table_type = 'BASE TABLE'

2025/02/13 14:38:31 /home/bryan/repos/skripsi/backend/setup/setup.go:78
[0.730ms] [rows:1] SELECT CURRENT_DATABASE()

2025/02/13 14:38:31 /home/bryan/repos/skripsi/backend/setup/setup.go:78
[4.168ms] [rows:-] SELECT c.column_name, c.is_nullable = 'YES', c.udt_name, c.character_maximum_length, c.numeric_precision, c.numeric_precision_radix, c.numeric_scale, c.datetime_precision, 8 * typlen, c.column_default, pd.description, c.identity_increment FROM information_schema.columns AS c JOIN pg_type AS pgt ON c.udt_name = pgt.typname LEFT JOIN pg_catalog.pg_description as pd ON pd.objsubid = c.ordinal_position AND pd.objoid = (SELECT oid FROM pg_catalog.pg_class WHERE relname = c.table_name AND relnamespace = (SELECT oid FROM pg_catalog.pg_namespace WHERE nspname = c.table_schema)) where table_catalog = $1$ AND table_schema = CURRENT_SCHEMA() AND table_name = $2$

2025/02/13 14:38:31 /home/bryan/repos/skripsi/backend/setup/setup.go:78
[1.013ms] [rows:-] SELECT * FROM "size_categories" LIMIT $1$

2025/02/13 14:38:31 /home/bryan/repos/skripsi/backend/setup/setup.go:78
[2.656ms] [rows:-] SELECT constraint_name FROM information_schema.table_constraints tc JOIN information_schema.constraint_column_usage AS ccu USING (constraint_schema, constraint_catalog, table_name, constraint_name) JOIN information_schema.columns AS c ON c.table_schema = tc.constraint_schema AND tc.table_name = c.table_name AND ccu.column_name = c.column_name WHERE constraint_type IN ('PRIMARY KEY', 'UNIQUE') AND c.table_catalog = $1$ AND c.table_schema = CURRENT_SCHEMA() AND c.table_name = $2$ AND constraint_type = $3$

2025/02/13 14:38:31 /home/bryan/repos/skripsi/backend/setup/setup.go:78
[2.581ms] [rows:-] SELECT c.column_name, constraint_name, constraint_type FROM information_schema.table_constraints tc JOIN information_schema.constraint_column_usage AS ccu USING (constraint_schema, constraint_catalog, table_name, constraint_name) JOIN information_schema.columns AS c ON c.table_schema = tc.constraint_schema AND tc.table_name = c.table_name AND ccu.column_name = c.column_name WHERE constraint_type IN ('PRIMARY KEY', 'UNIQUE') AND c.table_catalog = $1$ AND c.table_schema = CURRENT_SCHEMA() AND c.table_name = $2$

2025/02/13 14:38:31 /home/bryan/repos/skripsi/backend/setup/setup.go:78
[1.191ms] [rows:-] SELECT a.attname as column_name, format_type(a.atttypid, a.atttypmod) AS data_type
		FROM pg_attribute a JOIN pg_class b ON a.attrelid = b.oid AND relnamespace = (SELECT oid FROM pg_catalog.pg_namespace WHERE nspname = CURRENT_SCHEMA())
		WHERE a.attnum > 0 -- hide internal columns
		AND NOT a.attisdropped -- hide deleted columns
		AND b.relname = $1$

2025/02/13 14:38:31 /home/bryan/repos/skripsi/backend/setup/setup.go:78
[1.460ms] [rows:0] SELECT description FROM pg_catalog.pg_description WHERE objsubid = (SELECT ordinal_position FROM information_schema.columns WHERE table_schema = CURRENT_SCHEMA() AND table_name = 'size_categories' AND column_name = 'id') AND objoid = (SELECT oid FROM pg_catalog.pg_class WHERE relname = 'size_categories' AND relnamespace = (SELECT oid FROM pg_catalog.pg_namespace WHERE nspname = CURRENT_SCHEMA()))

2025/02/13 14:38:31 /home/bryan/repos/skripsi/backend/setup/setup.go:78
[1.663ms] [rows:0] SELECT description FROM pg_catalog.pg_description WHERE objsubid = (SELECT ordinal_position FROM information_schema.columns WHERE table_schema = CURRENT_SCHEMA() AND table_name = 'size_categories' AND column_name = 'name') AND objoid = (SELECT oid FROM pg_catalog.pg_class WHERE relname = 'size_categories' AND relnamespace = (SELECT oid FROM pg_catalog.pg_namespace WHERE nspname = CURRENT_SCHEMA()))

2025/02/13 14:38:31 /home/bryan/repos/skripsi/backend/setup/setup.go:78
[1.416ms] [rows:0] SELECT description FROM pg_catalog.pg_description WHERE objsubid = (SELECT ordinal_position FROM information_schema.columns WHERE table_schema = CURRENT_SCHEMA() AND table_name = 'size_categories' AND column_name = 'min_weight') AND objoid = (SELECT oid FROM pg_catalog.pg_class WHERE relname = 'size_categories' AND relnamespace = (SELECT oid FROM pg_catalog.pg_namespace WHERE nspname = CURRENT_SCHEMA()))

2025/02/13 14:38:31 /home/bryan/repos/skripsi/backend/setup/setup.go:78
[1.617ms] [rows:0] SELECT description FROM pg_catalog.pg_description WHERE objsubid = (SELECT ordinal_position FROM information_schema.columns WHERE table_schema = CURRENT_SCHEMA() AND table_name = 'size_categories' AND column_name = 'max_weight') AND objoid = (SELECT oid FROM pg_catalog.pg_class WHERE relname = 'size_categories' AND relnamespace = (SELECT oid FROM pg_catalog.pg_namespace WHERE nspname = CURRENT_SCHEMA()))

2025/02/13 14:38:31 /home/bryan/repos/skripsi/backend/setup/setup.go:78
[1.078ms] [rows:1] SELECT count(*) FROM information_schema.tables WHERE table_schema = CURRENT_SCHEMA() AND table_name = 'pets' AND table_type = 'BASE TABLE'

2025/02/13 14:38:31 /home/bryan/repos/skripsi/backend/setup/setup.go:78
[0.805ms] [rows:1] SELECT CURRENT_DATABASE()

2025/02/13 14:38:31 /home/bryan/repos/skripsi/backend/setup/setup.go:78
[3.774ms] [rows:-] SELECT c.column_name, c.is_nullable = 'YES', c.udt_name, c.character_maximum_length, c.numeric_precision, c.numeric_precision_radix, c.numeric_scale, c.datetime_precision, 8 * typlen, c.column_default, pd.description, c.identity_increment FROM information_schema.columns AS c JOIN pg_type AS pgt ON c.udt_name = pgt.typname LEFT JOIN pg_catalog.pg_description as pd ON pd.objsubid = c.ordinal_position AND pd.objoid = (SELECT oid FROM pg_catalog.pg_class WHERE relname = c.table_name AND relnamespace = (SELECT oid FROM pg_catalog.pg_namespace WHERE nspname = c.table_schema)) where table_catalog = $1$ AND table_schema = CURRENT_SCHEMA() AND table_name = $2$

2025/02/13 14:38:31 /home/bryan/repos/skripsi/backend/setup/setup.go:78
[0.945ms] [rows:-] SELECT * FROM "pets" LIMIT $1$

2025/02/13 14:38:31 /home/bryan/repos/skripsi/backend/setup/setup.go:78
[3.564ms] [rows:-] SELECT constraint_name FROM information_schema.table_constraints tc JOIN information_schema.constraint_column_usage AS ccu USING (constraint_schema, constraint_catalog, table_name, constraint_name) JOIN information_schema.columns AS c ON c.table_schema = tc.constraint_schema AND tc.table_name = c.table_name AND ccu.column_name = c.column_name WHERE constraint_type IN ('PRIMARY KEY', 'UNIQUE') AND c.table_catalog = $1$ AND c.table_schema = CURRENT_SCHEMA() AND c.table_name = $2$ AND constraint_type = $3$

2025/02/13 14:38:31 /home/bryan/repos/skripsi/backend/setup/setup.go:78
[4.053ms] [rows:-] SELECT c.column_name, constraint_name, constraint_type FROM information_schema.table_constraints tc JOIN information_schema.constraint_column_usage AS ccu USING (constraint_schema, constraint_catalog, table_name, constraint_name) JOIN information_schema.columns AS c ON c.table_schema = tc.constraint_schema AND tc.table_name = c.table_name AND ccu.column_name = c.column_name WHERE constraint_type IN ('PRIMARY KEY', 'UNIQUE') AND c.table_catalog = $1$ AND c.table_schema = CURRENT_SCHEMA() AND c.table_name = $2$

2025/02/13 14:38:31 /home/bryan/repos/skripsi/backend/setup/setup.go:78
[1.196ms] [rows:-] SELECT a.attname as column_name, format_type(a.atttypid, a.atttypmod) AS data_type
		FROM pg_attribute a JOIN pg_class b ON a.attrelid = b.oid AND relnamespace = (SELECT oid FROM pg_catalog.pg_namespace WHERE nspname = CURRENT_SCHEMA())
		WHERE a.attnum > 0 -- hide internal columns
		AND NOT a.attisdropped -- hide deleted columns
		AND b.relname = $1$

2025/02/13 14:38:31 /home/bryan/repos/skripsi/backend/setup/setup.go:78
[1.812ms] [rows:0] SELECT description FROM pg_catalog.pg_description WHERE objsubid = (SELECT ordinal_position FROM information_schema.columns WHERE table_schema = CURRENT_SCHEMA() AND table_name = 'pets' AND column_name = 'id') AND objoid = (SELECT oid FROM pg_catalog.pg_class WHERE relname = 'pets' AND relnamespace = (SELECT oid FROM pg_catalog.pg_namespace WHERE nspname = CURRENT_SCHEMA()))

2025/02/13 14:38:31 /home/bryan/repos/skripsi/backend/setup/setup.go:78
[1.705ms] [rows:0] SELECT description FROM pg_catalog.pg_description WHERE objsubid = (SELECT ordinal_position FROM information_schema.columns WHERE table_schema = CURRENT_SCHEMA() AND table_name = 'pets' AND column_name = 'created_at') AND objoid = (SELECT oid FROM pg_catalog.pg_class WHERE relname = 'pets' AND relnamespace = (SELECT oid FROM pg_catalog.pg_namespace WHERE nspname = CURRENT_SCHEMA()))

2025/02/13 14:38:31 /home/bryan/repos/skripsi/backend/setup/setup.go:78
[2.112ms] [rows:0] SELECT description FROM pg_catalog.pg_description WHERE objsubid = (SELECT ordinal_position FROM information_schema.columns WHERE table_schema = CURRENT_SCHEMA() AND table_name = 'pets' AND column_name = 'updated_at') AND objoid = (SELECT oid FROM pg_catalog.pg_class WHERE relname = 'pets' AND relnamespace = (SELECT oid FROM pg_catalog.pg_namespace WHERE nspname = CURRENT_SCHEMA()))

2025/02/13 14:38:31 /home/bryan/repos/skripsi/backend/setup/setup.go:78
[2.406ms] [rows:0] SELECT description FROM pg_catalog.pg_description WHERE objsubid = (SELECT ordinal_position FROM information_schema.columns WHERE table_schema = CURRENT_SCHEMA() AND table_name = 'pets' AND column_name = 'deleted_at') AND objoid = (SELECT oid FROM pg_catalog.pg_class WHERE relname = 'pets' AND relnamespace = (SELECT oid FROM pg_catalog.pg_namespace WHERE nspname = CURRENT_SCHEMA()))

2025/02/13 14:38:31 /home/bryan/repos/skripsi/backend/setup/setup.go:78
[2.421ms] [rows:0] SELECT description FROM pg_catalog.pg_description WHERE objsubid = (SELECT ordinal_position FROM information_schema.columns WHERE table_schema = CURRENT_SCHEMA() AND table_name = 'pets' AND column_name = 'name') AND objoid = (SELECT oid FROM pg_catalog.pg_class WHERE relname = 'pets' AND relnamespace = (SELECT oid FROM pg_catalog.pg_namespace WHERE nspname = CURRENT_SCHEMA()))

2025/02/13 14:38:31 /home/bryan/repos/skripsi/backend/setup/setup.go:78
[2.204ms] [rows:0] SELECT description FROM pg_catalog.pg_description WHERE objsubid = (SELECT ordinal_position FROM information_schema.columns WHERE table_schema = CURRENT_SCHEMA() AND table_name = 'pets' AND column_name = 'image_url') AND objoid = (SELECT oid FROM pg_catalog.pg_class WHERE relname = 'pets' AND relnamespace = (SELECT oid FROM pg_catalog.pg_namespace WHERE nspname = CURRENT_SCHEMA()))

2025/02/13 14:38:32 /home/bryan/repos/skripsi/backend/setup/setup.go:78
[2.243ms] [rows:0] SELECT description FROM pg_catalog.pg_description WHERE objsubid = (SELECT ordinal_position FROM information_schema.columns WHERE table_schema = CURRENT_SCHEMA() AND table_name = 'pets' AND column_name = 'status') AND objoid = (SELECT oid FROM pg_catalog.pg_class WHERE relname = 'pets' AND relnamespace = (SELECT oid FROM pg_catalog.pg_namespace WHERE nspname = CURRENT_SCHEMA()))

2025/02/13 14:38:32 /home/bryan/repos/skripsi/backend/setup/setup.go:78
[2.240ms] [rows:0] SELECT description FROM pg_catalog.pg_description WHERE objsubid = (SELECT ordinal_position FROM information_schema.columns WHERE table_schema = CURRENT_SCHEMA() AND table_name = 'pets' AND column_name = 'owner_id') AND objoid = (SELECT oid FROM pg_catalog.pg_class WHERE relname = 'pets' AND relnamespace = (SELECT oid FROM pg_catalog.pg_namespace WHERE nspname = CURRENT_SCHEMA()))

2025/02/13 14:38:32 /home/bryan/repos/skripsi/backend/setup/setup.go:78
[2.207ms] [rows:0] SELECT description FROM pg_catalog.pg_description WHERE objsubid = (SELECT ordinal_position FROM information_schema.columns WHERE table_schema = CURRENT_SCHEMA() AND table_name = 'pets' AND column_name = 'species_id') AND objoid = (SELECT oid FROM pg_catalog.pg_class WHERE relname = 'pets' AND relnamespace = (SELECT oid FROM pg_catalog.pg_namespace WHERE nspname = CURRENT_SCHEMA()))

2025/02/13 14:38:32 /home/bryan/repos/skripsi/backend/setup/setup.go:78
[2.238ms] [rows:0] SELECT description FROM pg_catalog.pg_description WHERE objsubid = (SELECT ordinal_position FROM information_schema.columns WHERE table_schema = CURRENT_SCHEMA() AND table_name = 'pets' AND column_name = 'size_id') AND objoid = (SELECT oid FROM pg_catalog.pg_class WHERE relname = 'pets' AND relnamespace = (SELECT oid FROM pg_catalog.pg_namespace WHERE nspname = CURRENT_SCHEMA()))

2025/02/13 14:38:32 /home/bryan/repos/skripsi/backend/setup/setup.go:78
[1.794ms] [rows:1] SELECT count(*) FROM INFORMATION_SCHEMA.table_constraints WHERE table_schema = CURRENT_SCHEMA() AND table_name = 'pets' AND constraint_name = 'fk_users_pets'

2025/02/13 14:38:32 /home/bryan/repos/skripsi/backend/setup/setup.go:78
[1.861ms] [rows:1] SELECT count(*) FROM INFORMATION_SCHEMA.table_constraints WHERE table_schema = CURRENT_SCHEMA() AND table_name = 'pets' AND constraint_name = 'fk_pets_species'

2025/02/13 14:38:32 /home/bryan/repos/skripsi/backend/setup/setup.go:78
[1.891ms] [rows:1] SELECT count(*) FROM INFORMATION_SCHEMA.table_constraints WHERE table_schema = CURRENT_SCHEMA() AND table_name = 'pets' AND constraint_name = 'fk_pets_size_category'

2025/02/13 14:38:32 /home/bryan/repos/skripsi/backend/setup/setup.go:78
[4.138ms] [rows:1] SELECT count(*) FROM pg_indexes WHERE tablename = 'pets' AND indexname = 'idx_pets_deleted_at' AND schemaname = CURRENT_SCHEMA()

2025/02/13 14:38:32 /home/bryan/repos/skripsi/backend/setup/setup.go:78
[1.609ms] [rows:1] SELECT count(*) FROM information_schema.tables WHERE table_schema = CURRENT_SCHEMA() AND table_name = 'slots' AND table_type = 'BASE TABLE'

2025/02/13 14:38:32 /home/bryan/repos/skripsi/backend/setup/setup.go:78
[1.154ms] [rows:1] SELECT CURRENT_DATABASE()

2025/02/13 14:38:32 /home/bryan/repos/skripsi/backend/setup/setup.go:78
[5.371ms] [rows:-] SELECT c.column_name, c.is_nullable = 'YES', c.udt_name, c.character_maximum_length, c.numeric_precision, c.numeric_precision_radix, c.numeric_scale, c.datetime_precision, 8 * typlen, c.column_default, pd.description, c.identity_increment FROM information_schema.columns AS c JOIN pg_type AS pgt ON c.udt_name = pgt.typname LEFT JOIN pg_catalog.pg_description as pd ON pd.objsubid = c.ordinal_position AND pd.objoid = (SELECT oid FROM pg_catalog.pg_class WHERE relname = c.table_name AND relnamespace = (SELECT oid FROM pg_catalog.pg_namespace WHERE nspname = c.table_schema)) where table_catalog = $1$ AND table_schema = CURRENT_SCHEMA() AND table_name = $2$

2025/02/13 14:38:32 /home/bryan/repos/skripsi/backend/setup/setup.go:78
[1.907ms] [rows:-] SELECT * FROM "slots" LIMIT $1$

2025/02/13 14:38:32 /home/bryan/repos/skripsi/backend/setup/setup.go:78
[5.833ms] [rows:-] SELECT constraint_name FROM information_schema.table_constraints tc JOIN information_schema.constraint_column_usage AS ccu USING (constraint_schema, constraint_catalog, table_name, constraint_name) JOIN information_schema.columns AS c ON c.table_schema = tc.constraint_schema AND tc.table_name = c.table_name AND ccu.column_name = c.column_name WHERE constraint_type IN ('PRIMARY KEY', 'UNIQUE') AND c.table_catalog = $1$ AND c.table_schema = CURRENT_SCHEMA() AND c.table_name = $2$ AND constraint_type = $3$

2025/02/13 14:38:32 /home/bryan/repos/skripsi/backend/setup/setup.go:78
[7.387ms] [rows:-] SELECT c.column_name, constraint_name, constraint_type FROM information_schema.table_constraints tc JOIN information_schema.constraint_column_usage AS ccu USING (constraint_schema, constraint_catalog, table_name, constraint_name) JOIN information_schema.columns AS c ON c.table_schema = tc.constraint_schema AND tc.table_name = c.table_name AND ccu.column_name = c.column_name WHERE constraint_type IN ('PRIMARY KEY', 'UNIQUE') AND c.table_catalog = $1$ AND c.table_schema = CURRENT_SCHEMA() AND c.table_name = $2$

2025/02/13 14:38:32 /home/bryan/repos/skripsi/backend/setup/setup.go:78
[2.479ms] [rows:-] SELECT a.attname as column_name, format_type(a.atttypid, a.atttypmod) AS data_type
		FROM pg_attribute a JOIN pg_class b ON a.attrelid = b.oid AND relnamespace = (SELECT oid FROM pg_catalog.pg_namespace WHERE nspname = CURRENT_SCHEMA())
		WHERE a.attnum > 0 -- hide internal columns
		AND NOT a.attisdropped -- hide deleted columns
		AND b.relname = $1$

2025/02/13 14:38:32 /home/bryan/repos/skripsi/backend/setup/setup.go:78
[3.898ms] [rows:0] SELECT description FROM pg_catalog.pg_description WHERE objsubid = (SELECT ordinal_position FROM information_schema.columns WHERE table_schema = CURRENT_SCHEMA() AND table_name = 'slots' AND column_name = 'id') AND objoid = (SELECT oid FROM pg_catalog.pg_class WHERE relname = 'slots' AND relnamespace = (SELECT oid FROM pg_catalog.pg_namespace WHERE nspname = CURRENT_SCHEMA()))

2025/02/13 14:38:32 /home/bryan/repos/skripsi/backend/setup/setup.go:78
[3.828ms] [rows:0] SELECT description FROM pg_catalog.pg_description WHERE objsubid = (SELECT ordinal_position FROM information_schema.columns WHERE table_schema = CURRENT_SCHEMA() AND table_name = 'slots' AND column_name = 'created_at') AND objoid = (SELECT oid FROM pg_catalog.pg_class WHERE relname = 'slots' AND relnamespace = (SELECT oid FROM pg_catalog.pg_namespace WHERE nspname = CURRENT_SCHEMA()))

2025/02/13 14:38:32 /home/bryan/repos/skripsi/backend/setup/setup.go:78
[4.042ms] [rows:0] SELECT description FROM pg_catalog.pg_description WHERE objsubid = (SELECT ordinal_position FROM information_schema.columns WHERE table_schema = CURRENT_SCHEMA() AND table_name = 'slots' AND column_name = 'updated_at') AND objoid = (SELECT oid FROM pg_catalog.pg_class WHERE relname = 'slots' AND relnamespace = (SELECT oid FROM pg_catalog.pg_namespace WHERE nspname = CURRENT_SCHEMA()))

2025/02/13 14:38:32 /home/bryan/repos/skripsi/backend/setup/setup.go:78
[4.033ms] [rows:0] SELECT description FROM pg_catalog.pg_description WHERE objsubid = (SELECT ordinal_position FROM information_schema.columns WHERE table_schema = CURRENT_SCHEMA() AND table_name = 'slots' AND column_name = 'deleted_at') AND objoid = (SELECT oid FROM pg_catalog.pg_class WHERE relname = 'slots' AND relnamespace = (SELECT oid FROM pg_catalog.pg_namespace WHERE nspname = CURRENT_SCHEMA()))

2025/02/13 14:38:32 /home/bryan/repos/skripsi/backend/setup/setup.go:78
[4.226ms] [rows:0] SELECT description FROM pg_catalog.pg_description WHERE objsubid = (SELECT ordinal_position FROM information_schema.columns WHERE table_schema = CURRENT_SCHEMA() AND table_name = 'slots' AND column_name = 'daycare_id') AND objoid = (SELECT oid FROM pg_catalog.pg_class WHERE relname = 'slots' AND relnamespace = (SELECT oid FROM pg_catalog.pg_namespace WHERE nspname = CURRENT_SCHEMA()))

2025/02/13 14:38:32 /home/bryan/repos/skripsi/backend/setup/setup.go:78
[4.035ms] [rows:0] SELECT description FROM pg_catalog.pg_description WHERE objsubid = (SELECT ordinal_position FROM information_schema.columns WHERE table_schema = CURRENT_SCHEMA() AND table_name = 'slots' AND column_name = 'species_id') AND objoid = (SELECT oid FROM pg_catalog.pg_class WHERE relname = 'slots' AND relnamespace = (SELECT oid FROM pg_catalog.pg_namespace WHERE nspname = CURRENT_SCHEMA()))

2025/02/13 14:38:32 /home/bryan/repos/skripsi/backend/setup/setup.go:78
[4.625ms] [rows:0] SELECT description FROM pg_catalog.pg_description WHERE objsubid = (SELECT ordinal_position FROM information_schema.columns WHERE table_schema = CURRENT_SCHEMA() AND table_name = 'slots' AND column_name = 'size_category_id') AND objoid = (SELECT oid FROM pg_catalog.pg_class WHERE relname = 'slots' AND relnamespace = (SELECT oid FROM pg_catalog.pg_namespace WHERE nspname = CURRENT_SCHEMA()))

2025/02/13 14:38:32 /home/bryan/repos/skripsi/backend/setup/setup.go:78
[3.797ms] [rows:0] SELECT description FROM pg_catalog.pg_description WHERE objsubid = (SELECT ordinal_position FROM information_schema.columns WHERE table_schema = CURRENT_SCHEMA() AND table_name = 'slots' AND column_name = 'max_number') AND objoid = (SELECT oid FROM pg_catalog.pg_class WHERE relname = 'slots' AND relnamespace = (SELECT oid FROM pg_catalog.pg_namespace WHERE nspname = CURRENT_SCHEMA()))

2025/02/13 14:38:32 /home/bryan/repos/skripsi/backend/setup/setup.go:78
[3.345ms] [rows:1] SELECT count(*) FROM INFORMATION_SCHEMA.table_constraints WHERE table_schema = CURRENT_SCHEMA() AND table_name = 'slots' AND constraint_name = 'fk_pet_daycares_slots'

2025/02/13 14:38:32 /home/bryan/repos/skripsi/backend/setup/setup.go:78
[7.347ms] [rows:1] SELECT count(*) FROM pg_indexes WHERE tablename = 'slots' AND indexname = 'idx_slots_deleted_at' AND schemaname = CURRENT_SCHEMA()

2025/02/13 14:38:32 /home/bryan/repos/skripsi/backend/setup/setup.go:78
[2.864ms] [rows:1] SELECT count(*) FROM information_schema.tables WHERE table_schema = CURRENT_SCHEMA() AND table_name = 'booked_slots' AND table_type = 'BASE TABLE'

2025/02/13 14:38:32 /home/bryan/repos/skripsi/backend/setup/setup.go:78
[2.035ms] [rows:1] SELECT CURRENT_DATABASE()

2025/02/13 14:38:32 /home/bryan/repos/skripsi/backend/setup/setup.go:78
[9.039ms] [rows:-] SELECT c.column_name, c.is_nullable = 'YES', c.udt_name, c.character_maximum_length, c.numeric_precision, c.numeric_precision_radix, c.numeric_scale, c.datetime_precision, 8 * typlen, c.column_default, pd.description, c.identity_increment FROM information_schema.columns AS c JOIN pg_type AS pgt ON c.udt_name = pgt.typname LEFT JOIN pg_catalog.pg_description as pd ON pd.objsubid = c.ordinal_position AND pd.objoid = (SELECT oid FROM pg_catalog.pg_class WHERE relname = c.table_name AND relnamespace = (SELECT oid FROM pg_catalog.pg_namespace WHERE nspname = c.table_schema)) where table_catalog = $1$ AND table_schema = CURRENT_SCHEMA() AND table_name = $2$

2025/02/13 14:38:32 /home/bryan/repos/skripsi/backend/setup/setup.go:78
[2.570ms] [rows:-] SELECT * FROM "booked_slots" LIMIT $1$

2025/02/13 14:38:32 /home/bryan/repos/skripsi/backend/setup/setup.go:78
[8.501ms] [rows:-] SELECT constraint_name FROM information_schema.table_constraints tc JOIN information_schema.constraint_column_usage AS ccu USING (constraint_schema, constraint_catalog, table_name, constraint_name) JOIN information_schema.columns AS c ON c.table_schema = tc.constraint_schema AND tc.table_name = c.table_name AND ccu.column_name = c.column_name WHERE constraint_type IN ('PRIMARY KEY', 'UNIQUE') AND c.table_catalog = $1$ AND c.table_schema = CURRENT_SCHEMA() AND c.table_name = $2$ AND constraint_type = $3$

2025/02/13 14:38:32 /home/bryan/repos/skripsi/backend/setup/setup.go:78
[8.485ms] [rows:-] SELECT c.column_name, constraint_name, constraint_type FROM information_schema.table_constraints tc JOIN information_schema.constraint_column_usage AS ccu USING (constraint_schema, constraint_catalog, table_name, constraint_name) JOIN information_schema.columns AS c ON c.table_schema = tc.constraint_schema AND tc.table_name = c.table_name AND ccu.column_name = c.column_name WHERE constraint_type IN ('PRIMARY KEY', 'UNIQUE') AND c.table_catalog = $1$ AND c.table_schema = CURRENT_SCHEMA() AND c.table_name = $2$

2025/02/13 14:38:32 /home/bryan/repos/skripsi/backend/setup/setup.go:78
[2.719ms] [rows:-] SELECT a.attname as column_name, format_type(a.atttypid, a.atttypmod) AS data_type
		FROM pg_attribute a JOIN pg_class b ON a.attrelid = b.oid AND relnamespace = (SELECT oid FROM pg_catalog.pg_namespace WHERE nspname = CURRENT_SCHEMA())
		WHERE a.attnum > 0 -- hide internal columns
		AND NOT a.attisdropped -- hide deleted columns
		AND b.relname = $1$

2025/02/13 14:38:32 /home/bryan/repos/skripsi/backend/setup/setup.go:78
[4.323ms] [rows:0] SELECT description FROM pg_catalog.pg_description WHERE objsubid = (SELECT ordinal_position FROM information_schema.columns WHERE table_schema = CURRENT_SCHEMA() AND table_name = 'booked_slots' AND column_name = 'id') AND objoid = (SELECT oid FROM pg_catalog.pg_class WHERE relname = 'booked_slots' AND relnamespace = (SELECT oid FROM pg_catalog.pg_namespace WHERE nspname = CURRENT_SCHEMA()))

2025/02/13 14:38:32 /home/bryan/repos/skripsi/backend/setup/setup.go:78
[4.000ms] [rows:0] SELECT description FROM pg_catalog.pg_description WHERE objsubid = (SELECT ordinal_position FROM information_schema.columns WHERE table_schema = CURRENT_SCHEMA() AND table_name = 'booked_slots' AND column_name = 'created_at') AND objoid = (SELECT oid FROM pg_catalog.pg_class WHERE relname = 'booked_slots' AND relnamespace = (SELECT oid FROM pg_catalog.pg_namespace WHERE nspname = CURRENT_SCHEMA()))

2025/02/13 14:38:32 /home/bryan/repos/skripsi/backend/setup/setup.go:78
[4.130ms] [rows:0] SELECT description FROM pg_catalog.pg_description WHERE objsubid = (SELECT ordinal_position FROM information_schema.columns WHERE table_schema = CURRENT_SCHEMA() AND table_name = 'booked_slots' AND column_name = 'updated_at') AND objoid = (SELECT oid FROM pg_catalog.pg_class WHERE relname = 'booked_slots' AND relnamespace = (SELECT oid FROM pg_catalog.pg_namespace WHERE nspname = CURRENT_SCHEMA()))

2025/02/13 14:38:32 /home/bryan/repos/skripsi/backend/setup/setup.go:78
[4.033ms] [rows:0] SELECT description FROM pg_catalog.pg_description WHERE objsubid = (SELECT ordinal_position FROM information_schema.columns WHERE table_schema = CURRENT_SCHEMA() AND table_name = 'booked_slots' AND column_name = 'deleted_at') AND objoid = (SELECT oid FROM pg_catalog.pg_class WHERE relname = 'booked_slots' AND relnamespace = (SELECT oid FROM pg_catalog.pg_namespace WHERE nspname = CURRENT_SCHEMA()))

2025/02/13 14:38:32 /home/bryan/repos/skripsi/backend/setup/setup.go:78
[3.949ms] [rows:0] SELECT description FROM pg_catalog.pg_description WHERE objsubid = (SELECT ordinal_position FROM information_schema.columns WHERE table_schema = CURRENT_SCHEMA() AND table_name = 'booked_slots' AND column_name = 'user_id') AND objoid = (SELECT oid FROM pg_catalog.pg_class WHERE relname = 'booked_slots' AND relnamespace = (SELECT oid FROM pg_catalog.pg_namespace WHERE nspname = CURRENT_SCHEMA()))

2025/02/13 14:38:32 /home/bryan/repos/skripsi/backend/setup/setup.go:78
[4.145ms] [rows:0] SELECT description FROM pg_catalog.pg_description WHERE objsubid = (SELECT ordinal_position FROM information_schema.columns WHERE table_schema = CURRENT_SCHEMA() AND table_name = 'booked_slots' AND column_name = 'daycare_id') AND objoid = (SELECT oid FROM pg_catalog.pg_class WHERE relname = 'booked_slots' AND relnamespace = (SELECT oid FROM pg_catalog.pg_namespace WHERE nspname = CURRENT_SCHEMA()))

2025/02/13 14:38:32 /home/bryan/repos/skripsi/backend/setup/setup.go:78
[3.944ms] [rows:0] SELECT description FROM pg_catalog.pg_description WHERE objsubid = (SELECT ordinal_position FROM information_schema.columns WHERE table_schema = CURRENT_SCHEMA() AND table_name = 'booked_slots' AND column_name = 'pet_id') AND objoid = (SELECT oid FROM pg_catalog.pg_class WHERE relname = 'booked_slots' AND relnamespace = (SELECT oid FROM pg_catalog.pg_namespace WHERE nspname = CURRENT_SCHEMA()))

2025/02/13 14:38:32 /home/bryan/repos/skripsi/backend/setup/setup.go:78
[3.964ms] [rows:0] SELECT description FROM pg_catalog.pg_description WHERE objsubid = (SELECT ordinal_position FROM information_schema.columns WHERE table_schema = CURRENT_SCHEMA() AND table_name = 'booked_slots' AND column_name = 'start_date') AND objoid = (SELECT oid FROM pg_catalog.pg_class WHERE relname = 'booked_slots' AND relnamespace = (SELECT oid FROM pg_catalog.pg_namespace WHERE nspname = CURRENT_SCHEMA()))

2025/02/13 14:38:32 /home/bryan/repos/skripsi/backend/setup/setup.go:78
[3.950ms] [rows:0] SELECT description FROM pg_catalog.pg_description WHERE objsubid = (SELECT ordinal_position FROM information_schema.columns WHERE table_schema = CURRENT_SCHEMA() AND table_name = 'booked_slots' AND column_name = 'end_date') AND objoid = (SELECT oid FROM pg_catalog.pg_class WHERE relname = 'booked_slots' AND relnamespace = (SELECT oid FROM pg_catalog.pg_namespace WHERE nspname = CURRENT_SCHEMA()))

2025/02/13 14:38:32 /home/bryan/repos/skripsi/backend/setup/setup.go:78
[3.540ms] [rows:1] SELECT count(*) FROM INFORMATION_SCHEMA.table_constraints WHERE table_schema = CURRENT_SCHEMA() AND table_name = 'booked_slots' AND constraint_name = 'fk_booked_slots_user'

2025/02/13 14:38:32 /home/bryan/repos/skripsi/backend/setup/setup.go:78
[3.302ms] [rows:1] SELECT count(*) FROM INFORMATION_SCHEMA.table_constraints WHERE table_schema = CURRENT_SCHEMA() AND table_name = 'booked_slots' AND constraint_name = 'fk_pets_booked_slots'

2025/02/13 14:38:32 /home/bryan/repos/skripsi/backend/setup/setup.go:78
[3.455ms] [rows:1] SELECT count(*) FROM INFORMATION_SCHEMA.table_constraints WHERE table_schema = CURRENT_SCHEMA() AND table_name = 'booked_slots' AND constraint_name = 'fk_pet_daycares_booked_slots'

2025/02/13 14:38:32 /home/bryan/repos/skripsi/backend/setup/setup.go:78
[7.164ms] [rows:1] SELECT count(*) FROM pg_indexes WHERE tablename = 'booked_slots' AND indexname = 'idx_booked_slots_deleted_at' AND schemaname = CURRENT_SCHEMA()

2025/02/13 14:38:32 /home/bryan/repos/skripsi/backend/setup/setup.go:78
[2.874ms] [rows:1] SELECT count(*) FROM information_schema.tables WHERE table_schema = CURRENT_SCHEMA() AND table_name = 'thumbnails' AND table_type = 'BASE TABLE'

2025/02/13 14:38:32 /home/bryan/repos/skripsi/backend/setup/setup.go:78
[2.024ms] [rows:1] SELECT CURRENT_DATABASE()

2025/02/13 14:38:32 /home/bryan/repos/skripsi/backend/setup/setup.go:78
[7.859ms] [rows:-] SELECT c.column_name, c.is_nullable = 'YES', c.udt_name, c.character_maximum_length, c.numeric_precision, c.numeric_precision_radix, c.numeric_scale, c.datetime_precision, 8 * typlen, c.column_default, pd.description, c.identity_increment FROM information_schema.columns AS c JOIN pg_type AS pgt ON c.udt_name = pgt.typname LEFT JOIN pg_catalog.pg_description as pd ON pd.objsubid = c.ordinal_position AND pd.objoid = (SELECT oid FROM pg_catalog.pg_class WHERE relname = c.table_name AND relnamespace = (SELECT oid FROM pg_catalog.pg_namespace WHERE nspname = c.table_schema)) where table_catalog = $1$ AND table_schema = CURRENT_SCHEMA() AND table_name = $2$

2025/02/13 14:38:32 /home/bryan/repos/skripsi/backend/setup/setup.go:78
[2.760ms] [rows:-] SELECT * FROM "thumbnails" LIMIT $1$

2025/02/13 14:38:32 /home/bryan/repos/skripsi/backend/setup/setup.go:78
[6.844ms] [rows:-] SELECT constraint_name FROM information_schema.table_constraints tc JOIN information_schema.constraint_column_usage AS ccu USING (constraint_schema, constraint_catalog, table_name, constraint_name) JOIN information_schema.columns AS c ON c.table_schema = tc.constraint_schema AND tc.table_name = c.table_name AND ccu.column_name = c.column_name WHERE constraint_type IN ('PRIMARY KEY', 'UNIQUE') AND c.table_catalog = $1$ AND c.table_schema = CURRENT_SCHEMA() AND c.table_name = $2$ AND constraint_type = $3$

2025/02/13 14:38:32 /home/bryan/repos/skripsi/backend/setup/setup.go:78
[6.777ms] [rows:-] SELECT c.column_name, constraint_name, constraint_type FROM information_schema.table_constraints tc JOIN information_schema.constraint_column_usage AS ccu USING (constraint_schema, constraint_catalog, table_name, constraint_name) JOIN information_schema.columns AS c ON c.table_schema = tc.constraint_schema AND tc.table_name = c.table_name AND ccu.column_name = c.column_name WHERE constraint_type IN ('PRIMARY KEY', 'UNIQUE') AND c.table_catalog = $1$ AND c.table_schema = CURRENT_SCHEMA() AND c.table_name = $2$

2025/02/13 14:38:32 /home/bryan/repos/skripsi/backend/setup/setup.go:78
[3.402ms] [rows:-] SELECT a.attname as column_name, format_type(a.atttypid, a.atttypmod) AS data_type
		FROM pg_attribute a JOIN pg_class b ON a.attrelid = b.oid AND relnamespace = (SELECT oid FROM pg_catalog.pg_namespace WHERE nspname = CURRENT_SCHEMA())
		WHERE a.attnum > 0 -- hide internal columns
		AND NOT a.attisdropped -- hide deleted columns
		AND b.relname = $1$

2025/02/13 14:38:32 /home/bryan/repos/skripsi/backend/setup/setup.go:78
[5.817ms] [rows:0] SELECT description FROM pg_catalog.pg_description WHERE objsubid = (SELECT ordinal_position FROM information_schema.columns WHERE table_schema = CURRENT_SCHEMA() AND table_name = 'thumbnails' AND column_name = 'id') AND objoid = (SELECT oid FROM pg_catalog.pg_class WHERE relname = 'thumbnails' AND relnamespace = (SELECT oid FROM pg_catalog.pg_namespace WHERE nspname = CURRENT_SCHEMA()))

2025/02/13 14:38:32 /home/bryan/repos/skripsi/backend/setup/setup.go:78
[4.314ms] [rows:0] SELECT description FROM pg_catalog.pg_description WHERE objsubid = (SELECT ordinal_position FROM information_schema.columns WHERE table_schema = CURRENT_SCHEMA() AND table_name = 'thumbnails' AND column_name = 'daycare_id') AND objoid = (SELECT oid FROM pg_catalog.pg_class WHERE relname = 'thumbnails' AND relnamespace = (SELECT oid FROM pg_catalog.pg_namespace WHERE nspname = CURRENT_SCHEMA()))

2025/02/13 14:38:32 /home/bryan/repos/skripsi/backend/setup/setup.go:78
[4.078ms] [rows:0] SELECT description FROM pg_catalog.pg_description WHERE objsubid = (SELECT ordinal_position FROM information_schema.columns WHERE table_schema = CURRENT_SCHEMA() AND table_name = 'thumbnails' AND column_name = 'image_url') AND objoid = (SELECT oid FROM pg_catalog.pg_class WHERE relname = 'thumbnails' AND relnamespace = (SELECT oid FROM pg_catalog.pg_namespace WHERE nspname = CURRENT_SCHEMA()))

2025/02/13 14:38:32 /home/bryan/repos/skripsi/backend/setup/setup.go:78
[3.576ms] [rows:1] SELECT count(*) FROM INFORMATION_SCHEMA.table_constraints WHERE table_schema = CURRENT_SCHEMA() AND table_name = 'thumbnails' AND constraint_name = 'fk_pet_daycares_thumbnails'

2025/02/13 14:38:32 /home/bryan/repos/skripsi/backend/setup/setup.go:78
[3.127ms] [rows:1] SELECT count(*) FROM information_schema.tables WHERE table_schema = CURRENT_SCHEMA() AND table_name = 'reviews' AND table_type = 'BASE TABLE'

2025/02/13 14:38:32 /home/bryan/repos/skripsi/backend/setup/setup.go:78
[2.194ms] [rows:1] SELECT CURRENT_DATABASE()

2025/02/13 14:38:32 /home/bryan/repos/skripsi/backend/setup/setup.go:78
[9.058ms] [rows:-] SELECT c.column_name, c.is_nullable = 'YES', c.udt_name, c.character_maximum_length, c.numeric_precision, c.numeric_precision_radix, c.numeric_scale, c.datetime_precision, 8 * typlen, c.column_default, pd.description, c.identity_increment FROM information_schema.columns AS c JOIN pg_type AS pgt ON c.udt_name = pgt.typname LEFT JOIN pg_catalog.pg_description as pd ON pd.objsubid = c.ordinal_position AND pd.objoid = (SELECT oid FROM pg_catalog.pg_class WHERE relname = c.table_name AND relnamespace = (SELECT oid FROM pg_catalog.pg_namespace WHERE nspname = c.table_schema)) where table_catalog = $1$ AND table_schema = CURRENT_SCHEMA() AND table_name = $2$

2025/02/13 14:38:32 /home/bryan/repos/skripsi/backend/setup/setup.go:78
[2.550ms] [rows:-] SELECT * FROM "reviews" LIMIT $1$

2025/02/13 14:38:32 /home/bryan/repos/skripsi/backend/setup/setup.go:78
[7.429ms] [rows:-] SELECT constraint_name FROM information_schema.table_constraints tc JOIN information_schema.constraint_column_usage AS ccu USING (constraint_schema, constraint_catalog, table_name, constraint_name) JOIN information_schema.columns AS c ON c.table_schema = tc.constraint_schema AND tc.table_name = c.table_name AND ccu.column_name = c.column_name WHERE constraint_type IN ('PRIMARY KEY', 'UNIQUE') AND c.table_catalog = $1$ AND c.table_schema = CURRENT_SCHEMA() AND c.table_name = $2$ AND constraint_type = $3$

2025/02/13 14:38:32 /home/bryan/repos/skripsi/backend/setup/setup.go:78
[7.899ms] [rows:-] SELECT c.column_name, constraint_name, constraint_type FROM information_schema.table_constraints tc JOIN information_schema.constraint_column_usage AS ccu USING (constraint_schema, constraint_catalog, table_name, constraint_name) JOIN information_schema.columns AS c ON c.table_schema = tc.constraint_schema AND tc.table_name = c.table_name AND ccu.column_name = c.column_name WHERE constraint_type IN ('PRIMARY KEY', 'UNIQUE') AND c.table_catalog = $1$ AND c.table_schema = CURRENT_SCHEMA() AND c.table_name = $2$

2025/02/13 14:38:32 /home/bryan/repos/skripsi/backend/setup/setup.go:78
[2.571ms] [rows:-] SELECT a.attname as column_name, format_type(a.atttypid, a.atttypmod) AS data_type
		FROM pg_attribute a JOIN pg_class b ON a.attrelid = b.oid AND relnamespace = (SELECT oid FROM pg_catalog.pg_namespace WHERE nspname = CURRENT_SCHEMA())
		WHERE a.attnum > 0 -- hide internal columns
		AND NOT a.attisdropped -- hide deleted columns
		AND b.relname = $1$

2025/02/13 14:38:32 /home/bryan/repos/skripsi/backend/setup/setup.go:78
[3.759ms] [rows:0] SELECT description FROM pg_catalog.pg_description WHERE objsubid = (SELECT ordinal_position FROM information_schema.columns WHERE table_schema = CURRENT_SCHEMA() AND table_name = 'reviews' AND column_name = 'id') AND objoid = (SELECT oid FROM pg_catalog.pg_class WHERE relname = 'reviews' AND relnamespace = (SELECT oid FROM pg_catalog.pg_namespace WHERE nspname = CURRENT_SCHEMA()))

2025/02/13 14:38:32 /home/bryan/repos/skripsi/backend/setup/setup.go:78
[4.029ms] [rows:0] SELECT description FROM pg_catalog.pg_description WHERE objsubid = (SELECT ordinal_position FROM information_schema.columns WHERE table_schema = CURRENT_SCHEMA() AND table_name = 'reviews' AND column_name = 'created_at') AND objoid = (SELECT oid FROM pg_catalog.pg_class WHERE relname = 'reviews' AND relnamespace = (SELECT oid FROM pg_catalog.pg_namespace WHERE nspname = CURRENT_SCHEMA()))

2025/02/13 14:38:32 /home/bryan/repos/skripsi/backend/setup/setup.go:78
[4.133ms] [rows:0] SELECT description FROM pg_catalog.pg_description WHERE objsubid = (SELECT ordinal_position FROM information_schema.columns WHERE table_schema = CURRENT_SCHEMA() AND table_name = 'reviews' AND column_name = 'updated_at') AND objoid = (SELECT oid FROM pg_catalog.pg_class WHERE relname = 'reviews' AND relnamespace = (SELECT oid FROM pg_catalog.pg_namespace WHERE nspname = CURRENT_SCHEMA()))

2025/02/13 14:38:32 /home/bryan/repos/skripsi/backend/setup/setup.go:78
[4.136ms] [rows:0] SELECT description FROM pg_catalog.pg_description WHERE objsubid = (SELECT ordinal_position FROM information_schema.columns WHERE table_schema = CURRENT_SCHEMA() AND table_name = 'reviews' AND column_name = 'deleted_at') AND objoid = (SELECT oid FROM pg_catalog.pg_class WHERE relname = 'reviews' AND relnamespace = (SELECT oid FROM pg_catalog.pg_namespace WHERE nspname = CURRENT_SCHEMA()))

2025/02/13 14:38:32 /home/bryan/repos/skripsi/backend/setup/setup.go:78
[4.249ms] [rows:0] SELECT description FROM pg_catalog.pg_description WHERE objsubid = (SELECT ordinal_position FROM information_schema.columns WHERE table_schema = CURRENT_SCHEMA() AND table_name = 'reviews' AND column_name = 'daycare_id') AND objoid = (SELECT oid FROM pg_catalog.pg_class WHERE relname = 'reviews' AND relnamespace = (SELECT oid FROM pg_catalog.pg_namespace WHERE nspname = CURRENT_SCHEMA()))

2025/02/13 14:38:32 /home/bryan/repos/skripsi/backend/setup/setup.go:78
[4.215ms] [rows:0] SELECT description FROM pg_catalog.pg_description WHERE objsubid = (SELECT ordinal_position FROM information_schema.columns WHERE table_schema = CURRENT_SCHEMA() AND table_name = 'reviews' AND column_name = 'user_id') AND objoid = (SELECT oid FROM pg_catalog.pg_class WHERE relname = 'reviews' AND relnamespace = (SELECT oid FROM pg_catalog.pg_namespace WHERE nspname = CURRENT_SCHEMA()))

2025/02/13 14:38:32 /home/bryan/repos/skripsi/backend/setup/setup.go:78
[3.907ms] [rows:0] SELECT description FROM pg_catalog.pg_description WHERE objsubid = (SELECT ordinal_position FROM information_schema.columns WHERE table_schema = CURRENT_SCHEMA() AND table_name = 'reviews' AND column_name = 'name') AND objoid = (SELECT oid FROM pg_catalog.pg_class WHERE relname = 'reviews' AND relnamespace = (SELECT oid FROM pg_catalog.pg_namespace WHERE nspname = CURRENT_SCHEMA()))

2025/02/13 14:38:32 /home/bryan/repos/skripsi/backend/setup/setup.go:78
[4.190ms] [rows:0] SELECT description FROM pg_catalog.pg_description WHERE objsubid = (SELECT ordinal_position FROM information_schema.columns WHERE table_schema = CURRENT_SCHEMA() AND table_name = 'reviews' AND column_name = 'rate') AND objoid = (SELECT oid FROM pg_catalog.pg_class WHERE relname = 'reviews' AND relnamespace = (SELECT oid FROM pg_catalog.pg_namespace WHERE nspname = CURRENT_SCHEMA()))

2025/02/13 14:38:32 /home/bryan/repos/skripsi/backend/setup/setup.go:78
[4.360ms] [rows:0] SELECT description FROM pg_catalog.pg_description WHERE objsubid = (SELECT ordinal_position FROM information_schema.columns WHERE table_schema = CURRENT_SCHEMA() AND table_name = 'reviews' AND column_name = 'description') AND objoid = (SELECT oid FROM pg_catalog.pg_class WHERE relname = 'reviews' AND relnamespace = (SELECT oid FROM pg_catalog.pg_namespace WHERE nspname = CURRENT_SCHEMA()))

2025/02/13 14:38:32 /home/bryan/repos/skripsi/backend/setup/setup.go:78
[5.921ms] [rows:1] SELECT count(*) FROM INFORMATION_SCHEMA.table_constraints WHERE table_schema = CURRENT_SCHEMA() AND table_name = 'reviews' AND constraint_name = 'fk_pet_daycares_reviews'

2025/02/13 14:38:32 /home/bryan/repos/skripsi/backend/setup/setup.go:78
[4.194ms] [rows:1] SELECT count(*) FROM INFORMATION_SCHEMA.table_constraints WHERE table_schema = CURRENT_SCHEMA() AND table_name = 'reviews' AND constraint_name = 'fk_users_reviews'

2025/02/13 14:38:32 /home/bryan/repos/skripsi/backend/setup/setup.go:78
[10.460ms] [rows:1] SELECT count(*) FROM pg_indexes WHERE tablename = 'reviews' AND indexname = 'idx_reviews_deleted_at' AND schemaname = CURRENT_SCHEMA()

2025/02/13 14:38:32 /home/bryan/repos/skripsi/backend/setup/setup.go:78
[3.187ms] [rows:1] SELECT count(*) FROM information_schema.tables WHERE table_schema = CURRENT_SCHEMA() AND table_name = 'refresh_tokens' AND table_type = 'BASE TABLE'

2025/02/13 14:38:32 /home/bryan/repos/skripsi/backend/setup/setup.go:78
[3.413ms] [rows:1] SELECT CURRENT_DATABASE()

2025/02/13 14:38:32 /home/bryan/repos/skripsi/backend/setup/setup.go:78
[10.747ms] [rows:-] SELECT c.column_name, c.is_nullable = 'YES', c.udt_name, c.character_maximum_length, c.numeric_precision, c.numeric_precision_radix, c.numeric_scale, c.datetime_precision, 8 * typlen, c.column_default, pd.description, c.identity_increment FROM information_schema.columns AS c JOIN pg_type AS pgt ON c.udt_name = pgt.typname LEFT JOIN pg_catalog.pg_description as pd ON pd.objsubid = c.ordinal_position AND pd.objoid = (SELECT oid FROM pg_catalog.pg_class WHERE relname = c.table_name AND relnamespace = (SELECT oid FROM pg_catalog.pg_namespace WHERE nspname = c.table_schema)) where table_catalog = $1$ AND table_schema = CURRENT_SCHEMA() AND table_name = $2$

2025/02/13 14:38:32 /home/bryan/repos/skripsi/backend/setup/setup.go:78
[4.508ms] [rows:-] SELECT * FROM "refresh_tokens" LIMIT $1$

2025/02/13 14:38:32 /home/bryan/repos/skripsi/backend/setup/setup.go:78
[8.354ms] [rows:-] SELECT constraint_name FROM information_schema.table_constraints tc JOIN information_schema.constraint_column_usage AS ccu USING (constraint_schema, constraint_catalog, table_name, constraint_name) JOIN information_schema.columns AS c ON c.table_schema = tc.constraint_schema AND tc.table_name = c.table_name AND ccu.column_name = c.column_name WHERE constraint_type IN ('PRIMARY KEY', 'UNIQUE') AND c.table_catalog = $1$ AND c.table_schema = CURRENT_SCHEMA() AND c.table_name = $2$ AND constraint_type = $3$

2025/02/13 14:38:32 /home/bryan/repos/skripsi/backend/setup/setup.go:78
[8.338ms] [rows:-] SELECT c.column_name, constraint_name, constraint_type FROM information_schema.table_constraints tc JOIN information_schema.constraint_column_usage AS ccu USING (constraint_schema, constraint_catalog, table_name, constraint_name) JOIN information_schema.columns AS c ON c.table_schema = tc.constraint_schema AND tc.table_name = c.table_name AND ccu.column_name = c.column_name WHERE constraint_type IN ('PRIMARY KEY', 'UNIQUE') AND c.table_catalog = $1$ AND c.table_schema = CURRENT_SCHEMA() AND c.table_name = $2$

2025/02/13 14:38:32 /home/bryan/repos/skripsi/backend/setup/setup.go:78
[2.759ms] [rows:-] SELECT a.attname as column_name, format_type(a.atttypid, a.atttypmod) AS data_type
		FROM pg_attribute a JOIN pg_class b ON a.attrelid = b.oid AND relnamespace = (SELECT oid FROM pg_catalog.pg_namespace WHERE nspname = CURRENT_SCHEMA())
		WHERE a.attnum > 0 -- hide internal columns
		AND NOT a.attisdropped -- hide deleted columns
		AND b.relname = $1$

2025/02/13 14:38:32 /home/bryan/repos/skripsi/backend/setup/setup.go:78
[4.436ms] [rows:0] SELECT description FROM pg_catalog.pg_description WHERE objsubid = (SELECT ordinal_position FROM information_schema.columns WHERE table_schema = CURRENT_SCHEMA() AND table_name = 'refresh_tokens' AND column_name = 'id') AND objoid = (SELECT oid FROM pg_catalog.pg_class WHERE relname = 'refresh_tokens' AND relnamespace = (SELECT oid FROM pg_catalog.pg_namespace WHERE nspname = CURRENT_SCHEMA()))

2025/02/13 14:38:32 /home/bryan/repos/skripsi/backend/setup/setup.go:78
[4.452ms] [rows:0] SELECT description FROM pg_catalog.pg_description WHERE objsubid = (SELECT ordinal_position FROM information_schema.columns WHERE table_schema = CURRENT_SCHEMA() AND table_name = 'refresh_tokens' AND column_name = 'created_at') AND objoid = (SELECT oid FROM pg_catalog.pg_class WHERE relname = 'refresh_tokens' AND relnamespace = (SELECT oid FROM pg_catalog.pg_namespace WHERE nspname = CURRENT_SCHEMA()))

2025/02/13 14:38:32 /home/bryan/repos/skripsi/backend/setup/setup.go:78
[4.625ms] [rows:0] SELECT description FROM pg_catalog.pg_description WHERE objsubid = (SELECT ordinal_position FROM information_schema.columns WHERE table_schema = CURRENT_SCHEMA() AND table_name = 'refresh_tokens' AND column_name = 'updated_at') AND objoid = (SELECT oid FROM pg_catalog.pg_class WHERE relname = 'refresh_tokens' AND relnamespace = (SELECT oid FROM pg_catalog.pg_namespace WHERE nspname = CURRENT_SCHEMA()))

2025/02/13 14:38:32 /home/bryan/repos/skripsi/backend/setup/setup.go:78
[4.575ms] [rows:0] SELECT description FROM pg_catalog.pg_description WHERE objsubid = (SELECT ordinal_position FROM information_schema.columns WHERE table_schema = CURRENT_SCHEMA() AND table_name = 'refresh_tokens' AND column_name = 'deleted_at') AND objoid = (SELECT oid FROM pg_catalog.pg_class WHERE relname = 'refresh_tokens' AND relnamespace = (SELECT oid FROM pg_catalog.pg_namespace WHERE nspname = CURRENT_SCHEMA()))

2025/02/13 14:38:32 /home/bryan/repos/skripsi/backend/setup/setup.go:78
[4.774ms] [rows:0] SELECT description FROM pg_catalog.pg_description WHERE objsubid = (SELECT ordinal_position FROM information_schema.columns WHERE table_schema = CURRENT_SCHEMA() AND table_name = 'refresh_tokens' AND column_name = 'user_id') AND objoid = (SELECT oid FROM pg_catalog.pg_class WHERE relname = 'refresh_tokens' AND relnamespace = (SELECT oid FROM pg_catalog.pg_namespace WHERE nspname = CURRENT_SCHEMA()))

2025/02/13 14:38:32 /home/bryan/repos/skripsi/backend/setup/setup.go:78
[4.845ms] [rows:0] SELECT description FROM pg_catalog.pg_description WHERE objsubid = (SELECT ordinal_position FROM information_schema.columns WHERE table_schema = CURRENT_SCHEMA() AND table_name = 'refresh_tokens' AND column_name = 'token') AND objoid = (SELECT oid FROM pg_catalog.pg_class WHERE relname = 'refresh_tokens' AND relnamespace = (SELECT oid FROM pg_catalog.pg_namespace WHERE nspname = CURRENT_SCHEMA()))

2025/02/13 14:38:32 /home/bryan/repos/skripsi/backend/setup/setup.go:78
[4.455ms] [rows:0] SELECT description FROM pg_catalog.pg_description WHERE objsubid = (SELECT ordinal_position FROM information_schema.columns WHERE table_schema = CURRENT_SCHEMA() AND table_name = 'refresh_tokens' AND column_name = 'expires_at') AND objoid = (SELECT oid FROM pg_catalog.pg_class WHERE relname = 'refresh_tokens' AND relnamespace = (SELECT oid FROM pg_catalog.pg_namespace WHERE nspname = CURRENT_SCHEMA()))

2025/02/13 14:38:32 /home/bryan/repos/skripsi/backend/setup/setup.go:78
[3.768ms] [rows:1] SELECT count(*) FROM pg_indexes WHERE tablename = 'refresh_tokens' AND indexname = 'idx_refresh_tokens_deleted_at' AND schemaname = CURRENT_SCHEMA()

2025/02/13 14:38:32 /home/bryan/repos/skripsi/backend/setup/setup.go:78
[3.559ms] [rows:1] SELECT count(*) FROM pg_indexes WHERE tablename = 'refresh_tokens' AND indexname = 'idx_refresh_tokens_user_id' AND schemaname = CURRENT_SCHEMA()

2025/02/13 14:38:32 /home/bryan/repos/skripsi/backend/setup/setup.go:78
[3.168ms] [rows:1] SELECT count(*) FROM information_schema.tables WHERE table_schema = CURRENT_SCHEMA() AND table_name = 'transactions' AND table_type = 'BASE TABLE'

2025/02/13 14:38:32 /home/bryan/repos/skripsi/backend/setup/setup.go:78
[2.782ms] [rows:1] SELECT CURRENT_DATABASE()

2025/02/13 14:38:32 /home/bryan/repos/skripsi/backend/setup/setup.go:78
[10.397ms] [rows:-] SELECT c.column_name, c.is_nullable = 'YES', c.udt_name, c.character_maximum_length, c.numeric_precision, c.numeric_precision_radix, c.numeric_scale, c.datetime_precision, 8 * typlen, c.column_default, pd.description, c.identity_increment FROM information_schema.columns AS c JOIN pg_type AS pgt ON c.udt_name = pgt.typname LEFT JOIN pg_catalog.pg_description as pd ON pd.objsubid = c.ordinal_position AND pd.objoid = (SELECT oid FROM pg_catalog.pg_class WHERE relname = c.table_name AND relnamespace = (SELECT oid FROM pg_catalog.pg_namespace WHERE nspname = c.table_schema)) where table_catalog = $1$ AND table_schema = CURRENT_SCHEMA() AND table_name = $2$

2025/02/13 14:38:32 /home/bryan/repos/skripsi/backend/setup/setup.go:78
[2.960ms] [rows:-] SELECT * FROM "transactions" LIMIT $1$

2025/02/13 14:38:32 /home/bryan/repos/skripsi/backend/setup/setup.go:78
[8.846ms] [rows:-] SELECT constraint_name FROM information_schema.table_constraints tc JOIN information_schema.constraint_column_usage AS ccu USING (constraint_schema, constraint_catalog, table_name, constraint_name) JOIN information_schema.columns AS c ON c.table_schema = tc.constraint_schema AND tc.table_name = c.table_name AND ccu.column_name = c.column_name WHERE constraint_type IN ('PRIMARY KEY', 'UNIQUE') AND c.table_catalog = $1$ AND c.table_schema = CURRENT_SCHEMA() AND c.table_name = $2$ AND constraint_type = $3$

2025/02/13 14:38:32 /home/bryan/repos/skripsi/backend/setup/setup.go:78
[8.151ms] [rows:-] SELECT c.column_name, constraint_name, constraint_type FROM information_schema.table_constraints tc JOIN information_schema.constraint_column_usage AS ccu USING (constraint_schema, constraint_catalog, table_name, constraint_name) JOIN information_schema.columns AS c ON c.table_schema = tc.constraint_schema AND tc.table_name = c.table_name AND ccu.column_name = c.column_name WHERE constraint_type IN ('PRIMARY KEY', 'UNIQUE') AND c.table_catalog = $1$ AND c.table_schema = CURRENT_SCHEMA() AND c.table_name = $2$

2025/02/13 14:38:32 /home/bryan/repos/skripsi/backend/setup/setup.go:78
[3.127ms] [rows:-] SELECT a.attname as column_name, format_type(a.atttypid, a.atttypmod) AS data_type
		FROM pg_attribute a JOIN pg_class b ON a.attrelid = b.oid AND relnamespace = (SELECT oid FROM pg_catalog.pg_namespace WHERE nspname = CURRENT_SCHEMA())
		WHERE a.attnum > 0 -- hide internal columns
		AND NOT a.attisdropped -- hide deleted columns
		AND b.relname = $1$

2025/02/13 14:38:32 /home/bryan/repos/skripsi/backend/setup/setup.go:78
[4.801ms] [rows:0] SELECT description FROM pg_catalog.pg_description WHERE objsubid = (SELECT ordinal_position FROM information_schema.columns WHERE table_schema = CURRENT_SCHEMA() AND table_name = 'transactions' AND column_name = 'id') AND objoid = (SELECT oid FROM pg_catalog.pg_class WHERE relname = 'transactions' AND relnamespace = (SELECT oid FROM pg_catalog.pg_namespace WHERE nspname = CURRENT_SCHEMA()))

2025/02/13 14:38:32 /home/bryan/repos/skripsi/backend/setup/setup.go:78
[4.838ms] [rows:0] SELECT description FROM pg_catalog.pg_description WHERE objsubid = (SELECT ordinal_position FROM information_schema.columns WHERE table_schema = CURRENT_SCHEMA() AND table_name = 'transactions' AND column_name = 'created_at') AND objoid = (SELECT oid FROM pg_catalog.pg_class WHERE relname = 'transactions' AND relnamespace = (SELECT oid FROM pg_catalog.pg_namespace WHERE nspname = CURRENT_SCHEMA()))

2025/02/13 14:38:32 /home/bryan/repos/skripsi/backend/setup/setup.go:78
[5.020ms] [rows:0] SELECT description FROM pg_catalog.pg_description WHERE objsubid = (SELECT ordinal_position FROM information_schema.columns WHERE table_schema = CURRENT_SCHEMA() AND table_name = 'transactions' AND column_name = 'pet_daycare_id') AND objoid = (SELECT oid FROM pg_catalog.pg_class WHERE relname = 'transactions' AND relnamespace = (SELECT oid FROM pg_catalog.pg_namespace WHERE nspname = CURRENT_SCHEMA()))

2025/02/13 14:38:32 /home/bryan/repos/skripsi/backend/setup/setup.go:78
[5.032ms] [rows:0] SELECT description FROM pg_catalog.pg_description WHERE objsubid = (SELECT ordinal_position FROM information_schema.columns WHERE table_schema = CURRENT_SCHEMA() AND table_name = 'transactions' AND column_name = 'booked_slot_id') AND objoid = (SELECT oid FROM pg_catalog.pg_class WHERE relname = 'transactions' AND relnamespace = (SELECT oid FROM pg_catalog.pg_namespace WHERE nspname = CURRENT_SCHEMA()))

2025/02/13 14:38:32 /home/bryan/repos/skripsi/backend/setup/setup.go:78
[5.722ms] [rows:0] SELECT description FROM pg_catalog.pg_description WHERE objsubid = (SELECT ordinal_position FROM information_schema.columns WHERE table_schema = CURRENT_SCHEMA() AND table_name = 'transactions' AND column_name = 'status') AND objoid = (SELECT oid FROM pg_catalog.pg_class WHERE relname = 'transactions' AND relnamespace = (SELECT oid FROM pg_catalog.pg_namespace WHERE nspname = CURRENT_SCHEMA()))

2025/02/13 14:38:32 /home/bryan/repos/skripsi/backend/setup/setup.go:78
[4.933ms] [rows:1] SELECT count(*) FROM INFORMATION_SCHEMA.table_constraints WHERE table_schema = CURRENT_SCHEMA() AND table_name = 'transactions' AND constraint_name = 'fk_transactions_pet_daycare'

2025/02/13 14:38:32 /home/bryan/repos/skripsi/backend/setup/setup.go:78
[4.285ms] [rows:1] SELECT count(*) FROM INFORMATION_SCHEMA.table_constraints WHERE table_schema = CURRENT_SCHEMA() AND table_name = 'transactions' AND constraint_name = 'fk_transactions_booked_slot'

2025/02/13 14:38:32 /home/bryan/repos/skripsi/backend/setup/setup.go:78
[3.547ms] [rows:1] SELECT count(*) FROM information_schema.tables WHERE table_schema = CURRENT_SCHEMA() AND table_name = 'reduce_slots' AND table_type = 'BASE TABLE'

2025/02/13 14:38:32 /home/bryan/repos/skripsi/backend/setup/setup.go:78
[2.540ms] [rows:1] SELECT CURRENT_DATABASE()

2025/02/13 14:38:32 /home/bryan/repos/skripsi/backend/setup/setup.go:78
[10.762ms] [rows:-] SELECT c.column_name, c.is_nullable = 'YES', c.udt_name, c.character_maximum_length, c.numeric_precision, c.numeric_precision_radix, c.numeric_scale, c.datetime_precision, 8 * typlen, c.column_default, pd.description, c.identity_increment FROM information_schema.columns AS c JOIN pg_type AS pgt ON c.udt_name = pgt.typname LEFT JOIN pg_catalog.pg_description as pd ON pd.objsubid = c.ordinal_position AND pd.objoid = (SELECT oid FROM pg_catalog.pg_class WHERE relname = c.table_name AND relnamespace = (SELECT oid FROM pg_catalog.pg_namespace WHERE nspname = c.table_schema)) where table_catalog = $1$ AND table_schema = CURRENT_SCHEMA() AND table_name = $2$

2025/02/13 14:38:32 /home/bryan/repos/skripsi/backend/setup/setup.go:78
[3.139ms] [rows:-] SELECT * FROM "reduce_slots" LIMIT $1$

2025/02/13 14:38:32 /home/bryan/repos/skripsi/backend/setup/setup.go:78
[10.323ms] [rows:-] SELECT constraint_name FROM information_schema.table_constraints tc JOIN information_schema.constraint_column_usage AS ccu USING (constraint_schema, constraint_catalog, table_name, constraint_name) JOIN information_schema.columns AS c ON c.table_schema = tc.constraint_schema AND tc.table_name = c.table_name AND ccu.column_name = c.column_name WHERE constraint_type IN ('PRIMARY KEY', 'UNIQUE') AND c.table_catalog = $1$ AND c.table_schema = CURRENT_SCHEMA() AND c.table_name = $2$ AND constraint_type = $3$

2025/02/13 14:38:32 /home/bryan/repos/skripsi/backend/setup/setup.go:78
[10.376ms] [rows:-] SELECT c.column_name, constraint_name, constraint_type FROM information_schema.table_constraints tc JOIN information_schema.constraint_column_usage AS ccu USING (constraint_schema, constraint_catalog, table_name, constraint_name) JOIN information_schema.columns AS c ON c.table_schema = tc.constraint_schema AND tc.table_name = c.table_name AND ccu.column_name = c.column_name WHERE constraint_type IN ('PRIMARY KEY', 'UNIQUE') AND c.table_catalog = $1$ AND c.table_schema = CURRENT_SCHEMA() AND c.table_name = $2$

2025/02/13 14:38:32 /home/bryan/repos/skripsi/backend/setup/setup.go:78
[3.488ms] [rows:-] SELECT a.attname as column_name, format_type(a.atttypid, a.atttypmod) AS data_type
		FROM pg_attribute a JOIN pg_class b ON a.attrelid = b.oid AND relnamespace = (SELECT oid FROM pg_catalog.pg_namespace WHERE nspname = CURRENT_SCHEMA())
		WHERE a.attnum > 0 -- hide internal columns
		AND NOT a.attisdropped -- hide deleted columns
		AND b.relname = $1$

2025/02/13 14:38:32 /home/bryan/repos/skripsi/backend/setup/setup.go:78
[4.241ms] [rows:0] SELECT description FROM pg_catalog.pg_description WHERE objsubid = (SELECT ordinal_position FROM information_schema.columns WHERE table_schema = CURRENT_SCHEMA() AND table_name = 'reduce_slots' AND column_name = 'id') AND objoid = (SELECT oid FROM pg_catalog.pg_class WHERE relname = 'reduce_slots' AND relnamespace = (SELECT oid FROM pg_catalog.pg_namespace WHERE nspname = CURRENT_SCHEMA()))

2025/02/13 14:38:32 /home/bryan/repos/skripsi/backend/setup/setup.go:78
[4.037ms] [rows:0] SELECT description FROM pg_catalog.pg_description WHERE objsubid = (SELECT ordinal_position FROM information_schema.columns WHERE table_schema = CURRENT_SCHEMA() AND table_name = 'reduce_slots' AND column_name = 'slot_id') AND objoid = (SELECT oid FROM pg_catalog.pg_class WHERE relname = 'reduce_slots' AND relnamespace = (SELECT oid FROM pg_catalog.pg_namespace WHERE nspname = CURRENT_SCHEMA()))

2025/02/13 14:38:32 /home/bryan/repos/skripsi/backend/setup/setup.go:78
[4.450ms] [rows:0] SELECT description FROM pg_catalog.pg_description WHERE objsubid = (SELECT ordinal_position FROM information_schema.columns WHERE table_schema = CURRENT_SCHEMA() AND table_name = 'reduce_slots' AND column_name = 'reduced_count') AND objoid = (SELECT oid FROM pg_catalog.pg_class WHERE relname = 'reduce_slots' AND relnamespace = (SELECT oid FROM pg_catalog.pg_namespace WHERE nspname = CURRENT_SCHEMA()))

2025/02/13 14:38:32 /home/bryan/repos/skripsi/backend/setup/setup.go:78
[4.315ms] [rows:0] SELECT description FROM pg_catalog.pg_description WHERE objsubid = (SELECT ordinal_position FROM information_schema.columns WHERE table_schema = CURRENT_SCHEMA() AND table_name = 'reduce_slots' AND column_name = 'target_date') AND objoid = (SELECT oid FROM pg_catalog.pg_class WHERE relname = 'reduce_slots' AND relnamespace = (SELECT oid FROM pg_catalog.pg_namespace WHERE nspname = CURRENT_SCHEMA()))

2025/02/13 14:38:32 /home/bryan/repos/skripsi/backend/setup/setup.go:78
[3.220ms] [rows:1] SELECT count(*) FROM information_schema.tables WHERE table_schema = CURRENT_SCHEMA() AND table_name = 'booked_slots_dailies' AND table_type = 'BASE TABLE'

2025/02/13 14:38:32 /home/bryan/repos/skripsi/backend/setup/setup.go:78
[2.311ms] [rows:1] SELECT CURRENT_DATABASE()

2025/02/13 14:38:32 /home/bryan/repos/skripsi/backend/setup/setup.go:78
[6.128ms] [rows:-] SELECT c.column_name, c.is_nullable = 'YES', c.udt_name, c.character_maximum_length, c.numeric_precision, c.numeric_precision_radix, c.numeric_scale, c.datetime_precision, 8 * typlen, c.column_default, pd.description, c.identity_increment FROM information_schema.columns AS c JOIN pg_type AS pgt ON c.udt_name = pgt.typname LEFT JOIN pg_catalog.pg_description as pd ON pd.objsubid = c.ordinal_position AND pd.objoid = (SELECT oid FROM pg_catalog.pg_class WHERE relname = c.table_name AND relnamespace = (SELECT oid FROM pg_catalog.pg_namespace WHERE nspname = c.table_schema)) where table_catalog = $1$ AND table_schema = CURRENT_SCHEMA() AND table_name = $2$

2025/02/13 14:38:32 /home/bryan/repos/skripsi/backend/setup/setup.go:78
[2.827ms] [rows:-] SELECT * FROM "booked_slots_dailies" LIMIT $1$

2025/02/13 14:38:32 /home/bryan/repos/skripsi/backend/setup/setup.go:78
[3.380ms] [rows:-] SELECT constraint_name FROM information_schema.table_constraints tc JOIN information_schema.constraint_column_usage AS ccu USING (constraint_schema, constraint_catalog, table_name, constraint_name) JOIN information_schema.columns AS c ON c.table_schema = tc.constraint_schema AND tc.table_name = c.table_name AND ccu.column_name = c.column_name WHERE constraint_type IN ('PRIMARY KEY', 'UNIQUE') AND c.table_catalog = $1$ AND c.table_schema = CURRENT_SCHEMA() AND c.table_name = $2$ AND constraint_type = $3$

2025/02/13 14:38:32 /home/bryan/repos/skripsi/backend/setup/setup.go:78
[3.299ms] [rows:-] SELECT c.column_name, constraint_name, constraint_type FROM information_schema.table_constraints tc JOIN information_schema.constraint_column_usage AS ccu USING (constraint_schema, constraint_catalog, table_name, constraint_name) JOIN information_schema.columns AS c ON c.table_schema = tc.constraint_schema AND tc.table_name = c.table_name AND ccu.column_name = c.column_name WHERE constraint_type IN ('PRIMARY KEY', 'UNIQUE') AND c.table_catalog = $1$ AND c.table_schema = CURRENT_SCHEMA() AND c.table_name = $2$

2025/02/13 14:38:32 /home/bryan/repos/skripsi/backend/setup/setup.go:78
[1.456ms] [rows:-] SELECT a.attname as column_name, format_type(a.atttypid, a.atttypmod) AS data_type
		FROM pg_attribute a JOIN pg_class b ON a.attrelid = b.oid AND relnamespace = (SELECT oid FROM pg_catalog.pg_namespace WHERE nspname = CURRENT_SCHEMA())
		WHERE a.attnum > 0 -- hide internal columns
		AND NOT a.attisdropped -- hide deleted columns
		AND b.relname = $1$

2025/02/13 14:38:32 /home/bryan/repos/skripsi/backend/setup/setup.go:78
[2.351ms] [rows:0] SELECT description FROM pg_catalog.pg_description WHERE objsubid = (SELECT ordinal_position FROM information_schema.columns WHERE table_schema = CURRENT_SCHEMA() AND table_name = 'booked_slots_dailies' AND column_name = 'id') AND objoid = (SELECT oid FROM pg_catalog.pg_class WHERE relname = 'booked_slots_dailies' AND relnamespace = (SELECT oid FROM pg_catalog.pg_namespace WHERE nspname = CURRENT_SCHEMA()))

2025/02/13 14:38:32 /home/bryan/repos/skripsi/backend/setup/setup.go:78
[4.074ms] [rows:0] SELECT description FROM pg_catalog.pg_description WHERE objsubid = (SELECT ordinal_position FROM information_schema.columns WHERE table_schema = CURRENT_SCHEMA() AND table_name = 'booked_slots_dailies' AND column_name = 'daycare_id') AND objoid = (SELECT oid FROM pg_catalog.pg_class WHERE relname = 'booked_slots_dailies' AND relnamespace = (SELECT oid FROM pg_catalog.pg_namespace WHERE nspname = CURRENT_SCHEMA()))

2025/02/13 14:38:32 /home/bryan/repos/skripsi/backend/setup/setup.go:78
[2.321ms] [rows:0] SELECT description FROM pg_catalog.pg_description WHERE objsubid = (SELECT ordinal_position FROM information_schema.columns WHERE table_schema = CURRENT_SCHEMA() AND table_name = 'booked_slots_dailies' AND column_name = 'date') AND objoid = (SELECT oid FROM pg_catalog.pg_class WHERE relname = 'booked_slots_dailies' AND relnamespace = (SELECT oid FROM pg_catalog.pg_namespace WHERE nspname = CURRENT_SCHEMA()))

2025/02/13 14:38:32 /home/bryan/repos/skripsi/backend/setup/setup.go:78
[2.330ms] [rows:0] SELECT description FROM pg_catalog.pg_description WHERE objsubid = (SELECT ordinal_position FROM information_schema.columns WHERE table_schema = CURRENT_SCHEMA() AND table_name = 'booked_slots_dailies' AND column_name = 'slot_count') AND objoid = (SELECT oid FROM pg_catalog.pg_class WHERE relname = 'booked_slots_dailies' AND relnamespace = (SELECT oid FROM pg_catalog.pg_namespace WHERE nspname = CURRENT_SCHEMA()))

2025/02/13 14:38:32 /home/bryan/repos/skripsi/backend/setup/setup.go:78
[1.872ms] [rows:1] SELECT count(*) FROM pg_indexes WHERE tablename = 'booked_slots_dailies' AND indexname = 'idx_booked_slots_dailies_date' AND schemaname = CURRENT_SCHEMA()
[GIN-debug] [WARNING] Creating an Engine instance with the Logger and Recovery middleware already attached.

[GIN-debug] [WARNING] Running in "debug" mode. Switch to "release" mode in production.
 - using env:	export GIN_MODE=release
 - using code:	gin.SetMode(gin.ReleaseMode)

[GIN-debug] GET    /assets/*filepath         --> github.com/gin-gonic/gin.(*RouterGroup).createStaticHandler.func1 (3 handlers)
[GIN-debug] HEAD   /assets/*filepath         --> github.com/gin-gonic/gin.(*RouterGroup).createStaticHandler.func1 (3 handlers)
[GIN-debug] POST   /users                    --> github.com/BryanEgbert/skripsi/controller.(*UserController).CreateUser-fm (3 handlers)
[GIN-debug] GET    /users/vets               --> github.com/BryanEgbert/skripsi/controller.(*UserController).GetVets-fm (4 handlers)
[GIN-debug] GET    /users/:id                --> github.com/BryanEgbert/skripsi/controller.(*UserController).GetUser-fm (4 handlers)
[GIN-debug] DELETE /users                    --> github.com/BryanEgbert/skripsi/controller.(*UserController).DeleteUser-fm (4 handlers)
[GIN-debug] PUT    /users                    --> github.com/BryanEgbert/skripsi/controller.(*UserController).UpdateUserProfile-fm (4 handlers)
[GIN-debug] PATCH  /users/password           --> github.com/BryanEgbert/skripsi/controller.(*UserController).UpdateUserPassword-fm (4 handlers)
[GIN-debug] POST   /login                    --> github.com/BryanEgbert/skripsi/controller.(*AuthController).Login-fm (3 handlers)
[GIN-debug] POST   /refresh                  --> github.com/BryanEgbert/skripsi/controller.(*AuthController).RefreshToken-fm (4 handlers)
[GIN-debug] GET    /pets/:id                 --> github.com/BryanEgbert/skripsi/controller.(*PetController).GetPet-fm (4 handlers)
[GIN-debug] GET    /pets                     --> github.com/BryanEgbert/skripsi/controller.(*PetController).GetPets-fm (4 handlers)
[GIN-debug] POST   /pets                     --> github.com/BryanEgbert/skripsi/controller.(*PetController).CreatePet-fm (4 handlers)
[GIN-debug] PUT    /pets/:id                 --> github.com/BryanEgbert/skripsi/controller.(*PetController).UpdatePet-fm (4 handlers)
[GIN-debug] DELETE /pets/:id                 --> github.com/BryanEgbert/skripsi/controller.(*PetController).DeletePet-fm (4 handlers)
[GIN-debug] PATCH  /daycare/slot/:slotId     --> github.com/BryanEgbert/skripsi/controller.(*PetDaycareController).EditSlotCount-fm (4 handlers)
[GIN-debug] GET    /daycare/:id/slot         --> github.com/BryanEgbert/skripsi/controller.(*PetDaycareController).GetPetDaycareSlots-fm (4 handlers)
[GIN-debug] POST   /daycare/:id/slot         --> github.com/BryanEgbert/skripsi/controller.(*PetDaycareController).CreateSlot-fm (4 handlers)
[GIN-debug] GET    /daycare/:id/review       --> github.com/BryanEgbert/skripsi/controller.(*PetDaycareController).GetReviews-fm (4 handlers)
[GIN-debug] POST   /daycare/:id/review       --> github.com/BryanEgbert/skripsi/controller.(*PetDaycareController).CreateReview-fm (4 handlers)
[GIN-debug] DELETE /daycare/:id/review       --> github.com/BryanEgbert/skripsi/controller.(*PetDaycareController).DeleteReview-fm (4 handlers)
[GIN-debug] GET    /daycare/:id              --> github.com/BryanEgbert/skripsi/controller.(*PetDaycareController).GetPetDaycare-fm (4 handlers)
[GIN-debug] GET    /daycare                  --> github.com/BryanEgbert/skripsi/controller.(*PetDaycareController).GetPetDaycares-fm (4 handlers)
[GIN-debug] POST   /daycare                  --> github.com/BryanEgbert/skripsi/controller.(*PetDaycareController).CreatePetDaycare-fm (4 handlers)
[GIN-debug] PUT    /daycare/:id              --> github.com/BryanEgbert/skripsi/controller.(*PetDaycareController).UpdatePetDaycare-fm (4 handlers)
[GIN-debug] DELETE /daycare/:id              --> github.com/BryanEgbert/skripsi/controller.(*PetDaycareController).DeletePetDaycare-fm (4 handlers)

2025/02/13 14:38:32 /home/bryan/repos/skripsi/backend/service/auth_service.go:32
[3.707ms] [rows:1] SELECT * FROM "users" WHERE email = $1$ AND "users"."deleted_at" IS NULL ORDER BY "users"."id" LIMIT $2$
[GIN] 2025/02/13 - 14:38:32 | 401 |   96.326127ms |                 | POST     "/login"
=== RUN   TestLogin/On_login,_should_return_error_when_user_email_is_correct

2025/02/13 14:38:33 /home/bryan/repos/skripsi/backend/setup/setup.go:60
[344.542ms] [rows:0] TRUNCATE TABLE users, vet_specialties, user_vet_specialties, pet_daycares, pets, size_categories, roles, slots, booked_slots, thumbnails, species, reviews, refresh_tokens, transactions, daily_walks, daily_playtimes, reduce_slots RESTART IDENTITY CASCADE;

2025/02/13 14:38:33 /home/bryan/repos/skripsi/backend/seeder/seeder.go:18
[19.473ms] [rows:3] INSERT INTO "roles" ("name","id") VALUES ($1$,$2$),($3$,$4$),($5$,$6$) RETURNING "id"

2025/02/13 14:38:33 /home/bryan/repos/skripsi/backend/seeder/seeder.go:29
[13.341ms] [rows:4] INSERT INTO "daily_walks" ("name","id") VALUES ($1$,$2$),($3$,$4$),($5$,$6$),($7$,$8$) RETURNING "id"

2025/02/13 14:38:33 /home/bryan/repos/skripsi/backend/seeder/seeder.go:39
[13.618ms] [rows:4] INSERT INTO "daily_playtimes" ("name","id") VALUES ($1$,$2$),($3$,$4$),($5$,$6$),($7$,$8$) RETURNING "id"

2025/02/13 14:38:33 /home/bryan/repos/skripsi/backend/seeder/seeder.go:61
[14.198ms] [rows:17] INSERT INTO "vet_specialties" ("name") VALUES ($1$),($2$),($3$),($4$),($5$),($6$),($7$),($8$),($9$),($10$),($11$),($12$),($13$),($14$),($15$),($16$),($17$) RETURNING "id"

2025/02/13 14:38:33 /home/bryan/repos/skripsi/backend/seeder/seeder.go:71
[14.088ms] [rows:3] INSERT INTO "species" ("name") VALUES ($1$),($2$),($3$) RETURNING "id"

2025/02/13 14:38:33 /home/bryan/repos/skripsi/backend/seeder/seeder.go:83
[14.442ms] [rows:5] INSERT INTO "size_categories" ("name","min_weight","max_weight") VALUES ($1$,$2$,$3$),($4$,$5$,$6$),($7$,$8$,$9$),($10$,$11$,$12$),($13$,$14$,$15$) RETURNING "id"

2025/02/13 14:38:33 /home/bryan/repos/skripsi/backend/seeder/seeder.go:106
[1.998ms] [rows:0] INSERT INTO "vet_specialties" ("name","id") VALUES ($1$,$2$),($3$,$4$),($5$,$6$) ON CONFLICT DO NOTHING RETURNING "id"

2025/02/13 14:38:33 /home/bryan/repos/skripsi/backend/seeder/seeder.go:106
[3.390ms] [rows:3] INSERT INTO "user_vet_specialties" ("user_id","vet_specialty_id") VALUES ($1$,$2$),($3$,$4$),($5$,$6$) ON CONFLICT DO NOTHING

2025/02/13 14:38:33 /home/bryan/repos/skripsi/backend/seeder/seeder.go:106
[13.608ms] [rows:6] INSERT INTO "users" ("created_at","updated_at","deleted_at","name","email","password","role_id","image_url") VALUES ($1$,$2$,$3$,$4$,$5$,$6$,$7$,$8$),($9$,$10$,$11$,$12$,$13$,$14$,$15$,$16$),($17$,$18$,$19$,$20$,$21$,$22$,$23$,$24$),($25$,$26$,$27$,$28$,$29$,$30$,$31$,$32$),($33$,$34$,$35$,$36$,$37$,$38$,$39$,DEFAULT),($40$,$41$,$42$,$43$,$44$,$45$,$46$,$47$) RETURNING "id","image_url"

2025/02/13 14:38:33 /home/bryan/repos/skripsi/backend/seeder/seeder.go:148
[1.700ms] [rows:0] INSERT INTO "daily_walks" ("name","id") VALUES ($1$,$2$) ON CONFLICT DO NOTHING RETURNING "id"

2025/02/13 14:38:33 /home/bryan/repos/skripsi/backend/seeder/seeder.go:148
[1.915ms] [rows:0] INSERT INTO "daily_playtimes" ("name","id") VALUES ($1$,$2$),($3$,$4$) ON CONFLICT DO NOTHING RETURNING "id"

2025/02/13 14:38:33 /home/bryan/repos/skripsi/backend/seeder/seeder.go:148
[11.138ms] [rows:3] INSERT INTO "pet_daycares" ("created_at","updated_at","deleted_at","name","address","latitude","longitude","price","pricing_type","description","has_pickup_service","must_be_vaccinated","food_provided","grooming_available","booked_num","daily_walks_id","daily_playtime_id","owner_id","food_brand") VALUES ($1$,$2$,$3$,$4$,$5$,$6$,$7$,$8$,$9$,$10$,$11$,$12$,$13$,$14$,$15$,$16$,$17$,$18$,$19$),($20$,$21$,$22$,$23$,$24$,$25$,$26$,$27$,$28$,$29$,$30$,$31$,$32$,$33$,$34$,$35$,$36$,$37$,$38$),($39$,$40$,$41$,$42$,$43$,$44$,$45$,$46$,$47$,$48$,$49$,$50$,$51$,$52$,$53$,$54$,$55$,$56$,$57$) RETURNING "id"

2025/02/13 14:38:33 /home/bryan/repos/skripsi/backend/seeder/seeder.go:158
[6.162ms] [rows:3] INSERT INTO "slots" ("created_at","updated_at","deleted_at","daycare_id","species_id","size_category_id","max_number") VALUES ($1$,$2$,$3$,$4$,$5$,$6$,$7$),($8$,$9$,$10$,$11$,$12$,$13$,$14$),($15$,$16$,$17$,$18$,$19$,$20$,$21$) RETURNING "id"

2025/02/13 14:38:33 /home/bryan/repos/skripsi/backend/seeder/seeder.go:172
[6.853ms] [rows:2] INSERT INTO "pets" ("created_at","updated_at","deleted_at","name","image_url","status","owner_id","species_id","size_id") VALUES ($1$,$2$,$3$,$4$,$5$,$6$,$7$,$8$,$9$),($10$,$11$,$12$,$13$,$14$,$15$,$16$,$17$,$18$) RETURNING "id"

2025/02/13 14:38:33 /home/bryan/repos/skripsi/backend/seeder/seeder.go:189
[6.768ms] [rows:2] INSERT INTO "booked_slots" ("created_at","updated_at","deleted_at","user_id","daycare_id","pet_id","start_date","end_date") VALUES ($1$,$2$,$3$,$4$,$5$,$6$,$7$,$8$),($9$,$10$,$11$,$12$,$13$,$14$,$15$,$16$) RETURNING "id"

2025/02/13 14:38:33 /home/bryan/repos/skripsi/backend/seeder/seeder.go:205
[6.338ms] [rows:3] INSERT INTO "reviews" ("created_at","updated_at","deleted_at","daycare_id","user_id","name","rate","description") VALUES ($1$,$2$,$3$,$4$,$5$,$6$,$7$,$8$),($9$,$10$,$11$,$12$,$13$,$14$,$15$,$16$),($17$,$18$,$19$,$20$,$21$,$22$,$23$,$24$) RETURNING "id"

2025/02/13 14:38:33 /home/bryan/repos/skripsi/backend/seeder/seeder.go:213
[5.439ms] [rows:1] INSERT INTO "reduce_slots" ("slot_id","reduced_count","target_date") VALUES ($1$,$2$,$3$) RETURNING "id"

2025/02/13 14:38:33 /home/bryan/repos/skripsi/backend/seeder/seeder.go:222
[6.084ms] [rows:2] INSERT INTO "thumbnails" ("daycare_id","image_url") VALUES ($1$,$2$),($3$,$4$) RETURNING "id"

2025/02/13 14:38:33 /home/bryan/repos/skripsi/backend/seeder/seeder.go:230
[5.936ms] [rows:1] INSERT INTO "transactions" ("pet_daycare_id","booked_slot_id","status") VALUES ($1$,$2$,$3$) RETURNING "created_at","id"

2025/02/13 14:38:33 /home/bryan/repos/skripsi/backend/setup/setup.go:78
[19.546ms] [rows:1] SELECT count(*) FROM information_schema.tables WHERE table_schema = CURRENT_SCHEMA() AND table_name = 'roles' AND table_type = 'BASE TABLE'

2025/02/13 14:38:33 /home/bryan/repos/skripsi/backend/setup/setup.go:78
[2.874ms] [rows:1] SELECT CURRENT_DATABASE()

2025/02/13 14:38:33 /home/bryan/repos/skripsi/backend/setup/setup.go:78
[83.694ms] [rows:-] SELECT c.column_name, c.is_nullable = 'YES', c.udt_name, c.character_maximum_length, c.numeric_precision, c.numeric_precision_radix, c.numeric_scale, c.datetime_precision, 8 * typlen, c.column_default, pd.description, c.identity_increment FROM information_schema.columns AS c JOIN pg_type AS pgt ON c.udt_name = pgt.typname LEFT JOIN pg_catalog.pg_description as pd ON pd.objsubid = c.ordinal_position AND pd.objoid = (SELECT oid FROM pg_catalog.pg_class WHERE relname = c.table_name AND relnamespace = (SELECT oid FROM pg_catalog.pg_namespace WHERE nspname = c.table_schema)) where table_catalog = $1$ AND table_schema = CURRENT_SCHEMA() AND table_name = $2$

2025/02/13 14:38:33 /home/bryan/repos/skripsi/backend/setup/setup.go:78
[3.122ms] [rows:-] SELECT * FROM "roles" LIMIT $1$

2025/02/13 14:38:33 /home/bryan/repos/skripsi/backend/setup/setup.go:78
[54.671ms] [rows:-] SELECT constraint_name FROM information_schema.table_constraints tc JOIN information_schema.constraint_column_usage AS ccu USING (constraint_schema, constraint_catalog, table_name, constraint_name) JOIN information_schema.columns AS c ON c.table_schema = tc.constraint_schema AND tc.table_name = c.table_name AND ccu.column_name = c.column_name WHERE constraint_type IN ('PRIMARY KEY', 'UNIQUE') AND c.table_catalog = $1$ AND c.table_schema = CURRENT_SCHEMA() AND c.table_name = $2$ AND constraint_type = $3$

2025/02/13 14:38:33 /home/bryan/repos/skripsi/backend/setup/setup.go:78
[22.207ms] [rows:-] SELECT c.column_name, constraint_name, constraint_type FROM information_schema.table_constraints tc JOIN information_schema.constraint_column_usage AS ccu USING (constraint_schema, constraint_catalog, table_name, constraint_name) JOIN information_schema.columns AS c ON c.table_schema = tc.constraint_schema AND tc.table_name = c.table_name AND ccu.column_name = c.column_name WHERE constraint_type IN ('PRIMARY KEY', 'UNIQUE') AND c.table_catalog = $1$ AND c.table_schema = CURRENT_SCHEMA() AND c.table_name = $2$

2025/02/13 14:38:33 /home/bryan/repos/skripsi/backend/setup/setup.go:78
[3.379ms] [rows:-] SELECT a.attname as column_name, format_type(a.atttypid, a.atttypmod) AS data_type
		FROM pg_attribute a JOIN pg_class b ON a.attrelid = b.oid AND relnamespace = (SELECT oid FROM pg_catalog.pg_namespace WHERE nspname = CURRENT_SCHEMA())
		WHERE a.attnum > 0 -- hide internal columns
		AND NOT a.attisdropped -- hide deleted columns
		AND b.relname = $1$

2025/02/13 14:38:33 /home/bryan/repos/skripsi/backend/setup/setup.go:78
[8.691ms] [rows:0] SELECT description FROM pg_catalog.pg_description WHERE objsubid = (SELECT ordinal_position FROM information_schema.columns WHERE table_schema = CURRENT_SCHEMA() AND table_name = 'roles' AND column_name = 'id') AND objoid = (SELECT oid FROM pg_catalog.pg_class WHERE relname = 'roles' AND relnamespace = (SELECT oid FROM pg_catalog.pg_namespace WHERE nspname = CURRENT_SCHEMA()))

2025/02/13 14:38:33 /home/bryan/repos/skripsi/backend/setup/setup.go:78
[6.057ms] [rows:0] SELECT description FROM pg_catalog.pg_description WHERE objsubid = (SELECT ordinal_position FROM information_schema.columns WHERE table_schema = CURRENT_SCHEMA() AND table_name = 'roles' AND column_name = 'name') AND objoid = (SELECT oid FROM pg_catalog.pg_class WHERE relname = 'roles' AND relnamespace = (SELECT oid FROM pg_catalog.pg_namespace WHERE nspname = CURRENT_SCHEMA()))

2025/02/13 14:38:33 /home/bryan/repos/skripsi/backend/setup/setup.go:78
[2.388ms] [rows:1] SELECT count(*) FROM information_schema.tables WHERE table_schema = CURRENT_SCHEMA() AND table_name = 'users' AND table_type = 'BASE TABLE'

2025/02/13 14:38:33 /home/bryan/repos/skripsi/backend/setup/setup.go:78
[0.938ms] [rows:1] SELECT CURRENT_DATABASE()

2025/02/13 14:38:33 /home/bryan/repos/skripsi/backend/setup/setup.go:78
[13.045ms] [rows:-] SELECT c.column_name, c.is_nullable = 'YES', c.udt_name, c.character_maximum_length, c.numeric_precision, c.numeric_precision_radix, c.numeric_scale, c.datetime_precision, 8 * typlen, c.column_default, pd.description, c.identity_increment FROM information_schema.columns AS c JOIN pg_type AS pgt ON c.udt_name = pgt.typname LEFT JOIN pg_catalog.pg_description as pd ON pd.objsubid = c.ordinal_position AND pd.objoid = (SELECT oid FROM pg_catalog.pg_class WHERE relname = c.table_name AND relnamespace = (SELECT oid FROM pg_catalog.pg_namespace WHERE nspname = c.table_schema)) where table_catalog = $1$ AND table_schema = CURRENT_SCHEMA() AND table_name = $2$

2025/02/13 14:38:33 /home/bryan/repos/skripsi/backend/setup/setup.go:78
[1.205ms] [rows:-] SELECT * FROM "users" LIMIT $1$

2025/02/13 14:38:33 /home/bryan/repos/skripsi/backend/setup/setup.go:78
[19.146ms] [rows:-] SELECT constraint_name FROM information_schema.table_constraints tc JOIN information_schema.constraint_column_usage AS ccu USING (constraint_schema, constraint_catalog, table_name, constraint_name) JOIN information_schema.columns AS c ON c.table_schema = tc.constraint_schema AND tc.table_name = c.table_name AND ccu.column_name = c.column_name WHERE constraint_type IN ('PRIMARY KEY', 'UNIQUE') AND c.table_catalog = $1$ AND c.table_schema = CURRENT_SCHEMA() AND c.table_name = $2$ AND constraint_type = $3$

2025/02/13 14:38:33 /home/bryan/repos/skripsi/backend/setup/setup.go:78
[19.150ms] [rows:-] SELECT c.column_name, constraint_name, constraint_type FROM information_schema.table_constraints tc JOIN information_schema.constraint_column_usage AS ccu USING (constraint_schema, constraint_catalog, table_name, constraint_name) JOIN information_schema.columns AS c ON c.table_schema = tc.constraint_schema AND tc.table_name = c.table_name AND ccu.column_name = c.column_name WHERE constraint_type IN ('PRIMARY KEY', 'UNIQUE') AND c.table_catalog = $1$ AND c.table_schema = CURRENT_SCHEMA() AND c.table_name = $2$

2025/02/13 14:38:33 /home/bryan/repos/skripsi/backend/setup/setup.go:78
[1.764ms] [rows:-] SELECT a.attname as column_name, format_type(a.atttypid, a.atttypmod) AS data_type
		FROM pg_attribute a JOIN pg_class b ON a.attrelid = b.oid AND relnamespace = (SELECT oid FROM pg_catalog.pg_namespace WHERE nspname = CURRENT_SCHEMA())
		WHERE a.attnum > 0 -- hide internal columns
		AND NOT a.attisdropped -- hide deleted columns
		AND b.relname = $1$

2025/02/13 14:38:33 /home/bryan/repos/skripsi/backend/setup/setup.go:78
[6.005ms] [rows:0] SELECT description FROM pg_catalog.pg_description WHERE objsubid = (SELECT ordinal_position FROM information_schema.columns WHERE table_schema = CURRENT_SCHEMA() AND table_name = 'users' AND column_name = 'id') AND objoid = (SELECT oid FROM pg_catalog.pg_class WHERE relname = 'users' AND relnamespace = (SELECT oid FROM pg_catalog.pg_namespace WHERE nspname = CURRENT_SCHEMA()))

2025/02/13 14:38:33 /home/bryan/repos/skripsi/backend/setup/setup.go:78
[6.193ms] [rows:0] SELECT description FROM pg_catalog.pg_description WHERE objsubid = (SELECT ordinal_position FROM information_schema.columns WHERE table_schema = CURRENT_SCHEMA() AND table_name = 'users' AND column_name = 'created_at') AND objoid = (SELECT oid FROM pg_catalog.pg_class WHERE relname = 'users' AND relnamespace = (SELECT oid FROM pg_catalog.pg_namespace WHERE nspname = CURRENT_SCHEMA()))

2025/02/13 14:38:33 /home/bryan/repos/skripsi/backend/setup/setup.go:78
[6.026ms] [rows:0] SELECT description FROM pg_catalog.pg_description WHERE objsubid = (SELECT ordinal_position FROM information_schema.columns WHERE table_schema = CURRENT_SCHEMA() AND table_name = 'users' AND column_name = 'updated_at') AND objoid = (SELECT oid FROM pg_catalog.pg_class WHERE relname = 'users' AND relnamespace = (SELECT oid FROM pg_catalog.pg_namespace WHERE nspname = CURRENT_SCHEMA()))

2025/02/13 14:38:33 /home/bryan/repos/skripsi/backend/setup/setup.go:78
[5.929ms] [rows:0] SELECT description FROM pg_catalog.pg_description WHERE objsubid = (SELECT ordinal_position FROM information_schema.columns WHERE table_schema = CURRENT_SCHEMA() AND table_name = 'users' AND column_name = 'deleted_at') AND objoid = (SELECT oid FROM pg_catalog.pg_class WHERE relname = 'users' AND relnamespace = (SELECT oid FROM pg_catalog.pg_namespace WHERE nspname = CURRENT_SCHEMA()))

2025/02/13 14:38:33 /home/bryan/repos/skripsi/backend/setup/setup.go:78
[1.638ms] [rows:0] SELECT description FROM pg_catalog.pg_description WHERE objsubid = (SELECT ordinal_position FROM information_schema.columns WHERE table_schema = CURRENT_SCHEMA() AND table_name = 'users' AND column_name = 'name') AND objoid = (SELECT oid FROM pg_catalog.pg_class WHERE relname = 'users' AND relnamespace = (SELECT oid FROM pg_catalog.pg_namespace WHERE nspname = CURRENT_SCHEMA()))

2025/02/13 14:38:33 /home/bryan/repos/skripsi/backend/setup/setup.go:78
[1.645ms] [rows:0] SELECT description FROM pg_catalog.pg_description WHERE objsubid = (SELECT ordinal_position FROM information_schema.columns WHERE table_schema = CURRENT_SCHEMA() AND table_name = 'users' AND column_name = 'email') AND objoid = (SELECT oid FROM pg_catalog.pg_class WHERE relname = 'users' AND relnamespace = (SELECT oid FROM pg_catalog.pg_namespace WHERE nspname = CURRENT_SCHEMA()))

2025/02/13 14:38:33 /home/bryan/repos/skripsi/backend/setup/setup.go:78
[1.595ms] [rows:0] SELECT description FROM pg_catalog.pg_description WHERE objsubid = (SELECT ordinal_position FROM information_schema.columns WHERE table_schema = CURRENT_SCHEMA() AND table_name = 'users' AND column_name = 'password') AND objoid = (SELECT oid FROM pg_catalog.pg_class WHERE relname = 'users' AND relnamespace = (SELECT oid FROM pg_catalog.pg_namespace WHERE nspname = CURRENT_SCHEMA()))

2025/02/13 14:38:33 /home/bryan/repos/skripsi/backend/setup/setup.go:78
[1.695ms] [rows:0] SELECT description FROM pg_catalog.pg_description WHERE objsubid = (SELECT ordinal_position FROM information_schema.columns WHERE table_schema = CURRENT_SCHEMA() AND table_name = 'users' AND column_name = 'image_url') AND objoid = (SELECT oid FROM pg_catalog.pg_class WHERE relname = 'users' AND relnamespace = (SELECT oid FROM pg_catalog.pg_namespace WHERE nspname = CURRENT_SCHEMA()))

2025/02/13 14:38:33 /home/bryan/repos/skripsi/backend/setup/setup.go:78
[1.660ms] [rows:0] SELECT description FROM pg_catalog.pg_description WHERE objsubid = (SELECT ordinal_position FROM information_schema.columns WHERE table_schema = CURRENT_SCHEMA() AND table_name = 'users' AND column_name = 'role_id') AND objoid = (SELECT oid FROM pg_catalog.pg_class WHERE relname = 'users' AND relnamespace = (SELECT oid FROM pg_catalog.pg_namespace WHERE nspname = CURRENT_SCHEMA()))

2025/02/13 14:38:33 /home/bryan/repos/skripsi/backend/setup/setup.go:78
[5.072ms] [rows:1] SELECT count(*) FROM INFORMATION_SCHEMA.table_constraints WHERE table_schema = CURRENT_SCHEMA() AND table_name = 'users' AND constraint_name = 'fk_roles_users'

2025/02/13 14:38:33 /home/bryan/repos/skripsi/backend/setup/setup.go:78
[6.550ms] [rows:1] SELECT count(*) FROM pg_indexes WHERE tablename = 'users' AND indexname = 'idx_users_deleted_at' AND schemaname = CURRENT_SCHEMA()

2025/02/13 14:38:33 /home/bryan/repos/skripsi/backend/setup/setup.go:78
[2.454ms] [rows:1] SELECT count(*) FROM information_schema.tables WHERE table_schema = CURRENT_SCHEMA() AND table_name = 'vet_specialties' AND table_type = 'BASE TABLE'

2025/02/13 14:38:33 /home/bryan/repos/skripsi/backend/setup/setup.go:78
[0.878ms] [rows:1] SELECT CURRENT_DATABASE()

2025/02/13 14:38:33 /home/bryan/repos/skripsi/backend/setup/setup.go:78
[12.220ms] [rows:-] SELECT c.column_name, c.is_nullable = 'YES', c.udt_name, c.character_maximum_length, c.numeric_precision, c.numeric_precision_radix, c.numeric_scale, c.datetime_precision, 8 * typlen, c.column_default, pd.description, c.identity_increment FROM information_schema.columns AS c JOIN pg_type AS pgt ON c.udt_name = pgt.typname LEFT JOIN pg_catalog.pg_description as pd ON pd.objsubid = c.ordinal_position AND pd.objoid = (SELECT oid FROM pg_catalog.pg_class WHERE relname = c.table_name AND relnamespace = (SELECT oid FROM pg_catalog.pg_namespace WHERE nspname = c.table_schema)) where table_catalog = $1$ AND table_schema = CURRENT_SCHEMA() AND table_name = $2$

2025/02/13 14:38:33 /home/bryan/repos/skripsi/backend/setup/setup.go:78
[0.924ms] [rows:-] SELECT * FROM "vet_specialties" LIMIT $1$

2025/02/13 14:38:33 /home/bryan/repos/skripsi/backend/setup/setup.go:78
[17.293ms] [rows:-] SELECT constraint_name FROM information_schema.table_constraints tc JOIN information_schema.constraint_column_usage AS ccu USING (constraint_schema, constraint_catalog, table_name, constraint_name) JOIN information_schema.columns AS c ON c.table_schema = tc.constraint_schema AND tc.table_name = c.table_name AND ccu.column_name = c.column_name WHERE constraint_type IN ('PRIMARY KEY', 'UNIQUE') AND c.table_catalog = $1$ AND c.table_schema = CURRENT_SCHEMA() AND c.table_name = $2$ AND constraint_type = $3$

2025/02/13 14:38:33 /home/bryan/repos/skripsi/backend/setup/setup.go:78
[17.176ms] [rows:-] SELECT c.column_name, constraint_name, constraint_type FROM information_schema.table_constraints tc JOIN information_schema.constraint_column_usage AS ccu USING (constraint_schema, constraint_catalog, table_name, constraint_name) JOIN information_schema.columns AS c ON c.table_schema = tc.constraint_schema AND tc.table_name = c.table_name AND ccu.column_name = c.column_name WHERE constraint_type IN ('PRIMARY KEY', 'UNIQUE') AND c.table_catalog = $1$ AND c.table_schema = CURRENT_SCHEMA() AND c.table_name = $2$

2025/02/13 14:38:33 /home/bryan/repos/skripsi/backend/setup/setup.go:78
[1.766ms] [rows:-] SELECT a.attname as column_name, format_type(a.atttypid, a.atttypmod) AS data_type
		FROM pg_attribute a JOIN pg_class b ON a.attrelid = b.oid AND relnamespace = (SELECT oid FROM pg_catalog.pg_namespace WHERE nspname = CURRENT_SCHEMA())
		WHERE a.attnum > 0 -- hide internal columns
		AND NOT a.attisdropped -- hide deleted columns
		AND b.relname = $1$

2025/02/13 14:38:33 /home/bryan/repos/skripsi/backend/setup/setup.go:78
[1.610ms] [rows:0] SELECT description FROM pg_catalog.pg_description WHERE objsubid = (SELECT ordinal_position FROM information_schema.columns WHERE table_schema = CURRENT_SCHEMA() AND table_name = 'vet_specialties' AND column_name = 'id') AND objoid = (SELECT oid FROM pg_catalog.pg_class WHERE relname = 'vet_specialties' AND relnamespace = (SELECT oid FROM pg_catalog.pg_namespace WHERE nspname = CURRENT_SCHEMA()))

2025/02/13 14:38:33 /home/bryan/repos/skripsi/backend/setup/setup.go:78
[1.603ms] [rows:0] SELECT description FROM pg_catalog.pg_description WHERE objsubid = (SELECT ordinal_position FROM information_schema.columns WHERE table_schema = CURRENT_SCHEMA() AND table_name = 'vet_specialties' AND column_name = 'name') AND objoid = (SELECT oid FROM pg_catalog.pg_class WHERE relname = 'vet_specialties' AND relnamespace = (SELECT oid FROM pg_catalog.pg_namespace WHERE nspname = CURRENT_SCHEMA()))

2025/02/13 14:38:33 /home/bryan/repos/skripsi/backend/setup/setup.go:78
[2.352ms] [rows:1] SELECT count(*) FROM information_schema.tables WHERE table_schema = CURRENT_SCHEMA() AND table_name = 'user_vet_specialties' AND table_type = 'BASE TABLE'

2025/02/13 14:38:33 /home/bryan/repos/skripsi/backend/setup/setup.go:78
[0.916ms] [rows:1] SELECT CURRENT_DATABASE()

2025/02/13 14:38:33 /home/bryan/repos/skripsi/backend/setup/setup.go:78
[12.108ms] [rows:-] SELECT c.column_name, c.is_nullable = 'YES', c.udt_name, c.character_maximum_length, c.numeric_precision, c.numeric_precision_radix, c.numeric_scale, c.datetime_precision, 8 * typlen, c.column_default, pd.description, c.identity_increment FROM information_schema.columns AS c JOIN pg_type AS pgt ON c.udt_name = pgt.typname LEFT JOIN pg_catalog.pg_description as pd ON pd.objsubid = c.ordinal_position AND pd.objoid = (SELECT oid FROM pg_catalog.pg_class WHERE relname = c.table_name AND relnamespace = (SELECT oid FROM pg_catalog.pg_namespace WHERE nspname = c.table_schema)) where table_catalog = $1$ AND table_schema = CURRENT_SCHEMA() AND table_name = $2$

2025/02/13 14:38:33 /home/bryan/repos/skripsi/backend/setup/setup.go:78
[1.204ms] [rows:-] SELECT * FROM "user_vet_specialties" LIMIT $1$

2025/02/13 14:38:33 /home/bryan/repos/skripsi/backend/setup/setup.go:78
[17.583ms] [rows:-] SELECT constraint_name FROM information_schema.table_constraints tc JOIN information_schema.constraint_column_usage AS ccu USING (constraint_schema, constraint_catalog, table_name, constraint_name) JOIN information_schema.columns AS c ON c.table_schema = tc.constraint_schema AND tc.table_name = c.table_name AND ccu.column_name = c.column_name WHERE constraint_type IN ('PRIMARY KEY', 'UNIQUE') AND c.table_catalog = $1$ AND c.table_schema = CURRENT_SCHEMA() AND c.table_name = $2$ AND constraint_type = $3$

2025/02/13 14:38:33 /home/bryan/repos/skripsi/backend/setup/setup.go:78
[17.683ms] [rows:-] SELECT c.column_name, constraint_name, constraint_type FROM information_schema.table_constraints tc JOIN information_schema.constraint_column_usage AS ccu USING (constraint_schema, constraint_catalog, table_name, constraint_name) JOIN information_schema.columns AS c ON c.table_schema = tc.constraint_schema AND tc.table_name = c.table_name AND ccu.column_name = c.column_name WHERE constraint_type IN ('PRIMARY KEY', 'UNIQUE') AND c.table_catalog = $1$ AND c.table_schema = CURRENT_SCHEMA() AND c.table_name = $2$

2025/02/13 14:38:33 /home/bryan/repos/skripsi/backend/setup/setup.go:78
[1.804ms] [rows:-] SELECT a.attname as column_name, format_type(a.atttypid, a.atttypmod) AS data_type
		FROM pg_attribute a JOIN pg_class b ON a.attrelid = b.oid AND relnamespace = (SELECT oid FROM pg_catalog.pg_namespace WHERE nspname = CURRENT_SCHEMA())
		WHERE a.attnum > 0 -- hide internal columns
		AND NOT a.attisdropped -- hide deleted columns
		AND b.relname = $1$

2025/02/13 14:38:33 /home/bryan/repos/skripsi/backend/setup/setup.go:78
[1.621ms] [rows:0] SELECT description FROM pg_catalog.pg_description WHERE objsubid = (SELECT ordinal_position FROM information_schema.columns WHERE table_schema = CURRENT_SCHEMA() AND table_name = 'user_vet_specialties' AND column_name = 'user_id') AND objoid = (SELECT oid FROM pg_catalog.pg_class WHERE relname = 'user_vet_specialties' AND relnamespace = (SELECT oid FROM pg_catalog.pg_namespace WHERE nspname = CURRENT_SCHEMA()))

2025/02/13 14:38:33 /home/bryan/repos/skripsi/backend/setup/setup.go:78
[1.529ms] [rows:0] SELECT description FROM pg_catalog.pg_description WHERE objsubid = (SELECT ordinal_position FROM information_schema.columns WHERE table_schema = CURRENT_SCHEMA() AND table_name = 'user_vet_specialties' AND column_name = 'vet_specialty_id') AND objoid = (SELECT oid FROM pg_catalog.pg_class WHERE relname = 'user_vet_specialties' AND relnamespace = (SELECT oid FROM pg_catalog.pg_namespace WHERE nspname = CURRENT_SCHEMA()))

2025/02/13 14:38:33 /home/bryan/repos/skripsi/backend/setup/setup.go:78
[4.780ms] [rows:1] SELECT count(*) FROM INFORMATION_SCHEMA.table_constraints WHERE table_schema = CURRENT_SCHEMA() AND table_name = 'user_vet_specialties' AND constraint_name = 'fk_user_vet_specialties_user'

2025/02/13 14:38:33 /home/bryan/repos/skripsi/backend/setup/setup.go:78
[3.969ms] [rows:1] SELECT count(*) FROM INFORMATION_SCHEMA.table_constraints WHERE table_schema = CURRENT_SCHEMA() AND table_name = 'user_vet_specialties' AND constraint_name = 'fk_user_vet_specialties_vet_specialty'

2025/02/13 14:38:33 /home/bryan/repos/skripsi/backend/setup/setup.go:78
[2.305ms] [rows:1] SELECT count(*) FROM information_schema.tables WHERE table_schema = CURRENT_SCHEMA() AND table_name = 'daily_walks' AND table_type = 'BASE TABLE'

2025/02/13 14:38:33 /home/bryan/repos/skripsi/backend/setup/setup.go:78
[0.855ms] [rows:1] SELECT CURRENT_DATABASE()

2025/02/13 14:38:33 /home/bryan/repos/skripsi/backend/setup/setup.go:78
[12.040ms] [rows:-] SELECT c.column_name, c.is_nullable = 'YES', c.udt_name, c.character_maximum_length, c.numeric_precision, c.numeric_precision_radix, c.numeric_scale, c.datetime_precision, 8 * typlen, c.column_default, pd.description, c.identity_increment FROM information_schema.columns AS c JOIN pg_type AS pgt ON c.udt_name = pgt.typname LEFT JOIN pg_catalog.pg_description as pd ON pd.objsubid = c.ordinal_position AND pd.objoid = (SELECT oid FROM pg_catalog.pg_class WHERE relname = c.table_name AND relnamespace = (SELECT oid FROM pg_catalog.pg_namespace WHERE nspname = c.table_schema)) where table_catalog = $1$ AND table_schema = CURRENT_SCHEMA() AND table_name = $2$

2025/02/13 14:38:33 /home/bryan/repos/skripsi/backend/setup/setup.go:78
[1.141ms] [rows:-] SELECT * FROM "daily_walks" LIMIT $1$

2025/02/13 14:38:33 /home/bryan/repos/skripsi/backend/setup/setup.go:78
[19.613ms] [rows:-] SELECT constraint_name FROM information_schema.table_constraints tc JOIN information_schema.constraint_column_usage AS ccu USING (constraint_schema, constraint_catalog, table_name, constraint_name) JOIN information_schema.columns AS c ON c.table_schema = tc.constraint_schema AND tc.table_name = c.table_name AND ccu.column_name = c.column_name WHERE constraint_type IN ('PRIMARY KEY', 'UNIQUE') AND c.table_catalog = $1$ AND c.table_schema = CURRENT_SCHEMA() AND c.table_name = $2$ AND constraint_type = $3$

2025/02/13 14:38:33 /home/bryan/repos/skripsi/backend/setup/setup.go:78
[20.633ms] [rows:-] SELECT c.column_name, constraint_name, constraint_type FROM information_schema.table_constraints tc JOIN information_schema.constraint_column_usage AS ccu USING (constraint_schema, constraint_catalog, table_name, constraint_name) JOIN information_schema.columns AS c ON c.table_schema = tc.constraint_schema AND tc.table_name = c.table_name AND ccu.column_name = c.column_name WHERE constraint_type IN ('PRIMARY KEY', 'UNIQUE') AND c.table_catalog = $1$ AND c.table_schema = CURRENT_SCHEMA() AND c.table_name = $2$

2025/02/13 14:38:33 /home/bryan/repos/skripsi/backend/setup/setup.go:78
[2.159ms] [rows:-] SELECT a.attname as column_name, format_type(a.atttypid, a.atttypmod) AS data_type
		FROM pg_attribute a JOIN pg_class b ON a.attrelid = b.oid AND relnamespace = (SELECT oid FROM pg_catalog.pg_namespace WHERE nspname = CURRENT_SCHEMA())
		WHERE a.attnum > 0 -- hide internal columns
		AND NOT a.attisdropped -- hide deleted columns
		AND b.relname = $1$

2025/02/13 14:38:33 /home/bryan/repos/skripsi/backend/setup/setup.go:78
[2.094ms] [rows:0] SELECT description FROM pg_catalog.pg_description WHERE objsubid = (SELECT ordinal_position FROM information_schema.columns WHERE table_schema = CURRENT_SCHEMA() AND table_name = 'daily_walks' AND column_name = 'id') AND objoid = (SELECT oid FROM pg_catalog.pg_class WHERE relname = 'daily_walks' AND relnamespace = (SELECT oid FROM pg_catalog.pg_namespace WHERE nspname = CURRENT_SCHEMA()))

2025/02/13 14:38:33 /home/bryan/repos/skripsi/backend/setup/setup.go:78
[1.944ms] [rows:0] SELECT description FROM pg_catalog.pg_description WHERE objsubid = (SELECT ordinal_position FROM information_schema.columns WHERE table_schema = CURRENT_SCHEMA() AND table_name = 'daily_walks' AND column_name = 'name') AND objoid = (SELECT oid FROM pg_catalog.pg_class WHERE relname = 'daily_walks' AND relnamespace = (SELECT oid FROM pg_catalog.pg_namespace WHERE nspname = CURRENT_SCHEMA()))

2025/02/13 14:38:33 /home/bryan/repos/skripsi/backend/setup/setup.go:78
[2.990ms] [rows:1] SELECT count(*) FROM information_schema.tables WHERE table_schema = CURRENT_SCHEMA() AND table_name = 'daily_playtimes' AND table_type = 'BASE TABLE'

2025/02/13 14:38:33 /home/bryan/repos/skripsi/backend/setup/setup.go:78
[0.916ms] [rows:1] SELECT CURRENT_DATABASE()

2025/02/13 14:38:33 /home/bryan/repos/skripsi/backend/setup/setup.go:78
[14.905ms] [rows:-] SELECT c.column_name, c.is_nullable = 'YES', c.udt_name, c.character_maximum_length, c.numeric_precision, c.numeric_precision_radix, c.numeric_scale, c.datetime_precision, 8 * typlen, c.column_default, pd.description, c.identity_increment FROM information_schema.columns AS c JOIN pg_type AS pgt ON c.udt_name = pgt.typname LEFT JOIN pg_catalog.pg_description as pd ON pd.objsubid = c.ordinal_position AND pd.objoid = (SELECT oid FROM pg_catalog.pg_class WHERE relname = c.table_name AND relnamespace = (SELECT oid FROM pg_catalog.pg_namespace WHERE nspname = c.table_schema)) where table_catalog = $1$ AND table_schema = CURRENT_SCHEMA() AND table_name = $2$

2025/02/13 14:38:33 /home/bryan/repos/skripsi/backend/setup/setup.go:78
[1.430ms] [rows:-] SELECT * FROM "daily_playtimes" LIMIT $1$

2025/02/13 14:38:33 /home/bryan/repos/skripsi/backend/setup/setup.go:78
[20.278ms] [rows:-] SELECT constraint_name FROM information_schema.table_constraints tc JOIN information_schema.constraint_column_usage AS ccu USING (constraint_schema, constraint_catalog, table_name, constraint_name) JOIN information_schema.columns AS c ON c.table_schema = tc.constraint_schema AND tc.table_name = c.table_name AND ccu.column_name = c.column_name WHERE constraint_type IN ('PRIMARY KEY', 'UNIQUE') AND c.table_catalog = $1$ AND c.table_schema = CURRENT_SCHEMA() AND c.table_name = $2$ AND constraint_type = $3$

2025/02/13 14:38:33 /home/bryan/repos/skripsi/backend/setup/setup.go:78
[20.920ms] [rows:-] SELECT c.column_name, constraint_name, constraint_type FROM information_schema.table_constraints tc JOIN information_schema.constraint_column_usage AS ccu USING (constraint_schema, constraint_catalog, table_name, constraint_name) JOIN information_schema.columns AS c ON c.table_schema = tc.constraint_schema AND tc.table_name = c.table_name AND ccu.column_name = c.column_name WHERE constraint_type IN ('PRIMARY KEY', 'UNIQUE') AND c.table_catalog = $1$ AND c.table_schema = CURRENT_SCHEMA() AND c.table_name = $2$

2025/02/13 14:38:33 /home/bryan/repos/skripsi/backend/setup/setup.go:78
[2.406ms] [rows:-] SELECT a.attname as column_name, format_type(a.atttypid, a.atttypmod) AS data_type
		FROM pg_attribute a JOIN pg_class b ON a.attrelid = b.oid AND relnamespace = (SELECT oid FROM pg_catalog.pg_namespace WHERE nspname = CURRENT_SCHEMA())
		WHERE a.attnum > 0 -- hide internal columns
		AND NOT a.attisdropped -- hide deleted columns
		AND b.relname = $1$

2025/02/13 14:38:33 /home/bryan/repos/skripsi/backend/setup/setup.go:78
[2.033ms] [rows:0] SELECT description FROM pg_catalog.pg_description WHERE objsubid = (SELECT ordinal_position FROM information_schema.columns WHERE table_schema = CURRENT_SCHEMA() AND table_name = 'daily_playtimes' AND column_name = 'id') AND objoid = (SELECT oid FROM pg_catalog.pg_class WHERE relname = 'daily_playtimes' AND relnamespace = (SELECT oid FROM pg_catalog.pg_namespace WHERE nspname = CURRENT_SCHEMA()))

2025/02/13 14:38:33 /home/bryan/repos/skripsi/backend/setup/setup.go:78
[1.877ms] [rows:0] SELECT description FROM pg_catalog.pg_description WHERE objsubid = (SELECT ordinal_position FROM information_schema.columns WHERE table_schema = CURRENT_SCHEMA() AND table_name = 'daily_playtimes' AND column_name = 'name') AND objoid = (SELECT oid FROM pg_catalog.pg_class WHERE relname = 'daily_playtimes' AND relnamespace = (SELECT oid FROM pg_catalog.pg_namespace WHERE nspname = CURRENT_SCHEMA()))

2025/02/13 14:38:33 /home/bryan/repos/skripsi/backend/setup/setup.go:78
[1.446ms] [rows:1] SELECT count(*) FROM information_schema.tables WHERE table_schema = CURRENT_SCHEMA() AND table_name = 'pet_daycares' AND table_type = 'BASE TABLE'

2025/02/13 14:38:33 /home/bryan/repos/skripsi/backend/setup/setup.go:78
[1.082ms] [rows:1] SELECT CURRENT_DATABASE()

2025/02/13 14:38:33 /home/bryan/repos/skripsi/backend/setup/setup.go:78
[6.321ms] [rows:-] SELECT c.column_name, c.is_nullable = 'YES', c.udt_name, c.character_maximum_length, c.numeric_precision, c.numeric_precision_radix, c.numeric_scale, c.datetime_precision, 8 * typlen, c.column_default, pd.description, c.identity_increment FROM information_schema.columns AS c JOIN pg_type AS pgt ON c.udt_name = pgt.typname LEFT JOIN pg_catalog.pg_description as pd ON pd.objsubid = c.ordinal_position AND pd.objoid = (SELECT oid FROM pg_catalog.pg_class WHERE relname = c.table_name AND relnamespace = (SELECT oid FROM pg_catalog.pg_namespace WHERE nspname = c.table_schema)) where table_catalog = $1$ AND table_schema = CURRENT_SCHEMA() AND table_name = $2$

2025/02/13 14:38:33 /home/bryan/repos/skripsi/backend/setup/setup.go:78
[1.339ms] [rows:-] SELECT * FROM "pet_daycares" LIMIT $1$

2025/02/13 14:38:33 /home/bryan/repos/skripsi/backend/setup/setup.go:78
[8.407ms] [rows:-] SELECT constraint_name FROM information_schema.table_constraints tc JOIN information_schema.constraint_column_usage AS ccu USING (constraint_schema, constraint_catalog, table_name, constraint_name) JOIN information_schema.columns AS c ON c.table_schema = tc.constraint_schema AND tc.table_name = c.table_name AND ccu.column_name = c.column_name WHERE constraint_type IN ('PRIMARY KEY', 'UNIQUE') AND c.table_catalog = $1$ AND c.table_schema = CURRENT_SCHEMA() AND c.table_name = $2$ AND constraint_type = $3$

2025/02/13 14:38:33 /home/bryan/repos/skripsi/backend/setup/setup.go:78
[9.011ms] [rows:-] SELECT c.column_name, constraint_name, constraint_type FROM information_schema.table_constraints tc JOIN information_schema.constraint_column_usage AS ccu USING (constraint_schema, constraint_catalog, table_name, constraint_name) JOIN information_schema.columns AS c ON c.table_schema = tc.constraint_schema AND tc.table_name = c.table_name AND ccu.column_name = c.column_name WHERE constraint_type IN ('PRIMARY KEY', 'UNIQUE') AND c.table_catalog = $1$ AND c.table_schema = CURRENT_SCHEMA() AND c.table_name = $2$

2025/02/13 14:38:33 /home/bryan/repos/skripsi/backend/setup/setup.go:78
[1.410ms] [rows:-] SELECT a.attname as column_name, format_type(a.atttypid, a.atttypmod) AS data_type
		FROM pg_attribute a JOIN pg_class b ON a.attrelid = b.oid AND relnamespace = (SELECT oid FROM pg_catalog.pg_namespace WHERE nspname = CURRENT_SCHEMA())
		WHERE a.attnum > 0 -- hide internal columns
		AND NOT a.attisdropped -- hide deleted columns
		AND b.relname = $1$

2025/02/13 14:38:33 /home/bryan/repos/skripsi/backend/setup/setup.go:78
[1.979ms] [rows:0] SELECT description FROM pg_catalog.pg_description WHERE objsubid = (SELECT ordinal_position FROM information_schema.columns WHERE table_schema = CURRENT_SCHEMA() AND table_name = 'pet_daycares' AND column_name = 'id') AND objoid = (SELECT oid FROM pg_catalog.pg_class WHERE relname = 'pet_daycares' AND relnamespace = (SELECT oid FROM pg_catalog.pg_namespace WHERE nspname = CURRENT_SCHEMA()))

2025/02/13 14:38:33 /home/bryan/repos/skripsi/backend/setup/setup.go:78
[1.955ms] [rows:0] SELECT description FROM pg_catalog.pg_description WHERE objsubid = (SELECT ordinal_position FROM information_schema.columns WHERE table_schema = CURRENT_SCHEMA() AND table_name = 'pet_daycares' AND column_name = 'created_at') AND objoid = (SELECT oid FROM pg_catalog.pg_class WHERE relname = 'pet_daycares' AND relnamespace = (SELECT oid FROM pg_catalog.pg_namespace WHERE nspname = CURRENT_SCHEMA()))

2025/02/13 14:38:33 /home/bryan/repos/skripsi/backend/setup/setup.go:78
[2.086ms] [rows:0] SELECT description FROM pg_catalog.pg_description WHERE objsubid = (SELECT ordinal_position FROM information_schema.columns WHERE table_schema = CURRENT_SCHEMA() AND table_name = 'pet_daycares' AND column_name = 'updated_at') AND objoid = (SELECT oid FROM pg_catalog.pg_class WHERE relname = 'pet_daycares' AND relnamespace = (SELECT oid FROM pg_catalog.pg_namespace WHERE nspname = CURRENT_SCHEMA()))

2025/02/13 14:38:33 /home/bryan/repos/skripsi/backend/setup/setup.go:78
[2.044ms] [rows:0] SELECT description FROM pg_catalog.pg_description WHERE objsubid = (SELECT ordinal_position FROM information_schema.columns WHERE table_schema = CURRENT_SCHEMA() AND table_name = 'pet_daycares' AND column_name = 'deleted_at') AND objoid = (SELECT oid FROM pg_catalog.pg_class WHERE relname = 'pet_daycares' AND relnamespace = (SELECT oid FROM pg_catalog.pg_namespace WHERE nspname = CURRENT_SCHEMA()))

2025/02/13 14:38:33 /home/bryan/repos/skripsi/backend/setup/setup.go:78
[2.012ms] [rows:0] SELECT description FROM pg_catalog.pg_description WHERE objsubid = (SELECT ordinal_position FROM information_schema.columns WHERE table_schema = CURRENT_SCHEMA() AND table_name = 'pet_daycares' AND column_name = 'name') AND objoid = (SELECT oid FROM pg_catalog.pg_class WHERE relname = 'pet_daycares' AND relnamespace = (SELECT oid FROM pg_catalog.pg_namespace WHERE nspname = CURRENT_SCHEMA()))

2025/02/13 14:38:33 /home/bryan/repos/skripsi/backend/setup/setup.go:78
[1.999ms] [rows:0] SELECT description FROM pg_catalog.pg_description WHERE objsubid = (SELECT ordinal_position FROM information_schema.columns WHERE table_schema = CURRENT_SCHEMA() AND table_name = 'pet_daycares' AND column_name = 'address') AND objoid = (SELECT oid FROM pg_catalog.pg_class WHERE relname = 'pet_daycares' AND relnamespace = (SELECT oid FROM pg_catalog.pg_namespace WHERE nspname = CURRENT_SCHEMA()))

2025/02/13 14:38:33 /home/bryan/repos/skripsi/backend/setup/setup.go:78
[2.038ms] [rows:0] SELECT description FROM pg_catalog.pg_description WHERE objsubid = (SELECT ordinal_position FROM information_schema.columns WHERE table_schema = CURRENT_SCHEMA() AND table_name = 'pet_daycares' AND column_name = 'latitude') AND objoid = (SELECT oid FROM pg_catalog.pg_class WHERE relname = 'pet_daycares' AND relnamespace = (SELECT oid FROM pg_catalog.pg_namespace WHERE nspname = CURRENT_SCHEMA()))

2025/02/13 14:38:33 /home/bryan/repos/skripsi/backend/setup/setup.go:78
[1.874ms] [rows:0] SELECT description FROM pg_catalog.pg_description WHERE objsubid = (SELECT ordinal_position FROM information_schema.columns WHERE table_schema = CURRENT_SCHEMA() AND table_name = 'pet_daycares' AND column_name = 'longitude') AND objoid = (SELECT oid FROM pg_catalog.pg_class WHERE relname = 'pet_daycares' AND relnamespace = (SELECT oid FROM pg_catalog.pg_namespace WHERE nspname = CURRENT_SCHEMA()))

2025/02/13 14:38:33 /home/bryan/repos/skripsi/backend/setup/setup.go:78
[1.910ms] [rows:0] SELECT description FROM pg_catalog.pg_description WHERE objsubid = (SELECT ordinal_position FROM information_schema.columns WHERE table_schema = CURRENT_SCHEMA() AND table_name = 'pet_daycares' AND column_name = 'price') AND objoid = (SELECT oid FROM pg_catalog.pg_class WHERE relname = 'pet_daycares' AND relnamespace = (SELECT oid FROM pg_catalog.pg_namespace WHERE nspname = CURRENT_SCHEMA()))

2025/02/13 14:38:33 /home/bryan/repos/skripsi/backend/setup/setup.go:78
[1.999ms] [rows:0] SELECT description FROM pg_catalog.pg_description WHERE objsubid = (SELECT ordinal_position FROM information_schema.columns WHERE table_schema = CURRENT_SCHEMA() AND table_name = 'pet_daycares' AND column_name = 'pricing_type') AND objoid = (SELECT oid FROM pg_catalog.pg_class WHERE relname = 'pet_daycares' AND relnamespace = (SELECT oid FROM pg_catalog.pg_namespace WHERE nspname = CURRENT_SCHEMA()))

2025/02/13 14:38:33 /home/bryan/repos/skripsi/backend/setup/setup.go:78
[2.371ms] [rows:0] SELECT description FROM pg_catalog.pg_description WHERE objsubid = (SELECT ordinal_position FROM information_schema.columns WHERE table_schema = CURRENT_SCHEMA() AND table_name = 'pet_daycares' AND column_name = 'description') AND objoid = (SELECT oid FROM pg_catalog.pg_class WHERE relname = 'pet_daycares' AND relnamespace = (SELECT oid FROM pg_catalog.pg_namespace WHERE nspname = CURRENT_SCHEMA()))

2025/02/13 14:38:33 /home/bryan/repos/skripsi/backend/setup/setup.go:78
[1.912ms] [rows:0] SELECT description FROM pg_catalog.pg_description WHERE objsubid = (SELECT ordinal_position FROM information_schema.columns WHERE table_schema = CURRENT_SCHEMA() AND table_name = 'pet_daycares' AND column_name = 'has_pickup_service') AND objoid = (SELECT oid FROM pg_catalog.pg_class WHERE relname = 'pet_daycares' AND relnamespace = (SELECT oid FROM pg_catalog.pg_namespace WHERE nspname = CURRENT_SCHEMA()))

2025/02/13 14:38:33 /home/bryan/repos/skripsi/backend/setup/setup.go:78
[1.849ms] [rows:0] SELECT description FROM pg_catalog.pg_description WHERE objsubid = (SELECT ordinal_position FROM information_schema.columns WHERE table_schema = CURRENT_SCHEMA() AND table_name = 'pet_daycares' AND column_name = 'must_be_vaccinated') AND objoid = (SELECT oid FROM pg_catalog.pg_class WHERE relname = 'pet_daycares' AND relnamespace = (SELECT oid FROM pg_catalog.pg_namespace WHERE nspname = CURRENT_SCHEMA()))

2025/02/13 14:38:33 /home/bryan/repos/skripsi/backend/setup/setup.go:78
[2.045ms] [rows:0] SELECT description FROM pg_catalog.pg_description WHERE objsubid = (SELECT ordinal_position FROM information_schema.columns WHERE table_schema = CURRENT_SCHEMA() AND table_name = 'pet_daycares' AND column_name = 'food_provided') AND objoid = (SELECT oid FROM pg_catalog.pg_class WHERE relname = 'pet_daycares' AND relnamespace = (SELECT oid FROM pg_catalog.pg_namespace WHERE nspname = CURRENT_SCHEMA()))

2025/02/13 14:38:33 /home/bryan/repos/skripsi/backend/setup/setup.go:78
[2.141ms] [rows:0] SELECT description FROM pg_catalog.pg_description WHERE objsubid = (SELECT ordinal_position FROM information_schema.columns WHERE table_schema = CURRENT_SCHEMA() AND table_name = 'pet_daycares' AND column_name = 'grooming_available') AND objoid = (SELECT oid FROM pg_catalog.pg_class WHERE relname = 'pet_daycares' AND relnamespace = (SELECT oid FROM pg_catalog.pg_namespace WHERE nspname = CURRENT_SCHEMA()))

2025/02/13 14:38:33 /home/bryan/repos/skripsi/backend/setup/setup.go:78
[2.213ms] [rows:0] SELECT description FROM pg_catalog.pg_description WHERE objsubid = (SELECT ordinal_position FROM information_schema.columns WHERE table_schema = CURRENT_SCHEMA() AND table_name = 'pet_daycares' AND column_name = 'booked_num') AND objoid = (SELECT oid FROM pg_catalog.pg_class WHERE relname = 'pet_daycares' AND relnamespace = (SELECT oid FROM pg_catalog.pg_namespace WHERE nspname = CURRENT_SCHEMA()))

2025/02/13 14:38:33 /home/bryan/repos/skripsi/backend/setup/setup.go:78
[2.207ms] [rows:0] SELECT description FROM pg_catalog.pg_description WHERE objsubid = (SELECT ordinal_position FROM information_schema.columns WHERE table_schema = CURRENT_SCHEMA() AND table_name = 'pet_daycares' AND column_name = 'daily_walks_id') AND objoid = (SELECT oid FROM pg_catalog.pg_class WHERE relname = 'pet_daycares' AND relnamespace = (SELECT oid FROM pg_catalog.pg_namespace WHERE nspname = CURRENT_SCHEMA()))

2025/02/13 14:38:33 /home/bryan/repos/skripsi/backend/setup/setup.go:78
[2.126ms] [rows:0] SELECT description FROM pg_catalog.pg_description WHERE objsubid = (SELECT ordinal_position FROM information_schema.columns WHERE table_schema = CURRENT_SCHEMA() AND table_name = 'pet_daycares' AND column_name = 'daily_playtime_id') AND objoid = (SELECT oid FROM pg_catalog.pg_class WHERE relname = 'pet_daycares' AND relnamespace = (SELECT oid FROM pg_catalog.pg_namespace WHERE nspname = CURRENT_SCHEMA()))

2025/02/13 14:38:33 /home/bryan/repos/skripsi/backend/setup/setup.go:78
[2.277ms] [rows:0] SELECT description FROM pg_catalog.pg_description WHERE objsubid = (SELECT ordinal_position FROM information_schema.columns WHERE table_schema = CURRENT_SCHEMA() AND table_name = 'pet_daycares' AND column_name = 'owner_id') AND objoid = (SELECT oid FROM pg_catalog.pg_class WHERE relname = 'pet_daycares' AND relnamespace = (SELECT oid FROM pg_catalog.pg_namespace WHERE nspname = CURRENT_SCHEMA()))

2025/02/13 14:38:33 /home/bryan/repos/skripsi/backend/setup/setup.go:78
[2.107ms] [rows:0] SELECT description FROM pg_catalog.pg_description WHERE objsubid = (SELECT ordinal_position FROM information_schema.columns WHERE table_schema = CURRENT_SCHEMA() AND table_name = 'pet_daycares' AND column_name = 'food_brand') AND objoid = (SELECT oid FROM pg_catalog.pg_class WHERE relname = 'pet_daycares' AND relnamespace = (SELECT oid FROM pg_catalog.pg_namespace WHERE nspname = CURRENT_SCHEMA()))

2025/02/13 14:38:33 /home/bryan/repos/skripsi/backend/setup/setup.go:78
[6.027ms] [rows:1] SELECT count(*) FROM INFORMATION_SCHEMA.table_constraints WHERE table_schema = CURRENT_SCHEMA() AND table_name = 'pet_daycares' AND constraint_name = 'fk_users_pet_daycare'

2025/02/13 14:38:33 /home/bryan/repos/skripsi/backend/setup/setup.go:78
[5.573ms] [rows:1] SELECT count(*) FROM INFORMATION_SCHEMA.table_constraints WHERE table_schema = CURRENT_SCHEMA() AND table_name = 'pet_daycares' AND constraint_name = 'fk_pet_daycares_daily_walks'

2025/02/13 14:38:33 /home/bryan/repos/skripsi/backend/setup/setup.go:78
[4.973ms] [rows:1] SELECT count(*) FROM INFORMATION_SCHEMA.table_constraints WHERE table_schema = CURRENT_SCHEMA() AND table_name = 'pet_daycares' AND constraint_name = 'fk_pet_daycares_daily_playtime'

2025/02/13 14:38:34 /home/bryan/repos/skripsi/backend/setup/setup.go:78
[3.750ms] [rows:1] SELECT count(*) FROM pg_indexes WHERE tablename = 'pet_daycares' AND indexname = 'idx_pet_daycares_deleted_at' AND schemaname = CURRENT_SCHEMA()

2025/02/13 14:38:34 /home/bryan/repos/skripsi/backend/setup/setup.go:78
[1.460ms] [rows:1] SELECT count(*) FROM information_schema.tables WHERE table_schema = CURRENT_SCHEMA() AND table_name = 'species' AND table_type = 'BASE TABLE'

2025/02/13 14:38:34 /home/bryan/repos/skripsi/backend/setup/setup.go:78
[1.051ms] [rows:1] SELECT CURRENT_DATABASE()

2025/02/13 14:38:34 /home/bryan/repos/skripsi/backend/setup/setup.go:78
[5.302ms] [rows:-] SELECT c.column_name, c.is_nullable = 'YES', c.udt_name, c.character_maximum_length, c.numeric_precision, c.numeric_precision_radix, c.numeric_scale, c.datetime_precision, 8 * typlen, c.column_default, pd.description, c.identity_increment FROM information_schema.columns AS c JOIN pg_type AS pgt ON c.udt_name = pgt.typname LEFT JOIN pg_catalog.pg_description as pd ON pd.objsubid = c.ordinal_position AND pd.objoid = (SELECT oid FROM pg_catalog.pg_class WHERE relname = c.table_name AND relnamespace = (SELECT oid FROM pg_catalog.pg_namespace WHERE nspname = c.table_schema)) where table_catalog = $1$ AND table_schema = CURRENT_SCHEMA() AND table_name = $2$

2025/02/13 14:38:34 /home/bryan/repos/skripsi/backend/setup/setup.go:78
[1.225ms] [rows:-] SELECT * FROM "species" LIMIT $1$

2025/02/13 14:38:34 /home/bryan/repos/skripsi/backend/setup/setup.go:78
[3.373ms] [rows:-] SELECT constraint_name FROM information_schema.table_constraints tc JOIN information_schema.constraint_column_usage AS ccu USING (constraint_schema, constraint_catalog, table_name, constraint_name) JOIN information_schema.columns AS c ON c.table_schema = tc.constraint_schema AND tc.table_name = c.table_name AND ccu.column_name = c.column_name WHERE constraint_type IN ('PRIMARY KEY', 'UNIQUE') AND c.table_catalog = $1$ AND c.table_schema = CURRENT_SCHEMA() AND c.table_name = $2$ AND constraint_type = $3$

2025/02/13 14:38:34 /home/bryan/repos/skripsi/backend/setup/setup.go:78
[3.060ms] [rows:-] SELECT c.column_name, constraint_name, constraint_type FROM information_schema.table_constraints tc JOIN information_schema.constraint_column_usage AS ccu USING (constraint_schema, constraint_catalog, table_name, constraint_name) JOIN information_schema.columns AS c ON c.table_schema = tc.constraint_schema AND tc.table_name = c.table_name AND ccu.column_name = c.column_name WHERE constraint_type IN ('PRIMARY KEY', 'UNIQUE') AND c.table_catalog = $1$ AND c.table_schema = CURRENT_SCHEMA() AND c.table_name = $2$

2025/02/13 14:38:34 /home/bryan/repos/skripsi/backend/setup/setup.go:78
[1.163ms] [rows:-] SELECT a.attname as column_name, format_type(a.atttypid, a.atttypmod) AS data_type
		FROM pg_attribute a JOIN pg_class b ON a.attrelid = b.oid AND relnamespace = (SELECT oid FROM pg_catalog.pg_namespace WHERE nspname = CURRENT_SCHEMA())
		WHERE a.attnum > 0 -- hide internal columns
		AND NOT a.attisdropped -- hide deleted columns
		AND b.relname = $1$

2025/02/13 14:38:34 /home/bryan/repos/skripsi/backend/setup/setup.go:78
[1.856ms] [rows:0] SELECT description FROM pg_catalog.pg_description WHERE objsubid = (SELECT ordinal_position FROM information_schema.columns WHERE table_schema = CURRENT_SCHEMA() AND table_name = 'species' AND column_name = 'id') AND objoid = (SELECT oid FROM pg_catalog.pg_class WHERE relname = 'species' AND relnamespace = (SELECT oid FROM pg_catalog.pg_namespace WHERE nspname = CURRENT_SCHEMA()))

2025/02/13 14:38:34 /home/bryan/repos/skripsi/backend/setup/setup.go:78
[1.906ms] [rows:0] SELECT description FROM pg_catalog.pg_description WHERE objsubid = (SELECT ordinal_position FROM information_schema.columns WHERE table_schema = CURRENT_SCHEMA() AND table_name = 'species' AND column_name = 'name') AND objoid = (SELECT oid FROM pg_catalog.pg_class WHERE relname = 'species' AND relnamespace = (SELECT oid FROM pg_catalog.pg_namespace WHERE nspname = CURRENT_SCHEMA()))

2025/02/13 14:38:34 /home/bryan/repos/skripsi/backend/setup/setup.go:78
[1.304ms] [rows:1] SELECT count(*) FROM information_schema.tables WHERE table_schema = CURRENT_SCHEMA() AND table_name = 'size_categories' AND table_type = 'BASE TABLE'

2025/02/13 14:38:34 /home/bryan/repos/skripsi/backend/setup/setup.go:78
[1.083ms] [rows:1] SELECT CURRENT_DATABASE()

2025/02/13 14:38:34 /home/bryan/repos/skripsi/backend/setup/setup.go:78
[3.795ms] [rows:-] SELECT c.column_name, c.is_nullable = 'YES', c.udt_name, c.character_maximum_length, c.numeric_precision, c.numeric_precision_radix, c.numeric_scale, c.datetime_precision, 8 * typlen, c.column_default, pd.description, c.identity_increment FROM information_schema.columns AS c JOIN pg_type AS pgt ON c.udt_name = pgt.typname LEFT JOIN pg_catalog.pg_description as pd ON pd.objsubid = c.ordinal_position AND pd.objoid = (SELECT oid FROM pg_catalog.pg_class WHERE relname = c.table_name AND relnamespace = (SELECT oid FROM pg_catalog.pg_namespace WHERE nspname = c.table_schema)) where table_catalog = $1$ AND table_schema = CURRENT_SCHEMA() AND table_name = $2$

2025/02/13 14:38:34 /home/bryan/repos/skripsi/backend/setup/setup.go:78
[1.074ms] [rows:-] SELECT * FROM "size_categories" LIMIT $1$

2025/02/13 14:38:34 /home/bryan/repos/skripsi/backend/setup/setup.go:78
[3.391ms] [rows:-] SELECT constraint_name FROM information_schema.table_constraints tc JOIN information_schema.constraint_column_usage AS ccu USING (constraint_schema, constraint_catalog, table_name, constraint_name) JOIN information_schema.columns AS c ON c.table_schema = tc.constraint_schema AND tc.table_name = c.table_name AND ccu.column_name = c.column_name WHERE constraint_type IN ('PRIMARY KEY', 'UNIQUE') AND c.table_catalog = $1$ AND c.table_schema = CURRENT_SCHEMA() AND c.table_name = $2$ AND constraint_type = $3$

2025/02/13 14:38:34 /home/bryan/repos/skripsi/backend/setup/setup.go:78
[3.799ms] [rows:-] SELECT c.column_name, constraint_name, constraint_type FROM information_schema.table_constraints tc JOIN information_schema.constraint_column_usage AS ccu USING (constraint_schema, constraint_catalog, table_name, constraint_name) JOIN information_schema.columns AS c ON c.table_schema = tc.constraint_schema AND tc.table_name = c.table_name AND ccu.column_name = c.column_name WHERE constraint_type IN ('PRIMARY KEY', 'UNIQUE') AND c.table_catalog = $1$ AND c.table_schema = CURRENT_SCHEMA() AND c.table_name = $2$

2025/02/13 14:38:34 /home/bryan/repos/skripsi/backend/setup/setup.go:78
[1.158ms] [rows:-] SELECT a.attname as column_name, format_type(a.atttypid, a.atttypmod) AS data_type
		FROM pg_attribute a JOIN pg_class b ON a.attrelid = b.oid AND relnamespace = (SELECT oid FROM pg_catalog.pg_namespace WHERE nspname = CURRENT_SCHEMA())
		WHERE a.attnum > 0 -- hide internal columns
		AND NOT a.attisdropped -- hide deleted columns
		AND b.relname = $1$

2025/02/13 14:38:34 /home/bryan/repos/skripsi/backend/setup/setup.go:78
[1.903ms] [rows:0] SELECT description FROM pg_catalog.pg_description WHERE objsubid = (SELECT ordinal_position FROM information_schema.columns WHERE table_schema = CURRENT_SCHEMA() AND table_name = 'size_categories' AND column_name = 'id') AND objoid = (SELECT oid FROM pg_catalog.pg_class WHERE relname = 'size_categories' AND relnamespace = (SELECT oid FROM pg_catalog.pg_namespace WHERE nspname = CURRENT_SCHEMA()))

2025/02/13 14:38:34 /home/bryan/repos/skripsi/backend/setup/setup.go:78
[1.809ms] [rows:0] SELECT description FROM pg_catalog.pg_description WHERE objsubid = (SELECT ordinal_position FROM information_schema.columns WHERE table_schema = CURRENT_SCHEMA() AND table_name = 'size_categories' AND column_name = 'name') AND objoid = (SELECT oid FROM pg_catalog.pg_class WHERE relname = 'size_categories' AND relnamespace = (SELECT oid FROM pg_catalog.pg_namespace WHERE nspname = CURRENT_SCHEMA()))

2025/02/13 14:38:34 /home/bryan/repos/skripsi/backend/setup/setup.go:78
[1.899ms] [rows:0] SELECT description FROM pg_catalog.pg_description WHERE objsubid = (SELECT ordinal_position FROM information_schema.columns WHERE table_schema = CURRENT_SCHEMA() AND table_name = 'size_categories' AND column_name = 'min_weight') AND objoid = (SELECT oid FROM pg_catalog.pg_class WHERE relname = 'size_categories' AND relnamespace = (SELECT oid FROM pg_catalog.pg_namespace WHERE nspname = CURRENT_SCHEMA()))

2025/02/13 14:38:34 /home/bryan/repos/skripsi/backend/setup/setup.go:78
[1.881ms] [rows:0] SELECT description FROM pg_catalog.pg_description WHERE objsubid = (SELECT ordinal_position FROM information_schema.columns WHERE table_schema = CURRENT_SCHEMA() AND table_name = 'size_categories' AND column_name = 'max_weight') AND objoid = (SELECT oid FROM pg_catalog.pg_class WHERE relname = 'size_categories' AND relnamespace = (SELECT oid FROM pg_catalog.pg_namespace WHERE nspname = CURRENT_SCHEMA()))

2025/02/13 14:38:34 /home/bryan/repos/skripsi/backend/setup/setup.go:78
[1.350ms] [rows:1] SELECT count(*) FROM information_schema.tables WHERE table_schema = CURRENT_SCHEMA() AND table_name = 'pets' AND table_type = 'BASE TABLE'

2025/02/13 14:38:34 /home/bryan/repos/skripsi/backend/setup/setup.go:78
[1.037ms] [rows:1] SELECT CURRENT_DATABASE()

2025/02/13 14:38:34 /home/bryan/repos/skripsi/backend/setup/setup.go:78
[4.777ms] [rows:-] SELECT c.column_name, c.is_nullable = 'YES', c.udt_name, c.character_maximum_length, c.numeric_precision, c.numeric_precision_radix, c.numeric_scale, c.datetime_precision, 8 * typlen, c.column_default, pd.description, c.identity_increment FROM information_schema.columns AS c JOIN pg_type AS pgt ON c.udt_name = pgt.typname LEFT JOIN pg_catalog.pg_description as pd ON pd.objsubid = c.ordinal_position AND pd.objoid = (SELECT oid FROM pg_catalog.pg_class WHERE relname = c.table_name AND relnamespace = (SELECT oid FROM pg_catalog.pg_namespace WHERE nspname = c.table_schema)) where table_catalog = $1$ AND table_schema = CURRENT_SCHEMA() AND table_name = $2$

2025/02/13 14:38:34 /home/bryan/repos/skripsi/backend/setup/setup.go:78
[1.437ms] [rows:-] SELECT * FROM "pets" LIMIT $1$

2025/02/13 14:38:34 /home/bryan/repos/skripsi/backend/setup/setup.go:78
[6.716ms] [rows:-] SELECT constraint_name FROM information_schema.table_constraints tc JOIN information_schema.constraint_column_usage AS ccu USING (constraint_schema, constraint_catalog, table_name, constraint_name) JOIN information_schema.columns AS c ON c.table_schema = tc.constraint_schema AND tc.table_name = c.table_name AND ccu.column_name = c.column_name WHERE constraint_type IN ('PRIMARY KEY', 'UNIQUE') AND c.table_catalog = $1$ AND c.table_schema = CURRENT_SCHEMA() AND c.table_name = $2$ AND constraint_type = $3$

2025/02/13 14:38:34 /home/bryan/repos/skripsi/backend/setup/setup.go:78
[4.685ms] [rows:-] SELECT c.column_name, constraint_name, constraint_type FROM information_schema.table_constraints tc JOIN information_schema.constraint_column_usage AS ccu USING (constraint_schema, constraint_catalog, table_name, constraint_name) JOIN information_schema.columns AS c ON c.table_schema = tc.constraint_schema AND tc.table_name = c.table_name AND ccu.column_name = c.column_name WHERE constraint_type IN ('PRIMARY KEY', 'UNIQUE') AND c.table_catalog = $1$ AND c.table_schema = CURRENT_SCHEMA() AND c.table_name = $2$

2025/02/13 14:38:34 /home/bryan/repos/skripsi/backend/setup/setup.go:78
[1.346ms] [rows:-] SELECT a.attname as column_name, format_type(a.atttypid, a.atttypmod) AS data_type
		FROM pg_attribute a JOIN pg_class b ON a.attrelid = b.oid AND relnamespace = (SELECT oid FROM pg_catalog.pg_namespace WHERE nspname = CURRENT_SCHEMA())
		WHERE a.attnum > 0 -- hide internal columns
		AND NOT a.attisdropped -- hide deleted columns
		AND b.relname = $1$

2025/02/13 14:38:34 /home/bryan/repos/skripsi/backend/setup/setup.go:78
[1.817ms] [rows:0] SELECT description FROM pg_catalog.pg_description WHERE objsubid = (SELECT ordinal_position FROM information_schema.columns WHERE table_schema = CURRENT_SCHEMA() AND table_name = 'pets' AND column_name = 'id') AND objoid = (SELECT oid FROM pg_catalog.pg_class WHERE relname = 'pets' AND relnamespace = (SELECT oid FROM pg_catalog.pg_namespace WHERE nspname = CURRENT_SCHEMA()))

2025/02/13 14:38:34 /home/bryan/repos/skripsi/backend/setup/setup.go:78
[1.718ms] [rows:0] SELECT description FROM pg_catalog.pg_description WHERE objsubid = (SELECT ordinal_position FROM information_schema.columns WHERE table_schema = CURRENT_SCHEMA() AND table_name = 'pets' AND column_name = 'created_at') AND objoid = (SELECT oid FROM pg_catalog.pg_class WHERE relname = 'pets' AND relnamespace = (SELECT oid FROM pg_catalog.pg_namespace WHERE nspname = CURRENT_SCHEMA()))

2025/02/13 14:38:34 /home/bryan/repos/skripsi/backend/setup/setup.go:78
[1.868ms] [rows:0] SELECT description FROM pg_catalog.pg_description WHERE objsubid = (SELECT ordinal_position FROM information_schema.columns WHERE table_schema = CURRENT_SCHEMA() AND table_name = 'pets' AND column_name = 'updated_at') AND objoid = (SELECT oid FROM pg_catalog.pg_class WHERE relname = 'pets' AND relnamespace = (SELECT oid FROM pg_catalog.pg_namespace WHERE nspname = CURRENT_SCHEMA()))

2025/02/13 14:38:34 /home/bryan/repos/skripsi/backend/setup/setup.go:78
[1.848ms] [rows:0] SELECT description FROM pg_catalog.pg_description WHERE objsubid = (SELECT ordinal_position FROM information_schema.columns WHERE table_schema = CURRENT_SCHEMA() AND table_name = 'pets' AND column_name = 'deleted_at') AND objoid = (SELECT oid FROM pg_catalog.pg_class WHERE relname = 'pets' AND relnamespace = (SELECT oid FROM pg_catalog.pg_namespace WHERE nspname = CURRENT_SCHEMA()))

2025/02/13 14:38:34 /home/bryan/repos/skripsi/backend/setup/setup.go:78
[1.954ms] [rows:0] SELECT description FROM pg_catalog.pg_description WHERE objsubid = (SELECT ordinal_position FROM information_schema.columns WHERE table_schema = CURRENT_SCHEMA() AND table_name = 'pets' AND column_name = 'name') AND objoid = (SELECT oid FROM pg_catalog.pg_class WHERE relname = 'pets' AND relnamespace = (SELECT oid FROM pg_catalog.pg_namespace WHERE nspname = CURRENT_SCHEMA()))

2025/02/13 14:38:34 /home/bryan/repos/skripsi/backend/setup/setup.go:78
[1.942ms] [rows:0] SELECT description FROM pg_catalog.pg_description WHERE objsubid = (SELECT ordinal_position FROM information_schema.columns WHERE table_schema = CURRENT_SCHEMA() AND table_name = 'pets' AND column_name = 'image_url') AND objoid = (SELECT oid FROM pg_catalog.pg_class WHERE relname = 'pets' AND relnamespace = (SELECT oid FROM pg_catalog.pg_namespace WHERE nspname = CURRENT_SCHEMA()))

2025/02/13 14:38:34 /home/bryan/repos/skripsi/backend/setup/setup.go:78
[1.799ms] [rows:0] SELECT description FROM pg_catalog.pg_description WHERE objsubid = (SELECT ordinal_position FROM information_schema.columns WHERE table_schema = CURRENT_SCHEMA() AND table_name = 'pets' AND column_name = 'status') AND objoid = (SELECT oid FROM pg_catalog.pg_class WHERE relname = 'pets' AND relnamespace = (SELECT oid FROM pg_catalog.pg_namespace WHERE nspname = CURRENT_SCHEMA()))

2025/02/13 14:38:34 /home/bryan/repos/skripsi/backend/setup/setup.go:78
[1.909ms] [rows:0] SELECT description FROM pg_catalog.pg_description WHERE objsubid = (SELECT ordinal_position FROM information_schema.columns WHERE table_schema = CURRENT_SCHEMA() AND table_name = 'pets' AND column_name = 'owner_id') AND objoid = (SELECT oid FROM pg_catalog.pg_class WHERE relname = 'pets' AND relnamespace = (SELECT oid FROM pg_catalog.pg_namespace WHERE nspname = CURRENT_SCHEMA()))

2025/02/13 14:38:34 /home/bryan/repos/skripsi/backend/setup/setup.go:78
[1.823ms] [rows:0] SELECT description FROM pg_catalog.pg_description WHERE objsubid = (SELECT ordinal_position FROM information_schema.columns WHERE table_schema = CURRENT_SCHEMA() AND table_name = 'pets' AND column_name = 'species_id') AND objoid = (SELECT oid FROM pg_catalog.pg_class WHERE relname = 'pets' AND relnamespace = (SELECT oid FROM pg_catalog.pg_namespace WHERE nspname = CURRENT_SCHEMA()))

2025/02/13 14:38:34 /home/bryan/repos/skripsi/backend/setup/setup.go:78
[1.873ms] [rows:0] SELECT description FROM pg_catalog.pg_description WHERE objsubid = (SELECT ordinal_position FROM information_schema.columns WHERE table_schema = CURRENT_SCHEMA() AND table_name = 'pets' AND column_name = 'size_id') AND objoid = (SELECT oid FROM pg_catalog.pg_class WHERE relname = 'pets' AND relnamespace = (SELECT oid FROM pg_catalog.pg_namespace WHERE nspname = CURRENT_SCHEMA()))

2025/02/13 14:38:34 /home/bryan/repos/skripsi/backend/setup/setup.go:78
[1.530ms] [rows:1] SELECT count(*) FROM INFORMATION_SCHEMA.table_constraints WHERE table_schema = CURRENT_SCHEMA() AND table_name = 'pets' AND constraint_name = 'fk_pets_size_category'

2025/02/13 14:38:34 /home/bryan/repos/skripsi/backend/setup/setup.go:78
[1.469ms] [rows:1] SELECT count(*) FROM INFORMATION_SCHEMA.table_constraints WHERE table_schema = CURRENT_SCHEMA() AND table_name = 'pets' AND constraint_name = 'fk_users_pets'

2025/02/13 14:38:34 /home/bryan/repos/skripsi/backend/setup/setup.go:78
[1.460ms] [rows:1] SELECT count(*) FROM INFORMATION_SCHEMA.table_constraints WHERE table_schema = CURRENT_SCHEMA() AND table_name = 'pets' AND constraint_name = 'fk_pets_species'

2025/02/13 14:38:34 /home/bryan/repos/skripsi/backend/setup/setup.go:78
[3.220ms] [rows:1] SELECT count(*) FROM pg_indexes WHERE tablename = 'pets' AND indexname = 'idx_pets_deleted_at' AND schemaname = CURRENT_SCHEMA()

2025/02/13 14:38:34 /home/bryan/repos/skripsi/backend/setup/setup.go:78
[1.352ms] [rows:1] SELECT count(*) FROM information_schema.tables WHERE table_schema = CURRENT_SCHEMA() AND table_name = 'slots' AND table_type = 'BASE TABLE'

2025/02/13 14:38:34 /home/bryan/repos/skripsi/backend/setup/setup.go:78
[1.177ms] [rows:1] SELECT CURRENT_DATABASE()

2025/02/13 14:38:34 /home/bryan/repos/skripsi/backend/setup/setup.go:78
[4.067ms] [rows:-] SELECT c.column_name, c.is_nullable = 'YES', c.udt_name, c.character_maximum_length, c.numeric_precision, c.numeric_precision_radix, c.numeric_scale, c.datetime_precision, 8 * typlen, c.column_default, pd.description, c.identity_increment FROM information_schema.columns AS c JOIN pg_type AS pgt ON c.udt_name = pgt.typname LEFT JOIN pg_catalog.pg_description as pd ON pd.objsubid = c.ordinal_position AND pd.objoid = (SELECT oid FROM pg_catalog.pg_class WHERE relname = c.table_name AND relnamespace = (SELECT oid FROM pg_catalog.pg_namespace WHERE nspname = c.table_schema)) where table_catalog = $1$ AND table_schema = CURRENT_SCHEMA() AND table_name = $2$

2025/02/13 14:38:34 /home/bryan/repos/skripsi/backend/setup/setup.go:78
[1.355ms] [rows:-] SELECT * FROM "slots" LIMIT $1$

2025/02/13 14:38:34 /home/bryan/repos/skripsi/backend/setup/setup.go:78
[3.580ms] [rows:-] SELECT constraint_name FROM information_schema.table_constraints tc JOIN information_schema.constraint_column_usage AS ccu USING (constraint_schema, constraint_catalog, table_name, constraint_name) JOIN information_schema.columns AS c ON c.table_schema = tc.constraint_schema AND tc.table_name = c.table_name AND ccu.column_name = c.column_name WHERE constraint_type IN ('PRIMARY KEY', 'UNIQUE') AND c.table_catalog = $1$ AND c.table_schema = CURRENT_SCHEMA() AND c.table_name = $2$ AND constraint_type = $3$

2025/02/13 14:38:34 /home/bryan/repos/skripsi/backend/setup/setup.go:78
[3.467ms] [rows:-] SELECT c.column_name, constraint_name, constraint_type FROM information_schema.table_constraints tc JOIN information_schema.constraint_column_usage AS ccu USING (constraint_schema, constraint_catalog, table_name, constraint_name) JOIN information_schema.columns AS c ON c.table_schema = tc.constraint_schema AND tc.table_name = c.table_name AND ccu.column_name = c.column_name WHERE constraint_type IN ('PRIMARY KEY', 'UNIQUE') AND c.table_catalog = $1$ AND c.table_schema = CURRENT_SCHEMA() AND c.table_name = $2$

2025/02/13 14:38:34 /home/bryan/repos/skripsi/backend/setup/setup.go:78
[1.329ms] [rows:-] SELECT a.attname as column_name, format_type(a.atttypid, a.atttypmod) AS data_type
		FROM pg_attribute a JOIN pg_class b ON a.attrelid = b.oid AND relnamespace = (SELECT oid FROM pg_catalog.pg_namespace WHERE nspname = CURRENT_SCHEMA())
		WHERE a.attnum > 0 -- hide internal columns
		AND NOT a.attisdropped -- hide deleted columns
		AND b.relname = $1$

2025/02/13 14:38:34 /home/bryan/repos/skripsi/backend/setup/setup.go:78
[1.985ms] [rows:0] SELECT description FROM pg_catalog.pg_description WHERE objsubid = (SELECT ordinal_position FROM information_schema.columns WHERE table_schema = CURRENT_SCHEMA() AND table_name = 'slots' AND column_name = 'id') AND objoid = (SELECT oid FROM pg_catalog.pg_class WHERE relname = 'slots' AND relnamespace = (SELECT oid FROM pg_catalog.pg_namespace WHERE nspname = CURRENT_SCHEMA()))

2025/02/13 14:38:34 /home/bryan/repos/skripsi/backend/setup/setup.go:78
[1.794ms] [rows:0] SELECT description FROM pg_catalog.pg_description WHERE objsubid = (SELECT ordinal_position FROM information_schema.columns WHERE table_schema = CURRENT_SCHEMA() AND table_name = 'slots' AND column_name = 'created_at') AND objoid = (SELECT oid FROM pg_catalog.pg_class WHERE relname = 'slots' AND relnamespace = (SELECT oid FROM pg_catalog.pg_namespace WHERE nspname = CURRENT_SCHEMA()))

2025/02/13 14:38:34 /home/bryan/repos/skripsi/backend/setup/setup.go:78
[1.804ms] [rows:0] SELECT description FROM pg_catalog.pg_description WHERE objsubid = (SELECT ordinal_position FROM information_schema.columns WHERE table_schema = CURRENT_SCHEMA() AND table_name = 'slots' AND column_name = 'updated_at') AND objoid = (SELECT oid FROM pg_catalog.pg_class WHERE relname = 'slots' AND relnamespace = (SELECT oid FROM pg_catalog.pg_namespace WHERE nspname = CURRENT_SCHEMA()))

2025/02/13 14:38:34 /home/bryan/repos/skripsi/backend/setup/setup.go:78
[1.757ms] [rows:0] SELECT description FROM pg_catalog.pg_description WHERE objsubid = (SELECT ordinal_position FROM information_schema.columns WHERE table_schema = CURRENT_SCHEMA() AND table_name = 'slots' AND column_name = 'deleted_at') AND objoid = (SELECT oid FROM pg_catalog.pg_class WHERE relname = 'slots' AND relnamespace = (SELECT oid FROM pg_catalog.pg_namespace WHERE nspname = CURRENT_SCHEMA()))

2025/02/13 14:38:34 /home/bryan/repos/skripsi/backend/setup/setup.go:78
[1.706ms] [rows:0] SELECT description FROM pg_catalog.pg_description WHERE objsubid = (SELECT ordinal_position FROM information_schema.columns WHERE table_schema = CURRENT_SCHEMA() AND table_name = 'slots' AND column_name = 'daycare_id') AND objoid = (SELECT oid FROM pg_catalog.pg_class WHERE relname = 'slots' AND relnamespace = (SELECT oid FROM pg_catalog.pg_namespace WHERE nspname = CURRENT_SCHEMA()))

2025/02/13 14:38:34 /home/bryan/repos/skripsi/backend/setup/setup.go:78
[1.668ms] [rows:0] SELECT description FROM pg_catalog.pg_description WHERE objsubid = (SELECT ordinal_position FROM information_schema.columns WHERE table_schema = CURRENT_SCHEMA() AND table_name = 'slots' AND column_name = 'species_id') AND objoid = (SELECT oid FROM pg_catalog.pg_class WHERE relname = 'slots' AND relnamespace = (SELECT oid FROM pg_catalog.pg_namespace WHERE nspname = CURRENT_SCHEMA()))

2025/02/13 14:38:34 /home/bryan/repos/skripsi/backend/setup/setup.go:78
[1.849ms] [rows:0] SELECT description FROM pg_catalog.pg_description WHERE objsubid = (SELECT ordinal_position FROM information_schema.columns WHERE table_schema = CURRENT_SCHEMA() AND table_name = 'slots' AND column_name = 'size_category_id') AND objoid = (SELECT oid FROM pg_catalog.pg_class WHERE relname = 'slots' AND relnamespace = (SELECT oid FROM pg_catalog.pg_namespace WHERE nspname = CURRENT_SCHEMA()))

2025/02/13 14:38:34 /home/bryan/repos/skripsi/backend/setup/setup.go:78
[1.684ms] [rows:0] SELECT description FROM pg_catalog.pg_description WHERE objsubid = (SELECT ordinal_position FROM information_schema.columns WHERE table_schema = CURRENT_SCHEMA() AND table_name = 'slots' AND column_name = 'max_number') AND objoid = (SELECT oid FROM pg_catalog.pg_class WHERE relname = 'slots' AND relnamespace = (SELECT oid FROM pg_catalog.pg_namespace WHERE nspname = CURRENT_SCHEMA()))

2025/02/13 14:38:34 /home/bryan/repos/skripsi/backend/setup/setup.go:78
[1.399ms] [rows:1] SELECT count(*) FROM INFORMATION_SCHEMA.table_constraints WHERE table_schema = CURRENT_SCHEMA() AND table_name = 'slots' AND constraint_name = 'fk_pet_daycares_slots'

2025/02/13 14:38:34 /home/bryan/repos/skripsi/backend/setup/setup.go:78
[3.210ms] [rows:1] SELECT count(*) FROM pg_indexes WHERE tablename = 'slots' AND indexname = 'idx_slots_deleted_at' AND schemaname = CURRENT_SCHEMA()

2025/02/13 14:38:34 /home/bryan/repos/skripsi/backend/setup/setup.go:78
[1.507ms] [rows:1] SELECT count(*) FROM information_schema.tables WHERE table_schema = CURRENT_SCHEMA() AND table_name = 'booked_slots' AND table_type = 'BASE TABLE'

2025/02/13 14:38:34 /home/bryan/repos/skripsi/backend/setup/setup.go:78
[0.911ms] [rows:1] SELECT CURRENT_DATABASE()

2025/02/13 14:38:34 /home/bryan/repos/skripsi/backend/setup/setup.go:78
[4.306ms] [rows:-] SELECT c.column_name, c.is_nullable = 'YES', c.udt_name, c.character_maximum_length, c.numeric_precision, c.numeric_precision_radix, c.numeric_scale, c.datetime_precision, 8 * typlen, c.column_default, pd.description, c.identity_increment FROM information_schema.columns AS c JOIN pg_type AS pgt ON c.udt_name = pgt.typname LEFT JOIN pg_catalog.pg_description as pd ON pd.objsubid = c.ordinal_position AND pd.objoid = (SELECT oid FROM pg_catalog.pg_class WHERE relname = c.table_name AND relnamespace = (SELECT oid FROM pg_catalog.pg_namespace WHERE nspname = c.table_schema)) where table_catalog = $1$ AND table_schema = CURRENT_SCHEMA() AND table_name = $2$

2025/02/13 14:38:34 /home/bryan/repos/skripsi/backend/setup/setup.go:78
[1.316ms] [rows:-] SELECT * FROM "booked_slots" LIMIT $1$

2025/02/13 14:38:34 /home/bryan/repos/skripsi/backend/setup/setup.go:78
[4.108ms] [rows:-] SELECT constraint_name FROM information_schema.table_constraints tc JOIN information_schema.constraint_column_usage AS ccu USING (constraint_schema, constraint_catalog, table_name, constraint_name) JOIN information_schema.columns AS c ON c.table_schema = tc.constraint_schema AND tc.table_name = c.table_name AND ccu.column_name = c.column_name WHERE constraint_type IN ('PRIMARY KEY', 'UNIQUE') AND c.table_catalog = $1$ AND c.table_schema = CURRENT_SCHEMA() AND c.table_name = $2$ AND constraint_type = $3$

2025/02/13 14:38:34 /home/bryan/repos/skripsi/backend/setup/setup.go:78
[4.062ms] [rows:-] SELECT c.column_name, constraint_name, constraint_type FROM information_schema.table_constraints tc JOIN information_schema.constraint_column_usage AS ccu USING (constraint_schema, constraint_catalog, table_name, constraint_name) JOIN information_schema.columns AS c ON c.table_schema = tc.constraint_schema AND tc.table_name = c.table_name AND ccu.column_name = c.column_name WHERE constraint_type IN ('PRIMARY KEY', 'UNIQUE') AND c.table_catalog = $1$ AND c.table_schema = CURRENT_SCHEMA() AND c.table_name = $2$

2025/02/13 14:38:34 /home/bryan/repos/skripsi/backend/setup/setup.go:78
[1.407ms] [rows:-] SELECT a.attname as column_name, format_type(a.atttypid, a.atttypmod) AS data_type
		FROM pg_attribute a JOIN pg_class b ON a.attrelid = b.oid AND relnamespace = (SELECT oid FROM pg_catalog.pg_namespace WHERE nspname = CURRENT_SCHEMA())
		WHERE a.attnum > 0 -- hide internal columns
		AND NOT a.attisdropped -- hide deleted columns
		AND b.relname = $1$

2025/02/13 14:38:34 /home/bryan/repos/skripsi/backend/setup/setup.go:78
[1.893ms] [rows:0] SELECT description FROM pg_catalog.pg_description WHERE objsubid = (SELECT ordinal_position FROM information_schema.columns WHERE table_schema = CURRENT_SCHEMA() AND table_name = 'booked_slots' AND column_name = 'id') AND objoid = (SELECT oid FROM pg_catalog.pg_class WHERE relname = 'booked_slots' AND relnamespace = (SELECT oid FROM pg_catalog.pg_namespace WHERE nspname = CURRENT_SCHEMA()))

2025/02/13 14:38:34 /home/bryan/repos/skripsi/backend/setup/setup.go:78
[1.805ms] [rows:0] SELECT description FROM pg_catalog.pg_description WHERE objsubid = (SELECT ordinal_position FROM information_schema.columns WHERE table_schema = CURRENT_SCHEMA() AND table_name = 'booked_slots' AND column_name = 'created_at') AND objoid = (SELECT oid FROM pg_catalog.pg_class WHERE relname = 'booked_slots' AND relnamespace = (SELECT oid FROM pg_catalog.pg_namespace WHERE nspname = CURRENT_SCHEMA()))

2025/02/13 14:38:34 /home/bryan/repos/skripsi/backend/setup/setup.go:78
[1.604ms] [rows:0] SELECT description FROM pg_catalog.pg_description WHERE objsubid = (SELECT ordinal_position FROM information_schema.columns WHERE table_schema = CURRENT_SCHEMA() AND table_name = 'booked_slots' AND column_name = 'updated_at') AND objoid = (SELECT oid FROM pg_catalog.pg_class WHERE relname = 'booked_slots' AND relnamespace = (SELECT oid FROM pg_catalog.pg_namespace WHERE nspname = CURRENT_SCHEMA()))

2025/02/13 14:38:34 /home/bryan/repos/skripsi/backend/setup/setup.go:78
[1.691ms] [rows:0] SELECT description FROM pg_catalog.pg_description WHERE objsubid = (SELECT ordinal_position FROM information_schema.columns WHERE table_schema = CURRENT_SCHEMA() AND table_name = 'booked_slots' AND column_name = 'deleted_at') AND objoid = (SELECT oid FROM pg_catalog.pg_class WHERE relname = 'booked_slots' AND relnamespace = (SELECT oid FROM pg_catalog.pg_namespace WHERE nspname = CURRENT_SCHEMA()))

2025/02/13 14:38:34 /home/bryan/repos/skripsi/backend/setup/setup.go:78
[1.708ms] [rows:0] SELECT description FROM pg_catalog.pg_description WHERE objsubid = (SELECT ordinal_position FROM information_schema.columns WHERE table_schema = CURRENT_SCHEMA() AND table_name = 'booked_slots' AND column_name = 'user_id') AND objoid = (SELECT oid FROM pg_catalog.pg_class WHERE relname = 'booked_slots' AND relnamespace = (SELECT oid FROM pg_catalog.pg_namespace WHERE nspname = CURRENT_SCHEMA()))

2025/02/13 14:38:34 /home/bryan/repos/skripsi/backend/setup/setup.go:78
[1.791ms] [rows:0] SELECT description FROM pg_catalog.pg_description WHERE objsubid = (SELECT ordinal_position FROM information_schema.columns WHERE table_schema = CURRENT_SCHEMA() AND table_name = 'booked_slots' AND column_name = 'daycare_id') AND objoid = (SELECT oid FROM pg_catalog.pg_class WHERE relname = 'booked_slots' AND relnamespace = (SELECT oid FROM pg_catalog.pg_namespace WHERE nspname = CURRENT_SCHEMA()))

2025/02/13 14:38:34 /home/bryan/repos/skripsi/backend/setup/setup.go:78
[1.900ms] [rows:0] SELECT description FROM pg_catalog.pg_description WHERE objsubid = (SELECT ordinal_position FROM information_schema.columns WHERE table_schema = CURRENT_SCHEMA() AND table_name = 'booked_slots' AND column_name = 'pet_id') AND objoid = (SELECT oid FROM pg_catalog.pg_class WHERE relname = 'booked_slots' AND relnamespace = (SELECT oid FROM pg_catalog.pg_namespace WHERE nspname = CURRENT_SCHEMA()))

2025/02/13 14:38:34 /home/bryan/repos/skripsi/backend/setup/setup.go:78
[1.875ms] [rows:0] SELECT description FROM pg_catalog.pg_description WHERE objsubid = (SELECT ordinal_position FROM information_schema.columns WHERE table_schema = CURRENT_SCHEMA() AND table_name = 'booked_slots' AND column_name = 'start_date') AND objoid = (SELECT oid FROM pg_catalog.pg_class WHERE relname = 'booked_slots' AND relnamespace = (SELECT oid FROM pg_catalog.pg_namespace WHERE nspname = CURRENT_SCHEMA()))

2025/02/13 14:38:34 /home/bryan/repos/skripsi/backend/setup/setup.go:78
[1.782ms] [rows:0] SELECT description FROM pg_catalog.pg_description WHERE objsubid = (SELECT ordinal_position FROM information_schema.columns WHERE table_schema = CURRENT_SCHEMA() AND table_name = 'booked_slots' AND column_name = 'end_date') AND objoid = (SELECT oid FROM pg_catalog.pg_class WHERE relname = 'booked_slots' AND relnamespace = (SELECT oid FROM pg_catalog.pg_namespace WHERE nspname = CURRENT_SCHEMA()))

2025/02/13 14:38:34 /home/bryan/repos/skripsi/backend/setup/setup.go:78
[1.549ms] [rows:1] SELECT count(*) FROM INFORMATION_SCHEMA.table_constraints WHERE table_schema = CURRENT_SCHEMA() AND table_name = 'booked_slots' AND constraint_name = 'fk_pet_daycares_booked_slots'

2025/02/13 14:38:34 /home/bryan/repos/skripsi/backend/setup/setup.go:78
[1.552ms] [rows:1] SELECT count(*) FROM INFORMATION_SCHEMA.table_constraints WHERE table_schema = CURRENT_SCHEMA() AND table_name = 'booked_slots' AND constraint_name = 'fk_booked_slots_user'

2025/02/13 14:38:34 /home/bryan/repos/skripsi/backend/setup/setup.go:78
[1.462ms] [rows:1] SELECT count(*) FROM INFORMATION_SCHEMA.table_constraints WHERE table_schema = CURRENT_SCHEMA() AND table_name = 'booked_slots' AND constraint_name = 'fk_pets_booked_slots'

2025/02/13 14:38:34 /home/bryan/repos/skripsi/backend/setup/setup.go:78
[3.427ms] [rows:1] SELECT count(*) FROM pg_indexes WHERE tablename = 'booked_slots' AND indexname = 'idx_booked_slots_deleted_at' AND schemaname = CURRENT_SCHEMA()

2025/02/13 14:38:34 /home/bryan/repos/skripsi/backend/setup/setup.go:78
[1.387ms] [rows:1] SELECT count(*) FROM information_schema.tables WHERE table_schema = CURRENT_SCHEMA() AND table_name = 'thumbnails' AND table_type = 'BASE TABLE'

2025/02/13 14:38:34 /home/bryan/repos/skripsi/backend/setup/setup.go:78
[1.038ms] [rows:1] SELECT CURRENT_DATABASE()

2025/02/13 14:38:34 /home/bryan/repos/skripsi/backend/setup/setup.go:78
[3.662ms] [rows:-] SELECT c.column_name, c.is_nullable = 'YES', c.udt_name, c.character_maximum_length, c.numeric_precision, c.numeric_precision_radix, c.numeric_scale, c.datetime_precision, 8 * typlen, c.column_default, pd.description, c.identity_increment FROM information_schema.columns AS c JOIN pg_type AS pgt ON c.udt_name = pgt.typname LEFT JOIN pg_catalog.pg_description as pd ON pd.objsubid = c.ordinal_position AND pd.objoid = (SELECT oid FROM pg_catalog.pg_class WHERE relname = c.table_name AND relnamespace = (SELECT oid FROM pg_catalog.pg_namespace WHERE nspname = c.table_schema)) where table_catalog = $1$ AND table_schema = CURRENT_SCHEMA() AND table_name = $2$

2025/02/13 14:38:34 /home/bryan/repos/skripsi/backend/setup/setup.go:78
[1.262ms] [rows:-] SELECT * FROM "thumbnails" LIMIT $1$

2025/02/13 14:38:34 /home/bryan/repos/skripsi/backend/setup/setup.go:78
[3.041ms] [rows:-] SELECT constraint_name FROM information_schema.table_constraints tc JOIN information_schema.constraint_column_usage AS ccu USING (constraint_schema, constraint_catalog, table_name, constraint_name) JOIN information_schema.columns AS c ON c.table_schema = tc.constraint_schema AND tc.table_name = c.table_name AND ccu.column_name = c.column_name WHERE constraint_type IN ('PRIMARY KEY', 'UNIQUE') AND c.table_catalog = $1$ AND c.table_schema = CURRENT_SCHEMA() AND c.table_name = $2$ AND constraint_type = $3$

2025/02/13 14:38:34 /home/bryan/repos/skripsi/backend/setup/setup.go:78
[3.092ms] [rows:-] SELECT c.column_name, constraint_name, constraint_type FROM information_schema.table_constraints tc JOIN information_schema.constraint_column_usage AS ccu USING (constraint_schema, constraint_catalog, table_name, constraint_name) JOIN information_schema.columns AS c ON c.table_schema = tc.constraint_schema AND tc.table_name = c.table_name AND ccu.column_name = c.column_name WHERE constraint_type IN ('PRIMARY KEY', 'UNIQUE') AND c.table_catalog = $1$ AND c.table_schema = CURRENT_SCHEMA() AND c.table_name = $2$

2025/02/13 14:38:34 /home/bryan/repos/skripsi/backend/setup/setup.go:78
[1.355ms] [rows:-] SELECT a.attname as column_name, format_type(a.atttypid, a.atttypmod) AS data_type
		FROM pg_attribute a JOIN pg_class b ON a.attrelid = b.oid AND relnamespace = (SELECT oid FROM pg_catalog.pg_namespace WHERE nspname = CURRENT_SCHEMA())
		WHERE a.attnum > 0 -- hide internal columns
		AND NOT a.attisdropped -- hide deleted columns
		AND b.relname = $1$

2025/02/13 14:38:34 /home/bryan/repos/skripsi/backend/setup/setup.go:78
[1.932ms] [rows:0] SELECT description FROM pg_catalog.pg_description WHERE objsubid = (SELECT ordinal_position FROM information_schema.columns WHERE table_schema = CURRENT_SCHEMA() AND table_name = 'thumbnails' AND column_name = 'id') AND objoid = (SELECT oid FROM pg_catalog.pg_class WHERE relname = 'thumbnails' AND relnamespace = (SELECT oid FROM pg_catalog.pg_namespace WHERE nspname = CURRENT_SCHEMA()))

2025/02/13 14:38:34 /home/bryan/repos/skripsi/backend/setup/setup.go:78
[1.776ms] [rows:0] SELECT description FROM pg_catalog.pg_description WHERE objsubid = (SELECT ordinal_position FROM information_schema.columns WHERE table_schema = CURRENT_SCHEMA() AND table_name = 'thumbnails' AND column_name = 'daycare_id') AND objoid = (SELECT oid FROM pg_catalog.pg_class WHERE relname = 'thumbnails' AND relnamespace = (SELECT oid FROM pg_catalog.pg_namespace WHERE nspname = CURRENT_SCHEMA()))

2025/02/13 14:38:34 /home/bryan/repos/skripsi/backend/setup/setup.go:78
[1.732ms] [rows:0] SELECT description FROM pg_catalog.pg_description WHERE objsubid = (SELECT ordinal_position FROM information_schema.columns WHERE table_schema = CURRENT_SCHEMA() AND table_name = 'thumbnails' AND column_name = 'image_url') AND objoid = (SELECT oid FROM pg_catalog.pg_class WHERE relname = 'thumbnails' AND relnamespace = (SELECT oid FROM pg_catalog.pg_namespace WHERE nspname = CURRENT_SCHEMA()))

2025/02/13 14:38:34 /home/bryan/repos/skripsi/backend/setup/setup.go:78
[1.469ms] [rows:1] SELECT count(*) FROM INFORMATION_SCHEMA.table_constraints WHERE table_schema = CURRENT_SCHEMA() AND table_name = 'thumbnails' AND constraint_name = 'fk_pet_daycares_thumbnails'

2025/02/13 14:38:34 /home/bryan/repos/skripsi/backend/setup/setup.go:78
[1.409ms] [rows:1] SELECT count(*) FROM information_schema.tables WHERE table_schema = CURRENT_SCHEMA() AND table_name = 'reviews' AND table_type = 'BASE TABLE'

2025/02/13 14:38:34 /home/bryan/repos/skripsi/backend/setup/setup.go:78
[1.019ms] [rows:1] SELECT CURRENT_DATABASE()

2025/02/13 14:38:34 /home/bryan/repos/skripsi/backend/setup/setup.go:78
[4.415ms] [rows:-] SELECT c.column_name, c.is_nullable = 'YES', c.udt_name, c.character_maximum_length, c.numeric_precision, c.numeric_precision_radix, c.numeric_scale, c.datetime_precision, 8 * typlen, c.column_default, pd.description, c.identity_increment FROM information_schema.columns AS c JOIN pg_type AS pgt ON c.udt_name = pgt.typname LEFT JOIN pg_catalog.pg_description as pd ON pd.objsubid = c.ordinal_position AND pd.objoid = (SELECT oid FROM pg_catalog.pg_class WHERE relname = c.table_name AND relnamespace = (SELECT oid FROM pg_catalog.pg_namespace WHERE nspname = c.table_schema)) where table_catalog = $1$ AND table_schema = CURRENT_SCHEMA() AND table_name = $2$

2025/02/13 14:38:34 /home/bryan/repos/skripsi/backend/setup/setup.go:78
[1.284ms] [rows:-] SELECT * FROM "reviews" LIMIT $1$

2025/02/13 14:38:34 /home/bryan/repos/skripsi/backend/setup/setup.go:78
[3.807ms] [rows:-] SELECT constraint_name FROM information_schema.table_constraints tc JOIN information_schema.constraint_column_usage AS ccu USING (constraint_schema, constraint_catalog, table_name, constraint_name) JOIN information_schema.columns AS c ON c.table_schema = tc.constraint_schema AND tc.table_name = c.table_name AND ccu.column_name = c.column_name WHERE constraint_type IN ('PRIMARY KEY', 'UNIQUE') AND c.table_catalog = $1$ AND c.table_schema = CURRENT_SCHEMA() AND c.table_name = $2$ AND constraint_type = $3$

2025/02/13 14:38:34 /home/bryan/repos/skripsi/backend/setup/setup.go:78
[3.739ms] [rows:-] SELECT c.column_name, constraint_name, constraint_type FROM information_schema.table_constraints tc JOIN information_schema.constraint_column_usage AS ccu USING (constraint_schema, constraint_catalog, table_name, constraint_name) JOIN information_schema.columns AS c ON c.table_schema = tc.constraint_schema AND tc.table_name = c.table_name AND ccu.column_name = c.column_name WHERE constraint_type IN ('PRIMARY KEY', 'UNIQUE') AND c.table_catalog = $1$ AND c.table_schema = CURRENT_SCHEMA() AND c.table_name = $2$

2025/02/13 14:38:34 /home/bryan/repos/skripsi/backend/setup/setup.go:78
[1.111ms] [rows:-] SELECT a.attname as column_name, format_type(a.atttypid, a.atttypmod) AS data_type
		FROM pg_attribute a JOIN pg_class b ON a.attrelid = b.oid AND relnamespace = (SELECT oid FROM pg_catalog.pg_namespace WHERE nspname = CURRENT_SCHEMA())
		WHERE a.attnum > 0 -- hide internal columns
		AND NOT a.attisdropped -- hide deleted columns
		AND b.relname = $1$

2025/02/13 14:38:34 /home/bryan/repos/skripsi/backend/setup/setup.go:78
[1.703ms] [rows:0] SELECT description FROM pg_catalog.pg_description WHERE objsubid = (SELECT ordinal_position FROM information_schema.columns WHERE table_schema = CURRENT_SCHEMA() AND table_name = 'reviews' AND column_name = 'id') AND objoid = (SELECT oid FROM pg_catalog.pg_class WHERE relname = 'reviews' AND relnamespace = (SELECT oid FROM pg_catalog.pg_namespace WHERE nspname = CURRENT_SCHEMA()))

2025/02/13 14:38:34 /home/bryan/repos/skripsi/backend/setup/setup.go:78
[1.563ms] [rows:0] SELECT description FROM pg_catalog.pg_description WHERE objsubid = (SELECT ordinal_position FROM information_schema.columns WHERE table_schema = CURRENT_SCHEMA() AND table_name = 'reviews' AND column_name = 'created_at') AND objoid = (SELECT oid FROM pg_catalog.pg_class WHERE relname = 'reviews' AND relnamespace = (SELECT oid FROM pg_catalog.pg_namespace WHERE nspname = CURRENT_SCHEMA()))

2025/02/13 14:38:34 /home/bryan/repos/skripsi/backend/setup/setup.go:78
[1.774ms] [rows:0] SELECT description FROM pg_catalog.pg_description WHERE objsubid = (SELECT ordinal_position FROM information_schema.columns WHERE table_schema = CURRENT_SCHEMA() AND table_name = 'reviews' AND column_name = 'updated_at') AND objoid = (SELECT oid FROM pg_catalog.pg_class WHERE relname = 'reviews' AND relnamespace = (SELECT oid FROM pg_catalog.pg_namespace WHERE nspname = CURRENT_SCHEMA()))

2025/02/13 14:38:34 /home/bryan/repos/skripsi/backend/setup/setup.go:78
[2.101ms] [rows:0] SELECT description FROM pg_catalog.pg_description WHERE objsubid = (SELECT ordinal_position FROM information_schema.columns WHERE table_schema = CURRENT_SCHEMA() AND table_name = 'reviews' AND column_name = 'deleted_at') AND objoid = (SELECT oid FROM pg_catalog.pg_class WHERE relname = 'reviews' AND relnamespace = (SELECT oid FROM pg_catalog.pg_namespace WHERE nspname = CURRENT_SCHEMA()))

2025/02/13 14:38:34 /home/bryan/repos/skripsi/backend/setup/setup.go:78
[2.487ms] [rows:0] SELECT description FROM pg_catalog.pg_description WHERE objsubid = (SELECT ordinal_position FROM information_schema.columns WHERE table_schema = CURRENT_SCHEMA() AND table_name = 'reviews' AND column_name = 'daycare_id') AND objoid = (SELECT oid FROM pg_catalog.pg_class WHERE relname = 'reviews' AND relnamespace = (SELECT oid FROM pg_catalog.pg_namespace WHERE nspname = CURRENT_SCHEMA()))

2025/02/13 14:38:34 /home/bryan/repos/skripsi/backend/setup/setup.go:78
[2.630ms] [rows:0] SELECT description FROM pg_catalog.pg_description WHERE objsubid = (SELECT ordinal_position FROM information_schema.columns WHERE table_schema = CURRENT_SCHEMA() AND table_name = 'reviews' AND column_name = 'user_id') AND objoid = (SELECT oid FROM pg_catalog.pg_class WHERE relname = 'reviews' AND relnamespace = (SELECT oid FROM pg_catalog.pg_namespace WHERE nspname = CURRENT_SCHEMA()))

2025/02/13 14:38:34 /home/bryan/repos/skripsi/backend/setup/setup.go:78
[2.340ms] [rows:0] SELECT description FROM pg_catalog.pg_description WHERE objsubid = (SELECT ordinal_position FROM information_schema.columns WHERE table_schema = CURRENT_SCHEMA() AND table_name = 'reviews' AND column_name = 'name') AND objoid = (SELECT oid FROM pg_catalog.pg_class WHERE relname = 'reviews' AND relnamespace = (SELECT oid FROM pg_catalog.pg_namespace WHERE nspname = CURRENT_SCHEMA()))

2025/02/13 14:38:34 /home/bryan/repos/skripsi/backend/setup/setup.go:78
[2.188ms] [rows:0] SELECT description FROM pg_catalog.pg_description WHERE objsubid = (SELECT ordinal_position FROM information_schema.columns WHERE table_schema = CURRENT_SCHEMA() AND table_name = 'reviews' AND column_name = 'rate') AND objoid = (SELECT oid FROM pg_catalog.pg_class WHERE relname = 'reviews' AND relnamespace = (SELECT oid FROM pg_catalog.pg_namespace WHERE nspname = CURRENT_SCHEMA()))

2025/02/13 14:38:34 /home/bryan/repos/skripsi/backend/setup/setup.go:78
[2.489ms] [rows:0] SELECT description FROM pg_catalog.pg_description WHERE objsubid = (SELECT ordinal_position FROM information_schema.columns WHERE table_schema = CURRENT_SCHEMA() AND table_name = 'reviews' AND column_name = 'description') AND objoid = (SELECT oid FROM pg_catalog.pg_class WHERE relname = 'reviews' AND relnamespace = (SELECT oid FROM pg_catalog.pg_namespace WHERE nspname = CURRENT_SCHEMA()))

2025/02/13 14:38:34 /home/bryan/repos/skripsi/backend/setup/setup.go:78
[2.005ms] [rows:1] SELECT count(*) FROM INFORMATION_SCHEMA.table_constraints WHERE table_schema = CURRENT_SCHEMA() AND table_name = 'reviews' AND constraint_name = 'fk_pet_daycares_reviews'

2025/02/13 14:38:34 /home/bryan/repos/skripsi/backend/setup/setup.go:78
[1.718ms] [rows:1] SELECT count(*) FROM INFORMATION_SCHEMA.table_constraints WHERE table_schema = CURRENT_SCHEMA() AND table_name = 'reviews' AND constraint_name = 'fk_users_reviews'

2025/02/13 14:38:34 /home/bryan/repos/skripsi/backend/setup/setup.go:78
[3.648ms] [rows:1] SELECT count(*) FROM pg_indexes WHERE tablename = 'reviews' AND indexname = 'idx_reviews_deleted_at' AND schemaname = CURRENT_SCHEMA()

2025/02/13 14:38:34 /home/bryan/repos/skripsi/backend/setup/setup.go:78
[1.488ms] [rows:1] SELECT count(*) FROM information_schema.tables WHERE table_schema = CURRENT_SCHEMA() AND table_name = 'refresh_tokens' AND table_type = 'BASE TABLE'

2025/02/13 14:38:34 /home/bryan/repos/skripsi/backend/setup/setup.go:78
[1.121ms] [rows:1] SELECT CURRENT_DATABASE()

2025/02/13 14:38:34 /home/bryan/repos/skripsi/backend/setup/setup.go:78
[4.415ms] [rows:-] SELECT c.column_name, c.is_nullable = 'YES', c.udt_name, c.character_maximum_length, c.numeric_precision, c.numeric_precision_radix, c.numeric_scale, c.datetime_precision, 8 * typlen, c.column_default, pd.description, c.identity_increment FROM information_schema.columns AS c JOIN pg_type AS pgt ON c.udt_name = pgt.typname LEFT JOIN pg_catalog.pg_description as pd ON pd.objsubid = c.ordinal_position AND pd.objoid = (SELECT oid FROM pg_catalog.pg_class WHERE relname = c.table_name AND relnamespace = (SELECT oid FROM pg_catalog.pg_namespace WHERE nspname = c.table_schema)) where table_catalog = $1$ AND table_schema = CURRENT_SCHEMA() AND table_name = $2$

2025/02/13 14:38:34 /home/bryan/repos/skripsi/backend/setup/setup.go:78
[2.072ms] [rows:-] SELECT * FROM "refresh_tokens" LIMIT $1$

2025/02/13 14:38:34 /home/bryan/repos/skripsi/backend/setup/setup.go:78
[3.825ms] [rows:-] SELECT constraint_name FROM information_schema.table_constraints tc JOIN information_schema.constraint_column_usage AS ccu USING (constraint_schema, constraint_catalog, table_name, constraint_name) JOIN information_schema.columns AS c ON c.table_schema = tc.constraint_schema AND tc.table_name = c.table_name AND ccu.column_name = c.column_name WHERE constraint_type IN ('PRIMARY KEY', 'UNIQUE') AND c.table_catalog = $1$ AND c.table_schema = CURRENT_SCHEMA() AND c.table_name = $2$ AND constraint_type = $3$

2025/02/13 14:38:34 /home/bryan/repos/skripsi/backend/setup/setup.go:78
[3.751ms] [rows:-] SELECT c.column_name, constraint_name, constraint_type FROM information_schema.table_constraints tc JOIN information_schema.constraint_column_usage AS ccu USING (constraint_schema, constraint_catalog, table_name, constraint_name) JOIN information_schema.columns AS c ON c.table_schema = tc.constraint_schema AND tc.table_name = c.table_name AND ccu.column_name = c.column_name WHERE constraint_type IN ('PRIMARY KEY', 'UNIQUE') AND c.table_catalog = $1$ AND c.table_schema = CURRENT_SCHEMA() AND c.table_name = $2$

2025/02/13 14:38:34 /home/bryan/repos/skripsi/backend/setup/setup.go:78
[1.256ms] [rows:-] SELECT a.attname as column_name, format_type(a.atttypid, a.atttypmod) AS data_type
		FROM pg_attribute a JOIN pg_class b ON a.attrelid = b.oid AND relnamespace = (SELECT oid FROM pg_catalog.pg_namespace WHERE nspname = CURRENT_SCHEMA())
		WHERE a.attnum > 0 -- hide internal columns
		AND NOT a.attisdropped -- hide deleted columns
		AND b.relname = $1$

2025/02/13 14:38:34 /home/bryan/repos/skripsi/backend/setup/setup.go:78
[2.162ms] [rows:0] SELECT description FROM pg_catalog.pg_description WHERE objsubid = (SELECT ordinal_position FROM information_schema.columns WHERE table_schema = CURRENT_SCHEMA() AND table_name = 'refresh_tokens' AND column_name = 'id') AND objoid = (SELECT oid FROM pg_catalog.pg_class WHERE relname = 'refresh_tokens' AND relnamespace = (SELECT oid FROM pg_catalog.pg_namespace WHERE nspname = CURRENT_SCHEMA()))

2025/02/13 14:38:34 /home/bryan/repos/skripsi/backend/setup/setup.go:78
[2.689ms] [rows:0] SELECT description FROM pg_catalog.pg_description WHERE objsubid = (SELECT ordinal_position FROM information_schema.columns WHERE table_schema = CURRENT_SCHEMA() AND table_name = 'refresh_tokens' AND column_name = 'created_at') AND objoid = (SELECT oid FROM pg_catalog.pg_class WHERE relname = 'refresh_tokens' AND relnamespace = (SELECT oid FROM pg_catalog.pg_namespace WHERE nspname = CURRENT_SCHEMA()))

2025/02/13 14:38:34 /home/bryan/repos/skripsi/backend/setup/setup.go:78
[2.066ms] [rows:0] SELECT description FROM pg_catalog.pg_description WHERE objsubid = (SELECT ordinal_position FROM information_schema.columns WHERE table_schema = CURRENT_SCHEMA() AND table_name = 'refresh_tokens' AND column_name = 'updated_at') AND objoid = (SELECT oid FROM pg_catalog.pg_class WHERE relname = 'refresh_tokens' AND relnamespace = (SELECT oid FROM pg_catalog.pg_namespace WHERE nspname = CURRENT_SCHEMA()))

2025/02/13 14:38:34 /home/bryan/repos/skripsi/backend/setup/setup.go:78
[1.979ms] [rows:0] SELECT description FROM pg_catalog.pg_description WHERE objsubid = (SELECT ordinal_position FROM information_schema.columns WHERE table_schema = CURRENT_SCHEMA() AND table_name = 'refresh_tokens' AND column_name = 'deleted_at') AND objoid = (SELECT oid FROM pg_catalog.pg_class WHERE relname = 'refresh_tokens' AND relnamespace = (SELECT oid FROM pg_catalog.pg_namespace WHERE nspname = CURRENT_SCHEMA()))

2025/02/13 14:38:34 /home/bryan/repos/skripsi/backend/setup/setup.go:78
[1.814ms] [rows:0] SELECT description FROM pg_catalog.pg_description WHERE objsubid = (SELECT ordinal_position FROM information_schema.columns WHERE table_schema = CURRENT_SCHEMA() AND table_name = 'refresh_tokens' AND column_name = 'user_id') AND objoid = (SELECT oid FROM pg_catalog.pg_class WHERE relname = 'refresh_tokens' AND relnamespace = (SELECT oid FROM pg_catalog.pg_namespace WHERE nspname = CURRENT_SCHEMA()))

2025/02/13 14:38:34 /home/bryan/repos/skripsi/backend/setup/setup.go:78
[1.769ms] [rows:0] SELECT description FROM pg_catalog.pg_description WHERE objsubid = (SELECT ordinal_position FROM information_schema.columns WHERE table_schema = CURRENT_SCHEMA() AND table_name = 'refresh_tokens' AND column_name = 'token') AND objoid = (SELECT oid FROM pg_catalog.pg_class WHERE relname = 'refresh_tokens' AND relnamespace = (SELECT oid FROM pg_catalog.pg_namespace WHERE nspname = CURRENT_SCHEMA()))

2025/02/13 14:38:34 /home/bryan/repos/skripsi/backend/setup/setup.go:78
[1.781ms] [rows:0] SELECT description FROM pg_catalog.pg_description WHERE objsubid = (SELECT ordinal_position FROM information_schema.columns WHERE table_schema = CURRENT_SCHEMA() AND table_name = 'refresh_tokens' AND column_name = 'expires_at') AND objoid = (SELECT oid FROM pg_catalog.pg_class WHERE relname = 'refresh_tokens' AND relnamespace = (SELECT oid FROM pg_catalog.pg_namespace WHERE nspname = CURRENT_SCHEMA()))

2025/02/13 14:38:34 /home/bryan/repos/skripsi/backend/setup/setup.go:78
[1.396ms] [rows:1] SELECT count(*) FROM pg_indexes WHERE tablename = 'refresh_tokens' AND indexname = 'idx_refresh_tokens_deleted_at' AND schemaname = CURRENT_SCHEMA()

2025/02/13 14:38:34 /home/bryan/repos/skripsi/backend/setup/setup.go:78
[1.249ms] [rows:1] SELECT count(*) FROM pg_indexes WHERE tablename = 'refresh_tokens' AND indexname = 'idx_refresh_tokens_user_id' AND schemaname = CURRENT_SCHEMA()

2025/02/13 14:38:34 /home/bryan/repos/skripsi/backend/setup/setup.go:78
[1.256ms] [rows:1] SELECT count(*) FROM information_schema.tables WHERE table_schema = CURRENT_SCHEMA() AND table_name = 'transactions' AND table_type = 'BASE TABLE'

2025/02/13 14:38:34 /home/bryan/repos/skripsi/backend/setup/setup.go:78
[1.066ms] [rows:1] SELECT CURRENT_DATABASE()

2025/02/13 14:38:34 /home/bryan/repos/skripsi/backend/setup/setup.go:78
[4.066ms] [rows:-] SELECT c.column_name, c.is_nullable = 'YES', c.udt_name, c.character_maximum_length, c.numeric_precision, c.numeric_precision_radix, c.numeric_scale, c.datetime_precision, 8 * typlen, c.column_default, pd.description, c.identity_increment FROM information_schema.columns AS c JOIN pg_type AS pgt ON c.udt_name = pgt.typname LEFT JOIN pg_catalog.pg_description as pd ON pd.objsubid = c.ordinal_position AND pd.objoid = (SELECT oid FROM pg_catalog.pg_class WHERE relname = c.table_name AND relnamespace = (SELECT oid FROM pg_catalog.pg_namespace WHERE nspname = c.table_schema)) where table_catalog = $1$ AND table_schema = CURRENT_SCHEMA() AND table_name = $2$

2025/02/13 14:38:34 /home/bryan/repos/skripsi/backend/setup/setup.go:78
[1.390ms] [rows:-] SELECT * FROM "transactions" LIMIT $1$

2025/02/13 14:38:34 /home/bryan/repos/skripsi/backend/setup/setup.go:78
[3.366ms] [rows:-] SELECT constraint_name FROM information_schema.table_constraints tc JOIN information_schema.constraint_column_usage AS ccu USING (constraint_schema, constraint_catalog, table_name, constraint_name) JOIN information_schema.columns AS c ON c.table_schema = tc.constraint_schema AND tc.table_name = c.table_name AND ccu.column_name = c.column_name WHERE constraint_type IN ('PRIMARY KEY', 'UNIQUE') AND c.table_catalog = $1$ AND c.table_schema = CURRENT_SCHEMA() AND c.table_name = $2$ AND constraint_type = $3$

2025/02/13 14:38:34 /home/bryan/repos/skripsi/backend/setup/setup.go:78
[3.397ms] [rows:-] SELECT c.column_name, constraint_name, constraint_type FROM information_schema.table_constraints tc JOIN information_schema.constraint_column_usage AS ccu USING (constraint_schema, constraint_catalog, table_name, constraint_name) JOIN information_schema.columns AS c ON c.table_schema = tc.constraint_schema AND tc.table_name = c.table_name AND ccu.column_name = c.column_name WHERE constraint_type IN ('PRIMARY KEY', 'UNIQUE') AND c.table_catalog = $1$ AND c.table_schema = CURRENT_SCHEMA() AND c.table_name = $2$

2025/02/13 14:38:34 /home/bryan/repos/skripsi/backend/setup/setup.go:78
[1.265ms] [rows:-] SELECT a.attname as column_name, format_type(a.atttypid, a.atttypmod) AS data_type
		FROM pg_attribute a JOIN pg_class b ON a.attrelid = b.oid AND relnamespace = (SELECT oid FROM pg_catalog.pg_namespace WHERE nspname = CURRENT_SCHEMA())
		WHERE a.attnum > 0 -- hide internal columns
		AND NOT a.attisdropped -- hide deleted columns
		AND b.relname = $1$

2025/02/13 14:38:34 /home/bryan/repos/skripsi/backend/setup/setup.go:78
[1.908ms] [rows:0] SELECT description FROM pg_catalog.pg_description WHERE objsubid = (SELECT ordinal_position FROM information_schema.columns WHERE table_schema = CURRENT_SCHEMA() AND table_name = 'transactions' AND column_name = 'id') AND objoid = (SELECT oid FROM pg_catalog.pg_class WHERE relname = 'transactions' AND relnamespace = (SELECT oid FROM pg_catalog.pg_namespace WHERE nspname = CURRENT_SCHEMA()))

2025/02/13 14:38:34 /home/bryan/repos/skripsi/backend/setup/setup.go:78
[1.768ms] [rows:0] SELECT description FROM pg_catalog.pg_description WHERE objsubid = (SELECT ordinal_position FROM information_schema.columns WHERE table_schema = CURRENT_SCHEMA() AND table_name = 'transactions' AND column_name = 'created_at') AND objoid = (SELECT oid FROM pg_catalog.pg_class WHERE relname = 'transactions' AND relnamespace = (SELECT oid FROM pg_catalog.pg_namespace WHERE nspname = CURRENT_SCHEMA()))

2025/02/13 14:38:34 /home/bryan/repos/skripsi/backend/setup/setup.go:78
[1.839ms] [rows:0] SELECT description FROM pg_catalog.pg_description WHERE objsubid = (SELECT ordinal_position FROM information_schema.columns WHERE table_schema = CURRENT_SCHEMA() AND table_name = 'transactions' AND column_name = 'pet_daycare_id') AND objoid = (SELECT oid FROM pg_catalog.pg_class WHERE relname = 'transactions' AND relnamespace = (SELECT oid FROM pg_catalog.pg_namespace WHERE nspname = CURRENT_SCHEMA()))

2025/02/13 14:38:34 /home/bryan/repos/skripsi/backend/setup/setup.go:78
[1.837ms] [rows:0] SELECT description FROM pg_catalog.pg_description WHERE objsubid = (SELECT ordinal_position FROM information_schema.columns WHERE table_schema = CURRENT_SCHEMA() AND table_name = 'transactions' AND column_name = 'booked_slot_id') AND objoid = (SELECT oid FROM pg_catalog.pg_class WHERE relname = 'transactions' AND relnamespace = (SELECT oid FROM pg_catalog.pg_namespace WHERE nspname = CURRENT_SCHEMA()))

2025/02/13 14:38:34 /home/bryan/repos/skripsi/backend/setup/setup.go:78
[1.852ms] [rows:0] SELECT description FROM pg_catalog.pg_description WHERE objsubid = (SELECT ordinal_position FROM information_schema.columns WHERE table_schema = CURRENT_SCHEMA() AND table_name = 'transactions' AND column_name = 'status') AND objoid = (SELECT oid FROM pg_catalog.pg_class WHERE relname = 'transactions' AND relnamespace = (SELECT oid FROM pg_catalog.pg_namespace WHERE nspname = CURRENT_SCHEMA()))

2025/02/13 14:38:34 /home/bryan/repos/skripsi/backend/setup/setup.go:78
[1.628ms] [rows:1] SELECT count(*) FROM INFORMATION_SCHEMA.table_constraints WHERE table_schema = CURRENT_SCHEMA() AND table_name = 'transactions' AND constraint_name = 'fk_transactions_pet_daycare'

2025/02/13 14:38:34 /home/bryan/repos/skripsi/backend/setup/setup.go:78
[1.644ms] [rows:1] SELECT count(*) FROM INFORMATION_SCHEMA.table_constraints WHERE table_schema = CURRENT_SCHEMA() AND table_name = 'transactions' AND constraint_name = 'fk_transactions_booked_slot'

2025/02/13 14:38:34 /home/bryan/repos/skripsi/backend/setup/setup.go:78
[1.371ms] [rows:1] SELECT count(*) FROM information_schema.tables WHERE table_schema = CURRENT_SCHEMA() AND table_name = 'reduce_slots' AND table_type = 'BASE TABLE'

2025/02/13 14:38:34 /home/bryan/repos/skripsi/backend/setup/setup.go:78
[1.093ms] [rows:1] SELECT CURRENT_DATABASE()

2025/02/13 14:38:34 /home/bryan/repos/skripsi/backend/setup/setup.go:78
[3.787ms] [rows:-] SELECT c.column_name, c.is_nullable = 'YES', c.udt_name, c.character_maximum_length, c.numeric_precision, c.numeric_precision_radix, c.numeric_scale, c.datetime_precision, 8 * typlen, c.column_default, pd.description, c.identity_increment FROM information_schema.columns AS c JOIN pg_type AS pgt ON c.udt_name = pgt.typname LEFT JOIN pg_catalog.pg_description as pd ON pd.objsubid = c.ordinal_position AND pd.objoid = (SELECT oid FROM pg_catalog.pg_class WHERE relname = c.table_name AND relnamespace = (SELECT oid FROM pg_catalog.pg_namespace WHERE nspname = c.table_schema)) where table_catalog = $1$ AND table_schema = CURRENT_SCHEMA() AND table_name = $2$

2025/02/13 14:38:34 /home/bryan/repos/skripsi/backend/setup/setup.go:78
[1.353ms] [rows:-] SELECT * FROM "reduce_slots" LIMIT $1$

2025/02/13 14:38:34 /home/bryan/repos/skripsi/backend/setup/setup.go:78
[3.129ms] [rows:-] SELECT constraint_name FROM information_schema.table_constraints tc JOIN information_schema.constraint_column_usage AS ccu USING (constraint_schema, constraint_catalog, table_name, constraint_name) JOIN information_schema.columns AS c ON c.table_schema = tc.constraint_schema AND tc.table_name = c.table_name AND ccu.column_name = c.column_name WHERE constraint_type IN ('PRIMARY KEY', 'UNIQUE') AND c.table_catalog = $1$ AND c.table_schema = CURRENT_SCHEMA() AND c.table_name = $2$ AND constraint_type = $3$

2025/02/13 14:38:34 /home/bryan/repos/skripsi/backend/setup/setup.go:78
[3.149ms] [rows:-] SELECT c.column_name, constraint_name, constraint_type FROM information_schema.table_constraints tc JOIN information_schema.constraint_column_usage AS ccu USING (constraint_schema, constraint_catalog, table_name, constraint_name) JOIN information_schema.columns AS c ON c.table_schema = tc.constraint_schema AND tc.table_name = c.table_name AND ccu.column_name = c.column_name WHERE constraint_type IN ('PRIMARY KEY', 'UNIQUE') AND c.table_catalog = $1$ AND c.table_schema = CURRENT_SCHEMA() AND c.table_name = $2$

2025/02/13 14:38:34 /home/bryan/repos/skripsi/backend/setup/setup.go:78
[1.322ms] [rows:-] SELECT a.attname as column_name, format_type(a.atttypid, a.atttypmod) AS data_type
		FROM pg_attribute a JOIN pg_class b ON a.attrelid = b.oid AND relnamespace = (SELECT oid FROM pg_catalog.pg_namespace WHERE nspname = CURRENT_SCHEMA())
		WHERE a.attnum > 0 -- hide internal columns
		AND NOT a.attisdropped -- hide deleted columns
		AND b.relname = $1$

2025/02/13 14:38:34 /home/bryan/repos/skripsi/backend/setup/setup.go:78
[1.773ms] [rows:0] SELECT description FROM pg_catalog.pg_description WHERE objsubid = (SELECT ordinal_position FROM information_schema.columns WHERE table_schema = CURRENT_SCHEMA() AND table_name = 'reduce_slots' AND column_name = 'id') AND objoid = (SELECT oid FROM pg_catalog.pg_class WHERE relname = 'reduce_slots' AND relnamespace = (SELECT oid FROM pg_catalog.pg_namespace WHERE nspname = CURRENT_SCHEMA()))

2025/02/13 14:38:34 /home/bryan/repos/skripsi/backend/setup/setup.go:78
[1.731ms] [rows:0] SELECT description FROM pg_catalog.pg_description WHERE objsubid = (SELECT ordinal_position FROM information_schema.columns WHERE table_schema = CURRENT_SCHEMA() AND table_name = 'reduce_slots' AND column_name = 'slot_id') AND objoid = (SELECT oid FROM pg_catalog.pg_class WHERE relname = 'reduce_slots' AND relnamespace = (SELECT oid FROM pg_catalog.pg_namespace WHERE nspname = CURRENT_SCHEMA()))

2025/02/13 14:38:34 /home/bryan/repos/skripsi/backend/setup/setup.go:78
[1.830ms] [rows:0] SELECT description FROM pg_catalog.pg_description WHERE objsubid = (SELECT ordinal_position FROM information_schema.columns WHERE table_schema = CURRENT_SCHEMA() AND table_name = 'reduce_slots' AND column_name = 'reduced_count') AND objoid = (SELECT oid FROM pg_catalog.pg_class WHERE relname = 'reduce_slots' AND relnamespace = (SELECT oid FROM pg_catalog.pg_namespace WHERE nspname = CURRENT_SCHEMA()))

2025/02/13 14:38:34 /home/bryan/repos/skripsi/backend/setup/setup.go:78
[1.830ms] [rows:0] SELECT description FROM pg_catalog.pg_description WHERE objsubid = (SELECT ordinal_position FROM information_schema.columns WHERE table_schema = CURRENT_SCHEMA() AND table_name = 'reduce_slots' AND column_name = 'target_date') AND objoid = (SELECT oid FROM pg_catalog.pg_class WHERE relname = 'reduce_slots' AND relnamespace = (SELECT oid FROM pg_catalog.pg_namespace WHERE nspname = CURRENT_SCHEMA()))

2025/02/13 14:38:34 /home/bryan/repos/skripsi/backend/setup/setup.go:78
[1.425ms] [rows:1] SELECT count(*) FROM information_schema.tables WHERE table_schema = CURRENT_SCHEMA() AND table_name = 'booked_slots_dailies' AND table_type = 'BASE TABLE'

2025/02/13 14:38:34 /home/bryan/repos/skripsi/backend/setup/setup.go:78
[1.211ms] [rows:1] SELECT CURRENT_DATABASE()

2025/02/13 14:38:34 /home/bryan/repos/skripsi/backend/setup/setup.go:78
[4.923ms] [rows:-] SELECT c.column_name, c.is_nullable = 'YES', c.udt_name, c.character_maximum_length, c.numeric_precision, c.numeric_precision_radix, c.numeric_scale, c.datetime_precision, 8 * typlen, c.column_default, pd.description, c.identity_increment FROM information_schema.columns AS c JOIN pg_type AS pgt ON c.udt_name = pgt.typname LEFT JOIN pg_catalog.pg_description as pd ON pd.objsubid = c.ordinal_position AND pd.objoid = (SELECT oid FROM pg_catalog.pg_class WHERE relname = c.table_name AND relnamespace = (SELECT oid FROM pg_catalog.pg_namespace WHERE nspname = c.table_schema)) where table_catalog = $1$ AND table_schema = CURRENT_SCHEMA() AND table_name = $2$

2025/02/13 14:38:34 /home/bryan/repos/skripsi/backend/setup/setup.go:78
[2.367ms] [rows:-] SELECT * FROM "booked_slots_dailies" LIMIT $1$

2025/02/13 14:38:34 /home/bryan/repos/skripsi/backend/setup/setup.go:78
[4.843ms] [rows:-] SELECT constraint_name FROM information_schema.table_constraints tc JOIN information_schema.constraint_column_usage AS ccu USING (constraint_schema, constraint_catalog, table_name, constraint_name) JOIN information_schema.columns AS c ON c.table_schema = tc.constraint_schema AND tc.table_name = c.table_name AND ccu.column_name = c.column_name WHERE constraint_type IN ('PRIMARY KEY', 'UNIQUE') AND c.table_catalog = $1$ AND c.table_schema = CURRENT_SCHEMA() AND c.table_name = $2$ AND constraint_type = $3$

2025/02/13 14:38:34 /home/bryan/repos/skripsi/backend/setup/setup.go:78
[4.989ms] [rows:-] SELECT c.column_name, constraint_name, constraint_type FROM information_schema.table_constraints tc JOIN information_schema.constraint_column_usage AS ccu USING (constraint_schema, constraint_catalog, table_name, constraint_name) JOIN information_schema.columns AS c ON c.table_schema = tc.constraint_schema AND tc.table_name = c.table_name AND ccu.column_name = c.column_name WHERE constraint_type IN ('PRIMARY KEY', 'UNIQUE') AND c.table_catalog = $1$ AND c.table_schema = CURRENT_SCHEMA() AND c.table_name = $2$

2025/02/13 14:38:34 /home/bryan/repos/skripsi/backend/setup/setup.go:78
[2.339ms] [rows:-] SELECT a.attname as column_name, format_type(a.atttypid, a.atttypmod) AS data_type
		FROM pg_attribute a JOIN pg_class b ON a.attrelid = b.oid AND relnamespace = (SELECT oid FROM pg_catalog.pg_namespace WHERE nspname = CURRENT_SCHEMA())
		WHERE a.attnum > 0 -- hide internal columns
		AND NOT a.attisdropped -- hide deleted columns
		AND b.relname = $1$

2025/02/13 14:38:34 /home/bryan/repos/skripsi/backend/setup/setup.go:78
[3.311ms] [rows:0] SELECT description FROM pg_catalog.pg_description WHERE objsubid = (SELECT ordinal_position FROM information_schema.columns WHERE table_schema = CURRENT_SCHEMA() AND table_name = 'booked_slots_dailies' AND column_name = 'id') AND objoid = (SELECT oid FROM pg_catalog.pg_class WHERE relname = 'booked_slots_dailies' AND relnamespace = (SELECT oid FROM pg_catalog.pg_namespace WHERE nspname = CURRENT_SCHEMA()))

2025/02/13 14:38:34 /home/bryan/repos/skripsi/backend/setup/setup.go:78
[3.573ms] [rows:0] SELECT description FROM pg_catalog.pg_description WHERE objsubid = (SELECT ordinal_position FROM information_schema.columns WHERE table_schema = CURRENT_SCHEMA() AND table_name = 'booked_slots_dailies' AND column_name = 'daycare_id') AND objoid = (SELECT oid FROM pg_catalog.pg_class WHERE relname = 'booked_slots_dailies' AND relnamespace = (SELECT oid FROM pg_catalog.pg_namespace WHERE nspname = CURRENT_SCHEMA()))

2025/02/13 14:38:34 /home/bryan/repos/skripsi/backend/setup/setup.go:78
[3.474ms] [rows:0] SELECT description FROM pg_catalog.pg_description WHERE objsubid = (SELECT ordinal_position FROM information_schema.columns WHERE table_schema = CURRENT_SCHEMA() AND table_name = 'booked_slots_dailies' AND column_name = 'date') AND objoid = (SELECT oid FROM pg_catalog.pg_class WHERE relname = 'booked_slots_dailies' AND relnamespace = (SELECT oid FROM pg_catalog.pg_namespace WHERE nspname = CURRENT_SCHEMA()))

2025/02/13 14:38:34 /home/bryan/repos/skripsi/backend/setup/setup.go:78
[3.405ms] [rows:0] SELECT description FROM pg_catalog.pg_description WHERE objsubid = (SELECT ordinal_position FROM information_schema.columns WHERE table_schema = CURRENT_SCHEMA() AND table_name = 'booked_slots_dailies' AND column_name = 'slot_count') AND objoid = (SELECT oid FROM pg_catalog.pg_class WHERE relname = 'booked_slots_dailies' AND relnamespace = (SELECT oid FROM pg_catalog.pg_namespace WHERE nspname = CURRENT_SCHEMA()))

2025/02/13 14:38:34 /home/bryan/repos/skripsi/backend/setup/setup.go:78
[2.452ms] [rows:1] SELECT count(*) FROM pg_indexes WHERE tablename = 'booked_slots_dailies' AND indexname = 'idx_booked_slots_dailies_date' AND schemaname = CURRENT_SCHEMA()
[GIN-debug] [WARNING] Creating an Engine instance with the Logger and Recovery middleware already attached.

[GIN-debug] [WARNING] Running in "debug" mode. Switch to "release" mode in production.
 - using env:	export GIN_MODE=release
 - using code:	gin.SetMode(gin.ReleaseMode)

[GIN-debug] GET    /assets/*filepath         --> github.com/gin-gonic/gin.(*RouterGroup).createStaticHandler.func1 (3 handlers)
[GIN-debug] HEAD   /assets/*filepath         --> github.com/gin-gonic/gin.(*RouterGroup).createStaticHandler.func1 (3 handlers)
[GIN-debug] POST   /users                    --> github.com/BryanEgbert/skripsi/controller.(*UserController).CreateUser-fm (3 handlers)
[GIN-debug] GET    /users/vets               --> github.com/BryanEgbert/skripsi/controller.(*UserController).GetVets-fm (4 handlers)
[GIN-debug] GET    /users/:id                --> github.com/BryanEgbert/skripsi/controller.(*UserController).GetUser-fm (4 handlers)
[GIN-debug] DELETE /users                    --> github.com/BryanEgbert/skripsi/controller.(*UserController).DeleteUser-fm (4 handlers)
[GIN-debug] PUT    /users                    --> github.com/BryanEgbert/skripsi/controller.(*UserController).UpdateUserProfile-fm (4 handlers)
[GIN-debug] PATCH  /users/password           --> github.com/BryanEgbert/skripsi/controller.(*UserController).UpdateUserPassword-fm (4 handlers)
[GIN-debug] POST   /login                    --> github.com/BryanEgbert/skripsi/controller.(*AuthController).Login-fm (3 handlers)
[GIN-debug] POST   /refresh                  --> github.com/BryanEgbert/skripsi/controller.(*AuthController).RefreshToken-fm (4 handlers)
[GIN-debug] GET    /pets/:id                 --> github.com/BryanEgbert/skripsi/controller.(*PetController).GetPet-fm (4 handlers)
[GIN-debug] GET    /pets                     --> github.com/BryanEgbert/skripsi/controller.(*PetController).GetPets-fm (4 handlers)
[GIN-debug] POST   /pets                     --> github.com/BryanEgbert/skripsi/controller.(*PetController).CreatePet-fm (4 handlers)
[GIN-debug] PUT    /pets/:id                 --> github.com/BryanEgbert/skripsi/controller.(*PetController).UpdatePet-fm (4 handlers)
[GIN-debug] DELETE /pets/:id                 --> github.com/BryanEgbert/skripsi/controller.(*PetController).DeletePet-fm (4 handlers)
[GIN-debug] PATCH  /daycare/slot/:slotId     --> github.com/BryanEgbert/skripsi/controller.(*PetDaycareController).EditSlotCount-fm (4 handlers)
[GIN-debug] GET    /daycare/:id/slot         --> github.com/BryanEgbert/skripsi/controller.(*PetDaycareController).GetPetDaycareSlots-fm (4 handlers)
[GIN-debug] POST   /daycare/:id/slot         --> github.com/BryanEgbert/skripsi/controller.(*PetDaycareController).CreateSlot-fm (4 handlers)
[GIN-debug] GET    /daycare/:id/review       --> github.com/BryanEgbert/skripsi/controller.(*PetDaycareController).GetReviews-fm (4 handlers)
[GIN-debug] POST   /daycare/:id/review       --> github.com/BryanEgbert/skripsi/controller.(*PetDaycareController).CreateReview-fm (4 handlers)
[GIN-debug] DELETE /daycare/:id/review       --> github.com/BryanEgbert/skripsi/controller.(*PetDaycareController).DeleteReview-fm (4 handlers)
[GIN-debug] GET    /daycare/:id              --> github.com/BryanEgbert/skripsi/controller.(*PetDaycareController).GetPetDaycare-fm (4 handlers)
[GIN-debug] GET    /daycare                  --> github.com/BryanEgbert/skripsi/controller.(*PetDaycareController).GetPetDaycares-fm (4 handlers)
[GIN-debug] POST   /daycare                  --> github.com/BryanEgbert/skripsi/controller.(*PetDaycareController).CreatePetDaycare-fm (4 handlers)
[GIN-debug] PUT    /daycare/:id              --> github.com/BryanEgbert/skripsi/controller.(*PetDaycareController).UpdatePetDaycare-fm (4 handlers)
[GIN-debug] DELETE /daycare/:id              --> github.com/BryanEgbert/skripsi/controller.(*PetDaycareController).DeletePetDaycare-fm (4 handlers)

2025/02/13 14:38:34 /home/bryan/repos/skripsi/backend/service/auth_service.go:32
[6.711ms] [rows:0] SELECT * FROM "users" WHERE email = $1$ AND "users"."deleted_at" IS NULL ORDER BY "users"."id" LIMIT $2$
[GIN] 2025/02/13 - 14:38:34 | 401 |    6.925241ms |                 | POST     "/login"
--- PASS: TestLogin (5.95s)
    --- PASS: TestLogin/On_login,_should_return_tokens_when_user_credential_is_correct (2.20s)
    --- PASS: TestLogin/On_login,_should_return_error_when_user_password_is_not_correct (2.05s)
    --- PASS: TestLogin/On_login,_should_return_error_when_user_email_is_correct (1.69s)
=== RUN   TestRegister
=== RUN   TestRegister/On_register,_should_return_tokens_when_user_credential_is_correct

2025/02/13 14:38:34 /home/bryan/repos/skripsi/backend/setup/setup.go:60
[355.874ms] [rows:0] TRUNCATE TABLE users, vet_specialties, user_vet_specialties, pet_daycares, pets, size_categories, roles, slots, booked_slots, thumbnails, species, reviews, refresh_tokens, transactions, daily_walks, daily_playtimes, reduce_slots RESTART IDENTITY CASCADE;

2025/02/13 14:38:34 /home/bryan/repos/skripsi/backend/seeder/seeder.go:18
[16.748ms] [rows:3] INSERT INTO "roles" ("name","id") VALUES ($1$,$2$),($3$,$4$),($5$,$6$) RETURNING "id"

2025/02/13 14:38:34 /home/bryan/repos/skripsi/backend/seeder/seeder.go:29
[11.854ms] [rows:4] INSERT INTO "daily_walks" ("name","id") VALUES ($1$,$2$),($3$,$4$),($5$,$6$),($7$,$8$) RETURNING "id"

2025/02/13 14:38:34 /home/bryan/repos/skripsi/backend/seeder/seeder.go:39
[11.295ms] [rows:4] INSERT INTO "daily_playtimes" ("name","id") VALUES ($1$,$2$),($3$,$4$),($5$,$6$),($7$,$8$) RETURNING "id"

2025/02/13 14:38:34 /home/bryan/repos/skripsi/backend/seeder/seeder.go:61
[12.696ms] [rows:17] INSERT INTO "vet_specialties" ("name") VALUES ($1$),($2$),($3$),($4$),($5$),($6$),($7$),($8$),($9$),($10$),($11$),($12$),($13$),($14$),($15$),($16$),($17$) RETURNING "id"

2025/02/13 14:38:34 /home/bryan/repos/skripsi/backend/seeder/seeder.go:71
[11.801ms] [rows:3] INSERT INTO "species" ("name") VALUES ($1$),($2$),($3$) RETURNING "id"

2025/02/13 14:38:34 /home/bryan/repos/skripsi/backend/seeder/seeder.go:83
[11.874ms] [rows:5] INSERT INTO "size_categories" ("name","min_weight","max_weight") VALUES ($1$,$2$,$3$),($4$,$5$,$6$),($7$,$8$,$9$),($10$,$11$,$12$),($13$,$14$,$15$) RETURNING "id"

2025/02/13 14:38:35 /home/bryan/repos/skripsi/backend/seeder/seeder.go:106
[2.229ms] [rows:0] INSERT INTO "vet_specialties" ("name","id") VALUES ($1$,$2$),($3$,$4$),($5$,$6$) ON CONFLICT DO NOTHING RETURNING "id"

2025/02/13 14:38:35 /home/bryan/repos/skripsi/backend/seeder/seeder.go:106
[3.417ms] [rows:3] INSERT INTO "user_vet_specialties" ("user_id","vet_specialty_id") VALUES ($1$,$2$),($3$,$4$),($5$,$6$) ON CONFLICT DO NOTHING

2025/02/13 14:38:35 /home/bryan/repos/skripsi/backend/seeder/seeder.go:106
[13.932ms] [rows:6] INSERT INTO "users" ("created_at","updated_at","deleted_at","name","email","password","role_id","image_url") VALUES ($1$,$2$,$3$,$4$,$5$,$6$,$7$,$8$),($9$,$10$,$11$,$12$,$13$,$14$,$15$,$16$),($17$,$18$,$19$,$20$,$21$,$22$,$23$,$24$),($25$,$26$,$27$,$28$,$29$,$30$,$31$,$32$),($33$,$34$,$35$,$36$,$37$,$38$,$39$,DEFAULT),($40$,$41$,$42$,$43$,$44$,$45$,$46$,$47$) RETURNING "id","image_url"

2025/02/13 14:38:35 /home/bryan/repos/skripsi/backend/seeder/seeder.go:148
[1.856ms] [rows:0] INSERT INTO "daily_walks" ("name","id") VALUES ($1$,$2$) ON CONFLICT DO NOTHING RETURNING "id"

2025/02/13 14:38:35 /home/bryan/repos/skripsi/backend/seeder/seeder.go:148
[1.656ms] [rows:0] INSERT INTO "daily_playtimes" ("name","id") VALUES ($1$,$2$),($3$,$4$) ON CONFLICT DO NOTHING RETURNING "id"

2025/02/13 14:38:35 /home/bryan/repos/skripsi/backend/seeder/seeder.go:148
[11.342ms] [rows:3] INSERT INTO "pet_daycares" ("created_at","updated_at","deleted_at","name","address","latitude","longitude","price","pricing_type","description","has_pickup_service","must_be_vaccinated","food_provided","grooming_available","booked_num","daily_walks_id","daily_playtime_id","owner_id","food_brand") VALUES ($1$,$2$,$3$,$4$,$5$,$6$,$7$,$8$,$9$,$10$,$11$,$12$,$13$,$14$,$15$,$16$,$17$,$18$,$19$),($20$,$21$,$22$,$23$,$24$,$25$,$26$,$27$,$28$,$29$,$30$,$31$,$32$,$33$,$34$,$35$,$36$,$37$,$38$),($39$,$40$,$41$,$42$,$43$,$44$,$45$,$46$,$47$,$48$,$49$,$50$,$51$,$52$,$53$,$54$,$55$,$56$,$57$) RETURNING "id"

2025/02/13 14:38:35 /home/bryan/repos/skripsi/backend/seeder/seeder.go:158
[6.017ms] [rows:3] INSERT INTO "slots" ("created_at","updated_at","deleted_at","daycare_id","species_id","size_category_id","max_number") VALUES ($1$,$2$,$3$,$4$,$5$,$6$,$7$),($8$,$9$,$10$,$11$,$12$,$13$,$14$),($15$,$16$,$17$,$18$,$19$,$20$,$21$) RETURNING "id"

2025/02/13 14:38:35 /home/bryan/repos/skripsi/backend/seeder/seeder.go:172
[6.693ms] [rows:2] INSERT INTO "pets" ("created_at","updated_at","deleted_at","name","image_url","status","owner_id","species_id","size_id") VALUES ($1$,$2$,$3$,$4$,$5$,$6$,$7$,$8$,$9$),($10$,$11$,$12$,$13$,$14$,$15$,$16$,$17$,$18$) RETURNING "id"

2025/02/13 14:38:35 /home/bryan/repos/skripsi/backend/seeder/seeder.go:189
[6.816ms] [rows:2] INSERT INTO "booked_slots" ("created_at","updated_at","deleted_at","user_id","daycare_id","pet_id","start_date","end_date") VALUES ($1$,$2$,$3$,$4$,$5$,$6$,$7$,$8$),($9$,$10$,$11$,$12$,$13$,$14$,$15$,$16$) RETURNING "id"

2025/02/13 14:38:35 /home/bryan/repos/skripsi/backend/seeder/seeder.go:205
[6.613ms] [rows:3] INSERT INTO "reviews" ("created_at","updated_at","deleted_at","daycare_id","user_id","name","rate","description") VALUES ($1$,$2$,$3$,$4$,$5$,$6$,$7$,$8$),($9$,$10$,$11$,$12$,$13$,$14$,$15$,$16$),($17$,$18$,$19$,$20$,$21$,$22$,$23$,$24$) RETURNING "id"

2025/02/13 14:38:35 /home/bryan/repos/skripsi/backend/seeder/seeder.go:213
[5.529ms] [rows:1] INSERT INTO "reduce_slots" ("slot_id","reduced_count","target_date") VALUES ($1$,$2$,$3$) RETURNING "id"

2025/02/13 14:38:35 /home/bryan/repos/skripsi/backend/seeder/seeder.go:222
[5.752ms] [rows:2] INSERT INTO "thumbnails" ("daycare_id","image_url") VALUES ($1$,$2$),($3$,$4$) RETURNING "id"

2025/02/13 14:38:35 /home/bryan/repos/skripsi/backend/seeder/seeder.go:230
[6.058ms] [rows:1] INSERT INTO "transactions" ("pet_daycare_id","booked_slot_id","status") VALUES ($1$,$2$,$3$) RETURNING "created_at","id"

2025/02/13 14:38:35 /home/bryan/repos/skripsi/backend/setup/setup.go:78
[15.720ms] [rows:1] SELECT count(*) FROM information_schema.tables WHERE table_schema = CURRENT_SCHEMA() AND table_name = 'roles' AND table_type = 'BASE TABLE'

2025/02/13 14:38:35 /home/bryan/repos/skripsi/backend/setup/setup.go:78
[1.675ms] [rows:1] SELECT CURRENT_DATABASE()

2025/02/13 14:38:35 /home/bryan/repos/skripsi/backend/setup/setup.go:78
[33.872ms] [rows:-] SELECT c.column_name, c.is_nullable = 'YES', c.udt_name, c.character_maximum_length, c.numeric_precision, c.numeric_precision_radix, c.numeric_scale, c.datetime_precision, 8 * typlen, c.column_default, pd.description, c.identity_increment FROM information_schema.columns AS c JOIN pg_type AS pgt ON c.udt_name = pgt.typname LEFT JOIN pg_catalog.pg_description as pd ON pd.objsubid = c.ordinal_position AND pd.objoid = (SELECT oid FROM pg_catalog.pg_class WHERE relname = c.table_name AND relnamespace = (SELECT oid FROM pg_catalog.pg_namespace WHERE nspname = c.table_schema)) where table_catalog = $1$ AND table_schema = CURRENT_SCHEMA() AND table_name = $2$

2025/02/13 14:38:35 /home/bryan/repos/skripsi/backend/setup/setup.go:78
[1.086ms] [rows:-] SELECT * FROM "roles" LIMIT $1$

2025/02/13 14:38:35 /home/bryan/repos/skripsi/backend/setup/setup.go:78
[23.834ms] [rows:-] SELECT constraint_name FROM information_schema.table_constraints tc JOIN information_schema.constraint_column_usage AS ccu USING (constraint_schema, constraint_catalog, table_name, constraint_name) JOIN information_schema.columns AS c ON c.table_schema = tc.constraint_schema AND tc.table_name = c.table_name AND ccu.column_name = c.column_name WHERE constraint_type IN ('PRIMARY KEY', 'UNIQUE') AND c.table_catalog = $1$ AND c.table_schema = CURRENT_SCHEMA() AND c.table_name = $2$ AND constraint_type = $3$

2025/02/13 14:38:35 /home/bryan/repos/skripsi/backend/setup/setup.go:78
[21.285ms] [rows:-] SELECT c.column_name, constraint_name, constraint_type FROM information_schema.table_constraints tc JOIN information_schema.constraint_column_usage AS ccu USING (constraint_schema, constraint_catalog, table_name, constraint_name) JOIN information_schema.columns AS c ON c.table_schema = tc.constraint_schema AND tc.table_name = c.table_name AND ccu.column_name = c.column_name WHERE constraint_type IN ('PRIMARY KEY', 'UNIQUE') AND c.table_catalog = $1$ AND c.table_schema = CURRENT_SCHEMA() AND c.table_name = $2$

2025/02/13 14:38:35 /home/bryan/repos/skripsi/backend/setup/setup.go:78
[2.812ms] [rows:-] SELECT a.attname as column_name, format_type(a.atttypid, a.atttypmod) AS data_type
		FROM pg_attribute a JOIN pg_class b ON a.attrelid = b.oid AND relnamespace = (SELECT oid FROM pg_catalog.pg_namespace WHERE nspname = CURRENT_SCHEMA())
		WHERE a.attnum > 0 -- hide internal columns
		AND NOT a.attisdropped -- hide deleted columns
		AND b.relname = $1$

2025/02/13 14:38:35 /home/bryan/repos/skripsi/backend/setup/setup.go:78
[7.277ms] [rows:0] SELECT description FROM pg_catalog.pg_description WHERE objsubid = (SELECT ordinal_position FROM information_schema.columns WHERE table_schema = CURRENT_SCHEMA() AND table_name = 'roles' AND column_name = 'id') AND objoid = (SELECT oid FROM pg_catalog.pg_class WHERE relname = 'roles' AND relnamespace = (SELECT oid FROM pg_catalog.pg_namespace WHERE nspname = CURRENT_SCHEMA()))

2025/02/13 14:38:35 /home/bryan/repos/skripsi/backend/setup/setup.go:78
[5.515ms] [rows:0] SELECT description FROM pg_catalog.pg_description WHERE objsubid = (SELECT ordinal_position FROM information_schema.columns WHERE table_schema = CURRENT_SCHEMA() AND table_name = 'roles' AND column_name = 'name') AND objoid = (SELECT oid FROM pg_catalog.pg_class WHERE relname = 'roles' AND relnamespace = (SELECT oid FROM pg_catalog.pg_namespace WHERE nspname = CURRENT_SCHEMA()))

2025/02/13 14:38:35 /home/bryan/repos/skripsi/backend/setup/setup.go:78
[2.224ms] [rows:1] SELECT count(*) FROM information_schema.tables WHERE table_schema = CURRENT_SCHEMA() AND table_name = 'users' AND table_type = 'BASE TABLE'

2025/02/13 14:38:35 /home/bryan/repos/skripsi/backend/setup/setup.go:78
[0.988ms] [rows:1] SELECT CURRENT_DATABASE()

2025/02/13 14:38:35 /home/bryan/repos/skripsi/backend/setup/setup.go:78
[11.891ms] [rows:-] SELECT c.column_name, c.is_nullable = 'YES', c.udt_name, c.character_maximum_length, c.numeric_precision, c.numeric_precision_radix, c.numeric_scale, c.datetime_precision, 8 * typlen, c.column_default, pd.description, c.identity_increment FROM information_schema.columns AS c JOIN pg_type AS pgt ON c.udt_name = pgt.typname LEFT JOIN pg_catalog.pg_description as pd ON pd.objsubid = c.ordinal_position AND pd.objoid = (SELECT oid FROM pg_catalog.pg_class WHERE relname = c.table_name AND relnamespace = (SELECT oid FROM pg_catalog.pg_namespace WHERE nspname = c.table_schema)) where table_catalog = $1$ AND table_schema = CURRENT_SCHEMA() AND table_name = $2$

2025/02/13 14:38:35 /home/bryan/repos/skripsi/backend/setup/setup.go:78
[0.926ms] [rows:-] SELECT * FROM "users" LIMIT $1$

2025/02/13 14:38:35 /home/bryan/repos/skripsi/backend/setup/setup.go:78
[18.613ms] [rows:-] SELECT constraint_name FROM information_schema.table_constraints tc JOIN information_schema.constraint_column_usage AS ccu USING (constraint_schema, constraint_catalog, table_name, constraint_name) JOIN information_schema.columns AS c ON c.table_schema = tc.constraint_schema AND tc.table_name = c.table_name AND ccu.column_name = c.column_name WHERE constraint_type IN ('PRIMARY KEY', 'UNIQUE') AND c.table_catalog = $1$ AND c.table_schema = CURRENT_SCHEMA() AND c.table_name = $2$ AND constraint_type = $3$

2025/02/13 14:38:35 /home/bryan/repos/skripsi/backend/setup/setup.go:78
[18.226ms] [rows:-] SELECT c.column_name, constraint_name, constraint_type FROM information_schema.table_constraints tc JOIN information_schema.constraint_column_usage AS ccu USING (constraint_schema, constraint_catalog, table_name, constraint_name) JOIN information_schema.columns AS c ON c.table_schema = tc.constraint_schema AND tc.table_name = c.table_name AND ccu.column_name = c.column_name WHERE constraint_type IN ('PRIMARY KEY', 'UNIQUE') AND c.table_catalog = $1$ AND c.table_schema = CURRENT_SCHEMA() AND c.table_name = $2$

2025/02/13 14:38:35 /home/bryan/repos/skripsi/backend/setup/setup.go:78
[1.642ms] [rows:-] SELECT a.attname as column_name, format_type(a.atttypid, a.atttypmod) AS data_type
		FROM pg_attribute a JOIN pg_class b ON a.attrelid = b.oid AND relnamespace = (SELECT oid FROM pg_catalog.pg_namespace WHERE nspname = CURRENT_SCHEMA())
		WHERE a.attnum > 0 -- hide internal columns
		AND NOT a.attisdropped -- hide deleted columns
		AND b.relname = $1$

2025/02/13 14:38:35 /home/bryan/repos/skripsi/backend/setup/setup.go:78
[5.437ms] [rows:0] SELECT description FROM pg_catalog.pg_description WHERE objsubid = (SELECT ordinal_position FROM information_schema.columns WHERE table_schema = CURRENT_SCHEMA() AND table_name = 'users' AND column_name = 'id') AND objoid = (SELECT oid FROM pg_catalog.pg_class WHERE relname = 'users' AND relnamespace = (SELECT oid FROM pg_catalog.pg_namespace WHERE nspname = CURRENT_SCHEMA()))

2025/02/13 14:38:35 /home/bryan/repos/skripsi/backend/setup/setup.go:78
[5.520ms] [rows:0] SELECT description FROM pg_catalog.pg_description WHERE objsubid = (SELECT ordinal_position FROM information_schema.columns WHERE table_schema = CURRENT_SCHEMA() AND table_name = 'users' AND column_name = 'created_at') AND objoid = (SELECT oid FROM pg_catalog.pg_class WHERE relname = 'users' AND relnamespace = (SELECT oid FROM pg_catalog.pg_namespace WHERE nspname = CURRENT_SCHEMA()))

2025/02/13 14:38:35 /home/bryan/repos/skripsi/backend/setup/setup.go:78
[5.693ms] [rows:0] SELECT description FROM pg_catalog.pg_description WHERE objsubid = (SELECT ordinal_position FROM information_schema.columns WHERE table_schema = CURRENT_SCHEMA() AND table_name = 'users' AND column_name = 'updated_at') AND objoid = (SELECT oid FROM pg_catalog.pg_class WHERE relname = 'users' AND relnamespace = (SELECT oid FROM pg_catalog.pg_namespace WHERE nspname = CURRENT_SCHEMA()))

2025/02/13 14:38:35 /home/bryan/repos/skripsi/backend/setup/setup.go:78
[5.425ms] [rows:0] SELECT description FROM pg_catalog.pg_description WHERE objsubid = (SELECT ordinal_position FROM information_schema.columns WHERE table_schema = CURRENT_SCHEMA() AND table_name = 'users' AND column_name = 'deleted_at') AND objoid = (SELECT oid FROM pg_catalog.pg_class WHERE relname = 'users' AND relnamespace = (SELECT oid FROM pg_catalog.pg_namespace WHERE nspname = CURRENT_SCHEMA()))

2025/02/13 14:38:35 /home/bryan/repos/skripsi/backend/setup/setup.go:78
[1.426ms] [rows:0] SELECT description FROM pg_catalog.pg_description WHERE objsubid = (SELECT ordinal_position FROM information_schema.columns WHERE table_schema = CURRENT_SCHEMA() AND table_name = 'users' AND column_name = 'name') AND objoid = (SELECT oid FROM pg_catalog.pg_class WHERE relname = 'users' AND relnamespace = (SELECT oid FROM pg_catalog.pg_namespace WHERE nspname = CURRENT_SCHEMA()))

2025/02/13 14:38:35 /home/bryan/repos/skripsi/backend/setup/setup.go:78
[1.448ms] [rows:0] SELECT description FROM pg_catalog.pg_description WHERE objsubid = (SELECT ordinal_position FROM information_schema.columns WHERE table_schema = CURRENT_SCHEMA() AND table_name = 'users' AND column_name = 'email') AND objoid = (SELECT oid FROM pg_catalog.pg_class WHERE relname = 'users' AND relnamespace = (SELECT oid FROM pg_catalog.pg_namespace WHERE nspname = CURRENT_SCHEMA()))

2025/02/13 14:38:35 /home/bryan/repos/skripsi/backend/setup/setup.go:78
[1.335ms] [rows:0] SELECT description FROM pg_catalog.pg_description WHERE objsubid = (SELECT ordinal_position FROM information_schema.columns WHERE table_schema = CURRENT_SCHEMA() AND table_name = 'users' AND column_name = 'password') AND objoid = (SELECT oid FROM pg_catalog.pg_class WHERE relname = 'users' AND relnamespace = (SELECT oid FROM pg_catalog.pg_namespace WHERE nspname = CURRENT_SCHEMA()))

2025/02/13 14:38:35 /home/bryan/repos/skripsi/backend/setup/setup.go:78
[1.452ms] [rows:0] SELECT description FROM pg_catalog.pg_description WHERE objsubid = (SELECT ordinal_position FROM information_schema.columns WHERE table_schema = CURRENT_SCHEMA() AND table_name = 'users' AND column_name = 'image_url') AND objoid = (SELECT oid FROM pg_catalog.pg_class WHERE relname = 'users' AND relnamespace = (SELECT oid FROM pg_catalog.pg_namespace WHERE nspname = CURRENT_SCHEMA()))

2025/02/13 14:38:35 /home/bryan/repos/skripsi/backend/setup/setup.go:78
[1.315ms] [rows:0] SELECT description FROM pg_catalog.pg_description WHERE objsubid = (SELECT ordinal_position FROM information_schema.columns WHERE table_schema = CURRENT_SCHEMA() AND table_name = 'users' AND column_name = 'role_id') AND objoid = (SELECT oid FROM pg_catalog.pg_class WHERE relname = 'users' AND relnamespace = (SELECT oid FROM pg_catalog.pg_namespace WHERE nspname = CURRENT_SCHEMA()))

2025/02/13 14:38:35 /home/bryan/repos/skripsi/backend/setup/setup.go:78
[4.560ms] [rows:1] SELECT count(*) FROM INFORMATION_SCHEMA.table_constraints WHERE table_schema = CURRENT_SCHEMA() AND table_name = 'users' AND constraint_name = 'fk_roles_users'

2025/02/13 14:38:35 /home/bryan/repos/skripsi/backend/setup/setup.go:78
[5.737ms] [rows:1] SELECT count(*) FROM pg_indexes WHERE tablename = 'users' AND indexname = 'idx_users_deleted_at' AND schemaname = CURRENT_SCHEMA()

2025/02/13 14:38:35 /home/bryan/repos/skripsi/backend/setup/setup.go:78
[2.172ms] [rows:1] SELECT count(*) FROM information_schema.tables WHERE table_schema = CURRENT_SCHEMA() AND table_name = 'vet_specialties' AND table_type = 'BASE TABLE'

2025/02/13 14:38:35 /home/bryan/repos/skripsi/backend/setup/setup.go:78
[0.770ms] [rows:1] SELECT CURRENT_DATABASE()

2025/02/13 14:38:35 /home/bryan/repos/skripsi/backend/setup/setup.go:78
[11.080ms] [rows:-] SELECT c.column_name, c.is_nullable = 'YES', c.udt_name, c.character_maximum_length, c.numeric_precision, c.numeric_precision_radix, c.numeric_scale, c.datetime_precision, 8 * typlen, c.column_default, pd.description, c.identity_increment FROM information_schema.columns AS c JOIN pg_type AS pgt ON c.udt_name = pgt.typname LEFT JOIN pg_catalog.pg_description as pd ON pd.objsubid = c.ordinal_position AND pd.objoid = (SELECT oid FROM pg_catalog.pg_class WHERE relname = c.table_name AND relnamespace = (SELECT oid FROM pg_catalog.pg_namespace WHERE nspname = c.table_schema)) where table_catalog = $1$ AND table_schema = CURRENT_SCHEMA() AND table_name = $2$

2025/02/13 14:38:35 /home/bryan/repos/skripsi/backend/setup/setup.go:78
[0.991ms] [rows:-] SELECT * FROM "vet_specialties" LIMIT $1$

2025/02/13 14:38:35 /home/bryan/repos/skripsi/backend/setup/setup.go:78
[16.062ms] [rows:-] SELECT constraint_name FROM information_schema.table_constraints tc JOIN information_schema.constraint_column_usage AS ccu USING (constraint_schema, constraint_catalog, table_name, constraint_name) JOIN information_schema.columns AS c ON c.table_schema = tc.constraint_schema AND tc.table_name = c.table_name AND ccu.column_name = c.column_name WHERE constraint_type IN ('PRIMARY KEY', 'UNIQUE') AND c.table_catalog = $1$ AND c.table_schema = CURRENT_SCHEMA() AND c.table_name = $2$ AND constraint_type = $3$

2025/02/13 14:38:35 /home/bryan/repos/skripsi/backend/setup/setup.go:78
[15.546ms] [rows:-] SELECT c.column_name, constraint_name, constraint_type FROM information_schema.table_constraints tc JOIN information_schema.constraint_column_usage AS ccu USING (constraint_schema, constraint_catalog, table_name, constraint_name) JOIN information_schema.columns AS c ON c.table_schema = tc.constraint_schema AND tc.table_name = c.table_name AND ccu.column_name = c.column_name WHERE constraint_type IN ('PRIMARY KEY', 'UNIQUE') AND c.table_catalog = $1$ AND c.table_schema = CURRENT_SCHEMA() AND c.table_name = $2$

2025/02/13 14:38:35 /home/bryan/repos/skripsi/backend/setup/setup.go:78
[1.624ms] [rows:-] SELECT a.attname as column_name, format_type(a.atttypid, a.atttypmod) AS data_type
		FROM pg_attribute a JOIN pg_class b ON a.attrelid = b.oid AND relnamespace = (SELECT oid FROM pg_catalog.pg_namespace WHERE nspname = CURRENT_SCHEMA())
		WHERE a.attnum > 0 -- hide internal columns
		AND NOT a.attisdropped -- hide deleted columns
		AND b.relname = $1$

2025/02/13 14:38:35 /home/bryan/repos/skripsi/backend/setup/setup.go:78
[1.492ms] [rows:0] SELECT description FROM pg_catalog.pg_description WHERE objsubid = (SELECT ordinal_position FROM information_schema.columns WHERE table_schema = CURRENT_SCHEMA() AND table_name = 'vet_specialties' AND column_name = 'id') AND objoid = (SELECT oid FROM pg_catalog.pg_class WHERE relname = 'vet_specialties' AND relnamespace = (SELECT oid FROM pg_catalog.pg_namespace WHERE nspname = CURRENT_SCHEMA()))

2025/02/13 14:38:35 /home/bryan/repos/skripsi/backend/setup/setup.go:78
[1.445ms] [rows:0] SELECT description FROM pg_catalog.pg_description WHERE objsubid = (SELECT ordinal_position FROM information_schema.columns WHERE table_schema = CURRENT_SCHEMA() AND table_name = 'vet_specialties' AND column_name = 'name') AND objoid = (SELECT oid FROM pg_catalog.pg_class WHERE relname = 'vet_specialties' AND relnamespace = (SELECT oid FROM pg_catalog.pg_namespace WHERE nspname = CURRENT_SCHEMA()))

2025/02/13 14:38:35 /home/bryan/repos/skripsi/backend/setup/setup.go:78
[2.023ms] [rows:1] SELECT count(*) FROM information_schema.tables WHERE table_schema = CURRENT_SCHEMA() AND table_name = 'user_vet_specialties' AND table_type = 'BASE TABLE'

2025/02/13 14:38:35 /home/bryan/repos/skripsi/backend/setup/setup.go:78
[0.810ms] [rows:1] SELECT CURRENT_DATABASE()

2025/02/13 14:38:35 /home/bryan/repos/skripsi/backend/setup/setup.go:78
[11.049ms] [rows:-] SELECT c.column_name, c.is_nullable = 'YES', c.udt_name, c.character_maximum_length, c.numeric_precision, c.numeric_precision_radix, c.numeric_scale, c.datetime_precision, 8 * typlen, c.column_default, pd.description, c.identity_increment FROM information_schema.columns AS c JOIN pg_type AS pgt ON c.udt_name = pgt.typname LEFT JOIN pg_catalog.pg_description as pd ON pd.objsubid = c.ordinal_position AND pd.objoid = (SELECT oid FROM pg_catalog.pg_class WHERE relname = c.table_name AND relnamespace = (SELECT oid FROM pg_catalog.pg_namespace WHERE nspname = c.table_schema)) where table_catalog = $1$ AND table_schema = CURRENT_SCHEMA() AND table_name = $2$

2025/02/13 14:38:35 /home/bryan/repos/skripsi/backend/setup/setup.go:78
[1.075ms] [rows:-] SELECT * FROM "user_vet_specialties" LIMIT $1$

2025/02/13 14:38:35 /home/bryan/repos/skripsi/backend/setup/setup.go:78
[15.733ms] [rows:-] SELECT constraint_name FROM information_schema.table_constraints tc JOIN information_schema.constraint_column_usage AS ccu USING (constraint_schema, constraint_catalog, table_name, constraint_name) JOIN information_schema.columns AS c ON c.table_schema = tc.constraint_schema AND tc.table_name = c.table_name AND ccu.column_name = c.column_name WHERE constraint_type IN ('PRIMARY KEY', 'UNIQUE') AND c.table_catalog = $1$ AND c.table_schema = CURRENT_SCHEMA() AND c.table_name = $2$ AND constraint_type = $3$

2025/02/13 14:38:35 /home/bryan/repos/skripsi/backend/setup/setup.go:78
[15.825ms] [rows:-] SELECT c.column_name, constraint_name, constraint_type FROM information_schema.table_constraints tc JOIN information_schema.constraint_column_usage AS ccu USING (constraint_schema, constraint_catalog, table_name, constraint_name) JOIN information_schema.columns AS c ON c.table_schema = tc.constraint_schema AND tc.table_name = c.table_name AND ccu.column_name = c.column_name WHERE constraint_type IN ('PRIMARY KEY', 'UNIQUE') AND c.table_catalog = $1$ AND c.table_schema = CURRENT_SCHEMA() AND c.table_name = $2$

2025/02/13 14:38:35 /home/bryan/repos/skripsi/backend/setup/setup.go:78
[1.662ms] [rows:-] SELECT a.attname as column_name, format_type(a.atttypid, a.atttypmod) AS data_type
		FROM pg_attribute a JOIN pg_class b ON a.attrelid = b.oid AND relnamespace = (SELECT oid FROM pg_catalog.pg_namespace WHERE nspname = CURRENT_SCHEMA())
		WHERE a.attnum > 0 -- hide internal columns
		AND NOT a.attisdropped -- hide deleted columns
		AND b.relname = $1$

2025/02/13 14:38:35 /home/bryan/repos/skripsi/backend/setup/setup.go:78
[2.806ms] [rows:0] SELECT description FROM pg_catalog.pg_description WHERE objsubid = (SELECT ordinal_position FROM information_schema.columns WHERE table_schema = CURRENT_SCHEMA() AND table_name = 'user_vet_specialties' AND column_name = 'user_id') AND objoid = (SELECT oid FROM pg_catalog.pg_class WHERE relname = 'user_vet_specialties' AND relnamespace = (SELECT oid FROM pg_catalog.pg_namespace WHERE nspname = CURRENT_SCHEMA()))

2025/02/13 14:38:35 /home/bryan/repos/skripsi/backend/setup/setup.go:78
[1.745ms] [rows:0] SELECT description FROM pg_catalog.pg_description WHERE objsubid = (SELECT ordinal_position FROM information_schema.columns WHERE table_schema = CURRENT_SCHEMA() AND table_name = 'user_vet_specialties' AND column_name = 'vet_specialty_id') AND objoid = (SELECT oid FROM pg_catalog.pg_class WHERE relname = 'user_vet_specialties' AND relnamespace = (SELECT oid FROM pg_catalog.pg_namespace WHERE nspname = CURRENT_SCHEMA()))

2025/02/13 14:38:35 /home/bryan/repos/skripsi/backend/setup/setup.go:78
[3.983ms] [rows:1] SELECT count(*) FROM INFORMATION_SCHEMA.table_constraints WHERE table_schema = CURRENT_SCHEMA() AND table_name = 'user_vet_specialties' AND constraint_name = 'fk_user_vet_specialties_vet_specialty'

2025/02/13 14:38:35 /home/bryan/repos/skripsi/backend/setup/setup.go:78
[4.025ms] [rows:1] SELECT count(*) FROM INFORMATION_SCHEMA.table_constraints WHERE table_schema = CURRENT_SCHEMA() AND table_name = 'user_vet_specialties' AND constraint_name = 'fk_user_vet_specialties_user'

2025/02/13 14:38:35 /home/bryan/repos/skripsi/backend/setup/setup.go:78
[2.503ms] [rows:1] SELECT count(*) FROM information_schema.tables WHERE table_schema = CURRENT_SCHEMA() AND table_name = 'daily_walks' AND table_type = 'BASE TABLE'

2025/02/13 14:38:35 /home/bryan/repos/skripsi/backend/setup/setup.go:78
[0.933ms] [rows:1] SELECT CURRENT_DATABASE()

2025/02/13 14:38:35 /home/bryan/repos/skripsi/backend/setup/setup.go:78
[12.080ms] [rows:-] SELECT c.column_name, c.is_nullable = 'YES', c.udt_name, c.character_maximum_length, c.numeric_precision, c.numeric_precision_radix, c.numeric_scale, c.datetime_precision, 8 * typlen, c.column_default, pd.description, c.identity_increment FROM information_schema.columns AS c JOIN pg_type AS pgt ON c.udt_name = pgt.typname LEFT JOIN pg_catalog.pg_description as pd ON pd.objsubid = c.ordinal_position AND pd.objoid = (SELECT oid FROM pg_catalog.pg_class WHERE relname = c.table_name AND relnamespace = (SELECT oid FROM pg_catalog.pg_namespace WHERE nspname = c.table_schema)) where table_catalog = $1$ AND table_schema = CURRENT_SCHEMA() AND table_name = $2$

2025/02/13 14:38:35 /home/bryan/repos/skripsi/backend/setup/setup.go:78
[0.968ms] [rows:-] SELECT * FROM "daily_walks" LIMIT $1$

2025/02/13 14:38:35 /home/bryan/repos/skripsi/backend/setup/setup.go:78
[17.236ms] [rows:-] SELECT constraint_name FROM information_schema.table_constraints tc JOIN information_schema.constraint_column_usage AS ccu USING (constraint_schema, constraint_catalog, table_name, constraint_name) JOIN information_schema.columns AS c ON c.table_schema = tc.constraint_schema AND tc.table_name = c.table_name AND ccu.column_name = c.column_name WHERE constraint_type IN ('PRIMARY KEY', 'UNIQUE') AND c.table_catalog = $1$ AND c.table_schema = CURRENT_SCHEMA() AND c.table_name = $2$ AND constraint_type = $3$

2025/02/13 14:38:35 /home/bryan/repos/skripsi/backend/setup/setup.go:78
[16.533ms] [rows:-] SELECT c.column_name, constraint_name, constraint_type FROM information_schema.table_constraints tc JOIN information_schema.constraint_column_usage AS ccu USING (constraint_schema, constraint_catalog, table_name, constraint_name) JOIN information_schema.columns AS c ON c.table_schema = tc.constraint_schema AND tc.table_name = c.table_name AND ccu.column_name = c.column_name WHERE constraint_type IN ('PRIMARY KEY', 'UNIQUE') AND c.table_catalog = $1$ AND c.table_schema = CURRENT_SCHEMA() AND c.table_name = $2$

2025/02/13 14:38:35 /home/bryan/repos/skripsi/backend/setup/setup.go:78
[1.917ms] [rows:-] SELECT a.attname as column_name, format_type(a.atttypid, a.atttypmod) AS data_type
		FROM pg_attribute a JOIN pg_class b ON a.attrelid = b.oid AND relnamespace = (SELECT oid FROM pg_catalog.pg_namespace WHERE nspname = CURRENT_SCHEMA())
		WHERE a.attnum > 0 -- hide internal columns
		AND NOT a.attisdropped -- hide deleted columns
		AND b.relname = $1$

2025/02/13 14:38:35 /home/bryan/repos/skripsi/backend/setup/setup.go:78
[1.891ms] [rows:0] SELECT description FROM pg_catalog.pg_description WHERE objsubid = (SELECT ordinal_position FROM information_schema.columns WHERE table_schema = CURRENT_SCHEMA() AND table_name = 'daily_walks' AND column_name = 'id') AND objoid = (SELECT oid FROM pg_catalog.pg_class WHERE relname = 'daily_walks' AND relnamespace = (SELECT oid FROM pg_catalog.pg_namespace WHERE nspname = CURRENT_SCHEMA()))

2025/02/13 14:38:35 /home/bryan/repos/skripsi/backend/setup/setup.go:78
[1.735ms] [rows:0] SELECT description FROM pg_catalog.pg_description WHERE objsubid = (SELECT ordinal_position FROM information_schema.columns WHERE table_schema = CURRENT_SCHEMA() AND table_name = 'daily_walks' AND column_name = 'name') AND objoid = (SELECT oid FROM pg_catalog.pg_class WHERE relname = 'daily_walks' AND relnamespace = (SELECT oid FROM pg_catalog.pg_namespace WHERE nspname = CURRENT_SCHEMA()))

2025/02/13 14:38:35 /home/bryan/repos/skripsi/backend/setup/setup.go:78
[2.335ms] [rows:1] SELECT count(*) FROM information_schema.tables WHERE table_schema = CURRENT_SCHEMA() AND table_name = 'daily_playtimes' AND table_type = 'BASE TABLE'

2025/02/13 14:38:35 /home/bryan/repos/skripsi/backend/setup/setup.go:78
[0.978ms] [rows:1] SELECT CURRENT_DATABASE()

2025/02/13 14:38:35 /home/bryan/repos/skripsi/backend/setup/setup.go:78
[12.763ms] [rows:-] SELECT c.column_name, c.is_nullable = 'YES', c.udt_name, c.character_maximum_length, c.numeric_precision, c.numeric_precision_radix, c.numeric_scale, c.datetime_precision, 8 * typlen, c.column_default, pd.description, c.identity_increment FROM information_schema.columns AS c JOIN pg_type AS pgt ON c.udt_name = pgt.typname LEFT JOIN pg_catalog.pg_description as pd ON pd.objsubid = c.ordinal_position AND pd.objoid = (SELECT oid FROM pg_catalog.pg_class WHERE relname = c.table_name AND relnamespace = (SELECT oid FROM pg_catalog.pg_namespace WHERE nspname = c.table_schema)) where table_catalog = $1$ AND table_schema = CURRENT_SCHEMA() AND table_name = $2$

2025/02/13 14:38:35 /home/bryan/repos/skripsi/backend/setup/setup.go:78
[1.065ms] [rows:-] SELECT * FROM "daily_playtimes" LIMIT $1$

2025/02/13 14:38:35 /home/bryan/repos/skripsi/backend/setup/setup.go:78
[18.378ms] [rows:-] SELECT constraint_name FROM information_schema.table_constraints tc JOIN information_schema.constraint_column_usage AS ccu USING (constraint_schema, constraint_catalog, table_name, constraint_name) JOIN information_schema.columns AS c ON c.table_schema = tc.constraint_schema AND tc.table_name = c.table_name AND ccu.column_name = c.column_name WHERE constraint_type IN ('PRIMARY KEY', 'UNIQUE') AND c.table_catalog = $1$ AND c.table_schema = CURRENT_SCHEMA() AND c.table_name = $2$ AND constraint_type = $3$

2025/02/13 14:38:35 /home/bryan/repos/skripsi/backend/setup/setup.go:78
[17.860ms] [rows:-] SELECT c.column_name, constraint_name, constraint_type FROM information_schema.table_constraints tc JOIN information_schema.constraint_column_usage AS ccu USING (constraint_schema, constraint_catalog, table_name, constraint_name) JOIN information_schema.columns AS c ON c.table_schema = tc.constraint_schema AND tc.table_name = c.table_name AND ccu.column_name = c.column_name WHERE constraint_type IN ('PRIMARY KEY', 'UNIQUE') AND c.table_catalog = $1$ AND c.table_schema = CURRENT_SCHEMA() AND c.table_name = $2$

2025/02/13 14:38:35 /home/bryan/repos/skripsi/backend/setup/setup.go:78
[1.899ms] [rows:-] SELECT a.attname as column_name, format_type(a.atttypid, a.atttypmod) AS data_type
		FROM pg_attribute a JOIN pg_class b ON a.attrelid = b.oid AND relnamespace = (SELECT oid FROM pg_catalog.pg_namespace WHERE nspname = CURRENT_SCHEMA())
		WHERE a.attnum > 0 -- hide internal columns
		AND NOT a.attisdropped -- hide deleted columns
		AND b.relname = $1$

2025/02/13 14:38:35 /home/bryan/repos/skripsi/backend/setup/setup.go:78
[1.694ms] [rows:0] SELECT description FROM pg_catalog.pg_description WHERE objsubid = (SELECT ordinal_position FROM information_schema.columns WHERE table_schema = CURRENT_SCHEMA() AND table_name = 'daily_playtimes' AND column_name = 'id') AND objoid = (SELECT oid FROM pg_catalog.pg_class WHERE relname = 'daily_playtimes' AND relnamespace = (SELECT oid FROM pg_catalog.pg_namespace WHERE nspname = CURRENT_SCHEMA()))

2025/02/13 14:38:35 /home/bryan/repos/skripsi/backend/setup/setup.go:78
[1.513ms] [rows:0] SELECT description FROM pg_catalog.pg_description WHERE objsubid = (SELECT ordinal_position FROM information_schema.columns WHERE table_schema = CURRENT_SCHEMA() AND table_name = 'daily_playtimes' AND column_name = 'name') AND objoid = (SELECT oid FROM pg_catalog.pg_class WHERE relname = 'daily_playtimes' AND relnamespace = (SELECT oid FROM pg_catalog.pg_namespace WHERE nspname = CURRENT_SCHEMA()))

2025/02/13 14:38:35 /home/bryan/repos/skripsi/backend/setup/setup.go:78
[1.196ms] [rows:1] SELECT count(*) FROM information_schema.tables WHERE table_schema = CURRENT_SCHEMA() AND table_name = 'pet_daycares' AND table_type = 'BASE TABLE'

2025/02/13 14:38:35 /home/bryan/repos/skripsi/backend/setup/setup.go:78
[0.919ms] [rows:1] SELECT CURRENT_DATABASE()

2025/02/13 14:38:35 /home/bryan/repos/skripsi/backend/setup/setup.go:78
[4.959ms] [rows:-] SELECT c.column_name, c.is_nullable = 'YES', c.udt_name, c.character_maximum_length, c.numeric_precision, c.numeric_precision_radix, c.numeric_scale, c.datetime_precision, 8 * typlen, c.column_default, pd.description, c.identity_increment FROM information_schema.columns AS c JOIN pg_type AS pgt ON c.udt_name = pgt.typname LEFT JOIN pg_catalog.pg_description as pd ON pd.objsubid = c.ordinal_position AND pd.objoid = (SELECT oid FROM pg_catalog.pg_class WHERE relname = c.table_name AND relnamespace = (SELECT oid FROM pg_catalog.pg_namespace WHERE nspname = c.table_schema)) where table_catalog = $1$ AND table_schema = CURRENT_SCHEMA() AND table_name = $2$

2025/02/13 14:38:35 /home/bryan/repos/skripsi/backend/setup/setup.go:78
[1.147ms] [rows:-] SELECT * FROM "pet_daycares" LIMIT $1$

2025/02/13 14:38:35 /home/bryan/repos/skripsi/backend/setup/setup.go:78
[6.942ms] [rows:-] SELECT constraint_name FROM information_schema.table_constraints tc JOIN information_schema.constraint_column_usage AS ccu USING (constraint_schema, constraint_catalog, table_name, constraint_name) JOIN information_schema.columns AS c ON c.table_schema = tc.constraint_schema AND tc.table_name = c.table_name AND ccu.column_name = c.column_name WHERE constraint_type IN ('PRIMARY KEY', 'UNIQUE') AND c.table_catalog = $1$ AND c.table_schema = CURRENT_SCHEMA() AND c.table_name = $2$ AND constraint_type = $3$

2025/02/13 14:38:35 /home/bryan/repos/skripsi/backend/setup/setup.go:78
[6.911ms] [rows:-] SELECT c.column_name, constraint_name, constraint_type FROM information_schema.table_constraints tc JOIN information_schema.constraint_column_usage AS ccu USING (constraint_schema, constraint_catalog, table_name, constraint_name) JOIN information_schema.columns AS c ON c.table_schema = tc.constraint_schema AND tc.table_name = c.table_name AND ccu.column_name = c.column_name WHERE constraint_type IN ('PRIMARY KEY', 'UNIQUE') AND c.table_catalog = $1$ AND c.table_schema = CURRENT_SCHEMA() AND c.table_name = $2$

2025/02/13 14:38:35 /home/bryan/repos/skripsi/backend/setup/setup.go:78
[1.250ms] [rows:-] SELECT a.attname as column_name, format_type(a.atttypid, a.atttypmod) AS data_type
		FROM pg_attribute a JOIN pg_class b ON a.attrelid = b.oid AND relnamespace = (SELECT oid FROM pg_catalog.pg_namespace WHERE nspname = CURRENT_SCHEMA())
		WHERE a.attnum > 0 -- hide internal columns
		AND NOT a.attisdropped -- hide deleted columns
		AND b.relname = $1$

2025/02/13 14:38:35 /home/bryan/repos/skripsi/backend/setup/setup.go:78
[1.534ms] [rows:0] SELECT description FROM pg_catalog.pg_description WHERE objsubid = (SELECT ordinal_position FROM information_schema.columns WHERE table_schema = CURRENT_SCHEMA() AND table_name = 'pet_daycares' AND column_name = 'id') AND objoid = (SELECT oid FROM pg_catalog.pg_class WHERE relname = 'pet_daycares' AND relnamespace = (SELECT oid FROM pg_catalog.pg_namespace WHERE nspname = CURRENT_SCHEMA()))

2025/02/13 14:38:35 /home/bryan/repos/skripsi/backend/setup/setup.go:78
[1.674ms] [rows:0] SELECT description FROM pg_catalog.pg_description WHERE objsubid = (SELECT ordinal_position FROM information_schema.columns WHERE table_schema = CURRENT_SCHEMA() AND table_name = 'pet_daycares' AND column_name = 'created_at') AND objoid = (SELECT oid FROM pg_catalog.pg_class WHERE relname = 'pet_daycares' AND relnamespace = (SELECT oid FROM pg_catalog.pg_namespace WHERE nspname = CURRENT_SCHEMA()))

2025/02/13 14:38:35 /home/bryan/repos/skripsi/backend/setup/setup.go:78
[1.590ms] [rows:0] SELECT description FROM pg_catalog.pg_description WHERE objsubid = (SELECT ordinal_position FROM information_schema.columns WHERE table_schema = CURRENT_SCHEMA() AND table_name = 'pet_daycares' AND column_name = 'updated_at') AND objoid = (SELECT oid FROM pg_catalog.pg_class WHERE relname = 'pet_daycares' AND relnamespace = (SELECT oid FROM pg_catalog.pg_namespace WHERE nspname = CURRENT_SCHEMA()))

2025/02/13 14:38:35 /home/bryan/repos/skripsi/backend/setup/setup.go:78
[1.572ms] [rows:0] SELECT description FROM pg_catalog.pg_description WHERE objsubid = (SELECT ordinal_position FROM information_schema.columns WHERE table_schema = CURRENT_SCHEMA() AND table_name = 'pet_daycares' AND column_name = 'deleted_at') AND objoid = (SELECT oid FROM pg_catalog.pg_class WHERE relname = 'pet_daycares' AND relnamespace = (SELECT oid FROM pg_catalog.pg_namespace WHERE nspname = CURRENT_SCHEMA()))

2025/02/13 14:38:35 /home/bryan/repos/skripsi/backend/setup/setup.go:78
[1.546ms] [rows:0] SELECT description FROM pg_catalog.pg_description WHERE objsubid = (SELECT ordinal_position FROM information_schema.columns WHERE table_schema = CURRENT_SCHEMA() AND table_name = 'pet_daycares' AND column_name = 'name') AND objoid = (SELECT oid FROM pg_catalog.pg_class WHERE relname = 'pet_daycares' AND relnamespace = (SELECT oid FROM pg_catalog.pg_namespace WHERE nspname = CURRENT_SCHEMA()))

2025/02/13 14:38:35 /home/bryan/repos/skripsi/backend/setup/setup.go:78
[1.473ms] [rows:0] SELECT description FROM pg_catalog.pg_description WHERE objsubid = (SELECT ordinal_position FROM information_schema.columns WHERE table_schema = CURRENT_SCHEMA() AND table_name = 'pet_daycares' AND column_name = 'address') AND objoid = (SELECT oid FROM pg_catalog.pg_class WHERE relname = 'pet_daycares' AND relnamespace = (SELECT oid FROM pg_catalog.pg_namespace WHERE nspname = CURRENT_SCHEMA()))

2025/02/13 14:38:35 /home/bryan/repos/skripsi/backend/setup/setup.go:78
[1.639ms] [rows:0] SELECT description FROM pg_catalog.pg_description WHERE objsubid = (SELECT ordinal_position FROM information_schema.columns WHERE table_schema = CURRENT_SCHEMA() AND table_name = 'pet_daycares' AND column_name = 'latitude') AND objoid = (SELECT oid FROM pg_catalog.pg_class WHERE relname = 'pet_daycares' AND relnamespace = (SELECT oid FROM pg_catalog.pg_namespace WHERE nspname = CURRENT_SCHEMA()))

2025/02/13 14:38:35 /home/bryan/repos/skripsi/backend/setup/setup.go:78
[1.608ms] [rows:0] SELECT description FROM pg_catalog.pg_description WHERE objsubid = (SELECT ordinal_position FROM information_schema.columns WHERE table_schema = CURRENT_SCHEMA() AND table_name = 'pet_daycares' AND column_name = 'longitude') AND objoid = (SELECT oid FROM pg_catalog.pg_class WHERE relname = 'pet_daycares' AND relnamespace = (SELECT oid FROM pg_catalog.pg_namespace WHERE nspname = CURRENT_SCHEMA()))

2025/02/13 14:38:35 /home/bryan/repos/skripsi/backend/setup/setup.go:78
[1.469ms] [rows:0] SELECT description FROM pg_catalog.pg_description WHERE objsubid = (SELECT ordinal_position FROM information_schema.columns WHERE table_schema = CURRENT_SCHEMA() AND table_name = 'pet_daycares' AND column_name = 'price') AND objoid = (SELECT oid FROM pg_catalog.pg_class WHERE relname = 'pet_daycares' AND relnamespace = (SELECT oid FROM pg_catalog.pg_namespace WHERE nspname = CURRENT_SCHEMA()))

2025/02/13 14:38:35 /home/bryan/repos/skripsi/backend/setup/setup.go:78
[1.563ms] [rows:0] SELECT description FROM pg_catalog.pg_description WHERE objsubid = (SELECT ordinal_position FROM information_schema.columns WHERE table_schema = CURRENT_SCHEMA() AND table_name = 'pet_daycares' AND column_name = 'pricing_type') AND objoid = (SELECT oid FROM pg_catalog.pg_class WHERE relname = 'pet_daycares' AND relnamespace = (SELECT oid FROM pg_catalog.pg_namespace WHERE nspname = CURRENT_SCHEMA()))

2025/02/13 14:38:35 /home/bryan/repos/skripsi/backend/setup/setup.go:78
[1.475ms] [rows:0] SELECT description FROM pg_catalog.pg_description WHERE objsubid = (SELECT ordinal_position FROM information_schema.columns WHERE table_schema = CURRENT_SCHEMA() AND table_name = 'pet_daycares' AND column_name = 'description') AND objoid = (SELECT oid FROM pg_catalog.pg_class WHERE relname = 'pet_daycares' AND relnamespace = (SELECT oid FROM pg_catalog.pg_namespace WHERE nspname = CURRENT_SCHEMA()))

2025/02/13 14:38:35 /home/bryan/repos/skripsi/backend/setup/setup.go:78
[1.598ms] [rows:0] SELECT description FROM pg_catalog.pg_description WHERE objsubid = (SELECT ordinal_position FROM information_schema.columns WHERE table_schema = CURRENT_SCHEMA() AND table_name = 'pet_daycares' AND column_name = 'has_pickup_service') AND objoid = (SELECT oid FROM pg_catalog.pg_class WHERE relname = 'pet_daycares' AND relnamespace = (SELECT oid FROM pg_catalog.pg_namespace WHERE nspname = CURRENT_SCHEMA()))

2025/02/13 14:38:35 /home/bryan/repos/skripsi/backend/setup/setup.go:78
[1.613ms] [rows:0] SELECT description FROM pg_catalog.pg_description WHERE objsubid = (SELECT ordinal_position FROM information_schema.columns WHERE table_schema = CURRENT_SCHEMA() AND table_name = 'pet_daycares' AND column_name = 'must_be_vaccinated') AND objoid = (SELECT oid FROM pg_catalog.pg_class WHERE relname = 'pet_daycares' AND relnamespace = (SELECT oid FROM pg_catalog.pg_namespace WHERE nspname = CURRENT_SCHEMA()))

2025/02/13 14:38:35 /home/bryan/repos/skripsi/backend/setup/setup.go:78
[1.522ms] [rows:0] SELECT description FROM pg_catalog.pg_description WHERE objsubid = (SELECT ordinal_position FROM information_schema.columns WHERE table_schema = CURRENT_SCHEMA() AND table_name = 'pet_daycares' AND column_name = 'food_provided') AND objoid = (SELECT oid FROM pg_catalog.pg_class WHERE relname = 'pet_daycares' AND relnamespace = (SELECT oid FROM pg_catalog.pg_namespace WHERE nspname = CURRENT_SCHEMA()))

2025/02/13 14:38:35 /home/bryan/repos/skripsi/backend/setup/setup.go:78
[1.568ms] [rows:0] SELECT description FROM pg_catalog.pg_description WHERE objsubid = (SELECT ordinal_position FROM information_schema.columns WHERE table_schema = CURRENT_SCHEMA() AND table_name = 'pet_daycares' AND column_name = 'grooming_available') AND objoid = (SELECT oid FROM pg_catalog.pg_class WHERE relname = 'pet_daycares' AND relnamespace = (SELECT oid FROM pg_catalog.pg_namespace WHERE nspname = CURRENT_SCHEMA()))

2025/02/13 14:38:35 /home/bryan/repos/skripsi/backend/setup/setup.go:78
[1.384ms] [rows:0] SELECT description FROM pg_catalog.pg_description WHERE objsubid = (SELECT ordinal_position FROM information_schema.columns WHERE table_schema = CURRENT_SCHEMA() AND table_name = 'pet_daycares' AND column_name = 'booked_num') AND objoid = (SELECT oid FROM pg_catalog.pg_class WHERE relname = 'pet_daycares' AND relnamespace = (SELECT oid FROM pg_catalog.pg_namespace WHERE nspname = CURRENT_SCHEMA()))

2025/02/13 14:38:35 /home/bryan/repos/skripsi/backend/setup/setup.go:78
[1.388ms] [rows:0] SELECT description FROM pg_catalog.pg_description WHERE objsubid = (SELECT ordinal_position FROM information_schema.columns WHERE table_schema = CURRENT_SCHEMA() AND table_name = 'pet_daycares' AND column_name = 'daily_walks_id') AND objoid = (SELECT oid FROM pg_catalog.pg_class WHERE relname = 'pet_daycares' AND relnamespace = (SELECT oid FROM pg_catalog.pg_namespace WHERE nspname = CURRENT_SCHEMA()))

2025/02/13 14:38:35 /home/bryan/repos/skripsi/backend/setup/setup.go:78
[1.543ms] [rows:0] SELECT description FROM pg_catalog.pg_description WHERE objsubid = (SELECT ordinal_position FROM information_schema.columns WHERE table_schema = CURRENT_SCHEMA() AND table_name = 'pet_daycares' AND column_name = 'daily_playtime_id') AND objoid = (SELECT oid FROM pg_catalog.pg_class WHERE relname = 'pet_daycares' AND relnamespace = (SELECT oid FROM pg_catalog.pg_namespace WHERE nspname = CURRENT_SCHEMA()))

2025/02/13 14:38:35 /home/bryan/repos/skripsi/backend/setup/setup.go:78
[1.512ms] [rows:0] SELECT description FROM pg_catalog.pg_description WHERE objsubid = (SELECT ordinal_position FROM information_schema.columns WHERE table_schema = CURRENT_SCHEMA() AND table_name = 'pet_daycares' AND column_name = 'owner_id') AND objoid = (SELECT oid FROM pg_catalog.pg_class WHERE relname = 'pet_daycares' AND relnamespace = (SELECT oid FROM pg_catalog.pg_namespace WHERE nspname = CURRENT_SCHEMA()))

2025/02/13 14:38:35 /home/bryan/repos/skripsi/backend/setup/setup.go:78
[1.512ms] [rows:0] SELECT description FROM pg_catalog.pg_description WHERE objsubid = (SELECT ordinal_position FROM information_schema.columns WHERE table_schema = CURRENT_SCHEMA() AND table_name = 'pet_daycares' AND column_name = 'food_brand') AND objoid = (SELECT oid FROM pg_catalog.pg_class WHERE relname = 'pet_daycares' AND relnamespace = (SELECT oid FROM pg_catalog.pg_namespace WHERE nspname = CURRENT_SCHEMA()))

2025/02/13 14:38:35 /home/bryan/repos/skripsi/backend/setup/setup.go:78
[3.842ms] [rows:1] SELECT count(*) FROM INFORMATION_SCHEMA.table_constraints WHERE table_schema = CURRENT_SCHEMA() AND table_name = 'pet_daycares' AND constraint_name = 'fk_pet_daycares_daily_walks'

2025/02/13 14:38:35 /home/bryan/repos/skripsi/backend/setup/setup.go:78
[3.973ms] [rows:1] SELECT count(*) FROM INFORMATION_SCHEMA.table_constraints WHERE table_schema = CURRENT_SCHEMA() AND table_name = 'pet_daycares' AND constraint_name = 'fk_pet_daycares_daily_playtime'

2025/02/13 14:38:35 /home/bryan/repos/skripsi/backend/setup/setup.go:78
[3.913ms] [rows:1] SELECT count(*) FROM INFORMATION_SCHEMA.table_constraints WHERE table_schema = CURRENT_SCHEMA() AND table_name = 'pet_daycares' AND constraint_name = 'fk_users_pet_daycare'

2025/02/13 14:38:35 /home/bryan/repos/skripsi/backend/setup/setup.go:78
[2.817ms] [rows:1] SELECT count(*) FROM pg_indexes WHERE tablename = 'pet_daycares' AND indexname = 'idx_pet_daycares_deleted_at' AND schemaname = CURRENT_SCHEMA()

2025/02/13 14:38:35 /home/bryan/repos/skripsi/backend/setup/setup.go:78
[1.143ms] [rows:1] SELECT count(*) FROM information_schema.tables WHERE table_schema = CURRENT_SCHEMA() AND table_name = 'size_categories' AND table_type = 'BASE TABLE'

2025/02/13 14:38:35 /home/bryan/repos/skripsi/backend/setup/setup.go:78
[0.794ms] [rows:1] SELECT CURRENT_DATABASE()

2025/02/13 14:38:35 /home/bryan/repos/skripsi/backend/setup/setup.go:78
[3.273ms] [rows:-] SELECT c.column_name, c.is_nullable = 'YES', c.udt_name, c.character_maximum_length, c.numeric_precision, c.numeric_precision_radix, c.numeric_scale, c.datetime_precision, 8 * typlen, c.column_default, pd.description, c.identity_increment FROM information_schema.columns AS c JOIN pg_type AS pgt ON c.udt_name = pgt.typname LEFT JOIN pg_catalog.pg_description as pd ON pd.objsubid = c.ordinal_position AND pd.objoid = (SELECT oid FROM pg_catalog.pg_class WHERE relname = c.table_name AND relnamespace = (SELECT oid FROM pg_catalog.pg_namespace WHERE nspname = c.table_schema)) where table_catalog = $1$ AND table_schema = CURRENT_SCHEMA() AND table_name = $2$

2025/02/13 14:38:35 /home/bryan/repos/skripsi/backend/setup/setup.go:78
[1.143ms] [rows:-] SELECT * FROM "size_categories" LIMIT $1$

2025/02/13 14:38:35 /home/bryan/repos/skripsi/backend/setup/setup.go:78
[2.691ms] [rows:-] SELECT constraint_name FROM information_schema.table_constraints tc JOIN information_schema.constraint_column_usage AS ccu USING (constraint_schema, constraint_catalog, table_name, constraint_name) JOIN information_schema.columns AS c ON c.table_schema = tc.constraint_schema AND tc.table_name = c.table_name AND ccu.column_name = c.column_name WHERE constraint_type IN ('PRIMARY KEY', 'UNIQUE') AND c.table_catalog = $1$ AND c.table_schema = CURRENT_SCHEMA() AND c.table_name = $2$ AND constraint_type = $3$

2025/02/13 14:38:35 /home/bryan/repos/skripsi/backend/setup/setup.go:78
[2.744ms] [rows:-] SELECT c.column_name, constraint_name, constraint_type FROM information_schema.table_constraints tc JOIN information_schema.constraint_column_usage AS ccu USING (constraint_schema, constraint_catalog, table_name, constraint_name) JOIN information_schema.columns AS c ON c.table_schema = tc.constraint_schema AND tc.table_name = c.table_name AND ccu.column_name = c.column_name WHERE constraint_type IN ('PRIMARY KEY', 'UNIQUE') AND c.table_catalog = $1$ AND c.table_schema = CURRENT_SCHEMA() AND c.table_name = $2$

2025/02/13 14:38:35 /home/bryan/repos/skripsi/backend/setup/setup.go:78
[1.028ms] [rows:-] SELECT a.attname as column_name, format_type(a.atttypid, a.atttypmod) AS data_type
		FROM pg_attribute a JOIN pg_class b ON a.attrelid = b.oid AND relnamespace = (SELECT oid FROM pg_catalog.pg_namespace WHERE nspname = CURRENT_SCHEMA())
		WHERE a.attnum > 0 -- hide internal columns
		AND NOT a.attisdropped -- hide deleted columns
		AND b.relname = $1$

2025/02/13 14:38:35 /home/bryan/repos/skripsi/backend/setup/setup.go:78
[1.531ms] [rows:0] SELECT description FROM pg_catalog.pg_description WHERE objsubid = (SELECT ordinal_position FROM information_schema.columns WHERE table_schema = CURRENT_SCHEMA() AND table_name = 'size_categories' AND column_name = 'id') AND objoid = (SELECT oid FROM pg_catalog.pg_class WHERE relname = 'size_categories' AND relnamespace = (SELECT oid FROM pg_catalog.pg_namespace WHERE nspname = CURRENT_SCHEMA()))

2025/02/13 14:38:35 /home/bryan/repos/skripsi/backend/setup/setup.go:78
[1.563ms] [rows:0] SELECT description FROM pg_catalog.pg_description WHERE objsubid = (SELECT ordinal_position FROM information_schema.columns WHERE table_schema = CURRENT_SCHEMA() AND table_name = 'size_categories' AND column_name = 'name') AND objoid = (SELECT oid FROM pg_catalog.pg_class WHERE relname = 'size_categories' AND relnamespace = (SELECT oid FROM pg_catalog.pg_namespace WHERE nspname = CURRENT_SCHEMA()))

2025/02/13 14:38:35 /home/bryan/repos/skripsi/backend/setup/setup.go:78
[1.556ms] [rows:0] SELECT description FROM pg_catalog.pg_description WHERE objsubid = (SELECT ordinal_position FROM information_schema.columns WHERE table_schema = CURRENT_SCHEMA() AND table_name = 'size_categories' AND column_name = 'min_weight') AND objoid = (SELECT oid FROM pg_catalog.pg_class WHERE relname = 'size_categories' AND relnamespace = (SELECT oid FROM pg_catalog.pg_namespace WHERE nspname = CURRENT_SCHEMA()))

2025/02/13 14:38:35 /home/bryan/repos/skripsi/backend/setup/setup.go:78
[1.480ms] [rows:0] SELECT description FROM pg_catalog.pg_description WHERE objsubid = (SELECT ordinal_position FROM information_schema.columns WHERE table_schema = CURRENT_SCHEMA() AND table_name = 'size_categories' AND column_name = 'max_weight') AND objoid = (SELECT oid FROM pg_catalog.pg_class WHERE relname = 'size_categories' AND relnamespace = (SELECT oid FROM pg_catalog.pg_namespace WHERE nspname = CURRENT_SCHEMA()))

2025/02/13 14:38:35 /home/bryan/repos/skripsi/backend/setup/setup.go:78
[1.040ms] [rows:1] SELECT count(*) FROM information_schema.tables WHERE table_schema = CURRENT_SCHEMA() AND table_name = 'species' AND table_type = 'BASE TABLE'

2025/02/13 14:38:35 /home/bryan/repos/skripsi/backend/setup/setup.go:78
[0.797ms] [rows:1] SELECT CURRENT_DATABASE()

2025/02/13 14:38:35 /home/bryan/repos/skripsi/backend/setup/setup.go:78
[2.802ms] [rows:-] SELECT c.column_name, c.is_nullable = 'YES', c.udt_name, c.character_maximum_length, c.numeric_precision, c.numeric_precision_radix, c.numeric_scale, c.datetime_precision, 8 * typlen, c.column_default, pd.description, c.identity_increment FROM information_schema.columns AS c JOIN pg_type AS pgt ON c.udt_name = pgt.typname LEFT JOIN pg_catalog.pg_description as pd ON pd.objsubid = c.ordinal_position AND pd.objoid = (SELECT oid FROM pg_catalog.pg_class WHERE relname = c.table_name AND relnamespace = (SELECT oid FROM pg_catalog.pg_namespace WHERE nspname = c.table_schema)) where table_catalog = $1$ AND table_schema = CURRENT_SCHEMA() AND table_name = $2$

2025/02/13 14:38:35 /home/bryan/repos/skripsi/backend/setup/setup.go:78
[0.883ms] [rows:-] SELECT * FROM "species" LIMIT $1$

2025/02/13 14:38:35 /home/bryan/repos/skripsi/backend/setup/setup.go:78
[2.443ms] [rows:-] SELECT constraint_name FROM information_schema.table_constraints tc JOIN information_schema.constraint_column_usage AS ccu USING (constraint_schema, constraint_catalog, table_name, constraint_name) JOIN information_schema.columns AS c ON c.table_schema = tc.constraint_schema AND tc.table_name = c.table_name AND ccu.column_name = c.column_name WHERE constraint_type IN ('PRIMARY KEY', 'UNIQUE') AND c.table_catalog = $1$ AND c.table_schema = CURRENT_SCHEMA() AND c.table_name = $2$ AND constraint_type = $3$

2025/02/13 14:38:35 /home/bryan/repos/skripsi/backend/setup/setup.go:78
[2.464ms] [rows:-] SELECT c.column_name, constraint_name, constraint_type FROM information_schema.table_constraints tc JOIN information_schema.constraint_column_usage AS ccu USING (constraint_schema, constraint_catalog, table_name, constraint_name) JOIN information_schema.columns AS c ON c.table_schema = tc.constraint_schema AND tc.table_name = c.table_name AND ccu.column_name = c.column_name WHERE constraint_type IN ('PRIMARY KEY', 'UNIQUE') AND c.table_catalog = $1$ AND c.table_schema = CURRENT_SCHEMA() AND c.table_name = $2$

2025/02/13 14:38:35 /home/bryan/repos/skripsi/backend/setup/setup.go:78
[0.955ms] [rows:-] SELECT a.attname as column_name, format_type(a.atttypid, a.atttypmod) AS data_type
		FROM pg_attribute a JOIN pg_class b ON a.attrelid = b.oid AND relnamespace = (SELECT oid FROM pg_catalog.pg_namespace WHERE nspname = CURRENT_SCHEMA())
		WHERE a.attnum > 0 -- hide internal columns
		AND NOT a.attisdropped -- hide deleted columns
		AND b.relname = $1$

2025/02/13 14:38:35 /home/bryan/repos/skripsi/backend/setup/setup.go:78
[1.490ms] [rows:0] SELECT description FROM pg_catalog.pg_description WHERE objsubid = (SELECT ordinal_position FROM information_schema.columns WHERE table_schema = CURRENT_SCHEMA() AND table_name = 'species' AND column_name = 'id') AND objoid = (SELECT oid FROM pg_catalog.pg_class WHERE relname = 'species' AND relnamespace = (SELECT oid FROM pg_catalog.pg_namespace WHERE nspname = CURRENT_SCHEMA()))

2025/02/13 14:38:35 /home/bryan/repos/skripsi/backend/setup/setup.go:78
[1.646ms] [rows:0] SELECT description FROM pg_catalog.pg_description WHERE objsubid = (SELECT ordinal_position FROM information_schema.columns WHERE table_schema = CURRENT_SCHEMA() AND table_name = 'species' AND column_name = 'name') AND objoid = (SELECT oid FROM pg_catalog.pg_class WHERE relname = 'species' AND relnamespace = (SELECT oid FROM pg_catalog.pg_namespace WHERE nspname = CURRENT_SCHEMA()))

2025/02/13 14:38:35 /home/bryan/repos/skripsi/backend/setup/setup.go:78
[1.075ms] [rows:1] SELECT count(*) FROM information_schema.tables WHERE table_schema = CURRENT_SCHEMA() AND table_name = 'pets' AND table_type = 'BASE TABLE'

2025/02/13 14:38:35 /home/bryan/repos/skripsi/backend/setup/setup.go:78
[0.855ms] [rows:1] SELECT CURRENT_DATABASE()

2025/02/13 14:38:35 /home/bryan/repos/skripsi/backend/setup/setup.go:78
[3.705ms] [rows:-] SELECT c.column_name, c.is_nullable = 'YES', c.udt_name, c.character_maximum_length, c.numeric_precision, c.numeric_precision_radix, c.numeric_scale, c.datetime_precision, 8 * typlen, c.column_default, pd.description, c.identity_increment FROM information_schema.columns AS c JOIN pg_type AS pgt ON c.udt_name = pgt.typname LEFT JOIN pg_catalog.pg_description as pd ON pd.objsubid = c.ordinal_position AND pd.objoid = (SELECT oid FROM pg_catalog.pg_class WHERE relname = c.table_name AND relnamespace = (SELECT oid FROM pg_catalog.pg_namespace WHERE nspname = c.table_schema)) where table_catalog = $1$ AND table_schema = CURRENT_SCHEMA() AND table_name = $2$

2025/02/13 14:38:35 /home/bryan/repos/skripsi/backend/setup/setup.go:78
[0.937ms] [rows:-] SELECT * FROM "pets" LIMIT $1$

2025/02/13 14:38:35 /home/bryan/repos/skripsi/backend/setup/setup.go:78
[3.267ms] [rows:-] SELECT constraint_name FROM information_schema.table_constraints tc JOIN information_schema.constraint_column_usage AS ccu USING (constraint_schema, constraint_catalog, table_name, constraint_name) JOIN information_schema.columns AS c ON c.table_schema = tc.constraint_schema AND tc.table_name = c.table_name AND ccu.column_name = c.column_name WHERE constraint_type IN ('PRIMARY KEY', 'UNIQUE') AND c.table_catalog = $1$ AND c.table_schema = CURRENT_SCHEMA() AND c.table_name = $2$ AND constraint_type = $3$

2025/02/13 14:38:35 /home/bryan/repos/skripsi/backend/setup/setup.go:78
[3.234ms] [rows:-] SELECT c.column_name, constraint_name, constraint_type FROM information_schema.table_constraints tc JOIN information_schema.constraint_column_usage AS ccu USING (constraint_schema, constraint_catalog, table_name, constraint_name) JOIN information_schema.columns AS c ON c.table_schema = tc.constraint_schema AND tc.table_name = c.table_name AND ccu.column_name = c.column_name WHERE constraint_type IN ('PRIMARY KEY', 'UNIQUE') AND c.table_catalog = $1$ AND c.table_schema = CURRENT_SCHEMA() AND c.table_name = $2$

2025/02/13 14:38:35 /home/bryan/repos/skripsi/backend/setup/setup.go:78
[0.990ms] [rows:-] SELECT a.attname as column_name, format_type(a.atttypid, a.atttypmod) AS data_type
		FROM pg_attribute a JOIN pg_class b ON a.attrelid = b.oid AND relnamespace = (SELECT oid FROM pg_catalog.pg_namespace WHERE nspname = CURRENT_SCHEMA())
		WHERE a.attnum > 0 -- hide internal columns
		AND NOT a.attisdropped -- hide deleted columns
		AND b.relname = $1$

2025/02/13 14:38:35 /home/bryan/repos/skripsi/backend/setup/setup.go:78
[1.566ms] [rows:0] SELECT description FROM pg_catalog.pg_description WHERE objsubid = (SELECT ordinal_position FROM information_schema.columns WHERE table_schema = CURRENT_SCHEMA() AND table_name = 'pets' AND column_name = 'id') AND objoid = (SELECT oid FROM pg_catalog.pg_class WHERE relname = 'pets' AND relnamespace = (SELECT oid FROM pg_catalog.pg_namespace WHERE nspname = CURRENT_SCHEMA()))

2025/02/13 14:38:35 /home/bryan/repos/skripsi/backend/setup/setup.go:78
[1.522ms] [rows:0] SELECT description FROM pg_catalog.pg_description WHERE objsubid = (SELECT ordinal_position FROM information_schema.columns WHERE table_schema = CURRENT_SCHEMA() AND table_name = 'pets' AND column_name = 'created_at') AND objoid = (SELECT oid FROM pg_catalog.pg_class WHERE relname = 'pets' AND relnamespace = (SELECT oid FROM pg_catalog.pg_namespace WHERE nspname = CURRENT_SCHEMA()))

2025/02/13 14:38:35 /home/bryan/repos/skripsi/backend/setup/setup.go:78
[1.453ms] [rows:0] SELECT description FROM pg_catalog.pg_description WHERE objsubid = (SELECT ordinal_position FROM information_schema.columns WHERE table_schema = CURRENT_SCHEMA() AND table_name = 'pets' AND column_name = 'updated_at') AND objoid = (SELECT oid FROM pg_catalog.pg_class WHERE relname = 'pets' AND relnamespace = (SELECT oid FROM pg_catalog.pg_namespace WHERE nspname = CURRENT_SCHEMA()))

2025/02/13 14:38:35 /home/bryan/repos/skripsi/backend/setup/setup.go:78
[1.523ms] [rows:0] SELECT description FROM pg_catalog.pg_description WHERE objsubid = (SELECT ordinal_position FROM information_schema.columns WHERE table_schema = CURRENT_SCHEMA() AND table_name = 'pets' AND column_name = 'deleted_at') AND objoid = (SELECT oid FROM pg_catalog.pg_class WHERE relname = 'pets' AND relnamespace = (SELECT oid FROM pg_catalog.pg_namespace WHERE nspname = CURRENT_SCHEMA()))

2025/02/13 14:38:35 /home/bryan/repos/skripsi/backend/setup/setup.go:78
[1.506ms] [rows:0] SELECT description FROM pg_catalog.pg_description WHERE objsubid = (SELECT ordinal_position FROM information_schema.columns WHERE table_schema = CURRENT_SCHEMA() AND table_name = 'pets' AND column_name = 'name') AND objoid = (SELECT oid FROM pg_catalog.pg_class WHERE relname = 'pets' AND relnamespace = (SELECT oid FROM pg_catalog.pg_namespace WHERE nspname = CURRENT_SCHEMA()))

2025/02/13 14:38:35 /home/bryan/repos/skripsi/backend/setup/setup.go:78
[1.518ms] [rows:0] SELECT description FROM pg_catalog.pg_description WHERE objsubid = (SELECT ordinal_position FROM information_schema.columns WHERE table_schema = CURRENT_SCHEMA() AND table_name = 'pets' AND column_name = 'image_url') AND objoid = (SELECT oid FROM pg_catalog.pg_class WHERE relname = 'pets' AND relnamespace = (SELECT oid FROM pg_catalog.pg_namespace WHERE nspname = CURRENT_SCHEMA()))

2025/02/13 14:38:35 /home/bryan/repos/skripsi/backend/setup/setup.go:78
[1.468ms] [rows:0] SELECT description FROM pg_catalog.pg_description WHERE objsubid = (SELECT ordinal_position FROM information_schema.columns WHERE table_schema = CURRENT_SCHEMA() AND table_name = 'pets' AND column_name = 'status') AND objoid = (SELECT oid FROM pg_catalog.pg_class WHERE relname = 'pets' AND relnamespace = (SELECT oid FROM pg_catalog.pg_namespace WHERE nspname = CURRENT_SCHEMA()))

2025/02/13 14:38:35 /home/bryan/repos/skripsi/backend/setup/setup.go:78
[1.497ms] [rows:0] SELECT description FROM pg_catalog.pg_description WHERE objsubid = (SELECT ordinal_position FROM information_schema.columns WHERE table_schema = CURRENT_SCHEMA() AND table_name = 'pets' AND column_name = 'owner_id') AND objoid = (SELECT oid FROM pg_catalog.pg_class WHERE relname = 'pets' AND relnamespace = (SELECT oid FROM pg_catalog.pg_namespace WHERE nspname = CURRENT_SCHEMA()))

2025/02/13 14:38:35 /home/bryan/repos/skripsi/backend/setup/setup.go:78
[1.549ms] [rows:0] SELECT description FROM pg_catalog.pg_description WHERE objsubid = (SELECT ordinal_position FROM information_schema.columns WHERE table_schema = CURRENT_SCHEMA() AND table_name = 'pets' AND column_name = 'species_id') AND objoid = (SELECT oid FROM pg_catalog.pg_class WHERE relname = 'pets' AND relnamespace = (SELECT oid FROM pg_catalog.pg_namespace WHERE nspname = CURRENT_SCHEMA()))

2025/02/13 14:38:35 /home/bryan/repos/skripsi/backend/setup/setup.go:78
[1.457ms] [rows:0] SELECT description FROM pg_catalog.pg_description WHERE objsubid = (SELECT ordinal_position FROM information_schema.columns WHERE table_schema = CURRENT_SCHEMA() AND table_name = 'pets' AND column_name = 'size_id') AND objoid = (SELECT oid FROM pg_catalog.pg_class WHERE relname = 'pets' AND relnamespace = (SELECT oid FROM pg_catalog.pg_namespace WHERE nspname = CURRENT_SCHEMA()))

2025/02/13 14:38:35 /home/bryan/repos/skripsi/backend/setup/setup.go:78
[1.324ms] [rows:1] SELECT count(*) FROM INFORMATION_SCHEMA.table_constraints WHERE table_schema = CURRENT_SCHEMA() AND table_name = 'pets' AND constraint_name = 'fk_pets_size_category'

2025/02/13 14:38:35 /home/bryan/repos/skripsi/backend/setup/setup.go:78
[1.170ms] [rows:1] SELECT count(*) FROM INFORMATION_SCHEMA.table_constraints WHERE table_schema = CURRENT_SCHEMA() AND table_name = 'pets' AND constraint_name = 'fk_users_pets'

2025/02/13 14:38:35 /home/bryan/repos/skripsi/backend/setup/setup.go:78
[1.240ms] [rows:1] SELECT count(*) FROM INFORMATION_SCHEMA.table_constraints WHERE table_schema = CURRENT_SCHEMA() AND table_name = 'pets' AND constraint_name = 'fk_pets_species'

2025/02/13 14:38:35 /home/bryan/repos/skripsi/backend/setup/setup.go:78
[2.674ms] [rows:1] SELECT count(*) FROM pg_indexes WHERE tablename = 'pets' AND indexname = 'idx_pets_deleted_at' AND schemaname = CURRENT_SCHEMA()

2025/02/13 14:38:35 /home/bryan/repos/skripsi/backend/setup/setup.go:78
[0.953ms] [rows:1] SELECT count(*) FROM information_schema.tables WHERE table_schema = CURRENT_SCHEMA() AND table_name = 'slots' AND table_type = 'BASE TABLE'

2025/02/13 14:38:35 /home/bryan/repos/skripsi/backend/setup/setup.go:78
[0.695ms] [rows:1] SELECT CURRENT_DATABASE()

2025/02/13 14:38:35 /home/bryan/repos/skripsi/backend/setup/setup.go:78
[3.357ms] [rows:-] SELECT c.column_name, c.is_nullable = 'YES', c.udt_name, c.character_maximum_length, c.numeric_precision, c.numeric_precision_radix, c.numeric_scale, c.datetime_precision, 8 * typlen, c.column_default, pd.description, c.identity_increment FROM information_schema.columns AS c JOIN pg_type AS pgt ON c.udt_name = pgt.typname LEFT JOIN pg_catalog.pg_description as pd ON pd.objsubid = c.ordinal_position AND pd.objoid = (SELECT oid FROM pg_catalog.pg_class WHERE relname = c.table_name AND relnamespace = (SELECT oid FROM pg_catalog.pg_namespace WHERE nspname = c.table_schema)) where table_catalog = $1$ AND table_schema = CURRENT_SCHEMA() AND table_name = $2$

2025/02/13 14:38:35 /home/bryan/repos/skripsi/backend/setup/setup.go:78
[0.993ms] [rows:-] SELECT * FROM "slots" LIMIT $1$

2025/02/13 14:38:35 /home/bryan/repos/skripsi/backend/setup/setup.go:78
[2.956ms] [rows:-] SELECT constraint_name FROM information_schema.table_constraints tc JOIN information_schema.constraint_column_usage AS ccu USING (constraint_schema, constraint_catalog, table_name, constraint_name) JOIN information_schema.columns AS c ON c.table_schema = tc.constraint_schema AND tc.table_name = c.table_name AND ccu.column_name = c.column_name WHERE constraint_type IN ('PRIMARY KEY', 'UNIQUE') AND c.table_catalog = $1$ AND c.table_schema = CURRENT_SCHEMA() AND c.table_name = $2$ AND constraint_type = $3$

2025/02/13 14:38:35 /home/bryan/repos/skripsi/backend/setup/setup.go:78
[3.125ms] [rows:-] SELECT c.column_name, constraint_name, constraint_type FROM information_schema.table_constraints tc JOIN information_schema.constraint_column_usage AS ccu USING (constraint_schema, constraint_catalog, table_name, constraint_name) JOIN information_schema.columns AS c ON c.table_schema = tc.constraint_schema AND tc.table_name = c.table_name AND ccu.column_name = c.column_name WHERE constraint_type IN ('PRIMARY KEY', 'UNIQUE') AND c.table_catalog = $1$ AND c.table_schema = CURRENT_SCHEMA() AND c.table_name = $2$

2025/02/13 14:38:35 /home/bryan/repos/skripsi/backend/setup/setup.go:78
[1.040ms] [rows:-] SELECT a.attname as column_name, format_type(a.atttypid, a.atttypmod) AS data_type
		FROM pg_attribute a JOIN pg_class b ON a.attrelid = b.oid AND relnamespace = (SELECT oid FROM pg_catalog.pg_namespace WHERE nspname = CURRENT_SCHEMA())
		WHERE a.attnum > 0 -- hide internal columns
		AND NOT a.attisdropped -- hide deleted columns
		AND b.relname = $1$

2025/02/13 14:38:35 /home/bryan/repos/skripsi/backend/setup/setup.go:78
[1.531ms] [rows:0] SELECT description FROM pg_catalog.pg_description WHERE objsubid = (SELECT ordinal_position FROM information_schema.columns WHERE table_schema = CURRENT_SCHEMA() AND table_name = 'slots' AND column_name = 'id') AND objoid = (SELECT oid FROM pg_catalog.pg_class WHERE relname = 'slots' AND relnamespace = (SELECT oid FROM pg_catalog.pg_namespace WHERE nspname = CURRENT_SCHEMA()))

2025/02/13 14:38:35 /home/bryan/repos/skripsi/backend/setup/setup.go:78
[1.616ms] [rows:0] SELECT description FROM pg_catalog.pg_description WHERE objsubid = (SELECT ordinal_position FROM information_schema.columns WHERE table_schema = CURRENT_SCHEMA() AND table_name = 'slots' AND column_name = 'created_at') AND objoid = (SELECT oid FROM pg_catalog.pg_class WHERE relname = 'slots' AND relnamespace = (SELECT oid FROM pg_catalog.pg_namespace WHERE nspname = CURRENT_SCHEMA()))

2025/02/13 14:38:35 /home/bryan/repos/skripsi/backend/setup/setup.go:78
[1.559ms] [rows:0] SELECT description FROM pg_catalog.pg_description WHERE objsubid = (SELECT ordinal_position FROM information_schema.columns WHERE table_schema = CURRENT_SCHEMA() AND table_name = 'slots' AND column_name = 'updated_at') AND objoid = (SELECT oid FROM pg_catalog.pg_class WHERE relname = 'slots' AND relnamespace = (SELECT oid FROM pg_catalog.pg_namespace WHERE nspname = CURRENT_SCHEMA()))

2025/02/13 14:38:35 /home/bryan/repos/skripsi/backend/setup/setup.go:78
[1.558ms] [rows:0] SELECT description FROM pg_catalog.pg_description WHERE objsubid = (SELECT ordinal_position FROM information_schema.columns WHERE table_schema = CURRENT_SCHEMA() AND table_name = 'slots' AND column_name = 'deleted_at') AND objoid = (SELECT oid FROM pg_catalog.pg_class WHERE relname = 'slots' AND relnamespace = (SELECT oid FROM pg_catalog.pg_namespace WHERE nspname = CURRENT_SCHEMA()))

2025/02/13 14:38:35 /home/bryan/repos/skripsi/backend/setup/setup.go:78
[1.478ms] [rows:0] SELECT description FROM pg_catalog.pg_description WHERE objsubid = (SELECT ordinal_position FROM information_schema.columns WHERE table_schema = CURRENT_SCHEMA() AND table_name = 'slots' AND column_name = 'daycare_id') AND objoid = (SELECT oid FROM pg_catalog.pg_class WHERE relname = 'slots' AND relnamespace = (SELECT oid FROM pg_catalog.pg_namespace WHERE nspname = CURRENT_SCHEMA()))

2025/02/13 14:38:35 /home/bryan/repos/skripsi/backend/setup/setup.go:78
[1.407ms] [rows:0] SELECT description FROM pg_catalog.pg_description WHERE objsubid = (SELECT ordinal_position FROM information_schema.columns WHERE table_schema = CURRENT_SCHEMA() AND table_name = 'slots' AND column_name = 'species_id') AND objoid = (SELECT oid FROM pg_catalog.pg_class WHERE relname = 'slots' AND relnamespace = (SELECT oid FROM pg_catalog.pg_namespace WHERE nspname = CURRENT_SCHEMA()))

2025/02/13 14:38:35 /home/bryan/repos/skripsi/backend/setup/setup.go:78
[1.463ms] [rows:0] SELECT description FROM pg_catalog.pg_description WHERE objsubid = (SELECT ordinal_position FROM information_schema.columns WHERE table_schema = CURRENT_SCHEMA() AND table_name = 'slots' AND column_name = 'size_category_id') AND objoid = (SELECT oid FROM pg_catalog.pg_class WHERE relname = 'slots' AND relnamespace = (SELECT oid FROM pg_catalog.pg_namespace WHERE nspname = CURRENT_SCHEMA()))

2025/02/13 14:38:35 /home/bryan/repos/skripsi/backend/setup/setup.go:78
[1.502ms] [rows:0] SELECT description FROM pg_catalog.pg_description WHERE objsubid = (SELECT ordinal_position FROM information_schema.columns WHERE table_schema = CURRENT_SCHEMA() AND table_name = 'slots' AND column_name = 'max_number') AND objoid = (SELECT oid FROM pg_catalog.pg_class WHERE relname = 'slots' AND relnamespace = (SELECT oid FROM pg_catalog.pg_namespace WHERE nspname = CURRENT_SCHEMA()))

2025/02/13 14:38:35 /home/bryan/repos/skripsi/backend/setup/setup.go:78
[1.366ms] [rows:1] SELECT count(*) FROM INFORMATION_SCHEMA.table_constraints WHERE table_schema = CURRENT_SCHEMA() AND table_name = 'slots' AND constraint_name = 'fk_pet_daycares_slots'

2025/02/13 14:38:35 /home/bryan/repos/skripsi/backend/setup/setup.go:78
[2.766ms] [rows:1] SELECT count(*) FROM pg_indexes WHERE tablename = 'slots' AND indexname = 'idx_slots_deleted_at' AND schemaname = CURRENT_SCHEMA()

2025/02/13 14:38:35 /home/bryan/repos/skripsi/backend/setup/setup.go:78
[1.049ms] [rows:1] SELECT count(*) FROM information_schema.tables WHERE table_schema = CURRENT_SCHEMA() AND table_name = 'booked_slots' AND table_type = 'BASE TABLE'

2025/02/13 14:38:35 /home/bryan/repos/skripsi/backend/setup/setup.go:78
[0.770ms] [rows:1] SELECT CURRENT_DATABASE()

2025/02/13 14:38:35 /home/bryan/repos/skripsi/backend/setup/setup.go:78
[3.590ms] [rows:-] SELECT c.column_name, c.is_nullable = 'YES', c.udt_name, c.character_maximum_length, c.numeric_precision, c.numeric_precision_radix, c.numeric_scale, c.datetime_precision, 8 * typlen, c.column_default, pd.description, c.identity_increment FROM information_schema.columns AS c JOIN pg_type AS pgt ON c.udt_name = pgt.typname LEFT JOIN pg_catalog.pg_description as pd ON pd.objsubid = c.ordinal_position AND pd.objoid = (SELECT oid FROM pg_catalog.pg_class WHERE relname = c.table_name AND relnamespace = (SELECT oid FROM pg_catalog.pg_namespace WHERE nspname = c.table_schema)) where table_catalog = $1$ AND table_schema = CURRENT_SCHEMA() AND table_name = $2$

2025/02/13 14:38:35 /home/bryan/repos/skripsi/backend/setup/setup.go:78
[0.932ms] [rows:-] SELECT * FROM "booked_slots" LIMIT $1$

2025/02/13 14:38:35 /home/bryan/repos/skripsi/backend/setup/setup.go:78
[3.350ms] [rows:-] SELECT constraint_name FROM information_schema.table_constraints tc JOIN information_schema.constraint_column_usage AS ccu USING (constraint_schema, constraint_catalog, table_name, constraint_name) JOIN information_schema.columns AS c ON c.table_schema = tc.constraint_schema AND tc.table_name = c.table_name AND ccu.column_name = c.column_name WHERE constraint_type IN ('PRIMARY KEY', 'UNIQUE') AND c.table_catalog = $1$ AND c.table_schema = CURRENT_SCHEMA() AND c.table_name = $2$ AND constraint_type = $3$

2025/02/13 14:38:35 /home/bryan/repos/skripsi/backend/setup/setup.go:78
[3.341ms] [rows:-] SELECT c.column_name, constraint_name, constraint_type FROM information_schema.table_constraints tc JOIN information_schema.constraint_column_usage AS ccu USING (constraint_schema, constraint_catalog, table_name, constraint_name) JOIN information_schema.columns AS c ON c.table_schema = tc.constraint_schema AND tc.table_name = c.table_name AND ccu.column_name = c.column_name WHERE constraint_type IN ('PRIMARY KEY', 'UNIQUE') AND c.table_catalog = $1$ AND c.table_schema = CURRENT_SCHEMA() AND c.table_name = $2$

2025/02/13 14:38:35 /home/bryan/repos/skripsi/backend/setup/setup.go:78
[1.230ms] [rows:-] SELECT a.attname as column_name, format_type(a.atttypid, a.atttypmod) AS data_type
		FROM pg_attribute a JOIN pg_class b ON a.attrelid = b.oid AND relnamespace = (SELECT oid FROM pg_catalog.pg_namespace WHERE nspname = CURRENT_SCHEMA())
		WHERE a.attnum > 0 -- hide internal columns
		AND NOT a.attisdropped -- hide deleted columns
		AND b.relname = $1$

2025/02/13 14:38:35 /home/bryan/repos/skripsi/backend/setup/setup.go:78
[1.862ms] [rows:0] SELECT description FROM pg_catalog.pg_description WHERE objsubid = (SELECT ordinal_position FROM information_schema.columns WHERE table_schema = CURRENT_SCHEMA() AND table_name = 'booked_slots' AND column_name = 'id') AND objoid = (SELECT oid FROM pg_catalog.pg_class WHERE relname = 'booked_slots' AND relnamespace = (SELECT oid FROM pg_catalog.pg_namespace WHERE nspname = CURRENT_SCHEMA()))

2025/02/13 14:38:35 /home/bryan/repos/skripsi/backend/setup/setup.go:78
[1.782ms] [rows:0] SELECT description FROM pg_catalog.pg_description WHERE objsubid = (SELECT ordinal_position FROM information_schema.columns WHERE table_schema = CURRENT_SCHEMA() AND table_name = 'booked_slots' AND column_name = 'created_at') AND objoid = (SELECT oid FROM pg_catalog.pg_class WHERE relname = 'booked_slots' AND relnamespace = (SELECT oid FROM pg_catalog.pg_namespace WHERE nspname = CURRENT_SCHEMA()))

2025/02/13 14:38:35 /home/bryan/repos/skripsi/backend/setup/setup.go:78
[1.611ms] [rows:0] SELECT description FROM pg_catalog.pg_description WHERE objsubid = (SELECT ordinal_position FROM information_schema.columns WHERE table_schema = CURRENT_SCHEMA() AND table_name = 'booked_slots' AND column_name = 'updated_at') AND objoid = (SELECT oid FROM pg_catalog.pg_class WHERE relname = 'booked_slots' AND relnamespace = (SELECT oid FROM pg_catalog.pg_namespace WHERE nspname = CURRENT_SCHEMA()))

2025/02/13 14:38:35 /home/bryan/repos/skripsi/backend/setup/setup.go:78
[1.991ms] [rows:0] SELECT description FROM pg_catalog.pg_description WHERE objsubid = (SELECT ordinal_position FROM information_schema.columns WHERE table_schema = CURRENT_SCHEMA() AND table_name = 'booked_slots' AND column_name = 'deleted_at') AND objoid = (SELECT oid FROM pg_catalog.pg_class WHERE relname = 'booked_slots' AND relnamespace = (SELECT oid FROM pg_catalog.pg_namespace WHERE nspname = CURRENT_SCHEMA()))

2025/02/13 14:38:35 /home/bryan/repos/skripsi/backend/setup/setup.go:78
[2.372ms] [rows:0] SELECT description FROM pg_catalog.pg_description WHERE objsubid = (SELECT ordinal_position FROM information_schema.columns WHERE table_schema = CURRENT_SCHEMA() AND table_name = 'booked_slots' AND column_name = 'user_id') AND objoid = (SELECT oid FROM pg_catalog.pg_class WHERE relname = 'booked_slots' AND relnamespace = (SELECT oid FROM pg_catalog.pg_namespace WHERE nspname = CURRENT_SCHEMA()))

2025/02/13 14:38:35 /home/bryan/repos/skripsi/backend/setup/setup.go:78
[2.710ms] [rows:0] SELECT description FROM pg_catalog.pg_description WHERE objsubid = (SELECT ordinal_position FROM information_schema.columns WHERE table_schema = CURRENT_SCHEMA() AND table_name = 'booked_slots' AND column_name = 'daycare_id') AND objoid = (SELECT oid FROM pg_catalog.pg_class WHERE relname = 'booked_slots' AND relnamespace = (SELECT oid FROM pg_catalog.pg_namespace WHERE nspname = CURRENT_SCHEMA()))

2025/02/13 14:38:35 /home/bryan/repos/skripsi/backend/setup/setup.go:78
[2.679ms] [rows:0] SELECT description FROM pg_catalog.pg_description WHERE objsubid = (SELECT ordinal_position FROM information_schema.columns WHERE table_schema = CURRENT_SCHEMA() AND table_name = 'booked_slots' AND column_name = 'pet_id') AND objoid = (SELECT oid FROM pg_catalog.pg_class WHERE relname = 'booked_slots' AND relnamespace = (SELECT oid FROM pg_catalog.pg_namespace WHERE nspname = CURRENT_SCHEMA()))

2025/02/13 14:38:35 /home/bryan/repos/skripsi/backend/setup/setup.go:78
[2.752ms] [rows:0] SELECT description FROM pg_catalog.pg_description WHERE objsubid = (SELECT ordinal_position FROM information_schema.columns WHERE table_schema = CURRENT_SCHEMA() AND table_name = 'booked_slots' AND column_name = 'start_date') AND objoid = (SELECT oid FROM pg_catalog.pg_class WHERE relname = 'booked_slots' AND relnamespace = (SELECT oid FROM pg_catalog.pg_namespace WHERE nspname = CURRENT_SCHEMA()))

2025/02/13 14:38:35 /home/bryan/repos/skripsi/backend/setup/setup.go:78
[2.864ms] [rows:0] SELECT description FROM pg_catalog.pg_description WHERE objsubid = (SELECT ordinal_position FROM information_schema.columns WHERE table_schema = CURRENT_SCHEMA() AND table_name = 'booked_slots' AND column_name = 'end_date') AND objoid = (SELECT oid FROM pg_catalog.pg_class WHERE relname = 'booked_slots' AND relnamespace = (SELECT oid FROM pg_catalog.pg_namespace WHERE nspname = CURRENT_SCHEMA()))

2025/02/13 14:38:35 /home/bryan/repos/skripsi/backend/setup/setup.go:78
[2.761ms] [rows:1] SELECT count(*) FROM INFORMATION_SCHEMA.table_constraints WHERE table_schema = CURRENT_SCHEMA() AND table_name = 'booked_slots' AND constraint_name = 'fk_booked_slots_user'

2025/02/13 14:38:35 /home/bryan/repos/skripsi/backend/setup/setup.go:78
[2.878ms] [rows:1] SELECT count(*) FROM INFORMATION_SCHEMA.table_constraints WHERE table_schema = CURRENT_SCHEMA() AND table_name = 'booked_slots' AND constraint_name = 'fk_pets_booked_slots'

2025/02/13 14:38:35 /home/bryan/repos/skripsi/backend/setup/setup.go:78
[2.636ms] [rows:1] SELECT count(*) FROM INFORMATION_SCHEMA.table_constraints WHERE table_schema = CURRENT_SCHEMA() AND table_name = 'booked_slots' AND constraint_name = 'fk_pet_daycares_booked_slots'

2025/02/13 14:38:35 /home/bryan/repos/skripsi/backend/setup/setup.go:78
[5.514ms] [rows:1] SELECT count(*) FROM pg_indexes WHERE tablename = 'booked_slots' AND indexname = 'idx_booked_slots_deleted_at' AND schemaname = CURRENT_SCHEMA()

2025/02/13 14:38:35 /home/bryan/repos/skripsi/backend/setup/setup.go:78
[2.551ms] [rows:1] SELECT count(*) FROM information_schema.tables WHERE table_schema = CURRENT_SCHEMA() AND table_name = 'thumbnails' AND table_type = 'BASE TABLE'

2025/02/13 14:38:35 /home/bryan/repos/skripsi/backend/setup/setup.go:78
[1.779ms] [rows:1] SELECT CURRENT_DATABASE()

2025/02/13 14:38:35 /home/bryan/repos/skripsi/backend/setup/setup.go:78
[7.062ms] [rows:-] SELECT c.column_name, c.is_nullable = 'YES', c.udt_name, c.character_maximum_length, c.numeric_precision, c.numeric_precision_radix, c.numeric_scale, c.datetime_precision, 8 * typlen, c.column_default, pd.description, c.identity_increment FROM information_schema.columns AS c JOIN pg_type AS pgt ON c.udt_name = pgt.typname LEFT JOIN pg_catalog.pg_description as pd ON pd.objsubid = c.ordinal_position AND pd.objoid = (SELECT oid FROM pg_catalog.pg_class WHERE relname = c.table_name AND relnamespace = (SELECT oid FROM pg_catalog.pg_namespace WHERE nspname = c.table_schema)) where table_catalog = $1$ AND table_schema = CURRENT_SCHEMA() AND table_name = $2$

2025/02/13 14:38:35 /home/bryan/repos/skripsi/backend/setup/setup.go:78
[2.812ms] [rows:-] SELECT * FROM "thumbnails" LIMIT $1$

2025/02/13 14:38:35 /home/bryan/repos/skripsi/backend/setup/setup.go:78
[5.984ms] [rows:-] SELECT constraint_name FROM information_schema.table_constraints tc JOIN information_schema.constraint_column_usage AS ccu USING (constraint_schema, constraint_catalog, table_name, constraint_name) JOIN information_schema.columns AS c ON c.table_schema = tc.constraint_schema AND tc.table_name = c.table_name AND ccu.column_name = c.column_name WHERE constraint_type IN ('PRIMARY KEY', 'UNIQUE') AND c.table_catalog = $1$ AND c.table_schema = CURRENT_SCHEMA() AND c.table_name = $2$ AND constraint_type = $3$

2025/02/13 14:38:35 /home/bryan/repos/skripsi/backend/setup/setup.go:78
[5.485ms] [rows:-] SELECT c.column_name, constraint_name, constraint_type FROM information_schema.table_constraints tc JOIN information_schema.constraint_column_usage AS ccu USING (constraint_schema, constraint_catalog, table_name, constraint_name) JOIN information_schema.columns AS c ON c.table_schema = tc.constraint_schema AND tc.table_name = c.table_name AND ccu.column_name = c.column_name WHERE constraint_type IN ('PRIMARY KEY', 'UNIQUE') AND c.table_catalog = $1$ AND c.table_schema = CURRENT_SCHEMA() AND c.table_name = $2$

2025/02/13 14:38:35 /home/bryan/repos/skripsi/backend/setup/setup.go:78
[2.260ms] [rows:-] SELECT a.attname as column_name, format_type(a.atttypid, a.atttypmod) AS data_type
		FROM pg_attribute a JOIN pg_class b ON a.attrelid = b.oid AND relnamespace = (SELECT oid FROM pg_catalog.pg_namespace WHERE nspname = CURRENT_SCHEMA())
		WHERE a.attnum > 0 -- hide internal columns
		AND NOT a.attisdropped -- hide deleted columns
		AND b.relname = $1$

2025/02/13 14:38:35 /home/bryan/repos/skripsi/backend/setup/setup.go:78
[3.469ms] [rows:0] SELECT description FROM pg_catalog.pg_description WHERE objsubid = (SELECT ordinal_position FROM information_schema.columns WHERE table_schema = CURRENT_SCHEMA() AND table_name = 'thumbnails' AND column_name = 'id') AND objoid = (SELECT oid FROM pg_catalog.pg_class WHERE relname = 'thumbnails' AND relnamespace = (SELECT oid FROM pg_catalog.pg_namespace WHERE nspname = CURRENT_SCHEMA()))

2025/02/13 14:38:35 /home/bryan/repos/skripsi/backend/setup/setup.go:78
[3.388ms] [rows:0] SELECT description FROM pg_catalog.pg_description WHERE objsubid = (SELECT ordinal_position FROM information_schema.columns WHERE table_schema = CURRENT_SCHEMA() AND table_name = 'thumbnails' AND column_name = 'daycare_id') AND objoid = (SELECT oid FROM pg_catalog.pg_class WHERE relname = 'thumbnails' AND relnamespace = (SELECT oid FROM pg_catalog.pg_namespace WHERE nspname = CURRENT_SCHEMA()))

2025/02/13 14:38:35 /home/bryan/repos/skripsi/backend/setup/setup.go:78
[3.406ms] [rows:0] SELECT description FROM pg_catalog.pg_description WHERE objsubid = (SELECT ordinal_position FROM information_schema.columns WHERE table_schema = CURRENT_SCHEMA() AND table_name = 'thumbnails' AND column_name = 'image_url') AND objoid = (SELECT oid FROM pg_catalog.pg_class WHERE relname = 'thumbnails' AND relnamespace = (SELECT oid FROM pg_catalog.pg_namespace WHERE nspname = CURRENT_SCHEMA()))

2025/02/13 14:38:35 /home/bryan/repos/skripsi/backend/setup/setup.go:78
[2.953ms] [rows:1] SELECT count(*) FROM INFORMATION_SCHEMA.table_constraints WHERE table_schema = CURRENT_SCHEMA() AND table_name = 'thumbnails' AND constraint_name = 'fk_pet_daycares_thumbnails'

2025/02/13 14:38:35 /home/bryan/repos/skripsi/backend/setup/setup.go:78
[2.503ms] [rows:1] SELECT count(*) FROM information_schema.tables WHERE table_schema = CURRENT_SCHEMA() AND table_name = 'reviews' AND table_type = 'BASE TABLE'

2025/02/13 14:38:35 /home/bryan/repos/skripsi/backend/setup/setup.go:78
[2.003ms] [rows:1] SELECT CURRENT_DATABASE()

2025/02/13 14:38:35 /home/bryan/repos/skripsi/backend/setup/setup.go:78
[8.081ms] [rows:-] SELECT c.column_name, c.is_nullable = 'YES', c.udt_name, c.character_maximum_length, c.numeric_precision, c.numeric_precision_radix, c.numeric_scale, c.datetime_precision, 8 * typlen, c.column_default, pd.description, c.identity_increment FROM information_schema.columns AS c JOIN pg_type AS pgt ON c.udt_name = pgt.typname LEFT JOIN pg_catalog.pg_description as pd ON pd.objsubid = c.ordinal_position AND pd.objoid = (SELECT oid FROM pg_catalog.pg_class WHERE relname = c.table_name AND relnamespace = (SELECT oid FROM pg_catalog.pg_namespace WHERE nspname = c.table_schema)) where table_catalog = $1$ AND table_schema = CURRENT_SCHEMA() AND table_name = $2$

2025/02/13 14:38:35 /home/bryan/repos/skripsi/backend/setup/setup.go:78
[2.366ms] [rows:-] SELECT * FROM "reviews" LIMIT $1$

2025/02/13 14:38:35 /home/bryan/repos/skripsi/backend/setup/setup.go:78
[7.180ms] [rows:-] SELECT constraint_name FROM information_schema.table_constraints tc JOIN information_schema.constraint_column_usage AS ccu USING (constraint_schema, constraint_catalog, table_name, constraint_name) JOIN information_schema.columns AS c ON c.table_schema = tc.constraint_schema AND tc.table_name = c.table_name AND ccu.column_name = c.column_name WHERE constraint_type IN ('PRIMARY KEY', 'UNIQUE') AND c.table_catalog = $1$ AND c.table_schema = CURRENT_SCHEMA() AND c.table_name = $2$ AND constraint_type = $3$

2025/02/13 14:38:35 /home/bryan/repos/skripsi/backend/setup/setup.go:78
[7.197ms] [rows:-] SELECT c.column_name, constraint_name, constraint_type FROM information_schema.table_constraints tc JOIN information_schema.constraint_column_usage AS ccu USING (constraint_schema, constraint_catalog, table_name, constraint_name) JOIN information_schema.columns AS c ON c.table_schema = tc.constraint_schema AND tc.table_name = c.table_name AND ccu.column_name = c.column_name WHERE constraint_type IN ('PRIMARY KEY', 'UNIQUE') AND c.table_catalog = $1$ AND c.table_schema = CURRENT_SCHEMA() AND c.table_name = $2$

2025/02/13 14:38:35 /home/bryan/repos/skripsi/backend/setup/setup.go:78
[2.476ms] [rows:-] SELECT a.attname as column_name, format_type(a.atttypid, a.atttypmod) AS data_type
		FROM pg_attribute a JOIN pg_class b ON a.attrelid = b.oid AND relnamespace = (SELECT oid FROM pg_catalog.pg_namespace WHERE nspname = CURRENT_SCHEMA())
		WHERE a.attnum > 0 -- hide internal columns
		AND NOT a.attisdropped -- hide deleted columns
		AND b.relname = $1$

2025/02/13 14:38:35 /home/bryan/repos/skripsi/backend/setup/setup.go:78
[3.573ms] [rows:0] SELECT description FROM pg_catalog.pg_description WHERE objsubid = (SELECT ordinal_position FROM information_schema.columns WHERE table_schema = CURRENT_SCHEMA() AND table_name = 'reviews' AND column_name = 'id') AND objoid = (SELECT oid FROM pg_catalog.pg_class WHERE relname = 'reviews' AND relnamespace = (SELECT oid FROM pg_catalog.pg_namespace WHERE nspname = CURRENT_SCHEMA()))

2025/02/13 14:38:35 /home/bryan/repos/skripsi/backend/setup/setup.go:78
[3.477ms] [rows:0] SELECT description FROM pg_catalog.pg_description WHERE objsubid = (SELECT ordinal_position FROM information_schema.columns WHERE table_schema = CURRENT_SCHEMA() AND table_name = 'reviews' AND column_name = 'created_at') AND objoid = (SELECT oid FROM pg_catalog.pg_class WHERE relname = 'reviews' AND relnamespace = (SELECT oid FROM pg_catalog.pg_namespace WHERE nspname = CURRENT_SCHEMA()))

2025/02/13 14:38:35 /home/bryan/repos/skripsi/backend/setup/setup.go:78
[3.496ms] [rows:0] SELECT description FROM pg_catalog.pg_description WHERE objsubid = (SELECT ordinal_position FROM information_schema.columns WHERE table_schema = CURRENT_SCHEMA() AND table_name = 'reviews' AND column_name = 'updated_at') AND objoid = (SELECT oid FROM pg_catalog.pg_class WHERE relname = 'reviews' AND relnamespace = (SELECT oid FROM pg_catalog.pg_namespace WHERE nspname = CURRENT_SCHEMA()))

2025/02/13 14:38:35 /home/bryan/repos/skripsi/backend/setup/setup.go:78
[3.383ms] [rows:0] SELECT description FROM pg_catalog.pg_description WHERE objsubid = (SELECT ordinal_position FROM information_schema.columns WHERE table_schema = CURRENT_SCHEMA() AND table_name = 'reviews' AND column_name = 'deleted_at') AND objoid = (SELECT oid FROM pg_catalog.pg_class WHERE relname = 'reviews' AND relnamespace = (SELECT oid FROM pg_catalog.pg_namespace WHERE nspname = CURRENT_SCHEMA()))

2025/02/13 14:38:35 /home/bryan/repos/skripsi/backend/setup/setup.go:78
[3.411ms] [rows:0] SELECT description FROM pg_catalog.pg_description WHERE objsubid = (SELECT ordinal_position FROM information_schema.columns WHERE table_schema = CURRENT_SCHEMA() AND table_name = 'reviews' AND column_name = 'daycare_id') AND objoid = (SELECT oid FROM pg_catalog.pg_class WHERE relname = 'reviews' AND relnamespace = (SELECT oid FROM pg_catalog.pg_namespace WHERE nspname = CURRENT_SCHEMA()))

2025/02/13 14:38:35 /home/bryan/repos/skripsi/backend/setup/setup.go:78
[3.541ms] [rows:0] SELECT description FROM pg_catalog.pg_description WHERE objsubid = (SELECT ordinal_position FROM information_schema.columns WHERE table_schema = CURRENT_SCHEMA() AND table_name = 'reviews' AND column_name = 'user_id') AND objoid = (SELECT oid FROM pg_catalog.pg_class WHERE relname = 'reviews' AND relnamespace = (SELECT oid FROM pg_catalog.pg_namespace WHERE nspname = CURRENT_SCHEMA()))

2025/02/13 14:38:35 /home/bryan/repos/skripsi/backend/setup/setup.go:78
[3.512ms] [rows:0] SELECT description FROM pg_catalog.pg_description WHERE objsubid = (SELECT ordinal_position FROM information_schema.columns WHERE table_schema = CURRENT_SCHEMA() AND table_name = 'reviews' AND column_name = 'name') AND objoid = (SELECT oid FROM pg_catalog.pg_class WHERE relname = 'reviews' AND relnamespace = (SELECT oid FROM pg_catalog.pg_namespace WHERE nspname = CURRENT_SCHEMA()))

2025/02/13 14:38:35 /home/bryan/repos/skripsi/backend/setup/setup.go:78
[3.625ms] [rows:0] SELECT description FROM pg_catalog.pg_description WHERE objsubid = (SELECT ordinal_position FROM information_schema.columns WHERE table_schema = CURRENT_SCHEMA() AND table_name = 'reviews' AND column_name = 'rate') AND objoid = (SELECT oid FROM pg_catalog.pg_class WHERE relname = 'reviews' AND relnamespace = (SELECT oid FROM pg_catalog.pg_namespace WHERE nspname = CURRENT_SCHEMA()))

2025/02/13 14:38:35 /home/bryan/repos/skripsi/backend/setup/setup.go:78
[3.619ms] [rows:0] SELECT description FROM pg_catalog.pg_description WHERE objsubid = (SELECT ordinal_position FROM information_schema.columns WHERE table_schema = CURRENT_SCHEMA() AND table_name = 'reviews' AND column_name = 'description') AND objoid = (SELECT oid FROM pg_catalog.pg_class WHERE relname = 'reviews' AND relnamespace = (SELECT oid FROM pg_catalog.pg_namespace WHERE nspname = CURRENT_SCHEMA()))

2025/02/13 14:38:35 /home/bryan/repos/skripsi/backend/setup/setup.go:78
[2.944ms] [rows:1] SELECT count(*) FROM INFORMATION_SCHEMA.table_constraints WHERE table_schema = CURRENT_SCHEMA() AND table_name = 'reviews' AND constraint_name = 'fk_pet_daycares_reviews'

2025/02/13 14:38:35 /home/bryan/repos/skripsi/backend/setup/setup.go:78
[2.947ms] [rows:1] SELECT count(*) FROM INFORMATION_SCHEMA.table_constraints WHERE table_schema = CURRENT_SCHEMA() AND table_name = 'reviews' AND constraint_name = 'fk_users_reviews'

2025/02/13 14:38:35 /home/bryan/repos/skripsi/backend/setup/setup.go:78
[6.297ms] [rows:1] SELECT count(*) FROM pg_indexes WHERE tablename = 'reviews' AND indexname = 'idx_reviews_deleted_at' AND schemaname = CURRENT_SCHEMA()

2025/02/13 14:38:35 /home/bryan/repos/skripsi/backend/setup/setup.go:78
[2.601ms] [rows:1] SELECT count(*) FROM information_schema.tables WHERE table_schema = CURRENT_SCHEMA() AND table_name = 'refresh_tokens' AND table_type = 'BASE TABLE'

2025/02/13 14:38:35 /home/bryan/repos/skripsi/backend/setup/setup.go:78
[2.052ms] [rows:1] SELECT CURRENT_DATABASE()

2025/02/13 14:38:35 /home/bryan/repos/skripsi/backend/setup/setup.go:78
[8.458ms] [rows:-] SELECT c.column_name, c.is_nullable = 'YES', c.udt_name, c.character_maximum_length, c.numeric_precision, c.numeric_precision_radix, c.numeric_scale, c.datetime_precision, 8 * typlen, c.column_default, pd.description, c.identity_increment FROM information_schema.columns AS c JOIN pg_type AS pgt ON c.udt_name = pgt.typname LEFT JOIN pg_catalog.pg_description as pd ON pd.objsubid = c.ordinal_position AND pd.objoid = (SELECT oid FROM pg_catalog.pg_class WHERE relname = c.table_name AND relnamespace = (SELECT oid FROM pg_catalog.pg_namespace WHERE nspname = c.table_schema)) where table_catalog = $1$ AND table_schema = CURRENT_SCHEMA() AND table_name = $2$

2025/02/13 14:38:35 /home/bryan/repos/skripsi/backend/setup/setup.go:78
[3.844ms] [rows:-] SELECT * FROM "refresh_tokens" LIMIT $1$

2025/02/13 14:38:35 /home/bryan/repos/skripsi/backend/setup/setup.go:78
[6.728ms] [rows:-] SELECT constraint_name FROM information_schema.table_constraints tc JOIN information_schema.constraint_column_usage AS ccu USING (constraint_schema, constraint_catalog, table_name, constraint_name) JOIN information_schema.columns AS c ON c.table_schema = tc.constraint_schema AND tc.table_name = c.table_name AND ccu.column_name = c.column_name WHERE constraint_type IN ('PRIMARY KEY', 'UNIQUE') AND c.table_catalog = $1$ AND c.table_schema = CURRENT_SCHEMA() AND c.table_name = $2$ AND constraint_type = $3$

2025/02/13 14:38:35 /home/bryan/repos/skripsi/backend/setup/setup.go:78
[6.542ms] [rows:-] SELECT c.column_name, constraint_name, constraint_type FROM information_schema.table_constraints tc JOIN information_schema.constraint_column_usage AS ccu USING (constraint_schema, constraint_catalog, table_name, constraint_name) JOIN information_schema.columns AS c ON c.table_schema = tc.constraint_schema AND tc.table_name = c.table_name AND ccu.column_name = c.column_name WHERE constraint_type IN ('PRIMARY KEY', 'UNIQUE') AND c.table_catalog = $1$ AND c.table_schema = CURRENT_SCHEMA() AND c.table_name = $2$

2025/02/13 14:38:35 /home/bryan/repos/skripsi/backend/setup/setup.go:78
[2.499ms] [rows:-] SELECT a.attname as column_name, format_type(a.atttypid, a.atttypmod) AS data_type
		FROM pg_attribute a JOIN pg_class b ON a.attrelid = b.oid AND relnamespace = (SELECT oid FROM pg_catalog.pg_namespace WHERE nspname = CURRENT_SCHEMA())
		WHERE a.attnum > 0 -- hide internal columns
		AND NOT a.attisdropped -- hide deleted columns
		AND b.relname = $1$

2025/02/13 14:38:35 /home/bryan/repos/skripsi/backend/setup/setup.go:78
[3.771ms] [rows:0] SELECT description FROM pg_catalog.pg_description WHERE objsubid = (SELECT ordinal_position FROM information_schema.columns WHERE table_schema = CURRENT_SCHEMA() AND table_name = 'refresh_tokens' AND column_name = 'id') AND objoid = (SELECT oid FROM pg_catalog.pg_class WHERE relname = 'refresh_tokens' AND relnamespace = (SELECT oid FROM pg_catalog.pg_namespace WHERE nspname = CURRENT_SCHEMA()))

2025/02/13 14:38:35 /home/bryan/repos/skripsi/backend/setup/setup.go:78
[3.906ms] [rows:0] SELECT description FROM pg_catalog.pg_description WHERE objsubid = (SELECT ordinal_position FROM information_schema.columns WHERE table_schema = CURRENT_SCHEMA() AND table_name = 'refresh_tokens' AND column_name = 'created_at') AND objoid = (SELECT oid FROM pg_catalog.pg_class WHERE relname = 'refresh_tokens' AND relnamespace = (SELECT oid FROM pg_catalog.pg_namespace WHERE nspname = CURRENT_SCHEMA()))

2025/02/13 14:38:35 /home/bryan/repos/skripsi/backend/setup/setup.go:78
[4.304ms] [rows:0] SELECT description FROM pg_catalog.pg_description WHERE objsubid = (SELECT ordinal_position FROM information_schema.columns WHERE table_schema = CURRENT_SCHEMA() AND table_name = 'refresh_tokens' AND column_name = 'updated_at') AND objoid = (SELECT oid FROM pg_catalog.pg_class WHERE relname = 'refresh_tokens' AND relnamespace = (SELECT oid FROM pg_catalog.pg_namespace WHERE nspname = CURRENT_SCHEMA()))

2025/02/13 14:38:35 /home/bryan/repos/skripsi/backend/setup/setup.go:78
[3.768ms] [rows:0] SELECT description FROM pg_catalog.pg_description WHERE objsubid = (SELECT ordinal_position FROM information_schema.columns WHERE table_schema = CURRENT_SCHEMA() AND table_name = 'refresh_tokens' AND column_name = 'deleted_at') AND objoid = (SELECT oid FROM pg_catalog.pg_class WHERE relname = 'refresh_tokens' AND relnamespace = (SELECT oid FROM pg_catalog.pg_namespace WHERE nspname = CURRENT_SCHEMA()))

2025/02/13 14:38:35 /home/bryan/repos/skripsi/backend/setup/setup.go:78
[3.554ms] [rows:0] SELECT description FROM pg_catalog.pg_description WHERE objsubid = (SELECT ordinal_position FROM information_schema.columns WHERE table_schema = CURRENT_SCHEMA() AND table_name = 'refresh_tokens' AND column_name = 'user_id') AND objoid = (SELECT oid FROM pg_catalog.pg_class WHERE relname = 'refresh_tokens' AND relnamespace = (SELECT oid FROM pg_catalog.pg_namespace WHERE nspname = CURRENT_SCHEMA()))

2025/02/13 14:38:35 /home/bryan/repos/skripsi/backend/setup/setup.go:78
[3.446ms] [rows:0] SELECT description FROM pg_catalog.pg_description WHERE objsubid = (SELECT ordinal_position FROM information_schema.columns WHERE table_schema = CURRENT_SCHEMA() AND table_name = 'refresh_tokens' AND column_name = 'token') AND objoid = (SELECT oid FROM pg_catalog.pg_class WHERE relname = 'refresh_tokens' AND relnamespace = (SELECT oid FROM pg_catalog.pg_namespace WHERE nspname = CURRENT_SCHEMA()))

2025/02/13 14:38:35 /home/bryan/repos/skripsi/backend/setup/setup.go:78
[3.456ms] [rows:0] SELECT description FROM pg_catalog.pg_description WHERE objsubid = (SELECT ordinal_position FROM information_schema.columns WHERE table_schema = CURRENT_SCHEMA() AND table_name = 'refresh_tokens' AND column_name = 'expires_at') AND objoid = (SELECT oid FROM pg_catalog.pg_class WHERE relname = 'refresh_tokens' AND relnamespace = (SELECT oid FROM pg_catalog.pg_namespace WHERE nspname = CURRENT_SCHEMA()))

2025/02/13 14:38:35 /home/bryan/repos/skripsi/backend/setup/setup.go:78
[2.724ms] [rows:1] SELECT count(*) FROM pg_indexes WHERE tablename = 'refresh_tokens' AND indexname = 'idx_refresh_tokens_deleted_at' AND schemaname = CURRENT_SCHEMA()

2025/02/13 14:38:35 /home/bryan/repos/skripsi/backend/setup/setup.go:78
[2.740ms] [rows:1] SELECT count(*) FROM pg_indexes WHERE tablename = 'refresh_tokens' AND indexname = 'idx_refresh_tokens_user_id' AND schemaname = CURRENT_SCHEMA()

2025/02/13 14:38:35 /home/bryan/repos/skripsi/backend/setup/setup.go:78
[2.746ms] [rows:1] SELECT count(*) FROM information_schema.tables WHERE table_schema = CURRENT_SCHEMA() AND table_name = 'transactions' AND table_type = 'BASE TABLE'

2025/02/13 14:38:35 /home/bryan/repos/skripsi/backend/setup/setup.go:78
[2.050ms] [rows:1] SELECT CURRENT_DATABASE()

2025/02/13 14:38:35 /home/bryan/repos/skripsi/backend/setup/setup.go:78
[7.509ms] [rows:-] SELECT c.column_name, c.is_nullable = 'YES', c.udt_name, c.character_maximum_length, c.numeric_precision, c.numeric_precision_radix, c.numeric_scale, c.datetime_precision, 8 * typlen, c.column_default, pd.description, c.identity_increment FROM information_schema.columns AS c JOIN pg_type AS pgt ON c.udt_name = pgt.typname LEFT JOIN pg_catalog.pg_description as pd ON pd.objsubid = c.ordinal_position AND pd.objoid = (SELECT oid FROM pg_catalog.pg_class WHERE relname = c.table_name AND relnamespace = (SELECT oid FROM pg_catalog.pg_namespace WHERE nspname = c.table_schema)) where table_catalog = $1$ AND table_schema = CURRENT_SCHEMA() AND table_name = $2$

2025/02/13 14:38:35 /home/bryan/repos/skripsi/backend/setup/setup.go:78
[2.143ms] [rows:-] SELECT * FROM "transactions" LIMIT $1$

2025/02/13 14:38:35 /home/bryan/repos/skripsi/backend/setup/setup.go:78
[6.511ms] [rows:-] SELECT constraint_name FROM information_schema.table_constraints tc JOIN information_schema.constraint_column_usage AS ccu USING (constraint_schema, constraint_catalog, table_name, constraint_name) JOIN information_schema.columns AS c ON c.table_schema = tc.constraint_schema AND tc.table_name = c.table_name AND ccu.column_name = c.column_name WHERE constraint_type IN ('PRIMARY KEY', 'UNIQUE') AND c.table_catalog = $1$ AND c.table_schema = CURRENT_SCHEMA() AND c.table_name = $2$ AND constraint_type = $3$

2025/02/13 14:38:36 /home/bryan/repos/skripsi/backend/setup/setup.go:78
[8.492ms] [rows:-] SELECT c.column_name, constraint_name, constraint_type FROM information_schema.table_constraints tc JOIN information_schema.constraint_column_usage AS ccu USING (constraint_schema, constraint_catalog, table_name, constraint_name) JOIN information_schema.columns AS c ON c.table_schema = tc.constraint_schema AND tc.table_name = c.table_name AND ccu.column_name = c.column_name WHERE constraint_type IN ('PRIMARY KEY', 'UNIQUE') AND c.table_catalog = $1$ AND c.table_schema = CURRENT_SCHEMA() AND c.table_name = $2$

2025/02/13 14:38:36 /home/bryan/repos/skripsi/backend/setup/setup.go:78
[3.037ms] [rows:-] SELECT a.attname as column_name, format_type(a.atttypid, a.atttypmod) AS data_type
		FROM pg_attribute a JOIN pg_class b ON a.attrelid = b.oid AND relnamespace = (SELECT oid FROM pg_catalog.pg_namespace WHERE nspname = CURRENT_SCHEMA())
		WHERE a.attnum > 0 -- hide internal columns
		AND NOT a.attisdropped -- hide deleted columns
		AND b.relname = $1$

2025/02/13 14:38:36 /home/bryan/repos/skripsi/backend/setup/setup.go:78
[4.034ms] [rows:0] SELECT description FROM pg_catalog.pg_description WHERE objsubid = (SELECT ordinal_position FROM information_schema.columns WHERE table_schema = CURRENT_SCHEMA() AND table_name = 'transactions' AND column_name = 'id') AND objoid = (SELECT oid FROM pg_catalog.pg_class WHERE relname = 'transactions' AND relnamespace = (SELECT oid FROM pg_catalog.pg_namespace WHERE nspname = CURRENT_SCHEMA()))

2025/02/13 14:38:36 /home/bryan/repos/skripsi/backend/setup/setup.go:78
[3.974ms] [rows:0] SELECT description FROM pg_catalog.pg_description WHERE objsubid = (SELECT ordinal_position FROM information_schema.columns WHERE table_schema = CURRENT_SCHEMA() AND table_name = 'transactions' AND column_name = 'created_at') AND objoid = (SELECT oid FROM pg_catalog.pg_class WHERE relname = 'transactions' AND relnamespace = (SELECT oid FROM pg_catalog.pg_namespace WHERE nspname = CURRENT_SCHEMA()))

2025/02/13 14:38:36 /home/bryan/repos/skripsi/backend/setup/setup.go:78
[4.049ms] [rows:0] SELECT description FROM pg_catalog.pg_description WHERE objsubid = (SELECT ordinal_position FROM information_schema.columns WHERE table_schema = CURRENT_SCHEMA() AND table_name = 'transactions' AND column_name = 'pet_daycare_id') AND objoid = (SELECT oid FROM pg_catalog.pg_class WHERE relname = 'transactions' AND relnamespace = (SELECT oid FROM pg_catalog.pg_namespace WHERE nspname = CURRENT_SCHEMA()))

2025/02/13 14:38:36 /home/bryan/repos/skripsi/backend/setup/setup.go:78
[4.248ms] [rows:0] SELECT description FROM pg_catalog.pg_description WHERE objsubid = (SELECT ordinal_position FROM information_schema.columns WHERE table_schema = CURRENT_SCHEMA() AND table_name = 'transactions' AND column_name = 'booked_slot_id') AND objoid = (SELECT oid FROM pg_catalog.pg_class WHERE relname = 'transactions' AND relnamespace = (SELECT oid FROM pg_catalog.pg_namespace WHERE nspname = CURRENT_SCHEMA()))

2025/02/13 14:38:36 /home/bryan/repos/skripsi/backend/setup/setup.go:78
[4.661ms] [rows:0] SELECT description FROM pg_catalog.pg_description WHERE objsubid = (SELECT ordinal_position FROM information_schema.columns WHERE table_schema = CURRENT_SCHEMA() AND table_name = 'transactions' AND column_name = 'status') AND objoid = (SELECT oid FROM pg_catalog.pg_class WHERE relname = 'transactions' AND relnamespace = (SELECT oid FROM pg_catalog.pg_namespace WHERE nspname = CURRENT_SCHEMA()))

2025/02/13 14:38:36 /home/bryan/repos/skripsi/backend/setup/setup.go:78
[3.605ms] [rows:1] SELECT count(*) FROM INFORMATION_SCHEMA.table_constraints WHERE table_schema = CURRENT_SCHEMA() AND table_name = 'transactions' AND constraint_name = 'fk_transactions_pet_daycare'

2025/02/13 14:38:36 /home/bryan/repos/skripsi/backend/setup/setup.go:78
[2.911ms] [rows:1] SELECT count(*) FROM INFORMATION_SCHEMA.table_constraints WHERE table_schema = CURRENT_SCHEMA() AND table_name = 'transactions' AND constraint_name = 'fk_transactions_booked_slot'

2025/02/13 14:38:36 /home/bryan/repos/skripsi/backend/setup/setup.go:78
[2.681ms] [rows:1] SELECT count(*) FROM information_schema.tables WHERE table_schema = CURRENT_SCHEMA() AND table_name = 'reduce_slots' AND table_type = 'BASE TABLE'

2025/02/13 14:38:36 /home/bryan/repos/skripsi/backend/setup/setup.go:78
[1.631ms] [rows:1] SELECT CURRENT_DATABASE()

2025/02/13 14:38:36 /home/bryan/repos/skripsi/backend/setup/setup.go:78
[7.402ms] [rows:-] SELECT c.column_name, c.is_nullable = 'YES', c.udt_name, c.character_maximum_length, c.numeric_precision, c.numeric_precision_radix, c.numeric_scale, c.datetime_precision, 8 * typlen, c.column_default, pd.description, c.identity_increment FROM information_schema.columns AS c JOIN pg_type AS pgt ON c.udt_name = pgt.typname LEFT JOIN pg_catalog.pg_description as pd ON pd.objsubid = c.ordinal_position AND pd.objoid = (SELECT oid FROM pg_catalog.pg_class WHERE relname = c.table_name AND relnamespace = (SELECT oid FROM pg_catalog.pg_namespace WHERE nspname = c.table_schema)) where table_catalog = $1$ AND table_schema = CURRENT_SCHEMA() AND table_name = $2$

2025/02/13 14:38:36 /home/bryan/repos/skripsi/backend/setup/setup.go:78
[2.819ms] [rows:-] SELECT * FROM "reduce_slots" LIMIT $1$

2025/02/13 14:38:36 /home/bryan/repos/skripsi/backend/setup/setup.go:78
[6.495ms] [rows:-] SELECT constraint_name FROM information_schema.table_constraints tc JOIN information_schema.constraint_column_usage AS ccu USING (constraint_schema, constraint_catalog, table_name, constraint_name) JOIN information_schema.columns AS c ON c.table_schema = tc.constraint_schema AND tc.table_name = c.table_name AND ccu.column_name = c.column_name WHERE constraint_type IN ('PRIMARY KEY', 'UNIQUE') AND c.table_catalog = $1$ AND c.table_schema = CURRENT_SCHEMA() AND c.table_name = $2$ AND constraint_type = $3$

2025/02/13 14:38:36 /home/bryan/repos/skripsi/backend/setup/setup.go:78
[6.038ms] [rows:-] SELECT c.column_name, constraint_name, constraint_type FROM information_schema.table_constraints tc JOIN information_schema.constraint_column_usage AS ccu USING (constraint_schema, constraint_catalog, table_name, constraint_name) JOIN information_schema.columns AS c ON c.table_schema = tc.constraint_schema AND tc.table_name = c.table_name AND ccu.column_name = c.column_name WHERE constraint_type IN ('PRIMARY KEY', 'UNIQUE') AND c.table_catalog = $1$ AND c.table_schema = CURRENT_SCHEMA() AND c.table_name = $2$

2025/02/13 14:38:36 /home/bryan/repos/skripsi/backend/setup/setup.go:78
[2.317ms] [rows:-] SELECT a.attname as column_name, format_type(a.atttypid, a.atttypmod) AS data_type
		FROM pg_attribute a JOIN pg_class b ON a.attrelid = b.oid AND relnamespace = (SELECT oid FROM pg_catalog.pg_namespace WHERE nspname = CURRENT_SCHEMA())
		WHERE a.attnum > 0 -- hide internal columns
		AND NOT a.attisdropped -- hide deleted columns
		AND b.relname = $1$

2025/02/13 14:38:36 /home/bryan/repos/skripsi/backend/setup/setup.go:78
[3.325ms] [rows:0] SELECT description FROM pg_catalog.pg_description WHERE objsubid = (SELECT ordinal_position FROM information_schema.columns WHERE table_schema = CURRENT_SCHEMA() AND table_name = 'reduce_slots' AND column_name = 'id') AND objoid = (SELECT oid FROM pg_catalog.pg_class WHERE relname = 'reduce_slots' AND relnamespace = (SELECT oid FROM pg_catalog.pg_namespace WHERE nspname = CURRENT_SCHEMA()))

2025/02/13 14:38:36 /home/bryan/repos/skripsi/backend/setup/setup.go:78
[3.386ms] [rows:0] SELECT description FROM pg_catalog.pg_description WHERE objsubid = (SELECT ordinal_position FROM information_schema.columns WHERE table_schema = CURRENT_SCHEMA() AND table_name = 'reduce_slots' AND column_name = 'slot_id') AND objoid = (SELECT oid FROM pg_catalog.pg_class WHERE relname = 'reduce_slots' AND relnamespace = (SELECT oid FROM pg_catalog.pg_namespace WHERE nspname = CURRENT_SCHEMA()))

2025/02/13 14:38:36 /home/bryan/repos/skripsi/backend/setup/setup.go:78
[3.553ms] [rows:0] SELECT description FROM pg_catalog.pg_description WHERE objsubid = (SELECT ordinal_position FROM information_schema.columns WHERE table_schema = CURRENT_SCHEMA() AND table_name = 'reduce_slots' AND column_name = 'reduced_count') AND objoid = (SELECT oid FROM pg_catalog.pg_class WHERE relname = 'reduce_slots' AND relnamespace = (SELECT oid FROM pg_catalog.pg_namespace WHERE nspname = CURRENT_SCHEMA()))

2025/02/13 14:38:36 /home/bryan/repos/skripsi/backend/setup/setup.go:78
[3.619ms] [rows:0] SELECT description FROM pg_catalog.pg_description WHERE objsubid = (SELECT ordinal_position FROM information_schema.columns WHERE table_schema = CURRENT_SCHEMA() AND table_name = 'reduce_slots' AND column_name = 'target_date') AND objoid = (SELECT oid FROM pg_catalog.pg_class WHERE relname = 'reduce_slots' AND relnamespace = (SELECT oid FROM pg_catalog.pg_namespace WHERE nspname = CURRENT_SCHEMA()))

2025/02/13 14:38:36 /home/bryan/repos/skripsi/backend/setup/setup.go:78
[2.430ms] [rows:1] SELECT count(*) FROM information_schema.tables WHERE table_schema = CURRENT_SCHEMA() AND table_name = 'booked_slots_dailies' AND table_type = 'BASE TABLE'

2025/02/13 14:38:36 /home/bryan/repos/skripsi/backend/setup/setup.go:78
[1.785ms] [rows:1] SELECT CURRENT_DATABASE()

2025/02/13 14:38:36 /home/bryan/repos/skripsi/backend/setup/setup.go:78
[7.381ms] [rows:-] SELECT c.column_name, c.is_nullable = 'YES', c.udt_name, c.character_maximum_length, c.numeric_precision, c.numeric_precision_radix, c.numeric_scale, c.datetime_precision, 8 * typlen, c.column_default, pd.description, c.identity_increment FROM information_schema.columns AS c JOIN pg_type AS pgt ON c.udt_name = pgt.typname LEFT JOIN pg_catalog.pg_description as pd ON pd.objsubid = c.ordinal_position AND pd.objoid = (SELECT oid FROM pg_catalog.pg_class WHERE relname = c.table_name AND relnamespace = (SELECT oid FROM pg_catalog.pg_namespace WHERE nspname = c.table_schema)) where table_catalog = $1$ AND table_schema = CURRENT_SCHEMA() AND table_name = $2$

2025/02/13 14:38:36 /home/bryan/repos/skripsi/backend/setup/setup.go:78
[3.749ms] [rows:-] SELECT * FROM "booked_slots_dailies" LIMIT $1$

2025/02/13 14:38:36 /home/bryan/repos/skripsi/backend/setup/setup.go:78
[5.646ms] [rows:-] SELECT constraint_name FROM information_schema.table_constraints tc JOIN information_schema.constraint_column_usage AS ccu USING (constraint_schema, constraint_catalog, table_name, constraint_name) JOIN information_schema.columns AS c ON c.table_schema = tc.constraint_schema AND tc.table_name = c.table_name AND ccu.column_name = c.column_name WHERE constraint_type IN ('PRIMARY KEY', 'UNIQUE') AND c.table_catalog = $1$ AND c.table_schema = CURRENT_SCHEMA() AND c.table_name = $2$ AND constraint_type = $3$

2025/02/13 14:38:36 /home/bryan/repos/skripsi/backend/setup/setup.go:78
[5.575ms] [rows:-] SELECT c.column_name, constraint_name, constraint_type FROM information_schema.table_constraints tc JOIN information_schema.constraint_column_usage AS ccu USING (constraint_schema, constraint_catalog, table_name, constraint_name) JOIN information_schema.columns AS c ON c.table_schema = tc.constraint_schema AND tc.table_name = c.table_name AND ccu.column_name = c.column_name WHERE constraint_type IN ('PRIMARY KEY', 'UNIQUE') AND c.table_catalog = $1$ AND c.table_schema = CURRENT_SCHEMA() AND c.table_name = $2$

2025/02/13 14:38:36 /home/bryan/repos/skripsi/backend/setup/setup.go:78
[2.433ms] [rows:-] SELECT a.attname as column_name, format_type(a.atttypid, a.atttypmod) AS data_type
		FROM pg_attribute a JOIN pg_class b ON a.attrelid = b.oid AND relnamespace = (SELECT oid FROM pg_catalog.pg_namespace WHERE nspname = CURRENT_SCHEMA())
		WHERE a.attnum > 0 -- hide internal columns
		AND NOT a.attisdropped -- hide deleted columns
		AND b.relname = $1$

2025/02/13 14:38:36 /home/bryan/repos/skripsi/backend/setup/setup.go:78
[3.345ms] [rows:0] SELECT description FROM pg_catalog.pg_description WHERE objsubid = (SELECT ordinal_position FROM information_schema.columns WHERE table_schema = CURRENT_SCHEMA() AND table_name = 'booked_slots_dailies' AND column_name = 'id') AND objoid = (SELECT oid FROM pg_catalog.pg_class WHERE relname = 'booked_slots_dailies' AND relnamespace = (SELECT oid FROM pg_catalog.pg_namespace WHERE nspname = CURRENT_SCHEMA()))

2025/02/13 14:38:36 /home/bryan/repos/skripsi/backend/setup/setup.go:78
[8.519ms] [rows:0] SELECT description FROM pg_catalog.pg_description WHERE objsubid = (SELECT ordinal_position FROM information_schema.columns WHERE table_schema = CURRENT_SCHEMA() AND table_name = 'booked_slots_dailies' AND column_name = 'daycare_id') AND objoid = (SELECT oid FROM pg_catalog.pg_class WHERE relname = 'booked_slots_dailies' AND relnamespace = (SELECT oid FROM pg_catalog.pg_namespace WHERE nspname = CURRENT_SCHEMA()))

2025/02/13 14:38:36 /home/bryan/repos/skripsi/backend/setup/setup.go:78
[3.529ms] [rows:0] SELECT description FROM pg_catalog.pg_description WHERE objsubid = (SELECT ordinal_position FROM information_schema.columns WHERE table_schema = CURRENT_SCHEMA() AND table_name = 'booked_slots_dailies' AND column_name = 'date') AND objoid = (SELECT oid FROM pg_catalog.pg_class WHERE relname = 'booked_slots_dailies' AND relnamespace = (SELECT oid FROM pg_catalog.pg_namespace WHERE nspname = CURRENT_SCHEMA()))

2025/02/13 14:38:36 /home/bryan/repos/skripsi/backend/setup/setup.go:78
[3.457ms] [rows:0] SELECT description FROM pg_catalog.pg_description WHERE objsubid = (SELECT ordinal_position FROM information_schema.columns WHERE table_schema = CURRENT_SCHEMA() AND table_name = 'booked_slots_dailies' AND column_name = 'slot_count') AND objoid = (SELECT oid FROM pg_catalog.pg_class WHERE relname = 'booked_slots_dailies' AND relnamespace = (SELECT oid FROM pg_catalog.pg_namespace WHERE nspname = CURRENT_SCHEMA()))

2025/02/13 14:38:36 /home/bryan/repos/skripsi/backend/setup/setup.go:78
[2.823ms] [rows:1] SELECT count(*) FROM pg_indexes WHERE tablename = 'booked_slots_dailies' AND indexname = 'idx_booked_slots_dailies_date' AND schemaname = CURRENT_SCHEMA()
[GIN-debug] [WARNING] Creating an Engine instance with the Logger and Recovery middleware already attached.

[GIN-debug] [WARNING] Running in "debug" mode. Switch to "release" mode in production.
 - using env:	export GIN_MODE=release
 - using code:	gin.SetMode(gin.ReleaseMode)

[GIN-debug] GET    /assets/*filepath         --> github.com/gin-gonic/gin.(*RouterGroup).createStaticHandler.func1 (3 handlers)
[GIN-debug] HEAD   /assets/*filepath         --> github.com/gin-gonic/gin.(*RouterGroup).createStaticHandler.func1 (3 handlers)
[GIN-debug] POST   /users                    --> github.com/BryanEgbert/skripsi/controller.(*UserController).CreateUser-fm (3 handlers)
[GIN-debug] GET    /users/vets               --> github.com/BryanEgbert/skripsi/controller.(*UserController).GetVets-fm (4 handlers)
[GIN-debug] GET    /users/:id                --> github.com/BryanEgbert/skripsi/controller.(*UserController).GetUser-fm (4 handlers)
[GIN-debug] DELETE /users                    --> github.com/BryanEgbert/skripsi/controller.(*UserController).DeleteUser-fm (4 handlers)
[GIN-debug] PUT    /users                    --> github.com/BryanEgbert/skripsi/controller.(*UserController).UpdateUserProfile-fm (4 handlers)
[GIN-debug] PATCH  /users/password           --> github.com/BryanEgbert/skripsi/controller.(*UserController).UpdateUserPassword-fm (4 handlers)
[GIN-debug] POST   /login                    --> github.com/BryanEgbert/skripsi/controller.(*AuthController).Login-fm (3 handlers)
[GIN-debug] POST   /refresh                  --> github.com/BryanEgbert/skripsi/controller.(*AuthController).RefreshToken-fm (4 handlers)
[GIN-debug] GET    /pets/:id                 --> github.com/BryanEgbert/skripsi/controller.(*PetController).GetPet-fm (4 handlers)
[GIN-debug] GET    /pets                     --> github.com/BryanEgbert/skripsi/controller.(*PetController).GetPets-fm (4 handlers)
[GIN-debug] POST   /pets                     --> github.com/BryanEgbert/skripsi/controller.(*PetController).CreatePet-fm (4 handlers)
[GIN-debug] PUT    /pets/:id                 --> github.com/BryanEgbert/skripsi/controller.(*PetController).UpdatePet-fm (4 handlers)
[GIN-debug] DELETE /pets/:id                 --> github.com/BryanEgbert/skripsi/controller.(*PetController).DeletePet-fm (4 handlers)
[GIN-debug] PATCH  /daycare/slot/:slotId     --> github.com/BryanEgbert/skripsi/controller.(*PetDaycareController).EditSlotCount-fm (4 handlers)
[GIN-debug] GET    /daycare/:id/slot         --> github.com/BryanEgbert/skripsi/controller.(*PetDaycareController).GetPetDaycareSlots-fm (4 handlers)
[GIN-debug] POST   /daycare/:id/slot         --> github.com/BryanEgbert/skripsi/controller.(*PetDaycareController).CreateSlot-fm (4 handlers)
[GIN-debug] GET    /daycare/:id/review       --> github.com/BryanEgbert/skripsi/controller.(*PetDaycareController).GetReviews-fm (4 handlers)
[GIN-debug] POST   /daycare/:id/review       --> github.com/BryanEgbert/skripsi/controller.(*PetDaycareController).CreateReview-fm (4 handlers)
[GIN-debug] DELETE /daycare/:id/review       --> github.com/BryanEgbert/skripsi/controller.(*PetDaycareController).DeleteReview-fm (4 handlers)
[GIN-debug] GET    /daycare/:id              --> github.com/BryanEgbert/skripsi/controller.(*PetDaycareController).GetPetDaycare-fm (4 handlers)
[GIN-debug] GET    /daycare                  --> github.com/BryanEgbert/skripsi/controller.(*PetDaycareController).GetPetDaycares-fm (4 handlers)
[GIN-debug] POST   /daycare                  --> github.com/BryanEgbert/skripsi/controller.(*PetDaycareController).CreatePetDaycare-fm (4 handlers)
[GIN-debug] PUT    /daycare/:id              --> github.com/BryanEgbert/skripsi/controller.(*PetDaycareController).UpdatePetDaycare-fm (4 handlers)
[GIN-debug] DELETE /daycare/:id              --> github.com/BryanEgbert/skripsi/controller.(*PetDaycareController).DeletePetDaycare-fm (4 handlers)

2025/02/13 14:38:36 /home/bryan/repos/skripsi/backend/service/user_service.go:74
[2.665ms] [rows:1] SELECT count(*) > 0 FROM "roles" WHERE id = $1$

2025/02/13 14:38:36 /home/bryan/repos/skripsi/backend/service/user_service.go:101
[4.747ms] [rows:1] INSERT INTO "users" ("created_at","updated_at","deleted_at","name","email","password","role_id","image_url") VALUES ($1$,$2$,$3$,$4$,$5$,$6$,$7$,$8$) RETURNING "id","image_url"

2025/02/13 14:38:36 /home/bryan/repos/skripsi/backend/service/user_service.go:116
[4.719ms] [rows:1] INSERT INTO "refresh_tokens" ("created_at","updated_at","deleted_at","user_id","token","expires_at") VALUES ($1$,$2$,$3$,$4$,$5$,$6$) RETURNING "id"
[GIN] 2025/02/13 - 14:38:36 | 201 |  219.484722ms |                 | POST     "/users"
=== RUN   TestRegister/On_register,_should_return_error_when_email_is_the_same

2025/02/13 14:38:36 /home/bryan/repos/skripsi/backend/setup/setup.go:60
[332.045ms] [rows:0] TRUNCATE TABLE users, vet_specialties, user_vet_specialties, pet_daycares, pets, size_categories, roles, slots, booked_slots, thumbnails, species, reviews, refresh_tokens, transactions, daily_walks, daily_playtimes, reduce_slots RESTART IDENTITY CASCADE;

2025/02/13 14:38:36 /home/bryan/repos/skripsi/backend/seeder/seeder.go:18
[15.251ms] [rows:3] INSERT INTO "roles" ("name","id") VALUES ($1$,$2$),($3$,$4$),($5$,$6$) RETURNING "id"

2025/02/13 14:38:36 /home/bryan/repos/skripsi/backend/seeder/seeder.go:29
[11.351ms] [rows:4] INSERT INTO "daily_walks" ("name","id") VALUES ($1$,$2$),($3$,$4$),($5$,$6$),($7$,$8$) RETURNING "id"

2025/02/13 14:38:36 /home/bryan/repos/skripsi/backend/seeder/seeder.go:39
[11.569ms] [rows:4] INSERT INTO "daily_playtimes" ("name","id") VALUES ($1$,$2$),($3$,$4$),($5$,$6$),($7$,$8$) RETURNING "id"

2025/02/13 14:38:36 /home/bryan/repos/skripsi/backend/seeder/seeder.go:61
[12.039ms] [rows:17] INSERT INTO "vet_specialties" ("name") VALUES ($1$),($2$),($3$),($4$),($5$),($6$),($7$),($8$),($9$),($10$),($11$),($12$),($13$),($14$),($15$),($16$),($17$) RETURNING "id"

2025/02/13 14:38:36 /home/bryan/repos/skripsi/backend/seeder/seeder.go:71
[12.552ms] [rows:3] INSERT INTO "species" ("name") VALUES ($1$),($2$),($3$) RETURNING "id"

2025/02/13 14:38:36 /home/bryan/repos/skripsi/backend/seeder/seeder.go:83
[11.961ms] [rows:5] INSERT INTO "size_categories" ("name","min_weight","max_weight") VALUES ($1$,$2$,$3$),($4$,$5$,$6$),($7$,$8$,$9$),($10$,$11$,$12$),($13$,$14$,$15$) RETURNING "id"

2025/02/13 14:38:36 /home/bryan/repos/skripsi/backend/seeder/seeder.go:106
[2.574ms] [rows:0] INSERT INTO "vet_specialties" ("name","id") VALUES ($1$,$2$),($3$,$4$),($5$,$6$) ON CONFLICT DO NOTHING RETURNING "id"

2025/02/13 14:38:36 /home/bryan/repos/skripsi/backend/seeder/seeder.go:106
[3.487ms] [rows:3] INSERT INTO "user_vet_specialties" ("user_id","vet_specialty_id") VALUES ($1$,$2$),($3$,$4$),($5$,$6$) ON CONFLICT DO NOTHING

2025/02/13 14:38:36 /home/bryan/repos/skripsi/backend/seeder/seeder.go:106
[14.572ms] [rows:6] INSERT INTO "users" ("created_at","updated_at","deleted_at","name","email","password","role_id","image_url") VALUES ($1$,$2$,$3$,$4$,$5$,$6$,$7$,$8$),($9$,$10$,$11$,$12$,$13$,$14$,$15$,$16$),($17$,$18$,$19$,$20$,$21$,$22$,$23$,$24$),($25$,$26$,$27$,$28$,$29$,$30$,$31$,$32$),($33$,$34$,$35$,$36$,$37$,$38$,$39$,DEFAULT),($40$,$41$,$42$,$43$,$44$,$45$,$46$,$47$) RETURNING "id","image_url"

2025/02/13 14:38:36 /home/bryan/repos/skripsi/backend/seeder/seeder.go:148
[1.910ms] [rows:0] INSERT INTO "daily_walks" ("name","id") VALUES ($1$,$2$) ON CONFLICT DO NOTHING RETURNING "id"

2025/02/13 14:38:36 /home/bryan/repos/skripsi/backend/seeder/seeder.go:148
[1.855ms] [rows:0] INSERT INTO "daily_playtimes" ("name","id") VALUES ($1$,$2$),($3$,$4$) ON CONFLICT DO NOTHING RETURNING "id"

2025/02/13 14:38:36 /home/bryan/repos/skripsi/backend/seeder/seeder.go:148
[11.488ms] [rows:3] INSERT INTO "pet_daycares" ("created_at","updated_at","deleted_at","name","address","latitude","longitude","price","pricing_type","description","has_pickup_service","must_be_vaccinated","food_provided","grooming_available","booked_num","daily_walks_id","daily_playtime_id","owner_id","food_brand") VALUES ($1$,$2$,$3$,$4$,$5$,$6$,$7$,$8$,$9$,$10$,$11$,$12$,$13$,$14$,$15$,$16$,$17$,$18$,$19$),($20$,$21$,$22$,$23$,$24$,$25$,$26$,$27$,$28$,$29$,$30$,$31$,$32$,$33$,$34$,$35$,$36$,$37$,$38$),($39$,$40$,$41$,$42$,$43$,$44$,$45$,$46$,$47$,$48$,$49$,$50$,$51$,$52$,$53$,$54$,$55$,$56$,$57$) RETURNING "id"

2025/02/13 14:38:36 /home/bryan/repos/skripsi/backend/seeder/seeder.go:158
[6.357ms] [rows:3] INSERT INTO "slots" ("created_at","updated_at","deleted_at","daycare_id","species_id","size_category_id","max_number") VALUES ($1$,$2$,$3$,$4$,$5$,$6$,$7$),($8$,$9$,$10$,$11$,$12$,$13$,$14$),($15$,$16$,$17$,$18$,$19$,$20$,$21$) RETURNING "id"

2025/02/13 14:38:37 /home/bryan/repos/skripsi/backend/seeder/seeder.go:172
[6.905ms] [rows:2] INSERT INTO "pets" ("created_at","updated_at","deleted_at","name","image_url","status","owner_id","species_id","size_id") VALUES ($1$,$2$,$3$,$4$,$5$,$6$,$7$,$8$,$9$),($10$,$11$,$12$,$13$,$14$,$15$,$16$,$17$,$18$) RETURNING "id"

2025/02/13 14:38:37 /home/bryan/repos/skripsi/backend/seeder/seeder.go:189
[6.765ms] [rows:2] INSERT INTO "booked_slots" ("created_at","updated_at","deleted_at","user_id","daycare_id","pet_id","start_date","end_date") VALUES ($1$,$2$,$3$,$4$,$5$,$6$,$7$,$8$),($9$,$10$,$11$,$12$,$13$,$14$,$15$,$16$) RETURNING "id"

2025/02/13 14:38:37 /home/bryan/repos/skripsi/backend/seeder/seeder.go:205
[7.197ms] [rows:3] INSERT INTO "reviews" ("created_at","updated_at","deleted_at","daycare_id","user_id","name","rate","description") VALUES ($1$,$2$,$3$,$4$,$5$,$6$,$7$,$8$),($9$,$10$,$11$,$12$,$13$,$14$,$15$,$16$),($17$,$18$,$19$,$20$,$21$,$22$,$23$,$24$) RETURNING "id"

2025/02/13 14:38:37 /home/bryan/repos/skripsi/backend/seeder/seeder.go:213
[5.253ms] [rows:1] INSERT INTO "reduce_slots" ("slot_id","reduced_count","target_date") VALUES ($1$,$2$,$3$) RETURNING "id"

2025/02/13 14:38:37 /home/bryan/repos/skripsi/backend/seeder/seeder.go:222
[5.877ms] [rows:2] INSERT INTO "thumbnails" ("daycare_id","image_url") VALUES ($1$,$2$),($3$,$4$) RETURNING "id"

2025/02/13 14:38:37 /home/bryan/repos/skripsi/backend/seeder/seeder.go:230
[7.960ms] [rows:1] INSERT INTO "transactions" ("pet_daycare_id","booked_slot_id","status") VALUES ($1$,$2$,$3$) RETURNING "created_at","id"

2025/02/13 14:38:37 /home/bryan/repos/skripsi/backend/setup/setup.go:78
[31.175ms] [rows:1] SELECT count(*) FROM information_schema.tables WHERE table_schema = CURRENT_SCHEMA() AND table_name = 'roles' AND table_type = 'BASE TABLE'

2025/02/13 14:38:37 /home/bryan/repos/skripsi/backend/setup/setup.go:78
[4.161ms] [rows:1] SELECT CURRENT_DATABASE()

2025/02/13 14:38:37 /home/bryan/repos/skripsi/backend/setup/setup.go:78
[67.285ms] [rows:-] SELECT c.column_name, c.is_nullable = 'YES', c.udt_name, c.character_maximum_length, c.numeric_precision, c.numeric_precision_radix, c.numeric_scale, c.datetime_precision, 8 * typlen, c.column_default, pd.description, c.identity_increment FROM information_schema.columns AS c JOIN pg_type AS pgt ON c.udt_name = pgt.typname LEFT JOIN pg_catalog.pg_description as pd ON pd.objsubid = c.ordinal_position AND pd.objoid = (SELECT oid FROM pg_catalog.pg_class WHERE relname = c.table_name AND relnamespace = (SELECT oid FROM pg_catalog.pg_namespace WHERE nspname = c.table_schema)) where table_catalog = $1$ AND table_schema = CURRENT_SCHEMA() AND table_name = $2$

2025/02/13 14:38:37 /home/bryan/repos/skripsi/backend/setup/setup.go:78
[1.834ms] [rows:-] SELECT * FROM "roles" LIMIT $1$

2025/02/13 14:38:37 /home/bryan/repos/skripsi/backend/setup/setup.go:78
[47.184ms] [rows:-] SELECT constraint_name FROM information_schema.table_constraints tc JOIN information_schema.constraint_column_usage AS ccu USING (constraint_schema, constraint_catalog, table_name, constraint_name) JOIN information_schema.columns AS c ON c.table_schema = tc.constraint_schema AND tc.table_name = c.table_name AND ccu.column_name = c.column_name WHERE constraint_type IN ('PRIMARY KEY', 'UNIQUE') AND c.table_catalog = $1$ AND c.table_schema = CURRENT_SCHEMA() AND c.table_name = $2$ AND constraint_type = $3$

2025/02/13 14:38:37 /home/bryan/repos/skripsi/backend/setup/setup.go:78
[38.895ms] [rows:-] SELECT c.column_name, constraint_name, constraint_type FROM information_schema.table_constraints tc JOIN information_schema.constraint_column_usage AS ccu USING (constraint_schema, constraint_catalog, table_name, constraint_name) JOIN information_schema.columns AS c ON c.table_schema = tc.constraint_schema AND tc.table_name = c.table_name AND ccu.column_name = c.column_name WHERE constraint_type IN ('PRIMARY KEY', 'UNIQUE') AND c.table_catalog = $1$ AND c.table_schema = CURRENT_SCHEMA() AND c.table_name = $2$

2025/02/13 14:38:37 /home/bryan/repos/skripsi/backend/setup/setup.go:78
[5.369ms] [rows:-] SELECT a.attname as column_name, format_type(a.atttypid, a.atttypmod) AS data_type
		FROM pg_attribute a JOIN pg_class b ON a.attrelid = b.oid AND relnamespace = (SELECT oid FROM pg_catalog.pg_namespace WHERE nspname = CURRENT_SCHEMA())
		WHERE a.attnum > 0 -- hide internal columns
		AND NOT a.attisdropped -- hide deleted columns
		AND b.relname = $1$

2025/02/13 14:38:37 /home/bryan/repos/skripsi/backend/setup/setup.go:78
[20.168ms] [rows:0] SELECT description FROM pg_catalog.pg_description WHERE objsubid = (SELECT ordinal_position FROM information_schema.columns WHERE table_schema = CURRENT_SCHEMA() AND table_name = 'roles' AND column_name = 'id') AND objoid = (SELECT oid FROM pg_catalog.pg_class WHERE relname = 'roles' AND relnamespace = (SELECT oid FROM pg_catalog.pg_namespace WHERE nspname = CURRENT_SCHEMA()))

2025/02/13 14:38:37 /home/bryan/repos/skripsi/backend/setup/setup.go:78
[16.298ms] [rows:0] SELECT description FROM pg_catalog.pg_description WHERE objsubid = (SELECT ordinal_position FROM information_schema.columns WHERE table_schema = CURRENT_SCHEMA() AND table_name = 'roles' AND column_name = 'name') AND objoid = (SELECT oid FROM pg_catalog.pg_class WHERE relname = 'roles' AND relnamespace = (SELECT oid FROM pg_catalog.pg_namespace WHERE nspname = CURRENT_SCHEMA()))

2025/02/13 14:38:37 /home/bryan/repos/skripsi/backend/setup/setup.go:78
[6.130ms] [rows:1] SELECT count(*) FROM information_schema.tables WHERE table_schema = CURRENT_SCHEMA() AND table_name = 'users' AND table_type = 'BASE TABLE'

2025/02/13 14:38:37 /home/bryan/repos/skripsi/backend/setup/setup.go:78
[1.832ms] [rows:1] SELECT CURRENT_DATABASE()

2025/02/13 14:38:37 /home/bryan/repos/skripsi/backend/setup/setup.go:78
[31.625ms] [rows:-] SELECT c.column_name, c.is_nullable = 'YES', c.udt_name, c.character_maximum_length, c.numeric_precision, c.numeric_precision_radix, c.numeric_scale, c.datetime_precision, 8 * typlen, c.column_default, pd.description, c.identity_increment FROM information_schema.columns AS c JOIN pg_type AS pgt ON c.udt_name = pgt.typname LEFT JOIN pg_catalog.pg_description as pd ON pd.objsubid = c.ordinal_position AND pd.objoid = (SELECT oid FROM pg_catalog.pg_class WHERE relname = c.table_name AND relnamespace = (SELECT oid FROM pg_catalog.pg_namespace WHERE nspname = c.table_schema)) where table_catalog = $1$ AND table_schema = CURRENT_SCHEMA() AND table_name = $2$

2025/02/13 14:38:37 /home/bryan/repos/skripsi/backend/setup/setup.go:78
[2.101ms] [rows:-] SELECT * FROM "users" LIMIT $1$

2025/02/13 14:38:37 /home/bryan/repos/skripsi/backend/setup/setup.go:78
[55.874ms] [rows:-] SELECT constraint_name FROM information_schema.table_constraints tc JOIN information_schema.constraint_column_usage AS ccu USING (constraint_schema, constraint_catalog, table_name, constraint_name) JOIN information_schema.columns AS c ON c.table_schema = tc.constraint_schema AND tc.table_name = c.table_name AND ccu.column_name = c.column_name WHERE constraint_type IN ('PRIMARY KEY', 'UNIQUE') AND c.table_catalog = $1$ AND c.table_schema = CURRENT_SCHEMA() AND c.table_name = $2$ AND constraint_type = $3$

2025/02/13 14:38:37 /home/bryan/repos/skripsi/backend/setup/setup.go:78
[57.554ms] [rows:-] SELECT c.column_name, constraint_name, constraint_type FROM information_schema.table_constraints tc JOIN information_schema.constraint_column_usage AS ccu USING (constraint_schema, constraint_catalog, table_name, constraint_name) JOIN information_schema.columns AS c ON c.table_schema = tc.constraint_schema AND tc.table_name = c.table_name AND ccu.column_name = c.column_name WHERE constraint_type IN ('PRIMARY KEY', 'UNIQUE') AND c.table_catalog = $1$ AND c.table_schema = CURRENT_SCHEMA() AND c.table_name = $2$

2025/02/13 14:38:37 /home/bryan/repos/skripsi/backend/setup/setup.go:78
[1.735ms] [rows:-] SELECT a.attname as column_name, format_type(a.atttypid, a.atttypmod) AS data_type
		FROM pg_attribute a JOIN pg_class b ON a.attrelid = b.oid AND relnamespace = (SELECT oid FROM pg_catalog.pg_namespace WHERE nspname = CURRENT_SCHEMA())
		WHERE a.attnum > 0 -- hide internal columns
		AND NOT a.attisdropped -- hide deleted columns
		AND b.relname = $1$

2025/02/13 14:38:37 /home/bryan/repos/skripsi/backend/setup/setup.go:78
[6.119ms] [rows:0] SELECT description FROM pg_catalog.pg_description WHERE objsubid = (SELECT ordinal_position FROM information_schema.columns WHERE table_schema = CURRENT_SCHEMA() AND table_name = 'users' AND column_name = 'id') AND objoid = (SELECT oid FROM pg_catalog.pg_class WHERE relname = 'users' AND relnamespace = (SELECT oid FROM pg_catalog.pg_namespace WHERE nspname = CURRENT_SCHEMA()))

2025/02/13 14:38:37 /home/bryan/repos/skripsi/backend/setup/setup.go:78
[6.034ms] [rows:0] SELECT description FROM pg_catalog.pg_description WHERE objsubid = (SELECT ordinal_position FROM information_schema.columns WHERE table_schema = CURRENT_SCHEMA() AND table_name = 'users' AND column_name = 'created_at') AND objoid = (SELECT oid FROM pg_catalog.pg_class WHERE relname = 'users' AND relnamespace = (SELECT oid FROM pg_catalog.pg_namespace WHERE nspname = CURRENT_SCHEMA()))

2025/02/13 14:38:37 /home/bryan/repos/skripsi/backend/setup/setup.go:78
[5.880ms] [rows:0] SELECT description FROM pg_catalog.pg_description WHERE objsubid = (SELECT ordinal_position FROM information_schema.columns WHERE table_schema = CURRENT_SCHEMA() AND table_name = 'users' AND column_name = 'updated_at') AND objoid = (SELECT oid FROM pg_catalog.pg_class WHERE relname = 'users' AND relnamespace = (SELECT oid FROM pg_catalog.pg_namespace WHERE nspname = CURRENT_SCHEMA()))

2025/02/13 14:38:37 /home/bryan/repos/skripsi/backend/setup/setup.go:78
[5.834ms] [rows:0] SELECT description FROM pg_catalog.pg_description WHERE objsubid = (SELECT ordinal_position FROM information_schema.columns WHERE table_schema = CURRENT_SCHEMA() AND table_name = 'users' AND column_name = 'deleted_at') AND objoid = (SELECT oid FROM pg_catalog.pg_class WHERE relname = 'users' AND relnamespace = (SELECT oid FROM pg_catalog.pg_namespace WHERE nspname = CURRENT_SCHEMA()))

2025/02/13 14:38:37 /home/bryan/repos/skripsi/backend/setup/setup.go:78
[1.764ms] [rows:0] SELECT description FROM pg_catalog.pg_description WHERE objsubid = (SELECT ordinal_position FROM information_schema.columns WHERE table_schema = CURRENT_SCHEMA() AND table_name = 'users' AND column_name = 'name') AND objoid = (SELECT oid FROM pg_catalog.pg_class WHERE relname = 'users' AND relnamespace = (SELECT oid FROM pg_catalog.pg_namespace WHERE nspname = CURRENT_SCHEMA()))

2025/02/13 14:38:37 /home/bryan/repos/skripsi/backend/setup/setup.go:78
[1.800ms] [rows:0] SELECT description FROM pg_catalog.pg_description WHERE objsubid = (SELECT ordinal_position FROM information_schema.columns WHERE table_schema = CURRENT_SCHEMA() AND table_name = 'users' AND column_name = 'email') AND objoid = (SELECT oid FROM pg_catalog.pg_class WHERE relname = 'users' AND relnamespace = (SELECT oid FROM pg_catalog.pg_namespace WHERE nspname = CURRENT_SCHEMA()))

2025/02/13 14:38:37 /home/bryan/repos/skripsi/backend/setup/setup.go:78
[1.523ms] [rows:0] SELECT description FROM pg_catalog.pg_description WHERE objsubid = (SELECT ordinal_position FROM information_schema.columns WHERE table_schema = CURRENT_SCHEMA() AND table_name = 'users' AND column_name = 'password') AND objoid = (SELECT oid FROM pg_catalog.pg_class WHERE relname = 'users' AND relnamespace = (SELECT oid FROM pg_catalog.pg_namespace WHERE nspname = CURRENT_SCHEMA()))

2025/02/13 14:38:37 /home/bryan/repos/skripsi/backend/setup/setup.go:78
[1.446ms] [rows:0] SELECT description FROM pg_catalog.pg_description WHERE objsubid = (SELECT ordinal_position FROM information_schema.columns WHERE table_schema = CURRENT_SCHEMA() AND table_name = 'users' AND column_name = 'image_url') AND objoid = (SELECT oid FROM pg_catalog.pg_class WHERE relname = 'users' AND relnamespace = (SELECT oid FROM pg_catalog.pg_namespace WHERE nspname = CURRENT_SCHEMA()))

2025/02/13 14:38:37 /home/bryan/repos/skripsi/backend/setup/setup.go:78
[1.651ms] [rows:0] SELECT description FROM pg_catalog.pg_description WHERE objsubid = (SELECT ordinal_position FROM information_schema.columns WHERE table_schema = CURRENT_SCHEMA() AND table_name = 'users' AND column_name = 'role_id') AND objoid = (SELECT oid FROM pg_catalog.pg_class WHERE relname = 'users' AND relnamespace = (SELECT oid FROM pg_catalog.pg_namespace WHERE nspname = CURRENT_SCHEMA()))

2025/02/13 14:38:37 /home/bryan/repos/skripsi/backend/setup/setup.go:78
[5.086ms] [rows:1] SELECT count(*) FROM INFORMATION_SCHEMA.table_constraints WHERE table_schema = CURRENT_SCHEMA() AND table_name = 'users' AND constraint_name = 'fk_roles_users'

2025/02/13 14:38:37 /home/bryan/repos/skripsi/backend/setup/setup.go:78
[6.333ms] [rows:1] SELECT count(*) FROM pg_indexes WHERE tablename = 'users' AND indexname = 'idx_users_deleted_at' AND schemaname = CURRENT_SCHEMA()

2025/02/13 14:38:37 /home/bryan/repos/skripsi/backend/setup/setup.go:78
[2.401ms] [rows:1] SELECT count(*) FROM information_schema.tables WHERE table_schema = CURRENT_SCHEMA() AND table_name = 'vet_specialties' AND table_type = 'BASE TABLE'

2025/02/13 14:38:37 /home/bryan/repos/skripsi/backend/setup/setup.go:78
[0.947ms] [rows:1] SELECT CURRENT_DATABASE()

2025/02/13 14:38:37 /home/bryan/repos/skripsi/backend/setup/setup.go:78
[13.851ms] [rows:-] SELECT c.column_name, c.is_nullable = 'YES', c.udt_name, c.character_maximum_length, c.numeric_precision, c.numeric_precision_radix, c.numeric_scale, c.datetime_precision, 8 * typlen, c.column_default, pd.description, c.identity_increment FROM information_schema.columns AS c JOIN pg_type AS pgt ON c.udt_name = pgt.typname LEFT JOIN pg_catalog.pg_description as pd ON pd.objsubid = c.ordinal_position AND pd.objoid = (SELECT oid FROM pg_catalog.pg_class WHERE relname = c.table_name AND relnamespace = (SELECT oid FROM pg_catalog.pg_namespace WHERE nspname = c.table_schema)) where table_catalog = $1$ AND table_schema = CURRENT_SCHEMA() AND table_name = $2$

2025/02/13 14:38:37 /home/bryan/repos/skripsi/backend/setup/setup.go:78
[1.014ms] [rows:-] SELECT * FROM "vet_specialties" LIMIT $1$

2025/02/13 14:38:37 /home/bryan/repos/skripsi/backend/setup/setup.go:78
[17.819ms] [rows:-] SELECT constraint_name FROM information_schema.table_constraints tc JOIN information_schema.constraint_column_usage AS ccu USING (constraint_schema, constraint_catalog, table_name, constraint_name) JOIN information_schema.columns AS c ON c.table_schema = tc.constraint_schema AND tc.table_name = c.table_name AND ccu.column_name = c.column_name WHERE constraint_type IN ('PRIMARY KEY', 'UNIQUE') AND c.table_catalog = $1$ AND c.table_schema = CURRENT_SCHEMA() AND c.table_name = $2$ AND constraint_type = $3$

2025/02/13 14:38:37 /home/bryan/repos/skripsi/backend/setup/setup.go:78
[16.693ms] [rows:-] SELECT c.column_name, constraint_name, constraint_type FROM information_schema.table_constraints tc JOIN information_schema.constraint_column_usage AS ccu USING (constraint_schema, constraint_catalog, table_name, constraint_name) JOIN information_schema.columns AS c ON c.table_schema = tc.constraint_schema AND tc.table_name = c.table_name AND ccu.column_name = c.column_name WHERE constraint_type IN ('PRIMARY KEY', 'UNIQUE') AND c.table_catalog = $1$ AND c.table_schema = CURRENT_SCHEMA() AND c.table_name = $2$

2025/02/13 14:38:37 /home/bryan/repos/skripsi/backend/setup/setup.go:78
[1.791ms] [rows:-] SELECT a.attname as column_name, format_type(a.atttypid, a.atttypmod) AS data_type
		FROM pg_attribute a JOIN pg_class b ON a.attrelid = b.oid AND relnamespace = (SELECT oid FROM pg_catalog.pg_namespace WHERE nspname = CURRENT_SCHEMA())
		WHERE a.attnum > 0 -- hide internal columns
		AND NOT a.attisdropped -- hide deleted columns
		AND b.relname = $1$

2025/02/13 14:38:37 /home/bryan/repos/skripsi/backend/setup/setup.go:78
[1.960ms] [rows:0] SELECT description FROM pg_catalog.pg_description WHERE objsubid = (SELECT ordinal_position FROM information_schema.columns WHERE table_schema = CURRENT_SCHEMA() AND table_name = 'vet_specialties' AND column_name = 'id') AND objoid = (SELECT oid FROM pg_catalog.pg_class WHERE relname = 'vet_specialties' AND relnamespace = (SELECT oid FROM pg_catalog.pg_namespace WHERE nspname = CURRENT_SCHEMA()))

2025/02/13 14:38:37 /home/bryan/repos/skripsi/backend/setup/setup.go:78
[2.031ms] [rows:0] SELECT description FROM pg_catalog.pg_description WHERE objsubid = (SELECT ordinal_position FROM information_schema.columns WHERE table_schema = CURRENT_SCHEMA() AND table_name = 'vet_specialties' AND column_name = 'name') AND objoid = (SELECT oid FROM pg_catalog.pg_class WHERE relname = 'vet_specialties' AND relnamespace = (SELECT oid FROM pg_catalog.pg_namespace WHERE nspname = CURRENT_SCHEMA()))

2025/02/13 14:38:37 /home/bryan/repos/skripsi/backend/setup/setup.go:78
[3.108ms] [rows:1] SELECT count(*) FROM information_schema.tables WHERE table_schema = CURRENT_SCHEMA() AND table_name = 'user_vet_specialties' AND table_type = 'BASE TABLE'

2025/02/13 14:38:37 /home/bryan/repos/skripsi/backend/setup/setup.go:78
[0.977ms] [rows:1] SELECT CURRENT_DATABASE()

2025/02/13 14:38:37 /home/bryan/repos/skripsi/backend/setup/setup.go:78
[11.462ms] [rows:-] SELECT c.column_name, c.is_nullable = 'YES', c.udt_name, c.character_maximum_length, c.numeric_precision, c.numeric_precision_radix, c.numeric_scale, c.datetime_precision, 8 * typlen, c.column_default, pd.description, c.identity_increment FROM information_schema.columns AS c JOIN pg_type AS pgt ON c.udt_name = pgt.typname LEFT JOIN pg_catalog.pg_description as pd ON pd.objsubid = c.ordinal_position AND pd.objoid = (SELECT oid FROM pg_catalog.pg_class WHERE relname = c.table_name AND relnamespace = (SELECT oid FROM pg_catalog.pg_namespace WHERE nspname = c.table_schema)) where table_catalog = $1$ AND table_schema = CURRENT_SCHEMA() AND table_name = $2$

2025/02/13 14:38:37 /home/bryan/repos/skripsi/backend/setup/setup.go:78
[1.178ms] [rows:-] SELECT * FROM "user_vet_specialties" LIMIT $1$

2025/02/13 14:38:37 /home/bryan/repos/skripsi/backend/setup/setup.go:78
[16.191ms] [rows:-] SELECT constraint_name FROM information_schema.table_constraints tc JOIN information_schema.constraint_column_usage AS ccu USING (constraint_schema, constraint_catalog, table_name, constraint_name) JOIN information_schema.columns AS c ON c.table_schema = tc.constraint_schema AND tc.table_name = c.table_name AND ccu.column_name = c.column_name WHERE constraint_type IN ('PRIMARY KEY', 'UNIQUE') AND c.table_catalog = $1$ AND c.table_schema = CURRENT_SCHEMA() AND c.table_name = $2$ AND constraint_type = $3$

2025/02/13 14:38:37 /home/bryan/repos/skripsi/backend/setup/setup.go:78
[16.131ms] [rows:-] SELECT c.column_name, constraint_name, constraint_type FROM information_schema.table_constraints tc JOIN information_schema.constraint_column_usage AS ccu USING (constraint_schema, constraint_catalog, table_name, constraint_name) JOIN information_schema.columns AS c ON c.table_schema = tc.constraint_schema AND tc.table_name = c.table_name AND ccu.column_name = c.column_name WHERE constraint_type IN ('PRIMARY KEY', 'UNIQUE') AND c.table_catalog = $1$ AND c.table_schema = CURRENT_SCHEMA() AND c.table_name = $2$

2025/02/13 14:38:37 /home/bryan/repos/skripsi/backend/setup/setup.go:78
[1.754ms] [rows:-] SELECT a.attname as column_name, format_type(a.atttypid, a.atttypmod) AS data_type
		FROM pg_attribute a JOIN pg_class b ON a.attrelid = b.oid AND relnamespace = (SELECT oid FROM pg_catalog.pg_namespace WHERE nspname = CURRENT_SCHEMA())
		WHERE a.attnum > 0 -- hide internal columns
		AND NOT a.attisdropped -- hide deleted columns
		AND b.relname = $1$

2025/02/13 14:38:37 /home/bryan/repos/skripsi/backend/setup/setup.go:78
[1.487ms] [rows:0] SELECT description FROM pg_catalog.pg_description WHERE objsubid = (SELECT ordinal_position FROM information_schema.columns WHERE table_schema = CURRENT_SCHEMA() AND table_name = 'user_vet_specialties' AND column_name = 'user_id') AND objoid = (SELECT oid FROM pg_catalog.pg_class WHERE relname = 'user_vet_specialties' AND relnamespace = (SELECT oid FROM pg_catalog.pg_namespace WHERE nspname = CURRENT_SCHEMA()))

2025/02/13 14:38:37 /home/bryan/repos/skripsi/backend/setup/setup.go:78
[1.460ms] [rows:0] SELECT description FROM pg_catalog.pg_description WHERE objsubid = (SELECT ordinal_position FROM information_schema.columns WHERE table_schema = CURRENT_SCHEMA() AND table_name = 'user_vet_specialties' AND column_name = 'vet_specialty_id') AND objoid = (SELECT oid FROM pg_catalog.pg_class WHERE relname = 'user_vet_specialties' AND relnamespace = (SELECT oid FROM pg_catalog.pg_namespace WHERE nspname = CURRENT_SCHEMA()))

2025/02/13 14:38:37 /home/bryan/repos/skripsi/backend/setup/setup.go:78
[3.871ms] [rows:1] SELECT count(*) FROM INFORMATION_SCHEMA.table_constraints WHERE table_schema = CURRENT_SCHEMA() AND table_name = 'user_vet_specialties' AND constraint_name = 'fk_user_vet_specialties_vet_specialty'

2025/02/13 14:38:37 /home/bryan/repos/skripsi/backend/setup/setup.go:78
[3.849ms] [rows:1] SELECT count(*) FROM INFORMATION_SCHEMA.table_constraints WHERE table_schema = CURRENT_SCHEMA() AND table_name = 'user_vet_specialties' AND constraint_name = 'fk_user_vet_specialties_user'

2025/02/13 14:38:37 /home/bryan/repos/skripsi/backend/setup/setup.go:78
[2.286ms] [rows:1] SELECT count(*) FROM information_schema.tables WHERE table_schema = CURRENT_SCHEMA() AND table_name = 'daily_walks' AND table_type = 'BASE TABLE'

2025/02/13 14:38:37 /home/bryan/repos/skripsi/backend/setup/setup.go:78
[0.751ms] [rows:1] SELECT CURRENT_DATABASE()

2025/02/13 14:38:37 /home/bryan/repos/skripsi/backend/setup/setup.go:78
[11.539ms] [rows:-] SELECT c.column_name, c.is_nullable = 'YES', c.udt_name, c.character_maximum_length, c.numeric_precision, c.numeric_precision_radix, c.numeric_scale, c.datetime_precision, 8 * typlen, c.column_default, pd.description, c.identity_increment FROM information_schema.columns AS c JOIN pg_type AS pgt ON c.udt_name = pgt.typname LEFT JOIN pg_catalog.pg_description as pd ON pd.objsubid = c.ordinal_position AND pd.objoid = (SELECT oid FROM pg_catalog.pg_class WHERE relname = c.table_name AND relnamespace = (SELECT oid FROM pg_catalog.pg_namespace WHERE nspname = c.table_schema)) where table_catalog = $1$ AND table_schema = CURRENT_SCHEMA() AND table_name = $2$

2025/02/13 14:38:37 /home/bryan/repos/skripsi/backend/setup/setup.go:78
[0.991ms] [rows:-] SELECT * FROM "daily_walks" LIMIT $1$

2025/02/13 14:38:37 /home/bryan/repos/skripsi/backend/setup/setup.go:78
[16.537ms] [rows:-] SELECT constraint_name FROM information_schema.table_constraints tc JOIN information_schema.constraint_column_usage AS ccu USING (constraint_schema, constraint_catalog, table_name, constraint_name) JOIN information_schema.columns AS c ON c.table_schema = tc.constraint_schema AND tc.table_name = c.table_name AND ccu.column_name = c.column_name WHERE constraint_type IN ('PRIMARY KEY', 'UNIQUE') AND c.table_catalog = $1$ AND c.table_schema = CURRENT_SCHEMA() AND c.table_name = $2$ AND constraint_type = $3$

2025/02/13 14:38:37 /home/bryan/repos/skripsi/backend/setup/setup.go:78
[18.636ms] [rows:-] SELECT c.column_name, constraint_name, constraint_type FROM information_schema.table_constraints tc JOIN information_schema.constraint_column_usage AS ccu USING (constraint_schema, constraint_catalog, table_name, constraint_name) JOIN information_schema.columns AS c ON c.table_schema = tc.constraint_schema AND tc.table_name = c.table_name AND ccu.column_name = c.column_name WHERE constraint_type IN ('PRIMARY KEY', 'UNIQUE') AND c.table_catalog = $1$ AND c.table_schema = CURRENT_SCHEMA() AND c.table_name = $2$

2025/02/13 14:38:37 /home/bryan/repos/skripsi/backend/setup/setup.go:78
[1.970ms] [rows:-] SELECT a.attname as column_name, format_type(a.atttypid, a.atttypmod) AS data_type
		FROM pg_attribute a JOIN pg_class b ON a.attrelid = b.oid AND relnamespace = (SELECT oid FROM pg_catalog.pg_namespace WHERE nspname = CURRENT_SCHEMA())
		WHERE a.attnum > 0 -- hide internal columns
		AND NOT a.attisdropped -- hide deleted columns
		AND b.relname = $1$

2025/02/13 14:38:37 /home/bryan/repos/skripsi/backend/setup/setup.go:78
[1.772ms] [rows:0] SELECT description FROM pg_catalog.pg_description WHERE objsubid = (SELECT ordinal_position FROM information_schema.columns WHERE table_schema = CURRENT_SCHEMA() AND table_name = 'daily_walks' AND column_name = 'id') AND objoid = (SELECT oid FROM pg_catalog.pg_class WHERE relname = 'daily_walks' AND relnamespace = (SELECT oid FROM pg_catalog.pg_namespace WHERE nspname = CURRENT_SCHEMA()))

2025/02/13 14:38:37 /home/bryan/repos/skripsi/backend/setup/setup.go:78
[1.736ms] [rows:0] SELECT description FROM pg_catalog.pg_description WHERE objsubid = (SELECT ordinal_position FROM information_schema.columns WHERE table_schema = CURRENT_SCHEMA() AND table_name = 'daily_walks' AND column_name = 'name') AND objoid = (SELECT oid FROM pg_catalog.pg_class WHERE relname = 'daily_walks' AND relnamespace = (SELECT oid FROM pg_catalog.pg_namespace WHERE nspname = CURRENT_SCHEMA()))

2025/02/13 14:38:37 /home/bryan/repos/skripsi/backend/setup/setup.go:78
[2.598ms] [rows:1] SELECT count(*) FROM information_schema.tables WHERE table_schema = CURRENT_SCHEMA() AND table_name = 'daily_playtimes' AND table_type = 'BASE TABLE'

2025/02/13 14:38:37 /home/bryan/repos/skripsi/backend/setup/setup.go:78
[1.077ms] [rows:1] SELECT CURRENT_DATABASE()

2025/02/13 14:38:37 /home/bryan/repos/skripsi/backend/setup/setup.go:78
[14.600ms] [rows:-] SELECT c.column_name, c.is_nullable = 'YES', c.udt_name, c.character_maximum_length, c.numeric_precision, c.numeric_precision_radix, c.numeric_scale, c.datetime_precision, 8 * typlen, c.column_default, pd.description, c.identity_increment FROM information_schema.columns AS c JOIN pg_type AS pgt ON c.udt_name = pgt.typname LEFT JOIN pg_catalog.pg_description as pd ON pd.objsubid = c.ordinal_position AND pd.objoid = (SELECT oid FROM pg_catalog.pg_class WHERE relname = c.table_name AND relnamespace = (SELECT oid FROM pg_catalog.pg_namespace WHERE nspname = c.table_schema)) where table_catalog = $1$ AND table_schema = CURRENT_SCHEMA() AND table_name = $2$

2025/02/13 14:38:37 /home/bryan/repos/skripsi/backend/setup/setup.go:78
[1.451ms] [rows:-] SELECT * FROM "daily_playtimes" LIMIT $1$

2025/02/13 14:38:37 /home/bryan/repos/skripsi/backend/setup/setup.go:78
[24.416ms] [rows:-] SELECT constraint_name FROM information_schema.table_constraints tc JOIN information_schema.constraint_column_usage AS ccu USING (constraint_schema, constraint_catalog, table_name, constraint_name) JOIN information_schema.columns AS c ON c.table_schema = tc.constraint_schema AND tc.table_name = c.table_name AND ccu.column_name = c.column_name WHERE constraint_type IN ('PRIMARY KEY', 'UNIQUE') AND c.table_catalog = $1$ AND c.table_schema = CURRENT_SCHEMA() AND c.table_name = $2$ AND constraint_type = $3$

2025/02/13 14:38:37 /home/bryan/repos/skripsi/backend/setup/setup.go:78
[24.673ms] [rows:-] SELECT c.column_name, constraint_name, constraint_type FROM information_schema.table_constraints tc JOIN information_schema.constraint_column_usage AS ccu USING (constraint_schema, constraint_catalog, table_name, constraint_name) JOIN information_schema.columns AS c ON c.table_schema = tc.constraint_schema AND tc.table_name = c.table_name AND ccu.column_name = c.column_name WHERE constraint_type IN ('PRIMARY KEY', 'UNIQUE') AND c.table_catalog = $1$ AND c.table_schema = CURRENT_SCHEMA() AND c.table_name = $2$

2025/02/13 14:38:37 /home/bryan/repos/skripsi/backend/setup/setup.go:78
[2.531ms] [rows:-] SELECT a.attname as column_name, format_type(a.atttypid, a.atttypmod) AS data_type
		FROM pg_attribute a JOIN pg_class b ON a.attrelid = b.oid AND relnamespace = (SELECT oid FROM pg_catalog.pg_namespace WHERE nspname = CURRENT_SCHEMA())
		WHERE a.attnum > 0 -- hide internal columns
		AND NOT a.attisdropped -- hide deleted columns
		AND b.relname = $1$

2025/02/13 14:38:37 /home/bryan/repos/skripsi/backend/setup/setup.go:78
[2.364ms] [rows:0] SELECT description FROM pg_catalog.pg_description WHERE objsubid = (SELECT ordinal_position FROM information_schema.columns WHERE table_schema = CURRENT_SCHEMA() AND table_name = 'daily_playtimes' AND column_name = 'id') AND objoid = (SELECT oid FROM pg_catalog.pg_class WHERE relname = 'daily_playtimes' AND relnamespace = (SELECT oid FROM pg_catalog.pg_namespace WHERE nspname = CURRENT_SCHEMA()))

2025/02/13 14:38:37 /home/bryan/repos/skripsi/backend/setup/setup.go:78
[2.185ms] [rows:0] SELECT description FROM pg_catalog.pg_description WHERE objsubid = (SELECT ordinal_position FROM information_schema.columns WHERE table_schema = CURRENT_SCHEMA() AND table_name = 'daily_playtimes' AND column_name = 'name') AND objoid = (SELECT oid FROM pg_catalog.pg_class WHERE relname = 'daily_playtimes' AND relnamespace = (SELECT oid FROM pg_catalog.pg_namespace WHERE nspname = CURRENT_SCHEMA()))

2025/02/13 14:38:37 /home/bryan/repos/skripsi/backend/setup/setup.go:78
[1.459ms] [rows:1] SELECT count(*) FROM information_schema.tables WHERE table_schema = CURRENT_SCHEMA() AND table_name = 'pet_daycares' AND table_type = 'BASE TABLE'

2025/02/13 14:38:37 /home/bryan/repos/skripsi/backend/setup/setup.go:78
[1.029ms] [rows:1] SELECT CURRENT_DATABASE()

2025/02/13 14:38:37 /home/bryan/repos/skripsi/backend/setup/setup.go:78
[6.829ms] [rows:-] SELECT c.column_name, c.is_nullable = 'YES', c.udt_name, c.character_maximum_length, c.numeric_precision, c.numeric_precision_radix, c.numeric_scale, c.datetime_precision, 8 * typlen, c.column_default, pd.description, c.identity_increment FROM information_schema.columns AS c JOIN pg_type AS pgt ON c.udt_name = pgt.typname LEFT JOIN pg_catalog.pg_description as pd ON pd.objsubid = c.ordinal_position AND pd.objoid = (SELECT oid FROM pg_catalog.pg_class WHERE relname = c.table_name AND relnamespace = (SELECT oid FROM pg_catalog.pg_namespace WHERE nspname = c.table_schema)) where table_catalog = $1$ AND table_schema = CURRENT_SCHEMA() AND table_name = $2$

2025/02/13 14:38:37 /home/bryan/repos/skripsi/backend/setup/setup.go:78
[1.563ms] [rows:-] SELECT * FROM "pet_daycares" LIMIT $1$

2025/02/13 14:38:37 /home/bryan/repos/skripsi/backend/setup/setup.go:78
[9.412ms] [rows:-] SELECT constraint_name FROM information_schema.table_constraints tc JOIN information_schema.constraint_column_usage AS ccu USING (constraint_schema, constraint_catalog, table_name, constraint_name) JOIN information_schema.columns AS c ON c.table_schema = tc.constraint_schema AND tc.table_name = c.table_name AND ccu.column_name = c.column_name WHERE constraint_type IN ('PRIMARY KEY', 'UNIQUE') AND c.table_catalog = $1$ AND c.table_schema = CURRENT_SCHEMA() AND c.table_name = $2$ AND constraint_type = $3$

2025/02/13 14:38:37 /home/bryan/repos/skripsi/backend/setup/setup.go:78
[9.502ms] [rows:-] SELECT c.column_name, constraint_name, constraint_type FROM information_schema.table_constraints tc JOIN information_schema.constraint_column_usage AS ccu USING (constraint_schema, constraint_catalog, table_name, constraint_name) JOIN information_schema.columns AS c ON c.table_schema = tc.constraint_schema AND tc.table_name = c.table_name AND ccu.column_name = c.column_name WHERE constraint_type IN ('PRIMARY KEY', 'UNIQUE') AND c.table_catalog = $1$ AND c.table_schema = CURRENT_SCHEMA() AND c.table_name = $2$

2025/02/13 14:38:37 /home/bryan/repos/skripsi/backend/setup/setup.go:78
[1.728ms] [rows:-] SELECT a.attname as column_name, format_type(a.atttypid, a.atttypmod) AS data_type
		FROM pg_attribute a JOIN pg_class b ON a.attrelid = b.oid AND relnamespace = (SELECT oid FROM pg_catalog.pg_namespace WHERE nspname = CURRENT_SCHEMA())
		WHERE a.attnum > 0 -- hide internal columns
		AND NOT a.attisdropped -- hide deleted columns
		AND b.relname = $1$

2025/02/13 14:38:37 /home/bryan/repos/skripsi/backend/setup/setup.go:78
[2.598ms] [rows:0] SELECT description FROM pg_catalog.pg_description WHERE objsubid = (SELECT ordinal_position FROM information_schema.columns WHERE table_schema = CURRENT_SCHEMA() AND table_name = 'pet_daycares' AND column_name = 'id') AND objoid = (SELECT oid FROM pg_catalog.pg_class WHERE relname = 'pet_daycares' AND relnamespace = (SELECT oid FROM pg_catalog.pg_namespace WHERE nspname = CURRENT_SCHEMA()))

2025/02/13 14:38:37 /home/bryan/repos/skripsi/backend/setup/setup.go:78
[2.336ms] [rows:0] SELECT description FROM pg_catalog.pg_description WHERE objsubid = (SELECT ordinal_position FROM information_schema.columns WHERE table_schema = CURRENT_SCHEMA() AND table_name = 'pet_daycares' AND column_name = 'created_at') AND objoid = (SELECT oid FROM pg_catalog.pg_class WHERE relname = 'pet_daycares' AND relnamespace = (SELECT oid FROM pg_catalog.pg_namespace WHERE nspname = CURRENT_SCHEMA()))

2025/02/13 14:38:37 /home/bryan/repos/skripsi/backend/setup/setup.go:78
[2.060ms] [rows:0] SELECT description FROM pg_catalog.pg_description WHERE objsubid = (SELECT ordinal_position FROM information_schema.columns WHERE table_schema = CURRENT_SCHEMA() AND table_name = 'pet_daycares' AND column_name = 'updated_at') AND objoid = (SELECT oid FROM pg_catalog.pg_class WHERE relname = 'pet_daycares' AND relnamespace = (SELECT oid FROM pg_catalog.pg_namespace WHERE nspname = CURRENT_SCHEMA()))

2025/02/13 14:38:37 /home/bryan/repos/skripsi/backend/setup/setup.go:78
[2.074ms] [rows:0] SELECT description FROM pg_catalog.pg_description WHERE objsubid = (SELECT ordinal_position FROM information_schema.columns WHERE table_schema = CURRENT_SCHEMA() AND table_name = 'pet_daycares' AND column_name = 'deleted_at') AND objoid = (SELECT oid FROM pg_catalog.pg_class WHERE relname = 'pet_daycares' AND relnamespace = (SELECT oid FROM pg_catalog.pg_namespace WHERE nspname = CURRENT_SCHEMA()))

2025/02/13 14:38:37 /home/bryan/repos/skripsi/backend/setup/setup.go:78
[2.178ms] [rows:0] SELECT description FROM pg_catalog.pg_description WHERE objsubid = (SELECT ordinal_position FROM information_schema.columns WHERE table_schema = CURRENT_SCHEMA() AND table_name = 'pet_daycares' AND column_name = 'name') AND objoid = (SELECT oid FROM pg_catalog.pg_class WHERE relname = 'pet_daycares' AND relnamespace = (SELECT oid FROM pg_catalog.pg_namespace WHERE nspname = CURRENT_SCHEMA()))

2025/02/13 14:38:37 /home/bryan/repos/skripsi/backend/setup/setup.go:78
[2.344ms] [rows:0] SELECT description FROM pg_catalog.pg_description WHERE objsubid = (SELECT ordinal_position FROM information_schema.columns WHERE table_schema = CURRENT_SCHEMA() AND table_name = 'pet_daycares' AND column_name = 'address') AND objoid = (SELECT oid FROM pg_catalog.pg_class WHERE relname = 'pet_daycares' AND relnamespace = (SELECT oid FROM pg_catalog.pg_namespace WHERE nspname = CURRENT_SCHEMA()))

2025/02/13 14:38:37 /home/bryan/repos/skripsi/backend/setup/setup.go:78
[2.462ms] [rows:0] SELECT description FROM pg_catalog.pg_description WHERE objsubid = (SELECT ordinal_position FROM information_schema.columns WHERE table_schema = CURRENT_SCHEMA() AND table_name = 'pet_daycares' AND column_name = 'latitude') AND objoid = (SELECT oid FROM pg_catalog.pg_class WHERE relname = 'pet_daycares' AND relnamespace = (SELECT oid FROM pg_catalog.pg_namespace WHERE nspname = CURRENT_SCHEMA()))

2025/02/13 14:38:37 /home/bryan/repos/skripsi/backend/setup/setup.go:78
[2.440ms] [rows:0] SELECT description FROM pg_catalog.pg_description WHERE objsubid = (SELECT ordinal_position FROM information_schema.columns WHERE table_schema = CURRENT_SCHEMA() AND table_name = 'pet_daycares' AND column_name = 'longitude') AND objoid = (SELECT oid FROM pg_catalog.pg_class WHERE relname = 'pet_daycares' AND relnamespace = (SELECT oid FROM pg_catalog.pg_namespace WHERE nspname = CURRENT_SCHEMA()))

2025/02/13 14:38:37 /home/bryan/repos/skripsi/backend/setup/setup.go:78
[2.184ms] [rows:0] SELECT description FROM pg_catalog.pg_description WHERE objsubid = (SELECT ordinal_position FROM information_schema.columns WHERE table_schema = CURRENT_SCHEMA() AND table_name = 'pet_daycares' AND column_name = 'price') AND objoid = (SELECT oid FROM pg_catalog.pg_class WHERE relname = 'pet_daycares' AND relnamespace = (SELECT oid FROM pg_catalog.pg_namespace WHERE nspname = CURRENT_SCHEMA()))

2025/02/13 14:38:37 /home/bryan/repos/skripsi/backend/setup/setup.go:78
[2.237ms] [rows:0] SELECT description FROM pg_catalog.pg_description WHERE objsubid = (SELECT ordinal_position FROM information_schema.columns WHERE table_schema = CURRENT_SCHEMA() AND table_name = 'pet_daycares' AND column_name = 'pricing_type') AND objoid = (SELECT oid FROM pg_catalog.pg_class WHERE relname = 'pet_daycares' AND relnamespace = (SELECT oid FROM pg_catalog.pg_namespace WHERE nspname = CURRENT_SCHEMA()))

2025/02/13 14:38:37 /home/bryan/repos/skripsi/backend/setup/setup.go:78
[2.427ms] [rows:0] SELECT description FROM pg_catalog.pg_description WHERE objsubid = (SELECT ordinal_position FROM information_schema.columns WHERE table_schema = CURRENT_SCHEMA() AND table_name = 'pet_daycares' AND column_name = 'description') AND objoid = (SELECT oid FROM pg_catalog.pg_class WHERE relname = 'pet_daycares' AND relnamespace = (SELECT oid FROM pg_catalog.pg_namespace WHERE nspname = CURRENT_SCHEMA()))

2025/02/13 14:38:37 /home/bryan/repos/skripsi/backend/setup/setup.go:78
[2.161ms] [rows:0] SELECT description FROM pg_catalog.pg_description WHERE objsubid = (SELECT ordinal_position FROM information_schema.columns WHERE table_schema = CURRENT_SCHEMA() AND table_name = 'pet_daycares' AND column_name = 'has_pickup_service') AND objoid = (SELECT oid FROM pg_catalog.pg_class WHERE relname = 'pet_daycares' AND relnamespace = (SELECT oid FROM pg_catalog.pg_namespace WHERE nspname = CURRENT_SCHEMA()))

2025/02/13 14:38:37 /home/bryan/repos/skripsi/backend/setup/setup.go:78
[2.375ms] [rows:0] SELECT description FROM pg_catalog.pg_description WHERE objsubid = (SELECT ordinal_position FROM information_schema.columns WHERE table_schema = CURRENT_SCHEMA() AND table_name = 'pet_daycares' AND column_name = 'must_be_vaccinated') AND objoid = (SELECT oid FROM pg_catalog.pg_class WHERE relname = 'pet_daycares' AND relnamespace = (SELECT oid FROM pg_catalog.pg_namespace WHERE nspname = CURRENT_SCHEMA()))

2025/02/13 14:38:37 /home/bryan/repos/skripsi/backend/setup/setup.go:78
[2.370ms] [rows:0] SELECT description FROM pg_catalog.pg_description WHERE objsubid = (SELECT ordinal_position FROM information_schema.columns WHERE table_schema = CURRENT_SCHEMA() AND table_name = 'pet_daycares' AND column_name = 'food_provided') AND objoid = (SELECT oid FROM pg_catalog.pg_class WHERE relname = 'pet_daycares' AND relnamespace = (SELECT oid FROM pg_catalog.pg_namespace WHERE nspname = CURRENT_SCHEMA()))

2025/02/13 14:38:37 /home/bryan/repos/skripsi/backend/setup/setup.go:78
[2.199ms] [rows:0] SELECT description FROM pg_catalog.pg_description WHERE objsubid = (SELECT ordinal_position FROM information_schema.columns WHERE table_schema = CURRENT_SCHEMA() AND table_name = 'pet_daycares' AND column_name = 'grooming_available') AND objoid = (SELECT oid FROM pg_catalog.pg_class WHERE relname = 'pet_daycares' AND relnamespace = (SELECT oid FROM pg_catalog.pg_namespace WHERE nspname = CURRENT_SCHEMA()))

2025/02/13 14:38:37 /home/bryan/repos/skripsi/backend/setup/setup.go:78
[2.059ms] [rows:0] SELECT description FROM pg_catalog.pg_description WHERE objsubid = (SELECT ordinal_position FROM information_schema.columns WHERE table_schema = CURRENT_SCHEMA() AND table_name = 'pet_daycares' AND column_name = 'booked_num') AND objoid = (SELECT oid FROM pg_catalog.pg_class WHERE relname = 'pet_daycares' AND relnamespace = (SELECT oid FROM pg_catalog.pg_namespace WHERE nspname = CURRENT_SCHEMA()))

2025/02/13 14:38:37 /home/bryan/repos/skripsi/backend/setup/setup.go:78
[2.673ms] [rows:0] SELECT description FROM pg_catalog.pg_description WHERE objsubid = (SELECT ordinal_position FROM information_schema.columns WHERE table_schema = CURRENT_SCHEMA() AND table_name = 'pet_daycares' AND column_name = 'daily_walks_id') AND objoid = (SELECT oid FROM pg_catalog.pg_class WHERE relname = 'pet_daycares' AND relnamespace = (SELECT oid FROM pg_catalog.pg_namespace WHERE nspname = CURRENT_SCHEMA()))

2025/02/13 14:38:37 /home/bryan/repos/skripsi/backend/setup/setup.go:78
[2.518ms] [rows:0] SELECT description FROM pg_catalog.pg_description WHERE objsubid = (SELECT ordinal_position FROM information_schema.columns WHERE table_schema = CURRENT_SCHEMA() AND table_name = 'pet_daycares' AND column_name = 'daily_playtime_id') AND objoid = (SELECT oid FROM pg_catalog.pg_class WHERE relname = 'pet_daycares' AND relnamespace = (SELECT oid FROM pg_catalog.pg_namespace WHERE nspname = CURRENT_SCHEMA()))

2025/02/13 14:38:37 /home/bryan/repos/skripsi/backend/setup/setup.go:78
[2.193ms] [rows:0] SELECT description FROM pg_catalog.pg_description WHERE objsubid = (SELECT ordinal_position FROM information_schema.columns WHERE table_schema = CURRENT_SCHEMA() AND table_name = 'pet_daycares' AND column_name = 'owner_id') AND objoid = (SELECT oid FROM pg_catalog.pg_class WHERE relname = 'pet_daycares' AND relnamespace = (SELECT oid FROM pg_catalog.pg_namespace WHERE nspname = CURRENT_SCHEMA()))

2025/02/13 14:38:37 /home/bryan/repos/skripsi/backend/setup/setup.go:78
[2.163ms] [rows:0] SELECT description FROM pg_catalog.pg_description WHERE objsubid = (SELECT ordinal_position FROM information_schema.columns WHERE table_schema = CURRENT_SCHEMA() AND table_name = 'pet_daycares' AND column_name = 'food_brand') AND objoid = (SELECT oid FROM pg_catalog.pg_class WHERE relname = 'pet_daycares' AND relnamespace = (SELECT oid FROM pg_catalog.pg_namespace WHERE nspname = CURRENT_SCHEMA()))

2025/02/13 14:38:37 /home/bryan/repos/skripsi/backend/setup/setup.go:78
[5.494ms] [rows:1] SELECT count(*) FROM INFORMATION_SCHEMA.table_constraints WHERE table_schema = CURRENT_SCHEMA() AND table_name = 'pet_daycares' AND constraint_name = 'fk_users_pet_daycare'

2025/02/13 14:38:37 /home/bryan/repos/skripsi/backend/setup/setup.go:78
[5.594ms] [rows:1] SELECT count(*) FROM INFORMATION_SCHEMA.table_constraints WHERE table_schema = CURRENT_SCHEMA() AND table_name = 'pet_daycares' AND constraint_name = 'fk_pet_daycares_daily_walks'

2025/02/13 14:38:37 /home/bryan/repos/skripsi/backend/setup/setup.go:78
[5.491ms] [rows:1] SELECT count(*) FROM INFORMATION_SCHEMA.table_constraints WHERE table_schema = CURRENT_SCHEMA() AND table_name = 'pet_daycares' AND constraint_name = 'fk_pet_daycares_daily_playtime'

2025/02/13 14:38:37 /home/bryan/repos/skripsi/backend/setup/setup.go:78
[3.709ms] [rows:1] SELECT count(*) FROM pg_indexes WHERE tablename = 'pet_daycares' AND indexname = 'idx_pet_daycares_deleted_at' AND schemaname = CURRENT_SCHEMA()

2025/02/13 14:38:37 /home/bryan/repos/skripsi/backend/setup/setup.go:78
[1.530ms] [rows:1] SELECT count(*) FROM information_schema.tables WHERE table_schema = CURRENT_SCHEMA() AND table_name = 'species' AND table_type = 'BASE TABLE'

2025/02/13 14:38:37 /home/bryan/repos/skripsi/backend/setup/setup.go:78
[1.146ms] [rows:1] SELECT CURRENT_DATABASE()

2025/02/13 14:38:37 /home/bryan/repos/skripsi/backend/setup/setup.go:78
[4.984ms] [rows:-] SELECT c.column_name, c.is_nullable = 'YES', c.udt_name, c.character_maximum_length, c.numeric_precision, c.numeric_precision_radix, c.numeric_scale, c.datetime_precision, 8 * typlen, c.column_default, pd.description, c.identity_increment FROM information_schema.columns AS c JOIN pg_type AS pgt ON c.udt_name = pgt.typname LEFT JOIN pg_catalog.pg_description as pd ON pd.objsubid = c.ordinal_position AND pd.objoid = (SELECT oid FROM pg_catalog.pg_class WHERE relname = c.table_name AND relnamespace = (SELECT oid FROM pg_catalog.pg_namespace WHERE nspname = c.table_schema)) where table_catalog = $1$ AND table_schema = CURRENT_SCHEMA() AND table_name = $2$

2025/02/13 14:38:37 /home/bryan/repos/skripsi/backend/setup/setup.go:78
[1.530ms] [rows:-] SELECT * FROM "species" LIMIT $1$

2025/02/13 14:38:37 /home/bryan/repos/skripsi/backend/setup/setup.go:78
[3.649ms] [rows:-] SELECT constraint_name FROM information_schema.table_constraints tc JOIN information_schema.constraint_column_usage AS ccu USING (constraint_schema, constraint_catalog, table_name, constraint_name) JOIN information_schema.columns AS c ON c.table_schema = tc.constraint_schema AND tc.table_name = c.table_name AND ccu.column_name = c.column_name WHERE constraint_type IN ('PRIMARY KEY', 'UNIQUE') AND c.table_catalog = $1$ AND c.table_schema = CURRENT_SCHEMA() AND c.table_name = $2$ AND constraint_type = $3$

2025/02/13 14:38:37 /home/bryan/repos/skripsi/backend/setup/setup.go:78
[3.464ms] [rows:-] SELECT c.column_name, constraint_name, constraint_type FROM information_schema.table_constraints tc JOIN information_schema.constraint_column_usage AS ccu USING (constraint_schema, constraint_catalog, table_name, constraint_name) JOIN information_schema.columns AS c ON c.table_schema = tc.constraint_schema AND tc.table_name = c.table_name AND ccu.column_name = c.column_name WHERE constraint_type IN ('PRIMARY KEY', 'UNIQUE') AND c.table_catalog = $1$ AND c.table_schema = CURRENT_SCHEMA() AND c.table_name = $2$

2025/02/13 14:38:37 /home/bryan/repos/skripsi/backend/setup/setup.go:78
[1.471ms] [rows:-] SELECT a.attname as column_name, format_type(a.atttypid, a.atttypmod) AS data_type
		FROM pg_attribute a JOIN pg_class b ON a.attrelid = b.oid AND relnamespace = (SELECT oid FROM pg_catalog.pg_namespace WHERE nspname = CURRENT_SCHEMA())
		WHERE a.attnum > 0 -- hide internal columns
		AND NOT a.attisdropped -- hide deleted columns
		AND b.relname = $1$

2025/02/13 14:38:37 /home/bryan/repos/skripsi/backend/setup/setup.go:78
[2.190ms] [rows:0] SELECT description FROM pg_catalog.pg_description WHERE objsubid = (SELECT ordinal_position FROM information_schema.columns WHERE table_schema = CURRENT_SCHEMA() AND table_name = 'species' AND column_name = 'id') AND objoid = (SELECT oid FROM pg_catalog.pg_class WHERE relname = 'species' AND relnamespace = (SELECT oid FROM pg_catalog.pg_namespace WHERE nspname = CURRENT_SCHEMA()))

2025/02/13 14:38:37 /home/bryan/repos/skripsi/backend/setup/setup.go:78
[1.988ms] [rows:0] SELECT description FROM pg_catalog.pg_description WHERE objsubid = (SELECT ordinal_position FROM information_schema.columns WHERE table_schema = CURRENT_SCHEMA() AND table_name = 'species' AND column_name = 'name') AND objoid = (SELECT oid FROM pg_catalog.pg_class WHERE relname = 'species' AND relnamespace = (SELECT oid FROM pg_catalog.pg_namespace WHERE nspname = CURRENT_SCHEMA()))

2025/02/13 14:38:37 /home/bryan/repos/skripsi/backend/setup/setup.go:78
[1.560ms] [rows:1] SELECT count(*) FROM information_schema.tables WHERE table_schema = CURRENT_SCHEMA() AND table_name = 'size_categories' AND table_type = 'BASE TABLE'

2025/02/13 14:38:37 /home/bryan/repos/skripsi/backend/setup/setup.go:78
[1.158ms] [rows:1] SELECT CURRENT_DATABASE()

2025/02/13 14:38:37 /home/bryan/repos/skripsi/backend/setup/setup.go:78
[4.332ms] [rows:-] SELECT c.column_name, c.is_nullable = 'YES', c.udt_name, c.character_maximum_length, c.numeric_precision, c.numeric_precision_radix, c.numeric_scale, c.datetime_precision, 8 * typlen, c.column_default, pd.description, c.identity_increment FROM information_schema.columns AS c JOIN pg_type AS pgt ON c.udt_name = pgt.typname LEFT JOIN pg_catalog.pg_description as pd ON pd.objsubid = c.ordinal_position AND pd.objoid = (SELECT oid FROM pg_catalog.pg_class WHERE relname = c.table_name AND relnamespace = (SELECT oid FROM pg_catalog.pg_namespace WHERE nspname = c.table_schema)) where table_catalog = $1$ AND table_schema = CURRENT_SCHEMA() AND table_name = $2$

2025/02/13 14:38:37 /home/bryan/repos/skripsi/backend/setup/setup.go:78
[1.336ms] [rows:-] SELECT * FROM "size_categories" LIMIT $1$

2025/02/13 14:38:37 /home/bryan/repos/skripsi/backend/setup/setup.go:78
[3.591ms] [rows:-] SELECT constraint_name FROM information_schema.table_constraints tc JOIN information_schema.constraint_column_usage AS ccu USING (constraint_schema, constraint_catalog, table_name, constraint_name) JOIN information_schema.columns AS c ON c.table_schema = tc.constraint_schema AND tc.table_name = c.table_name AND ccu.column_name = c.column_name WHERE constraint_type IN ('PRIMARY KEY', 'UNIQUE') AND c.table_catalog = $1$ AND c.table_schema = CURRENT_SCHEMA() AND c.table_name = $2$ AND constraint_type = $3$

2025/02/13 14:38:37 /home/bryan/repos/skripsi/backend/setup/setup.go:78
[3.671ms] [rows:-] SELECT c.column_name, constraint_name, constraint_type FROM information_schema.table_constraints tc JOIN information_schema.constraint_column_usage AS ccu USING (constraint_schema, constraint_catalog, table_name, constraint_name) JOIN information_schema.columns AS c ON c.table_schema = tc.constraint_schema AND tc.table_name = c.table_name AND ccu.column_name = c.column_name WHERE constraint_type IN ('PRIMARY KEY', 'UNIQUE') AND c.table_catalog = $1$ AND c.table_schema = CURRENT_SCHEMA() AND c.table_name = $2$

2025/02/13 14:38:37 /home/bryan/repos/skripsi/backend/setup/setup.go:78
[1.492ms] [rows:-] SELECT a.attname as column_name, format_type(a.atttypid, a.atttypmod) AS data_type
		FROM pg_attribute a JOIN pg_class b ON a.attrelid = b.oid AND relnamespace = (SELECT oid FROM pg_catalog.pg_namespace WHERE nspname = CURRENT_SCHEMA())
		WHERE a.attnum > 0 -- hide internal columns
		AND NOT a.attisdropped -- hide deleted columns
		AND b.relname = $1$

2025/02/13 14:38:37 /home/bryan/repos/skripsi/backend/setup/setup.go:78
[2.154ms] [rows:0] SELECT description FROM pg_catalog.pg_description WHERE objsubid = (SELECT ordinal_position FROM information_schema.columns WHERE table_schema = CURRENT_SCHEMA() AND table_name = 'size_categories' AND column_name = 'id') AND objoid = (SELECT oid FROM pg_catalog.pg_class WHERE relname = 'size_categories' AND relnamespace = (SELECT oid FROM pg_catalog.pg_namespace WHERE nspname = CURRENT_SCHEMA()))

2025/02/13 14:38:37 /home/bryan/repos/skripsi/backend/setup/setup.go:78
[2.022ms] [rows:0] SELECT description FROM pg_catalog.pg_description WHERE objsubid = (SELECT ordinal_position FROM information_schema.columns WHERE table_schema = CURRENT_SCHEMA() AND table_name = 'size_categories' AND column_name = 'name') AND objoid = (SELECT oid FROM pg_catalog.pg_class WHERE relname = 'size_categories' AND relnamespace = (SELECT oid FROM pg_catalog.pg_namespace WHERE nspname = CURRENT_SCHEMA()))

2025/02/13 14:38:37 /home/bryan/repos/skripsi/backend/setup/setup.go:78
[2.028ms] [rows:0] SELECT description FROM pg_catalog.pg_description WHERE objsubid = (SELECT ordinal_position FROM information_schema.columns WHERE table_schema = CURRENT_SCHEMA() AND table_name = 'size_categories' AND column_name = 'min_weight') AND objoid = (SELECT oid FROM pg_catalog.pg_class WHERE relname = 'size_categories' AND relnamespace = (SELECT oid FROM pg_catalog.pg_namespace WHERE nspname = CURRENT_SCHEMA()))

2025/02/13 14:38:37 /home/bryan/repos/skripsi/backend/setup/setup.go:78
[2.224ms] [rows:0] SELECT description FROM pg_catalog.pg_description WHERE objsubid = (SELECT ordinal_position FROM information_schema.columns WHERE table_schema = CURRENT_SCHEMA() AND table_name = 'size_categories' AND column_name = 'max_weight') AND objoid = (SELECT oid FROM pg_catalog.pg_class WHERE relname = 'size_categories' AND relnamespace = (SELECT oid FROM pg_catalog.pg_namespace WHERE nspname = CURRENT_SCHEMA()))

2025/02/13 14:38:37 /home/bryan/repos/skripsi/backend/setup/setup.go:78
[1.510ms] [rows:1] SELECT count(*) FROM information_schema.tables WHERE table_schema = CURRENT_SCHEMA() AND table_name = 'pets' AND table_type = 'BASE TABLE'

2025/02/13 14:38:37 /home/bryan/repos/skripsi/backend/setup/setup.go:78
[1.167ms] [rows:1] SELECT CURRENT_DATABASE()

2025/02/13 14:38:37 /home/bryan/repos/skripsi/backend/setup/setup.go:78
[5.288ms] [rows:-] SELECT c.column_name, c.is_nullable = 'YES', c.udt_name, c.character_maximum_length, c.numeric_precision, c.numeric_precision_radix, c.numeric_scale, c.datetime_precision, 8 * typlen, c.column_default, pd.description, c.identity_increment FROM information_schema.columns AS c JOIN pg_type AS pgt ON c.udt_name = pgt.typname LEFT JOIN pg_catalog.pg_description as pd ON pd.objsubid = c.ordinal_position AND pd.objoid = (SELECT oid FROM pg_catalog.pg_class WHERE relname = c.table_name AND relnamespace = (SELECT oid FROM pg_catalog.pg_namespace WHERE nspname = c.table_schema)) where table_catalog = $1$ AND table_schema = CURRENT_SCHEMA() AND table_name = $2$

2025/02/13 14:38:37 /home/bryan/repos/skripsi/backend/setup/setup.go:78
[1.520ms] [rows:-] SELECT * FROM "pets" LIMIT $1$

2025/02/13 14:38:37 /home/bryan/repos/skripsi/backend/setup/setup.go:78
[5.051ms] [rows:-] SELECT constraint_name FROM information_schema.table_constraints tc JOIN information_schema.constraint_column_usage AS ccu USING (constraint_schema, constraint_catalog, table_name, constraint_name) JOIN information_schema.columns AS c ON c.table_schema = tc.constraint_schema AND tc.table_name = c.table_name AND ccu.column_name = c.column_name WHERE constraint_type IN ('PRIMARY KEY', 'UNIQUE') AND c.table_catalog = $1$ AND c.table_schema = CURRENT_SCHEMA() AND c.table_name = $2$ AND constraint_type = $3$

2025/02/13 14:38:37 /home/bryan/repos/skripsi/backend/setup/setup.go:78
[5.062ms] [rows:-] SELECT c.column_name, constraint_name, constraint_type FROM information_schema.table_constraints tc JOIN information_schema.constraint_column_usage AS ccu USING (constraint_schema, constraint_catalog, table_name, constraint_name) JOIN information_schema.columns AS c ON c.table_schema = tc.constraint_schema AND tc.table_name = c.table_name AND ccu.column_name = c.column_name WHERE constraint_type IN ('PRIMARY KEY', 'UNIQUE') AND c.table_catalog = $1$ AND c.table_schema = CURRENT_SCHEMA() AND c.table_name = $2$

2025/02/13 14:38:37 /home/bryan/repos/skripsi/backend/setup/setup.go:78
[1.672ms] [rows:-] SELECT a.attname as column_name, format_type(a.atttypid, a.atttypmod) AS data_type
		FROM pg_attribute a JOIN pg_class b ON a.attrelid = b.oid AND relnamespace = (SELECT oid FROM pg_catalog.pg_namespace WHERE nspname = CURRENT_SCHEMA())
		WHERE a.attnum > 0 -- hide internal columns
		AND NOT a.attisdropped -- hide deleted columns
		AND b.relname = $1$

2025/02/13 14:38:37 /home/bryan/repos/skripsi/backend/setup/setup.go:78
[2.303ms] [rows:0] SELECT description FROM pg_catalog.pg_description WHERE objsubid = (SELECT ordinal_position FROM information_schema.columns WHERE table_schema = CURRENT_SCHEMA() AND table_name = 'pets' AND column_name = 'id') AND objoid = (SELECT oid FROM pg_catalog.pg_class WHERE relname = 'pets' AND relnamespace = (SELECT oid FROM pg_catalog.pg_namespace WHERE nspname = CURRENT_SCHEMA()))

2025/02/13 14:38:37 /home/bryan/repos/skripsi/backend/setup/setup.go:78
[2.294ms] [rows:0] SELECT description FROM pg_catalog.pg_description WHERE objsubid = (SELECT ordinal_position FROM information_schema.columns WHERE table_schema = CURRENT_SCHEMA() AND table_name = 'pets' AND column_name = 'created_at') AND objoid = (SELECT oid FROM pg_catalog.pg_class WHERE relname = 'pets' AND relnamespace = (SELECT oid FROM pg_catalog.pg_namespace WHERE nspname = CURRENT_SCHEMA()))

2025/02/13 14:38:37 /home/bryan/repos/skripsi/backend/setup/setup.go:78
[2.138ms] [rows:0] SELECT description FROM pg_catalog.pg_description WHERE objsubid = (SELECT ordinal_position FROM information_schema.columns WHERE table_schema = CURRENT_SCHEMA() AND table_name = 'pets' AND column_name = 'updated_at') AND objoid = (SELECT oid FROM pg_catalog.pg_class WHERE relname = 'pets' AND relnamespace = (SELECT oid FROM pg_catalog.pg_namespace WHERE nspname = CURRENT_SCHEMA()))

2025/02/13 14:38:37 /home/bryan/repos/skripsi/backend/setup/setup.go:78
[2.445ms] [rows:0] SELECT description FROM pg_catalog.pg_description WHERE objsubid = (SELECT ordinal_position FROM information_schema.columns WHERE table_schema = CURRENT_SCHEMA() AND table_name = 'pets' AND column_name = 'deleted_at') AND objoid = (SELECT oid FROM pg_catalog.pg_class WHERE relname = 'pets' AND relnamespace = (SELECT oid FROM pg_catalog.pg_namespace WHERE nspname = CURRENT_SCHEMA()))

2025/02/13 14:38:37 /home/bryan/repos/skripsi/backend/setup/setup.go:78
[2.460ms] [rows:0] SELECT description FROM pg_catalog.pg_description WHERE objsubid = (SELECT ordinal_position FROM information_schema.columns WHERE table_schema = CURRENT_SCHEMA() AND table_name = 'pets' AND column_name = 'name') AND objoid = (SELECT oid FROM pg_catalog.pg_class WHERE relname = 'pets' AND relnamespace = (SELECT oid FROM pg_catalog.pg_namespace WHERE nspname = CURRENT_SCHEMA()))

2025/02/13 14:38:37 /home/bryan/repos/skripsi/backend/setup/setup.go:78
[2.015ms] [rows:0] SELECT description FROM pg_catalog.pg_description WHERE objsubid = (SELECT ordinal_position FROM information_schema.columns WHERE table_schema = CURRENT_SCHEMA() AND table_name = 'pets' AND column_name = 'image_url') AND objoid = (SELECT oid FROM pg_catalog.pg_class WHERE relname = 'pets' AND relnamespace = (SELECT oid FROM pg_catalog.pg_namespace WHERE nspname = CURRENT_SCHEMA()))

2025/02/13 14:38:37 /home/bryan/repos/skripsi/backend/setup/setup.go:78
[2.142ms] [rows:0] SELECT description FROM pg_catalog.pg_description WHERE objsubid = (SELECT ordinal_position FROM information_schema.columns WHERE table_schema = CURRENT_SCHEMA() AND table_name = 'pets' AND column_name = 'status') AND objoid = (SELECT oid FROM pg_catalog.pg_class WHERE relname = 'pets' AND relnamespace = (SELECT oid FROM pg_catalog.pg_namespace WHERE nspname = CURRENT_SCHEMA()))

2025/02/13 14:38:37 /home/bryan/repos/skripsi/backend/setup/setup.go:78
[2.111ms] [rows:0] SELECT description FROM pg_catalog.pg_description WHERE objsubid = (SELECT ordinal_position FROM information_schema.columns WHERE table_schema = CURRENT_SCHEMA() AND table_name = 'pets' AND column_name = 'owner_id') AND objoid = (SELECT oid FROM pg_catalog.pg_class WHERE relname = 'pets' AND relnamespace = (SELECT oid FROM pg_catalog.pg_namespace WHERE nspname = CURRENT_SCHEMA()))

2025/02/13 14:38:37 /home/bryan/repos/skripsi/backend/setup/setup.go:78
[2.325ms] [rows:0] SELECT description FROM pg_catalog.pg_description WHERE objsubid = (SELECT ordinal_position FROM information_schema.columns WHERE table_schema = CURRENT_SCHEMA() AND table_name = 'pets' AND column_name = 'species_id') AND objoid = (SELECT oid FROM pg_catalog.pg_class WHERE relname = 'pets' AND relnamespace = (SELECT oid FROM pg_catalog.pg_namespace WHERE nspname = CURRENT_SCHEMA()))

2025/02/13 14:38:37 /home/bryan/repos/skripsi/backend/setup/setup.go:78
[2.248ms] [rows:0] SELECT description FROM pg_catalog.pg_description WHERE objsubid = (SELECT ordinal_position FROM information_schema.columns WHERE table_schema = CURRENT_SCHEMA() AND table_name = 'pets' AND column_name = 'size_id') AND objoid = (SELECT oid FROM pg_catalog.pg_class WHERE relname = 'pets' AND relnamespace = (SELECT oid FROM pg_catalog.pg_namespace WHERE nspname = CURRENT_SCHEMA()))

2025/02/13 14:38:37 /home/bryan/repos/skripsi/backend/setup/setup.go:78
[1.893ms] [rows:1] SELECT count(*) FROM INFORMATION_SCHEMA.table_constraints WHERE table_schema = CURRENT_SCHEMA() AND table_name = 'pets' AND constraint_name = 'fk_users_pets'

2025/02/13 14:38:37 /home/bryan/repos/skripsi/backend/setup/setup.go:78
[1.819ms] [rows:1] SELECT count(*) FROM INFORMATION_SCHEMA.table_constraints WHERE table_schema = CURRENT_SCHEMA() AND table_name = 'pets' AND constraint_name = 'fk_pets_species'

2025/02/13 14:38:37 /home/bryan/repos/skripsi/backend/setup/setup.go:78
[1.771ms] [rows:1] SELECT count(*) FROM INFORMATION_SCHEMA.table_constraints WHERE table_schema = CURRENT_SCHEMA() AND table_name = 'pets' AND constraint_name = 'fk_pets_size_category'

2025/02/13 14:38:37 /home/bryan/repos/skripsi/backend/setup/setup.go:78
[4.403ms] [rows:1] SELECT count(*) FROM pg_indexes WHERE tablename = 'pets' AND indexname = 'idx_pets_deleted_at' AND schemaname = CURRENT_SCHEMA()

2025/02/13 14:38:37 /home/bryan/repos/skripsi/backend/setup/setup.go:78
[1.872ms] [rows:1] SELECT count(*) FROM information_schema.tables WHERE table_schema = CURRENT_SCHEMA() AND table_name = 'slots' AND table_type = 'BASE TABLE'

2025/02/13 14:38:37 /home/bryan/repos/skripsi/backend/setup/setup.go:78
[1.084ms] [rows:1] SELECT CURRENT_DATABASE()

2025/02/13 14:38:37 /home/bryan/repos/skripsi/backend/setup/setup.go:78
[4.907ms] [rows:-] SELECT c.column_name, c.is_nullable = 'YES', c.udt_name, c.character_maximum_length, c.numeric_precision, c.numeric_precision_radix, c.numeric_scale, c.datetime_precision, 8 * typlen, c.column_default, pd.description, c.identity_increment FROM information_schema.columns AS c JOIN pg_type AS pgt ON c.udt_name = pgt.typname LEFT JOIN pg_catalog.pg_description as pd ON pd.objsubid = c.ordinal_position AND pd.objoid = (SELECT oid FROM pg_catalog.pg_class WHERE relname = c.table_name AND relnamespace = (SELECT oid FROM pg_catalog.pg_namespace WHERE nspname = c.table_schema)) where table_catalog = $1$ AND table_schema = CURRENT_SCHEMA() AND table_name = $2$

2025/02/13 14:38:37 /home/bryan/repos/skripsi/backend/setup/setup.go:78
[1.318ms] [rows:-] SELECT * FROM "slots" LIMIT $1$

2025/02/13 14:38:37 /home/bryan/repos/skripsi/backend/setup/setup.go:78
[4.428ms] [rows:-] SELECT constraint_name FROM information_schema.table_constraints tc JOIN information_schema.constraint_column_usage AS ccu USING (constraint_schema, constraint_catalog, table_name, constraint_name) JOIN information_schema.columns AS c ON c.table_schema = tc.constraint_schema AND tc.table_name = c.table_name AND ccu.column_name = c.column_name WHERE constraint_type IN ('PRIMARY KEY', 'UNIQUE') AND c.table_catalog = $1$ AND c.table_schema = CURRENT_SCHEMA() AND c.table_name = $2$ AND constraint_type = $3$

2025/02/13 14:38:37 /home/bryan/repos/skripsi/backend/setup/setup.go:78
[5.153ms] [rows:-] SELECT c.column_name, constraint_name, constraint_type FROM information_schema.table_constraints tc JOIN information_schema.constraint_column_usage AS ccu USING (constraint_schema, constraint_catalog, table_name, constraint_name) JOIN information_schema.columns AS c ON c.table_schema = tc.constraint_schema AND tc.table_name = c.table_name AND ccu.column_name = c.column_name WHERE constraint_type IN ('PRIMARY KEY', 'UNIQUE') AND c.table_catalog = $1$ AND c.table_schema = CURRENT_SCHEMA() AND c.table_name = $2$

2025/02/13 14:38:37 /home/bryan/repos/skripsi/backend/setup/setup.go:78
[1.438ms] [rows:-] SELECT a.attname as column_name, format_type(a.atttypid, a.atttypmod) AS data_type
		FROM pg_attribute a JOIN pg_class b ON a.attrelid = b.oid AND relnamespace = (SELECT oid FROM pg_catalog.pg_namespace WHERE nspname = CURRENT_SCHEMA())
		WHERE a.attnum > 0 -- hide internal columns
		AND NOT a.attisdropped -- hide deleted columns
		AND b.relname = $1$

2025/02/13 14:38:37 /home/bryan/repos/skripsi/backend/setup/setup.go:78
[2.137ms] [rows:0] SELECT description FROM pg_catalog.pg_description WHERE objsubid = (SELECT ordinal_position FROM information_schema.columns WHERE table_schema = CURRENT_SCHEMA() AND table_name = 'slots' AND column_name = 'id') AND objoid = (SELECT oid FROM pg_catalog.pg_class WHERE relname = 'slots' AND relnamespace = (SELECT oid FROM pg_catalog.pg_namespace WHERE nspname = CURRENT_SCHEMA()))

2025/02/13 14:38:37 /home/bryan/repos/skripsi/backend/setup/setup.go:78
[2.189ms] [rows:0] SELECT description FROM pg_catalog.pg_description WHERE objsubid = (SELECT ordinal_position FROM information_schema.columns WHERE table_schema = CURRENT_SCHEMA() AND table_name = 'slots' AND column_name = 'created_at') AND objoid = (SELECT oid FROM pg_catalog.pg_class WHERE relname = 'slots' AND relnamespace = (SELECT oid FROM pg_catalog.pg_namespace WHERE nspname = CURRENT_SCHEMA()))

2025/02/13 14:38:37 /home/bryan/repos/skripsi/backend/setup/setup.go:78
[2.363ms] [rows:0] SELECT description FROM pg_catalog.pg_description WHERE objsubid = (SELECT ordinal_position FROM information_schema.columns WHERE table_schema = CURRENT_SCHEMA() AND table_name = 'slots' AND column_name = 'updated_at') AND objoid = (SELECT oid FROM pg_catalog.pg_class WHERE relname = 'slots' AND relnamespace = (SELECT oid FROM pg_catalog.pg_namespace WHERE nspname = CURRENT_SCHEMA()))

2025/02/13 14:38:37 /home/bryan/repos/skripsi/backend/setup/setup.go:78
[2.333ms] [rows:0] SELECT description FROM pg_catalog.pg_description WHERE objsubid = (SELECT ordinal_position FROM information_schema.columns WHERE table_schema = CURRENT_SCHEMA() AND table_name = 'slots' AND column_name = 'deleted_at') AND objoid = (SELECT oid FROM pg_catalog.pg_class WHERE relname = 'slots' AND relnamespace = (SELECT oid FROM pg_catalog.pg_namespace WHERE nspname = CURRENT_SCHEMA()))

2025/02/13 14:38:37 /home/bryan/repos/skripsi/backend/setup/setup.go:78
[2.147ms] [rows:0] SELECT description FROM pg_catalog.pg_description WHERE objsubid = (SELECT ordinal_position FROM information_schema.columns WHERE table_schema = CURRENT_SCHEMA() AND table_name = 'slots' AND column_name = 'daycare_id') AND objoid = (SELECT oid FROM pg_catalog.pg_class WHERE relname = 'slots' AND relnamespace = (SELECT oid FROM pg_catalog.pg_namespace WHERE nspname = CURRENT_SCHEMA()))

2025/02/13 14:38:37 /home/bryan/repos/skripsi/backend/setup/setup.go:78
[2.065ms] [rows:0] SELECT description FROM pg_catalog.pg_description WHERE objsubid = (SELECT ordinal_position FROM information_schema.columns WHERE table_schema = CURRENT_SCHEMA() AND table_name = 'slots' AND column_name = 'species_id') AND objoid = (SELECT oid FROM pg_catalog.pg_class WHERE relname = 'slots' AND relnamespace = (SELECT oid FROM pg_catalog.pg_namespace WHERE nspname = CURRENT_SCHEMA()))

2025/02/13 14:38:37 /home/bryan/repos/skripsi/backend/setup/setup.go:78
[2.220ms] [rows:0] SELECT description FROM pg_catalog.pg_description WHERE objsubid = (SELECT ordinal_position FROM information_schema.columns WHERE table_schema = CURRENT_SCHEMA() AND table_name = 'slots' AND column_name = 'size_category_id') AND objoid = (SELECT oid FROM pg_catalog.pg_class WHERE relname = 'slots' AND relnamespace = (SELECT oid FROM pg_catalog.pg_namespace WHERE nspname = CURRENT_SCHEMA()))

2025/02/13 14:38:37 /home/bryan/repos/skripsi/backend/setup/setup.go:78
[2.039ms] [rows:0] SELECT description FROM pg_catalog.pg_description WHERE objsubid = (SELECT ordinal_position FROM information_schema.columns WHERE table_schema = CURRENT_SCHEMA() AND table_name = 'slots' AND column_name = 'max_number') AND objoid = (SELECT oid FROM pg_catalog.pg_class WHERE relname = 'slots' AND relnamespace = (SELECT oid FROM pg_catalog.pg_namespace WHERE nspname = CURRENT_SCHEMA()))

2025/02/13 14:38:37 /home/bryan/repos/skripsi/backend/setup/setup.go:78
[1.703ms] [rows:1] SELECT count(*) FROM INFORMATION_SCHEMA.table_constraints WHERE table_schema = CURRENT_SCHEMA() AND table_name = 'slots' AND constraint_name = 'fk_pet_daycares_slots'

2025/02/13 14:38:37 /home/bryan/repos/skripsi/backend/setup/setup.go:78
[3.746ms] [rows:1] SELECT count(*) FROM pg_indexes WHERE tablename = 'slots' AND indexname = 'idx_slots_deleted_at' AND schemaname = CURRENT_SCHEMA()

2025/02/13 14:38:37 /home/bryan/repos/skripsi/backend/setup/setup.go:78
[1.657ms] [rows:1] SELECT count(*) FROM information_schema.tables WHERE table_schema = CURRENT_SCHEMA() AND table_name = 'booked_slots' AND table_type = 'BASE TABLE'

2025/02/13 14:38:37 /home/bryan/repos/skripsi/backend/setup/setup.go:78
[1.433ms] [rows:1] SELECT CURRENT_DATABASE()

2025/02/13 14:38:37 /home/bryan/repos/skripsi/backend/setup/setup.go:78
[5.742ms] [rows:-] SELECT c.column_name, c.is_nullable = 'YES', c.udt_name, c.character_maximum_length, c.numeric_precision, c.numeric_precision_radix, c.numeric_scale, c.datetime_precision, 8 * typlen, c.column_default, pd.description, c.identity_increment FROM information_schema.columns AS c JOIN pg_type AS pgt ON c.udt_name = pgt.typname LEFT JOIN pg_catalog.pg_description as pd ON pd.objsubid = c.ordinal_position AND pd.objoid = (SELECT oid FROM pg_catalog.pg_class WHERE relname = c.table_name AND relnamespace = (SELECT oid FROM pg_catalog.pg_namespace WHERE nspname = c.table_schema)) where table_catalog = $1$ AND table_schema = CURRENT_SCHEMA() AND table_name = $2$

2025/02/13 14:38:37 /home/bryan/repos/skripsi/backend/setup/setup.go:78
[1.528ms] [rows:-] SELECT * FROM "booked_slots" LIMIT $1$

2025/02/13 14:38:37 /home/bryan/repos/skripsi/backend/setup/setup.go:78
[5.022ms] [rows:-] SELECT constraint_name FROM information_schema.table_constraints tc JOIN information_schema.constraint_column_usage AS ccu USING (constraint_schema, constraint_catalog, table_name, constraint_name) JOIN information_schema.columns AS c ON c.table_schema = tc.constraint_schema AND tc.table_name = c.table_name AND ccu.column_name = c.column_name WHERE constraint_type IN ('PRIMARY KEY', 'UNIQUE') AND c.table_catalog = $1$ AND c.table_schema = CURRENT_SCHEMA() AND c.table_name = $2$ AND constraint_type = $3$

2025/02/13 14:38:38 /home/bryan/repos/skripsi/backend/setup/setup.go:78
[5.228ms] [rows:-] SELECT c.column_name, constraint_name, constraint_type FROM information_schema.table_constraints tc JOIN information_schema.constraint_column_usage AS ccu USING (constraint_schema, constraint_catalog, table_name, constraint_name) JOIN information_schema.columns AS c ON c.table_schema = tc.constraint_schema AND tc.table_name = c.table_name AND ccu.column_name = c.column_name WHERE constraint_type IN ('PRIMARY KEY', 'UNIQUE') AND c.table_catalog = $1$ AND c.table_schema = CURRENT_SCHEMA() AND c.table_name = $2$

2025/02/13 14:38:38 /home/bryan/repos/skripsi/backend/setup/setup.go:78
[1.583ms] [rows:-] SELECT a.attname as column_name, format_type(a.atttypid, a.atttypmod) AS data_type
		FROM pg_attribute a JOIN pg_class b ON a.attrelid = b.oid AND relnamespace = (SELECT oid FROM pg_catalog.pg_namespace WHERE nspname = CURRENT_SCHEMA())
		WHERE a.attnum > 0 -- hide internal columns
		AND NOT a.attisdropped -- hide deleted columns
		AND b.relname = $1$

2025/02/13 14:38:38 /home/bryan/repos/skripsi/backend/setup/setup.go:78
[2.178ms] [rows:0] SELECT description FROM pg_catalog.pg_description WHERE objsubid = (SELECT ordinal_position FROM information_schema.columns WHERE table_schema = CURRENT_SCHEMA() AND table_name = 'booked_slots' AND column_name = 'id') AND objoid = (SELECT oid FROM pg_catalog.pg_class WHERE relname = 'booked_slots' AND relnamespace = (SELECT oid FROM pg_catalog.pg_namespace WHERE nspname = CURRENT_SCHEMA()))

2025/02/13 14:38:38 /home/bryan/repos/skripsi/backend/setup/setup.go:78
[2.204ms] [rows:0] SELECT description FROM pg_catalog.pg_description WHERE objsubid = (SELECT ordinal_position FROM information_schema.columns WHERE table_schema = CURRENT_SCHEMA() AND table_name = 'booked_slots' AND column_name = 'created_at') AND objoid = (SELECT oid FROM pg_catalog.pg_class WHERE relname = 'booked_slots' AND relnamespace = (SELECT oid FROM pg_catalog.pg_namespace WHERE nspname = CURRENT_SCHEMA()))

2025/02/13 14:38:38 /home/bryan/repos/skripsi/backend/setup/setup.go:78
[2.069ms] [rows:0] SELECT description FROM pg_catalog.pg_description WHERE objsubid = (SELECT ordinal_position FROM information_schema.columns WHERE table_schema = CURRENT_SCHEMA() AND table_name = 'booked_slots' AND column_name = 'updated_at') AND objoid = (SELECT oid FROM pg_catalog.pg_class WHERE relname = 'booked_slots' AND relnamespace = (SELECT oid FROM pg_catalog.pg_namespace WHERE nspname = CURRENT_SCHEMA()))

2025/02/13 14:38:38 /home/bryan/repos/skripsi/backend/setup/setup.go:78
[2.251ms] [rows:0] SELECT description FROM pg_catalog.pg_description WHERE objsubid = (SELECT ordinal_position FROM information_schema.columns WHERE table_schema = CURRENT_SCHEMA() AND table_name = 'booked_slots' AND column_name = 'deleted_at') AND objoid = (SELECT oid FROM pg_catalog.pg_class WHERE relname = 'booked_slots' AND relnamespace = (SELECT oid FROM pg_catalog.pg_namespace WHERE nspname = CURRENT_SCHEMA()))

2025/02/13 14:38:38 /home/bryan/repos/skripsi/backend/setup/setup.go:78
[2.346ms] [rows:0] SELECT description FROM pg_catalog.pg_description WHERE objsubid = (SELECT ordinal_position FROM information_schema.columns WHERE table_schema = CURRENT_SCHEMA() AND table_name = 'booked_slots' AND column_name = 'user_id') AND objoid = (SELECT oid FROM pg_catalog.pg_class WHERE relname = 'booked_slots' AND relnamespace = (SELECT oid FROM pg_catalog.pg_namespace WHERE nspname = CURRENT_SCHEMA()))

2025/02/13 14:38:38 /home/bryan/repos/skripsi/backend/setup/setup.go:78
[2.562ms] [rows:0] SELECT description FROM pg_catalog.pg_description WHERE objsubid = (SELECT ordinal_position FROM information_schema.columns WHERE table_schema = CURRENT_SCHEMA() AND table_name = 'booked_slots' AND column_name = 'daycare_id') AND objoid = (SELECT oid FROM pg_catalog.pg_class WHERE relname = 'booked_slots' AND relnamespace = (SELECT oid FROM pg_catalog.pg_namespace WHERE nspname = CURRENT_SCHEMA()))

2025/02/13 14:38:38 /home/bryan/repos/skripsi/backend/setup/setup.go:78
[2.459ms] [rows:0] SELECT description FROM pg_catalog.pg_description WHERE objsubid = (SELECT ordinal_position FROM information_schema.columns WHERE table_schema = CURRENT_SCHEMA() AND table_name = 'booked_slots' AND column_name = 'pet_id') AND objoid = (SELECT oid FROM pg_catalog.pg_class WHERE relname = 'booked_slots' AND relnamespace = (SELECT oid FROM pg_catalog.pg_namespace WHERE nspname = CURRENT_SCHEMA()))

2025/02/13 14:38:38 /home/bryan/repos/skripsi/backend/setup/setup.go:78
[2.178ms] [rows:0] SELECT description FROM pg_catalog.pg_description WHERE objsubid = (SELECT ordinal_position FROM information_schema.columns WHERE table_schema = CURRENT_SCHEMA() AND table_name = 'booked_slots' AND column_name = 'start_date') AND objoid = (SELECT oid FROM pg_catalog.pg_class WHERE relname = 'booked_slots' AND relnamespace = (SELECT oid FROM pg_catalog.pg_namespace WHERE nspname = CURRENT_SCHEMA()))

2025/02/13 14:38:38 /home/bryan/repos/skripsi/backend/setup/setup.go:78
[2.073ms] [rows:0] SELECT description FROM pg_catalog.pg_description WHERE objsubid = (SELECT ordinal_position FROM information_schema.columns WHERE table_schema = CURRENT_SCHEMA() AND table_name = 'booked_slots' AND column_name = 'end_date') AND objoid = (SELECT oid FROM pg_catalog.pg_class WHERE relname = 'booked_slots' AND relnamespace = (SELECT oid FROM pg_catalog.pg_namespace WHERE nspname = CURRENT_SCHEMA()))

2025/02/13 14:38:38 /home/bryan/repos/skripsi/backend/setup/setup.go:78
[1.735ms] [rows:1] SELECT count(*) FROM INFORMATION_SCHEMA.table_constraints WHERE table_schema = CURRENT_SCHEMA() AND table_name = 'booked_slots' AND constraint_name = 'fk_pet_daycares_booked_slots'

2025/02/13 14:38:38 /home/bryan/repos/skripsi/backend/setup/setup.go:78
[1.870ms] [rows:1] SELECT count(*) FROM INFORMATION_SCHEMA.table_constraints WHERE table_schema = CURRENT_SCHEMA() AND table_name = 'booked_slots' AND constraint_name = 'fk_booked_slots_user'

2025/02/13 14:38:38 /home/bryan/repos/skripsi/backend/setup/setup.go:78
[1.689ms] [rows:1] SELECT count(*) FROM INFORMATION_SCHEMA.table_constraints WHERE table_schema = CURRENT_SCHEMA() AND table_name = 'booked_slots' AND constraint_name = 'fk_pets_booked_slots'

2025/02/13 14:38:38 /home/bryan/repos/skripsi/backend/setup/setup.go:78
[5.427ms] [rows:1] SELECT count(*) FROM pg_indexes WHERE tablename = 'booked_slots' AND indexname = 'idx_booked_slots_deleted_at' AND schemaname = CURRENT_SCHEMA()

2025/02/13 14:38:38 /home/bryan/repos/skripsi/backend/setup/setup.go:78
[1.817ms] [rows:1] SELECT count(*) FROM information_schema.tables WHERE table_schema = CURRENT_SCHEMA() AND table_name = 'thumbnails' AND table_type = 'BASE TABLE'

2025/02/13 14:38:38 /home/bryan/repos/skripsi/backend/setup/setup.go:78
[1.075ms] [rows:1] SELECT CURRENT_DATABASE()

2025/02/13 14:38:38 /home/bryan/repos/skripsi/backend/setup/setup.go:78
[4.383ms] [rows:-] SELECT c.column_name, c.is_nullable = 'YES', c.udt_name, c.character_maximum_length, c.numeric_precision, c.numeric_precision_radix, c.numeric_scale, c.datetime_precision, 8 * typlen, c.column_default, pd.description, c.identity_increment FROM information_schema.columns AS c JOIN pg_type AS pgt ON c.udt_name = pgt.typname LEFT JOIN pg_catalog.pg_description as pd ON pd.objsubid = c.ordinal_position AND pd.objoid = (SELECT oid FROM pg_catalog.pg_class WHERE relname = c.table_name AND relnamespace = (SELECT oid FROM pg_catalog.pg_namespace WHERE nspname = c.table_schema)) where table_catalog = $1$ AND table_schema = CURRENT_SCHEMA() AND table_name = $2$

2025/02/13 14:38:38 /home/bryan/repos/skripsi/backend/setup/setup.go:78
[1.225ms] [rows:-] SELECT * FROM "thumbnails" LIMIT $1$

2025/02/13 14:38:38 /home/bryan/repos/skripsi/backend/setup/setup.go:78
[3.204ms] [rows:-] SELECT constraint_name FROM information_schema.table_constraints tc JOIN information_schema.constraint_column_usage AS ccu USING (constraint_schema, constraint_catalog, table_name, constraint_name) JOIN information_schema.columns AS c ON c.table_schema = tc.constraint_schema AND tc.table_name = c.table_name AND ccu.column_name = c.column_name WHERE constraint_type IN ('PRIMARY KEY', 'UNIQUE') AND c.table_catalog = $1$ AND c.table_schema = CURRENT_SCHEMA() AND c.table_name = $2$ AND constraint_type = $3$

2025/02/13 14:38:38 /home/bryan/repos/skripsi/backend/setup/setup.go:78
[3.607ms] [rows:-] SELECT c.column_name, constraint_name, constraint_type FROM information_schema.table_constraints tc JOIN information_schema.constraint_column_usage AS ccu USING (constraint_schema, constraint_catalog, table_name, constraint_name) JOIN information_schema.columns AS c ON c.table_schema = tc.constraint_schema AND tc.table_name = c.table_name AND ccu.column_name = c.column_name WHERE constraint_type IN ('PRIMARY KEY', 'UNIQUE') AND c.table_catalog = $1$ AND c.table_schema = CURRENT_SCHEMA() AND c.table_name = $2$

2025/02/13 14:38:38 /home/bryan/repos/skripsi/backend/setup/setup.go:78
[1.328ms] [rows:-] SELECT a.attname as column_name, format_type(a.atttypid, a.atttypmod) AS data_type
		FROM pg_attribute a JOIN pg_class b ON a.attrelid = b.oid AND relnamespace = (SELECT oid FROM pg_catalog.pg_namespace WHERE nspname = CURRENT_SCHEMA())
		WHERE a.attnum > 0 -- hide internal columns
		AND NOT a.attisdropped -- hide deleted columns
		AND b.relname = $1$

2025/02/13 14:38:38 /home/bryan/repos/skripsi/backend/setup/setup.go:78
[2.093ms] [rows:0] SELECT description FROM pg_catalog.pg_description WHERE objsubid = (SELECT ordinal_position FROM information_schema.columns WHERE table_schema = CURRENT_SCHEMA() AND table_name = 'thumbnails' AND column_name = 'id') AND objoid = (SELECT oid FROM pg_catalog.pg_class WHERE relname = 'thumbnails' AND relnamespace = (SELECT oid FROM pg_catalog.pg_namespace WHERE nspname = CURRENT_SCHEMA()))

2025/02/13 14:38:38 /home/bryan/repos/skripsi/backend/setup/setup.go:78
[2.057ms] [rows:0] SELECT description FROM pg_catalog.pg_description WHERE objsubid = (SELECT ordinal_position FROM information_schema.columns WHERE table_schema = CURRENT_SCHEMA() AND table_name = 'thumbnails' AND column_name = 'daycare_id') AND objoid = (SELECT oid FROM pg_catalog.pg_class WHERE relname = 'thumbnails' AND relnamespace = (SELECT oid FROM pg_catalog.pg_namespace WHERE nspname = CURRENT_SCHEMA()))

2025/02/13 14:38:38 /home/bryan/repos/skripsi/backend/setup/setup.go:78
[2.436ms] [rows:0] SELECT description FROM pg_catalog.pg_description WHERE objsubid = (SELECT ordinal_position FROM information_schema.columns WHERE table_schema = CURRENT_SCHEMA() AND table_name = 'thumbnails' AND column_name = 'image_url') AND objoid = (SELECT oid FROM pg_catalog.pg_class WHERE relname = 'thumbnails' AND relnamespace = (SELECT oid FROM pg_catalog.pg_namespace WHERE nspname = CURRENT_SCHEMA()))

2025/02/13 14:38:38 /home/bryan/repos/skripsi/backend/setup/setup.go:78
[1.657ms] [rows:1] SELECT count(*) FROM INFORMATION_SCHEMA.table_constraints WHERE table_schema = CURRENT_SCHEMA() AND table_name = 'thumbnails' AND constraint_name = 'fk_pet_daycares_thumbnails'

2025/02/13 14:38:38 /home/bryan/repos/skripsi/backend/setup/setup.go:78
[1.654ms] [rows:1] SELECT count(*) FROM information_schema.tables WHERE table_schema = CURRENT_SCHEMA() AND table_name = 'reviews' AND table_type = 'BASE TABLE'

2025/02/13 14:38:38 /home/bryan/repos/skripsi/backend/setup/setup.go:78
[1.036ms] [rows:1] SELECT CURRENT_DATABASE()

2025/02/13 14:38:38 /home/bryan/repos/skripsi/backend/setup/setup.go:78
[4.843ms] [rows:-] SELECT c.column_name, c.is_nullable = 'YES', c.udt_name, c.character_maximum_length, c.numeric_precision, c.numeric_precision_radix, c.numeric_scale, c.datetime_precision, 8 * typlen, c.column_default, pd.description, c.identity_increment FROM information_schema.columns AS c JOIN pg_type AS pgt ON c.udt_name = pgt.typname LEFT JOIN pg_catalog.pg_description as pd ON pd.objsubid = c.ordinal_position AND pd.objoid = (SELECT oid FROM pg_catalog.pg_class WHERE relname = c.table_name AND relnamespace = (SELECT oid FROM pg_catalog.pg_namespace WHERE nspname = c.table_schema)) where table_catalog = $1$ AND table_schema = CURRENT_SCHEMA() AND table_name = $2$

2025/02/13 14:38:38 /home/bryan/repos/skripsi/backend/setup/setup.go:78
[1.566ms] [rows:-] SELECT * FROM "reviews" LIMIT $1$

2025/02/13 14:38:38 /home/bryan/repos/skripsi/backend/setup/setup.go:78
[5.670ms] [rows:-] SELECT constraint_name FROM information_schema.table_constraints tc JOIN information_schema.constraint_column_usage AS ccu USING (constraint_schema, constraint_catalog, table_name, constraint_name) JOIN information_schema.columns AS c ON c.table_schema = tc.constraint_schema AND tc.table_name = c.table_name AND ccu.column_name = c.column_name WHERE constraint_type IN ('PRIMARY KEY', 'UNIQUE') AND c.table_catalog = $1$ AND c.table_schema = CURRENT_SCHEMA() AND c.table_name = $2$ AND constraint_type = $3$

2025/02/13 14:38:38 /home/bryan/repos/skripsi/backend/setup/setup.go:78
[5.748ms] [rows:-] SELECT c.column_name, constraint_name, constraint_type FROM information_schema.table_constraints tc JOIN information_schema.constraint_column_usage AS ccu USING (constraint_schema, constraint_catalog, table_name, constraint_name) JOIN information_schema.columns AS c ON c.table_schema = tc.constraint_schema AND tc.table_name = c.table_name AND ccu.column_name = c.column_name WHERE constraint_type IN ('PRIMARY KEY', 'UNIQUE') AND c.table_catalog = $1$ AND c.table_schema = CURRENT_SCHEMA() AND c.table_name = $2$

2025/02/13 14:38:38 /home/bryan/repos/skripsi/backend/setup/setup.go:78
[1.629ms] [rows:-] SELECT a.attname as column_name, format_type(a.atttypid, a.atttypmod) AS data_type
		FROM pg_attribute a JOIN pg_class b ON a.attrelid = b.oid AND relnamespace = (SELECT oid FROM pg_catalog.pg_namespace WHERE nspname = CURRENT_SCHEMA())
		WHERE a.attnum > 0 -- hide internal columns
		AND NOT a.attisdropped -- hide deleted columns
		AND b.relname = $1$

2025/02/13 14:38:38 /home/bryan/repos/skripsi/backend/setup/setup.go:78
[2.676ms] [rows:0] SELECT description FROM pg_catalog.pg_description WHERE objsubid = (SELECT ordinal_position FROM information_schema.columns WHERE table_schema = CURRENT_SCHEMA() AND table_name = 'reviews' AND column_name = 'id') AND objoid = (SELECT oid FROM pg_catalog.pg_class WHERE relname = 'reviews' AND relnamespace = (SELECT oid FROM pg_catalog.pg_namespace WHERE nspname = CURRENT_SCHEMA()))

2025/02/13 14:38:38 /home/bryan/repos/skripsi/backend/setup/setup.go:78
[3.050ms] [rows:0] SELECT description FROM pg_catalog.pg_description WHERE objsubid = (SELECT ordinal_position FROM information_schema.columns WHERE table_schema = CURRENT_SCHEMA() AND table_name = 'reviews' AND column_name = 'created_at') AND objoid = (SELECT oid FROM pg_catalog.pg_class WHERE relname = 'reviews' AND relnamespace = (SELECT oid FROM pg_catalog.pg_namespace WHERE nspname = CURRENT_SCHEMA()))

2025/02/13 14:38:38 /home/bryan/repos/skripsi/backend/setup/setup.go:78
[3.071ms] [rows:0] SELECT description FROM pg_catalog.pg_description WHERE objsubid = (SELECT ordinal_position FROM information_schema.columns WHERE table_schema = CURRENT_SCHEMA() AND table_name = 'reviews' AND column_name = 'updated_at') AND objoid = (SELECT oid FROM pg_catalog.pg_class WHERE relname = 'reviews' AND relnamespace = (SELECT oid FROM pg_catalog.pg_namespace WHERE nspname = CURRENT_SCHEMA()))

2025/02/13 14:38:38 /home/bryan/repos/skripsi/backend/setup/setup.go:78
[3.056ms] [rows:0] SELECT description FROM pg_catalog.pg_description WHERE objsubid = (SELECT ordinal_position FROM information_schema.columns WHERE table_schema = CURRENT_SCHEMA() AND table_name = 'reviews' AND column_name = 'deleted_at') AND objoid = (SELECT oid FROM pg_catalog.pg_class WHERE relname = 'reviews' AND relnamespace = (SELECT oid FROM pg_catalog.pg_namespace WHERE nspname = CURRENT_SCHEMA()))

2025/02/13 14:38:38 /home/bryan/repos/skripsi/backend/setup/setup.go:78
[3.218ms] [rows:0] SELECT description FROM pg_catalog.pg_description WHERE objsubid = (SELECT ordinal_position FROM information_schema.columns WHERE table_schema = CURRENT_SCHEMA() AND table_name = 'reviews' AND column_name = 'daycare_id') AND objoid = (SELECT oid FROM pg_catalog.pg_class WHERE relname = 'reviews' AND relnamespace = (SELECT oid FROM pg_catalog.pg_namespace WHERE nspname = CURRENT_SCHEMA()))

2025/02/13 14:38:38 /home/bryan/repos/skripsi/backend/setup/setup.go:78
[3.128ms] [rows:0] SELECT description FROM pg_catalog.pg_description WHERE objsubid = (SELECT ordinal_position FROM information_schema.columns WHERE table_schema = CURRENT_SCHEMA() AND table_name = 'reviews' AND column_name = 'user_id') AND objoid = (SELECT oid FROM pg_catalog.pg_class WHERE relname = 'reviews' AND relnamespace = (SELECT oid FROM pg_catalog.pg_namespace WHERE nspname = CURRENT_SCHEMA()))

2025/02/13 14:38:38 /home/bryan/repos/skripsi/backend/setup/setup.go:78
[3.186ms] [rows:0] SELECT description FROM pg_catalog.pg_description WHERE objsubid = (SELECT ordinal_position FROM information_schema.columns WHERE table_schema = CURRENT_SCHEMA() AND table_name = 'reviews' AND column_name = 'name') AND objoid = (SELECT oid FROM pg_catalog.pg_class WHERE relname = 'reviews' AND relnamespace = (SELECT oid FROM pg_catalog.pg_namespace WHERE nspname = CURRENT_SCHEMA()))

2025/02/13 14:38:38 /home/bryan/repos/skripsi/backend/setup/setup.go:78
[2.894ms] [rows:0] SELECT description FROM pg_catalog.pg_description WHERE objsubid = (SELECT ordinal_position FROM information_schema.columns WHERE table_schema = CURRENT_SCHEMA() AND table_name = 'reviews' AND column_name = 'rate') AND objoid = (SELECT oid FROM pg_catalog.pg_class WHERE relname = 'reviews' AND relnamespace = (SELECT oid FROM pg_catalog.pg_namespace WHERE nspname = CURRENT_SCHEMA()))

2025/02/13 14:38:38 /home/bryan/repos/skripsi/backend/setup/setup.go:78
[2.933ms] [rows:0] SELECT description FROM pg_catalog.pg_description WHERE objsubid = (SELECT ordinal_position FROM information_schema.columns WHERE table_schema = CURRENT_SCHEMA() AND table_name = 'reviews' AND column_name = 'description') AND objoid = (SELECT oid FROM pg_catalog.pg_class WHERE relname = 'reviews' AND relnamespace = (SELECT oid FROM pg_catalog.pg_namespace WHERE nspname = CURRENT_SCHEMA()))

2025/02/13 14:38:38 /home/bryan/repos/skripsi/backend/setup/setup.go:78
[2.820ms] [rows:1] SELECT count(*) FROM INFORMATION_SCHEMA.table_constraints WHERE table_schema = CURRENT_SCHEMA() AND table_name = 'reviews' AND constraint_name = 'fk_pet_daycares_reviews'

2025/02/13 14:38:38 /home/bryan/repos/skripsi/backend/setup/setup.go:78
[2.604ms] [rows:1] SELECT count(*) FROM INFORMATION_SCHEMA.table_constraints WHERE table_schema = CURRENT_SCHEMA() AND table_name = 'reviews' AND constraint_name = 'fk_users_reviews'

2025/02/13 14:38:38 /home/bryan/repos/skripsi/backend/setup/setup.go:78
[5.443ms] [rows:1] SELECT count(*) FROM pg_indexes WHERE tablename = 'reviews' AND indexname = 'idx_reviews_deleted_at' AND schemaname = CURRENT_SCHEMA()

2025/02/13 14:38:38 /home/bryan/repos/skripsi/backend/setup/setup.go:78
[2.125ms] [rows:1] SELECT count(*) FROM information_schema.tables WHERE table_schema = CURRENT_SCHEMA() AND table_name = 'refresh_tokens' AND table_type = 'BASE TABLE'

2025/02/13 14:38:38 /home/bryan/repos/skripsi/backend/setup/setup.go:78
[1.587ms] [rows:1] SELECT CURRENT_DATABASE()

2025/02/13 14:38:38 /home/bryan/repos/skripsi/backend/setup/setup.go:78
[7.318ms] [rows:-] SELECT c.column_name, c.is_nullable = 'YES', c.udt_name, c.character_maximum_length, c.numeric_precision, c.numeric_precision_radix, c.numeric_scale, c.datetime_precision, 8 * typlen, c.column_default, pd.description, c.identity_increment FROM information_schema.columns AS c JOIN pg_type AS pgt ON c.udt_name = pgt.typname LEFT JOIN pg_catalog.pg_description as pd ON pd.objsubid = c.ordinal_position AND pd.objoid = (SELECT oid FROM pg_catalog.pg_class WHERE relname = c.table_name AND relnamespace = (SELECT oid FROM pg_catalog.pg_namespace WHERE nspname = c.table_schema)) where table_catalog = $1$ AND table_schema = CURRENT_SCHEMA() AND table_name = $2$

2025/02/13 14:38:38 /home/bryan/repos/skripsi/backend/setup/setup.go:78
[3.113ms] [rows:-] SELECT * FROM "refresh_tokens" LIMIT $1$

2025/02/13 14:38:38 /home/bryan/repos/skripsi/backend/setup/setup.go:78
[6.214ms] [rows:-] SELECT constraint_name FROM information_schema.table_constraints tc JOIN information_schema.constraint_column_usage AS ccu USING (constraint_schema, constraint_catalog, table_name, constraint_name) JOIN information_schema.columns AS c ON c.table_schema = tc.constraint_schema AND tc.table_name = c.table_name AND ccu.column_name = c.column_name WHERE constraint_type IN ('PRIMARY KEY', 'UNIQUE') AND c.table_catalog = $1$ AND c.table_schema = CURRENT_SCHEMA() AND c.table_name = $2$ AND constraint_type = $3$

2025/02/13 14:38:38 /home/bryan/repos/skripsi/backend/setup/setup.go:78
[6.323ms] [rows:-] SELECT c.column_name, constraint_name, constraint_type FROM information_schema.table_constraints tc JOIN information_schema.constraint_column_usage AS ccu USING (constraint_schema, constraint_catalog, table_name, constraint_name) JOIN information_schema.columns AS c ON c.table_schema = tc.constraint_schema AND tc.table_name = c.table_name AND ccu.column_name = c.column_name WHERE constraint_type IN ('PRIMARY KEY', 'UNIQUE') AND c.table_catalog = $1$ AND c.table_schema = CURRENT_SCHEMA() AND c.table_name = $2$

2025/02/13 14:38:38 /home/bryan/repos/skripsi/backend/setup/setup.go:78
[2.099ms] [rows:-] SELECT a.attname as column_name, format_type(a.atttypid, a.atttypmod) AS data_type
		FROM pg_attribute a JOIN pg_class b ON a.attrelid = b.oid AND relnamespace = (SELECT oid FROM pg_catalog.pg_namespace WHERE nspname = CURRENT_SCHEMA())
		WHERE a.attnum > 0 -- hide internal columns
		AND NOT a.attisdropped -- hide deleted columns
		AND b.relname = $1$

2025/02/13 14:38:38 /home/bryan/repos/skripsi/backend/setup/setup.go:78
[2.917ms] [rows:0] SELECT description FROM pg_catalog.pg_description WHERE objsubid = (SELECT ordinal_position FROM information_schema.columns WHERE table_schema = CURRENT_SCHEMA() AND table_name = 'refresh_tokens' AND column_name = 'id') AND objoid = (SELECT oid FROM pg_catalog.pg_class WHERE relname = 'refresh_tokens' AND relnamespace = (SELECT oid FROM pg_catalog.pg_namespace WHERE nspname = CURRENT_SCHEMA()))

2025/02/13 14:38:38 /home/bryan/repos/skripsi/backend/setup/setup.go:78
[3.075ms] [rows:0] SELECT description FROM pg_catalog.pg_description WHERE objsubid = (SELECT ordinal_position FROM information_schema.columns WHERE table_schema = CURRENT_SCHEMA() AND table_name = 'refresh_tokens' AND column_name = 'created_at') AND objoid = (SELECT oid FROM pg_catalog.pg_class WHERE relname = 'refresh_tokens' AND relnamespace = (SELECT oid FROM pg_catalog.pg_namespace WHERE nspname = CURRENT_SCHEMA()))

2025/02/13 14:38:38 /home/bryan/repos/skripsi/backend/setup/setup.go:78
[3.335ms] [rows:0] SELECT description FROM pg_catalog.pg_description WHERE objsubid = (SELECT ordinal_position FROM information_schema.columns WHERE table_schema = CURRENT_SCHEMA() AND table_name = 'refresh_tokens' AND column_name = 'updated_at') AND objoid = (SELECT oid FROM pg_catalog.pg_class WHERE relname = 'refresh_tokens' AND relnamespace = (SELECT oid FROM pg_catalog.pg_namespace WHERE nspname = CURRENT_SCHEMA()))

2025/02/13 14:38:38 /home/bryan/repos/skripsi/backend/setup/setup.go:78
[3.282ms] [rows:0] SELECT description FROM pg_catalog.pg_description WHERE objsubid = (SELECT ordinal_position FROM information_schema.columns WHERE table_schema = CURRENT_SCHEMA() AND table_name = 'refresh_tokens' AND column_name = 'deleted_at') AND objoid = (SELECT oid FROM pg_catalog.pg_class WHERE relname = 'refresh_tokens' AND relnamespace = (SELECT oid FROM pg_catalog.pg_namespace WHERE nspname = CURRENT_SCHEMA()))

2025/02/13 14:38:38 /home/bryan/repos/skripsi/backend/setup/setup.go:78
[2.968ms] [rows:0] SELECT description FROM pg_catalog.pg_description WHERE objsubid = (SELECT ordinal_position FROM information_schema.columns WHERE table_schema = CURRENT_SCHEMA() AND table_name = 'refresh_tokens' AND column_name = 'user_id') AND objoid = (SELECT oid FROM pg_catalog.pg_class WHERE relname = 'refresh_tokens' AND relnamespace = (SELECT oid FROM pg_catalog.pg_namespace WHERE nspname = CURRENT_SCHEMA()))

2025/02/13 14:38:38 /home/bryan/repos/skripsi/backend/setup/setup.go:78
[3.271ms] [rows:0] SELECT description FROM pg_catalog.pg_description WHERE objsubid = (SELECT ordinal_position FROM information_schema.columns WHERE table_schema = CURRENT_SCHEMA() AND table_name = 'refresh_tokens' AND column_name = 'token') AND objoid = (SELECT oid FROM pg_catalog.pg_class WHERE relname = 'refresh_tokens' AND relnamespace = (SELECT oid FROM pg_catalog.pg_namespace WHERE nspname = CURRENT_SCHEMA()))

2025/02/13 14:38:38 /home/bryan/repos/skripsi/backend/setup/setup.go:78
[2.937ms] [rows:0] SELECT description FROM pg_catalog.pg_description WHERE objsubid = (SELECT ordinal_position FROM information_schema.columns WHERE table_schema = CURRENT_SCHEMA() AND table_name = 'refresh_tokens' AND column_name = 'expires_at') AND objoid = (SELECT oid FROM pg_catalog.pg_class WHERE relname = 'refresh_tokens' AND relnamespace = (SELECT oid FROM pg_catalog.pg_namespace WHERE nspname = CURRENT_SCHEMA()))

2025/02/13 14:38:38 /home/bryan/repos/skripsi/backend/setup/setup.go:78
[2.307ms] [rows:1] SELECT count(*) FROM pg_indexes WHERE tablename = 'refresh_tokens' AND indexname = 'idx_refresh_tokens_deleted_at' AND schemaname = CURRENT_SCHEMA()

2025/02/13 14:38:38 /home/bryan/repos/skripsi/backend/setup/setup.go:78
[2.255ms] [rows:1] SELECT count(*) FROM pg_indexes WHERE tablename = 'refresh_tokens' AND indexname = 'idx_refresh_tokens_user_id' AND schemaname = CURRENT_SCHEMA()

2025/02/13 14:38:38 /home/bryan/repos/skripsi/backend/setup/setup.go:78
[2.394ms] [rows:1] SELECT count(*) FROM information_schema.tables WHERE table_schema = CURRENT_SCHEMA() AND table_name = 'transactions' AND table_type = 'BASE TABLE'

2025/02/13 14:38:38 /home/bryan/repos/skripsi/backend/setup/setup.go:78
[1.620ms] [rows:1] SELECT CURRENT_DATABASE()

2025/02/13 14:38:38 /home/bryan/repos/skripsi/backend/setup/setup.go:78
[7.509ms] [rows:-] SELECT c.column_name, c.is_nullable = 'YES', c.udt_name, c.character_maximum_length, c.numeric_precision, c.numeric_precision_radix, c.numeric_scale, c.datetime_precision, 8 * typlen, c.column_default, pd.description, c.identity_increment FROM information_schema.columns AS c JOIN pg_type AS pgt ON c.udt_name = pgt.typname LEFT JOIN pg_catalog.pg_description as pd ON pd.objsubid = c.ordinal_position AND pd.objoid = (SELECT oid FROM pg_catalog.pg_class WHERE relname = c.table_name AND relnamespace = (SELECT oid FROM pg_catalog.pg_namespace WHERE nspname = c.table_schema)) where table_catalog = $1$ AND table_schema = CURRENT_SCHEMA() AND table_name = $2$

2025/02/13 14:38:38 /home/bryan/repos/skripsi/backend/setup/setup.go:78
[1.951ms] [rows:-] SELECT * FROM "transactions" LIMIT $1$

2025/02/13 14:38:38 /home/bryan/repos/skripsi/backend/setup/setup.go:78
[5.419ms] [rows:-] SELECT constraint_name FROM information_schema.table_constraints tc JOIN information_schema.constraint_column_usage AS ccu USING (constraint_schema, constraint_catalog, table_name, constraint_name) JOIN information_schema.columns AS c ON c.table_schema = tc.constraint_schema AND tc.table_name = c.table_name AND ccu.column_name = c.column_name WHERE constraint_type IN ('PRIMARY KEY', 'UNIQUE') AND c.table_catalog = $1$ AND c.table_schema = CURRENT_SCHEMA() AND c.table_name = $2$ AND constraint_type = $3$

2025/02/13 14:38:38 /home/bryan/repos/skripsi/backend/setup/setup.go:78
[5.502ms] [rows:-] SELECT c.column_name, constraint_name, constraint_type FROM information_schema.table_constraints tc JOIN information_schema.constraint_column_usage AS ccu USING (constraint_schema, constraint_catalog, table_name, constraint_name) JOIN information_schema.columns AS c ON c.table_schema = tc.constraint_schema AND tc.table_name = c.table_name AND ccu.column_name = c.column_name WHERE constraint_type IN ('PRIMARY KEY', 'UNIQUE') AND c.table_catalog = $1$ AND c.table_schema = CURRENT_SCHEMA() AND c.table_name = $2$

2025/02/13 14:38:38 /home/bryan/repos/skripsi/backend/setup/setup.go:78
[2.072ms] [rows:-] SELECT a.attname as column_name, format_type(a.atttypid, a.atttypmod) AS data_type
		FROM pg_attribute a JOIN pg_class b ON a.attrelid = b.oid AND relnamespace = (SELECT oid FROM pg_catalog.pg_namespace WHERE nspname = CURRENT_SCHEMA())
		WHERE a.attnum > 0 -- hide internal columns
		AND NOT a.attisdropped -- hide deleted columns
		AND b.relname = $1$

2025/02/13 14:38:38 /home/bryan/repos/skripsi/backend/setup/setup.go:78
[2.873ms] [rows:0] SELECT description FROM pg_catalog.pg_description WHERE objsubid = (SELECT ordinal_position FROM information_schema.columns WHERE table_schema = CURRENT_SCHEMA() AND table_name = 'transactions' AND column_name = 'id') AND objoid = (SELECT oid FROM pg_catalog.pg_class WHERE relname = 'transactions' AND relnamespace = (SELECT oid FROM pg_catalog.pg_namespace WHERE nspname = CURRENT_SCHEMA()))

2025/02/13 14:38:38 /home/bryan/repos/skripsi/backend/setup/setup.go:78
[3.163ms] [rows:0] SELECT description FROM pg_catalog.pg_description WHERE objsubid = (SELECT ordinal_position FROM information_schema.columns WHERE table_schema = CURRENT_SCHEMA() AND table_name = 'transactions' AND column_name = 'created_at') AND objoid = (SELECT oid FROM pg_catalog.pg_class WHERE relname = 'transactions' AND relnamespace = (SELECT oid FROM pg_catalog.pg_namespace WHERE nspname = CURRENT_SCHEMA()))

2025/02/13 14:38:38 /home/bryan/repos/skripsi/backend/setup/setup.go:78
[3.209ms] [rows:0] SELECT description FROM pg_catalog.pg_description WHERE objsubid = (SELECT ordinal_position FROM information_schema.columns WHERE table_schema = CURRENT_SCHEMA() AND table_name = 'transactions' AND column_name = 'pet_daycare_id') AND objoid = (SELECT oid FROM pg_catalog.pg_class WHERE relname = 'transactions' AND relnamespace = (SELECT oid FROM pg_catalog.pg_namespace WHERE nspname = CURRENT_SCHEMA()))

2025/02/13 14:38:38 /home/bryan/repos/skripsi/backend/setup/setup.go:78
[2.988ms] [rows:0] SELECT description FROM pg_catalog.pg_description WHERE objsubid = (SELECT ordinal_position FROM information_schema.columns WHERE table_schema = CURRENT_SCHEMA() AND table_name = 'transactions' AND column_name = 'booked_slot_id') AND objoid = (SELECT oid FROM pg_catalog.pg_class WHERE relname = 'transactions' AND relnamespace = (SELECT oid FROM pg_catalog.pg_namespace WHERE nspname = CURRENT_SCHEMA()))

2025/02/13 14:38:38 /home/bryan/repos/skripsi/backend/setup/setup.go:78
[3.154ms] [rows:0] SELECT description FROM pg_catalog.pg_description WHERE objsubid = (SELECT ordinal_position FROM information_schema.columns WHERE table_schema = CURRENT_SCHEMA() AND table_name = 'transactions' AND column_name = 'status') AND objoid = (SELECT oid FROM pg_catalog.pg_class WHERE relname = 'transactions' AND relnamespace = (SELECT oid FROM pg_catalog.pg_namespace WHERE nspname = CURRENT_SCHEMA()))

2025/02/13 14:38:38 /home/bryan/repos/skripsi/backend/setup/setup.go:78
[2.573ms] [rows:1] SELECT count(*) FROM INFORMATION_SCHEMA.table_constraints WHERE table_schema = CURRENT_SCHEMA() AND table_name = 'transactions' AND constraint_name = 'fk_transactions_pet_daycare'

2025/02/13 14:38:38 /home/bryan/repos/skripsi/backend/setup/setup.go:78
[2.628ms] [rows:1] SELECT count(*) FROM INFORMATION_SCHEMA.table_constraints WHERE table_schema = CURRENT_SCHEMA() AND table_name = 'transactions' AND constraint_name = 'fk_transactions_booked_slot'

2025/02/13 14:38:38 /home/bryan/repos/skripsi/backend/setup/setup.go:78
[2.128ms] [rows:1] SELECT count(*) FROM information_schema.tables WHERE table_schema = CURRENT_SCHEMA() AND table_name = 'reduce_slots' AND table_type = 'BASE TABLE'

2025/02/13 14:38:38 /home/bryan/repos/skripsi/backend/setup/setup.go:78
[1.826ms] [rows:1] SELECT CURRENT_DATABASE()

2025/02/13 14:38:38 /home/bryan/repos/skripsi/backend/setup/setup.go:78
[6.259ms] [rows:-] SELECT c.column_name, c.is_nullable = 'YES', c.udt_name, c.character_maximum_length, c.numeric_precision, c.numeric_precision_radix, c.numeric_scale, c.datetime_precision, 8 * typlen, c.column_default, pd.description, c.identity_increment FROM information_schema.columns AS c JOIN pg_type AS pgt ON c.udt_name = pgt.typname LEFT JOIN pg_catalog.pg_description as pd ON pd.objsubid = c.ordinal_position AND pd.objoid = (SELECT oid FROM pg_catalog.pg_class WHERE relname = c.table_name AND relnamespace = (SELECT oid FROM pg_catalog.pg_namespace WHERE nspname = c.table_schema)) where table_catalog = $1$ AND table_schema = CURRENT_SCHEMA() AND table_name = $2$

2025/02/13 14:38:38 /home/bryan/repos/skripsi/backend/setup/setup.go:78
[2.097ms] [rows:-] SELECT * FROM "reduce_slots" LIMIT $1$

2025/02/13 14:38:38 /home/bryan/repos/skripsi/backend/setup/setup.go:78
[4.885ms] [rows:-] SELECT constraint_name FROM information_schema.table_constraints tc JOIN information_schema.constraint_column_usage AS ccu USING (constraint_schema, constraint_catalog, table_name, constraint_name) JOIN information_schema.columns AS c ON c.table_schema = tc.constraint_schema AND tc.table_name = c.table_name AND ccu.column_name = c.column_name WHERE constraint_type IN ('PRIMARY KEY', 'UNIQUE') AND c.table_catalog = $1$ AND c.table_schema = CURRENT_SCHEMA() AND c.table_name = $2$ AND constraint_type = $3$

2025/02/13 14:38:38 /home/bryan/repos/skripsi/backend/setup/setup.go:78
[5.113ms] [rows:-] SELECT c.column_name, constraint_name, constraint_type FROM information_schema.table_constraints tc JOIN information_schema.constraint_column_usage AS ccu USING (constraint_schema, constraint_catalog, table_name, constraint_name) JOIN information_schema.columns AS c ON c.table_schema = tc.constraint_schema AND tc.table_name = c.table_name AND ccu.column_name = c.column_name WHERE constraint_type IN ('PRIMARY KEY', 'UNIQUE') AND c.table_catalog = $1$ AND c.table_schema = CURRENT_SCHEMA() AND c.table_name = $2$

2025/02/13 14:38:38 /home/bryan/repos/skripsi/backend/setup/setup.go:78
[2.000ms] [rows:-] SELECT a.attname as column_name, format_type(a.atttypid, a.atttypmod) AS data_type
		FROM pg_attribute a JOIN pg_class b ON a.attrelid = b.oid AND relnamespace = (SELECT oid FROM pg_catalog.pg_namespace WHERE nspname = CURRENT_SCHEMA())
		WHERE a.attnum > 0 -- hide internal columns
		AND NOT a.attisdropped -- hide deleted columns
		AND b.relname = $1$

2025/02/13 14:38:38 /home/bryan/repos/skripsi/backend/setup/setup.go:78
[3.889ms] [rows:0] SELECT description FROM pg_catalog.pg_description WHERE objsubid = (SELECT ordinal_position FROM information_schema.columns WHERE table_schema = CURRENT_SCHEMA() AND table_name = 'reduce_slots' AND column_name = 'id') AND objoid = (SELECT oid FROM pg_catalog.pg_class WHERE relname = 'reduce_slots' AND relnamespace = (SELECT oid FROM pg_catalog.pg_namespace WHERE nspname = CURRENT_SCHEMA()))

2025/02/13 14:38:38 /home/bryan/repos/skripsi/backend/setup/setup.go:78
[3.506ms] [rows:0] SELECT description FROM pg_catalog.pg_description WHERE objsubid = (SELECT ordinal_position FROM information_schema.columns WHERE table_schema = CURRENT_SCHEMA() AND table_name = 'reduce_slots' AND column_name = 'slot_id') AND objoid = (SELECT oid FROM pg_catalog.pg_class WHERE relname = 'reduce_slots' AND relnamespace = (SELECT oid FROM pg_catalog.pg_namespace WHERE nspname = CURRENT_SCHEMA()))

2025/02/13 14:38:38 /home/bryan/repos/skripsi/backend/setup/setup.go:78
[3.282ms] [rows:0] SELECT description FROM pg_catalog.pg_description WHERE objsubid = (SELECT ordinal_position FROM information_schema.columns WHERE table_schema = CURRENT_SCHEMA() AND table_name = 'reduce_slots' AND column_name = 'reduced_count') AND objoid = (SELECT oid FROM pg_catalog.pg_class WHERE relname = 'reduce_slots' AND relnamespace = (SELECT oid FROM pg_catalog.pg_namespace WHERE nspname = CURRENT_SCHEMA()))

2025/02/13 14:38:38 /home/bryan/repos/skripsi/backend/setup/setup.go:78
[3.137ms] [rows:0] SELECT description FROM pg_catalog.pg_description WHERE objsubid = (SELECT ordinal_position FROM information_schema.columns WHERE table_schema = CURRENT_SCHEMA() AND table_name = 'reduce_slots' AND column_name = 'target_date') AND objoid = (SELECT oid FROM pg_catalog.pg_class WHERE relname = 'reduce_slots' AND relnamespace = (SELECT oid FROM pg_catalog.pg_namespace WHERE nspname = CURRENT_SCHEMA()))

2025/02/13 14:38:38 /home/bryan/repos/skripsi/backend/setup/setup.go:78
[2.093ms] [rows:1] SELECT count(*) FROM information_schema.tables WHERE table_schema = CURRENT_SCHEMA() AND table_name = 'booked_slots_dailies' AND table_type = 'BASE TABLE'

2025/02/13 14:38:38 /home/bryan/repos/skripsi/backend/setup/setup.go:78
[1.623ms] [rows:1] SELECT CURRENT_DATABASE()

2025/02/13 14:38:38 /home/bryan/repos/skripsi/backend/setup/setup.go:78
[7.251ms] [rows:-] SELECT c.column_name, c.is_nullable = 'YES', c.udt_name, c.character_maximum_length, c.numeric_precision, c.numeric_precision_radix, c.numeric_scale, c.datetime_precision, 8 * typlen, c.column_default, pd.description, c.identity_increment FROM information_schema.columns AS c JOIN pg_type AS pgt ON c.udt_name = pgt.typname LEFT JOIN pg_catalog.pg_description as pd ON pd.objsubid = c.ordinal_position AND pd.objoid = (SELECT oid FROM pg_catalog.pg_class WHERE relname = c.table_name AND relnamespace = (SELECT oid FROM pg_catalog.pg_namespace WHERE nspname = c.table_schema)) where table_catalog = $1$ AND table_schema = CURRENT_SCHEMA() AND table_name = $2$

2025/02/13 14:38:38 /home/bryan/repos/skripsi/backend/setup/setup.go:78
[2.871ms] [rows:-] SELECT * FROM "booked_slots_dailies" LIMIT $1$

2025/02/13 14:38:38 /home/bryan/repos/skripsi/backend/setup/setup.go:78
[4.825ms] [rows:-] SELECT constraint_name FROM information_schema.table_constraints tc JOIN information_schema.constraint_column_usage AS ccu USING (constraint_schema, constraint_catalog, table_name, constraint_name) JOIN information_schema.columns AS c ON c.table_schema = tc.constraint_schema AND tc.table_name = c.table_name AND ccu.column_name = c.column_name WHERE constraint_type IN ('PRIMARY KEY', 'UNIQUE') AND c.table_catalog = $1$ AND c.table_schema = CURRENT_SCHEMA() AND c.table_name = $2$ AND constraint_type = $3$

2025/02/13 14:38:38 /home/bryan/repos/skripsi/backend/setup/setup.go:78
[5.047ms] [rows:-] SELECT c.column_name, constraint_name, constraint_type FROM information_schema.table_constraints tc JOIN information_schema.constraint_column_usage AS ccu USING (constraint_schema, constraint_catalog, table_name, constraint_name) JOIN information_schema.columns AS c ON c.table_schema = tc.constraint_schema AND tc.table_name = c.table_name AND ccu.column_name = c.column_name WHERE constraint_type IN ('PRIMARY KEY', 'UNIQUE') AND c.table_catalog = $1$ AND c.table_schema = CURRENT_SCHEMA() AND c.table_name = $2$

2025/02/13 14:38:38 /home/bryan/repos/skripsi/backend/setup/setup.go:78
[2.061ms] [rows:-] SELECT a.attname as column_name, format_type(a.atttypid, a.atttypmod) AS data_type
		FROM pg_attribute a JOIN pg_class b ON a.attrelid = b.oid AND relnamespace = (SELECT oid FROM pg_catalog.pg_namespace WHERE nspname = CURRENT_SCHEMA())
		WHERE a.attnum > 0 -- hide internal columns
		AND NOT a.attisdropped -- hide deleted columns
		AND b.relname = $1$

2025/02/13 14:38:38 /home/bryan/repos/skripsi/backend/setup/setup.go:78
[3.931ms] [rows:0] SELECT description FROM pg_catalog.pg_description WHERE objsubid = (SELECT ordinal_position FROM information_schema.columns WHERE table_schema = CURRENT_SCHEMA() AND table_name = 'booked_slots_dailies' AND column_name = 'id') AND objoid = (SELECT oid FROM pg_catalog.pg_class WHERE relname = 'booked_slots_dailies' AND relnamespace = (SELECT oid FROM pg_catalog.pg_namespace WHERE nspname = CURRENT_SCHEMA()))

2025/02/13 14:38:38 /home/bryan/repos/skripsi/backend/setup/setup.go:78
[3.211ms] [rows:0] SELECT description FROM pg_catalog.pg_description WHERE objsubid = (SELECT ordinal_position FROM information_schema.columns WHERE table_schema = CURRENT_SCHEMA() AND table_name = 'booked_slots_dailies' AND column_name = 'daycare_id') AND objoid = (SELECT oid FROM pg_catalog.pg_class WHERE relname = 'booked_slots_dailies' AND relnamespace = (SELECT oid FROM pg_catalog.pg_namespace WHERE nspname = CURRENT_SCHEMA()))

2025/02/13 14:38:38 /home/bryan/repos/skripsi/backend/setup/setup.go:78
[2.869ms] [rows:0] SELECT description FROM pg_catalog.pg_description WHERE objsubid = (SELECT ordinal_position FROM information_schema.columns WHERE table_schema = CURRENT_SCHEMA() AND table_name = 'booked_slots_dailies' AND column_name = 'date') AND objoid = (SELECT oid FROM pg_catalog.pg_class WHERE relname = 'booked_slots_dailies' AND relnamespace = (SELECT oid FROM pg_catalog.pg_namespace WHERE nspname = CURRENT_SCHEMA()))

2025/02/13 14:38:38 /home/bryan/repos/skripsi/backend/setup/setup.go:78
[3.045ms] [rows:0] SELECT description FROM pg_catalog.pg_description WHERE objsubid = (SELECT ordinal_position FROM information_schema.columns WHERE table_schema = CURRENT_SCHEMA() AND table_name = 'booked_slots_dailies' AND column_name = 'slot_count') AND objoid = (SELECT oid FROM pg_catalog.pg_class WHERE relname = 'booked_slots_dailies' AND relnamespace = (SELECT oid FROM pg_catalog.pg_namespace WHERE nspname = CURRENT_SCHEMA()))

2025/02/13 14:38:38 /home/bryan/repos/skripsi/backend/setup/setup.go:78
[2.182ms] [rows:1] SELECT count(*) FROM pg_indexes WHERE tablename = 'booked_slots_dailies' AND indexname = 'idx_booked_slots_dailies_date' AND schemaname = CURRENT_SCHEMA()
[GIN-debug] [WARNING] Creating an Engine instance with the Logger and Recovery middleware already attached.

[GIN-debug] [WARNING] Running in "debug" mode. Switch to "release" mode in production.
 - using env:	export GIN_MODE=release
 - using code:	gin.SetMode(gin.ReleaseMode)

[GIN-debug] GET    /assets/*filepath         --> github.com/gin-gonic/gin.(*RouterGroup).createStaticHandler.func1 (3 handlers)
[GIN-debug] HEAD   /assets/*filepath         --> github.com/gin-gonic/gin.(*RouterGroup).createStaticHandler.func1 (3 handlers)
[GIN-debug] POST   /users                    --> github.com/BryanEgbert/skripsi/controller.(*UserController).CreateUser-fm (3 handlers)
[GIN-debug] GET    /users/vets               --> github.com/BryanEgbert/skripsi/controller.(*UserController).GetVets-fm (4 handlers)
[GIN-debug] GET    /users/:id                --> github.com/BryanEgbert/skripsi/controller.(*UserController).GetUser-fm (4 handlers)
[GIN-debug] DELETE /users                    --> github.com/BryanEgbert/skripsi/controller.(*UserController).DeleteUser-fm (4 handlers)
[GIN-debug] PUT    /users                    --> github.com/BryanEgbert/skripsi/controller.(*UserController).UpdateUserProfile-fm (4 handlers)
[GIN-debug] PATCH  /users/password           --> github.com/BryanEgbert/skripsi/controller.(*UserController).UpdateUserPassword-fm (4 handlers)
[GIN-debug] POST   /login                    --> github.com/BryanEgbert/skripsi/controller.(*AuthController).Login-fm (3 handlers)
[GIN-debug] POST   /refresh                  --> github.com/BryanEgbert/skripsi/controller.(*AuthController).RefreshToken-fm (4 handlers)
[GIN-debug] GET    /pets/:id                 --> github.com/BryanEgbert/skripsi/controller.(*PetController).GetPet-fm (4 handlers)
[GIN-debug] GET    /pets                     --> github.com/BryanEgbert/skripsi/controller.(*PetController).GetPets-fm (4 handlers)
[GIN-debug] POST   /pets                     --> github.com/BryanEgbert/skripsi/controller.(*PetController).CreatePet-fm (4 handlers)
[GIN-debug] PUT    /pets/:id                 --> github.com/BryanEgbert/skripsi/controller.(*PetController).UpdatePet-fm (4 handlers)
[GIN-debug] DELETE /pets/:id                 --> github.com/BryanEgbert/skripsi/controller.(*PetController).DeletePet-fm (4 handlers)
[GIN-debug] PATCH  /daycare/slot/:slotId     --> github.com/BryanEgbert/skripsi/controller.(*PetDaycareController).EditSlotCount-fm (4 handlers)
[GIN-debug] GET    /daycare/:id/slot         --> github.com/BryanEgbert/skripsi/controller.(*PetDaycareController).GetPetDaycareSlots-fm (4 handlers)
[GIN-debug] POST   /daycare/:id/slot         --> github.com/BryanEgbert/skripsi/controller.(*PetDaycareController).CreateSlot-fm (4 handlers)
[GIN-debug] GET    /daycare/:id/review       --> github.com/BryanEgbert/skripsi/controller.(*PetDaycareController).GetReviews-fm (4 handlers)
[GIN-debug] POST   /daycare/:id/review       --> github.com/BryanEgbert/skripsi/controller.(*PetDaycareController).CreateReview-fm (4 handlers)
[GIN-debug] DELETE /daycare/:id/review       --> github.com/BryanEgbert/skripsi/controller.(*PetDaycareController).DeleteReview-fm (4 handlers)
[GIN-debug] GET    /daycare/:id              --> github.com/BryanEgbert/skripsi/controller.(*PetDaycareController).GetPetDaycare-fm (4 handlers)
[GIN-debug] GET    /daycare                  --> github.com/BryanEgbert/skripsi/controller.(*PetDaycareController).GetPetDaycares-fm (4 handlers)
[GIN-debug] POST   /daycare                  --> github.com/BryanEgbert/skripsi/controller.(*PetDaycareController).CreatePetDaycare-fm (4 handlers)
[GIN-debug] PUT    /daycare/:id              --> github.com/BryanEgbert/skripsi/controller.(*PetDaycareController).UpdatePetDaycare-fm (4 handlers)
[GIN-debug] DELETE /daycare/:id              --> github.com/BryanEgbert/skripsi/controller.(*PetDaycareController).DeletePetDaycare-fm (4 handlers)

2025/02/13 14:38:38 /home/bryan/repos/skripsi/backend/service/user_service.go:74
[2.844ms] [rows:1] SELECT count(*) > 0 FROM "roles" WHERE id = $1$

2025/02/13 14:38:38 /home/bryan/repos/skripsi/backend/service/user_service.go:101 ERROR: duplicate key value violates unique constraint "uni_users_email" (SQLSTATE 23505)
[3.872ms] [rows:0] INSERT INTO "users" ("created_at","updated_at","deleted_at","name","email","password","role_id","image_url") VALUES ($1$,$2$,$3$,$4$,$5$,$6$,$7$,$8$) RETURNING "id","image_url"
[GIN] 2025/02/13 - 14:38:38 | 409 |  215.844733ms |                 | POST     "/users"
=== RUN   TestRegister/On_register,_should_return_error_when_name_is_the_same

2025/02/13 14:38:38 /home/bryan/repos/skripsi/backend/setup/setup.go:60
[279.411ms] [rows:0] TRUNCATE TABLE users, vet_specialties, user_vet_specialties, pet_daycares, pets, size_categories, roles, slots, booked_slots, thumbnails, species, reviews, refresh_tokens, transactions, daily_walks, daily_playtimes, reduce_slots RESTART IDENTITY CASCADE;

2025/02/13 14:38:38 /home/bryan/repos/skripsi/backend/seeder/seeder.go:18
[15.129ms] [rows:3] INSERT INTO "roles" ("name","id") VALUES ($1$,$2$),($3$,$4$),($5$,$6$) RETURNING "id"

2025/02/13 14:38:38 /home/bryan/repos/skripsi/backend/seeder/seeder.go:29
[10.736ms] [rows:4] INSERT INTO "daily_walks" ("name","id") VALUES ($1$,$2$),($3$,$4$),($5$,$6$),($7$,$8$) RETURNING "id"

2025/02/13 14:38:38 /home/bryan/repos/skripsi/backend/seeder/seeder.go:39
[9.645ms] [rows:4] INSERT INTO "daily_playtimes" ("name","id") VALUES ($1$,$2$),($3$,$4$),($5$,$6$),($7$,$8$) RETURNING "id"

2025/02/13 14:38:38 /home/bryan/repos/skripsi/backend/seeder/seeder.go:61
[11.286ms] [rows:17] INSERT INTO "vet_specialties" ("name") VALUES ($1$),($2$),($3$),($4$),($5$),($6$),($7$),($8$),($9$),($10$),($11$),($12$),($13$),($14$),($15$),($16$),($17$) RETURNING "id"

2025/02/13 14:38:38 /home/bryan/repos/skripsi/backend/seeder/seeder.go:71
[10.495ms] [rows:3] INSERT INTO "species" ("name") VALUES ($1$),($2$),($3$) RETURNING "id"

2025/02/13 14:38:38 /home/bryan/repos/skripsi/backend/seeder/seeder.go:83
[11.340ms] [rows:5] INSERT INTO "size_categories" ("name","min_weight","max_weight") VALUES ($1$,$2$,$3$),($4$,$5$,$6$),($7$,$8$,$9$),($10$,$11$,$12$),($13$,$14$,$15$) RETURNING "id"

2025/02/13 14:38:39 /home/bryan/repos/skripsi/backend/seeder/seeder.go:106
[2.310ms] [rows:0] INSERT INTO "vet_specialties" ("name","id") VALUES ($1$,$2$),($3$,$4$),($5$,$6$) ON CONFLICT DO NOTHING RETURNING "id"

2025/02/13 14:38:39 /home/bryan/repos/skripsi/backend/seeder/seeder.go:106
[3.382ms] [rows:3] INSERT INTO "user_vet_specialties" ("user_id","vet_specialty_id") VALUES ($1$,$2$),($3$,$4$),($5$,$6$) ON CONFLICT DO NOTHING

2025/02/13 14:38:39 /home/bryan/repos/skripsi/backend/seeder/seeder.go:106
[14.349ms] [rows:6] INSERT INTO "users" ("created_at","updated_at","deleted_at","name","email","password","role_id","image_url") VALUES ($1$,$2$,$3$,$4$,$5$,$6$,$7$,$8$),($9$,$10$,$11$,$12$,$13$,$14$,$15$,$16$),($17$,$18$,$19$,$20$,$21$,$22$,$23$,$24$),($25$,$26$,$27$,$28$,$29$,$30$,$31$,$32$),($33$,$34$,$35$,$36$,$37$,$38$,$39$,DEFAULT),($40$,$41$,$42$,$43$,$44$,$45$,$46$,$47$) RETURNING "id","image_url"

2025/02/13 14:38:39 /home/bryan/repos/skripsi/backend/seeder/seeder.go:148
[1.920ms] [rows:0] INSERT INTO "daily_walks" ("name","id") VALUES ($1$,$2$) ON CONFLICT DO NOTHING RETURNING "id"

2025/02/13 14:38:39 /home/bryan/repos/skripsi/backend/seeder/seeder.go:148
[2.020ms] [rows:0] INSERT INTO "daily_playtimes" ("name","id") VALUES ($1$,$2$),($3$,$4$) ON CONFLICT DO NOTHING RETURNING "id"

2025/02/13 14:38:39 /home/bryan/repos/skripsi/backend/seeder/seeder.go:148
[11.764ms] [rows:3] INSERT INTO "pet_daycares" ("created_at","updated_at","deleted_at","name","address","latitude","longitude","price","pricing_type","description","has_pickup_service","must_be_vaccinated","food_provided","grooming_available","booked_num","daily_walks_id","daily_playtime_id","owner_id","food_brand") VALUES ($1$,$2$,$3$,$4$,$5$,$6$,$7$,$8$,$9$,$10$,$11$,$12$,$13$,$14$,$15$,$16$,$17$,$18$,$19$),($20$,$21$,$22$,$23$,$24$,$25$,$26$,$27$,$28$,$29$,$30$,$31$,$32$,$33$,$34$,$35$,$36$,$37$,$38$),($39$,$40$,$41$,$42$,$43$,$44$,$45$,$46$,$47$,$48$,$49$,$50$,$51$,$52$,$53$,$54$,$55$,$56$,$57$) RETURNING "id"

2025/02/13 14:38:39 /home/bryan/repos/skripsi/backend/seeder/seeder.go:158
[5.899ms] [rows:3] INSERT INTO "slots" ("created_at","updated_at","deleted_at","daycare_id","species_id","size_category_id","max_number") VALUES ($1$,$2$,$3$,$4$,$5$,$6$,$7$),($8$,$9$,$10$,$11$,$12$,$13$,$14$),($15$,$16$,$17$,$18$,$19$,$20$,$21$) RETURNING "id"

2025/02/13 14:38:39 /home/bryan/repos/skripsi/backend/seeder/seeder.go:172
[6.661ms] [rows:2] INSERT INTO "pets" ("created_at","updated_at","deleted_at","name","image_url","status","owner_id","species_id","size_id") VALUES ($1$,$2$,$3$,$4$,$5$,$6$,$7$,$8$,$9$),($10$,$11$,$12$,$13$,$14$,$15$,$16$,$17$,$18$) RETURNING "id"

2025/02/13 14:38:39 /home/bryan/repos/skripsi/backend/seeder/seeder.go:189
[6.634ms] [rows:2] INSERT INTO "booked_slots" ("created_at","updated_at","deleted_at","user_id","daycare_id","pet_id","start_date","end_date") VALUES ($1$,$2$,$3$,$4$,$5$,$6$,$7$,$8$),($9$,$10$,$11$,$12$,$13$,$14$,$15$,$16$) RETURNING "id"

2025/02/13 14:38:39 /home/bryan/repos/skripsi/backend/seeder/seeder.go:205
[6.490ms] [rows:3] INSERT INTO "reviews" ("created_at","updated_at","deleted_at","daycare_id","user_id","name","rate","description") VALUES ($1$,$2$,$3$,$4$,$5$,$6$,$7$,$8$),($9$,$10$,$11$,$12$,$13$,$14$,$15$,$16$),($17$,$18$,$19$,$20$,$21$,$22$,$23$,$24$) RETURNING "id"

2025/02/13 14:38:39 /home/bryan/repos/skripsi/backend/seeder/seeder.go:213
[5.353ms] [rows:1] INSERT INTO "reduce_slots" ("slot_id","reduced_count","target_date") VALUES ($1$,$2$,$3$) RETURNING "id"

2025/02/13 14:38:39 /home/bryan/repos/skripsi/backend/seeder/seeder.go:222
[6.646ms] [rows:2] INSERT INTO "thumbnails" ("daycare_id","image_url") VALUES ($1$,$2$),($3$,$4$) RETURNING "id"

2025/02/13 14:38:39 /home/bryan/repos/skripsi/backend/seeder/seeder.go:230
[7.389ms] [rows:1] INSERT INTO "transactions" ("pet_daycare_id","booked_slot_id","status") VALUES ($1$,$2$,$3$) RETURNING "created_at","id"

2025/02/13 14:38:39 /home/bryan/repos/skripsi/backend/setup/setup.go:78
[21.426ms] [rows:1] SELECT count(*) FROM information_schema.tables WHERE table_schema = CURRENT_SCHEMA() AND table_name = 'roles' AND table_type = 'BASE TABLE'

2025/02/13 14:38:39 /home/bryan/repos/skripsi/backend/setup/setup.go:78
[2.032ms] [rows:1] SELECT CURRENT_DATABASE()

2025/02/13 14:38:39 /home/bryan/repos/skripsi/backend/setup/setup.go:78
[49.902ms] [rows:-] SELECT c.column_name, c.is_nullable = 'YES', c.udt_name, c.character_maximum_length, c.numeric_precision, c.numeric_precision_radix, c.numeric_scale, c.datetime_precision, 8 * typlen, c.column_default, pd.description, c.identity_increment FROM information_schema.columns AS c JOIN pg_type AS pgt ON c.udt_name = pgt.typname LEFT JOIN pg_catalog.pg_description as pd ON pd.objsubid = c.ordinal_position AND pd.objoid = (SELECT oid FROM pg_catalog.pg_class WHERE relname = c.table_name AND relnamespace = (SELECT oid FROM pg_catalog.pg_namespace WHERE nspname = c.table_schema)) where table_catalog = $1$ AND table_schema = CURRENT_SCHEMA() AND table_name = $2$

2025/02/13 14:38:39 /home/bryan/repos/skripsi/backend/setup/setup.go:78
[1.608ms] [rows:-] SELECT * FROM "roles" LIMIT $1$

2025/02/13 14:38:39 /home/bryan/repos/skripsi/backend/setup/setup.go:78
[36.684ms] [rows:-] SELECT constraint_name FROM information_schema.table_constraints tc JOIN information_schema.constraint_column_usage AS ccu USING (constraint_schema, constraint_catalog, table_name, constraint_name) JOIN information_schema.columns AS c ON c.table_schema = tc.constraint_schema AND tc.table_name = c.table_name AND ccu.column_name = c.column_name WHERE constraint_type IN ('PRIMARY KEY', 'UNIQUE') AND c.table_catalog = $1$ AND c.table_schema = CURRENT_SCHEMA() AND c.table_name = $2$ AND constraint_type = $3$

2025/02/13 14:38:39 /home/bryan/repos/skripsi/backend/setup/setup.go:78
[34.504ms] [rows:-] SELECT c.column_name, constraint_name, constraint_type FROM information_schema.table_constraints tc JOIN information_schema.constraint_column_usage AS ccu USING (constraint_schema, constraint_catalog, table_name, constraint_name) JOIN information_schema.columns AS c ON c.table_schema = tc.constraint_schema AND tc.table_name = c.table_name AND ccu.column_name = c.column_name WHERE constraint_type IN ('PRIMARY KEY', 'UNIQUE') AND c.table_catalog = $1$ AND c.table_schema = CURRENT_SCHEMA() AND c.table_name = $2$

2025/02/13 14:38:39 /home/bryan/repos/skripsi/backend/setup/setup.go:78
[5.224ms] [rows:-] SELECT a.attname as column_name, format_type(a.atttypid, a.atttypmod) AS data_type
		FROM pg_attribute a JOIN pg_class b ON a.attrelid = b.oid AND relnamespace = (SELECT oid FROM pg_catalog.pg_namespace WHERE nspname = CURRENT_SCHEMA())
		WHERE a.attnum > 0 -- hide internal columns
		AND NOT a.attisdropped -- hide deleted columns
		AND b.relname = $1$

2025/02/13 14:38:39 /home/bryan/repos/skripsi/backend/setup/setup.go:78
[14.214ms] [rows:0] SELECT description FROM pg_catalog.pg_description WHERE objsubid = (SELECT ordinal_position FROM information_schema.columns WHERE table_schema = CURRENT_SCHEMA() AND table_name = 'roles' AND column_name = 'id') AND objoid = (SELECT oid FROM pg_catalog.pg_class WHERE relname = 'roles' AND relnamespace = (SELECT oid FROM pg_catalog.pg_namespace WHERE nspname = CURRENT_SCHEMA()))

2025/02/13 14:38:39 /home/bryan/repos/skripsi/backend/setup/setup.go:78
[8.977ms] [rows:0] SELECT description FROM pg_catalog.pg_description WHERE objsubid = (SELECT ordinal_position FROM information_schema.columns WHERE table_schema = CURRENT_SCHEMA() AND table_name = 'roles' AND column_name = 'name') AND objoid = (SELECT oid FROM pg_catalog.pg_class WHERE relname = 'roles' AND relnamespace = (SELECT oid FROM pg_catalog.pg_namespace WHERE nspname = CURRENT_SCHEMA()))

2025/02/13 14:38:39 /home/bryan/repos/skripsi/backend/setup/setup.go:78
[3.545ms] [rows:1] SELECT count(*) FROM information_schema.tables WHERE table_schema = CURRENT_SCHEMA() AND table_name = 'users' AND table_type = 'BASE TABLE'

2025/02/13 14:38:39 /home/bryan/repos/skripsi/backend/setup/setup.go:78
[1.337ms] [rows:1] SELECT CURRENT_DATABASE()

2025/02/13 14:38:39 /home/bryan/repos/skripsi/backend/setup/setup.go:78
[19.675ms] [rows:-] SELECT c.column_name, c.is_nullable = 'YES', c.udt_name, c.character_maximum_length, c.numeric_precision, c.numeric_precision_radix, c.numeric_scale, c.datetime_precision, 8 * typlen, c.column_default, pd.description, c.identity_increment FROM information_schema.columns AS c JOIN pg_type AS pgt ON c.udt_name = pgt.typname LEFT JOIN pg_catalog.pg_description as pd ON pd.objsubid = c.ordinal_position AND pd.objoid = (SELECT oid FROM pg_catalog.pg_class WHERE relname = c.table_name AND relnamespace = (SELECT oid FROM pg_catalog.pg_namespace WHERE nspname = c.table_schema)) where table_catalog = $1$ AND table_schema = CURRENT_SCHEMA() AND table_name = $2$

2025/02/13 14:38:39 /home/bryan/repos/skripsi/backend/setup/setup.go:78
[1.518ms] [rows:-] SELECT * FROM "users" LIMIT $1$

2025/02/13 14:38:39 /home/bryan/repos/skripsi/backend/setup/setup.go:78
[28.880ms] [rows:-] SELECT constraint_name FROM information_schema.table_constraints tc JOIN information_schema.constraint_column_usage AS ccu USING (constraint_schema, constraint_catalog, table_name, constraint_name) JOIN information_schema.columns AS c ON c.table_schema = tc.constraint_schema AND tc.table_name = c.table_name AND ccu.column_name = c.column_name WHERE constraint_type IN ('PRIMARY KEY', 'UNIQUE') AND c.table_catalog = $1$ AND c.table_schema = CURRENT_SCHEMA() AND c.table_name = $2$ AND constraint_type = $3$

2025/02/13 14:38:39 /home/bryan/repos/skripsi/backend/setup/setup.go:78
[28.506ms] [rows:-] SELECT c.column_name, constraint_name, constraint_type FROM information_schema.table_constraints tc JOIN information_schema.constraint_column_usage AS ccu USING (constraint_schema, constraint_catalog, table_name, constraint_name) JOIN information_schema.columns AS c ON c.table_schema = tc.constraint_schema AND tc.table_name = c.table_name AND ccu.column_name = c.column_name WHERE constraint_type IN ('PRIMARY KEY', 'UNIQUE') AND c.table_catalog = $1$ AND c.table_schema = CURRENT_SCHEMA() AND c.table_name = $2$

2025/02/13 14:38:39 /home/bryan/repos/skripsi/backend/setup/setup.go:78
[2.833ms] [rows:-] SELECT a.attname as column_name, format_type(a.atttypid, a.atttypmod) AS data_type
		FROM pg_attribute a JOIN pg_class b ON a.attrelid = b.oid AND relnamespace = (SELECT oid FROM pg_catalog.pg_namespace WHERE nspname = CURRENT_SCHEMA())
		WHERE a.attnum > 0 -- hide internal columns
		AND NOT a.attisdropped -- hide deleted columns
		AND b.relname = $1$

2025/02/13 14:38:39 /home/bryan/repos/skripsi/backend/setup/setup.go:78
[9.222ms] [rows:0] SELECT description FROM pg_catalog.pg_description WHERE objsubid = (SELECT ordinal_position FROM information_schema.columns WHERE table_schema = CURRENT_SCHEMA() AND table_name = 'users' AND column_name = 'id') AND objoid = (SELECT oid FROM pg_catalog.pg_class WHERE relname = 'users' AND relnamespace = (SELECT oid FROM pg_catalog.pg_namespace WHERE nspname = CURRENT_SCHEMA()))

2025/02/13 14:38:39 /home/bryan/repos/skripsi/backend/setup/setup.go:78
[9.327ms] [rows:0] SELECT description FROM pg_catalog.pg_description WHERE objsubid = (SELECT ordinal_position FROM information_schema.columns WHERE table_schema = CURRENT_SCHEMA() AND table_name = 'users' AND column_name = 'created_at') AND objoid = (SELECT oid FROM pg_catalog.pg_class WHERE relname = 'users' AND relnamespace = (SELECT oid FROM pg_catalog.pg_namespace WHERE nspname = CURRENT_SCHEMA()))

2025/02/13 14:38:39 /home/bryan/repos/skripsi/backend/setup/setup.go:78
[9.525ms] [rows:0] SELECT description FROM pg_catalog.pg_description WHERE objsubid = (SELECT ordinal_position FROM information_schema.columns WHERE table_schema = CURRENT_SCHEMA() AND table_name = 'users' AND column_name = 'updated_at') AND objoid = (SELECT oid FROM pg_catalog.pg_class WHERE relname = 'users' AND relnamespace = (SELECT oid FROM pg_catalog.pg_namespace WHERE nspname = CURRENT_SCHEMA()))

2025/02/13 14:38:39 /home/bryan/repos/skripsi/backend/setup/setup.go:78
[9.232ms] [rows:0] SELECT description FROM pg_catalog.pg_description WHERE objsubid = (SELECT ordinal_position FROM information_schema.columns WHERE table_schema = CURRENT_SCHEMA() AND table_name = 'users' AND column_name = 'deleted_at') AND objoid = (SELECT oid FROM pg_catalog.pg_class WHERE relname = 'users' AND relnamespace = (SELECT oid FROM pg_catalog.pg_namespace WHERE nspname = CURRENT_SCHEMA()))

2025/02/13 14:38:39 /home/bryan/repos/skripsi/backend/setup/setup.go:78
[2.372ms] [rows:0] SELECT description FROM pg_catalog.pg_description WHERE objsubid = (SELECT ordinal_position FROM information_schema.columns WHERE table_schema = CURRENT_SCHEMA() AND table_name = 'users' AND column_name = 'name') AND objoid = (SELECT oid FROM pg_catalog.pg_class WHERE relname = 'users' AND relnamespace = (SELECT oid FROM pg_catalog.pg_namespace WHERE nspname = CURRENT_SCHEMA()))

2025/02/13 14:38:39 /home/bryan/repos/skripsi/backend/setup/setup.go:78
[2.421ms] [rows:0] SELECT description FROM pg_catalog.pg_description WHERE objsubid = (SELECT ordinal_position FROM information_schema.columns WHERE table_schema = CURRENT_SCHEMA() AND table_name = 'users' AND column_name = 'email') AND objoid = (SELECT oid FROM pg_catalog.pg_class WHERE relname = 'users' AND relnamespace = (SELECT oid FROM pg_catalog.pg_namespace WHERE nspname = CURRENT_SCHEMA()))

2025/02/13 14:38:39 /home/bryan/repos/skripsi/backend/setup/setup.go:78
[2.186ms] [rows:0] SELECT description FROM pg_catalog.pg_description WHERE objsubid = (SELECT ordinal_position FROM information_schema.columns WHERE table_schema = CURRENT_SCHEMA() AND table_name = 'users' AND column_name = 'password') AND objoid = (SELECT oid FROM pg_catalog.pg_class WHERE relname = 'users' AND relnamespace = (SELECT oid FROM pg_catalog.pg_namespace WHERE nspname = CURRENT_SCHEMA()))

2025/02/13 14:38:39 /home/bryan/repos/skripsi/backend/setup/setup.go:78
[2.261ms] [rows:0] SELECT description FROM pg_catalog.pg_description WHERE objsubid = (SELECT ordinal_position FROM information_schema.columns WHERE table_schema = CURRENT_SCHEMA() AND table_name = 'users' AND column_name = 'image_url') AND objoid = (SELECT oid FROM pg_catalog.pg_class WHERE relname = 'users' AND relnamespace = (SELECT oid FROM pg_catalog.pg_namespace WHERE nspname = CURRENT_SCHEMA()))

2025/02/13 14:38:39 /home/bryan/repos/skripsi/backend/setup/setup.go:78
[2.366ms] [rows:0] SELECT description FROM pg_catalog.pg_description WHERE objsubid = (SELECT ordinal_position FROM information_schema.columns WHERE table_schema = CURRENT_SCHEMA() AND table_name = 'users' AND column_name = 'role_id') AND objoid = (SELECT oid FROM pg_catalog.pg_class WHERE relname = 'users' AND relnamespace = (SELECT oid FROM pg_catalog.pg_namespace WHERE nspname = CURRENT_SCHEMA()))

2025/02/13 14:38:39 /home/bryan/repos/skripsi/backend/setup/setup.go:78
[8.706ms] [rows:1] SELECT count(*) FROM INFORMATION_SCHEMA.table_constraints WHERE table_schema = CURRENT_SCHEMA() AND table_name = 'users' AND constraint_name = 'fk_roles_users'

2025/02/13 14:38:39 /home/bryan/repos/skripsi/backend/setup/setup.go:78
[10.098ms] [rows:1] SELECT count(*) FROM pg_indexes WHERE tablename = 'users' AND indexname = 'idx_users_deleted_at' AND schemaname = CURRENT_SCHEMA()

2025/02/13 14:38:39 /home/bryan/repos/skripsi/backend/setup/setup.go:78
[3.899ms] [rows:1] SELECT count(*) FROM information_schema.tables WHERE table_schema = CURRENT_SCHEMA() AND table_name = 'vet_specialties' AND table_type = 'BASE TABLE'

2025/02/13 14:38:39 /home/bryan/repos/skripsi/backend/setup/setup.go:78
[1.288ms] [rows:1] SELECT CURRENT_DATABASE()

2025/02/13 14:38:39 /home/bryan/repos/skripsi/backend/setup/setup.go:78
[19.226ms] [rows:-] SELECT c.column_name, c.is_nullable = 'YES', c.udt_name, c.character_maximum_length, c.numeric_precision, c.numeric_precision_radix, c.numeric_scale, c.datetime_precision, 8 * typlen, c.column_default, pd.description, c.identity_increment FROM information_schema.columns AS c JOIN pg_type AS pgt ON c.udt_name = pgt.typname LEFT JOIN pg_catalog.pg_description as pd ON pd.objsubid = c.ordinal_position AND pd.objoid = (SELECT oid FROM pg_catalog.pg_class WHERE relname = c.table_name AND relnamespace = (SELECT oid FROM pg_catalog.pg_namespace WHERE nspname = c.table_schema)) where table_catalog = $1$ AND table_schema = CURRENT_SCHEMA() AND table_name = $2$

2025/02/13 14:38:39 /home/bryan/repos/skripsi/backend/setup/setup.go:78
[1.527ms] [rows:-] SELECT * FROM "vet_specialties" LIMIT $1$

2025/02/13 14:38:39 /home/bryan/repos/skripsi/backend/setup/setup.go:78
[27.660ms] [rows:-] SELECT constraint_name FROM information_schema.table_constraints tc JOIN information_schema.constraint_column_usage AS ccu USING (constraint_schema, constraint_catalog, table_name, constraint_name) JOIN information_schema.columns AS c ON c.table_schema = tc.constraint_schema AND tc.table_name = c.table_name AND ccu.column_name = c.column_name WHERE constraint_type IN ('PRIMARY KEY', 'UNIQUE') AND c.table_catalog = $1$ AND c.table_schema = CURRENT_SCHEMA() AND c.table_name = $2$ AND constraint_type = $3$

2025/02/13 14:38:39 /home/bryan/repos/skripsi/backend/setup/setup.go:78
[27.406ms] [rows:-] SELECT c.column_name, constraint_name, constraint_type FROM information_schema.table_constraints tc JOIN information_schema.constraint_column_usage AS ccu USING (constraint_schema, constraint_catalog, table_name, constraint_name) JOIN information_schema.columns AS c ON c.table_schema = tc.constraint_schema AND tc.table_name = c.table_name AND ccu.column_name = c.column_name WHERE constraint_type IN ('PRIMARY KEY', 'UNIQUE') AND c.table_catalog = $1$ AND c.table_schema = CURRENT_SCHEMA() AND c.table_name = $2$

2025/02/13 14:38:39 /home/bryan/repos/skripsi/backend/setup/setup.go:78
[2.414ms] [rows:-] SELECT a.attname as column_name, format_type(a.atttypid, a.atttypmod) AS data_type
		FROM pg_attribute a JOIN pg_class b ON a.attrelid = b.oid AND relnamespace = (SELECT oid FROM pg_catalog.pg_namespace WHERE nspname = CURRENT_SCHEMA())
		WHERE a.attnum > 0 -- hide internal columns
		AND NOT a.attisdropped -- hide deleted columns
		AND b.relname = $1$

2025/02/13 14:38:39 /home/bryan/repos/skripsi/backend/setup/setup.go:78
[2.234ms] [rows:0] SELECT description FROM pg_catalog.pg_description WHERE objsubid = (SELECT ordinal_position FROM information_schema.columns WHERE table_schema = CURRENT_SCHEMA() AND table_name = 'vet_specialties' AND column_name = 'id') AND objoid = (SELECT oid FROM pg_catalog.pg_class WHERE relname = 'vet_specialties' AND relnamespace = (SELECT oid FROM pg_catalog.pg_namespace WHERE nspname = CURRENT_SCHEMA()))

2025/02/13 14:38:39 /home/bryan/repos/skripsi/backend/setup/setup.go:78
[2.222ms] [rows:0] SELECT description FROM pg_catalog.pg_description WHERE objsubid = (SELECT ordinal_position FROM information_schema.columns WHERE table_schema = CURRENT_SCHEMA() AND table_name = 'vet_specialties' AND column_name = 'name') AND objoid = (SELECT oid FROM pg_catalog.pg_class WHERE relname = 'vet_specialties' AND relnamespace = (SELECT oid FROM pg_catalog.pg_namespace WHERE nspname = CURRENT_SCHEMA()))

2025/02/13 14:38:39 /home/bryan/repos/skripsi/backend/setup/setup.go:78
[3.450ms] [rows:1] SELECT count(*) FROM information_schema.tables WHERE table_schema = CURRENT_SCHEMA() AND table_name = 'user_vet_specialties' AND table_type = 'BASE TABLE'

2025/02/13 14:38:39 /home/bryan/repos/skripsi/backend/setup/setup.go:78
[1.396ms] [rows:1] SELECT CURRENT_DATABASE()

2025/02/13 14:38:39 /home/bryan/repos/skripsi/backend/setup/setup.go:78
[18.469ms] [rows:-] SELECT c.column_name, c.is_nullable = 'YES', c.udt_name, c.character_maximum_length, c.numeric_precision, c.numeric_precision_radix, c.numeric_scale, c.datetime_precision, 8 * typlen, c.column_default, pd.description, c.identity_increment FROM information_schema.columns AS c JOIN pg_type AS pgt ON c.udt_name = pgt.typname LEFT JOIN pg_catalog.pg_description as pd ON pd.objsubid = c.ordinal_position AND pd.objoid = (SELECT oid FROM pg_catalog.pg_class WHERE relname = c.table_name AND relnamespace = (SELECT oid FROM pg_catalog.pg_namespace WHERE nspname = c.table_schema)) where table_catalog = $1$ AND table_schema = CURRENT_SCHEMA() AND table_name = $2$

2025/02/13 14:38:39 /home/bryan/repos/skripsi/backend/setup/setup.go:78
[1.550ms] [rows:-] SELECT * FROM "user_vet_specialties" LIMIT $1$

2025/02/13 14:38:39 /home/bryan/repos/skripsi/backend/setup/setup.go:78
[25.255ms] [rows:-] SELECT constraint_name FROM information_schema.table_constraints tc JOIN information_schema.constraint_column_usage AS ccu USING (constraint_schema, constraint_catalog, table_name, constraint_name) JOIN information_schema.columns AS c ON c.table_schema = tc.constraint_schema AND tc.table_name = c.table_name AND ccu.column_name = c.column_name WHERE constraint_type IN ('PRIMARY KEY', 'UNIQUE') AND c.table_catalog = $1$ AND c.table_schema = CURRENT_SCHEMA() AND c.table_name = $2$ AND constraint_type = $3$

2025/02/13 14:38:39 /home/bryan/repos/skripsi/backend/setup/setup.go:78
[24.028ms] [rows:-] SELECT c.column_name, constraint_name, constraint_type FROM information_schema.table_constraints tc JOIN information_schema.constraint_column_usage AS ccu USING (constraint_schema, constraint_catalog, table_name, constraint_name) JOIN information_schema.columns AS c ON c.table_schema = tc.constraint_schema AND tc.table_name = c.table_name AND ccu.column_name = c.column_name WHERE constraint_type IN ('PRIMARY KEY', 'UNIQUE') AND c.table_catalog = $1$ AND c.table_schema = CURRENT_SCHEMA() AND c.table_name = $2$

2025/02/13 14:38:39 /home/bryan/repos/skripsi/backend/setup/setup.go:78
[1.946ms] [rows:-] SELECT a.attname as column_name, format_type(a.atttypid, a.atttypmod) AS data_type
		FROM pg_attribute a JOIN pg_class b ON a.attrelid = b.oid AND relnamespace = (SELECT oid FROM pg_catalog.pg_namespace WHERE nspname = CURRENT_SCHEMA())
		WHERE a.attnum > 0 -- hide internal columns
		AND NOT a.attisdropped -- hide deleted columns
		AND b.relname = $1$

2025/02/13 14:38:39 /home/bryan/repos/skripsi/backend/setup/setup.go:78
[1.816ms] [rows:0] SELECT description FROM pg_catalog.pg_description WHERE objsubid = (SELECT ordinal_position FROM information_schema.columns WHERE table_schema = CURRENT_SCHEMA() AND table_name = 'user_vet_specialties' AND column_name = 'user_id') AND objoid = (SELECT oid FROM pg_catalog.pg_class WHERE relname = 'user_vet_specialties' AND relnamespace = (SELECT oid FROM pg_catalog.pg_namespace WHERE nspname = CURRENT_SCHEMA()))

2025/02/13 14:38:39 /home/bryan/repos/skripsi/backend/setup/setup.go:78
[1.741ms] [rows:0] SELECT description FROM pg_catalog.pg_description WHERE objsubid = (SELECT ordinal_position FROM information_schema.columns WHERE table_schema = CURRENT_SCHEMA() AND table_name = 'user_vet_specialties' AND column_name = 'vet_specialty_id') AND objoid = (SELECT oid FROM pg_catalog.pg_class WHERE relname = 'user_vet_specialties' AND relnamespace = (SELECT oid FROM pg_catalog.pg_namespace WHERE nspname = CURRENT_SCHEMA()))

2025/02/13 14:38:39 /home/bryan/repos/skripsi/backend/setup/setup.go:78
[4.349ms] [rows:1] SELECT count(*) FROM INFORMATION_SCHEMA.table_constraints WHERE table_schema = CURRENT_SCHEMA() AND table_name = 'user_vet_specialties' AND constraint_name = 'fk_user_vet_specialties_user'

2025/02/13 14:38:39 /home/bryan/repos/skripsi/backend/setup/setup.go:78
[4.301ms] [rows:1] SELECT count(*) FROM INFORMATION_SCHEMA.table_constraints WHERE table_schema = CURRENT_SCHEMA() AND table_name = 'user_vet_specialties' AND constraint_name = 'fk_user_vet_specialties_vet_specialty'

2025/02/13 14:38:39 /home/bryan/repos/skripsi/backend/setup/setup.go:78
[2.079ms] [rows:1] SELECT count(*) FROM information_schema.tables WHERE table_schema = CURRENT_SCHEMA() AND table_name = 'daily_walks' AND table_type = 'BASE TABLE'

2025/02/13 14:38:39 /home/bryan/repos/skripsi/backend/setup/setup.go:78
[0.852ms] [rows:1] SELECT CURRENT_DATABASE()

2025/02/13 14:38:39 /home/bryan/repos/skripsi/backend/setup/setup.go:78
[11.188ms] [rows:-] SELECT c.column_name, c.is_nullable = 'YES', c.udt_name, c.character_maximum_length, c.numeric_precision, c.numeric_precision_radix, c.numeric_scale, c.datetime_precision, 8 * typlen, c.column_default, pd.description, c.identity_increment FROM information_schema.columns AS c JOIN pg_type AS pgt ON c.udt_name = pgt.typname LEFT JOIN pg_catalog.pg_description as pd ON pd.objsubid = c.ordinal_position AND pd.objoid = (SELECT oid FROM pg_catalog.pg_class WHERE relname = c.table_name AND relnamespace = (SELECT oid FROM pg_catalog.pg_namespace WHERE nspname = c.table_schema)) where table_catalog = $1$ AND table_schema = CURRENT_SCHEMA() AND table_name = $2$

2025/02/13 14:38:39 /home/bryan/repos/skripsi/backend/setup/setup.go:78
[0.871ms] [rows:-] SELECT * FROM "daily_walks" LIMIT $1$

2025/02/13 14:38:39 /home/bryan/repos/skripsi/backend/setup/setup.go:78
[15.606ms] [rows:-] SELECT constraint_name FROM information_schema.table_constraints tc JOIN information_schema.constraint_column_usage AS ccu USING (constraint_schema, constraint_catalog, table_name, constraint_name) JOIN information_schema.columns AS c ON c.table_schema = tc.constraint_schema AND tc.table_name = c.table_name AND ccu.column_name = c.column_name WHERE constraint_type IN ('PRIMARY KEY', 'UNIQUE') AND c.table_catalog = $1$ AND c.table_schema = CURRENT_SCHEMA() AND c.table_name = $2$ AND constraint_type = $3$

2025/02/13 14:38:39 /home/bryan/repos/skripsi/backend/setup/setup.go:78
[16.023ms] [rows:-] SELECT c.column_name, constraint_name, constraint_type FROM information_schema.table_constraints tc JOIN information_schema.constraint_column_usage AS ccu USING (constraint_schema, constraint_catalog, table_name, constraint_name) JOIN information_schema.columns AS c ON c.table_schema = tc.constraint_schema AND tc.table_name = c.table_name AND ccu.column_name = c.column_name WHERE constraint_type IN ('PRIMARY KEY', 'UNIQUE') AND c.table_catalog = $1$ AND c.table_schema = CURRENT_SCHEMA() AND c.table_name = $2$

2025/02/13 14:38:39 /home/bryan/repos/skripsi/backend/setup/setup.go:78
[1.829ms] [rows:-] SELECT a.attname as column_name, format_type(a.atttypid, a.atttypmod) AS data_type
		FROM pg_attribute a JOIN pg_class b ON a.attrelid = b.oid AND relnamespace = (SELECT oid FROM pg_catalog.pg_namespace WHERE nspname = CURRENT_SCHEMA())
		WHERE a.attnum > 0 -- hide internal columns
		AND NOT a.attisdropped -- hide deleted columns
		AND b.relname = $1$

2025/02/13 14:38:39 /home/bryan/repos/skripsi/backend/setup/setup.go:78
[1.733ms] [rows:0] SELECT description FROM pg_catalog.pg_description WHERE objsubid = (SELECT ordinal_position FROM information_schema.columns WHERE table_schema = CURRENT_SCHEMA() AND table_name = 'daily_walks' AND column_name = 'id') AND objoid = (SELECT oid FROM pg_catalog.pg_class WHERE relname = 'daily_walks' AND relnamespace = (SELECT oid FROM pg_catalog.pg_namespace WHERE nspname = CURRENT_SCHEMA()))

2025/02/13 14:38:39 /home/bryan/repos/skripsi/backend/setup/setup.go:78
[1.650ms] [rows:0] SELECT description FROM pg_catalog.pg_description WHERE objsubid = (SELECT ordinal_position FROM information_schema.columns WHERE table_schema = CURRENT_SCHEMA() AND table_name = 'daily_walks' AND column_name = 'name') AND objoid = (SELECT oid FROM pg_catalog.pg_class WHERE relname = 'daily_walks' AND relnamespace = (SELECT oid FROM pg_catalog.pg_namespace WHERE nspname = CURRENT_SCHEMA()))

2025/02/13 14:38:39 /home/bryan/repos/skripsi/backend/setup/setup.go:78
[2.925ms] [rows:1] SELECT count(*) FROM information_schema.tables WHERE table_schema = CURRENT_SCHEMA() AND table_name = 'daily_playtimes' AND table_type = 'BASE TABLE'

2025/02/13 14:38:39 /home/bryan/repos/skripsi/backend/setup/setup.go:78
[1.301ms] [rows:1] SELECT CURRENT_DATABASE()

2025/02/13 14:38:39 /home/bryan/repos/skripsi/backend/setup/setup.go:78
[16.344ms] [rows:-] SELECT c.column_name, c.is_nullable = 'YES', c.udt_name, c.character_maximum_length, c.numeric_precision, c.numeric_precision_radix, c.numeric_scale, c.datetime_precision, 8 * typlen, c.column_default, pd.description, c.identity_increment FROM information_schema.columns AS c JOIN pg_type AS pgt ON c.udt_name = pgt.typname LEFT JOIN pg_catalog.pg_description as pd ON pd.objsubid = c.ordinal_position AND pd.objoid = (SELECT oid FROM pg_catalog.pg_class WHERE relname = c.table_name AND relnamespace = (SELECT oid FROM pg_catalog.pg_namespace WHERE nspname = c.table_schema)) where table_catalog = $1$ AND table_schema = CURRENT_SCHEMA() AND table_name = $2$

2025/02/13 14:38:39 /home/bryan/repos/skripsi/backend/setup/setup.go:78
[1.301ms] [rows:-] SELECT * FROM "daily_playtimes" LIMIT $1$

2025/02/13 14:38:39 /home/bryan/repos/skripsi/backend/setup/setup.go:78
[45.365ms] [rows:-] SELECT constraint_name FROM information_schema.table_constraints tc JOIN information_schema.constraint_column_usage AS ccu USING (constraint_schema, constraint_catalog, table_name, constraint_name) JOIN information_schema.columns AS c ON c.table_schema = tc.constraint_schema AND tc.table_name = c.table_name AND ccu.column_name = c.column_name WHERE constraint_type IN ('PRIMARY KEY', 'UNIQUE') AND c.table_catalog = $1$ AND c.table_schema = CURRENT_SCHEMA() AND c.table_name = $2$ AND constraint_type = $3$

2025/02/13 14:38:39 /home/bryan/repos/skripsi/backend/setup/setup.go:78
[65.144ms] [rows:-] SELECT c.column_name, constraint_name, constraint_type FROM information_schema.table_constraints tc JOIN information_schema.constraint_column_usage AS ccu USING (constraint_schema, constraint_catalog, table_name, constraint_name) JOIN information_schema.columns AS c ON c.table_schema = tc.constraint_schema AND tc.table_name = c.table_name AND ccu.column_name = c.column_name WHERE constraint_type IN ('PRIMARY KEY', 'UNIQUE') AND c.table_catalog = $1$ AND c.table_schema = CURRENT_SCHEMA() AND c.table_name = $2$

2025/02/13 14:38:39 /home/bryan/repos/skripsi/backend/setup/setup.go:78
[5.827ms] [rows:-] SELECT a.attname as column_name, format_type(a.atttypid, a.atttypmod) AS data_type
		FROM pg_attribute a JOIN pg_class b ON a.attrelid = b.oid AND relnamespace = (SELECT oid FROM pg_catalog.pg_namespace WHERE nspname = CURRENT_SCHEMA())
		WHERE a.attnum > 0 -- hide internal columns
		AND NOT a.attisdropped -- hide deleted columns
		AND b.relname = $1$

2025/02/13 14:38:39 /home/bryan/repos/skripsi/backend/setup/setup.go:78
[5.155ms] [rows:0] SELECT description FROM pg_catalog.pg_description WHERE objsubid = (SELECT ordinal_position FROM information_schema.columns WHERE table_schema = CURRENT_SCHEMA() AND table_name = 'daily_playtimes' AND column_name = 'id') AND objoid = (SELECT oid FROM pg_catalog.pg_class WHERE relname = 'daily_playtimes' AND relnamespace = (SELECT oid FROM pg_catalog.pg_namespace WHERE nspname = CURRENT_SCHEMA()))

2025/02/13 14:38:39 /home/bryan/repos/skripsi/backend/setup/setup.go:78
[8.028ms] [rows:0] SELECT description FROM pg_catalog.pg_description WHERE objsubid = (SELECT ordinal_position FROM information_schema.columns WHERE table_schema = CURRENT_SCHEMA() AND table_name = 'daily_playtimes' AND column_name = 'name') AND objoid = (SELECT oid FROM pg_catalog.pg_class WHERE relname = 'daily_playtimes' AND relnamespace = (SELECT oid FROM pg_catalog.pg_namespace WHERE nspname = CURRENT_SCHEMA()))

2025/02/13 14:38:39 /home/bryan/repos/skripsi/backend/setup/setup.go:78
[2.816ms] [rows:1] SELECT count(*) FROM information_schema.tables WHERE table_schema = CURRENT_SCHEMA() AND table_name = 'pet_daycares' AND table_type = 'BASE TABLE'

2025/02/13 14:38:39 /home/bryan/repos/skripsi/backend/setup/setup.go:78
[1.918ms] [rows:1] SELECT CURRENT_DATABASE()

2025/02/13 14:38:39 /home/bryan/repos/skripsi/backend/setup/setup.go:78
[15.739ms] [rows:-] SELECT c.column_name, c.is_nullable = 'YES', c.udt_name, c.character_maximum_length, c.numeric_precision, c.numeric_precision_radix, c.numeric_scale, c.datetime_precision, 8 * typlen, c.column_default, pd.description, c.identity_increment FROM information_schema.columns AS c JOIN pg_type AS pgt ON c.udt_name = pgt.typname LEFT JOIN pg_catalog.pg_description as pd ON pd.objsubid = c.ordinal_position AND pd.objoid = (SELECT oid FROM pg_catalog.pg_class WHERE relname = c.table_name AND relnamespace = (SELECT oid FROM pg_catalog.pg_namespace WHERE nspname = c.table_schema)) where table_catalog = $1$ AND table_schema = CURRENT_SCHEMA() AND table_name = $2$

2025/02/13 14:38:39 /home/bryan/repos/skripsi/backend/setup/setup.go:78
[5.305ms] [rows:-] SELECT * FROM "pet_daycares" LIMIT $1$

2025/02/13 14:38:39 /home/bryan/repos/skripsi/backend/setup/setup.go:78
[49.089ms] [rows:-] SELECT constraint_name FROM information_schema.table_constraints tc JOIN information_schema.constraint_column_usage AS ccu USING (constraint_schema, constraint_catalog, table_name, constraint_name) JOIN information_schema.columns AS c ON c.table_schema = tc.constraint_schema AND tc.table_name = c.table_name AND ccu.column_name = c.column_name WHERE constraint_type IN ('PRIMARY KEY', 'UNIQUE') AND c.table_catalog = $1$ AND c.table_schema = CURRENT_SCHEMA() AND c.table_name = $2$ AND constraint_type = $3$

2025/02/13 14:38:39 /home/bryan/repos/skripsi/backend/setup/setup.go:78
[26.024ms] [rows:-] SELECT c.column_name, constraint_name, constraint_type FROM information_schema.table_constraints tc JOIN information_schema.constraint_column_usage AS ccu USING (constraint_schema, constraint_catalog, table_name, constraint_name) JOIN information_schema.columns AS c ON c.table_schema = tc.constraint_schema AND tc.table_name = c.table_name AND ccu.column_name = c.column_name WHERE constraint_type IN ('PRIMARY KEY', 'UNIQUE') AND c.table_catalog = $1$ AND c.table_schema = CURRENT_SCHEMA() AND c.table_name = $2$

2025/02/13 14:38:39 /home/bryan/repos/skripsi/backend/setup/setup.go:78
[2.527ms] [rows:-] SELECT a.attname as column_name, format_type(a.atttypid, a.atttypmod) AS data_type
		FROM pg_attribute a JOIN pg_class b ON a.attrelid = b.oid AND relnamespace = (SELECT oid FROM pg_catalog.pg_namespace WHERE nspname = CURRENT_SCHEMA())
		WHERE a.attnum > 0 -- hide internal columns
		AND NOT a.attisdropped -- hide deleted columns
		AND b.relname = $1$

2025/02/13 14:38:39 /home/bryan/repos/skripsi/backend/setup/setup.go:78
[3.684ms] [rows:0] SELECT description FROM pg_catalog.pg_description WHERE objsubid = (SELECT ordinal_position FROM information_schema.columns WHERE table_schema = CURRENT_SCHEMA() AND table_name = 'pet_daycares' AND column_name = 'id') AND objoid = (SELECT oid FROM pg_catalog.pg_class WHERE relname = 'pet_daycares' AND relnamespace = (SELECT oid FROM pg_catalog.pg_namespace WHERE nspname = CURRENT_SCHEMA()))

2025/02/13 14:38:39 /home/bryan/repos/skripsi/backend/setup/setup.go:78
[3.883ms] [rows:0] SELECT description FROM pg_catalog.pg_description WHERE objsubid = (SELECT ordinal_position FROM information_schema.columns WHERE table_schema = CURRENT_SCHEMA() AND table_name = 'pet_daycares' AND column_name = 'created_at') AND objoid = (SELECT oid FROM pg_catalog.pg_class WHERE relname = 'pet_daycares' AND relnamespace = (SELECT oid FROM pg_catalog.pg_namespace WHERE nspname = CURRENT_SCHEMA()))

2025/02/13 14:38:39 /home/bryan/repos/skripsi/backend/setup/setup.go:78
[3.729ms] [rows:0] SELECT description FROM pg_catalog.pg_description WHERE objsubid = (SELECT ordinal_position FROM information_schema.columns WHERE table_schema = CURRENT_SCHEMA() AND table_name = 'pet_daycares' AND column_name = 'updated_at') AND objoid = (SELECT oid FROM pg_catalog.pg_class WHERE relname = 'pet_daycares' AND relnamespace = (SELECT oid FROM pg_catalog.pg_namespace WHERE nspname = CURRENT_SCHEMA()))

2025/02/13 14:38:39 /home/bryan/repos/skripsi/backend/setup/setup.go:78
[3.612ms] [rows:0] SELECT description FROM pg_catalog.pg_description WHERE objsubid = (SELECT ordinal_position FROM information_schema.columns WHERE table_schema = CURRENT_SCHEMA() AND table_name = 'pet_daycares' AND column_name = 'deleted_at') AND objoid = (SELECT oid FROM pg_catalog.pg_class WHERE relname = 'pet_daycares' AND relnamespace = (SELECT oid FROM pg_catalog.pg_namespace WHERE nspname = CURRENT_SCHEMA()))

2025/02/13 14:38:39 /home/bryan/repos/skripsi/backend/setup/setup.go:78
[3.513ms] [rows:0] SELECT description FROM pg_catalog.pg_description WHERE objsubid = (SELECT ordinal_position FROM information_schema.columns WHERE table_schema = CURRENT_SCHEMA() AND table_name = 'pet_daycares' AND column_name = 'name') AND objoid = (SELECT oid FROM pg_catalog.pg_class WHERE relname = 'pet_daycares' AND relnamespace = (SELECT oid FROM pg_catalog.pg_namespace WHERE nspname = CURRENT_SCHEMA()))

2025/02/13 14:38:39 /home/bryan/repos/skripsi/backend/setup/setup.go:78
[3.375ms] [rows:0] SELECT description FROM pg_catalog.pg_description WHERE objsubid = (SELECT ordinal_position FROM information_schema.columns WHERE table_schema = CURRENT_SCHEMA() AND table_name = 'pet_daycares' AND column_name = 'address') AND objoid = (SELECT oid FROM pg_catalog.pg_class WHERE relname = 'pet_daycares' AND relnamespace = (SELECT oid FROM pg_catalog.pg_namespace WHERE nspname = CURRENT_SCHEMA()))

2025/02/13 14:38:39 /home/bryan/repos/skripsi/backend/setup/setup.go:78
[3.728ms] [rows:0] SELECT description FROM pg_catalog.pg_description WHERE objsubid = (SELECT ordinal_position FROM information_schema.columns WHERE table_schema = CURRENT_SCHEMA() AND table_name = 'pet_daycares' AND column_name = 'latitude') AND objoid = (SELECT oid FROM pg_catalog.pg_class WHERE relname = 'pet_daycares' AND relnamespace = (SELECT oid FROM pg_catalog.pg_namespace WHERE nspname = CURRENT_SCHEMA()))

2025/02/13 14:38:39 /home/bryan/repos/skripsi/backend/setup/setup.go:78
[3.786ms] [rows:0] SELECT description FROM pg_catalog.pg_description WHERE objsubid = (SELECT ordinal_position FROM information_schema.columns WHERE table_schema = CURRENT_SCHEMA() AND table_name = 'pet_daycares' AND column_name = 'longitude') AND objoid = (SELECT oid FROM pg_catalog.pg_class WHERE relname = 'pet_daycares' AND relnamespace = (SELECT oid FROM pg_catalog.pg_namespace WHERE nspname = CURRENT_SCHEMA()))

2025/02/13 14:38:39 /home/bryan/repos/skripsi/backend/setup/setup.go:78
[3.760ms] [rows:0] SELECT description FROM pg_catalog.pg_description WHERE objsubid = (SELECT ordinal_position FROM information_schema.columns WHERE table_schema = CURRENT_SCHEMA() AND table_name = 'pet_daycares' AND column_name = 'price') AND objoid = (SELECT oid FROM pg_catalog.pg_class WHERE relname = 'pet_daycares' AND relnamespace = (SELECT oid FROM pg_catalog.pg_namespace WHERE nspname = CURRENT_SCHEMA()))

2025/02/13 14:38:39 /home/bryan/repos/skripsi/backend/setup/setup.go:78
[3.784ms] [rows:0] SELECT description FROM pg_catalog.pg_description WHERE objsubid = (SELECT ordinal_position FROM information_schema.columns WHERE table_schema = CURRENT_SCHEMA() AND table_name = 'pet_daycares' AND column_name = 'pricing_type') AND objoid = (SELECT oid FROM pg_catalog.pg_class WHERE relname = 'pet_daycares' AND relnamespace = (SELECT oid FROM pg_catalog.pg_namespace WHERE nspname = CURRENT_SCHEMA()))

2025/02/13 14:38:39 /home/bryan/repos/skripsi/backend/setup/setup.go:78
[3.859ms] [rows:0] SELECT description FROM pg_catalog.pg_description WHERE objsubid = (SELECT ordinal_position FROM information_schema.columns WHERE table_schema = CURRENT_SCHEMA() AND table_name = 'pet_daycares' AND column_name = 'description') AND objoid = (SELECT oid FROM pg_catalog.pg_class WHERE relname = 'pet_daycares' AND relnamespace = (SELECT oid FROM pg_catalog.pg_namespace WHERE nspname = CURRENT_SCHEMA()))

2025/02/13 14:38:39 /home/bryan/repos/skripsi/backend/setup/setup.go:78
[3.732ms] [rows:0] SELECT description FROM pg_catalog.pg_description WHERE objsubid = (SELECT ordinal_position FROM information_schema.columns WHERE table_schema = CURRENT_SCHEMA() AND table_name = 'pet_daycares' AND column_name = 'has_pickup_service') AND objoid = (SELECT oid FROM pg_catalog.pg_class WHERE relname = 'pet_daycares' AND relnamespace = (SELECT oid FROM pg_catalog.pg_namespace WHERE nspname = CURRENT_SCHEMA()))

2025/02/13 14:38:39 /home/bryan/repos/skripsi/backend/setup/setup.go:78
[3.759ms] [rows:0] SELECT description FROM pg_catalog.pg_description WHERE objsubid = (SELECT ordinal_position FROM information_schema.columns WHERE table_schema = CURRENT_SCHEMA() AND table_name = 'pet_daycares' AND column_name = 'must_be_vaccinated') AND objoid = (SELECT oid FROM pg_catalog.pg_class WHERE relname = 'pet_daycares' AND relnamespace = (SELECT oid FROM pg_catalog.pg_namespace WHERE nspname = CURRENT_SCHEMA()))

2025/02/13 14:38:39 /home/bryan/repos/skripsi/backend/setup/setup.go:78
[4.071ms] [rows:0] SELECT description FROM pg_catalog.pg_description WHERE objsubid = (SELECT ordinal_position FROM information_schema.columns WHERE table_schema = CURRENT_SCHEMA() AND table_name = 'pet_daycares' AND column_name = 'food_provided') AND objoid = (SELECT oid FROM pg_catalog.pg_class WHERE relname = 'pet_daycares' AND relnamespace = (SELECT oid FROM pg_catalog.pg_namespace WHERE nspname = CURRENT_SCHEMA()))

2025/02/13 14:38:39 /home/bryan/repos/skripsi/backend/setup/setup.go:78
[3.372ms] [rows:0] SELECT description FROM pg_catalog.pg_description WHERE objsubid = (SELECT ordinal_position FROM information_schema.columns WHERE table_schema = CURRENT_SCHEMA() AND table_name = 'pet_daycares' AND column_name = 'grooming_available') AND objoid = (SELECT oid FROM pg_catalog.pg_class WHERE relname = 'pet_daycares' AND relnamespace = (SELECT oid FROM pg_catalog.pg_namespace WHERE nspname = CURRENT_SCHEMA()))

2025/02/13 14:38:40 /home/bryan/repos/skripsi/backend/setup/setup.go:78
[3.306ms] [rows:0] SELECT description FROM pg_catalog.pg_description WHERE objsubid = (SELECT ordinal_position FROM information_schema.columns WHERE table_schema = CURRENT_SCHEMA() AND table_name = 'pet_daycares' AND column_name = 'booked_num') AND objoid = (SELECT oid FROM pg_catalog.pg_class WHERE relname = 'pet_daycares' AND relnamespace = (SELECT oid FROM pg_catalog.pg_namespace WHERE nspname = CURRENT_SCHEMA()))

2025/02/13 14:38:40 /home/bryan/repos/skripsi/backend/setup/setup.go:78
[3.191ms] [rows:0] SELECT description FROM pg_catalog.pg_description WHERE objsubid = (SELECT ordinal_position FROM information_schema.columns WHERE table_schema = CURRENT_SCHEMA() AND table_name = 'pet_daycares' AND column_name = 'daily_walks_id') AND objoid = (SELECT oid FROM pg_catalog.pg_class WHERE relname = 'pet_daycares' AND relnamespace = (SELECT oid FROM pg_catalog.pg_namespace WHERE nspname = CURRENT_SCHEMA()))

2025/02/13 14:38:40 /home/bryan/repos/skripsi/backend/setup/setup.go:78
[3.560ms] [rows:0] SELECT description FROM pg_catalog.pg_description WHERE objsubid = (SELECT ordinal_position FROM information_schema.columns WHERE table_schema = CURRENT_SCHEMA() AND table_name = 'pet_daycares' AND column_name = 'daily_playtime_id') AND objoid = (SELECT oid FROM pg_catalog.pg_class WHERE relname = 'pet_daycares' AND relnamespace = (SELECT oid FROM pg_catalog.pg_namespace WHERE nspname = CURRENT_SCHEMA()))

2025/02/13 14:38:40 /home/bryan/repos/skripsi/backend/setup/setup.go:78
[3.669ms] [rows:0] SELECT description FROM pg_catalog.pg_description WHERE objsubid = (SELECT ordinal_position FROM information_schema.columns WHERE table_schema = CURRENT_SCHEMA() AND table_name = 'pet_daycares' AND column_name = 'owner_id') AND objoid = (SELECT oid FROM pg_catalog.pg_class WHERE relname = 'pet_daycares' AND relnamespace = (SELECT oid FROM pg_catalog.pg_namespace WHERE nspname = CURRENT_SCHEMA()))

2025/02/13 14:38:40 /home/bryan/repos/skripsi/backend/setup/setup.go:78
[3.749ms] [rows:0] SELECT description FROM pg_catalog.pg_description WHERE objsubid = (SELECT ordinal_position FROM information_schema.columns WHERE table_schema = CURRENT_SCHEMA() AND table_name = 'pet_daycares' AND column_name = 'food_brand') AND objoid = (SELECT oid FROM pg_catalog.pg_class WHERE relname = 'pet_daycares' AND relnamespace = (SELECT oid FROM pg_catalog.pg_namespace WHERE nspname = CURRENT_SCHEMA()))

2025/02/13 14:38:40 /home/bryan/repos/skripsi/backend/setup/setup.go:78
[9.795ms] [rows:1] SELECT count(*) FROM INFORMATION_SCHEMA.table_constraints WHERE table_schema = CURRENT_SCHEMA() AND table_name = 'pet_daycares' AND constraint_name = 'fk_users_pet_daycare'

2025/02/13 14:38:40 /home/bryan/repos/skripsi/backend/setup/setup.go:78
[9.540ms] [rows:1] SELECT count(*) FROM INFORMATION_SCHEMA.table_constraints WHERE table_schema = CURRENT_SCHEMA() AND table_name = 'pet_daycares' AND constraint_name = 'fk_pet_daycares_daily_walks'

2025/02/13 14:38:40 /home/bryan/repos/skripsi/backend/setup/setup.go:78
[10.265ms] [rows:1] SELECT count(*) FROM INFORMATION_SCHEMA.table_constraints WHERE table_schema = CURRENT_SCHEMA() AND table_name = 'pet_daycares' AND constraint_name = 'fk_pet_daycares_daily_playtime'

2025/02/13 14:38:40 /home/bryan/repos/skripsi/backend/setup/setup.go:78
[6.516ms] [rows:1] SELECT count(*) FROM pg_indexes WHERE tablename = 'pet_daycares' AND indexname = 'idx_pet_daycares_deleted_at' AND schemaname = CURRENT_SCHEMA()

2025/02/13 14:38:40 /home/bryan/repos/skripsi/backend/setup/setup.go:78
[2.604ms] [rows:1] SELECT count(*) FROM information_schema.tables WHERE table_schema = CURRENT_SCHEMA() AND table_name = 'species' AND table_type = 'BASE TABLE'

2025/02/13 14:38:40 /home/bryan/repos/skripsi/backend/setup/setup.go:78
[1.700ms] [rows:1] SELECT CURRENT_DATABASE()

2025/02/13 14:38:40 /home/bryan/repos/skripsi/backend/setup/setup.go:78
[6.428ms] [rows:-] SELECT c.column_name, c.is_nullable = 'YES', c.udt_name, c.character_maximum_length, c.numeric_precision, c.numeric_precision_radix, c.numeric_scale, c.datetime_precision, 8 * typlen, c.column_default, pd.description, c.identity_increment FROM information_schema.columns AS c JOIN pg_type AS pgt ON c.udt_name = pgt.typname LEFT JOIN pg_catalog.pg_description as pd ON pd.objsubid = c.ordinal_position AND pd.objoid = (SELECT oid FROM pg_catalog.pg_class WHERE relname = c.table_name AND relnamespace = (SELECT oid FROM pg_catalog.pg_namespace WHERE nspname = c.table_schema)) where table_catalog = $1$ AND table_schema = CURRENT_SCHEMA() AND table_name = $2$

2025/02/13 14:38:40 /home/bryan/repos/skripsi/backend/setup/setup.go:78
[2.175ms] [rows:-] SELECT * FROM "species" LIMIT $1$

2025/02/13 14:38:40 /home/bryan/repos/skripsi/backend/setup/setup.go:78
[5.796ms] [rows:-] SELECT constraint_name FROM information_schema.table_constraints tc JOIN information_schema.constraint_column_usage AS ccu USING (constraint_schema, constraint_catalog, table_name, constraint_name) JOIN information_schema.columns AS c ON c.table_schema = tc.constraint_schema AND tc.table_name = c.table_name AND ccu.column_name = c.column_name WHERE constraint_type IN ('PRIMARY KEY', 'UNIQUE') AND c.table_catalog = $1$ AND c.table_schema = CURRENT_SCHEMA() AND c.table_name = $2$ AND constraint_type = $3$

2025/02/13 14:38:40 /home/bryan/repos/skripsi/backend/setup/setup.go:78
[5.492ms] [rows:-] SELECT c.column_name, constraint_name, constraint_type FROM information_schema.table_constraints tc JOIN information_schema.constraint_column_usage AS ccu USING (constraint_schema, constraint_catalog, table_name, constraint_name) JOIN information_schema.columns AS c ON c.table_schema = tc.constraint_schema AND tc.table_name = c.table_name AND ccu.column_name = c.column_name WHERE constraint_type IN ('PRIMARY KEY', 'UNIQUE') AND c.table_catalog = $1$ AND c.table_schema = CURRENT_SCHEMA() AND c.table_name = $2$

2025/02/13 14:38:40 /home/bryan/repos/skripsi/backend/setup/setup.go:78
[2.191ms] [rows:-] SELECT a.attname as column_name, format_type(a.atttypid, a.atttypmod) AS data_type
		FROM pg_attribute a JOIN pg_class b ON a.attrelid = b.oid AND relnamespace = (SELECT oid FROM pg_catalog.pg_namespace WHERE nspname = CURRENT_SCHEMA())
		WHERE a.attnum > 0 -- hide internal columns
		AND NOT a.attisdropped -- hide deleted columns
		AND b.relname = $1$

2025/02/13 14:38:40 /home/bryan/repos/skripsi/backend/setup/setup.go:78
[3.499ms] [rows:0] SELECT description FROM pg_catalog.pg_description WHERE objsubid = (SELECT ordinal_position FROM information_schema.columns WHERE table_schema = CURRENT_SCHEMA() AND table_name = 'species' AND column_name = 'id') AND objoid = (SELECT oid FROM pg_catalog.pg_class WHERE relname = 'species' AND relnamespace = (SELECT oid FROM pg_catalog.pg_namespace WHERE nspname = CURRENT_SCHEMA()))

2025/02/13 14:38:40 /home/bryan/repos/skripsi/backend/setup/setup.go:78
[3.528ms] [rows:0] SELECT description FROM pg_catalog.pg_description WHERE objsubid = (SELECT ordinal_position FROM information_schema.columns WHERE table_schema = CURRENT_SCHEMA() AND table_name = 'species' AND column_name = 'name') AND objoid = (SELECT oid FROM pg_catalog.pg_class WHERE relname = 'species' AND relnamespace = (SELECT oid FROM pg_catalog.pg_namespace WHERE nspname = CURRENT_SCHEMA()))

2025/02/13 14:38:40 /home/bryan/repos/skripsi/backend/setup/setup.go:78
[2.440ms] [rows:1] SELECT count(*) FROM information_schema.tables WHERE table_schema = CURRENT_SCHEMA() AND table_name = 'size_categories' AND table_type = 'BASE TABLE'

2025/02/13 14:38:40 /home/bryan/repos/skripsi/backend/setup/setup.go:78
[1.908ms] [rows:1] SELECT CURRENT_DATABASE()

2025/02/13 14:38:40 /home/bryan/repos/skripsi/backend/setup/setup.go:78
[7.266ms] [rows:-] SELECT c.column_name, c.is_nullable = 'YES', c.udt_name, c.character_maximum_length, c.numeric_precision, c.numeric_precision_radix, c.numeric_scale, c.datetime_precision, 8 * typlen, c.column_default, pd.description, c.identity_increment FROM information_schema.columns AS c JOIN pg_type AS pgt ON c.udt_name = pgt.typname LEFT JOIN pg_catalog.pg_description as pd ON pd.objsubid = c.ordinal_position AND pd.objoid = (SELECT oid FROM pg_catalog.pg_class WHERE relname = c.table_name AND relnamespace = (SELECT oid FROM pg_catalog.pg_namespace WHERE nspname = c.table_schema)) where table_catalog = $1$ AND table_schema = CURRENT_SCHEMA() AND table_name = $2$

2025/02/13 14:38:40 /home/bryan/repos/skripsi/backend/setup/setup.go:78
[2.085ms] [rows:-] SELECT * FROM "size_categories" LIMIT $1$

2025/02/13 14:38:40 /home/bryan/repos/skripsi/backend/setup/setup.go:78
[5.775ms] [rows:-] SELECT constraint_name FROM information_schema.table_constraints tc JOIN information_schema.constraint_column_usage AS ccu USING (constraint_schema, constraint_catalog, table_name, constraint_name) JOIN information_schema.columns AS c ON c.table_schema = tc.constraint_schema AND tc.table_name = c.table_name AND ccu.column_name = c.column_name WHERE constraint_type IN ('PRIMARY KEY', 'UNIQUE') AND c.table_catalog = $1$ AND c.table_schema = CURRENT_SCHEMA() AND c.table_name = $2$ AND constraint_type = $3$

2025/02/13 14:38:40 /home/bryan/repos/skripsi/backend/setup/setup.go:78
[5.756ms] [rows:-] SELECT c.column_name, constraint_name, constraint_type FROM information_schema.table_constraints tc JOIN information_schema.constraint_column_usage AS ccu USING (constraint_schema, constraint_catalog, table_name, constraint_name) JOIN information_schema.columns AS c ON c.table_schema = tc.constraint_schema AND tc.table_name = c.table_name AND ccu.column_name = c.column_name WHERE constraint_type IN ('PRIMARY KEY', 'UNIQUE') AND c.table_catalog = $1$ AND c.table_schema = CURRENT_SCHEMA() AND c.table_name = $2$

2025/02/13 14:38:40 /home/bryan/repos/skripsi/backend/setup/setup.go:78
[2.036ms] [rows:-] SELECT a.attname as column_name, format_type(a.atttypid, a.atttypmod) AS data_type
		FROM pg_attribute a JOIN pg_class b ON a.attrelid = b.oid AND relnamespace = (SELECT oid FROM pg_catalog.pg_namespace WHERE nspname = CURRENT_SCHEMA())
		WHERE a.attnum > 0 -- hide internal columns
		AND NOT a.attisdropped -- hide deleted columns
		AND b.relname = $1$

2025/02/13 14:38:40 /home/bryan/repos/skripsi/backend/setup/setup.go:78
[3.381ms] [rows:0] SELECT description FROM pg_catalog.pg_description WHERE objsubid = (SELECT ordinal_position FROM information_schema.columns WHERE table_schema = CURRENT_SCHEMA() AND table_name = 'size_categories' AND column_name = 'id') AND objoid = (SELECT oid FROM pg_catalog.pg_class WHERE relname = 'size_categories' AND relnamespace = (SELECT oid FROM pg_catalog.pg_namespace WHERE nspname = CURRENT_SCHEMA()))

2025/02/13 14:38:40 /home/bryan/repos/skripsi/backend/setup/setup.go:78
[3.441ms] [rows:0] SELECT description FROM pg_catalog.pg_description WHERE objsubid = (SELECT ordinal_position FROM information_schema.columns WHERE table_schema = CURRENT_SCHEMA() AND table_name = 'size_categories' AND column_name = 'name') AND objoid = (SELECT oid FROM pg_catalog.pg_class WHERE relname = 'size_categories' AND relnamespace = (SELECT oid FROM pg_catalog.pg_namespace WHERE nspname = CURRENT_SCHEMA()))

2025/02/13 14:38:40 /home/bryan/repos/skripsi/backend/setup/setup.go:78
[3.433ms] [rows:0] SELECT description FROM pg_catalog.pg_description WHERE objsubid = (SELECT ordinal_position FROM information_schema.columns WHERE table_schema = CURRENT_SCHEMA() AND table_name = 'size_categories' AND column_name = 'min_weight') AND objoid = (SELECT oid FROM pg_catalog.pg_class WHERE relname = 'size_categories' AND relnamespace = (SELECT oid FROM pg_catalog.pg_namespace WHERE nspname = CURRENT_SCHEMA()))

2025/02/13 14:38:40 /home/bryan/repos/skripsi/backend/setup/setup.go:78
[3.329ms] [rows:0] SELECT description FROM pg_catalog.pg_description WHERE objsubid = (SELECT ordinal_position FROM information_schema.columns WHERE table_schema = CURRENT_SCHEMA() AND table_name = 'size_categories' AND column_name = 'max_weight') AND objoid = (SELECT oid FROM pg_catalog.pg_class WHERE relname = 'size_categories' AND relnamespace = (SELECT oid FROM pg_catalog.pg_namespace WHERE nspname = CURRENT_SCHEMA()))

2025/02/13 14:38:40 /home/bryan/repos/skripsi/backend/setup/setup.go:78
[2.492ms] [rows:1] SELECT count(*) FROM information_schema.tables WHERE table_schema = CURRENT_SCHEMA() AND table_name = 'pets' AND table_type = 'BASE TABLE'

2025/02/13 14:38:40 /home/bryan/repos/skripsi/backend/setup/setup.go:78
[1.710ms] [rows:1] SELECT CURRENT_DATABASE()

2025/02/13 14:38:40 /home/bryan/repos/skripsi/backend/setup/setup.go:78
[8.645ms] [rows:-] SELECT c.column_name, c.is_nullable = 'YES', c.udt_name, c.character_maximum_length, c.numeric_precision, c.numeric_precision_radix, c.numeric_scale, c.datetime_precision, 8 * typlen, c.column_default, pd.description, c.identity_increment FROM information_schema.columns AS c JOIN pg_type AS pgt ON c.udt_name = pgt.typname LEFT JOIN pg_catalog.pg_description as pd ON pd.objsubid = c.ordinal_position AND pd.objoid = (SELECT oid FROM pg_catalog.pg_class WHERE relname = c.table_name AND relnamespace = (SELECT oid FROM pg_catalog.pg_namespace WHERE nspname = c.table_schema)) where table_catalog = $1$ AND table_schema = CURRENT_SCHEMA() AND table_name = $2$

2025/02/13 14:38:40 /home/bryan/repos/skripsi/backend/setup/setup.go:78
[2.151ms] [rows:-] SELECT * FROM "pets" LIMIT $1$

2025/02/13 14:38:40 /home/bryan/repos/skripsi/backend/setup/setup.go:78
[7.566ms] [rows:-] SELECT constraint_name FROM information_schema.table_constraints tc JOIN information_schema.constraint_column_usage AS ccu USING (constraint_schema, constraint_catalog, table_name, constraint_name) JOIN information_schema.columns AS c ON c.table_schema = tc.constraint_schema AND tc.table_name = c.table_name AND ccu.column_name = c.column_name WHERE constraint_type IN ('PRIMARY KEY', 'UNIQUE') AND c.table_catalog = $1$ AND c.table_schema = CURRENT_SCHEMA() AND c.table_name = $2$ AND constraint_type = $3$

2025/02/13 14:38:40 /home/bryan/repos/skripsi/backend/setup/setup.go:78
[7.025ms] [rows:-] SELECT c.column_name, constraint_name, constraint_type FROM information_schema.table_constraints tc JOIN information_schema.constraint_column_usage AS ccu USING (constraint_schema, constraint_catalog, table_name, constraint_name) JOIN information_schema.columns AS c ON c.table_schema = tc.constraint_schema AND tc.table_name = c.table_name AND ccu.column_name = c.column_name WHERE constraint_type IN ('PRIMARY KEY', 'UNIQUE') AND c.table_catalog = $1$ AND c.table_schema = CURRENT_SCHEMA() AND c.table_name = $2$

2025/02/13 14:38:40 /home/bryan/repos/skripsi/backend/setup/setup.go:78
[2.050ms] [rows:-] SELECT a.attname as column_name, format_type(a.atttypid, a.atttypmod) AS data_type
		FROM pg_attribute a JOIN pg_class b ON a.attrelid = b.oid AND relnamespace = (SELECT oid FROM pg_catalog.pg_namespace WHERE nspname = CURRENT_SCHEMA())
		WHERE a.attnum > 0 -- hide internal columns
		AND NOT a.attisdropped -- hide deleted columns
		AND b.relname = $1$

2025/02/13 14:38:40 /home/bryan/repos/skripsi/backend/setup/setup.go:78
[3.776ms] [rows:0] SELECT description FROM pg_catalog.pg_description WHERE objsubid = (SELECT ordinal_position FROM information_schema.columns WHERE table_schema = CURRENT_SCHEMA() AND table_name = 'pets' AND column_name = 'id') AND objoid = (SELECT oid FROM pg_catalog.pg_class WHERE relname = 'pets' AND relnamespace = (SELECT oid FROM pg_catalog.pg_namespace WHERE nspname = CURRENT_SCHEMA()))

2025/02/13 14:38:40 /home/bryan/repos/skripsi/backend/setup/setup.go:78
[3.296ms] [rows:0] SELECT description FROM pg_catalog.pg_description WHERE objsubid = (SELECT ordinal_position FROM information_schema.columns WHERE table_schema = CURRENT_SCHEMA() AND table_name = 'pets' AND column_name = 'created_at') AND objoid = (SELECT oid FROM pg_catalog.pg_class WHERE relname = 'pets' AND relnamespace = (SELECT oid FROM pg_catalog.pg_namespace WHERE nspname = CURRENT_SCHEMA()))

2025/02/13 14:38:40 /home/bryan/repos/skripsi/backend/setup/setup.go:78
[3.479ms] [rows:0] SELECT description FROM pg_catalog.pg_description WHERE objsubid = (SELECT ordinal_position FROM information_schema.columns WHERE table_schema = CURRENT_SCHEMA() AND table_name = 'pets' AND column_name = 'updated_at') AND objoid = (SELECT oid FROM pg_catalog.pg_class WHERE relname = 'pets' AND relnamespace = (SELECT oid FROM pg_catalog.pg_namespace WHERE nspname = CURRENT_SCHEMA()))

2025/02/13 14:38:40 /home/bryan/repos/skripsi/backend/setup/setup.go:78
[3.240ms] [rows:0] SELECT description FROM pg_catalog.pg_description WHERE objsubid = (SELECT ordinal_position FROM information_schema.columns WHERE table_schema = CURRENT_SCHEMA() AND table_name = 'pets' AND column_name = 'deleted_at') AND objoid = (SELECT oid FROM pg_catalog.pg_class WHERE relname = 'pets' AND relnamespace = (SELECT oid FROM pg_catalog.pg_namespace WHERE nspname = CURRENT_SCHEMA()))

2025/02/13 14:38:40 /home/bryan/repos/skripsi/backend/setup/setup.go:78
[3.034ms] [rows:0] SELECT description FROM pg_catalog.pg_description WHERE objsubid = (SELECT ordinal_position FROM information_schema.columns WHERE table_schema = CURRENT_SCHEMA() AND table_name = 'pets' AND column_name = 'name') AND objoid = (SELECT oid FROM pg_catalog.pg_class WHERE relname = 'pets' AND relnamespace = (SELECT oid FROM pg_catalog.pg_namespace WHERE nspname = CURRENT_SCHEMA()))

2025/02/13 14:38:40 /home/bryan/repos/skripsi/backend/setup/setup.go:78
[3.138ms] [rows:0] SELECT description FROM pg_catalog.pg_description WHERE objsubid = (SELECT ordinal_position FROM information_schema.columns WHERE table_schema = CURRENT_SCHEMA() AND table_name = 'pets' AND column_name = 'image_url') AND objoid = (SELECT oid FROM pg_catalog.pg_class WHERE relname = 'pets' AND relnamespace = (SELECT oid FROM pg_catalog.pg_namespace WHERE nspname = CURRENT_SCHEMA()))

2025/02/13 14:38:40 /home/bryan/repos/skripsi/backend/setup/setup.go:78
[2.924ms] [rows:0] SELECT description FROM pg_catalog.pg_description WHERE objsubid = (SELECT ordinal_position FROM information_schema.columns WHERE table_schema = CURRENT_SCHEMA() AND table_name = 'pets' AND column_name = 'status') AND objoid = (SELECT oid FROM pg_catalog.pg_class WHERE relname = 'pets' AND relnamespace = (SELECT oid FROM pg_catalog.pg_namespace WHERE nspname = CURRENT_SCHEMA()))

2025/02/13 14:38:40 /home/bryan/repos/skripsi/backend/setup/setup.go:78
[2.991ms] [rows:0] SELECT description FROM pg_catalog.pg_description WHERE objsubid = (SELECT ordinal_position FROM information_schema.columns WHERE table_schema = CURRENT_SCHEMA() AND table_name = 'pets' AND column_name = 'owner_id') AND objoid = (SELECT oid FROM pg_catalog.pg_class WHERE relname = 'pets' AND relnamespace = (SELECT oid FROM pg_catalog.pg_namespace WHERE nspname = CURRENT_SCHEMA()))

2025/02/13 14:38:40 /home/bryan/repos/skripsi/backend/setup/setup.go:78
[2.992ms] [rows:0] SELECT description FROM pg_catalog.pg_description WHERE objsubid = (SELECT ordinal_position FROM information_schema.columns WHERE table_schema = CURRENT_SCHEMA() AND table_name = 'pets' AND column_name = 'species_id') AND objoid = (SELECT oid FROM pg_catalog.pg_class WHERE relname = 'pets' AND relnamespace = (SELECT oid FROM pg_catalog.pg_namespace WHERE nspname = CURRENT_SCHEMA()))

2025/02/13 14:38:40 /home/bryan/repos/skripsi/backend/setup/setup.go:78
[3.029ms] [rows:0] SELECT description FROM pg_catalog.pg_description WHERE objsubid = (SELECT ordinal_position FROM information_schema.columns WHERE table_schema = CURRENT_SCHEMA() AND table_name = 'pets' AND column_name = 'size_id') AND objoid = (SELECT oid FROM pg_catalog.pg_class WHERE relname = 'pets' AND relnamespace = (SELECT oid FROM pg_catalog.pg_namespace WHERE nspname = CURRENT_SCHEMA()))

2025/02/13 14:38:40 /home/bryan/repos/skripsi/backend/setup/setup.go:78
[2.441ms] [rows:1] SELECT count(*) FROM INFORMATION_SCHEMA.table_constraints WHERE table_schema = CURRENT_SCHEMA() AND table_name = 'pets' AND constraint_name = 'fk_pets_species'

2025/02/13 14:38:40 /home/bryan/repos/skripsi/backend/setup/setup.go:78
[2.500ms] [rows:1] SELECT count(*) FROM INFORMATION_SCHEMA.table_constraints WHERE table_schema = CURRENT_SCHEMA() AND table_name = 'pets' AND constraint_name = 'fk_pets_size_category'

2025/02/13 14:38:40 /home/bryan/repos/skripsi/backend/setup/setup.go:78
[2.540ms] [rows:1] SELECT count(*) FROM INFORMATION_SCHEMA.table_constraints WHERE table_schema = CURRENT_SCHEMA() AND table_name = 'pets' AND constraint_name = 'fk_users_pets'

2025/02/13 14:38:40 /home/bryan/repos/skripsi/backend/setup/setup.go:78
[5.296ms] [rows:1] SELECT count(*) FROM pg_indexes WHERE tablename = 'pets' AND indexname = 'idx_pets_deleted_at' AND schemaname = CURRENT_SCHEMA()

2025/02/13 14:38:40 /home/bryan/repos/skripsi/backend/setup/setup.go:78
[2.144ms] [rows:1] SELECT count(*) FROM information_schema.tables WHERE table_schema = CURRENT_SCHEMA() AND table_name = 'slots' AND table_type = 'BASE TABLE'

2025/02/13 14:38:40 /home/bryan/repos/skripsi/backend/setup/setup.go:78
[1.543ms] [rows:1] SELECT CURRENT_DATABASE()

2025/02/13 14:38:40 /home/bryan/repos/skripsi/backend/setup/setup.go:78
[6.932ms] [rows:-] SELECT c.column_name, c.is_nullable = 'YES', c.udt_name, c.character_maximum_length, c.numeric_precision, c.numeric_precision_radix, c.numeric_scale, c.datetime_precision, 8 * typlen, c.column_default, pd.description, c.identity_increment FROM information_schema.columns AS c JOIN pg_type AS pgt ON c.udt_name = pgt.typname LEFT JOIN pg_catalog.pg_description as pd ON pd.objsubid = c.ordinal_position AND pd.objoid = (SELECT oid FROM pg_catalog.pg_class WHERE relname = c.table_name AND relnamespace = (SELECT oid FROM pg_catalog.pg_namespace WHERE nspname = c.table_schema)) where table_catalog = $1$ AND table_schema = CURRENT_SCHEMA() AND table_name = $2$

2025/02/13 14:38:40 /home/bryan/repos/skripsi/backend/setup/setup.go:78
[1.913ms] [rows:-] SELECT * FROM "slots" LIMIT $1$

2025/02/13 14:38:40 /home/bryan/repos/skripsi/backend/setup/setup.go:78
[5.592ms] [rows:-] SELECT constraint_name FROM information_schema.table_constraints tc JOIN information_schema.constraint_column_usage AS ccu USING (constraint_schema, constraint_catalog, table_name, constraint_name) JOIN information_schema.columns AS c ON c.table_schema = tc.constraint_schema AND tc.table_name = c.table_name AND ccu.column_name = c.column_name WHERE constraint_type IN ('PRIMARY KEY', 'UNIQUE') AND c.table_catalog = $1$ AND c.table_schema = CURRENT_SCHEMA() AND c.table_name = $2$ AND constraint_type = $3$

2025/02/13 14:38:40 /home/bryan/repos/skripsi/backend/setup/setup.go:78
[5.946ms] [rows:-] SELECT c.column_name, constraint_name, constraint_type FROM information_schema.table_constraints tc JOIN information_schema.constraint_column_usage AS ccu USING (constraint_schema, constraint_catalog, table_name, constraint_name) JOIN information_schema.columns AS c ON c.table_schema = tc.constraint_schema AND tc.table_name = c.table_name AND ccu.column_name = c.column_name WHERE constraint_type IN ('PRIMARY KEY', 'UNIQUE') AND c.table_catalog = $1$ AND c.table_schema = CURRENT_SCHEMA() AND c.table_name = $2$

2025/02/13 14:38:40 /home/bryan/repos/skripsi/backend/setup/setup.go:78
[2.012ms] [rows:-] SELECT a.attname as column_name, format_type(a.atttypid, a.atttypmod) AS data_type
		FROM pg_attribute a JOIN pg_class b ON a.attrelid = b.oid AND relnamespace = (SELECT oid FROM pg_catalog.pg_namespace WHERE nspname = CURRENT_SCHEMA())
		WHERE a.attnum > 0 -- hide internal columns
		AND NOT a.attisdropped -- hide deleted columns
		AND b.relname = $1$

2025/02/13 14:38:40 /home/bryan/repos/skripsi/backend/setup/setup.go:78
[2.897ms] [rows:0] SELECT description FROM pg_catalog.pg_description WHERE objsubid = (SELECT ordinal_position FROM information_schema.columns WHERE table_schema = CURRENT_SCHEMA() AND table_name = 'slots' AND column_name = 'id') AND objoid = (SELECT oid FROM pg_catalog.pg_class WHERE relname = 'slots' AND relnamespace = (SELECT oid FROM pg_catalog.pg_namespace WHERE nspname = CURRENT_SCHEMA()))

2025/02/13 14:38:40 /home/bryan/repos/skripsi/backend/setup/setup.go:78
[2.727ms] [rows:0] SELECT description FROM pg_catalog.pg_description WHERE objsubid = (SELECT ordinal_position FROM information_schema.columns WHERE table_schema = CURRENT_SCHEMA() AND table_name = 'slots' AND column_name = 'created_at') AND objoid = (SELECT oid FROM pg_catalog.pg_class WHERE relname = 'slots' AND relnamespace = (SELECT oid FROM pg_catalog.pg_namespace WHERE nspname = CURRENT_SCHEMA()))

2025/02/13 14:38:40 /home/bryan/repos/skripsi/backend/setup/setup.go:78
[2.777ms] [rows:0] SELECT description FROM pg_catalog.pg_description WHERE objsubid = (SELECT ordinal_position FROM information_schema.columns WHERE table_schema = CURRENT_SCHEMA() AND table_name = 'slots' AND column_name = 'updated_at') AND objoid = (SELECT oid FROM pg_catalog.pg_class WHERE relname = 'slots' AND relnamespace = (SELECT oid FROM pg_catalog.pg_namespace WHERE nspname = CURRENT_SCHEMA()))

2025/02/13 14:38:40 /home/bryan/repos/skripsi/backend/setup/setup.go:78
[2.878ms] [rows:0] SELECT description FROM pg_catalog.pg_description WHERE objsubid = (SELECT ordinal_position FROM information_schema.columns WHERE table_schema = CURRENT_SCHEMA() AND table_name = 'slots' AND column_name = 'deleted_at') AND objoid = (SELECT oid FROM pg_catalog.pg_class WHERE relname = 'slots' AND relnamespace = (SELECT oid FROM pg_catalog.pg_namespace WHERE nspname = CURRENT_SCHEMA()))

2025/02/13 14:38:40 /home/bryan/repos/skripsi/backend/setup/setup.go:78
[2.731ms] [rows:0] SELECT description FROM pg_catalog.pg_description WHERE objsubid = (SELECT ordinal_position FROM information_schema.columns WHERE table_schema = CURRENT_SCHEMA() AND table_name = 'slots' AND column_name = 'daycare_id') AND objoid = (SELECT oid FROM pg_catalog.pg_class WHERE relname = 'slots' AND relnamespace = (SELECT oid FROM pg_catalog.pg_namespace WHERE nspname = CURRENT_SCHEMA()))

2025/02/13 14:38:40 /home/bryan/repos/skripsi/backend/setup/setup.go:78
[3.205ms] [rows:0] SELECT description FROM pg_catalog.pg_description WHERE objsubid = (SELECT ordinal_position FROM information_schema.columns WHERE table_schema = CURRENT_SCHEMA() AND table_name = 'slots' AND column_name = 'species_id') AND objoid = (SELECT oid FROM pg_catalog.pg_class WHERE relname = 'slots' AND relnamespace = (SELECT oid FROM pg_catalog.pg_namespace WHERE nspname = CURRENT_SCHEMA()))

2025/02/13 14:38:40 /home/bryan/repos/skripsi/backend/setup/setup.go:78
[3.208ms] [rows:0] SELECT description FROM pg_catalog.pg_description WHERE objsubid = (SELECT ordinal_position FROM information_schema.columns WHERE table_schema = CURRENT_SCHEMA() AND table_name = 'slots' AND column_name = 'size_category_id') AND objoid = (SELECT oid FROM pg_catalog.pg_class WHERE relname = 'slots' AND relnamespace = (SELECT oid FROM pg_catalog.pg_namespace WHERE nspname = CURRENT_SCHEMA()))

2025/02/13 14:38:40 /home/bryan/repos/skripsi/backend/setup/setup.go:78
[3.361ms] [rows:0] SELECT description FROM pg_catalog.pg_description WHERE objsubid = (SELECT ordinal_position FROM information_schema.columns WHERE table_schema = CURRENT_SCHEMA() AND table_name = 'slots' AND column_name = 'max_number') AND objoid = (SELECT oid FROM pg_catalog.pg_class WHERE relname = 'slots' AND relnamespace = (SELECT oid FROM pg_catalog.pg_namespace WHERE nspname = CURRENT_SCHEMA()))

2025/02/13 14:38:40 /home/bryan/repos/skripsi/backend/setup/setup.go:78
[3.062ms] [rows:1] SELECT count(*) FROM INFORMATION_SCHEMA.table_constraints WHERE table_schema = CURRENT_SCHEMA() AND table_name = 'slots' AND constraint_name = 'fk_pet_daycares_slots'

2025/02/13 14:38:40 /home/bryan/repos/skripsi/backend/setup/setup.go:78
[5.855ms] [rows:1] SELECT count(*) FROM pg_indexes WHERE tablename = 'slots' AND indexname = 'idx_slots_deleted_at' AND schemaname = CURRENT_SCHEMA()

2025/02/13 14:38:40 /home/bryan/repos/skripsi/backend/setup/setup.go:78
[2.222ms] [rows:1] SELECT count(*) FROM information_schema.tables WHERE table_schema = CURRENT_SCHEMA() AND table_name = 'booked_slots' AND table_type = 'BASE TABLE'

2025/02/13 14:38:40 /home/bryan/repos/skripsi/backend/setup/setup.go:78
[1.803ms] [rows:1] SELECT CURRENT_DATABASE()

2025/02/13 14:38:40 /home/bryan/repos/skripsi/backend/setup/setup.go:78
[7.741ms] [rows:-] SELECT c.column_name, c.is_nullable = 'YES', c.udt_name, c.character_maximum_length, c.numeric_precision, c.numeric_precision_radix, c.numeric_scale, c.datetime_precision, 8 * typlen, c.column_default, pd.description, c.identity_increment FROM information_schema.columns AS c JOIN pg_type AS pgt ON c.udt_name = pgt.typname LEFT JOIN pg_catalog.pg_description as pd ON pd.objsubid = c.ordinal_position AND pd.objoid = (SELECT oid FROM pg_catalog.pg_class WHERE relname = c.table_name AND relnamespace = (SELECT oid FROM pg_catalog.pg_namespace WHERE nspname = c.table_schema)) where table_catalog = $1$ AND table_schema = CURRENT_SCHEMA() AND table_name = $2$

2025/02/13 14:38:40 /home/bryan/repos/skripsi/backend/setup/setup.go:78
[2.037ms] [rows:-] SELECT * FROM "booked_slots" LIMIT $1$

2025/02/13 14:38:40 /home/bryan/repos/skripsi/backend/setup/setup.go:78
[6.496ms] [rows:-] SELECT constraint_name FROM information_schema.table_constraints tc JOIN information_schema.constraint_column_usage AS ccu USING (constraint_schema, constraint_catalog, table_name, constraint_name) JOIN information_schema.columns AS c ON c.table_schema = tc.constraint_schema AND tc.table_name = c.table_name AND ccu.column_name = c.column_name WHERE constraint_type IN ('PRIMARY KEY', 'UNIQUE') AND c.table_catalog = $1$ AND c.table_schema = CURRENT_SCHEMA() AND c.table_name = $2$ AND constraint_type = $3$

2025/02/13 14:38:40 /home/bryan/repos/skripsi/backend/setup/setup.go:78
[6.782ms] [rows:-] SELECT c.column_name, constraint_name, constraint_type FROM information_schema.table_constraints tc JOIN information_schema.constraint_column_usage AS ccu USING (constraint_schema, constraint_catalog, table_name, constraint_name) JOIN information_schema.columns AS c ON c.table_schema = tc.constraint_schema AND tc.table_name = c.table_name AND ccu.column_name = c.column_name WHERE constraint_type IN ('PRIMARY KEY', 'UNIQUE') AND c.table_catalog = $1$ AND c.table_schema = CURRENT_SCHEMA() AND c.table_name = $2$

2025/02/13 14:38:40 /home/bryan/repos/skripsi/backend/setup/setup.go:78
[2.231ms] [rows:-] SELECT a.attname as column_name, format_type(a.atttypid, a.atttypmod) AS data_type
		FROM pg_attribute a JOIN pg_class b ON a.attrelid = b.oid AND relnamespace = (SELECT oid FROM pg_catalog.pg_namespace WHERE nspname = CURRENT_SCHEMA())
		WHERE a.attnum > 0 -- hide internal columns
		AND NOT a.attisdropped -- hide deleted columns
		AND b.relname = $1$

2025/02/13 14:38:40 /home/bryan/repos/skripsi/backend/setup/setup.go:78
[3.088ms] [rows:0] SELECT description FROM pg_catalog.pg_description WHERE objsubid = (SELECT ordinal_position FROM information_schema.columns WHERE table_schema = CURRENT_SCHEMA() AND table_name = 'booked_slots' AND column_name = 'id') AND objoid = (SELECT oid FROM pg_catalog.pg_class WHERE relname = 'booked_slots' AND relnamespace = (SELECT oid FROM pg_catalog.pg_namespace WHERE nspname = CURRENT_SCHEMA()))

2025/02/13 14:38:40 /home/bryan/repos/skripsi/backend/setup/setup.go:78
[3.059ms] [rows:0] SELECT description FROM pg_catalog.pg_description WHERE objsubid = (SELECT ordinal_position FROM information_schema.columns WHERE table_schema = CURRENT_SCHEMA() AND table_name = 'booked_slots' AND column_name = 'created_at') AND objoid = (SELECT oid FROM pg_catalog.pg_class WHERE relname = 'booked_slots' AND relnamespace = (SELECT oid FROM pg_catalog.pg_namespace WHERE nspname = CURRENT_SCHEMA()))

2025/02/13 14:38:40 /home/bryan/repos/skripsi/backend/setup/setup.go:78
[3.014ms] [rows:0] SELECT description FROM pg_catalog.pg_description WHERE objsubid = (SELECT ordinal_position FROM information_schema.columns WHERE table_schema = CURRENT_SCHEMA() AND table_name = 'booked_slots' AND column_name = 'updated_at') AND objoid = (SELECT oid FROM pg_catalog.pg_class WHERE relname = 'booked_slots' AND relnamespace = (SELECT oid FROM pg_catalog.pg_namespace WHERE nspname = CURRENT_SCHEMA()))

2025/02/13 14:38:40 /home/bryan/repos/skripsi/backend/setup/setup.go:78
[2.943ms] [rows:0] SELECT description FROM pg_catalog.pg_description WHERE objsubid = (SELECT ordinal_position FROM information_schema.columns WHERE table_schema = CURRENT_SCHEMA() AND table_name = 'booked_slots' AND column_name = 'deleted_at') AND objoid = (SELECT oid FROM pg_catalog.pg_class WHERE relname = 'booked_slots' AND relnamespace = (SELECT oid FROM pg_catalog.pg_namespace WHERE nspname = CURRENT_SCHEMA()))

2025/02/13 14:38:40 /home/bryan/repos/skripsi/backend/setup/setup.go:78
[2.881ms] [rows:0] SELECT description FROM pg_catalog.pg_description WHERE objsubid = (SELECT ordinal_position FROM information_schema.columns WHERE table_schema = CURRENT_SCHEMA() AND table_name = 'booked_slots' AND column_name = 'user_id') AND objoid = (SELECT oid FROM pg_catalog.pg_class WHERE relname = 'booked_slots' AND relnamespace = (SELECT oid FROM pg_catalog.pg_namespace WHERE nspname = CURRENT_SCHEMA()))

2025/02/13 14:38:40 /home/bryan/repos/skripsi/backend/setup/setup.go:78
[2.914ms] [rows:0] SELECT description FROM pg_catalog.pg_description WHERE objsubid = (SELECT ordinal_position FROM information_schema.columns WHERE table_schema = CURRENT_SCHEMA() AND table_name = 'booked_slots' AND column_name = 'daycare_id') AND objoid = (SELECT oid FROM pg_catalog.pg_class WHERE relname = 'booked_slots' AND relnamespace = (SELECT oid FROM pg_catalog.pg_namespace WHERE nspname = CURRENT_SCHEMA()))

2025/02/13 14:38:40 /home/bryan/repos/skripsi/backend/setup/setup.go:78
[2.802ms] [rows:0] SELECT description FROM pg_catalog.pg_description WHERE objsubid = (SELECT ordinal_position FROM information_schema.columns WHERE table_schema = CURRENT_SCHEMA() AND table_name = 'booked_slots' AND column_name = 'pet_id') AND objoid = (SELECT oid FROM pg_catalog.pg_class WHERE relname = 'booked_slots' AND relnamespace = (SELECT oid FROM pg_catalog.pg_namespace WHERE nspname = CURRENT_SCHEMA()))

2025/02/13 14:38:40 /home/bryan/repos/skripsi/backend/setup/setup.go:78
[2.962ms] [rows:0] SELECT description FROM pg_catalog.pg_description WHERE objsubid = (SELECT ordinal_position FROM information_schema.columns WHERE table_schema = CURRENT_SCHEMA() AND table_name = 'booked_slots' AND column_name = 'start_date') AND objoid = (SELECT oid FROM pg_catalog.pg_class WHERE relname = 'booked_slots' AND relnamespace = (SELECT oid FROM pg_catalog.pg_namespace WHERE nspname = CURRENT_SCHEMA()))

2025/02/13 14:38:40 /home/bryan/repos/skripsi/backend/setup/setup.go:78
[2.842ms] [rows:0] SELECT description FROM pg_catalog.pg_description WHERE objsubid = (SELECT ordinal_position FROM information_schema.columns WHERE table_schema = CURRENT_SCHEMA() AND table_name = 'booked_slots' AND column_name = 'end_date') AND objoid = (SELECT oid FROM pg_catalog.pg_class WHERE relname = 'booked_slots' AND relnamespace = (SELECT oid FROM pg_catalog.pg_namespace WHERE nspname = CURRENT_SCHEMA()))

2025/02/13 14:38:40 /home/bryan/repos/skripsi/backend/setup/setup.go:78
[2.592ms] [rows:1] SELECT count(*) FROM INFORMATION_SCHEMA.table_constraints WHERE table_schema = CURRENT_SCHEMA() AND table_name = 'booked_slots' AND constraint_name = 'fk_booked_slots_user'

2025/02/13 14:38:40 /home/bryan/repos/skripsi/backend/setup/setup.go:78
[2.544ms] [rows:1] SELECT count(*) FROM INFORMATION_SCHEMA.table_constraints WHERE table_schema = CURRENT_SCHEMA() AND table_name = 'booked_slots' AND constraint_name = 'fk_pets_booked_slots'

2025/02/13 14:38:40 /home/bryan/repos/skripsi/backend/setup/setup.go:78
[2.463ms] [rows:1] SELECT count(*) FROM INFORMATION_SCHEMA.table_constraints WHERE table_schema = CURRENT_SCHEMA() AND table_name = 'booked_slots' AND constraint_name = 'fk_pet_daycares_booked_slots'

2025/02/13 14:38:40 /home/bryan/repos/skripsi/backend/setup/setup.go:78
[5.450ms] [rows:1] SELECT count(*) FROM pg_indexes WHERE tablename = 'booked_slots' AND indexname = 'idx_booked_slots_deleted_at' AND schemaname = CURRENT_SCHEMA()

2025/02/13 14:38:40 /home/bryan/repos/skripsi/backend/setup/setup.go:78
[2.151ms] [rows:1] SELECT count(*) FROM information_schema.tables WHERE table_schema = CURRENT_SCHEMA() AND table_name = 'thumbnails' AND table_type = 'BASE TABLE'

2025/02/13 14:38:40 /home/bryan/repos/skripsi/backend/setup/setup.go:78
[1.693ms] [rows:1] SELECT CURRENT_DATABASE()

2025/02/13 14:38:40 /home/bryan/repos/skripsi/backend/setup/setup.go:78
[5.997ms] [rows:-] SELECT c.column_name, c.is_nullable = 'YES', c.udt_name, c.character_maximum_length, c.numeric_precision, c.numeric_precision_radix, c.numeric_scale, c.datetime_precision, 8 * typlen, c.column_default, pd.description, c.identity_increment FROM information_schema.columns AS c JOIN pg_type AS pgt ON c.udt_name = pgt.typname LEFT JOIN pg_catalog.pg_description as pd ON pd.objsubid = c.ordinal_position AND pd.objoid = (SELECT oid FROM pg_catalog.pg_class WHERE relname = c.table_name AND relnamespace = (SELECT oid FROM pg_catalog.pg_namespace WHERE nspname = c.table_schema)) where table_catalog = $1$ AND table_schema = CURRENT_SCHEMA() AND table_name = $2$

2025/02/13 14:38:40 /home/bryan/repos/skripsi/backend/setup/setup.go:78
[1.990ms] [rows:-] SELECT * FROM "thumbnails" LIMIT $1$

2025/02/13 14:38:40 /home/bryan/repos/skripsi/backend/setup/setup.go:78
[4.880ms] [rows:-] SELECT constraint_name FROM information_schema.table_constraints tc JOIN information_schema.constraint_column_usage AS ccu USING (constraint_schema, constraint_catalog, table_name, constraint_name) JOIN information_schema.columns AS c ON c.table_schema = tc.constraint_schema AND tc.table_name = c.table_name AND ccu.column_name = c.column_name WHERE constraint_type IN ('PRIMARY KEY', 'UNIQUE') AND c.table_catalog = $1$ AND c.table_schema = CURRENT_SCHEMA() AND c.table_name = $2$ AND constraint_type = $3$

2025/02/13 14:38:40 /home/bryan/repos/skripsi/backend/setup/setup.go:78
[4.961ms] [rows:-] SELECT c.column_name, constraint_name, constraint_type FROM information_schema.table_constraints tc JOIN information_schema.constraint_column_usage AS ccu USING (constraint_schema, constraint_catalog, table_name, constraint_name) JOIN information_schema.columns AS c ON c.table_schema = tc.constraint_schema AND tc.table_name = c.table_name AND ccu.column_name = c.column_name WHERE constraint_type IN ('PRIMARY KEY', 'UNIQUE') AND c.table_catalog = $1$ AND c.table_schema = CURRENT_SCHEMA() AND c.table_name = $2$

2025/02/13 14:38:40 /home/bryan/repos/skripsi/backend/setup/setup.go:78
[1.931ms] [rows:-] SELECT a.attname as column_name, format_type(a.atttypid, a.atttypmod) AS data_type
		FROM pg_attribute a JOIN pg_class b ON a.attrelid = b.oid AND relnamespace = (SELECT oid FROM pg_catalog.pg_namespace WHERE nspname = CURRENT_SCHEMA())
		WHERE a.attnum > 0 -- hide internal columns
		AND NOT a.attisdropped -- hide deleted columns
		AND b.relname = $1$

2025/02/13 14:38:40 /home/bryan/repos/skripsi/backend/setup/setup.go:78
[2.862ms] [rows:0] SELECT description FROM pg_catalog.pg_description WHERE objsubid = (SELECT ordinal_position FROM information_schema.columns WHERE table_schema = CURRENT_SCHEMA() AND table_name = 'thumbnails' AND column_name = 'id') AND objoid = (SELECT oid FROM pg_catalog.pg_class WHERE relname = 'thumbnails' AND relnamespace = (SELECT oid FROM pg_catalog.pg_namespace WHERE nspname = CURRENT_SCHEMA()))

2025/02/13 14:38:40 /home/bryan/repos/skripsi/backend/setup/setup.go:78
[2.937ms] [rows:0] SELECT description FROM pg_catalog.pg_description WHERE objsubid = (SELECT ordinal_position FROM information_schema.columns WHERE table_schema = CURRENT_SCHEMA() AND table_name = 'thumbnails' AND column_name = 'daycare_id') AND objoid = (SELECT oid FROM pg_catalog.pg_class WHERE relname = 'thumbnails' AND relnamespace = (SELECT oid FROM pg_catalog.pg_namespace WHERE nspname = CURRENT_SCHEMA()))

2025/02/13 14:38:40 /home/bryan/repos/skripsi/backend/setup/setup.go:78
[3.020ms] [rows:0] SELECT description FROM pg_catalog.pg_description WHERE objsubid = (SELECT ordinal_position FROM information_schema.columns WHERE table_schema = CURRENT_SCHEMA() AND table_name = 'thumbnails' AND column_name = 'image_url') AND objoid = (SELECT oid FROM pg_catalog.pg_class WHERE relname = 'thumbnails' AND relnamespace = (SELECT oid FROM pg_catalog.pg_namespace WHERE nspname = CURRENT_SCHEMA()))

2025/02/13 14:38:40 /home/bryan/repos/skripsi/backend/setup/setup.go:78
[2.510ms] [rows:1] SELECT count(*) FROM INFORMATION_SCHEMA.table_constraints WHERE table_schema = CURRENT_SCHEMA() AND table_name = 'thumbnails' AND constraint_name = 'fk_pet_daycares_thumbnails'

2025/02/13 14:38:40 /home/bryan/repos/skripsi/backend/setup/setup.go:78
[2.077ms] [rows:1] SELECT count(*) FROM information_schema.tables WHERE table_schema = CURRENT_SCHEMA() AND table_name = 'reviews' AND table_type = 'BASE TABLE'

2025/02/13 14:38:40 /home/bryan/repos/skripsi/backend/setup/setup.go:78
[1.611ms] [rows:1] SELECT CURRENT_DATABASE()

2025/02/13 14:38:40 /home/bryan/repos/skripsi/backend/setup/setup.go:78
[7.358ms] [rows:-] SELECT c.column_name, c.is_nullable = 'YES', c.udt_name, c.character_maximum_length, c.numeric_precision, c.numeric_precision_radix, c.numeric_scale, c.datetime_precision, 8 * typlen, c.column_default, pd.description, c.identity_increment FROM information_schema.columns AS c JOIN pg_type AS pgt ON c.udt_name = pgt.typname LEFT JOIN pg_catalog.pg_description as pd ON pd.objsubid = c.ordinal_position AND pd.objoid = (SELECT oid FROM pg_catalog.pg_class WHERE relname = c.table_name AND relnamespace = (SELECT oid FROM pg_catalog.pg_namespace WHERE nspname = c.table_schema)) where table_catalog = $1$ AND table_schema = CURRENT_SCHEMA() AND table_name = $2$

2025/02/13 14:38:40 /home/bryan/repos/skripsi/backend/setup/setup.go:78
[2.112ms] [rows:-] SELECT * FROM "reviews" LIMIT $1$

2025/02/13 14:38:40 /home/bryan/repos/skripsi/backend/setup/setup.go:78
[6.442ms] [rows:-] SELECT constraint_name FROM information_schema.table_constraints tc JOIN information_schema.constraint_column_usage AS ccu USING (constraint_schema, constraint_catalog, table_name, constraint_name) JOIN information_schema.columns AS c ON c.table_schema = tc.constraint_schema AND tc.table_name = c.table_name AND ccu.column_name = c.column_name WHERE constraint_type IN ('PRIMARY KEY', 'UNIQUE') AND c.table_catalog = $1$ AND c.table_schema = CURRENT_SCHEMA() AND c.table_name = $2$ AND constraint_type = $3$

2025/02/13 14:38:40 /home/bryan/repos/skripsi/backend/setup/setup.go:78
[6.220ms] [rows:-] SELECT c.column_name, constraint_name, constraint_type FROM information_schema.table_constraints tc JOIN information_schema.constraint_column_usage AS ccu USING (constraint_schema, constraint_catalog, table_name, constraint_name) JOIN information_schema.columns AS c ON c.table_schema = tc.constraint_schema AND tc.table_name = c.table_name AND ccu.column_name = c.column_name WHERE constraint_type IN ('PRIMARY KEY', 'UNIQUE') AND c.table_catalog = $1$ AND c.table_schema = CURRENT_SCHEMA() AND c.table_name = $2$

2025/02/13 14:38:40 /home/bryan/repos/skripsi/backend/setup/setup.go:78
[2.270ms] [rows:-] SELECT a.attname as column_name, format_type(a.atttypid, a.atttypmod) AS data_type
		FROM pg_attribute a JOIN pg_class b ON a.attrelid = b.oid AND relnamespace = (SELECT oid FROM pg_catalog.pg_namespace WHERE nspname = CURRENT_SCHEMA())
		WHERE a.attnum > 0 -- hide internal columns
		AND NOT a.attisdropped -- hide deleted columns
		AND b.relname = $1$

2025/02/13 14:38:40 /home/bryan/repos/skripsi/backend/setup/setup.go:78
[3.427ms] [rows:0] SELECT description FROM pg_catalog.pg_description WHERE objsubid = (SELECT ordinal_position FROM information_schema.columns WHERE table_schema = CURRENT_SCHEMA() AND table_name = 'reviews' AND column_name = 'id') AND objoid = (SELECT oid FROM pg_catalog.pg_class WHERE relname = 'reviews' AND relnamespace = (SELECT oid FROM pg_catalog.pg_namespace WHERE nspname = CURRENT_SCHEMA()))

2025/02/13 14:38:40 /home/bryan/repos/skripsi/backend/setup/setup.go:78
[3.416ms] [rows:0] SELECT description FROM pg_catalog.pg_description WHERE objsubid = (SELECT ordinal_position FROM information_schema.columns WHERE table_schema = CURRENT_SCHEMA() AND table_name = 'reviews' AND column_name = 'created_at') AND objoid = (SELECT oid FROM pg_catalog.pg_class WHERE relname = 'reviews' AND relnamespace = (SELECT oid FROM pg_catalog.pg_namespace WHERE nspname = CURRENT_SCHEMA()))

2025/02/13 14:38:40 /home/bryan/repos/skripsi/backend/setup/setup.go:78
[3.206ms] [rows:0] SELECT description FROM pg_catalog.pg_description WHERE objsubid = (SELECT ordinal_position FROM information_schema.columns WHERE table_schema = CURRENT_SCHEMA() AND table_name = 'reviews' AND column_name = 'updated_at') AND objoid = (SELECT oid FROM pg_catalog.pg_class WHERE relname = 'reviews' AND relnamespace = (SELECT oid FROM pg_catalog.pg_namespace WHERE nspname = CURRENT_SCHEMA()))

2025/02/13 14:38:40 /home/bryan/repos/skripsi/backend/setup/setup.go:78
[3.304ms] [rows:0] SELECT description FROM pg_catalog.pg_description WHERE objsubid = (SELECT ordinal_position FROM information_schema.columns WHERE table_schema = CURRENT_SCHEMA() AND table_name = 'reviews' AND column_name = 'deleted_at') AND objoid = (SELECT oid FROM pg_catalog.pg_class WHERE relname = 'reviews' AND relnamespace = (SELECT oid FROM pg_catalog.pg_namespace WHERE nspname = CURRENT_SCHEMA()))

2025/02/13 14:38:40 /home/bryan/repos/skripsi/backend/setup/setup.go:78
[3.426ms] [rows:0] SELECT description FROM pg_catalog.pg_description WHERE objsubid = (SELECT ordinal_position FROM information_schema.columns WHERE table_schema = CURRENT_SCHEMA() AND table_name = 'reviews' AND column_name = 'daycare_id') AND objoid = (SELECT oid FROM pg_catalog.pg_class WHERE relname = 'reviews' AND relnamespace = (SELECT oid FROM pg_catalog.pg_namespace WHERE nspname = CURRENT_SCHEMA()))

2025/02/13 14:38:40 /home/bryan/repos/skripsi/backend/setup/setup.go:78
[2.989ms] [rows:0] SELECT description FROM pg_catalog.pg_description WHERE objsubid = (SELECT ordinal_position FROM information_schema.columns WHERE table_schema = CURRENT_SCHEMA() AND table_name = 'reviews' AND column_name = 'user_id') AND objoid = (SELECT oid FROM pg_catalog.pg_class WHERE relname = 'reviews' AND relnamespace = (SELECT oid FROM pg_catalog.pg_namespace WHERE nspname = CURRENT_SCHEMA()))

2025/02/13 14:38:40 /home/bryan/repos/skripsi/backend/setup/setup.go:78
[3.119ms] [rows:0] SELECT description FROM pg_catalog.pg_description WHERE objsubid = (SELECT ordinal_position FROM information_schema.columns WHERE table_schema = CURRENT_SCHEMA() AND table_name = 'reviews' AND column_name = 'name') AND objoid = (SELECT oid FROM pg_catalog.pg_class WHERE relname = 'reviews' AND relnamespace = (SELECT oid FROM pg_catalog.pg_namespace WHERE nspname = CURRENT_SCHEMA()))

2025/02/13 14:38:40 /home/bryan/repos/skripsi/backend/setup/setup.go:78
[3.388ms] [rows:0] SELECT description FROM pg_catalog.pg_description WHERE objsubid = (SELECT ordinal_position FROM information_schema.columns WHERE table_schema = CURRENT_SCHEMA() AND table_name = 'reviews' AND column_name = 'rate') AND objoid = (SELECT oid FROM pg_catalog.pg_class WHERE relname = 'reviews' AND relnamespace = (SELECT oid FROM pg_catalog.pg_namespace WHERE nspname = CURRENT_SCHEMA()))

2025/02/13 14:38:40 /home/bryan/repos/skripsi/backend/setup/setup.go:78
[3.411ms] [rows:0] SELECT description FROM pg_catalog.pg_description WHERE objsubid = (SELECT ordinal_position FROM information_schema.columns WHERE table_schema = CURRENT_SCHEMA() AND table_name = 'reviews' AND column_name = 'description') AND objoid = (SELECT oid FROM pg_catalog.pg_class WHERE relname = 'reviews' AND relnamespace = (SELECT oid FROM pg_catalog.pg_namespace WHERE nspname = CURRENT_SCHEMA()))

2025/02/13 14:38:40 /home/bryan/repos/skripsi/backend/setup/setup.go:78
[2.684ms] [rows:1] SELECT count(*) FROM INFORMATION_SCHEMA.table_constraints WHERE table_schema = CURRENT_SCHEMA() AND table_name = 'reviews' AND constraint_name = 'fk_users_reviews'

2025/02/13 14:38:40 /home/bryan/repos/skripsi/backend/setup/setup.go:78
[2.463ms] [rows:1] SELECT count(*) FROM INFORMATION_SCHEMA.table_constraints WHERE table_schema = CURRENT_SCHEMA() AND table_name = 'reviews' AND constraint_name = 'fk_pet_daycares_reviews'

2025/02/13 14:38:40 /home/bryan/repos/skripsi/backend/setup/setup.go:78
[5.031ms] [rows:1] SELECT count(*) FROM pg_indexes WHERE tablename = 'reviews' AND indexname = 'idx_reviews_deleted_at' AND schemaname = CURRENT_SCHEMA()

2025/02/13 14:38:40 /home/bryan/repos/skripsi/backend/setup/setup.go:78
[2.131ms] [rows:1] SELECT count(*) FROM information_schema.tables WHERE table_schema = CURRENT_SCHEMA() AND table_name = 'refresh_tokens' AND table_type = 'BASE TABLE'

2025/02/13 14:38:40 /home/bryan/repos/skripsi/backend/setup/setup.go:78
[1.603ms] [rows:1] SELECT CURRENT_DATABASE()

2025/02/13 14:38:40 /home/bryan/repos/skripsi/backend/setup/setup.go:78
[7.776ms] [rows:-] SELECT c.column_name, c.is_nullable = 'YES', c.udt_name, c.character_maximum_length, c.numeric_precision, c.numeric_precision_radix, c.numeric_scale, c.datetime_precision, 8 * typlen, c.column_default, pd.description, c.identity_increment FROM information_schema.columns AS c JOIN pg_type AS pgt ON c.udt_name = pgt.typname LEFT JOIN pg_catalog.pg_description as pd ON pd.objsubid = c.ordinal_position AND pd.objoid = (SELECT oid FROM pg_catalog.pg_class WHERE relname = c.table_name AND relnamespace = (SELECT oid FROM pg_catalog.pg_namespace WHERE nspname = c.table_schema)) where table_catalog = $1$ AND table_schema = CURRENT_SCHEMA() AND table_name = $2$

2025/02/13 14:38:40 /home/bryan/repos/skripsi/backend/setup/setup.go:78
[3.849ms] [rows:-] SELECT * FROM "refresh_tokens" LIMIT $1$

2025/02/13 14:38:40 /home/bryan/repos/skripsi/backend/setup/setup.go:78
[6.773ms] [rows:-] SELECT constraint_name FROM information_schema.table_constraints tc JOIN information_schema.constraint_column_usage AS ccu USING (constraint_schema, constraint_catalog, table_name, constraint_name) JOIN information_schema.columns AS c ON c.table_schema = tc.constraint_schema AND tc.table_name = c.table_name AND ccu.column_name = c.column_name WHERE constraint_type IN ('PRIMARY KEY', 'UNIQUE') AND c.table_catalog = $1$ AND c.table_schema = CURRENT_SCHEMA() AND c.table_name = $2$ AND constraint_type = $3$

2025/02/13 14:38:40 /home/bryan/repos/skripsi/backend/setup/setup.go:78
[6.238ms] [rows:-] SELECT c.column_name, constraint_name, constraint_type FROM information_schema.table_constraints tc JOIN information_schema.constraint_column_usage AS ccu USING (constraint_schema, constraint_catalog, table_name, constraint_name) JOIN information_schema.columns AS c ON c.table_schema = tc.constraint_schema AND tc.table_name = c.table_name AND ccu.column_name = c.column_name WHERE constraint_type IN ('PRIMARY KEY', 'UNIQUE') AND c.table_catalog = $1$ AND c.table_schema = CURRENT_SCHEMA() AND c.table_name = $2$

2025/02/13 14:38:40 /home/bryan/repos/skripsi/backend/setup/setup.go:78
[2.079ms] [rows:-] SELECT a.attname as column_name, format_type(a.atttypid, a.atttypmod) AS data_type
		FROM pg_attribute a JOIN pg_class b ON a.attrelid = b.oid AND relnamespace = (SELECT oid FROM pg_catalog.pg_namespace WHERE nspname = CURRENT_SCHEMA())
		WHERE a.attnum > 0 -- hide internal columns
		AND NOT a.attisdropped -- hide deleted columns
		AND b.relname = $1$

2025/02/13 14:38:40 /home/bryan/repos/skripsi/backend/setup/setup.go:78
[3.351ms] [rows:0] SELECT description FROM pg_catalog.pg_description WHERE objsubid = (SELECT ordinal_position FROM information_schema.columns WHERE table_schema = CURRENT_SCHEMA() AND table_name = 'refresh_tokens' AND column_name = 'id') AND objoid = (SELECT oid FROM pg_catalog.pg_class WHERE relname = 'refresh_tokens' AND relnamespace = (SELECT oid FROM pg_catalog.pg_namespace WHERE nspname = CURRENT_SCHEMA()))

2025/02/13 14:38:40 /home/bryan/repos/skripsi/backend/setup/setup.go:78
[3.331ms] [rows:0] SELECT description FROM pg_catalog.pg_description WHERE objsubid = (SELECT ordinal_position FROM information_schema.columns WHERE table_schema = CURRENT_SCHEMA() AND table_name = 'refresh_tokens' AND column_name = 'created_at') AND objoid = (SELECT oid FROM pg_catalog.pg_class WHERE relname = 'refresh_tokens' AND relnamespace = (SELECT oid FROM pg_catalog.pg_namespace WHERE nspname = CURRENT_SCHEMA()))

2025/02/13 14:38:40 /home/bryan/repos/skripsi/backend/setup/setup.go:78
[2.793ms] [rows:0] SELECT description FROM pg_catalog.pg_description WHERE objsubid = (SELECT ordinal_position FROM information_schema.columns WHERE table_schema = CURRENT_SCHEMA() AND table_name = 'refresh_tokens' AND column_name = 'updated_at') AND objoid = (SELECT oid FROM pg_catalog.pg_class WHERE relname = 'refresh_tokens' AND relnamespace = (SELECT oid FROM pg_catalog.pg_namespace WHERE nspname = CURRENT_SCHEMA()))

2025/02/13 14:38:40 /home/bryan/repos/skripsi/backend/setup/setup.go:78
[2.829ms] [rows:0] SELECT description FROM pg_catalog.pg_description WHERE objsubid = (SELECT ordinal_position FROM information_schema.columns WHERE table_schema = CURRENT_SCHEMA() AND table_name = 'refresh_tokens' AND column_name = 'deleted_at') AND objoid = (SELECT oid FROM pg_catalog.pg_class WHERE relname = 'refresh_tokens' AND relnamespace = (SELECT oid FROM pg_catalog.pg_namespace WHERE nspname = CURRENT_SCHEMA()))

2025/02/13 14:38:40 /home/bryan/repos/skripsi/backend/setup/setup.go:78
[3.491ms] [rows:0] SELECT description FROM pg_catalog.pg_description WHERE objsubid = (SELECT ordinal_position FROM information_schema.columns WHERE table_schema = CURRENT_SCHEMA() AND table_name = 'refresh_tokens' AND column_name = 'user_id') AND objoid = (SELECT oid FROM pg_catalog.pg_class WHERE relname = 'refresh_tokens' AND relnamespace = (SELECT oid FROM pg_catalog.pg_namespace WHERE nspname = CURRENT_SCHEMA()))

2025/02/13 14:38:40 /home/bryan/repos/skripsi/backend/setup/setup.go:78
[3.117ms] [rows:0] SELECT description FROM pg_catalog.pg_description WHERE objsubid = (SELECT ordinal_position FROM information_schema.columns WHERE table_schema = CURRENT_SCHEMA() AND table_name = 'refresh_tokens' AND column_name = 'token') AND objoid = (SELECT oid FROM pg_catalog.pg_class WHERE relname = 'refresh_tokens' AND relnamespace = (SELECT oid FROM pg_catalog.pg_namespace WHERE nspname = CURRENT_SCHEMA()))

2025/02/13 14:38:40 /home/bryan/repos/skripsi/backend/setup/setup.go:78
[3.428ms] [rows:0] SELECT description FROM pg_catalog.pg_description WHERE objsubid = (SELECT ordinal_position FROM information_schema.columns WHERE table_schema = CURRENT_SCHEMA() AND table_name = 'refresh_tokens' AND column_name = 'expires_at') AND objoid = (SELECT oid FROM pg_catalog.pg_class WHERE relname = 'refresh_tokens' AND relnamespace = (SELECT oid FROM pg_catalog.pg_namespace WHERE nspname = CURRENT_SCHEMA()))

2025/02/13 14:38:40 /home/bryan/repos/skripsi/backend/setup/setup.go:78
[2.512ms] [rows:1] SELECT count(*) FROM pg_indexes WHERE tablename = 'refresh_tokens' AND indexname = 'idx_refresh_tokens_deleted_at' AND schemaname = CURRENT_SCHEMA()

2025/02/13 14:38:40 /home/bryan/repos/skripsi/backend/setup/setup.go:78
[2.414ms] [rows:1] SELECT count(*) FROM pg_indexes WHERE tablename = 'refresh_tokens' AND indexname = 'idx_refresh_tokens_user_id' AND schemaname = CURRENT_SCHEMA()

2025/02/13 14:38:40 /home/bryan/repos/skripsi/backend/setup/setup.go:78
[2.450ms] [rows:1] SELECT count(*) FROM information_schema.tables WHERE table_schema = CURRENT_SCHEMA() AND table_name = 'transactions' AND table_type = 'BASE TABLE'

2025/02/13 14:38:40 /home/bryan/repos/skripsi/backend/setup/setup.go:78
[1.863ms] [rows:1] SELECT CURRENT_DATABASE()

2025/02/13 14:38:40 /home/bryan/repos/skripsi/backend/setup/setup.go:78
[10.100ms] [rows:-] SELECT c.column_name, c.is_nullable = 'YES', c.udt_name, c.character_maximum_length, c.numeric_precision, c.numeric_precision_radix, c.numeric_scale, c.datetime_precision, 8 * typlen, c.column_default, pd.description, c.identity_increment FROM information_schema.columns AS c JOIN pg_type AS pgt ON c.udt_name = pgt.typname LEFT JOIN pg_catalog.pg_description as pd ON pd.objsubid = c.ordinal_position AND pd.objoid = (SELECT oid FROM pg_catalog.pg_class WHERE relname = c.table_name AND relnamespace = (SELECT oid FROM pg_catalog.pg_namespace WHERE nspname = c.table_schema)) where table_catalog = $1$ AND table_schema = CURRENT_SCHEMA() AND table_name = $2$

2025/02/13 14:38:40 /home/bryan/repos/skripsi/backend/setup/setup.go:78
[2.418ms] [rows:-] SELECT * FROM "transactions" LIMIT $1$

2025/02/13 14:38:40 /home/bryan/repos/skripsi/backend/setup/setup.go:78
[25.888ms] [rows:-] SELECT constraint_name FROM information_schema.table_constraints tc JOIN information_schema.constraint_column_usage AS ccu USING (constraint_schema, constraint_catalog, table_name, constraint_name) JOIN information_schema.columns AS c ON c.table_schema = tc.constraint_schema AND tc.table_name = c.table_name AND ccu.column_name = c.column_name WHERE constraint_type IN ('PRIMARY KEY', 'UNIQUE') AND c.table_catalog = $1$ AND c.table_schema = CURRENT_SCHEMA() AND c.table_name = $2$ AND constraint_type = $3$

2025/02/13 14:38:40 /home/bryan/repos/skripsi/backend/setup/setup.go:78
[16.089ms] [rows:-] SELECT c.column_name, constraint_name, constraint_type FROM information_schema.table_constraints tc JOIN information_schema.constraint_column_usage AS ccu USING (constraint_schema, constraint_catalog, table_name, constraint_name) JOIN information_schema.columns AS c ON c.table_schema = tc.constraint_schema AND tc.table_name = c.table_name AND ccu.column_name = c.column_name WHERE constraint_type IN ('PRIMARY KEY', 'UNIQUE') AND c.table_catalog = $1$ AND c.table_schema = CURRENT_SCHEMA() AND c.table_name = $2$

2025/02/13 14:38:40 /home/bryan/repos/skripsi/backend/setup/setup.go:78
[8.856ms] [rows:-] SELECT a.attname as column_name, format_type(a.atttypid, a.atttypmod) AS data_type
		FROM pg_attribute a JOIN pg_class b ON a.attrelid = b.oid AND relnamespace = (SELECT oid FROM pg_catalog.pg_namespace WHERE nspname = CURRENT_SCHEMA())
		WHERE a.attnum > 0 -- hide internal columns
		AND NOT a.attisdropped -- hide deleted columns
		AND b.relname = $1$

2025/02/13 14:38:40 /home/bryan/repos/skripsi/backend/setup/setup.go:78
[5.221ms] [rows:0] SELECT description FROM pg_catalog.pg_description WHERE objsubid = (SELECT ordinal_position FROM information_schema.columns WHERE table_schema = CURRENT_SCHEMA() AND table_name = 'transactions' AND column_name = 'id') AND objoid = (SELECT oid FROM pg_catalog.pg_class WHERE relname = 'transactions' AND relnamespace = (SELECT oid FROM pg_catalog.pg_namespace WHERE nspname = CURRENT_SCHEMA()))

2025/02/13 14:38:40 /home/bryan/repos/skripsi/backend/setup/setup.go:78
[6.620ms] [rows:0] SELECT description FROM pg_catalog.pg_description WHERE objsubid = (SELECT ordinal_position FROM information_schema.columns WHERE table_schema = CURRENT_SCHEMA() AND table_name = 'transactions' AND column_name = 'created_at') AND objoid = (SELECT oid FROM pg_catalog.pg_class WHERE relname = 'transactions' AND relnamespace = (SELECT oid FROM pg_catalog.pg_namespace WHERE nspname = CURRENT_SCHEMA()))

2025/02/13 14:38:40 /home/bryan/repos/skripsi/backend/setup/setup.go:78
[3.695ms] [rows:0] SELECT description FROM pg_catalog.pg_description WHERE objsubid = (SELECT ordinal_position FROM information_schema.columns WHERE table_schema = CURRENT_SCHEMA() AND table_name = 'transactions' AND column_name = 'pet_daycare_id') AND objoid = (SELECT oid FROM pg_catalog.pg_class WHERE relname = 'transactions' AND relnamespace = (SELECT oid FROM pg_catalog.pg_namespace WHERE nspname = CURRENT_SCHEMA()))

2025/02/13 14:38:40 /home/bryan/repos/skripsi/backend/setup/setup.go:78
[4.483ms] [rows:0] SELECT description FROM pg_catalog.pg_description WHERE objsubid = (SELECT ordinal_position FROM information_schema.columns WHERE table_schema = CURRENT_SCHEMA() AND table_name = 'transactions' AND column_name = 'booked_slot_id') AND objoid = (SELECT oid FROM pg_catalog.pg_class WHERE relname = 'transactions' AND relnamespace = (SELECT oid FROM pg_catalog.pg_namespace WHERE nspname = CURRENT_SCHEMA()))

2025/02/13 14:38:40 /home/bryan/repos/skripsi/backend/setup/setup.go:78
[5.126ms] [rows:0] SELECT description FROM pg_catalog.pg_description WHERE objsubid = (SELECT ordinal_position FROM information_schema.columns WHERE table_schema = CURRENT_SCHEMA() AND table_name = 'transactions' AND column_name = 'status') AND objoid = (SELECT oid FROM pg_catalog.pg_class WHERE relname = 'transactions' AND relnamespace = (SELECT oid FROM pg_catalog.pg_namespace WHERE nspname = CURRENT_SCHEMA()))

2025/02/13 14:38:40 /home/bryan/repos/skripsi/backend/setup/setup.go:78
[3.070ms] [rows:1] SELECT count(*) FROM INFORMATION_SCHEMA.table_constraints WHERE table_schema = CURRENT_SCHEMA() AND table_name = 'transactions' AND constraint_name = 'fk_transactions_booked_slot'

2025/02/13 14:38:40 /home/bryan/repos/skripsi/backend/setup/setup.go:78
[2.627ms] [rows:1] SELECT count(*) FROM INFORMATION_SCHEMA.table_constraints WHERE table_schema = CURRENT_SCHEMA() AND table_name = 'transactions' AND constraint_name = 'fk_transactions_pet_daycare'

2025/02/13 14:38:40 /home/bryan/repos/skripsi/backend/setup/setup.go:78
[2.211ms] [rows:1] SELECT count(*) FROM information_schema.tables WHERE table_schema = CURRENT_SCHEMA() AND table_name = 'reduce_slots' AND table_type = 'BASE TABLE'

2025/02/13 14:38:40 /home/bryan/repos/skripsi/backend/setup/setup.go:78
[1.756ms] [rows:1] SELECT CURRENT_DATABASE()

2025/02/13 14:38:40 /home/bryan/repos/skripsi/backend/setup/setup.go:78
[6.241ms] [rows:-] SELECT c.column_name, c.is_nullable = 'YES', c.udt_name, c.character_maximum_length, c.numeric_precision, c.numeric_precision_radix, c.numeric_scale, c.datetime_precision, 8 * typlen, c.column_default, pd.description, c.identity_increment FROM information_schema.columns AS c JOIN pg_type AS pgt ON c.udt_name = pgt.typname LEFT JOIN pg_catalog.pg_description as pd ON pd.objsubid = c.ordinal_position AND pd.objoid = (SELECT oid FROM pg_catalog.pg_class WHERE relname = c.table_name AND relnamespace = (SELECT oid FROM pg_catalog.pg_namespace WHERE nspname = c.table_schema)) where table_catalog = $1$ AND table_schema = CURRENT_SCHEMA() AND table_name = $2$

2025/02/13 14:38:40 /home/bryan/repos/skripsi/backend/setup/setup.go:78
[2.206ms] [rows:-] SELECT * FROM "reduce_slots" LIMIT $1$

2025/02/13 14:38:40 /home/bryan/repos/skripsi/backend/setup/setup.go:78
[4.969ms] [rows:-] SELECT constraint_name FROM information_schema.table_constraints tc JOIN information_schema.constraint_column_usage AS ccu USING (constraint_schema, constraint_catalog, table_name, constraint_name) JOIN information_schema.columns AS c ON c.table_schema = tc.constraint_schema AND tc.table_name = c.table_name AND ccu.column_name = c.column_name WHERE constraint_type IN ('PRIMARY KEY', 'UNIQUE') AND c.table_catalog = $1$ AND c.table_schema = CURRENT_SCHEMA() AND c.table_name = $2$ AND constraint_type = $3$

2025/02/13 14:38:40 /home/bryan/repos/skripsi/backend/setup/setup.go:78
[5.071ms] [rows:-] SELECT c.column_name, constraint_name, constraint_type FROM information_schema.table_constraints tc JOIN information_schema.constraint_column_usage AS ccu USING (constraint_schema, constraint_catalog, table_name, constraint_name) JOIN information_schema.columns AS c ON c.table_schema = tc.constraint_schema AND tc.table_name = c.table_name AND ccu.column_name = c.column_name WHERE constraint_type IN ('PRIMARY KEY', 'UNIQUE') AND c.table_catalog = $1$ AND c.table_schema = CURRENT_SCHEMA() AND c.table_name = $2$

2025/02/13 14:38:40 /home/bryan/repos/skripsi/backend/setup/setup.go:78
[2.061ms] [rows:-] SELECT a.attname as column_name, format_type(a.atttypid, a.atttypmod) AS data_type
		FROM pg_attribute a JOIN pg_class b ON a.attrelid = b.oid AND relnamespace = (SELECT oid FROM pg_catalog.pg_namespace WHERE nspname = CURRENT_SCHEMA())
		WHERE a.attnum > 0 -- hide internal columns
		AND NOT a.attisdropped -- hide deleted columns
		AND b.relname = $1$

2025/02/13 14:38:40 /home/bryan/repos/skripsi/backend/setup/setup.go:78
[2.991ms] [rows:0] SELECT description FROM pg_catalog.pg_description WHERE objsubid = (SELECT ordinal_position FROM information_schema.columns WHERE table_schema = CURRENT_SCHEMA() AND table_name = 'reduce_slots' AND column_name = 'id') AND objoid = (SELECT oid FROM pg_catalog.pg_class WHERE relname = 'reduce_slots' AND relnamespace = (SELECT oid FROM pg_catalog.pg_namespace WHERE nspname = CURRENT_SCHEMA()))

2025/02/13 14:38:40 /home/bryan/repos/skripsi/backend/setup/setup.go:78
[3.015ms] [rows:0] SELECT description FROM pg_catalog.pg_description WHERE objsubid = (SELECT ordinal_position FROM information_schema.columns WHERE table_schema = CURRENT_SCHEMA() AND table_name = 'reduce_slots' AND column_name = 'slot_id') AND objoid = (SELECT oid FROM pg_catalog.pg_class WHERE relname = 'reduce_slots' AND relnamespace = (SELECT oid FROM pg_catalog.pg_namespace WHERE nspname = CURRENT_SCHEMA()))

2025/02/13 14:38:40 /home/bryan/repos/skripsi/backend/setup/setup.go:78
[3.145ms] [rows:0] SELECT description FROM pg_catalog.pg_description WHERE objsubid = (SELECT ordinal_position FROM information_schema.columns WHERE table_schema = CURRENT_SCHEMA() AND table_name = 'reduce_slots' AND column_name = 'reduced_count') AND objoid = (SELECT oid FROM pg_catalog.pg_class WHERE relname = 'reduce_slots' AND relnamespace = (SELECT oid FROM pg_catalog.pg_namespace WHERE nspname = CURRENT_SCHEMA()))

2025/02/13 14:38:40 /home/bryan/repos/skripsi/backend/setup/setup.go:78
[2.841ms] [rows:0] SELECT description FROM pg_catalog.pg_description WHERE objsubid = (SELECT ordinal_position FROM information_schema.columns WHERE table_schema = CURRENT_SCHEMA() AND table_name = 'reduce_slots' AND column_name = 'target_date') AND objoid = (SELECT oid FROM pg_catalog.pg_class WHERE relname = 'reduce_slots' AND relnamespace = (SELECT oid FROM pg_catalog.pg_namespace WHERE nspname = CURRENT_SCHEMA()))

2025/02/13 14:38:40 /home/bryan/repos/skripsi/backend/setup/setup.go:78
[2.105ms] [rows:1] SELECT count(*) FROM information_schema.tables WHERE table_schema = CURRENT_SCHEMA() AND table_name = 'booked_slots_dailies' AND table_type = 'BASE TABLE'

2025/02/13 14:38:40 /home/bryan/repos/skripsi/backend/setup/setup.go:78
[1.862ms] [rows:1] SELECT CURRENT_DATABASE()

2025/02/13 14:38:40 /home/bryan/repos/skripsi/backend/setup/setup.go:78
[6.559ms] [rows:-] SELECT c.column_name, c.is_nullable = 'YES', c.udt_name, c.character_maximum_length, c.numeric_precision, c.numeric_precision_radix, c.numeric_scale, c.datetime_precision, 8 * typlen, c.column_default, pd.description, c.identity_increment FROM information_schema.columns AS c JOIN pg_type AS pgt ON c.udt_name = pgt.typname LEFT JOIN pg_catalog.pg_description as pd ON pd.objsubid = c.ordinal_position AND pd.objoid = (SELECT oid FROM pg_catalog.pg_class WHERE relname = c.table_name AND relnamespace = (SELECT oid FROM pg_catalog.pg_namespace WHERE nspname = c.table_schema)) where table_catalog = $1$ AND table_schema = CURRENT_SCHEMA() AND table_name = $2$

2025/02/13 14:38:40 /home/bryan/repos/skripsi/backend/setup/setup.go:78
[3.199ms] [rows:-] SELECT * FROM "booked_slots_dailies" LIMIT $1$

2025/02/13 14:38:40 /home/bryan/repos/skripsi/backend/setup/setup.go:78
[5.025ms] [rows:-] SELECT constraint_name FROM information_schema.table_constraints tc JOIN information_schema.constraint_column_usage AS ccu USING (constraint_schema, constraint_catalog, table_name, constraint_name) JOIN information_schema.columns AS c ON c.table_schema = tc.constraint_schema AND tc.table_name = c.table_name AND ccu.column_name = c.column_name WHERE constraint_type IN ('PRIMARY KEY', 'UNIQUE') AND c.table_catalog = $1$ AND c.table_schema = CURRENT_SCHEMA() AND c.table_name = $2$ AND constraint_type = $3$

2025/02/13 14:38:40 /home/bryan/repos/skripsi/backend/setup/setup.go:78
[4.979ms] [rows:-] SELECT c.column_name, constraint_name, constraint_type FROM information_schema.table_constraints tc JOIN information_schema.constraint_column_usage AS ccu USING (constraint_schema, constraint_catalog, table_name, constraint_name) JOIN information_schema.columns AS c ON c.table_schema = tc.constraint_schema AND tc.table_name = c.table_name AND ccu.column_name = c.column_name WHERE constraint_type IN ('PRIMARY KEY', 'UNIQUE') AND c.table_catalog = $1$ AND c.table_schema = CURRENT_SCHEMA() AND c.table_name = $2$

2025/02/13 14:38:40 /home/bryan/repos/skripsi/backend/setup/setup.go:78
[2.172ms] [rows:-] SELECT a.attname as column_name, format_type(a.atttypid, a.atttypmod) AS data_type
		FROM pg_attribute a JOIN pg_class b ON a.attrelid = b.oid AND relnamespace = (SELECT oid FROM pg_catalog.pg_namespace WHERE nspname = CURRENT_SCHEMA())
		WHERE a.attnum > 0 -- hide internal columns
		AND NOT a.attisdropped -- hide deleted columns
		AND b.relname = $1$

2025/02/13 14:38:40 /home/bryan/repos/skripsi/backend/setup/setup.go:78
[2.848ms] [rows:0] SELECT description FROM pg_catalog.pg_description WHERE objsubid = (SELECT ordinal_position FROM information_schema.columns WHERE table_schema = CURRENT_SCHEMA() AND table_name = 'booked_slots_dailies' AND column_name = 'id') AND objoid = (SELECT oid FROM pg_catalog.pg_class WHERE relname = 'booked_slots_dailies' AND relnamespace = (SELECT oid FROM pg_catalog.pg_namespace WHERE nspname = CURRENT_SCHEMA()))

2025/02/13 14:38:40 /home/bryan/repos/skripsi/backend/setup/setup.go:78
[3.108ms] [rows:0] SELECT description FROM pg_catalog.pg_description WHERE objsubid = (SELECT ordinal_position FROM information_schema.columns WHERE table_schema = CURRENT_SCHEMA() AND table_name = 'booked_slots_dailies' AND column_name = 'daycare_id') AND objoid = (SELECT oid FROM pg_catalog.pg_class WHERE relname = 'booked_slots_dailies' AND relnamespace = (SELECT oid FROM pg_catalog.pg_namespace WHERE nspname = CURRENT_SCHEMA()))

2025/02/13 14:38:40 /home/bryan/repos/skripsi/backend/setup/setup.go:78
[3.040ms] [rows:0] SELECT description FROM pg_catalog.pg_description WHERE objsubid = (SELECT ordinal_position FROM information_schema.columns WHERE table_schema = CURRENT_SCHEMA() AND table_name = 'booked_slots_dailies' AND column_name = 'date') AND objoid = (SELECT oid FROM pg_catalog.pg_class WHERE relname = 'booked_slots_dailies' AND relnamespace = (SELECT oid FROM pg_catalog.pg_namespace WHERE nspname = CURRENT_SCHEMA()))

2025/02/13 14:38:40 /home/bryan/repos/skripsi/backend/setup/setup.go:78
[2.989ms] [rows:0] SELECT description FROM pg_catalog.pg_description WHERE objsubid = (SELECT ordinal_position FROM information_schema.columns WHERE table_schema = CURRENT_SCHEMA() AND table_name = 'booked_slots_dailies' AND column_name = 'slot_count') AND objoid = (SELECT oid FROM pg_catalog.pg_class WHERE relname = 'booked_slots_dailies' AND relnamespace = (SELECT oid FROM pg_catalog.pg_namespace WHERE nspname = CURRENT_SCHEMA()))

2025/02/13 14:38:40 /home/bryan/repos/skripsi/backend/setup/setup.go:78
[2.298ms] [rows:1] SELECT count(*) FROM pg_indexes WHERE tablename = 'booked_slots_dailies' AND indexname = 'idx_booked_slots_dailies_date' AND schemaname = CURRENT_SCHEMA()
[GIN-debug] [WARNING] Creating an Engine instance with the Logger and Recovery middleware already attached.

[GIN-debug] [WARNING] Running in "debug" mode. Switch to "release" mode in production.
 - using env:	export GIN_MODE=release
 - using code:	gin.SetMode(gin.ReleaseMode)

[GIN-debug] GET    /assets/*filepath         --> github.com/gin-gonic/gin.(*RouterGroup).createStaticHandler.func1 (3 handlers)
[GIN-debug] HEAD   /assets/*filepath         --> github.com/gin-gonic/gin.(*RouterGroup).createStaticHandler.func1 (3 handlers)
[GIN-debug] POST   /users                    --> github.com/BryanEgbert/skripsi/controller.(*UserController).CreateUser-fm (3 handlers)
[GIN-debug] GET    /users/vets               --> github.com/BryanEgbert/skripsi/controller.(*UserController).GetVets-fm (4 handlers)
[GIN-debug] GET    /users/:id                --> github.com/BryanEgbert/skripsi/controller.(*UserController).GetUser-fm (4 handlers)
[GIN-debug] DELETE /users                    --> github.com/BryanEgbert/skripsi/controller.(*UserController).DeleteUser-fm (4 handlers)
[GIN-debug] PUT    /users                    --> github.com/BryanEgbert/skripsi/controller.(*UserController).UpdateUserProfile-fm (4 handlers)
[GIN-debug] PATCH  /users/password           --> github.com/BryanEgbert/skripsi/controller.(*UserController).UpdateUserPassword-fm (4 handlers)
[GIN-debug] POST   /login                    --> github.com/BryanEgbert/skripsi/controller.(*AuthController).Login-fm (3 handlers)
[GIN-debug] POST   /refresh                  --> github.com/BryanEgbert/skripsi/controller.(*AuthController).RefreshToken-fm (4 handlers)
[GIN-debug] GET    /pets/:id                 --> github.com/BryanEgbert/skripsi/controller.(*PetController).GetPet-fm (4 handlers)
[GIN-debug] GET    /pets                     --> github.com/BryanEgbert/skripsi/controller.(*PetController).GetPets-fm (4 handlers)
[GIN-debug] POST   /pets                     --> github.com/BryanEgbert/skripsi/controller.(*PetController).CreatePet-fm (4 handlers)
[GIN-debug] PUT    /pets/:id                 --> github.com/BryanEgbert/skripsi/controller.(*PetController).UpdatePet-fm (4 handlers)
[GIN-debug] DELETE /pets/:id                 --> github.com/BryanEgbert/skripsi/controller.(*PetController).DeletePet-fm (4 handlers)
[GIN-debug] PATCH  /daycare/slot/:slotId     --> github.com/BryanEgbert/skripsi/controller.(*PetDaycareController).EditSlotCount-fm (4 handlers)
[GIN-debug] GET    /daycare/:id/slot         --> github.com/BryanEgbert/skripsi/controller.(*PetDaycareController).GetPetDaycareSlots-fm (4 handlers)
[GIN-debug] POST   /daycare/:id/slot         --> github.com/BryanEgbert/skripsi/controller.(*PetDaycareController).CreateSlot-fm (4 handlers)
[GIN-debug] GET    /daycare/:id/review       --> github.com/BryanEgbert/skripsi/controller.(*PetDaycareController).GetReviews-fm (4 handlers)
[GIN-debug] POST   /daycare/:id/review       --> github.com/BryanEgbert/skripsi/controller.(*PetDaycareController).CreateReview-fm (4 handlers)
[GIN-debug] DELETE /daycare/:id/review       --> github.com/BryanEgbert/skripsi/controller.(*PetDaycareController).DeleteReview-fm (4 handlers)
[GIN-debug] GET    /daycare/:id              --> github.com/BryanEgbert/skripsi/controller.(*PetDaycareController).GetPetDaycare-fm (4 handlers)
[GIN-debug] GET    /daycare                  --> github.com/BryanEgbert/skripsi/controller.(*PetDaycareController).GetPetDaycares-fm (4 handlers)
[GIN-debug] POST   /daycare                  --> github.com/BryanEgbert/skripsi/controller.(*PetDaycareController).CreatePetDaycare-fm (4 handlers)
[GIN-debug] PUT    /daycare/:id              --> github.com/BryanEgbert/skripsi/controller.(*PetDaycareController).UpdatePetDaycare-fm (4 handlers)
[GIN-debug] DELETE /daycare/:id              --> github.com/BryanEgbert/skripsi/controller.(*PetDaycareController).DeletePetDaycare-fm (4 handlers)

2025/02/13 14:38:40 /home/bryan/repos/skripsi/backend/service/user_service.go:74
[1.889ms] [rows:1] SELECT count(*) > 0 FROM "roles" WHERE id = $1$

2025/02/13 14:38:40 /home/bryan/repos/skripsi/backend/service/user_service.go:101 ERROR: duplicate key value violates unique constraint "uni_users_name" (SQLSTATE 23505)
[2.927ms] [rows:0] INSERT INTO "users" ("created_at","updated_at","deleted_at","name","email","password","role_id","image_url") VALUES ($1$,$2$,$3$,$4$,$5$,$6$,$7$,$8$) RETURNING "id","image_url"
[GIN] 2025/02/13 - 14:38:40 | 409 |   129.54507ms |                 | POST     "/users"
=== RUN   TestRegister/On_register,_should_return_error_when_vet_specialties_are_empty_when_role_ID_is_3

2025/02/13 14:38:41 /home/bryan/repos/skripsi/backend/setup/setup.go:60
[291.470ms] [rows:0] TRUNCATE TABLE users, vet_specialties, user_vet_specialties, pet_daycares, pets, size_categories, roles, slots, booked_slots, thumbnails, species, reviews, refresh_tokens, transactions, daily_walks, daily_playtimes, reduce_slots RESTART IDENTITY CASCADE;

2025/02/13 14:38:41 /home/bryan/repos/skripsi/backend/seeder/seeder.go:18
[14.055ms] [rows:3] INSERT INTO "roles" ("name","id") VALUES ($1$,$2$),($3$,$4$),($5$,$6$) RETURNING "id"

2025/02/13 14:38:41 /home/bryan/repos/skripsi/backend/seeder/seeder.go:29
[10.316ms] [rows:4] INSERT INTO "daily_walks" ("name","id") VALUES ($1$,$2$),($3$,$4$),($5$,$6$),($7$,$8$) RETURNING "id"

2025/02/13 14:38:41 /home/bryan/repos/skripsi/backend/seeder/seeder.go:39
[10.152ms] [rows:4] INSERT INTO "daily_playtimes" ("name","id") VALUES ($1$,$2$),($3$,$4$),($5$,$6$),($7$,$8$) RETURNING "id"

2025/02/13 14:38:41 /home/bryan/repos/skripsi/backend/seeder/seeder.go:61
[10.750ms] [rows:17] INSERT INTO "vet_specialties" ("name") VALUES ($1$),($2$),($3$),($4$),($5$),($6$),($7$),($8$),($9$),($10$),($11$),($12$),($13$),($14$),($15$),($16$),($17$) RETURNING "id"

2025/02/13 14:38:41 /home/bryan/repos/skripsi/backend/seeder/seeder.go:71
[10.590ms] [rows:3] INSERT INTO "species" ("name") VALUES ($1$),($2$),($3$) RETURNING "id"

2025/02/13 14:38:41 /home/bryan/repos/skripsi/backend/seeder/seeder.go:83
[10.432ms] [rows:5] INSERT INTO "size_categories" ("name","min_weight","max_weight") VALUES ($1$,$2$,$3$),($4$,$5$,$6$),($7$,$8$,$9$),($10$,$11$,$12$),($13$,$14$,$15$) RETURNING "id"

2025/02/13 14:38:41 /home/bryan/repos/skripsi/backend/seeder/seeder.go:106
[2.849ms] [rows:0] INSERT INTO "vet_specialties" ("name","id") VALUES ($1$,$2$),($3$,$4$),($5$,$6$) ON CONFLICT DO NOTHING RETURNING "id"

2025/02/13 14:38:41 /home/bryan/repos/skripsi/backend/seeder/seeder.go:106
[3.773ms] [rows:3] INSERT INTO "user_vet_specialties" ("user_id","vet_specialty_id") VALUES ($1$,$2$),($3$,$4$),($5$,$6$) ON CONFLICT DO NOTHING

2025/02/13 14:38:41 /home/bryan/repos/skripsi/backend/seeder/seeder.go:106
[14.859ms] [rows:6] INSERT INTO "users" ("created_at","updated_at","deleted_at","name","email","password","role_id","image_url") VALUES ($1$,$2$,$3$,$4$,$5$,$6$,$7$,$8$),($9$,$10$,$11$,$12$,$13$,$14$,$15$,$16$),($17$,$18$,$19$,$20$,$21$,$22$,$23$,$24$),($25$,$26$,$27$,$28$,$29$,$30$,$31$,$32$),($33$,$34$,$35$,$36$,$37$,$38$,$39$,DEFAULT),($40$,$41$,$42$,$43$,$44$,$45$,$46$,$47$) RETURNING "id","image_url"

2025/02/13 14:38:41 /home/bryan/repos/skripsi/backend/seeder/seeder.go:148
[1.779ms] [rows:0] INSERT INTO "daily_walks" ("name","id") VALUES ($1$,$2$) ON CONFLICT DO NOTHING RETURNING "id"

2025/02/13 14:38:41 /home/bryan/repos/skripsi/backend/seeder/seeder.go:148
[1.735ms] [rows:0] INSERT INTO "daily_playtimes" ("name","id") VALUES ($1$,$2$),($3$,$4$) ON CONFLICT DO NOTHING RETURNING "id"

2025/02/13 14:38:41 /home/bryan/repos/skripsi/backend/seeder/seeder.go:148
[11.642ms] [rows:3] INSERT INTO "pet_daycares" ("created_at","updated_at","deleted_at","name","address","latitude","longitude","price","pricing_type","description","has_pickup_service","must_be_vaccinated","food_provided","grooming_available","booked_num","daily_walks_id","daily_playtime_id","owner_id","food_brand") VALUES ($1$,$2$,$3$,$4$,$5$,$6$,$7$,$8$,$9$,$10$,$11$,$12$,$13$,$14$,$15$,$16$,$17$,$18$,$19$),($20$,$21$,$22$,$23$,$24$,$25$,$26$,$27$,$28$,$29$,$30$,$31$,$32$,$33$,$34$,$35$,$36$,$37$,$38$),($39$,$40$,$41$,$42$,$43$,$44$,$45$,$46$,$47$,$48$,$49$,$50$,$51$,$52$,$53$,$54$,$55$,$56$,$57$) RETURNING "id"

2025/02/13 14:38:41 /home/bryan/repos/skripsi/backend/seeder/seeder.go:158
[6.555ms] [rows:3] INSERT INTO "slots" ("created_at","updated_at","deleted_at","daycare_id","species_id","size_category_id","max_number") VALUES ($1$,$2$,$3$,$4$,$5$,$6$,$7$),($8$,$9$,$10$,$11$,$12$,$13$,$14$),($15$,$16$,$17$,$18$,$19$,$20$,$21$) RETURNING "id"

2025/02/13 14:38:41 /home/bryan/repos/skripsi/backend/seeder/seeder.go:172
[7.205ms] [rows:2] INSERT INTO "pets" ("created_at","updated_at","deleted_at","name","image_url","status","owner_id","species_id","size_id") VALUES ($1$,$2$,$3$,$4$,$5$,$6$,$7$,$8$,$9$),($10$,$11$,$12$,$13$,$14$,$15$,$16$,$17$,$18$) RETURNING "id"

2025/02/13 14:38:41 /home/bryan/repos/skripsi/backend/seeder/seeder.go:189
[6.865ms] [rows:2] INSERT INTO "booked_slots" ("created_at","updated_at","deleted_at","user_id","daycare_id","pet_id","start_date","end_date") VALUES ($1$,$2$,$3$,$4$,$5$,$6$,$7$,$8$),($9$,$10$,$11$,$12$,$13$,$14$,$15$,$16$) RETURNING "id"

2025/02/13 14:38:41 /home/bryan/repos/skripsi/backend/seeder/seeder.go:205
[6.629ms] [rows:3] INSERT INTO "reviews" ("created_at","updated_at","deleted_at","daycare_id","user_id","name","rate","description") VALUES ($1$,$2$,$3$,$4$,$5$,$6$,$7$,$8$),($9$,$10$,$11$,$12$,$13$,$14$,$15$,$16$),($17$,$18$,$19$,$20$,$21$,$22$,$23$,$24$) RETURNING "id"

2025/02/13 14:38:41 /home/bryan/repos/skripsi/backend/seeder/seeder.go:213
[5.644ms] [rows:1] INSERT INTO "reduce_slots" ("slot_id","reduced_count","target_date") VALUES ($1$,$2$,$3$) RETURNING "id"

2025/02/13 14:38:41 /home/bryan/repos/skripsi/backend/seeder/seeder.go:222
[6.009ms] [rows:2] INSERT INTO "thumbnails" ("daycare_id","image_url") VALUES ($1$,$2$),($3$,$4$) RETURNING "id"

2025/02/13 14:38:41 /home/bryan/repos/skripsi/backend/seeder/seeder.go:230
[7.243ms] [rows:1] INSERT INTO "transactions" ("pet_daycare_id","booked_slot_id","status") VALUES ($1$,$2$,$3$) RETURNING "created_at","id"

2025/02/13 14:38:41 /home/bryan/repos/skripsi/backend/setup/setup.go:78
[29.346ms] [rows:1] SELECT count(*) FROM information_schema.tables WHERE table_schema = CURRENT_SCHEMA() AND table_name = 'roles' AND table_type = 'BASE TABLE'

2025/02/13 14:38:41 /home/bryan/repos/skripsi/backend/setup/setup.go:78
[4.233ms] [rows:1] SELECT CURRENT_DATABASE()

2025/02/13 14:38:41 /home/bryan/repos/skripsi/backend/setup/setup.go:78
[84.689ms] [rows:-] SELECT c.column_name, c.is_nullable = 'YES', c.udt_name, c.character_maximum_length, c.numeric_precision, c.numeric_precision_radix, c.numeric_scale, c.datetime_precision, 8 * typlen, c.column_default, pd.description, c.identity_increment FROM information_schema.columns AS c JOIN pg_type AS pgt ON c.udt_name = pgt.typname LEFT JOIN pg_catalog.pg_description as pd ON pd.objsubid = c.ordinal_position AND pd.objoid = (SELECT oid FROM pg_catalog.pg_class WHERE relname = c.table_name AND relnamespace = (SELECT oid FROM pg_catalog.pg_namespace WHERE nspname = c.table_schema)) where table_catalog = $1$ AND table_schema = CURRENT_SCHEMA() AND table_name = $2$

2025/02/13 14:38:41 /home/bryan/repos/skripsi/backend/setup/setup.go:78
[2.577ms] [rows:-] SELECT * FROM "roles" LIMIT $1$

2025/02/13 14:38:41 /home/bryan/repos/skripsi/backend/setup/setup.go:78
[58.816ms] [rows:-] SELECT constraint_name FROM information_schema.table_constraints tc JOIN information_schema.constraint_column_usage AS ccu USING (constraint_schema, constraint_catalog, table_name, constraint_name) JOIN information_schema.columns AS c ON c.table_schema = tc.constraint_schema AND tc.table_name = c.table_name AND ccu.column_name = c.column_name WHERE constraint_type IN ('PRIMARY KEY', 'UNIQUE') AND c.table_catalog = $1$ AND c.table_schema = CURRENT_SCHEMA() AND c.table_name = $2$ AND constraint_type = $3$

2025/02/13 14:38:41 /home/bryan/repos/skripsi/backend/setup/setup.go:78
[19.837ms] [rows:-] SELECT c.column_name, constraint_name, constraint_type FROM information_schema.table_constraints tc JOIN information_schema.constraint_column_usage AS ccu USING (constraint_schema, constraint_catalog, table_name, constraint_name) JOIN information_schema.columns AS c ON c.table_schema = tc.constraint_schema AND tc.table_name = c.table_name AND ccu.column_name = c.column_name WHERE constraint_type IN ('PRIMARY KEY', 'UNIQUE') AND c.table_catalog = $1$ AND c.table_schema = CURRENT_SCHEMA() AND c.table_name = $2$

2025/02/13 14:38:41 /home/bryan/repos/skripsi/backend/setup/setup.go:78
[2.704ms] [rows:-] SELECT a.attname as column_name, format_type(a.atttypid, a.atttypmod) AS data_type
		FROM pg_attribute a JOIN pg_class b ON a.attrelid = b.oid AND relnamespace = (SELECT oid FROM pg_catalog.pg_namespace WHERE nspname = CURRENT_SCHEMA())
		WHERE a.attnum > 0 -- hide internal columns
		AND NOT a.attisdropped -- hide deleted columns
		AND b.relname = $1$

2025/02/13 14:38:41 /home/bryan/repos/skripsi/backend/setup/setup.go:78
[7.216ms] [rows:0] SELECT description FROM pg_catalog.pg_description WHERE objsubid = (SELECT ordinal_position FROM information_schema.columns WHERE table_schema = CURRENT_SCHEMA() AND table_name = 'roles' AND column_name = 'id') AND objoid = (SELECT oid FROM pg_catalog.pg_class WHERE relname = 'roles' AND relnamespace = (SELECT oid FROM pg_catalog.pg_namespace WHERE nspname = CURRENT_SCHEMA()))

2025/02/13 14:38:41 /home/bryan/repos/skripsi/backend/setup/setup.go:78
[5.498ms] [rows:0] SELECT description FROM pg_catalog.pg_description WHERE objsubid = (SELECT ordinal_position FROM information_schema.columns WHERE table_schema = CURRENT_SCHEMA() AND table_name = 'roles' AND column_name = 'name') AND objoid = (SELECT oid FROM pg_catalog.pg_class WHERE relname = 'roles' AND relnamespace = (SELECT oid FROM pg_catalog.pg_namespace WHERE nspname = CURRENT_SCHEMA()))

2025/02/13 14:38:41 /home/bryan/repos/skripsi/backend/setup/setup.go:78
[2.243ms] [rows:1] SELECT count(*) FROM information_schema.tables WHERE table_schema = CURRENT_SCHEMA() AND table_name = 'users' AND table_type = 'BASE TABLE'

2025/02/13 14:38:41 /home/bryan/repos/skripsi/backend/setup/setup.go:78
[0.823ms] [rows:1] SELECT CURRENT_DATABASE()

2025/02/13 14:38:41 /home/bryan/repos/skripsi/backend/setup/setup.go:78
[11.831ms] [rows:-] SELECT c.column_name, c.is_nullable = 'YES', c.udt_name, c.character_maximum_length, c.numeric_precision, c.numeric_precision_radix, c.numeric_scale, c.datetime_precision, 8 * typlen, c.column_default, pd.description, c.identity_increment FROM information_schema.columns AS c JOIN pg_type AS pgt ON c.udt_name = pgt.typname LEFT JOIN pg_catalog.pg_description as pd ON pd.objsubid = c.ordinal_position AND pd.objoid = (SELECT oid FROM pg_catalog.pg_class WHERE relname = c.table_name AND relnamespace = (SELECT oid FROM pg_catalog.pg_namespace WHERE nspname = c.table_schema)) where table_catalog = $1$ AND table_schema = CURRENT_SCHEMA() AND table_name = $2$

2025/02/13 14:38:41 /home/bryan/repos/skripsi/backend/setup/setup.go:78
[1.031ms] [rows:-] SELECT * FROM "users" LIMIT $1$

2025/02/13 14:38:41 /home/bryan/repos/skripsi/backend/setup/setup.go:78
[17.279ms] [rows:-] SELECT constraint_name FROM information_schema.table_constraints tc JOIN information_schema.constraint_column_usage AS ccu USING (constraint_schema, constraint_catalog, table_name, constraint_name) JOIN information_schema.columns AS c ON c.table_schema = tc.constraint_schema AND tc.table_name = c.table_name AND ccu.column_name = c.column_name WHERE constraint_type IN ('PRIMARY KEY', 'UNIQUE') AND c.table_catalog = $1$ AND c.table_schema = CURRENT_SCHEMA() AND c.table_name = $2$ AND constraint_type = $3$

2025/02/13 14:38:41 /home/bryan/repos/skripsi/backend/setup/setup.go:78
[16.544ms] [rows:-] SELECT c.column_name, constraint_name, constraint_type FROM information_schema.table_constraints tc JOIN information_schema.constraint_column_usage AS ccu USING (constraint_schema, constraint_catalog, table_name, constraint_name) JOIN information_schema.columns AS c ON c.table_schema = tc.constraint_schema AND tc.table_name = c.table_name AND ccu.column_name = c.column_name WHERE constraint_type IN ('PRIMARY KEY', 'UNIQUE') AND c.table_catalog = $1$ AND c.table_schema = CURRENT_SCHEMA() AND c.table_name = $2$

2025/02/13 14:38:41 /home/bryan/repos/skripsi/backend/setup/setup.go:78
[1.574ms] [rows:-] SELECT a.attname as column_name, format_type(a.atttypid, a.atttypmod) AS data_type
		FROM pg_attribute a JOIN pg_class b ON a.attrelid = b.oid AND relnamespace = (SELECT oid FROM pg_catalog.pg_namespace WHERE nspname = CURRENT_SCHEMA())
		WHERE a.attnum > 0 -- hide internal columns
		AND NOT a.attisdropped -- hide deleted columns
		AND b.relname = $1$

2025/02/13 14:38:41 /home/bryan/repos/skripsi/backend/setup/setup.go:78
[5.242ms] [rows:0] SELECT description FROM pg_catalog.pg_description WHERE objsubid = (SELECT ordinal_position FROM information_schema.columns WHERE table_schema = CURRENT_SCHEMA() AND table_name = 'users' AND column_name = 'id') AND objoid = (SELECT oid FROM pg_catalog.pg_class WHERE relname = 'users' AND relnamespace = (SELECT oid FROM pg_catalog.pg_namespace WHERE nspname = CURRENT_SCHEMA()))

2025/02/13 14:38:41 /home/bryan/repos/skripsi/backend/setup/setup.go:78
[5.296ms] [rows:0] SELECT description FROM pg_catalog.pg_description WHERE objsubid = (SELECT ordinal_position FROM information_schema.columns WHERE table_schema = CURRENT_SCHEMA() AND table_name = 'users' AND column_name = 'created_at') AND objoid = (SELECT oid FROM pg_catalog.pg_class WHERE relname = 'users' AND relnamespace = (SELECT oid FROM pg_catalog.pg_namespace WHERE nspname = CURRENT_SCHEMA()))

2025/02/13 14:38:41 /home/bryan/repos/skripsi/backend/setup/setup.go:78
[5.239ms] [rows:0] SELECT description FROM pg_catalog.pg_description WHERE objsubid = (SELECT ordinal_position FROM information_schema.columns WHERE table_schema = CURRENT_SCHEMA() AND table_name = 'users' AND column_name = 'updated_at') AND objoid = (SELECT oid FROM pg_catalog.pg_class WHERE relname = 'users' AND relnamespace = (SELECT oid FROM pg_catalog.pg_namespace WHERE nspname = CURRENT_SCHEMA()))

2025/02/13 14:38:41 /home/bryan/repos/skripsi/backend/setup/setup.go:78
[5.098ms] [rows:0] SELECT description FROM pg_catalog.pg_description WHERE objsubid = (SELECT ordinal_position FROM information_schema.columns WHERE table_schema = CURRENT_SCHEMA() AND table_name = 'users' AND column_name = 'deleted_at') AND objoid = (SELECT oid FROM pg_catalog.pg_class WHERE relname = 'users' AND relnamespace = (SELECT oid FROM pg_catalog.pg_namespace WHERE nspname = CURRENT_SCHEMA()))

2025/02/13 14:38:41 /home/bryan/repos/skripsi/backend/setup/setup.go:78
[1.347ms] [rows:0] SELECT description FROM pg_catalog.pg_description WHERE objsubid = (SELECT ordinal_position FROM information_schema.columns WHERE table_schema = CURRENT_SCHEMA() AND table_name = 'users' AND column_name = 'name') AND objoid = (SELECT oid FROM pg_catalog.pg_class WHERE relname = 'users' AND relnamespace = (SELECT oid FROM pg_catalog.pg_namespace WHERE nspname = CURRENT_SCHEMA()))

2025/02/13 14:38:41 /home/bryan/repos/skripsi/backend/setup/setup.go:78
[1.212ms] [rows:0] SELECT description FROM pg_catalog.pg_description WHERE objsubid = (SELECT ordinal_position FROM information_schema.columns WHERE table_schema = CURRENT_SCHEMA() AND table_name = 'users' AND column_name = 'email') AND objoid = (SELECT oid FROM pg_catalog.pg_class WHERE relname = 'users' AND relnamespace = (SELECT oid FROM pg_catalog.pg_namespace WHERE nspname = CURRENT_SCHEMA()))

2025/02/13 14:38:41 /home/bryan/repos/skripsi/backend/setup/setup.go:78
[1.201ms] [rows:0] SELECT description FROM pg_catalog.pg_description WHERE objsubid = (SELECT ordinal_position FROM information_schema.columns WHERE table_schema = CURRENT_SCHEMA() AND table_name = 'users' AND column_name = 'password') AND objoid = (SELECT oid FROM pg_catalog.pg_class WHERE relname = 'users' AND relnamespace = (SELECT oid FROM pg_catalog.pg_namespace WHERE nspname = CURRENT_SCHEMA()))

2025/02/13 14:38:41 /home/bryan/repos/skripsi/backend/setup/setup.go:78
[1.291ms] [rows:0] SELECT description FROM pg_catalog.pg_description WHERE objsubid = (SELECT ordinal_position FROM information_schema.columns WHERE table_schema = CURRENT_SCHEMA() AND table_name = 'users' AND column_name = 'image_url') AND objoid = (SELECT oid FROM pg_catalog.pg_class WHERE relname = 'users' AND relnamespace = (SELECT oid FROM pg_catalog.pg_namespace WHERE nspname = CURRENT_SCHEMA()))

2025/02/13 14:38:41 /home/bryan/repos/skripsi/backend/setup/setup.go:78
[1.312ms] [rows:0] SELECT description FROM pg_catalog.pg_description WHERE objsubid = (SELECT ordinal_position FROM information_schema.columns WHERE table_schema = CURRENT_SCHEMA() AND table_name = 'users' AND column_name = 'role_id') AND objoid = (SELECT oid FROM pg_catalog.pg_class WHERE relname = 'users' AND relnamespace = (SELECT oid FROM pg_catalog.pg_namespace WHERE nspname = CURRENT_SCHEMA()))

2025/02/13 14:38:41 /home/bryan/repos/skripsi/backend/setup/setup.go:78
[4.328ms] [rows:1] SELECT count(*) FROM INFORMATION_SCHEMA.table_constraints WHERE table_schema = CURRENT_SCHEMA() AND table_name = 'users' AND constraint_name = 'fk_roles_users'

2025/02/13 14:38:41 /home/bryan/repos/skripsi/backend/setup/setup.go:78
[5.481ms] [rows:1] SELECT count(*) FROM pg_indexes WHERE tablename = 'users' AND indexname = 'idx_users_deleted_at' AND schemaname = CURRENT_SCHEMA()

2025/02/13 14:38:41 /home/bryan/repos/skripsi/backend/setup/setup.go:78
[2.115ms] [rows:1] SELECT count(*) FROM information_schema.tables WHERE table_schema = CURRENT_SCHEMA() AND table_name = 'vet_specialties' AND table_type = 'BASE TABLE'

2025/02/13 14:38:41 /home/bryan/repos/skripsi/backend/setup/setup.go:78
[0.837ms] [rows:1] SELECT CURRENT_DATABASE()

2025/02/13 14:38:41 /home/bryan/repos/skripsi/backend/setup/setup.go:78
[10.590ms] [rows:-] SELECT c.column_name, c.is_nullable = 'YES', c.udt_name, c.character_maximum_length, c.numeric_precision, c.numeric_precision_radix, c.numeric_scale, c.datetime_precision, 8 * typlen, c.column_default, pd.description, c.identity_increment FROM information_schema.columns AS c JOIN pg_type AS pgt ON c.udt_name = pgt.typname LEFT JOIN pg_catalog.pg_description as pd ON pd.objsubid = c.ordinal_position AND pd.objoid = (SELECT oid FROM pg_catalog.pg_class WHERE relname = c.table_name AND relnamespace = (SELECT oid FROM pg_catalog.pg_namespace WHERE nspname = c.table_schema)) where table_catalog = $1$ AND table_schema = CURRENT_SCHEMA() AND table_name = $2$

2025/02/13 14:38:41 /home/bryan/repos/skripsi/backend/setup/setup.go:78
[1.094ms] [rows:-] SELECT * FROM "vet_specialties" LIMIT $1$

2025/02/13 14:38:41 /home/bryan/repos/skripsi/backend/setup/setup.go:78
[15.047ms] [rows:-] SELECT constraint_name FROM information_schema.table_constraints tc JOIN information_schema.constraint_column_usage AS ccu USING (constraint_schema, constraint_catalog, table_name, constraint_name) JOIN information_schema.columns AS c ON c.table_schema = tc.constraint_schema AND tc.table_name = c.table_name AND ccu.column_name = c.column_name WHERE constraint_type IN ('PRIMARY KEY', 'UNIQUE') AND c.table_catalog = $1$ AND c.table_schema = CURRENT_SCHEMA() AND c.table_name = $2$ AND constraint_type = $3$

2025/02/13 14:38:41 /home/bryan/repos/skripsi/backend/setup/setup.go:78
[15.013ms] [rows:-] SELECT c.column_name, constraint_name, constraint_type FROM information_schema.table_constraints tc JOIN information_schema.constraint_column_usage AS ccu USING (constraint_schema, constraint_catalog, table_name, constraint_name) JOIN information_schema.columns AS c ON c.table_schema = tc.constraint_schema AND tc.table_name = c.table_name AND ccu.column_name = c.column_name WHERE constraint_type IN ('PRIMARY KEY', 'UNIQUE') AND c.table_catalog = $1$ AND c.table_schema = CURRENT_SCHEMA() AND c.table_name = $2$

2025/02/13 14:38:41 /home/bryan/repos/skripsi/backend/setup/setup.go:78
[1.577ms] [rows:-] SELECT a.attname as column_name, format_type(a.atttypid, a.atttypmod) AS data_type
		FROM pg_attribute a JOIN pg_class b ON a.attrelid = b.oid AND relnamespace = (SELECT oid FROM pg_catalog.pg_namespace WHERE nspname = CURRENT_SCHEMA())
		WHERE a.attnum > 0 -- hide internal columns
		AND NOT a.attisdropped -- hide deleted columns
		AND b.relname = $1$

2025/02/13 14:38:41 /home/bryan/repos/skripsi/backend/setup/setup.go:78
[1.273ms] [rows:0] SELECT description FROM pg_catalog.pg_description WHERE objsubid = (SELECT ordinal_position FROM information_schema.columns WHERE table_schema = CURRENT_SCHEMA() AND table_name = 'vet_specialties' AND column_name = 'id') AND objoid = (SELECT oid FROM pg_catalog.pg_class WHERE relname = 'vet_specialties' AND relnamespace = (SELECT oid FROM pg_catalog.pg_namespace WHERE nspname = CURRENT_SCHEMA()))

2025/02/13 14:38:41 /home/bryan/repos/skripsi/backend/setup/setup.go:78
[1.385ms] [rows:0] SELECT description FROM pg_catalog.pg_description WHERE objsubid = (SELECT ordinal_position FROM information_schema.columns WHERE table_schema = CURRENT_SCHEMA() AND table_name = 'vet_specialties' AND column_name = 'name') AND objoid = (SELECT oid FROM pg_catalog.pg_class WHERE relname = 'vet_specialties' AND relnamespace = (SELECT oid FROM pg_catalog.pg_namespace WHERE nspname = CURRENT_SCHEMA()))

2025/02/13 14:38:41 /home/bryan/repos/skripsi/backend/setup/setup.go:78
[2.169ms] [rows:1] SELECT count(*) FROM information_schema.tables WHERE table_schema = CURRENT_SCHEMA() AND table_name = 'user_vet_specialties' AND table_type = 'BASE TABLE'

2025/02/13 14:38:41 /home/bryan/repos/skripsi/backend/setup/setup.go:78
[0.797ms] [rows:1] SELECT CURRENT_DATABASE()

2025/02/13 14:38:41 /home/bryan/repos/skripsi/backend/setup/setup.go:78
[10.456ms] [rows:-] SELECT c.column_name, c.is_nullable = 'YES', c.udt_name, c.character_maximum_length, c.numeric_precision, c.numeric_precision_radix, c.numeric_scale, c.datetime_precision, 8 * typlen, c.column_default, pd.description, c.identity_increment FROM information_schema.columns AS c JOIN pg_type AS pgt ON c.udt_name = pgt.typname LEFT JOIN pg_catalog.pg_description as pd ON pd.objsubid = c.ordinal_position AND pd.objoid = (SELECT oid FROM pg_catalog.pg_class WHERE relname = c.table_name AND relnamespace = (SELECT oid FROM pg_catalog.pg_namespace WHERE nspname = c.table_schema)) where table_catalog = $1$ AND table_schema = CURRENT_SCHEMA() AND table_name = $2$

2025/02/13 14:38:41 /home/bryan/repos/skripsi/backend/setup/setup.go:78
[0.962ms] [rows:-] SELECT * FROM "user_vet_specialties" LIMIT $1$

2025/02/13 14:38:41 /home/bryan/repos/skripsi/backend/setup/setup.go:78
[16.901ms] [rows:-] SELECT constraint_name FROM information_schema.table_constraints tc JOIN information_schema.constraint_column_usage AS ccu USING (constraint_schema, constraint_catalog, table_name, constraint_name) JOIN information_schema.columns AS c ON c.table_schema = tc.constraint_schema AND tc.table_name = c.table_name AND ccu.column_name = c.column_name WHERE constraint_type IN ('PRIMARY KEY', 'UNIQUE') AND c.table_catalog = $1$ AND c.table_schema = CURRENT_SCHEMA() AND c.table_name = $2$ AND constraint_type = $3$

2025/02/13 14:38:41 /home/bryan/repos/skripsi/backend/setup/setup.go:78
[28.220ms] [rows:-] SELECT c.column_name, constraint_name, constraint_type FROM information_schema.table_constraints tc JOIN information_schema.constraint_column_usage AS ccu USING (constraint_schema, constraint_catalog, table_name, constraint_name) JOIN information_schema.columns AS c ON c.table_schema = tc.constraint_schema AND tc.table_name = c.table_name AND ccu.column_name = c.column_name WHERE constraint_type IN ('PRIMARY KEY', 'UNIQUE') AND c.table_catalog = $1$ AND c.table_schema = CURRENT_SCHEMA() AND c.table_name = $2$

2025/02/13 14:38:41 /home/bryan/repos/skripsi/backend/setup/setup.go:78
[2.697ms] [rows:-] SELECT a.attname as column_name, format_type(a.atttypid, a.atttypmod) AS data_type
		FROM pg_attribute a JOIN pg_class b ON a.attrelid = b.oid AND relnamespace = (SELECT oid FROM pg_catalog.pg_namespace WHERE nspname = CURRENT_SCHEMA())
		WHERE a.attnum > 0 -- hide internal columns
		AND NOT a.attisdropped -- hide deleted columns
		AND b.relname = $1$

2025/02/13 14:38:41 /home/bryan/repos/skripsi/backend/setup/setup.go:78
[2.621ms] [rows:0] SELECT description FROM pg_catalog.pg_description WHERE objsubid = (SELECT ordinal_position FROM information_schema.columns WHERE table_schema = CURRENT_SCHEMA() AND table_name = 'user_vet_specialties' AND column_name = 'user_id') AND objoid = (SELECT oid FROM pg_catalog.pg_class WHERE relname = 'user_vet_specialties' AND relnamespace = (SELECT oid FROM pg_catalog.pg_namespace WHERE nspname = CURRENT_SCHEMA()))

2025/02/13 14:38:41 /home/bryan/repos/skripsi/backend/setup/setup.go:78
[2.583ms] [rows:0] SELECT description FROM pg_catalog.pg_description WHERE objsubid = (SELECT ordinal_position FROM information_schema.columns WHERE table_schema = CURRENT_SCHEMA() AND table_name = 'user_vet_specialties' AND column_name = 'vet_specialty_id') AND objoid = (SELECT oid FROM pg_catalog.pg_class WHERE relname = 'user_vet_specialties' AND relnamespace = (SELECT oid FROM pg_catalog.pg_namespace WHERE nspname = CURRENT_SCHEMA()))

2025/02/13 14:38:41 /home/bryan/repos/skripsi/backend/setup/setup.go:78
[6.329ms] [rows:1] SELECT count(*) FROM INFORMATION_SCHEMA.table_constraints WHERE table_schema = CURRENT_SCHEMA() AND table_name = 'user_vet_specialties' AND constraint_name = 'fk_user_vet_specialties_user'

2025/02/13 14:38:41 /home/bryan/repos/skripsi/backend/setup/setup.go:78
[6.540ms] [rows:1] SELECT count(*) FROM INFORMATION_SCHEMA.table_constraints WHERE table_schema = CURRENT_SCHEMA() AND table_name = 'user_vet_specialties' AND constraint_name = 'fk_user_vet_specialties_vet_specialty'

2025/02/13 14:38:41 /home/bryan/repos/skripsi/backend/setup/setup.go:78
[4.027ms] [rows:1] SELECT count(*) FROM information_schema.tables WHERE table_schema = CURRENT_SCHEMA() AND table_name = 'daily_walks' AND table_type = 'BASE TABLE'

2025/02/13 14:38:41 /home/bryan/repos/skripsi/backend/setup/setup.go:78
[1.569ms] [rows:1] SELECT CURRENT_DATABASE()

2025/02/13 14:38:41 /home/bryan/repos/skripsi/backend/setup/setup.go:78
[19.679ms] [rows:-] SELECT c.column_name, c.is_nullable = 'YES', c.udt_name, c.character_maximum_length, c.numeric_precision, c.numeric_precision_radix, c.numeric_scale, c.datetime_precision, 8 * typlen, c.column_default, pd.description, c.identity_increment FROM information_schema.columns AS c JOIN pg_type AS pgt ON c.udt_name = pgt.typname LEFT JOIN pg_catalog.pg_description as pd ON pd.objsubid = c.ordinal_position AND pd.objoid = (SELECT oid FROM pg_catalog.pg_class WHERE relname = c.table_name AND relnamespace = (SELECT oid FROM pg_catalog.pg_namespace WHERE nspname = c.table_schema)) where table_catalog = $1$ AND table_schema = CURRENT_SCHEMA() AND table_name = $2$

2025/02/13 14:38:41 /home/bryan/repos/skripsi/backend/setup/setup.go:78
[1.642ms] [rows:-] SELECT * FROM "daily_walks" LIMIT $1$

2025/02/13 14:38:41 /home/bryan/repos/skripsi/backend/setup/setup.go:78
[28.508ms] [rows:-] SELECT constraint_name FROM information_schema.table_constraints tc JOIN information_schema.constraint_column_usage AS ccu USING (constraint_schema, constraint_catalog, table_name, constraint_name) JOIN information_schema.columns AS c ON c.table_schema = tc.constraint_schema AND tc.table_name = c.table_name AND ccu.column_name = c.column_name WHERE constraint_type IN ('PRIMARY KEY', 'UNIQUE') AND c.table_catalog = $1$ AND c.table_schema = CURRENT_SCHEMA() AND c.table_name = $2$ AND constraint_type = $3$

2025/02/13 14:38:41 /home/bryan/repos/skripsi/backend/setup/setup.go:78
[28.223ms] [rows:-] SELECT c.column_name, constraint_name, constraint_type FROM information_schema.table_constraints tc JOIN information_schema.constraint_column_usage AS ccu USING (constraint_schema, constraint_catalog, table_name, constraint_name) JOIN information_schema.columns AS c ON c.table_schema = tc.constraint_schema AND tc.table_name = c.table_name AND ccu.column_name = c.column_name WHERE constraint_type IN ('PRIMARY KEY', 'UNIQUE') AND c.table_catalog = $1$ AND c.table_schema = CURRENT_SCHEMA() AND c.table_name = $2$

2025/02/13 14:38:41 /home/bryan/repos/skripsi/backend/setup/setup.go:78
[2.333ms] [rows:-] SELECT a.attname as column_name, format_type(a.atttypid, a.atttypmod) AS data_type
		FROM pg_attribute a JOIN pg_class b ON a.attrelid = b.oid AND relnamespace = (SELECT oid FROM pg_catalog.pg_namespace WHERE nspname = CURRENT_SCHEMA())
		WHERE a.attnum > 0 -- hide internal columns
		AND NOT a.attisdropped -- hide deleted columns
		AND b.relname = $1$

2025/02/13 14:38:41 /home/bryan/repos/skripsi/backend/setup/setup.go:78
[1.833ms] [rows:0] SELECT description FROM pg_catalog.pg_description WHERE objsubid = (SELECT ordinal_position FROM information_schema.columns WHERE table_schema = CURRENT_SCHEMA() AND table_name = 'daily_walks' AND column_name = 'id') AND objoid = (SELECT oid FROM pg_catalog.pg_class WHERE relname = 'daily_walks' AND relnamespace = (SELECT oid FROM pg_catalog.pg_namespace WHERE nspname = CURRENT_SCHEMA()))

2025/02/13 14:38:41 /home/bryan/repos/skripsi/backend/setup/setup.go:78
[1.802ms] [rows:0] SELECT description FROM pg_catalog.pg_description WHERE objsubid = (SELECT ordinal_position FROM information_schema.columns WHERE table_schema = CURRENT_SCHEMA() AND table_name = 'daily_walks' AND column_name = 'name') AND objoid = (SELECT oid FROM pg_catalog.pg_class WHERE relname = 'daily_walks' AND relnamespace = (SELECT oid FROM pg_catalog.pg_namespace WHERE nspname = CURRENT_SCHEMA()))

2025/02/13 14:38:41 /home/bryan/repos/skripsi/backend/setup/setup.go:78
[3.023ms] [rows:1] SELECT count(*) FROM information_schema.tables WHERE table_schema = CURRENT_SCHEMA() AND table_name = 'daily_playtimes' AND table_type = 'BASE TABLE'

2025/02/13 14:38:41 /home/bryan/repos/skripsi/backend/setup/setup.go:78
[1.153ms] [rows:1] SELECT CURRENT_DATABASE()

2025/02/13 14:38:41 /home/bryan/repos/skripsi/backend/setup/setup.go:78
[15.776ms] [rows:-] SELECT c.column_name, c.is_nullable = 'YES', c.udt_name, c.character_maximum_length, c.numeric_precision, c.numeric_precision_radix, c.numeric_scale, c.datetime_precision, 8 * typlen, c.column_default, pd.description, c.identity_increment FROM information_schema.columns AS c JOIN pg_type AS pgt ON c.udt_name = pgt.typname LEFT JOIN pg_catalog.pg_description as pd ON pd.objsubid = c.ordinal_position AND pd.objoid = (SELECT oid FROM pg_catalog.pg_class WHERE relname = c.table_name AND relnamespace = (SELECT oid FROM pg_catalog.pg_namespace WHERE nspname = c.table_schema)) where table_catalog = $1$ AND table_schema = CURRENT_SCHEMA() AND table_name = $2$

2025/02/13 14:38:41 /home/bryan/repos/skripsi/backend/setup/setup.go:78
[1.244ms] [rows:-] SELECT * FROM "daily_playtimes" LIMIT $1$

2025/02/13 14:38:41 /home/bryan/repos/skripsi/backend/setup/setup.go:78
[20.585ms] [rows:-] SELECT constraint_name FROM information_schema.table_constraints tc JOIN information_schema.constraint_column_usage AS ccu USING (constraint_schema, constraint_catalog, table_name, constraint_name) JOIN information_schema.columns AS c ON c.table_schema = tc.constraint_schema AND tc.table_name = c.table_name AND ccu.column_name = c.column_name WHERE constraint_type IN ('PRIMARY KEY', 'UNIQUE') AND c.table_catalog = $1$ AND c.table_schema = CURRENT_SCHEMA() AND c.table_name = $2$ AND constraint_type = $3$

2025/02/13 14:38:42 /home/bryan/repos/skripsi/backend/setup/setup.go:78
[22.223ms] [rows:-] SELECT c.column_name, constraint_name, constraint_type FROM information_schema.table_constraints tc JOIN information_schema.constraint_column_usage AS ccu USING (constraint_schema, constraint_catalog, table_name, constraint_name) JOIN information_schema.columns AS c ON c.table_schema = tc.constraint_schema AND tc.table_name = c.table_name AND ccu.column_name = c.column_name WHERE constraint_type IN ('PRIMARY KEY', 'UNIQUE') AND c.table_catalog = $1$ AND c.table_schema = CURRENT_SCHEMA() AND c.table_name = $2$

2025/02/13 14:38:42 /home/bryan/repos/skripsi/backend/setup/setup.go:78
[2.253ms] [rows:-] SELECT a.attname as column_name, format_type(a.atttypid, a.atttypmod) AS data_type
		FROM pg_attribute a JOIN pg_class b ON a.attrelid = b.oid AND relnamespace = (SELECT oid FROM pg_catalog.pg_namespace WHERE nspname = CURRENT_SCHEMA())
		WHERE a.attnum > 0 -- hide internal columns
		AND NOT a.attisdropped -- hide deleted columns
		AND b.relname = $1$

2025/02/13 14:38:42 /home/bryan/repos/skripsi/backend/setup/setup.go:78
[2.017ms] [rows:0] SELECT description FROM pg_catalog.pg_description WHERE objsubid = (SELECT ordinal_position FROM information_schema.columns WHERE table_schema = CURRENT_SCHEMA() AND table_name = 'daily_playtimes' AND column_name = 'id') AND objoid = (SELECT oid FROM pg_catalog.pg_class WHERE relname = 'daily_playtimes' AND relnamespace = (SELECT oid FROM pg_catalog.pg_namespace WHERE nspname = CURRENT_SCHEMA()))

2025/02/13 14:38:42 /home/bryan/repos/skripsi/backend/setup/setup.go:78
[1.999ms] [rows:0] SELECT description FROM pg_catalog.pg_description WHERE objsubid = (SELECT ordinal_position FROM information_schema.columns WHERE table_schema = CURRENT_SCHEMA() AND table_name = 'daily_playtimes' AND column_name = 'name') AND objoid = (SELECT oid FROM pg_catalog.pg_class WHERE relname = 'daily_playtimes' AND relnamespace = (SELECT oid FROM pg_catalog.pg_namespace WHERE nspname = CURRENT_SCHEMA()))

2025/02/13 14:38:42 /home/bryan/repos/skripsi/backend/setup/setup.go:78
[1.344ms] [rows:1] SELECT count(*) FROM information_schema.tables WHERE table_schema = CURRENT_SCHEMA() AND table_name = 'pet_daycares' AND table_type = 'BASE TABLE'

2025/02/13 14:38:42 /home/bryan/repos/skripsi/backend/setup/setup.go:78
[0.919ms] [rows:1] SELECT CURRENT_DATABASE()

2025/02/13 14:38:42 /home/bryan/repos/skripsi/backend/setup/setup.go:78
[6.184ms] [rows:-] SELECT c.column_name, c.is_nullable = 'YES', c.udt_name, c.character_maximum_length, c.numeric_precision, c.numeric_precision_radix, c.numeric_scale, c.datetime_precision, 8 * typlen, c.column_default, pd.description, c.identity_increment FROM information_schema.columns AS c JOIN pg_type AS pgt ON c.udt_name = pgt.typname LEFT JOIN pg_catalog.pg_description as pd ON pd.objsubid = c.ordinal_position AND pd.objoid = (SELECT oid FROM pg_catalog.pg_class WHERE relname = c.table_name AND relnamespace = (SELECT oid FROM pg_catalog.pg_namespace WHERE nspname = c.table_schema)) where table_catalog = $1$ AND table_schema = CURRENT_SCHEMA() AND table_name = $2$

2025/02/13 14:38:42 /home/bryan/repos/skripsi/backend/setup/setup.go:78
[1.547ms] [rows:-] SELECT * FROM "pet_daycares" LIMIT $1$

2025/02/13 14:38:42 /home/bryan/repos/skripsi/backend/setup/setup.go:78
[8.738ms] [rows:-] SELECT constraint_name FROM information_schema.table_constraints tc JOIN information_schema.constraint_column_usage AS ccu USING (constraint_schema, constraint_catalog, table_name, constraint_name) JOIN information_schema.columns AS c ON c.table_schema = tc.constraint_schema AND tc.table_name = c.table_name AND ccu.column_name = c.column_name WHERE constraint_type IN ('PRIMARY KEY', 'UNIQUE') AND c.table_catalog = $1$ AND c.table_schema = CURRENT_SCHEMA() AND c.table_name = $2$ AND constraint_type = $3$

2025/02/13 14:38:42 /home/bryan/repos/skripsi/backend/setup/setup.go:78
[8.762ms] [rows:-] SELECT c.column_name, constraint_name, constraint_type FROM information_schema.table_constraints tc JOIN information_schema.constraint_column_usage AS ccu USING (constraint_schema, constraint_catalog, table_name, constraint_name) JOIN information_schema.columns AS c ON c.table_schema = tc.constraint_schema AND tc.table_name = c.table_name AND ccu.column_name = c.column_name WHERE constraint_type IN ('PRIMARY KEY', 'UNIQUE') AND c.table_catalog = $1$ AND c.table_schema = CURRENT_SCHEMA() AND c.table_name = $2$

2025/02/13 14:38:42 /home/bryan/repos/skripsi/backend/setup/setup.go:78
[1.376ms] [rows:-] SELECT a.attname as column_name, format_type(a.atttypid, a.atttypmod) AS data_type
		FROM pg_attribute a JOIN pg_class b ON a.attrelid = b.oid AND relnamespace = (SELECT oid FROM pg_catalog.pg_namespace WHERE nspname = CURRENT_SCHEMA())
		WHERE a.attnum > 0 -- hide internal columns
		AND NOT a.attisdropped -- hide deleted columns
		AND b.relname = $1$

2025/02/13 14:38:42 /home/bryan/repos/skripsi/backend/setup/setup.go:78
[1.913ms] [rows:0] SELECT description FROM pg_catalog.pg_description WHERE objsubid = (SELECT ordinal_position FROM information_schema.columns WHERE table_schema = CURRENT_SCHEMA() AND table_name = 'pet_daycares' AND column_name = 'id') AND objoid = (SELECT oid FROM pg_catalog.pg_class WHERE relname = 'pet_daycares' AND relnamespace = (SELECT oid FROM pg_catalog.pg_namespace WHERE nspname = CURRENT_SCHEMA()))

2025/02/13 14:38:42 /home/bryan/repos/skripsi/backend/setup/setup.go:78
[3.319ms] [rows:0] SELECT description FROM pg_catalog.pg_description WHERE objsubid = (SELECT ordinal_position FROM information_schema.columns WHERE table_schema = CURRENT_SCHEMA() AND table_name = 'pet_daycares' AND column_name = 'created_at') AND objoid = (SELECT oid FROM pg_catalog.pg_class WHERE relname = 'pet_daycares' AND relnamespace = (SELECT oid FROM pg_catalog.pg_namespace WHERE nspname = CURRENT_SCHEMA()))

2025/02/13 14:38:42 /home/bryan/repos/skripsi/backend/setup/setup.go:78
[2.509ms] [rows:0] SELECT description FROM pg_catalog.pg_description WHERE objsubid = (SELECT ordinal_position FROM information_schema.columns WHERE table_schema = CURRENT_SCHEMA() AND table_name = 'pet_daycares' AND column_name = 'updated_at') AND objoid = (SELECT oid FROM pg_catalog.pg_class WHERE relname = 'pet_daycares' AND relnamespace = (SELECT oid FROM pg_catalog.pg_namespace WHERE nspname = CURRENT_SCHEMA()))

2025/02/13 14:38:42 /home/bryan/repos/skripsi/backend/setup/setup.go:78
[2.280ms] [rows:0] SELECT description FROM pg_catalog.pg_description WHERE objsubid = (SELECT ordinal_position FROM information_schema.columns WHERE table_schema = CURRENT_SCHEMA() AND table_name = 'pet_daycares' AND column_name = 'deleted_at') AND objoid = (SELECT oid FROM pg_catalog.pg_class WHERE relname = 'pet_daycares' AND relnamespace = (SELECT oid FROM pg_catalog.pg_namespace WHERE nspname = CURRENT_SCHEMA()))

2025/02/13 14:38:42 /home/bryan/repos/skripsi/backend/setup/setup.go:78
[2.202ms] [rows:0] SELECT description FROM pg_catalog.pg_description WHERE objsubid = (SELECT ordinal_position FROM information_schema.columns WHERE table_schema = CURRENT_SCHEMA() AND table_name = 'pet_daycares' AND column_name = 'name') AND objoid = (SELECT oid FROM pg_catalog.pg_class WHERE relname = 'pet_daycares' AND relnamespace = (SELECT oid FROM pg_catalog.pg_namespace WHERE nspname = CURRENT_SCHEMA()))

2025/02/13 14:38:42 /home/bryan/repos/skripsi/backend/setup/setup.go:78
[2.235ms] [rows:0] SELECT description FROM pg_catalog.pg_description WHERE objsubid = (SELECT ordinal_position FROM information_schema.columns WHERE table_schema = CURRENT_SCHEMA() AND table_name = 'pet_daycares' AND column_name = 'address') AND objoid = (SELECT oid FROM pg_catalog.pg_class WHERE relname = 'pet_daycares' AND relnamespace = (SELECT oid FROM pg_catalog.pg_namespace WHERE nspname = CURRENT_SCHEMA()))

2025/02/13 14:38:42 /home/bryan/repos/skripsi/backend/setup/setup.go:78
[2.247ms] [rows:0] SELECT description FROM pg_catalog.pg_description WHERE objsubid = (SELECT ordinal_position FROM information_schema.columns WHERE table_schema = CURRENT_SCHEMA() AND table_name = 'pet_daycares' AND column_name = 'latitude') AND objoid = (SELECT oid FROM pg_catalog.pg_class WHERE relname = 'pet_daycares' AND relnamespace = (SELECT oid FROM pg_catalog.pg_namespace WHERE nspname = CURRENT_SCHEMA()))

2025/02/13 14:38:42 /home/bryan/repos/skripsi/backend/setup/setup.go:78
[2.309ms] [rows:0] SELECT description FROM pg_catalog.pg_description WHERE objsubid = (SELECT ordinal_position FROM information_schema.columns WHERE table_schema = CURRENT_SCHEMA() AND table_name = 'pet_daycares' AND column_name = 'longitude') AND objoid = (SELECT oid FROM pg_catalog.pg_class WHERE relname = 'pet_daycares' AND relnamespace = (SELECT oid FROM pg_catalog.pg_namespace WHERE nspname = CURRENT_SCHEMA()))

2025/02/13 14:38:42 /home/bryan/repos/skripsi/backend/setup/setup.go:78
[2.275ms] [rows:0] SELECT description FROM pg_catalog.pg_description WHERE objsubid = (SELECT ordinal_position FROM information_schema.columns WHERE table_schema = CURRENT_SCHEMA() AND table_name = 'pet_daycares' AND column_name = 'price') AND objoid = (SELECT oid FROM pg_catalog.pg_class WHERE relname = 'pet_daycares' AND relnamespace = (SELECT oid FROM pg_catalog.pg_namespace WHERE nspname = CURRENT_SCHEMA()))

2025/02/13 14:38:42 /home/bryan/repos/skripsi/backend/setup/setup.go:78
[2.278ms] [rows:0] SELECT description FROM pg_catalog.pg_description WHERE objsubid = (SELECT ordinal_position FROM information_schema.columns WHERE table_schema = CURRENT_SCHEMA() AND table_name = 'pet_daycares' AND column_name = 'pricing_type') AND objoid = (SELECT oid FROM pg_catalog.pg_class WHERE relname = 'pet_daycares' AND relnamespace = (SELECT oid FROM pg_catalog.pg_namespace WHERE nspname = CURRENT_SCHEMA()))

2025/02/13 14:38:42 /home/bryan/repos/skripsi/backend/setup/setup.go:78
[2.233ms] [rows:0] SELECT description FROM pg_catalog.pg_description WHERE objsubid = (SELECT ordinal_position FROM information_schema.columns WHERE table_schema = CURRENT_SCHEMA() AND table_name = 'pet_daycares' AND column_name = 'description') AND objoid = (SELECT oid FROM pg_catalog.pg_class WHERE relname = 'pet_daycares' AND relnamespace = (SELECT oid FROM pg_catalog.pg_namespace WHERE nspname = CURRENT_SCHEMA()))

2025/02/13 14:38:42 /home/bryan/repos/skripsi/backend/setup/setup.go:78
[2.359ms] [rows:0] SELECT description FROM pg_catalog.pg_description WHERE objsubid = (SELECT ordinal_position FROM information_schema.columns WHERE table_schema = CURRENT_SCHEMA() AND table_name = 'pet_daycares' AND column_name = 'has_pickup_service') AND objoid = (SELECT oid FROM pg_catalog.pg_class WHERE relname = 'pet_daycares' AND relnamespace = (SELECT oid FROM pg_catalog.pg_namespace WHERE nspname = CURRENT_SCHEMA()))

2025/02/13 14:38:42 /home/bryan/repos/skripsi/backend/setup/setup.go:78
[2.280ms] [rows:0] SELECT description FROM pg_catalog.pg_description WHERE objsubid = (SELECT ordinal_position FROM information_schema.columns WHERE table_schema = CURRENT_SCHEMA() AND table_name = 'pet_daycares' AND column_name = 'must_be_vaccinated') AND objoid = (SELECT oid FROM pg_catalog.pg_class WHERE relname = 'pet_daycares' AND relnamespace = (SELECT oid FROM pg_catalog.pg_namespace WHERE nspname = CURRENT_SCHEMA()))

2025/02/13 14:38:42 /home/bryan/repos/skripsi/backend/setup/setup.go:78
[2.206ms] [rows:0] SELECT description FROM pg_catalog.pg_description WHERE objsubid = (SELECT ordinal_position FROM information_schema.columns WHERE table_schema = CURRENT_SCHEMA() AND table_name = 'pet_daycares' AND column_name = 'food_provided') AND objoid = (SELECT oid FROM pg_catalog.pg_class WHERE relname = 'pet_daycares' AND relnamespace = (SELECT oid FROM pg_catalog.pg_namespace WHERE nspname = CURRENT_SCHEMA()))

2025/02/13 14:38:42 /home/bryan/repos/skripsi/backend/setup/setup.go:78
[2.333ms] [rows:0] SELECT description FROM pg_catalog.pg_description WHERE objsubid = (SELECT ordinal_position FROM information_schema.columns WHERE table_schema = CURRENT_SCHEMA() AND table_name = 'pet_daycares' AND column_name = 'grooming_available') AND objoid = (SELECT oid FROM pg_catalog.pg_class WHERE relname = 'pet_daycares' AND relnamespace = (SELECT oid FROM pg_catalog.pg_namespace WHERE nspname = CURRENT_SCHEMA()))

2025/02/13 14:38:42 /home/bryan/repos/skripsi/backend/setup/setup.go:78
[2.233ms] [rows:0] SELECT description FROM pg_catalog.pg_description WHERE objsubid = (SELECT ordinal_position FROM information_schema.columns WHERE table_schema = CURRENT_SCHEMA() AND table_name = 'pet_daycares' AND column_name = 'booked_num') AND objoid = (SELECT oid FROM pg_catalog.pg_class WHERE relname = 'pet_daycares' AND relnamespace = (SELECT oid FROM pg_catalog.pg_namespace WHERE nspname = CURRENT_SCHEMA()))

2025/02/13 14:38:42 /home/bryan/repos/skripsi/backend/setup/setup.go:78
[2.177ms] [rows:0] SELECT description FROM pg_catalog.pg_description WHERE objsubid = (SELECT ordinal_position FROM information_schema.columns WHERE table_schema = CURRENT_SCHEMA() AND table_name = 'pet_daycares' AND column_name = 'daily_walks_id') AND objoid = (SELECT oid FROM pg_catalog.pg_class WHERE relname = 'pet_daycares' AND relnamespace = (SELECT oid FROM pg_catalog.pg_namespace WHERE nspname = CURRENT_SCHEMA()))

2025/02/13 14:38:42 /home/bryan/repos/skripsi/backend/setup/setup.go:78
[2.195ms] [rows:0] SELECT description FROM pg_catalog.pg_description WHERE objsubid = (SELECT ordinal_position FROM information_schema.columns WHERE table_schema = CURRENT_SCHEMA() AND table_name = 'pet_daycares' AND column_name = 'daily_playtime_id') AND objoid = (SELECT oid FROM pg_catalog.pg_class WHERE relname = 'pet_daycares' AND relnamespace = (SELECT oid FROM pg_catalog.pg_namespace WHERE nspname = CURRENT_SCHEMA()))

2025/02/13 14:38:42 /home/bryan/repos/skripsi/backend/setup/setup.go:78
[2.040ms] [rows:0] SELECT description FROM pg_catalog.pg_description WHERE objsubid = (SELECT ordinal_position FROM information_schema.columns WHERE table_schema = CURRENT_SCHEMA() AND table_name = 'pet_daycares' AND column_name = 'owner_id') AND objoid = (SELECT oid FROM pg_catalog.pg_class WHERE relname = 'pet_daycares' AND relnamespace = (SELECT oid FROM pg_catalog.pg_namespace WHERE nspname = CURRENT_SCHEMA()))

2025/02/13 14:38:42 /home/bryan/repos/skripsi/backend/setup/setup.go:78
[2.171ms] [rows:0] SELECT description FROM pg_catalog.pg_description WHERE objsubid = (SELECT ordinal_position FROM information_schema.columns WHERE table_schema = CURRENT_SCHEMA() AND table_name = 'pet_daycares' AND column_name = 'food_brand') AND objoid = (SELECT oid FROM pg_catalog.pg_class WHERE relname = 'pet_daycares' AND relnamespace = (SELECT oid FROM pg_catalog.pg_namespace WHERE nspname = CURRENT_SCHEMA()))

2025/02/13 14:38:42 /home/bryan/repos/skripsi/backend/setup/setup.go:78
[5.862ms] [rows:1] SELECT count(*) FROM INFORMATION_SCHEMA.table_constraints WHERE table_schema = CURRENT_SCHEMA() AND table_name = 'pet_daycares' AND constraint_name = 'fk_users_pet_daycare'

2025/02/13 14:38:42 /home/bryan/repos/skripsi/backend/setup/setup.go:78
[7.145ms] [rows:1] SELECT count(*) FROM INFORMATION_SCHEMA.table_constraints WHERE table_schema = CURRENT_SCHEMA() AND table_name = 'pet_daycares' AND constraint_name = 'fk_pet_daycares_daily_walks'

2025/02/13 14:38:42 /home/bryan/repos/skripsi/backend/setup/setup.go:78
[7.594ms] [rows:1] SELECT count(*) FROM INFORMATION_SCHEMA.table_constraints WHERE table_schema = CURRENT_SCHEMA() AND table_name = 'pet_daycares' AND constraint_name = 'fk_pet_daycares_daily_playtime'

2025/02/13 14:38:42 /home/bryan/repos/skripsi/backend/setup/setup.go:78
[5.481ms] [rows:1] SELECT count(*) FROM pg_indexes WHERE tablename = 'pet_daycares' AND indexname = 'idx_pet_daycares_deleted_at' AND schemaname = CURRENT_SCHEMA()

2025/02/13 14:38:42 /home/bryan/repos/skripsi/backend/setup/setup.go:78
[2.161ms] [rows:1] SELECT count(*) FROM information_schema.tables WHERE table_schema = CURRENT_SCHEMA() AND table_name = 'species' AND table_type = 'BASE TABLE'

2025/02/13 14:38:42 /home/bryan/repos/skripsi/backend/setup/setup.go:78
[1.576ms] [rows:1] SELECT CURRENT_DATABASE()

2025/02/13 14:38:42 /home/bryan/repos/skripsi/backend/setup/setup.go:78
[6.190ms] [rows:-] SELECT c.column_name, c.is_nullable = 'YES', c.udt_name, c.character_maximum_length, c.numeric_precision, c.numeric_precision_radix, c.numeric_scale, c.datetime_precision, 8 * typlen, c.column_default, pd.description, c.identity_increment FROM information_schema.columns AS c JOIN pg_type AS pgt ON c.udt_name = pgt.typname LEFT JOIN pg_catalog.pg_description as pd ON pd.objsubid = c.ordinal_position AND pd.objoid = (SELECT oid FROM pg_catalog.pg_class WHERE relname = c.table_name AND relnamespace = (SELECT oid FROM pg_catalog.pg_namespace WHERE nspname = c.table_schema)) where table_catalog = $1$ AND table_schema = CURRENT_SCHEMA() AND table_name = $2$

2025/02/13 14:38:42 /home/bryan/repos/skripsi/backend/setup/setup.go:78
[1.844ms] [rows:-] SELECT * FROM "species" LIMIT $1$

2025/02/13 14:38:42 /home/bryan/repos/skripsi/backend/setup/setup.go:78
[4.883ms] [rows:-] SELECT constraint_name FROM information_schema.table_constraints tc JOIN information_schema.constraint_column_usage AS ccu USING (constraint_schema, constraint_catalog, table_name, constraint_name) JOIN information_schema.columns AS c ON c.table_schema = tc.constraint_schema AND tc.table_name = c.table_name AND ccu.column_name = c.column_name WHERE constraint_type IN ('PRIMARY KEY', 'UNIQUE') AND c.table_catalog = $1$ AND c.table_schema = CURRENT_SCHEMA() AND c.table_name = $2$ AND constraint_type = $3$

2025/02/13 14:38:42 /home/bryan/repos/skripsi/backend/setup/setup.go:78
[5.005ms] [rows:-] SELECT c.column_name, constraint_name, constraint_type FROM information_schema.table_constraints tc JOIN information_schema.constraint_column_usage AS ccu USING (constraint_schema, constraint_catalog, table_name, constraint_name) JOIN information_schema.columns AS c ON c.table_schema = tc.constraint_schema AND tc.table_name = c.table_name AND ccu.column_name = c.column_name WHERE constraint_type IN ('PRIMARY KEY', 'UNIQUE') AND c.table_catalog = $1$ AND c.table_schema = CURRENT_SCHEMA() AND c.table_name = $2$

2025/02/13 14:38:42 /home/bryan/repos/skripsi/backend/setup/setup.go:78
[2.111ms] [rows:-] SELECT a.attname as column_name, format_type(a.atttypid, a.atttypmod) AS data_type
		FROM pg_attribute a JOIN pg_class b ON a.attrelid = b.oid AND relnamespace = (SELECT oid FROM pg_catalog.pg_namespace WHERE nspname = CURRENT_SCHEMA())
		WHERE a.attnum > 0 -- hide internal columns
		AND NOT a.attisdropped -- hide deleted columns
		AND b.relname = $1$

2025/02/13 14:38:42 /home/bryan/repos/skripsi/backend/setup/setup.go:78
[2.960ms] [rows:0] SELECT description FROM pg_catalog.pg_description WHERE objsubid = (SELECT ordinal_position FROM information_schema.columns WHERE table_schema = CURRENT_SCHEMA() AND table_name = 'species' AND column_name = 'id') AND objoid = (SELECT oid FROM pg_catalog.pg_class WHERE relname = 'species' AND relnamespace = (SELECT oid FROM pg_catalog.pg_namespace WHERE nspname = CURRENT_SCHEMA()))

2025/02/13 14:38:42 /home/bryan/repos/skripsi/backend/setup/setup.go:78
[3.063ms] [rows:0] SELECT description FROM pg_catalog.pg_description WHERE objsubid = (SELECT ordinal_position FROM information_schema.columns WHERE table_schema = CURRENT_SCHEMA() AND table_name = 'species' AND column_name = 'name') AND objoid = (SELECT oid FROM pg_catalog.pg_class WHERE relname = 'species' AND relnamespace = (SELECT oid FROM pg_catalog.pg_namespace WHERE nspname = CURRENT_SCHEMA()))

2025/02/13 14:38:42 /home/bryan/repos/skripsi/backend/setup/setup.go:78
[2.175ms] [rows:1] SELECT count(*) FROM information_schema.tables WHERE table_schema = CURRENT_SCHEMA() AND table_name = 'size_categories' AND table_type = 'BASE TABLE'

2025/02/13 14:38:42 /home/bryan/repos/skripsi/backend/setup/setup.go:78
[1.817ms] [rows:1] SELECT CURRENT_DATABASE()

2025/02/13 14:38:42 /home/bryan/repos/skripsi/backend/setup/setup.go:78
[6.253ms] [rows:-] SELECT c.column_name, c.is_nullable = 'YES', c.udt_name, c.character_maximum_length, c.numeric_precision, c.numeric_precision_radix, c.numeric_scale, c.datetime_precision, 8 * typlen, c.column_default, pd.description, c.identity_increment FROM information_schema.columns AS c JOIN pg_type AS pgt ON c.udt_name = pgt.typname LEFT JOIN pg_catalog.pg_description as pd ON pd.objsubid = c.ordinal_position AND pd.objoid = (SELECT oid FROM pg_catalog.pg_class WHERE relname = c.table_name AND relnamespace = (SELECT oid FROM pg_catalog.pg_namespace WHERE nspname = c.table_schema)) where table_catalog = $1$ AND table_schema = CURRENT_SCHEMA() AND table_name = $2$

2025/02/13 14:38:42 /home/bryan/repos/skripsi/backend/setup/setup.go:78
[1.848ms] [rows:-] SELECT * FROM "size_categories" LIMIT $1$

2025/02/13 14:38:42 /home/bryan/repos/skripsi/backend/setup/setup.go:78
[5.152ms] [rows:-] SELECT constraint_name FROM information_schema.table_constraints tc JOIN information_schema.constraint_column_usage AS ccu USING (constraint_schema, constraint_catalog, table_name, constraint_name) JOIN information_schema.columns AS c ON c.table_schema = tc.constraint_schema AND tc.table_name = c.table_name AND ccu.column_name = c.column_name WHERE constraint_type IN ('PRIMARY KEY', 'UNIQUE') AND c.table_catalog = $1$ AND c.table_schema = CURRENT_SCHEMA() AND c.table_name = $2$ AND constraint_type = $3$

2025/02/13 14:38:42 /home/bryan/repos/skripsi/backend/setup/setup.go:78
[5.210ms] [rows:-] SELECT c.column_name, constraint_name, constraint_type FROM information_schema.table_constraints tc JOIN information_schema.constraint_column_usage AS ccu USING (constraint_schema, constraint_catalog, table_name, constraint_name) JOIN information_schema.columns AS c ON c.table_schema = tc.constraint_schema AND tc.table_name = c.table_name AND ccu.column_name = c.column_name WHERE constraint_type IN ('PRIMARY KEY', 'UNIQUE') AND c.table_catalog = $1$ AND c.table_schema = CURRENT_SCHEMA() AND c.table_name = $2$

2025/02/13 14:38:42 /home/bryan/repos/skripsi/backend/setup/setup.go:78
[2.127ms] [rows:-] SELECT a.attname as column_name, format_type(a.atttypid, a.atttypmod) AS data_type
		FROM pg_attribute a JOIN pg_class b ON a.attrelid = b.oid AND relnamespace = (SELECT oid FROM pg_catalog.pg_namespace WHERE nspname = CURRENT_SCHEMA())
		WHERE a.attnum > 0 -- hide internal columns
		AND NOT a.attisdropped -- hide deleted columns
		AND b.relname = $1$

2025/02/13 14:38:42 /home/bryan/repos/skripsi/backend/setup/setup.go:78
[3.062ms] [rows:0] SELECT description FROM pg_catalog.pg_description WHERE objsubid = (SELECT ordinal_position FROM information_schema.columns WHERE table_schema = CURRENT_SCHEMA() AND table_name = 'size_categories' AND column_name = 'id') AND objoid = (SELECT oid FROM pg_catalog.pg_class WHERE relname = 'size_categories' AND relnamespace = (SELECT oid FROM pg_catalog.pg_namespace WHERE nspname = CURRENT_SCHEMA()))

2025/02/13 14:38:42 /home/bryan/repos/skripsi/backend/setup/setup.go:78
[2.848ms] [rows:0] SELECT description FROM pg_catalog.pg_description WHERE objsubid = (SELECT ordinal_position FROM information_schema.columns WHERE table_schema = CURRENT_SCHEMA() AND table_name = 'size_categories' AND column_name = 'name') AND objoid = (SELECT oid FROM pg_catalog.pg_class WHERE relname = 'size_categories' AND relnamespace = (SELECT oid FROM pg_catalog.pg_namespace WHERE nspname = CURRENT_SCHEMA()))

2025/02/13 14:38:42 /home/bryan/repos/skripsi/backend/setup/setup.go:78
[2.979ms] [rows:0] SELECT description FROM pg_catalog.pg_description WHERE objsubid = (SELECT ordinal_position FROM information_schema.columns WHERE table_schema = CURRENT_SCHEMA() AND table_name = 'size_categories' AND column_name = 'min_weight') AND objoid = (SELECT oid FROM pg_catalog.pg_class WHERE relname = 'size_categories' AND relnamespace = (SELECT oid FROM pg_catalog.pg_namespace WHERE nspname = CURRENT_SCHEMA()))

2025/02/13 14:38:42 /home/bryan/repos/skripsi/backend/setup/setup.go:78
[3.073ms] [rows:0] SELECT description FROM pg_catalog.pg_description WHERE objsubid = (SELECT ordinal_position FROM information_schema.columns WHERE table_schema = CURRENT_SCHEMA() AND table_name = 'size_categories' AND column_name = 'max_weight') AND objoid = (SELECT oid FROM pg_catalog.pg_class WHERE relname = 'size_categories' AND relnamespace = (SELECT oid FROM pg_catalog.pg_namespace WHERE nspname = CURRENT_SCHEMA()))

2025/02/13 14:38:42 /home/bryan/repos/skripsi/backend/setup/setup.go:78
[2.069ms] [rows:1] SELECT count(*) FROM information_schema.tables WHERE table_schema = CURRENT_SCHEMA() AND table_name = 'pets' AND table_type = 'BASE TABLE'

2025/02/13 14:38:42 /home/bryan/repos/skripsi/backend/setup/setup.go:78
[1.608ms] [rows:1] SELECT CURRENT_DATABASE()

2025/02/13 14:38:42 /home/bryan/repos/skripsi/backend/setup/setup.go:78
[7.415ms] [rows:-] SELECT c.column_name, c.is_nullable = 'YES', c.udt_name, c.character_maximum_length, c.numeric_precision, c.numeric_precision_radix, c.numeric_scale, c.datetime_precision, 8 * typlen, c.column_default, pd.description, c.identity_increment FROM information_schema.columns AS c JOIN pg_type AS pgt ON c.udt_name = pgt.typname LEFT JOIN pg_catalog.pg_description as pd ON pd.objsubid = c.ordinal_position AND pd.objoid = (SELECT oid FROM pg_catalog.pg_class WHERE relname = c.table_name AND relnamespace = (SELECT oid FROM pg_catalog.pg_namespace WHERE nspname = c.table_schema)) where table_catalog = $1$ AND table_schema = CURRENT_SCHEMA() AND table_name = $2$

2025/02/13 14:38:42 /home/bryan/repos/skripsi/backend/setup/setup.go:78
[2.009ms] [rows:-] SELECT * FROM "pets" LIMIT $1$

2025/02/13 14:38:42 /home/bryan/repos/skripsi/backend/setup/setup.go:78
[6.809ms] [rows:-] SELECT constraint_name FROM information_schema.table_constraints tc JOIN information_schema.constraint_column_usage AS ccu USING (constraint_schema, constraint_catalog, table_name, constraint_name) JOIN information_schema.columns AS c ON c.table_schema = tc.constraint_schema AND tc.table_name = c.table_name AND ccu.column_name = c.column_name WHERE constraint_type IN ('PRIMARY KEY', 'UNIQUE') AND c.table_catalog = $1$ AND c.table_schema = CURRENT_SCHEMA() AND c.table_name = $2$ AND constraint_type = $3$

2025/02/13 14:38:42 /home/bryan/repos/skripsi/backend/setup/setup.go:78
[6.804ms] [rows:-] SELECT c.column_name, constraint_name, constraint_type FROM information_schema.table_constraints tc JOIN information_schema.constraint_column_usage AS ccu USING (constraint_schema, constraint_catalog, table_name, constraint_name) JOIN information_schema.columns AS c ON c.table_schema = tc.constraint_schema AND tc.table_name = c.table_name AND ccu.column_name = c.column_name WHERE constraint_type IN ('PRIMARY KEY', 'UNIQUE') AND c.table_catalog = $1$ AND c.table_schema = CURRENT_SCHEMA() AND c.table_name = $2$

2025/02/13 14:38:42 /home/bryan/repos/skripsi/backend/setup/setup.go:78
[1.909ms] [rows:-] SELECT a.attname as column_name, format_type(a.atttypid, a.atttypmod) AS data_type
		FROM pg_attribute a JOIN pg_class b ON a.attrelid = b.oid AND relnamespace = (SELECT oid FROM pg_catalog.pg_namespace WHERE nspname = CURRENT_SCHEMA())
		WHERE a.attnum > 0 -- hide internal columns
		AND NOT a.attisdropped -- hide deleted columns
		AND b.relname = $1$

2025/02/13 14:38:42 /home/bryan/repos/skripsi/backend/setup/setup.go:78
[3.000ms] [rows:0] SELECT description FROM pg_catalog.pg_description WHERE objsubid = (SELECT ordinal_position FROM information_schema.columns WHERE table_schema = CURRENT_SCHEMA() AND table_name = 'pets' AND column_name = 'id') AND objoid = (SELECT oid FROM pg_catalog.pg_class WHERE relname = 'pets' AND relnamespace = (SELECT oid FROM pg_catalog.pg_namespace WHERE nspname = CURRENT_SCHEMA()))

2025/02/13 14:38:42 /home/bryan/repos/skripsi/backend/setup/setup.go:78
[2.794ms] [rows:0] SELECT description FROM pg_catalog.pg_description WHERE objsubid = (SELECT ordinal_position FROM information_schema.columns WHERE table_schema = CURRENT_SCHEMA() AND table_name = 'pets' AND column_name = 'created_at') AND objoid = (SELECT oid FROM pg_catalog.pg_class WHERE relname = 'pets' AND relnamespace = (SELECT oid FROM pg_catalog.pg_namespace WHERE nspname = CURRENT_SCHEMA()))

2025/02/13 14:38:42 /home/bryan/repos/skripsi/backend/setup/setup.go:78
[2.995ms] [rows:0] SELECT description FROM pg_catalog.pg_description WHERE objsubid = (SELECT ordinal_position FROM information_schema.columns WHERE table_schema = CURRENT_SCHEMA() AND table_name = 'pets' AND column_name = 'updated_at') AND objoid = (SELECT oid FROM pg_catalog.pg_class WHERE relname = 'pets' AND relnamespace = (SELECT oid FROM pg_catalog.pg_namespace WHERE nspname = CURRENT_SCHEMA()))

2025/02/13 14:38:42 /home/bryan/repos/skripsi/backend/setup/setup.go:78
[2.779ms] [rows:0] SELECT description FROM pg_catalog.pg_description WHERE objsubid = (SELECT ordinal_position FROM information_schema.columns WHERE table_schema = CURRENT_SCHEMA() AND table_name = 'pets' AND column_name = 'deleted_at') AND objoid = (SELECT oid FROM pg_catalog.pg_class WHERE relname = 'pets' AND relnamespace = (SELECT oid FROM pg_catalog.pg_namespace WHERE nspname = CURRENT_SCHEMA()))

2025/02/13 14:38:42 /home/bryan/repos/skripsi/backend/setup/setup.go:78
[2.866ms] [rows:0] SELECT description FROM pg_catalog.pg_description WHERE objsubid = (SELECT ordinal_position FROM information_schema.columns WHERE table_schema = CURRENT_SCHEMA() AND table_name = 'pets' AND column_name = 'name') AND objoid = (SELECT oid FROM pg_catalog.pg_class WHERE relname = 'pets' AND relnamespace = (SELECT oid FROM pg_catalog.pg_namespace WHERE nspname = CURRENT_SCHEMA()))

2025/02/13 14:38:42 /home/bryan/repos/skripsi/backend/setup/setup.go:78
[3.012ms] [rows:0] SELECT description FROM pg_catalog.pg_description WHERE objsubid = (SELECT ordinal_position FROM information_schema.columns WHERE table_schema = CURRENT_SCHEMA() AND table_name = 'pets' AND column_name = 'image_url') AND objoid = (SELECT oid FROM pg_catalog.pg_class WHERE relname = 'pets' AND relnamespace = (SELECT oid FROM pg_catalog.pg_namespace WHERE nspname = CURRENT_SCHEMA()))

2025/02/13 14:38:42 /home/bryan/repos/skripsi/backend/setup/setup.go:78
[3.107ms] [rows:0] SELECT description FROM pg_catalog.pg_description WHERE objsubid = (SELECT ordinal_position FROM information_schema.columns WHERE table_schema = CURRENT_SCHEMA() AND table_name = 'pets' AND column_name = 'status') AND objoid = (SELECT oid FROM pg_catalog.pg_class WHERE relname = 'pets' AND relnamespace = (SELECT oid FROM pg_catalog.pg_namespace WHERE nspname = CURRENT_SCHEMA()))

2025/02/13 14:38:42 /home/bryan/repos/skripsi/backend/setup/setup.go:78
[3.013ms] [rows:0] SELECT description FROM pg_catalog.pg_description WHERE objsubid = (SELECT ordinal_position FROM information_schema.columns WHERE table_schema = CURRENT_SCHEMA() AND table_name = 'pets' AND column_name = 'owner_id') AND objoid = (SELECT oid FROM pg_catalog.pg_class WHERE relname = 'pets' AND relnamespace = (SELECT oid FROM pg_catalog.pg_namespace WHERE nspname = CURRENT_SCHEMA()))

2025/02/13 14:38:42 /home/bryan/repos/skripsi/backend/setup/setup.go:78
[3.024ms] [rows:0] SELECT description FROM pg_catalog.pg_description WHERE objsubid = (SELECT ordinal_position FROM information_schema.columns WHERE table_schema = CURRENT_SCHEMA() AND table_name = 'pets' AND column_name = 'species_id') AND objoid = (SELECT oid FROM pg_catalog.pg_class WHERE relname = 'pets' AND relnamespace = (SELECT oid FROM pg_catalog.pg_namespace WHERE nspname = CURRENT_SCHEMA()))

2025/02/13 14:38:42 /home/bryan/repos/skripsi/backend/setup/setup.go:78
[3.044ms] [rows:0] SELECT description FROM pg_catalog.pg_description WHERE objsubid = (SELECT ordinal_position FROM information_schema.columns WHERE table_schema = CURRENT_SCHEMA() AND table_name = 'pets' AND column_name = 'size_id') AND objoid = (SELECT oid FROM pg_catalog.pg_class WHERE relname = 'pets' AND relnamespace = (SELECT oid FROM pg_catalog.pg_namespace WHERE nspname = CURRENT_SCHEMA()))

2025/02/13 14:38:42 /home/bryan/repos/skripsi/backend/setup/setup.go:78
[2.525ms] [rows:1] SELECT count(*) FROM INFORMATION_SCHEMA.table_constraints WHERE table_schema = CURRENT_SCHEMA() AND table_name = 'pets' AND constraint_name = 'fk_pets_species'

2025/02/13 14:38:42 /home/bryan/repos/skripsi/backend/setup/setup.go:78
[2.609ms] [rows:1] SELECT count(*) FROM INFORMATION_SCHEMA.table_constraints WHERE table_schema = CURRENT_SCHEMA() AND table_name = 'pets' AND constraint_name = 'fk_pets_size_category'

2025/02/13 14:38:42 /home/bryan/repos/skripsi/backend/setup/setup.go:78
[2.707ms] [rows:1] SELECT count(*) FROM INFORMATION_SCHEMA.table_constraints WHERE table_schema = CURRENT_SCHEMA() AND table_name = 'pets' AND constraint_name = 'fk_users_pets'

2025/02/13 14:38:42 /home/bryan/repos/skripsi/backend/setup/setup.go:78
[6.092ms] [rows:1] SELECT count(*) FROM pg_indexes WHERE tablename = 'pets' AND indexname = 'idx_pets_deleted_at' AND schemaname = CURRENT_SCHEMA()

2025/02/13 14:38:42 /home/bryan/repos/skripsi/backend/setup/setup.go:78
[2.339ms] [rows:1] SELECT count(*) FROM information_schema.tables WHERE table_schema = CURRENT_SCHEMA() AND table_name = 'slots' AND table_type = 'BASE TABLE'

2025/02/13 14:38:42 /home/bryan/repos/skripsi/backend/setup/setup.go:78
[1.724ms] [rows:1] SELECT CURRENT_DATABASE()

2025/02/13 14:38:42 /home/bryan/repos/skripsi/backend/setup/setup.go:78
[7.222ms] [rows:-] SELECT c.column_name, c.is_nullable = 'YES', c.udt_name, c.character_maximum_length, c.numeric_precision, c.numeric_precision_radix, c.numeric_scale, c.datetime_precision, 8 * typlen, c.column_default, pd.description, c.identity_increment FROM information_schema.columns AS c JOIN pg_type AS pgt ON c.udt_name = pgt.typname LEFT JOIN pg_catalog.pg_description as pd ON pd.objsubid = c.ordinal_position AND pd.objoid = (SELECT oid FROM pg_catalog.pg_class WHERE relname = c.table_name AND relnamespace = (SELECT oid FROM pg_catalog.pg_namespace WHERE nspname = c.table_schema)) where table_catalog = $1$ AND table_schema = CURRENT_SCHEMA() AND table_name = $2$

2025/02/13 14:38:42 /home/bryan/repos/skripsi/backend/setup/setup.go:78
[2.105ms] [rows:-] SELECT * FROM "slots" LIMIT $1$

2025/02/13 14:38:42 /home/bryan/repos/skripsi/backend/setup/setup.go:78
[5.632ms] [rows:-] SELECT constraint_name FROM information_schema.table_constraints tc JOIN information_schema.constraint_column_usage AS ccu USING (constraint_schema, constraint_catalog, table_name, constraint_name) JOIN information_schema.columns AS c ON c.table_schema = tc.constraint_schema AND tc.table_name = c.table_name AND ccu.column_name = c.column_name WHERE constraint_type IN ('PRIMARY KEY', 'UNIQUE') AND c.table_catalog = $1$ AND c.table_schema = CURRENT_SCHEMA() AND c.table_name = $2$ AND constraint_type = $3$

2025/02/13 14:38:42 /home/bryan/repos/skripsi/backend/setup/setup.go:78
[5.959ms] [rows:-] SELECT c.column_name, constraint_name, constraint_type FROM information_schema.table_constraints tc JOIN information_schema.constraint_column_usage AS ccu USING (constraint_schema, constraint_catalog, table_name, constraint_name) JOIN information_schema.columns AS c ON c.table_schema = tc.constraint_schema AND tc.table_name = c.table_name AND ccu.column_name = c.column_name WHERE constraint_type IN ('PRIMARY KEY', 'UNIQUE') AND c.table_catalog = $1$ AND c.table_schema = CURRENT_SCHEMA() AND c.table_name = $2$

2025/02/13 14:38:42 /home/bryan/repos/skripsi/backend/setup/setup.go:78
[2.145ms] [rows:-] SELECT a.attname as column_name, format_type(a.atttypid, a.atttypmod) AS data_type
		FROM pg_attribute a JOIN pg_class b ON a.attrelid = b.oid AND relnamespace = (SELECT oid FROM pg_catalog.pg_namespace WHERE nspname = CURRENT_SCHEMA())
		WHERE a.attnum > 0 -- hide internal columns
		AND NOT a.attisdropped -- hide deleted columns
		AND b.relname = $1$

2025/02/13 14:38:42 /home/bryan/repos/skripsi/backend/setup/setup.go:78
[4.037ms] [rows:0] SELECT description FROM pg_catalog.pg_description WHERE objsubid = (SELECT ordinal_position FROM information_schema.columns WHERE table_schema = CURRENT_SCHEMA() AND table_name = 'slots' AND column_name = 'id') AND objoid = (SELECT oid FROM pg_catalog.pg_class WHERE relname = 'slots' AND relnamespace = (SELECT oid FROM pg_catalog.pg_namespace WHERE nspname = CURRENT_SCHEMA()))

2025/02/13 14:38:42 /home/bryan/repos/skripsi/backend/setup/setup.go:78
[3.485ms] [rows:0] SELECT description FROM pg_catalog.pg_description WHERE objsubid = (SELECT ordinal_position FROM information_schema.columns WHERE table_schema = CURRENT_SCHEMA() AND table_name = 'slots' AND column_name = 'created_at') AND objoid = (SELECT oid FROM pg_catalog.pg_class WHERE relname = 'slots' AND relnamespace = (SELECT oid FROM pg_catalog.pg_namespace WHERE nspname = CURRENT_SCHEMA()))

2025/02/13 14:38:42 /home/bryan/repos/skripsi/backend/setup/setup.go:78
[3.182ms] [rows:0] SELECT description FROM pg_catalog.pg_description WHERE objsubid = (SELECT ordinal_position FROM information_schema.columns WHERE table_schema = CURRENT_SCHEMA() AND table_name = 'slots' AND column_name = 'updated_at') AND objoid = (SELECT oid FROM pg_catalog.pg_class WHERE relname = 'slots' AND relnamespace = (SELECT oid FROM pg_catalog.pg_namespace WHERE nspname = CURRENT_SCHEMA()))

2025/02/13 14:38:42 /home/bryan/repos/skripsi/backend/setup/setup.go:78
[2.990ms] [rows:0] SELECT description FROM pg_catalog.pg_description WHERE objsubid = (SELECT ordinal_position FROM information_schema.columns WHERE table_schema = CURRENT_SCHEMA() AND table_name = 'slots' AND column_name = 'deleted_at') AND objoid = (SELECT oid FROM pg_catalog.pg_class WHERE relname = 'slots' AND relnamespace = (SELECT oid FROM pg_catalog.pg_namespace WHERE nspname = CURRENT_SCHEMA()))

2025/02/13 14:38:42 /home/bryan/repos/skripsi/backend/setup/setup.go:78
[3.354ms] [rows:0] SELECT description FROM pg_catalog.pg_description WHERE objsubid = (SELECT ordinal_position FROM information_schema.columns WHERE table_schema = CURRENT_SCHEMA() AND table_name = 'slots' AND column_name = 'daycare_id') AND objoid = (SELECT oid FROM pg_catalog.pg_class WHERE relname = 'slots' AND relnamespace = (SELECT oid FROM pg_catalog.pg_namespace WHERE nspname = CURRENT_SCHEMA()))

2025/02/13 14:38:42 /home/bryan/repos/skripsi/backend/setup/setup.go:78
[3.743ms] [rows:0] SELECT description FROM pg_catalog.pg_description WHERE objsubid = (SELECT ordinal_position FROM information_schema.columns WHERE table_schema = CURRENT_SCHEMA() AND table_name = 'slots' AND column_name = 'species_id') AND objoid = (SELECT oid FROM pg_catalog.pg_class WHERE relname = 'slots' AND relnamespace = (SELECT oid FROM pg_catalog.pg_namespace WHERE nspname = CURRENT_SCHEMA()))

2025/02/13 14:38:42 /home/bryan/repos/skripsi/backend/setup/setup.go:78
[3.062ms] [rows:0] SELECT description FROM pg_catalog.pg_description WHERE objsubid = (SELECT ordinal_position FROM information_schema.columns WHERE table_schema = CURRENT_SCHEMA() AND table_name = 'slots' AND column_name = 'size_category_id') AND objoid = (SELECT oid FROM pg_catalog.pg_class WHERE relname = 'slots' AND relnamespace = (SELECT oid FROM pg_catalog.pg_namespace WHERE nspname = CURRENT_SCHEMA()))

2025/02/13 14:38:42 /home/bryan/repos/skripsi/backend/setup/setup.go:78
[2.807ms] [rows:0] SELECT description FROM pg_catalog.pg_description WHERE objsubid = (SELECT ordinal_position FROM information_schema.columns WHERE table_schema = CURRENT_SCHEMA() AND table_name = 'slots' AND column_name = 'max_number') AND objoid = (SELECT oid FROM pg_catalog.pg_class WHERE relname = 'slots' AND relnamespace = (SELECT oid FROM pg_catalog.pg_namespace WHERE nspname = CURRENT_SCHEMA()))

2025/02/13 14:38:42 /home/bryan/repos/skripsi/backend/setup/setup.go:78
[2.410ms] [rows:1] SELECT count(*) FROM INFORMATION_SCHEMA.table_constraints WHERE table_schema = CURRENT_SCHEMA() AND table_name = 'slots' AND constraint_name = 'fk_pet_daycares_slots'

2025/02/13 14:38:42 /home/bryan/repos/skripsi/backend/setup/setup.go:78
[6.117ms] [rows:1] SELECT count(*) FROM pg_indexes WHERE tablename = 'slots' AND indexname = 'idx_slots_deleted_at' AND schemaname = CURRENT_SCHEMA()

2025/02/13 14:38:42 /home/bryan/repos/skripsi/backend/setup/setup.go:78
[2.815ms] [rows:1] SELECT count(*) FROM information_schema.tables WHERE table_schema = CURRENT_SCHEMA() AND table_name = 'booked_slots' AND table_type = 'BASE TABLE'

2025/02/13 14:38:42 /home/bryan/repos/skripsi/backend/setup/setup.go:78
[2.474ms] [rows:1] SELECT CURRENT_DATABASE()

2025/02/13 14:38:42 /home/bryan/repos/skripsi/backend/setup/setup.go:78
[9.865ms] [rows:-] SELECT c.column_name, c.is_nullable = 'YES', c.udt_name, c.character_maximum_length, c.numeric_precision, c.numeric_precision_radix, c.numeric_scale, c.datetime_precision, 8 * typlen, c.column_default, pd.description, c.identity_increment FROM information_schema.columns AS c JOIN pg_type AS pgt ON c.udt_name = pgt.typname LEFT JOIN pg_catalog.pg_description as pd ON pd.objsubid = c.ordinal_position AND pd.objoid = (SELECT oid FROM pg_catalog.pg_class WHERE relname = c.table_name AND relnamespace = (SELECT oid FROM pg_catalog.pg_namespace WHERE nspname = c.table_schema)) where table_catalog = $1$ AND table_schema = CURRENT_SCHEMA() AND table_name = $2$

2025/02/13 14:38:42 /home/bryan/repos/skripsi/backend/setup/setup.go:78
[2.369ms] [rows:-] SELECT * FROM "booked_slots" LIMIT $1$

2025/02/13 14:38:42 /home/bryan/repos/skripsi/backend/setup/setup.go:78
[7.364ms] [rows:-] SELECT constraint_name FROM information_schema.table_constraints tc JOIN information_schema.constraint_column_usage AS ccu USING (constraint_schema, constraint_catalog, table_name, constraint_name) JOIN information_schema.columns AS c ON c.table_schema = tc.constraint_schema AND tc.table_name = c.table_name AND ccu.column_name = c.column_name WHERE constraint_type IN ('PRIMARY KEY', 'UNIQUE') AND c.table_catalog = $1$ AND c.table_schema = CURRENT_SCHEMA() AND c.table_name = $2$ AND constraint_type = $3$

2025/02/13 14:38:42 /home/bryan/repos/skripsi/backend/setup/setup.go:78
[7.205ms] [rows:-] SELECT c.column_name, constraint_name, constraint_type FROM information_schema.table_constraints tc JOIN information_schema.constraint_column_usage AS ccu USING (constraint_schema, constraint_catalog, table_name, constraint_name) JOIN information_schema.columns AS c ON c.table_schema = tc.constraint_schema AND tc.table_name = c.table_name AND ccu.column_name = c.column_name WHERE constraint_type IN ('PRIMARY KEY', 'UNIQUE') AND c.table_catalog = $1$ AND c.table_schema = CURRENT_SCHEMA() AND c.table_name = $2$

2025/02/13 14:38:42 /home/bryan/repos/skripsi/backend/setup/setup.go:78
[2.613ms] [rows:-] SELECT a.attname as column_name, format_type(a.atttypid, a.atttypmod) AS data_type
		FROM pg_attribute a JOIN pg_class b ON a.attrelid = b.oid AND relnamespace = (SELECT oid FROM pg_catalog.pg_namespace WHERE nspname = CURRENT_SCHEMA())
		WHERE a.attnum > 0 -- hide internal columns
		AND NOT a.attisdropped -- hide deleted columns
		AND b.relname = $1$

2025/02/13 14:38:42 /home/bryan/repos/skripsi/backend/setup/setup.go:78
[3.264ms] [rows:0] SELECT description FROM pg_catalog.pg_description WHERE objsubid = (SELECT ordinal_position FROM information_schema.columns WHERE table_schema = CURRENT_SCHEMA() AND table_name = 'booked_slots' AND column_name = 'id') AND objoid = (SELECT oid FROM pg_catalog.pg_class WHERE relname = 'booked_slots' AND relnamespace = (SELECT oid FROM pg_catalog.pg_namespace WHERE nspname = CURRENT_SCHEMA()))

2025/02/13 14:38:42 /home/bryan/repos/skripsi/backend/setup/setup.go:78
[3.489ms] [rows:0] SELECT description FROM pg_catalog.pg_description WHERE objsubid = (SELECT ordinal_position FROM information_schema.columns WHERE table_schema = CURRENT_SCHEMA() AND table_name = 'booked_slots' AND column_name = 'created_at') AND objoid = (SELECT oid FROM pg_catalog.pg_class WHERE relname = 'booked_slots' AND relnamespace = (SELECT oid FROM pg_catalog.pg_namespace WHERE nspname = CURRENT_SCHEMA()))

2025/02/13 14:38:42 /home/bryan/repos/skripsi/backend/setup/setup.go:78
[3.249ms] [rows:0] SELECT description FROM pg_catalog.pg_description WHERE objsubid = (SELECT ordinal_position FROM information_schema.columns WHERE table_schema = CURRENT_SCHEMA() AND table_name = 'booked_slots' AND column_name = 'updated_at') AND objoid = (SELECT oid FROM pg_catalog.pg_class WHERE relname = 'booked_slots' AND relnamespace = (SELECT oid FROM pg_catalog.pg_namespace WHERE nspname = CURRENT_SCHEMA()))

2025/02/13 14:38:42 /home/bryan/repos/skripsi/backend/setup/setup.go:78
[3.412ms] [rows:0] SELECT description FROM pg_catalog.pg_description WHERE objsubid = (SELECT ordinal_position FROM information_schema.columns WHERE table_schema = CURRENT_SCHEMA() AND table_name = 'booked_slots' AND column_name = 'deleted_at') AND objoid = (SELECT oid FROM pg_catalog.pg_class WHERE relname = 'booked_slots' AND relnamespace = (SELECT oid FROM pg_catalog.pg_namespace WHERE nspname = CURRENT_SCHEMA()))

2025/02/13 14:38:42 /home/bryan/repos/skripsi/backend/setup/setup.go:78
[3.326ms] [rows:0] SELECT description FROM pg_catalog.pg_description WHERE objsubid = (SELECT ordinal_position FROM information_schema.columns WHERE table_schema = CURRENT_SCHEMA() AND table_name = 'booked_slots' AND column_name = 'user_id') AND objoid = (SELECT oid FROM pg_catalog.pg_class WHERE relname = 'booked_slots' AND relnamespace = (SELECT oid FROM pg_catalog.pg_namespace WHERE nspname = CURRENT_SCHEMA()))

2025/02/13 14:38:42 /home/bryan/repos/skripsi/backend/setup/setup.go:78
[3.409ms] [rows:0] SELECT description FROM pg_catalog.pg_description WHERE objsubid = (SELECT ordinal_position FROM information_schema.columns WHERE table_schema = CURRENT_SCHEMA() AND table_name = 'booked_slots' AND column_name = 'daycare_id') AND objoid = (SELECT oid FROM pg_catalog.pg_class WHERE relname = 'booked_slots' AND relnamespace = (SELECT oid FROM pg_catalog.pg_namespace WHERE nspname = CURRENT_SCHEMA()))

2025/02/13 14:38:42 /home/bryan/repos/skripsi/backend/setup/setup.go:78
[3.187ms] [rows:0] SELECT description FROM pg_catalog.pg_description WHERE objsubid = (SELECT ordinal_position FROM information_schema.columns WHERE table_schema = CURRENT_SCHEMA() AND table_name = 'booked_slots' AND column_name = 'pet_id') AND objoid = (SELECT oid FROM pg_catalog.pg_class WHERE relname = 'booked_slots' AND relnamespace = (SELECT oid FROM pg_catalog.pg_namespace WHERE nspname = CURRENT_SCHEMA()))

2025/02/13 14:38:42 /home/bryan/repos/skripsi/backend/setup/setup.go:78
[3.420ms] [rows:0] SELECT description FROM pg_catalog.pg_description WHERE objsubid = (SELECT ordinal_position FROM information_schema.columns WHERE table_schema = CURRENT_SCHEMA() AND table_name = 'booked_slots' AND column_name = 'start_date') AND objoid = (SELECT oid FROM pg_catalog.pg_class WHERE relname = 'booked_slots' AND relnamespace = (SELECT oid FROM pg_catalog.pg_namespace WHERE nspname = CURRENT_SCHEMA()))

2025/02/13 14:38:42 /home/bryan/repos/skripsi/backend/setup/setup.go:78
[3.167ms] [rows:0] SELECT description FROM pg_catalog.pg_description WHERE objsubid = (SELECT ordinal_position FROM information_schema.columns WHERE table_schema = CURRENT_SCHEMA() AND table_name = 'booked_slots' AND column_name = 'end_date') AND objoid = (SELECT oid FROM pg_catalog.pg_class WHERE relname = 'booked_slots' AND relnamespace = (SELECT oid FROM pg_catalog.pg_namespace WHERE nspname = CURRENT_SCHEMA()))

2025/02/13 14:38:42 /home/bryan/repos/skripsi/backend/setup/setup.go:78
[2.963ms] [rows:1] SELECT count(*) FROM INFORMATION_SCHEMA.table_constraints WHERE table_schema = CURRENT_SCHEMA() AND table_name = 'booked_slots' AND constraint_name = 'fk_pets_booked_slots'

2025/02/13 14:38:42 /home/bryan/repos/skripsi/backend/setup/setup.go:78
[2.600ms] [rows:1] SELECT count(*) FROM INFORMATION_SCHEMA.table_constraints WHERE table_schema = CURRENT_SCHEMA() AND table_name = 'booked_slots' AND constraint_name = 'fk_pet_daycares_booked_slots'

2025/02/13 14:38:42 /home/bryan/repos/skripsi/backend/setup/setup.go:78
[2.977ms] [rows:1] SELECT count(*) FROM INFORMATION_SCHEMA.table_constraints WHERE table_schema = CURRENT_SCHEMA() AND table_name = 'booked_slots' AND constraint_name = 'fk_booked_slots_user'

2025/02/13 14:38:42 /home/bryan/repos/skripsi/backend/setup/setup.go:78
[5.922ms] [rows:1] SELECT count(*) FROM pg_indexes WHERE tablename = 'booked_slots' AND indexname = 'idx_booked_slots_deleted_at' AND schemaname = CURRENT_SCHEMA()

2025/02/13 14:38:42 /home/bryan/repos/skripsi/backend/setup/setup.go:78
[2.399ms] [rows:1] SELECT count(*) FROM information_schema.tables WHERE table_schema = CURRENT_SCHEMA() AND table_name = 'thumbnails' AND table_type = 'BASE TABLE'

2025/02/13 14:38:42 /home/bryan/repos/skripsi/backend/setup/setup.go:78
[1.753ms] [rows:1] SELECT CURRENT_DATABASE()

2025/02/13 14:38:42 /home/bryan/repos/skripsi/backend/setup/setup.go:78
[6.701ms] [rows:-] SELECT c.column_name, c.is_nullable = 'YES', c.udt_name, c.character_maximum_length, c.numeric_precision, c.numeric_precision_radix, c.numeric_scale, c.datetime_precision, 8 * typlen, c.column_default, pd.description, c.identity_increment FROM information_schema.columns AS c JOIN pg_type AS pgt ON c.udt_name = pgt.typname LEFT JOIN pg_catalog.pg_description as pd ON pd.objsubid = c.ordinal_position AND pd.objoid = (SELECT oid FROM pg_catalog.pg_class WHERE relname = c.table_name AND relnamespace = (SELECT oid FROM pg_catalog.pg_namespace WHERE nspname = c.table_schema)) where table_catalog = $1$ AND table_schema = CURRENT_SCHEMA() AND table_name = $2$

2025/02/13 14:38:42 /home/bryan/repos/skripsi/backend/setup/setup.go:78
[2.173ms] [rows:-] SELECT * FROM "thumbnails" LIMIT $1$

2025/02/13 14:38:42 /home/bryan/repos/skripsi/backend/setup/setup.go:78
[5.463ms] [rows:-] SELECT constraint_name FROM information_schema.table_constraints tc JOIN information_schema.constraint_column_usage AS ccu USING (constraint_schema, constraint_catalog, table_name, constraint_name) JOIN information_schema.columns AS c ON c.table_schema = tc.constraint_schema AND tc.table_name = c.table_name AND ccu.column_name = c.column_name WHERE constraint_type IN ('PRIMARY KEY', 'UNIQUE') AND c.table_catalog = $1$ AND c.table_schema = CURRENT_SCHEMA() AND c.table_name = $2$ AND constraint_type = $3$

2025/02/13 14:38:42 /home/bryan/repos/skripsi/backend/setup/setup.go:78
[5.561ms] [rows:-] SELECT c.column_name, constraint_name, constraint_type FROM information_schema.table_constraints tc JOIN information_schema.constraint_column_usage AS ccu USING (constraint_schema, constraint_catalog, table_name, constraint_name) JOIN information_schema.columns AS c ON c.table_schema = tc.constraint_schema AND tc.table_name = c.table_name AND ccu.column_name = c.column_name WHERE constraint_type IN ('PRIMARY KEY', 'UNIQUE') AND c.table_catalog = $1$ AND c.table_schema = CURRENT_SCHEMA() AND c.table_name = $2$

2025/02/13 14:38:42 /home/bryan/repos/skripsi/backend/setup/setup.go:78
[1.837ms] [rows:-] SELECT a.attname as column_name, format_type(a.atttypid, a.atttypmod) AS data_type
		FROM pg_attribute a JOIN pg_class b ON a.attrelid = b.oid AND relnamespace = (SELECT oid FROM pg_catalog.pg_namespace WHERE nspname = CURRENT_SCHEMA())
		WHERE a.attnum > 0 -- hide internal columns
		AND NOT a.attisdropped -- hide deleted columns
		AND b.relname = $1$

2025/02/13 14:38:42 /home/bryan/repos/skripsi/backend/setup/setup.go:78
[2.895ms] [rows:0] SELECT description FROM pg_catalog.pg_description WHERE objsubid = (SELECT ordinal_position FROM information_schema.columns WHERE table_schema = CURRENT_SCHEMA() AND table_name = 'thumbnails' AND column_name = 'id') AND objoid = (SELECT oid FROM pg_catalog.pg_class WHERE relname = 'thumbnails' AND relnamespace = (SELECT oid FROM pg_catalog.pg_namespace WHERE nspname = CURRENT_SCHEMA()))

2025/02/13 14:38:42 /home/bryan/repos/skripsi/backend/setup/setup.go:78
[3.047ms] [rows:0] SELECT description FROM pg_catalog.pg_description WHERE objsubid = (SELECT ordinal_position FROM information_schema.columns WHERE table_schema = CURRENT_SCHEMA() AND table_name = 'thumbnails' AND column_name = 'daycare_id') AND objoid = (SELECT oid FROM pg_catalog.pg_class WHERE relname = 'thumbnails' AND relnamespace = (SELECT oid FROM pg_catalog.pg_namespace WHERE nspname = CURRENT_SCHEMA()))

2025/02/13 14:38:42 /home/bryan/repos/skripsi/backend/setup/setup.go:78
[3.774ms] [rows:0] SELECT description FROM pg_catalog.pg_description WHERE objsubid = (SELECT ordinal_position FROM information_schema.columns WHERE table_schema = CURRENT_SCHEMA() AND table_name = 'thumbnails' AND column_name = 'image_url') AND objoid = (SELECT oid FROM pg_catalog.pg_class WHERE relname = 'thumbnails' AND relnamespace = (SELECT oid FROM pg_catalog.pg_namespace WHERE nspname = CURRENT_SCHEMA()))

2025/02/13 14:38:42 /home/bryan/repos/skripsi/backend/setup/setup.go:78
[2.998ms] [rows:1] SELECT count(*) FROM INFORMATION_SCHEMA.table_constraints WHERE table_schema = CURRENT_SCHEMA() AND table_name = 'thumbnails' AND constraint_name = 'fk_pet_daycares_thumbnails'

2025/02/13 14:38:42 /home/bryan/repos/skripsi/backend/setup/setup.go:78
[2.778ms] [rows:1] SELECT count(*) FROM information_schema.tables WHERE table_schema = CURRENT_SCHEMA() AND table_name = 'reviews' AND table_type = 'BASE TABLE'

2025/02/13 14:38:42 /home/bryan/repos/skripsi/backend/setup/setup.go:78
[1.784ms] [rows:1] SELECT CURRENT_DATABASE()

2025/02/13 14:38:42 /home/bryan/repos/skripsi/backend/setup/setup.go:78
[8.419ms] [rows:-] SELECT c.column_name, c.is_nullable = 'YES', c.udt_name, c.character_maximum_length, c.numeric_precision, c.numeric_precision_radix, c.numeric_scale, c.datetime_precision, 8 * typlen, c.column_default, pd.description, c.identity_increment FROM information_schema.columns AS c JOIN pg_type AS pgt ON c.udt_name = pgt.typname LEFT JOIN pg_catalog.pg_description as pd ON pd.objsubid = c.ordinal_position AND pd.objoid = (SELECT oid FROM pg_catalog.pg_class WHERE relname = c.table_name AND relnamespace = (SELECT oid FROM pg_catalog.pg_namespace WHERE nspname = c.table_schema)) where table_catalog = $1$ AND table_schema = CURRENT_SCHEMA() AND table_name = $2$

2025/02/13 14:38:42 /home/bryan/repos/skripsi/backend/setup/setup.go:78
[2.455ms] [rows:-] SELECT * FROM "reviews" LIMIT $1$

2025/02/13 14:38:42 /home/bryan/repos/skripsi/backend/setup/setup.go:78
[7.083ms] [rows:-] SELECT constraint_name FROM information_schema.table_constraints tc JOIN information_schema.constraint_column_usage AS ccu USING (constraint_schema, constraint_catalog, table_name, constraint_name) JOIN information_schema.columns AS c ON c.table_schema = tc.constraint_schema AND tc.table_name = c.table_name AND ccu.column_name = c.column_name WHERE constraint_type IN ('PRIMARY KEY', 'UNIQUE') AND c.table_catalog = $1$ AND c.table_schema = CURRENT_SCHEMA() AND c.table_name = $2$ AND constraint_type = $3$

2025/02/13 14:38:42 /home/bryan/repos/skripsi/backend/setup/setup.go:78
[7.841ms] [rows:-] SELECT c.column_name, constraint_name, constraint_type FROM information_schema.table_constraints tc JOIN information_schema.constraint_column_usage AS ccu USING (constraint_schema, constraint_catalog, table_name, constraint_name) JOIN information_schema.columns AS c ON c.table_schema = tc.constraint_schema AND tc.table_name = c.table_name AND ccu.column_name = c.column_name WHERE constraint_type IN ('PRIMARY KEY', 'UNIQUE') AND c.table_catalog = $1$ AND c.table_schema = CURRENT_SCHEMA() AND c.table_name = $2$

2025/02/13 14:38:42 /home/bryan/repos/skripsi/backend/setup/setup.go:78
[2.908ms] [rows:-] SELECT a.attname as column_name, format_type(a.atttypid, a.atttypmod) AS data_type
		FROM pg_attribute a JOIN pg_class b ON a.attrelid = b.oid AND relnamespace = (SELECT oid FROM pg_catalog.pg_namespace WHERE nspname = CURRENT_SCHEMA())
		WHERE a.attnum > 0 -- hide internal columns
		AND NOT a.attisdropped -- hide deleted columns
		AND b.relname = $1$

2025/02/13 14:38:42 /home/bryan/repos/skripsi/backend/setup/setup.go:78
[3.552ms] [rows:0] SELECT description FROM pg_catalog.pg_description WHERE objsubid = (SELECT ordinal_position FROM information_schema.columns WHERE table_schema = CURRENT_SCHEMA() AND table_name = 'reviews' AND column_name = 'id') AND objoid = (SELECT oid FROM pg_catalog.pg_class WHERE relname = 'reviews' AND relnamespace = (SELECT oid FROM pg_catalog.pg_namespace WHERE nspname = CURRENT_SCHEMA()))

2025/02/13 14:38:42 /home/bryan/repos/skripsi/backend/setup/setup.go:78
[3.504ms] [rows:0] SELECT description FROM pg_catalog.pg_description WHERE objsubid = (SELECT ordinal_position FROM information_schema.columns WHERE table_schema = CURRENT_SCHEMA() AND table_name = 'reviews' AND column_name = 'created_at') AND objoid = (SELECT oid FROM pg_catalog.pg_class WHERE relname = 'reviews' AND relnamespace = (SELECT oid FROM pg_catalog.pg_namespace WHERE nspname = CURRENT_SCHEMA()))

2025/02/13 14:38:42 /home/bryan/repos/skripsi/backend/setup/setup.go:78
[3.765ms] [rows:0] SELECT description FROM pg_catalog.pg_description WHERE objsubid = (SELECT ordinal_position FROM information_schema.columns WHERE table_schema = CURRENT_SCHEMA() AND table_name = 'reviews' AND column_name = 'updated_at') AND objoid = (SELECT oid FROM pg_catalog.pg_class WHERE relname = 'reviews' AND relnamespace = (SELECT oid FROM pg_catalog.pg_namespace WHERE nspname = CURRENT_SCHEMA()))

2025/02/13 14:38:42 /home/bryan/repos/skripsi/backend/setup/setup.go:78
[3.410ms] [rows:0] SELECT description FROM pg_catalog.pg_description WHERE objsubid = (SELECT ordinal_position FROM information_schema.columns WHERE table_schema = CURRENT_SCHEMA() AND table_name = 'reviews' AND column_name = 'deleted_at') AND objoid = (SELECT oid FROM pg_catalog.pg_class WHERE relname = 'reviews' AND relnamespace = (SELECT oid FROM pg_catalog.pg_namespace WHERE nspname = CURRENT_SCHEMA()))

2025/02/13 14:38:42 /home/bryan/repos/skripsi/backend/setup/setup.go:78
[4.200ms] [rows:0] SELECT description FROM pg_catalog.pg_description WHERE objsubid = (SELECT ordinal_position FROM information_schema.columns WHERE table_schema = CURRENT_SCHEMA() AND table_name = 'reviews' AND column_name = 'daycare_id') AND objoid = (SELECT oid FROM pg_catalog.pg_class WHERE relname = 'reviews' AND relnamespace = (SELECT oid FROM pg_catalog.pg_namespace WHERE nspname = CURRENT_SCHEMA()))

2025/02/13 14:38:42 /home/bryan/repos/skripsi/backend/setup/setup.go:78
[4.326ms] [rows:0] SELECT description FROM pg_catalog.pg_description WHERE objsubid = (SELECT ordinal_position FROM information_schema.columns WHERE table_schema = CURRENT_SCHEMA() AND table_name = 'reviews' AND column_name = 'user_id') AND objoid = (SELECT oid FROM pg_catalog.pg_class WHERE relname = 'reviews' AND relnamespace = (SELECT oid FROM pg_catalog.pg_namespace WHERE nspname = CURRENT_SCHEMA()))

2025/02/13 14:38:42 /home/bryan/repos/skripsi/backend/setup/setup.go:78
[4.594ms] [rows:0] SELECT description FROM pg_catalog.pg_description WHERE objsubid = (SELECT ordinal_position FROM information_schema.columns WHERE table_schema = CURRENT_SCHEMA() AND table_name = 'reviews' AND column_name = 'name') AND objoid = (SELECT oid FROM pg_catalog.pg_class WHERE relname = 'reviews' AND relnamespace = (SELECT oid FROM pg_catalog.pg_namespace WHERE nspname = CURRENT_SCHEMA()))

2025/02/13 14:38:42 /home/bryan/repos/skripsi/backend/setup/setup.go:78
[4.298ms] [rows:0] SELECT description FROM pg_catalog.pg_description WHERE objsubid = (SELECT ordinal_position FROM information_schema.columns WHERE table_schema = CURRENT_SCHEMA() AND table_name = 'reviews' AND column_name = 'rate') AND objoid = (SELECT oid FROM pg_catalog.pg_class WHERE relname = 'reviews' AND relnamespace = (SELECT oid FROM pg_catalog.pg_namespace WHERE nspname = CURRENT_SCHEMA()))

2025/02/13 14:38:42 /home/bryan/repos/skripsi/backend/setup/setup.go:78
[3.728ms] [rows:0] SELECT description FROM pg_catalog.pg_description WHERE objsubid = (SELECT ordinal_position FROM information_schema.columns WHERE table_schema = CURRENT_SCHEMA() AND table_name = 'reviews' AND column_name = 'description') AND objoid = (SELECT oid FROM pg_catalog.pg_class WHERE relname = 'reviews' AND relnamespace = (SELECT oid FROM pg_catalog.pg_namespace WHERE nspname = CURRENT_SCHEMA()))

2025/02/13 14:38:42 /home/bryan/repos/skripsi/backend/setup/setup.go:78
[3.384ms] [rows:1] SELECT count(*) FROM INFORMATION_SCHEMA.table_constraints WHERE table_schema = CURRENT_SCHEMA() AND table_name = 'reviews' AND constraint_name = 'fk_pet_daycares_reviews'

2025/02/13 14:38:42 /home/bryan/repos/skripsi/backend/setup/setup.go:78
[2.898ms] [rows:1] SELECT count(*) FROM INFORMATION_SCHEMA.table_constraints WHERE table_schema = CURRENT_SCHEMA() AND table_name = 'reviews' AND constraint_name = 'fk_users_reviews'

2025/02/13 14:38:42 /home/bryan/repos/skripsi/backend/setup/setup.go:78
[6.242ms] [rows:1] SELECT count(*) FROM pg_indexes WHERE tablename = 'reviews' AND indexname = 'idx_reviews_deleted_at' AND schemaname = CURRENT_SCHEMA()

2025/02/13 14:38:42 /home/bryan/repos/skripsi/backend/setup/setup.go:78
[2.377ms] [rows:1] SELECT count(*) FROM information_schema.tables WHERE table_schema = CURRENT_SCHEMA() AND table_name = 'refresh_tokens' AND table_type = 'BASE TABLE'

2025/02/13 14:38:42 /home/bryan/repos/skripsi/backend/setup/setup.go:78
[1.953ms] [rows:1] SELECT CURRENT_DATABASE()

2025/02/13 14:38:42 /home/bryan/repos/skripsi/backend/setup/setup.go:78
[11.190ms] [rows:-] SELECT c.column_name, c.is_nullable = 'YES', c.udt_name, c.character_maximum_length, c.numeric_precision, c.numeric_precision_radix, c.numeric_scale, c.datetime_precision, 8 * typlen, c.column_default, pd.description, c.identity_increment FROM information_schema.columns AS c JOIN pg_type AS pgt ON c.udt_name = pgt.typname LEFT JOIN pg_catalog.pg_description as pd ON pd.objsubid = c.ordinal_position AND pd.objoid = (SELECT oid FROM pg_catalog.pg_class WHERE relname = c.table_name AND relnamespace = (SELECT oid FROM pg_catalog.pg_namespace WHERE nspname = c.table_schema)) where table_catalog = $1$ AND table_schema = CURRENT_SCHEMA() AND table_name = $2$

2025/02/13 14:38:42 /home/bryan/repos/skripsi/backend/setup/setup.go:78
[3.360ms] [rows:-] SELECT * FROM "refresh_tokens" LIMIT $1$

2025/02/13 14:38:42 /home/bryan/repos/skripsi/backend/setup/setup.go:78
[7.962ms] [rows:-] SELECT constraint_name FROM information_schema.table_constraints tc JOIN information_schema.constraint_column_usage AS ccu USING (constraint_schema, constraint_catalog, table_name, constraint_name) JOIN information_schema.columns AS c ON c.table_schema = tc.constraint_schema AND tc.table_name = c.table_name AND ccu.column_name = c.column_name WHERE constraint_type IN ('PRIMARY KEY', 'UNIQUE') AND c.table_catalog = $1$ AND c.table_schema = CURRENT_SCHEMA() AND c.table_name = $2$ AND constraint_type = $3$

2025/02/13 14:38:42 /home/bryan/repos/skripsi/backend/setup/setup.go:78
[10.022ms] [rows:-] SELECT c.column_name, constraint_name, constraint_type FROM information_schema.table_constraints tc JOIN information_schema.constraint_column_usage AS ccu USING (constraint_schema, constraint_catalog, table_name, constraint_name) JOIN information_schema.columns AS c ON c.table_schema = tc.constraint_schema AND tc.table_name = c.table_name AND ccu.column_name = c.column_name WHERE constraint_type IN ('PRIMARY KEY', 'UNIQUE') AND c.table_catalog = $1$ AND c.table_schema = CURRENT_SCHEMA() AND c.table_name = $2$

2025/02/13 14:38:42 /home/bryan/repos/skripsi/backend/setup/setup.go:78
[2.813ms] [rows:-] SELECT a.attname as column_name, format_type(a.atttypid, a.atttypmod) AS data_type
		FROM pg_attribute a JOIN pg_class b ON a.attrelid = b.oid AND relnamespace = (SELECT oid FROM pg_catalog.pg_namespace WHERE nspname = CURRENT_SCHEMA())
		WHERE a.attnum > 0 -- hide internal columns
		AND NOT a.attisdropped -- hide deleted columns
		AND b.relname = $1$

2025/02/13 14:38:42 /home/bryan/repos/skripsi/backend/setup/setup.go:78
[5.418ms] [rows:0] SELECT description FROM pg_catalog.pg_description WHERE objsubid = (SELECT ordinal_position FROM information_schema.columns WHERE table_schema = CURRENT_SCHEMA() AND table_name = 'refresh_tokens' AND column_name = 'id') AND objoid = (SELECT oid FROM pg_catalog.pg_class WHERE relname = 'refresh_tokens' AND relnamespace = (SELECT oid FROM pg_catalog.pg_namespace WHERE nspname = CURRENT_SCHEMA()))

2025/02/13 14:38:42 /home/bryan/repos/skripsi/backend/setup/setup.go:78
[4.693ms] [rows:0] SELECT description FROM pg_catalog.pg_description WHERE objsubid = (SELECT ordinal_position FROM information_schema.columns WHERE table_schema = CURRENT_SCHEMA() AND table_name = 'refresh_tokens' AND column_name = 'created_at') AND objoid = (SELECT oid FROM pg_catalog.pg_class WHERE relname = 'refresh_tokens' AND relnamespace = (SELECT oid FROM pg_catalog.pg_namespace WHERE nspname = CURRENT_SCHEMA()))

2025/02/13 14:38:42 /home/bryan/repos/skripsi/backend/setup/setup.go:78
[3.694ms] [rows:0] SELECT description FROM pg_catalog.pg_description WHERE objsubid = (SELECT ordinal_position FROM information_schema.columns WHERE table_schema = CURRENT_SCHEMA() AND table_name = 'refresh_tokens' AND column_name = 'updated_at') AND objoid = (SELECT oid FROM pg_catalog.pg_class WHERE relname = 'refresh_tokens' AND relnamespace = (SELECT oid FROM pg_catalog.pg_namespace WHERE nspname = CURRENT_SCHEMA()))

2025/02/13 14:38:42 /home/bryan/repos/skripsi/backend/setup/setup.go:78
[3.520ms] [rows:0] SELECT description FROM pg_catalog.pg_description WHERE objsubid = (SELECT ordinal_position FROM information_schema.columns WHERE table_schema = CURRENT_SCHEMA() AND table_name = 'refresh_tokens' AND column_name = 'deleted_at') AND objoid = (SELECT oid FROM pg_catalog.pg_class WHERE relname = 'refresh_tokens' AND relnamespace = (SELECT oid FROM pg_catalog.pg_namespace WHERE nspname = CURRENT_SCHEMA()))

2025/02/13 14:38:42 /home/bryan/repos/skripsi/backend/setup/setup.go:78
[3.477ms] [rows:0] SELECT description FROM pg_catalog.pg_description WHERE objsubid = (SELECT ordinal_position FROM information_schema.columns WHERE table_schema = CURRENT_SCHEMA() AND table_name = 'refresh_tokens' AND column_name = 'user_id') AND objoid = (SELECT oid FROM pg_catalog.pg_class WHERE relname = 'refresh_tokens' AND relnamespace = (SELECT oid FROM pg_catalog.pg_namespace WHERE nspname = CURRENT_SCHEMA()))

2025/02/13 14:38:42 /home/bryan/repos/skripsi/backend/setup/setup.go:78
[3.240ms] [rows:0] SELECT description FROM pg_catalog.pg_description WHERE objsubid = (SELECT ordinal_position FROM information_schema.columns WHERE table_schema = CURRENT_SCHEMA() AND table_name = 'refresh_tokens' AND column_name = 'token') AND objoid = (SELECT oid FROM pg_catalog.pg_class WHERE relname = 'refresh_tokens' AND relnamespace = (SELECT oid FROM pg_catalog.pg_namespace WHERE nspname = CURRENT_SCHEMA()))

2025/02/13 14:38:42 /home/bryan/repos/skripsi/backend/setup/setup.go:78
[2.434ms] [rows:0] SELECT description FROM pg_catalog.pg_description WHERE objsubid = (SELECT ordinal_position FROM information_schema.columns WHERE table_schema = CURRENT_SCHEMA() AND table_name = 'refresh_tokens' AND column_name = 'expires_at') AND objoid = (SELECT oid FROM pg_catalog.pg_class WHERE relname = 'refresh_tokens' AND relnamespace = (SELECT oid FROM pg_catalog.pg_namespace WHERE nspname = CURRENT_SCHEMA()))

2025/02/13 14:38:42 /home/bryan/repos/skripsi/backend/setup/setup.go:78
[1.796ms] [rows:1] SELECT count(*) FROM pg_indexes WHERE tablename = 'refresh_tokens' AND indexname = 'idx_refresh_tokens_deleted_at' AND schemaname = CURRENT_SCHEMA()

2025/02/13 14:38:42 /home/bryan/repos/skripsi/backend/setup/setup.go:78
[1.736ms] [rows:1] SELECT count(*) FROM pg_indexes WHERE tablename = 'refresh_tokens' AND indexname = 'idx_refresh_tokens_user_id' AND schemaname = CURRENT_SCHEMA()

2025/02/13 14:38:42 /home/bryan/repos/skripsi/backend/setup/setup.go:78
[1.613ms] [rows:1] SELECT count(*) FROM information_schema.tables WHERE table_schema = CURRENT_SCHEMA() AND table_name = 'transactions' AND table_type = 'BASE TABLE'

2025/02/13 14:38:42 /home/bryan/repos/skripsi/backend/setup/setup.go:78
[1.256ms] [rows:1] SELECT CURRENT_DATABASE()

2025/02/13 14:38:42 /home/bryan/repos/skripsi/backend/setup/setup.go:78
[3.915ms] [rows:-] SELECT c.column_name, c.is_nullable = 'YES', c.udt_name, c.character_maximum_length, c.numeric_precision, c.numeric_precision_radix, c.numeric_scale, c.datetime_precision, 8 * typlen, c.column_default, pd.description, c.identity_increment FROM information_schema.columns AS c JOIN pg_type AS pgt ON c.udt_name = pgt.typname LEFT JOIN pg_catalog.pg_description as pd ON pd.objsubid = c.ordinal_position AND pd.objoid = (SELECT oid FROM pg_catalog.pg_class WHERE relname = c.table_name AND relnamespace = (SELECT oid FROM pg_catalog.pg_namespace WHERE nspname = c.table_schema)) where table_catalog = $1$ AND table_schema = CURRENT_SCHEMA() AND table_name = $2$

2025/02/13 14:38:42 /home/bryan/repos/skripsi/backend/setup/setup.go:78
[1.472ms] [rows:-] SELECT * FROM "transactions" LIMIT $1$

2025/02/13 14:38:42 /home/bryan/repos/skripsi/backend/setup/setup.go:78
[3.076ms] [rows:-] SELECT constraint_name FROM information_schema.table_constraints tc JOIN information_schema.constraint_column_usage AS ccu USING (constraint_schema, constraint_catalog, table_name, constraint_name) JOIN information_schema.columns AS c ON c.table_schema = tc.constraint_schema AND tc.table_name = c.table_name AND ccu.column_name = c.column_name WHERE constraint_type IN ('PRIMARY KEY', 'UNIQUE') AND c.table_catalog = $1$ AND c.table_schema = CURRENT_SCHEMA() AND c.table_name = $2$ AND constraint_type = $3$

2025/02/13 14:38:42 /home/bryan/repos/skripsi/backend/setup/setup.go:78
[3.114ms] [rows:-] SELECT c.column_name, constraint_name, constraint_type FROM information_schema.table_constraints tc JOIN information_schema.constraint_column_usage AS ccu USING (constraint_schema, constraint_catalog, table_name, constraint_name) JOIN information_schema.columns AS c ON c.table_schema = tc.constraint_schema AND tc.table_name = c.table_name AND ccu.column_name = c.column_name WHERE constraint_type IN ('PRIMARY KEY', 'UNIQUE') AND c.table_catalog = $1$ AND c.table_schema = CURRENT_SCHEMA() AND c.table_name = $2$

2025/02/13 14:38:42 /home/bryan/repos/skripsi/backend/setup/setup.go:78
[1.177ms] [rows:-] SELECT a.attname as column_name, format_type(a.atttypid, a.atttypmod) AS data_type
		FROM pg_attribute a JOIN pg_class b ON a.attrelid = b.oid AND relnamespace = (SELECT oid FROM pg_catalog.pg_namespace WHERE nspname = CURRENT_SCHEMA())
		WHERE a.attnum > 0 -- hide internal columns
		AND NOT a.attisdropped -- hide deleted columns
		AND b.relname = $1$

2025/02/13 14:38:42 /home/bryan/repos/skripsi/backend/setup/setup.go:78
[1.556ms] [rows:0] SELECT description FROM pg_catalog.pg_description WHERE objsubid = (SELECT ordinal_position FROM information_schema.columns WHERE table_schema = CURRENT_SCHEMA() AND table_name = 'transactions' AND column_name = 'id') AND objoid = (SELECT oid FROM pg_catalog.pg_class WHERE relname = 'transactions' AND relnamespace = (SELECT oid FROM pg_catalog.pg_namespace WHERE nspname = CURRENT_SCHEMA()))

2025/02/13 14:38:42 /home/bryan/repos/skripsi/backend/setup/setup.go:78
[1.371ms] [rows:0] SELECT description FROM pg_catalog.pg_description WHERE objsubid = (SELECT ordinal_position FROM information_schema.columns WHERE table_schema = CURRENT_SCHEMA() AND table_name = 'transactions' AND column_name = 'created_at') AND objoid = (SELECT oid FROM pg_catalog.pg_class WHERE relname = 'transactions' AND relnamespace = (SELECT oid FROM pg_catalog.pg_namespace WHERE nspname = CURRENT_SCHEMA()))

2025/02/13 14:38:42 /home/bryan/repos/skripsi/backend/setup/setup.go:78
[1.362ms] [rows:0] SELECT description FROM pg_catalog.pg_description WHERE objsubid = (SELECT ordinal_position FROM information_schema.columns WHERE table_schema = CURRENT_SCHEMA() AND table_name = 'transactions' AND column_name = 'pet_daycare_id') AND objoid = (SELECT oid FROM pg_catalog.pg_class WHERE relname = 'transactions' AND relnamespace = (SELECT oid FROM pg_catalog.pg_namespace WHERE nspname = CURRENT_SCHEMA()))

2025/02/13 14:38:42 /home/bryan/repos/skripsi/backend/setup/setup.go:78
[1.514ms] [rows:0] SELECT description FROM pg_catalog.pg_description WHERE objsubid = (SELECT ordinal_position FROM information_schema.columns WHERE table_schema = CURRENT_SCHEMA() AND table_name = 'transactions' AND column_name = 'booked_slot_id') AND objoid = (SELECT oid FROM pg_catalog.pg_class WHERE relname = 'transactions' AND relnamespace = (SELECT oid FROM pg_catalog.pg_namespace WHERE nspname = CURRENT_SCHEMA()))

2025/02/13 14:38:42 /home/bryan/repos/skripsi/backend/setup/setup.go:78
[1.674ms] [rows:0] SELECT description FROM pg_catalog.pg_description WHERE objsubid = (SELECT ordinal_position FROM information_schema.columns WHERE table_schema = CURRENT_SCHEMA() AND table_name = 'transactions' AND column_name = 'status') AND objoid = (SELECT oid FROM pg_catalog.pg_class WHERE relname = 'transactions' AND relnamespace = (SELECT oid FROM pg_catalog.pg_namespace WHERE nspname = CURRENT_SCHEMA()))

2025/02/13 14:38:42 /home/bryan/repos/skripsi/backend/setup/setup.go:78
[1.337ms] [rows:1] SELECT count(*) FROM INFORMATION_SCHEMA.table_constraints WHERE table_schema = CURRENT_SCHEMA() AND table_name = 'transactions' AND constraint_name = 'fk_transactions_booked_slot'

2025/02/13 14:38:42 /home/bryan/repos/skripsi/backend/setup/setup.go:78
[1.232ms] [rows:1] SELECT count(*) FROM INFORMATION_SCHEMA.table_constraints WHERE table_schema = CURRENT_SCHEMA() AND table_name = 'transactions' AND constraint_name = 'fk_transactions_pet_daycare'

2025/02/13 14:38:42 /home/bryan/repos/skripsi/backend/setup/setup.go:78
[1.120ms] [rows:1] SELECT count(*) FROM information_schema.tables WHERE table_schema = CURRENT_SCHEMA() AND table_name = 'reduce_slots' AND table_type = 'BASE TABLE'

2025/02/13 14:38:42 /home/bryan/repos/skripsi/backend/setup/setup.go:78
[0.863ms] [rows:1] SELECT CURRENT_DATABASE()

2025/02/13 14:38:42 /home/bryan/repos/skripsi/backend/setup/setup.go:78
[3.205ms] [rows:-] SELECT c.column_name, c.is_nullable = 'YES', c.udt_name, c.character_maximum_length, c.numeric_precision, c.numeric_precision_radix, c.numeric_scale, c.datetime_precision, 8 * typlen, c.column_default, pd.description, c.identity_increment FROM information_schema.columns AS c JOIN pg_type AS pgt ON c.udt_name = pgt.typname LEFT JOIN pg_catalog.pg_description as pd ON pd.objsubid = c.ordinal_position AND pd.objoid = (SELECT oid FROM pg_catalog.pg_class WHERE relname = c.table_name AND relnamespace = (SELECT oid FROM pg_catalog.pg_namespace WHERE nspname = c.table_schema)) where table_catalog = $1$ AND table_schema = CURRENT_SCHEMA() AND table_name = $2$

2025/02/13 14:38:42 /home/bryan/repos/skripsi/backend/setup/setup.go:78
[1.134ms] [rows:-] SELECT * FROM "reduce_slots" LIMIT $1$

2025/02/13 14:38:42 /home/bryan/repos/skripsi/backend/setup/setup.go:78
[2.557ms] [rows:-] SELECT constraint_name FROM information_schema.table_constraints tc JOIN information_schema.constraint_column_usage AS ccu USING (constraint_schema, constraint_catalog, table_name, constraint_name) JOIN information_schema.columns AS c ON c.table_schema = tc.constraint_schema AND tc.table_name = c.table_name AND ccu.column_name = c.column_name WHERE constraint_type IN ('PRIMARY KEY', 'UNIQUE') AND c.table_catalog = $1$ AND c.table_schema = CURRENT_SCHEMA() AND c.table_name = $2$ AND constraint_type = $3$

2025/02/13 14:38:42 /home/bryan/repos/skripsi/backend/setup/setup.go:78
[2.538ms] [rows:-] SELECT c.column_name, constraint_name, constraint_type FROM information_schema.table_constraints tc JOIN information_schema.constraint_column_usage AS ccu USING (constraint_schema, constraint_catalog, table_name, constraint_name) JOIN information_schema.columns AS c ON c.table_schema = tc.constraint_schema AND tc.table_name = c.table_name AND ccu.column_name = c.column_name WHERE constraint_type IN ('PRIMARY KEY', 'UNIQUE') AND c.table_catalog = $1$ AND c.table_schema = CURRENT_SCHEMA() AND c.table_name = $2$

2025/02/13 14:38:42 /home/bryan/repos/skripsi/backend/setup/setup.go:78
[1.218ms] [rows:-] SELECT a.attname as column_name, format_type(a.atttypid, a.atttypmod) AS data_type
		FROM pg_attribute a JOIN pg_class b ON a.attrelid = b.oid AND relnamespace = (SELECT oid FROM pg_catalog.pg_namespace WHERE nspname = CURRENT_SCHEMA())
		WHERE a.attnum > 0 -- hide internal columns
		AND NOT a.attisdropped -- hide deleted columns
		AND b.relname = $1$

2025/02/13 14:38:42 /home/bryan/repos/skripsi/backend/setup/setup.go:78
[1.576ms] [rows:0] SELECT description FROM pg_catalog.pg_description WHERE objsubid = (SELECT ordinal_position FROM information_schema.columns WHERE table_schema = CURRENT_SCHEMA() AND table_name = 'reduce_slots' AND column_name = 'id') AND objoid = (SELECT oid FROM pg_catalog.pg_class WHERE relname = 'reduce_slots' AND relnamespace = (SELECT oid FROM pg_catalog.pg_namespace WHERE nspname = CURRENT_SCHEMA()))

2025/02/13 14:38:42 /home/bryan/repos/skripsi/backend/setup/setup.go:78
[1.755ms] [rows:0] SELECT description FROM pg_catalog.pg_description WHERE objsubid = (SELECT ordinal_position FROM information_schema.columns WHERE table_schema = CURRENT_SCHEMA() AND table_name = 'reduce_slots' AND column_name = 'slot_id') AND objoid = (SELECT oid FROM pg_catalog.pg_class WHERE relname = 'reduce_slots' AND relnamespace = (SELECT oid FROM pg_catalog.pg_namespace WHERE nspname = CURRENT_SCHEMA()))

2025/02/13 14:38:42 /home/bryan/repos/skripsi/backend/setup/setup.go:78
[1.597ms] [rows:0] SELECT description FROM pg_catalog.pg_description WHERE objsubid = (SELECT ordinal_position FROM information_schema.columns WHERE table_schema = CURRENT_SCHEMA() AND table_name = 'reduce_slots' AND column_name = 'reduced_count') AND objoid = (SELECT oid FROM pg_catalog.pg_class WHERE relname = 'reduce_slots' AND relnamespace = (SELECT oid FROM pg_catalog.pg_namespace WHERE nspname = CURRENT_SCHEMA()))

2025/02/13 14:38:42 /home/bryan/repos/skripsi/backend/setup/setup.go:78
[1.575ms] [rows:0] SELECT description FROM pg_catalog.pg_description WHERE objsubid = (SELECT ordinal_position FROM information_schema.columns WHERE table_schema = CURRENT_SCHEMA() AND table_name = 'reduce_slots' AND column_name = 'target_date') AND objoid = (SELECT oid FROM pg_catalog.pg_class WHERE relname = 'reduce_slots' AND relnamespace = (SELECT oid FROM pg_catalog.pg_namespace WHERE nspname = CURRENT_SCHEMA()))

2025/02/13 14:38:42 /home/bryan/repos/skripsi/backend/setup/setup.go:78
[1.333ms] [rows:1] SELECT count(*) FROM information_schema.tables WHERE table_schema = CURRENT_SCHEMA() AND table_name = 'booked_slots_dailies' AND table_type = 'BASE TABLE'

2025/02/13 14:38:42 /home/bryan/repos/skripsi/backend/setup/setup.go:78
[1.002ms] [rows:1] SELECT CURRENT_DATABASE()

2025/02/13 14:38:42 /home/bryan/repos/skripsi/backend/setup/setup.go:78
[3.999ms] [rows:-] SELECT c.column_name, c.is_nullable = 'YES', c.udt_name, c.character_maximum_length, c.numeric_precision, c.numeric_precision_radix, c.numeric_scale, c.datetime_precision, 8 * typlen, c.column_default, pd.description, c.identity_increment FROM information_schema.columns AS c JOIN pg_type AS pgt ON c.udt_name = pgt.typname LEFT JOIN pg_catalog.pg_description as pd ON pd.objsubid = c.ordinal_position AND pd.objoid = (SELECT oid FROM pg_catalog.pg_class WHERE relname = c.table_name AND relnamespace = (SELECT oid FROM pg_catalog.pg_namespace WHERE nspname = c.table_schema)) where table_catalog = $1$ AND table_schema = CURRENT_SCHEMA() AND table_name = $2$

2025/02/13 14:38:42 /home/bryan/repos/skripsi/backend/setup/setup.go:78
[2.055ms] [rows:-] SELECT * FROM "booked_slots_dailies" LIMIT $1$

2025/02/13 14:38:42 /home/bryan/repos/skripsi/backend/setup/setup.go:78
[3.735ms] [rows:-] SELECT constraint_name FROM information_schema.table_constraints tc JOIN information_schema.constraint_column_usage AS ccu USING (constraint_schema, constraint_catalog, table_name, constraint_name) JOIN information_schema.columns AS c ON c.table_schema = tc.constraint_schema AND tc.table_name = c.table_name AND ccu.column_name = c.column_name WHERE constraint_type IN ('PRIMARY KEY', 'UNIQUE') AND c.table_catalog = $1$ AND c.table_schema = CURRENT_SCHEMA() AND c.table_name = $2$ AND constraint_type = $3$

2025/02/13 14:38:42 /home/bryan/repos/skripsi/backend/setup/setup.go:78
[3.877ms] [rows:-] SELECT c.column_name, constraint_name, constraint_type FROM information_schema.table_constraints tc JOIN information_schema.constraint_column_usage AS ccu USING (constraint_schema, constraint_catalog, table_name, constraint_name) JOIN information_schema.columns AS c ON c.table_schema = tc.constraint_schema AND tc.table_name = c.table_name AND ccu.column_name = c.column_name WHERE constraint_type IN ('PRIMARY KEY', 'UNIQUE') AND c.table_catalog = $1$ AND c.table_schema = CURRENT_SCHEMA() AND c.table_name = $2$

2025/02/13 14:38:42 /home/bryan/repos/skripsi/backend/setup/setup.go:78
[1.648ms] [rows:-] SELECT a.attname as column_name, format_type(a.atttypid, a.atttypmod) AS data_type
		FROM pg_attribute a JOIN pg_class b ON a.attrelid = b.oid AND relnamespace = (SELECT oid FROM pg_catalog.pg_namespace WHERE nspname = CURRENT_SCHEMA())
		WHERE a.attnum > 0 -- hide internal columns
		AND NOT a.attisdropped -- hide deleted columns
		AND b.relname = $1$

2025/02/13 14:38:42 /home/bryan/repos/skripsi/backend/setup/setup.go:78
[2.989ms] [rows:0] SELECT description FROM pg_catalog.pg_description WHERE objsubid = (SELECT ordinal_position FROM information_schema.columns WHERE table_schema = CURRENT_SCHEMA() AND table_name = 'booked_slots_dailies' AND column_name = 'id') AND objoid = (SELECT oid FROM pg_catalog.pg_class WHERE relname = 'booked_slots_dailies' AND relnamespace = (SELECT oid FROM pg_catalog.pg_namespace WHERE nspname = CURRENT_SCHEMA()))

2025/02/13 14:38:42 /home/bryan/repos/skripsi/backend/setup/setup.go:78
[2.951ms] [rows:0] SELECT description FROM pg_catalog.pg_description WHERE objsubid = (SELECT ordinal_position FROM information_schema.columns WHERE table_schema = CURRENT_SCHEMA() AND table_name = 'booked_slots_dailies' AND column_name = 'daycare_id') AND objoid = (SELECT oid FROM pg_catalog.pg_class WHERE relname = 'booked_slots_dailies' AND relnamespace = (SELECT oid FROM pg_catalog.pg_namespace WHERE nspname = CURRENT_SCHEMA()))

2025/02/13 14:38:42 /home/bryan/repos/skripsi/backend/setup/setup.go:78
[2.885ms] [rows:0] SELECT description FROM pg_catalog.pg_description WHERE objsubid = (SELECT ordinal_position FROM information_schema.columns WHERE table_schema = CURRENT_SCHEMA() AND table_name = 'booked_slots_dailies' AND column_name = 'date') AND objoid = (SELECT oid FROM pg_catalog.pg_class WHERE relname = 'booked_slots_dailies' AND relnamespace = (SELECT oid FROM pg_catalog.pg_namespace WHERE nspname = CURRENT_SCHEMA()))

2025/02/13 14:38:42 /home/bryan/repos/skripsi/backend/setup/setup.go:78
[3.099ms] [rows:0] SELECT description FROM pg_catalog.pg_description WHERE objsubid = (SELECT ordinal_position FROM information_schema.columns WHERE table_schema = CURRENT_SCHEMA() AND table_name = 'booked_slots_dailies' AND column_name = 'slot_count') AND objoid = (SELECT oid FROM pg_catalog.pg_class WHERE relname = 'booked_slots_dailies' AND relnamespace = (SELECT oid FROM pg_catalog.pg_namespace WHERE nspname = CURRENT_SCHEMA()))

2025/02/13 14:38:42 /home/bryan/repos/skripsi/backend/setup/setup.go:78
[2.233ms] [rows:1] SELECT count(*) FROM pg_indexes WHERE tablename = 'booked_slots_dailies' AND indexname = 'idx_booked_slots_dailies_date' AND schemaname = CURRENT_SCHEMA()
[GIN-debug] [WARNING] Creating an Engine instance with the Logger and Recovery middleware already attached.

[GIN-debug] [WARNING] Running in "debug" mode. Switch to "release" mode in production.
 - using env:	export GIN_MODE=release
 - using code:	gin.SetMode(gin.ReleaseMode)

[GIN-debug] GET    /assets/*filepath         --> github.com/gin-gonic/gin.(*RouterGroup).createStaticHandler.func1 (3 handlers)
[GIN-debug] HEAD   /assets/*filepath         --> github.com/gin-gonic/gin.(*RouterGroup).createStaticHandler.func1 (3 handlers)
[GIN-debug] POST   /users                    --> github.com/BryanEgbert/skripsi/controller.(*UserController).CreateUser-fm (3 handlers)
[GIN-debug] GET    /users/vets               --> github.com/BryanEgbert/skripsi/controller.(*UserController).GetVets-fm (4 handlers)
[GIN-debug] GET    /users/:id                --> github.com/BryanEgbert/skripsi/controller.(*UserController).GetUser-fm (4 handlers)
[GIN-debug] DELETE /users                    --> github.com/BryanEgbert/skripsi/controller.(*UserController).DeleteUser-fm (4 handlers)
[GIN-debug] PUT    /users                    --> github.com/BryanEgbert/skripsi/controller.(*UserController).UpdateUserProfile-fm (4 handlers)
[GIN-debug] PATCH  /users/password           --> github.com/BryanEgbert/skripsi/controller.(*UserController).UpdateUserPassword-fm (4 handlers)
[GIN-debug] POST   /login                    --> github.com/BryanEgbert/skripsi/controller.(*AuthController).Login-fm (3 handlers)
[GIN-debug] POST   /refresh                  --> github.com/BryanEgbert/skripsi/controller.(*AuthController).RefreshToken-fm (4 handlers)
[GIN-debug] GET    /pets/:id                 --> github.com/BryanEgbert/skripsi/controller.(*PetController).GetPet-fm (4 handlers)
[GIN-debug] GET    /pets                     --> github.com/BryanEgbert/skripsi/controller.(*PetController).GetPets-fm (4 handlers)
[GIN-debug] POST   /pets                     --> github.com/BryanEgbert/skripsi/controller.(*PetController).CreatePet-fm (4 handlers)
[GIN-debug] PUT    /pets/:id                 --> github.com/BryanEgbert/skripsi/controller.(*PetController).UpdatePet-fm (4 handlers)
[GIN-debug] DELETE /pets/:id                 --> github.com/BryanEgbert/skripsi/controller.(*PetController).DeletePet-fm (4 handlers)
[GIN-debug] PATCH  /daycare/slot/:slotId     --> github.com/BryanEgbert/skripsi/controller.(*PetDaycareController).EditSlotCount-fm (4 handlers)
[GIN-debug] GET    /daycare/:id/slot         --> github.com/BryanEgbert/skripsi/controller.(*PetDaycareController).GetPetDaycareSlots-fm (4 handlers)
[GIN-debug] POST   /daycare/:id/slot         --> github.com/BryanEgbert/skripsi/controller.(*PetDaycareController).CreateSlot-fm (4 handlers)
[GIN-debug] GET    /daycare/:id/review       --> github.com/BryanEgbert/skripsi/controller.(*PetDaycareController).GetReviews-fm (4 handlers)
[GIN-debug] POST   /daycare/:id/review       --> github.com/BryanEgbert/skripsi/controller.(*PetDaycareController).CreateReview-fm (4 handlers)
[GIN-debug] DELETE /daycare/:id/review       --> github.com/BryanEgbert/skripsi/controller.(*PetDaycareController).DeleteReview-fm (4 handlers)
[GIN-debug] GET    /daycare/:id              --> github.com/BryanEgbert/skripsi/controller.(*PetDaycareController).GetPetDaycare-fm (4 handlers)
[GIN-debug] GET    /daycare                  --> github.com/BryanEgbert/skripsi/controller.(*PetDaycareController).GetPetDaycares-fm (4 handlers)
[GIN-debug] POST   /daycare                  --> github.com/BryanEgbert/skripsi/controller.(*PetDaycareController).CreatePetDaycare-fm (4 handlers)
[GIN-debug] PUT    /daycare/:id              --> github.com/BryanEgbert/skripsi/controller.(*PetDaycareController).UpdatePetDaycare-fm (4 handlers)
[GIN-debug] DELETE /daycare/:id              --> github.com/BryanEgbert/skripsi/controller.(*PetDaycareController).DeletePetDaycare-fm (4 handlers)
[GIN] 2025/02/13 - 14:38:42 | 400 |     152.905µs |                 | POST     "/users"
--- PASS: TestRegister (8.31s)
    --- PASS: TestRegister/On_register,_should_return_tokens_when_user_credential_is_correct (1.97s)
    --- PASS: TestRegister/On_register,_should_return_error_when_email_is_the_same (2.17s)
    --- PASS: TestRegister/On_register,_should_return_error_when_name_is_the_same (2.29s)
    --- PASS: TestRegister/On_register,_should_return_error_when_vet_specialties_are_empty_when_role_ID_is_3 (1.87s)
=== RUN   TestGetPetDaycare
=== RUN   TestGetPetDaycare/On_get_pet_daycare,_should_return_pet_daycare_if_ID_exists_in_DB

2025/02/13 14:38:43 /home/bryan/repos/skripsi/backend/setup/setup.go:60
[340.346ms] [rows:0] TRUNCATE TABLE users, vet_specialties, user_vet_specialties, pet_daycares, pets, size_categories, roles, slots, booked_slots, thumbnails, species, reviews, refresh_tokens, transactions, daily_walks, daily_playtimes, reduce_slots RESTART IDENTITY CASCADE;

2025/02/13 14:38:43 /home/bryan/repos/skripsi/backend/seeder/seeder.go:18
[14.617ms] [rows:3] INSERT INTO "roles" ("name","id") VALUES ($1$,$2$),($3$,$4$),($5$,$6$) RETURNING "id"

2025/02/13 14:38:43 /home/bryan/repos/skripsi/backend/seeder/seeder.go:29
[10.623ms] [rows:4] INSERT INTO "daily_walks" ("name","id") VALUES ($1$,$2$),($3$,$4$),($5$,$6$),($7$,$8$) RETURNING "id"

2025/02/13 14:38:43 /home/bryan/repos/skripsi/backend/seeder/seeder.go:39
[10.004ms] [rows:4] INSERT INTO "daily_playtimes" ("name","id") VALUES ($1$,$2$),($3$,$4$),($5$,$6$),($7$,$8$) RETURNING "id"

2025/02/13 14:38:43 /home/bryan/repos/skripsi/backend/seeder/seeder.go:61
[11.225ms] [rows:17] INSERT INTO "vet_specialties" ("name") VALUES ($1$),($2$),($3$),($4$),($5$),($6$),($7$),($8$),($9$),($10$),($11$),($12$),($13$),($14$),($15$),($16$),($17$) RETURNING "id"

2025/02/13 14:38:43 /home/bryan/repos/skripsi/backend/seeder/seeder.go:71
[10.911ms] [rows:3] INSERT INTO "species" ("name") VALUES ($1$),($2$),($3$) RETURNING "id"

2025/02/13 14:38:43 /home/bryan/repos/skripsi/backend/seeder/seeder.go:83
[11.096ms] [rows:5] INSERT INTO "size_categories" ("name","min_weight","max_weight") VALUES ($1$,$2$,$3$),($4$,$5$,$6$),($7$,$8$,$9$),($10$,$11$,$12$),($13$,$14$,$15$) RETURNING "id"

2025/02/13 14:38:43 /home/bryan/repos/skripsi/backend/seeder/seeder.go:106
[1.975ms] [rows:0] INSERT INTO "vet_specialties" ("name","id") VALUES ($1$,$2$),($3$,$4$),($5$,$6$) ON CONFLICT DO NOTHING RETURNING "id"

2025/02/13 14:38:43 /home/bryan/repos/skripsi/backend/seeder/seeder.go:106
[3.134ms] [rows:3] INSERT INTO "user_vet_specialties" ("user_id","vet_specialty_id") VALUES ($1$,$2$),($3$,$4$),($5$,$6$) ON CONFLICT DO NOTHING

2025/02/13 14:38:43 /home/bryan/repos/skripsi/backend/seeder/seeder.go:106
[13.042ms] [rows:6] INSERT INTO "users" ("created_at","updated_at","deleted_at","name","email","password","role_id","image_url") VALUES ($1$,$2$,$3$,$4$,$5$,$6$,$7$,$8$),($9$,$10$,$11$,$12$,$13$,$14$,$15$,$16$),($17$,$18$,$19$,$20$,$21$,$22$,$23$,$24$),($25$,$26$,$27$,$28$,$29$,$30$,$31$,$32$),($33$,$34$,$35$,$36$,$37$,$38$,$39$,DEFAULT),($40$,$41$,$42$,$43$,$44$,$45$,$46$,$47$) RETURNING "id","image_url"

2025/02/13 14:38:43 /home/bryan/repos/skripsi/backend/seeder/seeder.go:148
[1.600ms] [rows:0] INSERT INTO "daily_walks" ("name","id") VALUES ($1$,$2$) ON CONFLICT DO NOTHING RETURNING "id"

2025/02/13 14:38:43 /home/bryan/repos/skripsi/backend/seeder/seeder.go:148
[1.938ms] [rows:0] INSERT INTO "daily_playtimes" ("name","id") VALUES ($1$,$2$),($3$,$4$) ON CONFLICT DO NOTHING RETURNING "id"

2025/02/13 14:38:43 /home/bryan/repos/skripsi/backend/seeder/seeder.go:148
[11.596ms] [rows:3] INSERT INTO "pet_daycares" ("created_at","updated_at","deleted_at","name","address","latitude","longitude","price","pricing_type","description","has_pickup_service","must_be_vaccinated","food_provided","grooming_available","booked_num","daily_walks_id","daily_playtime_id","owner_id","food_brand") VALUES ($1$,$2$,$3$,$4$,$5$,$6$,$7$,$8$,$9$,$10$,$11$,$12$,$13$,$14$,$15$,$16$,$17$,$18$,$19$),($20$,$21$,$22$,$23$,$24$,$25$,$26$,$27$,$28$,$29$,$30$,$31$,$32$,$33$,$34$,$35$,$36$,$37$,$38$),($39$,$40$,$41$,$42$,$43$,$44$,$45$,$46$,$47$,$48$,$49$,$50$,$51$,$52$,$53$,$54$,$55$,$56$,$57$) RETURNING "id"

2025/02/13 14:38:43 /home/bryan/repos/skripsi/backend/seeder/seeder.go:158
[6.641ms] [rows:3] INSERT INTO "slots" ("created_at","updated_at","deleted_at","daycare_id","species_id","size_category_id","max_number") VALUES ($1$,$2$,$3$,$4$,$5$,$6$,$7$),($8$,$9$,$10$,$11$,$12$,$13$,$14$),($15$,$16$,$17$,$18$,$19$,$20$,$21$) RETURNING "id"

2025/02/13 14:38:43 /home/bryan/repos/skripsi/backend/seeder/seeder.go:172
[6.526ms] [rows:2] INSERT INTO "pets" ("created_at","updated_at","deleted_at","name","image_url","status","owner_id","species_id","size_id") VALUES ($1$,$2$,$3$,$4$,$5$,$6$,$7$,$8$,$9$),($10$,$11$,$12$,$13$,$14$,$15$,$16$,$17$,$18$) RETURNING "id"

2025/02/13 14:38:43 /home/bryan/repos/skripsi/backend/seeder/seeder.go:189
[6.129ms] [rows:2] INSERT INTO "booked_slots" ("created_at","updated_at","deleted_at","user_id","daycare_id","pet_id","start_date","end_date") VALUES ($1$,$2$,$3$,$4$,$5$,$6$,$7$,$8$),($9$,$10$,$11$,$12$,$13$,$14$,$15$,$16$) RETURNING "id"

2025/02/13 14:38:43 /home/bryan/repos/skripsi/backend/seeder/seeder.go:205
[6.686ms] [rows:3] INSERT INTO "reviews" ("created_at","updated_at","deleted_at","daycare_id","user_id","name","rate","description") VALUES ($1$,$2$,$3$,$4$,$5$,$6$,$7$,$8$),($9$,$10$,$11$,$12$,$13$,$14$,$15$,$16$),($17$,$18$,$19$,$20$,$21$,$22$,$23$,$24$) RETURNING "id"

2025/02/13 14:38:43 /home/bryan/repos/skripsi/backend/seeder/seeder.go:213
[4.703ms] [rows:1] INSERT INTO "reduce_slots" ("slot_id","reduced_count","target_date") VALUES ($1$,$2$,$3$) RETURNING "id"

2025/02/13 14:38:43 /home/bryan/repos/skripsi/backend/seeder/seeder.go:222
[5.230ms] [rows:2] INSERT INTO "thumbnails" ("daycare_id","image_url") VALUES ($1$,$2$),($3$,$4$) RETURNING "id"

2025/02/13 14:38:43 /home/bryan/repos/skripsi/backend/seeder/seeder.go:230
[6.126ms] [rows:1] INSERT INTO "transactions" ("pet_daycare_id","booked_slot_id","status") VALUES ($1$,$2$,$3$) RETURNING "created_at","id"

2025/02/13 14:38:43 /home/bryan/repos/skripsi/backend/setup/setup.go:78
[15.298ms] [rows:1] SELECT count(*) FROM information_schema.tables WHERE table_schema = CURRENT_SCHEMA() AND table_name = 'roles' AND table_type = 'BASE TABLE'

2025/02/13 14:38:43 /home/bryan/repos/skripsi/backend/setup/setup.go:78
[1.855ms] [rows:1] SELECT CURRENT_DATABASE()

2025/02/13 14:38:43 /home/bryan/repos/skripsi/backend/setup/setup.go:78
[30.853ms] [rows:-] SELECT c.column_name, c.is_nullable = 'YES', c.udt_name, c.character_maximum_length, c.numeric_precision, c.numeric_precision_radix, c.numeric_scale, c.datetime_precision, 8 * typlen, c.column_default, pd.description, c.identity_increment FROM information_schema.columns AS c JOIN pg_type AS pgt ON c.udt_name = pgt.typname LEFT JOIN pg_catalog.pg_description as pd ON pd.objsubid = c.ordinal_position AND pd.objoid = (SELECT oid FROM pg_catalog.pg_class WHERE relname = c.table_name AND relnamespace = (SELECT oid FROM pg_catalog.pg_namespace WHERE nspname = c.table_schema)) where table_catalog = $1$ AND table_schema = CURRENT_SCHEMA() AND table_name = $2$

2025/02/13 14:38:43 /home/bryan/repos/skripsi/backend/setup/setup.go:78
[0.972ms] [rows:-] SELECT * FROM "roles" LIMIT $1$

2025/02/13 14:38:43 /home/bryan/repos/skripsi/backend/setup/setup.go:78
[22.547ms] [rows:-] SELECT constraint_name FROM information_schema.table_constraints tc JOIN information_schema.constraint_column_usage AS ccu USING (constraint_schema, constraint_catalog, table_name, constraint_name) JOIN information_schema.columns AS c ON c.table_schema = tc.constraint_schema AND tc.table_name = c.table_name AND ccu.column_name = c.column_name WHERE constraint_type IN ('PRIMARY KEY', 'UNIQUE') AND c.table_catalog = $1$ AND c.table_schema = CURRENT_SCHEMA() AND c.table_name = $2$ AND constraint_type = $3$

2025/02/13 14:38:43 /home/bryan/repos/skripsi/backend/setup/setup.go:78
[19.673ms] [rows:-] SELECT c.column_name, constraint_name, constraint_type FROM information_schema.table_constraints tc JOIN information_schema.constraint_column_usage AS ccu USING (constraint_schema, constraint_catalog, table_name, constraint_name) JOIN information_schema.columns AS c ON c.table_schema = tc.constraint_schema AND tc.table_name = c.table_name AND ccu.column_name = c.column_name WHERE constraint_type IN ('PRIMARY KEY', 'UNIQUE') AND c.table_catalog = $1$ AND c.table_schema = CURRENT_SCHEMA() AND c.table_name = $2$

2025/02/13 14:38:43 /home/bryan/repos/skripsi/backend/setup/setup.go:78
[2.857ms] [rows:-] SELECT a.attname as column_name, format_type(a.atttypid, a.atttypmod) AS data_type
		FROM pg_attribute a JOIN pg_class b ON a.attrelid = b.oid AND relnamespace = (SELECT oid FROM pg_catalog.pg_namespace WHERE nspname = CURRENT_SCHEMA())
		WHERE a.attnum > 0 -- hide internal columns
		AND NOT a.attisdropped -- hide deleted columns
		AND b.relname = $1$

2025/02/13 14:38:43 /home/bryan/repos/skripsi/backend/setup/setup.go:78
[7.453ms] [rows:0] SELECT description FROM pg_catalog.pg_description WHERE objsubid = (SELECT ordinal_position FROM information_schema.columns WHERE table_schema = CURRENT_SCHEMA() AND table_name = 'roles' AND column_name = 'id') AND objoid = (SELECT oid FROM pg_catalog.pg_class WHERE relname = 'roles' AND relnamespace = (SELECT oid FROM pg_catalog.pg_namespace WHERE nspname = CURRENT_SCHEMA()))

2025/02/13 14:38:43 /home/bryan/repos/skripsi/backend/setup/setup.go:78
[5.633ms] [rows:0] SELECT description FROM pg_catalog.pg_description WHERE objsubid = (SELECT ordinal_position FROM information_schema.columns WHERE table_schema = CURRENT_SCHEMA() AND table_name = 'roles' AND column_name = 'name') AND objoid = (SELECT oid FROM pg_catalog.pg_class WHERE relname = 'roles' AND relnamespace = (SELECT oid FROM pg_catalog.pg_namespace WHERE nspname = CURRENT_SCHEMA()))

2025/02/13 14:38:43 /home/bryan/repos/skripsi/backend/setup/setup.go:78
[2.870ms] [rows:1] SELECT count(*) FROM information_schema.tables WHERE table_schema = CURRENT_SCHEMA() AND table_name = 'users' AND table_type = 'BASE TABLE'

2025/02/13 14:38:43 /home/bryan/repos/skripsi/backend/setup/setup.go:78
[1.377ms] [rows:1] SELECT CURRENT_DATABASE()

2025/02/13 14:38:43 /home/bryan/repos/skripsi/backend/setup/setup.go:78
[12.493ms] [rows:-] SELECT c.column_name, c.is_nullable = 'YES', c.udt_name, c.character_maximum_length, c.numeric_precision, c.numeric_precision_radix, c.numeric_scale, c.datetime_precision, 8 * typlen, c.column_default, pd.description, c.identity_increment FROM information_schema.columns AS c JOIN pg_type AS pgt ON c.udt_name = pgt.typname LEFT JOIN pg_catalog.pg_description as pd ON pd.objsubid = c.ordinal_position AND pd.objoid = (SELECT oid FROM pg_catalog.pg_class WHERE relname = c.table_name AND relnamespace = (SELECT oid FROM pg_catalog.pg_namespace WHERE nspname = c.table_schema)) where table_catalog = $1$ AND table_schema = CURRENT_SCHEMA() AND table_name = $2$

2025/02/13 14:38:43 /home/bryan/repos/skripsi/backend/setup/setup.go:78
[1.268ms] [rows:-] SELECT * FROM "users" LIMIT $1$

2025/02/13 14:38:43 /home/bryan/repos/skripsi/backend/setup/setup.go:78
[18.313ms] [rows:-] SELECT constraint_name FROM information_schema.table_constraints tc JOIN information_schema.constraint_column_usage AS ccu USING (constraint_schema, constraint_catalog, table_name, constraint_name) JOIN information_schema.columns AS c ON c.table_schema = tc.constraint_schema AND tc.table_name = c.table_name AND ccu.column_name = c.column_name WHERE constraint_type IN ('PRIMARY KEY', 'UNIQUE') AND c.table_catalog = $1$ AND c.table_schema = CURRENT_SCHEMA() AND c.table_name = $2$ AND constraint_type = $3$

2025/02/13 14:38:43 /home/bryan/repos/skripsi/backend/setup/setup.go:78
[24.885ms] [rows:-] SELECT c.column_name, constraint_name, constraint_type FROM information_schema.table_constraints tc JOIN information_schema.constraint_column_usage AS ccu USING (constraint_schema, constraint_catalog, table_name, constraint_name) JOIN information_schema.columns AS c ON c.table_schema = tc.constraint_schema AND tc.table_name = c.table_name AND ccu.column_name = c.column_name WHERE constraint_type IN ('PRIMARY KEY', 'UNIQUE') AND c.table_catalog = $1$ AND c.table_schema = CURRENT_SCHEMA() AND c.table_name = $2$

2025/02/13 14:38:43 /home/bryan/repos/skripsi/backend/setup/setup.go:78
[2.481ms] [rows:-] SELECT a.attname as column_name, format_type(a.atttypid, a.atttypmod) AS data_type
		FROM pg_attribute a JOIN pg_class b ON a.attrelid = b.oid AND relnamespace = (SELECT oid FROM pg_catalog.pg_namespace WHERE nspname = CURRENT_SCHEMA())
		WHERE a.attnum > 0 -- hide internal columns
		AND NOT a.attisdropped -- hide deleted columns
		AND b.relname = $1$

2025/02/13 14:38:43 /home/bryan/repos/skripsi/backend/setup/setup.go:78
[8.110ms] [rows:0] SELECT description FROM pg_catalog.pg_description WHERE objsubid = (SELECT ordinal_position FROM information_schema.columns WHERE table_schema = CURRENT_SCHEMA() AND table_name = 'users' AND column_name = 'id') AND objoid = (SELECT oid FROM pg_catalog.pg_class WHERE relname = 'users' AND relnamespace = (SELECT oid FROM pg_catalog.pg_namespace WHERE nspname = CURRENT_SCHEMA()))

2025/02/13 14:38:43 /home/bryan/repos/skripsi/backend/setup/setup.go:78
[8.594ms] [rows:0] SELECT description FROM pg_catalog.pg_description WHERE objsubid = (SELECT ordinal_position FROM information_schema.columns WHERE table_schema = CURRENT_SCHEMA() AND table_name = 'users' AND column_name = 'created_at') AND objoid = (SELECT oid FROM pg_catalog.pg_class WHERE relname = 'users' AND relnamespace = (SELECT oid FROM pg_catalog.pg_namespace WHERE nspname = CURRENT_SCHEMA()))

2025/02/13 14:38:43 /home/bryan/repos/skripsi/backend/setup/setup.go:78
[9.196ms] [rows:0] SELECT description FROM pg_catalog.pg_description WHERE objsubid = (SELECT ordinal_position FROM information_schema.columns WHERE table_schema = CURRENT_SCHEMA() AND table_name = 'users' AND column_name = 'updated_at') AND objoid = (SELECT oid FROM pg_catalog.pg_class WHERE relname = 'users' AND relnamespace = (SELECT oid FROM pg_catalog.pg_namespace WHERE nspname = CURRENT_SCHEMA()))

2025/02/13 14:38:43 /home/bryan/repos/skripsi/backend/setup/setup.go:78
[8.131ms] [rows:0] SELECT description FROM pg_catalog.pg_description WHERE objsubid = (SELECT ordinal_position FROM information_schema.columns WHERE table_schema = CURRENT_SCHEMA() AND table_name = 'users' AND column_name = 'deleted_at') AND objoid = (SELECT oid FROM pg_catalog.pg_class WHERE relname = 'users' AND relnamespace = (SELECT oid FROM pg_catalog.pg_namespace WHERE nspname = CURRENT_SCHEMA()))

2025/02/13 14:38:43 /home/bryan/repos/skripsi/backend/setup/setup.go:78
[2.450ms] [rows:0] SELECT description FROM pg_catalog.pg_description WHERE objsubid = (SELECT ordinal_position FROM information_schema.columns WHERE table_schema = CURRENT_SCHEMA() AND table_name = 'users' AND column_name = 'name') AND objoid = (SELECT oid FROM pg_catalog.pg_class WHERE relname = 'users' AND relnamespace = (SELECT oid FROM pg_catalog.pg_namespace WHERE nspname = CURRENT_SCHEMA()))

2025/02/13 14:38:43 /home/bryan/repos/skripsi/backend/setup/setup.go:78
[2.328ms] [rows:0] SELECT description FROM pg_catalog.pg_description WHERE objsubid = (SELECT ordinal_position FROM information_schema.columns WHERE table_schema = CURRENT_SCHEMA() AND table_name = 'users' AND column_name = 'email') AND objoid = (SELECT oid FROM pg_catalog.pg_class WHERE relname = 'users' AND relnamespace = (SELECT oid FROM pg_catalog.pg_namespace WHERE nspname = CURRENT_SCHEMA()))

2025/02/13 14:38:43 /home/bryan/repos/skripsi/backend/setup/setup.go:78
[2.135ms] [rows:0] SELECT description FROM pg_catalog.pg_description WHERE objsubid = (SELECT ordinal_position FROM information_schema.columns WHERE table_schema = CURRENT_SCHEMA() AND table_name = 'users' AND column_name = 'password') AND objoid = (SELECT oid FROM pg_catalog.pg_class WHERE relname = 'users' AND relnamespace = (SELECT oid FROM pg_catalog.pg_namespace WHERE nspname = CURRENT_SCHEMA()))

2025/02/13 14:38:43 /home/bryan/repos/skripsi/backend/setup/setup.go:78
[2.000ms] [rows:0] SELECT description FROM pg_catalog.pg_description WHERE objsubid = (SELECT ordinal_position FROM information_schema.columns WHERE table_schema = CURRENT_SCHEMA() AND table_name = 'users' AND column_name = 'image_url') AND objoid = (SELECT oid FROM pg_catalog.pg_class WHERE relname = 'users' AND relnamespace = (SELECT oid FROM pg_catalog.pg_namespace WHERE nspname = CURRENT_SCHEMA()))

2025/02/13 14:38:43 /home/bryan/repos/skripsi/backend/setup/setup.go:78
[2.171ms] [rows:0] SELECT description FROM pg_catalog.pg_description WHERE objsubid = (SELECT ordinal_position FROM information_schema.columns WHERE table_schema = CURRENT_SCHEMA() AND table_name = 'users' AND column_name = 'role_id') AND objoid = (SELECT oid FROM pg_catalog.pg_class WHERE relname = 'users' AND relnamespace = (SELECT oid FROM pg_catalog.pg_namespace WHERE nspname = CURRENT_SCHEMA()))

2025/02/13 14:38:43 /home/bryan/repos/skripsi/backend/setup/setup.go:78
[6.575ms] [rows:1] SELECT count(*) FROM INFORMATION_SCHEMA.table_constraints WHERE table_schema = CURRENT_SCHEMA() AND table_name = 'users' AND constraint_name = 'fk_roles_users'

2025/02/13 14:38:43 /home/bryan/repos/skripsi/backend/setup/setup.go:78
[8.868ms] [rows:1] SELECT count(*) FROM pg_indexes WHERE tablename = 'users' AND indexname = 'idx_users_deleted_at' AND schemaname = CURRENT_SCHEMA()

2025/02/13 14:38:43 /home/bryan/repos/skripsi/backend/setup/setup.go:78
[3.067ms] [rows:1] SELECT count(*) FROM information_schema.tables WHERE table_schema = CURRENT_SCHEMA() AND table_name = 'vet_specialties' AND table_type = 'BASE TABLE'

2025/02/13 14:38:43 /home/bryan/repos/skripsi/backend/setup/setup.go:78
[1.105ms] [rows:1] SELECT CURRENT_DATABASE()

2025/02/13 14:38:43 /home/bryan/repos/skripsi/backend/setup/setup.go:78
[15.650ms] [rows:-] SELECT c.column_name, c.is_nullable = 'YES', c.udt_name, c.character_maximum_length, c.numeric_precision, c.numeric_precision_radix, c.numeric_scale, c.datetime_precision, 8 * typlen, c.column_default, pd.description, c.identity_increment FROM information_schema.columns AS c JOIN pg_type AS pgt ON c.udt_name = pgt.typname LEFT JOIN pg_catalog.pg_description as pd ON pd.objsubid = c.ordinal_position AND pd.objoid = (SELECT oid FROM pg_catalog.pg_class WHERE relname = c.table_name AND relnamespace = (SELECT oid FROM pg_catalog.pg_namespace WHERE nspname = c.table_schema)) where table_catalog = $1$ AND table_schema = CURRENT_SCHEMA() AND table_name = $2$

2025/02/13 14:38:43 /home/bryan/repos/skripsi/backend/setup/setup.go:78
[1.354ms] [rows:-] SELECT * FROM "vet_specialties" LIMIT $1$

2025/02/13 14:38:43 /home/bryan/repos/skripsi/backend/setup/setup.go:78
[22.154ms] [rows:-] SELECT constraint_name FROM information_schema.table_constraints tc JOIN information_schema.constraint_column_usage AS ccu USING (constraint_schema, constraint_catalog, table_name, constraint_name) JOIN information_schema.columns AS c ON c.table_schema = tc.constraint_schema AND tc.table_name = c.table_name AND ccu.column_name = c.column_name WHERE constraint_type IN ('PRIMARY KEY', 'UNIQUE') AND c.table_catalog = $1$ AND c.table_schema = CURRENT_SCHEMA() AND c.table_name = $2$ AND constraint_type = $3$

2025/02/13 14:38:43 /home/bryan/repos/skripsi/backend/setup/setup.go:78
[22.105ms] [rows:-] SELECT c.column_name, constraint_name, constraint_type FROM information_schema.table_constraints tc JOIN information_schema.constraint_column_usage AS ccu USING (constraint_schema, constraint_catalog, table_name, constraint_name) JOIN information_schema.columns AS c ON c.table_schema = tc.constraint_schema AND tc.table_name = c.table_name AND ccu.column_name = c.column_name WHERE constraint_type IN ('PRIMARY KEY', 'UNIQUE') AND c.table_catalog = $1$ AND c.table_schema = CURRENT_SCHEMA() AND c.table_name = $2$

2025/02/13 14:38:43 /home/bryan/repos/skripsi/backend/setup/setup.go:78
[2.184ms] [rows:-] SELECT a.attname as column_name, format_type(a.atttypid, a.atttypmod) AS data_type
		FROM pg_attribute a JOIN pg_class b ON a.attrelid = b.oid AND relnamespace = (SELECT oid FROM pg_catalog.pg_namespace WHERE nspname = CURRENT_SCHEMA())
		WHERE a.attnum > 0 -- hide internal columns
		AND NOT a.attisdropped -- hide deleted columns
		AND b.relname = $1$

2025/02/13 14:38:43 /home/bryan/repos/skripsi/backend/setup/setup.go:78
[2.018ms] [rows:0] SELECT description FROM pg_catalog.pg_description WHERE objsubid = (SELECT ordinal_position FROM information_schema.columns WHERE table_schema = CURRENT_SCHEMA() AND table_name = 'vet_specialties' AND column_name = 'id') AND objoid = (SELECT oid FROM pg_catalog.pg_class WHERE relname = 'vet_specialties' AND relnamespace = (SELECT oid FROM pg_catalog.pg_namespace WHERE nspname = CURRENT_SCHEMA()))

2025/02/13 14:38:43 /home/bryan/repos/skripsi/backend/setup/setup.go:78
[1.943ms] [rows:0] SELECT description FROM pg_catalog.pg_description WHERE objsubid = (SELECT ordinal_position FROM information_schema.columns WHERE table_schema = CURRENT_SCHEMA() AND table_name = 'vet_specialties' AND column_name = 'name') AND objoid = (SELECT oid FROM pg_catalog.pg_class WHERE relname = 'vet_specialties' AND relnamespace = (SELECT oid FROM pg_catalog.pg_namespace WHERE nspname = CURRENT_SCHEMA()))

2025/02/13 14:38:43 /home/bryan/repos/skripsi/backend/setup/setup.go:78
[2.972ms] [rows:1] SELECT count(*) FROM information_schema.tables WHERE table_schema = CURRENT_SCHEMA() AND table_name = 'user_vet_specialties' AND table_type = 'BASE TABLE'

2025/02/13 14:38:43 /home/bryan/repos/skripsi/backend/setup/setup.go:78
[1.112ms] [rows:1] SELECT CURRENT_DATABASE()

2025/02/13 14:38:43 /home/bryan/repos/skripsi/backend/setup/setup.go:78
[15.381ms] [rows:-] SELECT c.column_name, c.is_nullable = 'YES', c.udt_name, c.character_maximum_length, c.numeric_precision, c.numeric_precision_radix, c.numeric_scale, c.datetime_precision, 8 * typlen, c.column_default, pd.description, c.identity_increment FROM information_schema.columns AS c JOIN pg_type AS pgt ON c.udt_name = pgt.typname LEFT JOIN pg_catalog.pg_description as pd ON pd.objsubid = c.ordinal_position AND pd.objoid = (SELECT oid FROM pg_catalog.pg_class WHERE relname = c.table_name AND relnamespace = (SELECT oid FROM pg_catalog.pg_namespace WHERE nspname = c.table_schema)) where table_catalog = $1$ AND table_schema = CURRENT_SCHEMA() AND table_name = $2$

2025/02/13 14:38:43 /home/bryan/repos/skripsi/backend/setup/setup.go:78
[1.367ms] [rows:-] SELECT * FROM "user_vet_specialties" LIMIT $1$

2025/02/13 14:38:43 /home/bryan/repos/skripsi/backend/setup/setup.go:78
[21.747ms] [rows:-] SELECT constraint_name FROM information_schema.table_constraints tc JOIN information_schema.constraint_column_usage AS ccu USING (constraint_schema, constraint_catalog, table_name, constraint_name) JOIN information_schema.columns AS c ON c.table_schema = tc.constraint_schema AND tc.table_name = c.table_name AND ccu.column_name = c.column_name WHERE constraint_type IN ('PRIMARY KEY', 'UNIQUE') AND c.table_catalog = $1$ AND c.table_schema = CURRENT_SCHEMA() AND c.table_name = $2$ AND constraint_type = $3$

2025/02/13 14:38:43 /home/bryan/repos/skripsi/backend/setup/setup.go:78
[18.368ms] [rows:-] SELECT c.column_name, constraint_name, constraint_type FROM information_schema.table_constraints tc JOIN information_schema.constraint_column_usage AS ccu USING (constraint_schema, constraint_catalog, table_name, constraint_name) JOIN information_schema.columns AS c ON c.table_schema = tc.constraint_schema AND tc.table_name = c.table_name AND ccu.column_name = c.column_name WHERE constraint_type IN ('PRIMARY KEY', 'UNIQUE') AND c.table_catalog = $1$ AND c.table_schema = CURRENT_SCHEMA() AND c.table_name = $2$

2025/02/13 14:38:43 /home/bryan/repos/skripsi/backend/setup/setup.go:78
[1.578ms] [rows:-] SELECT a.attname as column_name, format_type(a.atttypid, a.atttypmod) AS data_type
		FROM pg_attribute a JOIN pg_class b ON a.attrelid = b.oid AND relnamespace = (SELECT oid FROM pg_catalog.pg_namespace WHERE nspname = CURRENT_SCHEMA())
		WHERE a.attnum > 0 -- hide internal columns
		AND NOT a.attisdropped -- hide deleted columns
		AND b.relname = $1$

2025/02/13 14:38:43 /home/bryan/repos/skripsi/backend/setup/setup.go:78
[1.354ms] [rows:0] SELECT description FROM pg_catalog.pg_description WHERE objsubid = (SELECT ordinal_position FROM information_schema.columns WHERE table_schema = CURRENT_SCHEMA() AND table_name = 'user_vet_specialties' AND column_name = 'user_id') AND objoid = (SELECT oid FROM pg_catalog.pg_class WHERE relname = 'user_vet_specialties' AND relnamespace = (SELECT oid FROM pg_catalog.pg_namespace WHERE nspname = CURRENT_SCHEMA()))

2025/02/13 14:38:43 /home/bryan/repos/skripsi/backend/setup/setup.go:78
[1.389ms] [rows:0] SELECT description FROM pg_catalog.pg_description WHERE objsubid = (SELECT ordinal_position FROM information_schema.columns WHERE table_schema = CURRENT_SCHEMA() AND table_name = 'user_vet_specialties' AND column_name = 'vet_specialty_id') AND objoid = (SELECT oid FROM pg_catalog.pg_class WHERE relname = 'user_vet_specialties' AND relnamespace = (SELECT oid FROM pg_catalog.pg_namespace WHERE nspname = CURRENT_SCHEMA()))

2025/02/13 14:38:43 /home/bryan/repos/skripsi/backend/setup/setup.go:78
[3.520ms] [rows:1] SELECT count(*) FROM INFORMATION_SCHEMA.table_constraints WHERE table_schema = CURRENT_SCHEMA() AND table_name = 'user_vet_specialties' AND constraint_name = 'fk_user_vet_specialties_user'

2025/02/13 14:38:43 /home/bryan/repos/skripsi/backend/setup/setup.go:78
[3.515ms] [rows:1] SELECT count(*) FROM INFORMATION_SCHEMA.table_constraints WHERE table_schema = CURRENT_SCHEMA() AND table_name = 'user_vet_specialties' AND constraint_name = 'fk_user_vet_specialties_vet_specialty'

2025/02/13 14:38:43 /home/bryan/repos/skripsi/backend/setup/setup.go:78
[2.235ms] [rows:1] SELECT count(*) FROM information_schema.tables WHERE table_schema = CURRENT_SCHEMA() AND table_name = 'daily_walks' AND table_type = 'BASE TABLE'

2025/02/13 14:38:43 /home/bryan/repos/skripsi/backend/setup/setup.go:78
[0.792ms] [rows:1] SELECT CURRENT_DATABASE()

2025/02/13 14:38:43 /home/bryan/repos/skripsi/backend/setup/setup.go:78
[16.108ms] [rows:-] SELECT c.column_name, c.is_nullable = 'YES', c.udt_name, c.character_maximum_length, c.numeric_precision, c.numeric_precision_radix, c.numeric_scale, c.datetime_precision, 8 * typlen, c.column_default, pd.description, c.identity_increment FROM information_schema.columns AS c JOIN pg_type AS pgt ON c.udt_name = pgt.typname LEFT JOIN pg_catalog.pg_description as pd ON pd.objsubid = c.ordinal_position AND pd.objoid = (SELECT oid FROM pg_catalog.pg_class WHERE relname = c.table_name AND relnamespace = (SELECT oid FROM pg_catalog.pg_namespace WHERE nspname = c.table_schema)) where table_catalog = $1$ AND table_schema = CURRENT_SCHEMA() AND table_name = $2$

2025/02/13 14:38:43 /home/bryan/repos/skripsi/backend/setup/setup.go:78
[0.907ms] [rows:-] SELECT * FROM "daily_walks" LIMIT $1$

2025/02/13 14:38:43 /home/bryan/repos/skripsi/backend/setup/setup.go:78
[15.507ms] [rows:-] SELECT constraint_name FROM information_schema.table_constraints tc JOIN information_schema.constraint_column_usage AS ccu USING (constraint_schema, constraint_catalog, table_name, constraint_name) JOIN information_schema.columns AS c ON c.table_schema = tc.constraint_schema AND tc.table_name = c.table_name AND ccu.column_name = c.column_name WHERE constraint_type IN ('PRIMARY KEY', 'UNIQUE') AND c.table_catalog = $1$ AND c.table_schema = CURRENT_SCHEMA() AND c.table_name = $2$ AND constraint_type = $3$

2025/02/13 14:38:43 /home/bryan/repos/skripsi/backend/setup/setup.go:78
[19.629ms] [rows:-] SELECT c.column_name, constraint_name, constraint_type FROM information_schema.table_constraints tc JOIN information_schema.constraint_column_usage AS ccu USING (constraint_schema, constraint_catalog, table_name, constraint_name) JOIN information_schema.columns AS c ON c.table_schema = tc.constraint_schema AND tc.table_name = c.table_name AND ccu.column_name = c.column_name WHERE constraint_type IN ('PRIMARY KEY', 'UNIQUE') AND c.table_catalog = $1$ AND c.table_schema = CURRENT_SCHEMA() AND c.table_name = $2$

2025/02/13 14:38:43 /home/bryan/repos/skripsi/backend/setup/setup.go:78
[2.129ms] [rows:-] SELECT a.attname as column_name, format_type(a.atttypid, a.atttypmod) AS data_type
		FROM pg_attribute a JOIN pg_class b ON a.attrelid = b.oid AND relnamespace = (SELECT oid FROM pg_catalog.pg_namespace WHERE nspname = CURRENT_SCHEMA())
		WHERE a.attnum > 0 -- hide internal columns
		AND NOT a.attisdropped -- hide deleted columns
		AND b.relname = $1$

2025/02/13 14:38:43 /home/bryan/repos/skripsi/backend/setup/setup.go:78
[1.899ms] [rows:0] SELECT description FROM pg_catalog.pg_description WHERE objsubid = (SELECT ordinal_position FROM information_schema.columns WHERE table_schema = CURRENT_SCHEMA() AND table_name = 'daily_walks' AND column_name = 'id') AND objoid = (SELECT oid FROM pg_catalog.pg_class WHERE relname = 'daily_walks' AND relnamespace = (SELECT oid FROM pg_catalog.pg_namespace WHERE nspname = CURRENT_SCHEMA()))

2025/02/13 14:38:43 /home/bryan/repos/skripsi/backend/setup/setup.go:78
[1.859ms] [rows:0] SELECT description FROM pg_catalog.pg_description WHERE objsubid = (SELECT ordinal_position FROM information_schema.columns WHERE table_schema = CURRENT_SCHEMA() AND table_name = 'daily_walks' AND column_name = 'name') AND objoid = (SELECT oid FROM pg_catalog.pg_class WHERE relname = 'daily_walks' AND relnamespace = (SELECT oid FROM pg_catalog.pg_namespace WHERE nspname = CURRENT_SCHEMA()))

2025/02/13 14:38:43 /home/bryan/repos/skripsi/backend/setup/setup.go:78
[2.763ms] [rows:1] SELECT count(*) FROM information_schema.tables WHERE table_schema = CURRENT_SCHEMA() AND table_name = 'daily_playtimes' AND table_type = 'BASE TABLE'

2025/02/13 14:38:43 /home/bryan/repos/skripsi/backend/setup/setup.go:78
[0.966ms] [rows:1] SELECT CURRENT_DATABASE()

2025/02/13 14:38:43 /home/bryan/repos/skripsi/backend/setup/setup.go:78
[21.095ms] [rows:-] SELECT c.column_name, c.is_nullable = 'YES', c.udt_name, c.character_maximum_length, c.numeric_precision, c.numeric_precision_radix, c.numeric_scale, c.datetime_precision, 8 * typlen, c.column_default, pd.description, c.identity_increment FROM information_schema.columns AS c JOIN pg_type AS pgt ON c.udt_name = pgt.typname LEFT JOIN pg_catalog.pg_description as pd ON pd.objsubid = c.ordinal_position AND pd.objoid = (SELECT oid FROM pg_catalog.pg_class WHERE relname = c.table_name AND relnamespace = (SELECT oid FROM pg_catalog.pg_namespace WHERE nspname = c.table_schema)) where table_catalog = $1$ AND table_schema = CURRENT_SCHEMA() AND table_name = $2$

2025/02/13 14:38:43 /home/bryan/repos/skripsi/backend/setup/setup.go:78
[1.365ms] [rows:-] SELECT * FROM "daily_playtimes" LIMIT $1$

2025/02/13 14:38:43 /home/bryan/repos/skripsi/backend/setup/setup.go:78
[21.059ms] [rows:-] SELECT constraint_name FROM information_schema.table_constraints tc JOIN information_schema.constraint_column_usage AS ccu USING (constraint_schema, constraint_catalog, table_name, constraint_name) JOIN information_schema.columns AS c ON c.table_schema = tc.constraint_schema AND tc.table_name = c.table_name AND ccu.column_name = c.column_name WHERE constraint_type IN ('PRIMARY KEY', 'UNIQUE') AND c.table_catalog = $1$ AND c.table_schema = CURRENT_SCHEMA() AND c.table_name = $2$ AND constraint_type = $3$

2025/02/13 14:38:43 /home/bryan/repos/skripsi/backend/setup/setup.go:78
[20.907ms] [rows:-] SELECT c.column_name, constraint_name, constraint_type FROM information_schema.table_constraints tc JOIN information_schema.constraint_column_usage AS ccu USING (constraint_schema, constraint_catalog, table_name, constraint_name) JOIN information_schema.columns AS c ON c.table_schema = tc.constraint_schema AND tc.table_name = c.table_name AND ccu.column_name = c.column_name WHERE constraint_type IN ('PRIMARY KEY', 'UNIQUE') AND c.table_catalog = $1$ AND c.table_schema = CURRENT_SCHEMA() AND c.table_name = $2$

2025/02/13 14:38:43 /home/bryan/repos/skripsi/backend/setup/setup.go:78
[2.264ms] [rows:-] SELECT a.attname as column_name, format_type(a.atttypid, a.atttypmod) AS data_type
		FROM pg_attribute a JOIN pg_class b ON a.attrelid = b.oid AND relnamespace = (SELECT oid FROM pg_catalog.pg_namespace WHERE nspname = CURRENT_SCHEMA())
		WHERE a.attnum > 0 -- hide internal columns
		AND NOT a.attisdropped -- hide deleted columns
		AND b.relname = $1$

2025/02/13 14:38:43 /home/bryan/repos/skripsi/backend/setup/setup.go:78
[1.890ms] [rows:0] SELECT description FROM pg_catalog.pg_description WHERE objsubid = (SELECT ordinal_position FROM information_schema.columns WHERE table_schema = CURRENT_SCHEMA() AND table_name = 'daily_playtimes' AND column_name = 'id') AND objoid = (SELECT oid FROM pg_catalog.pg_class WHERE relname = 'daily_playtimes' AND relnamespace = (SELECT oid FROM pg_catalog.pg_namespace WHERE nspname = CURRENT_SCHEMA()))

2025/02/13 14:38:43 /home/bryan/repos/skripsi/backend/setup/setup.go:78
[1.927ms] [rows:0] SELECT description FROM pg_catalog.pg_description WHERE objsubid = (SELECT ordinal_position FROM information_schema.columns WHERE table_schema = CURRENT_SCHEMA() AND table_name = 'daily_playtimes' AND column_name = 'name') AND objoid = (SELECT oid FROM pg_catalog.pg_class WHERE relname = 'daily_playtimes' AND relnamespace = (SELECT oid FROM pg_catalog.pg_namespace WHERE nspname = CURRENT_SCHEMA()))

2025/02/13 14:38:43 /home/bryan/repos/skripsi/backend/setup/setup.go:78
[1.408ms] [rows:1] SELECT count(*) FROM information_schema.tables WHERE table_schema = CURRENT_SCHEMA() AND table_name = 'pet_daycares' AND table_type = 'BASE TABLE'

2025/02/13 14:38:43 /home/bryan/repos/skripsi/backend/setup/setup.go:78
[1.030ms] [rows:1] SELECT CURRENT_DATABASE()

2025/02/13 14:38:43 /home/bryan/repos/skripsi/backend/setup/setup.go:78
[6.014ms] [rows:-] SELECT c.column_name, c.is_nullable = 'YES', c.udt_name, c.character_maximum_length, c.numeric_precision, c.numeric_precision_radix, c.numeric_scale, c.datetime_precision, 8 * typlen, c.column_default, pd.description, c.identity_increment FROM information_schema.columns AS c JOIN pg_type AS pgt ON c.udt_name = pgt.typname LEFT JOIN pg_catalog.pg_description as pd ON pd.objsubid = c.ordinal_position AND pd.objoid = (SELECT oid FROM pg_catalog.pg_class WHERE relname = c.table_name AND relnamespace = (SELECT oid FROM pg_catalog.pg_namespace WHERE nspname = c.table_schema)) where table_catalog = $1$ AND table_schema = CURRENT_SCHEMA() AND table_name = $2$

2025/02/13 14:38:43 /home/bryan/repos/skripsi/backend/setup/setup.go:78
[1.426ms] [rows:-] SELECT * FROM "pet_daycares" LIMIT $1$

2025/02/13 14:38:43 /home/bryan/repos/skripsi/backend/setup/setup.go:78
[8.210ms] [rows:-] SELECT constraint_name FROM information_schema.table_constraints tc JOIN information_schema.constraint_column_usage AS ccu USING (constraint_schema, constraint_catalog, table_name, constraint_name) JOIN information_schema.columns AS c ON c.table_schema = tc.constraint_schema AND tc.table_name = c.table_name AND ccu.column_name = c.column_name WHERE constraint_type IN ('PRIMARY KEY', 'UNIQUE') AND c.table_catalog = $1$ AND c.table_schema = CURRENT_SCHEMA() AND c.table_name = $2$ AND constraint_type = $3$

2025/02/13 14:38:43 /home/bryan/repos/skripsi/backend/setup/setup.go:78
[8.513ms] [rows:-] SELECT c.column_name, constraint_name, constraint_type FROM information_schema.table_constraints tc JOIN information_schema.constraint_column_usage AS ccu USING (constraint_schema, constraint_catalog, table_name, constraint_name) JOIN information_schema.columns AS c ON c.table_schema = tc.constraint_schema AND tc.table_name = c.table_name AND ccu.column_name = c.column_name WHERE constraint_type IN ('PRIMARY KEY', 'UNIQUE') AND c.table_catalog = $1$ AND c.table_schema = CURRENT_SCHEMA() AND c.table_name = $2$

2025/02/13 14:38:43 /home/bryan/repos/skripsi/backend/setup/setup.go:78
[1.397ms] [rows:-] SELECT a.attname as column_name, format_type(a.atttypid, a.atttypmod) AS data_type
		FROM pg_attribute a JOIN pg_class b ON a.attrelid = b.oid AND relnamespace = (SELECT oid FROM pg_catalog.pg_namespace WHERE nspname = CURRENT_SCHEMA())
		WHERE a.attnum > 0 -- hide internal columns
		AND NOT a.attisdropped -- hide deleted columns
		AND b.relname = $1$

2025/02/13 14:38:43 /home/bryan/repos/skripsi/backend/setup/setup.go:78
[1.910ms] [rows:0] SELECT description FROM pg_catalog.pg_description WHERE objsubid = (SELECT ordinal_position FROM information_schema.columns WHERE table_schema = CURRENT_SCHEMA() AND table_name = 'pet_daycares' AND column_name = 'id') AND objoid = (SELECT oid FROM pg_catalog.pg_class WHERE relname = 'pet_daycares' AND relnamespace = (SELECT oid FROM pg_catalog.pg_namespace WHERE nspname = CURRENT_SCHEMA()))

2025/02/13 14:38:43 /home/bryan/repos/skripsi/backend/setup/setup.go:78
[1.974ms] [rows:0] SELECT description FROM pg_catalog.pg_description WHERE objsubid = (SELECT ordinal_position FROM information_schema.columns WHERE table_schema = CURRENT_SCHEMA() AND table_name = 'pet_daycares' AND column_name = 'created_at') AND objoid = (SELECT oid FROM pg_catalog.pg_class WHERE relname = 'pet_daycares' AND relnamespace = (SELECT oid FROM pg_catalog.pg_namespace WHERE nspname = CURRENT_SCHEMA()))

2025/02/13 14:38:43 /home/bryan/repos/skripsi/backend/setup/setup.go:78
[1.877ms] [rows:0] SELECT description FROM pg_catalog.pg_description WHERE objsubid = (SELECT ordinal_position FROM information_schema.columns WHERE table_schema = CURRENT_SCHEMA() AND table_name = 'pet_daycares' AND column_name = 'updated_at') AND objoid = (SELECT oid FROM pg_catalog.pg_class WHERE relname = 'pet_daycares' AND relnamespace = (SELECT oid FROM pg_catalog.pg_namespace WHERE nspname = CURRENT_SCHEMA()))

2025/02/13 14:38:43 /home/bryan/repos/skripsi/backend/setup/setup.go:78
[1.847ms] [rows:0] SELECT description FROM pg_catalog.pg_description WHERE objsubid = (SELECT ordinal_position FROM information_schema.columns WHERE table_schema = CURRENT_SCHEMA() AND table_name = 'pet_daycares' AND column_name = 'deleted_at') AND objoid = (SELECT oid FROM pg_catalog.pg_class WHERE relname = 'pet_daycares' AND relnamespace = (SELECT oid FROM pg_catalog.pg_namespace WHERE nspname = CURRENT_SCHEMA()))

2025/02/13 14:38:43 /home/bryan/repos/skripsi/backend/setup/setup.go:78
[1.864ms] [rows:0] SELECT description FROM pg_catalog.pg_description WHERE objsubid = (SELECT ordinal_position FROM information_schema.columns WHERE table_schema = CURRENT_SCHEMA() AND table_name = 'pet_daycares' AND column_name = 'name') AND objoid = (SELECT oid FROM pg_catalog.pg_class WHERE relname = 'pet_daycares' AND relnamespace = (SELECT oid FROM pg_catalog.pg_namespace WHERE nspname = CURRENT_SCHEMA()))

2025/02/13 14:38:43 /home/bryan/repos/skripsi/backend/setup/setup.go:78
[1.836ms] [rows:0] SELECT description FROM pg_catalog.pg_description WHERE objsubid = (SELECT ordinal_position FROM information_schema.columns WHERE table_schema = CURRENT_SCHEMA() AND table_name = 'pet_daycares' AND column_name = 'address') AND objoid = (SELECT oid FROM pg_catalog.pg_class WHERE relname = 'pet_daycares' AND relnamespace = (SELECT oid FROM pg_catalog.pg_namespace WHERE nspname = CURRENT_SCHEMA()))

2025/02/13 14:38:43 /home/bryan/repos/skripsi/backend/setup/setup.go:78
[1.853ms] [rows:0] SELECT description FROM pg_catalog.pg_description WHERE objsubid = (SELECT ordinal_position FROM information_schema.columns WHERE table_schema = CURRENT_SCHEMA() AND table_name = 'pet_daycares' AND column_name = 'latitude') AND objoid = (SELECT oid FROM pg_catalog.pg_class WHERE relname = 'pet_daycares' AND relnamespace = (SELECT oid FROM pg_catalog.pg_namespace WHERE nspname = CURRENT_SCHEMA()))

2025/02/13 14:38:43 /home/bryan/repos/skripsi/backend/setup/setup.go:78
[1.873ms] [rows:0] SELECT description FROM pg_catalog.pg_description WHERE objsubid = (SELECT ordinal_position FROM information_schema.columns WHERE table_schema = CURRENT_SCHEMA() AND table_name = 'pet_daycares' AND column_name = 'longitude') AND objoid = (SELECT oid FROM pg_catalog.pg_class WHERE relname = 'pet_daycares' AND relnamespace = (SELECT oid FROM pg_catalog.pg_namespace WHERE nspname = CURRENT_SCHEMA()))

2025/02/13 14:38:43 /home/bryan/repos/skripsi/backend/setup/setup.go:78
[1.874ms] [rows:0] SELECT description FROM pg_catalog.pg_description WHERE objsubid = (SELECT ordinal_position FROM information_schema.columns WHERE table_schema = CURRENT_SCHEMA() AND table_name = 'pet_daycares' AND column_name = 'price') AND objoid = (SELECT oid FROM pg_catalog.pg_class WHERE relname = 'pet_daycares' AND relnamespace = (SELECT oid FROM pg_catalog.pg_namespace WHERE nspname = CURRENT_SCHEMA()))

2025/02/13 14:38:43 /home/bryan/repos/skripsi/backend/setup/setup.go:78
[1.921ms] [rows:0] SELECT description FROM pg_catalog.pg_description WHERE objsubid = (SELECT ordinal_position FROM information_schema.columns WHERE table_schema = CURRENT_SCHEMA() AND table_name = 'pet_daycares' AND column_name = 'pricing_type') AND objoid = (SELECT oid FROM pg_catalog.pg_class WHERE relname = 'pet_daycares' AND relnamespace = (SELECT oid FROM pg_catalog.pg_namespace WHERE nspname = CURRENT_SCHEMA()))

2025/02/13 14:38:43 /home/bryan/repos/skripsi/backend/setup/setup.go:78
[2.044ms] [rows:0] SELECT description FROM pg_catalog.pg_description WHERE objsubid = (SELECT ordinal_position FROM information_schema.columns WHERE table_schema = CURRENT_SCHEMA() AND table_name = 'pet_daycares' AND column_name = 'description') AND objoid = (SELECT oid FROM pg_catalog.pg_class WHERE relname = 'pet_daycares' AND relnamespace = (SELECT oid FROM pg_catalog.pg_namespace WHERE nspname = CURRENT_SCHEMA()))

2025/02/13 14:38:43 /home/bryan/repos/skripsi/backend/setup/setup.go:78
[2.505ms] [rows:0] SELECT description FROM pg_catalog.pg_description WHERE objsubid = (SELECT ordinal_position FROM information_schema.columns WHERE table_schema = CURRENT_SCHEMA() AND table_name = 'pet_daycares' AND column_name = 'has_pickup_service') AND objoid = (SELECT oid FROM pg_catalog.pg_class WHERE relname = 'pet_daycares' AND relnamespace = (SELECT oid FROM pg_catalog.pg_namespace WHERE nspname = CURRENT_SCHEMA()))

2025/02/13 14:38:43 /home/bryan/repos/skripsi/backend/setup/setup.go:78
[2.457ms] [rows:0] SELECT description FROM pg_catalog.pg_description WHERE objsubid = (SELECT ordinal_position FROM information_schema.columns WHERE table_schema = CURRENT_SCHEMA() AND table_name = 'pet_daycares' AND column_name = 'must_be_vaccinated') AND objoid = (SELECT oid FROM pg_catalog.pg_class WHERE relname = 'pet_daycares' AND relnamespace = (SELECT oid FROM pg_catalog.pg_namespace WHERE nspname = CURRENT_SCHEMA()))

2025/02/13 14:38:43 /home/bryan/repos/skripsi/backend/setup/setup.go:78
[2.491ms] [rows:0] SELECT description FROM pg_catalog.pg_description WHERE objsubid = (SELECT ordinal_position FROM information_schema.columns WHERE table_schema = CURRENT_SCHEMA() AND table_name = 'pet_daycares' AND column_name = 'food_provided') AND objoid = (SELECT oid FROM pg_catalog.pg_class WHERE relname = 'pet_daycares' AND relnamespace = (SELECT oid FROM pg_catalog.pg_namespace WHERE nspname = CURRENT_SCHEMA()))

2025/02/13 14:38:43 /home/bryan/repos/skripsi/backend/setup/setup.go:78
[2.421ms] [rows:0] SELECT description FROM pg_catalog.pg_description WHERE objsubid = (SELECT ordinal_position FROM information_schema.columns WHERE table_schema = CURRENT_SCHEMA() AND table_name = 'pet_daycares' AND column_name = 'grooming_available') AND objoid = (SELECT oid FROM pg_catalog.pg_class WHERE relname = 'pet_daycares' AND relnamespace = (SELECT oid FROM pg_catalog.pg_namespace WHERE nspname = CURRENT_SCHEMA()))

2025/02/13 14:38:43 /home/bryan/repos/skripsi/backend/setup/setup.go:78
[2.347ms] [rows:0] SELECT description FROM pg_catalog.pg_description WHERE objsubid = (SELECT ordinal_position FROM information_schema.columns WHERE table_schema = CURRENT_SCHEMA() AND table_name = 'pet_daycares' AND column_name = 'booked_num') AND objoid = (SELECT oid FROM pg_catalog.pg_class WHERE relname = 'pet_daycares' AND relnamespace = (SELECT oid FROM pg_catalog.pg_namespace WHERE nspname = CURRENT_SCHEMA()))

2025/02/13 14:38:43 /home/bryan/repos/skripsi/backend/setup/setup.go:78
[2.320ms] [rows:0] SELECT description FROM pg_catalog.pg_description WHERE objsubid = (SELECT ordinal_position FROM information_schema.columns WHERE table_schema = CURRENT_SCHEMA() AND table_name = 'pet_daycares' AND column_name = 'daily_walks_id') AND objoid = (SELECT oid FROM pg_catalog.pg_class WHERE relname = 'pet_daycares' AND relnamespace = (SELECT oid FROM pg_catalog.pg_namespace WHERE nspname = CURRENT_SCHEMA()))

2025/02/13 14:38:43 /home/bryan/repos/skripsi/backend/setup/setup.go:78
[2.121ms] [rows:0] SELECT description FROM pg_catalog.pg_description WHERE objsubid = (SELECT ordinal_position FROM information_schema.columns WHERE table_schema = CURRENT_SCHEMA() AND table_name = 'pet_daycares' AND column_name = 'daily_playtime_id') AND objoid = (SELECT oid FROM pg_catalog.pg_class WHERE relname = 'pet_daycares' AND relnamespace = (SELECT oid FROM pg_catalog.pg_namespace WHERE nspname = CURRENT_SCHEMA()))

2025/02/13 14:38:43 /home/bryan/repos/skripsi/backend/setup/setup.go:78
[2.283ms] [rows:0] SELECT description FROM pg_catalog.pg_description WHERE objsubid = (SELECT ordinal_position FROM information_schema.columns WHERE table_schema = CURRENT_SCHEMA() AND table_name = 'pet_daycares' AND column_name = 'owner_id') AND objoid = (SELECT oid FROM pg_catalog.pg_class WHERE relname = 'pet_daycares' AND relnamespace = (SELECT oid FROM pg_catalog.pg_namespace WHERE nspname = CURRENT_SCHEMA()))

2025/02/13 14:38:43 /home/bryan/repos/skripsi/backend/setup/setup.go:78
[2.679ms] [rows:0] SELECT description FROM pg_catalog.pg_description WHERE objsubid = (SELECT ordinal_position FROM information_schema.columns WHERE table_schema = CURRENT_SCHEMA() AND table_name = 'pet_daycares' AND column_name = 'food_brand') AND objoid = (SELECT oid FROM pg_catalog.pg_class WHERE relname = 'pet_daycares' AND relnamespace = (SELECT oid FROM pg_catalog.pg_namespace WHERE nspname = CURRENT_SCHEMA()))

2025/02/13 14:38:43 /home/bryan/repos/skripsi/backend/setup/setup.go:78
[4.885ms] [rows:1] SELECT count(*) FROM INFORMATION_SCHEMA.table_constraints WHERE table_schema = CURRENT_SCHEMA() AND table_name = 'pet_daycares' AND constraint_name = 'fk_users_pet_daycare'

2025/02/13 14:38:43 /home/bryan/repos/skripsi/backend/setup/setup.go:78
[4.782ms] [rows:1] SELECT count(*) FROM INFORMATION_SCHEMA.table_constraints WHERE table_schema = CURRENT_SCHEMA() AND table_name = 'pet_daycares' AND constraint_name = 'fk_pet_daycares_daily_walks'

2025/02/13 14:38:43 /home/bryan/repos/skripsi/backend/setup/setup.go:78
[4.849ms] [rows:1] SELECT count(*) FROM INFORMATION_SCHEMA.table_constraints WHERE table_schema = CURRENT_SCHEMA() AND table_name = 'pet_daycares' AND constraint_name = 'fk_pet_daycares_daily_playtime'

2025/02/13 14:38:43 /home/bryan/repos/skripsi/backend/setup/setup.go:78
[3.284ms] [rows:1] SELECT count(*) FROM pg_indexes WHERE tablename = 'pet_daycares' AND indexname = 'idx_pet_daycares_deleted_at' AND schemaname = CURRENT_SCHEMA()

2025/02/13 14:38:43 /home/bryan/repos/skripsi/backend/setup/setup.go:78
[1.837ms] [rows:1] SELECT count(*) FROM information_schema.tables WHERE table_schema = CURRENT_SCHEMA() AND table_name = 'species' AND table_type = 'BASE TABLE'

2025/02/13 14:38:43 /home/bryan/repos/skripsi/backend/setup/setup.go:78
[1.399ms] [rows:1] SELECT CURRENT_DATABASE()

2025/02/13 14:38:43 /home/bryan/repos/skripsi/backend/setup/setup.go:78
[3.900ms] [rows:-] SELECT c.column_name, c.is_nullable = 'YES', c.udt_name, c.character_maximum_length, c.numeric_precision, c.numeric_precision_radix, c.numeric_scale, c.datetime_precision, 8 * typlen, c.column_default, pd.description, c.identity_increment FROM information_schema.columns AS c JOIN pg_type AS pgt ON c.udt_name = pgt.typname LEFT JOIN pg_catalog.pg_description as pd ON pd.objsubid = c.ordinal_position AND pd.objoid = (SELECT oid FROM pg_catalog.pg_class WHERE relname = c.table_name AND relnamespace = (SELECT oid FROM pg_catalog.pg_namespace WHERE nspname = c.table_schema)) where table_catalog = $1$ AND table_schema = CURRENT_SCHEMA() AND table_name = $2$

2025/02/13 14:38:43 /home/bryan/repos/skripsi/backend/setup/setup.go:78
[1.132ms] [rows:-] SELECT * FROM "species" LIMIT $1$

2025/02/13 14:38:43 /home/bryan/repos/skripsi/backend/setup/setup.go:78
[3.152ms] [rows:-] SELECT constraint_name FROM information_schema.table_constraints tc JOIN information_schema.constraint_column_usage AS ccu USING (constraint_schema, constraint_catalog, table_name, constraint_name) JOIN information_schema.columns AS c ON c.table_schema = tc.constraint_schema AND tc.table_name = c.table_name AND ccu.column_name = c.column_name WHERE constraint_type IN ('PRIMARY KEY', 'UNIQUE') AND c.table_catalog = $1$ AND c.table_schema = CURRENT_SCHEMA() AND c.table_name = $2$ AND constraint_type = $3$

2025/02/13 14:38:43 /home/bryan/repos/skripsi/backend/setup/setup.go:78
[3.120ms] [rows:-] SELECT c.column_name, constraint_name, constraint_type FROM information_schema.table_constraints tc JOIN information_schema.constraint_column_usage AS ccu USING (constraint_schema, constraint_catalog, table_name, constraint_name) JOIN information_schema.columns AS c ON c.table_schema = tc.constraint_schema AND tc.table_name = c.table_name AND ccu.column_name = c.column_name WHERE constraint_type IN ('PRIMARY KEY', 'UNIQUE') AND c.table_catalog = $1$ AND c.table_schema = CURRENT_SCHEMA() AND c.table_name = $2$

2025/02/13 14:38:43 /home/bryan/repos/skripsi/backend/setup/setup.go:78
[1.336ms] [rows:-] SELECT a.attname as column_name, format_type(a.atttypid, a.atttypmod) AS data_type
		FROM pg_attribute a JOIN pg_class b ON a.attrelid = b.oid AND relnamespace = (SELECT oid FROM pg_catalog.pg_namespace WHERE nspname = CURRENT_SCHEMA())
		WHERE a.attnum > 0 -- hide internal columns
		AND NOT a.attisdropped -- hide deleted columns
		AND b.relname = $1$

2025/02/13 14:38:43 /home/bryan/repos/skripsi/backend/setup/setup.go:78
[2.141ms] [rows:0] SELECT description FROM pg_catalog.pg_description WHERE objsubid = (SELECT ordinal_position FROM information_schema.columns WHERE table_schema = CURRENT_SCHEMA() AND table_name = 'species' AND column_name = 'id') AND objoid = (SELECT oid FROM pg_catalog.pg_class WHERE relname = 'species' AND relnamespace = (SELECT oid FROM pg_catalog.pg_namespace WHERE nspname = CURRENT_SCHEMA()))

2025/02/13 14:38:43 /home/bryan/repos/skripsi/backend/setup/setup.go:78
[1.969ms] [rows:0] SELECT description FROM pg_catalog.pg_description WHERE objsubid = (SELECT ordinal_position FROM information_schema.columns WHERE table_schema = CURRENT_SCHEMA() AND table_name = 'species' AND column_name = 'name') AND objoid = (SELECT oid FROM pg_catalog.pg_class WHERE relname = 'species' AND relnamespace = (SELECT oid FROM pg_catalog.pg_namespace WHERE nspname = CURRENT_SCHEMA()))

2025/02/13 14:38:43 /home/bryan/repos/skripsi/backend/setup/setup.go:78
[1.419ms] [rows:1] SELECT count(*) FROM information_schema.tables WHERE table_schema = CURRENT_SCHEMA() AND table_name = 'size_categories' AND table_type = 'BASE TABLE'

2025/02/13 14:38:43 /home/bryan/repos/skripsi/backend/setup/setup.go:78
[0.928ms] [rows:1] SELECT CURRENT_DATABASE()

2025/02/13 14:38:43 /home/bryan/repos/skripsi/backend/setup/setup.go:78
[3.845ms] [rows:-] SELECT c.column_name, c.is_nullable = 'YES', c.udt_name, c.character_maximum_length, c.numeric_precision, c.numeric_precision_radix, c.numeric_scale, c.datetime_precision, 8 * typlen, c.column_default, pd.description, c.identity_increment FROM information_schema.columns AS c JOIN pg_type AS pgt ON c.udt_name = pgt.typname LEFT JOIN pg_catalog.pg_description as pd ON pd.objsubid = c.ordinal_position AND pd.objoid = (SELECT oid FROM pg_catalog.pg_class WHERE relname = c.table_name AND relnamespace = (SELECT oid FROM pg_catalog.pg_namespace WHERE nspname = c.table_schema)) where table_catalog = $1$ AND table_schema = CURRENT_SCHEMA() AND table_name = $2$

2025/02/13 14:38:43 /home/bryan/repos/skripsi/backend/setup/setup.go:78
[1.178ms] [rows:-] SELECT * FROM "size_categories" LIMIT $1$

2025/02/13 14:38:43 /home/bryan/repos/skripsi/backend/setup/setup.go:78
[3.322ms] [rows:-] SELECT constraint_name FROM information_schema.table_constraints tc JOIN information_schema.constraint_column_usage AS ccu USING (constraint_schema, constraint_catalog, table_name, constraint_name) JOIN information_schema.columns AS c ON c.table_schema = tc.constraint_schema AND tc.table_name = c.table_name AND ccu.column_name = c.column_name WHERE constraint_type IN ('PRIMARY KEY', 'UNIQUE') AND c.table_catalog = $1$ AND c.table_schema = CURRENT_SCHEMA() AND c.table_name = $2$ AND constraint_type = $3$

2025/02/13 14:38:43 /home/bryan/repos/skripsi/backend/setup/setup.go:78
[3.375ms] [rows:-] SELECT c.column_name, constraint_name, constraint_type FROM information_schema.table_constraints tc JOIN information_schema.constraint_column_usage AS ccu USING (constraint_schema, constraint_catalog, table_name, constraint_name) JOIN information_schema.columns AS c ON c.table_schema = tc.constraint_schema AND tc.table_name = c.table_name AND ccu.column_name = c.column_name WHERE constraint_type IN ('PRIMARY KEY', 'UNIQUE') AND c.table_catalog = $1$ AND c.table_schema = CURRENT_SCHEMA() AND c.table_name = $2$

2025/02/13 14:38:43 /home/bryan/repos/skripsi/backend/setup/setup.go:78
[1.163ms] [rows:-] SELECT a.attname as column_name, format_type(a.atttypid, a.atttypmod) AS data_type
		FROM pg_attribute a JOIN pg_class b ON a.attrelid = b.oid AND relnamespace = (SELECT oid FROM pg_catalog.pg_namespace WHERE nspname = CURRENT_SCHEMA())
		WHERE a.attnum > 0 -- hide internal columns
		AND NOT a.attisdropped -- hide deleted columns
		AND b.relname = $1$

2025/02/13 14:38:43 /home/bryan/repos/skripsi/backend/setup/setup.go:78
[2.100ms] [rows:0] SELECT description FROM pg_catalog.pg_description WHERE objsubid = (SELECT ordinal_position FROM information_schema.columns WHERE table_schema = CURRENT_SCHEMA() AND table_name = 'size_categories' AND column_name = 'id') AND objoid = (SELECT oid FROM pg_catalog.pg_class WHERE relname = 'size_categories' AND relnamespace = (SELECT oid FROM pg_catalog.pg_namespace WHERE nspname = CURRENT_SCHEMA()))

2025/02/13 14:38:43 /home/bryan/repos/skripsi/backend/setup/setup.go:78
[1.900ms] [rows:0] SELECT description FROM pg_catalog.pg_description WHERE objsubid = (SELECT ordinal_position FROM information_schema.columns WHERE table_schema = CURRENT_SCHEMA() AND table_name = 'size_categories' AND column_name = 'name') AND objoid = (SELECT oid FROM pg_catalog.pg_class WHERE relname = 'size_categories' AND relnamespace = (SELECT oid FROM pg_catalog.pg_namespace WHERE nspname = CURRENT_SCHEMA()))

2025/02/13 14:38:43 /home/bryan/repos/skripsi/backend/setup/setup.go:78
[1.860ms] [rows:0] SELECT description FROM pg_catalog.pg_description WHERE objsubid = (SELECT ordinal_position FROM information_schema.columns WHERE table_schema = CURRENT_SCHEMA() AND table_name = 'size_categories' AND column_name = 'min_weight') AND objoid = (SELECT oid FROM pg_catalog.pg_class WHERE relname = 'size_categories' AND relnamespace = (SELECT oid FROM pg_catalog.pg_namespace WHERE nspname = CURRENT_SCHEMA()))

2025/02/13 14:38:43 /home/bryan/repos/skripsi/backend/setup/setup.go:78
[1.957ms] [rows:0] SELECT description FROM pg_catalog.pg_description WHERE objsubid = (SELECT ordinal_position FROM information_schema.columns WHERE table_schema = CURRENT_SCHEMA() AND table_name = 'size_categories' AND column_name = 'max_weight') AND objoid = (SELECT oid FROM pg_catalog.pg_class WHERE relname = 'size_categories' AND relnamespace = (SELECT oid FROM pg_catalog.pg_namespace WHERE nspname = CURRENT_SCHEMA()))

2025/02/13 14:38:43 /home/bryan/repos/skripsi/backend/setup/setup.go:78
[1.313ms] [rows:1] SELECT count(*) FROM information_schema.tables WHERE table_schema = CURRENT_SCHEMA() AND table_name = 'pets' AND table_type = 'BASE TABLE'

2025/02/13 14:38:43 /home/bryan/repos/skripsi/backend/setup/setup.go:78
[1.003ms] [rows:1] SELECT CURRENT_DATABASE()

2025/02/13 14:38:44 /home/bryan/repos/skripsi/backend/setup/setup.go:78
[5.212ms] [rows:-] SELECT c.column_name, c.is_nullable = 'YES', c.udt_name, c.character_maximum_length, c.numeric_precision, c.numeric_precision_radix, c.numeric_scale, c.datetime_precision, 8 * typlen, c.column_default, pd.description, c.identity_increment FROM information_schema.columns AS c JOIN pg_type AS pgt ON c.udt_name = pgt.typname LEFT JOIN pg_catalog.pg_description as pd ON pd.objsubid = c.ordinal_position AND pd.objoid = (SELECT oid FROM pg_catalog.pg_class WHERE relname = c.table_name AND relnamespace = (SELECT oid FROM pg_catalog.pg_namespace WHERE nspname = c.table_schema)) where table_catalog = $1$ AND table_schema = CURRENT_SCHEMA() AND table_name = $2$

2025/02/13 14:38:44 /home/bryan/repos/skripsi/backend/setup/setup.go:78
[1.349ms] [rows:-] SELECT * FROM "pets" LIMIT $1$

2025/02/13 14:38:44 /home/bryan/repos/skripsi/backend/setup/setup.go:78
[4.360ms] [rows:-] SELECT constraint_name FROM information_schema.table_constraints tc JOIN information_schema.constraint_column_usage AS ccu USING (constraint_schema, constraint_catalog, table_name, constraint_name) JOIN information_schema.columns AS c ON c.table_schema = tc.constraint_schema AND tc.table_name = c.table_name AND ccu.column_name = c.column_name WHERE constraint_type IN ('PRIMARY KEY', 'UNIQUE') AND c.table_catalog = $1$ AND c.table_schema = CURRENT_SCHEMA() AND c.table_name = $2$ AND constraint_type = $3$

2025/02/13 14:38:44 /home/bryan/repos/skripsi/backend/setup/setup.go:78
[4.581ms] [rows:-] SELECT c.column_name, constraint_name, constraint_type FROM information_schema.table_constraints tc JOIN information_schema.constraint_column_usage AS ccu USING (constraint_schema, constraint_catalog, table_name, constraint_name) JOIN information_schema.columns AS c ON c.table_schema = tc.constraint_schema AND tc.table_name = c.table_name AND ccu.column_name = c.column_name WHERE constraint_type IN ('PRIMARY KEY', 'UNIQUE') AND c.table_catalog = $1$ AND c.table_schema = CURRENT_SCHEMA() AND c.table_name = $2$

2025/02/13 14:38:44 /home/bryan/repos/skripsi/backend/setup/setup.go:78
[1.405ms] [rows:-] SELECT a.attname as column_name, format_type(a.atttypid, a.atttypmod) AS data_type
		FROM pg_attribute a JOIN pg_class b ON a.attrelid = b.oid AND relnamespace = (SELECT oid FROM pg_catalog.pg_namespace WHERE nspname = CURRENT_SCHEMA())
		WHERE a.attnum > 0 -- hide internal columns
		AND NOT a.attisdropped -- hide deleted columns
		AND b.relname = $1$

2025/02/13 14:38:44 /home/bryan/repos/skripsi/backend/setup/setup.go:78
[1.856ms] [rows:0] SELECT description FROM pg_catalog.pg_description WHERE objsubid = (SELECT ordinal_position FROM information_schema.columns WHERE table_schema = CURRENT_SCHEMA() AND table_name = 'pets' AND column_name = 'id') AND objoid = (SELECT oid FROM pg_catalog.pg_class WHERE relname = 'pets' AND relnamespace = (SELECT oid FROM pg_catalog.pg_namespace WHERE nspname = CURRENT_SCHEMA()))

2025/02/13 14:38:44 /home/bryan/repos/skripsi/backend/setup/setup.go:78
[1.970ms] [rows:0] SELECT description FROM pg_catalog.pg_description WHERE objsubid = (SELECT ordinal_position FROM information_schema.columns WHERE table_schema = CURRENT_SCHEMA() AND table_name = 'pets' AND column_name = 'created_at') AND objoid = (SELECT oid FROM pg_catalog.pg_class WHERE relname = 'pets' AND relnamespace = (SELECT oid FROM pg_catalog.pg_namespace WHERE nspname = CURRENT_SCHEMA()))

2025/02/13 14:38:44 /home/bryan/repos/skripsi/backend/setup/setup.go:78
[1.925ms] [rows:0] SELECT description FROM pg_catalog.pg_description WHERE objsubid = (SELECT ordinal_position FROM information_schema.columns WHERE table_schema = CURRENT_SCHEMA() AND table_name = 'pets' AND column_name = 'updated_at') AND objoid = (SELECT oid FROM pg_catalog.pg_class WHERE relname = 'pets' AND relnamespace = (SELECT oid FROM pg_catalog.pg_namespace WHERE nspname = CURRENT_SCHEMA()))

2025/02/13 14:38:44 /home/bryan/repos/skripsi/backend/setup/setup.go:78
[2.061ms] [rows:0] SELECT description FROM pg_catalog.pg_description WHERE objsubid = (SELECT ordinal_position FROM information_schema.columns WHERE table_schema = CURRENT_SCHEMA() AND table_name = 'pets' AND column_name = 'deleted_at') AND objoid = (SELECT oid FROM pg_catalog.pg_class WHERE relname = 'pets' AND relnamespace = (SELECT oid FROM pg_catalog.pg_namespace WHERE nspname = CURRENT_SCHEMA()))

2025/02/13 14:38:44 /home/bryan/repos/skripsi/backend/setup/setup.go:78
[1.796ms] [rows:0] SELECT description FROM pg_catalog.pg_description WHERE objsubid = (SELECT ordinal_position FROM information_schema.columns WHERE table_schema = CURRENT_SCHEMA() AND table_name = 'pets' AND column_name = 'name') AND objoid = (SELECT oid FROM pg_catalog.pg_class WHERE relname = 'pets' AND relnamespace = (SELECT oid FROM pg_catalog.pg_namespace WHERE nspname = CURRENT_SCHEMA()))

2025/02/13 14:38:44 /home/bryan/repos/skripsi/backend/setup/setup.go:78
[2.007ms] [rows:0] SELECT description FROM pg_catalog.pg_description WHERE objsubid = (SELECT ordinal_position FROM information_schema.columns WHERE table_schema = CURRENT_SCHEMA() AND table_name = 'pets' AND column_name = 'image_url') AND objoid = (SELECT oid FROM pg_catalog.pg_class WHERE relname = 'pets' AND relnamespace = (SELECT oid FROM pg_catalog.pg_namespace WHERE nspname = CURRENT_SCHEMA()))

2025/02/13 14:38:44 /home/bryan/repos/skripsi/backend/setup/setup.go:78
[2.084ms] [rows:0] SELECT description FROM pg_catalog.pg_description WHERE objsubid = (SELECT ordinal_position FROM information_schema.columns WHERE table_schema = CURRENT_SCHEMA() AND table_name = 'pets' AND column_name = 'status') AND objoid = (SELECT oid FROM pg_catalog.pg_class WHERE relname = 'pets' AND relnamespace = (SELECT oid FROM pg_catalog.pg_namespace WHERE nspname = CURRENT_SCHEMA()))

2025/02/13 14:38:44 /home/bryan/repos/skripsi/backend/setup/setup.go:78
[2.075ms] [rows:0] SELECT description FROM pg_catalog.pg_description WHERE objsubid = (SELECT ordinal_position FROM information_schema.columns WHERE table_schema = CURRENT_SCHEMA() AND table_name = 'pets' AND column_name = 'owner_id') AND objoid = (SELECT oid FROM pg_catalog.pg_class WHERE relname = 'pets' AND relnamespace = (SELECT oid FROM pg_catalog.pg_namespace WHERE nspname = CURRENT_SCHEMA()))

2025/02/13 14:38:44 /home/bryan/repos/skripsi/backend/setup/setup.go:78
[2.118ms] [rows:0] SELECT description FROM pg_catalog.pg_description WHERE objsubid = (SELECT ordinal_position FROM information_schema.columns WHERE table_schema = CURRENT_SCHEMA() AND table_name = 'pets' AND column_name = 'species_id') AND objoid = (SELECT oid FROM pg_catalog.pg_class WHERE relname = 'pets' AND relnamespace = (SELECT oid FROM pg_catalog.pg_namespace WHERE nspname = CURRENT_SCHEMA()))

2025/02/13 14:38:44 /home/bryan/repos/skripsi/backend/setup/setup.go:78
[3.118ms] [rows:0] SELECT description FROM pg_catalog.pg_description WHERE objsubid = (SELECT ordinal_position FROM information_schema.columns WHERE table_schema = CURRENT_SCHEMA() AND table_name = 'pets' AND column_name = 'size_id') AND objoid = (SELECT oid FROM pg_catalog.pg_class WHERE relname = 'pets' AND relnamespace = (SELECT oid FROM pg_catalog.pg_namespace WHERE nspname = CURRENT_SCHEMA()))

2025/02/13 14:38:44 /home/bryan/repos/skripsi/backend/setup/setup.go:78
[1.998ms] [rows:1] SELECT count(*) FROM INFORMATION_SCHEMA.table_constraints WHERE table_schema = CURRENT_SCHEMA() AND table_name = 'pets' AND constraint_name = 'fk_users_pets'

2025/02/13 14:38:44 /home/bryan/repos/skripsi/backend/setup/setup.go:78
[1.558ms] [rows:1] SELECT count(*) FROM INFORMATION_SCHEMA.table_constraints WHERE table_schema = CURRENT_SCHEMA() AND table_name = 'pets' AND constraint_name = 'fk_pets_species'

2025/02/13 14:38:44 /home/bryan/repos/skripsi/backend/setup/setup.go:78
[1.613ms] [rows:1] SELECT count(*) FROM INFORMATION_SCHEMA.table_constraints WHERE table_schema = CURRENT_SCHEMA() AND table_name = 'pets' AND constraint_name = 'fk_pets_size_category'

2025/02/13 14:38:44 /home/bryan/repos/skripsi/backend/setup/setup.go:78
[3.480ms] [rows:1] SELECT count(*) FROM pg_indexes WHERE tablename = 'pets' AND indexname = 'idx_pets_deleted_at' AND schemaname = CURRENT_SCHEMA()

2025/02/13 14:38:44 /home/bryan/repos/skripsi/backend/setup/setup.go:78
[1.444ms] [rows:1] SELECT count(*) FROM information_schema.tables WHERE table_schema = CURRENT_SCHEMA() AND table_name = 'slots' AND table_type = 'BASE TABLE'

2025/02/13 14:38:44 /home/bryan/repos/skripsi/backend/setup/setup.go:78
[1.188ms] [rows:1] SELECT CURRENT_DATABASE()

2025/02/13 14:38:44 /home/bryan/repos/skripsi/backend/setup/setup.go:78
[5.127ms] [rows:-] SELECT c.column_name, c.is_nullable = 'YES', c.udt_name, c.character_maximum_length, c.numeric_precision, c.numeric_precision_radix, c.numeric_scale, c.datetime_precision, 8 * typlen, c.column_default, pd.description, c.identity_increment FROM information_schema.columns AS c JOIN pg_type AS pgt ON c.udt_name = pgt.typname LEFT JOIN pg_catalog.pg_description as pd ON pd.objsubid = c.ordinal_position AND pd.objoid = (SELECT oid FROM pg_catalog.pg_class WHERE relname = c.table_name AND relnamespace = (SELECT oid FROM pg_catalog.pg_namespace WHERE nspname = c.table_schema)) where table_catalog = $1$ AND table_schema = CURRENT_SCHEMA() AND table_name = $2$

2025/02/13 14:38:44 /home/bryan/repos/skripsi/backend/setup/setup.go:78
[1.370ms] [rows:-] SELECT * FROM "slots" LIMIT $1$

2025/02/13 14:38:44 /home/bryan/repos/skripsi/backend/setup/setup.go:78
[3.721ms] [rows:-] SELECT constraint_name FROM information_schema.table_constraints tc JOIN information_schema.constraint_column_usage AS ccu USING (constraint_schema, constraint_catalog, table_name, constraint_name) JOIN information_schema.columns AS c ON c.table_schema = tc.constraint_schema AND tc.table_name = c.table_name AND ccu.column_name = c.column_name WHERE constraint_type IN ('PRIMARY KEY', 'UNIQUE') AND c.table_catalog = $1$ AND c.table_schema = CURRENT_SCHEMA() AND c.table_name = $2$ AND constraint_type = $3$

2025/02/13 14:38:44 /home/bryan/repos/skripsi/backend/setup/setup.go:78
[3.752ms] [rows:-] SELECT c.column_name, constraint_name, constraint_type FROM information_schema.table_constraints tc JOIN information_schema.constraint_column_usage AS ccu USING (constraint_schema, constraint_catalog, table_name, constraint_name) JOIN information_schema.columns AS c ON c.table_schema = tc.constraint_schema AND tc.table_name = c.table_name AND ccu.column_name = c.column_name WHERE constraint_type IN ('PRIMARY KEY', 'UNIQUE') AND c.table_catalog = $1$ AND c.table_schema = CURRENT_SCHEMA() AND c.table_name = $2$

2025/02/13 14:38:44 /home/bryan/repos/skripsi/backend/setup/setup.go:78
[1.190ms] [rows:-] SELECT a.attname as column_name, format_type(a.atttypid, a.atttypmod) AS data_type
		FROM pg_attribute a JOIN pg_class b ON a.attrelid = b.oid AND relnamespace = (SELECT oid FROM pg_catalog.pg_namespace WHERE nspname = CURRENT_SCHEMA())
		WHERE a.attnum > 0 -- hide internal columns
		AND NOT a.attisdropped -- hide deleted columns
		AND b.relname = $1$

2025/02/13 14:38:44 /home/bryan/repos/skripsi/backend/setup/setup.go:78
[2.302ms] [rows:0] SELECT description FROM pg_catalog.pg_description WHERE objsubid = (SELECT ordinal_position FROM information_schema.columns WHERE table_schema = CURRENT_SCHEMA() AND table_name = 'slots' AND column_name = 'id') AND objoid = (SELECT oid FROM pg_catalog.pg_class WHERE relname = 'slots' AND relnamespace = (SELECT oid FROM pg_catalog.pg_namespace WHERE nspname = CURRENT_SCHEMA()))

2025/02/13 14:38:44 /home/bryan/repos/skripsi/backend/setup/setup.go:78
[2.513ms] [rows:0] SELECT description FROM pg_catalog.pg_description WHERE objsubid = (SELECT ordinal_position FROM information_schema.columns WHERE table_schema = CURRENT_SCHEMA() AND table_name = 'slots' AND column_name = 'created_at') AND objoid = (SELECT oid FROM pg_catalog.pg_class WHERE relname = 'slots' AND relnamespace = (SELECT oid FROM pg_catalog.pg_namespace WHERE nspname = CURRENT_SCHEMA()))

2025/02/13 14:38:44 /home/bryan/repos/skripsi/backend/setup/setup.go:78
[2.711ms] [rows:0] SELECT description FROM pg_catalog.pg_description WHERE objsubid = (SELECT ordinal_position FROM information_schema.columns WHERE table_schema = CURRENT_SCHEMA() AND table_name = 'slots' AND column_name = 'updated_at') AND objoid = (SELECT oid FROM pg_catalog.pg_class WHERE relname = 'slots' AND relnamespace = (SELECT oid FROM pg_catalog.pg_namespace WHERE nspname = CURRENT_SCHEMA()))

2025/02/13 14:38:44 /home/bryan/repos/skripsi/backend/setup/setup.go:78
[2.150ms] [rows:0] SELECT description FROM pg_catalog.pg_description WHERE objsubid = (SELECT ordinal_position FROM information_schema.columns WHERE table_schema = CURRENT_SCHEMA() AND table_name = 'slots' AND column_name = 'deleted_at') AND objoid = (SELECT oid FROM pg_catalog.pg_class WHERE relname = 'slots' AND relnamespace = (SELECT oid FROM pg_catalog.pg_namespace WHERE nspname = CURRENT_SCHEMA()))

2025/02/13 14:38:44 /home/bryan/repos/skripsi/backend/setup/setup.go:78
[1.874ms] [rows:0] SELECT description FROM pg_catalog.pg_description WHERE objsubid = (SELECT ordinal_position FROM information_schema.columns WHERE table_schema = CURRENT_SCHEMA() AND table_name = 'slots' AND column_name = 'daycare_id') AND objoid = (SELECT oid FROM pg_catalog.pg_class WHERE relname = 'slots' AND relnamespace = (SELECT oid FROM pg_catalog.pg_namespace WHERE nspname = CURRENT_SCHEMA()))

2025/02/13 14:38:44 /home/bryan/repos/skripsi/backend/setup/setup.go:78
[1.991ms] [rows:0] SELECT description FROM pg_catalog.pg_description WHERE objsubid = (SELECT ordinal_position FROM information_schema.columns WHERE table_schema = CURRENT_SCHEMA() AND table_name = 'slots' AND column_name = 'species_id') AND objoid = (SELECT oid FROM pg_catalog.pg_class WHERE relname = 'slots' AND relnamespace = (SELECT oid FROM pg_catalog.pg_namespace WHERE nspname = CURRENT_SCHEMA()))

2025/02/13 14:38:44 /home/bryan/repos/skripsi/backend/setup/setup.go:78
[2.000ms] [rows:0] SELECT description FROM pg_catalog.pg_description WHERE objsubid = (SELECT ordinal_position FROM information_schema.columns WHERE table_schema = CURRENT_SCHEMA() AND table_name = 'slots' AND column_name = 'size_category_id') AND objoid = (SELECT oid FROM pg_catalog.pg_class WHERE relname = 'slots' AND relnamespace = (SELECT oid FROM pg_catalog.pg_namespace WHERE nspname = CURRENT_SCHEMA()))

2025/02/13 14:38:44 /home/bryan/repos/skripsi/backend/setup/setup.go:78
[2.141ms] [rows:0] SELECT description FROM pg_catalog.pg_description WHERE objsubid = (SELECT ordinal_position FROM information_schema.columns WHERE table_schema = CURRENT_SCHEMA() AND table_name = 'slots' AND column_name = 'max_number') AND objoid = (SELECT oid FROM pg_catalog.pg_class WHERE relname = 'slots' AND relnamespace = (SELECT oid FROM pg_catalog.pg_namespace WHERE nspname = CURRENT_SCHEMA()))

2025/02/13 14:38:44 /home/bryan/repos/skripsi/backend/setup/setup.go:78
[2.036ms] [rows:1] SELECT count(*) FROM INFORMATION_SCHEMA.table_constraints WHERE table_schema = CURRENT_SCHEMA() AND table_name = 'slots' AND constraint_name = 'fk_pet_daycares_slots'

2025/02/13 14:38:44 /home/bryan/repos/skripsi/backend/setup/setup.go:78
[3.313ms] [rows:1] SELECT count(*) FROM pg_indexes WHERE tablename = 'slots' AND indexname = 'idx_slots_deleted_at' AND schemaname = CURRENT_SCHEMA()

2025/02/13 14:38:44 /home/bryan/repos/skripsi/backend/setup/setup.go:78
[1.449ms] [rows:1] SELECT count(*) FROM information_schema.tables WHERE table_schema = CURRENT_SCHEMA() AND table_name = 'booked_slots' AND table_type = 'BASE TABLE'

2025/02/13 14:38:44 /home/bryan/repos/skripsi/backend/setup/setup.go:78
[1.052ms] [rows:1] SELECT CURRENT_DATABASE()

2025/02/13 14:38:44 /home/bryan/repos/skripsi/backend/setup/setup.go:78
[4.774ms] [rows:-] SELECT c.column_name, c.is_nullable = 'YES', c.udt_name, c.character_maximum_length, c.numeric_precision, c.numeric_precision_radix, c.numeric_scale, c.datetime_precision, 8 * typlen, c.column_default, pd.description, c.identity_increment FROM information_schema.columns AS c JOIN pg_type AS pgt ON c.udt_name = pgt.typname LEFT JOIN pg_catalog.pg_description as pd ON pd.objsubid = c.ordinal_position AND pd.objoid = (SELECT oid FROM pg_catalog.pg_class WHERE relname = c.table_name AND relnamespace = (SELECT oid FROM pg_catalog.pg_namespace WHERE nspname = c.table_schema)) where table_catalog = $1$ AND table_schema = CURRENT_SCHEMA() AND table_name = $2$

2025/02/13 14:38:44 /home/bryan/repos/skripsi/backend/setup/setup.go:78
[1.134ms] [rows:-] SELECT * FROM "booked_slots" LIMIT $1$

2025/02/13 14:38:44 /home/bryan/repos/skripsi/backend/setup/setup.go:78
[4.166ms] [rows:-] SELECT constraint_name FROM information_schema.table_constraints tc JOIN information_schema.constraint_column_usage AS ccu USING (constraint_schema, constraint_catalog, table_name, constraint_name) JOIN information_schema.columns AS c ON c.table_schema = tc.constraint_schema AND tc.table_name = c.table_name AND ccu.column_name = c.column_name WHERE constraint_type IN ('PRIMARY KEY', 'UNIQUE') AND c.table_catalog = $1$ AND c.table_schema = CURRENT_SCHEMA() AND c.table_name = $2$ AND constraint_type = $3$

2025/02/13 14:38:44 /home/bryan/repos/skripsi/backend/setup/setup.go:78
[4.113ms] [rows:-] SELECT c.column_name, constraint_name, constraint_type FROM information_schema.table_constraints tc JOIN information_schema.constraint_column_usage AS ccu USING (constraint_schema, constraint_catalog, table_name, constraint_name) JOIN information_schema.columns AS c ON c.table_schema = tc.constraint_schema AND tc.table_name = c.table_name AND ccu.column_name = c.column_name WHERE constraint_type IN ('PRIMARY KEY', 'UNIQUE') AND c.table_catalog = $1$ AND c.table_schema = CURRENT_SCHEMA() AND c.table_name = $2$

2025/02/13 14:38:44 /home/bryan/repos/skripsi/backend/setup/setup.go:78
[1.287ms] [rows:-] SELECT a.attname as column_name, format_type(a.atttypid, a.atttypmod) AS data_type
		FROM pg_attribute a JOIN pg_class b ON a.attrelid = b.oid AND relnamespace = (SELECT oid FROM pg_catalog.pg_namespace WHERE nspname = CURRENT_SCHEMA())
		WHERE a.attnum > 0 -- hide internal columns
		AND NOT a.attisdropped -- hide deleted columns
		AND b.relname = $1$

2025/02/13 14:38:44 /home/bryan/repos/skripsi/backend/setup/setup.go:78
[1.960ms] [rows:0] SELECT description FROM pg_catalog.pg_description WHERE objsubid = (SELECT ordinal_position FROM information_schema.columns WHERE table_schema = CURRENT_SCHEMA() AND table_name = 'booked_slots' AND column_name = 'id') AND objoid = (SELECT oid FROM pg_catalog.pg_class WHERE relname = 'booked_slots' AND relnamespace = (SELECT oid FROM pg_catalog.pg_namespace WHERE nspname = CURRENT_SCHEMA()))

2025/02/13 14:38:44 /home/bryan/repos/skripsi/backend/setup/setup.go:78
[1.812ms] [rows:0] SELECT description FROM pg_catalog.pg_description WHERE objsubid = (SELECT ordinal_position FROM information_schema.columns WHERE table_schema = CURRENT_SCHEMA() AND table_name = 'booked_slots' AND column_name = 'created_at') AND objoid = (SELECT oid FROM pg_catalog.pg_class WHERE relname = 'booked_slots' AND relnamespace = (SELECT oid FROM pg_catalog.pg_namespace WHERE nspname = CURRENT_SCHEMA()))

2025/02/13 14:38:44 /home/bryan/repos/skripsi/backend/setup/setup.go:78
[1.758ms] [rows:0] SELECT description FROM pg_catalog.pg_description WHERE objsubid = (SELECT ordinal_position FROM information_schema.columns WHERE table_schema = CURRENT_SCHEMA() AND table_name = 'booked_slots' AND column_name = 'updated_at') AND objoid = (SELECT oid FROM pg_catalog.pg_class WHERE relname = 'booked_slots' AND relnamespace = (SELECT oid FROM pg_catalog.pg_namespace WHERE nspname = CURRENT_SCHEMA()))

2025/02/13 14:38:44 /home/bryan/repos/skripsi/backend/setup/setup.go:78
[1.745ms] [rows:0] SELECT description FROM pg_catalog.pg_description WHERE objsubid = (SELECT ordinal_position FROM information_schema.columns WHERE table_schema = CURRENT_SCHEMA() AND table_name = 'booked_slots' AND column_name = 'deleted_at') AND objoid = (SELECT oid FROM pg_catalog.pg_class WHERE relname = 'booked_slots' AND relnamespace = (SELECT oid FROM pg_catalog.pg_namespace WHERE nspname = CURRENT_SCHEMA()))

2025/02/13 14:38:44 /home/bryan/repos/skripsi/backend/setup/setup.go:78
[1.796ms] [rows:0] SELECT description FROM pg_catalog.pg_description WHERE objsubid = (SELECT ordinal_position FROM information_schema.columns WHERE table_schema = CURRENT_SCHEMA() AND table_name = 'booked_slots' AND column_name = 'user_id') AND objoid = (SELECT oid FROM pg_catalog.pg_class WHERE relname = 'booked_slots' AND relnamespace = (SELECT oid FROM pg_catalog.pg_namespace WHERE nspname = CURRENT_SCHEMA()))

2025/02/13 14:38:44 /home/bryan/repos/skripsi/backend/setup/setup.go:78
[1.749ms] [rows:0] SELECT description FROM pg_catalog.pg_description WHERE objsubid = (SELECT ordinal_position FROM information_schema.columns WHERE table_schema = CURRENT_SCHEMA() AND table_name = 'booked_slots' AND column_name = 'daycare_id') AND objoid = (SELECT oid FROM pg_catalog.pg_class WHERE relname = 'booked_slots' AND relnamespace = (SELECT oid FROM pg_catalog.pg_namespace WHERE nspname = CURRENT_SCHEMA()))

2025/02/13 14:38:44 /home/bryan/repos/skripsi/backend/setup/setup.go:78
[1.765ms] [rows:0] SELECT description FROM pg_catalog.pg_description WHERE objsubid = (SELECT ordinal_position FROM information_schema.columns WHERE table_schema = CURRENT_SCHEMA() AND table_name = 'booked_slots' AND column_name = 'pet_id') AND objoid = (SELECT oid FROM pg_catalog.pg_class WHERE relname = 'booked_slots' AND relnamespace = (SELECT oid FROM pg_catalog.pg_namespace WHERE nspname = CURRENT_SCHEMA()))

2025/02/13 14:38:44 /home/bryan/repos/skripsi/backend/setup/setup.go:78
[1.943ms] [rows:0] SELECT description FROM pg_catalog.pg_description WHERE objsubid = (SELECT ordinal_position FROM information_schema.columns WHERE table_schema = CURRENT_SCHEMA() AND table_name = 'booked_slots' AND column_name = 'start_date') AND objoid = (SELECT oid FROM pg_catalog.pg_class WHERE relname = 'booked_slots' AND relnamespace = (SELECT oid FROM pg_catalog.pg_namespace WHERE nspname = CURRENT_SCHEMA()))

2025/02/13 14:38:44 /home/bryan/repos/skripsi/backend/setup/setup.go:78
[1.922ms] [rows:0] SELECT description FROM pg_catalog.pg_description WHERE objsubid = (SELECT ordinal_position FROM information_schema.columns WHERE table_schema = CURRENT_SCHEMA() AND table_name = 'booked_slots' AND column_name = 'end_date') AND objoid = (SELECT oid FROM pg_catalog.pg_class WHERE relname = 'booked_slots' AND relnamespace = (SELECT oid FROM pg_catalog.pg_namespace WHERE nspname = CURRENT_SCHEMA()))

2025/02/13 14:38:44 /home/bryan/repos/skripsi/backend/setup/setup.go:78
[1.587ms] [rows:1] SELECT count(*) FROM INFORMATION_SCHEMA.table_constraints WHERE table_schema = CURRENT_SCHEMA() AND table_name = 'booked_slots' AND constraint_name = 'fk_booked_slots_user'

2025/02/13 14:38:44 /home/bryan/repos/skripsi/backend/setup/setup.go:78
[1.449ms] [rows:1] SELECT count(*) FROM INFORMATION_SCHEMA.table_constraints WHERE table_schema = CURRENT_SCHEMA() AND table_name = 'booked_slots' AND constraint_name = 'fk_pets_booked_slots'

2025/02/13 14:38:44 /home/bryan/repos/skripsi/backend/setup/setup.go:78
[1.503ms] [rows:1] SELECT count(*) FROM INFORMATION_SCHEMA.table_constraints WHERE table_schema = CURRENT_SCHEMA() AND table_name = 'booked_slots' AND constraint_name = 'fk_pet_daycares_booked_slots'

2025/02/13 14:38:44 /home/bryan/repos/skripsi/backend/setup/setup.go:78
[3.932ms] [rows:1] SELECT count(*) FROM pg_indexes WHERE tablename = 'booked_slots' AND indexname = 'idx_booked_slots_deleted_at' AND schemaname = CURRENT_SCHEMA()

2025/02/13 14:38:44 /home/bryan/repos/skripsi/backend/setup/setup.go:78
[1.710ms] [rows:1] SELECT count(*) FROM information_schema.tables WHERE table_schema = CURRENT_SCHEMA() AND table_name = 'thumbnails' AND table_type = 'BASE TABLE'

2025/02/13 14:38:44 /home/bryan/repos/skripsi/backend/setup/setup.go:78
[1.225ms] [rows:1] SELECT CURRENT_DATABASE()

2025/02/13 14:38:44 /home/bryan/repos/skripsi/backend/setup/setup.go:78
[4.683ms] [rows:-] SELECT c.column_name, c.is_nullable = 'YES', c.udt_name, c.character_maximum_length, c.numeric_precision, c.numeric_precision_radix, c.numeric_scale, c.datetime_precision, 8 * typlen, c.column_default, pd.description, c.identity_increment FROM information_schema.columns AS c JOIN pg_type AS pgt ON c.udt_name = pgt.typname LEFT JOIN pg_catalog.pg_description as pd ON pd.objsubid = c.ordinal_position AND pd.objoid = (SELECT oid FROM pg_catalog.pg_class WHERE relname = c.table_name AND relnamespace = (SELECT oid FROM pg_catalog.pg_namespace WHERE nspname = c.table_schema)) where table_catalog = $1$ AND table_schema = CURRENT_SCHEMA() AND table_name = $2$

2025/02/13 14:38:44 /home/bryan/repos/skripsi/backend/setup/setup.go:78
[1.824ms] [rows:-] SELECT * FROM "thumbnails" LIMIT $1$

2025/02/13 14:38:44 /home/bryan/repos/skripsi/backend/setup/setup.go:78
[3.669ms] [rows:-] SELECT constraint_name FROM information_schema.table_constraints tc JOIN information_schema.constraint_column_usage AS ccu USING (constraint_schema, constraint_catalog, table_name, constraint_name) JOIN information_schema.columns AS c ON c.table_schema = tc.constraint_schema AND tc.table_name = c.table_name AND ccu.column_name = c.column_name WHERE constraint_type IN ('PRIMARY KEY', 'UNIQUE') AND c.table_catalog = $1$ AND c.table_schema = CURRENT_SCHEMA() AND c.table_name = $2$ AND constraint_type = $3$

2025/02/13 14:38:44 /home/bryan/repos/skripsi/backend/setup/setup.go:78
[4.769ms] [rows:-] SELECT c.column_name, constraint_name, constraint_type FROM information_schema.table_constraints tc JOIN information_schema.constraint_column_usage AS ccu USING (constraint_schema, constraint_catalog, table_name, constraint_name) JOIN information_schema.columns AS c ON c.table_schema = tc.constraint_schema AND tc.table_name = c.table_name AND ccu.column_name = c.column_name WHERE constraint_type IN ('PRIMARY KEY', 'UNIQUE') AND c.table_catalog = $1$ AND c.table_schema = CURRENT_SCHEMA() AND c.table_name = $2$

2025/02/13 14:38:44 /home/bryan/repos/skripsi/backend/setup/setup.go:78
[1.806ms] [rows:-] SELECT a.attname as column_name, format_type(a.atttypid, a.atttypmod) AS data_type
		FROM pg_attribute a JOIN pg_class b ON a.attrelid = b.oid AND relnamespace = (SELECT oid FROM pg_catalog.pg_namespace WHERE nspname = CURRENT_SCHEMA())
		WHERE a.attnum > 0 -- hide internal columns
		AND NOT a.attisdropped -- hide deleted columns
		AND b.relname = $1$

2025/02/13 14:38:44 /home/bryan/repos/skripsi/backend/setup/setup.go:78
[3.045ms] [rows:0] SELECT description FROM pg_catalog.pg_description WHERE objsubid = (SELECT ordinal_position FROM information_schema.columns WHERE table_schema = CURRENT_SCHEMA() AND table_name = 'thumbnails' AND column_name = 'id') AND objoid = (SELECT oid FROM pg_catalog.pg_class WHERE relname = 'thumbnails' AND relnamespace = (SELECT oid FROM pg_catalog.pg_namespace WHERE nspname = CURRENT_SCHEMA()))

2025/02/13 14:38:44 /home/bryan/repos/skripsi/backend/setup/setup.go:78
[3.016ms] [rows:0] SELECT description FROM pg_catalog.pg_description WHERE objsubid = (SELECT ordinal_position FROM information_schema.columns WHERE table_schema = CURRENT_SCHEMA() AND table_name = 'thumbnails' AND column_name = 'daycare_id') AND objoid = (SELECT oid FROM pg_catalog.pg_class WHERE relname = 'thumbnails' AND relnamespace = (SELECT oid FROM pg_catalog.pg_namespace WHERE nspname = CURRENT_SCHEMA()))

2025/02/13 14:38:44 /home/bryan/repos/skripsi/backend/setup/setup.go:78
[2.747ms] [rows:0] SELECT description FROM pg_catalog.pg_description WHERE objsubid = (SELECT ordinal_position FROM information_schema.columns WHERE table_schema = CURRENT_SCHEMA() AND table_name = 'thumbnails' AND column_name = 'image_url') AND objoid = (SELECT oid FROM pg_catalog.pg_class WHERE relname = 'thumbnails' AND relnamespace = (SELECT oid FROM pg_catalog.pg_namespace WHERE nspname = CURRENT_SCHEMA()))

2025/02/13 14:38:44 /home/bryan/repos/skripsi/backend/setup/setup.go:78
[2.372ms] [rows:1] SELECT count(*) FROM INFORMATION_SCHEMA.table_constraints WHERE table_schema = CURRENT_SCHEMA() AND table_name = 'thumbnails' AND constraint_name = 'fk_pet_daycares_thumbnails'

2025/02/13 14:38:44 /home/bryan/repos/skripsi/backend/setup/setup.go:78
[2.096ms] [rows:1] SELECT count(*) FROM information_schema.tables WHERE table_schema = CURRENT_SCHEMA() AND table_name = 'reviews' AND table_type = 'BASE TABLE'

2025/02/13 14:38:44 /home/bryan/repos/skripsi/backend/setup/setup.go:78
[1.506ms] [rows:1] SELECT CURRENT_DATABASE()

2025/02/13 14:38:44 /home/bryan/repos/skripsi/backend/setup/setup.go:78
[7.062ms] [rows:-] SELECT c.column_name, c.is_nullable = 'YES', c.udt_name, c.character_maximum_length, c.numeric_precision, c.numeric_precision_radix, c.numeric_scale, c.datetime_precision, 8 * typlen, c.column_default, pd.description, c.identity_increment FROM information_schema.columns AS c JOIN pg_type AS pgt ON c.udt_name = pgt.typname LEFT JOIN pg_catalog.pg_description as pd ON pd.objsubid = c.ordinal_position AND pd.objoid = (SELECT oid FROM pg_catalog.pg_class WHERE relname = c.table_name AND relnamespace = (SELECT oid FROM pg_catalog.pg_namespace WHERE nspname = c.table_schema)) where table_catalog = $1$ AND table_schema = CURRENT_SCHEMA() AND table_name = $2$

2025/02/13 14:38:44 /home/bryan/repos/skripsi/backend/setup/setup.go:78
[1.725ms] [rows:-] SELECT * FROM "reviews" LIMIT $1$

2025/02/13 14:38:44 /home/bryan/repos/skripsi/backend/setup/setup.go:78
[6.210ms] [rows:-] SELECT constraint_name FROM information_schema.table_constraints tc JOIN information_schema.constraint_column_usage AS ccu USING (constraint_schema, constraint_catalog, table_name, constraint_name) JOIN information_schema.columns AS c ON c.table_schema = tc.constraint_schema AND tc.table_name = c.table_name AND ccu.column_name = c.column_name WHERE constraint_type IN ('PRIMARY KEY', 'UNIQUE') AND c.table_catalog = $1$ AND c.table_schema = CURRENT_SCHEMA() AND c.table_name = $2$ AND constraint_type = $3$

2025/02/13 14:38:44 /home/bryan/repos/skripsi/backend/setup/setup.go:78
[6.053ms] [rows:-] SELECT c.column_name, constraint_name, constraint_type FROM information_schema.table_constraints tc JOIN information_schema.constraint_column_usage AS ccu USING (constraint_schema, constraint_catalog, table_name, constraint_name) JOIN information_schema.columns AS c ON c.table_schema = tc.constraint_schema AND tc.table_name = c.table_name AND ccu.column_name = c.column_name WHERE constraint_type IN ('PRIMARY KEY', 'UNIQUE') AND c.table_catalog = $1$ AND c.table_schema = CURRENT_SCHEMA() AND c.table_name = $2$

2025/02/13 14:38:44 /home/bryan/repos/skripsi/backend/setup/setup.go:78
[2.052ms] [rows:-] SELECT a.attname as column_name, format_type(a.atttypid, a.atttypmod) AS data_type
		FROM pg_attribute a JOIN pg_class b ON a.attrelid = b.oid AND relnamespace = (SELECT oid FROM pg_catalog.pg_namespace WHERE nspname = CURRENT_SCHEMA())
		WHERE a.attnum > 0 -- hide internal columns
		AND NOT a.attisdropped -- hide deleted columns
		AND b.relname = $1$

2025/02/13 14:38:44 /home/bryan/repos/skripsi/backend/setup/setup.go:78
[2.788ms] [rows:0] SELECT description FROM pg_catalog.pg_description WHERE objsubid = (SELECT ordinal_position FROM information_schema.columns WHERE table_schema = CURRENT_SCHEMA() AND table_name = 'reviews' AND column_name = 'id') AND objoid = (SELECT oid FROM pg_catalog.pg_class WHERE relname = 'reviews' AND relnamespace = (SELECT oid FROM pg_catalog.pg_namespace WHERE nspname = CURRENT_SCHEMA()))

2025/02/13 14:38:44 /home/bryan/repos/skripsi/backend/setup/setup.go:78
[3.051ms] [rows:0] SELECT description FROM pg_catalog.pg_description WHERE objsubid = (SELECT ordinal_position FROM information_schema.columns WHERE table_schema = CURRENT_SCHEMA() AND table_name = 'reviews' AND column_name = 'created_at') AND objoid = (SELECT oid FROM pg_catalog.pg_class WHERE relname = 'reviews' AND relnamespace = (SELECT oid FROM pg_catalog.pg_namespace WHERE nspname = CURRENT_SCHEMA()))

2025/02/13 14:38:44 /home/bryan/repos/skripsi/backend/setup/setup.go:78
[2.896ms] [rows:0] SELECT description FROM pg_catalog.pg_description WHERE objsubid = (SELECT ordinal_position FROM information_schema.columns WHERE table_schema = CURRENT_SCHEMA() AND table_name = 'reviews' AND column_name = 'updated_at') AND objoid = (SELECT oid FROM pg_catalog.pg_class WHERE relname = 'reviews' AND relnamespace = (SELECT oid FROM pg_catalog.pg_namespace WHERE nspname = CURRENT_SCHEMA()))

2025/02/13 14:38:44 /home/bryan/repos/skripsi/backend/setup/setup.go:78
[3.044ms] [rows:0] SELECT description FROM pg_catalog.pg_description WHERE objsubid = (SELECT ordinal_position FROM information_schema.columns WHERE table_schema = CURRENT_SCHEMA() AND table_name = 'reviews' AND column_name = 'deleted_at') AND objoid = (SELECT oid FROM pg_catalog.pg_class WHERE relname = 'reviews' AND relnamespace = (SELECT oid FROM pg_catalog.pg_namespace WHERE nspname = CURRENT_SCHEMA()))

2025/02/13 14:38:44 /home/bryan/repos/skripsi/backend/setup/setup.go:78
[2.961ms] [rows:0] SELECT description FROM pg_catalog.pg_description WHERE objsubid = (SELECT ordinal_position FROM information_schema.columns WHERE table_schema = CURRENT_SCHEMA() AND table_name = 'reviews' AND column_name = 'daycare_id') AND objoid = (SELECT oid FROM pg_catalog.pg_class WHERE relname = 'reviews' AND relnamespace = (SELECT oid FROM pg_catalog.pg_namespace WHERE nspname = CURRENT_SCHEMA()))

2025/02/13 14:38:44 /home/bryan/repos/skripsi/backend/setup/setup.go:78
[2.932ms] [rows:0] SELECT description FROM pg_catalog.pg_description WHERE objsubid = (SELECT ordinal_position FROM information_schema.columns WHERE table_schema = CURRENT_SCHEMA() AND table_name = 'reviews' AND column_name = 'user_id') AND objoid = (SELECT oid FROM pg_catalog.pg_class WHERE relname = 'reviews' AND relnamespace = (SELECT oid FROM pg_catalog.pg_namespace WHERE nspname = CURRENT_SCHEMA()))

2025/02/13 14:38:44 /home/bryan/repos/skripsi/backend/setup/setup.go:78
[2.852ms] [rows:0] SELECT description FROM pg_catalog.pg_description WHERE objsubid = (SELECT ordinal_position FROM information_schema.columns WHERE table_schema = CURRENT_SCHEMA() AND table_name = 'reviews' AND column_name = 'name') AND objoid = (SELECT oid FROM pg_catalog.pg_class WHERE relname = 'reviews' AND relnamespace = (SELECT oid FROM pg_catalog.pg_namespace WHERE nspname = CURRENT_SCHEMA()))

2025/02/13 14:38:44 /home/bryan/repos/skripsi/backend/setup/setup.go:78
[2.960ms] [rows:0] SELECT description FROM pg_catalog.pg_description WHERE objsubid = (SELECT ordinal_position FROM information_schema.columns WHERE table_schema = CURRENT_SCHEMA() AND table_name = 'reviews' AND column_name = 'rate') AND objoid = (SELECT oid FROM pg_catalog.pg_class WHERE relname = 'reviews' AND relnamespace = (SELECT oid FROM pg_catalog.pg_namespace WHERE nspname = CURRENT_SCHEMA()))

2025/02/13 14:38:44 /home/bryan/repos/skripsi/backend/setup/setup.go:78
[2.824ms] [rows:0] SELECT description FROM pg_catalog.pg_description WHERE objsubid = (SELECT ordinal_position FROM information_schema.columns WHERE table_schema = CURRENT_SCHEMA() AND table_name = 'reviews' AND column_name = 'description') AND objoid = (SELECT oid FROM pg_catalog.pg_class WHERE relname = 'reviews' AND relnamespace = (SELECT oid FROM pg_catalog.pg_namespace WHERE nspname = CURRENT_SCHEMA()))

2025/02/13 14:38:44 /home/bryan/repos/skripsi/backend/setup/setup.go:78
[2.537ms] [rows:1] SELECT count(*) FROM INFORMATION_SCHEMA.table_constraints WHERE table_schema = CURRENT_SCHEMA() AND table_name = 'reviews' AND constraint_name = 'fk_pet_daycares_reviews'

2025/02/13 14:38:44 /home/bryan/repos/skripsi/backend/setup/setup.go:78
[2.418ms] [rows:1] SELECT count(*) FROM INFORMATION_SCHEMA.table_constraints WHERE table_schema = CURRENT_SCHEMA() AND table_name = 'reviews' AND constraint_name = 'fk_users_reviews'

2025/02/13 14:38:44 /home/bryan/repos/skripsi/backend/setup/setup.go:78
[5.340ms] [rows:1] SELECT count(*) FROM pg_indexes WHERE tablename = 'reviews' AND indexname = 'idx_reviews_deleted_at' AND schemaname = CURRENT_SCHEMA()

2025/02/13 14:38:44 /home/bryan/repos/skripsi/backend/setup/setup.go:78
[2.127ms] [rows:1] SELECT count(*) FROM information_schema.tables WHERE table_schema = CURRENT_SCHEMA() AND table_name = 'refresh_tokens' AND table_type = 'BASE TABLE'

2025/02/13 14:38:44 /home/bryan/repos/skripsi/backend/setup/setup.go:78
[1.770ms] [rows:1] SELECT CURRENT_DATABASE()

2025/02/13 14:38:44 /home/bryan/repos/skripsi/backend/setup/setup.go:78
[7.378ms] [rows:-] SELECT c.column_name, c.is_nullable = 'YES', c.udt_name, c.character_maximum_length, c.numeric_precision, c.numeric_precision_radix, c.numeric_scale, c.datetime_precision, 8 * typlen, c.column_default, pd.description, c.identity_increment FROM information_schema.columns AS c JOIN pg_type AS pgt ON c.udt_name = pgt.typname LEFT JOIN pg_catalog.pg_description as pd ON pd.objsubid = c.ordinal_position AND pd.objoid = (SELECT oid FROM pg_catalog.pg_class WHERE relname = c.table_name AND relnamespace = (SELECT oid FROM pg_catalog.pg_namespace WHERE nspname = c.table_schema)) where table_catalog = $1$ AND table_schema = CURRENT_SCHEMA() AND table_name = $2$

2025/02/13 14:38:44 /home/bryan/repos/skripsi/backend/setup/setup.go:78
[3.219ms] [rows:-] SELECT * FROM "refresh_tokens" LIMIT $1$

2025/02/13 14:38:44 /home/bryan/repos/skripsi/backend/setup/setup.go:78
[5.487ms] [rows:-] SELECT constraint_name FROM information_schema.table_constraints tc JOIN information_schema.constraint_column_usage AS ccu USING (constraint_schema, constraint_catalog, table_name, constraint_name) JOIN information_schema.columns AS c ON c.table_schema = tc.constraint_schema AND tc.table_name = c.table_name AND ccu.column_name = c.column_name WHERE constraint_type IN ('PRIMARY KEY', 'UNIQUE') AND c.table_catalog = $1$ AND c.table_schema = CURRENT_SCHEMA() AND c.table_name = $2$ AND constraint_type = $3$

2025/02/13 14:38:44 /home/bryan/repos/skripsi/backend/setup/setup.go:78
[5.585ms] [rows:-] SELECT c.column_name, constraint_name, constraint_type FROM information_schema.table_constraints tc JOIN information_schema.constraint_column_usage AS ccu USING (constraint_schema, constraint_catalog, table_name, constraint_name) JOIN information_schema.columns AS c ON c.table_schema = tc.constraint_schema AND tc.table_name = c.table_name AND ccu.column_name = c.column_name WHERE constraint_type IN ('PRIMARY KEY', 'UNIQUE') AND c.table_catalog = $1$ AND c.table_schema = CURRENT_SCHEMA() AND c.table_name = $2$

2025/02/13 14:38:44 /home/bryan/repos/skripsi/backend/setup/setup.go:78
[1.750ms] [rows:-] SELECT a.attname as column_name, format_type(a.atttypid, a.atttypmod) AS data_type
		FROM pg_attribute a JOIN pg_class b ON a.attrelid = b.oid AND relnamespace = (SELECT oid FROM pg_catalog.pg_namespace WHERE nspname = CURRENT_SCHEMA())
		WHERE a.attnum > 0 -- hide internal columns
		AND NOT a.attisdropped -- hide deleted columns
		AND b.relname = $1$

2025/02/13 14:38:44 /home/bryan/repos/skripsi/backend/setup/setup.go:78
[2.590ms] [rows:0] SELECT description FROM pg_catalog.pg_description WHERE objsubid = (SELECT ordinal_position FROM information_schema.columns WHERE table_schema = CURRENT_SCHEMA() AND table_name = 'refresh_tokens' AND column_name = 'id') AND objoid = (SELECT oid FROM pg_catalog.pg_class WHERE relname = 'refresh_tokens' AND relnamespace = (SELECT oid FROM pg_catalog.pg_namespace WHERE nspname = CURRENT_SCHEMA()))

2025/02/13 14:38:44 /home/bryan/repos/skripsi/backend/setup/setup.go:78
[2.714ms] [rows:0] SELECT description FROM pg_catalog.pg_description WHERE objsubid = (SELECT ordinal_position FROM information_schema.columns WHERE table_schema = CURRENT_SCHEMA() AND table_name = 'refresh_tokens' AND column_name = 'created_at') AND objoid = (SELECT oid FROM pg_catalog.pg_class WHERE relname = 'refresh_tokens' AND relnamespace = (SELECT oid FROM pg_catalog.pg_namespace WHERE nspname = CURRENT_SCHEMA()))

2025/02/13 14:38:44 /home/bryan/repos/skripsi/backend/setup/setup.go:78
[2.744ms] [rows:0] SELECT description FROM pg_catalog.pg_description WHERE objsubid = (SELECT ordinal_position FROM information_schema.columns WHERE table_schema = CURRENT_SCHEMA() AND table_name = 'refresh_tokens' AND column_name = 'updated_at') AND objoid = (SELECT oid FROM pg_catalog.pg_class WHERE relname = 'refresh_tokens' AND relnamespace = (SELECT oid FROM pg_catalog.pg_namespace WHERE nspname = CURRENT_SCHEMA()))

2025/02/13 14:38:44 /home/bryan/repos/skripsi/backend/setup/setup.go:78
[2.899ms] [rows:0] SELECT description FROM pg_catalog.pg_description WHERE objsubid = (SELECT ordinal_position FROM information_schema.columns WHERE table_schema = CURRENT_SCHEMA() AND table_name = 'refresh_tokens' AND column_name = 'deleted_at') AND objoid = (SELECT oid FROM pg_catalog.pg_class WHERE relname = 'refresh_tokens' AND relnamespace = (SELECT oid FROM pg_catalog.pg_namespace WHERE nspname = CURRENT_SCHEMA()))

2025/02/13 14:38:44 /home/bryan/repos/skripsi/backend/setup/setup.go:78
[2.840ms] [rows:0] SELECT description FROM pg_catalog.pg_description WHERE objsubid = (SELECT ordinal_position FROM information_schema.columns WHERE table_schema = CURRENT_SCHEMA() AND table_name = 'refresh_tokens' AND column_name = 'user_id') AND objoid = (SELECT oid FROM pg_catalog.pg_class WHERE relname = 'refresh_tokens' AND relnamespace = (SELECT oid FROM pg_catalog.pg_namespace WHERE nspname = CURRENT_SCHEMA()))

2025/02/13 14:38:44 /home/bryan/repos/skripsi/backend/setup/setup.go:78
[2.686ms] [rows:0] SELECT description FROM pg_catalog.pg_description WHERE objsubid = (SELECT ordinal_position FROM information_schema.columns WHERE table_schema = CURRENT_SCHEMA() AND table_name = 'refresh_tokens' AND column_name = 'token') AND objoid = (SELECT oid FROM pg_catalog.pg_class WHERE relname = 'refresh_tokens' AND relnamespace = (SELECT oid FROM pg_catalog.pg_namespace WHERE nspname = CURRENT_SCHEMA()))

2025/02/13 14:38:44 /home/bryan/repos/skripsi/backend/setup/setup.go:78
[2.706ms] [rows:0] SELECT description FROM pg_catalog.pg_description WHERE objsubid = (SELECT ordinal_position FROM information_schema.columns WHERE table_schema = CURRENT_SCHEMA() AND table_name = 'refresh_tokens' AND column_name = 'expires_at') AND objoid = (SELECT oid FROM pg_catalog.pg_class WHERE relname = 'refresh_tokens' AND relnamespace = (SELECT oid FROM pg_catalog.pg_namespace WHERE nspname = CURRENT_SCHEMA()))

2025/02/13 14:38:44 /home/bryan/repos/skripsi/backend/setup/setup.go:78
[2.008ms] [rows:1] SELECT count(*) FROM pg_indexes WHERE tablename = 'refresh_tokens' AND indexname = 'idx_refresh_tokens_deleted_at' AND schemaname = CURRENT_SCHEMA()

2025/02/13 14:38:44 /home/bryan/repos/skripsi/backend/setup/setup.go:78
[2.223ms] [rows:1] SELECT count(*) FROM pg_indexes WHERE tablename = 'refresh_tokens' AND indexname = 'idx_refresh_tokens_user_id' AND schemaname = CURRENT_SCHEMA()

2025/02/13 14:38:44 /home/bryan/repos/skripsi/backend/setup/setup.go:78
[1.887ms] [rows:1] SELECT count(*) FROM information_schema.tables WHERE table_schema = CURRENT_SCHEMA() AND table_name = 'transactions' AND table_type = 'BASE TABLE'

2025/02/13 14:38:44 /home/bryan/repos/skripsi/backend/setup/setup.go:78
[1.565ms] [rows:1] SELECT CURRENT_DATABASE()

2025/02/13 14:38:44 /home/bryan/repos/skripsi/backend/setup/setup.go:78
[6.130ms] [rows:-] SELECT c.column_name, c.is_nullable = 'YES', c.udt_name, c.character_maximum_length, c.numeric_precision, c.numeric_precision_radix, c.numeric_scale, c.datetime_precision, 8 * typlen, c.column_default, pd.description, c.identity_increment FROM information_schema.columns AS c JOIN pg_type AS pgt ON c.udt_name = pgt.typname LEFT JOIN pg_catalog.pg_description as pd ON pd.objsubid = c.ordinal_position AND pd.objoid = (SELECT oid FROM pg_catalog.pg_class WHERE relname = c.table_name AND relnamespace = (SELECT oid FROM pg_catalog.pg_namespace WHERE nspname = c.table_schema)) where table_catalog = $1$ AND table_schema = CURRENT_SCHEMA() AND table_name = $2$

2025/02/13 14:38:44 /home/bryan/repos/skripsi/backend/setup/setup.go:78
[2.112ms] [rows:-] SELECT * FROM "transactions" LIMIT $1$

2025/02/13 14:38:44 /home/bryan/repos/skripsi/backend/setup/setup.go:78
[5.404ms] [rows:-] SELECT constraint_name FROM information_schema.table_constraints tc JOIN information_schema.constraint_column_usage AS ccu USING (constraint_schema, constraint_catalog, table_name, constraint_name) JOIN information_schema.columns AS c ON c.table_schema = tc.constraint_schema AND tc.table_name = c.table_name AND ccu.column_name = c.column_name WHERE constraint_type IN ('PRIMARY KEY', 'UNIQUE') AND c.table_catalog = $1$ AND c.table_schema = CURRENT_SCHEMA() AND c.table_name = $2$ AND constraint_type = $3$

2025/02/13 14:38:44 /home/bryan/repos/skripsi/backend/setup/setup.go:78
[4.768ms] [rows:-] SELECT c.column_name, constraint_name, constraint_type FROM information_schema.table_constraints tc JOIN information_schema.constraint_column_usage AS ccu USING (constraint_schema, constraint_catalog, table_name, constraint_name) JOIN information_schema.columns AS c ON c.table_schema = tc.constraint_schema AND tc.table_name = c.table_name AND ccu.column_name = c.column_name WHERE constraint_type IN ('PRIMARY KEY', 'UNIQUE') AND c.table_catalog = $1$ AND c.table_schema = CURRENT_SCHEMA() AND c.table_name = $2$

2025/02/13 14:38:44 /home/bryan/repos/skripsi/backend/setup/setup.go:78
[1.852ms] [rows:-] SELECT a.attname as column_name, format_type(a.atttypid, a.atttypmod) AS data_type
		FROM pg_attribute a JOIN pg_class b ON a.attrelid = b.oid AND relnamespace = (SELECT oid FROM pg_catalog.pg_namespace WHERE nspname = CURRENT_SCHEMA())
		WHERE a.attnum > 0 -- hide internal columns
		AND NOT a.attisdropped -- hide deleted columns
		AND b.relname = $1$

2025/02/13 14:38:44 /home/bryan/repos/skripsi/backend/setup/setup.go:78
[2.753ms] [rows:0] SELECT description FROM pg_catalog.pg_description WHERE objsubid = (SELECT ordinal_position FROM information_schema.columns WHERE table_schema = CURRENT_SCHEMA() AND table_name = 'transactions' AND column_name = 'id') AND objoid = (SELECT oid FROM pg_catalog.pg_class WHERE relname = 'transactions' AND relnamespace = (SELECT oid FROM pg_catalog.pg_namespace WHERE nspname = CURRENT_SCHEMA()))

2025/02/13 14:38:44 /home/bryan/repos/skripsi/backend/setup/setup.go:78
[2.931ms] [rows:0] SELECT description FROM pg_catalog.pg_description WHERE objsubid = (SELECT ordinal_position FROM information_schema.columns WHERE table_schema = CURRENT_SCHEMA() AND table_name = 'transactions' AND column_name = 'created_at') AND objoid = (SELECT oid FROM pg_catalog.pg_class WHERE relname = 'transactions' AND relnamespace = (SELECT oid FROM pg_catalog.pg_namespace WHERE nspname = CURRENT_SCHEMA()))

2025/02/13 14:38:44 /home/bryan/repos/skripsi/backend/setup/setup.go:78
[2.929ms] [rows:0] SELECT description FROM pg_catalog.pg_description WHERE objsubid = (SELECT ordinal_position FROM information_schema.columns WHERE table_schema = CURRENT_SCHEMA() AND table_name = 'transactions' AND column_name = 'pet_daycare_id') AND objoid = (SELECT oid FROM pg_catalog.pg_class WHERE relname = 'transactions' AND relnamespace = (SELECT oid FROM pg_catalog.pg_namespace WHERE nspname = CURRENT_SCHEMA()))

2025/02/13 14:38:44 /home/bryan/repos/skripsi/backend/setup/setup.go:78
[2.626ms] [rows:0] SELECT description FROM pg_catalog.pg_description WHERE objsubid = (SELECT ordinal_position FROM information_schema.columns WHERE table_schema = CURRENT_SCHEMA() AND table_name = 'transactions' AND column_name = 'booked_slot_id') AND objoid = (SELECT oid FROM pg_catalog.pg_class WHERE relname = 'transactions' AND relnamespace = (SELECT oid FROM pg_catalog.pg_namespace WHERE nspname = CURRENT_SCHEMA()))

2025/02/13 14:38:44 /home/bryan/repos/skripsi/backend/setup/setup.go:78
[2.603ms] [rows:0] SELECT description FROM pg_catalog.pg_description WHERE objsubid = (SELECT ordinal_position FROM information_schema.columns WHERE table_schema = CURRENT_SCHEMA() AND table_name = 'transactions' AND column_name = 'status') AND objoid = (SELECT oid FROM pg_catalog.pg_class WHERE relname = 'transactions' AND relnamespace = (SELECT oid FROM pg_catalog.pg_namespace WHERE nspname = CURRENT_SCHEMA()))

2025/02/13 14:38:44 /home/bryan/repos/skripsi/backend/setup/setup.go:78
[2.010ms] [rows:1] SELECT count(*) FROM INFORMATION_SCHEMA.table_constraints WHERE table_schema = CURRENT_SCHEMA() AND table_name = 'transactions' AND constraint_name = 'fk_transactions_pet_daycare'

2025/02/13 14:38:44 /home/bryan/repos/skripsi/backend/setup/setup.go:78
[2.000ms] [rows:1] SELECT count(*) FROM INFORMATION_SCHEMA.table_constraints WHERE table_schema = CURRENT_SCHEMA() AND table_name = 'transactions' AND constraint_name = 'fk_transactions_booked_slot'

2025/02/13 14:38:44 /home/bryan/repos/skripsi/backend/setup/setup.go:78
[1.864ms] [rows:1] SELECT count(*) FROM information_schema.tables WHERE table_schema = CURRENT_SCHEMA() AND table_name = 'reduce_slots' AND table_type = 'BASE TABLE'

2025/02/13 14:38:44 /home/bryan/repos/skripsi/backend/setup/setup.go:78
[1.578ms] [rows:1] SELECT CURRENT_DATABASE()

2025/02/13 14:38:44 /home/bryan/repos/skripsi/backend/setup/setup.go:78
[5.933ms] [rows:-] SELECT c.column_name, c.is_nullable = 'YES', c.udt_name, c.character_maximum_length, c.numeric_precision, c.numeric_precision_radix, c.numeric_scale, c.datetime_precision, 8 * typlen, c.column_default, pd.description, c.identity_increment FROM information_schema.columns AS c JOIN pg_type AS pgt ON c.udt_name = pgt.typname LEFT JOIN pg_catalog.pg_description as pd ON pd.objsubid = c.ordinal_position AND pd.objoid = (SELECT oid FROM pg_catalog.pg_class WHERE relname = c.table_name AND relnamespace = (SELECT oid FROM pg_catalog.pg_namespace WHERE nspname = c.table_schema)) where table_catalog = $1$ AND table_schema = CURRENT_SCHEMA() AND table_name = $2$

2025/02/13 14:38:44 /home/bryan/repos/skripsi/backend/setup/setup.go:78
[1.859ms] [rows:-] SELECT * FROM "reduce_slots" LIMIT $1$

2025/02/13 14:38:44 /home/bryan/repos/skripsi/backend/setup/setup.go:78
[4.385ms] [rows:-] SELECT constraint_name FROM information_schema.table_constraints tc JOIN information_schema.constraint_column_usage AS ccu USING (constraint_schema, constraint_catalog, table_name, constraint_name) JOIN information_schema.columns AS c ON c.table_schema = tc.constraint_schema AND tc.table_name = c.table_name AND ccu.column_name = c.column_name WHERE constraint_type IN ('PRIMARY KEY', 'UNIQUE') AND c.table_catalog = $1$ AND c.table_schema = CURRENT_SCHEMA() AND c.table_name = $2$ AND constraint_type = $3$

2025/02/13 14:38:44 /home/bryan/repos/skripsi/backend/setup/setup.go:78
[4.613ms] [rows:-] SELECT c.column_name, constraint_name, constraint_type FROM information_schema.table_constraints tc JOIN information_schema.constraint_column_usage AS ccu USING (constraint_schema, constraint_catalog, table_name, constraint_name) JOIN information_schema.columns AS c ON c.table_schema = tc.constraint_schema AND tc.table_name = c.table_name AND ccu.column_name = c.column_name WHERE constraint_type IN ('PRIMARY KEY', 'UNIQUE') AND c.table_catalog = $1$ AND c.table_schema = CURRENT_SCHEMA() AND c.table_name = $2$

2025/02/13 14:38:44 /home/bryan/repos/skripsi/backend/setup/setup.go:78
[1.785ms] [rows:-] SELECT a.attname as column_name, format_type(a.atttypid, a.atttypmod) AS data_type
		FROM pg_attribute a JOIN pg_class b ON a.attrelid = b.oid AND relnamespace = (SELECT oid FROM pg_catalog.pg_namespace WHERE nspname = CURRENT_SCHEMA())
		WHERE a.attnum > 0 -- hide internal columns
		AND NOT a.attisdropped -- hide deleted columns
		AND b.relname = $1$

2025/02/13 14:38:44 /home/bryan/repos/skripsi/backend/setup/setup.go:78
[2.830ms] [rows:0] SELECT description FROM pg_catalog.pg_description WHERE objsubid = (SELECT ordinal_position FROM information_schema.columns WHERE table_schema = CURRENT_SCHEMA() AND table_name = 'reduce_slots' AND column_name = 'id') AND objoid = (SELECT oid FROM pg_catalog.pg_class WHERE relname = 'reduce_slots' AND relnamespace = (SELECT oid FROM pg_catalog.pg_namespace WHERE nspname = CURRENT_SCHEMA()))

2025/02/13 14:38:44 /home/bryan/repos/skripsi/backend/setup/setup.go:78
[2.607ms] [rows:0] SELECT description FROM pg_catalog.pg_description WHERE objsubid = (SELECT ordinal_position FROM information_schema.columns WHERE table_schema = CURRENT_SCHEMA() AND table_name = 'reduce_slots' AND column_name = 'slot_id') AND objoid = (SELECT oid FROM pg_catalog.pg_class WHERE relname = 'reduce_slots' AND relnamespace = (SELECT oid FROM pg_catalog.pg_namespace WHERE nspname = CURRENT_SCHEMA()))

2025/02/13 14:38:44 /home/bryan/repos/skripsi/backend/setup/setup.go:78
[2.748ms] [rows:0] SELECT description FROM pg_catalog.pg_description WHERE objsubid = (SELECT ordinal_position FROM information_schema.columns WHERE table_schema = CURRENT_SCHEMA() AND table_name = 'reduce_slots' AND column_name = 'reduced_count') AND objoid = (SELECT oid FROM pg_catalog.pg_class WHERE relname = 'reduce_slots' AND relnamespace = (SELECT oid FROM pg_catalog.pg_namespace WHERE nspname = CURRENT_SCHEMA()))

2025/02/13 14:38:44 /home/bryan/repos/skripsi/backend/setup/setup.go:78
[2.778ms] [rows:0] SELECT description FROM pg_catalog.pg_description WHERE objsubid = (SELECT ordinal_position FROM information_schema.columns WHERE table_schema = CURRENT_SCHEMA() AND table_name = 'reduce_slots' AND column_name = 'target_date') AND objoid = (SELECT oid FROM pg_catalog.pg_class WHERE relname = 'reduce_slots' AND relnamespace = (SELECT oid FROM pg_catalog.pg_namespace WHERE nspname = CURRENT_SCHEMA()))

2025/02/13 14:38:44 /home/bryan/repos/skripsi/backend/setup/setup.go:78
[1.920ms] [rows:1] SELECT count(*) FROM information_schema.tables WHERE table_schema = CURRENT_SCHEMA() AND table_name = 'booked_slots_dailies' AND table_type = 'BASE TABLE'

2025/02/13 14:38:44 /home/bryan/repos/skripsi/backend/setup/setup.go:78
[1.461ms] [rows:1] SELECT CURRENT_DATABASE()

2025/02/13 14:38:44 /home/bryan/repos/skripsi/backend/setup/setup.go:78
[5.773ms] [rows:-] SELECT c.column_name, c.is_nullable = 'YES', c.udt_name, c.character_maximum_length, c.numeric_precision, c.numeric_precision_radix, c.numeric_scale, c.datetime_precision, 8 * typlen, c.column_default, pd.description, c.identity_increment FROM information_schema.columns AS c JOIN pg_type AS pgt ON c.udt_name = pgt.typname LEFT JOIN pg_catalog.pg_description as pd ON pd.objsubid = c.ordinal_position AND pd.objoid = (SELECT oid FROM pg_catalog.pg_class WHERE relname = c.table_name AND relnamespace = (SELECT oid FROM pg_catalog.pg_namespace WHERE nspname = c.table_schema)) where table_catalog = $1$ AND table_schema = CURRENT_SCHEMA() AND table_name = $2$

2025/02/13 14:38:44 /home/bryan/repos/skripsi/backend/setup/setup.go:78
[2.714ms] [rows:-] SELECT * FROM "booked_slots_dailies" LIMIT $1$

2025/02/13 14:38:44 /home/bryan/repos/skripsi/backend/setup/setup.go:78
[4.456ms] [rows:-] SELECT constraint_name FROM information_schema.table_constraints tc JOIN information_schema.constraint_column_usage AS ccu USING (constraint_schema, constraint_catalog, table_name, constraint_name) JOIN information_schema.columns AS c ON c.table_schema = tc.constraint_schema AND tc.table_name = c.table_name AND ccu.column_name = c.column_name WHERE constraint_type IN ('PRIMARY KEY', 'UNIQUE') AND c.table_catalog = $1$ AND c.table_schema = CURRENT_SCHEMA() AND c.table_name = $2$ AND constraint_type = $3$

2025/02/13 14:38:44 /home/bryan/repos/skripsi/backend/setup/setup.go:78
[4.504ms] [rows:-] SELECT c.column_name, constraint_name, constraint_type FROM information_schema.table_constraints tc JOIN information_schema.constraint_column_usage AS ccu USING (constraint_schema, constraint_catalog, table_name, constraint_name) JOIN information_schema.columns AS c ON c.table_schema = tc.constraint_schema AND tc.table_name = c.table_name AND ccu.column_name = c.column_name WHERE constraint_type IN ('PRIMARY KEY', 'UNIQUE') AND c.table_catalog = $1$ AND c.table_schema = CURRENT_SCHEMA() AND c.table_name = $2$

2025/02/13 14:38:44 /home/bryan/repos/skripsi/backend/setup/setup.go:78
[1.739ms] [rows:-] SELECT a.attname as column_name, format_type(a.atttypid, a.atttypmod) AS data_type
		FROM pg_attribute a JOIN pg_class b ON a.attrelid = b.oid AND relnamespace = (SELECT oid FROM pg_catalog.pg_namespace WHERE nspname = CURRENT_SCHEMA())
		WHERE a.attnum > 0 -- hide internal columns
		AND NOT a.attisdropped -- hide deleted columns
		AND b.relname = $1$

2025/02/13 14:38:44 /home/bryan/repos/skripsi/backend/setup/setup.go:78
[2.570ms] [rows:0] SELECT description FROM pg_catalog.pg_description WHERE objsubid = (SELECT ordinal_position FROM information_schema.columns WHERE table_schema = CURRENT_SCHEMA() AND table_name = 'booked_slots_dailies' AND column_name = 'id') AND objoid = (SELECT oid FROM pg_catalog.pg_class WHERE relname = 'booked_slots_dailies' AND relnamespace = (SELECT oid FROM pg_catalog.pg_namespace WHERE nspname = CURRENT_SCHEMA()))

2025/02/13 14:38:44 /home/bryan/repos/skripsi/backend/setup/setup.go:78
[2.700ms] [rows:0] SELECT description FROM pg_catalog.pg_description WHERE objsubid = (SELECT ordinal_position FROM information_schema.columns WHERE table_schema = CURRENT_SCHEMA() AND table_name = 'booked_slots_dailies' AND column_name = 'daycare_id') AND objoid = (SELECT oid FROM pg_catalog.pg_class WHERE relname = 'booked_slots_dailies' AND relnamespace = (SELECT oid FROM pg_catalog.pg_namespace WHERE nspname = CURRENT_SCHEMA()))

2025/02/13 14:38:44 /home/bryan/repos/skripsi/backend/setup/setup.go:78
[2.638ms] [rows:0] SELECT description FROM pg_catalog.pg_description WHERE objsubid = (SELECT ordinal_position FROM information_schema.columns WHERE table_schema = CURRENT_SCHEMA() AND table_name = 'booked_slots_dailies' AND column_name = 'date') AND objoid = (SELECT oid FROM pg_catalog.pg_class WHERE relname = 'booked_slots_dailies' AND relnamespace = (SELECT oid FROM pg_catalog.pg_namespace WHERE nspname = CURRENT_SCHEMA()))

2025/02/13 14:38:44 /home/bryan/repos/skripsi/backend/setup/setup.go:78
[2.665ms] [rows:0] SELECT description FROM pg_catalog.pg_description WHERE objsubid = (SELECT ordinal_position FROM information_schema.columns WHERE table_schema = CURRENT_SCHEMA() AND table_name = 'booked_slots_dailies' AND column_name = 'slot_count') AND objoid = (SELECT oid FROM pg_catalog.pg_class WHERE relname = 'booked_slots_dailies' AND relnamespace = (SELECT oid FROM pg_catalog.pg_namespace WHERE nspname = CURRENT_SCHEMA()))

2025/02/13 14:38:44 /home/bryan/repos/skripsi/backend/setup/setup.go:78
[2.037ms] [rows:1] SELECT count(*) FROM pg_indexes WHERE tablename = 'booked_slots_dailies' AND indexname = 'idx_booked_slots_dailies_date' AND schemaname = CURRENT_SCHEMA()
[GIN-debug] [WARNING] Creating an Engine instance with the Logger and Recovery middleware already attached.

[GIN-debug] [WARNING] Running in "debug" mode. Switch to "release" mode in production.
 - using env:	export GIN_MODE=release
 - using code:	gin.SetMode(gin.ReleaseMode)

[GIN-debug] GET    /assets/*filepath         --> github.com/gin-gonic/gin.(*RouterGroup).createStaticHandler.func1 (3 handlers)
[GIN-debug] HEAD   /assets/*filepath         --> github.com/gin-gonic/gin.(*RouterGroup).createStaticHandler.func1 (3 handlers)
[GIN-debug] POST   /users                    --> github.com/BryanEgbert/skripsi/controller.(*UserController).CreateUser-fm (3 handlers)
[GIN-debug] GET    /users/vets               --> github.com/BryanEgbert/skripsi/controller.(*UserController).GetVets-fm (4 handlers)
[GIN-debug] GET    /users/:id                --> github.com/BryanEgbert/skripsi/controller.(*UserController).GetUser-fm (4 handlers)
[GIN-debug] DELETE /users                    --> github.com/BryanEgbert/skripsi/controller.(*UserController).DeleteUser-fm (4 handlers)
[GIN-debug] PUT    /users                    --> github.com/BryanEgbert/skripsi/controller.(*UserController).UpdateUserProfile-fm (4 handlers)
[GIN-debug] PATCH  /users/password           --> github.com/BryanEgbert/skripsi/controller.(*UserController).UpdateUserPassword-fm (4 handlers)
[GIN-debug] POST   /login                    --> github.com/BryanEgbert/skripsi/controller.(*AuthController).Login-fm (3 handlers)
[GIN-debug] POST   /refresh                  --> github.com/BryanEgbert/skripsi/controller.(*AuthController).RefreshToken-fm (4 handlers)
[GIN-debug] GET    /pets/:id                 --> github.com/BryanEgbert/skripsi/controller.(*PetController).GetPet-fm (4 handlers)
[GIN-debug] GET    /pets                     --> github.com/BryanEgbert/skripsi/controller.(*PetController).GetPets-fm (4 handlers)
[GIN-debug] POST   /pets                     --> github.com/BryanEgbert/skripsi/controller.(*PetController).CreatePet-fm (4 handlers)
[GIN-debug] PUT    /pets/:id                 --> github.com/BryanEgbert/skripsi/controller.(*PetController).UpdatePet-fm (4 handlers)
[GIN-debug] DELETE /pets/:id                 --> github.com/BryanEgbert/skripsi/controller.(*PetController).DeletePet-fm (4 handlers)
[GIN-debug] PATCH  /daycare/slot/:slotId     --> github.com/BryanEgbert/skripsi/controller.(*PetDaycareController).EditSlotCount-fm (4 handlers)
[GIN-debug] GET    /daycare/:id/slot         --> github.com/BryanEgbert/skripsi/controller.(*PetDaycareController).GetPetDaycareSlots-fm (4 handlers)
[GIN-debug] POST   /daycare/:id/slot         --> github.com/BryanEgbert/skripsi/controller.(*PetDaycareController).CreateSlot-fm (4 handlers)
[GIN-debug] GET    /daycare/:id/review       --> github.com/BryanEgbert/skripsi/controller.(*PetDaycareController).GetReviews-fm (4 handlers)
[GIN-debug] POST   /daycare/:id/review       --> github.com/BryanEgbert/skripsi/controller.(*PetDaycareController).CreateReview-fm (4 handlers)
[GIN-debug] DELETE /daycare/:id/review       --> github.com/BryanEgbert/skripsi/controller.(*PetDaycareController).DeleteReview-fm (4 handlers)
[GIN-debug] GET    /daycare/:id              --> github.com/BryanEgbert/skripsi/controller.(*PetDaycareController).GetPetDaycare-fm (4 handlers)
[GIN-debug] GET    /daycare                  --> github.com/BryanEgbert/skripsi/controller.(*PetDaycareController).GetPetDaycares-fm (4 handlers)
[GIN-debug] POST   /daycare                  --> github.com/BryanEgbert/skripsi/controller.(*PetDaycareController).CreatePetDaycare-fm (4 handlers)
[GIN-debug] PUT    /daycare/:id              --> github.com/BryanEgbert/skripsi/controller.(*PetDaycareController).UpdatePetDaycare-fm (4 handlers)
[GIN-debug] DELETE /daycare/:id              --> github.com/BryanEgbert/skripsi/controller.(*PetDaycareController).DeletePetDaycare-fm (4 handlers)

2025/02/13 14:38:44 /home/bryan/repos/skripsi/backend/service/pet_daycare_service.go:41
[3.586ms] [rows:1] SELECT * FROM "daily_playtimes" WHERE "daily_playtimes"."id" = $1$

2025/02/13 14:38:44 /home/bryan/repos/skripsi/backend/service/pet_daycare_service.go:41
[3.508ms] [rows:1] SELECT * FROM "daily_walks" WHERE "daily_walks"."id" = $1$

2025/02/13 14:38:44 /home/bryan/repos/skripsi/backend/service/pet_daycare_service.go:41
[3.870ms] [rows:1] SELECT * FROM "users" WHERE "users"."id" = $1$ AND "users"."deleted_at" IS NULL

2025/02/13 14:38:44 /home/bryan/repos/skripsi/backend/service/pet_daycare_service.go:41
[3.862ms] [rows:2] SELECT * FROM "reviews" WHERE "reviews"."daycare_id" = $1$ AND "reviews"."deleted_at" IS NULL

2025/02/13 14:38:44 /home/bryan/repos/skripsi/backend/service/pet_daycare_service.go:41
[3.533ms] [rows:1] SELECT * FROM "thumbnails" WHERE "thumbnails"."daycare_id" = $1$

2025/02/13 14:38:44 /home/bryan/repos/skripsi/backend/service/pet_daycare_service.go:41
[303.719ms] [rows:1] SELECT *, ST_DistanceSphere(ST_MakePoint($1$, $2$), ST_MakePoint(longitude, latitude)) AS Distance FROM "pet_daycares" WHERE "pet_daycares"."id" = $3$ AND "pet_daycares"."deleted_at" IS NULL ORDER BY "pet_daycares"."id" LIMIT $4$

2025/02/13 14:38:44 /home/bryan/repos/skripsi/backend/service/pet_daycare_service.go:46
[3.581ms] [rows:1] SELECT * FROM "thumbnails" WHERE daycare_id = $1$
[GIN] 2025/02/13 - 14:38:44 | 200 |   307.95003ms |                 | GET      "/daycare/2?lat=106.870233&long=-6.322449"
    pet_daycare_test.go:165: pet daycare:
        {ID:2 Name:DOG Daycare Jakarta Address:Jl. Abdul Majid Raya No.31, Cipete Sel., Kec. Cilandak, Kota Jakarta Selatan, Daerah Khusus Ibukota Jakarta 12410 Distance:1.140617942364012e+07 Price:150000 PricingType:day Description:DOG daycare jakarta desc BookedNum:1 AverageRating:4.5 RatingCount:2 HasPickupService:false MustBeVaccinated:false GroomingAvailable:true FoodProvided:true FoodBrand:Pedigree CreatedAt: Owner:{ID:3 Name:Jane Smith Daycare2 Email:daycare@example.com ImageUrl:test.com/image/test.jpeg RoleID:2 VetSpecialty:<nil> CreatedAt:} DailyWalks:{ID:2 Name:one walk a day} DailyPlaytime:{ID:4 Name:more than two play session a day} ThumbnailURLs:[test.com/image/thumbnail2.jpg]}
=== RUN   TestGetPetDaycare/On_get_pet_daycare,_should_return_pet_daycare_if_ID_exists_in_DB_and_distance_is_0_if_lat_and_long_is_0

2025/02/13 14:38:45 /home/bryan/repos/skripsi/backend/setup/setup.go:60
[306.786ms] [rows:0] TRUNCATE TABLE users, vet_specialties, user_vet_specialties, pet_daycares, pets, size_categories, roles, slots, booked_slots, thumbnails, species, reviews, refresh_tokens, transactions, daily_walks, daily_playtimes, reduce_slots RESTART IDENTITY CASCADE;

2025/02/13 14:38:45 /home/bryan/repos/skripsi/backend/seeder/seeder.go:18
[12.424ms] [rows:3] INSERT INTO "roles" ("name","id") VALUES ($1$,$2$),($3$,$4$),($5$,$6$) RETURNING "id"

2025/02/13 14:38:45 /home/bryan/repos/skripsi/backend/seeder/seeder.go:29
[8.722ms] [rows:4] INSERT INTO "daily_walks" ("name","id") VALUES ($1$,$2$),($3$,$4$),($5$,$6$),($7$,$8$) RETURNING "id"

2025/02/13 14:38:45 /home/bryan/repos/skripsi/backend/seeder/seeder.go:39
[8.196ms] [rows:4] INSERT INTO "daily_playtimes" ("name","id") VALUES ($1$,$2$),($3$,$4$),($5$,$6$),($7$,$8$) RETURNING "id"

2025/02/13 14:38:45 /home/bryan/repos/skripsi/backend/seeder/seeder.go:61
[9.336ms] [rows:17] INSERT INTO "vet_specialties" ("name") VALUES ($1$),($2$),($3$),($4$),($5$),($6$),($7$),($8$),($9$),($10$),($11$),($12$),($13$),($14$),($15$),($16$),($17$) RETURNING "id"

2025/02/13 14:38:45 /home/bryan/repos/skripsi/backend/seeder/seeder.go:71
[10.003ms] [rows:3] INSERT INTO "species" ("name") VALUES ($1$),($2$),($3$) RETURNING "id"

2025/02/13 14:38:45 /home/bryan/repos/skripsi/backend/seeder/seeder.go:83
[8.699ms] [rows:5] INSERT INTO "size_categories" ("name","min_weight","max_weight") VALUES ($1$,$2$,$3$),($4$,$5$,$6$),($7$,$8$,$9$),($10$,$11$,$12$),($13$,$14$,$15$) RETURNING "id"

2025/02/13 14:38:45 /home/bryan/repos/skripsi/backend/seeder/seeder.go:106
[2.001ms] [rows:0] INSERT INTO "vet_specialties" ("name","id") VALUES ($1$,$2$),($3$,$4$),($5$,$6$) ON CONFLICT DO NOTHING RETURNING "id"

2025/02/13 14:38:45 /home/bryan/repos/skripsi/backend/seeder/seeder.go:106
[3.343ms] [rows:3] INSERT INTO "user_vet_specialties" ("user_id","vet_specialty_id") VALUES ($1$,$2$),($3$,$4$),($5$,$6$) ON CONFLICT DO NOTHING

2025/02/13 14:38:45 /home/bryan/repos/skripsi/backend/seeder/seeder.go:106
[13.822ms] [rows:6] INSERT INTO "users" ("created_at","updated_at","deleted_at","name","email","password","role_id","image_url") VALUES ($1$,$2$,$3$,$4$,$5$,$6$,$7$,$8$),($9$,$10$,$11$,$12$,$13$,$14$,$15$,$16$),($17$,$18$,$19$,$20$,$21$,$22$,$23$,$24$),($25$,$26$,$27$,$28$,$29$,$30$,$31$,$32$),($33$,$34$,$35$,$36$,$37$,$38$,$39$,DEFAULT),($40$,$41$,$42$,$43$,$44$,$45$,$46$,$47$) RETURNING "id","image_url"

2025/02/13 14:38:45 /home/bryan/repos/skripsi/backend/seeder/seeder.go:148
[2.032ms] [rows:0] INSERT INTO "daily_walks" ("name","id") VALUES ($1$,$2$) ON CONFLICT DO NOTHING RETURNING "id"

2025/02/13 14:38:45 /home/bryan/repos/skripsi/backend/seeder/seeder.go:148
[1.543ms] [rows:0] INSERT INTO "daily_playtimes" ("name","id") VALUES ($1$,$2$),($3$,$4$) ON CONFLICT DO NOTHING RETURNING "id"

2025/02/13 14:38:45 /home/bryan/repos/skripsi/backend/seeder/seeder.go:148
[10.544ms] [rows:3] INSERT INTO "pet_daycares" ("created_at","updated_at","deleted_at","name","address","latitude","longitude","price","pricing_type","description","has_pickup_service","must_be_vaccinated","food_provided","grooming_available","booked_num","daily_walks_id","daily_playtime_id","owner_id","food_brand") VALUES ($1$,$2$,$3$,$4$,$5$,$6$,$7$,$8$,$9$,$10$,$11$,$12$,$13$,$14$,$15$,$16$,$17$,$18$,$19$),($20$,$21$,$22$,$23$,$24$,$25$,$26$,$27$,$28$,$29$,$30$,$31$,$32$,$33$,$34$,$35$,$36$,$37$,$38$),($39$,$40$,$41$,$42$,$43$,$44$,$45$,$46$,$47$,$48$,$49$,$50$,$51$,$52$,$53$,$54$,$55$,$56$,$57$) RETURNING "id"

2025/02/13 14:38:45 /home/bryan/repos/skripsi/backend/seeder/seeder.go:158
[5.649ms] [rows:3] INSERT INTO "slots" ("created_at","updated_at","deleted_at","daycare_id","species_id","size_category_id","max_number") VALUES ($1$,$2$,$3$,$4$,$5$,$6$,$7$),($8$,$9$,$10$,$11$,$12$,$13$,$14$),($15$,$16$,$17$,$18$,$19$,$20$,$21$) RETURNING "id"

2025/02/13 14:38:45 /home/bryan/repos/skripsi/backend/seeder/seeder.go:172
[6.069ms] [rows:2] INSERT INTO "pets" ("created_at","updated_at","deleted_at","name","image_url","status","owner_id","species_id","size_id") VALUES ($1$,$2$,$3$,$4$,$5$,$6$,$7$,$8$,$9$),($10$,$11$,$12$,$13$,$14$,$15$,$16$,$17$,$18$) RETURNING "id"

2025/02/13 14:38:45 /home/bryan/repos/skripsi/backend/seeder/seeder.go:189
[7.432ms] [rows:2] INSERT INTO "booked_slots" ("created_at","updated_at","deleted_at","user_id","daycare_id","pet_id","start_date","end_date") VALUES ($1$,$2$,$3$,$4$,$5$,$6$,$7$,$8$),($9$,$10$,$11$,$12$,$13$,$14$,$15$,$16$) RETURNING "id"

2025/02/13 14:38:45 /home/bryan/repos/skripsi/backend/seeder/seeder.go:205
[6.265ms] [rows:3] INSERT INTO "reviews" ("created_at","updated_at","deleted_at","daycare_id","user_id","name","rate","description") VALUES ($1$,$2$,$3$,$4$,$5$,$6$,$7$,$8$),($9$,$10$,$11$,$12$,$13$,$14$,$15$,$16$),($17$,$18$,$19$,$20$,$21$,$22$,$23$,$24$) RETURNING "id"

2025/02/13 14:38:45 /home/bryan/repos/skripsi/backend/seeder/seeder.go:213
[4.926ms] [rows:1] INSERT INTO "reduce_slots" ("slot_id","reduced_count","target_date") VALUES ($1$,$2$,$3$) RETURNING "id"

2025/02/13 14:38:45 /home/bryan/repos/skripsi/backend/seeder/seeder.go:222
[5.465ms] [rows:2] INSERT INTO "thumbnails" ("daycare_id","image_url") VALUES ($1$,$2$),($3$,$4$) RETURNING "id"

2025/02/13 14:38:45 /home/bryan/repos/skripsi/backend/seeder/seeder.go:230
[5.545ms] [rows:1] INSERT INTO "transactions" ("pet_daycare_id","booked_slot_id","status") VALUES ($1$,$2$,$3$) RETURNING "created_at","id"

2025/02/13 14:38:45 /home/bryan/repos/skripsi/backend/setup/setup.go:78
[15.149ms] [rows:1] SELECT count(*) FROM information_schema.tables WHERE table_schema = CURRENT_SCHEMA() AND table_name = 'roles' AND table_type = 'BASE TABLE'

2025/02/13 14:38:45 /home/bryan/repos/skripsi/backend/setup/setup.go:78
[1.561ms] [rows:1] SELECT CURRENT_DATABASE()

2025/02/13 14:38:45 /home/bryan/repos/skripsi/backend/setup/setup.go:78
[34.243ms] [rows:-] SELECT c.column_name, c.is_nullable = 'YES', c.udt_name, c.character_maximum_length, c.numeric_precision, c.numeric_precision_radix, c.numeric_scale, c.datetime_precision, 8 * typlen, c.column_default, pd.description, c.identity_increment FROM information_schema.columns AS c JOIN pg_type AS pgt ON c.udt_name = pgt.typname LEFT JOIN pg_catalog.pg_description as pd ON pd.objsubid = c.ordinal_position AND pd.objoid = (SELECT oid FROM pg_catalog.pg_class WHERE relname = c.table_name AND relnamespace = (SELECT oid FROM pg_catalog.pg_namespace WHERE nspname = c.table_schema)) where table_catalog = $1$ AND table_schema = CURRENT_SCHEMA() AND table_name = $2$

2025/02/13 14:38:45 /home/bryan/repos/skripsi/backend/setup/setup.go:78
[0.890ms] [rows:-] SELECT * FROM "roles" LIMIT $1$

2025/02/13 14:38:45 /home/bryan/repos/skripsi/backend/setup/setup.go:78
[23.709ms] [rows:-] SELECT constraint_name FROM information_schema.table_constraints tc JOIN information_schema.constraint_column_usage AS ccu USING (constraint_schema, constraint_catalog, table_name, constraint_name) JOIN information_schema.columns AS c ON c.table_schema = tc.constraint_schema AND tc.table_name = c.table_name AND ccu.column_name = c.column_name WHERE constraint_type IN ('PRIMARY KEY', 'UNIQUE') AND c.table_catalog = $1$ AND c.table_schema = CURRENT_SCHEMA() AND c.table_name = $2$ AND constraint_type = $3$

2025/02/13 14:38:45 /home/bryan/repos/skripsi/backend/setup/setup.go:78
[18.646ms] [rows:-] SELECT c.column_name, constraint_name, constraint_type FROM information_schema.table_constraints tc JOIN information_schema.constraint_column_usage AS ccu USING (constraint_schema, constraint_catalog, table_name, constraint_name) JOIN information_schema.columns AS c ON c.table_schema = tc.constraint_schema AND tc.table_name = c.table_name AND ccu.column_name = c.column_name WHERE constraint_type IN ('PRIMARY KEY', 'UNIQUE') AND c.table_catalog = $1$ AND c.table_schema = CURRENT_SCHEMA() AND c.table_name = $2$

2025/02/13 14:38:45 /home/bryan/repos/skripsi/backend/setup/setup.go:78
[2.596ms] [rows:-] SELECT a.attname as column_name, format_type(a.atttypid, a.atttypmod) AS data_type
		FROM pg_attribute a JOIN pg_class b ON a.attrelid = b.oid AND relnamespace = (SELECT oid FROM pg_catalog.pg_namespace WHERE nspname = CURRENT_SCHEMA())
		WHERE a.attnum > 0 -- hide internal columns
		AND NOT a.attisdropped -- hide deleted columns
		AND b.relname = $1$

2025/02/13 14:38:45 /home/bryan/repos/skripsi/backend/setup/setup.go:78
[7.608ms] [rows:0] SELECT description FROM pg_catalog.pg_description WHERE objsubid = (SELECT ordinal_position FROM information_schema.columns WHERE table_schema = CURRENT_SCHEMA() AND table_name = 'roles' AND column_name = 'id') AND objoid = (SELECT oid FROM pg_catalog.pg_class WHERE relname = 'roles' AND relnamespace = (SELECT oid FROM pg_catalog.pg_namespace WHERE nspname = CURRENT_SCHEMA()))

2025/02/13 14:38:45 /home/bryan/repos/skripsi/backend/setup/setup.go:78
[5.761ms] [rows:0] SELECT description FROM pg_catalog.pg_description WHERE objsubid = (SELECT ordinal_position FROM information_schema.columns WHERE table_schema = CURRENT_SCHEMA() AND table_name = 'roles' AND column_name = 'name') AND objoid = (SELECT oid FROM pg_catalog.pg_class WHERE relname = 'roles' AND relnamespace = (SELECT oid FROM pg_catalog.pg_namespace WHERE nspname = CURRENT_SCHEMA()))

2025/02/13 14:38:45 /home/bryan/repos/skripsi/backend/setup/setup.go:78
[2.088ms] [rows:1] SELECT count(*) FROM information_schema.tables WHERE table_schema = CURRENT_SCHEMA() AND table_name = 'users' AND table_type = 'BASE TABLE'

2025/02/13 14:38:45 /home/bryan/repos/skripsi/backend/setup/setup.go:78
[0.680ms] [rows:1] SELECT CURRENT_DATABASE()

2025/02/13 14:38:45 /home/bryan/repos/skripsi/backend/setup/setup.go:78
[13.330ms] [rows:-] SELECT c.column_name, c.is_nullable = 'YES', c.udt_name, c.character_maximum_length, c.numeric_precision, c.numeric_precision_radix, c.numeric_scale, c.datetime_precision, 8 * typlen, c.column_default, pd.description, c.identity_increment FROM information_schema.columns AS c JOIN pg_type AS pgt ON c.udt_name = pgt.typname LEFT JOIN pg_catalog.pg_description as pd ON pd.objsubid = c.ordinal_position AND pd.objoid = (SELECT oid FROM pg_catalog.pg_class WHERE relname = c.table_name AND relnamespace = (SELECT oid FROM pg_catalog.pg_namespace WHERE nspname = c.table_schema)) where table_catalog = $1$ AND table_schema = CURRENT_SCHEMA() AND table_name = $2$

2025/02/13 14:38:45 /home/bryan/repos/skripsi/backend/setup/setup.go:78
[1.202ms] [rows:-] SELECT * FROM "users" LIMIT $1$

2025/02/13 14:38:45 /home/bryan/repos/skripsi/backend/setup/setup.go:78
[29.766ms] [rows:-] SELECT constraint_name FROM information_schema.table_constraints tc JOIN information_schema.constraint_column_usage AS ccu USING (constraint_schema, constraint_catalog, table_name, constraint_name) JOIN information_schema.columns AS c ON c.table_schema = tc.constraint_schema AND tc.table_name = c.table_name AND ccu.column_name = c.column_name WHERE constraint_type IN ('PRIMARY KEY', 'UNIQUE') AND c.table_catalog = $1$ AND c.table_schema = CURRENT_SCHEMA() AND c.table_name = $2$ AND constraint_type = $3$

2025/02/13 14:38:45 /home/bryan/repos/skripsi/backend/setup/setup.go:78
[31.780ms] [rows:-] SELECT c.column_name, constraint_name, constraint_type FROM information_schema.table_constraints tc JOIN information_schema.constraint_column_usage AS ccu USING (constraint_schema, constraint_catalog, table_name, constraint_name) JOIN information_schema.columns AS c ON c.table_schema = tc.constraint_schema AND tc.table_name = c.table_name AND ccu.column_name = c.column_name WHERE constraint_type IN ('PRIMARY KEY', 'UNIQUE') AND c.table_catalog = $1$ AND c.table_schema = CURRENT_SCHEMA() AND c.table_name = $2$

2025/02/13 14:38:45 /home/bryan/repos/skripsi/backend/setup/setup.go:78
[2.944ms] [rows:-] SELECT a.attname as column_name, format_type(a.atttypid, a.atttypmod) AS data_type
		FROM pg_attribute a JOIN pg_class b ON a.attrelid = b.oid AND relnamespace = (SELECT oid FROM pg_catalog.pg_namespace WHERE nspname = CURRENT_SCHEMA())
		WHERE a.attnum > 0 -- hide internal columns
		AND NOT a.attisdropped -- hide deleted columns
		AND b.relname = $1$

2025/02/13 14:38:45 /home/bryan/repos/skripsi/backend/setup/setup.go:78
[9.993ms] [rows:0] SELECT description FROM pg_catalog.pg_description WHERE objsubid = (SELECT ordinal_position FROM information_schema.columns WHERE table_schema = CURRENT_SCHEMA() AND table_name = 'users' AND column_name = 'id') AND objoid = (SELECT oid FROM pg_catalog.pg_class WHERE relname = 'users' AND relnamespace = (SELECT oid FROM pg_catalog.pg_namespace WHERE nspname = CURRENT_SCHEMA()))

2025/02/13 14:38:45 /home/bryan/repos/skripsi/backend/setup/setup.go:78
[9.725ms] [rows:0] SELECT description FROM pg_catalog.pg_description WHERE objsubid = (SELECT ordinal_position FROM information_schema.columns WHERE table_schema = CURRENT_SCHEMA() AND table_name = 'users' AND column_name = 'created_at') AND objoid = (SELECT oid FROM pg_catalog.pg_class WHERE relname = 'users' AND relnamespace = (SELECT oid FROM pg_catalog.pg_namespace WHERE nspname = CURRENT_SCHEMA()))

2025/02/13 14:38:45 /home/bryan/repos/skripsi/backend/setup/setup.go:78
[10.064ms] [rows:0] SELECT description FROM pg_catalog.pg_description WHERE objsubid = (SELECT ordinal_position FROM information_schema.columns WHERE table_schema = CURRENT_SCHEMA() AND table_name = 'users' AND column_name = 'updated_at') AND objoid = (SELECT oid FROM pg_catalog.pg_class WHERE relname = 'users' AND relnamespace = (SELECT oid FROM pg_catalog.pg_namespace WHERE nspname = CURRENT_SCHEMA()))

2025/02/13 14:38:45 /home/bryan/repos/skripsi/backend/setup/setup.go:78
[10.641ms] [rows:0] SELECT description FROM pg_catalog.pg_description WHERE objsubid = (SELECT ordinal_position FROM information_schema.columns WHERE table_schema = CURRENT_SCHEMA() AND table_name = 'users' AND column_name = 'deleted_at') AND objoid = (SELECT oid FROM pg_catalog.pg_class WHERE relname = 'users' AND relnamespace = (SELECT oid FROM pg_catalog.pg_namespace WHERE nspname = CURRENT_SCHEMA()))

2025/02/13 14:38:45 /home/bryan/repos/skripsi/backend/setup/setup.go:78
[2.604ms] [rows:0] SELECT description FROM pg_catalog.pg_description WHERE objsubid = (SELECT ordinal_position FROM information_schema.columns WHERE table_schema = CURRENT_SCHEMA() AND table_name = 'users' AND column_name = 'name') AND objoid = (SELECT oid FROM pg_catalog.pg_class WHERE relname = 'users' AND relnamespace = (SELECT oid FROM pg_catalog.pg_namespace WHERE nspname = CURRENT_SCHEMA()))

2025/02/13 14:38:45 /home/bryan/repos/skripsi/backend/setup/setup.go:78
[2.597ms] [rows:0] SELECT description FROM pg_catalog.pg_description WHERE objsubid = (SELECT ordinal_position FROM information_schema.columns WHERE table_schema = CURRENT_SCHEMA() AND table_name = 'users' AND column_name = 'email') AND objoid = (SELECT oid FROM pg_catalog.pg_class WHERE relname = 'users' AND relnamespace = (SELECT oid FROM pg_catalog.pg_namespace WHERE nspname = CURRENT_SCHEMA()))

2025/02/13 14:38:45 /home/bryan/repos/skripsi/backend/setup/setup.go:78
[2.515ms] [rows:0] SELECT description FROM pg_catalog.pg_description WHERE objsubid = (SELECT ordinal_position FROM information_schema.columns WHERE table_schema = CURRENT_SCHEMA() AND table_name = 'users' AND column_name = 'password') AND objoid = (SELECT oid FROM pg_catalog.pg_class WHERE relname = 'users' AND relnamespace = (SELECT oid FROM pg_catalog.pg_namespace WHERE nspname = CURRENT_SCHEMA()))

2025/02/13 14:38:45 /home/bryan/repos/skripsi/backend/setup/setup.go:78
[2.475ms] [rows:0] SELECT description FROM pg_catalog.pg_description WHERE objsubid = (SELECT ordinal_position FROM information_schema.columns WHERE table_schema = CURRENT_SCHEMA() AND table_name = 'users' AND column_name = 'image_url') AND objoid = (SELECT oid FROM pg_catalog.pg_class WHERE relname = 'users' AND relnamespace = (SELECT oid FROM pg_catalog.pg_namespace WHERE nspname = CURRENT_SCHEMA()))

2025/02/13 14:38:45 /home/bryan/repos/skripsi/backend/setup/setup.go:78
[2.587ms] [rows:0] SELECT description FROM pg_catalog.pg_description WHERE objsubid = (SELECT ordinal_position FROM information_schema.columns WHERE table_schema = CURRENT_SCHEMA() AND table_name = 'users' AND column_name = 'role_id') AND objoid = (SELECT oid FROM pg_catalog.pg_class WHERE relname = 'users' AND relnamespace = (SELECT oid FROM pg_catalog.pg_namespace WHERE nspname = CURRENT_SCHEMA()))

2025/02/13 14:38:45 /home/bryan/repos/skripsi/backend/setup/setup.go:78
[8.567ms] [rows:1] SELECT count(*) FROM INFORMATION_SCHEMA.table_constraints WHERE table_schema = CURRENT_SCHEMA() AND table_name = 'users' AND constraint_name = 'fk_roles_users'

2025/02/13 14:38:45 /home/bryan/repos/skripsi/backend/setup/setup.go:78
[10.310ms] [rows:1] SELECT count(*) FROM pg_indexes WHERE tablename = 'users' AND indexname = 'idx_users_deleted_at' AND schemaname = CURRENT_SCHEMA()

2025/02/13 14:38:45 /home/bryan/repos/skripsi/backend/setup/setup.go:78
[3.822ms] [rows:1] SELECT count(*) FROM information_schema.tables WHERE table_schema = CURRENT_SCHEMA() AND table_name = 'vet_specialties' AND table_type = 'BASE TABLE'

2025/02/13 14:38:45 /home/bryan/repos/skripsi/backend/setup/setup.go:78
[1.350ms] [rows:1] SELECT CURRENT_DATABASE()

2025/02/13 14:38:45 /home/bryan/repos/skripsi/backend/setup/setup.go:78
[21.378ms] [rows:-] SELECT c.column_name, c.is_nullable = 'YES', c.udt_name, c.character_maximum_length, c.numeric_precision, c.numeric_precision_radix, c.numeric_scale, c.datetime_precision, 8 * typlen, c.column_default, pd.description, c.identity_increment FROM information_schema.columns AS c JOIN pg_type AS pgt ON c.udt_name = pgt.typname LEFT JOIN pg_catalog.pg_description as pd ON pd.objsubid = c.ordinal_position AND pd.objoid = (SELECT oid FROM pg_catalog.pg_class WHERE relname = c.table_name AND relnamespace = (SELECT oid FROM pg_catalog.pg_namespace WHERE nspname = c.table_schema)) where table_catalog = $1$ AND table_schema = CURRENT_SCHEMA() AND table_name = $2$

2025/02/13 14:38:45 /home/bryan/repos/skripsi/backend/setup/setup.go:78
[1.804ms] [rows:-] SELECT * FROM "vet_specialties" LIMIT $1$

2025/02/13 14:38:45 /home/bryan/repos/skripsi/backend/setup/setup.go:78
[33.062ms] [rows:-] SELECT constraint_name FROM information_schema.table_constraints tc JOIN information_schema.constraint_column_usage AS ccu USING (constraint_schema, constraint_catalog, table_name, constraint_name) JOIN information_schema.columns AS c ON c.table_schema = tc.constraint_schema AND tc.table_name = c.table_name AND ccu.column_name = c.column_name WHERE constraint_type IN ('PRIMARY KEY', 'UNIQUE') AND c.table_catalog = $1$ AND c.table_schema = CURRENT_SCHEMA() AND c.table_name = $2$ AND constraint_type = $3$

2025/02/13 14:38:45 /home/bryan/repos/skripsi/backend/setup/setup.go:78
[33.054ms] [rows:-] SELECT c.column_name, constraint_name, constraint_type FROM information_schema.table_constraints tc JOIN information_schema.constraint_column_usage AS ccu USING (constraint_schema, constraint_catalog, table_name, constraint_name) JOIN information_schema.columns AS c ON c.table_schema = tc.constraint_schema AND tc.table_name = c.table_name AND ccu.column_name = c.column_name WHERE constraint_type IN ('PRIMARY KEY', 'UNIQUE') AND c.table_catalog = $1$ AND c.table_schema = CURRENT_SCHEMA() AND c.table_name = $2$

2025/02/13 14:38:45 /home/bryan/repos/skripsi/backend/setup/setup.go:78
[3.580ms] [rows:-] SELECT a.attname as column_name, format_type(a.atttypid, a.atttypmod) AS data_type
		FROM pg_attribute a JOIN pg_class b ON a.attrelid = b.oid AND relnamespace = (SELECT oid FROM pg_catalog.pg_namespace WHERE nspname = CURRENT_SCHEMA())
		WHERE a.attnum > 0 -- hide internal columns
		AND NOT a.attisdropped -- hide deleted columns
		AND b.relname = $1$

2025/02/13 14:38:45 /home/bryan/repos/skripsi/backend/setup/setup.go:78
[3.785ms] [rows:0] SELECT description FROM pg_catalog.pg_description WHERE objsubid = (SELECT ordinal_position FROM information_schema.columns WHERE table_schema = CURRENT_SCHEMA() AND table_name = 'vet_specialties' AND column_name = 'id') AND objoid = (SELECT oid FROM pg_catalog.pg_class WHERE relname = 'vet_specialties' AND relnamespace = (SELECT oid FROM pg_catalog.pg_namespace WHERE nspname = CURRENT_SCHEMA()))

2025/02/13 14:38:45 /home/bryan/repos/skripsi/backend/setup/setup.go:78
[3.966ms] [rows:0] SELECT description FROM pg_catalog.pg_description WHERE objsubid = (SELECT ordinal_position FROM information_schema.columns WHERE table_schema = CURRENT_SCHEMA() AND table_name = 'vet_specialties' AND column_name = 'name') AND objoid = (SELECT oid FROM pg_catalog.pg_class WHERE relname = 'vet_specialties' AND relnamespace = (SELECT oid FROM pg_catalog.pg_namespace WHERE nspname = CURRENT_SCHEMA()))

2025/02/13 14:38:45 /home/bryan/repos/skripsi/backend/setup/setup.go:78
[5.121ms] [rows:1] SELECT count(*) FROM information_schema.tables WHERE table_schema = CURRENT_SCHEMA() AND table_name = 'user_vet_specialties' AND table_type = 'BASE TABLE'

2025/02/13 14:38:45 /home/bryan/repos/skripsi/backend/setup/setup.go:78
[1.546ms] [rows:1] SELECT CURRENT_DATABASE()

2025/02/13 14:38:45 /home/bryan/repos/skripsi/backend/setup/setup.go:78
[24.234ms] [rows:-] SELECT c.column_name, c.is_nullable = 'YES', c.udt_name, c.character_maximum_length, c.numeric_precision, c.numeric_precision_radix, c.numeric_scale, c.datetime_precision, 8 * typlen, c.column_default, pd.description, c.identity_increment FROM information_schema.columns AS c JOIN pg_type AS pgt ON c.udt_name = pgt.typname LEFT JOIN pg_catalog.pg_description as pd ON pd.objsubid = c.ordinal_position AND pd.objoid = (SELECT oid FROM pg_catalog.pg_class WHERE relname = c.table_name AND relnamespace = (SELECT oid FROM pg_catalog.pg_namespace WHERE nspname = c.table_schema)) where table_catalog = $1$ AND table_schema = CURRENT_SCHEMA() AND table_name = $2$

2025/02/13 14:38:45 /home/bryan/repos/skripsi/backend/setup/setup.go:78
[2.064ms] [rows:-] SELECT * FROM "user_vet_specialties" LIMIT $1$

2025/02/13 14:38:45 /home/bryan/repos/skripsi/backend/setup/setup.go:78
[45.287ms] [rows:-] SELECT constraint_name FROM information_schema.table_constraints tc JOIN information_schema.constraint_column_usage AS ccu USING (constraint_schema, constraint_catalog, table_name, constraint_name) JOIN information_schema.columns AS c ON c.table_schema = tc.constraint_schema AND tc.table_name = c.table_name AND ccu.column_name = c.column_name WHERE constraint_type IN ('PRIMARY KEY', 'UNIQUE') AND c.table_catalog = $1$ AND c.table_schema = CURRENT_SCHEMA() AND c.table_name = $2$ AND constraint_type = $3$

2025/02/13 14:38:45 /home/bryan/repos/skripsi/backend/setup/setup.go:78
[27.186ms] [rows:-] SELECT c.column_name, constraint_name, constraint_type FROM information_schema.table_constraints tc JOIN information_schema.constraint_column_usage AS ccu USING (constraint_schema, constraint_catalog, table_name, constraint_name) JOIN information_schema.columns AS c ON c.table_schema = tc.constraint_schema AND tc.table_name = c.table_name AND ccu.column_name = c.column_name WHERE constraint_type IN ('PRIMARY KEY', 'UNIQUE') AND c.table_catalog = $1$ AND c.table_schema = CURRENT_SCHEMA() AND c.table_name = $2$

2025/02/13 14:38:45 /home/bryan/repos/skripsi/backend/setup/setup.go:78
[1.715ms] [rows:-] SELECT a.attname as column_name, format_type(a.atttypid, a.atttypmod) AS data_type
		FROM pg_attribute a JOIN pg_class b ON a.attrelid = b.oid AND relnamespace = (SELECT oid FROM pg_catalog.pg_namespace WHERE nspname = CURRENT_SCHEMA())
		WHERE a.attnum > 0 -- hide internal columns
		AND NOT a.attisdropped -- hide deleted columns
		AND b.relname = $1$

2025/02/13 14:38:45 /home/bryan/repos/skripsi/backend/setup/setup.go:78
[1.456ms] [rows:0] SELECT description FROM pg_catalog.pg_description WHERE objsubid = (SELECT ordinal_position FROM information_schema.columns WHERE table_schema = CURRENT_SCHEMA() AND table_name = 'user_vet_specialties' AND column_name = 'user_id') AND objoid = (SELECT oid FROM pg_catalog.pg_class WHERE relname = 'user_vet_specialties' AND relnamespace = (SELECT oid FROM pg_catalog.pg_namespace WHERE nspname = CURRENT_SCHEMA()))

2025/02/13 14:38:45 /home/bryan/repos/skripsi/backend/setup/setup.go:78
[1.485ms] [rows:0] SELECT description FROM pg_catalog.pg_description WHERE objsubid = (SELECT ordinal_position FROM information_schema.columns WHERE table_schema = CURRENT_SCHEMA() AND table_name = 'user_vet_specialties' AND column_name = 'vet_specialty_id') AND objoid = (SELECT oid FROM pg_catalog.pg_class WHERE relname = 'user_vet_specialties' AND relnamespace = (SELECT oid FROM pg_catalog.pg_namespace WHERE nspname = CURRENT_SCHEMA()))

2025/02/13 14:38:45 /home/bryan/repos/skripsi/backend/setup/setup.go:78
[3.969ms] [rows:1] SELECT count(*) FROM INFORMATION_SCHEMA.table_constraints WHERE table_schema = CURRENT_SCHEMA() AND table_name = 'user_vet_specialties' AND constraint_name = 'fk_user_vet_specialties_vet_specialty'

2025/02/13 14:38:45 /home/bryan/repos/skripsi/backend/setup/setup.go:78
[4.106ms] [rows:1] SELECT count(*) FROM INFORMATION_SCHEMA.table_constraints WHERE table_schema = CURRENT_SCHEMA() AND table_name = 'user_vet_specialties' AND constraint_name = 'fk_user_vet_specialties_user'

2025/02/13 14:38:45 /home/bryan/repos/skripsi/backend/setup/setup.go:78
[2.223ms] [rows:1] SELECT count(*) FROM information_schema.tables WHERE table_schema = CURRENT_SCHEMA() AND table_name = 'daily_walks' AND table_type = 'BASE TABLE'

2025/02/13 14:38:45 /home/bryan/repos/skripsi/backend/setup/setup.go:78
[0.764ms] [rows:1] SELECT CURRENT_DATABASE()

2025/02/13 14:38:45 /home/bryan/repos/skripsi/backend/setup/setup.go:78
[12.239ms] [rows:-] SELECT c.column_name, c.is_nullable = 'YES', c.udt_name, c.character_maximum_length, c.numeric_precision, c.numeric_precision_radix, c.numeric_scale, c.datetime_precision, 8 * typlen, c.column_default, pd.description, c.identity_increment FROM information_schema.columns AS c JOIN pg_type AS pgt ON c.udt_name = pgt.typname LEFT JOIN pg_catalog.pg_description as pd ON pd.objsubid = c.ordinal_position AND pd.objoid = (SELECT oid FROM pg_catalog.pg_class WHERE relname = c.table_name AND relnamespace = (SELECT oid FROM pg_catalog.pg_namespace WHERE nspname = c.table_schema)) where table_catalog = $1$ AND table_schema = CURRENT_SCHEMA() AND table_name = $2$

2025/02/13 14:38:45 /home/bryan/repos/skripsi/backend/setup/setup.go:78
[1.042ms] [rows:-] SELECT * FROM "daily_walks" LIMIT $1$

2025/02/13 14:38:45 /home/bryan/repos/skripsi/backend/setup/setup.go:78
[17.167ms] [rows:-] SELECT constraint_name FROM information_schema.table_constraints tc JOIN information_schema.constraint_column_usage AS ccu USING (constraint_schema, constraint_catalog, table_name, constraint_name) JOIN information_schema.columns AS c ON c.table_schema = tc.constraint_schema AND tc.table_name = c.table_name AND ccu.column_name = c.column_name WHERE constraint_type IN ('PRIMARY KEY', 'UNIQUE') AND c.table_catalog = $1$ AND c.table_schema = CURRENT_SCHEMA() AND c.table_name = $2$ AND constraint_type = $3$

2025/02/13 14:38:45 /home/bryan/repos/skripsi/backend/setup/setup.go:78
[17.000ms] [rows:-] SELECT c.column_name, constraint_name, constraint_type FROM information_schema.table_constraints tc JOIN information_schema.constraint_column_usage AS ccu USING (constraint_schema, constraint_catalog, table_name, constraint_name) JOIN information_schema.columns AS c ON c.table_schema = tc.constraint_schema AND tc.table_name = c.table_name AND ccu.column_name = c.column_name WHERE constraint_type IN ('PRIMARY KEY', 'UNIQUE') AND c.table_catalog = $1$ AND c.table_schema = CURRENT_SCHEMA() AND c.table_name = $2$

2025/02/13 14:38:45 /home/bryan/repos/skripsi/backend/setup/setup.go:78
[1.433ms] [rows:-] SELECT a.attname as column_name, format_type(a.atttypid, a.atttypmod) AS data_type
		FROM pg_attribute a JOIN pg_class b ON a.attrelid = b.oid AND relnamespace = (SELECT oid FROM pg_catalog.pg_namespace WHERE nspname = CURRENT_SCHEMA())
		WHERE a.attnum > 0 -- hide internal columns
		AND NOT a.attisdropped -- hide deleted columns
		AND b.relname = $1$

2025/02/13 14:38:45 /home/bryan/repos/skripsi/backend/setup/setup.go:78
[1.348ms] [rows:0] SELECT description FROM pg_catalog.pg_description WHERE objsubid = (SELECT ordinal_position FROM information_schema.columns WHERE table_schema = CURRENT_SCHEMA() AND table_name = 'daily_walks' AND column_name = 'id') AND objoid = (SELECT oid FROM pg_catalog.pg_class WHERE relname = 'daily_walks' AND relnamespace = (SELECT oid FROM pg_catalog.pg_namespace WHERE nspname = CURRENT_SCHEMA()))

2025/02/13 14:38:45 /home/bryan/repos/skripsi/backend/setup/setup.go:78
[1.391ms] [rows:0] SELECT description FROM pg_catalog.pg_description WHERE objsubid = (SELECT ordinal_position FROM information_schema.columns WHERE table_schema = CURRENT_SCHEMA() AND table_name = 'daily_walks' AND column_name = 'name') AND objoid = (SELECT oid FROM pg_catalog.pg_class WHERE relname = 'daily_walks' AND relnamespace = (SELECT oid FROM pg_catalog.pg_namespace WHERE nspname = CURRENT_SCHEMA()))

2025/02/13 14:38:45 /home/bryan/repos/skripsi/backend/setup/setup.go:78
[2.146ms] [rows:1] SELECT count(*) FROM information_schema.tables WHERE table_schema = CURRENT_SCHEMA() AND table_name = 'daily_playtimes' AND table_type = 'BASE TABLE'

2025/02/13 14:38:45 /home/bryan/repos/skripsi/backend/setup/setup.go:78
[0.680ms] [rows:1] SELECT CURRENT_DATABASE()

2025/02/13 14:38:45 /home/bryan/repos/skripsi/backend/setup/setup.go:78
[11.493ms] [rows:-] SELECT c.column_name, c.is_nullable = 'YES', c.udt_name, c.character_maximum_length, c.numeric_precision, c.numeric_precision_radix, c.numeric_scale, c.datetime_precision, 8 * typlen, c.column_default, pd.description, c.identity_increment FROM information_schema.columns AS c JOIN pg_type AS pgt ON c.udt_name = pgt.typname LEFT JOIN pg_catalog.pg_description as pd ON pd.objsubid = c.ordinal_position AND pd.objoid = (SELECT oid FROM pg_catalog.pg_class WHERE relname = c.table_name AND relnamespace = (SELECT oid FROM pg_catalog.pg_namespace WHERE nspname = c.table_schema)) where table_catalog = $1$ AND table_schema = CURRENT_SCHEMA() AND table_name = $2$

2025/02/13 14:38:45 /home/bryan/repos/skripsi/backend/setup/setup.go:78
[0.977ms] [rows:-] SELECT * FROM "daily_playtimes" LIMIT $1$

2025/02/13 14:38:45 /home/bryan/repos/skripsi/backend/setup/setup.go:78
[16.032ms] [rows:-] SELECT constraint_name FROM information_schema.table_constraints tc JOIN information_schema.constraint_column_usage AS ccu USING (constraint_schema, constraint_catalog, table_name, constraint_name) JOIN information_schema.columns AS c ON c.table_schema = tc.constraint_schema AND tc.table_name = c.table_name AND ccu.column_name = c.column_name WHERE constraint_type IN ('PRIMARY KEY', 'UNIQUE') AND c.table_catalog = $1$ AND c.table_schema = CURRENT_SCHEMA() AND c.table_name = $2$ AND constraint_type = $3$

2025/02/13 14:38:45 /home/bryan/repos/skripsi/backend/setup/setup.go:78
[16.542ms] [rows:-] SELECT c.column_name, constraint_name, constraint_type FROM information_schema.table_constraints tc JOIN information_schema.constraint_column_usage AS ccu USING (constraint_schema, constraint_catalog, table_name, constraint_name) JOIN information_schema.columns AS c ON c.table_schema = tc.constraint_schema AND tc.table_name = c.table_name AND ccu.column_name = c.column_name WHERE constraint_type IN ('PRIMARY KEY', 'UNIQUE') AND c.table_catalog = $1$ AND c.table_schema = CURRENT_SCHEMA() AND c.table_name = $2$

2025/02/13 14:38:45 /home/bryan/repos/skripsi/backend/setup/setup.go:78
[1.745ms] [rows:-] SELECT a.attname as column_name, format_type(a.atttypid, a.atttypmod) AS data_type
		FROM pg_attribute a JOIN pg_class b ON a.attrelid = b.oid AND relnamespace = (SELECT oid FROM pg_catalog.pg_namespace WHERE nspname = CURRENT_SCHEMA())
		WHERE a.attnum > 0 -- hide internal columns
		AND NOT a.attisdropped -- hide deleted columns
		AND b.relname = $1$

2025/02/13 14:38:45 /home/bryan/repos/skripsi/backend/setup/setup.go:78
[1.522ms] [rows:0] SELECT description FROM pg_catalog.pg_description WHERE objsubid = (SELECT ordinal_position FROM information_schema.columns WHERE table_schema = CURRENT_SCHEMA() AND table_name = 'daily_playtimes' AND column_name = 'id') AND objoid = (SELECT oid FROM pg_catalog.pg_class WHERE relname = 'daily_playtimes' AND relnamespace = (SELECT oid FROM pg_catalog.pg_namespace WHERE nspname = CURRENT_SCHEMA()))

2025/02/13 14:38:45 /home/bryan/repos/skripsi/backend/setup/setup.go:78
[1.393ms] [rows:0] SELECT description FROM pg_catalog.pg_description WHERE objsubid = (SELECT ordinal_position FROM information_schema.columns WHERE table_schema = CURRENT_SCHEMA() AND table_name = 'daily_playtimes' AND column_name = 'name') AND objoid = (SELECT oid FROM pg_catalog.pg_class WHERE relname = 'daily_playtimes' AND relnamespace = (SELECT oid FROM pg_catalog.pg_namespace WHERE nspname = CURRENT_SCHEMA()))

2025/02/13 14:38:45 /home/bryan/repos/skripsi/backend/setup/setup.go:78
[1.091ms] [rows:1] SELECT count(*) FROM information_schema.tables WHERE table_schema = CURRENT_SCHEMA() AND table_name = 'pet_daycares' AND table_type = 'BASE TABLE'

2025/02/13 14:38:45 /home/bryan/repos/skripsi/backend/setup/setup.go:78
[0.871ms] [rows:1] SELECT CURRENT_DATABASE()

2025/02/13 14:38:45 /home/bryan/repos/skripsi/backend/setup/setup.go:78
[4.818ms] [rows:-] SELECT c.column_name, c.is_nullable = 'YES', c.udt_name, c.character_maximum_length, c.numeric_precision, c.numeric_precision_radix, c.numeric_scale, c.datetime_precision, 8 * typlen, c.column_default, pd.description, c.identity_increment FROM information_schema.columns AS c JOIN pg_type AS pgt ON c.udt_name = pgt.typname LEFT JOIN pg_catalog.pg_description as pd ON pd.objsubid = c.ordinal_position AND pd.objoid = (SELECT oid FROM pg_catalog.pg_class WHERE relname = c.table_name AND relnamespace = (SELECT oid FROM pg_catalog.pg_namespace WHERE nspname = c.table_schema)) where table_catalog = $1$ AND table_schema = CURRENT_SCHEMA() AND table_name = $2$

2025/02/13 14:38:45 /home/bryan/repos/skripsi/backend/setup/setup.go:78
[1.040ms] [rows:-] SELECT * FROM "pet_daycares" LIMIT $1$

2025/02/13 14:38:45 /home/bryan/repos/skripsi/backend/setup/setup.go:78
[6.208ms] [rows:-] SELECT constraint_name FROM information_schema.table_constraints tc JOIN information_schema.constraint_column_usage AS ccu USING (constraint_schema, constraint_catalog, table_name, constraint_name) JOIN information_schema.columns AS c ON c.table_schema = tc.constraint_schema AND tc.table_name = c.table_name AND ccu.column_name = c.column_name WHERE constraint_type IN ('PRIMARY KEY', 'UNIQUE') AND c.table_catalog = $1$ AND c.table_schema = CURRENT_SCHEMA() AND c.table_name = $2$ AND constraint_type = $3$

2025/02/13 14:38:45 /home/bryan/repos/skripsi/backend/setup/setup.go:78
[6.576ms] [rows:-] SELECT c.column_name, constraint_name, constraint_type FROM information_schema.table_constraints tc JOIN information_schema.constraint_column_usage AS ccu USING (constraint_schema, constraint_catalog, table_name, constraint_name) JOIN information_schema.columns AS c ON c.table_schema = tc.constraint_schema AND tc.table_name = c.table_name AND ccu.column_name = c.column_name WHERE constraint_type IN ('PRIMARY KEY', 'UNIQUE') AND c.table_catalog = $1$ AND c.table_schema = CURRENT_SCHEMA() AND c.table_name = $2$

2025/02/13 14:38:45 /home/bryan/repos/skripsi/backend/setup/setup.go:78
[1.144ms] [rows:-] SELECT a.attname as column_name, format_type(a.atttypid, a.atttypmod) AS data_type
		FROM pg_attribute a JOIN pg_class b ON a.attrelid = b.oid AND relnamespace = (SELECT oid FROM pg_catalog.pg_namespace WHERE nspname = CURRENT_SCHEMA())
		WHERE a.attnum > 0 -- hide internal columns
		AND NOT a.attisdropped -- hide deleted columns
		AND b.relname = $1$

2025/02/13 14:38:45 /home/bryan/repos/skripsi/backend/setup/setup.go:78
[1.412ms] [rows:0] SELECT description FROM pg_catalog.pg_description WHERE objsubid = (SELECT ordinal_position FROM information_schema.columns WHERE table_schema = CURRENT_SCHEMA() AND table_name = 'pet_daycares' AND column_name = 'id') AND objoid = (SELECT oid FROM pg_catalog.pg_class WHERE relname = 'pet_daycares' AND relnamespace = (SELECT oid FROM pg_catalog.pg_namespace WHERE nspname = CURRENT_SCHEMA()))

2025/02/13 14:38:45 /home/bryan/repos/skripsi/backend/setup/setup.go:78
[1.811ms] [rows:0] SELECT description FROM pg_catalog.pg_description WHERE objsubid = (SELECT ordinal_position FROM information_schema.columns WHERE table_schema = CURRENT_SCHEMA() AND table_name = 'pet_daycares' AND column_name = 'created_at') AND objoid = (SELECT oid FROM pg_catalog.pg_class WHERE relname = 'pet_daycares' AND relnamespace = (SELECT oid FROM pg_catalog.pg_namespace WHERE nspname = CURRENT_SCHEMA()))

2025/02/13 14:38:45 /home/bryan/repos/skripsi/backend/setup/setup.go:78
[1.601ms] [rows:0] SELECT description FROM pg_catalog.pg_description WHERE objsubid = (SELECT ordinal_position FROM information_schema.columns WHERE table_schema = CURRENT_SCHEMA() AND table_name = 'pet_daycares' AND column_name = 'updated_at') AND objoid = (SELECT oid FROM pg_catalog.pg_class WHERE relname = 'pet_daycares' AND relnamespace = (SELECT oid FROM pg_catalog.pg_namespace WHERE nspname = CURRENT_SCHEMA()))

2025/02/13 14:38:45 /home/bryan/repos/skripsi/backend/setup/setup.go:78
[1.384ms] [rows:0] SELECT description FROM pg_catalog.pg_description WHERE objsubid = (SELECT ordinal_position FROM information_schema.columns WHERE table_schema = CURRENT_SCHEMA() AND table_name = 'pet_daycares' AND column_name = 'deleted_at') AND objoid = (SELECT oid FROM pg_catalog.pg_class WHERE relname = 'pet_daycares' AND relnamespace = (SELECT oid FROM pg_catalog.pg_namespace WHERE nspname = CURRENT_SCHEMA()))

2025/02/13 14:38:45 /home/bryan/repos/skripsi/backend/setup/setup.go:78
[1.553ms] [rows:0] SELECT description FROM pg_catalog.pg_description WHERE objsubid = (SELECT ordinal_position FROM information_schema.columns WHERE table_schema = CURRENT_SCHEMA() AND table_name = 'pet_daycares' AND column_name = 'name') AND objoid = (SELECT oid FROM pg_catalog.pg_class WHERE relname = 'pet_daycares' AND relnamespace = (SELECT oid FROM pg_catalog.pg_namespace WHERE nspname = CURRENT_SCHEMA()))

2025/02/13 14:38:45 /home/bryan/repos/skripsi/backend/setup/setup.go:78
[1.561ms] [rows:0] SELECT description FROM pg_catalog.pg_description WHERE objsubid = (SELECT ordinal_position FROM information_schema.columns WHERE table_schema = CURRENT_SCHEMA() AND table_name = 'pet_daycares' AND column_name = 'address') AND objoid = (SELECT oid FROM pg_catalog.pg_class WHERE relname = 'pet_daycares' AND relnamespace = (SELECT oid FROM pg_catalog.pg_namespace WHERE nspname = CURRENT_SCHEMA()))

2025/02/13 14:38:45 /home/bryan/repos/skripsi/backend/setup/setup.go:78
[1.413ms] [rows:0] SELECT description FROM pg_catalog.pg_description WHERE objsubid = (SELECT ordinal_position FROM information_schema.columns WHERE table_schema = CURRENT_SCHEMA() AND table_name = 'pet_daycares' AND column_name = 'latitude') AND objoid = (SELECT oid FROM pg_catalog.pg_class WHERE relname = 'pet_daycares' AND relnamespace = (SELECT oid FROM pg_catalog.pg_namespace WHERE nspname = CURRENT_SCHEMA()))

2025/02/13 14:38:45 /home/bryan/repos/skripsi/backend/setup/setup.go:78
[1.401ms] [rows:0] SELECT description FROM pg_catalog.pg_description WHERE objsubid = (SELECT ordinal_position FROM information_schema.columns WHERE table_schema = CURRENT_SCHEMA() AND table_name = 'pet_daycares' AND column_name = 'longitude') AND objoid = (SELECT oid FROM pg_catalog.pg_class WHERE relname = 'pet_daycares' AND relnamespace = (SELECT oid FROM pg_catalog.pg_namespace WHERE nspname = CURRENT_SCHEMA()))

2025/02/13 14:38:45 /home/bryan/repos/skripsi/backend/setup/setup.go:78
[1.492ms] [rows:0] SELECT description FROM pg_catalog.pg_description WHERE objsubid = (SELECT ordinal_position FROM information_schema.columns WHERE table_schema = CURRENT_SCHEMA() AND table_name = 'pet_daycares' AND column_name = 'price') AND objoid = (SELECT oid FROM pg_catalog.pg_class WHERE relname = 'pet_daycares' AND relnamespace = (SELECT oid FROM pg_catalog.pg_namespace WHERE nspname = CURRENT_SCHEMA()))

2025/02/13 14:38:46 /home/bryan/repos/skripsi/backend/setup/setup.go:78
[1.663ms] [rows:0] SELECT description FROM pg_catalog.pg_description WHERE objsubid = (SELECT ordinal_position FROM information_schema.columns WHERE table_schema = CURRENT_SCHEMA() AND table_name = 'pet_daycares' AND column_name = 'pricing_type') AND objoid = (SELECT oid FROM pg_catalog.pg_class WHERE relname = 'pet_daycares' AND relnamespace = (SELECT oid FROM pg_catalog.pg_namespace WHERE nspname = CURRENT_SCHEMA()))

2025/02/13 14:38:46 /home/bryan/repos/skripsi/backend/setup/setup.go:78
[1.954ms] [rows:0] SELECT description FROM pg_catalog.pg_description WHERE objsubid = (SELECT ordinal_position FROM information_schema.columns WHERE table_schema = CURRENT_SCHEMA() AND table_name = 'pet_daycares' AND column_name = 'description') AND objoid = (SELECT oid FROM pg_catalog.pg_class WHERE relname = 'pet_daycares' AND relnamespace = (SELECT oid FROM pg_catalog.pg_namespace WHERE nspname = CURRENT_SCHEMA()))

2025/02/13 14:38:46 /home/bryan/repos/skripsi/backend/setup/setup.go:78
[2.194ms] [rows:0] SELECT description FROM pg_catalog.pg_description WHERE objsubid = (SELECT ordinal_position FROM information_schema.columns WHERE table_schema = CURRENT_SCHEMA() AND table_name = 'pet_daycares' AND column_name = 'has_pickup_service') AND objoid = (SELECT oid FROM pg_catalog.pg_class WHERE relname = 'pet_daycares' AND relnamespace = (SELECT oid FROM pg_catalog.pg_namespace WHERE nspname = CURRENT_SCHEMA()))

2025/02/13 14:38:46 /home/bryan/repos/skripsi/backend/setup/setup.go:78
[2.401ms] [rows:0] SELECT description FROM pg_catalog.pg_description WHERE objsubid = (SELECT ordinal_position FROM information_schema.columns WHERE table_schema = CURRENT_SCHEMA() AND table_name = 'pet_daycares' AND column_name = 'must_be_vaccinated') AND objoid = (SELECT oid FROM pg_catalog.pg_class WHERE relname = 'pet_daycares' AND relnamespace = (SELECT oid FROM pg_catalog.pg_namespace WHERE nspname = CURRENT_SCHEMA()))

2025/02/13 14:38:46 /home/bryan/repos/skripsi/backend/setup/setup.go:78
[2.419ms] [rows:0] SELECT description FROM pg_catalog.pg_description WHERE objsubid = (SELECT ordinal_position FROM information_schema.columns WHERE table_schema = CURRENT_SCHEMA() AND table_name = 'pet_daycares' AND column_name = 'food_provided') AND objoid = (SELECT oid FROM pg_catalog.pg_class WHERE relname = 'pet_daycares' AND relnamespace = (SELECT oid FROM pg_catalog.pg_namespace WHERE nspname = CURRENT_SCHEMA()))

2025/02/13 14:38:46 /home/bryan/repos/skripsi/backend/setup/setup.go:78
[2.288ms] [rows:0] SELECT description FROM pg_catalog.pg_description WHERE objsubid = (SELECT ordinal_position FROM information_schema.columns WHERE table_schema = CURRENT_SCHEMA() AND table_name = 'pet_daycares' AND column_name = 'grooming_available') AND objoid = (SELECT oid FROM pg_catalog.pg_class WHERE relname = 'pet_daycares' AND relnamespace = (SELECT oid FROM pg_catalog.pg_namespace WHERE nspname = CURRENT_SCHEMA()))

2025/02/13 14:38:46 /home/bryan/repos/skripsi/backend/setup/setup.go:78
[2.238ms] [rows:0] SELECT description FROM pg_catalog.pg_description WHERE objsubid = (SELECT ordinal_position FROM information_schema.columns WHERE table_schema = CURRENT_SCHEMA() AND table_name = 'pet_daycares' AND column_name = 'booked_num') AND objoid = (SELECT oid FROM pg_catalog.pg_class WHERE relname = 'pet_daycares' AND relnamespace = (SELECT oid FROM pg_catalog.pg_namespace WHERE nspname = CURRENT_SCHEMA()))

2025/02/13 14:38:46 /home/bryan/repos/skripsi/backend/setup/setup.go:78
[2.189ms] [rows:0] SELECT description FROM pg_catalog.pg_description WHERE objsubid = (SELECT ordinal_position FROM information_schema.columns WHERE table_schema = CURRENT_SCHEMA() AND table_name = 'pet_daycares' AND column_name = 'daily_walks_id') AND objoid = (SELECT oid FROM pg_catalog.pg_class WHERE relname = 'pet_daycares' AND relnamespace = (SELECT oid FROM pg_catalog.pg_namespace WHERE nspname = CURRENT_SCHEMA()))

2025/02/13 14:38:46 /home/bryan/repos/skripsi/backend/setup/setup.go:78
[2.399ms] [rows:0] SELECT description FROM pg_catalog.pg_description WHERE objsubid = (SELECT ordinal_position FROM information_schema.columns WHERE table_schema = CURRENT_SCHEMA() AND table_name = 'pet_daycares' AND column_name = 'daily_playtime_id') AND objoid = (SELECT oid FROM pg_catalog.pg_class WHERE relname = 'pet_daycares' AND relnamespace = (SELECT oid FROM pg_catalog.pg_namespace WHERE nspname = CURRENT_SCHEMA()))

2025/02/13 14:38:46 /home/bryan/repos/skripsi/backend/setup/setup.go:78
[2.231ms] [rows:0] SELECT description FROM pg_catalog.pg_description WHERE objsubid = (SELECT ordinal_position FROM information_schema.columns WHERE table_schema = CURRENT_SCHEMA() AND table_name = 'pet_daycares' AND column_name = 'owner_id') AND objoid = (SELECT oid FROM pg_catalog.pg_class WHERE relname = 'pet_daycares' AND relnamespace = (SELECT oid FROM pg_catalog.pg_namespace WHERE nspname = CURRENT_SCHEMA()))

2025/02/13 14:38:46 /home/bryan/repos/skripsi/backend/setup/setup.go:78
[1.978ms] [rows:0] SELECT description FROM pg_catalog.pg_description WHERE objsubid = (SELECT ordinal_position FROM information_schema.columns WHERE table_schema = CURRENT_SCHEMA() AND table_name = 'pet_daycares' AND column_name = 'food_brand') AND objoid = (SELECT oid FROM pg_catalog.pg_class WHERE relname = 'pet_daycares' AND relnamespace = (SELECT oid FROM pg_catalog.pg_namespace WHERE nspname = CURRENT_SCHEMA()))

2025/02/13 14:38:46 /home/bryan/repos/skripsi/backend/setup/setup.go:78
[3.960ms] [rows:1] SELECT count(*) FROM INFORMATION_SCHEMA.table_constraints WHERE table_schema = CURRENT_SCHEMA() AND table_name = 'pet_daycares' AND constraint_name = 'fk_users_pet_daycare'

2025/02/13 14:38:46 /home/bryan/repos/skripsi/backend/setup/setup.go:78
[3.826ms] [rows:1] SELECT count(*) FROM INFORMATION_SCHEMA.table_constraints WHERE table_schema = CURRENT_SCHEMA() AND table_name = 'pet_daycares' AND constraint_name = 'fk_pet_daycares_daily_walks'

2025/02/13 14:38:46 /home/bryan/repos/skripsi/backend/setup/setup.go:78
[5.464ms] [rows:1] SELECT count(*) FROM INFORMATION_SCHEMA.table_constraints WHERE table_schema = CURRENT_SCHEMA() AND table_name = 'pet_daycares' AND constraint_name = 'fk_pet_daycares_daily_playtime'

2025/02/13 14:38:46 /home/bryan/repos/skripsi/backend/setup/setup.go:78
[3.368ms] [rows:1] SELECT count(*) FROM pg_indexes WHERE tablename = 'pet_daycares' AND indexname = 'idx_pet_daycares_deleted_at' AND schemaname = CURRENT_SCHEMA()

2025/02/13 14:38:46 /home/bryan/repos/skripsi/backend/setup/setup.go:78
[1.114ms] [rows:1] SELECT count(*) FROM information_schema.tables WHERE table_schema = CURRENT_SCHEMA() AND table_name = 'species' AND table_type = 'BASE TABLE'

2025/02/13 14:38:46 /home/bryan/repos/skripsi/backend/setup/setup.go:78
[0.703ms] [rows:1] SELECT CURRENT_DATABASE()

2025/02/13 14:38:46 /home/bryan/repos/skripsi/backend/setup/setup.go:78
[3.042ms] [rows:-] SELECT c.column_name, c.is_nullable = 'YES', c.udt_name, c.character_maximum_length, c.numeric_precision, c.numeric_precision_radix, c.numeric_scale, c.datetime_precision, 8 * typlen, c.column_default, pd.description, c.identity_increment FROM information_schema.columns AS c JOIN pg_type AS pgt ON c.udt_name = pgt.typname LEFT JOIN pg_catalog.pg_description as pd ON pd.objsubid = c.ordinal_position AND pd.objoid = (SELECT oid FROM pg_catalog.pg_class WHERE relname = c.table_name AND relnamespace = (SELECT oid FROM pg_catalog.pg_namespace WHERE nspname = c.table_schema)) where table_catalog = $1$ AND table_schema = CURRENT_SCHEMA() AND table_name = $2$

2025/02/13 14:38:46 /home/bryan/repos/skripsi/backend/setup/setup.go:78
[1.050ms] [rows:-] SELECT * FROM "species" LIMIT $1$

2025/02/13 14:38:46 /home/bryan/repos/skripsi/backend/setup/setup.go:78
[2.598ms] [rows:-] SELECT constraint_name FROM information_schema.table_constraints tc JOIN information_schema.constraint_column_usage AS ccu USING (constraint_schema, constraint_catalog, table_name, constraint_name) JOIN information_schema.columns AS c ON c.table_schema = tc.constraint_schema AND tc.table_name = c.table_name AND ccu.column_name = c.column_name WHERE constraint_type IN ('PRIMARY KEY', 'UNIQUE') AND c.table_catalog = $1$ AND c.table_schema = CURRENT_SCHEMA() AND c.table_name = $2$ AND constraint_type = $3$

2025/02/13 14:38:46 /home/bryan/repos/skripsi/backend/setup/setup.go:78
[2.699ms] [rows:-] SELECT c.column_name, constraint_name, constraint_type FROM information_schema.table_constraints tc JOIN information_schema.constraint_column_usage AS ccu USING (constraint_schema, constraint_catalog, table_name, constraint_name) JOIN information_schema.columns AS c ON c.table_schema = tc.constraint_schema AND tc.table_name = c.table_name AND ccu.column_name = c.column_name WHERE constraint_type IN ('PRIMARY KEY', 'UNIQUE') AND c.table_catalog = $1$ AND c.table_schema = CURRENT_SCHEMA() AND c.table_name = $2$

2025/02/13 14:38:46 /home/bryan/repos/skripsi/backend/setup/setup.go:78
[1.053ms] [rows:-] SELECT a.attname as column_name, format_type(a.atttypid, a.atttypmod) AS data_type
		FROM pg_attribute a JOIN pg_class b ON a.attrelid = b.oid AND relnamespace = (SELECT oid FROM pg_catalog.pg_namespace WHERE nspname = CURRENT_SCHEMA())
		WHERE a.attnum > 0 -- hide internal columns
		AND NOT a.attisdropped -- hide deleted columns
		AND b.relname = $1$

2025/02/13 14:38:46 /home/bryan/repos/skripsi/backend/setup/setup.go:78
[1.494ms] [rows:0] SELECT description FROM pg_catalog.pg_description WHERE objsubid = (SELECT ordinal_position FROM information_schema.columns WHERE table_schema = CURRENT_SCHEMA() AND table_name = 'species' AND column_name = 'id') AND objoid = (SELECT oid FROM pg_catalog.pg_class WHERE relname = 'species' AND relnamespace = (SELECT oid FROM pg_catalog.pg_namespace WHERE nspname = CURRENT_SCHEMA()))

2025/02/13 14:38:46 /home/bryan/repos/skripsi/backend/setup/setup.go:78
[1.686ms] [rows:0] SELECT description FROM pg_catalog.pg_description WHERE objsubid = (SELECT ordinal_position FROM information_schema.columns WHERE table_schema = CURRENT_SCHEMA() AND table_name = 'species' AND column_name = 'name') AND objoid = (SELECT oid FROM pg_catalog.pg_class WHERE relname = 'species' AND relnamespace = (SELECT oid FROM pg_catalog.pg_namespace WHERE nspname = CURRENT_SCHEMA()))

2025/02/13 14:38:46 /home/bryan/repos/skripsi/backend/setup/setup.go:78
[1.282ms] [rows:1] SELECT count(*) FROM information_schema.tables WHERE table_schema = CURRENT_SCHEMA() AND table_name = 'size_categories' AND table_type = 'BASE TABLE'

2025/02/13 14:38:46 /home/bryan/repos/skripsi/backend/setup/setup.go:78
[0.897ms] [rows:1] SELECT CURRENT_DATABASE()

2025/02/13 14:38:46 /home/bryan/repos/skripsi/backend/setup/setup.go:78
[4.808ms] [rows:-] SELECT c.column_name, c.is_nullable = 'YES', c.udt_name, c.character_maximum_length, c.numeric_precision, c.numeric_precision_radix, c.numeric_scale, c.datetime_precision, 8 * typlen, c.column_default, pd.description, c.identity_increment FROM information_schema.columns AS c JOIN pg_type AS pgt ON c.udt_name = pgt.typname LEFT JOIN pg_catalog.pg_description as pd ON pd.objsubid = c.ordinal_position AND pd.objoid = (SELECT oid FROM pg_catalog.pg_class WHERE relname = c.table_name AND relnamespace = (SELECT oid FROM pg_catalog.pg_namespace WHERE nspname = c.table_schema)) where table_catalog = $1$ AND table_schema = CURRENT_SCHEMA() AND table_name = $2$

2025/02/13 14:38:46 /home/bryan/repos/skripsi/backend/setup/setup.go:78
[1.285ms] [rows:-] SELECT * FROM "size_categories" LIMIT $1$

2025/02/13 14:38:46 /home/bryan/repos/skripsi/backend/setup/setup.go:78
[3.473ms] [rows:-] SELECT constraint_name FROM information_schema.table_constraints tc JOIN information_schema.constraint_column_usage AS ccu USING (constraint_schema, constraint_catalog, table_name, constraint_name) JOIN information_schema.columns AS c ON c.table_schema = tc.constraint_schema AND tc.table_name = c.table_name AND ccu.column_name = c.column_name WHERE constraint_type IN ('PRIMARY KEY', 'UNIQUE') AND c.table_catalog = $1$ AND c.table_schema = CURRENT_SCHEMA() AND c.table_name = $2$ AND constraint_type = $3$

2025/02/13 14:38:46 /home/bryan/repos/skripsi/backend/setup/setup.go:78
[4.042ms] [rows:-] SELECT c.column_name, constraint_name, constraint_type FROM information_schema.table_constraints tc JOIN information_schema.constraint_column_usage AS ccu USING (constraint_schema, constraint_catalog, table_name, constraint_name) JOIN information_schema.columns AS c ON c.table_schema = tc.constraint_schema AND tc.table_name = c.table_name AND ccu.column_name = c.column_name WHERE constraint_type IN ('PRIMARY KEY', 'UNIQUE') AND c.table_catalog = $1$ AND c.table_schema = CURRENT_SCHEMA() AND c.table_name = $2$

2025/02/13 14:38:46 /home/bryan/repos/skripsi/backend/setup/setup.go:78
[1.535ms] [rows:-] SELECT a.attname as column_name, format_type(a.atttypid, a.atttypmod) AS data_type
		FROM pg_attribute a JOIN pg_class b ON a.attrelid = b.oid AND relnamespace = (SELECT oid FROM pg_catalog.pg_namespace WHERE nspname = CURRENT_SCHEMA())
		WHERE a.attnum > 0 -- hide internal columns
		AND NOT a.attisdropped -- hide deleted columns
		AND b.relname = $1$

2025/02/13 14:38:46 /home/bryan/repos/skripsi/backend/setup/setup.go:78
[2.594ms] [rows:0] SELECT description FROM pg_catalog.pg_description WHERE objsubid = (SELECT ordinal_position FROM information_schema.columns WHERE table_schema = CURRENT_SCHEMA() AND table_name = 'size_categories' AND column_name = 'id') AND objoid = (SELECT oid FROM pg_catalog.pg_class WHERE relname = 'size_categories' AND relnamespace = (SELECT oid FROM pg_catalog.pg_namespace WHERE nspname = CURRENT_SCHEMA()))

2025/02/13 14:38:46 /home/bryan/repos/skripsi/backend/setup/setup.go:78
[2.611ms] [rows:0] SELECT description FROM pg_catalog.pg_description WHERE objsubid = (SELECT ordinal_position FROM information_schema.columns WHERE table_schema = CURRENT_SCHEMA() AND table_name = 'size_categories' AND column_name = 'name') AND objoid = (SELECT oid FROM pg_catalog.pg_class WHERE relname = 'size_categories' AND relnamespace = (SELECT oid FROM pg_catalog.pg_namespace WHERE nspname = CURRENT_SCHEMA()))

2025/02/13 14:38:46 /home/bryan/repos/skripsi/backend/setup/setup.go:78
[3.299ms] [rows:0] SELECT description FROM pg_catalog.pg_description WHERE objsubid = (SELECT ordinal_position FROM information_schema.columns WHERE table_schema = CURRENT_SCHEMA() AND table_name = 'size_categories' AND column_name = 'min_weight') AND objoid = (SELECT oid FROM pg_catalog.pg_class WHERE relname = 'size_categories' AND relnamespace = (SELECT oid FROM pg_catalog.pg_namespace WHERE nspname = CURRENT_SCHEMA()))

2025/02/13 14:38:46 /home/bryan/repos/skripsi/backend/setup/setup.go:78
[2.833ms] [rows:0] SELECT description FROM pg_catalog.pg_description WHERE objsubid = (SELECT ordinal_position FROM information_schema.columns WHERE table_schema = CURRENT_SCHEMA() AND table_name = 'size_categories' AND column_name = 'max_weight') AND objoid = (SELECT oid FROM pg_catalog.pg_class WHERE relname = 'size_categories' AND relnamespace = (SELECT oid FROM pg_catalog.pg_namespace WHERE nspname = CURRENT_SCHEMA()))

2025/02/13 14:38:46 /home/bryan/repos/skripsi/backend/setup/setup.go:78
[1.680ms] [rows:1] SELECT count(*) FROM information_schema.tables WHERE table_schema = CURRENT_SCHEMA() AND table_name = 'pets' AND table_type = 'BASE TABLE'

2025/02/13 14:38:46 /home/bryan/repos/skripsi/backend/setup/setup.go:78
[1.378ms] [rows:1] SELECT CURRENT_DATABASE()

2025/02/13 14:38:46 /home/bryan/repos/skripsi/backend/setup/setup.go:78
[6.024ms] [rows:-] SELECT c.column_name, c.is_nullable = 'YES', c.udt_name, c.character_maximum_length, c.numeric_precision, c.numeric_precision_radix, c.numeric_scale, c.datetime_precision, 8 * typlen, c.column_default, pd.description, c.identity_increment FROM information_schema.columns AS c JOIN pg_type AS pgt ON c.udt_name = pgt.typname LEFT JOIN pg_catalog.pg_description as pd ON pd.objsubid = c.ordinal_position AND pd.objoid = (SELECT oid FROM pg_catalog.pg_class WHERE relname = c.table_name AND relnamespace = (SELECT oid FROM pg_catalog.pg_namespace WHERE nspname = c.table_schema)) where table_catalog = $1$ AND table_schema = CURRENT_SCHEMA() AND table_name = $2$

2025/02/13 14:38:46 /home/bryan/repos/skripsi/backend/setup/setup.go:78
[1.616ms] [rows:-] SELECT * FROM "pets" LIMIT $1$

2025/02/13 14:38:46 /home/bryan/repos/skripsi/backend/setup/setup.go:78
[7.533ms] [rows:-] SELECT constraint_name FROM information_schema.table_constraints tc JOIN information_schema.constraint_column_usage AS ccu USING (constraint_schema, constraint_catalog, table_name, constraint_name) JOIN information_schema.columns AS c ON c.table_schema = tc.constraint_schema AND tc.table_name = c.table_name AND ccu.column_name = c.column_name WHERE constraint_type IN ('PRIMARY KEY', 'UNIQUE') AND c.table_catalog = $1$ AND c.table_schema = CURRENT_SCHEMA() AND c.table_name = $2$ AND constraint_type = $3$

2025/02/13 14:38:46 /home/bryan/repos/skripsi/backend/setup/setup.go:78
[8.073ms] [rows:-] SELECT c.column_name, constraint_name, constraint_type FROM information_schema.table_constraints tc JOIN information_schema.constraint_column_usage AS ccu USING (constraint_schema, constraint_catalog, table_name, constraint_name) JOIN information_schema.columns AS c ON c.table_schema = tc.constraint_schema AND tc.table_name = c.table_name AND ccu.column_name = c.column_name WHERE constraint_type IN ('PRIMARY KEY', 'UNIQUE') AND c.table_catalog = $1$ AND c.table_schema = CURRENT_SCHEMA() AND c.table_name = $2$

2025/02/13 14:38:46 /home/bryan/repos/skripsi/backend/setup/setup.go:78
[1.904ms] [rows:-] SELECT a.attname as column_name, format_type(a.atttypid, a.atttypmod) AS data_type
		FROM pg_attribute a JOIN pg_class b ON a.attrelid = b.oid AND relnamespace = (SELECT oid FROM pg_catalog.pg_namespace WHERE nspname = CURRENT_SCHEMA())
		WHERE a.attnum > 0 -- hide internal columns
		AND NOT a.attisdropped -- hide deleted columns
		AND b.relname = $1$

2025/02/13 14:38:46 /home/bryan/repos/skripsi/backend/setup/setup.go:78
[3.031ms] [rows:0] SELECT description FROM pg_catalog.pg_description WHERE objsubid = (SELECT ordinal_position FROM information_schema.columns WHERE table_schema = CURRENT_SCHEMA() AND table_name = 'pets' AND column_name = 'id') AND objoid = (SELECT oid FROM pg_catalog.pg_class WHERE relname = 'pets' AND relnamespace = (SELECT oid FROM pg_catalog.pg_namespace WHERE nspname = CURRENT_SCHEMA()))

2025/02/13 14:38:46 /home/bryan/repos/skripsi/backend/setup/setup.go:78
[2.506ms] [rows:0] SELECT description FROM pg_catalog.pg_description WHERE objsubid = (SELECT ordinal_position FROM information_schema.columns WHERE table_schema = CURRENT_SCHEMA() AND table_name = 'pets' AND column_name = 'created_at') AND objoid = (SELECT oid FROM pg_catalog.pg_class WHERE relname = 'pets' AND relnamespace = (SELECT oid FROM pg_catalog.pg_namespace WHERE nspname = CURRENT_SCHEMA()))

2025/02/13 14:38:46 /home/bryan/repos/skripsi/backend/setup/setup.go:78
[2.441ms] [rows:0] SELECT description FROM pg_catalog.pg_description WHERE objsubid = (SELECT ordinal_position FROM information_schema.columns WHERE table_schema = CURRENT_SCHEMA() AND table_name = 'pets' AND column_name = 'updated_at') AND objoid = (SELECT oid FROM pg_catalog.pg_class WHERE relname = 'pets' AND relnamespace = (SELECT oid FROM pg_catalog.pg_namespace WHERE nspname = CURRENT_SCHEMA()))

2025/02/13 14:38:46 /home/bryan/repos/skripsi/backend/setup/setup.go:78
[2.259ms] [rows:0] SELECT description FROM pg_catalog.pg_description WHERE objsubid = (SELECT ordinal_position FROM information_schema.columns WHERE table_schema = CURRENT_SCHEMA() AND table_name = 'pets' AND column_name = 'deleted_at') AND objoid = (SELECT oid FROM pg_catalog.pg_class WHERE relname = 'pets' AND relnamespace = (SELECT oid FROM pg_catalog.pg_namespace WHERE nspname = CURRENT_SCHEMA()))

2025/02/13 14:38:46 /home/bryan/repos/skripsi/backend/setup/setup.go:78
[2.205ms] [rows:0] SELECT description FROM pg_catalog.pg_description WHERE objsubid = (SELECT ordinal_position FROM information_schema.columns WHERE table_schema = CURRENT_SCHEMA() AND table_name = 'pets' AND column_name = 'name') AND objoid = (SELECT oid FROM pg_catalog.pg_class WHERE relname = 'pets' AND relnamespace = (SELECT oid FROM pg_catalog.pg_namespace WHERE nspname = CURRENT_SCHEMA()))

2025/02/13 14:38:46 /home/bryan/repos/skripsi/backend/setup/setup.go:78
[2.272ms] [rows:0] SELECT description FROM pg_catalog.pg_description WHERE objsubid = (SELECT ordinal_position FROM information_schema.columns WHERE table_schema = CURRENT_SCHEMA() AND table_name = 'pets' AND column_name = 'image_url') AND objoid = (SELECT oid FROM pg_catalog.pg_class WHERE relname = 'pets' AND relnamespace = (SELECT oid FROM pg_catalog.pg_namespace WHERE nspname = CURRENT_SCHEMA()))

2025/02/13 14:38:46 /home/bryan/repos/skripsi/backend/setup/setup.go:78
[2.377ms] [rows:0] SELECT description FROM pg_catalog.pg_description WHERE objsubid = (SELECT ordinal_position FROM information_schema.columns WHERE table_schema = CURRENT_SCHEMA() AND table_name = 'pets' AND column_name = 'status') AND objoid = (SELECT oid FROM pg_catalog.pg_class WHERE relname = 'pets' AND relnamespace = (SELECT oid FROM pg_catalog.pg_namespace WHERE nspname = CURRENT_SCHEMA()))

2025/02/13 14:38:46 /home/bryan/repos/skripsi/backend/setup/setup.go:78
[2.307ms] [rows:0] SELECT description FROM pg_catalog.pg_description WHERE objsubid = (SELECT ordinal_position FROM information_schema.columns WHERE table_schema = CURRENT_SCHEMA() AND table_name = 'pets' AND column_name = 'owner_id') AND objoid = (SELECT oid FROM pg_catalog.pg_class WHERE relname = 'pets' AND relnamespace = (SELECT oid FROM pg_catalog.pg_namespace WHERE nspname = CURRENT_SCHEMA()))

2025/02/13 14:38:46 /home/bryan/repos/skripsi/backend/setup/setup.go:78
[2.495ms] [rows:0] SELECT description FROM pg_catalog.pg_description WHERE objsubid = (SELECT ordinal_position FROM information_schema.columns WHERE table_schema = CURRENT_SCHEMA() AND table_name = 'pets' AND column_name = 'species_id') AND objoid = (SELECT oid FROM pg_catalog.pg_class WHERE relname = 'pets' AND relnamespace = (SELECT oid FROM pg_catalog.pg_namespace WHERE nspname = CURRENT_SCHEMA()))

2025/02/13 14:38:46 /home/bryan/repos/skripsi/backend/setup/setup.go:78
[2.629ms] [rows:0] SELECT description FROM pg_catalog.pg_description WHERE objsubid = (SELECT ordinal_position FROM information_schema.columns WHERE table_schema = CURRENT_SCHEMA() AND table_name = 'pets' AND column_name = 'size_id') AND objoid = (SELECT oid FROM pg_catalog.pg_class WHERE relname = 'pets' AND relnamespace = (SELECT oid FROM pg_catalog.pg_namespace WHERE nspname = CURRENT_SCHEMA()))

2025/02/13 14:38:46 /home/bryan/repos/skripsi/backend/setup/setup.go:78
[2.062ms] [rows:1] SELECT count(*) FROM INFORMATION_SCHEMA.table_constraints WHERE table_schema = CURRENT_SCHEMA() AND table_name = 'pets' AND constraint_name = 'fk_users_pets'

2025/02/13 14:38:46 /home/bryan/repos/skripsi/backend/setup/setup.go:78
[1.812ms] [rows:1] SELECT count(*) FROM INFORMATION_SCHEMA.table_constraints WHERE table_schema = CURRENT_SCHEMA() AND table_name = 'pets' AND constraint_name = 'fk_pets_species'

2025/02/13 14:38:46 /home/bryan/repos/skripsi/backend/setup/setup.go:78
[1.952ms] [rows:1] SELECT count(*) FROM INFORMATION_SCHEMA.table_constraints WHERE table_schema = CURRENT_SCHEMA() AND table_name = 'pets' AND constraint_name = 'fk_pets_size_category'

2025/02/13 14:38:46 /home/bryan/repos/skripsi/backend/setup/setup.go:78
[4.028ms] [rows:1] SELECT count(*) FROM pg_indexes WHERE tablename = 'pets' AND indexname = 'idx_pets_deleted_at' AND schemaname = CURRENT_SCHEMA()

2025/02/13 14:38:46 /home/bryan/repos/skripsi/backend/setup/setup.go:78
[1.615ms] [rows:1] SELECT count(*) FROM information_schema.tables WHERE table_schema = CURRENT_SCHEMA() AND table_name = 'slots' AND table_type = 'BASE TABLE'

2025/02/13 14:38:46 /home/bryan/repos/skripsi/backend/setup/setup.go:78
[1.358ms] [rows:1] SELECT CURRENT_DATABASE()

2025/02/13 14:38:46 /home/bryan/repos/skripsi/backend/setup/setup.go:78
[5.316ms] [rows:-] SELECT c.column_name, c.is_nullable = 'YES', c.udt_name, c.character_maximum_length, c.numeric_precision, c.numeric_precision_radix, c.numeric_scale, c.datetime_precision, 8 * typlen, c.column_default, pd.description, c.identity_increment FROM information_schema.columns AS c JOIN pg_type AS pgt ON c.udt_name = pgt.typname LEFT JOIN pg_catalog.pg_description as pd ON pd.objsubid = c.ordinal_position AND pd.objoid = (SELECT oid FROM pg_catalog.pg_class WHERE relname = c.table_name AND relnamespace = (SELECT oid FROM pg_catalog.pg_namespace WHERE nspname = c.table_schema)) where table_catalog = $1$ AND table_schema = CURRENT_SCHEMA() AND table_name = $2$

2025/02/13 14:38:46 /home/bryan/repos/skripsi/backend/setup/setup.go:78
[2.013ms] [rows:-] SELECT * FROM "slots" LIMIT $1$

2025/02/13 14:38:46 /home/bryan/repos/skripsi/backend/setup/setup.go:78
[5.341ms] [rows:-] SELECT constraint_name FROM information_schema.table_constraints tc JOIN information_schema.constraint_column_usage AS ccu USING (constraint_schema, constraint_catalog, table_name, constraint_name) JOIN information_schema.columns AS c ON c.table_schema = tc.constraint_schema AND tc.table_name = c.table_name AND ccu.column_name = c.column_name WHERE constraint_type IN ('PRIMARY KEY', 'UNIQUE') AND c.table_catalog = $1$ AND c.table_schema = CURRENT_SCHEMA() AND c.table_name = $2$ AND constraint_type = $3$

2025/02/13 14:38:46 /home/bryan/repos/skripsi/backend/setup/setup.go:78
[5.368ms] [rows:-] SELECT c.column_name, constraint_name, constraint_type FROM information_schema.table_constraints tc JOIN information_schema.constraint_column_usage AS ccu USING (constraint_schema, constraint_catalog, table_name, constraint_name) JOIN information_schema.columns AS c ON c.table_schema = tc.constraint_schema AND tc.table_name = c.table_name AND ccu.column_name = c.column_name WHERE constraint_type IN ('PRIMARY KEY', 'UNIQUE') AND c.table_catalog = $1$ AND c.table_schema = CURRENT_SCHEMA() AND c.table_name = $2$

2025/02/13 14:38:46 /home/bryan/repos/skripsi/backend/setup/setup.go:78
[1.674ms] [rows:-] SELECT a.attname as column_name, format_type(a.atttypid, a.atttypmod) AS data_type
		FROM pg_attribute a JOIN pg_class b ON a.attrelid = b.oid AND relnamespace = (SELECT oid FROM pg_catalog.pg_namespace WHERE nspname = CURRENT_SCHEMA())
		WHERE a.attnum > 0 -- hide internal columns
		AND NOT a.attisdropped -- hide deleted columns
		AND b.relname = $1$

2025/02/13 14:38:46 /home/bryan/repos/skripsi/backend/setup/setup.go:78
[2.334ms] [rows:0] SELECT description FROM pg_catalog.pg_description WHERE objsubid = (SELECT ordinal_position FROM information_schema.columns WHERE table_schema = CURRENT_SCHEMA() AND table_name = 'slots' AND column_name = 'id') AND objoid = (SELECT oid FROM pg_catalog.pg_class WHERE relname = 'slots' AND relnamespace = (SELECT oid FROM pg_catalog.pg_namespace WHERE nspname = CURRENT_SCHEMA()))

2025/02/13 14:38:46 /home/bryan/repos/skripsi/backend/setup/setup.go:78
[2.407ms] [rows:0] SELECT description FROM pg_catalog.pg_description WHERE objsubid = (SELECT ordinal_position FROM information_schema.columns WHERE table_schema = CURRENT_SCHEMA() AND table_name = 'slots' AND column_name = 'created_at') AND objoid = (SELECT oid FROM pg_catalog.pg_class WHERE relname = 'slots' AND relnamespace = (SELECT oid FROM pg_catalog.pg_namespace WHERE nspname = CURRENT_SCHEMA()))

2025/02/13 14:38:46 /home/bryan/repos/skripsi/backend/setup/setup.go:78
[2.418ms] [rows:0] SELECT description FROM pg_catalog.pg_description WHERE objsubid = (SELECT ordinal_position FROM information_schema.columns WHERE table_schema = CURRENT_SCHEMA() AND table_name = 'slots' AND column_name = 'updated_at') AND objoid = (SELECT oid FROM pg_catalog.pg_class WHERE relname = 'slots' AND relnamespace = (SELECT oid FROM pg_catalog.pg_namespace WHERE nspname = CURRENT_SCHEMA()))

2025/02/13 14:38:46 /home/bryan/repos/skripsi/backend/setup/setup.go:78
[2.459ms] [rows:0] SELECT description FROM pg_catalog.pg_description WHERE objsubid = (SELECT ordinal_position FROM information_schema.columns WHERE table_schema = CURRENT_SCHEMA() AND table_name = 'slots' AND column_name = 'deleted_at') AND objoid = (SELECT oid FROM pg_catalog.pg_class WHERE relname = 'slots' AND relnamespace = (SELECT oid FROM pg_catalog.pg_namespace WHERE nspname = CURRENT_SCHEMA()))

2025/02/13 14:38:46 /home/bryan/repos/skripsi/backend/setup/setup.go:78
[2.414ms] [rows:0] SELECT description FROM pg_catalog.pg_description WHERE objsubid = (SELECT ordinal_position FROM information_schema.columns WHERE table_schema = CURRENT_SCHEMA() AND table_name = 'slots' AND column_name = 'daycare_id') AND objoid = (SELECT oid FROM pg_catalog.pg_class WHERE relname = 'slots' AND relnamespace = (SELECT oid FROM pg_catalog.pg_namespace WHERE nspname = CURRENT_SCHEMA()))

2025/02/13 14:38:46 /home/bryan/repos/skripsi/backend/setup/setup.go:78
[2.739ms] [rows:0] SELECT description FROM pg_catalog.pg_description WHERE objsubid = (SELECT ordinal_position FROM information_schema.columns WHERE table_schema = CURRENT_SCHEMA() AND table_name = 'slots' AND column_name = 'species_id') AND objoid = (SELECT oid FROM pg_catalog.pg_class WHERE relname = 'slots' AND relnamespace = (SELECT oid FROM pg_catalog.pg_namespace WHERE nspname = CURRENT_SCHEMA()))

2025/02/13 14:38:46 /home/bryan/repos/skripsi/backend/setup/setup.go:78
[2.343ms] [rows:0] SELECT description FROM pg_catalog.pg_description WHERE objsubid = (SELECT ordinal_position FROM information_schema.columns WHERE table_schema = CURRENT_SCHEMA() AND table_name = 'slots' AND column_name = 'size_category_id') AND objoid = (SELECT oid FROM pg_catalog.pg_class WHERE relname = 'slots' AND relnamespace = (SELECT oid FROM pg_catalog.pg_namespace WHERE nspname = CURRENT_SCHEMA()))

2025/02/13 14:38:46 /home/bryan/repos/skripsi/backend/setup/setup.go:78
[2.495ms] [rows:0] SELECT description FROM pg_catalog.pg_description WHERE objsubid = (SELECT ordinal_position FROM information_schema.columns WHERE table_schema = CURRENT_SCHEMA() AND table_name = 'slots' AND column_name = 'max_number') AND objoid = (SELECT oid FROM pg_catalog.pg_class WHERE relname = 'slots' AND relnamespace = (SELECT oid FROM pg_catalog.pg_namespace WHERE nspname = CURRENT_SCHEMA()))

2025/02/13 14:38:46 /home/bryan/repos/skripsi/backend/setup/setup.go:78
[2.214ms] [rows:1] SELECT count(*) FROM INFORMATION_SCHEMA.table_constraints WHERE table_schema = CURRENT_SCHEMA() AND table_name = 'slots' AND constraint_name = 'fk_pet_daycares_slots'

2025/02/13 14:38:46 /home/bryan/repos/skripsi/backend/setup/setup.go:78
[4.933ms] [rows:1] SELECT count(*) FROM pg_indexes WHERE tablename = 'slots' AND indexname = 'idx_slots_deleted_at' AND schemaname = CURRENT_SCHEMA()

2025/02/13 14:38:46 /home/bryan/repos/skripsi/backend/setup/setup.go:78
[1.777ms] [rows:1] SELECT count(*) FROM information_schema.tables WHERE table_schema = CURRENT_SCHEMA() AND table_name = 'booked_slots' AND table_type = 'BASE TABLE'

2025/02/13 14:38:46 /home/bryan/repos/skripsi/backend/setup/setup.go:78
[1.328ms] [rows:1] SELECT CURRENT_DATABASE()

2025/02/13 14:38:46 /home/bryan/repos/skripsi/backend/setup/setup.go:78
[5.963ms] [rows:-] SELECT c.column_name, c.is_nullable = 'YES', c.udt_name, c.character_maximum_length, c.numeric_precision, c.numeric_precision_radix, c.numeric_scale, c.datetime_precision, 8 * typlen, c.column_default, pd.description, c.identity_increment FROM information_schema.columns AS c JOIN pg_type AS pgt ON c.udt_name = pgt.typname LEFT JOIN pg_catalog.pg_description as pd ON pd.objsubid = c.ordinal_position AND pd.objoid = (SELECT oid FROM pg_catalog.pg_class WHERE relname = c.table_name AND relnamespace = (SELECT oid FROM pg_catalog.pg_namespace WHERE nspname = c.table_schema)) where table_catalog = $1$ AND table_schema = CURRENT_SCHEMA() AND table_name = $2$

2025/02/13 14:38:46 /home/bryan/repos/skripsi/backend/setup/setup.go:78
[1.589ms] [rows:-] SELECT * FROM "booked_slots" LIMIT $1$

2025/02/13 14:38:46 /home/bryan/repos/skripsi/backend/setup/setup.go:78
[5.173ms] [rows:-] SELECT constraint_name FROM information_schema.table_constraints tc JOIN information_schema.constraint_column_usage AS ccu USING (constraint_schema, constraint_catalog, table_name, constraint_name) JOIN information_schema.columns AS c ON c.table_schema = tc.constraint_schema AND tc.table_name = c.table_name AND ccu.column_name = c.column_name WHERE constraint_type IN ('PRIMARY KEY', 'UNIQUE') AND c.table_catalog = $1$ AND c.table_schema = CURRENT_SCHEMA() AND c.table_name = $2$ AND constraint_type = $3$

2025/02/13 14:38:46 /home/bryan/repos/skripsi/backend/setup/setup.go:78
[5.256ms] [rows:-] SELECT c.column_name, constraint_name, constraint_type FROM information_schema.table_constraints tc JOIN information_schema.constraint_column_usage AS ccu USING (constraint_schema, constraint_catalog, table_name, constraint_name) JOIN information_schema.columns AS c ON c.table_schema = tc.constraint_schema AND tc.table_name = c.table_name AND ccu.column_name = c.column_name WHERE constraint_type IN ('PRIMARY KEY', 'UNIQUE') AND c.table_catalog = $1$ AND c.table_schema = CURRENT_SCHEMA() AND c.table_name = $2$

2025/02/13 14:38:46 /home/bryan/repos/skripsi/backend/setup/setup.go:78
[1.562ms] [rows:-] SELECT a.attname as column_name, format_type(a.atttypid, a.atttypmod) AS data_type
		FROM pg_attribute a JOIN pg_class b ON a.attrelid = b.oid AND relnamespace = (SELECT oid FROM pg_catalog.pg_namespace WHERE nspname = CURRENT_SCHEMA())
		WHERE a.attnum > 0 -- hide internal columns
		AND NOT a.attisdropped -- hide deleted columns
		AND b.relname = $1$

2025/02/13 14:38:46 /home/bryan/repos/skripsi/backend/setup/setup.go:78
[2.369ms] [rows:0] SELECT description FROM pg_catalog.pg_description WHERE objsubid = (SELECT ordinal_position FROM information_schema.columns WHERE table_schema = CURRENT_SCHEMA() AND table_name = 'booked_slots' AND column_name = 'id') AND objoid = (SELECT oid FROM pg_catalog.pg_class WHERE relname = 'booked_slots' AND relnamespace = (SELECT oid FROM pg_catalog.pg_namespace WHERE nspname = CURRENT_SCHEMA()))

2025/02/13 14:38:46 /home/bryan/repos/skripsi/backend/setup/setup.go:78
[2.377ms] [rows:0] SELECT description FROM pg_catalog.pg_description WHERE objsubid = (SELECT ordinal_position FROM information_schema.columns WHERE table_schema = CURRENT_SCHEMA() AND table_name = 'booked_slots' AND column_name = 'created_at') AND objoid = (SELECT oid FROM pg_catalog.pg_class WHERE relname = 'booked_slots' AND relnamespace = (SELECT oid FROM pg_catalog.pg_namespace WHERE nspname = CURRENT_SCHEMA()))

2025/02/13 14:38:46 /home/bryan/repos/skripsi/backend/setup/setup.go:78
[2.511ms] [rows:0] SELECT description FROM pg_catalog.pg_description WHERE objsubid = (SELECT ordinal_position FROM information_schema.columns WHERE table_schema = CURRENT_SCHEMA() AND table_name = 'booked_slots' AND column_name = 'updated_at') AND objoid = (SELECT oid FROM pg_catalog.pg_class WHERE relname = 'booked_slots' AND relnamespace = (SELECT oid FROM pg_catalog.pg_namespace WHERE nspname = CURRENT_SCHEMA()))

2025/02/13 14:38:46 /home/bryan/repos/skripsi/backend/setup/setup.go:78
[2.409ms] [rows:0] SELECT description FROM pg_catalog.pg_description WHERE objsubid = (SELECT ordinal_position FROM information_schema.columns WHERE table_schema = CURRENT_SCHEMA() AND table_name = 'booked_slots' AND column_name = 'deleted_at') AND objoid = (SELECT oid FROM pg_catalog.pg_class WHERE relname = 'booked_slots' AND relnamespace = (SELECT oid FROM pg_catalog.pg_namespace WHERE nspname = CURRENT_SCHEMA()))

2025/02/13 14:38:46 /home/bryan/repos/skripsi/backend/setup/setup.go:78
[2.448ms] [rows:0] SELECT description FROM pg_catalog.pg_description WHERE objsubid = (SELECT ordinal_position FROM information_schema.columns WHERE table_schema = CURRENT_SCHEMA() AND table_name = 'booked_slots' AND column_name = 'user_id') AND objoid = (SELECT oid FROM pg_catalog.pg_class WHERE relname = 'booked_slots' AND relnamespace = (SELECT oid FROM pg_catalog.pg_namespace WHERE nspname = CURRENT_SCHEMA()))

2025/02/13 14:38:46 /home/bryan/repos/skripsi/backend/setup/setup.go:78
[2.331ms] [rows:0] SELECT description FROM pg_catalog.pg_description WHERE objsubid = (SELECT ordinal_position FROM information_schema.columns WHERE table_schema = CURRENT_SCHEMA() AND table_name = 'booked_slots' AND column_name = 'daycare_id') AND objoid = (SELECT oid FROM pg_catalog.pg_class WHERE relname = 'booked_slots' AND relnamespace = (SELECT oid FROM pg_catalog.pg_namespace WHERE nspname = CURRENT_SCHEMA()))

2025/02/13 14:38:46 /home/bryan/repos/skripsi/backend/setup/setup.go:78
[2.325ms] [rows:0] SELECT description FROM pg_catalog.pg_description WHERE objsubid = (SELECT ordinal_position FROM information_schema.columns WHERE table_schema = CURRENT_SCHEMA() AND table_name = 'booked_slots' AND column_name = 'pet_id') AND objoid = (SELECT oid FROM pg_catalog.pg_class WHERE relname = 'booked_slots' AND relnamespace = (SELECT oid FROM pg_catalog.pg_namespace WHERE nspname = CURRENT_SCHEMA()))

2025/02/13 14:38:46 /home/bryan/repos/skripsi/backend/setup/setup.go:78
[2.423ms] [rows:0] SELECT description FROM pg_catalog.pg_description WHERE objsubid = (SELECT ordinal_position FROM information_schema.columns WHERE table_schema = CURRENT_SCHEMA() AND table_name = 'booked_slots' AND column_name = 'start_date') AND objoid = (SELECT oid FROM pg_catalog.pg_class WHERE relname = 'booked_slots' AND relnamespace = (SELECT oid FROM pg_catalog.pg_namespace WHERE nspname = CURRENT_SCHEMA()))

2025/02/13 14:38:46 /home/bryan/repos/skripsi/backend/setup/setup.go:78
[2.338ms] [rows:0] SELECT description FROM pg_catalog.pg_description WHERE objsubid = (SELECT ordinal_position FROM information_schema.columns WHERE table_schema = CURRENT_SCHEMA() AND table_name = 'booked_slots' AND column_name = 'end_date') AND objoid = (SELECT oid FROM pg_catalog.pg_class WHERE relname = 'booked_slots' AND relnamespace = (SELECT oid FROM pg_catalog.pg_namespace WHERE nspname = CURRENT_SCHEMA()))

2025/02/13 14:38:46 /home/bryan/repos/skripsi/backend/setup/setup.go:78
[2.149ms] [rows:1] SELECT count(*) FROM INFORMATION_SCHEMA.table_constraints WHERE table_schema = CURRENT_SCHEMA() AND table_name = 'booked_slots' AND constraint_name = 'fk_pet_daycares_booked_slots'

2025/02/13 14:38:46 /home/bryan/repos/skripsi/backend/setup/setup.go:78
[1.941ms] [rows:1] SELECT count(*) FROM INFORMATION_SCHEMA.table_constraints WHERE table_schema = CURRENT_SCHEMA() AND table_name = 'booked_slots' AND constraint_name = 'fk_booked_slots_user'

2025/02/13 14:38:46 /home/bryan/repos/skripsi/backend/setup/setup.go:78
[1.999ms] [rows:1] SELECT count(*) FROM INFORMATION_SCHEMA.table_constraints WHERE table_schema = CURRENT_SCHEMA() AND table_name = 'booked_slots' AND constraint_name = 'fk_pets_booked_slots'

2025/02/13 14:38:46 /home/bryan/repos/skripsi/backend/setup/setup.go:78
[4.147ms] [rows:1] SELECT count(*) FROM pg_indexes WHERE tablename = 'booked_slots' AND indexname = 'idx_booked_slots_deleted_at' AND schemaname = CURRENT_SCHEMA()

2025/02/13 14:38:46 /home/bryan/repos/skripsi/backend/setup/setup.go:78
[1.547ms] [rows:1] SELECT count(*) FROM information_schema.tables WHERE table_schema = CURRENT_SCHEMA() AND table_name = 'thumbnails' AND table_type = 'BASE TABLE'

2025/02/13 14:38:46 /home/bryan/repos/skripsi/backend/setup/setup.go:78
[1.304ms] [rows:1] SELECT CURRENT_DATABASE()

2025/02/13 14:38:46 /home/bryan/repos/skripsi/backend/setup/setup.go:78
[4.667ms] [rows:-] SELECT c.column_name, c.is_nullable = 'YES', c.udt_name, c.character_maximum_length, c.numeric_precision, c.numeric_precision_radix, c.numeric_scale, c.datetime_precision, 8 * typlen, c.column_default, pd.description, c.identity_increment FROM information_schema.columns AS c JOIN pg_type AS pgt ON c.udt_name = pgt.typname LEFT JOIN pg_catalog.pg_description as pd ON pd.objsubid = c.ordinal_position AND pd.objoid = (SELECT oid FROM pg_catalog.pg_class WHERE relname = c.table_name AND relnamespace = (SELECT oid FROM pg_catalog.pg_namespace WHERE nspname = c.table_schema)) where table_catalog = $1$ AND table_schema = CURRENT_SCHEMA() AND table_name = $2$

2025/02/13 14:38:46 /home/bryan/repos/skripsi/backend/setup/setup.go:78
[1.550ms] [rows:-] SELECT * FROM "thumbnails" LIMIT $1$

2025/02/13 14:38:46 /home/bryan/repos/skripsi/backend/setup/setup.go:78
[3.740ms] [rows:-] SELECT constraint_name FROM information_schema.table_constraints tc JOIN information_schema.constraint_column_usage AS ccu USING (constraint_schema, constraint_catalog, table_name, constraint_name) JOIN information_schema.columns AS c ON c.table_schema = tc.constraint_schema AND tc.table_name = c.table_name AND ccu.column_name = c.column_name WHERE constraint_type IN ('PRIMARY KEY', 'UNIQUE') AND c.table_catalog = $1$ AND c.table_schema = CURRENT_SCHEMA() AND c.table_name = $2$ AND constraint_type = $3$

2025/02/13 14:38:46 /home/bryan/repos/skripsi/backend/setup/setup.go:78
[3.670ms] [rows:-] SELECT c.column_name, constraint_name, constraint_type FROM information_schema.table_constraints tc JOIN information_schema.constraint_column_usage AS ccu USING (constraint_schema, constraint_catalog, table_name, constraint_name) JOIN information_schema.columns AS c ON c.table_schema = tc.constraint_schema AND tc.table_name = c.table_name AND ccu.column_name = c.column_name WHERE constraint_type IN ('PRIMARY KEY', 'UNIQUE') AND c.table_catalog = $1$ AND c.table_schema = CURRENT_SCHEMA() AND c.table_name = $2$

2025/02/13 14:38:46 /home/bryan/repos/skripsi/backend/setup/setup.go:78
[1.492ms] [rows:-] SELECT a.attname as column_name, format_type(a.atttypid, a.atttypmod) AS data_type
		FROM pg_attribute a JOIN pg_class b ON a.attrelid = b.oid AND relnamespace = (SELECT oid FROM pg_catalog.pg_namespace WHERE nspname = CURRENT_SCHEMA())
		WHERE a.attnum > 0 -- hide internal columns
		AND NOT a.attisdropped -- hide deleted columns
		AND b.relname = $1$

2025/02/13 14:38:46 /home/bryan/repos/skripsi/backend/setup/setup.go:78
[2.290ms] [rows:0] SELECT description FROM pg_catalog.pg_description WHERE objsubid = (SELECT ordinal_position FROM information_schema.columns WHERE table_schema = CURRENT_SCHEMA() AND table_name = 'thumbnails' AND column_name = 'id') AND objoid = (SELECT oid FROM pg_catalog.pg_class WHERE relname = 'thumbnails' AND relnamespace = (SELECT oid FROM pg_catalog.pg_namespace WHERE nspname = CURRENT_SCHEMA()))

2025/02/13 14:38:46 /home/bryan/repos/skripsi/backend/setup/setup.go:78
[2.228ms] [rows:0] SELECT description FROM pg_catalog.pg_description WHERE objsubid = (SELECT ordinal_position FROM information_schema.columns WHERE table_schema = CURRENT_SCHEMA() AND table_name = 'thumbnails' AND column_name = 'daycare_id') AND objoid = (SELECT oid FROM pg_catalog.pg_class WHERE relname = 'thumbnails' AND relnamespace = (SELECT oid FROM pg_catalog.pg_namespace WHERE nspname = CURRENT_SCHEMA()))

2025/02/13 14:38:46 /home/bryan/repos/skripsi/backend/setup/setup.go:78
[2.120ms] [rows:0] SELECT description FROM pg_catalog.pg_description WHERE objsubid = (SELECT ordinal_position FROM information_schema.columns WHERE table_schema = CURRENT_SCHEMA() AND table_name = 'thumbnails' AND column_name = 'image_url') AND objoid = (SELECT oid FROM pg_catalog.pg_class WHERE relname = 'thumbnails' AND relnamespace = (SELECT oid FROM pg_catalog.pg_namespace WHERE nspname = CURRENT_SCHEMA()))

2025/02/13 14:38:46 /home/bryan/repos/skripsi/backend/setup/setup.go:78
[1.766ms] [rows:1] SELECT count(*) FROM INFORMATION_SCHEMA.table_constraints WHERE table_schema = CURRENT_SCHEMA() AND table_name = 'thumbnails' AND constraint_name = 'fk_pet_daycares_thumbnails'

2025/02/13 14:38:46 /home/bryan/repos/skripsi/backend/setup/setup.go:78
[5.513ms] [rows:1] SELECT count(*) FROM information_schema.tables WHERE table_schema = CURRENT_SCHEMA() AND table_name = 'reviews' AND table_type = 'BASE TABLE'

2025/02/13 14:38:46 /home/bryan/repos/skripsi/backend/setup/setup.go:78
[1.457ms] [rows:1] SELECT CURRENT_DATABASE()

2025/02/13 14:38:46 /home/bryan/repos/skripsi/backend/setup/setup.go:78
[5.738ms] [rows:-] SELECT c.column_name, c.is_nullable = 'YES', c.udt_name, c.character_maximum_length, c.numeric_precision, c.numeric_precision_radix, c.numeric_scale, c.datetime_precision, 8 * typlen, c.column_default, pd.description, c.identity_increment FROM information_schema.columns AS c JOIN pg_type AS pgt ON c.udt_name = pgt.typname LEFT JOIN pg_catalog.pg_description as pd ON pd.objsubid = c.ordinal_position AND pd.objoid = (SELECT oid FROM pg_catalog.pg_class WHERE relname = c.table_name AND relnamespace = (SELECT oid FROM pg_catalog.pg_namespace WHERE nspname = c.table_schema)) where table_catalog = $1$ AND table_schema = CURRENT_SCHEMA() AND table_name = $2$

2025/02/13 14:38:46 /home/bryan/repos/skripsi/backend/setup/setup.go:78
[1.628ms] [rows:-] SELECT * FROM "reviews" LIMIT $1$

2025/02/13 14:38:46 /home/bryan/repos/skripsi/backend/setup/setup.go:78
[4.614ms] [rows:-] SELECT constraint_name FROM information_schema.table_constraints tc JOIN information_schema.constraint_column_usage AS ccu USING (constraint_schema, constraint_catalog, table_name, constraint_name) JOIN information_schema.columns AS c ON c.table_schema = tc.constraint_schema AND tc.table_name = c.table_name AND ccu.column_name = c.column_name WHERE constraint_type IN ('PRIMARY KEY', 'UNIQUE') AND c.table_catalog = $1$ AND c.table_schema = CURRENT_SCHEMA() AND c.table_name = $2$ AND constraint_type = $3$

2025/02/13 14:38:46 /home/bryan/repos/skripsi/backend/setup/setup.go:78
[5.127ms] [rows:-] SELECT c.column_name, constraint_name, constraint_type FROM information_schema.table_constraints tc JOIN information_schema.constraint_column_usage AS ccu USING (constraint_schema, constraint_catalog, table_name, constraint_name) JOIN information_schema.columns AS c ON c.table_schema = tc.constraint_schema AND tc.table_name = c.table_name AND ccu.column_name = c.column_name WHERE constraint_type IN ('PRIMARY KEY', 'UNIQUE') AND c.table_catalog = $1$ AND c.table_schema = CURRENT_SCHEMA() AND c.table_name = $2$

2025/02/13 14:38:46 /home/bryan/repos/skripsi/backend/setup/setup.go:78
[1.569ms] [rows:-] SELECT a.attname as column_name, format_type(a.atttypid, a.atttypmod) AS data_type
		FROM pg_attribute a JOIN pg_class b ON a.attrelid = b.oid AND relnamespace = (SELECT oid FROM pg_catalog.pg_namespace WHERE nspname = CURRENT_SCHEMA())
		WHERE a.attnum > 0 -- hide internal columns
		AND NOT a.attisdropped -- hide deleted columns
		AND b.relname = $1$

2025/02/13 14:38:46 /home/bryan/repos/skripsi/backend/setup/setup.go:78
[1.911ms] [rows:0] SELECT description FROM pg_catalog.pg_description WHERE objsubid = (SELECT ordinal_position FROM information_schema.columns WHERE table_schema = CURRENT_SCHEMA() AND table_name = 'reviews' AND column_name = 'id') AND objoid = (SELECT oid FROM pg_catalog.pg_class WHERE relname = 'reviews' AND relnamespace = (SELECT oid FROM pg_catalog.pg_namespace WHERE nspname = CURRENT_SCHEMA()))

2025/02/13 14:38:46 /home/bryan/repos/skripsi/backend/setup/setup.go:78
[1.889ms] [rows:0] SELECT description FROM pg_catalog.pg_description WHERE objsubid = (SELECT ordinal_position FROM information_schema.columns WHERE table_schema = CURRENT_SCHEMA() AND table_name = 'reviews' AND column_name = 'created_at') AND objoid = (SELECT oid FROM pg_catalog.pg_class WHERE relname = 'reviews' AND relnamespace = (SELECT oid FROM pg_catalog.pg_namespace WHERE nspname = CURRENT_SCHEMA()))

2025/02/13 14:38:46 /home/bryan/repos/skripsi/backend/setup/setup.go:78
[2.025ms] [rows:0] SELECT description FROM pg_catalog.pg_description WHERE objsubid = (SELECT ordinal_position FROM information_schema.columns WHERE table_schema = CURRENT_SCHEMA() AND table_name = 'reviews' AND column_name = 'updated_at') AND objoid = (SELECT oid FROM pg_catalog.pg_class WHERE relname = 'reviews' AND relnamespace = (SELECT oid FROM pg_catalog.pg_namespace WHERE nspname = CURRENT_SCHEMA()))

2025/02/13 14:38:46 /home/bryan/repos/skripsi/backend/setup/setup.go:78
[2.216ms] [rows:0] SELECT description FROM pg_catalog.pg_description WHERE objsubid = (SELECT ordinal_position FROM information_schema.columns WHERE table_schema = CURRENT_SCHEMA() AND table_name = 'reviews' AND column_name = 'deleted_at') AND objoid = (SELECT oid FROM pg_catalog.pg_class WHERE relname = 'reviews' AND relnamespace = (SELECT oid FROM pg_catalog.pg_namespace WHERE nspname = CURRENT_SCHEMA()))

2025/02/13 14:38:46 /home/bryan/repos/skripsi/backend/setup/setup.go:78
[1.897ms] [rows:0] SELECT description FROM pg_catalog.pg_description WHERE objsubid = (SELECT ordinal_position FROM information_schema.columns WHERE table_schema = CURRENT_SCHEMA() AND table_name = 'reviews' AND column_name = 'daycare_id') AND objoid = (SELECT oid FROM pg_catalog.pg_class WHERE relname = 'reviews' AND relnamespace = (SELECT oid FROM pg_catalog.pg_namespace WHERE nspname = CURRENT_SCHEMA()))

2025/02/13 14:38:46 /home/bryan/repos/skripsi/backend/setup/setup.go:78
[1.679ms] [rows:0] SELECT description FROM pg_catalog.pg_description WHERE objsubid = (SELECT ordinal_position FROM information_schema.columns WHERE table_schema = CURRENT_SCHEMA() AND table_name = 'reviews' AND column_name = 'user_id') AND objoid = (SELECT oid FROM pg_catalog.pg_class WHERE relname = 'reviews' AND relnamespace = (SELECT oid FROM pg_catalog.pg_namespace WHERE nspname = CURRENT_SCHEMA()))

2025/02/13 14:38:46 /home/bryan/repos/skripsi/backend/setup/setup.go:78
[1.551ms] [rows:0] SELECT description FROM pg_catalog.pg_description WHERE objsubid = (SELECT ordinal_position FROM information_schema.columns WHERE table_schema = CURRENT_SCHEMA() AND table_name = 'reviews' AND column_name = 'name') AND objoid = (SELECT oid FROM pg_catalog.pg_class WHERE relname = 'reviews' AND relnamespace = (SELECT oid FROM pg_catalog.pg_namespace WHERE nspname = CURRENT_SCHEMA()))

2025/02/13 14:38:46 /home/bryan/repos/skripsi/backend/setup/setup.go:78
[1.600ms] [rows:0] SELECT description FROM pg_catalog.pg_description WHERE objsubid = (SELECT ordinal_position FROM information_schema.columns WHERE table_schema = CURRENT_SCHEMA() AND table_name = 'reviews' AND column_name = 'rate') AND objoid = (SELECT oid FROM pg_catalog.pg_class WHERE relname = 'reviews' AND relnamespace = (SELECT oid FROM pg_catalog.pg_namespace WHERE nspname = CURRENT_SCHEMA()))

2025/02/13 14:38:46 /home/bryan/repos/skripsi/backend/setup/setup.go:78
[1.521ms] [rows:0] SELECT description FROM pg_catalog.pg_description WHERE objsubid = (SELECT ordinal_position FROM information_schema.columns WHERE table_schema = CURRENT_SCHEMA() AND table_name = 'reviews' AND column_name = 'description') AND objoid = (SELECT oid FROM pg_catalog.pg_class WHERE relname = 'reviews' AND relnamespace = (SELECT oid FROM pg_catalog.pg_namespace WHERE nspname = CURRENT_SCHEMA()))

2025/02/13 14:38:46 /home/bryan/repos/skripsi/backend/setup/setup.go:78
[1.552ms] [rows:1] SELECT count(*) FROM INFORMATION_SCHEMA.table_constraints WHERE table_schema = CURRENT_SCHEMA() AND table_name = 'reviews' AND constraint_name = 'fk_pet_daycares_reviews'

2025/02/13 14:38:46 /home/bryan/repos/skripsi/backend/setup/setup.go:78
[1.920ms] [rows:1] SELECT count(*) FROM INFORMATION_SCHEMA.table_constraints WHERE table_schema = CURRENT_SCHEMA() AND table_name = 'reviews' AND constraint_name = 'fk_users_reviews'

2025/02/13 14:38:46 /home/bryan/repos/skripsi/backend/setup/setup.go:78
[3.694ms] [rows:1] SELECT count(*) FROM pg_indexes WHERE tablename = 'reviews' AND indexname = 'idx_reviews_deleted_at' AND schemaname = CURRENT_SCHEMA()

2025/02/13 14:38:46 /home/bryan/repos/skripsi/backend/setup/setup.go:78
[1.152ms] [rows:1] SELECT count(*) FROM information_schema.tables WHERE table_schema = CURRENT_SCHEMA() AND table_name = 'refresh_tokens' AND table_type = 'BASE TABLE'

2025/02/13 14:38:46 /home/bryan/repos/skripsi/backend/setup/setup.go:78
[0.728ms] [rows:1] SELECT CURRENT_DATABASE()

2025/02/13 14:38:46 /home/bryan/repos/skripsi/backend/setup/setup.go:78
[3.544ms] [rows:-] SELECT c.column_name, c.is_nullable = 'YES', c.udt_name, c.character_maximum_length, c.numeric_precision, c.numeric_precision_radix, c.numeric_scale, c.datetime_precision, 8 * typlen, c.column_default, pd.description, c.identity_increment FROM information_schema.columns AS c JOIN pg_type AS pgt ON c.udt_name = pgt.typname LEFT JOIN pg_catalog.pg_description as pd ON pd.objsubid = c.ordinal_position AND pd.objoid = (SELECT oid FROM pg_catalog.pg_class WHERE relname = c.table_name AND relnamespace = (SELECT oid FROM pg_catalog.pg_namespace WHERE nspname = c.table_schema)) where table_catalog = $1$ AND table_schema = CURRENT_SCHEMA() AND table_name = $2$

2025/02/13 14:38:46 /home/bryan/repos/skripsi/backend/setup/setup.go:78
[1.750ms] [rows:-] SELECT * FROM "refresh_tokens" LIMIT $1$

2025/02/13 14:38:46 /home/bryan/repos/skripsi/backend/setup/setup.go:78
[4.365ms] [rows:-] SELECT constraint_name FROM information_schema.table_constraints tc JOIN information_schema.constraint_column_usage AS ccu USING (constraint_schema, constraint_catalog, table_name, constraint_name) JOIN information_schema.columns AS c ON c.table_schema = tc.constraint_schema AND tc.table_name = c.table_name AND ccu.column_name = c.column_name WHERE constraint_type IN ('PRIMARY KEY', 'UNIQUE') AND c.table_catalog = $1$ AND c.table_schema = CURRENT_SCHEMA() AND c.table_name = $2$ AND constraint_type = $3$

2025/02/13 14:38:46 /home/bryan/repos/skripsi/backend/setup/setup.go:78
[4.400ms] [rows:-] SELECT c.column_name, constraint_name, constraint_type FROM information_schema.table_constraints tc JOIN information_schema.constraint_column_usage AS ccu USING (constraint_schema, constraint_catalog, table_name, constraint_name) JOIN information_schema.columns AS c ON c.table_schema = tc.constraint_schema AND tc.table_name = c.table_name AND ccu.column_name = c.column_name WHERE constraint_type IN ('PRIMARY KEY', 'UNIQUE') AND c.table_catalog = $1$ AND c.table_schema = CURRENT_SCHEMA() AND c.table_name = $2$

2025/02/13 14:38:46 /home/bryan/repos/skripsi/backend/setup/setup.go:78
[1.010ms] [rows:-] SELECT a.attname as column_name, format_type(a.atttypid, a.atttypmod) AS data_type
		FROM pg_attribute a JOIN pg_class b ON a.attrelid = b.oid AND relnamespace = (SELECT oid FROM pg_catalog.pg_namespace WHERE nspname = CURRENT_SCHEMA())
		WHERE a.attnum > 0 -- hide internal columns
		AND NOT a.attisdropped -- hide deleted columns
		AND b.relname = $1$

2025/02/13 14:38:46 /home/bryan/repos/skripsi/backend/setup/setup.go:78
[1.722ms] [rows:0] SELECT description FROM pg_catalog.pg_description WHERE objsubid = (SELECT ordinal_position FROM information_schema.columns WHERE table_schema = CURRENT_SCHEMA() AND table_name = 'refresh_tokens' AND column_name = 'id') AND objoid = (SELECT oid FROM pg_catalog.pg_class WHERE relname = 'refresh_tokens' AND relnamespace = (SELECT oid FROM pg_catalog.pg_namespace WHERE nspname = CURRENT_SCHEMA()))

2025/02/13 14:38:46 /home/bryan/repos/skripsi/backend/setup/setup.go:78
[1.762ms] [rows:0] SELECT description FROM pg_catalog.pg_description WHERE objsubid = (SELECT ordinal_position FROM information_schema.columns WHERE table_schema = CURRENT_SCHEMA() AND table_name = 'refresh_tokens' AND column_name = 'created_at') AND objoid = (SELECT oid FROM pg_catalog.pg_class WHERE relname = 'refresh_tokens' AND relnamespace = (SELECT oid FROM pg_catalog.pg_namespace WHERE nspname = CURRENT_SCHEMA()))

2025/02/13 14:38:46 /home/bryan/repos/skripsi/backend/setup/setup.go:78
[1.715ms] [rows:0] SELECT description FROM pg_catalog.pg_description WHERE objsubid = (SELECT ordinal_position FROM information_schema.columns WHERE table_schema = CURRENT_SCHEMA() AND table_name = 'refresh_tokens' AND column_name = 'updated_at') AND objoid = (SELECT oid FROM pg_catalog.pg_class WHERE relname = 'refresh_tokens' AND relnamespace = (SELECT oid FROM pg_catalog.pg_namespace WHERE nspname = CURRENT_SCHEMA()))

2025/02/13 14:38:46 /home/bryan/repos/skripsi/backend/setup/setup.go:78
[1.658ms] [rows:0] SELECT description FROM pg_catalog.pg_description WHERE objsubid = (SELECT ordinal_position FROM information_schema.columns WHERE table_schema = CURRENT_SCHEMA() AND table_name = 'refresh_tokens' AND column_name = 'deleted_at') AND objoid = (SELECT oid FROM pg_catalog.pg_class WHERE relname = 'refresh_tokens' AND relnamespace = (SELECT oid FROM pg_catalog.pg_namespace WHERE nspname = CURRENT_SCHEMA()))

2025/02/13 14:38:46 /home/bryan/repos/skripsi/backend/setup/setup.go:78
[1.607ms] [rows:0] SELECT description FROM pg_catalog.pg_description WHERE objsubid = (SELECT ordinal_position FROM information_schema.columns WHERE table_schema = CURRENT_SCHEMA() AND table_name = 'refresh_tokens' AND column_name = 'user_id') AND objoid = (SELECT oid FROM pg_catalog.pg_class WHERE relname = 'refresh_tokens' AND relnamespace = (SELECT oid FROM pg_catalog.pg_namespace WHERE nspname = CURRENT_SCHEMA()))

2025/02/13 14:38:46 /home/bryan/repos/skripsi/backend/setup/setup.go:78
[1.671ms] [rows:0] SELECT description FROM pg_catalog.pg_description WHERE objsubid = (SELECT ordinal_position FROM information_schema.columns WHERE table_schema = CURRENT_SCHEMA() AND table_name = 'refresh_tokens' AND column_name = 'token') AND objoid = (SELECT oid FROM pg_catalog.pg_class WHERE relname = 'refresh_tokens' AND relnamespace = (SELECT oid FROM pg_catalog.pg_namespace WHERE nspname = CURRENT_SCHEMA()))

2025/02/13 14:38:46 /home/bryan/repos/skripsi/backend/setup/setup.go:78
[1.595ms] [rows:0] SELECT description FROM pg_catalog.pg_description WHERE objsubid = (SELECT ordinal_position FROM information_schema.columns WHERE table_schema = CURRENT_SCHEMA() AND table_name = 'refresh_tokens' AND column_name = 'expires_at') AND objoid = (SELECT oid FROM pg_catalog.pg_class WHERE relname = 'refresh_tokens' AND relnamespace = (SELECT oid FROM pg_catalog.pg_namespace WHERE nspname = CURRENT_SCHEMA()))

2025/02/13 14:38:46 /home/bryan/repos/skripsi/backend/setup/setup.go:78
[0.994ms] [rows:1] SELECT count(*) FROM pg_indexes WHERE tablename = 'refresh_tokens' AND indexname = 'idx_refresh_tokens_deleted_at' AND schemaname = CURRENT_SCHEMA()

2025/02/13 14:38:46 /home/bryan/repos/skripsi/backend/setup/setup.go:78
[1.011ms] [rows:1] SELECT count(*) FROM pg_indexes WHERE tablename = 'refresh_tokens' AND indexname = 'idx_refresh_tokens_user_id' AND schemaname = CURRENT_SCHEMA()

2025/02/13 14:38:46 /home/bryan/repos/skripsi/backend/setup/setup.go:78
[0.945ms] [rows:1] SELECT count(*) FROM information_schema.tables WHERE table_schema = CURRENT_SCHEMA() AND table_name = 'transactions' AND table_type = 'BASE TABLE'

2025/02/13 14:38:46 /home/bryan/repos/skripsi/backend/setup/setup.go:78
[0.691ms] [rows:1] SELECT CURRENT_DATABASE()

2025/02/13 14:38:46 /home/bryan/repos/skripsi/backend/setup/setup.go:78
[3.933ms] [rows:-] SELECT c.column_name, c.is_nullable = 'YES', c.udt_name, c.character_maximum_length, c.numeric_precision, c.numeric_precision_radix, c.numeric_scale, c.datetime_precision, 8 * typlen, c.column_default, pd.description, c.identity_increment FROM information_schema.columns AS c JOIN pg_type AS pgt ON c.udt_name = pgt.typname LEFT JOIN pg_catalog.pg_description as pd ON pd.objsubid = c.ordinal_position AND pd.objoid = (SELECT oid FROM pg_catalog.pg_class WHERE relname = c.table_name AND relnamespace = (SELECT oid FROM pg_catalog.pg_namespace WHERE nspname = c.table_schema)) where table_catalog = $1$ AND table_schema = CURRENT_SCHEMA() AND table_name = $2$

2025/02/13 14:38:46 /home/bryan/repos/skripsi/backend/setup/setup.go:78
[0.891ms] [rows:-] SELECT * FROM "transactions" LIMIT $1$

2025/02/13 14:38:46 /home/bryan/repos/skripsi/backend/setup/setup.go:78
[3.374ms] [rows:-] SELECT constraint_name FROM information_schema.table_constraints tc JOIN information_schema.constraint_column_usage AS ccu USING (constraint_schema, constraint_catalog, table_name, constraint_name) JOIN information_schema.columns AS c ON c.table_schema = tc.constraint_schema AND tc.table_name = c.table_name AND ccu.column_name = c.column_name WHERE constraint_type IN ('PRIMARY KEY', 'UNIQUE') AND c.table_catalog = $1$ AND c.table_schema = CURRENT_SCHEMA() AND c.table_name = $2$ AND constraint_type = $3$

2025/02/13 14:38:46 /home/bryan/repos/skripsi/backend/setup/setup.go:78
[3.363ms] [rows:-] SELECT c.column_name, constraint_name, constraint_type FROM information_schema.table_constraints tc JOIN information_schema.constraint_column_usage AS ccu USING (constraint_schema, constraint_catalog, table_name, constraint_name) JOIN information_schema.columns AS c ON c.table_schema = tc.constraint_schema AND tc.table_name = c.table_name AND ccu.column_name = c.column_name WHERE constraint_type IN ('PRIMARY KEY', 'UNIQUE') AND c.table_catalog = $1$ AND c.table_schema = CURRENT_SCHEMA() AND c.table_name = $2$

2025/02/13 14:38:46 /home/bryan/repos/skripsi/backend/setup/setup.go:78
[0.979ms] [rows:-] SELECT a.attname as column_name, format_type(a.atttypid, a.atttypmod) AS data_type
		FROM pg_attribute a JOIN pg_class b ON a.attrelid = b.oid AND relnamespace = (SELECT oid FROM pg_catalog.pg_namespace WHERE nspname = CURRENT_SCHEMA())
		WHERE a.attnum > 0 -- hide internal columns
		AND NOT a.attisdropped -- hide deleted columns
		AND b.relname = $1$

2025/02/13 14:38:46 /home/bryan/repos/skripsi/backend/setup/setup.go:78
[1.579ms] [rows:0] SELECT description FROM pg_catalog.pg_description WHERE objsubid = (SELECT ordinal_position FROM information_schema.columns WHERE table_schema = CURRENT_SCHEMA() AND table_name = 'transactions' AND column_name = 'id') AND objoid = (SELECT oid FROM pg_catalog.pg_class WHERE relname = 'transactions' AND relnamespace = (SELECT oid FROM pg_catalog.pg_namespace WHERE nspname = CURRENT_SCHEMA()))

2025/02/13 14:38:46 /home/bryan/repos/skripsi/backend/setup/setup.go:78
[1.542ms] [rows:0] SELECT description FROM pg_catalog.pg_description WHERE objsubid = (SELECT ordinal_position FROM information_schema.columns WHERE table_schema = CURRENT_SCHEMA() AND table_name = 'transactions' AND column_name = 'created_at') AND objoid = (SELECT oid FROM pg_catalog.pg_class WHERE relname = 'transactions' AND relnamespace = (SELECT oid FROM pg_catalog.pg_namespace WHERE nspname = CURRENT_SCHEMA()))

2025/02/13 14:38:46 /home/bryan/repos/skripsi/backend/setup/setup.go:78
[1.556ms] [rows:0] SELECT description FROM pg_catalog.pg_description WHERE objsubid = (SELECT ordinal_position FROM information_schema.columns WHERE table_schema = CURRENT_SCHEMA() AND table_name = 'transactions' AND column_name = 'pet_daycare_id') AND objoid = (SELECT oid FROM pg_catalog.pg_class WHERE relname = 'transactions' AND relnamespace = (SELECT oid FROM pg_catalog.pg_namespace WHERE nspname = CURRENT_SCHEMA()))

2025/02/13 14:38:46 /home/bryan/repos/skripsi/backend/setup/setup.go:78
[1.608ms] [rows:0] SELECT description FROM pg_catalog.pg_description WHERE objsubid = (SELECT ordinal_position FROM information_schema.columns WHERE table_schema = CURRENT_SCHEMA() AND table_name = 'transactions' AND column_name = 'booked_slot_id') AND objoid = (SELECT oid FROM pg_catalog.pg_class WHERE relname = 'transactions' AND relnamespace = (SELECT oid FROM pg_catalog.pg_namespace WHERE nspname = CURRENT_SCHEMA()))

2025/02/13 14:38:46 /home/bryan/repos/skripsi/backend/setup/setup.go:78
[1.619ms] [rows:0] SELECT description FROM pg_catalog.pg_description WHERE objsubid = (SELECT ordinal_position FROM information_schema.columns WHERE table_schema = CURRENT_SCHEMA() AND table_name = 'transactions' AND column_name = 'status') AND objoid = (SELECT oid FROM pg_catalog.pg_class WHERE relname = 'transactions' AND relnamespace = (SELECT oid FROM pg_catalog.pg_namespace WHERE nspname = CURRENT_SCHEMA()))

2025/02/13 14:38:46 /home/bryan/repos/skripsi/backend/setup/setup.go:78
[1.257ms] [rows:1] SELECT count(*) FROM INFORMATION_SCHEMA.table_constraints WHERE table_schema = CURRENT_SCHEMA() AND table_name = 'transactions' AND constraint_name = 'fk_transactions_pet_daycare'

2025/02/13 14:38:46 /home/bryan/repos/skripsi/backend/setup/setup.go:78
[1.125ms] [rows:1] SELECT count(*) FROM INFORMATION_SCHEMA.table_constraints WHERE table_schema = CURRENT_SCHEMA() AND table_name = 'transactions' AND constraint_name = 'fk_transactions_booked_slot'

2025/02/13 14:38:46 /home/bryan/repos/skripsi/backend/setup/setup.go:78
[0.900ms] [rows:1] SELECT count(*) FROM information_schema.tables WHERE table_schema = CURRENT_SCHEMA() AND table_name = 'reduce_slots' AND table_type = 'BASE TABLE'

2025/02/13 14:38:46 /home/bryan/repos/skripsi/backend/setup/setup.go:78
[0.695ms] [rows:1] SELECT CURRENT_DATABASE()

2025/02/13 14:38:46 /home/bryan/repos/skripsi/backend/setup/setup.go:78
[2.816ms] [rows:-] SELECT c.column_name, c.is_nullable = 'YES', c.udt_name, c.character_maximum_length, c.numeric_precision, c.numeric_precision_radix, c.numeric_scale, c.datetime_precision, 8 * typlen, c.column_default, pd.description, c.identity_increment FROM information_schema.columns AS c JOIN pg_type AS pgt ON c.udt_name = pgt.typname LEFT JOIN pg_catalog.pg_description as pd ON pd.objsubid = c.ordinal_position AND pd.objoid = (SELECT oid FROM pg_catalog.pg_class WHERE relname = c.table_name AND relnamespace = (SELECT oid FROM pg_catalog.pg_namespace WHERE nspname = c.table_schema)) where table_catalog = $1$ AND table_schema = CURRENT_SCHEMA() AND table_name = $2$

2025/02/13 14:38:46 /home/bryan/repos/skripsi/backend/setup/setup.go:78
[0.989ms] [rows:-] SELECT * FROM "reduce_slots" LIMIT $1$

2025/02/13 14:38:46 /home/bryan/repos/skripsi/backend/setup/setup.go:78
[2.169ms] [rows:-] SELECT constraint_name FROM information_schema.table_constraints tc JOIN information_schema.constraint_column_usage AS ccu USING (constraint_schema, constraint_catalog, table_name, constraint_name) JOIN information_schema.columns AS c ON c.table_schema = tc.constraint_schema AND tc.table_name = c.table_name AND ccu.column_name = c.column_name WHERE constraint_type IN ('PRIMARY KEY', 'UNIQUE') AND c.table_catalog = $1$ AND c.table_schema = CURRENT_SCHEMA() AND c.table_name = $2$ AND constraint_type = $3$

2025/02/13 14:38:46 /home/bryan/repos/skripsi/backend/setup/setup.go:78
[2.346ms] [rows:-] SELECT c.column_name, constraint_name, constraint_type FROM information_schema.table_constraints tc JOIN information_schema.constraint_column_usage AS ccu USING (constraint_schema, constraint_catalog, table_name, constraint_name) JOIN information_schema.columns AS c ON c.table_schema = tc.constraint_schema AND tc.table_name = c.table_name AND ccu.column_name = c.column_name WHERE constraint_type IN ('PRIMARY KEY', 'UNIQUE') AND c.table_catalog = $1$ AND c.table_schema = CURRENT_SCHEMA() AND c.table_name = $2$

2025/02/13 14:38:46 /home/bryan/repos/skripsi/backend/setup/setup.go:78
[0.974ms] [rows:-] SELECT a.attname as column_name, format_type(a.atttypid, a.atttypmod) AS data_type
		FROM pg_attribute a JOIN pg_class b ON a.attrelid = b.oid AND relnamespace = (SELECT oid FROM pg_catalog.pg_namespace WHERE nspname = CURRENT_SCHEMA())
		WHERE a.attnum > 0 -- hide internal columns
		AND NOT a.attisdropped -- hide deleted columns
		AND b.relname = $1$

2025/02/13 14:38:46 /home/bryan/repos/skripsi/backend/setup/setup.go:78
[1.530ms] [rows:0] SELECT description FROM pg_catalog.pg_description WHERE objsubid = (SELECT ordinal_position FROM information_schema.columns WHERE table_schema = CURRENT_SCHEMA() AND table_name = 'reduce_slots' AND column_name = 'id') AND objoid = (SELECT oid FROM pg_catalog.pg_class WHERE relname = 'reduce_slots' AND relnamespace = (SELECT oid FROM pg_catalog.pg_namespace WHERE nspname = CURRENT_SCHEMA()))

2025/02/13 14:38:46 /home/bryan/repos/skripsi/backend/setup/setup.go:78
[1.385ms] [rows:0] SELECT description FROM pg_catalog.pg_description WHERE objsubid = (SELECT ordinal_position FROM information_schema.columns WHERE table_schema = CURRENT_SCHEMA() AND table_name = 'reduce_slots' AND column_name = 'slot_id') AND objoid = (SELECT oid FROM pg_catalog.pg_class WHERE relname = 'reduce_slots' AND relnamespace = (SELECT oid FROM pg_catalog.pg_namespace WHERE nspname = CURRENT_SCHEMA()))

2025/02/13 14:38:46 /home/bryan/repos/skripsi/backend/setup/setup.go:78
[1.278ms] [rows:0] SELECT description FROM pg_catalog.pg_description WHERE objsubid = (SELECT ordinal_position FROM information_schema.columns WHERE table_schema = CURRENT_SCHEMA() AND table_name = 'reduce_slots' AND column_name = 'reduced_count') AND objoid = (SELECT oid FROM pg_catalog.pg_class WHERE relname = 'reduce_slots' AND relnamespace = (SELECT oid FROM pg_catalog.pg_namespace WHERE nspname = CURRENT_SCHEMA()))

2025/02/13 14:38:46 /home/bryan/repos/skripsi/backend/setup/setup.go:78
[1.399ms] [rows:0] SELECT description FROM pg_catalog.pg_description WHERE objsubid = (SELECT ordinal_position FROM information_schema.columns WHERE table_schema = CURRENT_SCHEMA() AND table_name = 'reduce_slots' AND column_name = 'target_date') AND objoid = (SELECT oid FROM pg_catalog.pg_class WHERE relname = 'reduce_slots' AND relnamespace = (SELECT oid FROM pg_catalog.pg_namespace WHERE nspname = CURRENT_SCHEMA()))

2025/02/13 14:38:46 /home/bryan/repos/skripsi/backend/setup/setup.go:78
[1.054ms] [rows:1] SELECT count(*) FROM information_schema.tables WHERE table_schema = CURRENT_SCHEMA() AND table_name = 'booked_slots_dailies' AND table_type = 'BASE TABLE'

2025/02/13 14:38:46 /home/bryan/repos/skripsi/backend/setup/setup.go:78
[0.790ms] [rows:1] SELECT CURRENT_DATABASE()

2025/02/13 14:38:46 /home/bryan/repos/skripsi/backend/setup/setup.go:78
[3.164ms] [rows:-] SELECT c.column_name, c.is_nullable = 'YES', c.udt_name, c.character_maximum_length, c.numeric_precision, c.numeric_precision_radix, c.numeric_scale, c.datetime_precision, 8 * typlen, c.column_default, pd.description, c.identity_increment FROM information_schema.columns AS c JOIN pg_type AS pgt ON c.udt_name = pgt.typname LEFT JOIN pg_catalog.pg_description as pd ON pd.objsubid = c.ordinal_position AND pd.objoid = (SELECT oid FROM pg_catalog.pg_class WHERE relname = c.table_name AND relnamespace = (SELECT oid FROM pg_catalog.pg_namespace WHERE nspname = c.table_schema)) where table_catalog = $1$ AND table_schema = CURRENT_SCHEMA() AND table_name = $2$

2025/02/13 14:38:46 /home/bryan/repos/skripsi/backend/setup/setup.go:78
[1.503ms] [rows:-] SELECT * FROM "booked_slots_dailies" LIMIT $1$

2025/02/13 14:38:46 /home/bryan/repos/skripsi/backend/setup/setup.go:78
[2.477ms] [rows:-] SELECT constraint_name FROM information_schema.table_constraints tc JOIN information_schema.constraint_column_usage AS ccu USING (constraint_schema, constraint_catalog, table_name, constraint_name) JOIN information_schema.columns AS c ON c.table_schema = tc.constraint_schema AND tc.table_name = c.table_name AND ccu.column_name = c.column_name WHERE constraint_type IN ('PRIMARY KEY', 'UNIQUE') AND c.table_catalog = $1$ AND c.table_schema = CURRENT_SCHEMA() AND c.table_name = $2$ AND constraint_type = $3$

2025/02/13 14:38:46 /home/bryan/repos/skripsi/backend/setup/setup.go:78
[2.451ms] [rows:-] SELECT c.column_name, constraint_name, constraint_type FROM information_schema.table_constraints tc JOIN information_schema.constraint_column_usage AS ccu USING (constraint_schema, constraint_catalog, table_name, constraint_name) JOIN information_schema.columns AS c ON c.table_schema = tc.constraint_schema AND tc.table_name = c.table_name AND ccu.column_name = c.column_name WHERE constraint_type IN ('PRIMARY KEY', 'UNIQUE') AND c.table_catalog = $1$ AND c.table_schema = CURRENT_SCHEMA() AND c.table_name = $2$

2025/02/13 14:38:46 /home/bryan/repos/skripsi/backend/setup/setup.go:78
[1.022ms] [rows:-] SELECT a.attname as column_name, format_type(a.atttypid, a.atttypmod) AS data_type
		FROM pg_attribute a JOIN pg_class b ON a.attrelid = b.oid AND relnamespace = (SELECT oid FROM pg_catalog.pg_namespace WHERE nspname = CURRENT_SCHEMA())
		WHERE a.attnum > 0 -- hide internal columns
		AND NOT a.attisdropped -- hide deleted columns
		AND b.relname = $1$

2025/02/13 14:38:46 /home/bryan/repos/skripsi/backend/setup/setup.go:78
[1.434ms] [rows:0] SELECT description FROM pg_catalog.pg_description WHERE objsubid = (SELECT ordinal_position FROM information_schema.columns WHERE table_schema = CURRENT_SCHEMA() AND table_name = 'booked_slots_dailies' AND column_name = 'id') AND objoid = (SELECT oid FROM pg_catalog.pg_class WHERE relname = 'booked_slots_dailies' AND relnamespace = (SELECT oid FROM pg_catalog.pg_namespace WHERE nspname = CURRENT_SCHEMA()))

2025/02/13 14:38:46 /home/bryan/repos/skripsi/backend/setup/setup.go:78
[1.466ms] [rows:0] SELECT description FROM pg_catalog.pg_description WHERE objsubid = (SELECT ordinal_position FROM information_schema.columns WHERE table_schema = CURRENT_SCHEMA() AND table_name = 'booked_slots_dailies' AND column_name = 'daycare_id') AND objoid = (SELECT oid FROM pg_catalog.pg_class WHERE relname = 'booked_slots_dailies' AND relnamespace = (SELECT oid FROM pg_catalog.pg_namespace WHERE nspname = CURRENT_SCHEMA()))

2025/02/13 14:38:46 /home/bryan/repos/skripsi/backend/setup/setup.go:78
[1.389ms] [rows:0] SELECT description FROM pg_catalog.pg_description WHERE objsubid = (SELECT ordinal_position FROM information_schema.columns WHERE table_schema = CURRENT_SCHEMA() AND table_name = 'booked_slots_dailies' AND column_name = 'date') AND objoid = (SELECT oid FROM pg_catalog.pg_class WHERE relname = 'booked_slots_dailies' AND relnamespace = (SELECT oid FROM pg_catalog.pg_namespace WHERE nspname = CURRENT_SCHEMA()))

2025/02/13 14:38:46 /home/bryan/repos/skripsi/backend/setup/setup.go:78
[1.584ms] [rows:0] SELECT description FROM pg_catalog.pg_description WHERE objsubid = (SELECT ordinal_position FROM information_schema.columns WHERE table_schema = CURRENT_SCHEMA() AND table_name = 'booked_slots_dailies' AND column_name = 'slot_count') AND objoid = (SELECT oid FROM pg_catalog.pg_class WHERE relname = 'booked_slots_dailies' AND relnamespace = (SELECT oid FROM pg_catalog.pg_namespace WHERE nspname = CURRENT_SCHEMA()))

2025/02/13 14:38:46 /home/bryan/repos/skripsi/backend/setup/setup.go:78
[1.091ms] [rows:1] SELECT count(*) FROM pg_indexes WHERE tablename = 'booked_slots_dailies' AND indexname = 'idx_booked_slots_dailies_date' AND schemaname = CURRENT_SCHEMA()
[GIN-debug] [WARNING] Creating an Engine instance with the Logger and Recovery middleware already attached.

[GIN-debug] [WARNING] Running in "debug" mode. Switch to "release" mode in production.
 - using env:	export GIN_MODE=release
 - using code:	gin.SetMode(gin.ReleaseMode)

[GIN-debug] GET    /assets/*filepath         --> github.com/gin-gonic/gin.(*RouterGroup).createStaticHandler.func1 (3 handlers)
[GIN-debug] HEAD   /assets/*filepath         --> github.com/gin-gonic/gin.(*RouterGroup).createStaticHandler.func1 (3 handlers)
[GIN-debug] POST   /users                    --> github.com/BryanEgbert/skripsi/controller.(*UserController).CreateUser-fm (3 handlers)
[GIN-debug] GET    /users/vets               --> github.com/BryanEgbert/skripsi/controller.(*UserController).GetVets-fm (4 handlers)
[GIN-debug] GET    /users/:id                --> github.com/BryanEgbert/skripsi/controller.(*UserController).GetUser-fm (4 handlers)
[GIN-debug] DELETE /users                    --> github.com/BryanEgbert/skripsi/controller.(*UserController).DeleteUser-fm (4 handlers)
[GIN-debug] PUT    /users                    --> github.com/BryanEgbert/skripsi/controller.(*UserController).UpdateUserProfile-fm (4 handlers)
[GIN-debug] PATCH  /users/password           --> github.com/BryanEgbert/skripsi/controller.(*UserController).UpdateUserPassword-fm (4 handlers)
[GIN-debug] POST   /login                    --> github.com/BryanEgbert/skripsi/controller.(*AuthController).Login-fm (3 handlers)
[GIN-debug] POST   /refresh                  --> github.com/BryanEgbert/skripsi/controller.(*AuthController).RefreshToken-fm (4 handlers)
[GIN-debug] GET    /pets/:id                 --> github.com/BryanEgbert/skripsi/controller.(*PetController).GetPet-fm (4 handlers)
[GIN-debug] GET    /pets                     --> github.com/BryanEgbert/skripsi/controller.(*PetController).GetPets-fm (4 handlers)
[GIN-debug] POST   /pets                     --> github.com/BryanEgbert/skripsi/controller.(*PetController).CreatePet-fm (4 handlers)
[GIN-debug] PUT    /pets/:id                 --> github.com/BryanEgbert/skripsi/controller.(*PetController).UpdatePet-fm (4 handlers)
[GIN-debug] DELETE /pets/:id                 --> github.com/BryanEgbert/skripsi/controller.(*PetController).DeletePet-fm (4 handlers)
[GIN-debug] PATCH  /daycare/slot/:slotId     --> github.com/BryanEgbert/skripsi/controller.(*PetDaycareController).EditSlotCount-fm (4 handlers)
[GIN-debug] GET    /daycare/:id/slot         --> github.com/BryanEgbert/skripsi/controller.(*PetDaycareController).GetPetDaycareSlots-fm (4 handlers)
[GIN-debug] POST   /daycare/:id/slot         --> github.com/BryanEgbert/skripsi/controller.(*PetDaycareController).CreateSlot-fm (4 handlers)
[GIN-debug] GET    /daycare/:id/review       --> github.com/BryanEgbert/skripsi/controller.(*PetDaycareController).GetReviews-fm (4 handlers)
[GIN-debug] POST   /daycare/:id/review       --> github.com/BryanEgbert/skripsi/controller.(*PetDaycareController).CreateReview-fm (4 handlers)
[GIN-debug] DELETE /daycare/:id/review       --> github.com/BryanEgbert/skripsi/controller.(*PetDaycareController).DeleteReview-fm (4 handlers)
[GIN-debug] GET    /daycare/:id              --> github.com/BryanEgbert/skripsi/controller.(*PetDaycareController).GetPetDaycare-fm (4 handlers)
[GIN-debug] GET    /daycare                  --> github.com/BryanEgbert/skripsi/controller.(*PetDaycareController).GetPetDaycares-fm (4 handlers)
[GIN-debug] POST   /daycare                  --> github.com/BryanEgbert/skripsi/controller.(*PetDaycareController).CreatePetDaycare-fm (4 handlers)
[GIN-debug] PUT    /daycare/:id              --> github.com/BryanEgbert/skripsi/controller.(*PetDaycareController).UpdatePetDaycare-fm (4 handlers)
[GIN-debug] DELETE /daycare/:id              --> github.com/BryanEgbert/skripsi/controller.(*PetDaycareController).DeletePetDaycare-fm (4 handlers)

2025/02/13 14:38:46 /home/bryan/repos/skripsi/backend/service/pet_daycare_service.go:57
[1.735ms] [rows:1] SELECT * FROM "daily_playtimes" WHERE "daily_playtimes"."id" = $1$

2025/02/13 14:38:46 /home/bryan/repos/skripsi/backend/service/pet_daycare_service.go:57
[1.540ms] [rows:1] SELECT * FROM "daily_walks" WHERE "daily_walks"."id" = $1$

2025/02/13 14:38:46 /home/bryan/repos/skripsi/backend/service/pet_daycare_service.go:57
[1.825ms] [rows:1] SELECT * FROM "users" WHERE "users"."id" = $1$ AND "users"."deleted_at" IS NULL

2025/02/13 14:38:46 /home/bryan/repos/skripsi/backend/service/pet_daycare_service.go:57
[1.651ms] [rows:2] SELECT * FROM "reviews" WHERE "reviews"."daycare_id" = $1$ AND "reviews"."deleted_at" IS NULL

2025/02/13 14:38:46 /home/bryan/repos/skripsi/backend/service/pet_daycare_service.go:57
[1.383ms] [rows:1] SELECT * FROM "thumbnails" WHERE "thumbnails"."daycare_id" = $1$

2025/02/13 14:38:46 /home/bryan/repos/skripsi/backend/service/pet_daycare_service.go:57
[10.320ms] [rows:1] SELECT * FROM "pet_daycares" WHERE "pet_daycares"."id" = $1$ AND "pet_daycares"."deleted_at" IS NULL
[GIN] 2025/02/13 - 14:38:46 | 200 |   10.445302ms |                 | GET      "/daycare/2?lat=0.000000&long=0.000000"
    pet_daycare_test.go:165: pet daycare:
        {ID:2 Name:DOG Daycare Jakarta Address:Jl. Abdul Majid Raya No.31, Cipete Sel., Kec. Cilandak, Kota Jakarta Selatan, Daerah Khusus Ibukota Jakarta 12410 Distance:0 Price:150000 PricingType:day Description:DOG daycare jakarta desc BookedNum:1 AverageRating:4.5 RatingCount:2 HasPickupService:false MustBeVaccinated:false GroomingAvailable:true FoodProvided:true FoodBrand:Pedigree CreatedAt: Owner:{ID:3 Name:Jane Smith Daycare2 Email:daycare@example.com ImageUrl:test.com/image/test.jpeg RoleID:2 VetSpecialty:<nil> CreatedAt:} DailyWalks:{ID:2 Name:one walk a day} DailyPlaytime:{ID:4 Name:more than two play session a day} ThumbnailURLs:[test.com/image/thumbnail2.jpg]}
=== RUN   TestGetPetDaycare/On_get_pet_daycare,_should_return_error_if_ID_doesn't_exists_in_DB

2025/02/13 14:38:46 /home/bryan/repos/skripsi/backend/setup/setup.go:60
[175.040ms] [rows:0] TRUNCATE TABLE users, vet_specialties, user_vet_specialties, pet_daycares, pets, size_categories, roles, slots, booked_slots, thumbnails, species, reviews, refresh_tokens, transactions, daily_walks, daily_playtimes, reduce_slots RESTART IDENTITY CASCADE;

2025/02/13 14:38:46 /home/bryan/repos/skripsi/backend/seeder/seeder.go:18
[7.272ms] [rows:3] INSERT INTO "roles" ("name","id") VALUES ($1$,$2$),($3$,$4$),($5$,$6$) RETURNING "id"

2025/02/13 14:38:46 /home/bryan/repos/skripsi/backend/seeder/seeder.go:29
[4.883ms] [rows:4] INSERT INTO "daily_walks" ("name","id") VALUES ($1$,$2$),($3$,$4$),($5$,$6$),($7$,$8$) RETURNING "id"

2025/02/13 14:38:46 /home/bryan/repos/skripsi/backend/seeder/seeder.go:39
[4.632ms] [rows:4] INSERT INTO "daily_playtimes" ("name","id") VALUES ($1$,$2$),($3$,$4$),($5$,$6$),($7$,$8$) RETURNING "id"

2025/02/13 14:38:46 /home/bryan/repos/skripsi/backend/seeder/seeder.go:61
[5.377ms] [rows:17] INSERT INTO "vet_specialties" ("name") VALUES ($1$),($2$),($3$),($4$),($5$),($6$),($7$),($8$),($9$),($10$),($11$),($12$),($13$),($14$),($15$),($16$),($17$) RETURNING "id"

2025/02/13 14:38:46 /home/bryan/repos/skripsi/backend/seeder/seeder.go:71
[4.620ms] [rows:3] INSERT INTO "species" ("name") VALUES ($1$),($2$),($3$) RETURNING "id"

2025/02/13 14:38:46 /home/bryan/repos/skripsi/backend/seeder/seeder.go:83
[4.817ms] [rows:5] INSERT INTO "size_categories" ("name","min_weight","max_weight") VALUES ($1$,$2$,$3$),($4$,$5$,$6$),($7$,$8$,$9$),($10$,$11$,$12$),($13$,$14$,$15$) RETURNING "id"

2025/02/13 14:38:46 /home/bryan/repos/skripsi/backend/seeder/seeder.go:106
[1.839ms] [rows:0] INSERT INTO "vet_specialties" ("name","id") VALUES ($1$,$2$),($3$,$4$),($5$,$6$) ON CONFLICT DO NOTHING RETURNING "id"

2025/02/13 14:38:46 /home/bryan/repos/skripsi/backend/seeder/seeder.go:106
[2.870ms] [rows:3] INSERT INTO "user_vet_specialties" ("user_id","vet_specialty_id") VALUES ($1$,$2$),($3$,$4$),($5$,$6$) ON CONFLICT DO NOTHING

2025/02/13 14:38:46 /home/bryan/repos/skripsi/backend/seeder/seeder.go:106
[12.553ms] [rows:6] INSERT INTO "users" ("created_at","updated_at","deleted_at","name","email","password","role_id","image_url") VALUES ($1$,$2$,$3$,$4$,$5$,$6$,$7$,$8$),($9$,$10$,$11$,$12$,$13$,$14$,$15$,$16$),($17$,$18$,$19$,$20$,$21$,$22$,$23$,$24$),($25$,$26$,$27$,$28$,$29$,$30$,$31$,$32$),($33$,$34$,$35$,$36$,$37$,$38$,$39$,DEFAULT),($40$,$41$,$42$,$43$,$44$,$45$,$46$,$47$) RETURNING "id","image_url"

2025/02/13 14:38:46 /home/bryan/repos/skripsi/backend/seeder/seeder.go:148
[1.464ms] [rows:0] INSERT INTO "daily_walks" ("name","id") VALUES ($1$,$2$) ON CONFLICT DO NOTHING RETURNING "id"

2025/02/13 14:38:46 /home/bryan/repos/skripsi/backend/seeder/seeder.go:148
[1.481ms] [rows:0] INSERT INTO "daily_playtimes" ("name","id") VALUES ($1$,$2$),($3$,$4$) ON CONFLICT DO NOTHING RETURNING "id"

2025/02/13 14:38:46 /home/bryan/repos/skripsi/backend/seeder/seeder.go:148
[9.890ms] [rows:3] INSERT INTO "pet_daycares" ("created_at","updated_at","deleted_at","name","address","latitude","longitude","price","pricing_type","description","has_pickup_service","must_be_vaccinated","food_provided","grooming_available","booked_num","daily_walks_id","daily_playtime_id","owner_id","food_brand") VALUES ($1$,$2$,$3$,$4$,$5$,$6$,$7$,$8$,$9$,$10$,$11$,$12$,$13$,$14$,$15$,$16$,$17$,$18$,$19$),($20$,$21$,$22$,$23$,$24$,$25$,$26$,$27$,$28$,$29$,$30$,$31$,$32$,$33$,$34$,$35$,$36$,$37$,$38$),($39$,$40$,$41$,$42$,$43$,$44$,$45$,$46$,$47$,$48$,$49$,$50$,$51$,$52$,$53$,$54$,$55$,$56$,$57$) RETURNING "id"

2025/02/13 14:38:46 /home/bryan/repos/skripsi/backend/seeder/seeder.go:158
[5.501ms] [rows:3] INSERT INTO "slots" ("created_at","updated_at","deleted_at","daycare_id","species_id","size_category_id","max_number") VALUES ($1$,$2$,$3$,$4$,$5$,$6$,$7$),($8$,$9$,$10$,$11$,$12$,$13$,$14$),($15$,$16$,$17$,$18$,$19$,$20$,$21$) RETURNING "id"

2025/02/13 14:38:46 /home/bryan/repos/skripsi/backend/seeder/seeder.go:172
[5.148ms] [rows:2] INSERT INTO "pets" ("created_at","updated_at","deleted_at","name","image_url","status","owner_id","species_id","size_id") VALUES ($1$,$2$,$3$,$4$,$5$,$6$,$7$,$8$,$9$),($10$,$11$,$12$,$13$,$14$,$15$,$16$,$17$,$18$) RETURNING "id"

2025/02/13 14:38:46 /home/bryan/repos/skripsi/backend/seeder/seeder.go:189
[5.767ms] [rows:2] INSERT INTO "booked_slots" ("created_at","updated_at","deleted_at","user_id","daycare_id","pet_id","start_date","end_date") VALUES ($1$,$2$,$3$,$4$,$5$,$6$,$7$,$8$),($9$,$10$,$11$,$12$,$13$,$14$,$15$,$16$) RETURNING "id"

2025/02/13 14:38:46 /home/bryan/repos/skripsi/backend/seeder/seeder.go:205
[6.321ms] [rows:3] INSERT INTO "reviews" ("created_at","updated_at","deleted_at","daycare_id","user_id","name","rate","description") VALUES ($1$,$2$,$3$,$4$,$5$,$6$,$7$,$8$),($9$,$10$,$11$,$12$,$13$,$14$,$15$,$16$),($17$,$18$,$19$,$20$,$21$,$22$,$23$,$24$) RETURNING "id"

2025/02/13 14:38:46 /home/bryan/repos/skripsi/backend/seeder/seeder.go:213
[4.584ms] [rows:1] INSERT INTO "reduce_slots" ("slot_id","reduced_count","target_date") VALUES ($1$,$2$,$3$) RETURNING "id"

2025/02/13 14:38:46 /home/bryan/repos/skripsi/backend/seeder/seeder.go:222
[5.000ms] [rows:2] INSERT INTO "thumbnails" ("daycare_id","image_url") VALUES ($1$,$2$),($3$,$4$) RETURNING "id"

2025/02/13 14:38:46 /home/bryan/repos/skripsi/backend/seeder/seeder.go:230
[5.534ms] [rows:1] INSERT INTO "transactions" ("pet_daycare_id","booked_slot_id","status") VALUES ($1$,$2$,$3$) RETURNING "created_at","id"

2025/02/13 14:38:46 /home/bryan/repos/skripsi/backend/setup/setup.go:78
[14.168ms] [rows:1] SELECT count(*) FROM information_schema.tables WHERE table_schema = CURRENT_SCHEMA() AND table_name = 'roles' AND table_type = 'BASE TABLE'

2025/02/13 14:38:46 /home/bryan/repos/skripsi/backend/setup/setup.go:78
[1.369ms] [rows:1] SELECT CURRENT_DATABASE()

2025/02/13 14:38:46 /home/bryan/repos/skripsi/backend/setup/setup.go:78
[33.162ms] [rows:-] SELECT c.column_name, c.is_nullable = 'YES', c.udt_name, c.character_maximum_length, c.numeric_precision, c.numeric_precision_radix, c.numeric_scale, c.datetime_precision, 8 * typlen, c.column_default, pd.description, c.identity_increment FROM information_schema.columns AS c JOIN pg_type AS pgt ON c.udt_name = pgt.typname LEFT JOIN pg_catalog.pg_description as pd ON pd.objsubid = c.ordinal_position AND pd.objoid = (SELECT oid FROM pg_catalog.pg_class WHERE relname = c.table_name AND relnamespace = (SELECT oid FROM pg_catalog.pg_namespace WHERE nspname = c.table_schema)) where table_catalog = $1$ AND table_schema = CURRENT_SCHEMA() AND table_name = $2$

2025/02/13 14:38:46 /home/bryan/repos/skripsi/backend/setup/setup.go:78
[0.797ms] [rows:-] SELECT * FROM "roles" LIMIT $1$

2025/02/13 14:38:46 /home/bryan/repos/skripsi/backend/setup/setup.go:78
[22.736ms] [rows:-] SELECT constraint_name FROM information_schema.table_constraints tc JOIN information_schema.constraint_column_usage AS ccu USING (constraint_schema, constraint_catalog, table_name, constraint_name) JOIN information_schema.columns AS c ON c.table_schema = tc.constraint_schema AND tc.table_name = c.table_name AND ccu.column_name = c.column_name WHERE constraint_type IN ('PRIMARY KEY', 'UNIQUE') AND c.table_catalog = $1$ AND c.table_schema = CURRENT_SCHEMA() AND c.table_name = $2$ AND constraint_type = $3$

2025/02/13 14:38:46 /home/bryan/repos/skripsi/backend/setup/setup.go:78
[18.689ms] [rows:-] SELECT c.column_name, constraint_name, constraint_type FROM information_schema.table_constraints tc JOIN information_schema.constraint_column_usage AS ccu USING (constraint_schema, constraint_catalog, table_name, constraint_name) JOIN information_schema.columns AS c ON c.table_schema = tc.constraint_schema AND tc.table_name = c.table_name AND ccu.column_name = c.column_name WHERE constraint_type IN ('PRIMARY KEY', 'UNIQUE') AND c.table_catalog = $1$ AND c.table_schema = CURRENT_SCHEMA() AND c.table_name = $2$

2025/02/13 14:38:46 /home/bryan/repos/skripsi/backend/setup/setup.go:78
[2.557ms] [rows:-] SELECT a.attname as column_name, format_type(a.atttypid, a.atttypmod) AS data_type
		FROM pg_attribute a JOIN pg_class b ON a.attrelid = b.oid AND relnamespace = (SELECT oid FROM pg_catalog.pg_namespace WHERE nspname = CURRENT_SCHEMA())
		WHERE a.attnum > 0 -- hide internal columns
		AND NOT a.attisdropped -- hide deleted columns
		AND b.relname = $1$

2025/02/13 14:38:46 /home/bryan/repos/skripsi/backend/setup/setup.go:78
[10.266ms] [rows:0] SELECT description FROM pg_catalog.pg_description WHERE objsubid = (SELECT ordinal_position FROM information_schema.columns WHERE table_schema = CURRENT_SCHEMA() AND table_name = 'roles' AND column_name = 'id') AND objoid = (SELECT oid FROM pg_catalog.pg_class WHERE relname = 'roles' AND relnamespace = (SELECT oid FROM pg_catalog.pg_namespace WHERE nspname = CURRENT_SCHEMA()))

2025/02/13 14:38:46 /home/bryan/repos/skripsi/backend/setup/setup.go:78
[7.616ms] [rows:0] SELECT description FROM pg_catalog.pg_description WHERE objsubid = (SELECT ordinal_position FROM information_schema.columns WHERE table_schema = CURRENT_SCHEMA() AND table_name = 'roles' AND column_name = 'name') AND objoid = (SELECT oid FROM pg_catalog.pg_class WHERE relname = 'roles' AND relnamespace = (SELECT oid FROM pg_catalog.pg_namespace WHERE nspname = CURRENT_SCHEMA()))

2025/02/13 14:38:46 /home/bryan/repos/skripsi/backend/setup/setup.go:78
[2.446ms] [rows:1] SELECT count(*) FROM information_schema.tables WHERE table_schema = CURRENT_SCHEMA() AND table_name = 'users' AND table_type = 'BASE TABLE'

2025/02/13 14:38:46 /home/bryan/repos/skripsi/backend/setup/setup.go:78
[0.926ms] [rows:1] SELECT CURRENT_DATABASE()

2025/02/13 14:38:46 /home/bryan/repos/skripsi/backend/setup/setup.go:78
[11.839ms] [rows:-] SELECT c.column_name, c.is_nullable = 'YES', c.udt_name, c.character_maximum_length, c.numeric_precision, c.numeric_precision_radix, c.numeric_scale, c.datetime_precision, 8 * typlen, c.column_default, pd.description, c.identity_increment FROM information_schema.columns AS c JOIN pg_type AS pgt ON c.udt_name = pgt.typname LEFT JOIN pg_catalog.pg_description as pd ON pd.objsubid = c.ordinal_position AND pd.objoid = (SELECT oid FROM pg_catalog.pg_class WHERE relname = c.table_name AND relnamespace = (SELECT oid FROM pg_catalog.pg_namespace WHERE nspname = c.table_schema)) where table_catalog = $1$ AND table_schema = CURRENT_SCHEMA() AND table_name = $2$

2025/02/13 14:38:46 /home/bryan/repos/skripsi/backend/setup/setup.go:78
[0.991ms] [rows:-] SELECT * FROM "users" LIMIT $1$

2025/02/13 14:38:46 /home/bryan/repos/skripsi/backend/setup/setup.go:78
[18.027ms] [rows:-] SELECT constraint_name FROM information_schema.table_constraints tc JOIN information_schema.constraint_column_usage AS ccu USING (constraint_schema, constraint_catalog, table_name, constraint_name) JOIN information_schema.columns AS c ON c.table_schema = tc.constraint_schema AND tc.table_name = c.table_name AND ccu.column_name = c.column_name WHERE constraint_type IN ('PRIMARY KEY', 'UNIQUE') AND c.table_catalog = $1$ AND c.table_schema = CURRENT_SCHEMA() AND c.table_name = $2$ AND constraint_type = $3$

2025/02/13 14:38:46 /home/bryan/repos/skripsi/backend/setup/setup.go:78
[17.051ms] [rows:-] SELECT c.column_name, constraint_name, constraint_type FROM information_schema.table_constraints tc JOIN information_schema.constraint_column_usage AS ccu USING (constraint_schema, constraint_catalog, table_name, constraint_name) JOIN information_schema.columns AS c ON c.table_schema = tc.constraint_schema AND tc.table_name = c.table_name AND ccu.column_name = c.column_name WHERE constraint_type IN ('PRIMARY KEY', 'UNIQUE') AND c.table_catalog = $1$ AND c.table_schema = CURRENT_SCHEMA() AND c.table_name = $2$

2025/02/13 14:38:46 /home/bryan/repos/skripsi/backend/setup/setup.go:78
[1.926ms] [rows:-] SELECT a.attname as column_name, format_type(a.atttypid, a.atttypmod) AS data_type
		FROM pg_attribute a JOIN pg_class b ON a.attrelid = b.oid AND relnamespace = (SELECT oid FROM pg_catalog.pg_namespace WHERE nspname = CURRENT_SCHEMA())
		WHERE a.attnum > 0 -- hide internal columns
		AND NOT a.attisdropped -- hide deleted columns
		AND b.relname = $1$

2025/02/13 14:38:46 /home/bryan/repos/skripsi/backend/setup/setup.go:78
[5.701ms] [rows:0] SELECT description FROM pg_catalog.pg_description WHERE objsubid = (SELECT ordinal_position FROM information_schema.columns WHERE table_schema = CURRENT_SCHEMA() AND table_name = 'users' AND column_name = 'id') AND objoid = (SELECT oid FROM pg_catalog.pg_class WHERE relname = 'users' AND relnamespace = (SELECT oid FROM pg_catalog.pg_namespace WHERE nspname = CURRENT_SCHEMA()))

2025/02/13 14:38:46 /home/bryan/repos/skripsi/backend/setup/setup.go:78
[5.867ms] [rows:0] SELECT description FROM pg_catalog.pg_description WHERE objsubid = (SELECT ordinal_position FROM information_schema.columns WHERE table_schema = CURRENT_SCHEMA() AND table_name = 'users' AND column_name = 'created_at') AND objoid = (SELECT oid FROM pg_catalog.pg_class WHERE relname = 'users' AND relnamespace = (SELECT oid FROM pg_catalog.pg_namespace WHERE nspname = CURRENT_SCHEMA()))

2025/02/13 14:38:46 /home/bryan/repos/skripsi/backend/setup/setup.go:78
[5.907ms] [rows:0] SELECT description FROM pg_catalog.pg_description WHERE objsubid = (SELECT ordinal_position FROM information_schema.columns WHERE table_schema = CURRENT_SCHEMA() AND table_name = 'users' AND column_name = 'updated_at') AND objoid = (SELECT oid FROM pg_catalog.pg_class WHERE relname = 'users' AND relnamespace = (SELECT oid FROM pg_catalog.pg_namespace WHERE nspname = CURRENT_SCHEMA()))

2025/02/13 14:38:47 /home/bryan/repos/skripsi/backend/setup/setup.go:78
[5.700ms] [rows:0] SELECT description FROM pg_catalog.pg_description WHERE objsubid = (SELECT ordinal_position FROM information_schema.columns WHERE table_schema = CURRENT_SCHEMA() AND table_name = 'users' AND column_name = 'deleted_at') AND objoid = (SELECT oid FROM pg_catalog.pg_class WHERE relname = 'users' AND relnamespace = (SELECT oid FROM pg_catalog.pg_namespace WHERE nspname = CURRENT_SCHEMA()))

2025/02/13 14:38:47 /home/bryan/repos/skripsi/backend/setup/setup.go:78
[1.606ms] [rows:0] SELECT description FROM pg_catalog.pg_description WHERE objsubid = (SELECT ordinal_position FROM information_schema.columns WHERE table_schema = CURRENT_SCHEMA() AND table_name = 'users' AND column_name = 'name') AND objoid = (SELECT oid FROM pg_catalog.pg_class WHERE relname = 'users' AND relnamespace = (SELECT oid FROM pg_catalog.pg_namespace WHERE nspname = CURRENT_SCHEMA()))

2025/02/13 14:38:47 /home/bryan/repos/skripsi/backend/setup/setup.go:78
[1.263ms] [rows:0] SELECT description FROM pg_catalog.pg_description WHERE objsubid = (SELECT ordinal_position FROM information_schema.columns WHERE table_schema = CURRENT_SCHEMA() AND table_name = 'users' AND column_name = 'email') AND objoid = (SELECT oid FROM pg_catalog.pg_class WHERE relname = 'users' AND relnamespace = (SELECT oid FROM pg_catalog.pg_namespace WHERE nspname = CURRENT_SCHEMA()))

2025/02/13 14:38:47 /home/bryan/repos/skripsi/backend/setup/setup.go:78
[1.537ms] [rows:0] SELECT description FROM pg_catalog.pg_description WHERE objsubid = (SELECT ordinal_position FROM information_schema.columns WHERE table_schema = CURRENT_SCHEMA() AND table_name = 'users' AND column_name = 'password') AND objoid = (SELECT oid FROM pg_catalog.pg_class WHERE relname = 'users' AND relnamespace = (SELECT oid FROM pg_catalog.pg_namespace WHERE nspname = CURRENT_SCHEMA()))

2025/02/13 14:38:47 /home/bryan/repos/skripsi/backend/setup/setup.go:78
[1.370ms] [rows:0] SELECT description FROM pg_catalog.pg_description WHERE objsubid = (SELECT ordinal_position FROM information_schema.columns WHERE table_schema = CURRENT_SCHEMA() AND table_name = 'users' AND column_name = 'image_url') AND objoid = (SELECT oid FROM pg_catalog.pg_class WHERE relname = 'users' AND relnamespace = (SELECT oid FROM pg_catalog.pg_namespace WHERE nspname = CURRENT_SCHEMA()))

2025/02/13 14:38:47 /home/bryan/repos/skripsi/backend/setup/setup.go:78
[1.537ms] [rows:0] SELECT description FROM pg_catalog.pg_description WHERE objsubid = (SELECT ordinal_position FROM information_schema.columns WHERE table_schema = CURRENT_SCHEMA() AND table_name = 'users' AND column_name = 'role_id') AND objoid = (SELECT oid FROM pg_catalog.pg_class WHERE relname = 'users' AND relnamespace = (SELECT oid FROM pg_catalog.pg_namespace WHERE nspname = CURRENT_SCHEMA()))

2025/02/13 14:38:47 /home/bryan/repos/skripsi/backend/setup/setup.go:78
[4.816ms] [rows:1] SELECT count(*) FROM INFORMATION_SCHEMA.table_constraints WHERE table_schema = CURRENT_SCHEMA() AND table_name = 'users' AND constraint_name = 'fk_roles_users'

2025/02/13 14:38:47 /home/bryan/repos/skripsi/backend/setup/setup.go:78
[5.705ms] [rows:1] SELECT count(*) FROM pg_indexes WHERE tablename = 'users' AND indexname = 'idx_users_deleted_at' AND schemaname = CURRENT_SCHEMA()

2025/02/13 14:38:47 /home/bryan/repos/skripsi/backend/setup/setup.go:78
[2.377ms] [rows:1] SELECT count(*) FROM information_schema.tables WHERE table_schema = CURRENT_SCHEMA() AND table_name = 'vet_specialties' AND table_type = 'BASE TABLE'

2025/02/13 14:38:47 /home/bryan/repos/skripsi/backend/setup/setup.go:78
[0.713ms] [rows:1] SELECT CURRENT_DATABASE()

2025/02/13 14:38:47 /home/bryan/repos/skripsi/backend/setup/setup.go:78
[12.231ms] [rows:-] SELECT c.column_name, c.is_nullable = 'YES', c.udt_name, c.character_maximum_length, c.numeric_precision, c.numeric_precision_radix, c.numeric_scale, c.datetime_precision, 8 * typlen, c.column_default, pd.description, c.identity_increment FROM information_schema.columns AS c JOIN pg_type AS pgt ON c.udt_name = pgt.typname LEFT JOIN pg_catalog.pg_description as pd ON pd.objsubid = c.ordinal_position AND pd.objoid = (SELECT oid FROM pg_catalog.pg_class WHERE relname = c.table_name AND relnamespace = (SELECT oid FROM pg_catalog.pg_namespace WHERE nspname = c.table_schema)) where table_catalog = $1$ AND table_schema = CURRENT_SCHEMA() AND table_name = $2$

2025/02/13 14:38:47 /home/bryan/repos/skripsi/backend/setup/setup.go:78
[0.946ms] [rows:-] SELECT * FROM "vet_specialties" LIMIT $1$

2025/02/13 14:38:47 /home/bryan/repos/skripsi/backend/setup/setup.go:78
[15.813ms] [rows:-] SELECT constraint_name FROM information_schema.table_constraints tc JOIN information_schema.constraint_column_usage AS ccu USING (constraint_schema, constraint_catalog, table_name, constraint_name) JOIN information_schema.columns AS c ON c.table_schema = tc.constraint_schema AND tc.table_name = c.table_name AND ccu.column_name = c.column_name WHERE constraint_type IN ('PRIMARY KEY', 'UNIQUE') AND c.table_catalog = $1$ AND c.table_schema = CURRENT_SCHEMA() AND c.table_name = $2$ AND constraint_type = $3$

2025/02/13 14:38:47 /home/bryan/repos/skripsi/backend/setup/setup.go:78
[15.729ms] [rows:-] SELECT c.column_name, constraint_name, constraint_type FROM information_schema.table_constraints tc JOIN information_schema.constraint_column_usage AS ccu USING (constraint_schema, constraint_catalog, table_name, constraint_name) JOIN information_schema.columns AS c ON c.table_schema = tc.constraint_schema AND tc.table_name = c.table_name AND ccu.column_name = c.column_name WHERE constraint_type IN ('PRIMARY KEY', 'UNIQUE') AND c.table_catalog = $1$ AND c.table_schema = CURRENT_SCHEMA() AND c.table_name = $2$

2025/02/13 14:38:47 /home/bryan/repos/skripsi/backend/setup/setup.go:78
[1.649ms] [rows:-] SELECT a.attname as column_name, format_type(a.atttypid, a.atttypmod) AS data_type
		FROM pg_attribute a JOIN pg_class b ON a.attrelid = b.oid AND relnamespace = (SELECT oid FROM pg_catalog.pg_namespace WHERE nspname = CURRENT_SCHEMA())
		WHERE a.attnum > 0 -- hide internal columns
		AND NOT a.attisdropped -- hide deleted columns
		AND b.relname = $1$

2025/02/13 14:38:47 /home/bryan/repos/skripsi/backend/setup/setup.go:78
[1.504ms] [rows:0] SELECT description FROM pg_catalog.pg_description WHERE objsubid = (SELECT ordinal_position FROM information_schema.columns WHERE table_schema = CURRENT_SCHEMA() AND table_name = 'vet_specialties' AND column_name = 'id') AND objoid = (SELECT oid FROM pg_catalog.pg_class WHERE relname = 'vet_specialties' AND relnamespace = (SELECT oid FROM pg_catalog.pg_namespace WHERE nspname = CURRENT_SCHEMA()))

2025/02/13 14:38:47 /home/bryan/repos/skripsi/backend/setup/setup.go:78
[1.392ms] [rows:0] SELECT description FROM pg_catalog.pg_description WHERE objsubid = (SELECT ordinal_position FROM information_schema.columns WHERE table_schema = CURRENT_SCHEMA() AND table_name = 'vet_specialties' AND column_name = 'name') AND objoid = (SELECT oid FROM pg_catalog.pg_class WHERE relname = 'vet_specialties' AND relnamespace = (SELECT oid FROM pg_catalog.pg_namespace WHERE nspname = CURRENT_SCHEMA()))

2025/02/13 14:38:47 /home/bryan/repos/skripsi/backend/setup/setup.go:78
[2.186ms] [rows:1] SELECT count(*) FROM information_schema.tables WHERE table_schema = CURRENT_SCHEMA() AND table_name = 'user_vet_specialties' AND table_type = 'BASE TABLE'

2025/02/13 14:38:47 /home/bryan/repos/skripsi/backend/setup/setup.go:78
[0.828ms] [rows:1] SELECT CURRENT_DATABASE()

2025/02/13 14:38:47 /home/bryan/repos/skripsi/backend/setup/setup.go:78
[11.024ms] [rows:-] SELECT c.column_name, c.is_nullable = 'YES', c.udt_name, c.character_maximum_length, c.numeric_precision, c.numeric_precision_radix, c.numeric_scale, c.datetime_precision, 8 * typlen, c.column_default, pd.description, c.identity_increment FROM information_schema.columns AS c JOIN pg_type AS pgt ON c.udt_name = pgt.typname LEFT JOIN pg_catalog.pg_description as pd ON pd.objsubid = c.ordinal_position AND pd.objoid = (SELECT oid FROM pg_catalog.pg_class WHERE relname = c.table_name AND relnamespace = (SELECT oid FROM pg_catalog.pg_namespace WHERE nspname = c.table_schema)) where table_catalog = $1$ AND table_schema = CURRENT_SCHEMA() AND table_name = $2$

2025/02/13 14:38:47 /home/bryan/repos/skripsi/backend/setup/setup.go:78
[0.991ms] [rows:-] SELECT * FROM "user_vet_specialties" LIMIT $1$

2025/02/13 14:38:47 /home/bryan/repos/skripsi/backend/setup/setup.go:78
[15.933ms] [rows:-] SELECT constraint_name FROM information_schema.table_constraints tc JOIN information_schema.constraint_column_usage AS ccu USING (constraint_schema, constraint_catalog, table_name, constraint_name) JOIN information_schema.columns AS c ON c.table_schema = tc.constraint_schema AND tc.table_name = c.table_name AND ccu.column_name = c.column_name WHERE constraint_type IN ('PRIMARY KEY', 'UNIQUE') AND c.table_catalog = $1$ AND c.table_schema = CURRENT_SCHEMA() AND c.table_name = $2$ AND constraint_type = $3$

2025/02/13 14:38:47 /home/bryan/repos/skripsi/backend/setup/setup.go:78
[15.860ms] [rows:-] SELECT c.column_name, constraint_name, constraint_type FROM information_schema.table_constraints tc JOIN information_schema.constraint_column_usage AS ccu USING (constraint_schema, constraint_catalog, table_name, constraint_name) JOIN information_schema.columns AS c ON c.table_schema = tc.constraint_schema AND tc.table_name = c.table_name AND ccu.column_name = c.column_name WHERE constraint_type IN ('PRIMARY KEY', 'UNIQUE') AND c.table_catalog = $1$ AND c.table_schema = CURRENT_SCHEMA() AND c.table_name = $2$

2025/02/13 14:38:47 /home/bryan/repos/skripsi/backend/setup/setup.go:78
[1.546ms] [rows:-] SELECT a.attname as column_name, format_type(a.atttypid, a.atttypmod) AS data_type
		FROM pg_attribute a JOIN pg_class b ON a.attrelid = b.oid AND relnamespace = (SELECT oid FROM pg_catalog.pg_namespace WHERE nspname = CURRENT_SCHEMA())
		WHERE a.attnum > 0 -- hide internal columns
		AND NOT a.attisdropped -- hide deleted columns
		AND b.relname = $1$

2025/02/13 14:38:47 /home/bryan/repos/skripsi/backend/setup/setup.go:78
[1.354ms] [rows:0] SELECT description FROM pg_catalog.pg_description WHERE objsubid = (SELECT ordinal_position FROM information_schema.columns WHERE table_schema = CURRENT_SCHEMA() AND table_name = 'user_vet_specialties' AND column_name = 'user_id') AND objoid = (SELECT oid FROM pg_catalog.pg_class WHERE relname = 'user_vet_specialties' AND relnamespace = (SELECT oid FROM pg_catalog.pg_namespace WHERE nspname = CURRENT_SCHEMA()))

2025/02/13 14:38:47 /home/bryan/repos/skripsi/backend/setup/setup.go:78
[1.331ms] [rows:0] SELECT description FROM pg_catalog.pg_description WHERE objsubid = (SELECT ordinal_position FROM information_schema.columns WHERE table_schema = CURRENT_SCHEMA() AND table_name = 'user_vet_specialties' AND column_name = 'vet_specialty_id') AND objoid = (SELECT oid FROM pg_catalog.pg_class WHERE relname = 'user_vet_specialties' AND relnamespace = (SELECT oid FROM pg_catalog.pg_namespace WHERE nspname = CURRENT_SCHEMA()))

2025/02/13 14:38:47 /home/bryan/repos/skripsi/backend/setup/setup.go:78
[3.643ms] [rows:1] SELECT count(*) FROM INFORMATION_SCHEMA.table_constraints WHERE table_schema = CURRENT_SCHEMA() AND table_name = 'user_vet_specialties' AND constraint_name = 'fk_user_vet_specialties_user'

2025/02/13 14:38:47 /home/bryan/repos/skripsi/backend/setup/setup.go:78
[3.643ms] [rows:1] SELECT count(*) FROM INFORMATION_SCHEMA.table_constraints WHERE table_schema = CURRENT_SCHEMA() AND table_name = 'user_vet_specialties' AND constraint_name = 'fk_user_vet_specialties_vet_specialty'

2025/02/13 14:38:47 /home/bryan/repos/skripsi/backend/setup/setup.go:78
[1.876ms] [rows:1] SELECT count(*) FROM information_schema.tables WHERE table_schema = CURRENT_SCHEMA() AND table_name = 'daily_playtimes' AND table_type = 'BASE TABLE'

2025/02/13 14:38:47 /home/bryan/repos/skripsi/backend/setup/setup.go:78
[0.748ms] [rows:1] SELECT CURRENT_DATABASE()

2025/02/13 14:38:47 /home/bryan/repos/skripsi/backend/setup/setup.go:78
[10.560ms] [rows:-] SELECT c.column_name, c.is_nullable = 'YES', c.udt_name, c.character_maximum_length, c.numeric_precision, c.numeric_precision_radix, c.numeric_scale, c.datetime_precision, 8 * typlen, c.column_default, pd.description, c.identity_increment FROM information_schema.columns AS c JOIN pg_type AS pgt ON c.udt_name = pgt.typname LEFT JOIN pg_catalog.pg_description as pd ON pd.objsubid = c.ordinal_position AND pd.objoid = (SELECT oid FROM pg_catalog.pg_class WHERE relname = c.table_name AND relnamespace = (SELECT oid FROM pg_catalog.pg_namespace WHERE nspname = c.table_schema)) where table_catalog = $1$ AND table_schema = CURRENT_SCHEMA() AND table_name = $2$

2025/02/13 14:38:47 /home/bryan/repos/skripsi/backend/setup/setup.go:78
[0.958ms] [rows:-] SELECT * FROM "daily_playtimes" LIMIT $1$

2025/02/13 14:38:47 /home/bryan/repos/skripsi/backend/setup/setup.go:78
[15.021ms] [rows:-] SELECT constraint_name FROM information_schema.table_constraints tc JOIN information_schema.constraint_column_usage AS ccu USING (constraint_schema, constraint_catalog, table_name, constraint_name) JOIN information_schema.columns AS c ON c.table_schema = tc.constraint_schema AND tc.table_name = c.table_name AND ccu.column_name = c.column_name WHERE constraint_type IN ('PRIMARY KEY', 'UNIQUE') AND c.table_catalog = $1$ AND c.table_schema = CURRENT_SCHEMA() AND c.table_name = $2$ AND constraint_type = $3$

2025/02/13 14:38:47 /home/bryan/repos/skripsi/backend/setup/setup.go:78
[15.020ms] [rows:-] SELECT c.column_name, constraint_name, constraint_type FROM information_schema.table_constraints tc JOIN information_schema.constraint_column_usage AS ccu USING (constraint_schema, constraint_catalog, table_name, constraint_name) JOIN information_schema.columns AS c ON c.table_schema = tc.constraint_schema AND tc.table_name = c.table_name AND ccu.column_name = c.column_name WHERE constraint_type IN ('PRIMARY KEY', 'UNIQUE') AND c.table_catalog = $1$ AND c.table_schema = CURRENT_SCHEMA() AND c.table_name = $2$

2025/02/13 14:38:47 /home/bryan/repos/skripsi/backend/setup/setup.go:78
[1.602ms] [rows:-] SELECT a.attname as column_name, format_type(a.atttypid, a.atttypmod) AS data_type
		FROM pg_attribute a JOIN pg_class b ON a.attrelid = b.oid AND relnamespace = (SELECT oid FROM pg_catalog.pg_namespace WHERE nspname = CURRENT_SCHEMA())
		WHERE a.attnum > 0 -- hide internal columns
		AND NOT a.attisdropped -- hide deleted columns
		AND b.relname = $1$

2025/02/13 14:38:47 /home/bryan/repos/skripsi/backend/setup/setup.go:78
[1.506ms] [rows:0] SELECT description FROM pg_catalog.pg_description WHERE objsubid = (SELECT ordinal_position FROM information_schema.columns WHERE table_schema = CURRENT_SCHEMA() AND table_name = 'daily_playtimes' AND column_name = 'id') AND objoid = (SELECT oid FROM pg_catalog.pg_class WHERE relname = 'daily_playtimes' AND relnamespace = (SELECT oid FROM pg_catalog.pg_namespace WHERE nspname = CURRENT_SCHEMA()))

2025/02/13 14:38:47 /home/bryan/repos/skripsi/backend/setup/setup.go:78
[1.319ms] [rows:0] SELECT description FROM pg_catalog.pg_description WHERE objsubid = (SELECT ordinal_position FROM information_schema.columns WHERE table_schema = CURRENT_SCHEMA() AND table_name = 'daily_playtimes' AND column_name = 'name') AND objoid = (SELECT oid FROM pg_catalog.pg_class WHERE relname = 'daily_playtimes' AND relnamespace = (SELECT oid FROM pg_catalog.pg_namespace WHERE nspname = CURRENT_SCHEMA()))

2025/02/13 14:38:47 /home/bryan/repos/skripsi/backend/setup/setup.go:78
[1.869ms] [rows:1] SELECT count(*) FROM information_schema.tables WHERE table_schema = CURRENT_SCHEMA() AND table_name = 'daily_walks' AND table_type = 'BASE TABLE'

2025/02/13 14:38:47 /home/bryan/repos/skripsi/backend/setup/setup.go:78
[0.742ms] [rows:1] SELECT CURRENT_DATABASE()

2025/02/13 14:38:47 /home/bryan/repos/skripsi/backend/setup/setup.go:78
[10.709ms] [rows:-] SELECT c.column_name, c.is_nullable = 'YES', c.udt_name, c.character_maximum_length, c.numeric_precision, c.numeric_precision_radix, c.numeric_scale, c.datetime_precision, 8 * typlen, c.column_default, pd.description, c.identity_increment FROM information_schema.columns AS c JOIN pg_type AS pgt ON c.udt_name = pgt.typname LEFT JOIN pg_catalog.pg_description as pd ON pd.objsubid = c.ordinal_position AND pd.objoid = (SELECT oid FROM pg_catalog.pg_class WHERE relname = c.table_name AND relnamespace = (SELECT oid FROM pg_catalog.pg_namespace WHERE nspname = c.table_schema)) where table_catalog = $1$ AND table_schema = CURRENT_SCHEMA() AND table_name = $2$

2025/02/13 14:38:47 /home/bryan/repos/skripsi/backend/setup/setup.go:78
[0.902ms] [rows:-] SELECT * FROM "daily_walks" LIMIT $1$

2025/02/13 14:38:47 /home/bryan/repos/skripsi/backend/setup/setup.go:78
[15.251ms] [rows:-] SELECT constraint_name FROM information_schema.table_constraints tc JOIN information_schema.constraint_column_usage AS ccu USING (constraint_schema, constraint_catalog, table_name, constraint_name) JOIN information_schema.columns AS c ON c.table_schema = tc.constraint_schema AND tc.table_name = c.table_name AND ccu.column_name = c.column_name WHERE constraint_type IN ('PRIMARY KEY', 'UNIQUE') AND c.table_catalog = $1$ AND c.table_schema = CURRENT_SCHEMA() AND c.table_name = $2$ AND constraint_type = $3$

2025/02/13 14:38:47 /home/bryan/repos/skripsi/backend/setup/setup.go:78
[15.452ms] [rows:-] SELECT c.column_name, constraint_name, constraint_type FROM information_schema.table_constraints tc JOIN information_schema.constraint_column_usage AS ccu USING (constraint_schema, constraint_catalog, table_name, constraint_name) JOIN information_schema.columns AS c ON c.table_schema = tc.constraint_schema AND tc.table_name = c.table_name AND ccu.column_name = c.column_name WHERE constraint_type IN ('PRIMARY KEY', 'UNIQUE') AND c.table_catalog = $1$ AND c.table_schema = CURRENT_SCHEMA() AND c.table_name = $2$

2025/02/13 14:38:47 /home/bryan/repos/skripsi/backend/setup/setup.go:78
[1.562ms] [rows:-] SELECT a.attname as column_name, format_type(a.atttypid, a.atttypmod) AS data_type
		FROM pg_attribute a JOIN pg_class b ON a.attrelid = b.oid AND relnamespace = (SELECT oid FROM pg_catalog.pg_namespace WHERE nspname = CURRENT_SCHEMA())
		WHERE a.attnum > 0 -- hide internal columns
		AND NOT a.attisdropped -- hide deleted columns
		AND b.relname = $1$

2025/02/13 14:38:47 /home/bryan/repos/skripsi/backend/setup/setup.go:78
[1.461ms] [rows:0] SELECT description FROM pg_catalog.pg_description WHERE objsubid = (SELECT ordinal_position FROM information_schema.columns WHERE table_schema = CURRENT_SCHEMA() AND table_name = 'daily_walks' AND column_name = 'id') AND objoid = (SELECT oid FROM pg_catalog.pg_class WHERE relname = 'daily_walks' AND relnamespace = (SELECT oid FROM pg_catalog.pg_namespace WHERE nspname = CURRENT_SCHEMA()))

2025/02/13 14:38:47 /home/bryan/repos/skripsi/backend/setup/setup.go:78
[1.258ms] [rows:0] SELECT description FROM pg_catalog.pg_description WHERE objsubid = (SELECT ordinal_position FROM information_schema.columns WHERE table_schema = CURRENT_SCHEMA() AND table_name = 'daily_walks' AND column_name = 'name') AND objoid = (SELECT oid FROM pg_catalog.pg_class WHERE relname = 'daily_walks' AND relnamespace = (SELECT oid FROM pg_catalog.pg_namespace WHERE nspname = CURRENT_SCHEMA()))

2025/02/13 14:38:47 /home/bryan/repos/skripsi/backend/setup/setup.go:78
[1.055ms] [rows:1] SELECT count(*) FROM information_schema.tables WHERE table_schema = CURRENT_SCHEMA() AND table_name = 'pet_daycares' AND table_type = 'BASE TABLE'

2025/02/13 14:38:47 /home/bryan/repos/skripsi/backend/setup/setup.go:78
[0.798ms] [rows:1] SELECT CURRENT_DATABASE()

2025/02/13 14:38:47 /home/bryan/repos/skripsi/backend/setup/setup.go:78
[4.224ms] [rows:-] SELECT c.column_name, c.is_nullable = 'YES', c.udt_name, c.character_maximum_length, c.numeric_precision, c.numeric_precision_radix, c.numeric_scale, c.datetime_precision, 8 * typlen, c.column_default, pd.description, c.identity_increment FROM information_schema.columns AS c JOIN pg_type AS pgt ON c.udt_name = pgt.typname LEFT JOIN pg_catalog.pg_description as pd ON pd.objsubid = c.ordinal_position AND pd.objoid = (SELECT oid FROM pg_catalog.pg_class WHERE relname = c.table_name AND relnamespace = (SELECT oid FROM pg_catalog.pg_namespace WHERE nspname = c.table_schema)) where table_catalog = $1$ AND table_schema = CURRENT_SCHEMA() AND table_name = $2$

2025/02/13 14:38:47 /home/bryan/repos/skripsi/backend/setup/setup.go:78
[0.931ms] [rows:-] SELECT * FROM "pet_daycares" LIMIT $1$

2025/02/13 14:38:47 /home/bryan/repos/skripsi/backend/setup/setup.go:78
[6.021ms] [rows:-] SELECT constraint_name FROM information_schema.table_constraints tc JOIN information_schema.constraint_column_usage AS ccu USING (constraint_schema, constraint_catalog, table_name, constraint_name) JOIN information_schema.columns AS c ON c.table_schema = tc.constraint_schema AND tc.table_name = c.table_name AND ccu.column_name = c.column_name WHERE constraint_type IN ('PRIMARY KEY', 'UNIQUE') AND c.table_catalog = $1$ AND c.table_schema = CURRENT_SCHEMA() AND c.table_name = $2$ AND constraint_type = $3$

2025/02/13 14:38:47 /home/bryan/repos/skripsi/backend/setup/setup.go:78
[6.203ms] [rows:-] SELECT c.column_name, constraint_name, constraint_type FROM information_schema.table_constraints tc JOIN information_schema.constraint_column_usage AS ccu USING (constraint_schema, constraint_catalog, table_name, constraint_name) JOIN information_schema.columns AS c ON c.table_schema = tc.constraint_schema AND tc.table_name = c.table_name AND ccu.column_name = c.column_name WHERE constraint_type IN ('PRIMARY KEY', 'UNIQUE') AND c.table_catalog = $1$ AND c.table_schema = CURRENT_SCHEMA() AND c.table_name = $2$

2025/02/13 14:38:47 /home/bryan/repos/skripsi/backend/setup/setup.go:78
[0.919ms] [rows:-] SELECT a.attname as column_name, format_type(a.atttypid, a.atttypmod) AS data_type
		FROM pg_attribute a JOIN pg_class b ON a.attrelid = b.oid AND relnamespace = (SELECT oid FROM pg_catalog.pg_namespace WHERE nspname = CURRENT_SCHEMA())
		WHERE a.attnum > 0 -- hide internal columns
		AND NOT a.attisdropped -- hide deleted columns
		AND b.relname = $1$

2025/02/13 14:38:47 /home/bryan/repos/skripsi/backend/setup/setup.go:78
[1.245ms] [rows:0] SELECT description FROM pg_catalog.pg_description WHERE objsubid = (SELECT ordinal_position FROM information_schema.columns WHERE table_schema = CURRENT_SCHEMA() AND table_name = 'pet_daycares' AND column_name = 'id') AND objoid = (SELECT oid FROM pg_catalog.pg_class WHERE relname = 'pet_daycares' AND relnamespace = (SELECT oid FROM pg_catalog.pg_namespace WHERE nspname = CURRENT_SCHEMA()))

2025/02/13 14:38:47 /home/bryan/repos/skripsi/backend/setup/setup.go:78
[1.330ms] [rows:0] SELECT description FROM pg_catalog.pg_description WHERE objsubid = (SELECT ordinal_position FROM information_schema.columns WHERE table_schema = CURRENT_SCHEMA() AND table_name = 'pet_daycares' AND column_name = 'created_at') AND objoid = (SELECT oid FROM pg_catalog.pg_class WHERE relname = 'pet_daycares' AND relnamespace = (SELECT oid FROM pg_catalog.pg_namespace WHERE nspname = CURRENT_SCHEMA()))

2025/02/13 14:38:47 /home/bryan/repos/skripsi/backend/setup/setup.go:78
[1.339ms] [rows:0] SELECT description FROM pg_catalog.pg_description WHERE objsubid = (SELECT ordinal_position FROM information_schema.columns WHERE table_schema = CURRENT_SCHEMA() AND table_name = 'pet_daycares' AND column_name = 'updated_at') AND objoid = (SELECT oid FROM pg_catalog.pg_class WHERE relname = 'pet_daycares' AND relnamespace = (SELECT oid FROM pg_catalog.pg_namespace WHERE nspname = CURRENT_SCHEMA()))

2025/02/13 14:38:47 /home/bryan/repos/skripsi/backend/setup/setup.go:78
[1.340ms] [rows:0] SELECT description FROM pg_catalog.pg_description WHERE objsubid = (SELECT ordinal_position FROM information_schema.columns WHERE table_schema = CURRENT_SCHEMA() AND table_name = 'pet_daycares' AND column_name = 'deleted_at') AND objoid = (SELECT oid FROM pg_catalog.pg_class WHERE relname = 'pet_daycares' AND relnamespace = (SELECT oid FROM pg_catalog.pg_namespace WHERE nspname = CURRENT_SCHEMA()))

2025/02/13 14:38:47 /home/bryan/repos/skripsi/backend/setup/setup.go:78
[1.383ms] [rows:0] SELECT description FROM pg_catalog.pg_description WHERE objsubid = (SELECT ordinal_position FROM information_schema.columns WHERE table_schema = CURRENT_SCHEMA() AND table_name = 'pet_daycares' AND column_name = 'name') AND objoid = (SELECT oid FROM pg_catalog.pg_class WHERE relname = 'pet_daycares' AND relnamespace = (SELECT oid FROM pg_catalog.pg_namespace WHERE nspname = CURRENT_SCHEMA()))

2025/02/13 14:38:47 /home/bryan/repos/skripsi/backend/setup/setup.go:78
[1.250ms] [rows:0] SELECT description FROM pg_catalog.pg_description WHERE objsubid = (SELECT ordinal_position FROM information_schema.columns WHERE table_schema = CURRENT_SCHEMA() AND table_name = 'pet_daycares' AND column_name = 'address') AND objoid = (SELECT oid FROM pg_catalog.pg_class WHERE relname = 'pet_daycares' AND relnamespace = (SELECT oid FROM pg_catalog.pg_namespace WHERE nspname = CURRENT_SCHEMA()))

2025/02/13 14:38:47 /home/bryan/repos/skripsi/backend/setup/setup.go:78
[1.179ms] [rows:0] SELECT description FROM pg_catalog.pg_description WHERE objsubid = (SELECT ordinal_position FROM information_schema.columns WHERE table_schema = CURRENT_SCHEMA() AND table_name = 'pet_daycares' AND column_name = 'latitude') AND objoid = (SELECT oid FROM pg_catalog.pg_class WHERE relname = 'pet_daycares' AND relnamespace = (SELECT oid FROM pg_catalog.pg_namespace WHERE nspname = CURRENT_SCHEMA()))

2025/02/13 14:38:47 /home/bryan/repos/skripsi/backend/setup/setup.go:78
[1.199ms] [rows:0] SELECT description FROM pg_catalog.pg_description WHERE objsubid = (SELECT ordinal_position FROM information_schema.columns WHERE table_schema = CURRENT_SCHEMA() AND table_name = 'pet_daycares' AND column_name = 'longitude') AND objoid = (SELECT oid FROM pg_catalog.pg_class WHERE relname = 'pet_daycares' AND relnamespace = (SELECT oid FROM pg_catalog.pg_namespace WHERE nspname = CURRENT_SCHEMA()))

2025/02/13 14:38:47 /home/bryan/repos/skripsi/backend/setup/setup.go:78
[1.305ms] [rows:0] SELECT description FROM pg_catalog.pg_description WHERE objsubid = (SELECT ordinal_position FROM information_schema.columns WHERE table_schema = CURRENT_SCHEMA() AND table_name = 'pet_daycares' AND column_name = 'price') AND objoid = (SELECT oid FROM pg_catalog.pg_class WHERE relname = 'pet_daycares' AND relnamespace = (SELECT oid FROM pg_catalog.pg_namespace WHERE nspname = CURRENT_SCHEMA()))

2025/02/13 14:38:47 /home/bryan/repos/skripsi/backend/setup/setup.go:78
[1.427ms] [rows:0] SELECT description FROM pg_catalog.pg_description WHERE objsubid = (SELECT ordinal_position FROM information_schema.columns WHERE table_schema = CURRENT_SCHEMA() AND table_name = 'pet_daycares' AND column_name = 'pricing_type') AND objoid = (SELECT oid FROM pg_catalog.pg_class WHERE relname = 'pet_daycares' AND relnamespace = (SELECT oid FROM pg_catalog.pg_namespace WHERE nspname = CURRENT_SCHEMA()))

2025/02/13 14:38:47 /home/bryan/repos/skripsi/backend/setup/setup.go:78
[1.250ms] [rows:0] SELECT description FROM pg_catalog.pg_description WHERE objsubid = (SELECT ordinal_position FROM information_schema.columns WHERE table_schema = CURRENT_SCHEMA() AND table_name = 'pet_daycares' AND column_name = 'description') AND objoid = (SELECT oid FROM pg_catalog.pg_class WHERE relname = 'pet_daycares' AND relnamespace = (SELECT oid FROM pg_catalog.pg_namespace WHERE nspname = CURRENT_SCHEMA()))

2025/02/13 14:38:47 /home/bryan/repos/skripsi/backend/setup/setup.go:78
[1.234ms] [rows:0] SELECT description FROM pg_catalog.pg_description WHERE objsubid = (SELECT ordinal_position FROM information_schema.columns WHERE table_schema = CURRENT_SCHEMA() AND table_name = 'pet_daycares' AND column_name = 'has_pickup_service') AND objoid = (SELECT oid FROM pg_catalog.pg_class WHERE relname = 'pet_daycares' AND relnamespace = (SELECT oid FROM pg_catalog.pg_namespace WHERE nspname = CURRENT_SCHEMA()))

2025/02/13 14:38:47 /home/bryan/repos/skripsi/backend/setup/setup.go:78
[1.374ms] [rows:0] SELECT description FROM pg_catalog.pg_description WHERE objsubid = (SELECT ordinal_position FROM information_schema.columns WHERE table_schema = CURRENT_SCHEMA() AND table_name = 'pet_daycares' AND column_name = 'must_be_vaccinated') AND objoid = (SELECT oid FROM pg_catalog.pg_class WHERE relname = 'pet_daycares' AND relnamespace = (SELECT oid FROM pg_catalog.pg_namespace WHERE nspname = CURRENT_SCHEMA()))

2025/02/13 14:38:47 /home/bryan/repos/skripsi/backend/setup/setup.go:78
[1.265ms] [rows:0] SELECT description FROM pg_catalog.pg_description WHERE objsubid = (SELECT ordinal_position FROM information_schema.columns WHERE table_schema = CURRENT_SCHEMA() AND table_name = 'pet_daycares' AND column_name = 'food_provided') AND objoid = (SELECT oid FROM pg_catalog.pg_class WHERE relname = 'pet_daycares' AND relnamespace = (SELECT oid FROM pg_catalog.pg_namespace WHERE nspname = CURRENT_SCHEMA()))

2025/02/13 14:38:47 /home/bryan/repos/skripsi/backend/setup/setup.go:78
[1.226ms] [rows:0] SELECT description FROM pg_catalog.pg_description WHERE objsubid = (SELECT ordinal_position FROM information_schema.columns WHERE table_schema = CURRENT_SCHEMA() AND table_name = 'pet_daycares' AND column_name = 'grooming_available') AND objoid = (SELECT oid FROM pg_catalog.pg_class WHERE relname = 'pet_daycares' AND relnamespace = (SELECT oid FROM pg_catalog.pg_namespace WHERE nspname = CURRENT_SCHEMA()))

2025/02/13 14:38:47 /home/bryan/repos/skripsi/backend/setup/setup.go:78
[1.235ms] [rows:0] SELECT description FROM pg_catalog.pg_description WHERE objsubid = (SELECT ordinal_position FROM information_schema.columns WHERE table_schema = CURRENT_SCHEMA() AND table_name = 'pet_daycares' AND column_name = 'booked_num') AND objoid = (SELECT oid FROM pg_catalog.pg_class WHERE relname = 'pet_daycares' AND relnamespace = (SELECT oid FROM pg_catalog.pg_namespace WHERE nspname = CURRENT_SCHEMA()))

2025/02/13 14:38:47 /home/bryan/repos/skripsi/backend/setup/setup.go:78
[1.357ms] [rows:0] SELECT description FROM pg_catalog.pg_description WHERE objsubid = (SELECT ordinal_position FROM information_schema.columns WHERE table_schema = CURRENT_SCHEMA() AND table_name = 'pet_daycares' AND column_name = 'daily_walks_id') AND objoid = (SELECT oid FROM pg_catalog.pg_class WHERE relname = 'pet_daycares' AND relnamespace = (SELECT oid FROM pg_catalog.pg_namespace WHERE nspname = CURRENT_SCHEMA()))

2025/02/13 14:38:47 /home/bryan/repos/skripsi/backend/setup/setup.go:78
[1.215ms] [rows:0] SELECT description FROM pg_catalog.pg_description WHERE objsubid = (SELECT ordinal_position FROM information_schema.columns WHERE table_schema = CURRENT_SCHEMA() AND table_name = 'pet_daycares' AND column_name = 'daily_playtime_id') AND objoid = (SELECT oid FROM pg_catalog.pg_class WHERE relname = 'pet_daycares' AND relnamespace = (SELECT oid FROM pg_catalog.pg_namespace WHERE nspname = CURRENT_SCHEMA()))

2025/02/13 14:38:47 /home/bryan/repos/skripsi/backend/setup/setup.go:78
[1.223ms] [rows:0] SELECT description FROM pg_catalog.pg_description WHERE objsubid = (SELECT ordinal_position FROM information_schema.columns WHERE table_schema = CURRENT_SCHEMA() AND table_name = 'pet_daycares' AND column_name = 'owner_id') AND objoid = (SELECT oid FROM pg_catalog.pg_class WHERE relname = 'pet_daycares' AND relnamespace = (SELECT oid FROM pg_catalog.pg_namespace WHERE nspname = CURRENT_SCHEMA()))

2025/02/13 14:38:47 /home/bryan/repos/skripsi/backend/setup/setup.go:78
[1.228ms] [rows:0] SELECT description FROM pg_catalog.pg_description WHERE objsubid = (SELECT ordinal_position FROM information_schema.columns WHERE table_schema = CURRENT_SCHEMA() AND table_name = 'pet_daycares' AND column_name = 'food_brand') AND objoid = (SELECT oid FROM pg_catalog.pg_class WHERE relname = 'pet_daycares' AND relnamespace = (SELECT oid FROM pg_catalog.pg_namespace WHERE nspname = CURRENT_SCHEMA()))

2025/02/13 14:38:47 /home/bryan/repos/skripsi/backend/setup/setup.go:78
[3.274ms] [rows:1] SELECT count(*) FROM INFORMATION_SCHEMA.table_constraints WHERE table_schema = CURRENT_SCHEMA() AND table_name = 'pet_daycares' AND constraint_name = 'fk_pet_daycares_daily_walks'

2025/02/13 14:38:47 /home/bryan/repos/skripsi/backend/setup/setup.go:78
[3.332ms] [rows:1] SELECT count(*) FROM INFORMATION_SCHEMA.table_constraints WHERE table_schema = CURRENT_SCHEMA() AND table_name = 'pet_daycares' AND constraint_name = 'fk_pet_daycares_daily_playtime'

2025/02/13 14:38:47 /home/bryan/repos/skripsi/backend/setup/setup.go:78
[3.312ms] [rows:1] SELECT count(*) FROM INFORMATION_SCHEMA.table_constraints WHERE table_schema = CURRENT_SCHEMA() AND table_name = 'pet_daycares' AND constraint_name = 'fk_users_pet_daycare'

2025/02/13 14:38:47 /home/bryan/repos/skripsi/backend/setup/setup.go:78
[2.650ms] [rows:1] SELECT count(*) FROM pg_indexes WHERE tablename = 'pet_daycares' AND indexname = 'idx_pet_daycares_deleted_at' AND schemaname = CURRENT_SCHEMA()

2025/02/13 14:38:47 /home/bryan/repos/skripsi/backend/setup/setup.go:78
[1.219ms] [rows:1] SELECT count(*) FROM information_schema.tables WHERE table_schema = CURRENT_SCHEMA() AND table_name = 'species' AND table_type = 'BASE TABLE'

2025/02/13 14:38:47 /home/bryan/repos/skripsi/backend/setup/setup.go:78
[0.702ms] [rows:1] SELECT CURRENT_DATABASE()

2025/02/13 14:38:47 /home/bryan/repos/skripsi/backend/setup/setup.go:78
[2.722ms] [rows:-] SELECT c.column_name, c.is_nullable = 'YES', c.udt_name, c.character_maximum_length, c.numeric_precision, c.numeric_precision_radix, c.numeric_scale, c.datetime_precision, 8 * typlen, c.column_default, pd.description, c.identity_increment FROM information_schema.columns AS c JOIN pg_type AS pgt ON c.udt_name = pgt.typname LEFT JOIN pg_catalog.pg_description as pd ON pd.objsubid = c.ordinal_position AND pd.objoid = (SELECT oid FROM pg_catalog.pg_class WHERE relname = c.table_name AND relnamespace = (SELECT oid FROM pg_catalog.pg_namespace WHERE nspname = c.table_schema)) where table_catalog = $1$ AND table_schema = CURRENT_SCHEMA() AND table_name = $2$

2025/02/13 14:38:47 /home/bryan/repos/skripsi/backend/setup/setup.go:78
[0.817ms] [rows:-] SELECT * FROM "species" LIMIT $1$

2025/02/13 14:38:47 /home/bryan/repos/skripsi/backend/setup/setup.go:78
[2.172ms] [rows:-] SELECT constraint_name FROM information_schema.table_constraints tc JOIN information_schema.constraint_column_usage AS ccu USING (constraint_schema, constraint_catalog, table_name, constraint_name) JOIN information_schema.columns AS c ON c.table_schema = tc.constraint_schema AND tc.table_name = c.table_name AND ccu.column_name = c.column_name WHERE constraint_type IN ('PRIMARY KEY', 'UNIQUE') AND c.table_catalog = $1$ AND c.table_schema = CURRENT_SCHEMA() AND c.table_name = $2$ AND constraint_type = $3$

2025/02/13 14:38:47 /home/bryan/repos/skripsi/backend/setup/setup.go:78
[2.218ms] [rows:-] SELECT c.column_name, constraint_name, constraint_type FROM information_schema.table_constraints tc JOIN information_schema.constraint_column_usage AS ccu USING (constraint_schema, constraint_catalog, table_name, constraint_name) JOIN information_schema.columns AS c ON c.table_schema = tc.constraint_schema AND tc.table_name = c.table_name AND ccu.column_name = c.column_name WHERE constraint_type IN ('PRIMARY KEY', 'UNIQUE') AND c.table_catalog = $1$ AND c.table_schema = CURRENT_SCHEMA() AND c.table_name = $2$

2025/02/13 14:38:47 /home/bryan/repos/skripsi/backend/setup/setup.go:78
[0.957ms] [rows:-] SELECT a.attname as column_name, format_type(a.atttypid, a.atttypmod) AS data_type
		FROM pg_attribute a JOIN pg_class b ON a.attrelid = b.oid AND relnamespace = (SELECT oid FROM pg_catalog.pg_namespace WHERE nspname = CURRENT_SCHEMA())
		WHERE a.attnum > 0 -- hide internal columns
		AND NOT a.attisdropped -- hide deleted columns
		AND b.relname = $1$

2025/02/13 14:38:47 /home/bryan/repos/skripsi/backend/setup/setup.go:78
[1.454ms] [rows:0] SELECT description FROM pg_catalog.pg_description WHERE objsubid = (SELECT ordinal_position FROM information_schema.columns WHERE table_schema = CURRENT_SCHEMA() AND table_name = 'species' AND column_name = 'id') AND objoid = (SELECT oid FROM pg_catalog.pg_class WHERE relname = 'species' AND relnamespace = (SELECT oid FROM pg_catalog.pg_namespace WHERE nspname = CURRENT_SCHEMA()))

2025/02/13 14:38:47 /home/bryan/repos/skripsi/backend/setup/setup.go:78
[1.626ms] [rows:0] SELECT description FROM pg_catalog.pg_description WHERE objsubid = (SELECT ordinal_position FROM information_schema.columns WHERE table_schema = CURRENT_SCHEMA() AND table_name = 'species' AND column_name = 'name') AND objoid = (SELECT oid FROM pg_catalog.pg_class WHERE relname = 'species' AND relnamespace = (SELECT oid FROM pg_catalog.pg_namespace WHERE nspname = CURRENT_SCHEMA()))

2025/02/13 14:38:47 /home/bryan/repos/skripsi/backend/setup/setup.go:78
[1.048ms] [rows:1] SELECT count(*) FROM information_schema.tables WHERE table_schema = CURRENT_SCHEMA() AND table_name = 'size_categories' AND table_type = 'BASE TABLE'

2025/02/13 14:38:47 /home/bryan/repos/skripsi/backend/setup/setup.go:78
[0.715ms] [rows:1] SELECT CURRENT_DATABASE()

2025/02/13 14:38:47 /home/bryan/repos/skripsi/backend/setup/setup.go:78
[2.929ms] [rows:-] SELECT c.column_name, c.is_nullable = 'YES', c.udt_name, c.character_maximum_length, c.numeric_precision, c.numeric_precision_radix, c.numeric_scale, c.datetime_precision, 8 * typlen, c.column_default, pd.description, c.identity_increment FROM information_schema.columns AS c JOIN pg_type AS pgt ON c.udt_name = pgt.typname LEFT JOIN pg_catalog.pg_description as pd ON pd.objsubid = c.ordinal_position AND pd.objoid = (SELECT oid FROM pg_catalog.pg_class WHERE relname = c.table_name AND relnamespace = (SELECT oid FROM pg_catalog.pg_namespace WHERE nspname = c.table_schema)) where table_catalog = $1$ AND table_schema = CURRENT_SCHEMA() AND table_name = $2$

2025/02/13 14:38:47 /home/bryan/repos/skripsi/backend/setup/setup.go:78
[0.961ms] [rows:-] SELECT * FROM "size_categories" LIMIT $1$

2025/02/13 14:38:47 /home/bryan/repos/skripsi/backend/setup/setup.go:78
[2.742ms] [rows:-] SELECT constraint_name FROM information_schema.table_constraints tc JOIN information_schema.constraint_column_usage AS ccu USING (constraint_schema, constraint_catalog, table_name, constraint_name) JOIN information_schema.columns AS c ON c.table_schema = tc.constraint_schema AND tc.table_name = c.table_name AND ccu.column_name = c.column_name WHERE constraint_type IN ('PRIMARY KEY', 'UNIQUE') AND c.table_catalog = $1$ AND c.table_schema = CURRENT_SCHEMA() AND c.table_name = $2$ AND constraint_type = $3$

2025/02/13 14:38:47 /home/bryan/repos/skripsi/backend/setup/setup.go:78
[2.569ms] [rows:-] SELECT c.column_name, constraint_name, constraint_type FROM information_schema.table_constraints tc JOIN information_schema.constraint_column_usage AS ccu USING (constraint_schema, constraint_catalog, table_name, constraint_name) JOIN information_schema.columns AS c ON c.table_schema = tc.constraint_schema AND tc.table_name = c.table_name AND ccu.column_name = c.column_name WHERE constraint_type IN ('PRIMARY KEY', 'UNIQUE') AND c.table_catalog = $1$ AND c.table_schema = CURRENT_SCHEMA() AND c.table_name = $2$

2025/02/13 14:38:47 /home/bryan/repos/skripsi/backend/setup/setup.go:78
[0.916ms] [rows:-] SELECT a.attname as column_name, format_type(a.atttypid, a.atttypmod) AS data_type
		FROM pg_attribute a JOIN pg_class b ON a.attrelid = b.oid AND relnamespace = (SELECT oid FROM pg_catalog.pg_namespace WHERE nspname = CURRENT_SCHEMA())
		WHERE a.attnum > 0 -- hide internal columns
		AND NOT a.attisdropped -- hide deleted columns
		AND b.relname = $1$

2025/02/13 14:38:47 /home/bryan/repos/skripsi/backend/setup/setup.go:78
[1.256ms] [rows:0] SELECT description FROM pg_catalog.pg_description WHERE objsubid = (SELECT ordinal_position FROM information_schema.columns WHERE table_schema = CURRENT_SCHEMA() AND table_name = 'size_categories' AND column_name = 'id') AND objoid = (SELECT oid FROM pg_catalog.pg_class WHERE relname = 'size_categories' AND relnamespace = (SELECT oid FROM pg_catalog.pg_namespace WHERE nspname = CURRENT_SCHEMA()))

2025/02/13 14:38:47 /home/bryan/repos/skripsi/backend/setup/setup.go:78
[1.400ms] [rows:0] SELECT description FROM pg_catalog.pg_description WHERE objsubid = (SELECT ordinal_position FROM information_schema.columns WHERE table_schema = CURRENT_SCHEMA() AND table_name = 'size_categories' AND column_name = 'name') AND objoid = (SELECT oid FROM pg_catalog.pg_class WHERE relname = 'size_categories' AND relnamespace = (SELECT oid FROM pg_catalog.pg_namespace WHERE nspname = CURRENT_SCHEMA()))

2025/02/13 14:38:47 /home/bryan/repos/skripsi/backend/setup/setup.go:78
[1.375ms] [rows:0] SELECT description FROM pg_catalog.pg_description WHERE objsubid = (SELECT ordinal_position FROM information_schema.columns WHERE table_schema = CURRENT_SCHEMA() AND table_name = 'size_categories' AND column_name = 'min_weight') AND objoid = (SELECT oid FROM pg_catalog.pg_class WHERE relname = 'size_categories' AND relnamespace = (SELECT oid FROM pg_catalog.pg_namespace WHERE nspname = CURRENT_SCHEMA()))

2025/02/13 14:38:47 /home/bryan/repos/skripsi/backend/setup/setup.go:78
[1.377ms] [rows:0] SELECT description FROM pg_catalog.pg_description WHERE objsubid = (SELECT ordinal_position FROM information_schema.columns WHERE table_schema = CURRENT_SCHEMA() AND table_name = 'size_categories' AND column_name = 'max_weight') AND objoid = (SELECT oid FROM pg_catalog.pg_class WHERE relname = 'size_categories' AND relnamespace = (SELECT oid FROM pg_catalog.pg_namespace WHERE nspname = CURRENT_SCHEMA()))

2025/02/13 14:38:47 /home/bryan/repos/skripsi/backend/setup/setup.go:78
[1.009ms] [rows:1] SELECT count(*) FROM information_schema.tables WHERE table_schema = CURRENT_SCHEMA() AND table_name = 'pets' AND table_type = 'BASE TABLE'

2025/02/13 14:38:47 /home/bryan/repos/skripsi/backend/setup/setup.go:78
[0.605ms] [rows:1] SELECT CURRENT_DATABASE()

2025/02/13 14:38:47 /home/bryan/repos/skripsi/backend/setup/setup.go:78
[3.867ms] [rows:-] SELECT c.column_name, c.is_nullable = 'YES', c.udt_name, c.character_maximum_length, c.numeric_precision, c.numeric_precision_radix, c.numeric_scale, c.datetime_precision, 8 * typlen, c.column_default, pd.description, c.identity_increment FROM information_schema.columns AS c JOIN pg_type AS pgt ON c.udt_name = pgt.typname LEFT JOIN pg_catalog.pg_description as pd ON pd.objsubid = c.ordinal_position AND pd.objoid = (SELECT oid FROM pg_catalog.pg_class WHERE relname = c.table_name AND relnamespace = (SELECT oid FROM pg_catalog.pg_namespace WHERE nspname = c.table_schema)) where table_catalog = $1$ AND table_schema = CURRENT_SCHEMA() AND table_name = $2$

2025/02/13 14:38:47 /home/bryan/repos/skripsi/backend/setup/setup.go:78
[0.989ms] [rows:-] SELECT * FROM "pets" LIMIT $1$

2025/02/13 14:38:47 /home/bryan/repos/skripsi/backend/setup/setup.go:78
[4.576ms] [rows:-] SELECT constraint_name FROM information_schema.table_constraints tc JOIN information_schema.constraint_column_usage AS ccu USING (constraint_schema, constraint_catalog, table_name, constraint_name) JOIN information_schema.columns AS c ON c.table_schema = tc.constraint_schema AND tc.table_name = c.table_name AND ccu.column_name = c.column_name WHERE constraint_type IN ('PRIMARY KEY', 'UNIQUE') AND c.table_catalog = $1$ AND c.table_schema = CURRENT_SCHEMA() AND c.table_name = $2$ AND constraint_type = $3$

2025/02/13 14:38:47 /home/bryan/repos/skripsi/backend/setup/setup.go:78
[3.101ms] [rows:-] SELECT c.column_name, constraint_name, constraint_type FROM information_schema.table_constraints tc JOIN information_schema.constraint_column_usage AS ccu USING (constraint_schema, constraint_catalog, table_name, constraint_name) JOIN information_schema.columns AS c ON c.table_schema = tc.constraint_schema AND tc.table_name = c.table_name AND ccu.column_name = c.column_name WHERE constraint_type IN ('PRIMARY KEY', 'UNIQUE') AND c.table_catalog = $1$ AND c.table_schema = CURRENT_SCHEMA() AND c.table_name = $2$

2025/02/13 14:38:47 /home/bryan/repos/skripsi/backend/setup/setup.go:78
[0.896ms] [rows:-] SELECT a.attname as column_name, format_type(a.atttypid, a.atttypmod) AS data_type
		FROM pg_attribute a JOIN pg_class b ON a.attrelid = b.oid AND relnamespace = (SELECT oid FROM pg_catalog.pg_namespace WHERE nspname = CURRENT_SCHEMA())
		WHERE a.attnum > 0 -- hide internal columns
		AND NOT a.attisdropped -- hide deleted columns
		AND b.relname = $1$

2025/02/13 14:38:47 /home/bryan/repos/skripsi/backend/setup/setup.go:78
[1.399ms] [rows:0] SELECT description FROM pg_catalog.pg_description WHERE objsubid = (SELECT ordinal_position FROM information_schema.columns WHERE table_schema = CURRENT_SCHEMA() AND table_name = 'pets' AND column_name = 'id') AND objoid = (SELECT oid FROM pg_catalog.pg_class WHERE relname = 'pets' AND relnamespace = (SELECT oid FROM pg_catalog.pg_namespace WHERE nspname = CURRENT_SCHEMA()))

2025/02/13 14:38:47 /home/bryan/repos/skripsi/backend/setup/setup.go:78
[1.313ms] [rows:0] SELECT description FROM pg_catalog.pg_description WHERE objsubid = (SELECT ordinal_position FROM information_schema.columns WHERE table_schema = CURRENT_SCHEMA() AND table_name = 'pets' AND column_name = 'created_at') AND objoid = (SELECT oid FROM pg_catalog.pg_class WHERE relname = 'pets' AND relnamespace = (SELECT oid FROM pg_catalog.pg_namespace WHERE nspname = CURRENT_SCHEMA()))

2025/02/13 14:38:47 /home/bryan/repos/skripsi/backend/setup/setup.go:78
[1.230ms] [rows:0] SELECT description FROM pg_catalog.pg_description WHERE objsubid = (SELECT ordinal_position FROM information_schema.columns WHERE table_schema = CURRENT_SCHEMA() AND table_name = 'pets' AND column_name = 'updated_at') AND objoid = (SELECT oid FROM pg_catalog.pg_class WHERE relname = 'pets' AND relnamespace = (SELECT oid FROM pg_catalog.pg_namespace WHERE nspname = CURRENT_SCHEMA()))

2025/02/13 14:38:47 /home/bryan/repos/skripsi/backend/setup/setup.go:78
[1.342ms] [rows:0] SELECT description FROM pg_catalog.pg_description WHERE objsubid = (SELECT ordinal_position FROM information_schema.columns WHERE table_schema = CURRENT_SCHEMA() AND table_name = 'pets' AND column_name = 'deleted_at') AND objoid = (SELECT oid FROM pg_catalog.pg_class WHERE relname = 'pets' AND relnamespace = (SELECT oid FROM pg_catalog.pg_namespace WHERE nspname = CURRENT_SCHEMA()))

2025/02/13 14:38:47 /home/bryan/repos/skripsi/backend/setup/setup.go:78
[1.393ms] [rows:0] SELECT description FROM pg_catalog.pg_description WHERE objsubid = (SELECT ordinal_position FROM information_schema.columns WHERE table_schema = CURRENT_SCHEMA() AND table_name = 'pets' AND column_name = 'name') AND objoid = (SELECT oid FROM pg_catalog.pg_class WHERE relname = 'pets' AND relnamespace = (SELECT oid FROM pg_catalog.pg_namespace WHERE nspname = CURRENT_SCHEMA()))

2025/02/13 14:38:47 /home/bryan/repos/skripsi/backend/setup/setup.go:78
[1.482ms] [rows:0] SELECT description FROM pg_catalog.pg_description WHERE objsubid = (SELECT ordinal_position FROM information_schema.columns WHERE table_schema = CURRENT_SCHEMA() AND table_name = 'pets' AND column_name = 'image_url') AND objoid = (SELECT oid FROM pg_catalog.pg_class WHERE relname = 'pets' AND relnamespace = (SELECT oid FROM pg_catalog.pg_namespace WHERE nspname = CURRENT_SCHEMA()))

2025/02/13 14:38:47 /home/bryan/repos/skripsi/backend/setup/setup.go:78
[1.406ms] [rows:0] SELECT description FROM pg_catalog.pg_description WHERE objsubid = (SELECT ordinal_position FROM information_schema.columns WHERE table_schema = CURRENT_SCHEMA() AND table_name = 'pets' AND column_name = 'status') AND objoid = (SELECT oid FROM pg_catalog.pg_class WHERE relname = 'pets' AND relnamespace = (SELECT oid FROM pg_catalog.pg_namespace WHERE nspname = CURRENT_SCHEMA()))

2025/02/13 14:38:47 /home/bryan/repos/skripsi/backend/setup/setup.go:78
[1.512ms] [rows:0] SELECT description FROM pg_catalog.pg_description WHERE objsubid = (SELECT ordinal_position FROM information_schema.columns WHERE table_schema = CURRENT_SCHEMA() AND table_name = 'pets' AND column_name = 'owner_id') AND objoid = (SELECT oid FROM pg_catalog.pg_class WHERE relname = 'pets' AND relnamespace = (SELECT oid FROM pg_catalog.pg_namespace WHERE nspname = CURRENT_SCHEMA()))

2025/02/13 14:38:47 /home/bryan/repos/skripsi/backend/setup/setup.go:78
[1.427ms] [rows:0] SELECT description FROM pg_catalog.pg_description WHERE objsubid = (SELECT ordinal_position FROM information_schema.columns WHERE table_schema = CURRENT_SCHEMA() AND table_name = 'pets' AND column_name = 'species_id') AND objoid = (SELECT oid FROM pg_catalog.pg_class WHERE relname = 'pets' AND relnamespace = (SELECT oid FROM pg_catalog.pg_namespace WHERE nspname = CURRENT_SCHEMA()))

2025/02/13 14:38:47 /home/bryan/repos/skripsi/backend/setup/setup.go:78
[1.391ms] [rows:0] SELECT description FROM pg_catalog.pg_description WHERE objsubid = (SELECT ordinal_position FROM information_schema.columns WHERE table_schema = CURRENT_SCHEMA() AND table_name = 'pets' AND column_name = 'size_id') AND objoid = (SELECT oid FROM pg_catalog.pg_class WHERE relname = 'pets' AND relnamespace = (SELECT oid FROM pg_catalog.pg_namespace WHERE nspname = CURRENT_SCHEMA()))

2025/02/13 14:38:47 /home/bryan/repos/skripsi/backend/setup/setup.go:78
[1.105ms] [rows:1] SELECT count(*) FROM INFORMATION_SCHEMA.table_constraints WHERE table_schema = CURRENT_SCHEMA() AND table_name = 'pets' AND constraint_name = 'fk_users_pets'

2025/02/13 14:38:47 /home/bryan/repos/skripsi/backend/setup/setup.go:78
[1.100ms] [rows:1] SELECT count(*) FROM INFORMATION_SCHEMA.table_constraints WHERE table_schema = CURRENT_SCHEMA() AND table_name = 'pets' AND constraint_name = 'fk_pets_species'

2025/02/13 14:38:47 /home/bryan/repos/skripsi/backend/setup/setup.go:78
[1.024ms] [rows:1] SELECT count(*) FROM INFORMATION_SCHEMA.table_constraints WHERE table_schema = CURRENT_SCHEMA() AND table_name = 'pets' AND constraint_name = 'fk_pets_size_category'

2025/02/13 14:38:47 /home/bryan/repos/skripsi/backend/setup/setup.go:78
[2.589ms] [rows:1] SELECT count(*) FROM pg_indexes WHERE tablename = 'pets' AND indexname = 'idx_pets_deleted_at' AND schemaname = CURRENT_SCHEMA()

2025/02/13 14:38:47 /home/bryan/repos/skripsi/backend/setup/setup.go:78
[1.034ms] [rows:1] SELECT count(*) FROM information_schema.tables WHERE table_schema = CURRENT_SCHEMA() AND table_name = 'slots' AND table_type = 'BASE TABLE'

2025/02/13 14:38:47 /home/bryan/repos/skripsi/backend/setup/setup.go:78
[0.729ms] [rows:1] SELECT CURRENT_DATABASE()

2025/02/13 14:38:47 /home/bryan/repos/skripsi/backend/setup/setup.go:78
[3.237ms] [rows:-] SELECT c.column_name, c.is_nullable = 'YES', c.udt_name, c.character_maximum_length, c.numeric_precision, c.numeric_precision_radix, c.numeric_scale, c.datetime_precision, 8 * typlen, c.column_default, pd.description, c.identity_increment FROM information_schema.columns AS c JOIN pg_type AS pgt ON c.udt_name = pgt.typname LEFT JOIN pg_catalog.pg_description as pd ON pd.objsubid = c.ordinal_position AND pd.objoid = (SELECT oid FROM pg_catalog.pg_class WHERE relname = c.table_name AND relnamespace = (SELECT oid FROM pg_catalog.pg_namespace WHERE nspname = c.table_schema)) where table_catalog = $1$ AND table_schema = CURRENT_SCHEMA() AND table_name = $2$

2025/02/13 14:38:47 /home/bryan/repos/skripsi/backend/setup/setup.go:78
[1.070ms] [rows:-] SELECT * FROM "slots" LIMIT $1$

2025/02/13 14:38:47 /home/bryan/repos/skripsi/backend/setup/setup.go:78
[2.671ms] [rows:-] SELECT constraint_name FROM information_schema.table_constraints tc JOIN information_schema.constraint_column_usage AS ccu USING (constraint_schema, constraint_catalog, table_name, constraint_name) JOIN information_schema.columns AS c ON c.table_schema = tc.constraint_schema AND tc.table_name = c.table_name AND ccu.column_name = c.column_name WHERE constraint_type IN ('PRIMARY KEY', 'UNIQUE') AND c.table_catalog = $1$ AND c.table_schema = CURRENT_SCHEMA() AND c.table_name = $2$ AND constraint_type = $3$

2025/02/13 14:38:47 /home/bryan/repos/skripsi/backend/setup/setup.go:78
[2.751ms] [rows:-] SELECT c.column_name, constraint_name, constraint_type FROM information_schema.table_constraints tc JOIN information_schema.constraint_column_usage AS ccu USING (constraint_schema, constraint_catalog, table_name, constraint_name) JOIN information_schema.columns AS c ON c.table_schema = tc.constraint_schema AND tc.table_name = c.table_name AND ccu.column_name = c.column_name WHERE constraint_type IN ('PRIMARY KEY', 'UNIQUE') AND c.table_catalog = $1$ AND c.table_schema = CURRENT_SCHEMA() AND c.table_name = $2$

2025/02/13 14:38:47 /home/bryan/repos/skripsi/backend/setup/setup.go:78
[0.970ms] [rows:-] SELECT a.attname as column_name, format_type(a.atttypid, a.atttypmod) AS data_type
		FROM pg_attribute a JOIN pg_class b ON a.attrelid = b.oid AND relnamespace = (SELECT oid FROM pg_catalog.pg_namespace WHERE nspname = CURRENT_SCHEMA())
		WHERE a.attnum > 0 -- hide internal columns
		AND NOT a.attisdropped -- hide deleted columns
		AND b.relname = $1$

2025/02/13 14:38:47 /home/bryan/repos/skripsi/backend/setup/setup.go:78
[1.250ms] [rows:0] SELECT description FROM pg_catalog.pg_description WHERE objsubid = (SELECT ordinal_position FROM information_schema.columns WHERE table_schema = CURRENT_SCHEMA() AND table_name = 'slots' AND column_name = 'id') AND objoid = (SELECT oid FROM pg_catalog.pg_class WHERE relname = 'slots' AND relnamespace = (SELECT oid FROM pg_catalog.pg_namespace WHERE nspname = CURRENT_SCHEMA()))

2025/02/13 14:38:47 /home/bryan/repos/skripsi/backend/setup/setup.go:78
[1.256ms] [rows:0] SELECT description FROM pg_catalog.pg_description WHERE objsubid = (SELECT ordinal_position FROM information_schema.columns WHERE table_schema = CURRENT_SCHEMA() AND table_name = 'slots' AND column_name = 'created_at') AND objoid = (SELECT oid FROM pg_catalog.pg_class WHERE relname = 'slots' AND relnamespace = (SELECT oid FROM pg_catalog.pg_namespace WHERE nspname = CURRENT_SCHEMA()))

2025/02/13 14:38:47 /home/bryan/repos/skripsi/backend/setup/setup.go:78
[1.455ms] [rows:0] SELECT description FROM pg_catalog.pg_description WHERE objsubid = (SELECT ordinal_position FROM information_schema.columns WHERE table_schema = CURRENT_SCHEMA() AND table_name = 'slots' AND column_name = 'updated_at') AND objoid = (SELECT oid FROM pg_catalog.pg_class WHERE relname = 'slots' AND relnamespace = (SELECT oid FROM pg_catalog.pg_namespace WHERE nspname = CURRENT_SCHEMA()))

2025/02/13 14:38:47 /home/bryan/repos/skripsi/backend/setup/setup.go:78
[1.231ms] [rows:0] SELECT description FROM pg_catalog.pg_description WHERE objsubid = (SELECT ordinal_position FROM information_schema.columns WHERE table_schema = CURRENT_SCHEMA() AND table_name = 'slots' AND column_name = 'deleted_at') AND objoid = (SELECT oid FROM pg_catalog.pg_class WHERE relname = 'slots' AND relnamespace = (SELECT oid FROM pg_catalog.pg_namespace WHERE nspname = CURRENT_SCHEMA()))

2025/02/13 14:38:47 /home/bryan/repos/skripsi/backend/setup/setup.go:78
[1.372ms] [rows:0] SELECT description FROM pg_catalog.pg_description WHERE objsubid = (SELECT ordinal_position FROM information_schema.columns WHERE table_schema = CURRENT_SCHEMA() AND table_name = 'slots' AND column_name = 'daycare_id') AND objoid = (SELECT oid FROM pg_catalog.pg_class WHERE relname = 'slots' AND relnamespace = (SELECT oid FROM pg_catalog.pg_namespace WHERE nspname = CURRENT_SCHEMA()))

2025/02/13 14:38:47 /home/bryan/repos/skripsi/backend/setup/setup.go:78
[1.256ms] [rows:0] SELECT description FROM pg_catalog.pg_description WHERE objsubid = (SELECT ordinal_position FROM information_schema.columns WHERE table_schema = CURRENT_SCHEMA() AND table_name = 'slots' AND column_name = 'species_id') AND objoid = (SELECT oid FROM pg_catalog.pg_class WHERE relname = 'slots' AND relnamespace = (SELECT oid FROM pg_catalog.pg_namespace WHERE nspname = CURRENT_SCHEMA()))

2025/02/13 14:38:47 /home/bryan/repos/skripsi/backend/setup/setup.go:78
[1.315ms] [rows:0] SELECT description FROM pg_catalog.pg_description WHERE objsubid = (SELECT ordinal_position FROM information_schema.columns WHERE table_schema = CURRENT_SCHEMA() AND table_name = 'slots' AND column_name = 'size_category_id') AND objoid = (SELECT oid FROM pg_catalog.pg_class WHERE relname = 'slots' AND relnamespace = (SELECT oid FROM pg_catalog.pg_namespace WHERE nspname = CURRENT_SCHEMA()))

2025/02/13 14:38:47 /home/bryan/repos/skripsi/backend/setup/setup.go:78
[1.231ms] [rows:0] SELECT description FROM pg_catalog.pg_description WHERE objsubid = (SELECT ordinal_position FROM information_schema.columns WHERE table_schema = CURRENT_SCHEMA() AND table_name = 'slots' AND column_name = 'max_number') AND objoid = (SELECT oid FROM pg_catalog.pg_class WHERE relname = 'slots' AND relnamespace = (SELECT oid FROM pg_catalog.pg_namespace WHERE nspname = CURRENT_SCHEMA()))

2025/02/13 14:38:47 /home/bryan/repos/skripsi/backend/setup/setup.go:78
[1.045ms] [rows:1] SELECT count(*) FROM INFORMATION_SCHEMA.table_constraints WHERE table_schema = CURRENT_SCHEMA() AND table_name = 'slots' AND constraint_name = 'fk_pet_daycares_slots'

2025/02/13 14:38:47 /home/bryan/repos/skripsi/backend/setup/setup.go:78
[2.401ms] [rows:1] SELECT count(*) FROM pg_indexes WHERE tablename = 'slots' AND indexname = 'idx_slots_deleted_at' AND schemaname = CURRENT_SCHEMA()

2025/02/13 14:38:47 /home/bryan/repos/skripsi/backend/setup/setup.go:78
[0.948ms] [rows:1] SELECT count(*) FROM information_schema.tables WHERE table_schema = CURRENT_SCHEMA() AND table_name = 'booked_slots' AND table_type = 'BASE TABLE'

2025/02/13 14:38:47 /home/bryan/repos/skripsi/backend/setup/setup.go:78
[0.682ms] [rows:1] SELECT CURRENT_DATABASE()

2025/02/13 14:38:47 /home/bryan/repos/skripsi/backend/setup/setup.go:78
[3.234ms] [rows:-] SELECT c.column_name, c.is_nullable = 'YES', c.udt_name, c.character_maximum_length, c.numeric_precision, c.numeric_precision_radix, c.numeric_scale, c.datetime_precision, 8 * typlen, c.column_default, pd.description, c.identity_increment FROM information_schema.columns AS c JOIN pg_type AS pgt ON c.udt_name = pgt.typname LEFT JOIN pg_catalog.pg_description as pd ON pd.objsubid = c.ordinal_position AND pd.objoid = (SELECT oid FROM pg_catalog.pg_class WHERE relname = c.table_name AND relnamespace = (SELECT oid FROM pg_catalog.pg_namespace WHERE nspname = c.table_schema)) where table_catalog = $1$ AND table_schema = CURRENT_SCHEMA() AND table_name = $2$

2025/02/13 14:38:47 /home/bryan/repos/skripsi/backend/setup/setup.go:78
[0.873ms] [rows:-] SELECT * FROM "booked_slots" LIMIT $1$

2025/02/13 14:38:47 /home/bryan/repos/skripsi/backend/setup/setup.go:78
[3.063ms] [rows:-] SELECT constraint_name FROM information_schema.table_constraints tc JOIN information_schema.constraint_column_usage AS ccu USING (constraint_schema, constraint_catalog, table_name, constraint_name) JOIN information_schema.columns AS c ON c.table_schema = tc.constraint_schema AND tc.table_name = c.table_name AND ccu.column_name = c.column_name WHERE constraint_type IN ('PRIMARY KEY', 'UNIQUE') AND c.table_catalog = $1$ AND c.table_schema = CURRENT_SCHEMA() AND c.table_name = $2$ AND constraint_type = $3$

2025/02/13 14:38:47 /home/bryan/repos/skripsi/backend/setup/setup.go:78
[3.091ms] [rows:-] SELECT c.column_name, constraint_name, constraint_type FROM information_schema.table_constraints tc JOIN information_schema.constraint_column_usage AS ccu USING (constraint_schema, constraint_catalog, table_name, constraint_name) JOIN information_schema.columns AS c ON c.table_schema = tc.constraint_schema AND tc.table_name = c.table_name AND ccu.column_name = c.column_name WHERE constraint_type IN ('PRIMARY KEY', 'UNIQUE') AND c.table_catalog = $1$ AND c.table_schema = CURRENT_SCHEMA() AND c.table_name = $2$

2025/02/13 14:38:47 /home/bryan/repos/skripsi/backend/setup/setup.go:78
[1.038ms] [rows:-] SELECT a.attname as column_name, format_type(a.atttypid, a.atttypmod) AS data_type
		FROM pg_attribute a JOIN pg_class b ON a.attrelid = b.oid AND relnamespace = (SELECT oid FROM pg_catalog.pg_namespace WHERE nspname = CURRENT_SCHEMA())
		WHERE a.attnum > 0 -- hide internal columns
		AND NOT a.attisdropped -- hide deleted columns
		AND b.relname = $1$

2025/02/13 14:38:47 /home/bryan/repos/skripsi/backend/setup/setup.go:78
[1.430ms] [rows:0] SELECT description FROM pg_catalog.pg_description WHERE objsubid = (SELECT ordinal_position FROM information_schema.columns WHERE table_schema = CURRENT_SCHEMA() AND table_name = 'booked_slots' AND column_name = 'id') AND objoid = (SELECT oid FROM pg_catalog.pg_class WHERE relname = 'booked_slots' AND relnamespace = (SELECT oid FROM pg_catalog.pg_namespace WHERE nspname = CURRENT_SCHEMA()))

2025/02/13 14:38:47 /home/bryan/repos/skripsi/backend/setup/setup.go:78
[1.353ms] [rows:0] SELECT description FROM pg_catalog.pg_description WHERE objsubid = (SELECT ordinal_position FROM information_schema.columns WHERE table_schema = CURRENT_SCHEMA() AND table_name = 'booked_slots' AND column_name = 'created_at') AND objoid = (SELECT oid FROM pg_catalog.pg_class WHERE relname = 'booked_slots' AND relnamespace = (SELECT oid FROM pg_catalog.pg_namespace WHERE nspname = CURRENT_SCHEMA()))

2025/02/13 14:38:47 /home/bryan/repos/skripsi/backend/setup/setup.go:78
[1.635ms] [rows:0] SELECT description FROM pg_catalog.pg_description WHERE objsubid = (SELECT ordinal_position FROM information_schema.columns WHERE table_schema = CURRENT_SCHEMA() AND table_name = 'booked_slots' AND column_name = 'updated_at') AND objoid = (SELECT oid FROM pg_catalog.pg_class WHERE relname = 'booked_slots' AND relnamespace = (SELECT oid FROM pg_catalog.pg_namespace WHERE nspname = CURRENT_SCHEMA()))

2025/02/13 14:38:47 /home/bryan/repos/skripsi/backend/setup/setup.go:78
[1.959ms] [rows:0] SELECT description FROM pg_catalog.pg_description WHERE objsubid = (SELECT ordinal_position FROM information_schema.columns WHERE table_schema = CURRENT_SCHEMA() AND table_name = 'booked_slots' AND column_name = 'deleted_at') AND objoid = (SELECT oid FROM pg_catalog.pg_class WHERE relname = 'booked_slots' AND relnamespace = (SELECT oid FROM pg_catalog.pg_namespace WHERE nspname = CURRENT_SCHEMA()))

2025/02/13 14:38:47 /home/bryan/repos/skripsi/backend/setup/setup.go:78
[1.841ms] [rows:0] SELECT description FROM pg_catalog.pg_description WHERE objsubid = (SELECT ordinal_position FROM information_schema.columns WHERE table_schema = CURRENT_SCHEMA() AND table_name = 'booked_slots' AND column_name = 'user_id') AND objoid = (SELECT oid FROM pg_catalog.pg_class WHERE relname = 'booked_slots' AND relnamespace = (SELECT oid FROM pg_catalog.pg_namespace WHERE nspname = CURRENT_SCHEMA()))

2025/02/13 14:38:47 /home/bryan/repos/skripsi/backend/setup/setup.go:78
[1.886ms] [rows:0] SELECT description FROM pg_catalog.pg_description WHERE objsubid = (SELECT ordinal_position FROM information_schema.columns WHERE table_schema = CURRENT_SCHEMA() AND table_name = 'booked_slots' AND column_name = 'daycare_id') AND objoid = (SELECT oid FROM pg_catalog.pg_class WHERE relname = 'booked_slots' AND relnamespace = (SELECT oid FROM pg_catalog.pg_namespace WHERE nspname = CURRENT_SCHEMA()))

2025/02/13 14:38:47 /home/bryan/repos/skripsi/backend/setup/setup.go:78
[1.697ms] [rows:0] SELECT description FROM pg_catalog.pg_description WHERE objsubid = (SELECT ordinal_position FROM information_schema.columns WHERE table_schema = CURRENT_SCHEMA() AND table_name = 'booked_slots' AND column_name = 'pet_id') AND objoid = (SELECT oid FROM pg_catalog.pg_class WHERE relname = 'booked_slots' AND relnamespace = (SELECT oid FROM pg_catalog.pg_namespace WHERE nspname = CURRENT_SCHEMA()))

2025/02/13 14:38:47 /home/bryan/repos/skripsi/backend/setup/setup.go:78
[1.637ms] [rows:0] SELECT description FROM pg_catalog.pg_description WHERE objsubid = (SELECT ordinal_position FROM information_schema.columns WHERE table_schema = CURRENT_SCHEMA() AND table_name = 'booked_slots' AND column_name = 'start_date') AND objoid = (SELECT oid FROM pg_catalog.pg_class WHERE relname = 'booked_slots' AND relnamespace = (SELECT oid FROM pg_catalog.pg_namespace WHERE nspname = CURRENT_SCHEMA()))

2025/02/13 14:38:47 /home/bryan/repos/skripsi/backend/setup/setup.go:78
[1.519ms] [rows:0] SELECT description FROM pg_catalog.pg_description WHERE objsubid = (SELECT ordinal_position FROM information_schema.columns WHERE table_schema = CURRENT_SCHEMA() AND table_name = 'booked_slots' AND column_name = 'end_date') AND objoid = (SELECT oid FROM pg_catalog.pg_class WHERE relname = 'booked_slots' AND relnamespace = (SELECT oid FROM pg_catalog.pg_namespace WHERE nspname = CURRENT_SCHEMA()))

2025/02/13 14:38:47 /home/bryan/repos/skripsi/backend/setup/setup.go:78
[1.203ms] [rows:1] SELECT count(*) FROM INFORMATION_SCHEMA.table_constraints WHERE table_schema = CURRENT_SCHEMA() AND table_name = 'booked_slots' AND constraint_name = 'fk_pet_daycares_booked_slots'

2025/02/13 14:38:47 /home/bryan/repos/skripsi/backend/setup/setup.go:78
[1.279ms] [rows:1] SELECT count(*) FROM INFORMATION_SCHEMA.table_constraints WHERE table_schema = CURRENT_SCHEMA() AND table_name = 'booked_slots' AND constraint_name = 'fk_booked_slots_user'

2025/02/13 14:38:47 /home/bryan/repos/skripsi/backend/setup/setup.go:78
[1.296ms] [rows:1] SELECT count(*) FROM INFORMATION_SCHEMA.table_constraints WHERE table_schema = CURRENT_SCHEMA() AND table_name = 'booked_slots' AND constraint_name = 'fk_pets_booked_slots'

2025/02/13 14:38:47 /home/bryan/repos/skripsi/backend/setup/setup.go:78
[2.871ms] [rows:1] SELECT count(*) FROM pg_indexes WHERE tablename = 'booked_slots' AND indexname = 'idx_booked_slots_deleted_at' AND schemaname = CURRENT_SCHEMA()

2025/02/13 14:38:47 /home/bryan/repos/skripsi/backend/setup/setup.go:78
[1.170ms] [rows:1] SELECT count(*) FROM information_schema.tables WHERE table_schema = CURRENT_SCHEMA() AND table_name = 'thumbnails' AND table_type = 'BASE TABLE'

2025/02/13 14:38:47 /home/bryan/repos/skripsi/backend/setup/setup.go:78
[0.673ms] [rows:1] SELECT CURRENT_DATABASE()

2025/02/13 14:38:47 /home/bryan/repos/skripsi/backend/setup/setup.go:78
[2.946ms] [rows:-] SELECT c.column_name, c.is_nullable = 'YES', c.udt_name, c.character_maximum_length, c.numeric_precision, c.numeric_precision_radix, c.numeric_scale, c.datetime_precision, 8 * typlen, c.column_default, pd.description, c.identity_increment FROM information_schema.columns AS c JOIN pg_type AS pgt ON c.udt_name = pgt.typname LEFT JOIN pg_catalog.pg_description as pd ON pd.objsubid = c.ordinal_position AND pd.objoid = (SELECT oid FROM pg_catalog.pg_class WHERE relname = c.table_name AND relnamespace = (SELECT oid FROM pg_catalog.pg_namespace WHERE nspname = c.table_schema)) where table_catalog = $1$ AND table_schema = CURRENT_SCHEMA() AND table_name = $2$

2025/02/13 14:38:47 /home/bryan/repos/skripsi/backend/setup/setup.go:78
[1.084ms] [rows:-] SELECT * FROM "thumbnails" LIMIT $1$

2025/02/13 14:38:47 /home/bryan/repos/skripsi/backend/setup/setup.go:78
[2.219ms] [rows:-] SELECT constraint_name FROM information_schema.table_constraints tc JOIN information_schema.constraint_column_usage AS ccu USING (constraint_schema, constraint_catalog, table_name, constraint_name) JOIN information_schema.columns AS c ON c.table_schema = tc.constraint_schema AND tc.table_name = c.table_name AND ccu.column_name = c.column_name WHERE constraint_type IN ('PRIMARY KEY', 'UNIQUE') AND c.table_catalog = $1$ AND c.table_schema = CURRENT_SCHEMA() AND c.table_name = $2$ AND constraint_type = $3$

2025/02/13 14:38:47 /home/bryan/repos/skripsi/backend/setup/setup.go:78
[2.108ms] [rows:-] SELECT c.column_name, constraint_name, constraint_type FROM information_schema.table_constraints tc JOIN information_schema.constraint_column_usage AS ccu USING (constraint_schema, constraint_catalog, table_name, constraint_name) JOIN information_schema.columns AS c ON c.table_schema = tc.constraint_schema AND tc.table_name = c.table_name AND ccu.column_name = c.column_name WHERE constraint_type IN ('PRIMARY KEY', 'UNIQUE') AND c.table_catalog = $1$ AND c.table_schema = CURRENT_SCHEMA() AND c.table_name = $2$

2025/02/13 14:38:47 /home/bryan/repos/skripsi/backend/setup/setup.go:78
[0.856ms] [rows:-] SELECT a.attname as column_name, format_type(a.atttypid, a.atttypmod) AS data_type
		FROM pg_attribute a JOIN pg_class b ON a.attrelid = b.oid AND relnamespace = (SELECT oid FROM pg_catalog.pg_namespace WHERE nspname = CURRENT_SCHEMA())
		WHERE a.attnum > 0 -- hide internal columns
		AND NOT a.attisdropped -- hide deleted columns
		AND b.relname = $1$

2025/02/13 14:38:47 /home/bryan/repos/skripsi/backend/setup/setup.go:78
[1.338ms] [rows:0] SELECT description FROM pg_catalog.pg_description WHERE objsubid = (SELECT ordinal_position FROM information_schema.columns WHERE table_schema = CURRENT_SCHEMA() AND table_name = 'thumbnails' AND column_name = 'id') AND objoid = (SELECT oid FROM pg_catalog.pg_class WHERE relname = 'thumbnails' AND relnamespace = (SELECT oid FROM pg_catalog.pg_namespace WHERE nspname = CURRENT_SCHEMA()))

2025/02/13 14:38:47 /home/bryan/repos/skripsi/backend/setup/setup.go:78
[1.384ms] [rows:0] SELECT description FROM pg_catalog.pg_description WHERE objsubid = (SELECT ordinal_position FROM information_schema.columns WHERE table_schema = CURRENT_SCHEMA() AND table_name = 'thumbnails' AND column_name = 'daycare_id') AND objoid = (SELECT oid FROM pg_catalog.pg_class WHERE relname = 'thumbnails' AND relnamespace = (SELECT oid FROM pg_catalog.pg_namespace WHERE nspname = CURRENT_SCHEMA()))

2025/02/13 14:38:47 /home/bryan/repos/skripsi/backend/setup/setup.go:78
[1.394ms] [rows:0] SELECT description FROM pg_catalog.pg_description WHERE objsubid = (SELECT ordinal_position FROM information_schema.columns WHERE table_schema = CURRENT_SCHEMA() AND table_name = 'thumbnails' AND column_name = 'image_url') AND objoid = (SELECT oid FROM pg_catalog.pg_class WHERE relname = 'thumbnails' AND relnamespace = (SELECT oid FROM pg_catalog.pg_namespace WHERE nspname = CURRENT_SCHEMA()))

2025/02/13 14:38:47 /home/bryan/repos/skripsi/backend/setup/setup.go:78
[1.047ms] [rows:1] SELECT count(*) FROM INFORMATION_SCHEMA.table_constraints WHERE table_schema = CURRENT_SCHEMA() AND table_name = 'thumbnails' AND constraint_name = 'fk_pet_daycares_thumbnails'

2025/02/13 14:38:47 /home/bryan/repos/skripsi/backend/setup/setup.go:78
[0.893ms] [rows:1] SELECT count(*) FROM information_schema.tables WHERE table_schema = CURRENT_SCHEMA() AND table_name = 'reviews' AND table_type = 'BASE TABLE'

2025/02/13 14:38:47 /home/bryan/repos/skripsi/backend/setup/setup.go:78
[0.677ms] [rows:1] SELECT CURRENT_DATABASE()

2025/02/13 14:38:47 /home/bryan/repos/skripsi/backend/setup/setup.go:78
[3.265ms] [rows:-] SELECT c.column_name, c.is_nullable = 'YES', c.udt_name, c.character_maximum_length, c.numeric_precision, c.numeric_precision_radix, c.numeric_scale, c.datetime_precision, 8 * typlen, c.column_default, pd.description, c.identity_increment FROM information_schema.columns AS c JOIN pg_type AS pgt ON c.udt_name = pgt.typname LEFT JOIN pg_catalog.pg_description as pd ON pd.objsubid = c.ordinal_position AND pd.objoid = (SELECT oid FROM pg_catalog.pg_class WHERE relname = c.table_name AND relnamespace = (SELECT oid FROM pg_catalog.pg_namespace WHERE nspname = c.table_schema)) where table_catalog = $1$ AND table_schema = CURRENT_SCHEMA() AND table_name = $2$

2025/02/13 14:38:47 /home/bryan/repos/skripsi/backend/setup/setup.go:78
[0.849ms] [rows:-] SELECT * FROM "reviews" LIMIT $1$

2025/02/13 14:38:47 /home/bryan/repos/skripsi/backend/setup/setup.go:78
[3.986ms] [rows:-] SELECT constraint_name FROM information_schema.table_constraints tc JOIN information_schema.constraint_column_usage AS ccu USING (constraint_schema, constraint_catalog, table_name, constraint_name) JOIN information_schema.columns AS c ON c.table_schema = tc.constraint_schema AND tc.table_name = c.table_name AND ccu.column_name = c.column_name WHERE constraint_type IN ('PRIMARY KEY', 'UNIQUE') AND c.table_catalog = $1$ AND c.table_schema = CURRENT_SCHEMA() AND c.table_name = $2$ AND constraint_type = $3$

2025/02/13 14:38:47 /home/bryan/repos/skripsi/backend/setup/setup.go:78
[2.978ms] [rows:-] SELECT c.column_name, constraint_name, constraint_type FROM information_schema.table_constraints tc JOIN information_schema.constraint_column_usage AS ccu USING (constraint_schema, constraint_catalog, table_name, constraint_name) JOIN information_schema.columns AS c ON c.table_schema = tc.constraint_schema AND tc.table_name = c.table_name AND ccu.column_name = c.column_name WHERE constraint_type IN ('PRIMARY KEY', 'UNIQUE') AND c.table_catalog = $1$ AND c.table_schema = CURRENT_SCHEMA() AND c.table_name = $2$

2025/02/13 14:38:47 /home/bryan/repos/skripsi/backend/setup/setup.go:78
[0.968ms] [rows:-] SELECT a.attname as column_name, format_type(a.atttypid, a.atttypmod) AS data_type
		FROM pg_attribute a JOIN pg_class b ON a.attrelid = b.oid AND relnamespace = (SELECT oid FROM pg_catalog.pg_namespace WHERE nspname = CURRENT_SCHEMA())
		WHERE a.attnum > 0 -- hide internal columns
		AND NOT a.attisdropped -- hide deleted columns
		AND b.relname = $1$

2025/02/13 14:38:47 /home/bryan/repos/skripsi/backend/setup/setup.go:78
[1.427ms] [rows:0] SELECT description FROM pg_catalog.pg_description WHERE objsubid = (SELECT ordinal_position FROM information_schema.columns WHERE table_schema = CURRENT_SCHEMA() AND table_name = 'reviews' AND column_name = 'id') AND objoid = (SELECT oid FROM pg_catalog.pg_class WHERE relname = 'reviews' AND relnamespace = (SELECT oid FROM pg_catalog.pg_namespace WHERE nspname = CURRENT_SCHEMA()))

2025/02/13 14:38:47 /home/bryan/repos/skripsi/backend/setup/setup.go:78
[1.401ms] [rows:0] SELECT description FROM pg_catalog.pg_description WHERE objsubid = (SELECT ordinal_position FROM information_schema.columns WHERE table_schema = CURRENT_SCHEMA() AND table_name = 'reviews' AND column_name = 'created_at') AND objoid = (SELECT oid FROM pg_catalog.pg_class WHERE relname = 'reviews' AND relnamespace = (SELECT oid FROM pg_catalog.pg_namespace WHERE nspname = CURRENT_SCHEMA()))

2025/02/13 14:38:47 /home/bryan/repos/skripsi/backend/setup/setup.go:78
[1.372ms] [rows:0] SELECT description FROM pg_catalog.pg_description WHERE objsubid = (SELECT ordinal_position FROM information_schema.columns WHERE table_schema = CURRENT_SCHEMA() AND table_name = 'reviews' AND column_name = 'updated_at') AND objoid = (SELECT oid FROM pg_catalog.pg_class WHERE relname = 'reviews' AND relnamespace = (SELECT oid FROM pg_catalog.pg_namespace WHERE nspname = CURRENT_SCHEMA()))

2025/02/13 14:38:47 /home/bryan/repos/skripsi/backend/setup/setup.go:78
[1.493ms] [rows:0] SELECT description FROM pg_catalog.pg_description WHERE objsubid = (SELECT ordinal_position FROM information_schema.columns WHERE table_schema = CURRENT_SCHEMA() AND table_name = 'reviews' AND column_name = 'deleted_at') AND objoid = (SELECT oid FROM pg_catalog.pg_class WHERE relname = 'reviews' AND relnamespace = (SELECT oid FROM pg_catalog.pg_namespace WHERE nspname = CURRENT_SCHEMA()))

2025/02/13 14:38:47 /home/bryan/repos/skripsi/backend/setup/setup.go:78
[1.675ms] [rows:0] SELECT description FROM pg_catalog.pg_description WHERE objsubid = (SELECT ordinal_position FROM information_schema.columns WHERE table_schema = CURRENT_SCHEMA() AND table_name = 'reviews' AND column_name = 'daycare_id') AND objoid = (SELECT oid FROM pg_catalog.pg_class WHERE relname = 'reviews' AND relnamespace = (SELECT oid FROM pg_catalog.pg_namespace WHERE nspname = CURRENT_SCHEMA()))

2025/02/13 14:38:47 /home/bryan/repos/skripsi/backend/setup/setup.go:78
[1.743ms] [rows:0] SELECT description FROM pg_catalog.pg_description WHERE objsubid = (SELECT ordinal_position FROM information_schema.columns WHERE table_schema = CURRENT_SCHEMA() AND table_name = 'reviews' AND column_name = 'user_id') AND objoid = (SELECT oid FROM pg_catalog.pg_class WHERE relname = 'reviews' AND relnamespace = (SELECT oid FROM pg_catalog.pg_namespace WHERE nspname = CURRENT_SCHEMA()))

2025/02/13 14:38:47 /home/bryan/repos/skripsi/backend/setup/setup.go:78
[1.603ms] [rows:0] SELECT description FROM pg_catalog.pg_description WHERE objsubid = (SELECT ordinal_position FROM information_schema.columns WHERE table_schema = CURRENT_SCHEMA() AND table_name = 'reviews' AND column_name = 'name') AND objoid = (SELECT oid FROM pg_catalog.pg_class WHERE relname = 'reviews' AND relnamespace = (SELECT oid FROM pg_catalog.pg_namespace WHERE nspname = CURRENT_SCHEMA()))

2025/02/13 14:38:47 /home/bryan/repos/skripsi/backend/setup/setup.go:78
[1.535ms] [rows:0] SELECT description FROM pg_catalog.pg_description WHERE objsubid = (SELECT ordinal_position FROM information_schema.columns WHERE table_schema = CURRENT_SCHEMA() AND table_name = 'reviews' AND column_name = 'rate') AND objoid = (SELECT oid FROM pg_catalog.pg_class WHERE relname = 'reviews' AND relnamespace = (SELECT oid FROM pg_catalog.pg_namespace WHERE nspname = CURRENT_SCHEMA()))

2025/02/13 14:38:47 /home/bryan/repos/skripsi/backend/setup/setup.go:78
[2.266ms] [rows:0] SELECT description FROM pg_catalog.pg_description WHERE objsubid = (SELECT ordinal_position FROM information_schema.columns WHERE table_schema = CURRENT_SCHEMA() AND table_name = 'reviews' AND column_name = 'description') AND objoid = (SELECT oid FROM pg_catalog.pg_class WHERE relname = 'reviews' AND relnamespace = (SELECT oid FROM pg_catalog.pg_namespace WHERE nspname = CURRENT_SCHEMA()))

2025/02/13 14:38:47 /home/bryan/repos/skripsi/backend/setup/setup.go:78
[1.429ms] [rows:1] SELECT count(*) FROM INFORMATION_SCHEMA.table_constraints WHERE table_schema = CURRENT_SCHEMA() AND table_name = 'reviews' AND constraint_name = 'fk_users_reviews'

2025/02/13 14:38:47 /home/bryan/repos/skripsi/backend/setup/setup.go:78
[1.246ms] [rows:1] SELECT count(*) FROM INFORMATION_SCHEMA.table_constraints WHERE table_schema = CURRENT_SCHEMA() AND table_name = 'reviews' AND constraint_name = 'fk_pet_daycares_reviews'

2025/02/13 14:38:47 /home/bryan/repos/skripsi/backend/setup/setup.go:78
[3.000ms] [rows:1] SELECT count(*) FROM pg_indexes WHERE tablename = 'reviews' AND indexname = 'idx_reviews_deleted_at' AND schemaname = CURRENT_SCHEMA()

2025/02/13 14:38:47 /home/bryan/repos/skripsi/backend/setup/setup.go:78
[1.046ms] [rows:1] SELECT count(*) FROM information_schema.tables WHERE table_schema = CURRENT_SCHEMA() AND table_name = 'refresh_tokens' AND table_type = 'BASE TABLE'

2025/02/13 14:38:47 /home/bryan/repos/skripsi/backend/setup/setup.go:78
[0.808ms] [rows:1] SELECT CURRENT_DATABASE()

2025/02/13 14:38:47 /home/bryan/repos/skripsi/backend/setup/setup.go:78
[4.647ms] [rows:-] SELECT c.column_name, c.is_nullable = 'YES', c.udt_name, c.character_maximum_length, c.numeric_precision, c.numeric_precision_radix, c.numeric_scale, c.datetime_precision, 8 * typlen, c.column_default, pd.description, c.identity_increment FROM information_schema.columns AS c JOIN pg_type AS pgt ON c.udt_name = pgt.typname LEFT JOIN pg_catalog.pg_description as pd ON pd.objsubid = c.ordinal_position AND pd.objoid = (SELECT oid FROM pg_catalog.pg_class WHERE relname = c.table_name AND relnamespace = (SELECT oid FROM pg_catalog.pg_namespace WHERE nspname = c.table_schema)) where table_catalog = $1$ AND table_schema = CURRENT_SCHEMA() AND table_name = $2$

2025/02/13 14:38:47 /home/bryan/repos/skripsi/backend/setup/setup.go:78
[2.099ms] [rows:-] SELECT * FROM "refresh_tokens" LIMIT $1$

2025/02/13 14:38:47 /home/bryan/repos/skripsi/backend/setup/setup.go:78
[3.429ms] [rows:-] SELECT constraint_name FROM information_schema.table_constraints tc JOIN information_schema.constraint_column_usage AS ccu USING (constraint_schema, constraint_catalog, table_name, constraint_name) JOIN information_schema.columns AS c ON c.table_schema = tc.constraint_schema AND tc.table_name = c.table_name AND ccu.column_name = c.column_name WHERE constraint_type IN ('PRIMARY KEY', 'UNIQUE') AND c.table_catalog = $1$ AND c.table_schema = CURRENT_SCHEMA() AND c.table_name = $2$ AND constraint_type = $3$

2025/02/13 14:38:47 /home/bryan/repos/skripsi/backend/setup/setup.go:78
[3.110ms] [rows:-] SELECT c.column_name, constraint_name, constraint_type FROM information_schema.table_constraints tc JOIN information_schema.constraint_column_usage AS ccu USING (constraint_schema, constraint_catalog, table_name, constraint_name) JOIN information_schema.columns AS c ON c.table_schema = tc.constraint_schema AND tc.table_name = c.table_name AND ccu.column_name = c.column_name WHERE constraint_type IN ('PRIMARY KEY', 'UNIQUE') AND c.table_catalog = $1$ AND c.table_schema = CURRENT_SCHEMA() AND c.table_name = $2$

2025/02/13 14:38:47 /home/bryan/repos/skripsi/backend/setup/setup.go:78
[1.098ms] [rows:-] SELECT a.attname as column_name, format_type(a.atttypid, a.atttypmod) AS data_type
		FROM pg_attribute a JOIN pg_class b ON a.attrelid = b.oid AND relnamespace = (SELECT oid FROM pg_catalog.pg_namespace WHERE nspname = CURRENT_SCHEMA())
		WHERE a.attnum > 0 -- hide internal columns
		AND NOT a.attisdropped -- hide deleted columns
		AND b.relname = $1$

2025/02/13 14:38:47 /home/bryan/repos/skripsi/backend/setup/setup.go:78
[1.526ms] [rows:0] SELECT description FROM pg_catalog.pg_description WHERE objsubid = (SELECT ordinal_position FROM information_schema.columns WHERE table_schema = CURRENT_SCHEMA() AND table_name = 'refresh_tokens' AND column_name = 'id') AND objoid = (SELECT oid FROM pg_catalog.pg_class WHERE relname = 'refresh_tokens' AND relnamespace = (SELECT oid FROM pg_catalog.pg_namespace WHERE nspname = CURRENT_SCHEMA()))

2025/02/13 14:38:47 /home/bryan/repos/skripsi/backend/setup/setup.go:78
[1.534ms] [rows:0] SELECT description FROM pg_catalog.pg_description WHERE objsubid = (SELECT ordinal_position FROM information_schema.columns WHERE table_schema = CURRENT_SCHEMA() AND table_name = 'refresh_tokens' AND column_name = 'created_at') AND objoid = (SELECT oid FROM pg_catalog.pg_class WHERE relname = 'refresh_tokens' AND relnamespace = (SELECT oid FROM pg_catalog.pg_namespace WHERE nspname = CURRENT_SCHEMA()))

2025/02/13 14:38:47 /home/bryan/repos/skripsi/backend/setup/setup.go:78
[1.880ms] [rows:0] SELECT description FROM pg_catalog.pg_description WHERE objsubid = (SELECT ordinal_position FROM information_schema.columns WHERE table_schema = CURRENT_SCHEMA() AND table_name = 'refresh_tokens' AND column_name = 'updated_at') AND objoid = (SELECT oid FROM pg_catalog.pg_class WHERE relname = 'refresh_tokens' AND relnamespace = (SELECT oid FROM pg_catalog.pg_namespace WHERE nspname = CURRENT_SCHEMA()))

2025/02/13 14:38:47 /home/bryan/repos/skripsi/backend/setup/setup.go:78
[1.580ms] [rows:0] SELECT description FROM pg_catalog.pg_description WHERE objsubid = (SELECT ordinal_position FROM information_schema.columns WHERE table_schema = CURRENT_SCHEMA() AND table_name = 'refresh_tokens' AND column_name = 'deleted_at') AND objoid = (SELECT oid FROM pg_catalog.pg_class WHERE relname = 'refresh_tokens' AND relnamespace = (SELECT oid FROM pg_catalog.pg_namespace WHERE nspname = CURRENT_SCHEMA()))

2025/02/13 14:38:47 /home/bryan/repos/skripsi/backend/setup/setup.go:78
[1.480ms] [rows:0] SELECT description FROM pg_catalog.pg_description WHERE objsubid = (SELECT ordinal_position FROM information_schema.columns WHERE table_schema = CURRENT_SCHEMA() AND table_name = 'refresh_tokens' AND column_name = 'user_id') AND objoid = (SELECT oid FROM pg_catalog.pg_class WHERE relname = 'refresh_tokens' AND relnamespace = (SELECT oid FROM pg_catalog.pg_namespace WHERE nspname = CURRENT_SCHEMA()))

2025/02/13 14:38:47 /home/bryan/repos/skripsi/backend/setup/setup.go:78
[1.575ms] [rows:0] SELECT description FROM pg_catalog.pg_description WHERE objsubid = (SELECT ordinal_position FROM information_schema.columns WHERE table_schema = CURRENT_SCHEMA() AND table_name = 'refresh_tokens' AND column_name = 'token') AND objoid = (SELECT oid FROM pg_catalog.pg_class WHERE relname = 'refresh_tokens' AND relnamespace = (SELECT oid FROM pg_catalog.pg_namespace WHERE nspname = CURRENT_SCHEMA()))

2025/02/13 14:38:47 /home/bryan/repos/skripsi/backend/setup/setup.go:78
[1.754ms] [rows:0] SELECT description FROM pg_catalog.pg_description WHERE objsubid = (SELECT ordinal_position FROM information_schema.columns WHERE table_schema = CURRENT_SCHEMA() AND table_name = 'refresh_tokens' AND column_name = 'expires_at') AND objoid = (SELECT oid FROM pg_catalog.pg_class WHERE relname = 'refresh_tokens' AND relnamespace = (SELECT oid FROM pg_catalog.pg_namespace WHERE nspname = CURRENT_SCHEMA()))

2025/02/13 14:38:47 /home/bryan/repos/skripsi/backend/setup/setup.go:78
[1.148ms] [rows:1] SELECT count(*) FROM pg_indexes WHERE tablename = 'refresh_tokens' AND indexname = 'idx_refresh_tokens_deleted_at' AND schemaname = CURRENT_SCHEMA()

2025/02/13 14:38:47 /home/bryan/repos/skripsi/backend/setup/setup.go:78
[1.298ms] [rows:1] SELECT count(*) FROM pg_indexes WHERE tablename = 'refresh_tokens' AND indexname = 'idx_refresh_tokens_user_id' AND schemaname = CURRENT_SCHEMA()

2025/02/13 14:38:47 /home/bryan/repos/skripsi/backend/setup/setup.go:78
[0.987ms] [rows:1] SELECT count(*) FROM information_schema.tables WHERE table_schema = CURRENT_SCHEMA() AND table_name = 'transactions' AND table_type = 'BASE TABLE'

2025/02/13 14:38:47 /home/bryan/repos/skripsi/backend/setup/setup.go:78
[0.658ms] [rows:1] SELECT CURRENT_DATABASE()

2025/02/13 14:38:47 /home/bryan/repos/skripsi/backend/setup/setup.go:78
[3.373ms] [rows:-] SELECT c.column_name, c.is_nullable = 'YES', c.udt_name, c.character_maximum_length, c.numeric_precision, c.numeric_precision_radix, c.numeric_scale, c.datetime_precision, 8 * typlen, c.column_default, pd.description, c.identity_increment FROM information_schema.columns AS c JOIN pg_type AS pgt ON c.udt_name = pgt.typname LEFT JOIN pg_catalog.pg_description as pd ON pd.objsubid = c.ordinal_position AND pd.objoid = (SELECT oid FROM pg_catalog.pg_class WHERE relname = c.table_name AND relnamespace = (SELECT oid FROM pg_catalog.pg_namespace WHERE nspname = c.table_schema)) where table_catalog = $1$ AND table_schema = CURRENT_SCHEMA() AND table_name = $2$

2025/02/13 14:38:47 /home/bryan/repos/skripsi/backend/setup/setup.go:78
[1.022ms] [rows:-] SELECT * FROM "transactions" LIMIT $1$

2025/02/13 14:38:47 /home/bryan/repos/skripsi/backend/setup/setup.go:78
[2.923ms] [rows:-] SELECT constraint_name FROM information_schema.table_constraints tc JOIN information_schema.constraint_column_usage AS ccu USING (constraint_schema, constraint_catalog, table_name, constraint_name) JOIN information_schema.columns AS c ON c.table_schema = tc.constraint_schema AND tc.table_name = c.table_name AND ccu.column_name = c.column_name WHERE constraint_type IN ('PRIMARY KEY', 'UNIQUE') AND c.table_catalog = $1$ AND c.table_schema = CURRENT_SCHEMA() AND c.table_name = $2$ AND constraint_type = $3$

2025/02/13 14:38:47 /home/bryan/repos/skripsi/backend/setup/setup.go:78
[3.025ms] [rows:-] SELECT c.column_name, constraint_name, constraint_type FROM information_schema.table_constraints tc JOIN information_schema.constraint_column_usage AS ccu USING (constraint_schema, constraint_catalog, table_name, constraint_name) JOIN information_schema.columns AS c ON c.table_schema = tc.constraint_schema AND tc.table_name = c.table_name AND ccu.column_name = c.column_name WHERE constraint_type IN ('PRIMARY KEY', 'UNIQUE') AND c.table_catalog = $1$ AND c.table_schema = CURRENT_SCHEMA() AND c.table_name = $2$

2025/02/13 14:38:47 /home/bryan/repos/skripsi/backend/setup/setup.go:78
[1.017ms] [rows:-] SELECT a.attname as column_name, format_type(a.atttypid, a.atttypmod) AS data_type
		FROM pg_attribute a JOIN pg_class b ON a.attrelid = b.oid AND relnamespace = (SELECT oid FROM pg_catalog.pg_namespace WHERE nspname = CURRENT_SCHEMA())
		WHERE a.attnum > 0 -- hide internal columns
		AND NOT a.attisdropped -- hide deleted columns
		AND b.relname = $1$

2025/02/13 14:38:47 /home/bryan/repos/skripsi/backend/setup/setup.go:78
[1.537ms] [rows:0] SELECT description FROM pg_catalog.pg_description WHERE objsubid = (SELECT ordinal_position FROM information_schema.columns WHERE table_schema = CURRENT_SCHEMA() AND table_name = 'transactions' AND column_name = 'id') AND objoid = (SELECT oid FROM pg_catalog.pg_class WHERE relname = 'transactions' AND relnamespace = (SELECT oid FROM pg_catalog.pg_namespace WHERE nspname = CURRENT_SCHEMA()))

2025/02/13 14:38:47 /home/bryan/repos/skripsi/backend/setup/setup.go:78
[1.573ms] [rows:0] SELECT description FROM pg_catalog.pg_description WHERE objsubid = (SELECT ordinal_position FROM information_schema.columns WHERE table_schema = CURRENT_SCHEMA() AND table_name = 'transactions' AND column_name = 'created_at') AND objoid = (SELECT oid FROM pg_catalog.pg_class WHERE relname = 'transactions' AND relnamespace = (SELECT oid FROM pg_catalog.pg_namespace WHERE nspname = CURRENT_SCHEMA()))

2025/02/13 14:38:47 /home/bryan/repos/skripsi/backend/setup/setup.go:78
[1.451ms] [rows:0] SELECT description FROM pg_catalog.pg_description WHERE objsubid = (SELECT ordinal_position FROM information_schema.columns WHERE table_schema = CURRENT_SCHEMA() AND table_name = 'transactions' AND column_name = 'pet_daycare_id') AND objoid = (SELECT oid FROM pg_catalog.pg_class WHERE relname = 'transactions' AND relnamespace = (SELECT oid FROM pg_catalog.pg_namespace WHERE nspname = CURRENT_SCHEMA()))

2025/02/13 14:38:47 /home/bryan/repos/skripsi/backend/setup/setup.go:78
[1.619ms] [rows:0] SELECT description FROM pg_catalog.pg_description WHERE objsubid = (SELECT ordinal_position FROM information_schema.columns WHERE table_schema = CURRENT_SCHEMA() AND table_name = 'transactions' AND column_name = 'booked_slot_id') AND objoid = (SELECT oid FROM pg_catalog.pg_class WHERE relname = 'transactions' AND relnamespace = (SELECT oid FROM pg_catalog.pg_namespace WHERE nspname = CURRENT_SCHEMA()))

2025/02/13 14:38:47 /home/bryan/repos/skripsi/backend/setup/setup.go:78
[1.499ms] [rows:0] SELECT description FROM pg_catalog.pg_description WHERE objsubid = (SELECT ordinal_position FROM information_schema.columns WHERE table_schema = CURRENT_SCHEMA() AND table_name = 'transactions' AND column_name = 'status') AND objoid = (SELECT oid FROM pg_catalog.pg_class WHERE relname = 'transactions' AND relnamespace = (SELECT oid FROM pg_catalog.pg_namespace WHERE nspname = CURRENT_SCHEMA()))

2025/02/13 14:38:47 /home/bryan/repos/skripsi/backend/setup/setup.go:78
[1.265ms] [rows:1] SELECT count(*) FROM INFORMATION_SCHEMA.table_constraints WHERE table_schema = CURRENT_SCHEMA() AND table_name = 'transactions' AND constraint_name = 'fk_transactions_booked_slot'

2025/02/13 14:38:47 /home/bryan/repos/skripsi/backend/setup/setup.go:78
[1.716ms] [rows:1] SELECT count(*) FROM INFORMATION_SCHEMA.table_constraints WHERE table_schema = CURRENT_SCHEMA() AND table_name = 'transactions' AND constraint_name = 'fk_transactions_pet_daycare'

2025/02/13 14:38:47 /home/bryan/repos/skripsi/backend/setup/setup.go:78
[1.263ms] [rows:1] SELECT count(*) FROM information_schema.tables WHERE table_schema = CURRENT_SCHEMA() AND table_name = 'reduce_slots' AND table_type = 'BASE TABLE'

2025/02/13 14:38:47 /home/bryan/repos/skripsi/backend/setup/setup.go:78
[0.780ms] [rows:1] SELECT CURRENT_DATABASE()

2025/02/13 14:38:47 /home/bryan/repos/skripsi/backend/setup/setup.go:78
[3.061ms] [rows:-] SELECT c.column_name, c.is_nullable = 'YES', c.udt_name, c.character_maximum_length, c.numeric_precision, c.numeric_precision_radix, c.numeric_scale, c.datetime_precision, 8 * typlen, c.column_default, pd.description, c.identity_increment FROM information_schema.columns AS c JOIN pg_type AS pgt ON c.udt_name = pgt.typname LEFT JOIN pg_catalog.pg_description as pd ON pd.objsubid = c.ordinal_position AND pd.objoid = (SELECT oid FROM pg_catalog.pg_class WHERE relname = c.table_name AND relnamespace = (SELECT oid FROM pg_catalog.pg_namespace WHERE nspname = c.table_schema)) where table_catalog = $1$ AND table_schema = CURRENT_SCHEMA() AND table_name = $2$

2025/02/13 14:38:47 /home/bryan/repos/skripsi/backend/setup/setup.go:78
[1.044ms] [rows:-] SELECT * FROM "reduce_slots" LIMIT $1$

2025/02/13 14:38:47 /home/bryan/repos/skripsi/backend/setup/setup.go:78
[2.628ms] [rows:-] SELECT constraint_name FROM information_schema.table_constraints tc JOIN information_schema.constraint_column_usage AS ccu USING (constraint_schema, constraint_catalog, table_name, constraint_name) JOIN information_schema.columns AS c ON c.table_schema = tc.constraint_schema AND tc.table_name = c.table_name AND ccu.column_name = c.column_name WHERE constraint_type IN ('PRIMARY KEY', 'UNIQUE') AND c.table_catalog = $1$ AND c.table_schema = CURRENT_SCHEMA() AND c.table_name = $2$ AND constraint_type = $3$

2025/02/13 14:38:47 /home/bryan/repos/skripsi/backend/setup/setup.go:78
[2.313ms] [rows:-] SELECT c.column_name, constraint_name, constraint_type FROM information_schema.table_constraints tc JOIN information_schema.constraint_column_usage AS ccu USING (constraint_schema, constraint_catalog, table_name, constraint_name) JOIN information_schema.columns AS c ON c.table_schema = tc.constraint_schema AND tc.table_name = c.table_name AND ccu.column_name = c.column_name WHERE constraint_type IN ('PRIMARY KEY', 'UNIQUE') AND c.table_catalog = $1$ AND c.table_schema = CURRENT_SCHEMA() AND c.table_name = $2$

2025/02/13 14:38:47 /home/bryan/repos/skripsi/backend/setup/setup.go:78
[1.067ms] [rows:-] SELECT a.attname as column_name, format_type(a.atttypid, a.atttypmod) AS data_type
		FROM pg_attribute a JOIN pg_class b ON a.attrelid = b.oid AND relnamespace = (SELECT oid FROM pg_catalog.pg_namespace WHERE nspname = CURRENT_SCHEMA())
		WHERE a.attnum > 0 -- hide internal columns
		AND NOT a.attisdropped -- hide deleted columns
		AND b.relname = $1$

2025/02/13 14:38:47 /home/bryan/repos/skripsi/backend/setup/setup.go:78
[1.768ms] [rows:0] SELECT description FROM pg_catalog.pg_description WHERE objsubid = (SELECT ordinal_position FROM information_schema.columns WHERE table_schema = CURRENT_SCHEMA() AND table_name = 'reduce_slots' AND column_name = 'id') AND objoid = (SELECT oid FROM pg_catalog.pg_class WHERE relname = 'reduce_slots' AND relnamespace = (SELECT oid FROM pg_catalog.pg_namespace WHERE nspname = CURRENT_SCHEMA()))

2025/02/13 14:38:47 /home/bryan/repos/skripsi/backend/setup/setup.go:78
[1.960ms] [rows:0] SELECT description FROM pg_catalog.pg_description WHERE objsubid = (SELECT ordinal_position FROM information_schema.columns WHERE table_schema = CURRENT_SCHEMA() AND table_name = 'reduce_slots' AND column_name = 'slot_id') AND objoid = (SELECT oid FROM pg_catalog.pg_class WHERE relname = 'reduce_slots' AND relnamespace = (SELECT oid FROM pg_catalog.pg_namespace WHERE nspname = CURRENT_SCHEMA()))

2025/02/13 14:38:47 /home/bryan/repos/skripsi/backend/setup/setup.go:78
[1.867ms] [rows:0] SELECT description FROM pg_catalog.pg_description WHERE objsubid = (SELECT ordinal_position FROM information_schema.columns WHERE table_schema = CURRENT_SCHEMA() AND table_name = 'reduce_slots' AND column_name = 'reduced_count') AND objoid = (SELECT oid FROM pg_catalog.pg_class WHERE relname = 'reduce_slots' AND relnamespace = (SELECT oid FROM pg_catalog.pg_namespace WHERE nspname = CURRENT_SCHEMA()))

2025/02/13 14:38:47 /home/bryan/repos/skripsi/backend/setup/setup.go:78
[1.933ms] [rows:0] SELECT description FROM pg_catalog.pg_description WHERE objsubid = (SELECT ordinal_position FROM information_schema.columns WHERE table_schema = CURRENT_SCHEMA() AND table_name = 'reduce_slots' AND column_name = 'target_date') AND objoid = (SELECT oid FROM pg_catalog.pg_class WHERE relname = 'reduce_slots' AND relnamespace = (SELECT oid FROM pg_catalog.pg_namespace WHERE nspname = CURRENT_SCHEMA()))

2025/02/13 14:38:47 /home/bryan/repos/skripsi/backend/setup/setup.go:78
[1.139ms] [rows:1] SELECT count(*) FROM information_schema.tables WHERE table_schema = CURRENT_SCHEMA() AND table_name = 'booked_slots_dailies' AND table_type = 'BASE TABLE'

2025/02/13 14:38:47 /home/bryan/repos/skripsi/backend/setup/setup.go:78
[1.033ms] [rows:1] SELECT CURRENT_DATABASE()

2025/02/13 14:38:47 /home/bryan/repos/skripsi/backend/setup/setup.go:78
[5.115ms] [rows:-] SELECT c.column_name, c.is_nullable = 'YES', c.udt_name, c.character_maximum_length, c.numeric_precision, c.numeric_precision_radix, c.numeric_scale, c.datetime_precision, 8 * typlen, c.column_default, pd.description, c.identity_increment FROM information_schema.columns AS c JOIN pg_type AS pgt ON c.udt_name = pgt.typname LEFT JOIN pg_catalog.pg_description as pd ON pd.objsubid = c.ordinal_position AND pd.objoid = (SELECT oid FROM pg_catalog.pg_class WHERE relname = c.table_name AND relnamespace = (SELECT oid FROM pg_catalog.pg_namespace WHERE nspname = c.table_schema)) where table_catalog = $1$ AND table_schema = CURRENT_SCHEMA() AND table_name = $2$

2025/02/13 14:38:47 /home/bryan/repos/skripsi/backend/setup/setup.go:78
[2.558ms] [rows:-] SELECT * FROM "booked_slots_dailies" LIMIT $1$

2025/02/13 14:38:47 /home/bryan/repos/skripsi/backend/setup/setup.go:78
[4.052ms] [rows:-] SELECT constraint_name FROM information_schema.table_constraints tc JOIN information_schema.constraint_column_usage AS ccu USING (constraint_schema, constraint_catalog, table_name, constraint_name) JOIN information_schema.columns AS c ON c.table_schema = tc.constraint_schema AND tc.table_name = c.table_name AND ccu.column_name = c.column_name WHERE constraint_type IN ('PRIMARY KEY', 'UNIQUE') AND c.table_catalog = $1$ AND c.table_schema = CURRENT_SCHEMA() AND c.table_name = $2$ AND constraint_type = $3$

2025/02/13 14:38:47 /home/bryan/repos/skripsi/backend/setup/setup.go:78
[3.880ms] [rows:-] SELECT c.column_name, constraint_name, constraint_type FROM information_schema.table_constraints tc JOIN information_schema.constraint_column_usage AS ccu USING (constraint_schema, constraint_catalog, table_name, constraint_name) JOIN information_schema.columns AS c ON c.table_schema = tc.constraint_schema AND tc.table_name = c.table_name AND ccu.column_name = c.column_name WHERE constraint_type IN ('PRIMARY KEY', 'UNIQUE') AND c.table_catalog = $1$ AND c.table_schema = CURRENT_SCHEMA() AND c.table_name = $2$

2025/02/13 14:38:47 /home/bryan/repos/skripsi/backend/setup/setup.go:78
[1.491ms] [rows:-] SELECT a.attname as column_name, format_type(a.atttypid, a.atttypmod) AS data_type
		FROM pg_attribute a JOIN pg_class b ON a.attrelid = b.oid AND relnamespace = (SELECT oid FROM pg_catalog.pg_namespace WHERE nspname = CURRENT_SCHEMA())
		WHERE a.attnum > 0 -- hide internal columns
		AND NOT a.attisdropped -- hide deleted columns
		AND b.relname = $1$

2025/02/13 14:38:47 /home/bryan/repos/skripsi/backend/setup/setup.go:78
[2.353ms] [rows:0] SELECT description FROM pg_catalog.pg_description WHERE objsubid = (SELECT ordinal_position FROM information_schema.columns WHERE table_schema = CURRENT_SCHEMA() AND table_name = 'booked_slots_dailies' AND column_name = 'id') AND objoid = (SELECT oid FROM pg_catalog.pg_class WHERE relname = 'booked_slots_dailies' AND relnamespace = (SELECT oid FROM pg_catalog.pg_namespace WHERE nspname = CURRENT_SCHEMA()))

2025/02/13 14:38:47 /home/bryan/repos/skripsi/backend/setup/setup.go:78
[2.290ms] [rows:0] SELECT description FROM pg_catalog.pg_description WHERE objsubid = (SELECT ordinal_position FROM information_schema.columns WHERE table_schema = CURRENT_SCHEMA() AND table_name = 'booked_slots_dailies' AND column_name = 'daycare_id') AND objoid = (SELECT oid FROM pg_catalog.pg_class WHERE relname = 'booked_slots_dailies' AND relnamespace = (SELECT oid FROM pg_catalog.pg_namespace WHERE nspname = CURRENT_SCHEMA()))

2025/02/13 14:38:47 /home/bryan/repos/skripsi/backend/setup/setup.go:78
[2.535ms] [rows:0] SELECT description FROM pg_catalog.pg_description WHERE objsubid = (SELECT ordinal_position FROM information_schema.columns WHERE table_schema = CURRENT_SCHEMA() AND table_name = 'booked_slots_dailies' AND column_name = 'date') AND objoid = (SELECT oid FROM pg_catalog.pg_class WHERE relname = 'booked_slots_dailies' AND relnamespace = (SELECT oid FROM pg_catalog.pg_namespace WHERE nspname = CURRENT_SCHEMA()))

2025/02/13 14:38:47 /home/bryan/repos/skripsi/backend/setup/setup.go:78
[2.527ms] [rows:0] SELECT description FROM pg_catalog.pg_description WHERE objsubid = (SELECT ordinal_position FROM information_schema.columns WHERE table_schema = CURRENT_SCHEMA() AND table_name = 'booked_slots_dailies' AND column_name = 'slot_count') AND objoid = (SELECT oid FROM pg_catalog.pg_class WHERE relname = 'booked_slots_dailies' AND relnamespace = (SELECT oid FROM pg_catalog.pg_namespace WHERE nspname = CURRENT_SCHEMA()))

2025/02/13 14:38:47 /home/bryan/repos/skripsi/backend/setup/setup.go:78
[1.692ms] [rows:1] SELECT count(*) FROM pg_indexes WHERE tablename = 'booked_slots_dailies' AND indexname = 'idx_booked_slots_dailies_date' AND schemaname = CURRENT_SCHEMA()
[GIN-debug] [WARNING] Creating an Engine instance with the Logger and Recovery middleware already attached.

[GIN-debug] [WARNING] Running in "debug" mode. Switch to "release" mode in production.
 - using env:	export GIN_MODE=release
 - using code:	gin.SetMode(gin.ReleaseMode)

[GIN-debug] GET    /assets/*filepath         --> github.com/gin-gonic/gin.(*RouterGroup).createStaticHandler.func1 (3 handlers)
[GIN-debug] HEAD   /assets/*filepath         --> github.com/gin-gonic/gin.(*RouterGroup).createStaticHandler.func1 (3 handlers)
[GIN-debug] POST   /users                    --> github.com/BryanEgbert/skripsi/controller.(*UserController).CreateUser-fm (3 handlers)
[GIN-debug] GET    /users/vets               --> github.com/BryanEgbert/skripsi/controller.(*UserController).GetVets-fm (4 handlers)
[GIN-debug] GET    /users/:id                --> github.com/BryanEgbert/skripsi/controller.(*UserController).GetUser-fm (4 handlers)
[GIN-debug] DELETE /users                    --> github.com/BryanEgbert/skripsi/controller.(*UserController).DeleteUser-fm (4 handlers)
[GIN-debug] PUT    /users                    --> github.com/BryanEgbert/skripsi/controller.(*UserController).UpdateUserProfile-fm (4 handlers)
[GIN-debug] PATCH  /users/password           --> github.com/BryanEgbert/skripsi/controller.(*UserController).UpdateUserPassword-fm (4 handlers)
[GIN-debug] POST   /login                    --> github.com/BryanEgbert/skripsi/controller.(*AuthController).Login-fm (3 handlers)
[GIN-debug] POST   /refresh                  --> github.com/BryanEgbert/skripsi/controller.(*AuthController).RefreshToken-fm (4 handlers)
[GIN-debug] GET    /pets/:id                 --> github.com/BryanEgbert/skripsi/controller.(*PetController).GetPet-fm (4 handlers)
[GIN-debug] GET    /pets                     --> github.com/BryanEgbert/skripsi/controller.(*PetController).GetPets-fm (4 handlers)
[GIN-debug] POST   /pets                     --> github.com/BryanEgbert/skripsi/controller.(*PetController).CreatePet-fm (4 handlers)
[GIN-debug] PUT    /pets/:id                 --> github.com/BryanEgbert/skripsi/controller.(*PetController).UpdatePet-fm (4 handlers)
[GIN-debug] DELETE /pets/:id                 --> github.com/BryanEgbert/skripsi/controller.(*PetController).DeletePet-fm (4 handlers)
[GIN-debug] PATCH  /daycare/slot/:slotId     --> github.com/BryanEgbert/skripsi/controller.(*PetDaycareController).EditSlotCount-fm (4 handlers)
[GIN-debug] GET    /daycare/:id/slot         --> github.com/BryanEgbert/skripsi/controller.(*PetDaycareController).GetPetDaycareSlots-fm (4 handlers)
[GIN-debug] POST   /daycare/:id/slot         --> github.com/BryanEgbert/skripsi/controller.(*PetDaycareController).CreateSlot-fm (4 handlers)
[GIN-debug] GET    /daycare/:id/review       --> github.com/BryanEgbert/skripsi/controller.(*PetDaycareController).GetReviews-fm (4 handlers)
[GIN-debug] POST   /daycare/:id/review       --> github.com/BryanEgbert/skripsi/controller.(*PetDaycareController).CreateReview-fm (4 handlers)
[GIN-debug] DELETE /daycare/:id/review       --> github.com/BryanEgbert/skripsi/controller.(*PetDaycareController).DeleteReview-fm (4 handlers)
[GIN-debug] GET    /daycare/:id              --> github.com/BryanEgbert/skripsi/controller.(*PetDaycareController).GetPetDaycare-fm (4 handlers)
[GIN-debug] GET    /daycare                  --> github.com/BryanEgbert/skripsi/controller.(*PetDaycareController).GetPetDaycares-fm (4 handlers)
[GIN-debug] POST   /daycare                  --> github.com/BryanEgbert/skripsi/controller.(*PetDaycareController).CreatePetDaycare-fm (4 handlers)
[GIN-debug] PUT    /daycare/:id              --> github.com/BryanEgbert/skripsi/controller.(*PetDaycareController).UpdatePetDaycare-fm (4 handlers)
[GIN-debug] DELETE /daycare/:id              --> github.com/BryanEgbert/skripsi/controller.(*PetDaycareController).DeletePetDaycare-fm (4 handlers)

2025/02/13 14:38:47 /home/bryan/repos/skripsi/backend/service/pet_daycare_service.go:41
[31.144ms] [rows:0] SELECT *, ST_DistanceSphere(ST_MakePoint($1$, $2$), ST_MakePoint(longitude, latitude)) AS Distance FROM "pet_daycares" WHERE "pet_daycares"."id" = $3$ AND "pet_daycares"."deleted_at" IS NULL ORDER BY "pet_daycares"."id" LIMIT $4$
[GIN] 2025/02/13 - 14:38:47 | 404 |   31.349175ms |                 | GET      "/daycare/10000?lat=106.870233&long=-6.322449"
--- PASS: TestGetPetDaycare (4.92s)
    --- PASS: TestGetPetDaycare/On_get_pet_daycare,_should_return_pet_daycare_if_ID_exists_in_DB (2.01s)
    --- PASS: TestGetPetDaycare/On_get_pet_daycare,_should_return_pet_daycare_if_ID_exists_in_DB_and_distance_is_0_if_lat_and_long_is_0 (1.74s)
    --- PASS: TestGetPetDaycare/On_get_pet_daycare,_should_return_error_if_ID_doesn't_exists_in_DB (1.17s)
=== RUN   TestGetPetDaycareSlot
=== RUN   TestGetPetDaycareSlot/On_get_pet_daycare_slot,_should_return_slot_of_the_month

2025/02/13 14:38:47 /home/bryan/repos/skripsi/backend/setup/setup.go:60
[277.258ms] [rows:0] TRUNCATE TABLE users, vet_specialties, user_vet_specialties, pet_daycares, pets, size_categories, roles, slots, booked_slots, thumbnails, species, reviews, refresh_tokens, transactions, daily_walks, daily_playtimes, reduce_slots RESTART IDENTITY CASCADE;

2025/02/13 14:38:47 /home/bryan/repos/skripsi/backend/seeder/seeder.go:18
[13.362ms] [rows:3] INSERT INTO "roles" ("name","id") VALUES ($1$,$2$),($3$,$4$),($5$,$6$) RETURNING "id"

2025/02/13 14:38:47 /home/bryan/repos/skripsi/backend/seeder/seeder.go:29
[9.249ms] [rows:4] INSERT INTO "daily_walks" ("name","id") VALUES ($1$,$2$),($3$,$4$),($5$,$6$),($7$,$8$) RETURNING "id"

2025/02/13 14:38:47 /home/bryan/repos/skripsi/backend/seeder/seeder.go:39
[9.219ms] [rows:4] INSERT INTO "daily_playtimes" ("name","id") VALUES ($1$,$2$),($3$,$4$),($5$,$6$),($7$,$8$) RETURNING "id"

2025/02/13 14:38:47 /home/bryan/repos/skripsi/backend/seeder/seeder.go:61
[9.182ms] [rows:17] INSERT INTO "vet_specialties" ("name") VALUES ($1$),($2$),($3$),($4$),($5$),($6$),($7$),($8$),($9$),($10$),($11$),($12$),($13$),($14$),($15$),($16$),($17$) RETURNING "id"

2025/02/13 14:38:47 /home/bryan/repos/skripsi/backend/seeder/seeder.go:71
[9.878ms] [rows:3] INSERT INTO "species" ("name") VALUES ($1$),($2$),($3$) RETURNING "id"

2025/02/13 14:38:47 /home/bryan/repos/skripsi/backend/seeder/seeder.go:83
[9.464ms] [rows:5] INSERT INTO "size_categories" ("name","min_weight","max_weight") VALUES ($1$,$2$,$3$),($4$,$5$,$6$),($7$,$8$,$9$),($10$,$11$,$12$),($13$,$14$,$15$) RETURNING "id"

2025/02/13 14:38:48 /home/bryan/repos/skripsi/backend/seeder/seeder.go:106
[1.971ms] [rows:0] INSERT INTO "vet_specialties" ("name","id") VALUES ($1$,$2$),($3$,$4$),($5$,$6$) ON CONFLICT DO NOTHING RETURNING "id"

2025/02/13 14:38:48 /home/bryan/repos/skripsi/backend/seeder/seeder.go:106
[2.889ms] [rows:3] INSERT INTO "user_vet_specialties" ("user_id","vet_specialty_id") VALUES ($1$,$2$),($3$,$4$),($5$,$6$) ON CONFLICT DO NOTHING

2025/02/13 14:38:48 /home/bryan/repos/skripsi/backend/seeder/seeder.go:106
[12.882ms] [rows:6] INSERT INTO "users" ("created_at","updated_at","deleted_at","name","email","password","role_id","image_url") VALUES ($1$,$2$,$3$,$4$,$5$,$6$,$7$,$8$),($9$,$10$,$11$,$12$,$13$,$14$,$15$,$16$),($17$,$18$,$19$,$20$,$21$,$22$,$23$,$24$),($25$,$26$,$27$,$28$,$29$,$30$,$31$,$32$),($33$,$34$,$35$,$36$,$37$,$38$,$39$,DEFAULT),($40$,$41$,$42$,$43$,$44$,$45$,$46$,$47$) RETURNING "id","image_url"

2025/02/13 14:38:48 /home/bryan/repos/skripsi/backend/seeder/seeder.go:148
[1.741ms] [rows:0] INSERT INTO "daily_walks" ("name","id") VALUES ($1$,$2$) ON CONFLICT DO NOTHING RETURNING "id"

2025/02/13 14:38:48 /home/bryan/repos/skripsi/backend/seeder/seeder.go:148
[1.761ms] [rows:0] INSERT INTO "daily_playtimes" ("name","id") VALUES ($1$,$2$),($3$,$4$) ON CONFLICT DO NOTHING RETURNING "id"

2025/02/13 14:38:48 /home/bryan/repos/skripsi/backend/seeder/seeder.go:148
[10.482ms] [rows:3] INSERT INTO "pet_daycares" ("created_at","updated_at","deleted_at","name","address","latitude","longitude","price","pricing_type","description","has_pickup_service","must_be_vaccinated","food_provided","grooming_available","booked_num","daily_walks_id","daily_playtime_id","owner_id","food_brand") VALUES ($1$,$2$,$3$,$4$,$5$,$6$,$7$,$8$,$9$,$10$,$11$,$12$,$13$,$14$,$15$,$16$,$17$,$18$,$19$),($20$,$21$,$22$,$23$,$24$,$25$,$26$,$27$,$28$,$29$,$30$,$31$,$32$,$33$,$34$,$35$,$36$,$37$,$38$),($39$,$40$,$41$,$42$,$43$,$44$,$45$,$46$,$47$,$48$,$49$,$50$,$51$,$52$,$53$,$54$,$55$,$56$,$57$) RETURNING "id"

2025/02/13 14:38:48 /home/bryan/repos/skripsi/backend/seeder/seeder.go:158
[6.040ms] [rows:3] INSERT INTO "slots" ("created_at","updated_at","deleted_at","daycare_id","species_id","size_category_id","max_number") VALUES ($1$,$2$,$3$,$4$,$5$,$6$,$7$),($8$,$9$,$10$,$11$,$12$,$13$,$14$),($15$,$16$,$17$,$18$,$19$,$20$,$21$) RETURNING "id"

2025/02/13 14:38:48 /home/bryan/repos/skripsi/backend/seeder/seeder.go:172
[6.040ms] [rows:2] INSERT INTO "pets" ("created_at","updated_at","deleted_at","name","image_url","status","owner_id","species_id","size_id") VALUES ($1$,$2$,$3$,$4$,$5$,$6$,$7$,$8$,$9$),($10$,$11$,$12$,$13$,$14$,$15$,$16$,$17$,$18$) RETURNING "id"

2025/02/13 14:38:48 /home/bryan/repos/skripsi/backend/seeder/seeder.go:189
[6.482ms] [rows:2] INSERT INTO "booked_slots" ("created_at","updated_at","deleted_at","user_id","daycare_id","pet_id","start_date","end_date") VALUES ($1$,$2$,$3$,$4$,$5$,$6$,$7$,$8$),($9$,$10$,$11$,$12$,$13$,$14$,$15$,$16$) RETURNING "id"

2025/02/13 14:38:48 /home/bryan/repos/skripsi/backend/seeder/seeder.go:205
[6.337ms] [rows:3] INSERT INTO "reviews" ("created_at","updated_at","deleted_at","daycare_id","user_id","name","rate","description") VALUES ($1$,$2$,$3$,$4$,$5$,$6$,$7$,$8$),($9$,$10$,$11$,$12$,$13$,$14$,$15$,$16$),($17$,$18$,$19$,$20$,$21$,$22$,$23$,$24$) RETURNING "id"

2025/02/13 14:38:48 /home/bryan/repos/skripsi/backend/seeder/seeder.go:213
[4.717ms] [rows:1] INSERT INTO "reduce_slots" ("slot_id","reduced_count","target_date") VALUES ($1$,$2$,$3$) RETURNING "id"

2025/02/13 14:38:48 /home/bryan/repos/skripsi/backend/seeder/seeder.go:222
[5.696ms] [rows:2] INSERT INTO "thumbnails" ("daycare_id","image_url") VALUES ($1$,$2$),($3$,$4$) RETURNING "id"

2025/02/13 14:38:48 /home/bryan/repos/skripsi/backend/seeder/seeder.go:230
[6.141ms] [rows:1] INSERT INTO "transactions" ("pet_daycare_id","booked_slot_id","status") VALUES ($1$,$2$,$3$) RETURNING "created_at","id"

2025/02/13 14:38:48 /home/bryan/repos/skripsi/backend/setup/setup.go:78
[16.445ms] [rows:1] SELECT count(*) FROM information_schema.tables WHERE table_schema = CURRENT_SCHEMA() AND table_name = 'roles' AND table_type = 'BASE TABLE'

2025/02/13 14:38:48 /home/bryan/repos/skripsi/backend/setup/setup.go:78
[1.800ms] [rows:1] SELECT CURRENT_DATABASE()

2025/02/13 14:38:48 /home/bryan/repos/skripsi/backend/setup/setup.go:78
[32.140ms] [rows:-] SELECT c.column_name, c.is_nullable = 'YES', c.udt_name, c.character_maximum_length, c.numeric_precision, c.numeric_precision_radix, c.numeric_scale, c.datetime_precision, 8 * typlen, c.column_default, pd.description, c.identity_increment FROM information_schema.columns AS c JOIN pg_type AS pgt ON c.udt_name = pgt.typname LEFT JOIN pg_catalog.pg_description as pd ON pd.objsubid = c.ordinal_position AND pd.objoid = (SELECT oid FROM pg_catalog.pg_class WHERE relname = c.table_name AND relnamespace = (SELECT oid FROM pg_catalog.pg_namespace WHERE nspname = c.table_schema)) where table_catalog = $1$ AND table_schema = CURRENT_SCHEMA() AND table_name = $2$

2025/02/13 14:38:48 /home/bryan/repos/skripsi/backend/setup/setup.go:78
[1.530ms] [rows:-] SELECT * FROM "roles" LIMIT $1$

2025/02/13 14:38:48 /home/bryan/repos/skripsi/backend/setup/setup.go:78
[36.328ms] [rows:-] SELECT constraint_name FROM information_schema.table_constraints tc JOIN information_schema.constraint_column_usage AS ccu USING (constraint_schema, constraint_catalog, table_name, constraint_name) JOIN information_schema.columns AS c ON c.table_schema = tc.constraint_schema AND tc.table_name = c.table_name AND ccu.column_name = c.column_name WHERE constraint_type IN ('PRIMARY KEY', 'UNIQUE') AND c.table_catalog = $1$ AND c.table_schema = CURRENT_SCHEMA() AND c.table_name = $2$ AND constraint_type = $3$

2025/02/13 14:38:48 /home/bryan/repos/skripsi/backend/setup/setup.go:78
[30.265ms] [rows:-] SELECT c.column_name, constraint_name, constraint_type FROM information_schema.table_constraints tc JOIN information_schema.constraint_column_usage AS ccu USING (constraint_schema, constraint_catalog, table_name, constraint_name) JOIN information_schema.columns AS c ON c.table_schema = tc.constraint_schema AND tc.table_name = c.table_name AND ccu.column_name = c.column_name WHERE constraint_type IN ('PRIMARY KEY', 'UNIQUE') AND c.table_catalog = $1$ AND c.table_schema = CURRENT_SCHEMA() AND c.table_name = $2$

2025/02/13 14:38:48 /home/bryan/repos/skripsi/backend/setup/setup.go:78
[5.622ms] [rows:-] SELECT a.attname as column_name, format_type(a.atttypid, a.atttypmod) AS data_type
		FROM pg_attribute a JOIN pg_class b ON a.attrelid = b.oid AND relnamespace = (SELECT oid FROM pg_catalog.pg_namespace WHERE nspname = CURRENT_SCHEMA())
		WHERE a.attnum > 0 -- hide internal columns
		AND NOT a.attisdropped -- hide deleted columns
		AND b.relname = $1$

2025/02/13 14:38:48 /home/bryan/repos/skripsi/backend/setup/setup.go:78
[14.359ms] [rows:0] SELECT description FROM pg_catalog.pg_description WHERE objsubid = (SELECT ordinal_position FROM information_schema.columns WHERE table_schema = CURRENT_SCHEMA() AND table_name = 'roles' AND column_name = 'id') AND objoid = (SELECT oid FROM pg_catalog.pg_class WHERE relname = 'roles' AND relnamespace = (SELECT oid FROM pg_catalog.pg_namespace WHERE nspname = CURRENT_SCHEMA()))

2025/02/13 14:38:48 /home/bryan/repos/skripsi/backend/setup/setup.go:78
[10.997ms] [rows:0] SELECT description FROM pg_catalog.pg_description WHERE objsubid = (SELECT ordinal_position FROM information_schema.columns WHERE table_schema = CURRENT_SCHEMA() AND table_name = 'roles' AND column_name = 'name') AND objoid = (SELECT oid FROM pg_catalog.pg_class WHERE relname = 'roles' AND relnamespace = (SELECT oid FROM pg_catalog.pg_namespace WHERE nspname = CURRENT_SCHEMA()))

2025/02/13 14:38:48 /home/bryan/repos/skripsi/backend/setup/setup.go:78
[4.420ms] [rows:1] SELECT count(*) FROM information_schema.tables WHERE table_schema = CURRENT_SCHEMA() AND table_name = 'users' AND table_type = 'BASE TABLE'

2025/02/13 14:38:48 /home/bryan/repos/skripsi/backend/setup/setup.go:78
[2.181ms] [rows:1] SELECT CURRENT_DATABASE()

2025/02/13 14:38:48 /home/bryan/repos/skripsi/backend/setup/setup.go:78
[23.556ms] [rows:-] SELECT c.column_name, c.is_nullable = 'YES', c.udt_name, c.character_maximum_length, c.numeric_precision, c.numeric_precision_radix, c.numeric_scale, c.datetime_precision, 8 * typlen, c.column_default, pd.description, c.identity_increment FROM information_schema.columns AS c JOIN pg_type AS pgt ON c.udt_name = pgt.typname LEFT JOIN pg_catalog.pg_description as pd ON pd.objsubid = c.ordinal_position AND pd.objoid = (SELECT oid FROM pg_catalog.pg_class WHERE relname = c.table_name AND relnamespace = (SELECT oid FROM pg_catalog.pg_namespace WHERE nspname = c.table_schema)) where table_catalog = $1$ AND table_schema = CURRENT_SCHEMA() AND table_name = $2$

2025/02/13 14:38:48 /home/bryan/repos/skripsi/backend/setup/setup.go:78
[1.817ms] [rows:-] SELECT * FROM "users" LIMIT $1$

2025/02/13 14:38:48 /home/bryan/repos/skripsi/backend/setup/setup.go:78
[35.827ms] [rows:-] SELECT constraint_name FROM information_schema.table_constraints tc JOIN information_schema.constraint_column_usage AS ccu USING (constraint_schema, constraint_catalog, table_name, constraint_name) JOIN information_schema.columns AS c ON c.table_schema = tc.constraint_schema AND tc.table_name = c.table_name AND ccu.column_name = c.column_name WHERE constraint_type IN ('PRIMARY KEY', 'UNIQUE') AND c.table_catalog = $1$ AND c.table_schema = CURRENT_SCHEMA() AND c.table_name = $2$ AND constraint_type = $3$

2025/02/13 14:38:48 /home/bryan/repos/skripsi/backend/setup/setup.go:78
[34.899ms] [rows:-] SELECT c.column_name, constraint_name, constraint_type FROM information_schema.table_constraints tc JOIN information_schema.constraint_column_usage AS ccu USING (constraint_schema, constraint_catalog, table_name, constraint_name) JOIN information_schema.columns AS c ON c.table_schema = tc.constraint_schema AND tc.table_name = c.table_name AND ccu.column_name = c.column_name WHERE constraint_type IN ('PRIMARY KEY', 'UNIQUE') AND c.table_catalog = $1$ AND c.table_schema = CURRENT_SCHEMA() AND c.table_name = $2$

2025/02/13 14:38:48 /home/bryan/repos/skripsi/backend/setup/setup.go:78
[3.532ms] [rows:-] SELECT a.attname as column_name, format_type(a.atttypid, a.atttypmod) AS data_type
		FROM pg_attribute a JOIN pg_class b ON a.attrelid = b.oid AND relnamespace = (SELECT oid FROM pg_catalog.pg_namespace WHERE nspname = CURRENT_SCHEMA())
		WHERE a.attnum > 0 -- hide internal columns
		AND NOT a.attisdropped -- hide deleted columns
		AND b.relname = $1$

2025/02/13 14:38:48 /home/bryan/repos/skripsi/backend/setup/setup.go:78
[11.189ms] [rows:0] SELECT description FROM pg_catalog.pg_description WHERE objsubid = (SELECT ordinal_position FROM information_schema.columns WHERE table_schema = CURRENT_SCHEMA() AND table_name = 'users' AND column_name = 'id') AND objoid = (SELECT oid FROM pg_catalog.pg_class WHERE relname = 'users' AND relnamespace = (SELECT oid FROM pg_catalog.pg_namespace WHERE nspname = CURRENT_SCHEMA()))

2025/02/13 14:38:48 /home/bryan/repos/skripsi/backend/setup/setup.go:78
[11.890ms] [rows:0] SELECT description FROM pg_catalog.pg_description WHERE objsubid = (SELECT ordinal_position FROM information_schema.columns WHERE table_schema = CURRENT_SCHEMA() AND table_name = 'users' AND column_name = 'created_at') AND objoid = (SELECT oid FROM pg_catalog.pg_class WHERE relname = 'users' AND relnamespace = (SELECT oid FROM pg_catalog.pg_namespace WHERE nspname = CURRENT_SCHEMA()))

2025/02/13 14:38:48 /home/bryan/repos/skripsi/backend/setup/setup.go:78
[11.199ms] [rows:0] SELECT description FROM pg_catalog.pg_description WHERE objsubid = (SELECT ordinal_position FROM information_schema.columns WHERE table_schema = CURRENT_SCHEMA() AND table_name = 'users' AND column_name = 'updated_at') AND objoid = (SELECT oid FROM pg_catalog.pg_class WHERE relname = 'users' AND relnamespace = (SELECT oid FROM pg_catalog.pg_namespace WHERE nspname = CURRENT_SCHEMA()))

2025/02/13 14:38:48 /home/bryan/repos/skripsi/backend/setup/setup.go:78
[10.869ms] [rows:0] SELECT description FROM pg_catalog.pg_description WHERE objsubid = (SELECT ordinal_position FROM information_schema.columns WHERE table_schema = CURRENT_SCHEMA() AND table_name = 'users' AND column_name = 'deleted_at') AND objoid = (SELECT oid FROM pg_catalog.pg_class WHERE relname = 'users' AND relnamespace = (SELECT oid FROM pg_catalog.pg_namespace WHERE nspname = CURRENT_SCHEMA()))

2025/02/13 14:38:48 /home/bryan/repos/skripsi/backend/setup/setup.go:78
[2.632ms] [rows:0] SELECT description FROM pg_catalog.pg_description WHERE objsubid = (SELECT ordinal_position FROM information_schema.columns WHERE table_schema = CURRENT_SCHEMA() AND table_name = 'users' AND column_name = 'name') AND objoid = (SELECT oid FROM pg_catalog.pg_class WHERE relname = 'users' AND relnamespace = (SELECT oid FROM pg_catalog.pg_namespace WHERE nspname = CURRENT_SCHEMA()))

2025/02/13 14:38:48 /home/bryan/repos/skripsi/backend/setup/setup.go:78
[2.724ms] [rows:0] SELECT description FROM pg_catalog.pg_description WHERE objsubid = (SELECT ordinal_position FROM information_schema.columns WHERE table_schema = CURRENT_SCHEMA() AND table_name = 'users' AND column_name = 'email') AND objoid = (SELECT oid FROM pg_catalog.pg_class WHERE relname = 'users' AND relnamespace = (SELECT oid FROM pg_catalog.pg_namespace WHERE nspname = CURRENT_SCHEMA()))

2025/02/13 14:38:48 /home/bryan/repos/skripsi/backend/setup/setup.go:78
[2.803ms] [rows:0] SELECT description FROM pg_catalog.pg_description WHERE objsubid = (SELECT ordinal_position FROM information_schema.columns WHERE table_schema = CURRENT_SCHEMA() AND table_name = 'users' AND column_name = 'password') AND objoid = (SELECT oid FROM pg_catalog.pg_class WHERE relname = 'users' AND relnamespace = (SELECT oid FROM pg_catalog.pg_namespace WHERE nspname = CURRENT_SCHEMA()))

2025/02/13 14:38:48 /home/bryan/repos/skripsi/backend/setup/setup.go:78
[2.639ms] [rows:0] SELECT description FROM pg_catalog.pg_description WHERE objsubid = (SELECT ordinal_position FROM information_schema.columns WHERE table_schema = CURRENT_SCHEMA() AND table_name = 'users' AND column_name = 'image_url') AND objoid = (SELECT oid FROM pg_catalog.pg_class WHERE relname = 'users' AND relnamespace = (SELECT oid FROM pg_catalog.pg_namespace WHERE nspname = CURRENT_SCHEMA()))

2025/02/13 14:38:48 /home/bryan/repos/skripsi/backend/setup/setup.go:78
[2.788ms] [rows:0] SELECT description FROM pg_catalog.pg_description WHERE objsubid = (SELECT ordinal_position FROM information_schema.columns WHERE table_schema = CURRENT_SCHEMA() AND table_name = 'users' AND column_name = 'role_id') AND objoid = (SELECT oid FROM pg_catalog.pg_class WHERE relname = 'users' AND relnamespace = (SELECT oid FROM pg_catalog.pg_namespace WHERE nspname = CURRENT_SCHEMA()))

2025/02/13 14:38:48 /home/bryan/repos/skripsi/backend/setup/setup.go:78
[16.140ms] [rows:1] SELECT count(*) FROM INFORMATION_SCHEMA.table_constraints WHERE table_schema = CURRENT_SCHEMA() AND table_name = 'users' AND constraint_name = 'fk_roles_users'

2025/02/13 14:38:48 /home/bryan/repos/skripsi/backend/setup/setup.go:78
[11.893ms] [rows:1] SELECT count(*) FROM pg_indexes WHERE tablename = 'users' AND indexname = 'idx_users_deleted_at' AND schemaname = CURRENT_SCHEMA()

2025/02/13 14:38:48 /home/bryan/repos/skripsi/backend/setup/setup.go:78
[4.554ms] [rows:1] SELECT count(*) FROM information_schema.tables WHERE table_schema = CURRENT_SCHEMA() AND table_name = 'vet_specialties' AND table_type = 'BASE TABLE'

2025/02/13 14:38:48 /home/bryan/repos/skripsi/backend/setup/setup.go:78
[1.675ms] [rows:1] SELECT CURRENT_DATABASE()

2025/02/13 14:38:48 /home/bryan/repos/skripsi/backend/setup/setup.go:78
[22.941ms] [rows:-] SELECT c.column_name, c.is_nullable = 'YES', c.udt_name, c.character_maximum_length, c.numeric_precision, c.numeric_precision_radix, c.numeric_scale, c.datetime_precision, 8 * typlen, c.column_default, pd.description, c.identity_increment FROM information_schema.columns AS c JOIN pg_type AS pgt ON c.udt_name = pgt.typname LEFT JOIN pg_catalog.pg_description as pd ON pd.objsubid = c.ordinal_position AND pd.objoid = (SELECT oid FROM pg_catalog.pg_class WHERE relname = c.table_name AND relnamespace = (SELECT oid FROM pg_catalog.pg_namespace WHERE nspname = c.table_schema)) where table_catalog = $1$ AND table_schema = CURRENT_SCHEMA() AND table_name = $2$

2025/02/13 14:38:48 /home/bryan/repos/skripsi/backend/setup/setup.go:78
[1.821ms] [rows:-] SELECT * FROM "vet_specialties" LIMIT $1$

2025/02/13 14:38:48 /home/bryan/repos/skripsi/backend/setup/setup.go:78
[33.590ms] [rows:-] SELECT constraint_name FROM information_schema.table_constraints tc JOIN information_schema.constraint_column_usage AS ccu USING (constraint_schema, constraint_catalog, table_name, constraint_name) JOIN information_schema.columns AS c ON c.table_schema = tc.constraint_schema AND tc.table_name = c.table_name AND ccu.column_name = c.column_name WHERE constraint_type IN ('PRIMARY KEY', 'UNIQUE') AND c.table_catalog = $1$ AND c.table_schema = CURRENT_SCHEMA() AND c.table_name = $2$ AND constraint_type = $3$

2025/02/13 14:38:48 /home/bryan/repos/skripsi/backend/setup/setup.go:78
[33.734ms] [rows:-] SELECT c.column_name, constraint_name, constraint_type FROM information_schema.table_constraints tc JOIN information_schema.constraint_column_usage AS ccu USING (constraint_schema, constraint_catalog, table_name, constraint_name) JOIN information_schema.columns AS c ON c.table_schema = tc.constraint_schema AND tc.table_name = c.table_name AND ccu.column_name = c.column_name WHERE constraint_type IN ('PRIMARY KEY', 'UNIQUE') AND c.table_catalog = $1$ AND c.table_schema = CURRENT_SCHEMA() AND c.table_name = $2$

2025/02/13 14:38:48 /home/bryan/repos/skripsi/backend/setup/setup.go:78
[2.970ms] [rows:-] SELECT a.attname as column_name, format_type(a.atttypid, a.atttypmod) AS data_type
		FROM pg_attribute a JOIN pg_class b ON a.attrelid = b.oid AND relnamespace = (SELECT oid FROM pg_catalog.pg_namespace WHERE nspname = CURRENT_SCHEMA())
		WHERE a.attnum > 0 -- hide internal columns
		AND NOT a.attisdropped -- hide deleted columns
		AND b.relname = $1$

2025/02/13 14:38:48 /home/bryan/repos/skripsi/backend/setup/setup.go:78
[2.983ms] [rows:0] SELECT description FROM pg_catalog.pg_description WHERE objsubid = (SELECT ordinal_position FROM information_schema.columns WHERE table_schema = CURRENT_SCHEMA() AND table_name = 'vet_specialties' AND column_name = 'id') AND objoid = (SELECT oid FROM pg_catalog.pg_class WHERE relname = 'vet_specialties' AND relnamespace = (SELECT oid FROM pg_catalog.pg_namespace WHERE nspname = CURRENT_SCHEMA()))

2025/02/13 14:38:48 /home/bryan/repos/skripsi/backend/setup/setup.go:78
[2.683ms] [rows:0] SELECT description FROM pg_catalog.pg_description WHERE objsubid = (SELECT ordinal_position FROM information_schema.columns WHERE table_schema = CURRENT_SCHEMA() AND table_name = 'vet_specialties' AND column_name = 'name') AND objoid = (SELECT oid FROM pg_catalog.pg_class WHERE relname = 'vet_specialties' AND relnamespace = (SELECT oid FROM pg_catalog.pg_namespace WHERE nspname = CURRENT_SCHEMA()))

2025/02/13 14:38:48 /home/bryan/repos/skripsi/backend/setup/setup.go:78
[4.138ms] [rows:1] SELECT count(*) FROM information_schema.tables WHERE table_schema = CURRENT_SCHEMA() AND table_name = 'user_vet_specialties' AND table_type = 'BASE TABLE'

2025/02/13 14:38:48 /home/bryan/repos/skripsi/backend/setup/setup.go:78
[1.384ms] [rows:1] SELECT CURRENT_DATABASE()

2025/02/13 14:38:48 /home/bryan/repos/skripsi/backend/setup/setup.go:78
[21.996ms] [rows:-] SELECT c.column_name, c.is_nullable = 'YES', c.udt_name, c.character_maximum_length, c.numeric_precision, c.numeric_precision_radix, c.numeric_scale, c.datetime_precision, 8 * typlen, c.column_default, pd.description, c.identity_increment FROM information_schema.columns AS c JOIN pg_type AS pgt ON c.udt_name = pgt.typname LEFT JOIN pg_catalog.pg_description as pd ON pd.objsubid = c.ordinal_position AND pd.objoid = (SELECT oid FROM pg_catalog.pg_class WHERE relname = c.table_name AND relnamespace = (SELECT oid FROM pg_catalog.pg_namespace WHERE nspname = c.table_schema)) where table_catalog = $1$ AND table_schema = CURRENT_SCHEMA() AND table_name = $2$

2025/02/13 14:38:48 /home/bryan/repos/skripsi/backend/setup/setup.go:78
[1.914ms] [rows:-] SELECT * FROM "user_vet_specialties" LIMIT $1$

2025/02/13 14:38:48 /home/bryan/repos/skripsi/backend/setup/setup.go:78
[30.893ms] [rows:-] SELECT constraint_name FROM information_schema.table_constraints tc JOIN information_schema.constraint_column_usage AS ccu USING (constraint_schema, constraint_catalog, table_name, constraint_name) JOIN information_schema.columns AS c ON c.table_schema = tc.constraint_schema AND tc.table_name = c.table_name AND ccu.column_name = c.column_name WHERE constraint_type IN ('PRIMARY KEY', 'UNIQUE') AND c.table_catalog = $1$ AND c.table_schema = CURRENT_SCHEMA() AND c.table_name = $2$ AND constraint_type = $3$

2025/02/13 14:38:48 /home/bryan/repos/skripsi/backend/setup/setup.go:78
[30.282ms] [rows:-] SELECT c.column_name, constraint_name, constraint_type FROM information_schema.table_constraints tc JOIN information_schema.constraint_column_usage AS ccu USING (constraint_schema, constraint_catalog, table_name, constraint_name) JOIN information_schema.columns AS c ON c.table_schema = tc.constraint_schema AND tc.table_name = c.table_name AND ccu.column_name = c.column_name WHERE constraint_type IN ('PRIMARY KEY', 'UNIQUE') AND c.table_catalog = $1$ AND c.table_schema = CURRENT_SCHEMA() AND c.table_name = $2$

2025/02/13 14:38:48 /home/bryan/repos/skripsi/backend/setup/setup.go:78
[2.974ms] [rows:-] SELECT a.attname as column_name, format_type(a.atttypid, a.atttypmod) AS data_type
		FROM pg_attribute a JOIN pg_class b ON a.attrelid = b.oid AND relnamespace = (SELECT oid FROM pg_catalog.pg_namespace WHERE nspname = CURRENT_SCHEMA())
		WHERE a.attnum > 0 -- hide internal columns
		AND NOT a.attisdropped -- hide deleted columns
		AND b.relname = $1$

2025/02/13 14:38:48 /home/bryan/repos/skripsi/backend/setup/setup.go:78
[3.046ms] [rows:0] SELECT description FROM pg_catalog.pg_description WHERE objsubid = (SELECT ordinal_position FROM information_schema.columns WHERE table_schema = CURRENT_SCHEMA() AND table_name = 'user_vet_specialties' AND column_name = 'user_id') AND objoid = (SELECT oid FROM pg_catalog.pg_class WHERE relname = 'user_vet_specialties' AND relnamespace = (SELECT oid FROM pg_catalog.pg_namespace WHERE nspname = CURRENT_SCHEMA()))

2025/02/13 14:38:48 /home/bryan/repos/skripsi/backend/setup/setup.go:78
[2.741ms] [rows:0] SELECT description FROM pg_catalog.pg_description WHERE objsubid = (SELECT ordinal_position FROM information_schema.columns WHERE table_schema = CURRENT_SCHEMA() AND table_name = 'user_vet_specialties' AND column_name = 'vet_specialty_id') AND objoid = (SELECT oid FROM pg_catalog.pg_class WHERE relname = 'user_vet_specialties' AND relnamespace = (SELECT oid FROM pg_catalog.pg_namespace WHERE nspname = CURRENT_SCHEMA()))

2025/02/13 14:38:48 /home/bryan/repos/skripsi/backend/setup/setup.go:78
[6.993ms] [rows:1] SELECT count(*) FROM INFORMATION_SCHEMA.table_constraints WHERE table_schema = CURRENT_SCHEMA() AND table_name = 'user_vet_specialties' AND constraint_name = 'fk_user_vet_specialties_user'

2025/02/13 14:38:48 /home/bryan/repos/skripsi/backend/setup/setup.go:78
[6.970ms] [rows:1] SELECT count(*) FROM INFORMATION_SCHEMA.table_constraints WHERE table_schema = CURRENT_SCHEMA() AND table_name = 'user_vet_specialties' AND constraint_name = 'fk_user_vet_specialties_vet_specialty'

2025/02/13 14:38:48 /home/bryan/repos/skripsi/backend/setup/setup.go:78
[4.164ms] [rows:1] SELECT count(*) FROM information_schema.tables WHERE table_schema = CURRENT_SCHEMA() AND table_name = 'daily_walks' AND table_type = 'BASE TABLE'

2025/02/13 14:38:48 /home/bryan/repos/skripsi/backend/setup/setup.go:78
[1.591ms] [rows:1] SELECT CURRENT_DATABASE()

2025/02/13 14:38:48 /home/bryan/repos/skripsi/backend/setup/setup.go:78
[22.132ms] [rows:-] SELECT c.column_name, c.is_nullable = 'YES', c.udt_name, c.character_maximum_length, c.numeric_precision, c.numeric_precision_radix, c.numeric_scale, c.datetime_precision, 8 * typlen, c.column_default, pd.description, c.identity_increment FROM information_schema.columns AS c JOIN pg_type AS pgt ON c.udt_name = pgt.typname LEFT JOIN pg_catalog.pg_description as pd ON pd.objsubid = c.ordinal_position AND pd.objoid = (SELECT oid FROM pg_catalog.pg_class WHERE relname = c.table_name AND relnamespace = (SELECT oid FROM pg_catalog.pg_namespace WHERE nspname = c.table_schema)) where table_catalog = $1$ AND table_schema = CURRENT_SCHEMA() AND table_name = $2$

2025/02/13 14:38:48 /home/bryan/repos/skripsi/backend/setup/setup.go:78
[1.778ms] [rows:-] SELECT * FROM "daily_walks" LIMIT $1$

2025/02/13 14:38:48 /home/bryan/repos/skripsi/backend/setup/setup.go:78
[31.372ms] [rows:-] SELECT constraint_name FROM information_schema.table_constraints tc JOIN information_schema.constraint_column_usage AS ccu USING (constraint_schema, constraint_catalog, table_name, constraint_name) JOIN information_schema.columns AS c ON c.table_schema = tc.constraint_schema AND tc.table_name = c.table_name AND ccu.column_name = c.column_name WHERE constraint_type IN ('PRIMARY KEY', 'UNIQUE') AND c.table_catalog = $1$ AND c.table_schema = CURRENT_SCHEMA() AND c.table_name = $2$ AND constraint_type = $3$

2025/02/13 14:38:48 /home/bryan/repos/skripsi/backend/setup/setup.go:78
[32.571ms] [rows:-] SELECT c.column_name, constraint_name, constraint_type FROM information_schema.table_constraints tc JOIN information_schema.constraint_column_usage AS ccu USING (constraint_schema, constraint_catalog, table_name, constraint_name) JOIN information_schema.columns AS c ON c.table_schema = tc.constraint_schema AND tc.table_name = c.table_name AND ccu.column_name = c.column_name WHERE constraint_type IN ('PRIMARY KEY', 'UNIQUE') AND c.table_catalog = $1$ AND c.table_schema = CURRENT_SCHEMA() AND c.table_name = $2$

2025/02/13 14:38:48 /home/bryan/repos/skripsi/backend/setup/setup.go:78
[3.090ms] [rows:-] SELECT a.attname as column_name, format_type(a.atttypid, a.atttypmod) AS data_type
		FROM pg_attribute a JOIN pg_class b ON a.attrelid = b.oid AND relnamespace = (SELECT oid FROM pg_catalog.pg_namespace WHERE nspname = CURRENT_SCHEMA())
		WHERE a.attnum > 0 -- hide internal columns
		AND NOT a.attisdropped -- hide deleted columns
		AND b.relname = $1$

2025/02/13 14:38:48 /home/bryan/repos/skripsi/backend/setup/setup.go:78
[2.739ms] [rows:0] SELECT description FROM pg_catalog.pg_description WHERE objsubid = (SELECT ordinal_position FROM information_schema.columns WHERE table_schema = CURRENT_SCHEMA() AND table_name = 'daily_walks' AND column_name = 'id') AND objoid = (SELECT oid FROM pg_catalog.pg_class WHERE relname = 'daily_walks' AND relnamespace = (SELECT oid FROM pg_catalog.pg_namespace WHERE nspname = CURRENT_SCHEMA()))

2025/02/13 14:38:48 /home/bryan/repos/skripsi/backend/setup/setup.go:78
[2.836ms] [rows:0] SELECT description FROM pg_catalog.pg_description WHERE objsubid = (SELECT ordinal_position FROM information_schema.columns WHERE table_schema = CURRENT_SCHEMA() AND table_name = 'daily_walks' AND column_name = 'name') AND objoid = (SELECT oid FROM pg_catalog.pg_class WHERE relname = 'daily_walks' AND relnamespace = (SELECT oid FROM pg_catalog.pg_namespace WHERE nspname = CURRENT_SCHEMA()))

2025/02/13 14:38:48 /home/bryan/repos/skripsi/backend/setup/setup.go:78
[4.284ms] [rows:1] SELECT count(*) FROM information_schema.tables WHERE table_schema = CURRENT_SCHEMA() AND table_name = 'daily_playtimes' AND table_type = 'BASE TABLE'

2025/02/13 14:38:48 /home/bryan/repos/skripsi/backend/setup/setup.go:78
[1.536ms] [rows:1] SELECT CURRENT_DATABASE()

2025/02/13 14:38:48 /home/bryan/repos/skripsi/backend/setup/setup.go:78
[22.366ms] [rows:-] SELECT c.column_name, c.is_nullable = 'YES', c.udt_name, c.character_maximum_length, c.numeric_precision, c.numeric_precision_radix, c.numeric_scale, c.datetime_precision, 8 * typlen, c.column_default, pd.description, c.identity_increment FROM information_schema.columns AS c JOIN pg_type AS pgt ON c.udt_name = pgt.typname LEFT JOIN pg_catalog.pg_description as pd ON pd.objsubid = c.ordinal_position AND pd.objoid = (SELECT oid FROM pg_catalog.pg_class WHERE relname = c.table_name AND relnamespace = (SELECT oid FROM pg_catalog.pg_namespace WHERE nspname = c.table_schema)) where table_catalog = $1$ AND table_schema = CURRENT_SCHEMA() AND table_name = $2$

2025/02/13 14:38:48 /home/bryan/repos/skripsi/backend/setup/setup.go:78
[1.802ms] [rows:-] SELECT * FROM "daily_playtimes" LIMIT $1$

2025/02/13 14:38:48 /home/bryan/repos/skripsi/backend/setup/setup.go:78
[27.623ms] [rows:-] SELECT constraint_name FROM information_schema.table_constraints tc JOIN information_schema.constraint_column_usage AS ccu USING (constraint_schema, constraint_catalog, table_name, constraint_name) JOIN information_schema.columns AS c ON c.table_schema = tc.constraint_schema AND tc.table_name = c.table_name AND ccu.column_name = c.column_name WHERE constraint_type IN ('PRIMARY KEY', 'UNIQUE') AND c.table_catalog = $1$ AND c.table_schema = CURRENT_SCHEMA() AND c.table_name = $2$ AND constraint_type = $3$

2025/02/13 14:38:48 /home/bryan/repos/skripsi/backend/setup/setup.go:78
[17.308ms] [rows:-] SELECT c.column_name, constraint_name, constraint_type FROM information_schema.table_constraints tc JOIN information_schema.constraint_column_usage AS ccu USING (constraint_schema, constraint_catalog, table_name, constraint_name) JOIN information_schema.columns AS c ON c.table_schema = tc.constraint_schema AND tc.table_name = c.table_name AND ccu.column_name = c.column_name WHERE constraint_type IN ('PRIMARY KEY', 'UNIQUE') AND c.table_catalog = $1$ AND c.table_schema = CURRENT_SCHEMA() AND c.table_name = $2$

2025/02/13 14:38:48 /home/bryan/repos/skripsi/backend/setup/setup.go:78
[1.633ms] [rows:-] SELECT a.attname as column_name, format_type(a.atttypid, a.atttypmod) AS data_type
		FROM pg_attribute a JOIN pg_class b ON a.attrelid = b.oid AND relnamespace = (SELECT oid FROM pg_catalog.pg_namespace WHERE nspname = CURRENT_SCHEMA())
		WHERE a.attnum > 0 -- hide internal columns
		AND NOT a.attisdropped -- hide deleted columns
		AND b.relname = $1$

2025/02/13 14:38:48 /home/bryan/repos/skripsi/backend/setup/setup.go:78
[1.426ms] [rows:0] SELECT description FROM pg_catalog.pg_description WHERE objsubid = (SELECT ordinal_position FROM information_schema.columns WHERE table_schema = CURRENT_SCHEMA() AND table_name = 'daily_playtimes' AND column_name = 'id') AND objoid = (SELECT oid FROM pg_catalog.pg_class WHERE relname = 'daily_playtimes' AND relnamespace = (SELECT oid FROM pg_catalog.pg_namespace WHERE nspname = CURRENT_SCHEMA()))

2025/02/13 14:38:48 /home/bryan/repos/skripsi/backend/setup/setup.go:78
[1.401ms] [rows:0] SELECT description FROM pg_catalog.pg_description WHERE objsubid = (SELECT ordinal_position FROM information_schema.columns WHERE table_schema = CURRENT_SCHEMA() AND table_name = 'daily_playtimes' AND column_name = 'name') AND objoid = (SELECT oid FROM pg_catalog.pg_class WHERE relname = 'daily_playtimes' AND relnamespace = (SELECT oid FROM pg_catalog.pg_namespace WHERE nspname = CURRENT_SCHEMA()))

2025/02/13 14:38:48 /home/bryan/repos/skripsi/backend/setup/setup.go:78
[0.952ms] [rows:1] SELECT count(*) FROM information_schema.tables WHERE table_schema = CURRENT_SCHEMA() AND table_name = 'pet_daycares' AND table_type = 'BASE TABLE'

2025/02/13 14:38:48 /home/bryan/repos/skripsi/backend/setup/setup.go:78
[0.659ms] [rows:1] SELECT CURRENT_DATABASE()

2025/02/13 14:38:48 /home/bryan/repos/skripsi/backend/setup/setup.go:78
[4.559ms] [rows:-] SELECT c.column_name, c.is_nullable = 'YES', c.udt_name, c.character_maximum_length, c.numeric_precision, c.numeric_precision_radix, c.numeric_scale, c.datetime_precision, 8 * typlen, c.column_default, pd.description, c.identity_increment FROM information_schema.columns AS c JOIN pg_type AS pgt ON c.udt_name = pgt.typname LEFT JOIN pg_catalog.pg_description as pd ON pd.objsubid = c.ordinal_position AND pd.objoid = (SELECT oid FROM pg_catalog.pg_class WHERE relname = c.table_name AND relnamespace = (SELECT oid FROM pg_catalog.pg_namespace WHERE nspname = c.table_schema)) where table_catalog = $1$ AND table_schema = CURRENT_SCHEMA() AND table_name = $2$

2025/02/13 14:38:48 /home/bryan/repos/skripsi/backend/setup/setup.go:78
[0.882ms] [rows:-] SELECT * FROM "pet_daycares" LIMIT $1$

2025/02/13 14:38:48 /home/bryan/repos/skripsi/backend/setup/setup.go:78
[6.238ms] [rows:-] SELECT constraint_name FROM information_schema.table_constraints tc JOIN information_schema.constraint_column_usage AS ccu USING (constraint_schema, constraint_catalog, table_name, constraint_name) JOIN information_schema.columns AS c ON c.table_schema = tc.constraint_schema AND tc.table_name = c.table_name AND ccu.column_name = c.column_name WHERE constraint_type IN ('PRIMARY KEY', 'UNIQUE') AND c.table_catalog = $1$ AND c.table_schema = CURRENT_SCHEMA() AND c.table_name = $2$ AND constraint_type = $3$

2025/02/13 14:38:48 /home/bryan/repos/skripsi/backend/setup/setup.go:78
[6.901ms] [rows:-] SELECT c.column_name, constraint_name, constraint_type FROM information_schema.table_constraints tc JOIN information_schema.constraint_column_usage AS ccu USING (constraint_schema, constraint_catalog, table_name, constraint_name) JOIN information_schema.columns AS c ON c.table_schema = tc.constraint_schema AND tc.table_name = c.table_name AND ccu.column_name = c.column_name WHERE constraint_type IN ('PRIMARY KEY', 'UNIQUE') AND c.table_catalog = $1$ AND c.table_schema = CURRENT_SCHEMA() AND c.table_name = $2$

2025/02/13 14:38:48 /home/bryan/repos/skripsi/backend/setup/setup.go:78
[1.335ms] [rows:-] SELECT a.attname as column_name, format_type(a.atttypid, a.atttypmod) AS data_type
		FROM pg_attribute a JOIN pg_class b ON a.attrelid = b.oid AND relnamespace = (SELECT oid FROM pg_catalog.pg_namespace WHERE nspname = CURRENT_SCHEMA())
		WHERE a.attnum > 0 -- hide internal columns
		AND NOT a.attisdropped -- hide deleted columns
		AND b.relname = $1$

2025/02/13 14:38:48 /home/bryan/repos/skripsi/backend/setup/setup.go:78
[1.407ms] [rows:0] SELECT description FROM pg_catalog.pg_description WHERE objsubid = (SELECT ordinal_position FROM information_schema.columns WHERE table_schema = CURRENT_SCHEMA() AND table_name = 'pet_daycares' AND column_name = 'id') AND objoid = (SELECT oid FROM pg_catalog.pg_class WHERE relname = 'pet_daycares' AND relnamespace = (SELECT oid FROM pg_catalog.pg_namespace WHERE nspname = CURRENT_SCHEMA()))

2025/02/13 14:38:48 /home/bryan/repos/skripsi/backend/setup/setup.go:78
[1.483ms] [rows:0] SELECT description FROM pg_catalog.pg_description WHERE objsubid = (SELECT ordinal_position FROM information_schema.columns WHERE table_schema = CURRENT_SCHEMA() AND table_name = 'pet_daycares' AND column_name = 'created_at') AND objoid = (SELECT oid FROM pg_catalog.pg_class WHERE relname = 'pet_daycares' AND relnamespace = (SELECT oid FROM pg_catalog.pg_namespace WHERE nspname = CURRENT_SCHEMA()))

2025/02/13 14:38:48 /home/bryan/repos/skripsi/backend/setup/setup.go:78
[1.736ms] [rows:0] SELECT description FROM pg_catalog.pg_description WHERE objsubid = (SELECT ordinal_position FROM information_schema.columns WHERE table_schema = CURRENT_SCHEMA() AND table_name = 'pet_daycares' AND column_name = 'updated_at') AND objoid = (SELECT oid FROM pg_catalog.pg_class WHERE relname = 'pet_daycares' AND relnamespace = (SELECT oid FROM pg_catalog.pg_namespace WHERE nspname = CURRENT_SCHEMA()))

2025/02/13 14:38:48 /home/bryan/repos/skripsi/backend/setup/setup.go:78
[1.802ms] [rows:0] SELECT description FROM pg_catalog.pg_description WHERE objsubid = (SELECT ordinal_position FROM information_schema.columns WHERE table_schema = CURRENT_SCHEMA() AND table_name = 'pet_daycares' AND column_name = 'deleted_at') AND objoid = (SELECT oid FROM pg_catalog.pg_class WHERE relname = 'pet_daycares' AND relnamespace = (SELECT oid FROM pg_catalog.pg_namespace WHERE nspname = CURRENT_SCHEMA()))

2025/02/13 14:38:48 /home/bryan/repos/skripsi/backend/setup/setup.go:78
[1.615ms] [rows:0] SELECT description FROM pg_catalog.pg_description WHERE objsubid = (SELECT ordinal_position FROM information_schema.columns WHERE table_schema = CURRENT_SCHEMA() AND table_name = 'pet_daycares' AND column_name = 'name') AND objoid = (SELECT oid FROM pg_catalog.pg_class WHERE relname = 'pet_daycares' AND relnamespace = (SELECT oid FROM pg_catalog.pg_namespace WHERE nspname = CURRENT_SCHEMA()))

2025/02/13 14:38:48 /home/bryan/repos/skripsi/backend/setup/setup.go:78
[1.718ms] [rows:0] SELECT description FROM pg_catalog.pg_description WHERE objsubid = (SELECT ordinal_position FROM information_schema.columns WHERE table_schema = CURRENT_SCHEMA() AND table_name = 'pet_daycares' AND column_name = 'address') AND objoid = (SELECT oid FROM pg_catalog.pg_class WHERE relname = 'pet_daycares' AND relnamespace = (SELECT oid FROM pg_catalog.pg_namespace WHERE nspname = CURRENT_SCHEMA()))

2025/02/13 14:38:48 /home/bryan/repos/skripsi/backend/setup/setup.go:78
[1.818ms] [rows:0] SELECT description FROM pg_catalog.pg_description WHERE objsubid = (SELECT ordinal_position FROM information_schema.columns WHERE table_schema = CURRENT_SCHEMA() AND table_name = 'pet_daycares' AND column_name = 'latitude') AND objoid = (SELECT oid FROM pg_catalog.pg_class WHERE relname = 'pet_daycares' AND relnamespace = (SELECT oid FROM pg_catalog.pg_namespace WHERE nspname = CURRENT_SCHEMA()))

2025/02/13 14:38:48 /home/bryan/repos/skripsi/backend/setup/setup.go:78
[1.844ms] [rows:0] SELECT description FROM pg_catalog.pg_description WHERE objsubid = (SELECT ordinal_position FROM information_schema.columns WHERE table_schema = CURRENT_SCHEMA() AND table_name = 'pet_daycares' AND column_name = 'longitude') AND objoid = (SELECT oid FROM pg_catalog.pg_class WHERE relname = 'pet_daycares' AND relnamespace = (SELECT oid FROM pg_catalog.pg_namespace WHERE nspname = CURRENT_SCHEMA()))

2025/02/13 14:38:48 /home/bryan/repos/skripsi/backend/setup/setup.go:78
[1.601ms] [rows:0] SELECT description FROM pg_catalog.pg_description WHERE objsubid = (SELECT ordinal_position FROM information_schema.columns WHERE table_schema = CURRENT_SCHEMA() AND table_name = 'pet_daycares' AND column_name = 'price') AND objoid = (SELECT oid FROM pg_catalog.pg_class WHERE relname = 'pet_daycares' AND relnamespace = (SELECT oid FROM pg_catalog.pg_namespace WHERE nspname = CURRENT_SCHEMA()))

2025/02/13 14:38:48 /home/bryan/repos/skripsi/backend/setup/setup.go:78
[1.436ms] [rows:0] SELECT description FROM pg_catalog.pg_description WHERE objsubid = (SELECT ordinal_position FROM information_schema.columns WHERE table_schema = CURRENT_SCHEMA() AND table_name = 'pet_daycares' AND column_name = 'pricing_type') AND objoid = (SELECT oid FROM pg_catalog.pg_class WHERE relname = 'pet_daycares' AND relnamespace = (SELECT oid FROM pg_catalog.pg_namespace WHERE nspname = CURRENT_SCHEMA()))

2025/02/13 14:38:48 /home/bryan/repos/skripsi/backend/setup/setup.go:78
[1.462ms] [rows:0] SELECT description FROM pg_catalog.pg_description WHERE objsubid = (SELECT ordinal_position FROM information_schema.columns WHERE table_schema = CURRENT_SCHEMA() AND table_name = 'pet_daycares' AND column_name = 'description') AND objoid = (SELECT oid FROM pg_catalog.pg_class WHERE relname = 'pet_daycares' AND relnamespace = (SELECT oid FROM pg_catalog.pg_namespace WHERE nspname = CURRENT_SCHEMA()))

2025/02/13 14:38:48 /home/bryan/repos/skripsi/backend/setup/setup.go:78
[1.501ms] [rows:0] SELECT description FROM pg_catalog.pg_description WHERE objsubid = (SELECT ordinal_position FROM information_schema.columns WHERE table_schema = CURRENT_SCHEMA() AND table_name = 'pet_daycares' AND column_name = 'has_pickup_service') AND objoid = (SELECT oid FROM pg_catalog.pg_class WHERE relname = 'pet_daycares' AND relnamespace = (SELECT oid FROM pg_catalog.pg_namespace WHERE nspname = CURRENT_SCHEMA()))

2025/02/13 14:38:48 /home/bryan/repos/skripsi/backend/setup/setup.go:78
[1.440ms] [rows:0] SELECT description FROM pg_catalog.pg_description WHERE objsubid = (SELECT ordinal_position FROM information_schema.columns WHERE table_schema = CURRENT_SCHEMA() AND table_name = 'pet_daycares' AND column_name = 'must_be_vaccinated') AND objoid = (SELECT oid FROM pg_catalog.pg_class WHERE relname = 'pet_daycares' AND relnamespace = (SELECT oid FROM pg_catalog.pg_namespace WHERE nspname = CURRENT_SCHEMA()))

2025/02/13 14:38:48 /home/bryan/repos/skripsi/backend/setup/setup.go:78
[1.401ms] [rows:0] SELECT description FROM pg_catalog.pg_description WHERE objsubid = (SELECT ordinal_position FROM information_schema.columns WHERE table_schema = CURRENT_SCHEMA() AND table_name = 'pet_daycares' AND column_name = 'food_provided') AND objoid = (SELECT oid FROM pg_catalog.pg_class WHERE relname = 'pet_daycares' AND relnamespace = (SELECT oid FROM pg_catalog.pg_namespace WHERE nspname = CURRENT_SCHEMA()))

2025/02/13 14:38:48 /home/bryan/repos/skripsi/backend/setup/setup.go:78
[1.337ms] [rows:0] SELECT description FROM pg_catalog.pg_description WHERE objsubid = (SELECT ordinal_position FROM information_schema.columns WHERE table_schema = CURRENT_SCHEMA() AND table_name = 'pet_daycares' AND column_name = 'grooming_available') AND objoid = (SELECT oid FROM pg_catalog.pg_class WHERE relname = 'pet_daycares' AND relnamespace = (SELECT oid FROM pg_catalog.pg_namespace WHERE nspname = CURRENT_SCHEMA()))

2025/02/13 14:38:48 /home/bryan/repos/skripsi/backend/setup/setup.go:78
[1.301ms] [rows:0] SELECT description FROM pg_catalog.pg_description WHERE objsubid = (SELECT ordinal_position FROM information_schema.columns WHERE table_schema = CURRENT_SCHEMA() AND table_name = 'pet_daycares' AND column_name = 'booked_num') AND objoid = (SELECT oid FROM pg_catalog.pg_class WHERE relname = 'pet_daycares' AND relnamespace = (SELECT oid FROM pg_catalog.pg_namespace WHERE nspname = CURRENT_SCHEMA()))

2025/02/13 14:38:48 /home/bryan/repos/skripsi/backend/setup/setup.go:78
[1.473ms] [rows:0] SELECT description FROM pg_catalog.pg_description WHERE objsubid = (SELECT ordinal_position FROM information_schema.columns WHERE table_schema = CURRENT_SCHEMA() AND table_name = 'pet_daycares' AND column_name = 'daily_walks_id') AND objoid = (SELECT oid FROM pg_catalog.pg_class WHERE relname = 'pet_daycares' AND relnamespace = (SELECT oid FROM pg_catalog.pg_namespace WHERE nspname = CURRENT_SCHEMA()))

2025/02/13 14:38:48 /home/bryan/repos/skripsi/backend/setup/setup.go:78
[1.407ms] [rows:0] SELECT description FROM pg_catalog.pg_description WHERE objsubid = (SELECT ordinal_position FROM information_schema.columns WHERE table_schema = CURRENT_SCHEMA() AND table_name = 'pet_daycares' AND column_name = 'daily_playtime_id') AND objoid = (SELECT oid FROM pg_catalog.pg_class WHERE relname = 'pet_daycares' AND relnamespace = (SELECT oid FROM pg_catalog.pg_namespace WHERE nspname = CURRENT_SCHEMA()))

2025/02/13 14:38:48 /home/bryan/repos/skripsi/backend/setup/setup.go:78
[1.834ms] [rows:0] SELECT description FROM pg_catalog.pg_description WHERE objsubid = (SELECT ordinal_position FROM information_schema.columns WHERE table_schema = CURRENT_SCHEMA() AND table_name = 'pet_daycares' AND column_name = 'owner_id') AND objoid = (SELECT oid FROM pg_catalog.pg_class WHERE relname = 'pet_daycares' AND relnamespace = (SELECT oid FROM pg_catalog.pg_namespace WHERE nspname = CURRENT_SCHEMA()))

2025/02/13 14:38:48 /home/bryan/repos/skripsi/backend/setup/setup.go:78
[1.543ms] [rows:0] SELECT description FROM pg_catalog.pg_description WHERE objsubid = (SELECT ordinal_position FROM information_schema.columns WHERE table_schema = CURRENT_SCHEMA() AND table_name = 'pet_daycares' AND column_name = 'food_brand') AND objoid = (SELECT oid FROM pg_catalog.pg_class WHERE relname = 'pet_daycares' AND relnamespace = (SELECT oid FROM pg_catalog.pg_namespace WHERE nspname = CURRENT_SCHEMA()))

2025/02/13 14:38:48 /home/bryan/repos/skripsi/backend/setup/setup.go:78
[3.755ms] [rows:1] SELECT count(*) FROM INFORMATION_SCHEMA.table_constraints WHERE table_schema = CURRENT_SCHEMA() AND table_name = 'pet_daycares' AND constraint_name = 'fk_pet_daycares_daily_walks'

2025/02/13 14:38:48 /home/bryan/repos/skripsi/backend/setup/setup.go:78
[3.573ms] [rows:1] SELECT count(*) FROM INFORMATION_SCHEMA.table_constraints WHERE table_schema = CURRENT_SCHEMA() AND table_name = 'pet_daycares' AND constraint_name = 'fk_pet_daycares_daily_playtime'

2025/02/13 14:38:48 /home/bryan/repos/skripsi/backend/setup/setup.go:78
[3.556ms] [rows:1] SELECT count(*) FROM INFORMATION_SCHEMA.table_constraints WHERE table_schema = CURRENT_SCHEMA() AND table_name = 'pet_daycares' AND constraint_name = 'fk_users_pet_daycare'

2025/02/13 14:38:49 /home/bryan/repos/skripsi/backend/setup/setup.go:78
[2.989ms] [rows:1] SELECT count(*) FROM pg_indexes WHERE tablename = 'pet_daycares' AND indexname = 'idx_pet_daycares_deleted_at' AND schemaname = CURRENT_SCHEMA()

2025/02/13 14:38:49 /home/bryan/repos/skripsi/backend/setup/setup.go:78
[1.210ms] [rows:1] SELECT count(*) FROM information_schema.tables WHERE table_schema = CURRENT_SCHEMA() AND table_name = 'species' AND table_type = 'BASE TABLE'

2025/02/13 14:38:49 /home/bryan/repos/skripsi/backend/setup/setup.go:78
[0.862ms] [rows:1] SELECT CURRENT_DATABASE()

2025/02/13 14:38:49 /home/bryan/repos/skripsi/backend/setup/setup.go:78
[3.108ms] [rows:-] SELECT c.column_name, c.is_nullable = 'YES', c.udt_name, c.character_maximum_length, c.numeric_precision, c.numeric_precision_radix, c.numeric_scale, c.datetime_precision, 8 * typlen, c.column_default, pd.description, c.identity_increment FROM information_schema.columns AS c JOIN pg_type AS pgt ON c.udt_name = pgt.typname LEFT JOIN pg_catalog.pg_description as pd ON pd.objsubid = c.ordinal_position AND pd.objoid = (SELECT oid FROM pg_catalog.pg_class WHERE relname = c.table_name AND relnamespace = (SELECT oid FROM pg_catalog.pg_namespace WHERE nspname = c.table_schema)) where table_catalog = $1$ AND table_schema = CURRENT_SCHEMA() AND table_name = $2$

2025/02/13 14:38:49 /home/bryan/repos/skripsi/backend/setup/setup.go:78
[0.937ms] [rows:-] SELECT * FROM "species" LIMIT $1$

2025/02/13 14:38:49 /home/bryan/repos/skripsi/backend/setup/setup.go:78
[3.236ms] [rows:-] SELECT constraint_name FROM information_schema.table_constraints tc JOIN information_schema.constraint_column_usage AS ccu USING (constraint_schema, constraint_catalog, table_name, constraint_name) JOIN information_schema.columns AS c ON c.table_schema = tc.constraint_schema AND tc.table_name = c.table_name AND ccu.column_name = c.column_name WHERE constraint_type IN ('PRIMARY KEY', 'UNIQUE') AND c.table_catalog = $1$ AND c.table_schema = CURRENT_SCHEMA() AND c.table_name = $2$ AND constraint_type = $3$

2025/02/13 14:38:49 /home/bryan/repos/skripsi/backend/setup/setup.go:78
[3.266ms] [rows:-] SELECT c.column_name, constraint_name, constraint_type FROM information_schema.table_constraints tc JOIN information_schema.constraint_column_usage AS ccu USING (constraint_schema, constraint_catalog, table_name, constraint_name) JOIN information_schema.columns AS c ON c.table_schema = tc.constraint_schema AND tc.table_name = c.table_name AND ccu.column_name = c.column_name WHERE constraint_type IN ('PRIMARY KEY', 'UNIQUE') AND c.table_catalog = $1$ AND c.table_schema = CURRENT_SCHEMA() AND c.table_name = $2$

2025/02/13 14:38:49 /home/bryan/repos/skripsi/backend/setup/setup.go:78
[1.425ms] [rows:-] SELECT a.attname as column_name, format_type(a.atttypid, a.atttypmod) AS data_type
		FROM pg_attribute a JOIN pg_class b ON a.attrelid = b.oid AND relnamespace = (SELECT oid FROM pg_catalog.pg_namespace WHERE nspname = CURRENT_SCHEMA())
		WHERE a.attnum > 0 -- hide internal columns
		AND NOT a.attisdropped -- hide deleted columns
		AND b.relname = $1$

2025/02/13 14:38:49 /home/bryan/repos/skripsi/backend/setup/setup.go:78
[2.629ms] [rows:0] SELECT description FROM pg_catalog.pg_description WHERE objsubid = (SELECT ordinal_position FROM information_schema.columns WHERE table_schema = CURRENT_SCHEMA() AND table_name = 'species' AND column_name = 'id') AND objoid = (SELECT oid FROM pg_catalog.pg_class WHERE relname = 'species' AND relnamespace = (SELECT oid FROM pg_catalog.pg_namespace WHERE nspname = CURRENT_SCHEMA()))

2025/02/13 14:38:49 /home/bryan/repos/skripsi/backend/setup/setup.go:78
[2.547ms] [rows:0] SELECT description FROM pg_catalog.pg_description WHERE objsubid = (SELECT ordinal_position FROM information_schema.columns WHERE table_schema = CURRENT_SCHEMA() AND table_name = 'species' AND column_name = 'name') AND objoid = (SELECT oid FROM pg_catalog.pg_class WHERE relname = 'species' AND relnamespace = (SELECT oid FROM pg_catalog.pg_namespace WHERE nspname = CURRENT_SCHEMA()))

2025/02/13 14:38:49 /home/bryan/repos/skripsi/backend/setup/setup.go:78
[1.810ms] [rows:1] SELECT count(*) FROM information_schema.tables WHERE table_schema = CURRENT_SCHEMA() AND table_name = 'size_categories' AND table_type = 'BASE TABLE'

2025/02/13 14:38:49 /home/bryan/repos/skripsi/backend/setup/setup.go:78
[1.386ms] [rows:1] SELECT CURRENT_DATABASE()

2025/02/13 14:38:49 /home/bryan/repos/skripsi/backend/setup/setup.go:78
[6.581ms] [rows:-] SELECT c.column_name, c.is_nullable = 'YES', c.udt_name, c.character_maximum_length, c.numeric_precision, c.numeric_precision_radix, c.numeric_scale, c.datetime_precision, 8 * typlen, c.column_default, pd.description, c.identity_increment FROM information_schema.columns AS c JOIN pg_type AS pgt ON c.udt_name = pgt.typname LEFT JOIN pg_catalog.pg_description as pd ON pd.objsubid = c.ordinal_position AND pd.objoid = (SELECT oid FROM pg_catalog.pg_class WHERE relname = c.table_name AND relnamespace = (SELECT oid FROM pg_catalog.pg_namespace WHERE nspname = c.table_schema)) where table_catalog = $1$ AND table_schema = CURRENT_SCHEMA() AND table_name = $2$

2025/02/13 14:38:49 /home/bryan/repos/skripsi/backend/setup/setup.go:78
[2.417ms] [rows:-] SELECT * FROM "size_categories" LIMIT $1$

2025/02/13 14:38:49 /home/bryan/repos/skripsi/backend/setup/setup.go:78
[6.174ms] [rows:-] SELECT constraint_name FROM information_schema.table_constraints tc JOIN information_schema.constraint_column_usage AS ccu USING (constraint_schema, constraint_catalog, table_name, constraint_name) JOIN information_schema.columns AS c ON c.table_schema = tc.constraint_schema AND tc.table_name = c.table_name AND ccu.column_name = c.column_name WHERE constraint_type IN ('PRIMARY KEY', 'UNIQUE') AND c.table_catalog = $1$ AND c.table_schema = CURRENT_SCHEMA() AND c.table_name = $2$ AND constraint_type = $3$

2025/02/13 14:38:49 /home/bryan/repos/skripsi/backend/setup/setup.go:78
[6.118ms] [rows:-] SELECT c.column_name, constraint_name, constraint_type FROM information_schema.table_constraints tc JOIN information_schema.constraint_column_usage AS ccu USING (constraint_schema, constraint_catalog, table_name, constraint_name) JOIN information_schema.columns AS c ON c.table_schema = tc.constraint_schema AND tc.table_name = c.table_name AND ccu.column_name = c.column_name WHERE constraint_type IN ('PRIMARY KEY', 'UNIQUE') AND c.table_catalog = $1$ AND c.table_schema = CURRENT_SCHEMA() AND c.table_name = $2$

2025/02/13 14:38:49 /home/bryan/repos/skripsi/backend/setup/setup.go:78
[2.132ms] [rows:-] SELECT a.attname as column_name, format_type(a.atttypid, a.atttypmod) AS data_type
		FROM pg_attribute a JOIN pg_class b ON a.attrelid = b.oid AND relnamespace = (SELECT oid FROM pg_catalog.pg_namespace WHERE nspname = CURRENT_SCHEMA())
		WHERE a.attnum > 0 -- hide internal columns
		AND NOT a.attisdropped -- hide deleted columns
		AND b.relname = $1$

2025/02/13 14:38:49 /home/bryan/repos/skripsi/backend/setup/setup.go:78
[3.497ms] [rows:0] SELECT description FROM pg_catalog.pg_description WHERE objsubid = (SELECT ordinal_position FROM information_schema.columns WHERE table_schema = CURRENT_SCHEMA() AND table_name = 'size_categories' AND column_name = 'id') AND objoid = (SELECT oid FROM pg_catalog.pg_class WHERE relname = 'size_categories' AND relnamespace = (SELECT oid FROM pg_catalog.pg_namespace WHERE nspname = CURRENT_SCHEMA()))

2025/02/13 14:38:49 /home/bryan/repos/skripsi/backend/setup/setup.go:78
[3.681ms] [rows:0] SELECT description FROM pg_catalog.pg_description WHERE objsubid = (SELECT ordinal_position FROM information_schema.columns WHERE table_schema = CURRENT_SCHEMA() AND table_name = 'size_categories' AND column_name = 'name') AND objoid = (SELECT oid FROM pg_catalog.pg_class WHERE relname = 'size_categories' AND relnamespace = (SELECT oid FROM pg_catalog.pg_namespace WHERE nspname = CURRENT_SCHEMA()))

2025/02/13 14:38:49 /home/bryan/repos/skripsi/backend/setup/setup.go:78
[4.339ms] [rows:0] SELECT description FROM pg_catalog.pg_description WHERE objsubid = (SELECT ordinal_position FROM information_schema.columns WHERE table_schema = CURRENT_SCHEMA() AND table_name = 'size_categories' AND column_name = 'min_weight') AND objoid = (SELECT oid FROM pg_catalog.pg_class WHERE relname = 'size_categories' AND relnamespace = (SELECT oid FROM pg_catalog.pg_namespace WHERE nspname = CURRENT_SCHEMA()))

2025/02/13 14:38:49 /home/bryan/repos/skripsi/backend/setup/setup.go:78
[3.604ms] [rows:0] SELECT description FROM pg_catalog.pg_description WHERE objsubid = (SELECT ordinal_position FROM information_schema.columns WHERE table_schema = CURRENT_SCHEMA() AND table_name = 'size_categories' AND column_name = 'max_weight') AND objoid = (SELECT oid FROM pg_catalog.pg_class WHERE relname = 'size_categories' AND relnamespace = (SELECT oid FROM pg_catalog.pg_namespace WHERE nspname = CURRENT_SCHEMA()))

2025/02/13 14:38:49 /home/bryan/repos/skripsi/backend/setup/setup.go:78
[2.513ms] [rows:1] SELECT count(*) FROM information_schema.tables WHERE table_schema = CURRENT_SCHEMA() AND table_name = 'pets' AND table_type = 'BASE TABLE'

2025/02/13 14:38:49 /home/bryan/repos/skripsi/backend/setup/setup.go:78
[1.823ms] [rows:1] SELECT CURRENT_DATABASE()

2025/02/13 14:38:49 /home/bryan/repos/skripsi/backend/setup/setup.go:78
[9.194ms] [rows:-] SELECT c.column_name, c.is_nullable = 'YES', c.udt_name, c.character_maximum_length, c.numeric_precision, c.numeric_precision_radix, c.numeric_scale, c.datetime_precision, 8 * typlen, c.column_default, pd.description, c.identity_increment FROM information_schema.columns AS c JOIN pg_type AS pgt ON c.udt_name = pgt.typname LEFT JOIN pg_catalog.pg_description as pd ON pd.objsubid = c.ordinal_position AND pd.objoid = (SELECT oid FROM pg_catalog.pg_class WHERE relname = c.table_name AND relnamespace = (SELECT oid FROM pg_catalog.pg_namespace WHERE nspname = c.table_schema)) where table_catalog = $1$ AND table_schema = CURRENT_SCHEMA() AND table_name = $2$

2025/02/13 14:38:49 /home/bryan/repos/skripsi/backend/setup/setup.go:78
[2.377ms] [rows:-] SELECT * FROM "pets" LIMIT $1$

2025/02/13 14:38:49 /home/bryan/repos/skripsi/backend/setup/setup.go:78
[9.522ms] [rows:-] SELECT constraint_name FROM information_schema.table_constraints tc JOIN information_schema.constraint_column_usage AS ccu USING (constraint_schema, constraint_catalog, table_name, constraint_name) JOIN information_schema.columns AS c ON c.table_schema = tc.constraint_schema AND tc.table_name = c.table_name AND ccu.column_name = c.column_name WHERE constraint_type IN ('PRIMARY KEY', 'UNIQUE') AND c.table_catalog = $1$ AND c.table_schema = CURRENT_SCHEMA() AND c.table_name = $2$ AND constraint_type = $3$

2025/02/13 14:38:49 /home/bryan/repos/skripsi/backend/setup/setup.go:78
[8.424ms] [rows:-] SELECT c.column_name, constraint_name, constraint_type FROM information_schema.table_constraints tc JOIN information_schema.constraint_column_usage AS ccu USING (constraint_schema, constraint_catalog, table_name, constraint_name) JOIN information_schema.columns AS c ON c.table_schema = tc.constraint_schema AND tc.table_name = c.table_name AND ccu.column_name = c.column_name WHERE constraint_type IN ('PRIMARY KEY', 'UNIQUE') AND c.table_catalog = $1$ AND c.table_schema = CURRENT_SCHEMA() AND c.table_name = $2$

2025/02/13 14:38:49 /home/bryan/repos/skripsi/backend/setup/setup.go:78
[2.711ms] [rows:-] SELECT a.attname as column_name, format_type(a.atttypid, a.atttypmod) AS data_type
		FROM pg_attribute a JOIN pg_class b ON a.attrelid = b.oid AND relnamespace = (SELECT oid FROM pg_catalog.pg_namespace WHERE nspname = CURRENT_SCHEMA())
		WHERE a.attnum > 0 -- hide internal columns
		AND NOT a.attisdropped -- hide deleted columns
		AND b.relname = $1$

2025/02/13 14:38:49 /home/bryan/repos/skripsi/backend/setup/setup.go:78
[3.472ms] [rows:0] SELECT description FROM pg_catalog.pg_description WHERE objsubid = (SELECT ordinal_position FROM information_schema.columns WHERE table_schema = CURRENT_SCHEMA() AND table_name = 'pets' AND column_name = 'id') AND objoid = (SELECT oid FROM pg_catalog.pg_class WHERE relname = 'pets' AND relnamespace = (SELECT oid FROM pg_catalog.pg_namespace WHERE nspname = CURRENT_SCHEMA()))

2025/02/13 14:38:49 /home/bryan/repos/skripsi/backend/setup/setup.go:78
[3.203ms] [rows:0] SELECT description FROM pg_catalog.pg_description WHERE objsubid = (SELECT ordinal_position FROM information_schema.columns WHERE table_schema = CURRENT_SCHEMA() AND table_name = 'pets' AND column_name = 'created_at') AND objoid = (SELECT oid FROM pg_catalog.pg_class WHERE relname = 'pets' AND relnamespace = (SELECT oid FROM pg_catalog.pg_namespace WHERE nspname = CURRENT_SCHEMA()))

2025/02/13 14:38:49 /home/bryan/repos/skripsi/backend/setup/setup.go:78
[3.421ms] [rows:0] SELECT description FROM pg_catalog.pg_description WHERE objsubid = (SELECT ordinal_position FROM information_schema.columns WHERE table_schema = CURRENT_SCHEMA() AND table_name = 'pets' AND column_name = 'updated_at') AND objoid = (SELECT oid FROM pg_catalog.pg_class WHERE relname = 'pets' AND relnamespace = (SELECT oid FROM pg_catalog.pg_namespace WHERE nspname = CURRENT_SCHEMA()))

2025/02/13 14:38:49 /home/bryan/repos/skripsi/backend/setup/setup.go:78
[3.715ms] [rows:0] SELECT description FROM pg_catalog.pg_description WHERE objsubid = (SELECT ordinal_position FROM information_schema.columns WHERE table_schema = CURRENT_SCHEMA() AND table_name = 'pets' AND column_name = 'deleted_at') AND objoid = (SELECT oid FROM pg_catalog.pg_class WHERE relname = 'pets' AND relnamespace = (SELECT oid FROM pg_catalog.pg_namespace WHERE nspname = CURRENT_SCHEMA()))

2025/02/13 14:38:49 /home/bryan/repos/skripsi/backend/setup/setup.go:78
[4.184ms] [rows:0] SELECT description FROM pg_catalog.pg_description WHERE objsubid = (SELECT ordinal_position FROM information_schema.columns WHERE table_schema = CURRENT_SCHEMA() AND table_name = 'pets' AND column_name = 'name') AND objoid = (SELECT oid FROM pg_catalog.pg_class WHERE relname = 'pets' AND relnamespace = (SELECT oid FROM pg_catalog.pg_namespace WHERE nspname = CURRENT_SCHEMA()))

2025/02/13 14:38:49 /home/bryan/repos/skripsi/backend/setup/setup.go:78
[4.266ms] [rows:0] SELECT description FROM pg_catalog.pg_description WHERE objsubid = (SELECT ordinal_position FROM information_schema.columns WHERE table_schema = CURRENT_SCHEMA() AND table_name = 'pets' AND column_name = 'image_url') AND objoid = (SELECT oid FROM pg_catalog.pg_class WHERE relname = 'pets' AND relnamespace = (SELECT oid FROM pg_catalog.pg_namespace WHERE nspname = CURRENT_SCHEMA()))

2025/02/13 14:38:49 /home/bryan/repos/skripsi/backend/setup/setup.go:78
[3.545ms] [rows:0] SELECT description FROM pg_catalog.pg_description WHERE objsubid = (SELECT ordinal_position FROM information_schema.columns WHERE table_schema = CURRENT_SCHEMA() AND table_name = 'pets' AND column_name = 'status') AND objoid = (SELECT oid FROM pg_catalog.pg_class WHERE relname = 'pets' AND relnamespace = (SELECT oid FROM pg_catalog.pg_namespace WHERE nspname = CURRENT_SCHEMA()))

2025/02/13 14:38:49 /home/bryan/repos/skripsi/backend/setup/setup.go:78
[3.988ms] [rows:0] SELECT description FROM pg_catalog.pg_description WHERE objsubid = (SELECT ordinal_position FROM information_schema.columns WHERE table_schema = CURRENT_SCHEMA() AND table_name = 'pets' AND column_name = 'owner_id') AND objoid = (SELECT oid FROM pg_catalog.pg_class WHERE relname = 'pets' AND relnamespace = (SELECT oid FROM pg_catalog.pg_namespace WHERE nspname = CURRENT_SCHEMA()))

2025/02/13 14:38:49 /home/bryan/repos/skripsi/backend/setup/setup.go:78
[4.286ms] [rows:0] SELECT description FROM pg_catalog.pg_description WHERE objsubid = (SELECT ordinal_position FROM information_schema.columns WHERE table_schema = CURRENT_SCHEMA() AND table_name = 'pets' AND column_name = 'species_id') AND objoid = (SELECT oid FROM pg_catalog.pg_class WHERE relname = 'pets' AND relnamespace = (SELECT oid FROM pg_catalog.pg_namespace WHERE nspname = CURRENT_SCHEMA()))

2025/02/13 14:38:49 /home/bryan/repos/skripsi/backend/setup/setup.go:78
[3.943ms] [rows:0] SELECT description FROM pg_catalog.pg_description WHERE objsubid = (SELECT ordinal_position FROM information_schema.columns WHERE table_schema = CURRENT_SCHEMA() AND table_name = 'pets' AND column_name = 'size_id') AND objoid = (SELECT oid FROM pg_catalog.pg_class WHERE relname = 'pets' AND relnamespace = (SELECT oid FROM pg_catalog.pg_namespace WHERE nspname = CURRENT_SCHEMA()))

2025/02/13 14:38:49 /home/bryan/repos/skripsi/backend/setup/setup.go:78
[3.549ms] [rows:1] SELECT count(*) FROM INFORMATION_SCHEMA.table_constraints WHERE table_schema = CURRENT_SCHEMA() AND table_name = 'pets' AND constraint_name = 'fk_pets_species'

2025/02/13 14:38:49 /home/bryan/repos/skripsi/backend/setup/setup.go:78
[3.183ms] [rows:1] SELECT count(*) FROM INFORMATION_SCHEMA.table_constraints WHERE table_schema = CURRENT_SCHEMA() AND table_name = 'pets' AND constraint_name = 'fk_pets_size_category'

2025/02/13 14:38:49 /home/bryan/repos/skripsi/backend/setup/setup.go:78
[2.742ms] [rows:1] SELECT count(*) FROM INFORMATION_SCHEMA.table_constraints WHERE table_schema = CURRENT_SCHEMA() AND table_name = 'pets' AND constraint_name = 'fk_users_pets'

2025/02/13 14:38:49 /home/bryan/repos/skripsi/backend/setup/setup.go:78
[6.025ms] [rows:1] SELECT count(*) FROM pg_indexes WHERE tablename = 'pets' AND indexname = 'idx_pets_deleted_at' AND schemaname = CURRENT_SCHEMA()

2025/02/13 14:38:49 /home/bryan/repos/skripsi/backend/setup/setup.go:78
[2.496ms] [rows:1] SELECT count(*) FROM information_schema.tables WHERE table_schema = CURRENT_SCHEMA() AND table_name = 'slots' AND table_type = 'BASE TABLE'

2025/02/13 14:38:49 /home/bryan/repos/skripsi/backend/setup/setup.go:78
[1.740ms] [rows:1] SELECT CURRENT_DATABASE()

2025/02/13 14:38:49 /home/bryan/repos/skripsi/backend/setup/setup.go:78
[7.902ms] [rows:-] SELECT c.column_name, c.is_nullable = 'YES', c.udt_name, c.character_maximum_length, c.numeric_precision, c.numeric_precision_radix, c.numeric_scale, c.datetime_precision, 8 * typlen, c.column_default, pd.description, c.identity_increment FROM information_schema.columns AS c JOIN pg_type AS pgt ON c.udt_name = pgt.typname LEFT JOIN pg_catalog.pg_description as pd ON pd.objsubid = c.ordinal_position AND pd.objoid = (SELECT oid FROM pg_catalog.pg_class WHERE relname = c.table_name AND relnamespace = (SELECT oid FROM pg_catalog.pg_namespace WHERE nspname = c.table_schema)) where table_catalog = $1$ AND table_schema = CURRENT_SCHEMA() AND table_name = $2$

2025/02/13 14:38:49 /home/bryan/repos/skripsi/backend/setup/setup.go:78
[2.359ms] [rows:-] SELECT * FROM "slots" LIMIT $1$

2025/02/13 14:38:49 /home/bryan/repos/skripsi/backend/setup/setup.go:78
[6.662ms] [rows:-] SELECT constraint_name FROM information_schema.table_constraints tc JOIN information_schema.constraint_column_usage AS ccu USING (constraint_schema, constraint_catalog, table_name, constraint_name) JOIN information_schema.columns AS c ON c.table_schema = tc.constraint_schema AND tc.table_name = c.table_name AND ccu.column_name = c.column_name WHERE constraint_type IN ('PRIMARY KEY', 'UNIQUE') AND c.table_catalog = $1$ AND c.table_schema = CURRENT_SCHEMA() AND c.table_name = $2$ AND constraint_type = $3$

2025/02/13 14:38:49 /home/bryan/repos/skripsi/backend/setup/setup.go:78
[6.488ms] [rows:-] SELECT c.column_name, constraint_name, constraint_type FROM information_schema.table_constraints tc JOIN information_schema.constraint_column_usage AS ccu USING (constraint_schema, constraint_catalog, table_name, constraint_name) JOIN information_schema.columns AS c ON c.table_schema = tc.constraint_schema AND tc.table_name = c.table_name AND ccu.column_name = c.column_name WHERE constraint_type IN ('PRIMARY KEY', 'UNIQUE') AND c.table_catalog = $1$ AND c.table_schema = CURRENT_SCHEMA() AND c.table_name = $2$

2025/02/13 14:38:49 /home/bryan/repos/skripsi/backend/setup/setup.go:78
[2.316ms] [rows:-] SELECT a.attname as column_name, format_type(a.atttypid, a.atttypmod) AS data_type
		FROM pg_attribute a JOIN pg_class b ON a.attrelid = b.oid AND relnamespace = (SELECT oid FROM pg_catalog.pg_namespace WHERE nspname = CURRENT_SCHEMA())
		WHERE a.attnum > 0 -- hide internal columns
		AND NOT a.attisdropped -- hide deleted columns
		AND b.relname = $1$

2025/02/13 14:38:49 /home/bryan/repos/skripsi/backend/setup/setup.go:78
[3.472ms] [rows:0] SELECT description FROM pg_catalog.pg_description WHERE objsubid = (SELECT ordinal_position FROM information_schema.columns WHERE table_schema = CURRENT_SCHEMA() AND table_name = 'slots' AND column_name = 'id') AND objoid = (SELECT oid FROM pg_catalog.pg_class WHERE relname = 'slots' AND relnamespace = (SELECT oid FROM pg_catalog.pg_namespace WHERE nspname = CURRENT_SCHEMA()))

2025/02/13 14:38:49 /home/bryan/repos/skripsi/backend/setup/setup.go:78
[3.434ms] [rows:0] SELECT description FROM pg_catalog.pg_description WHERE objsubid = (SELECT ordinal_position FROM information_schema.columns WHERE table_schema = CURRENT_SCHEMA() AND table_name = 'slots' AND column_name = 'created_at') AND objoid = (SELECT oid FROM pg_catalog.pg_class WHERE relname = 'slots' AND relnamespace = (SELECT oid FROM pg_catalog.pg_namespace WHERE nspname = CURRENT_SCHEMA()))

2025/02/13 14:38:49 /home/bryan/repos/skripsi/backend/setup/setup.go:78
[3.571ms] [rows:0] SELECT description FROM pg_catalog.pg_description WHERE objsubid = (SELECT ordinal_position FROM information_schema.columns WHERE table_schema = CURRENT_SCHEMA() AND table_name = 'slots' AND column_name = 'updated_at') AND objoid = (SELECT oid FROM pg_catalog.pg_class WHERE relname = 'slots' AND relnamespace = (SELECT oid FROM pg_catalog.pg_namespace WHERE nspname = CURRENT_SCHEMA()))

2025/02/13 14:38:49 /home/bryan/repos/skripsi/backend/setup/setup.go:78
[3.575ms] [rows:0] SELECT description FROM pg_catalog.pg_description WHERE objsubid = (SELECT ordinal_position FROM information_schema.columns WHERE table_schema = CURRENT_SCHEMA() AND table_name = 'slots' AND column_name = 'deleted_at') AND objoid = (SELECT oid FROM pg_catalog.pg_class WHERE relname = 'slots' AND relnamespace = (SELECT oid FROM pg_catalog.pg_namespace WHERE nspname = CURRENT_SCHEMA()))

2025/02/13 14:38:49 /home/bryan/repos/skripsi/backend/setup/setup.go:78
[3.259ms] [rows:0] SELECT description FROM pg_catalog.pg_description WHERE objsubid = (SELECT ordinal_position FROM information_schema.columns WHERE table_schema = CURRENT_SCHEMA() AND table_name = 'slots' AND column_name = 'daycare_id') AND objoid = (SELECT oid FROM pg_catalog.pg_class WHERE relname = 'slots' AND relnamespace = (SELECT oid FROM pg_catalog.pg_namespace WHERE nspname = CURRENT_SCHEMA()))

2025/02/13 14:38:49 /home/bryan/repos/skripsi/backend/setup/setup.go:78
[3.597ms] [rows:0] SELECT description FROM pg_catalog.pg_description WHERE objsubid = (SELECT ordinal_position FROM information_schema.columns WHERE table_schema = CURRENT_SCHEMA() AND table_name = 'slots' AND column_name = 'species_id') AND objoid = (SELECT oid FROM pg_catalog.pg_class WHERE relname = 'slots' AND relnamespace = (SELECT oid FROM pg_catalog.pg_namespace WHERE nspname = CURRENT_SCHEMA()))

2025/02/13 14:38:49 /home/bryan/repos/skripsi/backend/setup/setup.go:78
[3.400ms] [rows:0] SELECT description FROM pg_catalog.pg_description WHERE objsubid = (SELECT ordinal_position FROM information_schema.columns WHERE table_schema = CURRENT_SCHEMA() AND table_name = 'slots' AND column_name = 'size_category_id') AND objoid = (SELECT oid FROM pg_catalog.pg_class WHERE relname = 'slots' AND relnamespace = (SELECT oid FROM pg_catalog.pg_namespace WHERE nspname = CURRENT_SCHEMA()))

2025/02/13 14:38:49 /home/bryan/repos/skripsi/backend/setup/setup.go:78
[3.533ms] [rows:0] SELECT description FROM pg_catalog.pg_description WHERE objsubid = (SELECT ordinal_position FROM information_schema.columns WHERE table_schema = CURRENT_SCHEMA() AND table_name = 'slots' AND column_name = 'max_number') AND objoid = (SELECT oid FROM pg_catalog.pg_class WHERE relname = 'slots' AND relnamespace = (SELECT oid FROM pg_catalog.pg_namespace WHERE nspname = CURRENT_SCHEMA()))

2025/02/13 14:38:49 /home/bryan/repos/skripsi/backend/setup/setup.go:78
[2.858ms] [rows:1] SELECT count(*) FROM INFORMATION_SCHEMA.table_constraints WHERE table_schema = CURRENT_SCHEMA() AND table_name = 'slots' AND constraint_name = 'fk_pet_daycares_slots'

2025/02/13 14:38:49 /home/bryan/repos/skripsi/backend/setup/setup.go:78
[6.191ms] [rows:1] SELECT count(*) FROM pg_indexes WHERE tablename = 'slots' AND indexname = 'idx_slots_deleted_at' AND schemaname = CURRENT_SCHEMA()

2025/02/13 14:38:49 /home/bryan/repos/skripsi/backend/setup/setup.go:78
[2.334ms] [rows:1] SELECT count(*) FROM information_schema.tables WHERE table_schema = CURRENT_SCHEMA() AND table_name = 'booked_slots' AND table_type = 'BASE TABLE'

2025/02/13 14:38:49 /home/bryan/repos/skripsi/backend/setup/setup.go:78
[1.742ms] [rows:1] SELECT CURRENT_DATABASE()

2025/02/13 14:38:49 /home/bryan/repos/skripsi/backend/setup/setup.go:78
[7.155ms] [rows:-] SELECT c.column_name, c.is_nullable = 'YES', c.udt_name, c.character_maximum_length, c.numeric_precision, c.numeric_precision_radix, c.numeric_scale, c.datetime_precision, 8 * typlen, c.column_default, pd.description, c.identity_increment FROM information_schema.columns AS c JOIN pg_type AS pgt ON c.udt_name = pgt.typname LEFT JOIN pg_catalog.pg_description as pd ON pd.objsubid = c.ordinal_position AND pd.objoid = (SELECT oid FROM pg_catalog.pg_class WHERE relname = c.table_name AND relnamespace = (SELECT oid FROM pg_catalog.pg_namespace WHERE nspname = c.table_schema)) where table_catalog = $1$ AND table_schema = CURRENT_SCHEMA() AND table_name = $2$

2025/02/13 14:38:49 /home/bryan/repos/skripsi/backend/setup/setup.go:78
[2.094ms] [rows:-] SELECT * FROM "booked_slots" LIMIT $1$

2025/02/13 14:38:49 /home/bryan/repos/skripsi/backend/setup/setup.go:78
[6.507ms] [rows:-] SELECT constraint_name FROM information_schema.table_constraints tc JOIN information_schema.constraint_column_usage AS ccu USING (constraint_schema, constraint_catalog, table_name, constraint_name) JOIN information_schema.columns AS c ON c.table_schema = tc.constraint_schema AND tc.table_name = c.table_name AND ccu.column_name = c.column_name WHERE constraint_type IN ('PRIMARY KEY', 'UNIQUE') AND c.table_catalog = $1$ AND c.table_schema = CURRENT_SCHEMA() AND c.table_name = $2$ AND constraint_type = $3$

2025/02/13 14:38:49 /home/bryan/repos/skripsi/backend/setup/setup.go:78
[6.645ms] [rows:-] SELECT c.column_name, constraint_name, constraint_type FROM information_schema.table_constraints tc JOIN information_schema.constraint_column_usage AS ccu USING (constraint_schema, constraint_catalog, table_name, constraint_name) JOIN information_schema.columns AS c ON c.table_schema = tc.constraint_schema AND tc.table_name = c.table_name AND ccu.column_name = c.column_name WHERE constraint_type IN ('PRIMARY KEY', 'UNIQUE') AND c.table_catalog = $1$ AND c.table_schema = CURRENT_SCHEMA() AND c.table_name = $2$

2025/02/13 14:38:49 /home/bryan/repos/skripsi/backend/setup/setup.go:78
[2.054ms] [rows:-] SELECT a.attname as column_name, format_type(a.atttypid, a.atttypmod) AS data_type
		FROM pg_attribute a JOIN pg_class b ON a.attrelid = b.oid AND relnamespace = (SELECT oid FROM pg_catalog.pg_namespace WHERE nspname = CURRENT_SCHEMA())
		WHERE a.attnum > 0 -- hide internal columns
		AND NOT a.attisdropped -- hide deleted columns
		AND b.relname = $1$

2025/02/13 14:38:49 /home/bryan/repos/skripsi/backend/setup/setup.go:78
[3.280ms] [rows:0] SELECT description FROM pg_catalog.pg_description WHERE objsubid = (SELECT ordinal_position FROM information_schema.columns WHERE table_schema = CURRENT_SCHEMA() AND table_name = 'booked_slots' AND column_name = 'id') AND objoid = (SELECT oid FROM pg_catalog.pg_class WHERE relname = 'booked_slots' AND relnamespace = (SELECT oid FROM pg_catalog.pg_namespace WHERE nspname = CURRENT_SCHEMA()))

2025/02/13 14:38:49 /home/bryan/repos/skripsi/backend/setup/setup.go:78
[3.142ms] [rows:0] SELECT description FROM pg_catalog.pg_description WHERE objsubid = (SELECT ordinal_position FROM information_schema.columns WHERE table_schema = CURRENT_SCHEMA() AND table_name = 'booked_slots' AND column_name = 'created_at') AND objoid = (SELECT oid FROM pg_catalog.pg_class WHERE relname = 'booked_slots' AND relnamespace = (SELECT oid FROM pg_catalog.pg_namespace WHERE nspname = CURRENT_SCHEMA()))

2025/02/13 14:38:49 /home/bryan/repos/skripsi/backend/setup/setup.go:78
[2.883ms] [rows:0] SELECT description FROM pg_catalog.pg_description WHERE objsubid = (SELECT ordinal_position FROM information_schema.columns WHERE table_schema = CURRENT_SCHEMA() AND table_name = 'booked_slots' AND column_name = 'updated_at') AND objoid = (SELECT oid FROM pg_catalog.pg_class WHERE relname = 'booked_slots' AND relnamespace = (SELECT oid FROM pg_catalog.pg_namespace WHERE nspname = CURRENT_SCHEMA()))

2025/02/13 14:38:49 /home/bryan/repos/skripsi/backend/setup/setup.go:78
[2.835ms] [rows:0] SELECT description FROM pg_catalog.pg_description WHERE objsubid = (SELECT ordinal_position FROM information_schema.columns WHERE table_schema = CURRENT_SCHEMA() AND table_name = 'booked_slots' AND column_name = 'deleted_at') AND objoid = (SELECT oid FROM pg_catalog.pg_class WHERE relname = 'booked_slots' AND relnamespace = (SELECT oid FROM pg_catalog.pg_namespace WHERE nspname = CURRENT_SCHEMA()))

2025/02/13 14:38:49 /home/bryan/repos/skripsi/backend/setup/setup.go:78
[2.871ms] [rows:0] SELECT description FROM pg_catalog.pg_description WHERE objsubid = (SELECT ordinal_position FROM information_schema.columns WHERE table_schema = CURRENT_SCHEMA() AND table_name = 'booked_slots' AND column_name = 'user_id') AND objoid = (SELECT oid FROM pg_catalog.pg_class WHERE relname = 'booked_slots' AND relnamespace = (SELECT oid FROM pg_catalog.pg_namespace WHERE nspname = CURRENT_SCHEMA()))

2025/02/13 14:38:49 /home/bryan/repos/skripsi/backend/setup/setup.go:78
[3.045ms] [rows:0] SELECT description FROM pg_catalog.pg_description WHERE objsubid = (SELECT ordinal_position FROM information_schema.columns WHERE table_schema = CURRENT_SCHEMA() AND table_name = 'booked_slots' AND column_name = 'daycare_id') AND objoid = (SELECT oid FROM pg_catalog.pg_class WHERE relname = 'booked_slots' AND relnamespace = (SELECT oid FROM pg_catalog.pg_namespace WHERE nspname = CURRENT_SCHEMA()))

2025/02/13 14:38:49 /home/bryan/repos/skripsi/backend/setup/setup.go:78
[3.067ms] [rows:0] SELECT description FROM pg_catalog.pg_description WHERE objsubid = (SELECT ordinal_position FROM information_schema.columns WHERE table_schema = CURRENT_SCHEMA() AND table_name = 'booked_slots' AND column_name = 'pet_id') AND objoid = (SELECT oid FROM pg_catalog.pg_class WHERE relname = 'booked_slots' AND relnamespace = (SELECT oid FROM pg_catalog.pg_namespace WHERE nspname = CURRENT_SCHEMA()))

2025/02/13 14:38:49 /home/bryan/repos/skripsi/backend/setup/setup.go:78
[2.933ms] [rows:0] SELECT description FROM pg_catalog.pg_description WHERE objsubid = (SELECT ordinal_position FROM information_schema.columns WHERE table_schema = CURRENT_SCHEMA() AND table_name = 'booked_slots' AND column_name = 'start_date') AND objoid = (SELECT oid FROM pg_catalog.pg_class WHERE relname = 'booked_slots' AND relnamespace = (SELECT oid FROM pg_catalog.pg_namespace WHERE nspname = CURRENT_SCHEMA()))

2025/02/13 14:38:49 /home/bryan/repos/skripsi/backend/setup/setup.go:78
[8.105ms] [rows:0] SELECT description FROM pg_catalog.pg_description WHERE objsubid = (SELECT ordinal_position FROM information_schema.columns WHERE table_schema = CURRENT_SCHEMA() AND table_name = 'booked_slots' AND column_name = 'end_date') AND objoid = (SELECT oid FROM pg_catalog.pg_class WHERE relname = 'booked_slots' AND relnamespace = (SELECT oid FROM pg_catalog.pg_namespace WHERE nspname = CURRENT_SCHEMA()))

2025/02/13 14:38:49 /home/bryan/repos/skripsi/backend/setup/setup.go:78
[4.949ms] [rows:1] SELECT count(*) FROM INFORMATION_SCHEMA.table_constraints WHERE table_schema = CURRENT_SCHEMA() AND table_name = 'booked_slots' AND constraint_name = 'fk_booked_slots_user'

2025/02/13 14:38:49 /home/bryan/repos/skripsi/backend/setup/setup.go:78
[3.153ms] [rows:1] SELECT count(*) FROM INFORMATION_SCHEMA.table_constraints WHERE table_schema = CURRENT_SCHEMA() AND table_name = 'booked_slots' AND constraint_name = 'fk_pets_booked_slots'

2025/02/13 14:38:49 /home/bryan/repos/skripsi/backend/setup/setup.go:78
[2.896ms] [rows:1] SELECT count(*) FROM INFORMATION_SCHEMA.table_constraints WHERE table_schema = CURRENT_SCHEMA() AND table_name = 'booked_slots' AND constraint_name = 'fk_pet_daycares_booked_slots'

2025/02/13 14:38:49 /home/bryan/repos/skripsi/backend/setup/setup.go:78
[5.746ms] [rows:1] SELECT count(*) FROM pg_indexes WHERE tablename = 'booked_slots' AND indexname = 'idx_booked_slots_deleted_at' AND schemaname = CURRENT_SCHEMA()

2025/02/13 14:38:49 /home/bryan/repos/skripsi/backend/setup/setup.go:78
[2.242ms] [rows:1] SELECT count(*) FROM information_schema.tables WHERE table_schema = CURRENT_SCHEMA() AND table_name = 'thumbnails' AND table_type = 'BASE TABLE'

2025/02/13 14:38:49 /home/bryan/repos/skripsi/backend/setup/setup.go:78
[1.694ms] [rows:1] SELECT CURRENT_DATABASE()

2025/02/13 14:38:49 /home/bryan/repos/skripsi/backend/setup/setup.go:78
[6.717ms] [rows:-] SELECT c.column_name, c.is_nullable = 'YES', c.udt_name, c.character_maximum_length, c.numeric_precision, c.numeric_precision_radix, c.numeric_scale, c.datetime_precision, 8 * typlen, c.column_default, pd.description, c.identity_increment FROM information_schema.columns AS c JOIN pg_type AS pgt ON c.udt_name = pgt.typname LEFT JOIN pg_catalog.pg_description as pd ON pd.objsubid = c.ordinal_position AND pd.objoid = (SELECT oid FROM pg_catalog.pg_class WHERE relname = c.table_name AND relnamespace = (SELECT oid FROM pg_catalog.pg_namespace WHERE nspname = c.table_schema)) where table_catalog = $1$ AND table_schema = CURRENT_SCHEMA() AND table_name = $2$

2025/02/13 14:38:49 /home/bryan/repos/skripsi/backend/setup/setup.go:78
[2.161ms] [rows:-] SELECT * FROM "thumbnails" LIMIT $1$

2025/02/13 14:38:49 /home/bryan/repos/skripsi/backend/setup/setup.go:78
[4.824ms] [rows:-] SELECT constraint_name FROM information_schema.table_constraints tc JOIN information_schema.constraint_column_usage AS ccu USING (constraint_schema, constraint_catalog, table_name, constraint_name) JOIN information_schema.columns AS c ON c.table_schema = tc.constraint_schema AND tc.table_name = c.table_name AND ccu.column_name = c.column_name WHERE constraint_type IN ('PRIMARY KEY', 'UNIQUE') AND c.table_catalog = $1$ AND c.table_schema = CURRENT_SCHEMA() AND c.table_name = $2$ AND constraint_type = $3$

2025/02/13 14:38:49 /home/bryan/repos/skripsi/backend/setup/setup.go:78
[4.625ms] [rows:-] SELECT c.column_name, constraint_name, constraint_type FROM information_schema.table_constraints tc JOIN information_schema.constraint_column_usage AS ccu USING (constraint_schema, constraint_catalog, table_name, constraint_name) JOIN information_schema.columns AS c ON c.table_schema = tc.constraint_schema AND tc.table_name = c.table_name AND ccu.column_name = c.column_name WHERE constraint_type IN ('PRIMARY KEY', 'UNIQUE') AND c.table_catalog = $1$ AND c.table_schema = CURRENT_SCHEMA() AND c.table_name = $2$

2025/02/13 14:38:49 /home/bryan/repos/skripsi/backend/setup/setup.go:78
[1.717ms] [rows:-] SELECT a.attname as column_name, format_type(a.atttypid, a.atttypmod) AS data_type
		FROM pg_attribute a JOIN pg_class b ON a.attrelid = b.oid AND relnamespace = (SELECT oid FROM pg_catalog.pg_namespace WHERE nspname = CURRENT_SCHEMA())
		WHERE a.attnum > 0 -- hide internal columns
		AND NOT a.attisdropped -- hide deleted columns
		AND b.relname = $1$

2025/02/13 14:38:49 /home/bryan/repos/skripsi/backend/setup/setup.go:78
[3.345ms] [rows:0] SELECT description FROM pg_catalog.pg_description WHERE objsubid = (SELECT ordinal_position FROM information_schema.columns WHERE table_schema = CURRENT_SCHEMA() AND table_name = 'thumbnails' AND column_name = 'id') AND objoid = (SELECT oid FROM pg_catalog.pg_class WHERE relname = 'thumbnails' AND relnamespace = (SELECT oid FROM pg_catalog.pg_namespace WHERE nspname = CURRENT_SCHEMA()))

2025/02/13 14:38:49 /home/bryan/repos/skripsi/backend/setup/setup.go:78
[3.233ms] [rows:0] SELECT description FROM pg_catalog.pg_description WHERE objsubid = (SELECT ordinal_position FROM information_schema.columns WHERE table_schema = CURRENT_SCHEMA() AND table_name = 'thumbnails' AND column_name = 'daycare_id') AND objoid = (SELECT oid FROM pg_catalog.pg_class WHERE relname = 'thumbnails' AND relnamespace = (SELECT oid FROM pg_catalog.pg_namespace WHERE nspname = CURRENT_SCHEMA()))

2025/02/13 14:38:49 /home/bryan/repos/skripsi/backend/setup/setup.go:78
[3.024ms] [rows:0] SELECT description FROM pg_catalog.pg_description WHERE objsubid = (SELECT ordinal_position FROM information_schema.columns WHERE table_schema = CURRENT_SCHEMA() AND table_name = 'thumbnails' AND column_name = 'image_url') AND objoid = (SELECT oid FROM pg_catalog.pg_class WHERE relname = 'thumbnails' AND relnamespace = (SELECT oid FROM pg_catalog.pg_namespace WHERE nspname = CURRENT_SCHEMA()))

2025/02/13 14:38:49 /home/bryan/repos/skripsi/backend/setup/setup.go:78
[2.740ms] [rows:1] SELECT count(*) FROM INFORMATION_SCHEMA.table_constraints WHERE table_schema = CURRENT_SCHEMA() AND table_name = 'thumbnails' AND constraint_name = 'fk_pet_daycares_thumbnails'

2025/02/13 14:38:49 /home/bryan/repos/skripsi/backend/setup/setup.go:78
[2.274ms] [rows:1] SELECT count(*) FROM information_schema.tables WHERE table_schema = CURRENT_SCHEMA() AND table_name = 'reviews' AND table_type = 'BASE TABLE'

2025/02/13 14:38:49 /home/bryan/repos/skripsi/backend/setup/setup.go:78
[1.853ms] [rows:1] SELECT CURRENT_DATABASE()

2025/02/13 14:38:49 /home/bryan/repos/skripsi/backend/setup/setup.go:78
[7.639ms] [rows:-] SELECT c.column_name, c.is_nullable = 'YES', c.udt_name, c.character_maximum_length, c.numeric_precision, c.numeric_precision_radix, c.numeric_scale, c.datetime_precision, 8 * typlen, c.column_default, pd.description, c.identity_increment FROM information_schema.columns AS c JOIN pg_type AS pgt ON c.udt_name = pgt.typname LEFT JOIN pg_catalog.pg_description as pd ON pd.objsubid = c.ordinal_position AND pd.objoid = (SELECT oid FROM pg_catalog.pg_class WHERE relname = c.table_name AND relnamespace = (SELECT oid FROM pg_catalog.pg_namespace WHERE nspname = c.table_schema)) where table_catalog = $1$ AND table_schema = CURRENT_SCHEMA() AND table_name = $2$

2025/02/13 14:38:49 /home/bryan/repos/skripsi/backend/setup/setup.go:78
[2.140ms] [rows:-] SELECT * FROM "reviews" LIMIT $1$

2025/02/13 14:38:49 /home/bryan/repos/skripsi/backend/setup/setup.go:78
[6.316ms] [rows:-] SELECT constraint_name FROM information_schema.table_constraints tc JOIN information_schema.constraint_column_usage AS ccu USING (constraint_schema, constraint_catalog, table_name, constraint_name) JOIN information_schema.columns AS c ON c.table_schema = tc.constraint_schema AND tc.table_name = c.table_name AND ccu.column_name = c.column_name WHERE constraint_type IN ('PRIMARY KEY', 'UNIQUE') AND c.table_catalog = $1$ AND c.table_schema = CURRENT_SCHEMA() AND c.table_name = $2$ AND constraint_type = $3$

2025/02/13 14:38:49 /home/bryan/repos/skripsi/backend/setup/setup.go:78
[6.379ms] [rows:-] SELECT c.column_name, constraint_name, constraint_type FROM information_schema.table_constraints tc JOIN information_schema.constraint_column_usage AS ccu USING (constraint_schema, constraint_catalog, table_name, constraint_name) JOIN information_schema.columns AS c ON c.table_schema = tc.constraint_schema AND tc.table_name = c.table_name AND ccu.column_name = c.column_name WHERE constraint_type IN ('PRIMARY KEY', 'UNIQUE') AND c.table_catalog = $1$ AND c.table_schema = CURRENT_SCHEMA() AND c.table_name = $2$

2025/02/13 14:38:49 /home/bryan/repos/skripsi/backend/setup/setup.go:78
[2.301ms] [rows:-] SELECT a.attname as column_name, format_type(a.atttypid, a.atttypmod) AS data_type
		FROM pg_attribute a JOIN pg_class b ON a.attrelid = b.oid AND relnamespace = (SELECT oid FROM pg_catalog.pg_namespace WHERE nspname = CURRENT_SCHEMA())
		WHERE a.attnum > 0 -- hide internal columns
		AND NOT a.attisdropped -- hide deleted columns
		AND b.relname = $1$

2025/02/13 14:38:49 /home/bryan/repos/skripsi/backend/setup/setup.go:78
[3.388ms] [rows:0] SELECT description FROM pg_catalog.pg_description WHERE objsubid = (SELECT ordinal_position FROM information_schema.columns WHERE table_schema = CURRENT_SCHEMA() AND table_name = 'reviews' AND column_name = 'id') AND objoid = (SELECT oid FROM pg_catalog.pg_class WHERE relname = 'reviews' AND relnamespace = (SELECT oid FROM pg_catalog.pg_namespace WHERE nspname = CURRENT_SCHEMA()))

2025/02/13 14:38:49 /home/bryan/repos/skripsi/backend/setup/setup.go:78
[3.282ms] [rows:0] SELECT description FROM pg_catalog.pg_description WHERE objsubid = (SELECT ordinal_position FROM information_schema.columns WHERE table_schema = CURRENT_SCHEMA() AND table_name = 'reviews' AND column_name = 'created_at') AND objoid = (SELECT oid FROM pg_catalog.pg_class WHERE relname = 'reviews' AND relnamespace = (SELECT oid FROM pg_catalog.pg_namespace WHERE nspname = CURRENT_SCHEMA()))

2025/02/13 14:38:49 /home/bryan/repos/skripsi/backend/setup/setup.go:78
[3.152ms] [rows:0] SELECT description FROM pg_catalog.pg_description WHERE objsubid = (SELECT ordinal_position FROM information_schema.columns WHERE table_schema = CURRENT_SCHEMA() AND table_name = 'reviews' AND column_name = 'updated_at') AND objoid = (SELECT oid FROM pg_catalog.pg_class WHERE relname = 'reviews' AND relnamespace = (SELECT oid FROM pg_catalog.pg_namespace WHERE nspname = CURRENT_SCHEMA()))

2025/02/13 14:38:49 /home/bryan/repos/skripsi/backend/setup/setup.go:78
[3.254ms] [rows:0] SELECT description FROM pg_catalog.pg_description WHERE objsubid = (SELECT ordinal_position FROM information_schema.columns WHERE table_schema = CURRENT_SCHEMA() AND table_name = 'reviews' AND column_name = 'deleted_at') AND objoid = (SELECT oid FROM pg_catalog.pg_class WHERE relname = 'reviews' AND relnamespace = (SELECT oid FROM pg_catalog.pg_namespace WHERE nspname = CURRENT_SCHEMA()))

2025/02/13 14:38:49 /home/bryan/repos/skripsi/backend/setup/setup.go:78
[3.054ms] [rows:0] SELECT description FROM pg_catalog.pg_description WHERE objsubid = (SELECT ordinal_position FROM information_schema.columns WHERE table_schema = CURRENT_SCHEMA() AND table_name = 'reviews' AND column_name = 'daycare_id') AND objoid = (SELECT oid FROM pg_catalog.pg_class WHERE relname = 'reviews' AND relnamespace = (SELECT oid FROM pg_catalog.pg_namespace WHERE nspname = CURRENT_SCHEMA()))

2025/02/13 14:38:49 /home/bryan/repos/skripsi/backend/setup/setup.go:78
[3.089ms] [rows:0] SELECT description FROM pg_catalog.pg_description WHERE objsubid = (SELECT ordinal_position FROM information_schema.columns WHERE table_schema = CURRENT_SCHEMA() AND table_name = 'reviews' AND column_name = 'user_id') AND objoid = (SELECT oid FROM pg_catalog.pg_class WHERE relname = 'reviews' AND relnamespace = (SELECT oid FROM pg_catalog.pg_namespace WHERE nspname = CURRENT_SCHEMA()))

2025/02/13 14:38:49 /home/bryan/repos/skripsi/backend/setup/setup.go:78
[2.949ms] [rows:0] SELECT description FROM pg_catalog.pg_description WHERE objsubid = (SELECT ordinal_position FROM information_schema.columns WHERE table_schema = CURRENT_SCHEMA() AND table_name = 'reviews' AND column_name = 'name') AND objoid = (SELECT oid FROM pg_catalog.pg_class WHERE relname = 'reviews' AND relnamespace = (SELECT oid FROM pg_catalog.pg_namespace WHERE nspname = CURRENT_SCHEMA()))

2025/02/13 14:38:49 /home/bryan/repos/skripsi/backend/setup/setup.go:78
[3.100ms] [rows:0] SELECT description FROM pg_catalog.pg_description WHERE objsubid = (SELECT ordinal_position FROM information_schema.columns WHERE table_schema = CURRENT_SCHEMA() AND table_name = 'reviews' AND column_name = 'rate') AND objoid = (SELECT oid FROM pg_catalog.pg_class WHERE relname = 'reviews' AND relnamespace = (SELECT oid FROM pg_catalog.pg_namespace WHERE nspname = CURRENT_SCHEMA()))

2025/02/13 14:38:49 /home/bryan/repos/skripsi/backend/setup/setup.go:78
[3.021ms] [rows:0] SELECT description FROM pg_catalog.pg_description WHERE objsubid = (SELECT ordinal_position FROM information_schema.columns WHERE table_schema = CURRENT_SCHEMA() AND table_name = 'reviews' AND column_name = 'description') AND objoid = (SELECT oid FROM pg_catalog.pg_class WHERE relname = 'reviews' AND relnamespace = (SELECT oid FROM pg_catalog.pg_namespace WHERE nspname = CURRENT_SCHEMA()))

2025/02/13 14:38:49 /home/bryan/repos/skripsi/backend/setup/setup.go:78
[2.608ms] [rows:1] SELECT count(*) FROM INFORMATION_SCHEMA.table_constraints WHERE table_schema = CURRENT_SCHEMA() AND table_name = 'reviews' AND constraint_name = 'fk_users_reviews'

2025/02/13 14:38:49 /home/bryan/repos/skripsi/backend/setup/setup.go:78
[2.584ms] [rows:1] SELECT count(*) FROM INFORMATION_SCHEMA.table_constraints WHERE table_schema = CURRENT_SCHEMA() AND table_name = 'reviews' AND constraint_name = 'fk_pet_daycares_reviews'

2025/02/13 14:38:49 /home/bryan/repos/skripsi/backend/setup/setup.go:78
[5.419ms] [rows:1] SELECT count(*) FROM pg_indexes WHERE tablename = 'reviews' AND indexname = 'idx_reviews_deleted_at' AND schemaname = CURRENT_SCHEMA()

2025/02/13 14:38:49 /home/bryan/repos/skripsi/backend/setup/setup.go:78
[2.374ms] [rows:1] SELECT count(*) FROM information_schema.tables WHERE table_schema = CURRENT_SCHEMA() AND table_name = 'refresh_tokens' AND table_type = 'BASE TABLE'

2025/02/13 14:38:49 /home/bryan/repos/skripsi/backend/setup/setup.go:78
[1.660ms] [rows:1] SELECT CURRENT_DATABASE()

2025/02/13 14:38:49 /home/bryan/repos/skripsi/backend/setup/setup.go:78
[7.444ms] [rows:-] SELECT c.column_name, c.is_nullable = 'YES', c.udt_name, c.character_maximum_length, c.numeric_precision, c.numeric_precision_radix, c.numeric_scale, c.datetime_precision, 8 * typlen, c.column_default, pd.description, c.identity_increment FROM information_schema.columns AS c JOIN pg_type AS pgt ON c.udt_name = pgt.typname LEFT JOIN pg_catalog.pg_description as pd ON pd.objsubid = c.ordinal_position AND pd.objoid = (SELECT oid FROM pg_catalog.pg_class WHERE relname = c.table_name AND relnamespace = (SELECT oid FROM pg_catalog.pg_namespace WHERE nspname = c.table_schema)) where table_catalog = $1$ AND table_schema = CURRENT_SCHEMA() AND table_name = $2$

2025/02/13 14:38:49 /home/bryan/repos/skripsi/backend/setup/setup.go:78
[3.178ms] [rows:-] SELECT * FROM "refresh_tokens" LIMIT $1$

2025/02/13 14:38:49 /home/bryan/repos/skripsi/backend/setup/setup.go:78
[6.505ms] [rows:-] SELECT constraint_name FROM information_schema.table_constraints tc JOIN information_schema.constraint_column_usage AS ccu USING (constraint_schema, constraint_catalog, table_name, constraint_name) JOIN information_schema.columns AS c ON c.table_schema = tc.constraint_schema AND tc.table_name = c.table_name AND ccu.column_name = c.column_name WHERE constraint_type IN ('PRIMARY KEY', 'UNIQUE') AND c.table_catalog = $1$ AND c.table_schema = CURRENT_SCHEMA() AND c.table_name = $2$ AND constraint_type = $3$

2025/02/13 14:38:49 /home/bryan/repos/skripsi/backend/setup/setup.go:78
[6.162ms] [rows:-] SELECT c.column_name, constraint_name, constraint_type FROM information_schema.table_constraints tc JOIN information_schema.constraint_column_usage AS ccu USING (constraint_schema, constraint_catalog, table_name, constraint_name) JOIN information_schema.columns AS c ON c.table_schema = tc.constraint_schema AND tc.table_name = c.table_name AND ccu.column_name = c.column_name WHERE constraint_type IN ('PRIMARY KEY', 'UNIQUE') AND c.table_catalog = $1$ AND c.table_schema = CURRENT_SCHEMA() AND c.table_name = $2$

2025/02/13 14:38:49 /home/bryan/repos/skripsi/backend/setup/setup.go:78
[1.974ms] [rows:-] SELECT a.attname as column_name, format_type(a.atttypid, a.atttypmod) AS data_type
		FROM pg_attribute a JOIN pg_class b ON a.attrelid = b.oid AND relnamespace = (SELECT oid FROM pg_catalog.pg_namespace WHERE nspname = CURRENT_SCHEMA())
		WHERE a.attnum > 0 -- hide internal columns
		AND NOT a.attisdropped -- hide deleted columns
		AND b.relname = $1$

2025/02/13 14:38:49 /home/bryan/repos/skripsi/backend/setup/setup.go:78
[2.817ms] [rows:0] SELECT description FROM pg_catalog.pg_description WHERE objsubid = (SELECT ordinal_position FROM information_schema.columns WHERE table_schema = CURRENT_SCHEMA() AND table_name = 'refresh_tokens' AND column_name = 'id') AND objoid = (SELECT oid FROM pg_catalog.pg_class WHERE relname = 'refresh_tokens' AND relnamespace = (SELECT oid FROM pg_catalog.pg_namespace WHERE nspname = CURRENT_SCHEMA()))

2025/02/13 14:38:49 /home/bryan/repos/skripsi/backend/setup/setup.go:78
[3.082ms] [rows:0] SELECT description FROM pg_catalog.pg_description WHERE objsubid = (SELECT ordinal_position FROM information_schema.columns WHERE table_schema = CURRENT_SCHEMA() AND table_name = 'refresh_tokens' AND column_name = 'created_at') AND objoid = (SELECT oid FROM pg_catalog.pg_class WHERE relname = 'refresh_tokens' AND relnamespace = (SELECT oid FROM pg_catalog.pg_namespace WHERE nspname = CURRENT_SCHEMA()))

2025/02/13 14:38:49 /home/bryan/repos/skripsi/backend/setup/setup.go:78
[3.082ms] [rows:0] SELECT description FROM pg_catalog.pg_description WHERE objsubid = (SELECT ordinal_position FROM information_schema.columns WHERE table_schema = CURRENT_SCHEMA() AND table_name = 'refresh_tokens' AND column_name = 'updated_at') AND objoid = (SELECT oid FROM pg_catalog.pg_class WHERE relname = 'refresh_tokens' AND relnamespace = (SELECT oid FROM pg_catalog.pg_namespace WHERE nspname = CURRENT_SCHEMA()))

2025/02/13 14:38:49 /home/bryan/repos/skripsi/backend/setup/setup.go:78
[3.472ms] [rows:0] SELECT description FROM pg_catalog.pg_description WHERE objsubid = (SELECT ordinal_position FROM information_schema.columns WHERE table_schema = CURRENT_SCHEMA() AND table_name = 'refresh_tokens' AND column_name = 'deleted_at') AND objoid = (SELECT oid FROM pg_catalog.pg_class WHERE relname = 'refresh_tokens' AND relnamespace = (SELECT oid FROM pg_catalog.pg_namespace WHERE nspname = CURRENT_SCHEMA()))

2025/02/13 14:38:49 /home/bryan/repos/skripsi/backend/setup/setup.go:78
[3.220ms] [rows:0] SELECT description FROM pg_catalog.pg_description WHERE objsubid = (SELECT ordinal_position FROM information_schema.columns WHERE table_schema = CURRENT_SCHEMA() AND table_name = 'refresh_tokens' AND column_name = 'user_id') AND objoid = (SELECT oid FROM pg_catalog.pg_class WHERE relname = 'refresh_tokens' AND relnamespace = (SELECT oid FROM pg_catalog.pg_namespace WHERE nspname = CURRENT_SCHEMA()))

2025/02/13 14:38:49 /home/bryan/repos/skripsi/backend/setup/setup.go:78
[3.675ms] [rows:0] SELECT description FROM pg_catalog.pg_description WHERE objsubid = (SELECT ordinal_position FROM information_schema.columns WHERE table_schema = CURRENT_SCHEMA() AND table_name = 'refresh_tokens' AND column_name = 'token') AND objoid = (SELECT oid FROM pg_catalog.pg_class WHERE relname = 'refresh_tokens' AND relnamespace = (SELECT oid FROM pg_catalog.pg_namespace WHERE nspname = CURRENT_SCHEMA()))

2025/02/13 14:38:49 /home/bryan/repos/skripsi/backend/setup/setup.go:78
[3.657ms] [rows:0] SELECT description FROM pg_catalog.pg_description WHERE objsubid = (SELECT ordinal_position FROM information_schema.columns WHERE table_schema = CURRENT_SCHEMA() AND table_name = 'refresh_tokens' AND column_name = 'expires_at') AND objoid = (SELECT oid FROM pg_catalog.pg_class WHERE relname = 'refresh_tokens' AND relnamespace = (SELECT oid FROM pg_catalog.pg_namespace WHERE nspname = CURRENT_SCHEMA()))

2025/02/13 14:38:49 /home/bryan/repos/skripsi/backend/setup/setup.go:78
[2.436ms] [rows:1] SELECT count(*) FROM pg_indexes WHERE tablename = 'refresh_tokens' AND indexname = 'idx_refresh_tokens_deleted_at' AND schemaname = CURRENT_SCHEMA()

2025/02/13 14:38:49 /home/bryan/repos/skripsi/backend/setup/setup.go:78
[2.399ms] [rows:1] SELECT count(*) FROM pg_indexes WHERE tablename = 'refresh_tokens' AND indexname = 'idx_refresh_tokens_user_id' AND schemaname = CURRENT_SCHEMA()

2025/02/13 14:38:49 /home/bryan/repos/skripsi/backend/setup/setup.go:78
[2.345ms] [rows:1] SELECT count(*) FROM information_schema.tables WHERE table_schema = CURRENT_SCHEMA() AND table_name = 'transactions' AND table_type = 'BASE TABLE'

2025/02/13 14:38:49 /home/bryan/repos/skripsi/backend/setup/setup.go:78
[1.592ms] [rows:1] SELECT CURRENT_DATABASE()

2025/02/13 14:38:49 /home/bryan/repos/skripsi/backend/setup/setup.go:78
[6.391ms] [rows:-] SELECT c.column_name, c.is_nullable = 'YES', c.udt_name, c.character_maximum_length, c.numeric_precision, c.numeric_precision_radix, c.numeric_scale, c.datetime_precision, 8 * typlen, c.column_default, pd.description, c.identity_increment FROM information_schema.columns AS c JOIN pg_type AS pgt ON c.udt_name = pgt.typname LEFT JOIN pg_catalog.pg_description as pd ON pd.objsubid = c.ordinal_position AND pd.objoid = (SELECT oid FROM pg_catalog.pg_class WHERE relname = c.table_name AND relnamespace = (SELECT oid FROM pg_catalog.pg_namespace WHERE nspname = c.table_schema)) where table_catalog = $1$ AND table_schema = CURRENT_SCHEMA() AND table_name = $2$

2025/02/13 14:38:49 /home/bryan/repos/skripsi/backend/setup/setup.go:78
[1.919ms] [rows:-] SELECT * FROM "transactions" LIMIT $1$

2025/02/13 14:38:49 /home/bryan/repos/skripsi/backend/setup/setup.go:78
[5.383ms] [rows:-] SELECT constraint_name FROM information_schema.table_constraints tc JOIN information_schema.constraint_column_usage AS ccu USING (constraint_schema, constraint_catalog, table_name, constraint_name) JOIN information_schema.columns AS c ON c.table_schema = tc.constraint_schema AND tc.table_name = c.table_name AND ccu.column_name = c.column_name WHERE constraint_type IN ('PRIMARY KEY', 'UNIQUE') AND c.table_catalog = $1$ AND c.table_schema = CURRENT_SCHEMA() AND c.table_name = $2$ AND constraint_type = $3$

2025/02/13 14:38:49 /home/bryan/repos/skripsi/backend/setup/setup.go:78
[5.707ms] [rows:-] SELECT c.column_name, constraint_name, constraint_type FROM information_schema.table_constraints tc JOIN information_schema.constraint_column_usage AS ccu USING (constraint_schema, constraint_catalog, table_name, constraint_name) JOIN information_schema.columns AS c ON c.table_schema = tc.constraint_schema AND tc.table_name = c.table_name AND ccu.column_name = c.column_name WHERE constraint_type IN ('PRIMARY KEY', 'UNIQUE') AND c.table_catalog = $1$ AND c.table_schema = CURRENT_SCHEMA() AND c.table_name = $2$

2025/02/13 14:38:49 /home/bryan/repos/skripsi/backend/setup/setup.go:78
[2.594ms] [rows:-] SELECT a.attname as column_name, format_type(a.atttypid, a.atttypmod) AS data_type
		FROM pg_attribute a JOIN pg_class b ON a.attrelid = b.oid AND relnamespace = (SELECT oid FROM pg_catalog.pg_namespace WHERE nspname = CURRENT_SCHEMA())
		WHERE a.attnum > 0 -- hide internal columns
		AND NOT a.attisdropped -- hide deleted columns
		AND b.relname = $1$

2025/02/13 14:38:49 /home/bryan/repos/skripsi/backend/setup/setup.go:78
[3.261ms] [rows:0] SELECT description FROM pg_catalog.pg_description WHERE objsubid = (SELECT ordinal_position FROM information_schema.columns WHERE table_schema = CURRENT_SCHEMA() AND table_name = 'transactions' AND column_name = 'id') AND objoid = (SELECT oid FROM pg_catalog.pg_class WHERE relname = 'transactions' AND relnamespace = (SELECT oid FROM pg_catalog.pg_namespace WHERE nspname = CURRENT_SCHEMA()))

2025/02/13 14:38:49 /home/bryan/repos/skripsi/backend/setup/setup.go:78
[3.245ms] [rows:0] SELECT description FROM pg_catalog.pg_description WHERE objsubid = (SELECT ordinal_position FROM information_schema.columns WHERE table_schema = CURRENT_SCHEMA() AND table_name = 'transactions' AND column_name = 'created_at') AND objoid = (SELECT oid FROM pg_catalog.pg_class WHERE relname = 'transactions' AND relnamespace = (SELECT oid FROM pg_catalog.pg_namespace WHERE nspname = CURRENT_SCHEMA()))

2025/02/13 14:38:49 /home/bryan/repos/skripsi/backend/setup/setup.go:78
[2.994ms] [rows:0] SELECT description FROM pg_catalog.pg_description WHERE objsubid = (SELECT ordinal_position FROM information_schema.columns WHERE table_schema = CURRENT_SCHEMA() AND table_name = 'transactions' AND column_name = 'pet_daycare_id') AND objoid = (SELECT oid FROM pg_catalog.pg_class WHERE relname = 'transactions' AND relnamespace = (SELECT oid FROM pg_catalog.pg_namespace WHERE nspname = CURRENT_SCHEMA()))

2025/02/13 14:38:49 /home/bryan/repos/skripsi/backend/setup/setup.go:78
[3.419ms] [rows:0] SELECT description FROM pg_catalog.pg_description WHERE objsubid = (SELECT ordinal_position FROM information_schema.columns WHERE table_schema = CURRENT_SCHEMA() AND table_name = 'transactions' AND column_name = 'booked_slot_id') AND objoid = (SELECT oid FROM pg_catalog.pg_class WHERE relname = 'transactions' AND relnamespace = (SELECT oid FROM pg_catalog.pg_namespace WHERE nspname = CURRENT_SCHEMA()))

2025/02/13 14:38:49 /home/bryan/repos/skripsi/backend/setup/setup.go:78
[3.324ms] [rows:0] SELECT description FROM pg_catalog.pg_description WHERE objsubid = (SELECT ordinal_position FROM information_schema.columns WHERE table_schema = CURRENT_SCHEMA() AND table_name = 'transactions' AND column_name = 'status') AND objoid = (SELECT oid FROM pg_catalog.pg_class WHERE relname = 'transactions' AND relnamespace = (SELECT oid FROM pg_catalog.pg_namespace WHERE nspname = CURRENT_SCHEMA()))

2025/02/13 14:38:49 /home/bryan/repos/skripsi/backend/setup/setup.go:78
[2.540ms] [rows:1] SELECT count(*) FROM INFORMATION_SCHEMA.table_constraints WHERE table_schema = CURRENT_SCHEMA() AND table_name = 'transactions' AND constraint_name = 'fk_transactions_pet_daycare'

2025/02/13 14:38:49 /home/bryan/repos/skripsi/backend/setup/setup.go:78
[2.685ms] [rows:1] SELECT count(*) FROM INFORMATION_SCHEMA.table_constraints WHERE table_schema = CURRENT_SCHEMA() AND table_name = 'transactions' AND constraint_name = 'fk_transactions_booked_slot'

2025/02/13 14:38:49 /home/bryan/repos/skripsi/backend/setup/setup.go:78
[2.696ms] [rows:1] SELECT count(*) FROM information_schema.tables WHERE table_schema = CURRENT_SCHEMA() AND table_name = 'reduce_slots' AND table_type = 'BASE TABLE'

2025/02/13 14:38:49 /home/bryan/repos/skripsi/backend/setup/setup.go:78
[1.640ms] [rows:1] SELECT CURRENT_DATABASE()

2025/02/13 14:38:49 /home/bryan/repos/skripsi/backend/setup/setup.go:78
[6.570ms] [rows:-] SELECT c.column_name, c.is_nullable = 'YES', c.udt_name, c.character_maximum_length, c.numeric_precision, c.numeric_precision_radix, c.numeric_scale, c.datetime_precision, 8 * typlen, c.column_default, pd.description, c.identity_increment FROM information_schema.columns AS c JOIN pg_type AS pgt ON c.udt_name = pgt.typname LEFT JOIN pg_catalog.pg_description as pd ON pd.objsubid = c.ordinal_position AND pd.objoid = (SELECT oid FROM pg_catalog.pg_class WHERE relname = c.table_name AND relnamespace = (SELECT oid FROM pg_catalog.pg_namespace WHERE nspname = c.table_schema)) where table_catalog = $1$ AND table_schema = CURRENT_SCHEMA() AND table_name = $2$

2025/02/13 14:38:49 /home/bryan/repos/skripsi/backend/setup/setup.go:78
[2.098ms] [rows:-] SELECT * FROM "reduce_slots" LIMIT $1$

2025/02/13 14:38:49 /home/bryan/repos/skripsi/backend/setup/setup.go:78
[5.543ms] [rows:-] SELECT constraint_name FROM information_schema.table_constraints tc JOIN information_schema.constraint_column_usage AS ccu USING (constraint_schema, constraint_catalog, table_name, constraint_name) JOIN information_schema.columns AS c ON c.table_schema = tc.constraint_schema AND tc.table_name = c.table_name AND ccu.column_name = c.column_name WHERE constraint_type IN ('PRIMARY KEY', 'UNIQUE') AND c.table_catalog = $1$ AND c.table_schema = CURRENT_SCHEMA() AND c.table_name = $2$ AND constraint_type = $3$

2025/02/13 14:38:49 /home/bryan/repos/skripsi/backend/setup/setup.go:78
[5.538ms] [rows:-] SELECT c.column_name, constraint_name, constraint_type FROM information_schema.table_constraints tc JOIN information_schema.constraint_column_usage AS ccu USING (constraint_schema, constraint_catalog, table_name, constraint_name) JOIN information_schema.columns AS c ON c.table_schema = tc.constraint_schema AND tc.table_name = c.table_name AND ccu.column_name = c.column_name WHERE constraint_type IN ('PRIMARY KEY', 'UNIQUE') AND c.table_catalog = $1$ AND c.table_schema = CURRENT_SCHEMA() AND c.table_name = $2$

2025/02/13 14:38:49 /home/bryan/repos/skripsi/backend/setup/setup.go:78
[2.354ms] [rows:-] SELECT a.attname as column_name, format_type(a.atttypid, a.atttypmod) AS data_type
		FROM pg_attribute a JOIN pg_class b ON a.attrelid = b.oid AND relnamespace = (SELECT oid FROM pg_catalog.pg_namespace WHERE nspname = CURRENT_SCHEMA())
		WHERE a.attnum > 0 -- hide internal columns
		AND NOT a.attisdropped -- hide deleted columns
		AND b.relname = $1$

2025/02/13 14:38:49 /home/bryan/repos/skripsi/backend/setup/setup.go:78
[3.641ms] [rows:0] SELECT description FROM pg_catalog.pg_description WHERE objsubid = (SELECT ordinal_position FROM information_schema.columns WHERE table_schema = CURRENT_SCHEMA() AND table_name = 'reduce_slots' AND column_name = 'id') AND objoid = (SELECT oid FROM pg_catalog.pg_class WHERE relname = 'reduce_slots' AND relnamespace = (SELECT oid FROM pg_catalog.pg_namespace WHERE nspname = CURRENT_SCHEMA()))

2025/02/13 14:38:49 /home/bryan/repos/skripsi/backend/setup/setup.go:78
[3.538ms] [rows:0] SELECT description FROM pg_catalog.pg_description WHERE objsubid = (SELECT ordinal_position FROM information_schema.columns WHERE table_schema = CURRENT_SCHEMA() AND table_name = 'reduce_slots' AND column_name = 'slot_id') AND objoid = (SELECT oid FROM pg_catalog.pg_class WHERE relname = 'reduce_slots' AND relnamespace = (SELECT oid FROM pg_catalog.pg_namespace WHERE nspname = CURRENT_SCHEMA()))

2025/02/13 14:38:49 /home/bryan/repos/skripsi/backend/setup/setup.go:78
[3.208ms] [rows:0] SELECT description FROM pg_catalog.pg_description WHERE objsubid = (SELECT ordinal_position FROM information_schema.columns WHERE table_schema = CURRENT_SCHEMA() AND table_name = 'reduce_slots' AND column_name = 'reduced_count') AND objoid = (SELECT oid FROM pg_catalog.pg_class WHERE relname = 'reduce_slots' AND relnamespace = (SELECT oid FROM pg_catalog.pg_namespace WHERE nspname = CURRENT_SCHEMA()))

2025/02/13 14:38:49 /home/bryan/repos/skripsi/backend/setup/setup.go:78
[2.933ms] [rows:0] SELECT description FROM pg_catalog.pg_description WHERE objsubid = (SELECT ordinal_position FROM information_schema.columns WHERE table_schema = CURRENT_SCHEMA() AND table_name = 'reduce_slots' AND column_name = 'target_date') AND objoid = (SELECT oid FROM pg_catalog.pg_class WHERE relname = 'reduce_slots' AND relnamespace = (SELECT oid FROM pg_catalog.pg_namespace WHERE nspname = CURRENT_SCHEMA()))

2025/02/13 14:38:49 /home/bryan/repos/skripsi/backend/setup/setup.go:78
[1.981ms] [rows:1] SELECT count(*) FROM information_schema.tables WHERE table_schema = CURRENT_SCHEMA() AND table_name = 'booked_slots_dailies' AND table_type = 'BASE TABLE'

2025/02/13 14:38:49 /home/bryan/repos/skripsi/backend/setup/setup.go:78
[1.840ms] [rows:1] SELECT CURRENT_DATABASE()

2025/02/13 14:38:49 /home/bryan/repos/skripsi/backend/setup/setup.go:78
[6.609ms] [rows:-] SELECT c.column_name, c.is_nullable = 'YES', c.udt_name, c.character_maximum_length, c.numeric_precision, c.numeric_precision_radix, c.numeric_scale, c.datetime_precision, 8 * typlen, c.column_default, pd.description, c.identity_increment FROM information_schema.columns AS c JOIN pg_type AS pgt ON c.udt_name = pgt.typname LEFT JOIN pg_catalog.pg_description as pd ON pd.objsubid = c.ordinal_position AND pd.objoid = (SELECT oid FROM pg_catalog.pg_class WHERE relname = c.table_name AND relnamespace = (SELECT oid FROM pg_catalog.pg_namespace WHERE nspname = c.table_schema)) where table_catalog = $1$ AND table_schema = CURRENT_SCHEMA() AND table_name = $2$

2025/02/13 14:38:49 /home/bryan/repos/skripsi/backend/setup/setup.go:78
[3.339ms] [rows:-] SELECT * FROM "booked_slots_dailies" LIMIT $1$

2025/02/13 14:38:49 /home/bryan/repos/skripsi/backend/setup/setup.go:78
[5.618ms] [rows:-] SELECT constraint_name FROM information_schema.table_constraints tc JOIN information_schema.constraint_column_usage AS ccu USING (constraint_schema, constraint_catalog, table_name, constraint_name) JOIN information_schema.columns AS c ON c.table_schema = tc.constraint_schema AND tc.table_name = c.table_name AND ccu.column_name = c.column_name WHERE constraint_type IN ('PRIMARY KEY', 'UNIQUE') AND c.table_catalog = $1$ AND c.table_schema = CURRENT_SCHEMA() AND c.table_name = $2$ AND constraint_type = $3$

2025/02/13 14:38:49 /home/bryan/repos/skripsi/backend/setup/setup.go:78
[5.356ms] [rows:-] SELECT c.column_name, constraint_name, constraint_type FROM information_schema.table_constraints tc JOIN information_schema.constraint_column_usage AS ccu USING (constraint_schema, constraint_catalog, table_name, constraint_name) JOIN information_schema.columns AS c ON c.table_schema = tc.constraint_schema AND tc.table_name = c.table_name AND ccu.column_name = c.column_name WHERE constraint_type IN ('PRIMARY KEY', 'UNIQUE') AND c.table_catalog = $1$ AND c.table_schema = CURRENT_SCHEMA() AND c.table_name = $2$

2025/02/13 14:38:49 /home/bryan/repos/skripsi/backend/setup/setup.go:78
[2.034ms] [rows:-] SELECT a.attname as column_name, format_type(a.atttypid, a.atttypmod) AS data_type
		FROM pg_attribute a JOIN pg_class b ON a.attrelid = b.oid AND relnamespace = (SELECT oid FROM pg_catalog.pg_namespace WHERE nspname = CURRENT_SCHEMA())
		WHERE a.attnum > 0 -- hide internal columns
		AND NOT a.attisdropped -- hide deleted columns
		AND b.relname = $1$

2025/02/13 14:38:49 /home/bryan/repos/skripsi/backend/setup/setup.go:78
[2.708ms] [rows:0] SELECT description FROM pg_catalog.pg_description WHERE objsubid = (SELECT ordinal_position FROM information_schema.columns WHERE table_schema = CURRENT_SCHEMA() AND table_name = 'booked_slots_dailies' AND column_name = 'id') AND objoid = (SELECT oid FROM pg_catalog.pg_class WHERE relname = 'booked_slots_dailies' AND relnamespace = (SELECT oid FROM pg_catalog.pg_namespace WHERE nspname = CURRENT_SCHEMA()))

2025/02/13 14:38:49 /home/bryan/repos/skripsi/backend/setup/setup.go:78
[2.909ms] [rows:0] SELECT description FROM pg_catalog.pg_description WHERE objsubid = (SELECT ordinal_position FROM information_schema.columns WHERE table_schema = CURRENT_SCHEMA() AND table_name = 'booked_slots_dailies' AND column_name = 'daycare_id') AND objoid = (SELECT oid FROM pg_catalog.pg_class WHERE relname = 'booked_slots_dailies' AND relnamespace = (SELECT oid FROM pg_catalog.pg_namespace WHERE nspname = CURRENT_SCHEMA()))

2025/02/13 14:38:49 /home/bryan/repos/skripsi/backend/setup/setup.go:78
[3.117ms] [rows:0] SELECT description FROM pg_catalog.pg_description WHERE objsubid = (SELECT ordinal_position FROM information_schema.columns WHERE table_schema = CURRENT_SCHEMA() AND table_name = 'booked_slots_dailies' AND column_name = 'date') AND objoid = (SELECT oid FROM pg_catalog.pg_class WHERE relname = 'booked_slots_dailies' AND relnamespace = (SELECT oid FROM pg_catalog.pg_namespace WHERE nspname = CURRENT_SCHEMA()))

2025/02/13 14:38:49 /home/bryan/repos/skripsi/backend/setup/setup.go:78
[3.173ms] [rows:0] SELECT description FROM pg_catalog.pg_description WHERE objsubid = (SELECT ordinal_position FROM information_schema.columns WHERE table_schema = CURRENT_SCHEMA() AND table_name = 'booked_slots_dailies' AND column_name = 'slot_count') AND objoid = (SELECT oid FROM pg_catalog.pg_class WHERE relname = 'booked_slots_dailies' AND relnamespace = (SELECT oid FROM pg_catalog.pg_namespace WHERE nspname = CURRENT_SCHEMA()))

2025/02/13 14:38:49 /home/bryan/repos/skripsi/backend/setup/setup.go:78
[2.228ms] [rows:1] SELECT count(*) FROM pg_indexes WHERE tablename = 'booked_slots_dailies' AND indexname = 'idx_booked_slots_dailies_date' AND schemaname = CURRENT_SCHEMA()
[GIN-debug] [WARNING] Creating an Engine instance with the Logger and Recovery middleware already attached.

[GIN-debug] [WARNING] Running in "debug" mode. Switch to "release" mode in production.
 - using env:	export GIN_MODE=release
 - using code:	gin.SetMode(gin.ReleaseMode)

[GIN-debug] GET    /assets/*filepath         --> github.com/gin-gonic/gin.(*RouterGroup).createStaticHandler.func1 (3 handlers)
[GIN-debug] HEAD   /assets/*filepath         --> github.com/gin-gonic/gin.(*RouterGroup).createStaticHandler.func1 (3 handlers)
[GIN-debug] POST   /users                    --> github.com/BryanEgbert/skripsi/controller.(*UserController).CreateUser-fm (3 handlers)
[GIN-debug] GET    /users/vets               --> github.com/BryanEgbert/skripsi/controller.(*UserController).GetVets-fm (4 handlers)
[GIN-debug] GET    /users/:id                --> github.com/BryanEgbert/skripsi/controller.(*UserController).GetUser-fm (4 handlers)
[GIN-debug] DELETE /users                    --> github.com/BryanEgbert/skripsi/controller.(*UserController).DeleteUser-fm (4 handlers)
[GIN-debug] PUT    /users                    --> github.com/BryanEgbert/skripsi/controller.(*UserController).UpdateUserProfile-fm (4 handlers)
[GIN-debug] PATCH  /users/password           --> github.com/BryanEgbert/skripsi/controller.(*UserController).UpdateUserPassword-fm (4 handlers)
[GIN-debug] POST   /login                    --> github.com/BryanEgbert/skripsi/controller.(*AuthController).Login-fm (3 handlers)
[GIN-debug] POST   /refresh                  --> github.com/BryanEgbert/skripsi/controller.(*AuthController).RefreshToken-fm (4 handlers)
[GIN-debug] GET    /pets/:id                 --> github.com/BryanEgbert/skripsi/controller.(*PetController).GetPet-fm (4 handlers)
[GIN-debug] GET    /pets                     --> github.com/BryanEgbert/skripsi/controller.(*PetController).GetPets-fm (4 handlers)
[GIN-debug] POST   /pets                     --> github.com/BryanEgbert/skripsi/controller.(*PetController).CreatePet-fm (4 handlers)
[GIN-debug] PUT    /pets/:id                 --> github.com/BryanEgbert/skripsi/controller.(*PetController).UpdatePet-fm (4 handlers)
[GIN-debug] DELETE /pets/:id                 --> github.com/BryanEgbert/skripsi/controller.(*PetController).DeletePet-fm (4 handlers)
[GIN-debug] PATCH  /daycare/slot/:slotId     --> github.com/BryanEgbert/skripsi/controller.(*PetDaycareController).EditSlotCount-fm (4 handlers)
[GIN-debug] GET    /daycare/:id/slot         --> github.com/BryanEgbert/skripsi/controller.(*PetDaycareController).GetPetDaycareSlots-fm (4 handlers)
[GIN-debug] POST   /daycare/:id/slot         --> github.com/BryanEgbert/skripsi/controller.(*PetDaycareController).CreateSlot-fm (4 handlers)
[GIN-debug] GET    /daycare/:id/review       --> github.com/BryanEgbert/skripsi/controller.(*PetDaycareController).GetReviews-fm (4 handlers)
[GIN-debug] POST   /daycare/:id/review       --> github.com/BryanEgbert/skripsi/controller.(*PetDaycareController).CreateReview-fm (4 handlers)
[GIN-debug] DELETE /daycare/:id/review       --> github.com/BryanEgbert/skripsi/controller.(*PetDaycareController).DeleteReview-fm (4 handlers)
[GIN-debug] GET    /daycare/:id              --> github.com/BryanEgbert/skripsi/controller.(*PetDaycareController).GetPetDaycare-fm (4 handlers)
[GIN-debug] GET    /daycare                  --> github.com/BryanEgbert/skripsi/controller.(*PetDaycareController).GetPetDaycares-fm (4 handlers)
[GIN-debug] POST   /daycare                  --> github.com/BryanEgbert/skripsi/controller.(*PetDaycareController).CreatePetDaycare-fm (4 handlers)
[GIN-debug] PUT    /daycare/:id              --> github.com/BryanEgbert/skripsi/controller.(*PetDaycareController).UpdatePetDaycare-fm (4 handlers)
[GIN-debug] DELETE /daycare/:id              --> github.com/BryanEgbert/skripsi/controller.(*PetDaycareController).DeletePetDaycare-fm (4 handlers)

2025/02/13 14:38:49 /home/bryan/repos/skripsi/backend/service/slot_service.go:35
[6.158ms] [rows:1] SELECT * FROM "slots" WHERE "slots"."deleted_at" IS NULL ORDER BY "slots"."id" LIMIT $1$

2025/02/13 14:38:49 /home/bryan/repos/skripsi/backend/service/slot_service.go:40
[4.197ms] [rows:1] SELECT * FROM "reduce_slots" WHERE slot_id = $1$

2025/02/13 14:38:49 /home/bryan/repos/skripsi/backend/service/slot_service.go:50
[12.685ms] [rows:0] SELECT date, SUM(slot_count) AS slot_count FROM "booked_slots_dailies" WHERE daycare_id = $1$ AND date BETWEEN $2$ AND $3$ GROUP BY "date"
[GIN] 2025/02/13 - 14:38:49 | 200 |   23.739032ms |                 | GET      "/daycare/2/slot?species=1&size=1&year=2025&month=2"
    pet_daycare_test.go:215: pet daycare:
        [{Date:2025-02-01T00:00:00+07:00 SlotAmount:5} {Date:2025-02-02T00:00:00+07:00 SlotAmount:5} {Date:2025-02-03T00:00:00+07:00 SlotAmount:5} {Date:2025-02-04T00:00:00+07:00 SlotAmount:5} {Date:2025-02-05T00:00:00+07:00 SlotAmount:5} {Date:2025-02-06T00:00:00+07:00 SlotAmount:5} {Date:2025-02-07T00:00:00+07:00 SlotAmount:5} {Date:2025-02-08T00:00:00+07:00 SlotAmount:5} {Date:2025-02-09T00:00:00+07:00 SlotAmount:5} {Date:2025-02-10T00:00:00+07:00 SlotAmount:5} {Date:2025-02-11T00:00:00+07:00 SlotAmount:5} {Date:2025-02-12T00:00:00+07:00 SlotAmount:5} {Date:2025-02-13T00:00:00+07:00 SlotAmount:3} {Date:2025-02-14T00:00:00+07:00 SlotAmount:5} {Date:2025-02-15T00:00:00+07:00 SlotAmount:5} {Date:2025-02-16T00:00:00+07:00 SlotAmount:5} {Date:2025-02-17T00:00:00+07:00 SlotAmount:5} {Date:2025-02-18T00:00:00+07:00 SlotAmount:5} {Date:2025-02-19T00:00:00+07:00 SlotAmount:5} {Date:2025-02-20T00:00:00+07:00 SlotAmount:5} {Date:2025-02-21T00:00:00+07:00 SlotAmount:5} {Date:2025-02-22T00:00:00+07:00 SlotAmount:5} {Date:2025-02-23T00:00:00+07:00 SlotAmount:5} {Date:2025-02-24T00:00:00+07:00 SlotAmount:5} {Date:2025-02-25T00:00:00+07:00 SlotAmount:5} {Date:2025-02-26T00:00:00+07:00 SlotAmount:5} {Date:2025-02-27T00:00:00+07:00 SlotAmount:5} {Date:2025-02-28T00:00:00+07:00 SlotAmount:5}]
--- PASS: TestGetPetDaycareSlot (2.02s)
    --- PASS: TestGetPetDaycareSlot/On_get_pet_daycare_slot,_should_return_slot_of_the_month (2.02s)
=== RUN   TestDeletePetDaycare
=== RUN   TestDeletePetDaycare/On_delete_pet_daycare,_should_return_204_when_pet_daycare_ID_exists_in_DB_and_owner_ID_match_with_token_user_ID

2025/02/13 14:38:50 /home/bryan/repos/skripsi/backend/setup/setup.go:60
[372.168ms] [rows:0] TRUNCATE TABLE users, vet_specialties, user_vet_specialties, pet_daycares, pets, size_categories, roles, slots, booked_slots, thumbnails, species, reviews, refresh_tokens, transactions, daily_walks, daily_playtimes, reduce_slots RESTART IDENTITY CASCADE;

2025/02/13 14:38:50 /home/bryan/repos/skripsi/backend/seeder/seeder.go:18
[14.262ms] [rows:3] INSERT INTO "roles" ("name","id") VALUES ($1$,$2$),($3$,$4$),($5$,$6$) RETURNING "id"

2025/02/13 14:38:50 /home/bryan/repos/skripsi/backend/seeder/seeder.go:29
[9.503ms] [rows:4] INSERT INTO "daily_walks" ("name","id") VALUES ($1$,$2$),($3$,$4$),($5$,$6$),($7$,$8$) RETURNING "id"

2025/02/13 14:38:50 /home/bryan/repos/skripsi/backend/seeder/seeder.go:39
[10.136ms] [rows:4] INSERT INTO "daily_playtimes" ("name","id") VALUES ($1$,$2$),($3$,$4$),($5$,$6$),($7$,$8$) RETURNING "id"

2025/02/13 14:38:50 /home/bryan/repos/skripsi/backend/seeder/seeder.go:61
[11.199ms] [rows:17] INSERT INTO "vet_specialties" ("name") VALUES ($1$),($2$),($3$),($4$),($5$),($6$),($7$),($8$),($9$),($10$),($11$),($12$),($13$),($14$),($15$),($16$),($17$) RETURNING "id"

2025/02/13 14:38:50 /home/bryan/repos/skripsi/backend/seeder/seeder.go:71
[10.821ms] [rows:3] INSERT INTO "species" ("name") VALUES ($1$),($2$),($3$) RETURNING "id"

2025/02/13 14:38:50 /home/bryan/repos/skripsi/backend/seeder/seeder.go:83
[11.217ms] [rows:5] INSERT INTO "size_categories" ("name","min_weight","max_weight") VALUES ($1$,$2$,$3$),($4$,$5$,$6$),($7$,$8$,$9$),($10$,$11$,$12$),($13$,$14$,$15$) RETURNING "id"

2025/02/13 14:38:50 /home/bryan/repos/skripsi/backend/seeder/seeder.go:106
[1.758ms] [rows:0] INSERT INTO "vet_specialties" ("name","id") VALUES ($1$,$2$),($3$,$4$),($5$,$6$) ON CONFLICT DO NOTHING RETURNING "id"

2025/02/13 14:38:50 /home/bryan/repos/skripsi/backend/seeder/seeder.go:106
[2.986ms] [rows:3] INSERT INTO "user_vet_specialties" ("user_id","vet_specialty_id") VALUES ($1$,$2$),($3$,$4$),($5$,$6$) ON CONFLICT DO NOTHING

2025/02/13 14:38:50 /home/bryan/repos/skripsi/backend/seeder/seeder.go:106
[12.172ms] [rows:6] INSERT INTO "users" ("created_at","updated_at","deleted_at","name","email","password","role_id","image_url") VALUES ($1$,$2$,$3$,$4$,$5$,$6$,$7$,$8$),($9$,$10$,$11$,$12$,$13$,$14$,$15$,$16$),($17$,$18$,$19$,$20$,$21$,$22$,$23$,$24$),($25$,$26$,$27$,$28$,$29$,$30$,$31$,$32$),($33$,$34$,$35$,$36$,$37$,$38$,$39$,DEFAULT),($40$,$41$,$42$,$43$,$44$,$45$,$46$,$47$) RETURNING "id","image_url"

2025/02/13 14:38:50 /home/bryan/repos/skripsi/backend/seeder/seeder.go:148
[1.638ms] [rows:0] INSERT INTO "daily_walks" ("name","id") VALUES ($1$,$2$) ON CONFLICT DO NOTHING RETURNING "id"

2025/02/13 14:38:50 /home/bryan/repos/skripsi/backend/seeder/seeder.go:148
[1.536ms] [rows:0] INSERT INTO "daily_playtimes" ("name","id") VALUES ($1$,$2$),($3$,$4$) ON CONFLICT DO NOTHING RETURNING "id"

2025/02/13 14:38:50 /home/bryan/repos/skripsi/backend/seeder/seeder.go:148
[10.179ms] [rows:3] INSERT INTO "pet_daycares" ("created_at","updated_at","deleted_at","name","address","latitude","longitude","price","pricing_type","description","has_pickup_service","must_be_vaccinated","food_provided","grooming_available","booked_num","daily_walks_id","daily_playtime_id","owner_id","food_brand") VALUES ($1$,$2$,$3$,$4$,$5$,$6$,$7$,$8$,$9$,$10$,$11$,$12$,$13$,$14$,$15$,$16$,$17$,$18$,$19$),($20$,$21$,$22$,$23$,$24$,$25$,$26$,$27$,$28$,$29$,$30$,$31$,$32$,$33$,$34$,$35$,$36$,$37$,$38$),($39$,$40$,$41$,$42$,$43$,$44$,$45$,$46$,$47$,$48$,$49$,$50$,$51$,$52$,$53$,$54$,$55$,$56$,$57$) RETURNING "id"

2025/02/13 14:38:50 /home/bryan/repos/skripsi/backend/seeder/seeder.go:158
[5.293ms] [rows:3] INSERT INTO "slots" ("created_at","updated_at","deleted_at","daycare_id","species_id","size_category_id","max_number") VALUES ($1$,$2$,$3$,$4$,$5$,$6$,$7$),($8$,$9$,$10$,$11$,$12$,$13$,$14$),($15$,$16$,$17$,$18$,$19$,$20$,$21$) RETURNING "id"

2025/02/13 14:38:50 /home/bryan/repos/skripsi/backend/seeder/seeder.go:172
[5.980ms] [rows:2] INSERT INTO "pets" ("created_at","updated_at","deleted_at","name","image_url","status","owner_id","species_id","size_id") VALUES ($1$,$2$,$3$,$4$,$5$,$6$,$7$,$8$,$9$),($10$,$11$,$12$,$13$,$14$,$15$,$16$,$17$,$18$) RETURNING "id"

2025/02/13 14:38:50 /home/bryan/repos/skripsi/backend/seeder/seeder.go:189
[6.253ms] [rows:2] INSERT INTO "booked_slots" ("created_at","updated_at","deleted_at","user_id","daycare_id","pet_id","start_date","end_date") VALUES ($1$,$2$,$3$,$4$,$5$,$6$,$7$,$8$),($9$,$10$,$11$,$12$,$13$,$14$,$15$,$16$) RETURNING "id"

2025/02/13 14:38:50 /home/bryan/repos/skripsi/backend/seeder/seeder.go:205
[6.523ms] [rows:3] INSERT INTO "reviews" ("created_at","updated_at","deleted_at","daycare_id","user_id","name","rate","description") VALUES ($1$,$2$,$3$,$4$,$5$,$6$,$7$,$8$),($9$,$10$,$11$,$12$,$13$,$14$,$15$,$16$),($17$,$18$,$19$,$20$,$21$,$22$,$23$,$24$) RETURNING "id"

2025/02/13 14:38:50 /home/bryan/repos/skripsi/backend/seeder/seeder.go:213
[5.348ms] [rows:1] INSERT INTO "reduce_slots" ("slot_id","reduced_count","target_date") VALUES ($1$,$2$,$3$) RETURNING "id"

2025/02/13 14:38:50 /home/bryan/repos/skripsi/backend/seeder/seeder.go:222
[5.570ms] [rows:2] INSERT INTO "thumbnails" ("daycare_id","image_url") VALUES ($1$,$2$),($3$,$4$) RETURNING "id"

2025/02/13 14:38:50 /home/bryan/repos/skripsi/backend/seeder/seeder.go:230
[6.326ms] [rows:1] INSERT INTO "transactions" ("pet_daycare_id","booked_slot_id","status") VALUES ($1$,$2$,$3$) RETURNING "created_at","id"

2025/02/13 14:38:50 /home/bryan/repos/skripsi/backend/setup/setup.go:78
[14.785ms] [rows:1] SELECT count(*) FROM information_schema.tables WHERE table_schema = CURRENT_SCHEMA() AND table_name = 'roles' AND table_type = 'BASE TABLE'

2025/02/13 14:38:50 /home/bryan/repos/skripsi/backend/setup/setup.go:78
[1.719ms] [rows:1] SELECT CURRENT_DATABASE()

2025/02/13 14:38:50 /home/bryan/repos/skripsi/backend/setup/setup.go:78
[29.297ms] [rows:-] SELECT c.column_name, c.is_nullable = 'YES', c.udt_name, c.character_maximum_length, c.numeric_precision, c.numeric_precision_radix, c.numeric_scale, c.datetime_precision, 8 * typlen, c.column_default, pd.description, c.identity_increment FROM information_schema.columns AS c JOIN pg_type AS pgt ON c.udt_name = pgt.typname LEFT JOIN pg_catalog.pg_description as pd ON pd.objsubid = c.ordinal_position AND pd.objoid = (SELECT oid FROM pg_catalog.pg_class WHERE relname = c.table_name AND relnamespace = (SELECT oid FROM pg_catalog.pg_namespace WHERE nspname = c.table_schema)) where table_catalog = $1$ AND table_schema = CURRENT_SCHEMA() AND table_name = $2$

2025/02/13 14:38:50 /home/bryan/repos/skripsi/backend/setup/setup.go:78
[1.030ms] [rows:-] SELECT * FROM "roles" LIMIT $1$

2025/02/13 14:38:50 /home/bryan/repos/skripsi/backend/setup/setup.go:78
[21.132ms] [rows:-] SELECT constraint_name FROM information_schema.table_constraints tc JOIN information_schema.constraint_column_usage AS ccu USING (constraint_schema, constraint_catalog, table_name, constraint_name) JOIN information_schema.columns AS c ON c.table_schema = tc.constraint_schema AND tc.table_name = c.table_name AND ccu.column_name = c.column_name WHERE constraint_type IN ('PRIMARY KEY', 'UNIQUE') AND c.table_catalog = $1$ AND c.table_schema = CURRENT_SCHEMA() AND c.table_name = $2$ AND constraint_type = $3$

2025/02/13 14:38:50 /home/bryan/repos/skripsi/backend/setup/setup.go:78
[18.605ms] [rows:-] SELECT c.column_name, constraint_name, constraint_type FROM information_schema.table_constraints tc JOIN information_schema.constraint_column_usage AS ccu USING (constraint_schema, constraint_catalog, table_name, constraint_name) JOIN information_schema.columns AS c ON c.table_schema = tc.constraint_schema AND tc.table_name = c.table_name AND ccu.column_name = c.column_name WHERE constraint_type IN ('PRIMARY KEY', 'UNIQUE') AND c.table_catalog = $1$ AND c.table_schema = CURRENT_SCHEMA() AND c.table_name = $2$

2025/02/13 14:38:50 /home/bryan/repos/skripsi/backend/setup/setup.go:78
[2.797ms] [rows:-] SELECT a.attname as column_name, format_type(a.atttypid, a.atttypmod) AS data_type
		FROM pg_attribute a JOIN pg_class b ON a.attrelid = b.oid AND relnamespace = (SELECT oid FROM pg_catalog.pg_namespace WHERE nspname = CURRENT_SCHEMA())
		WHERE a.attnum > 0 -- hide internal columns
		AND NOT a.attisdropped -- hide deleted columns
		AND b.relname = $1$

2025/02/13 14:38:50 /home/bryan/repos/skripsi/backend/setup/setup.go:78
[7.693ms] [rows:0] SELECT description FROM pg_catalog.pg_description WHERE objsubid = (SELECT ordinal_position FROM information_schema.columns WHERE table_schema = CURRENT_SCHEMA() AND table_name = 'roles' AND column_name = 'id') AND objoid = (SELECT oid FROM pg_catalog.pg_class WHERE relname = 'roles' AND relnamespace = (SELECT oid FROM pg_catalog.pg_namespace WHERE nspname = CURRENT_SCHEMA()))

2025/02/13 14:38:50 /home/bryan/repos/skripsi/backend/setup/setup.go:78
[5.756ms] [rows:0] SELECT description FROM pg_catalog.pg_description WHERE objsubid = (SELECT ordinal_position FROM information_schema.columns WHERE table_schema = CURRENT_SCHEMA() AND table_name = 'roles' AND column_name = 'name') AND objoid = (SELECT oid FROM pg_catalog.pg_class WHERE relname = 'roles' AND relnamespace = (SELECT oid FROM pg_catalog.pg_namespace WHERE nspname = CURRENT_SCHEMA()))

2025/02/13 14:38:50 /home/bryan/repos/skripsi/backend/setup/setup.go:78
[2.421ms] [rows:1] SELECT count(*) FROM information_schema.tables WHERE table_schema = CURRENT_SCHEMA() AND table_name = 'users' AND table_type = 'BASE TABLE'

2025/02/13 14:38:50 /home/bryan/repos/skripsi/backend/setup/setup.go:78
[0.890ms] [rows:1] SELECT CURRENT_DATABASE()

2025/02/13 14:38:50 /home/bryan/repos/skripsi/backend/setup/setup.go:78
[11.809ms] [rows:-] SELECT c.column_name, c.is_nullable = 'YES', c.udt_name, c.character_maximum_length, c.numeric_precision, c.numeric_precision_radix, c.numeric_scale, c.datetime_precision, 8 * typlen, c.column_default, pd.description, c.identity_increment FROM information_schema.columns AS c JOIN pg_type AS pgt ON c.udt_name = pgt.typname LEFT JOIN pg_catalog.pg_description as pd ON pd.objsubid = c.ordinal_position AND pd.objoid = (SELECT oid FROM pg_catalog.pg_class WHERE relname = c.table_name AND relnamespace = (SELECT oid FROM pg_catalog.pg_namespace WHERE nspname = c.table_schema)) where table_catalog = $1$ AND table_schema = CURRENT_SCHEMA() AND table_name = $2$

2025/02/13 14:38:50 /home/bryan/repos/skripsi/backend/setup/setup.go:78
[0.777ms] [rows:-] SELECT * FROM "users" LIMIT $1$

2025/02/13 14:38:50 /home/bryan/repos/skripsi/backend/setup/setup.go:78
[18.509ms] [rows:-] SELECT constraint_name FROM information_schema.table_constraints tc JOIN information_schema.constraint_column_usage AS ccu USING (constraint_schema, constraint_catalog, table_name, constraint_name) JOIN information_schema.columns AS c ON c.table_schema = tc.constraint_schema AND tc.table_name = c.table_name AND ccu.column_name = c.column_name WHERE constraint_type IN ('PRIMARY KEY', 'UNIQUE') AND c.table_catalog = $1$ AND c.table_schema = CURRENT_SCHEMA() AND c.table_name = $2$ AND constraint_type = $3$

2025/02/13 14:38:50 /home/bryan/repos/skripsi/backend/setup/setup.go:78
[17.882ms] [rows:-] SELECT c.column_name, constraint_name, constraint_type FROM information_schema.table_constraints tc JOIN information_schema.constraint_column_usage AS ccu USING (constraint_schema, constraint_catalog, table_name, constraint_name) JOIN information_schema.columns AS c ON c.table_schema = tc.constraint_schema AND tc.table_name = c.table_name AND ccu.column_name = c.column_name WHERE constraint_type IN ('PRIMARY KEY', 'UNIQUE') AND c.table_catalog = $1$ AND c.table_schema = CURRENT_SCHEMA() AND c.table_name = $2$

2025/02/13 14:38:50 /home/bryan/repos/skripsi/backend/setup/setup.go:78
[1.688ms] [rows:-] SELECT a.attname as column_name, format_type(a.atttypid, a.atttypmod) AS data_type
		FROM pg_attribute a JOIN pg_class b ON a.attrelid = b.oid AND relnamespace = (SELECT oid FROM pg_catalog.pg_namespace WHERE nspname = CURRENT_SCHEMA())
		WHERE a.attnum > 0 -- hide internal columns
		AND NOT a.attisdropped -- hide deleted columns
		AND b.relname = $1$

2025/02/13 14:38:50 /home/bryan/repos/skripsi/backend/setup/setup.go:78
[5.581ms] [rows:0] SELECT description FROM pg_catalog.pg_description WHERE objsubid = (SELECT ordinal_position FROM information_schema.columns WHERE table_schema = CURRENT_SCHEMA() AND table_name = 'users' AND column_name = 'id') AND objoid = (SELECT oid FROM pg_catalog.pg_class WHERE relname = 'users' AND relnamespace = (SELECT oid FROM pg_catalog.pg_namespace WHERE nspname = CURRENT_SCHEMA()))

2025/02/13 14:38:50 /home/bryan/repos/skripsi/backend/setup/setup.go:78
[6.001ms] [rows:0] SELECT description FROM pg_catalog.pg_description WHERE objsubid = (SELECT ordinal_position FROM information_schema.columns WHERE table_schema = CURRENT_SCHEMA() AND table_name = 'users' AND column_name = 'created_at') AND objoid = (SELECT oid FROM pg_catalog.pg_class WHERE relname = 'users' AND relnamespace = (SELECT oid FROM pg_catalog.pg_namespace WHERE nspname = CURRENT_SCHEMA()))

2025/02/13 14:38:50 /home/bryan/repos/skripsi/backend/setup/setup.go:78
[6.243ms] [rows:0] SELECT description FROM pg_catalog.pg_description WHERE objsubid = (SELECT ordinal_position FROM information_schema.columns WHERE table_schema = CURRENT_SCHEMA() AND table_name = 'users' AND column_name = 'updated_at') AND objoid = (SELECT oid FROM pg_catalog.pg_class WHERE relname = 'users' AND relnamespace = (SELECT oid FROM pg_catalog.pg_namespace WHERE nspname = CURRENT_SCHEMA()))

2025/02/13 14:38:50 /home/bryan/repos/skripsi/backend/setup/setup.go:78
[5.391ms] [rows:0] SELECT description FROM pg_catalog.pg_description WHERE objsubid = (SELECT ordinal_position FROM information_schema.columns WHERE table_schema = CURRENT_SCHEMA() AND table_name = 'users' AND column_name = 'deleted_at') AND objoid = (SELECT oid FROM pg_catalog.pg_class WHERE relname = 'users' AND relnamespace = (SELECT oid FROM pg_catalog.pg_namespace WHERE nspname = CURRENT_SCHEMA()))

2025/02/13 14:38:50 /home/bryan/repos/skripsi/backend/setup/setup.go:78
[1.489ms] [rows:0] SELECT description FROM pg_catalog.pg_description WHERE objsubid = (SELECT ordinal_position FROM information_schema.columns WHERE table_schema = CURRENT_SCHEMA() AND table_name = 'users' AND column_name = 'name') AND objoid = (SELECT oid FROM pg_catalog.pg_class WHERE relname = 'users' AND relnamespace = (SELECT oid FROM pg_catalog.pg_namespace WHERE nspname = CURRENT_SCHEMA()))

2025/02/13 14:38:50 /home/bryan/repos/skripsi/backend/setup/setup.go:78
[1.483ms] [rows:0] SELECT description FROM pg_catalog.pg_description WHERE objsubid = (SELECT ordinal_position FROM information_schema.columns WHERE table_schema = CURRENT_SCHEMA() AND table_name = 'users' AND column_name = 'email') AND objoid = (SELECT oid FROM pg_catalog.pg_class WHERE relname = 'users' AND relnamespace = (SELECT oid FROM pg_catalog.pg_namespace WHERE nspname = CURRENT_SCHEMA()))

2025/02/13 14:38:50 /home/bryan/repos/skripsi/backend/setup/setup.go:78
[1.428ms] [rows:0] SELECT description FROM pg_catalog.pg_description WHERE objsubid = (SELECT ordinal_position FROM information_schema.columns WHERE table_schema = CURRENT_SCHEMA() AND table_name = 'users' AND column_name = 'password') AND objoid = (SELECT oid FROM pg_catalog.pg_class WHERE relname = 'users' AND relnamespace = (SELECT oid FROM pg_catalog.pg_namespace WHERE nspname = CURRENT_SCHEMA()))

2025/02/13 14:38:50 /home/bryan/repos/skripsi/backend/setup/setup.go:78
[1.346ms] [rows:0] SELECT description FROM pg_catalog.pg_description WHERE objsubid = (SELECT ordinal_position FROM information_schema.columns WHERE table_schema = CURRENT_SCHEMA() AND table_name = 'users' AND column_name = 'image_url') AND objoid = (SELECT oid FROM pg_catalog.pg_class WHERE relname = 'users' AND relnamespace = (SELECT oid FROM pg_catalog.pg_namespace WHERE nspname = CURRENT_SCHEMA()))

2025/02/13 14:38:50 /home/bryan/repos/skripsi/backend/setup/setup.go:78
[1.563ms] [rows:0] SELECT description FROM pg_catalog.pg_description WHERE objsubid = (SELECT ordinal_position FROM information_schema.columns WHERE table_schema = CURRENT_SCHEMA() AND table_name = 'users' AND column_name = 'role_id') AND objoid = (SELECT oid FROM pg_catalog.pg_class WHERE relname = 'users' AND relnamespace = (SELECT oid FROM pg_catalog.pg_namespace WHERE nspname = CURRENT_SCHEMA()))

2025/02/13 14:38:50 /home/bryan/repos/skripsi/backend/setup/setup.go:78
[4.662ms] [rows:1] SELECT count(*) FROM INFORMATION_SCHEMA.table_constraints WHERE table_schema = CURRENT_SCHEMA() AND table_name = 'users' AND constraint_name = 'fk_roles_users'

2025/02/13 14:38:50 /home/bryan/repos/skripsi/backend/setup/setup.go:78
[5.838ms] [rows:1] SELECT count(*) FROM pg_indexes WHERE tablename = 'users' AND indexname = 'idx_users_deleted_at' AND schemaname = CURRENT_SCHEMA()

2025/02/13 14:38:50 /home/bryan/repos/skripsi/backend/setup/setup.go:78
[2.244ms] [rows:1] SELECT count(*) FROM information_schema.tables WHERE table_schema = CURRENT_SCHEMA() AND table_name = 'vet_specialties' AND table_type = 'BASE TABLE'

2025/02/13 14:38:50 /home/bryan/repos/skripsi/backend/setup/setup.go:78
[0.722ms] [rows:1] SELECT CURRENT_DATABASE()

2025/02/13 14:38:50 /home/bryan/repos/skripsi/backend/setup/setup.go:78
[11.227ms] [rows:-] SELECT c.column_name, c.is_nullable = 'YES', c.udt_name, c.character_maximum_length, c.numeric_precision, c.numeric_precision_radix, c.numeric_scale, c.datetime_precision, 8 * typlen, c.column_default, pd.description, c.identity_increment FROM information_schema.columns AS c JOIN pg_type AS pgt ON c.udt_name = pgt.typname LEFT JOIN pg_catalog.pg_description as pd ON pd.objsubid = c.ordinal_position AND pd.objoid = (SELECT oid FROM pg_catalog.pg_class WHERE relname = c.table_name AND relnamespace = (SELECT oid FROM pg_catalog.pg_namespace WHERE nspname = c.table_schema)) where table_catalog = $1$ AND table_schema = CURRENT_SCHEMA() AND table_name = $2$

2025/02/13 14:38:50 /home/bryan/repos/skripsi/backend/setup/setup.go:78
[1.108ms] [rows:-] SELECT * FROM "vet_specialties" LIMIT $1$

2025/02/13 14:38:50 /home/bryan/repos/skripsi/backend/setup/setup.go:78
[16.187ms] [rows:-] SELECT constraint_name FROM information_schema.table_constraints tc JOIN information_schema.constraint_column_usage AS ccu USING (constraint_schema, constraint_catalog, table_name, constraint_name) JOIN information_schema.columns AS c ON c.table_schema = tc.constraint_schema AND tc.table_name = c.table_name AND ccu.column_name = c.column_name WHERE constraint_type IN ('PRIMARY KEY', 'UNIQUE') AND c.table_catalog = $1$ AND c.table_schema = CURRENT_SCHEMA() AND c.table_name = $2$ AND constraint_type = $3$

2025/02/13 14:38:50 /home/bryan/repos/skripsi/backend/setup/setup.go:78
[16.260ms] [rows:-] SELECT c.column_name, constraint_name, constraint_type FROM information_schema.table_constraints tc JOIN information_schema.constraint_column_usage AS ccu USING (constraint_schema, constraint_catalog, table_name, constraint_name) JOIN information_schema.columns AS c ON c.table_schema = tc.constraint_schema AND tc.table_name = c.table_name AND ccu.column_name = c.column_name WHERE constraint_type IN ('PRIMARY KEY', 'UNIQUE') AND c.table_catalog = $1$ AND c.table_schema = CURRENT_SCHEMA() AND c.table_name = $2$

2025/02/13 14:38:50 /home/bryan/repos/skripsi/backend/setup/setup.go:78
[1.676ms] [rows:-] SELECT a.attname as column_name, format_type(a.atttypid, a.atttypmod) AS data_type
		FROM pg_attribute a JOIN pg_class b ON a.attrelid = b.oid AND relnamespace = (SELECT oid FROM pg_catalog.pg_namespace WHERE nspname = CURRENT_SCHEMA())
		WHERE a.attnum > 0 -- hide internal columns
		AND NOT a.attisdropped -- hide deleted columns
		AND b.relname = $1$

2025/02/13 14:38:50 /home/bryan/repos/skripsi/backend/setup/setup.go:78
[1.459ms] [rows:0] SELECT description FROM pg_catalog.pg_description WHERE objsubid = (SELECT ordinal_position FROM information_schema.columns WHERE table_schema = CURRENT_SCHEMA() AND table_name = 'vet_specialties' AND column_name = 'id') AND objoid = (SELECT oid FROM pg_catalog.pg_class WHERE relname = 'vet_specialties' AND relnamespace = (SELECT oid FROM pg_catalog.pg_namespace WHERE nspname = CURRENT_SCHEMA()))

2025/02/13 14:38:50 /home/bryan/repos/skripsi/backend/setup/setup.go:78
[1.288ms] [rows:0] SELECT description FROM pg_catalog.pg_description WHERE objsubid = (SELECT ordinal_position FROM information_schema.columns WHERE table_schema = CURRENT_SCHEMA() AND table_name = 'vet_specialties' AND column_name = 'name') AND objoid = (SELECT oid FROM pg_catalog.pg_class WHERE relname = 'vet_specialties' AND relnamespace = (SELECT oid FROM pg_catalog.pg_namespace WHERE nspname = CURRENT_SCHEMA()))

2025/02/13 14:38:50 /home/bryan/repos/skripsi/backend/setup/setup.go:78
[1.922ms] [rows:1] SELECT count(*) FROM information_schema.tables WHERE table_schema = CURRENT_SCHEMA() AND table_name = 'user_vet_specialties' AND table_type = 'BASE TABLE'

2025/02/13 14:38:50 /home/bryan/repos/skripsi/backend/setup/setup.go:78
[0.670ms] [rows:1] SELECT CURRENT_DATABASE()

2025/02/13 14:38:50 /home/bryan/repos/skripsi/backend/setup/setup.go:78
[10.833ms] [rows:-] SELECT c.column_name, c.is_nullable = 'YES', c.udt_name, c.character_maximum_length, c.numeric_precision, c.numeric_precision_radix, c.numeric_scale, c.datetime_precision, 8 * typlen, c.column_default, pd.description, c.identity_increment FROM information_schema.columns AS c JOIN pg_type AS pgt ON c.udt_name = pgt.typname LEFT JOIN pg_catalog.pg_description as pd ON pd.objsubid = c.ordinal_position AND pd.objoid = (SELECT oid FROM pg_catalog.pg_class WHERE relname = c.table_name AND relnamespace = (SELECT oid FROM pg_catalog.pg_namespace WHERE nspname = c.table_schema)) where table_catalog = $1$ AND table_schema = CURRENT_SCHEMA() AND table_name = $2$

2025/02/13 14:38:50 /home/bryan/repos/skripsi/backend/setup/setup.go:78
[1.042ms] [rows:-] SELECT * FROM "user_vet_specialties" LIMIT $1$

2025/02/13 14:38:50 /home/bryan/repos/skripsi/backend/setup/setup.go:78
[16.200ms] [rows:-] SELECT constraint_name FROM information_schema.table_constraints tc JOIN information_schema.constraint_column_usage AS ccu USING (constraint_schema, constraint_catalog, table_name, constraint_name) JOIN information_schema.columns AS c ON c.table_schema = tc.constraint_schema AND tc.table_name = c.table_name AND ccu.column_name = c.column_name WHERE constraint_type IN ('PRIMARY KEY', 'UNIQUE') AND c.table_catalog = $1$ AND c.table_schema = CURRENT_SCHEMA() AND c.table_name = $2$ AND constraint_type = $3$

2025/02/13 14:38:50 /home/bryan/repos/skripsi/backend/setup/setup.go:78
[18.635ms] [rows:-] SELECT c.column_name, constraint_name, constraint_type FROM information_schema.table_constraints tc JOIN information_schema.constraint_column_usage AS ccu USING (constraint_schema, constraint_catalog, table_name, constraint_name) JOIN information_schema.columns AS c ON c.table_schema = tc.constraint_schema AND tc.table_name = c.table_name AND ccu.column_name = c.column_name WHERE constraint_type IN ('PRIMARY KEY', 'UNIQUE') AND c.table_catalog = $1$ AND c.table_schema = CURRENT_SCHEMA() AND c.table_name = $2$

2025/02/13 14:38:50 /home/bryan/repos/skripsi/backend/setup/setup.go:78
[1.591ms] [rows:-] SELECT a.attname as column_name, format_type(a.atttypid, a.atttypmod) AS data_type
		FROM pg_attribute a JOIN pg_class b ON a.attrelid = b.oid AND relnamespace = (SELECT oid FROM pg_catalog.pg_namespace WHERE nspname = CURRENT_SCHEMA())
		WHERE a.attnum > 0 -- hide internal columns
		AND NOT a.attisdropped -- hide deleted columns
		AND b.relname = $1$

2025/02/13 14:38:50 /home/bryan/repos/skripsi/backend/setup/setup.go:78
[1.488ms] [rows:0] SELECT description FROM pg_catalog.pg_description WHERE objsubid = (SELECT ordinal_position FROM information_schema.columns WHERE table_schema = CURRENT_SCHEMA() AND table_name = 'user_vet_specialties' AND column_name = 'user_id') AND objoid = (SELECT oid FROM pg_catalog.pg_class WHERE relname = 'user_vet_specialties' AND relnamespace = (SELECT oid FROM pg_catalog.pg_namespace WHERE nspname = CURRENT_SCHEMA()))

2025/02/13 14:38:50 /home/bryan/repos/skripsi/backend/setup/setup.go:78
[1.293ms] [rows:0] SELECT description FROM pg_catalog.pg_description WHERE objsubid = (SELECT ordinal_position FROM information_schema.columns WHERE table_schema = CURRENT_SCHEMA() AND table_name = 'user_vet_specialties' AND column_name = 'vet_specialty_id') AND objoid = (SELECT oid FROM pg_catalog.pg_class WHERE relname = 'user_vet_specialties' AND relnamespace = (SELECT oid FROM pg_catalog.pg_namespace WHERE nspname = CURRENT_SCHEMA()))

2025/02/13 14:38:50 /home/bryan/repos/skripsi/backend/setup/setup.go:78
[3.392ms] [rows:1] SELECT count(*) FROM INFORMATION_SCHEMA.table_constraints WHERE table_schema = CURRENT_SCHEMA() AND table_name = 'user_vet_specialties' AND constraint_name = 'fk_user_vet_specialties_user'

2025/02/13 14:38:50 /home/bryan/repos/skripsi/backend/setup/setup.go:78
[3.540ms] [rows:1] SELECT count(*) FROM INFORMATION_SCHEMA.table_constraints WHERE table_schema = CURRENT_SCHEMA() AND table_name = 'user_vet_specialties' AND constraint_name = 'fk_user_vet_specialties_vet_specialty'

2025/02/13 14:38:50 /home/bryan/repos/skripsi/backend/setup/setup.go:78
[1.998ms] [rows:1] SELECT count(*) FROM information_schema.tables WHERE table_schema = CURRENT_SCHEMA() AND table_name = 'daily_playtimes' AND table_type = 'BASE TABLE'

2025/02/13 14:38:50 /home/bryan/repos/skripsi/backend/setup/setup.go:78
[0.711ms] [rows:1] SELECT CURRENT_DATABASE()

2025/02/13 14:38:50 /home/bryan/repos/skripsi/backend/setup/setup.go:78
[12.068ms] [rows:-] SELECT c.column_name, c.is_nullable = 'YES', c.udt_name, c.character_maximum_length, c.numeric_precision, c.numeric_precision_radix, c.numeric_scale, c.datetime_precision, 8 * typlen, c.column_default, pd.description, c.identity_increment FROM information_schema.columns AS c JOIN pg_type AS pgt ON c.udt_name = pgt.typname LEFT JOIN pg_catalog.pg_description as pd ON pd.objsubid = c.ordinal_position AND pd.objoid = (SELECT oid FROM pg_catalog.pg_class WHERE relname = c.table_name AND relnamespace = (SELECT oid FROM pg_catalog.pg_namespace WHERE nspname = c.table_schema)) where table_catalog = $1$ AND table_schema = CURRENT_SCHEMA() AND table_name = $2$

2025/02/13 14:38:50 /home/bryan/repos/skripsi/backend/setup/setup.go:78
[0.965ms] [rows:-] SELECT * FROM "daily_playtimes" LIMIT $1$

2025/02/13 14:38:50 /home/bryan/repos/skripsi/backend/setup/setup.go:78
[15.610ms] [rows:-] SELECT constraint_name FROM information_schema.table_constraints tc JOIN information_schema.constraint_column_usage AS ccu USING (constraint_schema, constraint_catalog, table_name, constraint_name) JOIN information_schema.columns AS c ON c.table_schema = tc.constraint_schema AND tc.table_name = c.table_name AND ccu.column_name = c.column_name WHERE constraint_type IN ('PRIMARY KEY', 'UNIQUE') AND c.table_catalog = $1$ AND c.table_schema = CURRENT_SCHEMA() AND c.table_name = $2$ AND constraint_type = $3$

2025/02/13 14:38:50 /home/bryan/repos/skripsi/backend/setup/setup.go:78
[15.347ms] [rows:-] SELECT c.column_name, constraint_name, constraint_type FROM information_schema.table_constraints tc JOIN information_schema.constraint_column_usage AS ccu USING (constraint_schema, constraint_catalog, table_name, constraint_name) JOIN information_schema.columns AS c ON c.table_schema = tc.constraint_schema AND tc.table_name = c.table_name AND ccu.column_name = c.column_name WHERE constraint_type IN ('PRIMARY KEY', 'UNIQUE') AND c.table_catalog = $1$ AND c.table_schema = CURRENT_SCHEMA() AND c.table_name = $2$

2025/02/13 14:38:50 /home/bryan/repos/skripsi/backend/setup/setup.go:78
[1.587ms] [rows:-] SELECT a.attname as column_name, format_type(a.atttypid, a.atttypmod) AS data_type
		FROM pg_attribute a JOIN pg_class b ON a.attrelid = b.oid AND relnamespace = (SELECT oid FROM pg_catalog.pg_namespace WHERE nspname = CURRENT_SCHEMA())
		WHERE a.attnum > 0 -- hide internal columns
		AND NOT a.attisdropped -- hide deleted columns
		AND b.relname = $1$

2025/02/13 14:38:50 /home/bryan/repos/skripsi/backend/setup/setup.go:78
[1.255ms] [rows:0] SELECT description FROM pg_catalog.pg_description WHERE objsubid = (SELECT ordinal_position FROM information_schema.columns WHERE table_schema = CURRENT_SCHEMA() AND table_name = 'daily_playtimes' AND column_name = 'id') AND objoid = (SELECT oid FROM pg_catalog.pg_class WHERE relname = 'daily_playtimes' AND relnamespace = (SELECT oid FROM pg_catalog.pg_namespace WHERE nspname = CURRENT_SCHEMA()))

2025/02/13 14:38:50 /home/bryan/repos/skripsi/backend/setup/setup.go:78
[1.154ms] [rows:0] SELECT description FROM pg_catalog.pg_description WHERE objsubid = (SELECT ordinal_position FROM information_schema.columns WHERE table_schema = CURRENT_SCHEMA() AND table_name = 'daily_playtimes' AND column_name = 'name') AND objoid = (SELECT oid FROM pg_catalog.pg_class WHERE relname = 'daily_playtimes' AND relnamespace = (SELECT oid FROM pg_catalog.pg_namespace WHERE nspname = CURRENT_SCHEMA()))

2025/02/13 14:38:50 /home/bryan/repos/skripsi/backend/setup/setup.go:78
[1.947ms] [rows:1] SELECT count(*) FROM information_schema.tables WHERE table_schema = CURRENT_SCHEMA() AND table_name = 'daily_walks' AND table_type = 'BASE TABLE'

2025/02/13 14:38:50 /home/bryan/repos/skripsi/backend/setup/setup.go:78
[0.744ms] [rows:1] SELECT CURRENT_DATABASE()

2025/02/13 14:38:50 /home/bryan/repos/skripsi/backend/setup/setup.go:78
[10.804ms] [rows:-] SELECT c.column_name, c.is_nullable = 'YES', c.udt_name, c.character_maximum_length, c.numeric_precision, c.numeric_precision_radix, c.numeric_scale, c.datetime_precision, 8 * typlen, c.column_default, pd.description, c.identity_increment FROM information_schema.columns AS c JOIN pg_type AS pgt ON c.udt_name = pgt.typname LEFT JOIN pg_catalog.pg_description as pd ON pd.objsubid = c.ordinal_position AND pd.objoid = (SELECT oid FROM pg_catalog.pg_class WHERE relname = c.table_name AND relnamespace = (SELECT oid FROM pg_catalog.pg_namespace WHERE nspname = c.table_schema)) where table_catalog = $1$ AND table_schema = CURRENT_SCHEMA() AND table_name = $2$

2025/02/13 14:38:50 /home/bryan/repos/skripsi/backend/setup/setup.go:78
[1.012ms] [rows:-] SELECT * FROM "daily_walks" LIMIT $1$

2025/02/13 14:38:50 /home/bryan/repos/skripsi/backend/setup/setup.go:78
[14.933ms] [rows:-] SELECT constraint_name FROM information_schema.table_constraints tc JOIN information_schema.constraint_column_usage AS ccu USING (constraint_schema, constraint_catalog, table_name, constraint_name) JOIN information_schema.columns AS c ON c.table_schema = tc.constraint_schema AND tc.table_name = c.table_name AND ccu.column_name = c.column_name WHERE constraint_type IN ('PRIMARY KEY', 'UNIQUE') AND c.table_catalog = $1$ AND c.table_schema = CURRENT_SCHEMA() AND c.table_name = $2$ AND constraint_type = $3$

2025/02/13 14:38:50 /home/bryan/repos/skripsi/backend/setup/setup.go:78
[15.480ms] [rows:-] SELECT c.column_name, constraint_name, constraint_type FROM information_schema.table_constraints tc JOIN information_schema.constraint_column_usage AS ccu USING (constraint_schema, constraint_catalog, table_name, constraint_name) JOIN information_schema.columns AS c ON c.table_schema = tc.constraint_schema AND tc.table_name = c.table_name AND ccu.column_name = c.column_name WHERE constraint_type IN ('PRIMARY KEY', 'UNIQUE') AND c.table_catalog = $1$ AND c.table_schema = CURRENT_SCHEMA() AND c.table_name = $2$

2025/02/13 14:38:50 /home/bryan/repos/skripsi/backend/setup/setup.go:78
[1.613ms] [rows:-] SELECT a.attname as column_name, format_type(a.atttypid, a.atttypmod) AS data_type
		FROM pg_attribute a JOIN pg_class b ON a.attrelid = b.oid AND relnamespace = (SELECT oid FROM pg_catalog.pg_namespace WHERE nspname = CURRENT_SCHEMA())
		WHERE a.attnum > 0 -- hide internal columns
		AND NOT a.attisdropped -- hide deleted columns
		AND b.relname = $1$

2025/02/13 14:38:50 /home/bryan/repos/skripsi/backend/setup/setup.go:78
[1.342ms] [rows:0] SELECT description FROM pg_catalog.pg_description WHERE objsubid = (SELECT ordinal_position FROM information_schema.columns WHERE table_schema = CURRENT_SCHEMA() AND table_name = 'daily_walks' AND column_name = 'id') AND objoid = (SELECT oid FROM pg_catalog.pg_class WHERE relname = 'daily_walks' AND relnamespace = (SELECT oid FROM pg_catalog.pg_namespace WHERE nspname = CURRENT_SCHEMA()))

2025/02/13 14:38:50 /home/bryan/repos/skripsi/backend/setup/setup.go:78
[1.202ms] [rows:0] SELECT description FROM pg_catalog.pg_description WHERE objsubid = (SELECT ordinal_position FROM information_schema.columns WHERE table_schema = CURRENT_SCHEMA() AND table_name = 'daily_walks' AND column_name = 'name') AND objoid = (SELECT oid FROM pg_catalog.pg_class WHERE relname = 'daily_walks' AND relnamespace = (SELECT oid FROM pg_catalog.pg_namespace WHERE nspname = CURRENT_SCHEMA()))

2025/02/13 14:38:50 /home/bryan/repos/skripsi/backend/setup/setup.go:78
[0.790ms] [rows:1] SELECT count(*) FROM information_schema.tables WHERE table_schema = CURRENT_SCHEMA() AND table_name = 'pet_daycares' AND table_type = 'BASE TABLE'

2025/02/13 14:38:50 /home/bryan/repos/skripsi/backend/setup/setup.go:78
[0.735ms] [rows:1] SELECT CURRENT_DATABASE()

2025/02/13 14:38:50 /home/bryan/repos/skripsi/backend/setup/setup.go:78
[4.263ms] [rows:-] SELECT c.column_name, c.is_nullable = 'YES', c.udt_name, c.character_maximum_length, c.numeric_precision, c.numeric_precision_radix, c.numeric_scale, c.datetime_precision, 8 * typlen, c.column_default, pd.description, c.identity_increment FROM information_schema.columns AS c JOIN pg_type AS pgt ON c.udt_name = pgt.typname LEFT JOIN pg_catalog.pg_description as pd ON pd.objsubid = c.ordinal_position AND pd.objoid = (SELECT oid FROM pg_catalog.pg_class WHERE relname = c.table_name AND relnamespace = (SELECT oid FROM pg_catalog.pg_namespace WHERE nspname = c.table_schema)) where table_catalog = $1$ AND table_schema = CURRENT_SCHEMA() AND table_name = $2$

2025/02/13 14:38:50 /home/bryan/repos/skripsi/backend/setup/setup.go:78
[1.069ms] [rows:-] SELECT * FROM "pet_daycares" LIMIT $1$

2025/02/13 14:38:50 /home/bryan/repos/skripsi/backend/setup/setup.go:78
[6.058ms] [rows:-] SELECT constraint_name FROM information_schema.table_constraints tc JOIN information_schema.constraint_column_usage AS ccu USING (constraint_schema, constraint_catalog, table_name, constraint_name) JOIN information_schema.columns AS c ON c.table_schema = tc.constraint_schema AND tc.table_name = c.table_name AND ccu.column_name = c.column_name WHERE constraint_type IN ('PRIMARY KEY', 'UNIQUE') AND c.table_catalog = $1$ AND c.table_schema = CURRENT_SCHEMA() AND c.table_name = $2$ AND constraint_type = $3$

2025/02/13 14:38:50 /home/bryan/repos/skripsi/backend/setup/setup.go:78
[6.027ms] [rows:-] SELECT c.column_name, constraint_name, constraint_type FROM information_schema.table_constraints tc JOIN information_schema.constraint_column_usage AS ccu USING (constraint_schema, constraint_catalog, table_name, constraint_name) JOIN information_schema.columns AS c ON c.table_schema = tc.constraint_schema AND tc.table_name = c.table_name AND ccu.column_name = c.column_name WHERE constraint_type IN ('PRIMARY KEY', 'UNIQUE') AND c.table_catalog = $1$ AND c.table_schema = CURRENT_SCHEMA() AND c.table_name = $2$

2025/02/13 14:38:50 /home/bryan/repos/skripsi/backend/setup/setup.go:78
[0.993ms] [rows:-] SELECT a.attname as column_name, format_type(a.atttypid, a.atttypmod) AS data_type
		FROM pg_attribute a JOIN pg_class b ON a.attrelid = b.oid AND relnamespace = (SELECT oid FROM pg_catalog.pg_namespace WHERE nspname = CURRENT_SCHEMA())
		WHERE a.attnum > 0 -- hide internal columns
		AND NOT a.attisdropped -- hide deleted columns
		AND b.relname = $1$

2025/02/13 14:38:50 /home/bryan/repos/skripsi/backend/setup/setup.go:78
[1.292ms] [rows:0] SELECT description FROM pg_catalog.pg_description WHERE objsubid = (SELECT ordinal_position FROM information_schema.columns WHERE table_schema = CURRENT_SCHEMA() AND table_name = 'pet_daycares' AND column_name = 'id') AND objoid = (SELECT oid FROM pg_catalog.pg_class WHERE relname = 'pet_daycares' AND relnamespace = (SELECT oid FROM pg_catalog.pg_namespace WHERE nspname = CURRENT_SCHEMA()))

2025/02/13 14:38:50 /home/bryan/repos/skripsi/backend/setup/setup.go:78
[1.236ms] [rows:0] SELECT description FROM pg_catalog.pg_description WHERE objsubid = (SELECT ordinal_position FROM information_schema.columns WHERE table_schema = CURRENT_SCHEMA() AND table_name = 'pet_daycares' AND column_name = 'created_at') AND objoid = (SELECT oid FROM pg_catalog.pg_class WHERE relname = 'pet_daycares' AND relnamespace = (SELECT oid FROM pg_catalog.pg_namespace WHERE nspname = CURRENT_SCHEMA()))

2025/02/13 14:38:50 /home/bryan/repos/skripsi/backend/setup/setup.go:78
[1.196ms] [rows:0] SELECT description FROM pg_catalog.pg_description WHERE objsubid = (SELECT ordinal_position FROM information_schema.columns WHERE table_schema = CURRENT_SCHEMA() AND table_name = 'pet_daycares' AND column_name = 'updated_at') AND objoid = (SELECT oid FROM pg_catalog.pg_class WHERE relname = 'pet_daycares' AND relnamespace = (SELECT oid FROM pg_catalog.pg_namespace WHERE nspname = CURRENT_SCHEMA()))

2025/02/13 14:38:50 /home/bryan/repos/skripsi/backend/setup/setup.go:78
[1.231ms] [rows:0] SELECT description FROM pg_catalog.pg_description WHERE objsubid = (SELECT ordinal_position FROM information_schema.columns WHERE table_schema = CURRENT_SCHEMA() AND table_name = 'pet_daycares' AND column_name = 'deleted_at') AND objoid = (SELECT oid FROM pg_catalog.pg_class WHERE relname = 'pet_daycares' AND relnamespace = (SELECT oid FROM pg_catalog.pg_namespace WHERE nspname = CURRENT_SCHEMA()))

2025/02/13 14:38:50 /home/bryan/repos/skripsi/backend/setup/setup.go:78
[1.177ms] [rows:0] SELECT description FROM pg_catalog.pg_description WHERE objsubid = (SELECT ordinal_position FROM information_schema.columns WHERE table_schema = CURRENT_SCHEMA() AND table_name = 'pet_daycares' AND column_name = 'name') AND objoid = (SELECT oid FROM pg_catalog.pg_class WHERE relname = 'pet_daycares' AND relnamespace = (SELECT oid FROM pg_catalog.pg_namespace WHERE nspname = CURRENT_SCHEMA()))

2025/02/13 14:38:50 /home/bryan/repos/skripsi/backend/setup/setup.go:78
[1.287ms] [rows:0] SELECT description FROM pg_catalog.pg_description WHERE objsubid = (SELECT ordinal_position FROM information_schema.columns WHERE table_schema = CURRENT_SCHEMA() AND table_name = 'pet_daycares' AND column_name = 'address') AND objoid = (SELECT oid FROM pg_catalog.pg_class WHERE relname = 'pet_daycares' AND relnamespace = (SELECT oid FROM pg_catalog.pg_namespace WHERE nspname = CURRENT_SCHEMA()))

2025/02/13 14:38:50 /home/bryan/repos/skripsi/backend/setup/setup.go:78
[1.342ms] [rows:0] SELECT description FROM pg_catalog.pg_description WHERE objsubid = (SELECT ordinal_position FROM information_schema.columns WHERE table_schema = CURRENT_SCHEMA() AND table_name = 'pet_daycares' AND column_name = 'latitude') AND objoid = (SELECT oid FROM pg_catalog.pg_class WHERE relname = 'pet_daycares' AND relnamespace = (SELECT oid FROM pg_catalog.pg_namespace WHERE nspname = CURRENT_SCHEMA()))

2025/02/13 14:38:50 /home/bryan/repos/skripsi/backend/setup/setup.go:78
[1.195ms] [rows:0] SELECT description FROM pg_catalog.pg_description WHERE objsubid = (SELECT ordinal_position FROM information_schema.columns WHERE table_schema = CURRENT_SCHEMA() AND table_name = 'pet_daycares' AND column_name = 'longitude') AND objoid = (SELECT oid FROM pg_catalog.pg_class WHERE relname = 'pet_daycares' AND relnamespace = (SELECT oid FROM pg_catalog.pg_namespace WHERE nspname = CURRENT_SCHEMA()))

2025/02/13 14:38:50 /home/bryan/repos/skripsi/backend/setup/setup.go:78
[1.291ms] [rows:0] SELECT description FROM pg_catalog.pg_description WHERE objsubid = (SELECT ordinal_position FROM information_schema.columns WHERE table_schema = CURRENT_SCHEMA() AND table_name = 'pet_daycares' AND column_name = 'price') AND objoid = (SELECT oid FROM pg_catalog.pg_class WHERE relname = 'pet_daycares' AND relnamespace = (SELECT oid FROM pg_catalog.pg_namespace WHERE nspname = CURRENT_SCHEMA()))

2025/02/13 14:38:50 /home/bryan/repos/skripsi/backend/setup/setup.go:78
[1.298ms] [rows:0] SELECT description FROM pg_catalog.pg_description WHERE objsubid = (SELECT ordinal_position FROM information_schema.columns WHERE table_schema = CURRENT_SCHEMA() AND table_name = 'pet_daycares' AND column_name = 'pricing_type') AND objoid = (SELECT oid FROM pg_catalog.pg_class WHERE relname = 'pet_daycares' AND relnamespace = (SELECT oid FROM pg_catalog.pg_namespace WHERE nspname = CURRENT_SCHEMA()))

2025/02/13 14:38:50 /home/bryan/repos/skripsi/backend/setup/setup.go:78
[1.267ms] [rows:0] SELECT description FROM pg_catalog.pg_description WHERE objsubid = (SELECT ordinal_position FROM information_schema.columns WHERE table_schema = CURRENT_SCHEMA() AND table_name = 'pet_daycares' AND column_name = 'description') AND objoid = (SELECT oid FROM pg_catalog.pg_class WHERE relname = 'pet_daycares' AND relnamespace = (SELECT oid FROM pg_catalog.pg_namespace WHERE nspname = CURRENT_SCHEMA()))

2025/02/13 14:38:50 /home/bryan/repos/skripsi/backend/setup/setup.go:78
[1.366ms] [rows:0] SELECT description FROM pg_catalog.pg_description WHERE objsubid = (SELECT ordinal_position FROM information_schema.columns WHERE table_schema = CURRENT_SCHEMA() AND table_name = 'pet_daycares' AND column_name = 'has_pickup_service') AND objoid = (SELECT oid FROM pg_catalog.pg_class WHERE relname = 'pet_daycares' AND relnamespace = (SELECT oid FROM pg_catalog.pg_namespace WHERE nspname = CURRENT_SCHEMA()))

2025/02/13 14:38:50 /home/bryan/repos/skripsi/backend/setup/setup.go:78
[1.244ms] [rows:0] SELECT description FROM pg_catalog.pg_description WHERE objsubid = (SELECT ordinal_position FROM information_schema.columns WHERE table_schema = CURRENT_SCHEMA() AND table_name = 'pet_daycares' AND column_name = 'must_be_vaccinated') AND objoid = (SELECT oid FROM pg_catalog.pg_class WHERE relname = 'pet_daycares' AND relnamespace = (SELECT oid FROM pg_catalog.pg_namespace WHERE nspname = CURRENT_SCHEMA()))

2025/02/13 14:38:50 /home/bryan/repos/skripsi/backend/setup/setup.go:78
[1.267ms] [rows:0] SELECT description FROM pg_catalog.pg_description WHERE objsubid = (SELECT ordinal_position FROM information_schema.columns WHERE table_schema = CURRENT_SCHEMA() AND table_name = 'pet_daycares' AND column_name = 'food_provided') AND objoid = (SELECT oid FROM pg_catalog.pg_class WHERE relname = 'pet_daycares' AND relnamespace = (SELECT oid FROM pg_catalog.pg_namespace WHERE nspname = CURRENT_SCHEMA()))

2025/02/13 14:38:50 /home/bryan/repos/skripsi/backend/setup/setup.go:78
[1.239ms] [rows:0] SELECT description FROM pg_catalog.pg_description WHERE objsubid = (SELECT ordinal_position FROM information_schema.columns WHERE table_schema = CURRENT_SCHEMA() AND table_name = 'pet_daycares' AND column_name = 'grooming_available') AND objoid = (SELECT oid FROM pg_catalog.pg_class WHERE relname = 'pet_daycares' AND relnamespace = (SELECT oid FROM pg_catalog.pg_namespace WHERE nspname = CURRENT_SCHEMA()))

2025/02/13 14:38:50 /home/bryan/repos/skripsi/backend/setup/setup.go:78
[1.326ms] [rows:0] SELECT description FROM pg_catalog.pg_description WHERE objsubid = (SELECT ordinal_position FROM information_schema.columns WHERE table_schema = CURRENT_SCHEMA() AND table_name = 'pet_daycares' AND column_name = 'booked_num') AND objoid = (SELECT oid FROM pg_catalog.pg_class WHERE relname = 'pet_daycares' AND relnamespace = (SELECT oid FROM pg_catalog.pg_namespace WHERE nspname = CURRENT_SCHEMA()))

2025/02/13 14:38:50 /home/bryan/repos/skripsi/backend/setup/setup.go:78
[1.333ms] [rows:0] SELECT description FROM pg_catalog.pg_description WHERE objsubid = (SELECT ordinal_position FROM information_schema.columns WHERE table_schema = CURRENT_SCHEMA() AND table_name = 'pet_daycares' AND column_name = 'daily_walks_id') AND objoid = (SELECT oid FROM pg_catalog.pg_class WHERE relname = 'pet_daycares' AND relnamespace = (SELECT oid FROM pg_catalog.pg_namespace WHERE nspname = CURRENT_SCHEMA()))

2025/02/13 14:38:50 /home/bryan/repos/skripsi/backend/setup/setup.go:78
[1.487ms] [rows:0] SELECT description FROM pg_catalog.pg_description WHERE objsubid = (SELECT ordinal_position FROM information_schema.columns WHERE table_schema = CURRENT_SCHEMA() AND table_name = 'pet_daycares' AND column_name = 'daily_playtime_id') AND objoid = (SELECT oid FROM pg_catalog.pg_class WHERE relname = 'pet_daycares' AND relnamespace = (SELECT oid FROM pg_catalog.pg_namespace WHERE nspname = CURRENT_SCHEMA()))

2025/02/13 14:38:50 /home/bryan/repos/skripsi/backend/setup/setup.go:78
[1.246ms] [rows:0] SELECT description FROM pg_catalog.pg_description WHERE objsubid = (SELECT ordinal_position FROM information_schema.columns WHERE table_schema = CURRENT_SCHEMA() AND table_name = 'pet_daycares' AND column_name = 'owner_id') AND objoid = (SELECT oid FROM pg_catalog.pg_class WHERE relname = 'pet_daycares' AND relnamespace = (SELECT oid FROM pg_catalog.pg_namespace WHERE nspname = CURRENT_SCHEMA()))

2025/02/13 14:38:50 /home/bryan/repos/skripsi/backend/setup/setup.go:78
[1.476ms] [rows:0] SELECT description FROM pg_catalog.pg_description WHERE objsubid = (SELECT ordinal_position FROM information_schema.columns WHERE table_schema = CURRENT_SCHEMA() AND table_name = 'pet_daycares' AND column_name = 'food_brand') AND objoid = (SELECT oid FROM pg_catalog.pg_class WHERE relname = 'pet_daycares' AND relnamespace = (SELECT oid FROM pg_catalog.pg_namespace WHERE nspname = CURRENT_SCHEMA()))

2025/02/13 14:38:50 /home/bryan/repos/skripsi/backend/setup/setup.go:78
[3.924ms] [rows:1] SELECT count(*) FROM INFORMATION_SCHEMA.table_constraints WHERE table_schema = CURRENT_SCHEMA() AND table_name = 'pet_daycares' AND constraint_name = 'fk_pet_daycares_daily_walks'

2025/02/13 14:38:50 /home/bryan/repos/skripsi/backend/setup/setup.go:78
[3.901ms] [rows:1] SELECT count(*) FROM INFORMATION_SCHEMA.table_constraints WHERE table_schema = CURRENT_SCHEMA() AND table_name = 'pet_daycares' AND constraint_name = 'fk_pet_daycares_daily_playtime'

2025/02/13 14:38:50 /home/bryan/repos/skripsi/backend/setup/setup.go:78
[4.491ms] [rows:1] SELECT count(*) FROM INFORMATION_SCHEMA.table_constraints WHERE table_schema = CURRENT_SCHEMA() AND table_name = 'pet_daycares' AND constraint_name = 'fk_users_pet_daycare'

2025/02/13 14:38:50 /home/bryan/repos/skripsi/backend/setup/setup.go:78
[4.245ms] [rows:1] SELECT count(*) FROM pg_indexes WHERE tablename = 'pet_daycares' AND indexname = 'idx_pet_daycares_deleted_at' AND schemaname = CURRENT_SCHEMA()

2025/02/13 14:38:50 /home/bryan/repos/skripsi/backend/setup/setup.go:78
[1.400ms] [rows:1] SELECT count(*) FROM information_schema.tables WHERE table_schema = CURRENT_SCHEMA() AND table_name = 'species' AND table_type = 'BASE TABLE'

2025/02/13 14:38:50 /home/bryan/repos/skripsi/backend/setup/setup.go:78
[0.879ms] [rows:1] SELECT CURRENT_DATABASE()

2025/02/13 14:38:50 /home/bryan/repos/skripsi/backend/setup/setup.go:78
[3.653ms] [rows:-] SELECT c.column_name, c.is_nullable = 'YES', c.udt_name, c.character_maximum_length, c.numeric_precision, c.numeric_precision_radix, c.numeric_scale, c.datetime_precision, 8 * typlen, c.column_default, pd.description, c.identity_increment FROM information_schema.columns AS c JOIN pg_type AS pgt ON c.udt_name = pgt.typname LEFT JOIN pg_catalog.pg_description as pd ON pd.objsubid = c.ordinal_position AND pd.objoid = (SELECT oid FROM pg_catalog.pg_class WHERE relname = c.table_name AND relnamespace = (SELECT oid FROM pg_catalog.pg_namespace WHERE nspname = c.table_schema)) where table_catalog = $1$ AND table_schema = CURRENT_SCHEMA() AND table_name = $2$

2025/02/13 14:38:50 /home/bryan/repos/skripsi/backend/setup/setup.go:78
[1.134ms] [rows:-] SELECT * FROM "species" LIMIT $1$

2025/02/13 14:38:50 /home/bryan/repos/skripsi/backend/setup/setup.go:78
[3.135ms] [rows:-] SELECT constraint_name FROM information_schema.table_constraints tc JOIN information_schema.constraint_column_usage AS ccu USING (constraint_schema, constraint_catalog, table_name, constraint_name) JOIN information_schema.columns AS c ON c.table_schema = tc.constraint_schema AND tc.table_name = c.table_name AND ccu.column_name = c.column_name WHERE constraint_type IN ('PRIMARY KEY', 'UNIQUE') AND c.table_catalog = $1$ AND c.table_schema = CURRENT_SCHEMA() AND c.table_name = $2$ AND constraint_type = $3$

2025/02/13 14:38:50 /home/bryan/repos/skripsi/backend/setup/setup.go:78
[4.937ms] [rows:-] SELECT c.column_name, constraint_name, constraint_type FROM information_schema.table_constraints tc JOIN information_schema.constraint_column_usage AS ccu USING (constraint_schema, constraint_catalog, table_name, constraint_name) JOIN information_schema.columns AS c ON c.table_schema = tc.constraint_schema AND tc.table_name = c.table_name AND ccu.column_name = c.column_name WHERE constraint_type IN ('PRIMARY KEY', 'UNIQUE') AND c.table_catalog = $1$ AND c.table_schema = CURRENT_SCHEMA() AND c.table_name = $2$

2025/02/13 14:38:50 /home/bryan/repos/skripsi/backend/setup/setup.go:78
[1.404ms] [rows:-] SELECT a.attname as column_name, format_type(a.atttypid, a.atttypmod) AS data_type
		FROM pg_attribute a JOIN pg_class b ON a.attrelid = b.oid AND relnamespace = (SELECT oid FROM pg_catalog.pg_namespace WHERE nspname = CURRENT_SCHEMA())
		WHERE a.attnum > 0 -- hide internal columns
		AND NOT a.attisdropped -- hide deleted columns
		AND b.relname = $1$

2025/02/13 14:38:50 /home/bryan/repos/skripsi/backend/setup/setup.go:78
[1.813ms] [rows:0] SELECT description FROM pg_catalog.pg_description WHERE objsubid = (SELECT ordinal_position FROM information_schema.columns WHERE table_schema = CURRENT_SCHEMA() AND table_name = 'species' AND column_name = 'id') AND objoid = (SELECT oid FROM pg_catalog.pg_class WHERE relname = 'species' AND relnamespace = (SELECT oid FROM pg_catalog.pg_namespace WHERE nspname = CURRENT_SCHEMA()))

2025/02/13 14:38:50 /home/bryan/repos/skripsi/backend/setup/setup.go:78
[1.837ms] [rows:0] SELECT description FROM pg_catalog.pg_description WHERE objsubid = (SELECT ordinal_position FROM information_schema.columns WHERE table_schema = CURRENT_SCHEMA() AND table_name = 'species' AND column_name = 'name') AND objoid = (SELECT oid FROM pg_catalog.pg_class WHERE relname = 'species' AND relnamespace = (SELECT oid FROM pg_catalog.pg_namespace WHERE nspname = CURRENT_SCHEMA()))

2025/02/13 14:38:50 /home/bryan/repos/skripsi/backend/setup/setup.go:78
[1.395ms] [rows:1] SELECT count(*) FROM information_schema.tables WHERE table_schema = CURRENT_SCHEMA() AND table_name = 'size_categories' AND table_type = 'BASE TABLE'

2025/02/13 14:38:50 /home/bryan/repos/skripsi/backend/setup/setup.go:78
[0.985ms] [rows:1] SELECT CURRENT_DATABASE()

2025/02/13 14:38:50 /home/bryan/repos/skripsi/backend/setup/setup.go:78
[3.761ms] [rows:-] SELECT c.column_name, c.is_nullable = 'YES', c.udt_name, c.character_maximum_length, c.numeric_precision, c.numeric_precision_radix, c.numeric_scale, c.datetime_precision, 8 * typlen, c.column_default, pd.description, c.identity_increment FROM information_schema.columns AS c JOIN pg_type AS pgt ON c.udt_name = pgt.typname LEFT JOIN pg_catalog.pg_description as pd ON pd.objsubid = c.ordinal_position AND pd.objoid = (SELECT oid FROM pg_catalog.pg_class WHERE relname = c.table_name AND relnamespace = (SELECT oid FROM pg_catalog.pg_namespace WHERE nspname = c.table_schema)) where table_catalog = $1$ AND table_schema = CURRENT_SCHEMA() AND table_name = $2$

2025/02/13 14:38:50 /home/bryan/repos/skripsi/backend/setup/setup.go:78
[1.343ms] [rows:-] SELECT * FROM "size_categories" LIMIT $1$

2025/02/13 14:38:50 /home/bryan/repos/skripsi/backend/setup/setup.go:78
[3.908ms] [rows:-] SELECT constraint_name FROM information_schema.table_constraints tc JOIN information_schema.constraint_column_usage AS ccu USING (constraint_schema, constraint_catalog, table_name, constraint_name) JOIN information_schema.columns AS c ON c.table_schema = tc.constraint_schema AND tc.table_name = c.table_name AND ccu.column_name = c.column_name WHERE constraint_type IN ('PRIMARY KEY', 'UNIQUE') AND c.table_catalog = $1$ AND c.table_schema = CURRENT_SCHEMA() AND c.table_name = $2$ AND constraint_type = $3$

2025/02/13 14:38:50 /home/bryan/repos/skripsi/backend/setup/setup.go:78
[3.956ms] [rows:-] SELECT c.column_name, constraint_name, constraint_type FROM information_schema.table_constraints tc JOIN information_schema.constraint_column_usage AS ccu USING (constraint_schema, constraint_catalog, table_name, constraint_name) JOIN information_schema.columns AS c ON c.table_schema = tc.constraint_schema AND tc.table_name = c.table_name AND ccu.column_name = c.column_name WHERE constraint_type IN ('PRIMARY KEY', 'UNIQUE') AND c.table_catalog = $1$ AND c.table_schema = CURRENT_SCHEMA() AND c.table_name = $2$

2025/02/13 14:38:50 /home/bryan/repos/skripsi/backend/setup/setup.go:78
[2.096ms] [rows:-] SELECT a.attname as column_name, format_type(a.atttypid, a.atttypmod) AS data_type
		FROM pg_attribute a JOIN pg_class b ON a.attrelid = b.oid AND relnamespace = (SELECT oid FROM pg_catalog.pg_namespace WHERE nspname = CURRENT_SCHEMA())
		WHERE a.attnum > 0 -- hide internal columns
		AND NOT a.attisdropped -- hide deleted columns
		AND b.relname = $1$

2025/02/13 14:38:50 /home/bryan/repos/skripsi/backend/setup/setup.go:78
[2.432ms] [rows:0] SELECT description FROM pg_catalog.pg_description WHERE objsubid = (SELECT ordinal_position FROM information_schema.columns WHERE table_schema = CURRENT_SCHEMA() AND table_name = 'size_categories' AND column_name = 'id') AND objoid = (SELECT oid FROM pg_catalog.pg_class WHERE relname = 'size_categories' AND relnamespace = (SELECT oid FROM pg_catalog.pg_namespace WHERE nspname = CURRENT_SCHEMA()))

2025/02/13 14:38:50 /home/bryan/repos/skripsi/backend/setup/setup.go:78
[2.232ms] [rows:0] SELECT description FROM pg_catalog.pg_description WHERE objsubid = (SELECT ordinal_position FROM information_schema.columns WHERE table_schema = CURRENT_SCHEMA() AND table_name = 'size_categories' AND column_name = 'name') AND objoid = (SELECT oid FROM pg_catalog.pg_class WHERE relname = 'size_categories' AND relnamespace = (SELECT oid FROM pg_catalog.pg_namespace WHERE nspname = CURRENT_SCHEMA()))

2025/02/13 14:38:50 /home/bryan/repos/skripsi/backend/setup/setup.go:78
[2.255ms] [rows:0] SELECT description FROM pg_catalog.pg_description WHERE objsubid = (SELECT ordinal_position FROM information_schema.columns WHERE table_schema = CURRENT_SCHEMA() AND table_name = 'size_categories' AND column_name = 'min_weight') AND objoid = (SELECT oid FROM pg_catalog.pg_class WHERE relname = 'size_categories' AND relnamespace = (SELECT oid FROM pg_catalog.pg_namespace WHERE nspname = CURRENT_SCHEMA()))

2025/02/13 14:38:50 /home/bryan/repos/skripsi/backend/setup/setup.go:78
[3.010ms] [rows:0] SELECT description FROM pg_catalog.pg_description WHERE objsubid = (SELECT ordinal_position FROM information_schema.columns WHERE table_schema = CURRENT_SCHEMA() AND table_name = 'size_categories' AND column_name = 'max_weight') AND objoid = (SELECT oid FROM pg_catalog.pg_class WHERE relname = 'size_categories' AND relnamespace = (SELECT oid FROM pg_catalog.pg_namespace WHERE nspname = CURRENT_SCHEMA()))

2025/02/13 14:38:50 /home/bryan/repos/skripsi/backend/setup/setup.go:78
[2.164ms] [rows:1] SELECT count(*) FROM information_schema.tables WHERE table_schema = CURRENT_SCHEMA() AND table_name = 'pets' AND table_type = 'BASE TABLE'

2025/02/13 14:38:50 /home/bryan/repos/skripsi/backend/setup/setup.go:78
[1.662ms] [rows:1] SELECT CURRENT_DATABASE()

2025/02/13 14:38:50 /home/bryan/repos/skripsi/backend/setup/setup.go:78
[7.950ms] [rows:-] SELECT c.column_name, c.is_nullable = 'YES', c.udt_name, c.character_maximum_length, c.numeric_precision, c.numeric_precision_radix, c.numeric_scale, c.datetime_precision, 8 * typlen, c.column_default, pd.description, c.identity_increment FROM information_schema.columns AS c JOIN pg_type AS pgt ON c.udt_name = pgt.typname LEFT JOIN pg_catalog.pg_description as pd ON pd.objsubid = c.ordinal_position AND pd.objoid = (SELECT oid FROM pg_catalog.pg_class WHERE relname = c.table_name AND relnamespace = (SELECT oid FROM pg_catalog.pg_namespace WHERE nspname = c.table_schema)) where table_catalog = $1$ AND table_schema = CURRENT_SCHEMA() AND table_name = $2$

2025/02/13 14:38:50 /home/bryan/repos/skripsi/backend/setup/setup.go:78
[1.925ms] [rows:-] SELECT * FROM "pets" LIMIT $1$

2025/02/13 14:38:50 /home/bryan/repos/skripsi/backend/setup/setup.go:78
[6.834ms] [rows:-] SELECT constraint_name FROM information_schema.table_constraints tc JOIN information_schema.constraint_column_usage AS ccu USING (constraint_schema, constraint_catalog, table_name, constraint_name) JOIN information_schema.columns AS c ON c.table_schema = tc.constraint_schema AND tc.table_name = c.table_name AND ccu.column_name = c.column_name WHERE constraint_type IN ('PRIMARY KEY', 'UNIQUE') AND c.table_catalog = $1$ AND c.table_schema = CURRENT_SCHEMA() AND c.table_name = $2$ AND constraint_type = $3$

2025/02/13 14:38:50 /home/bryan/repos/skripsi/backend/setup/setup.go:78
[6.957ms] [rows:-] SELECT c.column_name, constraint_name, constraint_type FROM information_schema.table_constraints tc JOIN information_schema.constraint_column_usage AS ccu USING (constraint_schema, constraint_catalog, table_name, constraint_name) JOIN information_schema.columns AS c ON c.table_schema = tc.constraint_schema AND tc.table_name = c.table_name AND ccu.column_name = c.column_name WHERE constraint_type IN ('PRIMARY KEY', 'UNIQUE') AND c.table_catalog = $1$ AND c.table_schema = CURRENT_SCHEMA() AND c.table_name = $2$

2025/02/13 14:38:50 /home/bryan/repos/skripsi/backend/setup/setup.go:78
[2.131ms] [rows:-] SELECT a.attname as column_name, format_type(a.atttypid, a.atttypmod) AS data_type
		FROM pg_attribute a JOIN pg_class b ON a.attrelid = b.oid AND relnamespace = (SELECT oid FROM pg_catalog.pg_namespace WHERE nspname = CURRENT_SCHEMA())
		WHERE a.attnum > 0 -- hide internal columns
		AND NOT a.attisdropped -- hide deleted columns
		AND b.relname = $1$

2025/02/13 14:38:50 /home/bryan/repos/skripsi/backend/setup/setup.go:78
[3.116ms] [rows:0] SELECT description FROM pg_catalog.pg_description WHERE objsubid = (SELECT ordinal_position FROM information_schema.columns WHERE table_schema = CURRENT_SCHEMA() AND table_name = 'pets' AND column_name = 'id') AND objoid = (SELECT oid FROM pg_catalog.pg_class WHERE relname = 'pets' AND relnamespace = (SELECT oid FROM pg_catalog.pg_namespace WHERE nspname = CURRENT_SCHEMA()))

2025/02/13 14:38:50 /home/bryan/repos/skripsi/backend/setup/setup.go:78
[3.035ms] [rows:0] SELECT description FROM pg_catalog.pg_description WHERE objsubid = (SELECT ordinal_position FROM information_schema.columns WHERE table_schema = CURRENT_SCHEMA() AND table_name = 'pets' AND column_name = 'created_at') AND objoid = (SELECT oid FROM pg_catalog.pg_class WHERE relname = 'pets' AND relnamespace = (SELECT oid FROM pg_catalog.pg_namespace WHERE nspname = CURRENT_SCHEMA()))

2025/02/13 14:38:50 /home/bryan/repos/skripsi/backend/setup/setup.go:78
[2.978ms] [rows:0] SELECT description FROM pg_catalog.pg_description WHERE objsubid = (SELECT ordinal_position FROM information_schema.columns WHERE table_schema = CURRENT_SCHEMA() AND table_name = 'pets' AND column_name = 'updated_at') AND objoid = (SELECT oid FROM pg_catalog.pg_class WHERE relname = 'pets' AND relnamespace = (SELECT oid FROM pg_catalog.pg_namespace WHERE nspname = CURRENT_SCHEMA()))

2025/02/13 14:38:50 /home/bryan/repos/skripsi/backend/setup/setup.go:78
[3.088ms] [rows:0] SELECT description FROM pg_catalog.pg_description WHERE objsubid = (SELECT ordinal_position FROM information_schema.columns WHERE table_schema = CURRENT_SCHEMA() AND table_name = 'pets' AND column_name = 'deleted_at') AND objoid = (SELECT oid FROM pg_catalog.pg_class WHERE relname = 'pets' AND relnamespace = (SELECT oid FROM pg_catalog.pg_namespace WHERE nspname = CURRENT_SCHEMA()))

2025/02/13 14:38:50 /home/bryan/repos/skripsi/backend/setup/setup.go:78
[3.146ms] [rows:0] SELECT description FROM pg_catalog.pg_description WHERE objsubid = (SELECT ordinal_position FROM information_schema.columns WHERE table_schema = CURRENT_SCHEMA() AND table_name = 'pets' AND column_name = 'name') AND objoid = (SELECT oid FROM pg_catalog.pg_class WHERE relname = 'pets' AND relnamespace = (SELECT oid FROM pg_catalog.pg_namespace WHERE nspname = CURRENT_SCHEMA()))

2025/02/13 14:38:50 /home/bryan/repos/skripsi/backend/setup/setup.go:78
[2.933ms] [rows:0] SELECT description FROM pg_catalog.pg_description WHERE objsubid = (SELECT ordinal_position FROM information_schema.columns WHERE table_schema = CURRENT_SCHEMA() AND table_name = 'pets' AND column_name = 'image_url') AND objoid = (SELECT oid FROM pg_catalog.pg_class WHERE relname = 'pets' AND relnamespace = (SELECT oid FROM pg_catalog.pg_namespace WHERE nspname = CURRENT_SCHEMA()))

2025/02/13 14:38:50 /home/bryan/repos/skripsi/backend/setup/setup.go:78
[3.230ms] [rows:0] SELECT description FROM pg_catalog.pg_description WHERE objsubid = (SELECT ordinal_position FROM information_schema.columns WHERE table_schema = CURRENT_SCHEMA() AND table_name = 'pets' AND column_name = 'status') AND objoid = (SELECT oid FROM pg_catalog.pg_class WHERE relname = 'pets' AND relnamespace = (SELECT oid FROM pg_catalog.pg_namespace WHERE nspname = CURRENT_SCHEMA()))

2025/02/13 14:38:50 /home/bryan/repos/skripsi/backend/setup/setup.go:78
[3.274ms] [rows:0] SELECT description FROM pg_catalog.pg_description WHERE objsubid = (SELECT ordinal_position FROM information_schema.columns WHERE table_schema = CURRENT_SCHEMA() AND table_name = 'pets' AND column_name = 'owner_id') AND objoid = (SELECT oid FROM pg_catalog.pg_class WHERE relname = 'pets' AND relnamespace = (SELECT oid FROM pg_catalog.pg_namespace WHERE nspname = CURRENT_SCHEMA()))

2025/02/13 14:38:50 /home/bryan/repos/skripsi/backend/setup/setup.go:78
[3.229ms] [rows:0] SELECT description FROM pg_catalog.pg_description WHERE objsubid = (SELECT ordinal_position FROM information_schema.columns WHERE table_schema = CURRENT_SCHEMA() AND table_name = 'pets' AND column_name = 'species_id') AND objoid = (SELECT oid FROM pg_catalog.pg_class WHERE relname = 'pets' AND relnamespace = (SELECT oid FROM pg_catalog.pg_namespace WHERE nspname = CURRENT_SCHEMA()))

2025/02/13 14:38:50 /home/bryan/repos/skripsi/backend/setup/setup.go:78
[3.254ms] [rows:0] SELECT description FROM pg_catalog.pg_description WHERE objsubid = (SELECT ordinal_position FROM information_schema.columns WHERE table_schema = CURRENT_SCHEMA() AND table_name = 'pets' AND column_name = 'size_id') AND objoid = (SELECT oid FROM pg_catalog.pg_class WHERE relname = 'pets' AND relnamespace = (SELECT oid FROM pg_catalog.pg_namespace WHERE nspname = CURRENT_SCHEMA()))

2025/02/13 14:38:50 /home/bryan/repos/skripsi/backend/setup/setup.go:78
[2.655ms] [rows:1] SELECT count(*) FROM INFORMATION_SCHEMA.table_constraints WHERE table_schema = CURRENT_SCHEMA() AND table_name = 'pets' AND constraint_name = 'fk_pets_species'

2025/02/13 14:38:50 /home/bryan/repos/skripsi/backend/setup/setup.go:78
[2.627ms] [rows:1] SELECT count(*) FROM INFORMATION_SCHEMA.table_constraints WHERE table_schema = CURRENT_SCHEMA() AND table_name = 'pets' AND constraint_name = 'fk_pets_size_category'

2025/02/13 14:38:50 /home/bryan/repos/skripsi/backend/setup/setup.go:78
[2.808ms] [rows:1] SELECT count(*) FROM INFORMATION_SCHEMA.table_constraints WHERE table_schema = CURRENT_SCHEMA() AND table_name = 'pets' AND constraint_name = 'fk_users_pets'

2025/02/13 14:38:50 /home/bryan/repos/skripsi/backend/setup/setup.go:78
[5.734ms] [rows:1] SELECT count(*) FROM pg_indexes WHERE tablename = 'pets' AND indexname = 'idx_pets_deleted_at' AND schemaname = CURRENT_SCHEMA()

2025/02/13 14:38:50 /home/bryan/repos/skripsi/backend/setup/setup.go:78
[2.371ms] [rows:1] SELECT count(*) FROM information_schema.tables WHERE table_schema = CURRENT_SCHEMA() AND table_name = 'slots' AND table_type = 'BASE TABLE'

2025/02/13 14:38:50 /home/bryan/repos/skripsi/backend/setup/setup.go:78
[1.654ms] [rows:1] SELECT CURRENT_DATABASE()

2025/02/13 14:38:50 /home/bryan/repos/skripsi/backend/setup/setup.go:78
[7.179ms] [rows:-] SELECT c.column_name, c.is_nullable = 'YES', c.udt_name, c.character_maximum_length, c.numeric_precision, c.numeric_precision_radix, c.numeric_scale, c.datetime_precision, 8 * typlen, c.column_default, pd.description, c.identity_increment FROM information_schema.columns AS c JOIN pg_type AS pgt ON c.udt_name = pgt.typname LEFT JOIN pg_catalog.pg_description as pd ON pd.objsubid = c.ordinal_position AND pd.objoid = (SELECT oid FROM pg_catalog.pg_class WHERE relname = c.table_name AND relnamespace = (SELECT oid FROM pg_catalog.pg_namespace WHERE nspname = c.table_schema)) where table_catalog = $1$ AND table_schema = CURRENT_SCHEMA() AND table_name = $2$

2025/02/13 14:38:50 /home/bryan/repos/skripsi/backend/setup/setup.go:78
[2.484ms] [rows:-] SELECT * FROM "slots" LIMIT $1$

2025/02/13 14:38:50 /home/bryan/repos/skripsi/backend/setup/setup.go:78
[5.733ms] [rows:-] SELECT constraint_name FROM information_schema.table_constraints tc JOIN information_schema.constraint_column_usage AS ccu USING (constraint_schema, constraint_catalog, table_name, constraint_name) JOIN information_schema.columns AS c ON c.table_schema = tc.constraint_schema AND tc.table_name = c.table_name AND ccu.column_name = c.column_name WHERE constraint_type IN ('PRIMARY KEY', 'UNIQUE') AND c.table_catalog = $1$ AND c.table_schema = CURRENT_SCHEMA() AND c.table_name = $2$ AND constraint_type = $3$

2025/02/13 14:38:50 /home/bryan/repos/skripsi/backend/setup/setup.go:78
[6.056ms] [rows:-] SELECT c.column_name, constraint_name, constraint_type FROM information_schema.table_constraints tc JOIN information_schema.constraint_column_usage AS ccu USING (constraint_schema, constraint_catalog, table_name, constraint_name) JOIN information_schema.columns AS c ON c.table_schema = tc.constraint_schema AND tc.table_name = c.table_name AND ccu.column_name = c.column_name WHERE constraint_type IN ('PRIMARY KEY', 'UNIQUE') AND c.table_catalog = $1$ AND c.table_schema = CURRENT_SCHEMA() AND c.table_name = $2$

2025/02/13 14:38:50 /home/bryan/repos/skripsi/backend/setup/setup.go:78
[2.105ms] [rows:-] SELECT a.attname as column_name, format_type(a.atttypid, a.atttypmod) AS data_type
		FROM pg_attribute a JOIN pg_class b ON a.attrelid = b.oid AND relnamespace = (SELECT oid FROM pg_catalog.pg_namespace WHERE nspname = CURRENT_SCHEMA())
		WHERE a.attnum > 0 -- hide internal columns
		AND NOT a.attisdropped -- hide deleted columns
		AND b.relname = $1$

2025/02/13 14:38:50 /home/bryan/repos/skripsi/backend/setup/setup.go:78
[2.980ms] [rows:0] SELECT description FROM pg_catalog.pg_description WHERE objsubid = (SELECT ordinal_position FROM information_schema.columns WHERE table_schema = CURRENT_SCHEMA() AND table_name = 'slots' AND column_name = 'id') AND objoid = (SELECT oid FROM pg_catalog.pg_class WHERE relname = 'slots' AND relnamespace = (SELECT oid FROM pg_catalog.pg_namespace WHERE nspname = CURRENT_SCHEMA()))

2025/02/13 14:38:50 /home/bryan/repos/skripsi/backend/setup/setup.go:78
[3.232ms] [rows:0] SELECT description FROM pg_catalog.pg_description WHERE objsubid = (SELECT ordinal_position FROM information_schema.columns WHERE table_schema = CURRENT_SCHEMA() AND table_name = 'slots' AND column_name = 'created_at') AND objoid = (SELECT oid FROM pg_catalog.pg_class WHERE relname = 'slots' AND relnamespace = (SELECT oid FROM pg_catalog.pg_namespace WHERE nspname = CURRENT_SCHEMA()))

2025/02/13 14:38:50 /home/bryan/repos/skripsi/backend/setup/setup.go:78
[3.242ms] [rows:0] SELECT description FROM pg_catalog.pg_description WHERE objsubid = (SELECT ordinal_position FROM information_schema.columns WHERE table_schema = CURRENT_SCHEMA() AND table_name = 'slots' AND column_name = 'updated_at') AND objoid = (SELECT oid FROM pg_catalog.pg_class WHERE relname = 'slots' AND relnamespace = (SELECT oid FROM pg_catalog.pg_namespace WHERE nspname = CURRENT_SCHEMA()))

2025/02/13 14:38:50 /home/bryan/repos/skripsi/backend/setup/setup.go:78
[3.048ms] [rows:0] SELECT description FROM pg_catalog.pg_description WHERE objsubid = (SELECT ordinal_position FROM information_schema.columns WHERE table_schema = CURRENT_SCHEMA() AND table_name = 'slots' AND column_name = 'deleted_at') AND objoid = (SELECT oid FROM pg_catalog.pg_class WHERE relname = 'slots' AND relnamespace = (SELECT oid FROM pg_catalog.pg_namespace WHERE nspname = CURRENT_SCHEMA()))

2025/02/13 14:38:50 /home/bryan/repos/skripsi/backend/setup/setup.go:78
[3.019ms] [rows:0] SELECT description FROM pg_catalog.pg_description WHERE objsubid = (SELECT ordinal_position FROM information_schema.columns WHERE table_schema = CURRENT_SCHEMA() AND table_name = 'slots' AND column_name = 'daycare_id') AND objoid = (SELECT oid FROM pg_catalog.pg_class WHERE relname = 'slots' AND relnamespace = (SELECT oid FROM pg_catalog.pg_namespace WHERE nspname = CURRENT_SCHEMA()))

2025/02/13 14:38:50 /home/bryan/repos/skripsi/backend/setup/setup.go:78
[3.167ms] [rows:0] SELECT description FROM pg_catalog.pg_description WHERE objsubid = (SELECT ordinal_position FROM information_schema.columns WHERE table_schema = CURRENT_SCHEMA() AND table_name = 'slots' AND column_name = 'species_id') AND objoid = (SELECT oid FROM pg_catalog.pg_class WHERE relname = 'slots' AND relnamespace = (SELECT oid FROM pg_catalog.pg_namespace WHERE nspname = CURRENT_SCHEMA()))

2025/02/13 14:38:50 /home/bryan/repos/skripsi/backend/setup/setup.go:78
[3.217ms] [rows:0] SELECT description FROM pg_catalog.pg_description WHERE objsubid = (SELECT ordinal_position FROM information_schema.columns WHERE table_schema = CURRENT_SCHEMA() AND table_name = 'slots' AND column_name = 'size_category_id') AND objoid = (SELECT oid FROM pg_catalog.pg_class WHERE relname = 'slots' AND relnamespace = (SELECT oid FROM pg_catalog.pg_namespace WHERE nspname = CURRENT_SCHEMA()))

2025/02/13 14:38:50 /home/bryan/repos/skripsi/backend/setup/setup.go:78
[2.895ms] [rows:0] SELECT description FROM pg_catalog.pg_description WHERE objsubid = (SELECT ordinal_position FROM information_schema.columns WHERE table_schema = CURRENT_SCHEMA() AND table_name = 'slots' AND column_name = 'max_number') AND objoid = (SELECT oid FROM pg_catalog.pg_class WHERE relname = 'slots' AND relnamespace = (SELECT oid FROM pg_catalog.pg_namespace WHERE nspname = CURRENT_SCHEMA()))

2025/02/13 14:38:50 /home/bryan/repos/skripsi/backend/setup/setup.go:78
[2.351ms] [rows:1] SELECT count(*) FROM INFORMATION_SCHEMA.table_constraints WHERE table_schema = CURRENT_SCHEMA() AND table_name = 'slots' AND constraint_name = 'fk_pet_daycares_slots'

2025/02/13 14:38:50 /home/bryan/repos/skripsi/backend/setup/setup.go:78
[5.021ms] [rows:1] SELECT count(*) FROM pg_indexes WHERE tablename = 'slots' AND indexname = 'idx_slots_deleted_at' AND schemaname = CURRENT_SCHEMA()

2025/02/13 14:38:50 /home/bryan/repos/skripsi/backend/setup/setup.go:78
[2.287ms] [rows:1] SELECT count(*) FROM information_schema.tables WHERE table_schema = CURRENT_SCHEMA() AND table_name = 'booked_slots' AND table_type = 'BASE TABLE'

2025/02/13 14:38:50 /home/bryan/repos/skripsi/backend/setup/setup.go:78
[1.700ms] [rows:1] SELECT CURRENT_DATABASE()

2025/02/13 14:38:50 /home/bryan/repos/skripsi/backend/setup/setup.go:78
[7.303ms] [rows:-] SELECT c.column_name, c.is_nullable = 'YES', c.udt_name, c.character_maximum_length, c.numeric_precision, c.numeric_precision_radix, c.numeric_scale, c.datetime_precision, 8 * typlen, c.column_default, pd.description, c.identity_increment FROM information_schema.columns AS c JOIN pg_type AS pgt ON c.udt_name = pgt.typname LEFT JOIN pg_catalog.pg_description as pd ON pd.objsubid = c.ordinal_position AND pd.objoid = (SELECT oid FROM pg_catalog.pg_class WHERE relname = c.table_name AND relnamespace = (SELECT oid FROM pg_catalog.pg_namespace WHERE nspname = c.table_schema)) where table_catalog = $1$ AND table_schema = CURRENT_SCHEMA() AND table_name = $2$

2025/02/13 14:38:51 /home/bryan/repos/skripsi/backend/setup/setup.go:78
[2.436ms] [rows:-] SELECT * FROM "booked_slots" LIMIT $1$

2025/02/13 14:38:51 /home/bryan/repos/skripsi/backend/setup/setup.go:78
[7.959ms] [rows:-] SELECT constraint_name FROM information_schema.table_constraints tc JOIN information_schema.constraint_column_usage AS ccu USING (constraint_schema, constraint_catalog, table_name, constraint_name) JOIN information_schema.columns AS c ON c.table_schema = tc.constraint_schema AND tc.table_name = c.table_name AND ccu.column_name = c.column_name WHERE constraint_type IN ('PRIMARY KEY', 'UNIQUE') AND c.table_catalog = $1$ AND c.table_schema = CURRENT_SCHEMA() AND c.table_name = $2$ AND constraint_type = $3$

2025/02/13 14:38:51 /home/bryan/repos/skripsi/backend/setup/setup.go:78
[13.466ms] [rows:-] SELECT c.column_name, constraint_name, constraint_type FROM information_schema.table_constraints tc JOIN information_schema.constraint_column_usage AS ccu USING (constraint_schema, constraint_catalog, table_name, constraint_name) JOIN information_schema.columns AS c ON c.table_schema = tc.constraint_schema AND tc.table_name = c.table_name AND ccu.column_name = c.column_name WHERE constraint_type IN ('PRIMARY KEY', 'UNIQUE') AND c.table_catalog = $1$ AND c.table_schema = CURRENT_SCHEMA() AND c.table_name = $2$

2025/02/13 14:38:51 /home/bryan/repos/skripsi/backend/setup/setup.go:78
[2.786ms] [rows:-] SELECT a.attname as column_name, format_type(a.atttypid, a.atttypmod) AS data_type
		FROM pg_attribute a JOIN pg_class b ON a.attrelid = b.oid AND relnamespace = (SELECT oid FROM pg_catalog.pg_namespace WHERE nspname = CURRENT_SCHEMA())
		WHERE a.attnum > 0 -- hide internal columns
		AND NOT a.attisdropped -- hide deleted columns
		AND b.relname = $1$

2025/02/13 14:38:51 /home/bryan/repos/skripsi/backend/setup/setup.go:78
[4.130ms] [rows:0] SELECT description FROM pg_catalog.pg_description WHERE objsubid = (SELECT ordinal_position FROM information_schema.columns WHERE table_schema = CURRENT_SCHEMA() AND table_name = 'booked_slots' AND column_name = 'id') AND objoid = (SELECT oid FROM pg_catalog.pg_class WHERE relname = 'booked_slots' AND relnamespace = (SELECT oid FROM pg_catalog.pg_namespace WHERE nspname = CURRENT_SCHEMA()))

2025/02/13 14:38:51 /home/bryan/repos/skripsi/backend/setup/setup.go:78
[4.382ms] [rows:0] SELECT description FROM pg_catalog.pg_description WHERE objsubid = (SELECT ordinal_position FROM information_schema.columns WHERE table_schema = CURRENT_SCHEMA() AND table_name = 'booked_slots' AND column_name = 'created_at') AND objoid = (SELECT oid FROM pg_catalog.pg_class WHERE relname = 'booked_slots' AND relnamespace = (SELECT oid FROM pg_catalog.pg_namespace WHERE nspname = CURRENT_SCHEMA()))

2025/02/13 14:38:51 /home/bryan/repos/skripsi/backend/setup/setup.go:78
[4.013ms] [rows:0] SELECT description FROM pg_catalog.pg_description WHERE objsubid = (SELECT ordinal_position FROM information_schema.columns WHERE table_schema = CURRENT_SCHEMA() AND table_name = 'booked_slots' AND column_name = 'updated_at') AND objoid = (SELECT oid FROM pg_catalog.pg_class WHERE relname = 'booked_slots' AND relnamespace = (SELECT oid FROM pg_catalog.pg_namespace WHERE nspname = CURRENT_SCHEMA()))

2025/02/13 14:38:51 /home/bryan/repos/skripsi/backend/setup/setup.go:78
[4.044ms] [rows:0] SELECT description FROM pg_catalog.pg_description WHERE objsubid = (SELECT ordinal_position FROM information_schema.columns WHERE table_schema = CURRENT_SCHEMA() AND table_name = 'booked_slots' AND column_name = 'deleted_at') AND objoid = (SELECT oid FROM pg_catalog.pg_class WHERE relname = 'booked_slots' AND relnamespace = (SELECT oid FROM pg_catalog.pg_namespace WHERE nspname = CURRENT_SCHEMA()))

2025/02/13 14:38:51 /home/bryan/repos/skripsi/backend/setup/setup.go:78
[3.840ms] [rows:0] SELECT description FROM pg_catalog.pg_description WHERE objsubid = (SELECT ordinal_position FROM information_schema.columns WHERE table_schema = CURRENT_SCHEMA() AND table_name = 'booked_slots' AND column_name = 'user_id') AND objoid = (SELECT oid FROM pg_catalog.pg_class WHERE relname = 'booked_slots' AND relnamespace = (SELECT oid FROM pg_catalog.pg_namespace WHERE nspname = CURRENT_SCHEMA()))

2025/02/13 14:38:51 /home/bryan/repos/skripsi/backend/setup/setup.go:78
[4.068ms] [rows:0] SELECT description FROM pg_catalog.pg_description WHERE objsubid = (SELECT ordinal_position FROM information_schema.columns WHERE table_schema = CURRENT_SCHEMA() AND table_name = 'booked_slots' AND column_name = 'daycare_id') AND objoid = (SELECT oid FROM pg_catalog.pg_class WHERE relname = 'booked_slots' AND relnamespace = (SELECT oid FROM pg_catalog.pg_namespace WHERE nspname = CURRENT_SCHEMA()))

2025/02/13 14:38:51 /home/bryan/repos/skripsi/backend/setup/setup.go:78
[3.660ms] [rows:0] SELECT description FROM pg_catalog.pg_description WHERE objsubid = (SELECT ordinal_position FROM information_schema.columns WHERE table_schema = CURRENT_SCHEMA() AND table_name = 'booked_slots' AND column_name = 'pet_id') AND objoid = (SELECT oid FROM pg_catalog.pg_class WHERE relname = 'booked_slots' AND relnamespace = (SELECT oid FROM pg_catalog.pg_namespace WHERE nspname = CURRENT_SCHEMA()))

2025/02/13 14:38:51 /home/bryan/repos/skripsi/backend/setup/setup.go:78
[3.432ms] [rows:0] SELECT description FROM pg_catalog.pg_description WHERE objsubid = (SELECT ordinal_position FROM information_schema.columns WHERE table_schema = CURRENT_SCHEMA() AND table_name = 'booked_slots' AND column_name = 'start_date') AND objoid = (SELECT oid FROM pg_catalog.pg_class WHERE relname = 'booked_slots' AND relnamespace = (SELECT oid FROM pg_catalog.pg_namespace WHERE nspname = CURRENT_SCHEMA()))

2025/02/13 14:38:51 /home/bryan/repos/skripsi/backend/setup/setup.go:78
[3.156ms] [rows:0] SELECT description FROM pg_catalog.pg_description WHERE objsubid = (SELECT ordinal_position FROM information_schema.columns WHERE table_schema = CURRENT_SCHEMA() AND table_name = 'booked_slots' AND column_name = 'end_date') AND objoid = (SELECT oid FROM pg_catalog.pg_class WHERE relname = 'booked_slots' AND relnamespace = (SELECT oid FROM pg_catalog.pg_namespace WHERE nspname = CURRENT_SCHEMA()))

2025/02/13 14:38:51 /home/bryan/repos/skripsi/backend/setup/setup.go:78
[2.456ms] [rows:1] SELECT count(*) FROM INFORMATION_SCHEMA.table_constraints WHERE table_schema = CURRENT_SCHEMA() AND table_name = 'booked_slots' AND constraint_name = 'fk_pets_booked_slots'

2025/02/13 14:38:51 /home/bryan/repos/skripsi/backend/setup/setup.go:78
[2.503ms] [rows:1] SELECT count(*) FROM INFORMATION_SCHEMA.table_constraints WHERE table_schema = CURRENT_SCHEMA() AND table_name = 'booked_slots' AND constraint_name = 'fk_pet_daycares_booked_slots'

2025/02/13 14:38:51 /home/bryan/repos/skripsi/backend/setup/setup.go:78
[2.292ms] [rows:1] SELECT count(*) FROM INFORMATION_SCHEMA.table_constraints WHERE table_schema = CURRENT_SCHEMA() AND table_name = 'booked_slots' AND constraint_name = 'fk_booked_slots_user'

2025/02/13 14:38:51 /home/bryan/repos/skripsi/backend/setup/setup.go:78
[5.272ms] [rows:1] SELECT count(*) FROM pg_indexes WHERE tablename = 'booked_slots' AND indexname = 'idx_booked_slots_deleted_at' AND schemaname = CURRENT_SCHEMA()

2025/02/13 14:38:51 /home/bryan/repos/skripsi/backend/setup/setup.go:78
[2.183ms] [rows:1] SELECT count(*) FROM information_schema.tables WHERE table_schema = CURRENT_SCHEMA() AND table_name = 'thumbnails' AND table_type = 'BASE TABLE'

2025/02/13 14:38:51 /home/bryan/repos/skripsi/backend/setup/setup.go:78
[1.711ms] [rows:1] SELECT CURRENT_DATABASE()

2025/02/13 14:38:51 /home/bryan/repos/skripsi/backend/setup/setup.go:78
[6.267ms] [rows:-] SELECT c.column_name, c.is_nullable = 'YES', c.udt_name, c.character_maximum_length, c.numeric_precision, c.numeric_precision_radix, c.numeric_scale, c.datetime_precision, 8 * typlen, c.column_default, pd.description, c.identity_increment FROM information_schema.columns AS c JOIN pg_type AS pgt ON c.udt_name = pgt.typname LEFT JOIN pg_catalog.pg_description as pd ON pd.objsubid = c.ordinal_position AND pd.objoid = (SELECT oid FROM pg_catalog.pg_class WHERE relname = c.table_name AND relnamespace = (SELECT oid FROM pg_catalog.pg_namespace WHERE nspname = c.table_schema)) where table_catalog = $1$ AND table_schema = CURRENT_SCHEMA() AND table_name = $2$

2025/02/13 14:38:51 /home/bryan/repos/skripsi/backend/setup/setup.go:78
[2.403ms] [rows:-] SELECT * FROM "thumbnails" LIMIT $1$

2025/02/13 14:38:51 /home/bryan/repos/skripsi/backend/setup/setup.go:78
[5.262ms] [rows:-] SELECT constraint_name FROM information_schema.table_constraints tc JOIN information_schema.constraint_column_usage AS ccu USING (constraint_schema, constraint_catalog, table_name, constraint_name) JOIN information_schema.columns AS c ON c.table_schema = tc.constraint_schema AND tc.table_name = c.table_name AND ccu.column_name = c.column_name WHERE constraint_type IN ('PRIMARY KEY', 'UNIQUE') AND c.table_catalog = $1$ AND c.table_schema = CURRENT_SCHEMA() AND c.table_name = $2$ AND constraint_type = $3$

2025/02/13 14:38:51 /home/bryan/repos/skripsi/backend/setup/setup.go:78
[5.250ms] [rows:-] SELECT c.column_name, constraint_name, constraint_type FROM information_schema.table_constraints tc JOIN information_schema.constraint_column_usage AS ccu USING (constraint_schema, constraint_catalog, table_name, constraint_name) JOIN information_schema.columns AS c ON c.table_schema = tc.constraint_schema AND tc.table_name = c.table_name AND ccu.column_name = c.column_name WHERE constraint_type IN ('PRIMARY KEY', 'UNIQUE') AND c.table_catalog = $1$ AND c.table_schema = CURRENT_SCHEMA() AND c.table_name = $2$

2025/02/13 14:38:51 /home/bryan/repos/skripsi/backend/setup/setup.go:78
[2.088ms] [rows:-] SELECT a.attname as column_name, format_type(a.atttypid, a.atttypmod) AS data_type
		FROM pg_attribute a JOIN pg_class b ON a.attrelid = b.oid AND relnamespace = (SELECT oid FROM pg_catalog.pg_namespace WHERE nspname = CURRENT_SCHEMA())
		WHERE a.attnum > 0 -- hide internal columns
		AND NOT a.attisdropped -- hide deleted columns
		AND b.relname = $1$

2025/02/13 14:38:51 /home/bryan/repos/skripsi/backend/setup/setup.go:78
[3.462ms] [rows:0] SELECT description FROM pg_catalog.pg_description WHERE objsubid = (SELECT ordinal_position FROM information_schema.columns WHERE table_schema = CURRENT_SCHEMA() AND table_name = 'thumbnails' AND column_name = 'id') AND objoid = (SELECT oid FROM pg_catalog.pg_class WHERE relname = 'thumbnails' AND relnamespace = (SELECT oid FROM pg_catalog.pg_namespace WHERE nspname = CURRENT_SCHEMA()))

2025/02/13 14:38:51 /home/bryan/repos/skripsi/backend/setup/setup.go:78
[3.379ms] [rows:0] SELECT description FROM pg_catalog.pg_description WHERE objsubid = (SELECT ordinal_position FROM information_schema.columns WHERE table_schema = CURRENT_SCHEMA() AND table_name = 'thumbnails' AND column_name = 'daycare_id') AND objoid = (SELECT oid FROM pg_catalog.pg_class WHERE relname = 'thumbnails' AND relnamespace = (SELECT oid FROM pg_catalog.pg_namespace WHERE nspname = CURRENT_SCHEMA()))

2025/02/13 14:38:51 /home/bryan/repos/skripsi/backend/setup/setup.go:78
[3.206ms] [rows:0] SELECT description FROM pg_catalog.pg_description WHERE objsubid = (SELECT ordinal_position FROM information_schema.columns WHERE table_schema = CURRENT_SCHEMA() AND table_name = 'thumbnails' AND column_name = 'image_url') AND objoid = (SELECT oid FROM pg_catalog.pg_class WHERE relname = 'thumbnails' AND relnamespace = (SELECT oid FROM pg_catalog.pg_namespace WHERE nspname = CURRENT_SCHEMA()))

2025/02/13 14:38:51 /home/bryan/repos/skripsi/backend/setup/setup.go:78
[2.813ms] [rows:1] SELECT count(*) FROM INFORMATION_SCHEMA.table_constraints WHERE table_schema = CURRENT_SCHEMA() AND table_name = 'thumbnails' AND constraint_name = 'fk_pet_daycares_thumbnails'

2025/02/13 14:38:51 /home/bryan/repos/skripsi/backend/setup/setup.go:78
[2.273ms] [rows:1] SELECT count(*) FROM information_schema.tables WHERE table_schema = CURRENT_SCHEMA() AND table_name = 'reviews' AND table_type = 'BASE TABLE'

2025/02/13 14:38:51 /home/bryan/repos/skripsi/backend/setup/setup.go:78
[1.857ms] [rows:1] SELECT CURRENT_DATABASE()

2025/02/13 14:38:51 /home/bryan/repos/skripsi/backend/setup/setup.go:78
[8.118ms] [rows:-] SELECT c.column_name, c.is_nullable = 'YES', c.udt_name, c.character_maximum_length, c.numeric_precision, c.numeric_precision_radix, c.numeric_scale, c.datetime_precision, 8 * typlen, c.column_default, pd.description, c.identity_increment FROM information_schema.columns AS c JOIN pg_type AS pgt ON c.udt_name = pgt.typname LEFT JOIN pg_catalog.pg_description as pd ON pd.objsubid = c.ordinal_position AND pd.objoid = (SELECT oid FROM pg_catalog.pg_class WHERE relname = c.table_name AND relnamespace = (SELECT oid FROM pg_catalog.pg_namespace WHERE nspname = c.table_schema)) where table_catalog = $1$ AND table_schema = CURRENT_SCHEMA() AND table_name = $2$

2025/02/13 14:38:51 /home/bryan/repos/skripsi/backend/setup/setup.go:78
[2.315ms] [rows:-] SELECT * FROM "reviews" LIMIT $1$

2025/02/13 14:38:51 /home/bryan/repos/skripsi/backend/setup/setup.go:78
[6.065ms] [rows:-] SELECT constraint_name FROM information_schema.table_constraints tc JOIN information_schema.constraint_column_usage AS ccu USING (constraint_schema, constraint_catalog, table_name, constraint_name) JOIN information_schema.columns AS c ON c.table_schema = tc.constraint_schema AND tc.table_name = c.table_name AND ccu.column_name = c.column_name WHERE constraint_type IN ('PRIMARY KEY', 'UNIQUE') AND c.table_catalog = $1$ AND c.table_schema = CURRENT_SCHEMA() AND c.table_name = $2$ AND constraint_type = $3$

2025/02/13 14:38:51 /home/bryan/repos/skripsi/backend/setup/setup.go:78
[6.143ms] [rows:-] SELECT c.column_name, constraint_name, constraint_type FROM information_schema.table_constraints tc JOIN information_schema.constraint_column_usage AS ccu USING (constraint_schema, constraint_catalog, table_name, constraint_name) JOIN information_schema.columns AS c ON c.table_schema = tc.constraint_schema AND tc.table_name = c.table_name AND ccu.column_name = c.column_name WHERE constraint_type IN ('PRIMARY KEY', 'UNIQUE') AND c.table_catalog = $1$ AND c.table_schema = CURRENT_SCHEMA() AND c.table_name = $2$

2025/02/13 14:38:51 /home/bryan/repos/skripsi/backend/setup/setup.go:78
[2.077ms] [rows:-] SELECT a.attname as column_name, format_type(a.atttypid, a.atttypmod) AS data_type
		FROM pg_attribute a JOIN pg_class b ON a.attrelid = b.oid AND relnamespace = (SELECT oid FROM pg_catalog.pg_namespace WHERE nspname = CURRENT_SCHEMA())
		WHERE a.attnum > 0 -- hide internal columns
		AND NOT a.attisdropped -- hide deleted columns
		AND b.relname = $1$

2025/02/13 14:38:51 /home/bryan/repos/skripsi/backend/setup/setup.go:78
[3.286ms] [rows:0] SELECT description FROM pg_catalog.pg_description WHERE objsubid = (SELECT ordinal_position FROM information_schema.columns WHERE table_schema = CURRENT_SCHEMA() AND table_name = 'reviews' AND column_name = 'id') AND objoid = (SELECT oid FROM pg_catalog.pg_class WHERE relname = 'reviews' AND relnamespace = (SELECT oid FROM pg_catalog.pg_namespace WHERE nspname = CURRENT_SCHEMA()))

2025/02/13 14:38:51 /home/bryan/repos/skripsi/backend/setup/setup.go:78
[4.042ms] [rows:0] SELECT description FROM pg_catalog.pg_description WHERE objsubid = (SELECT ordinal_position FROM information_schema.columns WHERE table_schema = CURRENT_SCHEMA() AND table_name = 'reviews' AND column_name = 'created_at') AND objoid = (SELECT oid FROM pg_catalog.pg_class WHERE relname = 'reviews' AND relnamespace = (SELECT oid FROM pg_catalog.pg_namespace WHERE nspname = CURRENT_SCHEMA()))

2025/02/13 14:38:51 /home/bryan/repos/skripsi/backend/setup/setup.go:78
[3.115ms] [rows:0] SELECT description FROM pg_catalog.pg_description WHERE objsubid = (SELECT ordinal_position FROM information_schema.columns WHERE table_schema = CURRENT_SCHEMA() AND table_name = 'reviews' AND column_name = 'updated_at') AND objoid = (SELECT oid FROM pg_catalog.pg_class WHERE relname = 'reviews' AND relnamespace = (SELECT oid FROM pg_catalog.pg_namespace WHERE nspname = CURRENT_SCHEMA()))

2025/02/13 14:38:51 /home/bryan/repos/skripsi/backend/setup/setup.go:78
[3.227ms] [rows:0] SELECT description FROM pg_catalog.pg_description WHERE objsubid = (SELECT ordinal_position FROM information_schema.columns WHERE table_schema = CURRENT_SCHEMA() AND table_name = 'reviews' AND column_name = 'deleted_at') AND objoid = (SELECT oid FROM pg_catalog.pg_class WHERE relname = 'reviews' AND relnamespace = (SELECT oid FROM pg_catalog.pg_namespace WHERE nspname = CURRENT_SCHEMA()))

2025/02/13 14:38:51 /home/bryan/repos/skripsi/backend/setup/setup.go:78
[3.190ms] [rows:0] SELECT description FROM pg_catalog.pg_description WHERE objsubid = (SELECT ordinal_position FROM information_schema.columns WHERE table_schema = CURRENT_SCHEMA() AND table_name = 'reviews' AND column_name = 'daycare_id') AND objoid = (SELECT oid FROM pg_catalog.pg_class WHERE relname = 'reviews' AND relnamespace = (SELECT oid FROM pg_catalog.pg_namespace WHERE nspname = CURRENT_SCHEMA()))

2025/02/13 14:38:51 /home/bryan/repos/skripsi/backend/setup/setup.go:78
[3.156ms] [rows:0] SELECT description FROM pg_catalog.pg_description WHERE objsubid = (SELECT ordinal_position FROM information_schema.columns WHERE table_schema = CURRENT_SCHEMA() AND table_name = 'reviews' AND column_name = 'user_id') AND objoid = (SELECT oid FROM pg_catalog.pg_class WHERE relname = 'reviews' AND relnamespace = (SELECT oid FROM pg_catalog.pg_namespace WHERE nspname = CURRENT_SCHEMA()))

2025/02/13 14:38:51 /home/bryan/repos/skripsi/backend/setup/setup.go:78
[3.184ms] [rows:0] SELECT description FROM pg_catalog.pg_description WHERE objsubid = (SELECT ordinal_position FROM information_schema.columns WHERE table_schema = CURRENT_SCHEMA() AND table_name = 'reviews' AND column_name = 'name') AND objoid = (SELECT oid FROM pg_catalog.pg_class WHERE relname = 'reviews' AND relnamespace = (SELECT oid FROM pg_catalog.pg_namespace WHERE nspname = CURRENT_SCHEMA()))

2025/02/13 14:38:51 /home/bryan/repos/skripsi/backend/setup/setup.go:78
[3.271ms] [rows:0] SELECT description FROM pg_catalog.pg_description WHERE objsubid = (SELECT ordinal_position FROM information_schema.columns WHERE table_schema = CURRENT_SCHEMA() AND table_name = 'reviews' AND column_name = 'rate') AND objoid = (SELECT oid FROM pg_catalog.pg_class WHERE relname = 'reviews' AND relnamespace = (SELECT oid FROM pg_catalog.pg_namespace WHERE nspname = CURRENT_SCHEMA()))

2025/02/13 14:38:51 /home/bryan/repos/skripsi/backend/setup/setup.go:78
[3.088ms] [rows:0] SELECT description FROM pg_catalog.pg_description WHERE objsubid = (SELECT ordinal_position FROM information_schema.columns WHERE table_schema = CURRENT_SCHEMA() AND table_name = 'reviews' AND column_name = 'description') AND objoid = (SELECT oid FROM pg_catalog.pg_class WHERE relname = 'reviews' AND relnamespace = (SELECT oid FROM pg_catalog.pg_namespace WHERE nspname = CURRENT_SCHEMA()))

2025/02/13 14:38:51 /home/bryan/repos/skripsi/backend/setup/setup.go:78
[2.718ms] [rows:1] SELECT count(*) FROM INFORMATION_SCHEMA.table_constraints WHERE table_schema = CURRENT_SCHEMA() AND table_name = 'reviews' AND constraint_name = 'fk_pet_daycares_reviews'

2025/02/13 14:38:51 /home/bryan/repos/skripsi/backend/setup/setup.go:78
[2.545ms] [rows:1] SELECT count(*) FROM INFORMATION_SCHEMA.table_constraints WHERE table_schema = CURRENT_SCHEMA() AND table_name = 'reviews' AND constraint_name = 'fk_users_reviews'

2025/02/13 14:38:51 /home/bryan/repos/skripsi/backend/setup/setup.go:78
[5.477ms] [rows:1] SELECT count(*) FROM pg_indexes WHERE tablename = 'reviews' AND indexname = 'idx_reviews_deleted_at' AND schemaname = CURRENT_SCHEMA()

2025/02/13 14:38:51 /home/bryan/repos/skripsi/backend/setup/setup.go:78
[2.318ms] [rows:1] SELECT count(*) FROM information_schema.tables WHERE table_schema = CURRENT_SCHEMA() AND table_name = 'refresh_tokens' AND table_type = 'BASE TABLE'

2025/02/13 14:38:51 /home/bryan/repos/skripsi/backend/setup/setup.go:78
[1.730ms] [rows:1] SELECT CURRENT_DATABASE()

2025/02/13 14:38:51 /home/bryan/repos/skripsi/backend/setup/setup.go:78
[7.709ms] [rows:-] SELECT c.column_name, c.is_nullable = 'YES', c.udt_name, c.character_maximum_length, c.numeric_precision, c.numeric_precision_radix, c.numeric_scale, c.datetime_precision, 8 * typlen, c.column_default, pd.description, c.identity_increment FROM information_schema.columns AS c JOIN pg_type AS pgt ON c.udt_name = pgt.typname LEFT JOIN pg_catalog.pg_description as pd ON pd.objsubid = c.ordinal_position AND pd.objoid = (SELECT oid FROM pg_catalog.pg_class WHERE relname = c.table_name AND relnamespace = (SELECT oid FROM pg_catalog.pg_namespace WHERE nspname = c.table_schema)) where table_catalog = $1$ AND table_schema = CURRENT_SCHEMA() AND table_name = $2$

2025/02/13 14:38:51 /home/bryan/repos/skripsi/backend/setup/setup.go:78
[3.071ms] [rows:-] SELECT * FROM "refresh_tokens" LIMIT $1$

2025/02/13 14:38:51 /home/bryan/repos/skripsi/backend/setup/setup.go:78
[6.165ms] [rows:-] SELECT constraint_name FROM information_schema.table_constraints tc JOIN information_schema.constraint_column_usage AS ccu USING (constraint_schema, constraint_catalog, table_name, constraint_name) JOIN information_schema.columns AS c ON c.table_schema = tc.constraint_schema AND tc.table_name = c.table_name AND ccu.column_name = c.column_name WHERE constraint_type IN ('PRIMARY KEY', 'UNIQUE') AND c.table_catalog = $1$ AND c.table_schema = CURRENT_SCHEMA() AND c.table_name = $2$ AND constraint_type = $3$

2025/02/13 14:38:51 /home/bryan/repos/skripsi/backend/setup/setup.go:78
[6.332ms] [rows:-] SELECT c.column_name, constraint_name, constraint_type FROM information_schema.table_constraints tc JOIN information_schema.constraint_column_usage AS ccu USING (constraint_schema, constraint_catalog, table_name, constraint_name) JOIN information_schema.columns AS c ON c.table_schema = tc.constraint_schema AND tc.table_name = c.table_name AND ccu.column_name = c.column_name WHERE constraint_type IN ('PRIMARY KEY', 'UNIQUE') AND c.table_catalog = $1$ AND c.table_schema = CURRENT_SCHEMA() AND c.table_name = $2$

2025/02/13 14:38:51 /home/bryan/repos/skripsi/backend/setup/setup.go:78
[2.170ms] [rows:-] SELECT a.attname as column_name, format_type(a.atttypid, a.atttypmod) AS data_type
		FROM pg_attribute a JOIN pg_class b ON a.attrelid = b.oid AND relnamespace = (SELECT oid FROM pg_catalog.pg_namespace WHERE nspname = CURRENT_SCHEMA())
		WHERE a.attnum > 0 -- hide internal columns
		AND NOT a.attisdropped -- hide deleted columns
		AND b.relname = $1$

2025/02/13 14:38:51 /home/bryan/repos/skripsi/backend/setup/setup.go:78
[3.137ms] [rows:0] SELECT description FROM pg_catalog.pg_description WHERE objsubid = (SELECT ordinal_position FROM information_schema.columns WHERE table_schema = CURRENT_SCHEMA() AND table_name = 'refresh_tokens' AND column_name = 'id') AND objoid = (SELECT oid FROM pg_catalog.pg_class WHERE relname = 'refresh_tokens' AND relnamespace = (SELECT oid FROM pg_catalog.pg_namespace WHERE nspname = CURRENT_SCHEMA()))

2025/02/13 14:38:51 /home/bryan/repos/skripsi/backend/setup/setup.go:78
[3.284ms] [rows:0] SELECT description FROM pg_catalog.pg_description WHERE objsubid = (SELECT ordinal_position FROM information_schema.columns WHERE table_schema = CURRENT_SCHEMA() AND table_name = 'refresh_tokens' AND column_name = 'created_at') AND objoid = (SELECT oid FROM pg_catalog.pg_class WHERE relname = 'refresh_tokens' AND relnamespace = (SELECT oid FROM pg_catalog.pg_namespace WHERE nspname = CURRENT_SCHEMA()))

2025/02/13 14:38:51 /home/bryan/repos/skripsi/backend/setup/setup.go:78
[3.360ms] [rows:0] SELECT description FROM pg_catalog.pg_description WHERE objsubid = (SELECT ordinal_position FROM information_schema.columns WHERE table_schema = CURRENT_SCHEMA() AND table_name = 'refresh_tokens' AND column_name = 'updated_at') AND objoid = (SELECT oid FROM pg_catalog.pg_class WHERE relname = 'refresh_tokens' AND relnamespace = (SELECT oid FROM pg_catalog.pg_namespace WHERE nspname = CURRENT_SCHEMA()))

2025/02/13 14:38:51 /home/bryan/repos/skripsi/backend/setup/setup.go:78
[3.158ms] [rows:0] SELECT description FROM pg_catalog.pg_description WHERE objsubid = (SELECT ordinal_position FROM information_schema.columns WHERE table_schema = CURRENT_SCHEMA() AND table_name = 'refresh_tokens' AND column_name = 'deleted_at') AND objoid = (SELECT oid FROM pg_catalog.pg_class WHERE relname = 'refresh_tokens' AND relnamespace = (SELECT oid FROM pg_catalog.pg_namespace WHERE nspname = CURRENT_SCHEMA()))

2025/02/13 14:38:51 /home/bryan/repos/skripsi/backend/setup/setup.go:78
[3.112ms] [rows:0] SELECT description FROM pg_catalog.pg_description WHERE objsubid = (SELECT ordinal_position FROM information_schema.columns WHERE table_schema = CURRENT_SCHEMA() AND table_name = 'refresh_tokens' AND column_name = 'user_id') AND objoid = (SELECT oid FROM pg_catalog.pg_class WHERE relname = 'refresh_tokens' AND relnamespace = (SELECT oid FROM pg_catalog.pg_namespace WHERE nspname = CURRENT_SCHEMA()))

2025/02/13 14:38:51 /home/bryan/repos/skripsi/backend/setup/setup.go:78
[3.127ms] [rows:0] SELECT description FROM pg_catalog.pg_description WHERE objsubid = (SELECT ordinal_position FROM information_schema.columns WHERE table_schema = CURRENT_SCHEMA() AND table_name = 'refresh_tokens' AND column_name = 'token') AND objoid = (SELECT oid FROM pg_catalog.pg_class WHERE relname = 'refresh_tokens' AND relnamespace = (SELECT oid FROM pg_catalog.pg_namespace WHERE nspname = CURRENT_SCHEMA()))

2025/02/13 14:38:51 /home/bryan/repos/skripsi/backend/setup/setup.go:78
[3.078ms] [rows:0] SELECT description FROM pg_catalog.pg_description WHERE objsubid = (SELECT ordinal_position FROM information_schema.columns WHERE table_schema = CURRENT_SCHEMA() AND table_name = 'refresh_tokens' AND column_name = 'expires_at') AND objoid = (SELECT oid FROM pg_catalog.pg_class WHERE relname = 'refresh_tokens' AND relnamespace = (SELECT oid FROM pg_catalog.pg_namespace WHERE nspname = CURRENT_SCHEMA()))

2025/02/13 14:38:51 /home/bryan/repos/skripsi/backend/setup/setup.go:78
[2.175ms] [rows:1] SELECT count(*) FROM pg_indexes WHERE tablename = 'refresh_tokens' AND indexname = 'idx_refresh_tokens_deleted_at' AND schemaname = CURRENT_SCHEMA()

2025/02/13 14:38:51 /home/bryan/repos/skripsi/backend/setup/setup.go:78
[2.214ms] [rows:1] SELECT count(*) FROM pg_indexes WHERE tablename = 'refresh_tokens' AND indexname = 'idx_refresh_tokens_user_id' AND schemaname = CURRENT_SCHEMA()

2025/02/13 14:38:51 /home/bryan/repos/skripsi/backend/setup/setup.go:78
[2.284ms] [rows:1] SELECT count(*) FROM information_schema.tables WHERE table_schema = CURRENT_SCHEMA() AND table_name = 'transactions' AND table_type = 'BASE TABLE'

2025/02/13 14:38:51 /home/bryan/repos/skripsi/backend/setup/setup.go:78
[1.517ms] [rows:1] SELECT CURRENT_DATABASE()

2025/02/13 14:38:51 /home/bryan/repos/skripsi/backend/setup/setup.go:78
[6.665ms] [rows:-] SELECT c.column_name, c.is_nullable = 'YES', c.udt_name, c.character_maximum_length, c.numeric_precision, c.numeric_precision_radix, c.numeric_scale, c.datetime_precision, 8 * typlen, c.column_default, pd.description, c.identity_increment FROM information_schema.columns AS c JOIN pg_type AS pgt ON c.udt_name = pgt.typname LEFT JOIN pg_catalog.pg_description as pd ON pd.objsubid = c.ordinal_position AND pd.objoid = (SELECT oid FROM pg_catalog.pg_class WHERE relname = c.table_name AND relnamespace = (SELECT oid FROM pg_catalog.pg_namespace WHERE nspname = c.table_schema)) where table_catalog = $1$ AND table_schema = CURRENT_SCHEMA() AND table_name = $2$

2025/02/13 14:38:51 /home/bryan/repos/skripsi/backend/setup/setup.go:78
[2.202ms] [rows:-] SELECT * FROM "transactions" LIMIT $1$

2025/02/13 14:38:51 /home/bryan/repos/skripsi/backend/setup/setup.go:78
[5.575ms] [rows:-] SELECT constraint_name FROM information_schema.table_constraints tc JOIN information_schema.constraint_column_usage AS ccu USING (constraint_schema, constraint_catalog, table_name, constraint_name) JOIN information_schema.columns AS c ON c.table_schema = tc.constraint_schema AND tc.table_name = c.table_name AND ccu.column_name = c.column_name WHERE constraint_type IN ('PRIMARY KEY', 'UNIQUE') AND c.table_catalog = $1$ AND c.table_schema = CURRENT_SCHEMA() AND c.table_name = $2$ AND constraint_type = $3$

2025/02/13 14:38:51 /home/bryan/repos/skripsi/backend/setup/setup.go:78
[5.551ms] [rows:-] SELECT c.column_name, constraint_name, constraint_type FROM information_schema.table_constraints tc JOIN information_schema.constraint_column_usage AS ccu USING (constraint_schema, constraint_catalog, table_name, constraint_name) JOIN information_schema.columns AS c ON c.table_schema = tc.constraint_schema AND tc.table_name = c.table_name AND ccu.column_name = c.column_name WHERE constraint_type IN ('PRIMARY KEY', 'UNIQUE') AND c.table_catalog = $1$ AND c.table_schema = CURRENT_SCHEMA() AND c.table_name = $2$

2025/02/13 14:38:51 /home/bryan/repos/skripsi/backend/setup/setup.go:78
[2.124ms] [rows:-] SELECT a.attname as column_name, format_type(a.atttypid, a.atttypmod) AS data_type
		FROM pg_attribute a JOIN pg_class b ON a.attrelid = b.oid AND relnamespace = (SELECT oid FROM pg_catalog.pg_namespace WHERE nspname = CURRENT_SCHEMA())
		WHERE a.attnum > 0 -- hide internal columns
		AND NOT a.attisdropped -- hide deleted columns
		AND b.relname = $1$

2025/02/13 14:38:51 /home/bryan/repos/skripsi/backend/setup/setup.go:78
[3.137ms] [rows:0] SELECT description FROM pg_catalog.pg_description WHERE objsubid = (SELECT ordinal_position FROM information_schema.columns WHERE table_schema = CURRENT_SCHEMA() AND table_name = 'transactions' AND column_name = 'id') AND objoid = (SELECT oid FROM pg_catalog.pg_class WHERE relname = 'transactions' AND relnamespace = (SELECT oid FROM pg_catalog.pg_namespace WHERE nspname = CURRENT_SCHEMA()))

2025/02/13 14:38:51 /home/bryan/repos/skripsi/backend/setup/setup.go:78
[2.876ms] [rows:0] SELECT description FROM pg_catalog.pg_description WHERE objsubid = (SELECT ordinal_position FROM information_schema.columns WHERE table_schema = CURRENT_SCHEMA() AND table_name = 'transactions' AND column_name = 'created_at') AND objoid = (SELECT oid FROM pg_catalog.pg_class WHERE relname = 'transactions' AND relnamespace = (SELECT oid FROM pg_catalog.pg_namespace WHERE nspname = CURRENT_SCHEMA()))

2025/02/13 14:38:51 /home/bryan/repos/skripsi/backend/setup/setup.go:78
[2.962ms] [rows:0] SELECT description FROM pg_catalog.pg_description WHERE objsubid = (SELECT ordinal_position FROM information_schema.columns WHERE table_schema = CURRENT_SCHEMA() AND table_name = 'transactions' AND column_name = 'pet_daycare_id') AND objoid = (SELECT oid FROM pg_catalog.pg_class WHERE relname = 'transactions' AND relnamespace = (SELECT oid FROM pg_catalog.pg_namespace WHERE nspname = CURRENT_SCHEMA()))

2025/02/13 14:38:51 /home/bryan/repos/skripsi/backend/setup/setup.go:78
[3.154ms] [rows:0] SELECT description FROM pg_catalog.pg_description WHERE objsubid = (SELECT ordinal_position FROM information_schema.columns WHERE table_schema = CURRENT_SCHEMA() AND table_name = 'transactions' AND column_name = 'booked_slot_id') AND objoid = (SELECT oid FROM pg_catalog.pg_class WHERE relname = 'transactions' AND relnamespace = (SELECT oid FROM pg_catalog.pg_namespace WHERE nspname = CURRENT_SCHEMA()))

2025/02/13 14:38:51 /home/bryan/repos/skripsi/backend/setup/setup.go:78
[3.119ms] [rows:0] SELECT description FROM pg_catalog.pg_description WHERE objsubid = (SELECT ordinal_position FROM information_schema.columns WHERE table_schema = CURRENT_SCHEMA() AND table_name = 'transactions' AND column_name = 'status') AND objoid = (SELECT oid FROM pg_catalog.pg_class WHERE relname = 'transactions' AND relnamespace = (SELECT oid FROM pg_catalog.pg_namespace WHERE nspname = CURRENT_SCHEMA()))

2025/02/13 14:38:51 /home/bryan/repos/skripsi/backend/setup/setup.go:78
[3.036ms] [rows:1] SELECT count(*) FROM INFORMATION_SCHEMA.table_constraints WHERE table_schema = CURRENT_SCHEMA() AND table_name = 'transactions' AND constraint_name = 'fk_transactions_booked_slot'

2025/02/13 14:38:51 /home/bryan/repos/skripsi/backend/setup/setup.go:78
[3.203ms] [rows:1] SELECT count(*) FROM INFORMATION_SCHEMA.table_constraints WHERE table_schema = CURRENT_SCHEMA() AND table_name = 'transactions' AND constraint_name = 'fk_transactions_pet_daycare'

2025/02/13 14:38:51 /home/bryan/repos/skripsi/backend/setup/setup.go:78
[3.029ms] [rows:1] SELECT count(*) FROM information_schema.tables WHERE table_schema = CURRENT_SCHEMA() AND table_name = 'reduce_slots' AND table_type = 'BASE TABLE'

2025/02/13 14:38:51 /home/bryan/repos/skripsi/backend/setup/setup.go:78
[2.026ms] [rows:1] SELECT CURRENT_DATABASE()

2025/02/13 14:38:51 /home/bryan/repos/skripsi/backend/setup/setup.go:78
[8.636ms] [rows:-] SELECT c.column_name, c.is_nullable = 'YES', c.udt_name, c.character_maximum_length, c.numeric_precision, c.numeric_precision_radix, c.numeric_scale, c.datetime_precision, 8 * typlen, c.column_default, pd.description, c.identity_increment FROM information_schema.columns AS c JOIN pg_type AS pgt ON c.udt_name = pgt.typname LEFT JOIN pg_catalog.pg_description as pd ON pd.objsubid = c.ordinal_position AND pd.objoid = (SELECT oid FROM pg_catalog.pg_class WHERE relname = c.table_name AND relnamespace = (SELECT oid FROM pg_catalog.pg_namespace WHERE nspname = c.table_schema)) where table_catalog = $1$ AND table_schema = CURRENT_SCHEMA() AND table_name = $2$

2025/02/13 14:38:51 /home/bryan/repos/skripsi/backend/setup/setup.go:78
[2.339ms] [rows:-] SELECT * FROM "reduce_slots" LIMIT $1$

2025/02/13 14:38:51 /home/bryan/repos/skripsi/backend/setup/setup.go:78
[7.493ms] [rows:-] SELECT constraint_name FROM information_schema.table_constraints tc JOIN information_schema.constraint_column_usage AS ccu USING (constraint_schema, constraint_catalog, table_name, constraint_name) JOIN information_schema.columns AS c ON c.table_schema = tc.constraint_schema AND tc.table_name = c.table_name AND ccu.column_name = c.column_name WHERE constraint_type IN ('PRIMARY KEY', 'UNIQUE') AND c.table_catalog = $1$ AND c.table_schema = CURRENT_SCHEMA() AND c.table_name = $2$ AND constraint_type = $3$

2025/02/13 14:38:51 /home/bryan/repos/skripsi/backend/setup/setup.go:78
[6.212ms] [rows:-] SELECT c.column_name, constraint_name, constraint_type FROM information_schema.table_constraints tc JOIN information_schema.constraint_column_usage AS ccu USING (constraint_schema, constraint_catalog, table_name, constraint_name) JOIN information_schema.columns AS c ON c.table_schema = tc.constraint_schema AND tc.table_name = c.table_name AND ccu.column_name = c.column_name WHERE constraint_type IN ('PRIMARY KEY', 'UNIQUE') AND c.table_catalog = $1$ AND c.table_schema = CURRENT_SCHEMA() AND c.table_name = $2$

2025/02/13 14:38:51 /home/bryan/repos/skripsi/backend/setup/setup.go:78
[2.019ms] [rows:-] SELECT a.attname as column_name, format_type(a.atttypid, a.atttypmod) AS data_type
		FROM pg_attribute a JOIN pg_class b ON a.attrelid = b.oid AND relnamespace = (SELECT oid FROM pg_catalog.pg_namespace WHERE nspname = CURRENT_SCHEMA())
		WHERE a.attnum > 0 -- hide internal columns
		AND NOT a.attisdropped -- hide deleted columns
		AND b.relname = $1$

2025/02/13 14:38:51 /home/bryan/repos/skripsi/backend/setup/setup.go:78
[3.001ms] [rows:0] SELECT description FROM pg_catalog.pg_description WHERE objsubid = (SELECT ordinal_position FROM information_schema.columns WHERE table_schema = CURRENT_SCHEMA() AND table_name = 'reduce_slots' AND column_name = 'id') AND objoid = (SELECT oid FROM pg_catalog.pg_class WHERE relname = 'reduce_slots' AND relnamespace = (SELECT oid FROM pg_catalog.pg_namespace WHERE nspname = CURRENT_SCHEMA()))

2025/02/13 14:38:51 /home/bryan/repos/skripsi/backend/setup/setup.go:78
[3.185ms] [rows:0] SELECT description FROM pg_catalog.pg_description WHERE objsubid = (SELECT ordinal_position FROM information_schema.columns WHERE table_schema = CURRENT_SCHEMA() AND table_name = 'reduce_slots' AND column_name = 'slot_id') AND objoid = (SELECT oid FROM pg_catalog.pg_class WHERE relname = 'reduce_slots' AND relnamespace = (SELECT oid FROM pg_catalog.pg_namespace WHERE nspname = CURRENT_SCHEMA()))

2025/02/13 14:38:51 /home/bryan/repos/skripsi/backend/setup/setup.go:78
[3.275ms] [rows:0] SELECT description FROM pg_catalog.pg_description WHERE objsubid = (SELECT ordinal_position FROM information_schema.columns WHERE table_schema = CURRENT_SCHEMA() AND table_name = 'reduce_slots' AND column_name = 'reduced_count') AND objoid = (SELECT oid FROM pg_catalog.pg_class WHERE relname = 'reduce_slots' AND relnamespace = (SELECT oid FROM pg_catalog.pg_namespace WHERE nspname = CURRENT_SCHEMA()))

2025/02/13 14:38:51 /home/bryan/repos/skripsi/backend/setup/setup.go:78
[2.930ms] [rows:0] SELECT description FROM pg_catalog.pg_description WHERE objsubid = (SELECT ordinal_position FROM information_schema.columns WHERE table_schema = CURRENT_SCHEMA() AND table_name = 'reduce_slots' AND column_name = 'target_date') AND objoid = (SELECT oid FROM pg_catalog.pg_class WHERE relname = 'reduce_slots' AND relnamespace = (SELECT oid FROM pg_catalog.pg_namespace WHERE nspname = CURRENT_SCHEMA()))

2025/02/13 14:38:51 /home/bryan/repos/skripsi/backend/setup/setup.go:78
[2.247ms] [rows:1] SELECT count(*) FROM information_schema.tables WHERE table_schema = CURRENT_SCHEMA() AND table_name = 'booked_slots_dailies' AND table_type = 'BASE TABLE'

2025/02/13 14:38:51 /home/bryan/repos/skripsi/backend/setup/setup.go:78
[1.595ms] [rows:1] SELECT CURRENT_DATABASE()

2025/02/13 14:38:51 /home/bryan/repos/skripsi/backend/setup/setup.go:78
[7.858ms] [rows:-] SELECT c.column_name, c.is_nullable = 'YES', c.udt_name, c.character_maximum_length, c.numeric_precision, c.numeric_precision_radix, c.numeric_scale, c.datetime_precision, 8 * typlen, c.column_default, pd.description, c.identity_increment FROM information_schema.columns AS c JOIN pg_type AS pgt ON c.udt_name = pgt.typname LEFT JOIN pg_catalog.pg_description as pd ON pd.objsubid = c.ordinal_position AND pd.objoid = (SELECT oid FROM pg_catalog.pg_class WHERE relname = c.table_name AND relnamespace = (SELECT oid FROM pg_catalog.pg_namespace WHERE nspname = c.table_schema)) where table_catalog = $1$ AND table_schema = CURRENT_SCHEMA() AND table_name = $2$

2025/02/13 14:38:51 /home/bryan/repos/skripsi/backend/setup/setup.go:78
[3.131ms] [rows:-] SELECT * FROM "booked_slots_dailies" LIMIT $1$

2025/02/13 14:38:51 /home/bryan/repos/skripsi/backend/setup/setup.go:78
[4.948ms] [rows:-] SELECT constraint_name FROM information_schema.table_constraints tc JOIN information_schema.constraint_column_usage AS ccu USING (constraint_schema, constraint_catalog, table_name, constraint_name) JOIN information_schema.columns AS c ON c.table_schema = tc.constraint_schema AND tc.table_name = c.table_name AND ccu.column_name = c.column_name WHERE constraint_type IN ('PRIMARY KEY', 'UNIQUE') AND c.table_catalog = $1$ AND c.table_schema = CURRENT_SCHEMA() AND c.table_name = $2$ AND constraint_type = $3$

2025/02/13 14:38:51 /home/bryan/repos/skripsi/backend/setup/setup.go:78
[5.055ms] [rows:-] SELECT c.column_name, constraint_name, constraint_type FROM information_schema.table_constraints tc JOIN information_schema.constraint_column_usage AS ccu USING (constraint_schema, constraint_catalog, table_name, constraint_name) JOIN information_schema.columns AS c ON c.table_schema = tc.constraint_schema AND tc.table_name = c.table_name AND ccu.column_name = c.column_name WHERE constraint_type IN ('PRIMARY KEY', 'UNIQUE') AND c.table_catalog = $1$ AND c.table_schema = CURRENT_SCHEMA() AND c.table_name = $2$

2025/02/13 14:38:51 /home/bryan/repos/skripsi/backend/setup/setup.go:78
[1.981ms] [rows:-] SELECT a.attname as column_name, format_type(a.atttypid, a.atttypmod) AS data_type
		FROM pg_attribute a JOIN pg_class b ON a.attrelid = b.oid AND relnamespace = (SELECT oid FROM pg_catalog.pg_namespace WHERE nspname = CURRENT_SCHEMA())
		WHERE a.attnum > 0 -- hide internal columns
		AND NOT a.attisdropped -- hide deleted columns
		AND b.relname = $1$

2025/02/13 14:38:51 /home/bryan/repos/skripsi/backend/setup/setup.go:78
[2.977ms] [rows:0] SELECT description FROM pg_catalog.pg_description WHERE objsubid = (SELECT ordinal_position FROM information_schema.columns WHERE table_schema = CURRENT_SCHEMA() AND table_name = 'booked_slots_dailies' AND column_name = 'id') AND objoid = (SELECT oid FROM pg_catalog.pg_class WHERE relname = 'booked_slots_dailies' AND relnamespace = (SELECT oid FROM pg_catalog.pg_namespace WHERE nspname = CURRENT_SCHEMA()))

2025/02/13 14:38:51 /home/bryan/repos/skripsi/backend/setup/setup.go:78
[2.946ms] [rows:0] SELECT description FROM pg_catalog.pg_description WHERE objsubid = (SELECT ordinal_position FROM information_schema.columns WHERE table_schema = CURRENT_SCHEMA() AND table_name = 'booked_slots_dailies' AND column_name = 'daycare_id') AND objoid = (SELECT oid FROM pg_catalog.pg_class WHERE relname = 'booked_slots_dailies' AND relnamespace = (SELECT oid FROM pg_catalog.pg_namespace WHERE nspname = CURRENT_SCHEMA()))

2025/02/13 14:38:51 /home/bryan/repos/skripsi/backend/setup/setup.go:78
[2.752ms] [rows:0] SELECT description FROM pg_catalog.pg_description WHERE objsubid = (SELECT ordinal_position FROM information_schema.columns WHERE table_schema = CURRENT_SCHEMA() AND table_name = 'booked_slots_dailies' AND column_name = 'date') AND objoid = (SELECT oid FROM pg_catalog.pg_class WHERE relname = 'booked_slots_dailies' AND relnamespace = (SELECT oid FROM pg_catalog.pg_namespace WHERE nspname = CURRENT_SCHEMA()))

2025/02/13 14:38:51 /home/bryan/repos/skripsi/backend/setup/setup.go:78
[2.958ms] [rows:0] SELECT description FROM pg_catalog.pg_description WHERE objsubid = (SELECT ordinal_position FROM information_schema.columns WHERE table_schema = CURRENT_SCHEMA() AND table_name = 'booked_slots_dailies' AND column_name = 'slot_count') AND objoid = (SELECT oid FROM pg_catalog.pg_class WHERE relname = 'booked_slots_dailies' AND relnamespace = (SELECT oid FROM pg_catalog.pg_namespace WHERE nspname = CURRENT_SCHEMA()))

2025/02/13 14:38:51 /home/bryan/repos/skripsi/backend/setup/setup.go:78
[2.078ms] [rows:1] SELECT count(*) FROM pg_indexes WHERE tablename = 'booked_slots_dailies' AND indexname = 'idx_booked_slots_dailies_date' AND schemaname = CURRENT_SCHEMA()
[GIN-debug] [WARNING] Creating an Engine instance with the Logger and Recovery middleware already attached.

[GIN-debug] [WARNING] Running in "debug" mode. Switch to "release" mode in production.
 - using env:	export GIN_MODE=release
 - using code:	gin.SetMode(gin.ReleaseMode)

[GIN-debug] GET    /assets/*filepath         --> github.com/gin-gonic/gin.(*RouterGroup).createStaticHandler.func1 (3 handlers)
[GIN-debug] HEAD   /assets/*filepath         --> github.com/gin-gonic/gin.(*RouterGroup).createStaticHandler.func1 (3 handlers)
[GIN-debug] POST   /users                    --> github.com/BryanEgbert/skripsi/controller.(*UserController).CreateUser-fm (3 handlers)
[GIN-debug] GET    /users/vets               --> github.com/BryanEgbert/skripsi/controller.(*UserController).GetVets-fm (4 handlers)
[GIN-debug] GET    /users/:id                --> github.com/BryanEgbert/skripsi/controller.(*UserController).GetUser-fm (4 handlers)
[GIN-debug] DELETE /users                    --> github.com/BryanEgbert/skripsi/controller.(*UserController).DeleteUser-fm (4 handlers)
[GIN-debug] PUT    /users                    --> github.com/BryanEgbert/skripsi/controller.(*UserController).UpdateUserProfile-fm (4 handlers)
[GIN-debug] PATCH  /users/password           --> github.com/BryanEgbert/skripsi/controller.(*UserController).UpdateUserPassword-fm (4 handlers)
[GIN-debug] POST   /login                    --> github.com/BryanEgbert/skripsi/controller.(*AuthController).Login-fm (3 handlers)
[GIN-debug] POST   /refresh                  --> github.com/BryanEgbert/skripsi/controller.(*AuthController).RefreshToken-fm (4 handlers)
[GIN-debug] GET    /pets/:id                 --> github.com/BryanEgbert/skripsi/controller.(*PetController).GetPet-fm (4 handlers)
[GIN-debug] GET    /pets                     --> github.com/BryanEgbert/skripsi/controller.(*PetController).GetPets-fm (4 handlers)
[GIN-debug] POST   /pets                     --> github.com/BryanEgbert/skripsi/controller.(*PetController).CreatePet-fm (4 handlers)
[GIN-debug] PUT    /pets/:id                 --> github.com/BryanEgbert/skripsi/controller.(*PetController).UpdatePet-fm (4 handlers)
[GIN-debug] DELETE /pets/:id                 --> github.com/BryanEgbert/skripsi/controller.(*PetController).DeletePet-fm (4 handlers)
[GIN-debug] PATCH  /daycare/slot/:slotId     --> github.com/BryanEgbert/skripsi/controller.(*PetDaycareController).EditSlotCount-fm (4 handlers)
[GIN-debug] GET    /daycare/:id/slot         --> github.com/BryanEgbert/skripsi/controller.(*PetDaycareController).GetPetDaycareSlots-fm (4 handlers)
[GIN-debug] POST   /daycare/:id/slot         --> github.com/BryanEgbert/skripsi/controller.(*PetDaycareController).CreateSlot-fm (4 handlers)
[GIN-debug] GET    /daycare/:id/review       --> github.com/BryanEgbert/skripsi/controller.(*PetDaycareController).GetReviews-fm (4 handlers)
[GIN-debug] POST   /daycare/:id/review       --> github.com/BryanEgbert/skripsi/controller.(*PetDaycareController).CreateReview-fm (4 handlers)
[GIN-debug] DELETE /daycare/:id/review       --> github.com/BryanEgbert/skripsi/controller.(*PetDaycareController).DeleteReview-fm (4 handlers)
[GIN-debug] GET    /daycare/:id              --> github.com/BryanEgbert/skripsi/controller.(*PetDaycareController).GetPetDaycare-fm (4 handlers)
[GIN-debug] GET    /daycare                  --> github.com/BryanEgbert/skripsi/controller.(*PetDaycareController).GetPetDaycares-fm (4 handlers)
[GIN-debug] POST   /daycare                  --> github.com/BryanEgbert/skripsi/controller.(*PetDaycareController).CreatePetDaycare-fm (4 handlers)
[GIN-debug] PUT    /daycare/:id              --> github.com/BryanEgbert/skripsi/controller.(*PetDaycareController).UpdatePetDaycare-fm (4 handlers)
[GIN-debug] DELETE /daycare/:id              --> github.com/BryanEgbert/skripsi/controller.(*PetDaycareController).DeletePetDaycare-fm (4 handlers)

2025/02/13 14:38:51 /home/bryan/repos/skripsi/backend/service/pet_daycare_service.go:368
[4.265ms] [rows:0] SELECT * FROM "booked_slots" WHERE "booked_slots"."daycare_id" = $1$ AND end_date > CURRENT_TIMESTAMP AND "booked_slots"."deleted_at" IS NULL

2025/02/13 14:38:51 /home/bryan/repos/skripsi/backend/service/pet_daycare_service.go:368
[4.064ms] [rows:1] SELECT * FROM "users" WHERE "users"."id" = $1$ AND "users"."deleted_at" IS NULL

2025/02/13 14:38:51 /home/bryan/repos/skripsi/backend/service/pet_daycare_service.go:368
[3.711ms] [rows:0] SELECT * FROM "thumbnails" WHERE "thumbnails"."daycare_id" = $1$

2025/02/13 14:38:51 /home/bryan/repos/skripsi/backend/service/pet_daycare_service.go:368
[16.901ms] [rows:1] SELECT * FROM "pet_daycares" WHERE "pet_daycares"."deleted_at" IS NULL AND "pet_daycares"."id" = $1$

2025/02/13 14:38:51 /home/bryan/repos/skripsi/backend/service/pet_daycare_service.go:379
[12.872ms] [rows:1] DELETE FROM "pet_daycares" WHERE "pet_daycares"."id" = $1$
[GIN] 2025/02/13 - 14:38:51 | 204 |   30.042641ms |                 | DELETE   "/daycare/3"
=== RUN   TestDeletePetDaycare/On_delete_pet_daycare,_should_return_403_when_pet_still_book_in_pet_daycare

2025/02/13 14:38:51 /home/bryan/repos/skripsi/backend/setup/setup.go:60
[331.306ms] [rows:0] TRUNCATE TABLE users, vet_specialties, user_vet_specialties, pet_daycares, pets, size_categories, roles, slots, booked_slots, thumbnails, species, reviews, refresh_tokens, transactions, daily_walks, daily_playtimes, reduce_slots RESTART IDENTITY CASCADE;

2025/02/13 14:38:51 /home/bryan/repos/skripsi/backend/seeder/seeder.go:18
[11.974ms] [rows:3] INSERT INTO "roles" ("name","id") VALUES ($1$,$2$),($3$,$4$),($5$,$6$) RETURNING "id"

2025/02/13 14:38:51 /home/bryan/repos/skripsi/backend/seeder/seeder.go:29
[8.658ms] [rows:4] INSERT INTO "daily_walks" ("name","id") VALUES ($1$,$2$),($3$,$4$),($5$,$6$),($7$,$8$) RETURNING "id"

2025/02/13 14:38:51 /home/bryan/repos/skripsi/backend/seeder/seeder.go:39
[10.375ms] [rows:4] INSERT INTO "daily_playtimes" ("name","id") VALUES ($1$,$2$),($3$,$4$),($5$,$6$),($7$,$8$) RETURNING "id"

2025/02/13 14:38:51 /home/bryan/repos/skripsi/backend/seeder/seeder.go:61
[9.879ms] [rows:17] INSERT INTO "vet_specialties" ("name") VALUES ($1$),($2$),($3$),($4$),($5$),($6$),($7$),($8$),($9$),($10$),($11$),($12$),($13$),($14$),($15$),($16$),($17$) RETURNING "id"

2025/02/13 14:38:51 /home/bryan/repos/skripsi/backend/seeder/seeder.go:71
[8.717ms] [rows:3] INSERT INTO "species" ("name") VALUES ($1$),($2$),($3$) RETURNING "id"

2025/02/13 14:38:51 /home/bryan/repos/skripsi/backend/seeder/seeder.go:83
[8.214ms] [rows:5] INSERT INTO "size_categories" ("name","min_weight","max_weight") VALUES ($1$,$2$,$3$),($4$,$5$,$6$),($7$,$8$,$9$),($10$,$11$,$12$),($13$,$14$,$15$) RETURNING "id"

2025/02/13 14:38:51 /home/bryan/repos/skripsi/backend/seeder/seeder.go:106
[2.211ms] [rows:0] INSERT INTO "vet_specialties" ("name","id") VALUES ($1$,$2$),($3$,$4$),($5$,$6$) ON CONFLICT DO NOTHING RETURNING "id"

2025/02/13 14:38:51 /home/bryan/repos/skripsi/backend/seeder/seeder.go:106
[3.003ms] [rows:3] INSERT INTO "user_vet_specialties" ("user_id","vet_specialty_id") VALUES ($1$,$2$),($3$,$4$),($5$,$6$) ON CONFLICT DO NOTHING

2025/02/13 14:38:51 /home/bryan/repos/skripsi/backend/seeder/seeder.go:106
[13.341ms] [rows:6] INSERT INTO "users" ("created_at","updated_at","deleted_at","name","email","password","role_id","image_url") VALUES ($1$,$2$,$3$,$4$,$5$,$6$,$7$,$8$),($9$,$10$,$11$,$12$,$13$,$14$,$15$,$16$),($17$,$18$,$19$,$20$,$21$,$22$,$23$,$24$),($25$,$26$,$27$,$28$,$29$,$30$,$31$,$32$),($33$,$34$,$35$,$36$,$37$,$38$,$39$,DEFAULT),($40$,$41$,$42$,$43$,$44$,$45$,$46$,$47$) RETURNING "id","image_url"

2025/02/13 14:38:51 /home/bryan/repos/skripsi/backend/seeder/seeder.go:148
[1.742ms] [rows:0] INSERT INTO "daily_walks" ("name","id") VALUES ($1$,$2$) ON CONFLICT DO NOTHING RETURNING "id"

2025/02/13 14:38:51 /home/bryan/repos/skripsi/backend/seeder/seeder.go:148
[1.507ms] [rows:0] INSERT INTO "daily_playtimes" ("name","id") VALUES ($1$,$2$),($3$,$4$) ON CONFLICT DO NOTHING RETURNING "id"

2025/02/13 14:38:51 /home/bryan/repos/skripsi/backend/seeder/seeder.go:148
[10.894ms] [rows:3] INSERT INTO "pet_daycares" ("created_at","updated_at","deleted_at","name","address","latitude","longitude","price","pricing_type","description","has_pickup_service","must_be_vaccinated","food_provided","grooming_available","booked_num","daily_walks_id","daily_playtime_id","owner_id","food_brand") VALUES ($1$,$2$,$3$,$4$,$5$,$6$,$7$,$8$,$9$,$10$,$11$,$12$,$13$,$14$,$15$,$16$,$17$,$18$,$19$),($20$,$21$,$22$,$23$,$24$,$25$,$26$,$27$,$28$,$29$,$30$,$31$,$32$,$33$,$34$,$35$,$36$,$37$,$38$),($39$,$40$,$41$,$42$,$43$,$44$,$45$,$46$,$47$,$48$,$49$,$50$,$51$,$52$,$53$,$54$,$55$,$56$,$57$) RETURNING "id"

2025/02/13 14:38:51 /home/bryan/repos/skripsi/backend/seeder/seeder.go:158
[5.741ms] [rows:3] INSERT INTO "slots" ("created_at","updated_at","deleted_at","daycare_id","species_id","size_category_id","max_number") VALUES ($1$,$2$,$3$,$4$,$5$,$6$,$7$),($8$,$9$,$10$,$11$,$12$,$13$,$14$),($15$,$16$,$17$,$18$,$19$,$20$,$21$) RETURNING "id"

2025/02/13 14:38:52 /home/bryan/repos/skripsi/backend/seeder/seeder.go:172
[5.963ms] [rows:2] INSERT INTO "pets" ("created_at","updated_at","deleted_at","name","image_url","status","owner_id","species_id","size_id") VALUES ($1$,$2$,$3$,$4$,$5$,$6$,$7$,$8$,$9$),($10$,$11$,$12$,$13$,$14$,$15$,$16$,$17$,$18$) RETURNING "id"

2025/02/13 14:38:52 /home/bryan/repos/skripsi/backend/seeder/seeder.go:189
[6.166ms] [rows:2] INSERT INTO "booked_slots" ("created_at","updated_at","deleted_at","user_id","daycare_id","pet_id","start_date","end_date") VALUES ($1$,$2$,$3$,$4$,$5$,$6$,$7$,$8$),($9$,$10$,$11$,$12$,$13$,$14$,$15$,$16$) RETURNING "id"

2025/02/13 14:38:52 /home/bryan/repos/skripsi/backend/seeder/seeder.go:205
[6.147ms] [rows:3] INSERT INTO "reviews" ("created_at","updated_at","deleted_at","daycare_id","user_id","name","rate","description") VALUES ($1$,$2$,$3$,$4$,$5$,$6$,$7$,$8$),($9$,$10$,$11$,$12$,$13$,$14$,$15$,$16$),($17$,$18$,$19$,$20$,$21$,$22$,$23$,$24$) RETURNING "id"

2025/02/13 14:38:52 /home/bryan/repos/skripsi/backend/seeder/seeder.go:213
[5.563ms] [rows:1] INSERT INTO "reduce_slots" ("slot_id","reduced_count","target_date") VALUES ($1$,$2$,$3$) RETURNING "id"

2025/02/13 14:38:52 /home/bryan/repos/skripsi/backend/seeder/seeder.go:222
[6.931ms] [rows:2] INSERT INTO "thumbnails" ("daycare_id","image_url") VALUES ($1$,$2$),($3$,$4$) RETURNING "id"

2025/02/13 14:38:52 /home/bryan/repos/skripsi/backend/seeder/seeder.go:230
[9.339ms] [rows:1] INSERT INTO "transactions" ("pet_daycare_id","booked_slot_id","status") VALUES ($1$,$2$,$3$) RETURNING "created_at","id"

2025/02/13 14:38:52 /home/bryan/repos/skripsi/backend/setup/setup.go:78
[24.365ms] [rows:1] SELECT count(*) FROM information_schema.tables WHERE table_schema = CURRENT_SCHEMA() AND table_name = 'roles' AND table_type = 'BASE TABLE'

2025/02/13 14:38:52 /home/bryan/repos/skripsi/backend/setup/setup.go:78
[2.395ms] [rows:1] SELECT CURRENT_DATABASE()

2025/02/13 14:38:52 /home/bryan/repos/skripsi/backend/setup/setup.go:78
[57.504ms] [rows:-] SELECT c.column_name, c.is_nullable = 'YES', c.udt_name, c.character_maximum_length, c.numeric_precision, c.numeric_precision_radix, c.numeric_scale, c.datetime_precision, 8 * typlen, c.column_default, pd.description, c.identity_increment FROM information_schema.columns AS c JOIN pg_type AS pgt ON c.udt_name = pgt.typname LEFT JOIN pg_catalog.pg_description as pd ON pd.objsubid = c.ordinal_position AND pd.objoid = (SELECT oid FROM pg_catalog.pg_class WHERE relname = c.table_name AND relnamespace = (SELECT oid FROM pg_catalog.pg_namespace WHERE nspname = c.table_schema)) where table_catalog = $1$ AND table_schema = CURRENT_SCHEMA() AND table_name = $2$

2025/02/13 14:38:52 /home/bryan/repos/skripsi/backend/setup/setup.go:78
[1.573ms] [rows:-] SELECT * FROM "roles" LIMIT $1$

2025/02/13 14:38:52 /home/bryan/repos/skripsi/backend/setup/setup.go:78
[29.875ms] [rows:-] SELECT constraint_name FROM information_schema.table_constraints tc JOIN information_schema.constraint_column_usage AS ccu USING (constraint_schema, constraint_catalog, table_name, constraint_name) JOIN information_schema.columns AS c ON c.table_schema = tc.constraint_schema AND tc.table_name = c.table_name AND ccu.column_name = c.column_name WHERE constraint_type IN ('PRIMARY KEY', 'UNIQUE') AND c.table_catalog = $1$ AND c.table_schema = CURRENT_SCHEMA() AND c.table_name = $2$ AND constraint_type = $3$

2025/02/13 14:38:52 /home/bryan/repos/skripsi/backend/setup/setup.go:78
[18.705ms] [rows:-] SELECT c.column_name, constraint_name, constraint_type FROM information_schema.table_constraints tc JOIN information_schema.constraint_column_usage AS ccu USING (constraint_schema, constraint_catalog, table_name, constraint_name) JOIN information_schema.columns AS c ON c.table_schema = tc.constraint_schema AND tc.table_name = c.table_name AND ccu.column_name = c.column_name WHERE constraint_type IN ('PRIMARY KEY', 'UNIQUE') AND c.table_catalog = $1$ AND c.table_schema = CURRENT_SCHEMA() AND c.table_name = $2$

2025/02/13 14:38:52 /home/bryan/repos/skripsi/backend/setup/setup.go:78
[2.486ms] [rows:-] SELECT a.attname as column_name, format_type(a.atttypid, a.atttypmod) AS data_type
		FROM pg_attribute a JOIN pg_class b ON a.attrelid = b.oid AND relnamespace = (SELECT oid FROM pg_catalog.pg_namespace WHERE nspname = CURRENT_SCHEMA())
		WHERE a.attnum > 0 -- hide internal columns
		AND NOT a.attisdropped -- hide deleted columns
		AND b.relname = $1$

2025/02/13 14:38:52 /home/bryan/repos/skripsi/backend/setup/setup.go:78
[6.981ms] [rows:0] SELECT description FROM pg_catalog.pg_description WHERE objsubid = (SELECT ordinal_position FROM information_schema.columns WHERE table_schema = CURRENT_SCHEMA() AND table_name = 'roles' AND column_name = 'id') AND objoid = (SELECT oid FROM pg_catalog.pg_class WHERE relname = 'roles' AND relnamespace = (SELECT oid FROM pg_catalog.pg_namespace WHERE nspname = CURRENT_SCHEMA()))

2025/02/13 14:38:52 /home/bryan/repos/skripsi/backend/setup/setup.go:78
[5.416ms] [rows:0] SELECT description FROM pg_catalog.pg_description WHERE objsubid = (SELECT ordinal_position FROM information_schema.columns WHERE table_schema = CURRENT_SCHEMA() AND table_name = 'roles' AND column_name = 'name') AND objoid = (SELECT oid FROM pg_catalog.pg_class WHERE relname = 'roles' AND relnamespace = (SELECT oid FROM pg_catalog.pg_namespace WHERE nspname = CURRENT_SCHEMA()))

2025/02/13 14:38:52 /home/bryan/repos/skripsi/backend/setup/setup.go:78
[2.110ms] [rows:1] SELECT count(*) FROM information_schema.tables WHERE table_schema = CURRENT_SCHEMA() AND table_name = 'users' AND table_type = 'BASE TABLE'

2025/02/13 14:38:52 /home/bryan/repos/skripsi/backend/setup/setup.go:78
[0.800ms] [rows:1] SELECT CURRENT_DATABASE()

2025/02/13 14:38:52 /home/bryan/repos/skripsi/backend/setup/setup.go:78
[11.464ms] [rows:-] SELECT c.column_name, c.is_nullable = 'YES', c.udt_name, c.character_maximum_length, c.numeric_precision, c.numeric_precision_radix, c.numeric_scale, c.datetime_precision, 8 * typlen, c.column_default, pd.description, c.identity_increment FROM information_schema.columns AS c JOIN pg_type AS pgt ON c.udt_name = pgt.typname LEFT JOIN pg_catalog.pg_description as pd ON pd.objsubid = c.ordinal_position AND pd.objoid = (SELECT oid FROM pg_catalog.pg_class WHERE relname = c.table_name AND relnamespace = (SELECT oid FROM pg_catalog.pg_namespace WHERE nspname = c.table_schema)) where table_catalog = $1$ AND table_schema = CURRENT_SCHEMA() AND table_name = $2$

2025/02/13 14:38:52 /home/bryan/repos/skripsi/backend/setup/setup.go:78
[1.017ms] [rows:-] SELECT * FROM "users" LIMIT $1$

2025/02/13 14:38:52 /home/bryan/repos/skripsi/backend/setup/setup.go:78
[18.641ms] [rows:-] SELECT constraint_name FROM information_schema.table_constraints tc JOIN information_schema.constraint_column_usage AS ccu USING (constraint_schema, constraint_catalog, table_name, constraint_name) JOIN information_schema.columns AS c ON c.table_schema = tc.constraint_schema AND tc.table_name = c.table_name AND ccu.column_name = c.column_name WHERE constraint_type IN ('PRIMARY KEY', 'UNIQUE') AND c.table_catalog = $1$ AND c.table_schema = CURRENT_SCHEMA() AND c.table_name = $2$ AND constraint_type = $3$

2025/02/13 14:38:52 /home/bryan/repos/skripsi/backend/setup/setup.go:78
[19.348ms] [rows:-] SELECT c.column_name, constraint_name, constraint_type FROM information_schema.table_constraints tc JOIN information_schema.constraint_column_usage AS ccu USING (constraint_schema, constraint_catalog, table_name, constraint_name) JOIN information_schema.columns AS c ON c.table_schema = tc.constraint_schema AND tc.table_name = c.table_name AND ccu.column_name = c.column_name WHERE constraint_type IN ('PRIMARY KEY', 'UNIQUE') AND c.table_catalog = $1$ AND c.table_schema = CURRENT_SCHEMA() AND c.table_name = $2$

2025/02/13 14:38:52 /home/bryan/repos/skripsi/backend/setup/setup.go:78
[1.823ms] [rows:-] SELECT a.attname as column_name, format_type(a.atttypid, a.atttypmod) AS data_type
		FROM pg_attribute a JOIN pg_class b ON a.attrelid = b.oid AND relnamespace = (SELECT oid FROM pg_catalog.pg_namespace WHERE nspname = CURRENT_SCHEMA())
		WHERE a.attnum > 0 -- hide internal columns
		AND NOT a.attisdropped -- hide deleted columns
		AND b.relname = $1$

2025/02/13 14:38:52 /home/bryan/repos/skripsi/backend/setup/setup.go:78
[6.123ms] [rows:0] SELECT description FROM pg_catalog.pg_description WHERE objsubid = (SELECT ordinal_position FROM information_schema.columns WHERE table_schema = CURRENT_SCHEMA() AND table_name = 'users' AND column_name = 'id') AND objoid = (SELECT oid FROM pg_catalog.pg_class WHERE relname = 'users' AND relnamespace = (SELECT oid FROM pg_catalog.pg_namespace WHERE nspname = CURRENT_SCHEMA()))

2025/02/13 14:38:52 /home/bryan/repos/skripsi/backend/setup/setup.go:78
[6.061ms] [rows:0] SELECT description FROM pg_catalog.pg_description WHERE objsubid = (SELECT ordinal_position FROM information_schema.columns WHERE table_schema = CURRENT_SCHEMA() AND table_name = 'users' AND column_name = 'created_at') AND objoid = (SELECT oid FROM pg_catalog.pg_class WHERE relname = 'users' AND relnamespace = (SELECT oid FROM pg_catalog.pg_namespace WHERE nspname = CURRENT_SCHEMA()))

2025/02/13 14:38:52 /home/bryan/repos/skripsi/backend/setup/setup.go:78
[6.227ms] [rows:0] SELECT description FROM pg_catalog.pg_description WHERE objsubid = (SELECT ordinal_position FROM information_schema.columns WHERE table_schema = CURRENT_SCHEMA() AND table_name = 'users' AND column_name = 'updated_at') AND objoid = (SELECT oid FROM pg_catalog.pg_class WHERE relname = 'users' AND relnamespace = (SELECT oid FROM pg_catalog.pg_namespace WHERE nspname = CURRENT_SCHEMA()))

2025/02/13 14:38:52 /home/bryan/repos/skripsi/backend/setup/setup.go:78
[5.922ms] [rows:0] SELECT description FROM pg_catalog.pg_description WHERE objsubid = (SELECT ordinal_position FROM information_schema.columns WHERE table_schema = CURRENT_SCHEMA() AND table_name = 'users' AND column_name = 'deleted_at') AND objoid = (SELECT oid FROM pg_catalog.pg_class WHERE relname = 'users' AND relnamespace = (SELECT oid FROM pg_catalog.pg_namespace WHERE nspname = CURRENT_SCHEMA()))

2025/02/13 14:38:52 /home/bryan/repos/skripsi/backend/setup/setup.go:78
[1.577ms] [rows:0] SELECT description FROM pg_catalog.pg_description WHERE objsubid = (SELECT ordinal_position FROM information_schema.columns WHERE table_schema = CURRENT_SCHEMA() AND table_name = 'users' AND column_name = 'name') AND objoid = (SELECT oid FROM pg_catalog.pg_class WHERE relname = 'users' AND relnamespace = (SELECT oid FROM pg_catalog.pg_namespace WHERE nspname = CURRENT_SCHEMA()))

2025/02/13 14:38:52 /home/bryan/repos/skripsi/backend/setup/setup.go:78
[1.577ms] [rows:0] SELECT description FROM pg_catalog.pg_description WHERE objsubid = (SELECT ordinal_position FROM information_schema.columns WHERE table_schema = CURRENT_SCHEMA() AND table_name = 'users' AND column_name = 'email') AND objoid = (SELECT oid FROM pg_catalog.pg_class WHERE relname = 'users' AND relnamespace = (SELECT oid FROM pg_catalog.pg_namespace WHERE nspname = CURRENT_SCHEMA()))

2025/02/13 14:38:52 /home/bryan/repos/skripsi/backend/setup/setup.go:78
[1.540ms] [rows:0] SELECT description FROM pg_catalog.pg_description WHERE objsubid = (SELECT ordinal_position FROM information_schema.columns WHERE table_schema = CURRENT_SCHEMA() AND table_name = 'users' AND column_name = 'password') AND objoid = (SELECT oid FROM pg_catalog.pg_class WHERE relname = 'users' AND relnamespace = (SELECT oid FROM pg_catalog.pg_namespace WHERE nspname = CURRENT_SCHEMA()))

2025/02/13 14:38:52 /home/bryan/repos/skripsi/backend/setup/setup.go:78
[1.569ms] [rows:0] SELECT description FROM pg_catalog.pg_description WHERE objsubid = (SELECT ordinal_position FROM information_schema.columns WHERE table_schema = CURRENT_SCHEMA() AND table_name = 'users' AND column_name = 'image_url') AND objoid = (SELECT oid FROM pg_catalog.pg_class WHERE relname = 'users' AND relnamespace = (SELECT oid FROM pg_catalog.pg_namespace WHERE nspname = CURRENT_SCHEMA()))

2025/02/13 14:38:52 /home/bryan/repos/skripsi/backend/setup/setup.go:78
[1.768ms] [rows:0] SELECT description FROM pg_catalog.pg_description WHERE objsubid = (SELECT ordinal_position FROM information_schema.columns WHERE table_schema = CURRENT_SCHEMA() AND table_name = 'users' AND column_name = 'role_id') AND objoid = (SELECT oid FROM pg_catalog.pg_class WHERE relname = 'users' AND relnamespace = (SELECT oid FROM pg_catalog.pg_namespace WHERE nspname = CURRENT_SCHEMA()))

2025/02/13 14:38:52 /home/bryan/repos/skripsi/backend/setup/setup.go:78
[5.825ms] [rows:1] SELECT count(*) FROM INFORMATION_SCHEMA.table_constraints WHERE table_schema = CURRENT_SCHEMA() AND table_name = 'users' AND constraint_name = 'fk_roles_users'

2025/02/13 14:38:52 /home/bryan/repos/skripsi/backend/setup/setup.go:78
[7.433ms] [rows:1] SELECT count(*) FROM pg_indexes WHERE tablename = 'users' AND indexname = 'idx_users_deleted_at' AND schemaname = CURRENT_SCHEMA()

2025/02/13 14:38:52 /home/bryan/repos/skripsi/backend/setup/setup.go:78
[2.678ms] [rows:1] SELECT count(*) FROM information_schema.tables WHERE table_schema = CURRENT_SCHEMA() AND table_name = 'vet_specialties' AND table_type = 'BASE TABLE'

2025/02/13 14:38:52 /home/bryan/repos/skripsi/backend/setup/setup.go:78
[1.034ms] [rows:1] SELECT CURRENT_DATABASE()

2025/02/13 14:38:52 /home/bryan/repos/skripsi/backend/setup/setup.go:78
[19.511ms] [rows:-] SELECT c.column_name, c.is_nullable = 'YES', c.udt_name, c.character_maximum_length, c.numeric_precision, c.numeric_precision_radix, c.numeric_scale, c.datetime_precision, 8 * typlen, c.column_default, pd.description, c.identity_increment FROM information_schema.columns AS c JOIN pg_type AS pgt ON c.udt_name = pgt.typname LEFT JOIN pg_catalog.pg_description as pd ON pd.objsubid = c.ordinal_position AND pd.objoid = (SELECT oid FROM pg_catalog.pg_class WHERE relname = c.table_name AND relnamespace = (SELECT oid FROM pg_catalog.pg_namespace WHERE nspname = c.table_schema)) where table_catalog = $1$ AND table_schema = CURRENT_SCHEMA() AND table_name = $2$

2025/02/13 14:38:52 /home/bryan/repos/skripsi/backend/setup/setup.go:78
[2.636ms] [rows:-] SELECT * FROM "vet_specialties" LIMIT $1$

2025/02/13 14:38:52 /home/bryan/repos/skripsi/backend/setup/setup.go:78
[47.278ms] [rows:-] SELECT constraint_name FROM information_schema.table_constraints tc JOIN information_schema.constraint_column_usage AS ccu USING (constraint_schema, constraint_catalog, table_name, constraint_name) JOIN information_schema.columns AS c ON c.table_schema = tc.constraint_schema AND tc.table_name = c.table_name AND ccu.column_name = c.column_name WHERE constraint_type IN ('PRIMARY KEY', 'UNIQUE') AND c.table_catalog = $1$ AND c.table_schema = CURRENT_SCHEMA() AND c.table_name = $2$ AND constraint_type = $3$

2025/02/13 14:38:52 /home/bryan/repos/skripsi/backend/setup/setup.go:78
[27.360ms] [rows:-] SELECT c.column_name, constraint_name, constraint_type FROM information_schema.table_constraints tc JOIN information_schema.constraint_column_usage AS ccu USING (constraint_schema, constraint_catalog, table_name, constraint_name) JOIN information_schema.columns AS c ON c.table_schema = tc.constraint_schema AND tc.table_name = c.table_name AND ccu.column_name = c.column_name WHERE constraint_type IN ('PRIMARY KEY', 'UNIQUE') AND c.table_catalog = $1$ AND c.table_schema = CURRENT_SCHEMA() AND c.table_name = $2$

2025/02/13 14:38:52 /home/bryan/repos/skripsi/backend/setup/setup.go:78
[2.533ms] [rows:-] SELECT a.attname as column_name, format_type(a.atttypid, a.atttypmod) AS data_type
		FROM pg_attribute a JOIN pg_class b ON a.attrelid = b.oid AND relnamespace = (SELECT oid FROM pg_catalog.pg_namespace WHERE nspname = CURRENT_SCHEMA())
		WHERE a.attnum > 0 -- hide internal columns
		AND NOT a.attisdropped -- hide deleted columns
		AND b.relname = $1$

2025/02/13 14:38:52 /home/bryan/repos/skripsi/backend/setup/setup.go:78
[2.405ms] [rows:0] SELECT description FROM pg_catalog.pg_description WHERE objsubid = (SELECT ordinal_position FROM information_schema.columns WHERE table_schema = CURRENT_SCHEMA() AND table_name = 'vet_specialties' AND column_name = 'id') AND objoid = (SELECT oid FROM pg_catalog.pg_class WHERE relname = 'vet_specialties' AND relnamespace = (SELECT oid FROM pg_catalog.pg_namespace WHERE nspname = CURRENT_SCHEMA()))

2025/02/13 14:38:52 /home/bryan/repos/skripsi/backend/setup/setup.go:78
[2.591ms] [rows:0] SELECT description FROM pg_catalog.pg_description WHERE objsubid = (SELECT ordinal_position FROM information_schema.columns WHERE table_schema = CURRENT_SCHEMA() AND table_name = 'vet_specialties' AND column_name = 'name') AND objoid = (SELECT oid FROM pg_catalog.pg_class WHERE relname = 'vet_specialties' AND relnamespace = (SELECT oid FROM pg_catalog.pg_namespace WHERE nspname = CURRENT_SCHEMA()))

2025/02/13 14:38:52 /home/bryan/repos/skripsi/backend/setup/setup.go:78
[3.521ms] [rows:1] SELECT count(*) FROM information_schema.tables WHERE table_schema = CURRENT_SCHEMA() AND table_name = 'user_vet_specialties' AND table_type = 'BASE TABLE'

2025/02/13 14:38:52 /home/bryan/repos/skripsi/backend/setup/setup.go:78
[1.278ms] [rows:1] SELECT CURRENT_DATABASE()

2025/02/13 14:38:52 /home/bryan/repos/skripsi/backend/setup/setup.go:78
[12.971ms] [rows:-] SELECT c.column_name, c.is_nullable = 'YES', c.udt_name, c.character_maximum_length, c.numeric_precision, c.numeric_precision_radix, c.numeric_scale, c.datetime_precision, 8 * typlen, c.column_default, pd.description, c.identity_increment FROM information_schema.columns AS c JOIN pg_type AS pgt ON c.udt_name = pgt.typname LEFT JOIN pg_catalog.pg_description as pd ON pd.objsubid = c.ordinal_position AND pd.objoid = (SELECT oid FROM pg_catalog.pg_class WHERE relname = c.table_name AND relnamespace = (SELECT oid FROM pg_catalog.pg_namespace WHERE nspname = c.table_schema)) where table_catalog = $1$ AND table_schema = CURRENT_SCHEMA() AND table_name = $2$

2025/02/13 14:38:52 /home/bryan/repos/skripsi/backend/setup/setup.go:78
[1.293ms] [rows:-] SELECT * FROM "user_vet_specialties" LIMIT $1$

2025/02/13 14:38:52 /home/bryan/repos/skripsi/backend/setup/setup.go:78
[24.021ms] [rows:-] SELECT constraint_name FROM information_schema.table_constraints tc JOIN information_schema.constraint_column_usage AS ccu USING (constraint_schema, constraint_catalog, table_name, constraint_name) JOIN information_schema.columns AS c ON c.table_schema = tc.constraint_schema AND tc.table_name = c.table_name AND ccu.column_name = c.column_name WHERE constraint_type IN ('PRIMARY KEY', 'UNIQUE') AND c.table_catalog = $1$ AND c.table_schema = CURRENT_SCHEMA() AND c.table_name = $2$ AND constraint_type = $3$

2025/02/13 14:38:52 /home/bryan/repos/skripsi/backend/setup/setup.go:78
[22.361ms] [rows:-] SELECT c.column_name, constraint_name, constraint_type FROM information_schema.table_constraints tc JOIN information_schema.constraint_column_usage AS ccu USING (constraint_schema, constraint_catalog, table_name, constraint_name) JOIN information_schema.columns AS c ON c.table_schema = tc.constraint_schema AND tc.table_name = c.table_name AND ccu.column_name = c.column_name WHERE constraint_type IN ('PRIMARY KEY', 'UNIQUE') AND c.table_catalog = $1$ AND c.table_schema = CURRENT_SCHEMA() AND c.table_name = $2$

2025/02/13 14:38:52 /home/bryan/repos/skripsi/backend/setup/setup.go:78
[2.030ms] [rows:-] SELECT a.attname as column_name, format_type(a.atttypid, a.atttypmod) AS data_type
		FROM pg_attribute a JOIN pg_class b ON a.attrelid = b.oid AND relnamespace = (SELECT oid FROM pg_catalog.pg_namespace WHERE nspname = CURRENT_SCHEMA())
		WHERE a.attnum > 0 -- hide internal columns
		AND NOT a.attisdropped -- hide deleted columns
		AND b.relname = $1$

2025/02/13 14:38:52 /home/bryan/repos/skripsi/backend/setup/setup.go:78
[2.235ms] [rows:0] SELECT description FROM pg_catalog.pg_description WHERE objsubid = (SELECT ordinal_position FROM information_schema.columns WHERE table_schema = CURRENT_SCHEMA() AND table_name = 'user_vet_specialties' AND column_name = 'user_id') AND objoid = (SELECT oid FROM pg_catalog.pg_class WHERE relname = 'user_vet_specialties' AND relnamespace = (SELECT oid FROM pg_catalog.pg_namespace WHERE nspname = CURRENT_SCHEMA()))

2025/02/13 14:38:52 /home/bryan/repos/skripsi/backend/setup/setup.go:78
[1.841ms] [rows:0] SELECT description FROM pg_catalog.pg_description WHERE objsubid = (SELECT ordinal_position FROM information_schema.columns WHERE table_schema = CURRENT_SCHEMA() AND table_name = 'user_vet_specialties' AND column_name = 'vet_specialty_id') AND objoid = (SELECT oid FROM pg_catalog.pg_class WHERE relname = 'user_vet_specialties' AND relnamespace = (SELECT oid FROM pg_catalog.pg_namespace WHERE nspname = CURRENT_SCHEMA()))

2025/02/13 14:38:52 /home/bryan/repos/skripsi/backend/setup/setup.go:78
[4.339ms] [rows:1] SELECT count(*) FROM INFORMATION_SCHEMA.table_constraints WHERE table_schema = CURRENT_SCHEMA() AND table_name = 'user_vet_specialties' AND constraint_name = 'fk_user_vet_specialties_user'

2025/02/13 14:38:52 /home/bryan/repos/skripsi/backend/setup/setup.go:78
[5.276ms] [rows:1] SELECT count(*) FROM INFORMATION_SCHEMA.table_constraints WHERE table_schema = CURRENT_SCHEMA() AND table_name = 'user_vet_specialties' AND constraint_name = 'fk_user_vet_specialties_vet_specialty'

2025/02/13 14:38:52 /home/bryan/repos/skripsi/backend/setup/setup.go:78
[5.282ms] [rows:1] SELECT count(*) FROM information_schema.tables WHERE table_schema = CURRENT_SCHEMA() AND table_name = 'daily_walks' AND table_type = 'BASE TABLE'

2025/02/13 14:38:52 /home/bryan/repos/skripsi/backend/setup/setup.go:78
[1.600ms] [rows:1] SELECT CURRENT_DATABASE()

2025/02/13 14:38:52 /home/bryan/repos/skripsi/backend/setup/setup.go:78
[17.046ms] [rows:-] SELECT c.column_name, c.is_nullable = 'YES', c.udt_name, c.character_maximum_length, c.numeric_precision, c.numeric_precision_radix, c.numeric_scale, c.datetime_precision, 8 * typlen, c.column_default, pd.description, c.identity_increment FROM information_schema.columns AS c JOIN pg_type AS pgt ON c.udt_name = pgt.typname LEFT JOIN pg_catalog.pg_description as pd ON pd.objsubid = c.ordinal_position AND pd.objoid = (SELECT oid FROM pg_catalog.pg_class WHERE relname = c.table_name AND relnamespace = (SELECT oid FROM pg_catalog.pg_namespace WHERE nspname = c.table_schema)) where table_catalog = $1$ AND table_schema = CURRENT_SCHEMA() AND table_name = $2$

2025/02/13 14:38:52 /home/bryan/repos/skripsi/backend/setup/setup.go:78
[1.004ms] [rows:-] SELECT * FROM "daily_walks" LIMIT $1$

2025/02/13 14:38:52 /home/bryan/repos/skripsi/backend/setup/setup.go:78
[17.244ms] [rows:-] SELECT constraint_name FROM information_schema.table_constraints tc JOIN information_schema.constraint_column_usage AS ccu USING (constraint_schema, constraint_catalog, table_name, constraint_name) JOIN information_schema.columns AS c ON c.table_schema = tc.constraint_schema AND tc.table_name = c.table_name AND ccu.column_name = c.column_name WHERE constraint_type IN ('PRIMARY KEY', 'UNIQUE') AND c.table_catalog = $1$ AND c.table_schema = CURRENT_SCHEMA() AND c.table_name = $2$ AND constraint_type = $3$

2025/02/13 14:38:52 /home/bryan/repos/skripsi/backend/setup/setup.go:78
[16.739ms] [rows:-] SELECT c.column_name, constraint_name, constraint_type FROM information_schema.table_constraints tc JOIN information_schema.constraint_column_usage AS ccu USING (constraint_schema, constraint_catalog, table_name, constraint_name) JOIN information_schema.columns AS c ON c.table_schema = tc.constraint_schema AND tc.table_name = c.table_name AND ccu.column_name = c.column_name WHERE constraint_type IN ('PRIMARY KEY', 'UNIQUE') AND c.table_catalog = $1$ AND c.table_schema = CURRENT_SCHEMA() AND c.table_name = $2$

2025/02/13 14:38:52 /home/bryan/repos/skripsi/backend/setup/setup.go:78
[1.792ms] [rows:-] SELECT a.attname as column_name, format_type(a.atttypid, a.atttypmod) AS data_type
		FROM pg_attribute a JOIN pg_class b ON a.attrelid = b.oid AND relnamespace = (SELECT oid FROM pg_catalog.pg_namespace WHERE nspname = CURRENT_SCHEMA())
		WHERE a.attnum > 0 -- hide internal columns
		AND NOT a.attisdropped -- hide deleted columns
		AND b.relname = $1$

2025/02/13 14:38:52 /home/bryan/repos/skripsi/backend/setup/setup.go:78
[1.563ms] [rows:0] SELECT description FROM pg_catalog.pg_description WHERE objsubid = (SELECT ordinal_position FROM information_schema.columns WHERE table_schema = CURRENT_SCHEMA() AND table_name = 'daily_walks' AND column_name = 'id') AND objoid = (SELECT oid FROM pg_catalog.pg_class WHERE relname = 'daily_walks' AND relnamespace = (SELECT oid FROM pg_catalog.pg_namespace WHERE nspname = CURRENT_SCHEMA()))

2025/02/13 14:38:52 /home/bryan/repos/skripsi/backend/setup/setup.go:78
[1.543ms] [rows:0] SELECT description FROM pg_catalog.pg_description WHERE objsubid = (SELECT ordinal_position FROM information_schema.columns WHERE table_schema = CURRENT_SCHEMA() AND table_name = 'daily_walks' AND column_name = 'name') AND objoid = (SELECT oid FROM pg_catalog.pg_class WHERE relname = 'daily_walks' AND relnamespace = (SELECT oid FROM pg_catalog.pg_namespace WHERE nspname = CURRENT_SCHEMA()))

2025/02/13 14:38:52 /home/bryan/repos/skripsi/backend/setup/setup.go:78
[2.199ms] [rows:1] SELECT count(*) FROM information_schema.tables WHERE table_schema = CURRENT_SCHEMA() AND table_name = 'daily_playtimes' AND table_type = 'BASE TABLE'

2025/02/13 14:38:52 /home/bryan/repos/skripsi/backend/setup/setup.go:78
[0.789ms] [rows:1] SELECT CURRENT_DATABASE()

2025/02/13 14:38:52 /home/bryan/repos/skripsi/backend/setup/setup.go:78
[11.635ms] [rows:-] SELECT c.column_name, c.is_nullable = 'YES', c.udt_name, c.character_maximum_length, c.numeric_precision, c.numeric_precision_radix, c.numeric_scale, c.datetime_precision, 8 * typlen, c.column_default, pd.description, c.identity_increment FROM information_schema.columns AS c JOIN pg_type AS pgt ON c.udt_name = pgt.typname LEFT JOIN pg_catalog.pg_description as pd ON pd.objsubid = c.ordinal_position AND pd.objoid = (SELECT oid FROM pg_catalog.pg_class WHERE relname = c.table_name AND relnamespace = (SELECT oid FROM pg_catalog.pg_namespace WHERE nspname = c.table_schema)) where table_catalog = $1$ AND table_schema = CURRENT_SCHEMA() AND table_name = $2$

2025/02/13 14:38:52 /home/bryan/repos/skripsi/backend/setup/setup.go:78
[1.049ms] [rows:-] SELECT * FROM "daily_playtimes" LIMIT $1$

2025/02/13 14:38:52 /home/bryan/repos/skripsi/backend/setup/setup.go:78
[16.389ms] [rows:-] SELECT constraint_name FROM information_schema.table_constraints tc JOIN information_schema.constraint_column_usage AS ccu USING (constraint_schema, constraint_catalog, table_name, constraint_name) JOIN information_schema.columns AS c ON c.table_schema = tc.constraint_schema AND tc.table_name = c.table_name AND ccu.column_name = c.column_name WHERE constraint_type IN ('PRIMARY KEY', 'UNIQUE') AND c.table_catalog = $1$ AND c.table_schema = CURRENT_SCHEMA() AND c.table_name = $2$ AND constraint_type = $3$

2025/02/13 14:38:52 /home/bryan/repos/skripsi/backend/setup/setup.go:78
[16.292ms] [rows:-] SELECT c.column_name, constraint_name, constraint_type FROM information_schema.table_constraints tc JOIN information_schema.constraint_column_usage AS ccu USING (constraint_schema, constraint_catalog, table_name, constraint_name) JOIN information_schema.columns AS c ON c.table_schema = tc.constraint_schema AND tc.table_name = c.table_name AND ccu.column_name = c.column_name WHERE constraint_type IN ('PRIMARY KEY', 'UNIQUE') AND c.table_catalog = $1$ AND c.table_schema = CURRENT_SCHEMA() AND c.table_name = $2$

2025/02/13 14:38:52 /home/bryan/repos/skripsi/backend/setup/setup.go:78
[1.790ms] [rows:-] SELECT a.attname as column_name, format_type(a.atttypid, a.atttypmod) AS data_type
		FROM pg_attribute a JOIN pg_class b ON a.attrelid = b.oid AND relnamespace = (SELECT oid FROM pg_catalog.pg_namespace WHERE nspname = CURRENT_SCHEMA())
		WHERE a.attnum > 0 -- hide internal columns
		AND NOT a.attisdropped -- hide deleted columns
		AND b.relname = $1$

2025/02/13 14:38:52 /home/bryan/repos/skripsi/backend/setup/setup.go:78
[1.485ms] [rows:0] SELECT description FROM pg_catalog.pg_description WHERE objsubid = (SELECT ordinal_position FROM information_schema.columns WHERE table_schema = CURRENT_SCHEMA() AND table_name = 'daily_playtimes' AND column_name = 'id') AND objoid = (SELECT oid FROM pg_catalog.pg_class WHERE relname = 'daily_playtimes' AND relnamespace = (SELECT oid FROM pg_catalog.pg_namespace WHERE nspname = CURRENT_SCHEMA()))

2025/02/13 14:38:52 /home/bryan/repos/skripsi/backend/setup/setup.go:78
[1.790ms] [rows:0] SELECT description FROM pg_catalog.pg_description WHERE objsubid = (SELECT ordinal_position FROM information_schema.columns WHERE table_schema = CURRENT_SCHEMA() AND table_name = 'daily_playtimes' AND column_name = 'name') AND objoid = (SELECT oid FROM pg_catalog.pg_class WHERE relname = 'daily_playtimes' AND relnamespace = (SELECT oid FROM pg_catalog.pg_namespace WHERE nspname = CURRENT_SCHEMA()))

2025/02/13 14:38:52 /home/bryan/repos/skripsi/backend/setup/setup.go:78
[1.198ms] [rows:1] SELECT count(*) FROM information_schema.tables WHERE table_schema = CURRENT_SCHEMA() AND table_name = 'pet_daycares' AND table_type = 'BASE TABLE'

2025/02/13 14:38:52 /home/bryan/repos/skripsi/backend/setup/setup.go:78
[0.769ms] [rows:1] SELECT CURRENT_DATABASE()

2025/02/13 14:38:52 /home/bryan/repos/skripsi/backend/setup/setup.go:78
[4.718ms] [rows:-] SELECT c.column_name, c.is_nullable = 'YES', c.udt_name, c.character_maximum_length, c.numeric_precision, c.numeric_precision_radix, c.numeric_scale, c.datetime_precision, 8 * typlen, c.column_default, pd.description, c.identity_increment FROM information_schema.columns AS c JOIN pg_type AS pgt ON c.udt_name = pgt.typname LEFT JOIN pg_catalog.pg_description as pd ON pd.objsubid = c.ordinal_position AND pd.objoid = (SELECT oid FROM pg_catalog.pg_class WHERE relname = c.table_name AND relnamespace = (SELECT oid FROM pg_catalog.pg_namespace WHERE nspname = c.table_schema)) where table_catalog = $1$ AND table_schema = CURRENT_SCHEMA() AND table_name = $2$

2025/02/13 14:38:52 /home/bryan/repos/skripsi/backend/setup/setup.go:78
[1.174ms] [rows:-] SELECT * FROM "pet_daycares" LIMIT $1$

2025/02/13 14:38:52 /home/bryan/repos/skripsi/backend/setup/setup.go:78
[6.521ms] [rows:-] SELECT constraint_name FROM information_schema.table_constraints tc JOIN information_schema.constraint_column_usage AS ccu USING (constraint_schema, constraint_catalog, table_name, constraint_name) JOIN information_schema.columns AS c ON c.table_schema = tc.constraint_schema AND tc.table_name = c.table_name AND ccu.column_name = c.column_name WHERE constraint_type IN ('PRIMARY KEY', 'UNIQUE') AND c.table_catalog = $1$ AND c.table_schema = CURRENT_SCHEMA() AND c.table_name = $2$ AND constraint_type = $3$

2025/02/13 14:38:52 /home/bryan/repos/skripsi/backend/setup/setup.go:78
[6.479ms] [rows:-] SELECT c.column_name, constraint_name, constraint_type FROM information_schema.table_constraints tc JOIN information_schema.constraint_column_usage AS ccu USING (constraint_schema, constraint_catalog, table_name, constraint_name) JOIN information_schema.columns AS c ON c.table_schema = tc.constraint_schema AND tc.table_name = c.table_name AND ccu.column_name = c.column_name WHERE constraint_type IN ('PRIMARY KEY', 'UNIQUE') AND c.table_catalog = $1$ AND c.table_schema = CURRENT_SCHEMA() AND c.table_name = $2$

2025/02/13 14:38:52 /home/bryan/repos/skripsi/backend/setup/setup.go:78
[0.949ms] [rows:-] SELECT a.attname as column_name, format_type(a.atttypid, a.atttypmod) AS data_type
		FROM pg_attribute a JOIN pg_class b ON a.attrelid = b.oid AND relnamespace = (SELECT oid FROM pg_catalog.pg_namespace WHERE nspname = CURRENT_SCHEMA())
		WHERE a.attnum > 0 -- hide internal columns
		AND NOT a.attisdropped -- hide deleted columns
		AND b.relname = $1$

2025/02/13 14:38:52 /home/bryan/repos/skripsi/backend/setup/setup.go:78
[1.284ms] [rows:0] SELECT description FROM pg_catalog.pg_description WHERE objsubid = (SELECT ordinal_position FROM information_schema.columns WHERE table_schema = CURRENT_SCHEMA() AND table_name = 'pet_daycares' AND column_name = 'id') AND objoid = (SELECT oid FROM pg_catalog.pg_class WHERE relname = 'pet_daycares' AND relnamespace = (SELECT oid FROM pg_catalog.pg_namespace WHERE nspname = CURRENT_SCHEMA()))

2025/02/13 14:38:52 /home/bryan/repos/skripsi/backend/setup/setup.go:78
[1.257ms] [rows:0] SELECT description FROM pg_catalog.pg_description WHERE objsubid = (SELECT ordinal_position FROM information_schema.columns WHERE table_schema = CURRENT_SCHEMA() AND table_name = 'pet_daycares' AND column_name = 'created_at') AND objoid = (SELECT oid FROM pg_catalog.pg_class WHERE relname = 'pet_daycares' AND relnamespace = (SELECT oid FROM pg_catalog.pg_namespace WHERE nspname = CURRENT_SCHEMA()))

2025/02/13 14:38:52 /home/bryan/repos/skripsi/backend/setup/setup.go:78
[1.470ms] [rows:0] SELECT description FROM pg_catalog.pg_description WHERE objsubid = (SELECT ordinal_position FROM information_schema.columns WHERE table_schema = CURRENT_SCHEMA() AND table_name = 'pet_daycares' AND column_name = 'updated_at') AND objoid = (SELECT oid FROM pg_catalog.pg_class WHERE relname = 'pet_daycares' AND relnamespace = (SELECT oid FROM pg_catalog.pg_namespace WHERE nspname = CURRENT_SCHEMA()))

2025/02/13 14:38:52 /home/bryan/repos/skripsi/backend/setup/setup.go:78
[1.355ms] [rows:0] SELECT description FROM pg_catalog.pg_description WHERE objsubid = (SELECT ordinal_position FROM information_schema.columns WHERE table_schema = CURRENT_SCHEMA() AND table_name = 'pet_daycares' AND column_name = 'deleted_at') AND objoid = (SELECT oid FROM pg_catalog.pg_class WHERE relname = 'pet_daycares' AND relnamespace = (SELECT oid FROM pg_catalog.pg_namespace WHERE nspname = CURRENT_SCHEMA()))

2025/02/13 14:38:52 /home/bryan/repos/skripsi/backend/setup/setup.go:78
[1.478ms] [rows:0] SELECT description FROM pg_catalog.pg_description WHERE objsubid = (SELECT ordinal_position FROM information_schema.columns WHERE table_schema = CURRENT_SCHEMA() AND table_name = 'pet_daycares' AND column_name = 'name') AND objoid = (SELECT oid FROM pg_catalog.pg_class WHERE relname = 'pet_daycares' AND relnamespace = (SELECT oid FROM pg_catalog.pg_namespace WHERE nspname = CURRENT_SCHEMA()))

2025/02/13 14:38:52 /home/bryan/repos/skripsi/backend/setup/setup.go:78
[1.360ms] [rows:0] SELECT description FROM pg_catalog.pg_description WHERE objsubid = (SELECT ordinal_position FROM information_schema.columns WHERE table_schema = CURRENT_SCHEMA() AND table_name = 'pet_daycares' AND column_name = 'address') AND objoid = (SELECT oid FROM pg_catalog.pg_class WHERE relname = 'pet_daycares' AND relnamespace = (SELECT oid FROM pg_catalog.pg_namespace WHERE nspname = CURRENT_SCHEMA()))

2025/02/13 14:38:52 /home/bryan/repos/skripsi/backend/setup/setup.go:78
[1.463ms] [rows:0] SELECT description FROM pg_catalog.pg_description WHERE objsubid = (SELECT ordinal_position FROM information_schema.columns WHERE table_schema = CURRENT_SCHEMA() AND table_name = 'pet_daycares' AND column_name = 'latitude') AND objoid = (SELECT oid FROM pg_catalog.pg_class WHERE relname = 'pet_daycares' AND relnamespace = (SELECT oid FROM pg_catalog.pg_namespace WHERE nspname = CURRENT_SCHEMA()))

2025/02/13 14:38:52 /home/bryan/repos/skripsi/backend/setup/setup.go:78
[1.475ms] [rows:0] SELECT description FROM pg_catalog.pg_description WHERE objsubid = (SELECT ordinal_position FROM information_schema.columns WHERE table_schema = CURRENT_SCHEMA() AND table_name = 'pet_daycares' AND column_name = 'longitude') AND objoid = (SELECT oid FROM pg_catalog.pg_class WHERE relname = 'pet_daycares' AND relnamespace = (SELECT oid FROM pg_catalog.pg_namespace WHERE nspname = CURRENT_SCHEMA()))

2025/02/13 14:38:52 /home/bryan/repos/skripsi/backend/setup/setup.go:78
[1.904ms] [rows:0] SELECT description FROM pg_catalog.pg_description WHERE objsubid = (SELECT ordinal_position FROM information_schema.columns WHERE table_schema = CURRENT_SCHEMA() AND table_name = 'pet_daycares' AND column_name = 'price') AND objoid = (SELECT oid FROM pg_catalog.pg_class WHERE relname = 'pet_daycares' AND relnamespace = (SELECT oid FROM pg_catalog.pg_namespace WHERE nspname = CURRENT_SCHEMA()))

2025/02/13 14:38:52 /home/bryan/repos/skripsi/backend/setup/setup.go:78
[2.008ms] [rows:0] SELECT description FROM pg_catalog.pg_description WHERE objsubid = (SELECT ordinal_position FROM information_schema.columns WHERE table_schema = CURRENT_SCHEMA() AND table_name = 'pet_daycares' AND column_name = 'pricing_type') AND objoid = (SELECT oid FROM pg_catalog.pg_class WHERE relname = 'pet_daycares' AND relnamespace = (SELECT oid FROM pg_catalog.pg_namespace WHERE nspname = CURRENT_SCHEMA()))

2025/02/13 14:38:52 /home/bryan/repos/skripsi/backend/setup/setup.go:78
[1.509ms] [rows:0] SELECT description FROM pg_catalog.pg_description WHERE objsubid = (SELECT ordinal_position FROM information_schema.columns WHERE table_schema = CURRENT_SCHEMA() AND table_name = 'pet_daycares' AND column_name = 'description') AND objoid = (SELECT oid FROM pg_catalog.pg_class WHERE relname = 'pet_daycares' AND relnamespace = (SELECT oid FROM pg_catalog.pg_namespace WHERE nspname = CURRENT_SCHEMA()))

2025/02/13 14:38:52 /home/bryan/repos/skripsi/backend/setup/setup.go:78
[1.344ms] [rows:0] SELECT description FROM pg_catalog.pg_description WHERE objsubid = (SELECT ordinal_position FROM information_schema.columns WHERE table_schema = CURRENT_SCHEMA() AND table_name = 'pet_daycares' AND column_name = 'has_pickup_service') AND objoid = (SELECT oid FROM pg_catalog.pg_class WHERE relname = 'pet_daycares' AND relnamespace = (SELECT oid FROM pg_catalog.pg_namespace WHERE nspname = CURRENT_SCHEMA()))

2025/02/13 14:38:52 /home/bryan/repos/skripsi/backend/setup/setup.go:78
[1.370ms] [rows:0] SELECT description FROM pg_catalog.pg_description WHERE objsubid = (SELECT ordinal_position FROM information_schema.columns WHERE table_schema = CURRENT_SCHEMA() AND table_name = 'pet_daycares' AND column_name = 'must_be_vaccinated') AND objoid = (SELECT oid FROM pg_catalog.pg_class WHERE relname = 'pet_daycares' AND relnamespace = (SELECT oid FROM pg_catalog.pg_namespace WHERE nspname = CURRENT_SCHEMA()))

2025/02/13 14:38:52 /home/bryan/repos/skripsi/backend/setup/setup.go:78
[1.327ms] [rows:0] SELECT description FROM pg_catalog.pg_description WHERE objsubid = (SELECT ordinal_position FROM information_schema.columns WHERE table_schema = CURRENT_SCHEMA() AND table_name = 'pet_daycares' AND column_name = 'food_provided') AND objoid = (SELECT oid FROM pg_catalog.pg_class WHERE relname = 'pet_daycares' AND relnamespace = (SELECT oid FROM pg_catalog.pg_namespace WHERE nspname = CURRENT_SCHEMA()))

2025/02/13 14:38:52 /home/bryan/repos/skripsi/backend/setup/setup.go:78
[1.369ms] [rows:0] SELECT description FROM pg_catalog.pg_description WHERE objsubid = (SELECT ordinal_position FROM information_schema.columns WHERE table_schema = CURRENT_SCHEMA() AND table_name = 'pet_daycares' AND column_name = 'grooming_available') AND objoid = (SELECT oid FROM pg_catalog.pg_class WHERE relname = 'pet_daycares' AND relnamespace = (SELECT oid FROM pg_catalog.pg_namespace WHERE nspname = CURRENT_SCHEMA()))

2025/02/13 14:38:52 /home/bryan/repos/skripsi/backend/setup/setup.go:78
[1.388ms] [rows:0] SELECT description FROM pg_catalog.pg_description WHERE objsubid = (SELECT ordinal_position FROM information_schema.columns WHERE table_schema = CURRENT_SCHEMA() AND table_name = 'pet_daycares' AND column_name = 'booked_num') AND objoid = (SELECT oid FROM pg_catalog.pg_class WHERE relname = 'pet_daycares' AND relnamespace = (SELECT oid FROM pg_catalog.pg_namespace WHERE nspname = CURRENT_SCHEMA()))

2025/02/13 14:38:52 /home/bryan/repos/skripsi/backend/setup/setup.go:78
[1.403ms] [rows:0] SELECT description FROM pg_catalog.pg_description WHERE objsubid = (SELECT ordinal_position FROM information_schema.columns WHERE table_schema = CURRENT_SCHEMA() AND table_name = 'pet_daycares' AND column_name = 'daily_walks_id') AND objoid = (SELECT oid FROM pg_catalog.pg_class WHERE relname = 'pet_daycares' AND relnamespace = (SELECT oid FROM pg_catalog.pg_namespace WHERE nspname = CURRENT_SCHEMA()))

2025/02/13 14:38:52 /home/bryan/repos/skripsi/backend/setup/setup.go:78
[4.505ms] [rows:0] SELECT description FROM pg_catalog.pg_description WHERE objsubid = (SELECT ordinal_position FROM information_schema.columns WHERE table_schema = CURRENT_SCHEMA() AND table_name = 'pet_daycares' AND column_name = 'daily_playtime_id') AND objoid = (SELECT oid FROM pg_catalog.pg_class WHERE relname = 'pet_daycares' AND relnamespace = (SELECT oid FROM pg_catalog.pg_namespace WHERE nspname = CURRENT_SCHEMA()))

2025/02/13 14:38:52 /home/bryan/repos/skripsi/backend/setup/setup.go:78
[1.369ms] [rows:0] SELECT description FROM pg_catalog.pg_description WHERE objsubid = (SELECT ordinal_position FROM information_schema.columns WHERE table_schema = CURRENT_SCHEMA() AND table_name = 'pet_daycares' AND column_name = 'owner_id') AND objoid = (SELECT oid FROM pg_catalog.pg_class WHERE relname = 'pet_daycares' AND relnamespace = (SELECT oid FROM pg_catalog.pg_namespace WHERE nspname = CURRENT_SCHEMA()))

2025/02/13 14:38:52 /home/bryan/repos/skripsi/backend/setup/setup.go:78
[1.397ms] [rows:0] SELECT description FROM pg_catalog.pg_description WHERE objsubid = (SELECT ordinal_position FROM information_schema.columns WHERE table_schema = CURRENT_SCHEMA() AND table_name = 'pet_daycares' AND column_name = 'food_brand') AND objoid = (SELECT oid FROM pg_catalog.pg_class WHERE relname = 'pet_daycares' AND relnamespace = (SELECT oid FROM pg_catalog.pg_namespace WHERE nspname = CURRENT_SCHEMA()))

2025/02/13 14:38:52 /home/bryan/repos/skripsi/backend/setup/setup.go:78
[4.366ms] [rows:1] SELECT count(*) FROM INFORMATION_SCHEMA.table_constraints WHERE table_schema = CURRENT_SCHEMA() AND table_name = 'pet_daycares' AND constraint_name = 'fk_users_pet_daycare'

2025/02/13 14:38:52 /home/bryan/repos/skripsi/backend/setup/setup.go:78
[3.720ms] [rows:1] SELECT count(*) FROM INFORMATION_SCHEMA.table_constraints WHERE table_schema = CURRENT_SCHEMA() AND table_name = 'pet_daycares' AND constraint_name = 'fk_pet_daycares_daily_walks'

2025/02/13 14:38:52 /home/bryan/repos/skripsi/backend/setup/setup.go:78
[3.431ms] [rows:1] SELECT count(*) FROM INFORMATION_SCHEMA.table_constraints WHERE table_schema = CURRENT_SCHEMA() AND table_name = 'pet_daycares' AND constraint_name = 'fk_pet_daycares_daily_playtime'

2025/02/13 14:38:52 /home/bryan/repos/skripsi/backend/setup/setup.go:78
[2.456ms] [rows:1] SELECT count(*) FROM pg_indexes WHERE tablename = 'pet_daycares' AND indexname = 'idx_pet_daycares_deleted_at' AND schemaname = CURRENT_SCHEMA()

2025/02/13 14:38:52 /home/bryan/repos/skripsi/backend/setup/setup.go:78
[1.186ms] [rows:1] SELECT count(*) FROM information_schema.tables WHERE table_schema = CURRENT_SCHEMA() AND table_name = 'species' AND table_type = 'BASE TABLE'

2025/02/13 14:38:52 /home/bryan/repos/skripsi/backend/setup/setup.go:78
[0.757ms] [rows:1] SELECT CURRENT_DATABASE()

2025/02/13 14:38:52 /home/bryan/repos/skripsi/backend/setup/setup.go:78
[2.884ms] [rows:-] SELECT c.column_name, c.is_nullable = 'YES', c.udt_name, c.character_maximum_length, c.numeric_precision, c.numeric_precision_radix, c.numeric_scale, c.datetime_precision, 8 * typlen, c.column_default, pd.description, c.identity_increment FROM information_schema.columns AS c JOIN pg_type AS pgt ON c.udt_name = pgt.typname LEFT JOIN pg_catalog.pg_description as pd ON pd.objsubid = c.ordinal_position AND pd.objoid = (SELECT oid FROM pg_catalog.pg_class WHERE relname = c.table_name AND relnamespace = (SELECT oid FROM pg_catalog.pg_namespace WHERE nspname = c.table_schema)) where table_catalog = $1$ AND table_schema = CURRENT_SCHEMA() AND table_name = $2$

2025/02/13 14:38:52 /home/bryan/repos/skripsi/backend/setup/setup.go:78
[0.969ms] [rows:-] SELECT * FROM "species" LIMIT $1$

2025/02/13 14:38:52 /home/bryan/repos/skripsi/backend/setup/setup.go:78
[2.292ms] [rows:-] SELECT constraint_name FROM information_schema.table_constraints tc JOIN information_schema.constraint_column_usage AS ccu USING (constraint_schema, constraint_catalog, table_name, constraint_name) JOIN information_schema.columns AS c ON c.table_schema = tc.constraint_schema AND tc.table_name = c.table_name AND ccu.column_name = c.column_name WHERE constraint_type IN ('PRIMARY KEY', 'UNIQUE') AND c.table_catalog = $1$ AND c.table_schema = CURRENT_SCHEMA() AND c.table_name = $2$ AND constraint_type = $3$

2025/02/13 14:38:52 /home/bryan/repos/skripsi/backend/setup/setup.go:78
[2.277ms] [rows:-] SELECT c.column_name, constraint_name, constraint_type FROM information_schema.table_constraints tc JOIN information_schema.constraint_column_usage AS ccu USING (constraint_schema, constraint_catalog, table_name, constraint_name) JOIN information_schema.columns AS c ON c.table_schema = tc.constraint_schema AND tc.table_name = c.table_name AND ccu.column_name = c.column_name WHERE constraint_type IN ('PRIMARY KEY', 'UNIQUE') AND c.table_catalog = $1$ AND c.table_schema = CURRENT_SCHEMA() AND c.table_name = $2$

2025/02/13 14:38:52 /home/bryan/repos/skripsi/backend/setup/setup.go:78
[0.992ms] [rows:-] SELECT a.attname as column_name, format_type(a.atttypid, a.atttypmod) AS data_type
		FROM pg_attribute a JOIN pg_class b ON a.attrelid = b.oid AND relnamespace = (SELECT oid FROM pg_catalog.pg_namespace WHERE nspname = CURRENT_SCHEMA())
		WHERE a.attnum > 0 -- hide internal columns
		AND NOT a.attisdropped -- hide deleted columns
		AND b.relname = $1$

2025/02/13 14:38:52 /home/bryan/repos/skripsi/backend/setup/setup.go:78
[1.539ms] [rows:0] SELECT description FROM pg_catalog.pg_description WHERE objsubid = (SELECT ordinal_position FROM information_schema.columns WHERE table_schema = CURRENT_SCHEMA() AND table_name = 'species' AND column_name = 'id') AND objoid = (SELECT oid FROM pg_catalog.pg_class WHERE relname = 'species' AND relnamespace = (SELECT oid FROM pg_catalog.pg_namespace WHERE nspname = CURRENT_SCHEMA()))

2025/02/13 14:38:52 /home/bryan/repos/skripsi/backend/setup/setup.go:78
[1.326ms] [rows:0] SELECT description FROM pg_catalog.pg_description WHERE objsubid = (SELECT ordinal_position FROM information_schema.columns WHERE table_schema = CURRENT_SCHEMA() AND table_name = 'species' AND column_name = 'name') AND objoid = (SELECT oid FROM pg_catalog.pg_class WHERE relname = 'species' AND relnamespace = (SELECT oid FROM pg_catalog.pg_namespace WHERE nspname = CURRENT_SCHEMA()))

2025/02/13 14:38:52 /home/bryan/repos/skripsi/backend/setup/setup.go:78
[1.090ms] [rows:1] SELECT count(*) FROM information_schema.tables WHERE table_schema = CURRENT_SCHEMA() AND table_name = 'size_categories' AND table_type = 'BASE TABLE'

2025/02/13 14:38:52 /home/bryan/repos/skripsi/backend/setup/setup.go:78
[0.695ms] [rows:1] SELECT CURRENT_DATABASE()

2025/02/13 14:38:52 /home/bryan/repos/skripsi/backend/setup/setup.go:78
[2.799ms] [rows:-] SELECT c.column_name, c.is_nullable = 'YES', c.udt_name, c.character_maximum_length, c.numeric_precision, c.numeric_precision_radix, c.numeric_scale, c.datetime_precision, 8 * typlen, c.column_default, pd.description, c.identity_increment FROM information_schema.columns AS c JOIN pg_type AS pgt ON c.udt_name = pgt.typname LEFT JOIN pg_catalog.pg_description as pd ON pd.objsubid = c.ordinal_position AND pd.objoid = (SELECT oid FROM pg_catalog.pg_class WHERE relname = c.table_name AND relnamespace = (SELECT oid FROM pg_catalog.pg_namespace WHERE nspname = c.table_schema)) where table_catalog = $1$ AND table_schema = CURRENT_SCHEMA() AND table_name = $2$

2025/02/13 14:38:52 /home/bryan/repos/skripsi/backend/setup/setup.go:78
[0.763ms] [rows:-] SELECT * FROM "size_categories" LIMIT $1$

2025/02/13 14:38:52 /home/bryan/repos/skripsi/backend/setup/setup.go:78
[2.339ms] [rows:-] SELECT constraint_name FROM information_schema.table_constraints tc JOIN information_schema.constraint_column_usage AS ccu USING (constraint_schema, constraint_catalog, table_name, constraint_name) JOIN information_schema.columns AS c ON c.table_schema = tc.constraint_schema AND tc.table_name = c.table_name AND ccu.column_name = c.column_name WHERE constraint_type IN ('PRIMARY KEY', 'UNIQUE') AND c.table_catalog = $1$ AND c.table_schema = CURRENT_SCHEMA() AND c.table_name = $2$ AND constraint_type = $3$

2025/02/13 14:38:52 /home/bryan/repos/skripsi/backend/setup/setup.go:78
[2.341ms] [rows:-] SELECT c.column_name, constraint_name, constraint_type FROM information_schema.table_constraints tc JOIN information_schema.constraint_column_usage AS ccu USING (constraint_schema, constraint_catalog, table_name, constraint_name) JOIN information_schema.columns AS c ON c.table_schema = tc.constraint_schema AND tc.table_name = c.table_name AND ccu.column_name = c.column_name WHERE constraint_type IN ('PRIMARY KEY', 'UNIQUE') AND c.table_catalog = $1$ AND c.table_schema = CURRENT_SCHEMA() AND c.table_name = $2$

2025/02/13 14:38:52 /home/bryan/repos/skripsi/backend/setup/setup.go:78
[0.800ms] [rows:-] SELECT a.attname as column_name, format_type(a.atttypid, a.atttypmod) AS data_type
		FROM pg_attribute a JOIN pg_class b ON a.attrelid = b.oid AND relnamespace = (SELECT oid FROM pg_catalog.pg_namespace WHERE nspname = CURRENT_SCHEMA())
		WHERE a.attnum > 0 -- hide internal columns
		AND NOT a.attisdropped -- hide deleted columns
		AND b.relname = $1$

2025/02/13 14:38:52 /home/bryan/repos/skripsi/backend/setup/setup.go:78
[1.252ms] [rows:0] SELECT description FROM pg_catalog.pg_description WHERE objsubid = (SELECT ordinal_position FROM information_schema.columns WHERE table_schema = CURRENT_SCHEMA() AND table_name = 'size_categories' AND column_name = 'id') AND objoid = (SELECT oid FROM pg_catalog.pg_class WHERE relname = 'size_categories' AND relnamespace = (SELECT oid FROM pg_catalog.pg_namespace WHERE nspname = CURRENT_SCHEMA()))

2025/02/13 14:38:52 /home/bryan/repos/skripsi/backend/setup/setup.go:78
[1.301ms] [rows:0] SELECT description FROM pg_catalog.pg_description WHERE objsubid = (SELECT ordinal_position FROM information_schema.columns WHERE table_schema = CURRENT_SCHEMA() AND table_name = 'size_categories' AND column_name = 'name') AND objoid = (SELECT oid FROM pg_catalog.pg_class WHERE relname = 'size_categories' AND relnamespace = (SELECT oid FROM pg_catalog.pg_namespace WHERE nspname = CURRENT_SCHEMA()))

2025/02/13 14:38:52 /home/bryan/repos/skripsi/backend/setup/setup.go:78
[1.293ms] [rows:0] SELECT description FROM pg_catalog.pg_description WHERE objsubid = (SELECT ordinal_position FROM information_schema.columns WHERE table_schema = CURRENT_SCHEMA() AND table_name = 'size_categories' AND column_name = 'min_weight') AND objoid = (SELECT oid FROM pg_catalog.pg_class WHERE relname = 'size_categories' AND relnamespace = (SELECT oid FROM pg_catalog.pg_namespace WHERE nspname = CURRENT_SCHEMA()))

2025/02/13 14:38:52 /home/bryan/repos/skripsi/backend/setup/setup.go:78
[1.338ms] [rows:0] SELECT description FROM pg_catalog.pg_description WHERE objsubid = (SELECT ordinal_position FROM information_schema.columns WHERE table_schema = CURRENT_SCHEMA() AND table_name = 'size_categories' AND column_name = 'max_weight') AND objoid = (SELECT oid FROM pg_catalog.pg_class WHERE relname = 'size_categories' AND relnamespace = (SELECT oid FROM pg_catalog.pg_namespace WHERE nspname = CURRENT_SCHEMA()))

2025/02/13 14:38:52 /home/bryan/repos/skripsi/backend/setup/setup.go:78
[1.017ms] [rows:1] SELECT count(*) FROM information_schema.tables WHERE table_schema = CURRENT_SCHEMA() AND table_name = 'pets' AND table_type = 'BASE TABLE'

2025/02/13 14:38:52 /home/bryan/repos/skripsi/backend/setup/setup.go:78
[0.719ms] [rows:1] SELECT CURRENT_DATABASE()

2025/02/13 14:38:52 /home/bryan/repos/skripsi/backend/setup/setup.go:78
[3.294ms] [rows:-] SELECT c.column_name, c.is_nullable = 'YES', c.udt_name, c.character_maximum_length, c.numeric_precision, c.numeric_precision_radix, c.numeric_scale, c.datetime_precision, 8 * typlen, c.column_default, pd.description, c.identity_increment FROM information_schema.columns AS c JOIN pg_type AS pgt ON c.udt_name = pgt.typname LEFT JOIN pg_catalog.pg_description as pd ON pd.objsubid = c.ordinal_position AND pd.objoid = (SELECT oid FROM pg_catalog.pg_class WHERE relname = c.table_name AND relnamespace = (SELECT oid FROM pg_catalog.pg_namespace WHERE nspname = c.table_schema)) where table_catalog = $1$ AND table_schema = CURRENT_SCHEMA() AND table_name = $2$

2025/02/13 14:38:52 /home/bryan/repos/skripsi/backend/setup/setup.go:78
[0.923ms] [rows:-] SELECT * FROM "pets" LIMIT $1$

2025/02/13 14:38:52 /home/bryan/repos/skripsi/backend/setup/setup.go:78
[3.016ms] [rows:-] SELECT constraint_name FROM information_schema.table_constraints tc JOIN information_schema.constraint_column_usage AS ccu USING (constraint_schema, constraint_catalog, table_name, constraint_name) JOIN information_schema.columns AS c ON c.table_schema = tc.constraint_schema AND tc.table_name = c.table_name AND ccu.column_name = c.column_name WHERE constraint_type IN ('PRIMARY KEY', 'UNIQUE') AND c.table_catalog = $1$ AND c.table_schema = CURRENT_SCHEMA() AND c.table_name = $2$ AND constraint_type = $3$

2025/02/13 14:38:52 /home/bryan/repos/skripsi/backend/setup/setup.go:78
[3.042ms] [rows:-] SELECT c.column_name, constraint_name, constraint_type FROM information_schema.table_constraints tc JOIN information_schema.constraint_column_usage AS ccu USING (constraint_schema, constraint_catalog, table_name, constraint_name) JOIN information_schema.columns AS c ON c.table_schema = tc.constraint_schema AND tc.table_name = c.table_name AND ccu.column_name = c.column_name WHERE constraint_type IN ('PRIMARY KEY', 'UNIQUE') AND c.table_catalog = $1$ AND c.table_schema = CURRENT_SCHEMA() AND c.table_name = $2$

2025/02/13 14:38:52 /home/bryan/repos/skripsi/backend/setup/setup.go:78
[0.847ms] [rows:-] SELECT a.attname as column_name, format_type(a.atttypid, a.atttypmod) AS data_type
		FROM pg_attribute a JOIN pg_class b ON a.attrelid = b.oid AND relnamespace = (SELECT oid FROM pg_catalog.pg_namespace WHERE nspname = CURRENT_SCHEMA())
		WHERE a.attnum > 0 -- hide internal columns
		AND NOT a.attisdropped -- hide deleted columns
		AND b.relname = $1$

2025/02/13 14:38:52 /home/bryan/repos/skripsi/backend/setup/setup.go:78
[1.568ms] [rows:0] SELECT description FROM pg_catalog.pg_description WHERE objsubid = (SELECT ordinal_position FROM information_schema.columns WHERE table_schema = CURRENT_SCHEMA() AND table_name = 'pets' AND column_name = 'id') AND objoid = (SELECT oid FROM pg_catalog.pg_class WHERE relname = 'pets' AND relnamespace = (SELECT oid FROM pg_catalog.pg_namespace WHERE nspname = CURRENT_SCHEMA()))

2025/02/13 14:38:52 /home/bryan/repos/skripsi/backend/setup/setup.go:78
[1.350ms] [rows:0] SELECT description FROM pg_catalog.pg_description WHERE objsubid = (SELECT ordinal_position FROM information_schema.columns WHERE table_schema = CURRENT_SCHEMA() AND table_name = 'pets' AND column_name = 'created_at') AND objoid = (SELECT oid FROM pg_catalog.pg_class WHERE relname = 'pets' AND relnamespace = (SELECT oid FROM pg_catalog.pg_namespace WHERE nspname = CURRENT_SCHEMA()))

2025/02/13 14:38:52 /home/bryan/repos/skripsi/backend/setup/setup.go:78
[1.317ms] [rows:0] SELECT description FROM pg_catalog.pg_description WHERE objsubid = (SELECT ordinal_position FROM information_schema.columns WHERE table_schema = CURRENT_SCHEMA() AND table_name = 'pets' AND column_name = 'updated_at') AND objoid = (SELECT oid FROM pg_catalog.pg_class WHERE relname = 'pets' AND relnamespace = (SELECT oid FROM pg_catalog.pg_namespace WHERE nspname = CURRENT_SCHEMA()))

2025/02/13 14:38:52 /home/bryan/repos/skripsi/backend/setup/setup.go:78
[1.315ms] [rows:0] SELECT description FROM pg_catalog.pg_description WHERE objsubid = (SELECT ordinal_position FROM information_schema.columns WHERE table_schema = CURRENT_SCHEMA() AND table_name = 'pets' AND column_name = 'deleted_at') AND objoid = (SELECT oid FROM pg_catalog.pg_class WHERE relname = 'pets' AND relnamespace = (SELECT oid FROM pg_catalog.pg_namespace WHERE nspname = CURRENT_SCHEMA()))

2025/02/13 14:38:52 /home/bryan/repos/skripsi/backend/setup/setup.go:78
[1.357ms] [rows:0] SELECT description FROM pg_catalog.pg_description WHERE objsubid = (SELECT ordinal_position FROM information_schema.columns WHERE table_schema = CURRENT_SCHEMA() AND table_name = 'pets' AND column_name = 'name') AND objoid = (SELECT oid FROM pg_catalog.pg_class WHERE relname = 'pets' AND relnamespace = (SELECT oid FROM pg_catalog.pg_namespace WHERE nspname = CURRENT_SCHEMA()))

2025/02/13 14:38:52 /home/bryan/repos/skripsi/backend/setup/setup.go:78
[1.447ms] [rows:0] SELECT description FROM pg_catalog.pg_description WHERE objsubid = (SELECT ordinal_position FROM information_schema.columns WHERE table_schema = CURRENT_SCHEMA() AND table_name = 'pets' AND column_name = 'image_url') AND objoid = (SELECT oid FROM pg_catalog.pg_class WHERE relname = 'pets' AND relnamespace = (SELECT oid FROM pg_catalog.pg_namespace WHERE nspname = CURRENT_SCHEMA()))

2025/02/13 14:38:52 /home/bryan/repos/skripsi/backend/setup/setup.go:78
[1.293ms] [rows:0] SELECT description FROM pg_catalog.pg_description WHERE objsubid = (SELECT ordinal_position FROM information_schema.columns WHERE table_schema = CURRENT_SCHEMA() AND table_name = 'pets' AND column_name = 'status') AND objoid = (SELECT oid FROM pg_catalog.pg_class WHERE relname = 'pets' AND relnamespace = (SELECT oid FROM pg_catalog.pg_namespace WHERE nspname = CURRENT_SCHEMA()))

2025/02/13 14:38:52 /home/bryan/repos/skripsi/backend/setup/setup.go:78
[1.409ms] [rows:0] SELECT description FROM pg_catalog.pg_description WHERE objsubid = (SELECT ordinal_position FROM information_schema.columns WHERE table_schema = CURRENT_SCHEMA() AND table_name = 'pets' AND column_name = 'owner_id') AND objoid = (SELECT oid FROM pg_catalog.pg_class WHERE relname = 'pets' AND relnamespace = (SELECT oid FROM pg_catalog.pg_namespace WHERE nspname = CURRENT_SCHEMA()))

2025/02/13 14:38:52 /home/bryan/repos/skripsi/backend/setup/setup.go:78
[1.343ms] [rows:0] SELECT description FROM pg_catalog.pg_description WHERE objsubid = (SELECT ordinal_position FROM information_schema.columns WHERE table_schema = CURRENT_SCHEMA() AND table_name = 'pets' AND column_name = 'species_id') AND objoid = (SELECT oid FROM pg_catalog.pg_class WHERE relname = 'pets' AND relnamespace = (SELECT oid FROM pg_catalog.pg_namespace WHERE nspname = CURRENT_SCHEMA()))

2025/02/13 14:38:52 /home/bryan/repos/skripsi/backend/setup/setup.go:78
[1.477ms] [rows:0] SELECT description FROM pg_catalog.pg_description WHERE objsubid = (SELECT ordinal_position FROM information_schema.columns WHERE table_schema = CURRENT_SCHEMA() AND table_name = 'pets' AND column_name = 'size_id') AND objoid = (SELECT oid FROM pg_catalog.pg_class WHERE relname = 'pets' AND relnamespace = (SELECT oid FROM pg_catalog.pg_namespace WHERE nspname = CURRENT_SCHEMA()))

2025/02/13 14:38:52 /home/bryan/repos/skripsi/backend/setup/setup.go:78
[1.035ms] [rows:1] SELECT count(*) FROM INFORMATION_SCHEMA.table_constraints WHERE table_schema = CURRENT_SCHEMA() AND table_name = 'pets' AND constraint_name = 'fk_pets_species'

2025/02/13 14:38:52 /home/bryan/repos/skripsi/backend/setup/setup.go:78
[1.057ms] [rows:1] SELECT count(*) FROM INFORMATION_SCHEMA.table_constraints WHERE table_schema = CURRENT_SCHEMA() AND table_name = 'pets' AND constraint_name = 'fk_pets_size_category'

2025/02/13 14:38:52 /home/bryan/repos/skripsi/backend/setup/setup.go:78
[1.098ms] [rows:1] SELECT count(*) FROM INFORMATION_SCHEMA.table_constraints WHERE table_schema = CURRENT_SCHEMA() AND table_name = 'pets' AND constraint_name = 'fk_users_pets'

2025/02/13 14:38:52 /home/bryan/repos/skripsi/backend/setup/setup.go:78
[2.451ms] [rows:1] SELECT count(*) FROM pg_indexes WHERE tablename = 'pets' AND indexname = 'idx_pets_deleted_at' AND schemaname = CURRENT_SCHEMA()

2025/02/13 14:38:52 /home/bryan/repos/skripsi/backend/setup/setup.go:78
[1.000ms] [rows:1] SELECT count(*) FROM information_schema.tables WHERE table_schema = CURRENT_SCHEMA() AND table_name = 'slots' AND table_type = 'BASE TABLE'

2025/02/13 14:38:52 /home/bryan/repos/skripsi/backend/setup/setup.go:78
[0.688ms] [rows:1] SELECT CURRENT_DATABASE()

2025/02/13 14:38:52 /home/bryan/repos/skripsi/backend/setup/setup.go:78
[3.029ms] [rows:-] SELECT c.column_name, c.is_nullable = 'YES', c.udt_name, c.character_maximum_length, c.numeric_precision, c.numeric_precision_radix, c.numeric_scale, c.datetime_precision, 8 * typlen, c.column_default, pd.description, c.identity_increment FROM information_schema.columns AS c JOIN pg_type AS pgt ON c.udt_name = pgt.typname LEFT JOIN pg_catalog.pg_description as pd ON pd.objsubid = c.ordinal_position AND pd.objoid = (SELECT oid FROM pg_catalog.pg_class WHERE relname = c.table_name AND relnamespace = (SELECT oid FROM pg_catalog.pg_namespace WHERE nspname = c.table_schema)) where table_catalog = $1$ AND table_schema = CURRENT_SCHEMA() AND table_name = $2$

2025/02/13 14:38:52 /home/bryan/repos/skripsi/backend/setup/setup.go:78
[1.113ms] [rows:-] SELECT * FROM "slots" LIMIT $1$

2025/02/13 14:38:52 /home/bryan/repos/skripsi/backend/setup/setup.go:78
[2.840ms] [rows:-] SELECT constraint_name FROM information_schema.table_constraints tc JOIN information_schema.constraint_column_usage AS ccu USING (constraint_schema, constraint_catalog, table_name, constraint_name) JOIN information_schema.columns AS c ON c.table_schema = tc.constraint_schema AND tc.table_name = c.table_name AND ccu.column_name = c.column_name WHERE constraint_type IN ('PRIMARY KEY', 'UNIQUE') AND c.table_catalog = $1$ AND c.table_schema = CURRENT_SCHEMA() AND c.table_name = $2$ AND constraint_type = $3$

2025/02/13 14:38:52 /home/bryan/repos/skripsi/backend/setup/setup.go:78
[2.562ms] [rows:-] SELECT c.column_name, constraint_name, constraint_type FROM information_schema.table_constraints tc JOIN information_schema.constraint_column_usage AS ccu USING (constraint_schema, constraint_catalog, table_name, constraint_name) JOIN information_schema.columns AS c ON c.table_schema = tc.constraint_schema AND tc.table_name = c.table_name AND ccu.column_name = c.column_name WHERE constraint_type IN ('PRIMARY KEY', 'UNIQUE') AND c.table_catalog = $1$ AND c.table_schema = CURRENT_SCHEMA() AND c.table_name = $2$

2025/02/13 14:38:52 /home/bryan/repos/skripsi/backend/setup/setup.go:78
[0.969ms] [rows:-] SELECT a.attname as column_name, format_type(a.atttypid, a.atttypmod) AS data_type
		FROM pg_attribute a JOIN pg_class b ON a.attrelid = b.oid AND relnamespace = (SELECT oid FROM pg_catalog.pg_namespace WHERE nspname = CURRENT_SCHEMA())
		WHERE a.attnum > 0 -- hide internal columns
		AND NOT a.attisdropped -- hide deleted columns
		AND b.relname = $1$

2025/02/13 14:38:52 /home/bryan/repos/skripsi/backend/setup/setup.go:78
[1.321ms] [rows:0] SELECT description FROM pg_catalog.pg_description WHERE objsubid = (SELECT ordinal_position FROM information_schema.columns WHERE table_schema = CURRENT_SCHEMA() AND table_name = 'slots' AND column_name = 'id') AND objoid = (SELECT oid FROM pg_catalog.pg_class WHERE relname = 'slots' AND relnamespace = (SELECT oid FROM pg_catalog.pg_namespace WHERE nspname = CURRENT_SCHEMA()))

2025/02/13 14:38:52 /home/bryan/repos/skripsi/backend/setup/setup.go:78
[1.327ms] [rows:0] SELECT description FROM pg_catalog.pg_description WHERE objsubid = (SELECT ordinal_position FROM information_schema.columns WHERE table_schema = CURRENT_SCHEMA() AND table_name = 'slots' AND column_name = 'created_at') AND objoid = (SELECT oid FROM pg_catalog.pg_class WHERE relname = 'slots' AND relnamespace = (SELECT oid FROM pg_catalog.pg_namespace WHERE nspname = CURRENT_SCHEMA()))

2025/02/13 14:38:52 /home/bryan/repos/skripsi/backend/setup/setup.go:78
[1.498ms] [rows:0] SELECT description FROM pg_catalog.pg_description WHERE objsubid = (SELECT ordinal_position FROM information_schema.columns WHERE table_schema = CURRENT_SCHEMA() AND table_name = 'slots' AND column_name = 'updated_at') AND objoid = (SELECT oid FROM pg_catalog.pg_class WHERE relname = 'slots' AND relnamespace = (SELECT oid FROM pg_catalog.pg_namespace WHERE nspname = CURRENT_SCHEMA()))

2025/02/13 14:38:52 /home/bryan/repos/skripsi/backend/setup/setup.go:78
[1.319ms] [rows:0] SELECT description FROM pg_catalog.pg_description WHERE objsubid = (SELECT ordinal_position FROM information_schema.columns WHERE table_schema = CURRENT_SCHEMA() AND table_name = 'slots' AND column_name = 'deleted_at') AND objoid = (SELECT oid FROM pg_catalog.pg_class WHERE relname = 'slots' AND relnamespace = (SELECT oid FROM pg_catalog.pg_namespace WHERE nspname = CURRENT_SCHEMA()))

2025/02/13 14:38:52 /home/bryan/repos/skripsi/backend/setup/setup.go:78
[1.356ms] [rows:0] SELECT description FROM pg_catalog.pg_description WHERE objsubid = (SELECT ordinal_position FROM information_schema.columns WHERE table_schema = CURRENT_SCHEMA() AND table_name = 'slots' AND column_name = 'daycare_id') AND objoid = (SELECT oid FROM pg_catalog.pg_class WHERE relname = 'slots' AND relnamespace = (SELECT oid FROM pg_catalog.pg_namespace WHERE nspname = CURRENT_SCHEMA()))

2025/02/13 14:38:52 /home/bryan/repos/skripsi/backend/setup/setup.go:78
[1.363ms] [rows:0] SELECT description FROM pg_catalog.pg_description WHERE objsubid = (SELECT ordinal_position FROM information_schema.columns WHERE table_schema = CURRENT_SCHEMA() AND table_name = 'slots' AND column_name = 'species_id') AND objoid = (SELECT oid FROM pg_catalog.pg_class WHERE relname = 'slots' AND relnamespace = (SELECT oid FROM pg_catalog.pg_namespace WHERE nspname = CURRENT_SCHEMA()))

2025/02/13 14:38:52 /home/bryan/repos/skripsi/backend/setup/setup.go:78
[1.249ms] [rows:0] SELECT description FROM pg_catalog.pg_description WHERE objsubid = (SELECT ordinal_position FROM information_schema.columns WHERE table_schema = CURRENT_SCHEMA() AND table_name = 'slots' AND column_name = 'size_category_id') AND objoid = (SELECT oid FROM pg_catalog.pg_class WHERE relname = 'slots' AND relnamespace = (SELECT oid FROM pg_catalog.pg_namespace WHERE nspname = CURRENT_SCHEMA()))

2025/02/13 14:38:52 /home/bryan/repos/skripsi/backend/setup/setup.go:78
[1.343ms] [rows:0] SELECT description FROM pg_catalog.pg_description WHERE objsubid = (SELECT ordinal_position FROM information_schema.columns WHERE table_schema = CURRENT_SCHEMA() AND table_name = 'slots' AND column_name = 'max_number') AND objoid = (SELECT oid FROM pg_catalog.pg_class WHERE relname = 'slots' AND relnamespace = (SELECT oid FROM pg_catalog.pg_namespace WHERE nspname = CURRENT_SCHEMA()))

2025/02/13 14:38:52 /home/bryan/repos/skripsi/backend/setup/setup.go:78
[1.064ms] [rows:1] SELECT count(*) FROM INFORMATION_SCHEMA.table_constraints WHERE table_schema = CURRENT_SCHEMA() AND table_name = 'slots' AND constraint_name = 'fk_pet_daycares_slots'

2025/02/13 14:38:52 /home/bryan/repos/skripsi/backend/setup/setup.go:78
[2.371ms] [rows:1] SELECT count(*) FROM pg_indexes WHERE tablename = 'slots' AND indexname = 'idx_slots_deleted_at' AND schemaname = CURRENT_SCHEMA()

2025/02/13 14:38:52 /home/bryan/repos/skripsi/backend/setup/setup.go:78
[0.975ms] [rows:1] SELECT count(*) FROM information_schema.tables WHERE table_schema = CURRENT_SCHEMA() AND table_name = 'booked_slots' AND table_type = 'BASE TABLE'

2025/02/13 14:38:52 /home/bryan/repos/skripsi/backend/setup/setup.go:78
[0.663ms] [rows:1] SELECT CURRENT_DATABASE()

2025/02/13 14:38:52 /home/bryan/repos/skripsi/backend/setup/setup.go:78
[3.205ms] [rows:-] SELECT c.column_name, c.is_nullable = 'YES', c.udt_name, c.character_maximum_length, c.numeric_precision, c.numeric_precision_radix, c.numeric_scale, c.datetime_precision, 8 * typlen, c.column_default, pd.description, c.identity_increment FROM information_schema.columns AS c JOIN pg_type AS pgt ON c.udt_name = pgt.typname LEFT JOIN pg_catalog.pg_description as pd ON pd.objsubid = c.ordinal_position AND pd.objoid = (SELECT oid FROM pg_catalog.pg_class WHERE relname = c.table_name AND relnamespace = (SELECT oid FROM pg_catalog.pg_namespace WHERE nspname = c.table_schema)) where table_catalog = $1$ AND table_schema = CURRENT_SCHEMA() AND table_name = $2$

2025/02/13 14:38:52 /home/bryan/repos/skripsi/backend/setup/setup.go:78
[0.887ms] [rows:-] SELECT * FROM "booked_slots" LIMIT $1$

2025/02/13 14:38:52 /home/bryan/repos/skripsi/backend/setup/setup.go:78
[3.067ms] [rows:-] SELECT constraint_name FROM information_schema.table_constraints tc JOIN information_schema.constraint_column_usage AS ccu USING (constraint_schema, constraint_catalog, table_name, constraint_name) JOIN information_schema.columns AS c ON c.table_schema = tc.constraint_schema AND tc.table_name = c.table_name AND ccu.column_name = c.column_name WHERE constraint_type IN ('PRIMARY KEY', 'UNIQUE') AND c.table_catalog = $1$ AND c.table_schema = CURRENT_SCHEMA() AND c.table_name = $2$ AND constraint_type = $3$

2025/02/13 14:38:52 /home/bryan/repos/skripsi/backend/setup/setup.go:78
[3.164ms] [rows:-] SELECT c.column_name, constraint_name, constraint_type FROM information_schema.table_constraints tc JOIN information_schema.constraint_column_usage AS ccu USING (constraint_schema, constraint_catalog, table_name, constraint_name) JOIN information_schema.columns AS c ON c.table_schema = tc.constraint_schema AND tc.table_name = c.table_name AND ccu.column_name = c.column_name WHERE constraint_type IN ('PRIMARY KEY', 'UNIQUE') AND c.table_catalog = $1$ AND c.table_schema = CURRENT_SCHEMA() AND c.table_name = $2$

2025/02/13 14:38:52 /home/bryan/repos/skripsi/backend/setup/setup.go:78
[0.922ms] [rows:-] SELECT a.attname as column_name, format_type(a.atttypid, a.atttypmod) AS data_type
		FROM pg_attribute a JOIN pg_class b ON a.attrelid = b.oid AND relnamespace = (SELECT oid FROM pg_catalog.pg_namespace WHERE nspname = CURRENT_SCHEMA())
		WHERE a.attnum > 0 -- hide internal columns
		AND NOT a.attisdropped -- hide deleted columns
		AND b.relname = $1$

2025/02/13 14:38:52 /home/bryan/repos/skripsi/backend/setup/setup.go:78
[1.363ms] [rows:0] SELECT description FROM pg_catalog.pg_description WHERE objsubid = (SELECT ordinal_position FROM information_schema.columns WHERE table_schema = CURRENT_SCHEMA() AND table_name = 'booked_slots' AND column_name = 'id') AND objoid = (SELECT oid FROM pg_catalog.pg_class WHERE relname = 'booked_slots' AND relnamespace = (SELECT oid FROM pg_catalog.pg_namespace WHERE nspname = CURRENT_SCHEMA()))

2025/02/13 14:38:52 /home/bryan/repos/skripsi/backend/setup/setup.go:78
[1.439ms] [rows:0] SELECT description FROM pg_catalog.pg_description WHERE objsubid = (SELECT ordinal_position FROM information_schema.columns WHERE table_schema = CURRENT_SCHEMA() AND table_name = 'booked_slots' AND column_name = 'created_at') AND objoid = (SELECT oid FROM pg_catalog.pg_class WHERE relname = 'booked_slots' AND relnamespace = (SELECT oid FROM pg_catalog.pg_namespace WHERE nspname = CURRENT_SCHEMA()))

2025/02/13 14:38:52 /home/bryan/repos/skripsi/backend/setup/setup.go:78
[1.374ms] [rows:0] SELECT description FROM pg_catalog.pg_description WHERE objsubid = (SELECT ordinal_position FROM information_schema.columns WHERE table_schema = CURRENT_SCHEMA() AND table_name = 'booked_slots' AND column_name = 'updated_at') AND objoid = (SELECT oid FROM pg_catalog.pg_class WHERE relname = 'booked_slots' AND relnamespace = (SELECT oid FROM pg_catalog.pg_namespace WHERE nspname = CURRENT_SCHEMA()))

2025/02/13 14:38:52 /home/bryan/repos/skripsi/backend/setup/setup.go:78
[1.268ms] [rows:0] SELECT description FROM pg_catalog.pg_description WHERE objsubid = (SELECT ordinal_position FROM information_schema.columns WHERE table_schema = CURRENT_SCHEMA() AND table_name = 'booked_slots' AND column_name = 'deleted_at') AND objoid = (SELECT oid FROM pg_catalog.pg_class WHERE relname = 'booked_slots' AND relnamespace = (SELECT oid FROM pg_catalog.pg_namespace WHERE nspname = CURRENT_SCHEMA()))

2025/02/13 14:38:52 /home/bryan/repos/skripsi/backend/setup/setup.go:78
[1.337ms] [rows:0] SELECT description FROM pg_catalog.pg_description WHERE objsubid = (SELECT ordinal_position FROM information_schema.columns WHERE table_schema = CURRENT_SCHEMA() AND table_name = 'booked_slots' AND column_name = 'user_id') AND objoid = (SELECT oid FROM pg_catalog.pg_class WHERE relname = 'booked_slots' AND relnamespace = (SELECT oid FROM pg_catalog.pg_namespace WHERE nspname = CURRENT_SCHEMA()))

2025/02/13 14:38:52 /home/bryan/repos/skripsi/backend/setup/setup.go:78
[1.470ms] [rows:0] SELECT description FROM pg_catalog.pg_description WHERE objsubid = (SELECT ordinal_position FROM information_schema.columns WHERE table_schema = CURRENT_SCHEMA() AND table_name = 'booked_slots' AND column_name = 'daycare_id') AND objoid = (SELECT oid FROM pg_catalog.pg_class WHERE relname = 'booked_slots' AND relnamespace = (SELECT oid FROM pg_catalog.pg_namespace WHERE nspname = CURRENT_SCHEMA()))

2025/02/13 14:38:52 /home/bryan/repos/skripsi/backend/setup/setup.go:78
[1.372ms] [rows:0] SELECT description FROM pg_catalog.pg_description WHERE objsubid = (SELECT ordinal_position FROM information_schema.columns WHERE table_schema = CURRENT_SCHEMA() AND table_name = 'booked_slots' AND column_name = 'pet_id') AND objoid = (SELECT oid FROM pg_catalog.pg_class WHERE relname = 'booked_slots' AND relnamespace = (SELECT oid FROM pg_catalog.pg_namespace WHERE nspname = CURRENT_SCHEMA()))

2025/02/13 14:38:52 /home/bryan/repos/skripsi/backend/setup/setup.go:78
[1.450ms] [rows:0] SELECT description FROM pg_catalog.pg_description WHERE objsubid = (SELECT ordinal_position FROM information_schema.columns WHERE table_schema = CURRENT_SCHEMA() AND table_name = 'booked_slots' AND column_name = 'start_date') AND objoid = (SELECT oid FROM pg_catalog.pg_class WHERE relname = 'booked_slots' AND relnamespace = (SELECT oid FROM pg_catalog.pg_namespace WHERE nspname = CURRENT_SCHEMA()))

2025/02/13 14:38:52 /home/bryan/repos/skripsi/backend/setup/setup.go:78
[1.487ms] [rows:0] SELECT description FROM pg_catalog.pg_description WHERE objsubid = (SELECT ordinal_position FROM information_schema.columns WHERE table_schema = CURRENT_SCHEMA() AND table_name = 'booked_slots' AND column_name = 'end_date') AND objoid = (SELECT oid FROM pg_catalog.pg_class WHERE relname = 'booked_slots' AND relnamespace = (SELECT oid FROM pg_catalog.pg_namespace WHERE nspname = CURRENT_SCHEMA()))

2025/02/13 14:38:52 /home/bryan/repos/skripsi/backend/setup/setup.go:78
[1.193ms] [rows:1] SELECT count(*) FROM INFORMATION_SCHEMA.table_constraints WHERE table_schema = CURRENT_SCHEMA() AND table_name = 'booked_slots' AND constraint_name = 'fk_booked_slots_user'

2025/02/13 14:38:52 /home/bryan/repos/skripsi/backend/setup/setup.go:78
[1.253ms] [rows:1] SELECT count(*) FROM INFORMATION_SCHEMA.table_constraints WHERE table_schema = CURRENT_SCHEMA() AND table_name = 'booked_slots' AND constraint_name = 'fk_pets_booked_slots'

2025/02/13 14:38:52 /home/bryan/repos/skripsi/backend/setup/setup.go:78
[1.386ms] [rows:1] SELECT count(*) FROM INFORMATION_SCHEMA.table_constraints WHERE table_schema = CURRENT_SCHEMA() AND table_name = 'booked_slots' AND constraint_name = 'fk_pet_daycares_booked_slots'

2025/02/13 14:38:52 /home/bryan/repos/skripsi/backend/setup/setup.go:78
[2.799ms] [rows:1] SELECT count(*) FROM pg_indexes WHERE tablename = 'booked_slots' AND indexname = 'idx_booked_slots_deleted_at' AND schemaname = CURRENT_SCHEMA()

2025/02/13 14:38:52 /home/bryan/repos/skripsi/backend/setup/setup.go:78
[0.927ms] [rows:1] SELECT count(*) FROM information_schema.tables WHERE table_schema = CURRENT_SCHEMA() AND table_name = 'thumbnails' AND table_type = 'BASE TABLE'

2025/02/13 14:38:52 /home/bryan/repos/skripsi/backend/setup/setup.go:78
[0.666ms] [rows:1] SELECT CURRENT_DATABASE()

2025/02/13 14:38:52 /home/bryan/repos/skripsi/backend/setup/setup.go:78
[3.063ms] [rows:-] SELECT c.column_name, c.is_nullable = 'YES', c.udt_name, c.character_maximum_length, c.numeric_precision, c.numeric_precision_radix, c.numeric_scale, c.datetime_precision, 8 * typlen, c.column_default, pd.description, c.identity_increment FROM information_schema.columns AS c JOIN pg_type AS pgt ON c.udt_name = pgt.typname LEFT JOIN pg_catalog.pg_description as pd ON pd.objsubid = c.ordinal_position AND pd.objoid = (SELECT oid FROM pg_catalog.pg_class WHERE relname = c.table_name AND relnamespace = (SELECT oid FROM pg_catalog.pg_namespace WHERE nspname = c.table_schema)) where table_catalog = $1$ AND table_schema = CURRENT_SCHEMA() AND table_name = $2$

2025/02/13 14:38:52 /home/bryan/repos/skripsi/backend/setup/setup.go:78
[1.083ms] [rows:-] SELECT * FROM "thumbnails" LIMIT $1$

2025/02/13 14:38:52 /home/bryan/repos/skripsi/backend/setup/setup.go:78
[2.539ms] [rows:-] SELECT constraint_name FROM information_schema.table_constraints tc JOIN information_schema.constraint_column_usage AS ccu USING (constraint_schema, constraint_catalog, table_name, constraint_name) JOIN information_schema.columns AS c ON c.table_schema = tc.constraint_schema AND tc.table_name = c.table_name AND ccu.column_name = c.column_name WHERE constraint_type IN ('PRIMARY KEY', 'UNIQUE') AND c.table_catalog = $1$ AND c.table_schema = CURRENT_SCHEMA() AND c.table_name = $2$ AND constraint_type = $3$

2025/02/13 14:38:52 /home/bryan/repos/skripsi/backend/setup/setup.go:78
[2.421ms] [rows:-] SELECT c.column_name, constraint_name, constraint_type FROM information_schema.table_constraints tc JOIN information_schema.constraint_column_usage AS ccu USING (constraint_schema, constraint_catalog, table_name, constraint_name) JOIN information_schema.columns AS c ON c.table_schema = tc.constraint_schema AND tc.table_name = c.table_name AND ccu.column_name = c.column_name WHERE constraint_type IN ('PRIMARY KEY', 'UNIQUE') AND c.table_catalog = $1$ AND c.table_schema = CURRENT_SCHEMA() AND c.table_name = $2$

2025/02/13 14:38:52 /home/bryan/repos/skripsi/backend/setup/setup.go:78
[0.976ms] [rows:-] SELECT a.attname as column_name, format_type(a.atttypid, a.atttypmod) AS data_type
		FROM pg_attribute a JOIN pg_class b ON a.attrelid = b.oid AND relnamespace = (SELECT oid FROM pg_catalog.pg_namespace WHERE nspname = CURRENT_SCHEMA())
		WHERE a.attnum > 0 -- hide internal columns
		AND NOT a.attisdropped -- hide deleted columns
		AND b.relname = $1$

2025/02/13 14:38:52 /home/bryan/repos/skripsi/backend/setup/setup.go:78
[1.415ms] [rows:0] SELECT description FROM pg_catalog.pg_description WHERE objsubid = (SELECT ordinal_position FROM information_schema.columns WHERE table_schema = CURRENT_SCHEMA() AND table_name = 'thumbnails' AND column_name = 'id') AND objoid = (SELECT oid FROM pg_catalog.pg_class WHERE relname = 'thumbnails' AND relnamespace = (SELECT oid FROM pg_catalog.pg_namespace WHERE nspname = CURRENT_SCHEMA()))

2025/02/13 14:38:52 /home/bryan/repos/skripsi/backend/setup/setup.go:78
[1.511ms] [rows:0] SELECT description FROM pg_catalog.pg_description WHERE objsubid = (SELECT ordinal_position FROM information_schema.columns WHERE table_schema = CURRENT_SCHEMA() AND table_name = 'thumbnails' AND column_name = 'daycare_id') AND objoid = (SELECT oid FROM pg_catalog.pg_class WHERE relname = 'thumbnails' AND relnamespace = (SELECT oid FROM pg_catalog.pg_namespace WHERE nspname = CURRENT_SCHEMA()))

2025/02/13 14:38:52 /home/bryan/repos/skripsi/backend/setup/setup.go:78
[1.499ms] [rows:0] SELECT description FROM pg_catalog.pg_description WHERE objsubid = (SELECT ordinal_position FROM information_schema.columns WHERE table_schema = CURRENT_SCHEMA() AND table_name = 'thumbnails' AND column_name = 'image_url') AND objoid = (SELECT oid FROM pg_catalog.pg_class WHERE relname = 'thumbnails' AND relnamespace = (SELECT oid FROM pg_catalog.pg_namespace WHERE nspname = CURRENT_SCHEMA()))

2025/02/13 14:38:52 /home/bryan/repos/skripsi/backend/setup/setup.go:78
[1.187ms] [rows:1] SELECT count(*) FROM INFORMATION_SCHEMA.table_constraints WHERE table_schema = CURRENT_SCHEMA() AND table_name = 'thumbnails' AND constraint_name = 'fk_pet_daycares_thumbnails'

2025/02/13 14:38:52 /home/bryan/repos/skripsi/backend/setup/setup.go:78
[0.872ms] [rows:1] SELECT count(*) FROM information_schema.tables WHERE table_schema = CURRENT_SCHEMA() AND table_name = 'reviews' AND table_type = 'BASE TABLE'

2025/02/13 14:38:52 /home/bryan/repos/skripsi/backend/setup/setup.go:78
[0.716ms] [rows:1] SELECT CURRENT_DATABASE()

2025/02/13 14:38:52 /home/bryan/repos/skripsi/backend/setup/setup.go:78
[3.910ms] [rows:-] SELECT c.column_name, c.is_nullable = 'YES', c.udt_name, c.character_maximum_length, c.numeric_precision, c.numeric_precision_radix, c.numeric_scale, c.datetime_precision, 8 * typlen, c.column_default, pd.description, c.identity_increment FROM information_schema.columns AS c JOIN pg_type AS pgt ON c.udt_name = pgt.typname LEFT JOIN pg_catalog.pg_description as pd ON pd.objsubid = c.ordinal_position AND pd.objoid = (SELECT oid FROM pg_catalog.pg_class WHERE relname = c.table_name AND relnamespace = (SELECT oid FROM pg_catalog.pg_namespace WHERE nspname = c.table_schema)) where table_catalog = $1$ AND table_schema = CURRENT_SCHEMA() AND table_name = $2$

2025/02/13 14:38:52 /home/bryan/repos/skripsi/backend/setup/setup.go:78
[1.019ms] [rows:-] SELECT * FROM "reviews" LIMIT $1$

2025/02/13 14:38:52 /home/bryan/repos/skripsi/backend/setup/setup.go:78
[2.875ms] [rows:-] SELECT constraint_name FROM information_schema.table_constraints tc JOIN information_schema.constraint_column_usage AS ccu USING (constraint_schema, constraint_catalog, table_name, constraint_name) JOIN information_schema.columns AS c ON c.table_schema = tc.constraint_schema AND tc.table_name = c.table_name AND ccu.column_name = c.column_name WHERE constraint_type IN ('PRIMARY KEY', 'UNIQUE') AND c.table_catalog = $1$ AND c.table_schema = CURRENT_SCHEMA() AND c.table_name = $2$ AND constraint_type = $3$

2025/02/13 14:38:52 /home/bryan/repos/skripsi/backend/setup/setup.go:78
[2.876ms] [rows:-] SELECT c.column_name, constraint_name, constraint_type FROM information_schema.table_constraints tc JOIN information_schema.constraint_column_usage AS ccu USING (constraint_schema, constraint_catalog, table_name, constraint_name) JOIN information_schema.columns AS c ON c.table_schema = tc.constraint_schema AND tc.table_name = c.table_name AND ccu.column_name = c.column_name WHERE constraint_type IN ('PRIMARY KEY', 'UNIQUE') AND c.table_catalog = $1$ AND c.table_schema = CURRENT_SCHEMA() AND c.table_name = $2$

2025/02/13 14:38:52 /home/bryan/repos/skripsi/backend/setup/setup.go:78
[0.978ms] [rows:-] SELECT a.attname as column_name, format_type(a.atttypid, a.atttypmod) AS data_type
		FROM pg_attribute a JOIN pg_class b ON a.attrelid = b.oid AND relnamespace = (SELECT oid FROM pg_catalog.pg_namespace WHERE nspname = CURRENT_SCHEMA())
		WHERE a.attnum > 0 -- hide internal columns
		AND NOT a.attisdropped -- hide deleted columns
		AND b.relname = $1$

2025/02/13 14:38:52 /home/bryan/repos/skripsi/backend/setup/setup.go:78
[1.247ms] [rows:0] SELECT description FROM pg_catalog.pg_description WHERE objsubid = (SELECT ordinal_position FROM information_schema.columns WHERE table_schema = CURRENT_SCHEMA() AND table_name = 'reviews' AND column_name = 'id') AND objoid = (SELECT oid FROM pg_catalog.pg_class WHERE relname = 'reviews' AND relnamespace = (SELECT oid FROM pg_catalog.pg_namespace WHERE nspname = CURRENT_SCHEMA()))

2025/02/13 14:38:52 /home/bryan/repos/skripsi/backend/setup/setup.go:78
[1.526ms] [rows:0] SELECT description FROM pg_catalog.pg_description WHERE objsubid = (SELECT ordinal_position FROM information_schema.columns WHERE table_schema = CURRENT_SCHEMA() AND table_name = 'reviews' AND column_name = 'created_at') AND objoid = (SELECT oid FROM pg_catalog.pg_class WHERE relname = 'reviews' AND relnamespace = (SELECT oid FROM pg_catalog.pg_namespace WHERE nspname = CURRENT_SCHEMA()))

2025/02/13 14:38:52 /home/bryan/repos/skripsi/backend/setup/setup.go:78
[1.428ms] [rows:0] SELECT description FROM pg_catalog.pg_description WHERE objsubid = (SELECT ordinal_position FROM information_schema.columns WHERE table_schema = CURRENT_SCHEMA() AND table_name = 'reviews' AND column_name = 'updated_at') AND objoid = (SELECT oid FROM pg_catalog.pg_class WHERE relname = 'reviews' AND relnamespace = (SELECT oid FROM pg_catalog.pg_namespace WHERE nspname = CURRENT_SCHEMA()))

2025/02/13 14:38:52 /home/bryan/repos/skripsi/backend/setup/setup.go:78
[1.466ms] [rows:0] SELECT description FROM pg_catalog.pg_description WHERE objsubid = (SELECT ordinal_position FROM information_schema.columns WHERE table_schema = CURRENT_SCHEMA() AND table_name = 'reviews' AND column_name = 'deleted_at') AND objoid = (SELECT oid FROM pg_catalog.pg_class WHERE relname = 'reviews' AND relnamespace = (SELECT oid FROM pg_catalog.pg_namespace WHERE nspname = CURRENT_SCHEMA()))

2025/02/13 14:38:52 /home/bryan/repos/skripsi/backend/setup/setup.go:78
[1.356ms] [rows:0] SELECT description FROM pg_catalog.pg_description WHERE objsubid = (SELECT ordinal_position FROM information_schema.columns WHERE table_schema = CURRENT_SCHEMA() AND table_name = 'reviews' AND column_name = 'daycare_id') AND objoid = (SELECT oid FROM pg_catalog.pg_class WHERE relname = 'reviews' AND relnamespace = (SELECT oid FROM pg_catalog.pg_namespace WHERE nspname = CURRENT_SCHEMA()))

2025/02/13 14:38:52 /home/bryan/repos/skripsi/backend/setup/setup.go:78
[1.411ms] [rows:0] SELECT description FROM pg_catalog.pg_description WHERE objsubid = (SELECT ordinal_position FROM information_schema.columns WHERE table_schema = CURRENT_SCHEMA() AND table_name = 'reviews' AND column_name = 'user_id') AND objoid = (SELECT oid FROM pg_catalog.pg_class WHERE relname = 'reviews' AND relnamespace = (SELECT oid FROM pg_catalog.pg_namespace WHERE nspname = CURRENT_SCHEMA()))

2025/02/13 14:38:52 /home/bryan/repos/skripsi/backend/setup/setup.go:78
[1.372ms] [rows:0] SELECT description FROM pg_catalog.pg_description WHERE objsubid = (SELECT ordinal_position FROM information_schema.columns WHERE table_schema = CURRENT_SCHEMA() AND table_name = 'reviews' AND column_name = 'name') AND objoid = (SELECT oid FROM pg_catalog.pg_class WHERE relname = 'reviews' AND relnamespace = (SELECT oid FROM pg_catalog.pg_namespace WHERE nspname = CURRENT_SCHEMA()))

2025/02/13 14:38:52 /home/bryan/repos/skripsi/backend/setup/setup.go:78
[1.419ms] [rows:0] SELECT description FROM pg_catalog.pg_description WHERE objsubid = (SELECT ordinal_position FROM information_schema.columns WHERE table_schema = CURRENT_SCHEMA() AND table_name = 'reviews' AND column_name = 'rate') AND objoid = (SELECT oid FROM pg_catalog.pg_class WHERE relname = 'reviews' AND relnamespace = (SELECT oid FROM pg_catalog.pg_namespace WHERE nspname = CURRENT_SCHEMA()))

2025/02/13 14:38:52 /home/bryan/repos/skripsi/backend/setup/setup.go:78
[1.351ms] [rows:0] SELECT description FROM pg_catalog.pg_description WHERE objsubid = (SELECT ordinal_position FROM information_schema.columns WHERE table_schema = CURRENT_SCHEMA() AND table_name = 'reviews' AND column_name = 'description') AND objoid = (SELECT oid FROM pg_catalog.pg_class WHERE relname = 'reviews' AND relnamespace = (SELECT oid FROM pg_catalog.pg_namespace WHERE nspname = CURRENT_SCHEMA()))

2025/02/13 14:38:52 /home/bryan/repos/skripsi/backend/setup/setup.go:78
[1.071ms] [rows:1] SELECT count(*) FROM INFORMATION_SCHEMA.table_constraints WHERE table_schema = CURRENT_SCHEMA() AND table_name = 'reviews' AND constraint_name = 'fk_pet_daycares_reviews'

2025/02/13 14:38:52 /home/bryan/repos/skripsi/backend/setup/setup.go:78
[1.005ms] [rows:1] SELECT count(*) FROM INFORMATION_SCHEMA.table_constraints WHERE table_schema = CURRENT_SCHEMA() AND table_name = 'reviews' AND constraint_name = 'fk_users_reviews'

2025/02/13 14:38:52 /home/bryan/repos/skripsi/backend/setup/setup.go:78
[2.370ms] [rows:1] SELECT count(*) FROM pg_indexes WHERE tablename = 'reviews' AND indexname = 'idx_reviews_deleted_at' AND schemaname = CURRENT_SCHEMA()

2025/02/13 14:38:52 /home/bryan/repos/skripsi/backend/setup/setup.go:78
[1.012ms] [rows:1] SELECT count(*) FROM information_schema.tables WHERE table_schema = CURRENT_SCHEMA() AND table_name = 'refresh_tokens' AND table_type = 'BASE TABLE'

2025/02/13 14:38:52 /home/bryan/repos/skripsi/backend/setup/setup.go:78
[0.757ms] [rows:1] SELECT CURRENT_DATABASE()

2025/02/13 14:38:52 /home/bryan/repos/skripsi/backend/setup/setup.go:78
[3.272ms] [rows:-] SELECT c.column_name, c.is_nullable = 'YES', c.udt_name, c.character_maximum_length, c.numeric_precision, c.numeric_precision_radix, c.numeric_scale, c.datetime_precision, 8 * typlen, c.column_default, pd.description, c.identity_increment FROM information_schema.columns AS c JOIN pg_type AS pgt ON c.udt_name = pgt.typname LEFT JOIN pg_catalog.pg_description as pd ON pd.objsubid = c.ordinal_position AND pd.objoid = (SELECT oid FROM pg_catalog.pg_class WHERE relname = c.table_name AND relnamespace = (SELECT oid FROM pg_catalog.pg_namespace WHERE nspname = c.table_schema)) where table_catalog = $1$ AND table_schema = CURRENT_SCHEMA() AND table_name = $2$

2025/02/13 14:38:52 /home/bryan/repos/skripsi/backend/setup/setup.go:78
[1.509ms] [rows:-] SELECT * FROM "refresh_tokens" LIMIT $1$

2025/02/13 14:38:52 /home/bryan/repos/skripsi/backend/setup/setup.go:78
[2.845ms] [rows:-] SELECT constraint_name FROM information_schema.table_constraints tc JOIN information_schema.constraint_column_usage AS ccu USING (constraint_schema, constraint_catalog, table_name, constraint_name) JOIN information_schema.columns AS c ON c.table_schema = tc.constraint_schema AND tc.table_name = c.table_name AND ccu.column_name = c.column_name WHERE constraint_type IN ('PRIMARY KEY', 'UNIQUE') AND c.table_catalog = $1$ AND c.table_schema = CURRENT_SCHEMA() AND c.table_name = $2$ AND constraint_type = $3$

2025/02/13 14:38:52 /home/bryan/repos/skripsi/backend/setup/setup.go:78
[2.914ms] [rows:-] SELECT c.column_name, constraint_name, constraint_type FROM information_schema.table_constraints tc JOIN information_schema.constraint_column_usage AS ccu USING (constraint_schema, constraint_catalog, table_name, constraint_name) JOIN information_schema.columns AS c ON c.table_schema = tc.constraint_schema AND tc.table_name = c.table_name AND ccu.column_name = c.column_name WHERE constraint_type IN ('PRIMARY KEY', 'UNIQUE') AND c.table_catalog = $1$ AND c.table_schema = CURRENT_SCHEMA() AND c.table_name = $2$

2025/02/13 14:38:52 /home/bryan/repos/skripsi/backend/setup/setup.go:78
[1.093ms] [rows:-] SELECT a.attname as column_name, format_type(a.atttypid, a.atttypmod) AS data_type
		FROM pg_attribute a JOIN pg_class b ON a.attrelid = b.oid AND relnamespace = (SELECT oid FROM pg_catalog.pg_namespace WHERE nspname = CURRENT_SCHEMA())
		WHERE a.attnum > 0 -- hide internal columns
		AND NOT a.attisdropped -- hide deleted columns
		AND b.relname = $1$

2025/02/13 14:38:52 /home/bryan/repos/skripsi/backend/setup/setup.go:78
[1.373ms] [rows:0] SELECT description FROM pg_catalog.pg_description WHERE objsubid = (SELECT ordinal_position FROM information_schema.columns WHERE table_schema = CURRENT_SCHEMA() AND table_name = 'refresh_tokens' AND column_name = 'id') AND objoid = (SELECT oid FROM pg_catalog.pg_class WHERE relname = 'refresh_tokens' AND relnamespace = (SELECT oid FROM pg_catalog.pg_namespace WHERE nspname = CURRENT_SCHEMA()))

2025/02/13 14:38:52 /home/bryan/repos/skripsi/backend/setup/setup.go:78
[1.331ms] [rows:0] SELECT description FROM pg_catalog.pg_description WHERE objsubid = (SELECT ordinal_position FROM information_schema.columns WHERE table_schema = CURRENT_SCHEMA() AND table_name = 'refresh_tokens' AND column_name = 'created_at') AND objoid = (SELECT oid FROM pg_catalog.pg_class WHERE relname = 'refresh_tokens' AND relnamespace = (SELECT oid FROM pg_catalog.pg_namespace WHERE nspname = CURRENT_SCHEMA()))

2025/02/13 14:38:52 /home/bryan/repos/skripsi/backend/setup/setup.go:78
[1.273ms] [rows:0] SELECT description FROM pg_catalog.pg_description WHERE objsubid = (SELECT ordinal_position FROM information_schema.columns WHERE table_schema = CURRENT_SCHEMA() AND table_name = 'refresh_tokens' AND column_name = 'updated_at') AND objoid = (SELECT oid FROM pg_catalog.pg_class WHERE relname = 'refresh_tokens' AND relnamespace = (SELECT oid FROM pg_catalog.pg_namespace WHERE nspname = CURRENT_SCHEMA()))

2025/02/13 14:38:52 /home/bryan/repos/skripsi/backend/setup/setup.go:78
[1.332ms] [rows:0] SELECT description FROM pg_catalog.pg_description WHERE objsubid = (SELECT ordinal_position FROM information_schema.columns WHERE table_schema = CURRENT_SCHEMA() AND table_name = 'refresh_tokens' AND column_name = 'deleted_at') AND objoid = (SELECT oid FROM pg_catalog.pg_class WHERE relname = 'refresh_tokens' AND relnamespace = (SELECT oid FROM pg_catalog.pg_namespace WHERE nspname = CURRENT_SCHEMA()))

2025/02/13 14:38:52 /home/bryan/repos/skripsi/backend/setup/setup.go:78
[1.427ms] [rows:0] SELECT description FROM pg_catalog.pg_description WHERE objsubid = (SELECT ordinal_position FROM information_schema.columns WHERE table_schema = CURRENT_SCHEMA() AND table_name = 'refresh_tokens' AND column_name = 'user_id') AND objoid = (SELECT oid FROM pg_catalog.pg_class WHERE relname = 'refresh_tokens' AND relnamespace = (SELECT oid FROM pg_catalog.pg_namespace WHERE nspname = CURRENT_SCHEMA()))

2025/02/13 14:38:52 /home/bryan/repos/skripsi/backend/setup/setup.go:78
[1.354ms] [rows:0] SELECT description FROM pg_catalog.pg_description WHERE objsubid = (SELECT ordinal_position FROM information_schema.columns WHERE table_schema = CURRENT_SCHEMA() AND table_name = 'refresh_tokens' AND column_name = 'token') AND objoid = (SELECT oid FROM pg_catalog.pg_class WHERE relname = 'refresh_tokens' AND relnamespace = (SELECT oid FROM pg_catalog.pg_namespace WHERE nspname = CURRENT_SCHEMA()))

2025/02/13 14:38:52 /home/bryan/repos/skripsi/backend/setup/setup.go:78
[1.502ms] [rows:0] SELECT description FROM pg_catalog.pg_description WHERE objsubid = (SELECT ordinal_position FROM information_schema.columns WHERE table_schema = CURRENT_SCHEMA() AND table_name = 'refresh_tokens' AND column_name = 'expires_at') AND objoid = (SELECT oid FROM pg_catalog.pg_class WHERE relname = 'refresh_tokens' AND relnamespace = (SELECT oid FROM pg_catalog.pg_namespace WHERE nspname = CURRENT_SCHEMA()))

2025/02/13 14:38:52 /home/bryan/repos/skripsi/backend/setup/setup.go:78
[1.057ms] [rows:1] SELECT count(*) FROM pg_indexes WHERE tablename = 'refresh_tokens' AND indexname = 'idx_refresh_tokens_deleted_at' AND schemaname = CURRENT_SCHEMA()

2025/02/13 14:38:52 /home/bryan/repos/skripsi/backend/setup/setup.go:78
[0.967ms] [rows:1] SELECT count(*) FROM pg_indexes WHERE tablename = 'refresh_tokens' AND indexname = 'idx_refresh_tokens_user_id' AND schemaname = CURRENT_SCHEMA()

2025/02/13 14:38:52 /home/bryan/repos/skripsi/backend/setup/setup.go:78
[1.110ms] [rows:1] SELECT count(*) FROM information_schema.tables WHERE table_schema = CURRENT_SCHEMA() AND table_name = 'transactions' AND table_type = 'BASE TABLE'

2025/02/13 14:38:52 /home/bryan/repos/skripsi/backend/setup/setup.go:78
[0.742ms] [rows:1] SELECT CURRENT_DATABASE()

2025/02/13 14:38:52 /home/bryan/repos/skripsi/backend/setup/setup.go:78
[2.984ms] [rows:-] SELECT c.column_name, c.is_nullable = 'YES', c.udt_name, c.character_maximum_length, c.numeric_precision, c.numeric_precision_radix, c.numeric_scale, c.datetime_precision, 8 * typlen, c.column_default, pd.description, c.identity_increment FROM information_schema.columns AS c JOIN pg_type AS pgt ON c.udt_name = pgt.typname LEFT JOIN pg_catalog.pg_description as pd ON pd.objsubid = c.ordinal_position AND pd.objoid = (SELECT oid FROM pg_catalog.pg_class WHERE relname = c.table_name AND relnamespace = (SELECT oid FROM pg_catalog.pg_namespace WHERE nspname = c.table_schema)) where table_catalog = $1$ AND table_schema = CURRENT_SCHEMA() AND table_name = $2$

2025/02/13 14:38:52 /home/bryan/repos/skripsi/backend/setup/setup.go:78
[1.030ms] [rows:-] SELECT * FROM "transactions" LIMIT $1$

2025/02/13 14:38:52 /home/bryan/repos/skripsi/backend/setup/setup.go:78
[2.358ms] [rows:-] SELECT constraint_name FROM information_schema.table_constraints tc JOIN information_schema.constraint_column_usage AS ccu USING (constraint_schema, constraint_catalog, table_name, constraint_name) JOIN information_schema.columns AS c ON c.table_schema = tc.constraint_schema AND tc.table_name = c.table_name AND ccu.column_name = c.column_name WHERE constraint_type IN ('PRIMARY KEY', 'UNIQUE') AND c.table_catalog = $1$ AND c.table_schema = CURRENT_SCHEMA() AND c.table_name = $2$ AND constraint_type = $3$

2025/02/13 14:38:52 /home/bryan/repos/skripsi/backend/setup/setup.go:78
[2.398ms] [rows:-] SELECT c.column_name, constraint_name, constraint_type FROM information_schema.table_constraints tc JOIN information_schema.constraint_column_usage AS ccu USING (constraint_schema, constraint_catalog, table_name, constraint_name) JOIN information_schema.columns AS c ON c.table_schema = tc.constraint_schema AND tc.table_name = c.table_name AND ccu.column_name = c.column_name WHERE constraint_type IN ('PRIMARY KEY', 'UNIQUE') AND c.table_catalog = $1$ AND c.table_schema = CURRENT_SCHEMA() AND c.table_name = $2$

2025/02/13 14:38:52 /home/bryan/repos/skripsi/backend/setup/setup.go:78
[0.952ms] [rows:-] SELECT a.attname as column_name, format_type(a.atttypid, a.atttypmod) AS data_type
		FROM pg_attribute a JOIN pg_class b ON a.attrelid = b.oid AND relnamespace = (SELECT oid FROM pg_catalog.pg_namespace WHERE nspname = CURRENT_SCHEMA())
		WHERE a.attnum > 0 -- hide internal columns
		AND NOT a.attisdropped -- hide deleted columns
		AND b.relname = $1$

2025/02/13 14:38:52 /home/bryan/repos/skripsi/backend/setup/setup.go:78
[1.374ms] [rows:0] SELECT description FROM pg_catalog.pg_description WHERE objsubid = (SELECT ordinal_position FROM information_schema.columns WHERE table_schema = CURRENT_SCHEMA() AND table_name = 'transactions' AND column_name = 'id') AND objoid = (SELECT oid FROM pg_catalog.pg_class WHERE relname = 'transactions' AND relnamespace = (SELECT oid FROM pg_catalog.pg_namespace WHERE nspname = CURRENT_SCHEMA()))

2025/02/13 14:38:52 /home/bryan/repos/skripsi/backend/setup/setup.go:78
[1.426ms] [rows:0] SELECT description FROM pg_catalog.pg_description WHERE objsubid = (SELECT ordinal_position FROM information_schema.columns WHERE table_schema = CURRENT_SCHEMA() AND table_name = 'transactions' AND column_name = 'created_at') AND objoid = (SELECT oid FROM pg_catalog.pg_class WHERE relname = 'transactions' AND relnamespace = (SELECT oid FROM pg_catalog.pg_namespace WHERE nspname = CURRENT_SCHEMA()))

2025/02/13 14:38:52 /home/bryan/repos/skripsi/backend/setup/setup.go:78
[1.415ms] [rows:0] SELECT description FROM pg_catalog.pg_description WHERE objsubid = (SELECT ordinal_position FROM information_schema.columns WHERE table_schema = CURRENT_SCHEMA() AND table_name = 'transactions' AND column_name = 'pet_daycare_id') AND objoid = (SELECT oid FROM pg_catalog.pg_class WHERE relname = 'transactions' AND relnamespace = (SELECT oid FROM pg_catalog.pg_namespace WHERE nspname = CURRENT_SCHEMA()))

2025/02/13 14:38:52 /home/bryan/repos/skripsi/backend/setup/setup.go:78
[1.625ms] [rows:0] SELECT description FROM pg_catalog.pg_description WHERE objsubid = (SELECT ordinal_position FROM information_schema.columns WHERE table_schema = CURRENT_SCHEMA() AND table_name = 'transactions' AND column_name = 'booked_slot_id') AND objoid = (SELECT oid FROM pg_catalog.pg_class WHERE relname = 'transactions' AND relnamespace = (SELECT oid FROM pg_catalog.pg_namespace WHERE nspname = CURRENT_SCHEMA()))

2025/02/13 14:38:52 /home/bryan/repos/skripsi/backend/setup/setup.go:78
[1.273ms] [rows:0] SELECT description FROM pg_catalog.pg_description WHERE objsubid = (SELECT ordinal_position FROM information_schema.columns WHERE table_schema = CURRENT_SCHEMA() AND table_name = 'transactions' AND column_name = 'status') AND objoid = (SELECT oid FROM pg_catalog.pg_class WHERE relname = 'transactions' AND relnamespace = (SELECT oid FROM pg_catalog.pg_namespace WHERE nspname = CURRENT_SCHEMA()))

2025/02/13 14:38:52 /home/bryan/repos/skripsi/backend/setup/setup.go:78
[1.166ms] [rows:1] SELECT count(*) FROM INFORMATION_SCHEMA.table_constraints WHERE table_schema = CURRENT_SCHEMA() AND table_name = 'transactions' AND constraint_name = 'fk_transactions_pet_daycare'

2025/02/13 14:38:52 /home/bryan/repos/skripsi/backend/setup/setup.go:78
[1.085ms] [rows:1] SELECT count(*) FROM INFORMATION_SCHEMA.table_constraints WHERE table_schema = CURRENT_SCHEMA() AND table_name = 'transactions' AND constraint_name = 'fk_transactions_booked_slot'

2025/02/13 14:38:52 /home/bryan/repos/skripsi/backend/setup/setup.go:78
[0.801ms] [rows:1] SELECT count(*) FROM information_schema.tables WHERE table_schema = CURRENT_SCHEMA() AND table_name = 'reduce_slots' AND table_type = 'BASE TABLE'

2025/02/13 14:38:52 /home/bryan/repos/skripsi/backend/setup/setup.go:78
[0.696ms] [rows:1] SELECT CURRENT_DATABASE()

2025/02/13 14:38:52 /home/bryan/repos/skripsi/backend/setup/setup.go:78
[2.799ms] [rows:-] SELECT c.column_name, c.is_nullable = 'YES', c.udt_name, c.character_maximum_length, c.numeric_precision, c.numeric_precision_radix, c.numeric_scale, c.datetime_precision, 8 * typlen, c.column_default, pd.description, c.identity_increment FROM information_schema.columns AS c JOIN pg_type AS pgt ON c.udt_name = pgt.typname LEFT JOIN pg_catalog.pg_description as pd ON pd.objsubid = c.ordinal_position AND pd.objoid = (SELECT oid FROM pg_catalog.pg_class WHERE relname = c.table_name AND relnamespace = (SELECT oid FROM pg_catalog.pg_namespace WHERE nspname = c.table_schema)) where table_catalog = $1$ AND table_schema = CURRENT_SCHEMA() AND table_name = $2$

2025/02/13 14:38:52 /home/bryan/repos/skripsi/backend/setup/setup.go:78
[0.796ms] [rows:-] SELECT * FROM "reduce_slots" LIMIT $1$

2025/02/13 14:38:52 /home/bryan/repos/skripsi/backend/setup/setup.go:78
[2.377ms] [rows:-] SELECT constraint_name FROM information_schema.table_constraints tc JOIN information_schema.constraint_column_usage AS ccu USING (constraint_schema, constraint_catalog, table_name, constraint_name) JOIN information_schema.columns AS c ON c.table_schema = tc.constraint_schema AND tc.table_name = c.table_name AND ccu.column_name = c.column_name WHERE constraint_type IN ('PRIMARY KEY', 'UNIQUE') AND c.table_catalog = $1$ AND c.table_schema = CURRENT_SCHEMA() AND c.table_name = $2$ AND constraint_type = $3$

2025/02/13 14:38:52 /home/bryan/repos/skripsi/backend/setup/setup.go:78
[2.434ms] [rows:-] SELECT c.column_name, constraint_name, constraint_type FROM information_schema.table_constraints tc JOIN information_schema.constraint_column_usage AS ccu USING (constraint_schema, constraint_catalog, table_name, constraint_name) JOIN information_schema.columns AS c ON c.table_schema = tc.constraint_schema AND tc.table_name = c.table_name AND ccu.column_name = c.column_name WHERE constraint_type IN ('PRIMARY KEY', 'UNIQUE') AND c.table_catalog = $1$ AND c.table_schema = CURRENT_SCHEMA() AND c.table_name = $2$

2025/02/13 14:38:52 /home/bryan/repos/skripsi/backend/setup/setup.go:78
[1.039ms] [rows:-] SELECT a.attname as column_name, format_type(a.atttypid, a.atttypmod) AS data_type
		FROM pg_attribute a JOIN pg_class b ON a.attrelid = b.oid AND relnamespace = (SELECT oid FROM pg_catalog.pg_namespace WHERE nspname = CURRENT_SCHEMA())
		WHERE a.attnum > 0 -- hide internal columns
		AND NOT a.attisdropped -- hide deleted columns
		AND b.relname = $1$

2025/02/13 14:38:52 /home/bryan/repos/skripsi/backend/setup/setup.go:78
[1.349ms] [rows:0] SELECT description FROM pg_catalog.pg_description WHERE objsubid = (SELECT ordinal_position FROM information_schema.columns WHERE table_schema = CURRENT_SCHEMA() AND table_name = 'reduce_slots' AND column_name = 'id') AND objoid = (SELECT oid FROM pg_catalog.pg_class WHERE relname = 'reduce_slots' AND relnamespace = (SELECT oid FROM pg_catalog.pg_namespace WHERE nspname = CURRENT_SCHEMA()))

2025/02/13 14:38:52 /home/bryan/repos/skripsi/backend/setup/setup.go:78
[1.513ms] [rows:0] SELECT description FROM pg_catalog.pg_description WHERE objsubid = (SELECT ordinal_position FROM information_schema.columns WHERE table_schema = CURRENT_SCHEMA() AND table_name = 'reduce_slots' AND column_name = 'slot_id') AND objoid = (SELECT oid FROM pg_catalog.pg_class WHERE relname = 'reduce_slots' AND relnamespace = (SELECT oid FROM pg_catalog.pg_namespace WHERE nspname = CURRENT_SCHEMA()))

2025/02/13 14:38:52 /home/bryan/repos/skripsi/backend/setup/setup.go:78
[1.627ms] [rows:0] SELECT description FROM pg_catalog.pg_description WHERE objsubid = (SELECT ordinal_position FROM information_schema.columns WHERE table_schema = CURRENT_SCHEMA() AND table_name = 'reduce_slots' AND column_name = 'reduced_count') AND objoid = (SELECT oid FROM pg_catalog.pg_class WHERE relname = 'reduce_slots' AND relnamespace = (SELECT oid FROM pg_catalog.pg_namespace WHERE nspname = CURRENT_SCHEMA()))

2025/02/13 14:38:52 /home/bryan/repos/skripsi/backend/setup/setup.go:78
[1.501ms] [rows:0] SELECT description FROM pg_catalog.pg_description WHERE objsubid = (SELECT ordinal_position FROM information_schema.columns WHERE table_schema = CURRENT_SCHEMA() AND table_name = 'reduce_slots' AND column_name = 'target_date') AND objoid = (SELECT oid FROM pg_catalog.pg_class WHERE relname = 'reduce_slots' AND relnamespace = (SELECT oid FROM pg_catalog.pg_namespace WHERE nspname = CURRENT_SCHEMA()))

2025/02/13 14:38:52 /home/bryan/repos/skripsi/backend/setup/setup.go:78
[1.112ms] [rows:1] SELECT count(*) FROM information_schema.tables WHERE table_schema = CURRENT_SCHEMA() AND table_name = 'booked_slots_dailies' AND table_type = 'BASE TABLE'

2025/02/13 14:38:52 /home/bryan/repos/skripsi/backend/setup/setup.go:78
[0.825ms] [rows:1] SELECT CURRENT_DATABASE()

2025/02/13 14:38:52 /home/bryan/repos/skripsi/backend/setup/setup.go:78
[3.201ms] [rows:-] SELECT c.column_name, c.is_nullable = 'YES', c.udt_name, c.character_maximum_length, c.numeric_precision, c.numeric_precision_radix, c.numeric_scale, c.datetime_precision, 8 * typlen, c.column_default, pd.description, c.identity_increment FROM information_schema.columns AS c JOIN pg_type AS pgt ON c.udt_name = pgt.typname LEFT JOIN pg_catalog.pg_description as pd ON pd.objsubid = c.ordinal_position AND pd.objoid = (SELECT oid FROM pg_catalog.pg_class WHERE relname = c.table_name AND relnamespace = (SELECT oid FROM pg_catalog.pg_namespace WHERE nspname = c.table_schema)) where table_catalog = $1$ AND table_schema = CURRENT_SCHEMA() AND table_name = $2$

2025/02/13 14:38:52 /home/bryan/repos/skripsi/backend/setup/setup.go:78
[1.571ms] [rows:-] SELECT * FROM "booked_slots_dailies" LIMIT $1$

2025/02/13 14:38:52 /home/bryan/repos/skripsi/backend/setup/setup.go:78
[2.545ms] [rows:-] SELECT constraint_name FROM information_schema.table_constraints tc JOIN information_schema.constraint_column_usage AS ccu USING (constraint_schema, constraint_catalog, table_name, constraint_name) JOIN information_schema.columns AS c ON c.table_schema = tc.constraint_schema AND tc.table_name = c.table_name AND ccu.column_name = c.column_name WHERE constraint_type IN ('PRIMARY KEY', 'UNIQUE') AND c.table_catalog = $1$ AND c.table_schema = CURRENT_SCHEMA() AND c.table_name = $2$ AND constraint_type = $3$

2025/02/13 14:38:52 /home/bryan/repos/skripsi/backend/setup/setup.go:78
[2.595ms] [rows:-] SELECT c.column_name, constraint_name, constraint_type FROM information_schema.table_constraints tc JOIN information_schema.constraint_column_usage AS ccu USING (constraint_schema, constraint_catalog, table_name, constraint_name) JOIN information_schema.columns AS c ON c.table_schema = tc.constraint_schema AND tc.table_name = c.table_name AND ccu.column_name = c.column_name WHERE constraint_type IN ('PRIMARY KEY', 'UNIQUE') AND c.table_catalog = $1$ AND c.table_schema = CURRENT_SCHEMA() AND c.table_name = $2$

2025/02/13 14:38:52 /home/bryan/repos/skripsi/backend/setup/setup.go:78
[1.000ms] [rows:-] SELECT a.attname as column_name, format_type(a.atttypid, a.atttypmod) AS data_type
		FROM pg_attribute a JOIN pg_class b ON a.attrelid = b.oid AND relnamespace = (SELECT oid FROM pg_catalog.pg_namespace WHERE nspname = CURRENT_SCHEMA())
		WHERE a.attnum > 0 -- hide internal columns
		AND NOT a.attisdropped -- hide deleted columns
		AND b.relname = $1$

2025/02/13 14:38:52 /home/bryan/repos/skripsi/backend/setup/setup.go:78
[1.383ms] [rows:0] SELECT description FROM pg_catalog.pg_description WHERE objsubid = (SELECT ordinal_position FROM information_schema.columns WHERE table_schema = CURRENT_SCHEMA() AND table_name = 'booked_slots_dailies' AND column_name = 'id') AND objoid = (SELECT oid FROM pg_catalog.pg_class WHERE relname = 'booked_slots_dailies' AND relnamespace = (SELECT oid FROM pg_catalog.pg_namespace WHERE nspname = CURRENT_SCHEMA()))

2025/02/13 14:38:52 /home/bryan/repos/skripsi/backend/setup/setup.go:78
[1.321ms] [rows:0] SELECT description FROM pg_catalog.pg_description WHERE objsubid = (SELECT ordinal_position FROM information_schema.columns WHERE table_schema = CURRENT_SCHEMA() AND table_name = 'booked_slots_dailies' AND column_name = 'daycare_id') AND objoid = (SELECT oid FROM pg_catalog.pg_class WHERE relname = 'booked_slots_dailies' AND relnamespace = (SELECT oid FROM pg_catalog.pg_namespace WHERE nspname = CURRENT_SCHEMA()))

2025/02/13 14:38:52 /home/bryan/repos/skripsi/backend/setup/setup.go:78
[1.301ms] [rows:0] SELECT description FROM pg_catalog.pg_description WHERE objsubid = (SELECT ordinal_position FROM information_schema.columns WHERE table_schema = CURRENT_SCHEMA() AND table_name = 'booked_slots_dailies' AND column_name = 'date') AND objoid = (SELECT oid FROM pg_catalog.pg_class WHERE relname = 'booked_slots_dailies' AND relnamespace = (SELECT oid FROM pg_catalog.pg_namespace WHERE nspname = CURRENT_SCHEMA()))

2025/02/13 14:38:52 /home/bryan/repos/skripsi/backend/setup/setup.go:78
[1.394ms] [rows:0] SELECT description FROM pg_catalog.pg_description WHERE objsubid = (SELECT ordinal_position FROM information_schema.columns WHERE table_schema = CURRENT_SCHEMA() AND table_name = 'booked_slots_dailies' AND column_name = 'slot_count') AND objoid = (SELECT oid FROM pg_catalog.pg_class WHERE relname = 'booked_slots_dailies' AND relnamespace = (SELECT oid FROM pg_catalog.pg_namespace WHERE nspname = CURRENT_SCHEMA()))

2025/02/13 14:38:52 /home/bryan/repos/skripsi/backend/setup/setup.go:78
[0.982ms] [rows:1] SELECT count(*) FROM pg_indexes WHERE tablename = 'booked_slots_dailies' AND indexname = 'idx_booked_slots_dailies_date' AND schemaname = CURRENT_SCHEMA()
[GIN-debug] [WARNING] Creating an Engine instance with the Logger and Recovery middleware already attached.

[GIN-debug] [WARNING] Running in "debug" mode. Switch to "release" mode in production.
 - using env:	export GIN_MODE=release
 - using code:	gin.SetMode(gin.ReleaseMode)

[GIN-debug] GET    /assets/*filepath         --> github.com/gin-gonic/gin.(*RouterGroup).createStaticHandler.func1 (3 handlers)
[GIN-debug] HEAD   /assets/*filepath         --> github.com/gin-gonic/gin.(*RouterGroup).createStaticHandler.func1 (3 handlers)
[GIN-debug] POST   /users                    --> github.com/BryanEgbert/skripsi/controller.(*UserController).CreateUser-fm (3 handlers)
[GIN-debug] GET    /users/vets               --> github.com/BryanEgbert/skripsi/controller.(*UserController).GetVets-fm (4 handlers)
[GIN-debug] GET    /users/:id                --> github.com/BryanEgbert/skripsi/controller.(*UserController).GetUser-fm (4 handlers)
[GIN-debug] DELETE /users                    --> github.com/BryanEgbert/skripsi/controller.(*UserController).DeleteUser-fm (4 handlers)
[GIN-debug] PUT    /users                    --> github.com/BryanEgbert/skripsi/controller.(*UserController).UpdateUserProfile-fm (4 handlers)
[GIN-debug] PATCH  /users/password           --> github.com/BryanEgbert/skripsi/controller.(*UserController).UpdateUserPassword-fm (4 handlers)
[GIN-debug] POST   /login                    --> github.com/BryanEgbert/skripsi/controller.(*AuthController).Login-fm (3 handlers)
[GIN-debug] POST   /refresh                  --> github.com/BryanEgbert/skripsi/controller.(*AuthController).RefreshToken-fm (4 handlers)
[GIN-debug] GET    /pets/:id                 --> github.com/BryanEgbert/skripsi/controller.(*PetController).GetPet-fm (4 handlers)
[GIN-debug] GET    /pets                     --> github.com/BryanEgbert/skripsi/controller.(*PetController).GetPets-fm (4 handlers)
[GIN-debug] POST   /pets                     --> github.com/BryanEgbert/skripsi/controller.(*PetController).CreatePet-fm (4 handlers)
[GIN-debug] PUT    /pets/:id                 --> github.com/BryanEgbert/skripsi/controller.(*PetController).UpdatePet-fm (4 handlers)
[GIN-debug] DELETE /pets/:id                 --> github.com/BryanEgbert/skripsi/controller.(*PetController).DeletePet-fm (4 handlers)
[GIN-debug] PATCH  /daycare/slot/:slotId     --> github.com/BryanEgbert/skripsi/controller.(*PetDaycareController).EditSlotCount-fm (4 handlers)
[GIN-debug] GET    /daycare/:id/slot         --> github.com/BryanEgbert/skripsi/controller.(*PetDaycareController).GetPetDaycareSlots-fm (4 handlers)
[GIN-debug] POST   /daycare/:id/slot         --> github.com/BryanEgbert/skripsi/controller.(*PetDaycareController).CreateSlot-fm (4 handlers)
[GIN-debug] GET    /daycare/:id/review       --> github.com/BryanEgbert/skripsi/controller.(*PetDaycareController).GetReviews-fm (4 handlers)
[GIN-debug] POST   /daycare/:id/review       --> github.com/BryanEgbert/skripsi/controller.(*PetDaycareController).CreateReview-fm (4 handlers)
[GIN-debug] DELETE /daycare/:id/review       --> github.com/BryanEgbert/skripsi/controller.(*PetDaycareController).DeleteReview-fm (4 handlers)
[GIN-debug] GET    /daycare/:id              --> github.com/BryanEgbert/skripsi/controller.(*PetDaycareController).GetPetDaycare-fm (4 handlers)
[GIN-debug] GET    /daycare                  --> github.com/BryanEgbert/skripsi/controller.(*PetDaycareController).GetPetDaycares-fm (4 handlers)
[GIN-debug] POST   /daycare                  --> github.com/BryanEgbert/skripsi/controller.(*PetDaycareController).CreatePetDaycare-fm (4 handlers)
[GIN-debug] PUT    /daycare/:id              --> github.com/BryanEgbert/skripsi/controller.(*PetDaycareController).UpdatePetDaycare-fm (4 handlers)
[GIN-debug] DELETE /daycare/:id              --> github.com/BryanEgbert/skripsi/controller.(*PetDaycareController).DeletePetDaycare-fm (4 handlers)

2025/02/13 14:38:52 /home/bryan/repos/skripsi/backend/service/pet_daycare_service.go:368
[2.130ms] [rows:1] SELECT * FROM "booked_slots" WHERE "booked_slots"."daycare_id" = $1$ AND end_date > CURRENT_TIMESTAMP AND "booked_slots"."deleted_at" IS NULL

2025/02/13 14:38:52 /home/bryan/repos/skripsi/backend/service/pet_daycare_service.go:368
[2.045ms] [rows:1] SELECT * FROM "users" WHERE "users"."id" = $1$ AND "users"."deleted_at" IS NULL

2025/02/13 14:38:52 /home/bryan/repos/skripsi/backend/service/pet_daycare_service.go:368
[1.414ms] [rows:1] SELECT * FROM "thumbnails" WHERE "thumbnails"."daycare_id" = $1$

2025/02/13 14:38:52 /home/bryan/repos/skripsi/backend/service/pet_daycare_service.go:368
[8.110ms] [rows:1] SELECT * FROM "pet_daycares" WHERE "pet_daycares"."deleted_at" IS NULL AND "pet_daycares"."id" = $1$
[GIN] 2025/02/13 - 14:38:52 | 500 |    8.208113ms |                 | DELETE   "/daycare/1"
=== RUN   TestDeletePetDaycare/On_delete_pet_daycare,_should_return_204_when_pet_daycare_ID_exists_in_DB_and_owner_ID_doesn't_match_with_token_user_ID

2025/02/13 14:38:53 /home/bryan/repos/skripsi/backend/setup/setup.go:60
[321.472ms] [rows:0] TRUNCATE TABLE users, vet_specialties, user_vet_specialties, pet_daycares, pets, size_categories, roles, slots, booked_slots, thumbnails, species, reviews, refresh_tokens, transactions, daily_walks, daily_playtimes, reduce_slots RESTART IDENTITY CASCADE;

2025/02/13 14:38:53 /home/bryan/repos/skripsi/backend/seeder/seeder.go:18
[14.858ms] [rows:3] INSERT INTO "roles" ("name","id") VALUES ($1$,$2$),($3$,$4$),($5$,$6$) RETURNING "id"

2025/02/13 14:38:53 /home/bryan/repos/skripsi/backend/seeder/seeder.go:29
[11.068ms] [rows:4] INSERT INTO "daily_walks" ("name","id") VALUES ($1$,$2$),($3$,$4$),($5$,$6$),($7$,$8$) RETURNING "id"

2025/02/13 14:38:53 /home/bryan/repos/skripsi/backend/seeder/seeder.go:39
[11.571ms] [rows:4] INSERT INTO "daily_playtimes" ("name","id") VALUES ($1$,$2$),($3$,$4$),($5$,$6$),($7$,$8$) RETURNING "id"

2025/02/13 14:38:53 /home/bryan/repos/skripsi/backend/seeder/seeder.go:61
[12.241ms] [rows:17] INSERT INTO "vet_specialties" ("name") VALUES ($1$),($2$),($3$),($4$),($5$),($6$),($7$),($8$),($9$),($10$),($11$),($12$),($13$),($14$),($15$),($16$),($17$) RETURNING "id"

2025/02/13 14:38:53 /home/bryan/repos/skripsi/backend/seeder/seeder.go:71
[10.324ms] [rows:3] INSERT INTO "species" ("name") VALUES ($1$),($2$),($3$) RETURNING "id"

2025/02/13 14:38:53 /home/bryan/repos/skripsi/backend/seeder/seeder.go:83
[10.807ms] [rows:5] INSERT INTO "size_categories" ("name","min_weight","max_weight") VALUES ($1$,$2$,$3$),($4$,$5$,$6$),($7$,$8$,$9$),($10$,$11$,$12$),($13$,$14$,$15$) RETURNING "id"

2025/02/13 14:38:53 /home/bryan/repos/skripsi/backend/seeder/seeder.go:106
[1.949ms] [rows:0] INSERT INTO "vet_specialties" ("name","id") VALUES ($1$,$2$),($3$,$4$),($5$,$6$) ON CONFLICT DO NOTHING RETURNING "id"

2025/02/13 14:38:53 /home/bryan/repos/skripsi/backend/seeder/seeder.go:106
[3.415ms] [rows:3] INSERT INTO "user_vet_specialties" ("user_id","vet_specialty_id") VALUES ($1$,$2$),($3$,$4$),($5$,$6$) ON CONFLICT DO NOTHING

2025/02/13 14:38:53 /home/bryan/repos/skripsi/backend/seeder/seeder.go:106
[13.863ms] [rows:6] INSERT INTO "users" ("created_at","updated_at","deleted_at","name","email","password","role_id","image_url") VALUES ($1$,$2$,$3$,$4$,$5$,$6$,$7$,$8$),($9$,$10$,$11$,$12$,$13$,$14$,$15$,$16$),($17$,$18$,$19$,$20$,$21$,$22$,$23$,$24$),($25$,$26$,$27$,$28$,$29$,$30$,$31$,$32$),($33$,$34$,$35$,$36$,$37$,$38$,$39$,DEFAULT),($40$,$41$,$42$,$43$,$44$,$45$,$46$,$47$) RETURNING "id","image_url"

2025/02/13 14:38:53 /home/bryan/repos/skripsi/backend/seeder/seeder.go:148
[1.714ms] [rows:0] INSERT INTO "daily_walks" ("name","id") VALUES ($1$,$2$) ON CONFLICT DO NOTHING RETURNING "id"

2025/02/13 14:38:53 /home/bryan/repos/skripsi/backend/seeder/seeder.go:148
[1.626ms] [rows:0] INSERT INTO "daily_playtimes" ("name","id") VALUES ($1$,$2$),($3$,$4$) ON CONFLICT DO NOTHING RETURNING "id"

2025/02/13 14:38:53 /home/bryan/repos/skripsi/backend/seeder/seeder.go:148
[10.574ms] [rows:3] INSERT INTO "pet_daycares" ("created_at","updated_at","deleted_at","name","address","latitude","longitude","price","pricing_type","description","has_pickup_service","must_be_vaccinated","food_provided","grooming_available","booked_num","daily_walks_id","daily_playtime_id","owner_id","food_brand") VALUES ($1$,$2$,$3$,$4$,$5$,$6$,$7$,$8$,$9$,$10$,$11$,$12$,$13$,$14$,$15$,$16$,$17$,$18$,$19$),($20$,$21$,$22$,$23$,$24$,$25$,$26$,$27$,$28$,$29$,$30$,$31$,$32$,$33$,$34$,$35$,$36$,$37$,$38$),($39$,$40$,$41$,$42$,$43$,$44$,$45$,$46$,$47$,$48$,$49$,$50$,$51$,$52$,$53$,$54$,$55$,$56$,$57$) RETURNING "id"

2025/02/13 14:38:53 /home/bryan/repos/skripsi/backend/seeder/seeder.go:158
[7.064ms] [rows:3] INSERT INTO "slots" ("created_at","updated_at","deleted_at","daycare_id","species_id","size_category_id","max_number") VALUES ($1$,$2$,$3$,$4$,$5$,$6$,$7$),($8$,$9$,$10$,$11$,$12$,$13$,$14$),($15$,$16$,$17$,$18$,$19$,$20$,$21$) RETURNING "id"

2025/02/13 14:38:53 /home/bryan/repos/skripsi/backend/seeder/seeder.go:172
[5.985ms] [rows:2] INSERT INTO "pets" ("created_at","updated_at","deleted_at","name","image_url","status","owner_id","species_id","size_id") VALUES ($1$,$2$,$3$,$4$,$5$,$6$,$7$,$8$,$9$),($10$,$11$,$12$,$13$,$14$,$15$,$16$,$17$,$18$) RETURNING "id"

2025/02/13 14:38:53 /home/bryan/repos/skripsi/backend/seeder/seeder.go:189
[6.990ms] [rows:2] INSERT INTO "booked_slots" ("created_at","updated_at","deleted_at","user_id","daycare_id","pet_id","start_date","end_date") VALUES ($1$,$2$,$3$,$4$,$5$,$6$,$7$,$8$),($9$,$10$,$11$,$12$,$13$,$14$,$15$,$16$) RETURNING "id"

2025/02/13 14:38:53 /home/bryan/repos/skripsi/backend/seeder/seeder.go:205
[7.080ms] [rows:3] INSERT INTO "reviews" ("created_at","updated_at","deleted_at","daycare_id","user_id","name","rate","description") VALUES ($1$,$2$,$3$,$4$,$5$,$6$,$7$,$8$),($9$,$10$,$11$,$12$,$13$,$14$,$15$,$16$),($17$,$18$,$19$,$20$,$21$,$22$,$23$,$24$) RETURNING "id"

2025/02/13 14:38:53 /home/bryan/repos/skripsi/backend/seeder/seeder.go:213
[5.107ms] [rows:1] INSERT INTO "reduce_slots" ("slot_id","reduced_count","target_date") VALUES ($1$,$2$,$3$) RETURNING "id"

2025/02/13 14:38:53 /home/bryan/repos/skripsi/backend/seeder/seeder.go:222
[5.353ms] [rows:2] INSERT INTO "thumbnails" ("daycare_id","image_url") VALUES ($1$,$2$),($3$,$4$) RETURNING "id"

2025/02/13 14:38:53 /home/bryan/repos/skripsi/backend/seeder/seeder.go:230
[5.484ms] [rows:1] INSERT INTO "transactions" ("pet_daycare_id","booked_slot_id","status") VALUES ($1$,$2$,$3$) RETURNING "created_at","id"

2025/02/13 14:38:53 /home/bryan/repos/skripsi/backend/setup/setup.go:78
[16.051ms] [rows:1] SELECT count(*) FROM information_schema.tables WHERE table_schema = CURRENT_SCHEMA() AND table_name = 'roles' AND table_type = 'BASE TABLE'

2025/02/13 14:38:53 /home/bryan/repos/skripsi/backend/setup/setup.go:78
[1.858ms] [rows:1] SELECT CURRENT_DATABASE()

2025/02/13 14:38:53 /home/bryan/repos/skripsi/backend/setup/setup.go:78
[30.576ms] [rows:-] SELECT c.column_name, c.is_nullable = 'YES', c.udt_name, c.character_maximum_length, c.numeric_precision, c.numeric_precision_radix, c.numeric_scale, c.datetime_precision, 8 * typlen, c.column_default, pd.description, c.identity_increment FROM information_schema.columns AS c JOIN pg_type AS pgt ON c.udt_name = pgt.typname LEFT JOIN pg_catalog.pg_description as pd ON pd.objsubid = c.ordinal_position AND pd.objoid = (SELECT oid FROM pg_catalog.pg_class WHERE relname = c.table_name AND relnamespace = (SELECT oid FROM pg_catalog.pg_namespace WHERE nspname = c.table_schema)) where table_catalog = $1$ AND table_schema = CURRENT_SCHEMA() AND table_name = $2$

2025/02/13 14:38:53 /home/bryan/repos/skripsi/backend/setup/setup.go:78
[0.967ms] [rows:-] SELECT * FROM "roles" LIMIT $1$

2025/02/13 14:38:53 /home/bryan/repos/skripsi/backend/setup/setup.go:78
[23.817ms] [rows:-] SELECT constraint_name FROM information_schema.table_constraints tc JOIN information_schema.constraint_column_usage AS ccu USING (constraint_schema, constraint_catalog, table_name, constraint_name) JOIN information_schema.columns AS c ON c.table_schema = tc.constraint_schema AND tc.table_name = c.table_name AND ccu.column_name = c.column_name WHERE constraint_type IN ('PRIMARY KEY', 'UNIQUE') AND c.table_catalog = $1$ AND c.table_schema = CURRENT_SCHEMA() AND c.table_name = $2$ AND constraint_type = $3$

2025/02/13 14:38:53 /home/bryan/repos/skripsi/backend/setup/setup.go:78
[20.292ms] [rows:-] SELECT c.column_name, constraint_name, constraint_type FROM information_schema.table_constraints tc JOIN information_schema.constraint_column_usage AS ccu USING (constraint_schema, constraint_catalog, table_name, constraint_name) JOIN information_schema.columns AS c ON c.table_schema = tc.constraint_schema AND tc.table_name = c.table_name AND ccu.column_name = c.column_name WHERE constraint_type IN ('PRIMARY KEY', 'UNIQUE') AND c.table_catalog = $1$ AND c.table_schema = CURRENT_SCHEMA() AND c.table_name = $2$

2025/02/13 14:38:53 /home/bryan/repos/skripsi/backend/setup/setup.go:78
[2.557ms] [rows:-] SELECT a.attname as column_name, format_type(a.atttypid, a.atttypmod) AS data_type
		FROM pg_attribute a JOIN pg_class b ON a.attrelid = b.oid AND relnamespace = (SELECT oid FROM pg_catalog.pg_namespace WHERE nspname = CURRENT_SCHEMA())
		WHERE a.attnum > 0 -- hide internal columns
		AND NOT a.attisdropped -- hide deleted columns
		AND b.relname = $1$

2025/02/13 14:38:53 /home/bryan/repos/skripsi/backend/setup/setup.go:78
[7.418ms] [rows:0] SELECT description FROM pg_catalog.pg_description WHERE objsubid = (SELECT ordinal_position FROM information_schema.columns WHERE table_schema = CURRENT_SCHEMA() AND table_name = 'roles' AND column_name = 'id') AND objoid = (SELECT oid FROM pg_catalog.pg_class WHERE relname = 'roles' AND relnamespace = (SELECT oid FROM pg_catalog.pg_namespace WHERE nspname = CURRENT_SCHEMA()))

2025/02/13 14:38:53 /home/bryan/repos/skripsi/backend/setup/setup.go:78
[5.740ms] [rows:0] SELECT description FROM pg_catalog.pg_description WHERE objsubid = (SELECT ordinal_position FROM information_schema.columns WHERE table_schema = CURRENT_SCHEMA() AND table_name = 'roles' AND column_name = 'name') AND objoid = (SELECT oid FROM pg_catalog.pg_class WHERE relname = 'roles' AND relnamespace = (SELECT oid FROM pg_catalog.pg_namespace WHERE nspname = CURRENT_SCHEMA()))

2025/02/13 14:38:53 /home/bryan/repos/skripsi/backend/setup/setup.go:78
[2.167ms] [rows:1] SELECT count(*) FROM information_schema.tables WHERE table_schema = CURRENT_SCHEMA() AND table_name = 'users' AND table_type = 'BASE TABLE'

2025/02/13 14:38:53 /home/bryan/repos/skripsi/backend/setup/setup.go:78
[0.786ms] [rows:1] SELECT CURRENT_DATABASE()

2025/02/13 14:38:53 /home/bryan/repos/skripsi/backend/setup/setup.go:78
[12.168ms] [rows:-] SELECT c.column_name, c.is_nullable = 'YES', c.udt_name, c.character_maximum_length, c.numeric_precision, c.numeric_precision_radix, c.numeric_scale, c.datetime_precision, 8 * typlen, c.column_default, pd.description, c.identity_increment FROM information_schema.columns AS c JOIN pg_type AS pgt ON c.udt_name = pgt.typname LEFT JOIN pg_catalog.pg_description as pd ON pd.objsubid = c.ordinal_position AND pd.objoid = (SELECT oid FROM pg_catalog.pg_class WHERE relname = c.table_name AND relnamespace = (SELECT oid FROM pg_catalog.pg_namespace WHERE nspname = c.table_schema)) where table_catalog = $1$ AND table_schema = CURRENT_SCHEMA() AND table_name = $2$

2025/02/13 14:38:53 /home/bryan/repos/skripsi/backend/setup/setup.go:78
[0.946ms] [rows:-] SELECT * FROM "users" LIMIT $1$

2025/02/13 14:38:53 /home/bryan/repos/skripsi/backend/setup/setup.go:78
[18.191ms] [rows:-] SELECT constraint_name FROM information_schema.table_constraints tc JOIN information_schema.constraint_column_usage AS ccu USING (constraint_schema, constraint_catalog, table_name, constraint_name) JOIN information_schema.columns AS c ON c.table_schema = tc.constraint_schema AND tc.table_name = c.table_name AND ccu.column_name = c.column_name WHERE constraint_type IN ('PRIMARY KEY', 'UNIQUE') AND c.table_catalog = $1$ AND c.table_schema = CURRENT_SCHEMA() AND c.table_name = $2$ AND constraint_type = $3$

2025/02/13 14:38:53 /home/bryan/repos/skripsi/backend/setup/setup.go:78
[17.296ms] [rows:-] SELECT c.column_name, constraint_name, constraint_type FROM information_schema.table_constraints tc JOIN information_schema.constraint_column_usage AS ccu USING (constraint_schema, constraint_catalog, table_name, constraint_name) JOIN information_schema.columns AS c ON c.table_schema = tc.constraint_schema AND tc.table_name = c.table_name AND ccu.column_name = c.column_name WHERE constraint_type IN ('PRIMARY KEY', 'UNIQUE') AND c.table_catalog = $1$ AND c.table_schema = CURRENT_SCHEMA() AND c.table_name = $2$

2025/02/13 14:38:53 /home/bryan/repos/skripsi/backend/setup/setup.go:78
[1.518ms] [rows:-] SELECT a.attname as column_name, format_type(a.atttypid, a.atttypmod) AS data_type
		FROM pg_attribute a JOIN pg_class b ON a.attrelid = b.oid AND relnamespace = (SELECT oid FROM pg_catalog.pg_namespace WHERE nspname = CURRENT_SCHEMA())
		WHERE a.attnum > 0 -- hide internal columns
		AND NOT a.attisdropped -- hide deleted columns
		AND b.relname = $1$

2025/02/13 14:38:53 /home/bryan/repos/skripsi/backend/setup/setup.go:78
[5.277ms] [rows:0] SELECT description FROM pg_catalog.pg_description WHERE objsubid = (SELECT ordinal_position FROM information_schema.columns WHERE table_schema = CURRENT_SCHEMA() AND table_name = 'users' AND column_name = 'id') AND objoid = (SELECT oid FROM pg_catalog.pg_class WHERE relname = 'users' AND relnamespace = (SELECT oid FROM pg_catalog.pg_namespace WHERE nspname = CURRENT_SCHEMA()))

2025/02/13 14:38:53 /home/bryan/repos/skripsi/backend/setup/setup.go:78
[5.199ms] [rows:0] SELECT description FROM pg_catalog.pg_description WHERE objsubid = (SELECT ordinal_position FROM information_schema.columns WHERE table_schema = CURRENT_SCHEMA() AND table_name = 'users' AND column_name = 'created_at') AND objoid = (SELECT oid FROM pg_catalog.pg_class WHERE relname = 'users' AND relnamespace = (SELECT oid FROM pg_catalog.pg_namespace WHERE nspname = CURRENT_SCHEMA()))

2025/02/13 14:38:53 /home/bryan/repos/skripsi/backend/setup/setup.go:78
[5.391ms] [rows:0] SELECT description FROM pg_catalog.pg_description WHERE objsubid = (SELECT ordinal_position FROM information_schema.columns WHERE table_schema = CURRENT_SCHEMA() AND table_name = 'users' AND column_name = 'updated_at') AND objoid = (SELECT oid FROM pg_catalog.pg_class WHERE relname = 'users' AND relnamespace = (SELECT oid FROM pg_catalog.pg_namespace WHERE nspname = CURRENT_SCHEMA()))

2025/02/13 14:38:53 /home/bryan/repos/skripsi/backend/setup/setup.go:78
[5.341ms] [rows:0] SELECT description FROM pg_catalog.pg_description WHERE objsubid = (SELECT ordinal_position FROM information_schema.columns WHERE table_schema = CURRENT_SCHEMA() AND table_name = 'users' AND column_name = 'deleted_at') AND objoid = (SELECT oid FROM pg_catalog.pg_class WHERE relname = 'users' AND relnamespace = (SELECT oid FROM pg_catalog.pg_namespace WHERE nspname = CURRENT_SCHEMA()))

2025/02/13 14:38:53 /home/bryan/repos/skripsi/backend/setup/setup.go:78
[1.526ms] [rows:0] SELECT description FROM pg_catalog.pg_description WHERE objsubid = (SELECT ordinal_position FROM information_schema.columns WHERE table_schema = CURRENT_SCHEMA() AND table_name = 'users' AND column_name = 'name') AND objoid = (SELECT oid FROM pg_catalog.pg_class WHERE relname = 'users' AND relnamespace = (SELECT oid FROM pg_catalog.pg_namespace WHERE nspname = CURRENT_SCHEMA()))

2025/02/13 14:38:53 /home/bryan/repos/skripsi/backend/setup/setup.go:78
[1.113ms] [rows:0] SELECT description FROM pg_catalog.pg_description WHERE objsubid = (SELECT ordinal_position FROM information_schema.columns WHERE table_schema = CURRENT_SCHEMA() AND table_name = 'users' AND column_name = 'email') AND objoid = (SELECT oid FROM pg_catalog.pg_class WHERE relname = 'users' AND relnamespace = (SELECT oid FROM pg_catalog.pg_namespace WHERE nspname = CURRENT_SCHEMA()))

2025/02/13 14:38:53 /home/bryan/repos/skripsi/backend/setup/setup.go:78
[1.462ms] [rows:0] SELECT description FROM pg_catalog.pg_description WHERE objsubid = (SELECT ordinal_position FROM information_schema.columns WHERE table_schema = CURRENT_SCHEMA() AND table_name = 'users' AND column_name = 'password') AND objoid = (SELECT oid FROM pg_catalog.pg_class WHERE relname = 'users' AND relnamespace = (SELECT oid FROM pg_catalog.pg_namespace WHERE nspname = CURRENT_SCHEMA()))

2025/02/13 14:38:53 /home/bryan/repos/skripsi/backend/setup/setup.go:78
[1.417ms] [rows:0] SELECT description FROM pg_catalog.pg_description WHERE objsubid = (SELECT ordinal_position FROM information_schema.columns WHERE table_schema = CURRENT_SCHEMA() AND table_name = 'users' AND column_name = 'image_url') AND objoid = (SELECT oid FROM pg_catalog.pg_class WHERE relname = 'users' AND relnamespace = (SELECT oid FROM pg_catalog.pg_namespace WHERE nspname = CURRENT_SCHEMA()))

2025/02/13 14:38:53 /home/bryan/repos/skripsi/backend/setup/setup.go:78
[1.249ms] [rows:0] SELECT description FROM pg_catalog.pg_description WHERE objsubid = (SELECT ordinal_position FROM information_schema.columns WHERE table_schema = CURRENT_SCHEMA() AND table_name = 'users' AND column_name = 'role_id') AND objoid = (SELECT oid FROM pg_catalog.pg_class WHERE relname = 'users' AND relnamespace = (SELECT oid FROM pg_catalog.pg_namespace WHERE nspname = CURRENT_SCHEMA()))

2025/02/13 14:38:53 /home/bryan/repos/skripsi/backend/setup/setup.go:78
[4.478ms] [rows:1] SELECT count(*) FROM INFORMATION_SCHEMA.table_constraints WHERE table_schema = CURRENT_SCHEMA() AND table_name = 'users' AND constraint_name = 'fk_roles_users'

2025/02/13 14:38:53 /home/bryan/repos/skripsi/backend/setup/setup.go:78
[5.676ms] [rows:1] SELECT count(*) FROM pg_indexes WHERE tablename = 'users' AND indexname = 'idx_users_deleted_at' AND schemaname = CURRENT_SCHEMA()

2025/02/13 14:38:53 /home/bryan/repos/skripsi/backend/setup/setup.go:78
[2.039ms] [rows:1] SELECT count(*) FROM information_schema.tables WHERE table_schema = CURRENT_SCHEMA() AND table_name = 'vet_specialties' AND table_type = 'BASE TABLE'

2025/02/13 14:38:53 /home/bryan/repos/skripsi/backend/setup/setup.go:78
[0.789ms] [rows:1] SELECT CURRENT_DATABASE()

2025/02/13 14:38:53 /home/bryan/repos/skripsi/backend/setup/setup.go:78
[11.056ms] [rows:-] SELECT c.column_name, c.is_nullable = 'YES', c.udt_name, c.character_maximum_length, c.numeric_precision, c.numeric_precision_radix, c.numeric_scale, c.datetime_precision, 8 * typlen, c.column_default, pd.description, c.identity_increment FROM information_schema.columns AS c JOIN pg_type AS pgt ON c.udt_name = pgt.typname LEFT JOIN pg_catalog.pg_description as pd ON pd.objsubid = c.ordinal_position AND pd.objoid = (SELECT oid FROM pg_catalog.pg_class WHERE relname = c.table_name AND relnamespace = (SELECT oid FROM pg_catalog.pg_namespace WHERE nspname = c.table_schema)) where table_catalog = $1$ AND table_schema = CURRENT_SCHEMA() AND table_name = $2$

2025/02/13 14:38:53 /home/bryan/repos/skripsi/backend/setup/setup.go:78
[0.811ms] [rows:-] SELECT * FROM "vet_specialties" LIMIT $1$

2025/02/13 14:38:53 /home/bryan/repos/skripsi/backend/setup/setup.go:78
[15.855ms] [rows:-] SELECT constraint_name FROM information_schema.table_constraints tc JOIN information_schema.constraint_column_usage AS ccu USING (constraint_schema, constraint_catalog, table_name, constraint_name) JOIN information_schema.columns AS c ON c.table_schema = tc.constraint_schema AND tc.table_name = c.table_name AND ccu.column_name = c.column_name WHERE constraint_type IN ('PRIMARY KEY', 'UNIQUE') AND c.table_catalog = $1$ AND c.table_schema = CURRENT_SCHEMA() AND c.table_name = $2$ AND constraint_type = $3$

2025/02/13 14:38:53 /home/bryan/repos/skripsi/backend/setup/setup.go:78
[15.450ms] [rows:-] SELECT c.column_name, constraint_name, constraint_type FROM information_schema.table_constraints tc JOIN information_schema.constraint_column_usage AS ccu USING (constraint_schema, constraint_catalog, table_name, constraint_name) JOIN information_schema.columns AS c ON c.table_schema = tc.constraint_schema AND tc.table_name = c.table_name AND ccu.column_name = c.column_name WHERE constraint_type IN ('PRIMARY KEY', 'UNIQUE') AND c.table_catalog = $1$ AND c.table_schema = CURRENT_SCHEMA() AND c.table_name = $2$

2025/02/13 14:38:53 /home/bryan/repos/skripsi/backend/setup/setup.go:78
[1.676ms] [rows:-] SELECT a.attname as column_name, format_type(a.atttypid, a.atttypmod) AS data_type
		FROM pg_attribute a JOIN pg_class b ON a.attrelid = b.oid AND relnamespace = (SELECT oid FROM pg_catalog.pg_namespace WHERE nspname = CURRENT_SCHEMA())
		WHERE a.attnum > 0 -- hide internal columns
		AND NOT a.attisdropped -- hide deleted columns
		AND b.relname = $1$

2025/02/13 14:38:53 /home/bryan/repos/skripsi/backend/setup/setup.go:78
[1.600ms] [rows:0] SELECT description FROM pg_catalog.pg_description WHERE objsubid = (SELECT ordinal_position FROM information_schema.columns WHERE table_schema = CURRENT_SCHEMA() AND table_name = 'vet_specialties' AND column_name = 'id') AND objoid = (SELECT oid FROM pg_catalog.pg_class WHERE relname = 'vet_specialties' AND relnamespace = (SELECT oid FROM pg_catalog.pg_namespace WHERE nspname = CURRENT_SCHEMA()))

2025/02/13 14:38:53 /home/bryan/repos/skripsi/backend/setup/setup.go:78
[1.444ms] [rows:0] SELECT description FROM pg_catalog.pg_description WHERE objsubid = (SELECT ordinal_position FROM information_schema.columns WHERE table_schema = CURRENT_SCHEMA() AND table_name = 'vet_specialties' AND column_name = 'name') AND objoid = (SELECT oid FROM pg_catalog.pg_class WHERE relname = 'vet_specialties' AND relnamespace = (SELECT oid FROM pg_catalog.pg_namespace WHERE nspname = CURRENT_SCHEMA()))

2025/02/13 14:38:53 /home/bryan/repos/skripsi/backend/setup/setup.go:78
[2.239ms] [rows:1] SELECT count(*) FROM information_schema.tables WHERE table_schema = CURRENT_SCHEMA() AND table_name = 'user_vet_specialties' AND table_type = 'BASE TABLE'

2025/02/13 14:38:53 /home/bryan/repos/skripsi/backend/setup/setup.go:78
[1.085ms] [rows:1] SELECT CURRENT_DATABASE()

2025/02/13 14:38:53 /home/bryan/repos/skripsi/backend/setup/setup.go:78
[11.637ms] [rows:-] SELECT c.column_name, c.is_nullable = 'YES', c.udt_name, c.character_maximum_length, c.numeric_precision, c.numeric_precision_radix, c.numeric_scale, c.datetime_precision, 8 * typlen, c.column_default, pd.description, c.identity_increment FROM information_schema.columns AS c JOIN pg_type AS pgt ON c.udt_name = pgt.typname LEFT JOIN pg_catalog.pg_description as pd ON pd.objsubid = c.ordinal_position AND pd.objoid = (SELECT oid FROM pg_catalog.pg_class WHERE relname = c.table_name AND relnamespace = (SELECT oid FROM pg_catalog.pg_namespace WHERE nspname = c.table_schema)) where table_catalog = $1$ AND table_schema = CURRENT_SCHEMA() AND table_name = $2$

2025/02/13 14:38:53 /home/bryan/repos/skripsi/backend/setup/setup.go:78
[1.099ms] [rows:-] SELECT * FROM "user_vet_specialties" LIMIT $1$

2025/02/13 14:38:53 /home/bryan/repos/skripsi/backend/setup/setup.go:78
[20.037ms] [rows:-] SELECT constraint_name FROM information_schema.table_constraints tc JOIN information_schema.constraint_column_usage AS ccu USING (constraint_schema, constraint_catalog, table_name, constraint_name) JOIN information_schema.columns AS c ON c.table_schema = tc.constraint_schema AND tc.table_name = c.table_name AND ccu.column_name = c.column_name WHERE constraint_type IN ('PRIMARY KEY', 'UNIQUE') AND c.table_catalog = $1$ AND c.table_schema = CURRENT_SCHEMA() AND c.table_name = $2$ AND constraint_type = $3$

2025/02/13 14:38:53 /home/bryan/repos/skripsi/backend/setup/setup.go:78
[22.123ms] [rows:-] SELECT c.column_name, constraint_name, constraint_type FROM information_schema.table_constraints tc JOIN information_schema.constraint_column_usage AS ccu USING (constraint_schema, constraint_catalog, table_name, constraint_name) JOIN information_schema.columns AS c ON c.table_schema = tc.constraint_schema AND tc.table_name = c.table_name AND ccu.column_name = c.column_name WHERE constraint_type IN ('PRIMARY KEY', 'UNIQUE') AND c.table_catalog = $1$ AND c.table_schema = CURRENT_SCHEMA() AND c.table_name = $2$

2025/02/13 14:38:53 /home/bryan/repos/skripsi/backend/setup/setup.go:78
[2.295ms] [rows:-] SELECT a.attname as column_name, format_type(a.atttypid, a.atttypmod) AS data_type
		FROM pg_attribute a JOIN pg_class b ON a.attrelid = b.oid AND relnamespace = (SELECT oid FROM pg_catalog.pg_namespace WHERE nspname = CURRENT_SCHEMA())
		WHERE a.attnum > 0 -- hide internal columns
		AND NOT a.attisdropped -- hide deleted columns
		AND b.relname = $1$

2025/02/13 14:38:53 /home/bryan/repos/skripsi/backend/setup/setup.go:78
[2.006ms] [rows:0] SELECT description FROM pg_catalog.pg_description WHERE objsubid = (SELECT ordinal_position FROM information_schema.columns WHERE table_schema = CURRENT_SCHEMA() AND table_name = 'user_vet_specialties' AND column_name = 'user_id') AND objoid = (SELECT oid FROM pg_catalog.pg_class WHERE relname = 'user_vet_specialties' AND relnamespace = (SELECT oid FROM pg_catalog.pg_namespace WHERE nspname = CURRENT_SCHEMA()))

2025/02/13 14:38:53 /home/bryan/repos/skripsi/backend/setup/setup.go:78
[1.958ms] [rows:0] SELECT description FROM pg_catalog.pg_description WHERE objsubid = (SELECT ordinal_position FROM information_schema.columns WHERE table_schema = CURRENT_SCHEMA() AND table_name = 'user_vet_specialties' AND column_name = 'vet_specialty_id') AND objoid = (SELECT oid FROM pg_catalog.pg_class WHERE relname = 'user_vet_specialties' AND relnamespace = (SELECT oid FROM pg_catalog.pg_namespace WHERE nspname = CURRENT_SCHEMA()))

2025/02/13 14:38:53 /home/bryan/repos/skripsi/backend/setup/setup.go:78
[5.176ms] [rows:1] SELECT count(*) FROM INFORMATION_SCHEMA.table_constraints WHERE table_schema = CURRENT_SCHEMA() AND table_name = 'user_vet_specialties' AND constraint_name = 'fk_user_vet_specialties_user'

2025/02/13 14:38:53 /home/bryan/repos/skripsi/backend/setup/setup.go:78
[5.078ms] [rows:1] SELECT count(*) FROM INFORMATION_SCHEMA.table_constraints WHERE table_schema = CURRENT_SCHEMA() AND table_name = 'user_vet_specialties' AND constraint_name = 'fk_user_vet_specialties_vet_specialty'

2025/02/13 14:38:53 /home/bryan/repos/skripsi/backend/setup/setup.go:78
[3.088ms] [rows:1] SELECT count(*) FROM information_schema.tables WHERE table_schema = CURRENT_SCHEMA() AND table_name = 'daily_walks' AND table_type = 'BASE TABLE'

2025/02/13 14:38:53 /home/bryan/repos/skripsi/backend/setup/setup.go:78
[0.965ms] [rows:1] SELECT CURRENT_DATABASE()

2025/02/13 14:38:53 /home/bryan/repos/skripsi/backend/setup/setup.go:78
[15.876ms] [rows:-] SELECT c.column_name, c.is_nullable = 'YES', c.udt_name, c.character_maximum_length, c.numeric_precision, c.numeric_precision_radix, c.numeric_scale, c.datetime_precision, 8 * typlen, c.column_default, pd.description, c.identity_increment FROM information_schema.columns AS c JOIN pg_type AS pgt ON c.udt_name = pgt.typname LEFT JOIN pg_catalog.pg_description as pd ON pd.objsubid = c.ordinal_position AND pd.objoid = (SELECT oid FROM pg_catalog.pg_class WHERE relname = c.table_name AND relnamespace = (SELECT oid FROM pg_catalog.pg_namespace WHERE nspname = c.table_schema)) where table_catalog = $1$ AND table_schema = CURRENT_SCHEMA() AND table_name = $2$

2025/02/13 14:38:53 /home/bryan/repos/skripsi/backend/setup/setup.go:78
[1.328ms] [rows:-] SELECT * FROM "daily_walks" LIMIT $1$

2025/02/13 14:38:53 /home/bryan/repos/skripsi/backend/setup/setup.go:78
[22.463ms] [rows:-] SELECT constraint_name FROM information_schema.table_constraints tc JOIN information_schema.constraint_column_usage AS ccu USING (constraint_schema, constraint_catalog, table_name, constraint_name) JOIN information_schema.columns AS c ON c.table_schema = tc.constraint_schema AND tc.table_name = c.table_name AND ccu.column_name = c.column_name WHERE constraint_type IN ('PRIMARY KEY', 'UNIQUE') AND c.table_catalog = $1$ AND c.table_schema = CURRENT_SCHEMA() AND c.table_name = $2$ AND constraint_type = $3$

2025/02/13 14:38:53 /home/bryan/repos/skripsi/backend/setup/setup.go:78
[23.071ms] [rows:-] SELECT c.column_name, constraint_name, constraint_type FROM information_schema.table_constraints tc JOIN information_schema.constraint_column_usage AS ccu USING (constraint_schema, constraint_catalog, table_name, constraint_name) JOIN information_schema.columns AS c ON c.table_schema = tc.constraint_schema AND tc.table_name = c.table_name AND ccu.column_name = c.column_name WHERE constraint_type IN ('PRIMARY KEY', 'UNIQUE') AND c.table_catalog = $1$ AND c.table_schema = CURRENT_SCHEMA() AND c.table_name = $2$

2025/02/13 14:38:53 /home/bryan/repos/skripsi/backend/setup/setup.go:78
[1.954ms] [rows:-] SELECT a.attname as column_name, format_type(a.atttypid, a.atttypmod) AS data_type
		FROM pg_attribute a JOIN pg_class b ON a.attrelid = b.oid AND relnamespace = (SELECT oid FROM pg_catalog.pg_namespace WHERE nspname = CURRENT_SCHEMA())
		WHERE a.attnum > 0 -- hide internal columns
		AND NOT a.attisdropped -- hide deleted columns
		AND b.relname = $1$

2025/02/13 14:38:53 /home/bryan/repos/skripsi/backend/setup/setup.go:78
[1.850ms] [rows:0] SELECT description FROM pg_catalog.pg_description WHERE objsubid = (SELECT ordinal_position FROM information_schema.columns WHERE table_schema = CURRENT_SCHEMA() AND table_name = 'daily_walks' AND column_name = 'id') AND objoid = (SELECT oid FROM pg_catalog.pg_class WHERE relname = 'daily_walks' AND relnamespace = (SELECT oid FROM pg_catalog.pg_namespace WHERE nspname = CURRENT_SCHEMA()))

2025/02/13 14:38:53 /home/bryan/repos/skripsi/backend/setup/setup.go:78
[1.698ms] [rows:0] SELECT description FROM pg_catalog.pg_description WHERE objsubid = (SELECT ordinal_position FROM information_schema.columns WHERE table_schema = CURRENT_SCHEMA() AND table_name = 'daily_walks' AND column_name = 'name') AND objoid = (SELECT oid FROM pg_catalog.pg_class WHERE relname = 'daily_walks' AND relnamespace = (SELECT oid FROM pg_catalog.pg_namespace WHERE nspname = CURRENT_SCHEMA()))

2025/02/13 14:38:53 /home/bryan/repos/skripsi/backend/setup/setup.go:78
[2.757ms] [rows:1] SELECT count(*) FROM information_schema.tables WHERE table_schema = CURRENT_SCHEMA() AND table_name = 'daily_playtimes' AND table_type = 'BASE TABLE'

2025/02/13 14:38:53 /home/bryan/repos/skripsi/backend/setup/setup.go:78
[0.995ms] [rows:1] SELECT CURRENT_DATABASE()

2025/02/13 14:38:53 /home/bryan/repos/skripsi/backend/setup/setup.go:78
[13.348ms] [rows:-] SELECT c.column_name, c.is_nullable = 'YES', c.udt_name, c.character_maximum_length, c.numeric_precision, c.numeric_precision_radix, c.numeric_scale, c.datetime_precision, 8 * typlen, c.column_default, pd.description, c.identity_increment FROM information_schema.columns AS c JOIN pg_type AS pgt ON c.udt_name = pgt.typname LEFT JOIN pg_catalog.pg_description as pd ON pd.objsubid = c.ordinal_position AND pd.objoid = (SELECT oid FROM pg_catalog.pg_class WHERE relname = c.table_name AND relnamespace = (SELECT oid FROM pg_catalog.pg_namespace WHERE nspname = c.table_schema)) where table_catalog = $1$ AND table_schema = CURRENT_SCHEMA() AND table_name = $2$

2025/02/13 14:38:53 /home/bryan/repos/skripsi/backend/setup/setup.go:78
[0.914ms] [rows:-] SELECT * FROM "daily_playtimes" LIMIT $1$

2025/02/13 14:38:54 /home/bryan/repos/skripsi/backend/setup/setup.go:78
[18.044ms] [rows:-] SELECT constraint_name FROM information_schema.table_constraints tc JOIN information_schema.constraint_column_usage AS ccu USING (constraint_schema, constraint_catalog, table_name, constraint_name) JOIN information_schema.columns AS c ON c.table_schema = tc.constraint_schema AND tc.table_name = c.table_name AND ccu.column_name = c.column_name WHERE constraint_type IN ('PRIMARY KEY', 'UNIQUE') AND c.table_catalog = $1$ AND c.table_schema = CURRENT_SCHEMA() AND c.table_name = $2$ AND constraint_type = $3$

2025/02/13 14:38:54 /home/bryan/repos/skripsi/backend/setup/setup.go:78
[17.954ms] [rows:-] SELECT c.column_name, constraint_name, constraint_type FROM information_schema.table_constraints tc JOIN information_schema.constraint_column_usage AS ccu USING (constraint_schema, constraint_catalog, table_name, constraint_name) JOIN information_schema.columns AS c ON c.table_schema = tc.constraint_schema AND tc.table_name = c.table_name AND ccu.column_name = c.column_name WHERE constraint_type IN ('PRIMARY KEY', 'UNIQUE') AND c.table_catalog = $1$ AND c.table_schema = CURRENT_SCHEMA() AND c.table_name = $2$

2025/02/13 14:38:54 /home/bryan/repos/skripsi/backend/setup/setup.go:78
[1.814ms] [rows:-] SELECT a.attname as column_name, format_type(a.atttypid, a.atttypmod) AS data_type
		FROM pg_attribute a JOIN pg_class b ON a.attrelid = b.oid AND relnamespace = (SELECT oid FROM pg_catalog.pg_namespace WHERE nspname = CURRENT_SCHEMA())
		WHERE a.attnum > 0 -- hide internal columns
		AND NOT a.attisdropped -- hide deleted columns
		AND b.relname = $1$

2025/02/13 14:38:54 /home/bryan/repos/skripsi/backend/setup/setup.go:78
[1.592ms] [rows:0] SELECT description FROM pg_catalog.pg_description WHERE objsubid = (SELECT ordinal_position FROM information_schema.columns WHERE table_schema = CURRENT_SCHEMA() AND table_name = 'daily_playtimes' AND column_name = 'id') AND objoid = (SELECT oid FROM pg_catalog.pg_class WHERE relname = 'daily_playtimes' AND relnamespace = (SELECT oid FROM pg_catalog.pg_namespace WHERE nspname = CURRENT_SCHEMA()))

2025/02/13 14:38:54 /home/bryan/repos/skripsi/backend/setup/setup.go:78
[1.888ms] [rows:0] SELECT description FROM pg_catalog.pg_description WHERE objsubid = (SELECT ordinal_position FROM information_schema.columns WHERE table_schema = CURRENT_SCHEMA() AND table_name = 'daily_playtimes' AND column_name = 'name') AND objoid = (SELECT oid FROM pg_catalog.pg_class WHERE relname = 'daily_playtimes' AND relnamespace = (SELECT oid FROM pg_catalog.pg_namespace WHERE nspname = CURRENT_SCHEMA()))

2025/02/13 14:38:54 /home/bryan/repos/skripsi/backend/setup/setup.go:78
[1.358ms] [rows:1] SELECT count(*) FROM information_schema.tables WHERE table_schema = CURRENT_SCHEMA() AND table_name = 'pet_daycares' AND table_type = 'BASE TABLE'

2025/02/13 14:38:54 /home/bryan/repos/skripsi/backend/setup/setup.go:78
[0.955ms] [rows:1] SELECT CURRENT_DATABASE()

2025/02/13 14:38:54 /home/bryan/repos/skripsi/backend/setup/setup.go:78
[5.879ms] [rows:-] SELECT c.column_name, c.is_nullable = 'YES', c.udt_name, c.character_maximum_length, c.numeric_precision, c.numeric_precision_radix, c.numeric_scale, c.datetime_precision, 8 * typlen, c.column_default, pd.description, c.identity_increment FROM information_schema.columns AS c JOIN pg_type AS pgt ON c.udt_name = pgt.typname LEFT JOIN pg_catalog.pg_description as pd ON pd.objsubid = c.ordinal_position AND pd.objoid = (SELECT oid FROM pg_catalog.pg_class WHERE relname = c.table_name AND relnamespace = (SELECT oid FROM pg_catalog.pg_namespace WHERE nspname = c.table_schema)) where table_catalog = $1$ AND table_schema = CURRENT_SCHEMA() AND table_name = $2$

2025/02/13 14:38:54 /home/bryan/repos/skripsi/backend/setup/setup.go:78
[1.328ms] [rows:-] SELECT * FROM "pet_daycares" LIMIT $1$

2025/02/13 14:38:54 /home/bryan/repos/skripsi/backend/setup/setup.go:78
[7.368ms] [rows:-] SELECT constraint_name FROM information_schema.table_constraints tc JOIN information_schema.constraint_column_usage AS ccu USING (constraint_schema, constraint_catalog, table_name, constraint_name) JOIN information_schema.columns AS c ON c.table_schema = tc.constraint_schema AND tc.table_name = c.table_name AND ccu.column_name = c.column_name WHERE constraint_type IN ('PRIMARY KEY', 'UNIQUE') AND c.table_catalog = $1$ AND c.table_schema = CURRENT_SCHEMA() AND c.table_name = $2$ AND constraint_type = $3$

2025/02/13 14:38:54 /home/bryan/repos/skripsi/backend/setup/setup.go:78
[7.217ms] [rows:-] SELECT c.column_name, constraint_name, constraint_type FROM information_schema.table_constraints tc JOIN information_schema.constraint_column_usage AS ccu USING (constraint_schema, constraint_catalog, table_name, constraint_name) JOIN information_schema.columns AS c ON c.table_schema = tc.constraint_schema AND tc.table_name = c.table_name AND ccu.column_name = c.column_name WHERE constraint_type IN ('PRIMARY KEY', 'UNIQUE') AND c.table_catalog = $1$ AND c.table_schema = CURRENT_SCHEMA() AND c.table_name = $2$

2025/02/13 14:38:54 /home/bryan/repos/skripsi/backend/setup/setup.go:78
[1.128ms] [rows:-] SELECT a.attname as column_name, format_type(a.atttypid, a.atttypmod) AS data_type
		FROM pg_attribute a JOIN pg_class b ON a.attrelid = b.oid AND relnamespace = (SELECT oid FROM pg_catalog.pg_namespace WHERE nspname = CURRENT_SCHEMA())
		WHERE a.attnum > 0 -- hide internal columns
		AND NOT a.attisdropped -- hide deleted columns
		AND b.relname = $1$

2025/02/13 14:38:54 /home/bryan/repos/skripsi/backend/setup/setup.go:78
[1.651ms] [rows:0] SELECT description FROM pg_catalog.pg_description WHERE objsubid = (SELECT ordinal_position FROM information_schema.columns WHERE table_schema = CURRENT_SCHEMA() AND table_name = 'pet_daycares' AND column_name = 'id') AND objoid = (SELECT oid FROM pg_catalog.pg_class WHERE relname = 'pet_daycares' AND relnamespace = (SELECT oid FROM pg_catalog.pg_namespace WHERE nspname = CURRENT_SCHEMA()))

2025/02/13 14:38:54 /home/bryan/repos/skripsi/backend/setup/setup.go:78
[1.575ms] [rows:0] SELECT description FROM pg_catalog.pg_description WHERE objsubid = (SELECT ordinal_position FROM information_schema.columns WHERE table_schema = CURRENT_SCHEMA() AND table_name = 'pet_daycares' AND column_name = 'created_at') AND objoid = (SELECT oid FROM pg_catalog.pg_class WHERE relname = 'pet_daycares' AND relnamespace = (SELECT oid FROM pg_catalog.pg_namespace WHERE nspname = CURRENT_SCHEMA()))

2025/02/13 14:38:54 /home/bryan/repos/skripsi/backend/setup/setup.go:78
[1.478ms] [rows:0] SELECT description FROM pg_catalog.pg_description WHERE objsubid = (SELECT ordinal_position FROM information_schema.columns WHERE table_schema = CURRENT_SCHEMA() AND table_name = 'pet_daycares' AND column_name = 'updated_at') AND objoid = (SELECT oid FROM pg_catalog.pg_class WHERE relname = 'pet_daycares' AND relnamespace = (SELECT oid FROM pg_catalog.pg_namespace WHERE nspname = CURRENT_SCHEMA()))

2025/02/13 14:38:54 /home/bryan/repos/skripsi/backend/setup/setup.go:78
[1.511ms] [rows:0] SELECT description FROM pg_catalog.pg_description WHERE objsubid = (SELECT ordinal_position FROM information_schema.columns WHERE table_schema = CURRENT_SCHEMA() AND table_name = 'pet_daycares' AND column_name = 'deleted_at') AND objoid = (SELECT oid FROM pg_catalog.pg_class WHERE relname = 'pet_daycares' AND relnamespace = (SELECT oid FROM pg_catalog.pg_namespace WHERE nspname = CURRENT_SCHEMA()))

2025/02/13 14:38:54 /home/bryan/repos/skripsi/backend/setup/setup.go:78
[1.584ms] [rows:0] SELECT description FROM pg_catalog.pg_description WHERE objsubid = (SELECT ordinal_position FROM information_schema.columns WHERE table_schema = CURRENT_SCHEMA() AND table_name = 'pet_daycares' AND column_name = 'name') AND objoid = (SELECT oid FROM pg_catalog.pg_class WHERE relname = 'pet_daycares' AND relnamespace = (SELECT oid FROM pg_catalog.pg_namespace WHERE nspname = CURRENT_SCHEMA()))

2025/02/13 14:38:54 /home/bryan/repos/skripsi/backend/setup/setup.go:78
[1.630ms] [rows:0] SELECT description FROM pg_catalog.pg_description WHERE objsubid = (SELECT ordinal_position FROM information_schema.columns WHERE table_schema = CURRENT_SCHEMA() AND table_name = 'pet_daycares' AND column_name = 'address') AND objoid = (SELECT oid FROM pg_catalog.pg_class WHERE relname = 'pet_daycares' AND relnamespace = (SELECT oid FROM pg_catalog.pg_namespace WHERE nspname = CURRENT_SCHEMA()))

2025/02/13 14:38:54 /home/bryan/repos/skripsi/backend/setup/setup.go:78
[1.613ms] [rows:0] SELECT description FROM pg_catalog.pg_description WHERE objsubid = (SELECT ordinal_position FROM information_schema.columns WHERE table_schema = CURRENT_SCHEMA() AND table_name = 'pet_daycares' AND column_name = 'latitude') AND objoid = (SELECT oid FROM pg_catalog.pg_class WHERE relname = 'pet_daycares' AND relnamespace = (SELECT oid FROM pg_catalog.pg_namespace WHERE nspname = CURRENT_SCHEMA()))

2025/02/13 14:38:54 /home/bryan/repos/skripsi/backend/setup/setup.go:78
[1.536ms] [rows:0] SELECT description FROM pg_catalog.pg_description WHERE objsubid = (SELECT ordinal_position FROM information_schema.columns WHERE table_schema = CURRENT_SCHEMA() AND table_name = 'pet_daycares' AND column_name = 'longitude') AND objoid = (SELECT oid FROM pg_catalog.pg_class WHERE relname = 'pet_daycares' AND relnamespace = (SELECT oid FROM pg_catalog.pg_namespace WHERE nspname = CURRENT_SCHEMA()))

2025/02/13 14:38:54 /home/bryan/repos/skripsi/backend/setup/setup.go:78
[1.383ms] [rows:0] SELECT description FROM pg_catalog.pg_description WHERE objsubid = (SELECT ordinal_position FROM information_schema.columns WHERE table_schema = CURRENT_SCHEMA() AND table_name = 'pet_daycares' AND column_name = 'price') AND objoid = (SELECT oid FROM pg_catalog.pg_class WHERE relname = 'pet_daycares' AND relnamespace = (SELECT oid FROM pg_catalog.pg_namespace WHERE nspname = CURRENT_SCHEMA()))

2025/02/13 14:38:54 /home/bryan/repos/skripsi/backend/setup/setup.go:78
[1.676ms] [rows:0] SELECT description FROM pg_catalog.pg_description WHERE objsubid = (SELECT ordinal_position FROM information_schema.columns WHERE table_schema = CURRENT_SCHEMA() AND table_name = 'pet_daycares' AND column_name = 'pricing_type') AND objoid = (SELECT oid FROM pg_catalog.pg_class WHERE relname = 'pet_daycares' AND relnamespace = (SELECT oid FROM pg_catalog.pg_namespace WHERE nspname = CURRENT_SCHEMA()))

2025/02/13 14:38:54 /home/bryan/repos/skripsi/backend/setup/setup.go:78
[2.581ms] [rows:0] SELECT description FROM pg_catalog.pg_description WHERE objsubid = (SELECT ordinal_position FROM information_schema.columns WHERE table_schema = CURRENT_SCHEMA() AND table_name = 'pet_daycares' AND column_name = 'description') AND objoid = (SELECT oid FROM pg_catalog.pg_class WHERE relname = 'pet_daycares' AND relnamespace = (SELECT oid FROM pg_catalog.pg_namespace WHERE nspname = CURRENT_SCHEMA()))

2025/02/13 14:38:54 /home/bryan/repos/skripsi/backend/setup/setup.go:78
[1.823ms] [rows:0] SELECT description FROM pg_catalog.pg_description WHERE objsubid = (SELECT ordinal_position FROM information_schema.columns WHERE table_schema = CURRENT_SCHEMA() AND table_name = 'pet_daycares' AND column_name = 'has_pickup_service') AND objoid = (SELECT oid FROM pg_catalog.pg_class WHERE relname = 'pet_daycares' AND relnamespace = (SELECT oid FROM pg_catalog.pg_namespace WHERE nspname = CURRENT_SCHEMA()))

2025/02/13 14:38:54 /home/bryan/repos/skripsi/backend/setup/setup.go:78
[1.554ms] [rows:0] SELECT description FROM pg_catalog.pg_description WHERE objsubid = (SELECT ordinal_position FROM information_schema.columns WHERE table_schema = CURRENT_SCHEMA() AND table_name = 'pet_daycares' AND column_name = 'must_be_vaccinated') AND objoid = (SELECT oid FROM pg_catalog.pg_class WHERE relname = 'pet_daycares' AND relnamespace = (SELECT oid FROM pg_catalog.pg_namespace WHERE nspname = CURRENT_SCHEMA()))

2025/02/13 14:38:54 /home/bryan/repos/skripsi/backend/setup/setup.go:78
[1.628ms] [rows:0] SELECT description FROM pg_catalog.pg_description WHERE objsubid = (SELECT ordinal_position FROM information_schema.columns WHERE table_schema = CURRENT_SCHEMA() AND table_name = 'pet_daycares' AND column_name = 'food_provided') AND objoid = (SELECT oid FROM pg_catalog.pg_class WHERE relname = 'pet_daycares' AND relnamespace = (SELECT oid FROM pg_catalog.pg_namespace WHERE nspname = CURRENT_SCHEMA()))

2025/02/13 14:38:54 /home/bryan/repos/skripsi/backend/setup/setup.go:78
[1.585ms] [rows:0] SELECT description FROM pg_catalog.pg_description WHERE objsubid = (SELECT ordinal_position FROM information_schema.columns WHERE table_schema = CURRENT_SCHEMA() AND table_name = 'pet_daycares' AND column_name = 'grooming_available') AND objoid = (SELECT oid FROM pg_catalog.pg_class WHERE relname = 'pet_daycares' AND relnamespace = (SELECT oid FROM pg_catalog.pg_namespace WHERE nspname = CURRENT_SCHEMA()))

2025/02/13 14:38:54 /home/bryan/repos/skripsi/backend/setup/setup.go:78
[1.482ms] [rows:0] SELECT description FROM pg_catalog.pg_description WHERE objsubid = (SELECT ordinal_position FROM information_schema.columns WHERE table_schema = CURRENT_SCHEMA() AND table_name = 'pet_daycares' AND column_name = 'booked_num') AND objoid = (SELECT oid FROM pg_catalog.pg_class WHERE relname = 'pet_daycares' AND relnamespace = (SELECT oid FROM pg_catalog.pg_namespace WHERE nspname = CURRENT_SCHEMA()))

2025/02/13 14:38:54 /home/bryan/repos/skripsi/backend/setup/setup.go:78
[1.344ms] [rows:0] SELECT description FROM pg_catalog.pg_description WHERE objsubid = (SELECT ordinal_position FROM information_schema.columns WHERE table_schema = CURRENT_SCHEMA() AND table_name = 'pet_daycares' AND column_name = 'daily_walks_id') AND objoid = (SELECT oid FROM pg_catalog.pg_class WHERE relname = 'pet_daycares' AND relnamespace = (SELECT oid FROM pg_catalog.pg_namespace WHERE nspname = CURRENT_SCHEMA()))

2025/02/13 14:38:54 /home/bryan/repos/skripsi/backend/setup/setup.go:78
[1.447ms] [rows:0] SELECT description FROM pg_catalog.pg_description WHERE objsubid = (SELECT ordinal_position FROM information_schema.columns WHERE table_schema = CURRENT_SCHEMA() AND table_name = 'pet_daycares' AND column_name = 'daily_playtime_id') AND objoid = (SELECT oid FROM pg_catalog.pg_class WHERE relname = 'pet_daycares' AND relnamespace = (SELECT oid FROM pg_catalog.pg_namespace WHERE nspname = CURRENT_SCHEMA()))

2025/02/13 14:38:54 /home/bryan/repos/skripsi/backend/setup/setup.go:78
[1.539ms] [rows:0] SELECT description FROM pg_catalog.pg_description WHERE objsubid = (SELECT ordinal_position FROM information_schema.columns WHERE table_schema = CURRENT_SCHEMA() AND table_name = 'pet_daycares' AND column_name = 'owner_id') AND objoid = (SELECT oid FROM pg_catalog.pg_class WHERE relname = 'pet_daycares' AND relnamespace = (SELECT oid FROM pg_catalog.pg_namespace WHERE nspname = CURRENT_SCHEMA()))

2025/02/13 14:38:54 /home/bryan/repos/skripsi/backend/setup/setup.go:78
[1.952ms] [rows:0] SELECT description FROM pg_catalog.pg_description WHERE objsubid = (SELECT ordinal_position FROM information_schema.columns WHERE table_schema = CURRENT_SCHEMA() AND table_name = 'pet_daycares' AND column_name = 'food_brand') AND objoid = (SELECT oid FROM pg_catalog.pg_class WHERE relname = 'pet_daycares' AND relnamespace = (SELECT oid FROM pg_catalog.pg_namespace WHERE nspname = CURRENT_SCHEMA()))

2025/02/13 14:38:54 /home/bryan/repos/skripsi/backend/setup/setup.go:78
[4.599ms] [rows:1] SELECT count(*) FROM INFORMATION_SCHEMA.table_constraints WHERE table_schema = CURRENT_SCHEMA() AND table_name = 'pet_daycares' AND constraint_name = 'fk_users_pet_daycare'

2025/02/13 14:38:54 /home/bryan/repos/skripsi/backend/setup/setup.go:78
[5.464ms] [rows:1] SELECT count(*) FROM INFORMATION_SCHEMA.table_constraints WHERE table_schema = CURRENT_SCHEMA() AND table_name = 'pet_daycares' AND constraint_name = 'fk_pet_daycares_daily_walks'

2025/02/13 14:38:54 /home/bryan/repos/skripsi/backend/setup/setup.go:78
[6.269ms] [rows:1] SELECT count(*) FROM INFORMATION_SCHEMA.table_constraints WHERE table_schema = CURRENT_SCHEMA() AND table_name = 'pet_daycares' AND constraint_name = 'fk_pet_daycares_daily_playtime'

2025/02/13 14:38:54 /home/bryan/repos/skripsi/backend/setup/setup.go:78
[4.455ms] [rows:1] SELECT count(*) FROM pg_indexes WHERE tablename = 'pet_daycares' AND indexname = 'idx_pet_daycares_deleted_at' AND schemaname = CURRENT_SCHEMA()

2025/02/13 14:38:54 /home/bryan/repos/skripsi/backend/setup/setup.go:78
[1.892ms] [rows:1] SELECT count(*) FROM information_schema.tables WHERE table_schema = CURRENT_SCHEMA() AND table_name = 'species' AND table_type = 'BASE TABLE'

2025/02/13 14:38:54 /home/bryan/repos/skripsi/backend/setup/setup.go:78
[1.139ms] [rows:1] SELECT CURRENT_DATABASE()

2025/02/13 14:38:54 /home/bryan/repos/skripsi/backend/setup/setup.go:78
[4.570ms] [rows:-] SELECT c.column_name, c.is_nullable = 'YES', c.udt_name, c.character_maximum_length, c.numeric_precision, c.numeric_precision_radix, c.numeric_scale, c.datetime_precision, 8 * typlen, c.column_default, pd.description, c.identity_increment FROM information_schema.columns AS c JOIN pg_type AS pgt ON c.udt_name = pgt.typname LEFT JOIN pg_catalog.pg_description as pd ON pd.objsubid = c.ordinal_position AND pd.objoid = (SELECT oid FROM pg_catalog.pg_class WHERE relname = c.table_name AND relnamespace = (SELECT oid FROM pg_catalog.pg_namespace WHERE nspname = c.table_schema)) where table_catalog = $1$ AND table_schema = CURRENT_SCHEMA() AND table_name = $2$

2025/02/13 14:38:54 /home/bryan/repos/skripsi/backend/setup/setup.go:78
[1.475ms] [rows:-] SELECT * FROM "species" LIMIT $1$

2025/02/13 14:38:54 /home/bryan/repos/skripsi/backend/setup/setup.go:78
[4.058ms] [rows:-] SELECT constraint_name FROM information_schema.table_constraints tc JOIN information_schema.constraint_column_usage AS ccu USING (constraint_schema, constraint_catalog, table_name, constraint_name) JOIN information_schema.columns AS c ON c.table_schema = tc.constraint_schema AND tc.table_name = c.table_name AND ccu.column_name = c.column_name WHERE constraint_type IN ('PRIMARY KEY', 'UNIQUE') AND c.table_catalog = $1$ AND c.table_schema = CURRENT_SCHEMA() AND c.table_name = $2$ AND constraint_type = $3$

2025/02/13 14:38:54 /home/bryan/repos/skripsi/backend/setup/setup.go:78
[3.904ms] [rows:-] SELECT c.column_name, constraint_name, constraint_type FROM information_schema.table_constraints tc JOIN information_schema.constraint_column_usage AS ccu USING (constraint_schema, constraint_catalog, table_name, constraint_name) JOIN information_schema.columns AS c ON c.table_schema = tc.constraint_schema AND tc.table_name = c.table_name AND ccu.column_name = c.column_name WHERE constraint_type IN ('PRIMARY KEY', 'UNIQUE') AND c.table_catalog = $1$ AND c.table_schema = CURRENT_SCHEMA() AND c.table_name = $2$

2025/02/13 14:38:54 /home/bryan/repos/skripsi/backend/setup/setup.go:78
[1.442ms] [rows:-] SELECT a.attname as column_name, format_type(a.atttypid, a.atttypmod) AS data_type
		FROM pg_attribute a JOIN pg_class b ON a.attrelid = b.oid AND relnamespace = (SELECT oid FROM pg_catalog.pg_namespace WHERE nspname = CURRENT_SCHEMA())
		WHERE a.attnum > 0 -- hide internal columns
		AND NOT a.attisdropped -- hide deleted columns
		AND b.relname = $1$

2025/02/13 14:38:54 /home/bryan/repos/skripsi/backend/setup/setup.go:78
[2.365ms] [rows:0] SELECT description FROM pg_catalog.pg_description WHERE objsubid = (SELECT ordinal_position FROM information_schema.columns WHERE table_schema = CURRENT_SCHEMA() AND table_name = 'species' AND column_name = 'id') AND objoid = (SELECT oid FROM pg_catalog.pg_class WHERE relname = 'species' AND relnamespace = (SELECT oid FROM pg_catalog.pg_namespace WHERE nspname = CURRENT_SCHEMA()))

2025/02/13 14:38:54 /home/bryan/repos/skripsi/backend/setup/setup.go:78
[2.318ms] [rows:0] SELECT description FROM pg_catalog.pg_description WHERE objsubid = (SELECT ordinal_position FROM information_schema.columns WHERE table_schema = CURRENT_SCHEMA() AND table_name = 'species' AND column_name = 'name') AND objoid = (SELECT oid FROM pg_catalog.pg_class WHERE relname = 'species' AND relnamespace = (SELECT oid FROM pg_catalog.pg_namespace WHERE nspname = CURRENT_SCHEMA()))

2025/02/13 14:38:54 /home/bryan/repos/skripsi/backend/setup/setup.go:78
[1.498ms] [rows:1] SELECT count(*) FROM information_schema.tables WHERE table_schema = CURRENT_SCHEMA() AND table_name = 'size_categories' AND table_type = 'BASE TABLE'

2025/02/13 14:38:54 /home/bryan/repos/skripsi/backend/setup/setup.go:78
[1.039ms] [rows:1] SELECT CURRENT_DATABASE()

2025/02/13 14:38:54 /home/bryan/repos/skripsi/backend/setup/setup.go:78
[5.933ms] [rows:-] SELECT c.column_name, c.is_nullable = 'YES', c.udt_name, c.character_maximum_length, c.numeric_precision, c.numeric_precision_radix, c.numeric_scale, c.datetime_precision, 8 * typlen, c.column_default, pd.description, c.identity_increment FROM information_schema.columns AS c JOIN pg_type AS pgt ON c.udt_name = pgt.typname LEFT JOIN pg_catalog.pg_description as pd ON pd.objsubid = c.ordinal_position AND pd.objoid = (SELECT oid FROM pg_catalog.pg_class WHERE relname = c.table_name AND relnamespace = (SELECT oid FROM pg_catalog.pg_namespace WHERE nspname = c.table_schema)) where table_catalog = $1$ AND table_schema = CURRENT_SCHEMA() AND table_name = $2$

2025/02/13 14:38:54 /home/bryan/repos/skripsi/backend/setup/setup.go:78
[1.548ms] [rows:-] SELECT * FROM "size_categories" LIMIT $1$

2025/02/13 14:38:54 /home/bryan/repos/skripsi/backend/setup/setup.go:78
[4.181ms] [rows:-] SELECT constraint_name FROM information_schema.table_constraints tc JOIN information_schema.constraint_column_usage AS ccu USING (constraint_schema, constraint_catalog, table_name, constraint_name) JOIN information_schema.columns AS c ON c.table_schema = tc.constraint_schema AND tc.table_name = c.table_name AND ccu.column_name = c.column_name WHERE constraint_type IN ('PRIMARY KEY', 'UNIQUE') AND c.table_catalog = $1$ AND c.table_schema = CURRENT_SCHEMA() AND c.table_name = $2$ AND constraint_type = $3$

2025/02/13 14:38:54 /home/bryan/repos/skripsi/backend/setup/setup.go:78
[4.013ms] [rows:-] SELECT c.column_name, constraint_name, constraint_type FROM information_schema.table_constraints tc JOIN information_schema.constraint_column_usage AS ccu USING (constraint_schema, constraint_catalog, table_name, constraint_name) JOIN information_schema.columns AS c ON c.table_schema = tc.constraint_schema AND tc.table_name = c.table_name AND ccu.column_name = c.column_name WHERE constraint_type IN ('PRIMARY KEY', 'UNIQUE') AND c.table_catalog = $1$ AND c.table_schema = CURRENT_SCHEMA() AND c.table_name = $2$

2025/02/13 14:38:54 /home/bryan/repos/skripsi/backend/setup/setup.go:78
[1.454ms] [rows:-] SELECT a.attname as column_name, format_type(a.atttypid, a.atttypmod) AS data_type
		FROM pg_attribute a JOIN pg_class b ON a.attrelid = b.oid AND relnamespace = (SELECT oid FROM pg_catalog.pg_namespace WHERE nspname = CURRENT_SCHEMA())
		WHERE a.attnum > 0 -- hide internal columns
		AND NOT a.attisdropped -- hide deleted columns
		AND b.relname = $1$

2025/02/13 14:38:54 /home/bryan/repos/skripsi/backend/setup/setup.go:78
[2.318ms] [rows:0] SELECT description FROM pg_catalog.pg_description WHERE objsubid = (SELECT ordinal_position FROM information_schema.columns WHERE table_schema = CURRENT_SCHEMA() AND table_name = 'size_categories' AND column_name = 'id') AND objoid = (SELECT oid FROM pg_catalog.pg_class WHERE relname = 'size_categories' AND relnamespace = (SELECT oid FROM pg_catalog.pg_namespace WHERE nspname = CURRENT_SCHEMA()))

2025/02/13 14:38:54 /home/bryan/repos/skripsi/backend/setup/setup.go:78
[2.789ms] [rows:0] SELECT description FROM pg_catalog.pg_description WHERE objsubid = (SELECT ordinal_position FROM information_schema.columns WHERE table_schema = CURRENT_SCHEMA() AND table_name = 'size_categories' AND column_name = 'name') AND objoid = (SELECT oid FROM pg_catalog.pg_class WHERE relname = 'size_categories' AND relnamespace = (SELECT oid FROM pg_catalog.pg_namespace WHERE nspname = CURRENT_SCHEMA()))

2025/02/13 14:38:54 /home/bryan/repos/skripsi/backend/setup/setup.go:78
[2.640ms] [rows:0] SELECT description FROM pg_catalog.pg_description WHERE objsubid = (SELECT ordinal_position FROM information_schema.columns WHERE table_schema = CURRENT_SCHEMA() AND table_name = 'size_categories' AND column_name = 'min_weight') AND objoid = (SELECT oid FROM pg_catalog.pg_class WHERE relname = 'size_categories' AND relnamespace = (SELECT oid FROM pg_catalog.pg_namespace WHERE nspname = CURRENT_SCHEMA()))

2025/02/13 14:38:54 /home/bryan/repos/skripsi/backend/setup/setup.go:78
[2.414ms] [rows:0] SELECT description FROM pg_catalog.pg_description WHERE objsubid = (SELECT ordinal_position FROM information_schema.columns WHERE table_schema = CURRENT_SCHEMA() AND table_name = 'size_categories' AND column_name = 'max_weight') AND objoid = (SELECT oid FROM pg_catalog.pg_class WHERE relname = 'size_categories' AND relnamespace = (SELECT oid FROM pg_catalog.pg_namespace WHERE nspname = CURRENT_SCHEMA()))

2025/02/13 14:38:54 /home/bryan/repos/skripsi/backend/setup/setup.go:78
[2.131ms] [rows:1] SELECT count(*) FROM information_schema.tables WHERE table_schema = CURRENT_SCHEMA() AND table_name = 'pets' AND table_type = 'BASE TABLE'

2025/02/13 14:38:54 /home/bryan/repos/skripsi/backend/setup/setup.go:78
[1.305ms] [rows:1] SELECT CURRENT_DATABASE()

2025/02/13 14:38:54 /home/bryan/repos/skripsi/backend/setup/setup.go:78
[6.754ms] [rows:-] SELECT c.column_name, c.is_nullable = 'YES', c.udt_name, c.character_maximum_length, c.numeric_precision, c.numeric_precision_radix, c.numeric_scale, c.datetime_precision, 8 * typlen, c.column_default, pd.description, c.identity_increment FROM information_schema.columns AS c JOIN pg_type AS pgt ON c.udt_name = pgt.typname LEFT JOIN pg_catalog.pg_description as pd ON pd.objsubid = c.ordinal_position AND pd.objoid = (SELECT oid FROM pg_catalog.pg_class WHERE relname = c.table_name AND relnamespace = (SELECT oid FROM pg_catalog.pg_namespace WHERE nspname = c.table_schema)) where table_catalog = $1$ AND table_schema = CURRENT_SCHEMA() AND table_name = $2$

2025/02/13 14:38:54 /home/bryan/repos/skripsi/backend/setup/setup.go:78
[1.433ms] [rows:-] SELECT * FROM "pets" LIMIT $1$

2025/02/13 14:38:54 /home/bryan/repos/skripsi/backend/setup/setup.go:78
[5.282ms] [rows:-] SELECT constraint_name FROM information_schema.table_constraints tc JOIN information_schema.constraint_column_usage AS ccu USING (constraint_schema, constraint_catalog, table_name, constraint_name) JOIN information_schema.columns AS c ON c.table_schema = tc.constraint_schema AND tc.table_name = c.table_name AND ccu.column_name = c.column_name WHERE constraint_type IN ('PRIMARY KEY', 'UNIQUE') AND c.table_catalog = $1$ AND c.table_schema = CURRENT_SCHEMA() AND c.table_name = $2$ AND constraint_type = $3$

2025/02/13 14:38:54 /home/bryan/repos/skripsi/backend/setup/setup.go:78
[5.299ms] [rows:-] SELECT c.column_name, constraint_name, constraint_type FROM information_schema.table_constraints tc JOIN information_schema.constraint_column_usage AS ccu USING (constraint_schema, constraint_catalog, table_name, constraint_name) JOIN information_schema.columns AS c ON c.table_schema = tc.constraint_schema AND tc.table_name = c.table_name AND ccu.column_name = c.column_name WHERE constraint_type IN ('PRIMARY KEY', 'UNIQUE') AND c.table_catalog = $1$ AND c.table_schema = CURRENT_SCHEMA() AND c.table_name = $2$

2025/02/13 14:38:54 /home/bryan/repos/skripsi/backend/setup/setup.go:78
[1.474ms] [rows:-] SELECT a.attname as column_name, format_type(a.atttypid, a.atttypmod) AS data_type
		FROM pg_attribute a JOIN pg_class b ON a.attrelid = b.oid AND relnamespace = (SELECT oid FROM pg_catalog.pg_namespace WHERE nspname = CURRENT_SCHEMA())
		WHERE a.attnum > 0 -- hide internal columns
		AND NOT a.attisdropped -- hide deleted columns
		AND b.relname = $1$

2025/02/13 14:38:54 /home/bryan/repos/skripsi/backend/setup/setup.go:78
[2.696ms] [rows:0] SELECT description FROM pg_catalog.pg_description WHERE objsubid = (SELECT ordinal_position FROM information_schema.columns WHERE table_schema = CURRENT_SCHEMA() AND table_name = 'pets' AND column_name = 'id') AND objoid = (SELECT oid FROM pg_catalog.pg_class WHERE relname = 'pets' AND relnamespace = (SELECT oid FROM pg_catalog.pg_namespace WHERE nspname = CURRENT_SCHEMA()))

2025/02/13 14:38:54 /home/bryan/repos/skripsi/backend/setup/setup.go:78
[2.300ms] [rows:0] SELECT description FROM pg_catalog.pg_description WHERE objsubid = (SELECT ordinal_position FROM information_schema.columns WHERE table_schema = CURRENT_SCHEMA() AND table_name = 'pets' AND column_name = 'created_at') AND objoid = (SELECT oid FROM pg_catalog.pg_class WHERE relname = 'pets' AND relnamespace = (SELECT oid FROM pg_catalog.pg_namespace WHERE nspname = CURRENT_SCHEMA()))

2025/02/13 14:38:54 /home/bryan/repos/skripsi/backend/setup/setup.go:78
[2.216ms] [rows:0] SELECT description FROM pg_catalog.pg_description WHERE objsubid = (SELECT ordinal_position FROM information_schema.columns WHERE table_schema = CURRENT_SCHEMA() AND table_name = 'pets' AND column_name = 'updated_at') AND objoid = (SELECT oid FROM pg_catalog.pg_class WHERE relname = 'pets' AND relnamespace = (SELECT oid FROM pg_catalog.pg_namespace WHERE nspname = CURRENT_SCHEMA()))

2025/02/13 14:38:54 /home/bryan/repos/skripsi/backend/setup/setup.go:78
[2.307ms] [rows:0] SELECT description FROM pg_catalog.pg_description WHERE objsubid = (SELECT ordinal_position FROM information_schema.columns WHERE table_schema = CURRENT_SCHEMA() AND table_name = 'pets' AND column_name = 'deleted_at') AND objoid = (SELECT oid FROM pg_catalog.pg_class WHERE relname = 'pets' AND relnamespace = (SELECT oid FROM pg_catalog.pg_namespace WHERE nspname = CURRENT_SCHEMA()))

2025/02/13 14:38:54 /home/bryan/repos/skripsi/backend/setup/setup.go:78
[2.865ms] [rows:0] SELECT description FROM pg_catalog.pg_description WHERE objsubid = (SELECT ordinal_position FROM information_schema.columns WHERE table_schema = CURRENT_SCHEMA() AND table_name = 'pets' AND column_name = 'name') AND objoid = (SELECT oid FROM pg_catalog.pg_class WHERE relname = 'pets' AND relnamespace = (SELECT oid FROM pg_catalog.pg_namespace WHERE nspname = CURRENT_SCHEMA()))

2025/02/13 14:38:54 /home/bryan/repos/skripsi/backend/setup/setup.go:78
[2.620ms] [rows:0] SELECT description FROM pg_catalog.pg_description WHERE objsubid = (SELECT ordinal_position FROM information_schema.columns WHERE table_schema = CURRENT_SCHEMA() AND table_name = 'pets' AND column_name = 'image_url') AND objoid = (SELECT oid FROM pg_catalog.pg_class WHERE relname = 'pets' AND relnamespace = (SELECT oid FROM pg_catalog.pg_namespace WHERE nspname = CURRENT_SCHEMA()))

2025/02/13 14:38:54 /home/bryan/repos/skripsi/backend/setup/setup.go:78
[2.964ms] [rows:0] SELECT description FROM pg_catalog.pg_description WHERE objsubid = (SELECT ordinal_position FROM information_schema.columns WHERE table_schema = CURRENT_SCHEMA() AND table_name = 'pets' AND column_name = 'status') AND objoid = (SELECT oid FROM pg_catalog.pg_class WHERE relname = 'pets' AND relnamespace = (SELECT oid FROM pg_catalog.pg_namespace WHERE nspname = CURRENT_SCHEMA()))

2025/02/13 14:38:54 /home/bryan/repos/skripsi/backend/setup/setup.go:78
[2.510ms] [rows:0] SELECT description FROM pg_catalog.pg_description WHERE objsubid = (SELECT ordinal_position FROM information_schema.columns WHERE table_schema = CURRENT_SCHEMA() AND table_name = 'pets' AND column_name = 'owner_id') AND objoid = (SELECT oid FROM pg_catalog.pg_class WHERE relname = 'pets' AND relnamespace = (SELECT oid FROM pg_catalog.pg_namespace WHERE nspname = CURRENT_SCHEMA()))

2025/02/13 14:38:54 /home/bryan/repos/skripsi/backend/setup/setup.go:78
[2.371ms] [rows:0] SELECT description FROM pg_catalog.pg_description WHERE objsubid = (SELECT ordinal_position FROM information_schema.columns WHERE table_schema = CURRENT_SCHEMA() AND table_name = 'pets' AND column_name = 'species_id') AND objoid = (SELECT oid FROM pg_catalog.pg_class WHERE relname = 'pets' AND relnamespace = (SELECT oid FROM pg_catalog.pg_namespace WHERE nspname = CURRENT_SCHEMA()))

2025/02/13 14:38:54 /home/bryan/repos/skripsi/backend/setup/setup.go:78
[2.548ms] [rows:0] SELECT description FROM pg_catalog.pg_description WHERE objsubid = (SELECT ordinal_position FROM information_schema.columns WHERE table_schema = CURRENT_SCHEMA() AND table_name = 'pets' AND column_name = 'size_id') AND objoid = (SELECT oid FROM pg_catalog.pg_class WHERE relname = 'pets' AND relnamespace = (SELECT oid FROM pg_catalog.pg_namespace WHERE nspname = CURRENT_SCHEMA()))

2025/02/13 14:38:54 /home/bryan/repos/skripsi/backend/setup/setup.go:78
[1.770ms] [rows:1] SELECT count(*) FROM INFORMATION_SCHEMA.table_constraints WHERE table_schema = CURRENT_SCHEMA() AND table_name = 'pets' AND constraint_name = 'fk_pets_species'

2025/02/13 14:38:54 /home/bryan/repos/skripsi/backend/setup/setup.go:78
[6.542ms] [rows:1] SELECT count(*) FROM INFORMATION_SCHEMA.table_constraints WHERE table_schema = CURRENT_SCHEMA() AND table_name = 'pets' AND constraint_name = 'fk_pets_size_category'

2025/02/13 14:38:54 /home/bryan/repos/skripsi/backend/setup/setup.go:78
[1.870ms] [rows:1] SELECT count(*) FROM INFORMATION_SCHEMA.table_constraints WHERE table_schema = CURRENT_SCHEMA() AND table_name = 'pets' AND constraint_name = 'fk_users_pets'

2025/02/13 14:38:54 /home/bryan/repos/skripsi/backend/setup/setup.go:78
[4.167ms] [rows:1] SELECT count(*) FROM pg_indexes WHERE tablename = 'pets' AND indexname = 'idx_pets_deleted_at' AND schemaname = CURRENT_SCHEMA()

2025/02/13 14:38:54 /home/bryan/repos/skripsi/backend/setup/setup.go:78
[1.671ms] [rows:1] SELECT count(*) FROM information_schema.tables WHERE table_schema = CURRENT_SCHEMA() AND table_name = 'slots' AND table_type = 'BASE TABLE'

2025/02/13 14:38:54 /home/bryan/repos/skripsi/backend/setup/setup.go:78
[1.324ms] [rows:1] SELECT CURRENT_DATABASE()

2025/02/13 14:38:54 /home/bryan/repos/skripsi/backend/setup/setup.go:78
[6.527ms] [rows:-] SELECT c.column_name, c.is_nullable = 'YES', c.udt_name, c.character_maximum_length, c.numeric_precision, c.numeric_precision_radix, c.numeric_scale, c.datetime_precision, 8 * typlen, c.column_default, pd.description, c.identity_increment FROM information_schema.columns AS c JOIN pg_type AS pgt ON c.udt_name = pgt.typname LEFT JOIN pg_catalog.pg_description as pd ON pd.objsubid = c.ordinal_position AND pd.objoid = (SELECT oid FROM pg_catalog.pg_class WHERE relname = c.table_name AND relnamespace = (SELECT oid FROM pg_catalog.pg_namespace WHERE nspname = c.table_schema)) where table_catalog = $1$ AND table_schema = CURRENT_SCHEMA() AND table_name = $2$

2025/02/13 14:38:54 /home/bryan/repos/skripsi/backend/setup/setup.go:78
[1.602ms] [rows:-] SELECT * FROM "slots" LIMIT $1$

2025/02/13 14:38:54 /home/bryan/repos/skripsi/backend/setup/setup.go:78
[4.418ms] [rows:-] SELECT constraint_name FROM information_schema.table_constraints tc JOIN information_schema.constraint_column_usage AS ccu USING (constraint_schema, constraint_catalog, table_name, constraint_name) JOIN information_schema.columns AS c ON c.table_schema = tc.constraint_schema AND tc.table_name = c.table_name AND ccu.column_name = c.column_name WHERE constraint_type IN ('PRIMARY KEY', 'UNIQUE') AND c.table_catalog = $1$ AND c.table_schema = CURRENT_SCHEMA() AND c.table_name = $2$ AND constraint_type = $3$

2025/02/13 14:38:54 /home/bryan/repos/skripsi/backend/setup/setup.go:78
[4.488ms] [rows:-] SELECT c.column_name, constraint_name, constraint_type FROM information_schema.table_constraints tc JOIN information_schema.constraint_column_usage AS ccu USING (constraint_schema, constraint_catalog, table_name, constraint_name) JOIN information_schema.columns AS c ON c.table_schema = tc.constraint_schema AND tc.table_name = c.table_name AND ccu.column_name = c.column_name WHERE constraint_type IN ('PRIMARY KEY', 'UNIQUE') AND c.table_catalog = $1$ AND c.table_schema = CURRENT_SCHEMA() AND c.table_name = $2$

2025/02/13 14:38:54 /home/bryan/repos/skripsi/backend/setup/setup.go:78
[1.499ms] [rows:-] SELECT a.attname as column_name, format_type(a.atttypid, a.atttypmod) AS data_type
		FROM pg_attribute a JOIN pg_class b ON a.attrelid = b.oid AND relnamespace = (SELECT oid FROM pg_catalog.pg_namespace WHERE nspname = CURRENT_SCHEMA())
		WHERE a.attnum > 0 -- hide internal columns
		AND NOT a.attisdropped -- hide deleted columns
		AND b.relname = $1$

2025/02/13 14:38:54 /home/bryan/repos/skripsi/backend/setup/setup.go:78
[2.279ms] [rows:0] SELECT description FROM pg_catalog.pg_description WHERE objsubid = (SELECT ordinal_position FROM information_schema.columns WHERE table_schema = CURRENT_SCHEMA() AND table_name = 'slots' AND column_name = 'id') AND objoid = (SELECT oid FROM pg_catalog.pg_class WHERE relname = 'slots' AND relnamespace = (SELECT oid FROM pg_catalog.pg_namespace WHERE nspname = CURRENT_SCHEMA()))

2025/02/13 14:38:54 /home/bryan/repos/skripsi/backend/setup/setup.go:78
[2.196ms] [rows:0] SELECT description FROM pg_catalog.pg_description WHERE objsubid = (SELECT ordinal_position FROM information_schema.columns WHERE table_schema = CURRENT_SCHEMA() AND table_name = 'slots' AND column_name = 'created_at') AND objoid = (SELECT oid FROM pg_catalog.pg_class WHERE relname = 'slots' AND relnamespace = (SELECT oid FROM pg_catalog.pg_namespace WHERE nspname = CURRENT_SCHEMA()))

2025/02/13 14:38:54 /home/bryan/repos/skripsi/backend/setup/setup.go:78
[2.141ms] [rows:0] SELECT description FROM pg_catalog.pg_description WHERE objsubid = (SELECT ordinal_position FROM information_schema.columns WHERE table_schema = CURRENT_SCHEMA() AND table_name = 'slots' AND column_name = 'updated_at') AND objoid = (SELECT oid FROM pg_catalog.pg_class WHERE relname = 'slots' AND relnamespace = (SELECT oid FROM pg_catalog.pg_namespace WHERE nspname = CURRENT_SCHEMA()))

2025/02/13 14:38:54 /home/bryan/repos/skripsi/backend/setup/setup.go:78
[2.137ms] [rows:0] SELECT description FROM pg_catalog.pg_description WHERE objsubid = (SELECT ordinal_position FROM information_schema.columns WHERE table_schema = CURRENT_SCHEMA() AND table_name = 'slots' AND column_name = 'deleted_at') AND objoid = (SELECT oid FROM pg_catalog.pg_class WHERE relname = 'slots' AND relnamespace = (SELECT oid FROM pg_catalog.pg_namespace WHERE nspname = CURRENT_SCHEMA()))

2025/02/13 14:38:54 /home/bryan/repos/skripsi/backend/setup/setup.go:78
[1.987ms] [rows:0] SELECT description FROM pg_catalog.pg_description WHERE objsubid = (SELECT ordinal_position FROM information_schema.columns WHERE table_schema = CURRENT_SCHEMA() AND table_name = 'slots' AND column_name = 'daycare_id') AND objoid = (SELECT oid FROM pg_catalog.pg_class WHERE relname = 'slots' AND relnamespace = (SELECT oid FROM pg_catalog.pg_namespace WHERE nspname = CURRENT_SCHEMA()))

2025/02/13 14:38:54 /home/bryan/repos/skripsi/backend/setup/setup.go:78
[2.091ms] [rows:0] SELECT description FROM pg_catalog.pg_description WHERE objsubid = (SELECT ordinal_position FROM information_schema.columns WHERE table_schema = CURRENT_SCHEMA() AND table_name = 'slots' AND column_name = 'species_id') AND objoid = (SELECT oid FROM pg_catalog.pg_class WHERE relname = 'slots' AND relnamespace = (SELECT oid FROM pg_catalog.pg_namespace WHERE nspname = CURRENT_SCHEMA()))

2025/02/13 14:38:54 /home/bryan/repos/skripsi/backend/setup/setup.go:78
[2.177ms] [rows:0] SELECT description FROM pg_catalog.pg_description WHERE objsubid = (SELECT ordinal_position FROM information_schema.columns WHERE table_schema = CURRENT_SCHEMA() AND table_name = 'slots' AND column_name = 'size_category_id') AND objoid = (SELECT oid FROM pg_catalog.pg_class WHERE relname = 'slots' AND relnamespace = (SELECT oid FROM pg_catalog.pg_namespace WHERE nspname = CURRENT_SCHEMA()))

2025/02/13 14:38:54 /home/bryan/repos/skripsi/backend/setup/setup.go:78
[2.117ms] [rows:0] SELECT description FROM pg_catalog.pg_description WHERE objsubid = (SELECT ordinal_position FROM information_schema.columns WHERE table_schema = CURRENT_SCHEMA() AND table_name = 'slots' AND column_name = 'max_number') AND objoid = (SELECT oid FROM pg_catalog.pg_class WHERE relname = 'slots' AND relnamespace = (SELECT oid FROM pg_catalog.pg_namespace WHERE nspname = CURRENT_SCHEMA()))

2025/02/13 14:38:54 /home/bryan/repos/skripsi/backend/setup/setup.go:78
[1.849ms] [rows:1] SELECT count(*) FROM INFORMATION_SCHEMA.table_constraints WHERE table_schema = CURRENT_SCHEMA() AND table_name = 'slots' AND constraint_name = 'fk_pet_daycares_slots'

2025/02/13 14:38:54 /home/bryan/repos/skripsi/backend/setup/setup.go:78
[4.231ms] [rows:1] SELECT count(*) FROM pg_indexes WHERE tablename = 'slots' AND indexname = 'idx_slots_deleted_at' AND schemaname = CURRENT_SCHEMA()

2025/02/13 14:38:54 /home/bryan/repos/skripsi/backend/setup/setup.go:78
[1.693ms] [rows:1] SELECT count(*) FROM information_schema.tables WHERE table_schema = CURRENT_SCHEMA() AND table_name = 'booked_slots' AND table_type = 'BASE TABLE'

2025/02/13 14:38:54 /home/bryan/repos/skripsi/backend/setup/setup.go:78
[1.233ms] [rows:1] SELECT CURRENT_DATABASE()

2025/02/13 14:38:54 /home/bryan/repos/skripsi/backend/setup/setup.go:78
[5.476ms] [rows:-] SELECT c.column_name, c.is_nullable = 'YES', c.udt_name, c.character_maximum_length, c.numeric_precision, c.numeric_precision_radix, c.numeric_scale, c.datetime_precision, 8 * typlen, c.column_default, pd.description, c.identity_increment FROM information_schema.columns AS c JOIN pg_type AS pgt ON c.udt_name = pgt.typname LEFT JOIN pg_catalog.pg_description as pd ON pd.objsubid = c.ordinal_position AND pd.objoid = (SELECT oid FROM pg_catalog.pg_class WHERE relname = c.table_name AND relnamespace = (SELECT oid FROM pg_catalog.pg_namespace WHERE nspname = c.table_schema)) where table_catalog = $1$ AND table_schema = CURRENT_SCHEMA() AND table_name = $2$

2025/02/13 14:38:54 /home/bryan/repos/skripsi/backend/setup/setup.go:78
[1.542ms] [rows:-] SELECT * FROM "booked_slots" LIMIT $1$

2025/02/13 14:38:54 /home/bryan/repos/skripsi/backend/setup/setup.go:78
[4.940ms] [rows:-] SELECT constraint_name FROM information_schema.table_constraints tc JOIN information_schema.constraint_column_usage AS ccu USING (constraint_schema, constraint_catalog, table_name, constraint_name) JOIN information_schema.columns AS c ON c.table_schema = tc.constraint_schema AND tc.table_name = c.table_name AND ccu.column_name = c.column_name WHERE constraint_type IN ('PRIMARY KEY', 'UNIQUE') AND c.table_catalog = $1$ AND c.table_schema = CURRENT_SCHEMA() AND c.table_name = $2$ AND constraint_type = $3$

2025/02/13 14:38:54 /home/bryan/repos/skripsi/backend/setup/setup.go:78
[5.343ms] [rows:-] SELECT c.column_name, constraint_name, constraint_type FROM information_schema.table_constraints tc JOIN information_schema.constraint_column_usage AS ccu USING (constraint_schema, constraint_catalog, table_name, constraint_name) JOIN information_schema.columns AS c ON c.table_schema = tc.constraint_schema AND tc.table_name = c.table_name AND ccu.column_name = c.column_name WHERE constraint_type IN ('PRIMARY KEY', 'UNIQUE') AND c.table_catalog = $1$ AND c.table_schema = CURRENT_SCHEMA() AND c.table_name = $2$

2025/02/13 14:38:54 /home/bryan/repos/skripsi/backend/setup/setup.go:78
[1.712ms] [rows:-] SELECT a.attname as column_name, format_type(a.atttypid, a.atttypmod) AS data_type
		FROM pg_attribute a JOIN pg_class b ON a.attrelid = b.oid AND relnamespace = (SELECT oid FROM pg_catalog.pg_namespace WHERE nspname = CURRENT_SCHEMA())
		WHERE a.attnum > 0 -- hide internal columns
		AND NOT a.attisdropped -- hide deleted columns
		AND b.relname = $1$

2025/02/13 14:38:54 /home/bryan/repos/skripsi/backend/setup/setup.go:78
[2.399ms] [rows:0] SELECT description FROM pg_catalog.pg_description WHERE objsubid = (SELECT ordinal_position FROM information_schema.columns WHERE table_schema = CURRENT_SCHEMA() AND table_name = 'booked_slots' AND column_name = 'id') AND objoid = (SELECT oid FROM pg_catalog.pg_class WHERE relname = 'booked_slots' AND relnamespace = (SELECT oid FROM pg_catalog.pg_namespace WHERE nspname = CURRENT_SCHEMA()))

2025/02/13 14:38:54 /home/bryan/repos/skripsi/backend/setup/setup.go:78
[2.362ms] [rows:0] SELECT description FROM pg_catalog.pg_description WHERE objsubid = (SELECT ordinal_position FROM information_schema.columns WHERE table_schema = CURRENT_SCHEMA() AND table_name = 'booked_slots' AND column_name = 'created_at') AND objoid = (SELECT oid FROM pg_catalog.pg_class WHERE relname = 'booked_slots' AND relnamespace = (SELECT oid FROM pg_catalog.pg_namespace WHERE nspname = CURRENT_SCHEMA()))

2025/02/13 14:38:54 /home/bryan/repos/skripsi/backend/setup/setup.go:78
[2.266ms] [rows:0] SELECT description FROM pg_catalog.pg_description WHERE objsubid = (SELECT ordinal_position FROM information_schema.columns WHERE table_schema = CURRENT_SCHEMA() AND table_name = 'booked_slots' AND column_name = 'updated_at') AND objoid = (SELECT oid FROM pg_catalog.pg_class WHERE relname = 'booked_slots' AND relnamespace = (SELECT oid FROM pg_catalog.pg_namespace WHERE nspname = CURRENT_SCHEMA()))

2025/02/13 14:38:54 /home/bryan/repos/skripsi/backend/setup/setup.go:78
[2.476ms] [rows:0] SELECT description FROM pg_catalog.pg_description WHERE objsubid = (SELECT ordinal_position FROM information_schema.columns WHERE table_schema = CURRENT_SCHEMA() AND table_name = 'booked_slots' AND column_name = 'deleted_at') AND objoid = (SELECT oid FROM pg_catalog.pg_class WHERE relname = 'booked_slots' AND relnamespace = (SELECT oid FROM pg_catalog.pg_namespace WHERE nspname = CURRENT_SCHEMA()))

2025/02/13 14:38:54 /home/bryan/repos/skripsi/backend/setup/setup.go:78
[2.409ms] [rows:0] SELECT description FROM pg_catalog.pg_description WHERE objsubid = (SELECT ordinal_position FROM information_schema.columns WHERE table_schema = CURRENT_SCHEMA() AND table_name = 'booked_slots' AND column_name = 'user_id') AND objoid = (SELECT oid FROM pg_catalog.pg_class WHERE relname = 'booked_slots' AND relnamespace = (SELECT oid FROM pg_catalog.pg_namespace WHERE nspname = CURRENT_SCHEMA()))

2025/02/13 14:38:54 /home/bryan/repos/skripsi/backend/setup/setup.go:78
[2.474ms] [rows:0] SELECT description FROM pg_catalog.pg_description WHERE objsubid = (SELECT ordinal_position FROM information_schema.columns WHERE table_schema = CURRENT_SCHEMA() AND table_name = 'booked_slots' AND column_name = 'daycare_id') AND objoid = (SELECT oid FROM pg_catalog.pg_class WHERE relname = 'booked_slots' AND relnamespace = (SELECT oid FROM pg_catalog.pg_namespace WHERE nspname = CURRENT_SCHEMA()))

2025/02/13 14:38:54 /home/bryan/repos/skripsi/backend/setup/setup.go:78
[2.507ms] [rows:0] SELECT description FROM pg_catalog.pg_description WHERE objsubid = (SELECT ordinal_position FROM information_schema.columns WHERE table_schema = CURRENT_SCHEMA() AND table_name = 'booked_slots' AND column_name = 'pet_id') AND objoid = (SELECT oid FROM pg_catalog.pg_class WHERE relname = 'booked_slots' AND relnamespace = (SELECT oid FROM pg_catalog.pg_namespace WHERE nspname = CURRENT_SCHEMA()))

2025/02/13 14:38:54 /home/bryan/repos/skripsi/backend/setup/setup.go:78
[2.487ms] [rows:0] SELECT description FROM pg_catalog.pg_description WHERE objsubid = (SELECT ordinal_position FROM information_schema.columns WHERE table_schema = CURRENT_SCHEMA() AND table_name = 'booked_slots' AND column_name = 'start_date') AND objoid = (SELECT oid FROM pg_catalog.pg_class WHERE relname = 'booked_slots' AND relnamespace = (SELECT oid FROM pg_catalog.pg_namespace WHERE nspname = CURRENT_SCHEMA()))

2025/02/13 14:38:54 /home/bryan/repos/skripsi/backend/setup/setup.go:78
[2.575ms] [rows:0] SELECT description FROM pg_catalog.pg_description WHERE objsubid = (SELECT ordinal_position FROM information_schema.columns WHERE table_schema = CURRENT_SCHEMA() AND table_name = 'booked_slots' AND column_name = 'end_date') AND objoid = (SELECT oid FROM pg_catalog.pg_class WHERE relname = 'booked_slots' AND relnamespace = (SELECT oid FROM pg_catalog.pg_namespace WHERE nspname = CURRENT_SCHEMA()))

2025/02/13 14:38:54 /home/bryan/repos/skripsi/backend/setup/setup.go:78
[1.893ms] [rows:1] SELECT count(*) FROM INFORMATION_SCHEMA.table_constraints WHERE table_schema = CURRENT_SCHEMA() AND table_name = 'booked_slots' AND constraint_name = 'fk_booked_slots_user'

2025/02/13 14:38:54 /home/bryan/repos/skripsi/backend/setup/setup.go:78
[1.710ms] [rows:1] SELECT count(*) FROM INFORMATION_SCHEMA.table_constraints WHERE table_schema = CURRENT_SCHEMA() AND table_name = 'booked_slots' AND constraint_name = 'fk_pets_booked_slots'

2025/02/13 14:38:54 /home/bryan/repos/skripsi/backend/setup/setup.go:78
[2.053ms] [rows:1] SELECT count(*) FROM INFORMATION_SCHEMA.table_constraints WHERE table_schema = CURRENT_SCHEMA() AND table_name = 'booked_slots' AND constraint_name = 'fk_pet_daycares_booked_slots'

2025/02/13 14:38:54 /home/bryan/repos/skripsi/backend/setup/setup.go:78
[4.236ms] [rows:1] SELECT count(*) FROM pg_indexes WHERE tablename = 'booked_slots' AND indexname = 'idx_booked_slots_deleted_at' AND schemaname = CURRENT_SCHEMA()

2025/02/13 14:38:54 /home/bryan/repos/skripsi/backend/setup/setup.go:78
[1.610ms] [rows:1] SELECT count(*) FROM information_schema.tables WHERE table_schema = CURRENT_SCHEMA() AND table_name = 'thumbnails' AND table_type = 'BASE TABLE'

2025/02/13 14:38:54 /home/bryan/repos/skripsi/backend/setup/setup.go:78
[1.328ms] [rows:1] SELECT CURRENT_DATABASE()

2025/02/13 14:38:54 /home/bryan/repos/skripsi/backend/setup/setup.go:78
[5.448ms] [rows:-] SELECT c.column_name, c.is_nullable = 'YES', c.udt_name, c.character_maximum_length, c.numeric_precision, c.numeric_precision_radix, c.numeric_scale, c.datetime_precision, 8 * typlen, c.column_default, pd.description, c.identity_increment FROM information_schema.columns AS c JOIN pg_type AS pgt ON c.udt_name = pgt.typname LEFT JOIN pg_catalog.pg_description as pd ON pd.objsubid = c.ordinal_position AND pd.objoid = (SELECT oid FROM pg_catalog.pg_class WHERE relname = c.table_name AND relnamespace = (SELECT oid FROM pg_catalog.pg_namespace WHERE nspname = c.table_schema)) where table_catalog = $1$ AND table_schema = CURRENT_SCHEMA() AND table_name = $2$

2025/02/13 14:38:54 /home/bryan/repos/skripsi/backend/setup/setup.go:78
[1.507ms] [rows:-] SELECT * FROM "thumbnails" LIMIT $1$

2025/02/13 14:38:54 /home/bryan/repos/skripsi/backend/setup/setup.go:78
[4.069ms] [rows:-] SELECT constraint_name FROM information_schema.table_constraints tc JOIN information_schema.constraint_column_usage AS ccu USING (constraint_schema, constraint_catalog, table_name, constraint_name) JOIN information_schema.columns AS c ON c.table_schema = tc.constraint_schema AND tc.table_name = c.table_name AND ccu.column_name = c.column_name WHERE constraint_type IN ('PRIMARY KEY', 'UNIQUE') AND c.table_catalog = $1$ AND c.table_schema = CURRENT_SCHEMA() AND c.table_name = $2$ AND constraint_type = $3$

2025/02/13 14:38:54 /home/bryan/repos/skripsi/backend/setup/setup.go:78
[4.089ms] [rows:-] SELECT c.column_name, constraint_name, constraint_type FROM information_schema.table_constraints tc JOIN information_schema.constraint_column_usage AS ccu USING (constraint_schema, constraint_catalog, table_name, constraint_name) JOIN information_schema.columns AS c ON c.table_schema = tc.constraint_schema AND tc.table_name = c.table_name AND ccu.column_name = c.column_name WHERE constraint_type IN ('PRIMARY KEY', 'UNIQUE') AND c.table_catalog = $1$ AND c.table_schema = CURRENT_SCHEMA() AND c.table_name = $2$

2025/02/13 14:38:54 /home/bryan/repos/skripsi/backend/setup/setup.go:78
[1.525ms] [rows:-] SELECT a.attname as column_name, format_type(a.atttypid, a.atttypmod) AS data_type
		FROM pg_attribute a JOIN pg_class b ON a.attrelid = b.oid AND relnamespace = (SELECT oid FROM pg_catalog.pg_namespace WHERE nspname = CURRENT_SCHEMA())
		WHERE a.attnum > 0 -- hide internal columns
		AND NOT a.attisdropped -- hide deleted columns
		AND b.relname = $1$

2025/02/13 14:38:54 /home/bryan/repos/skripsi/backend/setup/setup.go:78
[2.349ms] [rows:0] SELECT description FROM pg_catalog.pg_description WHERE objsubid = (SELECT ordinal_position FROM information_schema.columns WHERE table_schema = CURRENT_SCHEMA() AND table_name = 'thumbnails' AND column_name = 'id') AND objoid = (SELECT oid FROM pg_catalog.pg_class WHERE relname = 'thumbnails' AND relnamespace = (SELECT oid FROM pg_catalog.pg_namespace WHERE nspname = CURRENT_SCHEMA()))

2025/02/13 14:38:54 /home/bryan/repos/skripsi/backend/setup/setup.go:78
[2.427ms] [rows:0] SELECT description FROM pg_catalog.pg_description WHERE objsubid = (SELECT ordinal_position FROM information_schema.columns WHERE table_schema = CURRENT_SCHEMA() AND table_name = 'thumbnails' AND column_name = 'daycare_id') AND objoid = (SELECT oid FROM pg_catalog.pg_class WHERE relname = 'thumbnails' AND relnamespace = (SELECT oid FROM pg_catalog.pg_namespace WHERE nspname = CURRENT_SCHEMA()))

2025/02/13 14:38:54 /home/bryan/repos/skripsi/backend/setup/setup.go:78
[2.301ms] [rows:0] SELECT description FROM pg_catalog.pg_description WHERE objsubid = (SELECT ordinal_position FROM information_schema.columns WHERE table_schema = CURRENT_SCHEMA() AND table_name = 'thumbnails' AND column_name = 'image_url') AND objoid = (SELECT oid FROM pg_catalog.pg_class WHERE relname = 'thumbnails' AND relnamespace = (SELECT oid FROM pg_catalog.pg_namespace WHERE nspname = CURRENT_SCHEMA()))

2025/02/13 14:38:54 /home/bryan/repos/skripsi/backend/setup/setup.go:78
[1.926ms] [rows:1] SELECT count(*) FROM INFORMATION_SCHEMA.table_constraints WHERE table_schema = CURRENT_SCHEMA() AND table_name = 'thumbnails' AND constraint_name = 'fk_pet_daycares_thumbnails'

2025/02/13 14:38:54 /home/bryan/repos/skripsi/backend/setup/setup.go:78
[1.579ms] [rows:1] SELECT count(*) FROM information_schema.tables WHERE table_schema = CURRENT_SCHEMA() AND table_name = 'reviews' AND table_type = 'BASE TABLE'

2025/02/13 14:38:54 /home/bryan/repos/skripsi/backend/setup/setup.go:78
[1.334ms] [rows:1] SELECT CURRENT_DATABASE()

2025/02/13 14:38:54 /home/bryan/repos/skripsi/backend/setup/setup.go:78
[5.709ms] [rows:-] SELECT c.column_name, c.is_nullable = 'YES', c.udt_name, c.character_maximum_length, c.numeric_precision, c.numeric_precision_radix, c.numeric_scale, c.datetime_precision, 8 * typlen, c.column_default, pd.description, c.identity_increment FROM information_schema.columns AS c JOIN pg_type AS pgt ON c.udt_name = pgt.typname LEFT JOIN pg_catalog.pg_description as pd ON pd.objsubid = c.ordinal_position AND pd.objoid = (SELECT oid FROM pg_catalog.pg_class WHERE relname = c.table_name AND relnamespace = (SELECT oid FROM pg_catalog.pg_namespace WHERE nspname = c.table_schema)) where table_catalog = $1$ AND table_schema = CURRENT_SCHEMA() AND table_name = $2$

2025/02/13 14:38:54 /home/bryan/repos/skripsi/backend/setup/setup.go:78
[1.529ms] [rows:-] SELECT * FROM "reviews" LIMIT $1$

2025/02/13 14:38:54 /home/bryan/repos/skripsi/backend/setup/setup.go:78
[4.923ms] [rows:-] SELECT constraint_name FROM information_schema.table_constraints tc JOIN information_schema.constraint_column_usage AS ccu USING (constraint_schema, constraint_catalog, table_name, constraint_name) JOIN information_schema.columns AS c ON c.table_schema = tc.constraint_schema AND tc.table_name = c.table_name AND ccu.column_name = c.column_name WHERE constraint_type IN ('PRIMARY KEY', 'UNIQUE') AND c.table_catalog = $1$ AND c.table_schema = CURRENT_SCHEMA() AND c.table_name = $2$ AND constraint_type = $3$

2025/02/13 14:38:54 /home/bryan/repos/skripsi/backend/setup/setup.go:78
[4.998ms] [rows:-] SELECT c.column_name, constraint_name, constraint_type FROM information_schema.table_constraints tc JOIN information_schema.constraint_column_usage AS ccu USING (constraint_schema, constraint_catalog, table_name, constraint_name) JOIN information_schema.columns AS c ON c.table_schema = tc.constraint_schema AND tc.table_name = c.table_name AND ccu.column_name = c.column_name WHERE constraint_type IN ('PRIMARY KEY', 'UNIQUE') AND c.table_catalog = $1$ AND c.table_schema = CURRENT_SCHEMA() AND c.table_name = $2$

2025/02/13 14:38:54 /home/bryan/repos/skripsi/backend/setup/setup.go:78
[1.712ms] [rows:-] SELECT a.attname as column_name, format_type(a.atttypid, a.atttypmod) AS data_type
		FROM pg_attribute a JOIN pg_class b ON a.attrelid = b.oid AND relnamespace = (SELECT oid FROM pg_catalog.pg_namespace WHERE nspname = CURRENT_SCHEMA())
		WHERE a.attnum > 0 -- hide internal columns
		AND NOT a.attisdropped -- hide deleted columns
		AND b.relname = $1$

2025/02/13 14:38:54 /home/bryan/repos/skripsi/backend/setup/setup.go:78
[2.258ms] [rows:0] SELECT description FROM pg_catalog.pg_description WHERE objsubid = (SELECT ordinal_position FROM information_schema.columns WHERE table_schema = CURRENT_SCHEMA() AND table_name = 'reviews' AND column_name = 'id') AND objoid = (SELECT oid FROM pg_catalog.pg_class WHERE relname = 'reviews' AND relnamespace = (SELECT oid FROM pg_catalog.pg_namespace WHERE nspname = CURRENT_SCHEMA()))

2025/02/13 14:38:54 /home/bryan/repos/skripsi/backend/setup/setup.go:78
[2.438ms] [rows:0] SELECT description FROM pg_catalog.pg_description WHERE objsubid = (SELECT ordinal_position FROM information_schema.columns WHERE table_schema = CURRENT_SCHEMA() AND table_name = 'reviews' AND column_name = 'created_at') AND objoid = (SELECT oid FROM pg_catalog.pg_class WHERE relname = 'reviews' AND relnamespace = (SELECT oid FROM pg_catalog.pg_namespace WHERE nspname = CURRENT_SCHEMA()))

2025/02/13 14:38:54 /home/bryan/repos/skripsi/backend/setup/setup.go:78
[2.377ms] [rows:0] SELECT description FROM pg_catalog.pg_description WHERE objsubid = (SELECT ordinal_position FROM information_schema.columns WHERE table_schema = CURRENT_SCHEMA() AND table_name = 'reviews' AND column_name = 'updated_at') AND objoid = (SELECT oid FROM pg_catalog.pg_class WHERE relname = 'reviews' AND relnamespace = (SELECT oid FROM pg_catalog.pg_namespace WHERE nspname = CURRENT_SCHEMA()))

2025/02/13 14:38:54 /home/bryan/repos/skripsi/backend/setup/setup.go:78
[2.763ms] [rows:0] SELECT description FROM pg_catalog.pg_description WHERE objsubid = (SELECT ordinal_position FROM information_schema.columns WHERE table_schema = CURRENT_SCHEMA() AND table_name = 'reviews' AND column_name = 'deleted_at') AND objoid = (SELECT oid FROM pg_catalog.pg_class WHERE relname = 'reviews' AND relnamespace = (SELECT oid FROM pg_catalog.pg_namespace WHERE nspname = CURRENT_SCHEMA()))

2025/02/13 14:38:54 /home/bryan/repos/skripsi/backend/setup/setup.go:78
[3.010ms] [rows:0] SELECT description FROM pg_catalog.pg_description WHERE objsubid = (SELECT ordinal_position FROM information_schema.columns WHERE table_schema = CURRENT_SCHEMA() AND table_name = 'reviews' AND column_name = 'daycare_id') AND objoid = (SELECT oid FROM pg_catalog.pg_class WHERE relname = 'reviews' AND relnamespace = (SELECT oid FROM pg_catalog.pg_namespace WHERE nspname = CURRENT_SCHEMA()))

2025/02/13 14:38:54 /home/bryan/repos/skripsi/backend/setup/setup.go:78
[2.255ms] [rows:0] SELECT description FROM pg_catalog.pg_description WHERE objsubid = (SELECT ordinal_position FROM information_schema.columns WHERE table_schema = CURRENT_SCHEMA() AND table_name = 'reviews' AND column_name = 'user_id') AND objoid = (SELECT oid FROM pg_catalog.pg_class WHERE relname = 'reviews' AND relnamespace = (SELECT oid FROM pg_catalog.pg_namespace WHERE nspname = CURRENT_SCHEMA()))

2025/02/13 14:38:54 /home/bryan/repos/skripsi/backend/setup/setup.go:78
[2.275ms] [rows:0] SELECT description FROM pg_catalog.pg_description WHERE objsubid = (SELECT ordinal_position FROM information_schema.columns WHERE table_schema = CURRENT_SCHEMA() AND table_name = 'reviews' AND column_name = 'name') AND objoid = (SELECT oid FROM pg_catalog.pg_class WHERE relname = 'reviews' AND relnamespace = (SELECT oid FROM pg_catalog.pg_namespace WHERE nspname = CURRENT_SCHEMA()))

2025/02/13 14:38:54 /home/bryan/repos/skripsi/backend/setup/setup.go:78
[2.273ms] [rows:0] SELECT description FROM pg_catalog.pg_description WHERE objsubid = (SELECT ordinal_position FROM information_schema.columns WHERE table_schema = CURRENT_SCHEMA() AND table_name = 'reviews' AND column_name = 'rate') AND objoid = (SELECT oid FROM pg_catalog.pg_class WHERE relname = 'reviews' AND relnamespace = (SELECT oid FROM pg_catalog.pg_namespace WHERE nspname = CURRENT_SCHEMA()))

2025/02/13 14:38:54 /home/bryan/repos/skripsi/backend/setup/setup.go:78
[2.420ms] [rows:0] SELECT description FROM pg_catalog.pg_description WHERE objsubid = (SELECT ordinal_position FROM information_schema.columns WHERE table_schema = CURRENT_SCHEMA() AND table_name = 'reviews' AND column_name = 'description') AND objoid = (SELECT oid FROM pg_catalog.pg_class WHERE relname = 'reviews' AND relnamespace = (SELECT oid FROM pg_catalog.pg_namespace WHERE nspname = CURRENT_SCHEMA()))

2025/02/13 14:38:54 /home/bryan/repos/skripsi/backend/setup/setup.go:78
[1.951ms] [rows:1] SELECT count(*) FROM INFORMATION_SCHEMA.table_constraints WHERE table_schema = CURRENT_SCHEMA() AND table_name = 'reviews' AND constraint_name = 'fk_pet_daycares_reviews'

2025/02/13 14:38:54 /home/bryan/repos/skripsi/backend/setup/setup.go:78
[2.030ms] [rows:1] SELECT count(*) FROM INFORMATION_SCHEMA.table_constraints WHERE table_schema = CURRENT_SCHEMA() AND table_name = 'reviews' AND constraint_name = 'fk_users_reviews'

2025/02/13 14:38:54 /home/bryan/repos/skripsi/backend/setup/setup.go:78
[4.689ms] [rows:1] SELECT count(*) FROM pg_indexes WHERE tablename = 'reviews' AND indexname = 'idx_reviews_deleted_at' AND schemaname = CURRENT_SCHEMA()

2025/02/13 14:38:54 /home/bryan/repos/skripsi/backend/setup/setup.go:78
[1.758ms] [rows:1] SELECT count(*) FROM information_schema.tables WHERE table_schema = CURRENT_SCHEMA() AND table_name = 'refresh_tokens' AND table_type = 'BASE TABLE'

2025/02/13 14:38:54 /home/bryan/repos/skripsi/backend/setup/setup.go:78
[1.232ms] [rows:1] SELECT CURRENT_DATABASE()

2025/02/13 14:38:54 /home/bryan/repos/skripsi/backend/setup/setup.go:78
[5.965ms] [rows:-] SELECT c.column_name, c.is_nullable = 'YES', c.udt_name, c.character_maximum_length, c.numeric_precision, c.numeric_precision_radix, c.numeric_scale, c.datetime_precision, 8 * typlen, c.column_default, pd.description, c.identity_increment FROM information_schema.columns AS c JOIN pg_type AS pgt ON c.udt_name = pgt.typname LEFT JOIN pg_catalog.pg_description as pd ON pd.objsubid = c.ordinal_position AND pd.objoid = (SELECT oid FROM pg_catalog.pg_class WHERE relname = c.table_name AND relnamespace = (SELECT oid FROM pg_catalog.pg_namespace WHERE nspname = c.table_schema)) where table_catalog = $1$ AND table_schema = CURRENT_SCHEMA() AND table_name = $2$

2025/02/13 14:38:54 /home/bryan/repos/skripsi/backend/setup/setup.go:78
[2.739ms] [rows:-] SELECT * FROM "refresh_tokens" LIMIT $1$

2025/02/13 14:38:54 /home/bryan/repos/skripsi/backend/setup/setup.go:78
[7.305ms] [rows:-] SELECT constraint_name FROM information_schema.table_constraints tc JOIN information_schema.constraint_column_usage AS ccu USING (constraint_schema, constraint_catalog, table_name, constraint_name) JOIN information_schema.columns AS c ON c.table_schema = tc.constraint_schema AND tc.table_name = c.table_name AND ccu.column_name = c.column_name WHERE constraint_type IN ('PRIMARY KEY', 'UNIQUE') AND c.table_catalog = $1$ AND c.table_schema = CURRENT_SCHEMA() AND c.table_name = $2$ AND constraint_type = $3$

2025/02/13 14:38:54 /home/bryan/repos/skripsi/backend/setup/setup.go:78
[8.912ms] [rows:-] SELECT c.column_name, constraint_name, constraint_type FROM information_schema.table_constraints tc JOIN information_schema.constraint_column_usage AS ccu USING (constraint_schema, constraint_catalog, table_name, constraint_name) JOIN information_schema.columns AS c ON c.table_schema = tc.constraint_schema AND tc.table_name = c.table_name AND ccu.column_name = c.column_name WHERE constraint_type IN ('PRIMARY KEY', 'UNIQUE') AND c.table_catalog = $1$ AND c.table_schema = CURRENT_SCHEMA() AND c.table_name = $2$

2025/02/13 14:38:54 /home/bryan/repos/skripsi/backend/setup/setup.go:78
[4.241ms] [rows:-] SELECT a.attname as column_name, format_type(a.atttypid, a.atttypmod) AS data_type
		FROM pg_attribute a JOIN pg_class b ON a.attrelid = b.oid AND relnamespace = (SELECT oid FROM pg_catalog.pg_namespace WHERE nspname = CURRENT_SCHEMA())
		WHERE a.attnum > 0 -- hide internal columns
		AND NOT a.attisdropped -- hide deleted columns
		AND b.relname = $1$

2025/02/13 14:38:54 /home/bryan/repos/skripsi/backend/setup/setup.go:78
[3.994ms] [rows:0] SELECT description FROM pg_catalog.pg_description WHERE objsubid = (SELECT ordinal_position FROM information_schema.columns WHERE table_schema = CURRENT_SCHEMA() AND table_name = 'refresh_tokens' AND column_name = 'id') AND objoid = (SELECT oid FROM pg_catalog.pg_class WHERE relname = 'refresh_tokens' AND relnamespace = (SELECT oid FROM pg_catalog.pg_namespace WHERE nspname = CURRENT_SCHEMA()))

2025/02/13 14:38:54 /home/bryan/repos/skripsi/backend/setup/setup.go:78
[4.441ms] [rows:0] SELECT description FROM pg_catalog.pg_description WHERE objsubid = (SELECT ordinal_position FROM information_schema.columns WHERE table_schema = CURRENT_SCHEMA() AND table_name = 'refresh_tokens' AND column_name = 'created_at') AND objoid = (SELECT oid FROM pg_catalog.pg_class WHERE relname = 'refresh_tokens' AND relnamespace = (SELECT oid FROM pg_catalog.pg_namespace WHERE nspname = CURRENT_SCHEMA()))

2025/02/13 14:38:54 /home/bryan/repos/skripsi/backend/setup/setup.go:78
[4.218ms] [rows:0] SELECT description FROM pg_catalog.pg_description WHERE objsubid = (SELECT ordinal_position FROM information_schema.columns WHERE table_schema = CURRENT_SCHEMA() AND table_name = 'refresh_tokens' AND column_name = 'updated_at') AND objoid = (SELECT oid FROM pg_catalog.pg_class WHERE relname = 'refresh_tokens' AND relnamespace = (SELECT oid FROM pg_catalog.pg_namespace WHERE nspname = CURRENT_SCHEMA()))

2025/02/13 14:38:54 /home/bryan/repos/skripsi/backend/setup/setup.go:78
[4.134ms] [rows:0] SELECT description FROM pg_catalog.pg_description WHERE objsubid = (SELECT ordinal_position FROM information_schema.columns WHERE table_schema = CURRENT_SCHEMA() AND table_name = 'refresh_tokens' AND column_name = 'deleted_at') AND objoid = (SELECT oid FROM pg_catalog.pg_class WHERE relname = 'refresh_tokens' AND relnamespace = (SELECT oid FROM pg_catalog.pg_namespace WHERE nspname = CURRENT_SCHEMA()))

2025/02/13 14:38:54 /home/bryan/repos/skripsi/backend/setup/setup.go:78
[4.854ms] [rows:0] SELECT description FROM pg_catalog.pg_description WHERE objsubid = (SELECT ordinal_position FROM information_schema.columns WHERE table_schema = CURRENT_SCHEMA() AND table_name = 'refresh_tokens' AND column_name = 'user_id') AND objoid = (SELECT oid FROM pg_catalog.pg_class WHERE relname = 'refresh_tokens' AND relnamespace = (SELECT oid FROM pg_catalog.pg_namespace WHERE nspname = CURRENT_SCHEMA()))

2025/02/13 14:38:54 /home/bryan/repos/skripsi/backend/setup/setup.go:78
[4.417ms] [rows:0] SELECT description FROM pg_catalog.pg_description WHERE objsubid = (SELECT ordinal_position FROM information_schema.columns WHERE table_schema = CURRENT_SCHEMA() AND table_name = 'refresh_tokens' AND column_name = 'token') AND objoid = (SELECT oid FROM pg_catalog.pg_class WHERE relname = 'refresh_tokens' AND relnamespace = (SELECT oid FROM pg_catalog.pg_namespace WHERE nspname = CURRENT_SCHEMA()))

2025/02/13 14:38:54 /home/bryan/repos/skripsi/backend/setup/setup.go:78
[4.194ms] [rows:0] SELECT description FROM pg_catalog.pg_description WHERE objsubid = (SELECT ordinal_position FROM information_schema.columns WHERE table_schema = CURRENT_SCHEMA() AND table_name = 'refresh_tokens' AND column_name = 'expires_at') AND objoid = (SELECT oid FROM pg_catalog.pg_class WHERE relname = 'refresh_tokens' AND relnamespace = (SELECT oid FROM pg_catalog.pg_namespace WHERE nspname = CURRENT_SCHEMA()))

2025/02/13 14:38:54 /home/bryan/repos/skripsi/backend/setup/setup.go:78
[2.527ms] [rows:1] SELECT count(*) FROM pg_indexes WHERE tablename = 'refresh_tokens' AND indexname = 'idx_refresh_tokens_user_id' AND schemaname = CURRENT_SCHEMA()

2025/02/13 14:38:54 /home/bryan/repos/skripsi/backend/setup/setup.go:78
[2.343ms] [rows:1] SELECT count(*) FROM pg_indexes WHERE tablename = 'refresh_tokens' AND indexname = 'idx_refresh_tokens_deleted_at' AND schemaname = CURRENT_SCHEMA()

2025/02/13 14:38:54 /home/bryan/repos/skripsi/backend/setup/setup.go:78
[2.160ms] [rows:1] SELECT count(*) FROM information_schema.tables WHERE table_schema = CURRENT_SCHEMA() AND table_name = 'transactions' AND table_type = 'BASE TABLE'

2025/02/13 14:38:54 /home/bryan/repos/skripsi/backend/setup/setup.go:78
[1.525ms] [rows:1] SELECT CURRENT_DATABASE()

2025/02/13 14:38:54 /home/bryan/repos/skripsi/backend/setup/setup.go:78
[7.252ms] [rows:-] SELECT c.column_name, c.is_nullable = 'YES', c.udt_name, c.character_maximum_length, c.numeric_precision, c.numeric_precision_radix, c.numeric_scale, c.datetime_precision, 8 * typlen, c.column_default, pd.description, c.identity_increment FROM information_schema.columns AS c JOIN pg_type AS pgt ON c.udt_name = pgt.typname LEFT JOIN pg_catalog.pg_description as pd ON pd.objsubid = c.ordinal_position AND pd.objoid = (SELECT oid FROM pg_catalog.pg_class WHERE relname = c.table_name AND relnamespace = (SELECT oid FROM pg_catalog.pg_namespace WHERE nspname = c.table_schema)) where table_catalog = $1$ AND table_schema = CURRENT_SCHEMA() AND table_name = $2$

2025/02/13 14:38:54 /home/bryan/repos/skripsi/backend/setup/setup.go:78
[2.395ms] [rows:-] SELECT * FROM "transactions" LIMIT $1$

2025/02/13 14:38:54 /home/bryan/repos/skripsi/backend/setup/setup.go:78
[6.883ms] [rows:-] SELECT constraint_name FROM information_schema.table_constraints tc JOIN information_schema.constraint_column_usage AS ccu USING (constraint_schema, constraint_catalog, table_name, constraint_name) JOIN information_schema.columns AS c ON c.table_schema = tc.constraint_schema AND tc.table_name = c.table_name AND ccu.column_name = c.column_name WHERE constraint_type IN ('PRIMARY KEY', 'UNIQUE') AND c.table_catalog = $1$ AND c.table_schema = CURRENT_SCHEMA() AND c.table_name = $2$ AND constraint_type = $3$

2025/02/13 14:38:54 /home/bryan/repos/skripsi/backend/setup/setup.go:78
[7.284ms] [rows:-] SELECT c.column_name, constraint_name, constraint_type FROM information_schema.table_constraints tc JOIN information_schema.constraint_column_usage AS ccu USING (constraint_schema, constraint_catalog, table_name, constraint_name) JOIN information_schema.columns AS c ON c.table_schema = tc.constraint_schema AND tc.table_name = c.table_name AND ccu.column_name = c.column_name WHERE constraint_type IN ('PRIMARY KEY', 'UNIQUE') AND c.table_catalog = $1$ AND c.table_schema = CURRENT_SCHEMA() AND c.table_name = $2$

2025/02/13 14:38:54 /home/bryan/repos/skripsi/backend/setup/setup.go:78
[2.266ms] [rows:-] SELECT a.attname as column_name, format_type(a.atttypid, a.atttypmod) AS data_type
		FROM pg_attribute a JOIN pg_class b ON a.attrelid = b.oid AND relnamespace = (SELECT oid FROM pg_catalog.pg_namespace WHERE nspname = CURRENT_SCHEMA())
		WHERE a.attnum > 0 -- hide internal columns
		AND NOT a.attisdropped -- hide deleted columns
		AND b.relname = $1$

2025/02/13 14:38:54 /home/bryan/repos/skripsi/backend/setup/setup.go:78
[3.546ms] [rows:0] SELECT description FROM pg_catalog.pg_description WHERE objsubid = (SELECT ordinal_position FROM information_schema.columns WHERE table_schema = CURRENT_SCHEMA() AND table_name = 'transactions' AND column_name = 'id') AND objoid = (SELECT oid FROM pg_catalog.pg_class WHERE relname = 'transactions' AND relnamespace = (SELECT oid FROM pg_catalog.pg_namespace WHERE nspname = CURRENT_SCHEMA()))

2025/02/13 14:38:54 /home/bryan/repos/skripsi/backend/setup/setup.go:78
[3.812ms] [rows:0] SELECT description FROM pg_catalog.pg_description WHERE objsubid = (SELECT ordinal_position FROM information_schema.columns WHERE table_schema = CURRENT_SCHEMA() AND table_name = 'transactions' AND column_name = 'created_at') AND objoid = (SELECT oid FROM pg_catalog.pg_class WHERE relname = 'transactions' AND relnamespace = (SELECT oid FROM pg_catalog.pg_namespace WHERE nspname = CURRENT_SCHEMA()))

2025/02/13 14:38:54 /home/bryan/repos/skripsi/backend/setup/setup.go:78
[3.818ms] [rows:0] SELECT description FROM pg_catalog.pg_description WHERE objsubid = (SELECT ordinal_position FROM information_schema.columns WHERE table_schema = CURRENT_SCHEMA() AND table_name = 'transactions' AND column_name = 'pet_daycare_id') AND objoid = (SELECT oid FROM pg_catalog.pg_class WHERE relname = 'transactions' AND relnamespace = (SELECT oid FROM pg_catalog.pg_namespace WHERE nspname = CURRENT_SCHEMA()))

2025/02/13 14:38:54 /home/bryan/repos/skripsi/backend/setup/setup.go:78
[3.705ms] [rows:0] SELECT description FROM pg_catalog.pg_description WHERE objsubid = (SELECT ordinal_position FROM information_schema.columns WHERE table_schema = CURRENT_SCHEMA() AND table_name = 'transactions' AND column_name = 'booked_slot_id') AND objoid = (SELECT oid FROM pg_catalog.pg_class WHERE relname = 'transactions' AND relnamespace = (SELECT oid FROM pg_catalog.pg_namespace WHERE nspname = CURRENT_SCHEMA()))

2025/02/13 14:38:54 /home/bryan/repos/skripsi/backend/setup/setup.go:78
[4.589ms] [rows:0] SELECT description FROM pg_catalog.pg_description WHERE objsubid = (SELECT ordinal_position FROM information_schema.columns WHERE table_schema = CURRENT_SCHEMA() AND table_name = 'transactions' AND column_name = 'status') AND objoid = (SELECT oid FROM pg_catalog.pg_class WHERE relname = 'transactions' AND relnamespace = (SELECT oid FROM pg_catalog.pg_namespace WHERE nspname = CURRENT_SCHEMA()))

2025/02/13 14:38:54 /home/bryan/repos/skripsi/backend/setup/setup.go:78
[3.011ms] [rows:1] SELECT count(*) FROM INFORMATION_SCHEMA.table_constraints WHERE table_schema = CURRENT_SCHEMA() AND table_name = 'transactions' AND constraint_name = 'fk_transactions_booked_slot'

2025/02/13 14:38:54 /home/bryan/repos/skripsi/backend/setup/setup.go:78
[3.090ms] [rows:1] SELECT count(*) FROM INFORMATION_SCHEMA.table_constraints WHERE table_schema = CURRENT_SCHEMA() AND table_name = 'transactions' AND constraint_name = 'fk_transactions_pet_daycare'

2025/02/13 14:38:54 /home/bryan/repos/skripsi/backend/setup/setup.go:78
[2.864ms] [rows:1] SELECT count(*) FROM information_schema.tables WHERE table_schema = CURRENT_SCHEMA() AND table_name = 'reduce_slots' AND table_type = 'BASE TABLE'

2025/02/13 14:38:54 /home/bryan/repos/skripsi/backend/setup/setup.go:78
[2.025ms] [rows:1] SELECT CURRENT_DATABASE()

2025/02/13 14:38:54 /home/bryan/repos/skripsi/backend/setup/setup.go:78
[7.420ms] [rows:-] SELECT c.column_name, c.is_nullable = 'YES', c.udt_name, c.character_maximum_length, c.numeric_precision, c.numeric_precision_radix, c.numeric_scale, c.datetime_precision, 8 * typlen, c.column_default, pd.description, c.identity_increment FROM information_schema.columns AS c JOIN pg_type AS pgt ON c.udt_name = pgt.typname LEFT JOIN pg_catalog.pg_description as pd ON pd.objsubid = c.ordinal_position AND pd.objoid = (SELECT oid FROM pg_catalog.pg_class WHERE relname = c.table_name AND relnamespace = (SELECT oid FROM pg_catalog.pg_namespace WHERE nspname = c.table_schema)) where table_catalog = $1$ AND table_schema = CURRENT_SCHEMA() AND table_name = $2$

2025/02/13 14:38:54 /home/bryan/repos/skripsi/backend/setup/setup.go:78
[2.856ms] [rows:-] SELECT * FROM "reduce_slots" LIMIT $1$

2025/02/13 14:38:54 /home/bryan/repos/skripsi/backend/setup/setup.go:78
[6.315ms] [rows:-] SELECT constraint_name FROM information_schema.table_constraints tc JOIN information_schema.constraint_column_usage AS ccu USING (constraint_schema, constraint_catalog, table_name, constraint_name) JOIN information_schema.columns AS c ON c.table_schema = tc.constraint_schema AND tc.table_name = c.table_name AND ccu.column_name = c.column_name WHERE constraint_type IN ('PRIMARY KEY', 'UNIQUE') AND c.table_catalog = $1$ AND c.table_schema = CURRENT_SCHEMA() AND c.table_name = $2$ AND constraint_type = $3$

2025/02/13 14:38:54 /home/bryan/repos/skripsi/backend/setup/setup.go:78
[5.841ms] [rows:-] SELECT c.column_name, constraint_name, constraint_type FROM information_schema.table_constraints tc JOIN information_schema.constraint_column_usage AS ccu USING (constraint_schema, constraint_catalog, table_name, constraint_name) JOIN information_schema.columns AS c ON c.table_schema = tc.constraint_schema AND tc.table_name = c.table_name AND ccu.column_name = c.column_name WHERE constraint_type IN ('PRIMARY KEY', 'UNIQUE') AND c.table_catalog = $1$ AND c.table_schema = CURRENT_SCHEMA() AND c.table_name = $2$

2025/02/13 14:38:54 /home/bryan/repos/skripsi/backend/setup/setup.go:78
[1.947ms] [rows:-] SELECT a.attname as column_name, format_type(a.atttypid, a.atttypmod) AS data_type
		FROM pg_attribute a JOIN pg_class b ON a.attrelid = b.oid AND relnamespace = (SELECT oid FROM pg_catalog.pg_namespace WHERE nspname = CURRENT_SCHEMA())
		WHERE a.attnum > 0 -- hide internal columns
		AND NOT a.attisdropped -- hide deleted columns
		AND b.relname = $1$

2025/02/13 14:38:54 /home/bryan/repos/skripsi/backend/setup/setup.go:78
[3.321ms] [rows:0] SELECT description FROM pg_catalog.pg_description WHERE objsubid = (SELECT ordinal_position FROM information_schema.columns WHERE table_schema = CURRENT_SCHEMA() AND table_name = 'reduce_slots' AND column_name = 'id') AND objoid = (SELECT oid FROM pg_catalog.pg_class WHERE relname = 'reduce_slots' AND relnamespace = (SELECT oid FROM pg_catalog.pg_namespace WHERE nspname = CURRENT_SCHEMA()))

2025/02/13 14:38:54 /home/bryan/repos/skripsi/backend/setup/setup.go:78
[3.378ms] [rows:0] SELECT description FROM pg_catalog.pg_description WHERE objsubid = (SELECT ordinal_position FROM information_schema.columns WHERE table_schema = CURRENT_SCHEMA() AND table_name = 'reduce_slots' AND column_name = 'slot_id') AND objoid = (SELECT oid FROM pg_catalog.pg_class WHERE relname = 'reduce_slots' AND relnamespace = (SELECT oid FROM pg_catalog.pg_namespace WHERE nspname = CURRENT_SCHEMA()))

2025/02/13 14:38:54 /home/bryan/repos/skripsi/backend/setup/setup.go:78
[4.090ms] [rows:0] SELECT description FROM pg_catalog.pg_description WHERE objsubid = (SELECT ordinal_position FROM information_schema.columns WHERE table_schema = CURRENT_SCHEMA() AND table_name = 'reduce_slots' AND column_name = 'reduced_count') AND objoid = (SELECT oid FROM pg_catalog.pg_class WHERE relname = 'reduce_slots' AND relnamespace = (SELECT oid FROM pg_catalog.pg_namespace WHERE nspname = CURRENT_SCHEMA()))

2025/02/13 14:38:54 /home/bryan/repos/skripsi/backend/setup/setup.go:78
[3.717ms] [rows:0] SELECT description FROM pg_catalog.pg_description WHERE objsubid = (SELECT ordinal_position FROM information_schema.columns WHERE table_schema = CURRENT_SCHEMA() AND table_name = 'reduce_slots' AND column_name = 'target_date') AND objoid = (SELECT oid FROM pg_catalog.pg_class WHERE relname = 'reduce_slots' AND relnamespace = (SELECT oid FROM pg_catalog.pg_namespace WHERE nspname = CURRENT_SCHEMA()))

2025/02/13 14:38:54 /home/bryan/repos/skripsi/backend/setup/setup.go:78
[2.950ms] [rows:1] SELECT count(*) FROM information_schema.tables WHERE table_schema = CURRENT_SCHEMA() AND table_name = 'booked_slots_dailies' AND table_type = 'BASE TABLE'

2025/02/13 14:38:54 /home/bryan/repos/skripsi/backend/setup/setup.go:78
[1.968ms] [rows:1] SELECT CURRENT_DATABASE()

2025/02/13 14:38:54 /home/bryan/repos/skripsi/backend/setup/setup.go:78
[11.437ms] [rows:-] SELECT c.column_name, c.is_nullable = 'YES', c.udt_name, c.character_maximum_length, c.numeric_precision, c.numeric_precision_radix, c.numeric_scale, c.datetime_precision, 8 * typlen, c.column_default, pd.description, c.identity_increment FROM information_schema.columns AS c JOIN pg_type AS pgt ON c.udt_name = pgt.typname LEFT JOIN pg_catalog.pg_description as pd ON pd.objsubid = c.ordinal_position AND pd.objoid = (SELECT oid FROM pg_catalog.pg_class WHERE relname = c.table_name AND relnamespace = (SELECT oid FROM pg_catalog.pg_namespace WHERE nspname = c.table_schema)) where table_catalog = $1$ AND table_schema = CURRENT_SCHEMA() AND table_name = $2$

2025/02/13 14:38:54 /home/bryan/repos/skripsi/backend/setup/setup.go:78
[4.064ms] [rows:-] SELECT * FROM "booked_slots_dailies" LIMIT $1$

2025/02/13 14:38:54 /home/bryan/repos/skripsi/backend/setup/setup.go:78
[8.685ms] [rows:-] SELECT constraint_name FROM information_schema.table_constraints tc JOIN information_schema.constraint_column_usage AS ccu USING (constraint_schema, constraint_catalog, table_name, constraint_name) JOIN information_schema.columns AS c ON c.table_schema = tc.constraint_schema AND tc.table_name = c.table_name AND ccu.column_name = c.column_name WHERE constraint_type IN ('PRIMARY KEY', 'UNIQUE') AND c.table_catalog = $1$ AND c.table_schema = CURRENT_SCHEMA() AND c.table_name = $2$ AND constraint_type = $3$

2025/02/13 14:38:54 /home/bryan/repos/skripsi/backend/setup/setup.go:78
[6.224ms] [rows:-] SELECT c.column_name, constraint_name, constraint_type FROM information_schema.table_constraints tc JOIN information_schema.constraint_column_usage AS ccu USING (constraint_schema, constraint_catalog, table_name, constraint_name) JOIN information_schema.columns AS c ON c.table_schema = tc.constraint_schema AND tc.table_name = c.table_name AND ccu.column_name = c.column_name WHERE constraint_type IN ('PRIMARY KEY', 'UNIQUE') AND c.table_catalog = $1$ AND c.table_schema = CURRENT_SCHEMA() AND c.table_name = $2$

2025/02/13 14:38:54 /home/bryan/repos/skripsi/backend/setup/setup.go:78
[2.633ms] [rows:-] SELECT a.attname as column_name, format_type(a.atttypid, a.atttypmod) AS data_type
		FROM pg_attribute a JOIN pg_class b ON a.attrelid = b.oid AND relnamespace = (SELECT oid FROM pg_catalog.pg_namespace WHERE nspname = CURRENT_SCHEMA())
		WHERE a.attnum > 0 -- hide internal columns
		AND NOT a.attisdropped -- hide deleted columns
		AND b.relname = $1$

2025/02/13 14:38:54 /home/bryan/repos/skripsi/backend/setup/setup.go:78
[4.561ms] [rows:0] SELECT description FROM pg_catalog.pg_description WHERE objsubid = (SELECT ordinal_position FROM information_schema.columns WHERE table_schema = CURRENT_SCHEMA() AND table_name = 'booked_slots_dailies' AND column_name = 'id') AND objoid = (SELECT oid FROM pg_catalog.pg_class WHERE relname = 'booked_slots_dailies' AND relnamespace = (SELECT oid FROM pg_catalog.pg_namespace WHERE nspname = CURRENT_SCHEMA()))

2025/02/13 14:38:54 /home/bryan/repos/skripsi/backend/setup/setup.go:78
[4.571ms] [rows:0] SELECT description FROM pg_catalog.pg_description WHERE objsubid = (SELECT ordinal_position FROM information_schema.columns WHERE table_schema = CURRENT_SCHEMA() AND table_name = 'booked_slots_dailies' AND column_name = 'daycare_id') AND objoid = (SELECT oid FROM pg_catalog.pg_class WHERE relname = 'booked_slots_dailies' AND relnamespace = (SELECT oid FROM pg_catalog.pg_namespace WHERE nspname = CURRENT_SCHEMA()))

2025/02/13 14:38:54 /home/bryan/repos/skripsi/backend/setup/setup.go:78
[3.117ms] [rows:0] SELECT description FROM pg_catalog.pg_description WHERE objsubid = (SELECT ordinal_position FROM information_schema.columns WHERE table_schema = CURRENT_SCHEMA() AND table_name = 'booked_slots_dailies' AND column_name = 'date') AND objoid = (SELECT oid FROM pg_catalog.pg_class WHERE relname = 'booked_slots_dailies' AND relnamespace = (SELECT oid FROM pg_catalog.pg_namespace WHERE nspname = CURRENT_SCHEMA()))

2025/02/13 14:38:54 /home/bryan/repos/skripsi/backend/setup/setup.go:78
[2.907ms] [rows:0] SELECT description FROM pg_catalog.pg_description WHERE objsubid = (SELECT ordinal_position FROM information_schema.columns WHERE table_schema = CURRENT_SCHEMA() AND table_name = 'booked_slots_dailies' AND column_name = 'slot_count') AND objoid = (SELECT oid FROM pg_catalog.pg_class WHERE relname = 'booked_slots_dailies' AND relnamespace = (SELECT oid FROM pg_catalog.pg_namespace WHERE nspname = CURRENT_SCHEMA()))

2025/02/13 14:38:54 /home/bryan/repos/skripsi/backend/setup/setup.go:78
[2.257ms] [rows:1] SELECT count(*) FROM pg_indexes WHERE tablename = 'booked_slots_dailies' AND indexname = 'idx_booked_slots_dailies_date' AND schemaname = CURRENT_SCHEMA()
[GIN-debug] [WARNING] Creating an Engine instance with the Logger and Recovery middleware already attached.

[GIN-debug] [WARNING] Running in "debug" mode. Switch to "release" mode in production.
 - using env:	export GIN_MODE=release
 - using code:	gin.SetMode(gin.ReleaseMode)

[GIN-debug] GET    /assets/*filepath         --> github.com/gin-gonic/gin.(*RouterGroup).createStaticHandler.func1 (3 handlers)
[GIN-debug] HEAD   /assets/*filepath         --> github.com/gin-gonic/gin.(*RouterGroup).createStaticHandler.func1 (3 handlers)
[GIN-debug] POST   /users                    --> github.com/BryanEgbert/skripsi/controller.(*UserController).CreateUser-fm (3 handlers)
[GIN-debug] GET    /users/vets               --> github.com/BryanEgbert/skripsi/controller.(*UserController).GetVets-fm (4 handlers)
[GIN-debug] GET    /users/:id                --> github.com/BryanEgbert/skripsi/controller.(*UserController).GetUser-fm (4 handlers)
[GIN-debug] DELETE /users                    --> github.com/BryanEgbert/skripsi/controller.(*UserController).DeleteUser-fm (4 handlers)
[GIN-debug] PUT    /users                    --> github.com/BryanEgbert/skripsi/controller.(*UserController).UpdateUserProfile-fm (4 handlers)
[GIN-debug] PATCH  /users/password           --> github.com/BryanEgbert/skripsi/controller.(*UserController).UpdateUserPassword-fm (4 handlers)
[GIN-debug] POST   /login                    --> github.com/BryanEgbert/skripsi/controller.(*AuthController).Login-fm (3 handlers)
[GIN-debug] POST   /refresh                  --> github.com/BryanEgbert/skripsi/controller.(*AuthController).RefreshToken-fm (4 handlers)
[GIN-debug] GET    /pets/:id                 --> github.com/BryanEgbert/skripsi/controller.(*PetController).GetPet-fm (4 handlers)
[GIN-debug] GET    /pets                     --> github.com/BryanEgbert/skripsi/controller.(*PetController).GetPets-fm (4 handlers)
[GIN-debug] POST   /pets                     --> github.com/BryanEgbert/skripsi/controller.(*PetController).CreatePet-fm (4 handlers)
[GIN-debug] PUT    /pets/:id                 --> github.com/BryanEgbert/skripsi/controller.(*PetController).UpdatePet-fm (4 handlers)
[GIN-debug] DELETE /pets/:id                 --> github.com/BryanEgbert/skripsi/controller.(*PetController).DeletePet-fm (4 handlers)
[GIN-debug] PATCH  /daycare/slot/:slotId     --> github.com/BryanEgbert/skripsi/controller.(*PetDaycareController).EditSlotCount-fm (4 handlers)
[GIN-debug] GET    /daycare/:id/slot         --> github.com/BryanEgbert/skripsi/controller.(*PetDaycareController).GetPetDaycareSlots-fm (4 handlers)
[GIN-debug] POST   /daycare/:id/slot         --> github.com/BryanEgbert/skripsi/controller.(*PetDaycareController).CreateSlot-fm (4 handlers)
[GIN-debug] GET    /daycare/:id/review       --> github.com/BryanEgbert/skripsi/controller.(*PetDaycareController).GetReviews-fm (4 handlers)
[GIN-debug] POST   /daycare/:id/review       --> github.com/BryanEgbert/skripsi/controller.(*PetDaycareController).CreateReview-fm (4 handlers)
[GIN-debug] DELETE /daycare/:id/review       --> github.com/BryanEgbert/skripsi/controller.(*PetDaycareController).DeleteReview-fm (4 handlers)
[GIN-debug] GET    /daycare/:id              --> github.com/BryanEgbert/skripsi/controller.(*PetDaycareController).GetPetDaycare-fm (4 handlers)
[GIN-debug] GET    /daycare                  --> github.com/BryanEgbert/skripsi/controller.(*PetDaycareController).GetPetDaycares-fm (4 handlers)
[GIN-debug] POST   /daycare                  --> github.com/BryanEgbert/skripsi/controller.(*PetDaycareController).CreatePetDaycare-fm (4 handlers)
[GIN-debug] PUT    /daycare/:id              --> github.com/BryanEgbert/skripsi/controller.(*PetDaycareController).UpdatePetDaycare-fm (4 handlers)
[GIN-debug] DELETE /daycare/:id              --> github.com/BryanEgbert/skripsi/controller.(*PetDaycareController).DeletePetDaycare-fm (4 handlers)

2025/02/13 14:38:54 /home/bryan/repos/skripsi/backend/service/pet_daycare_service.go:368
[5.363ms] [rows:0] SELECT * FROM "booked_slots" WHERE "booked_slots"."daycare_id" = $1$ AND end_date > CURRENT_TIMESTAMP AND "booked_slots"."deleted_at" IS NULL

2025/02/13 14:38:54 /home/bryan/repos/skripsi/backend/service/pet_daycare_service.go:368
[4.812ms] [rows:1] SELECT * FROM "users" WHERE "users"."id" = $1$ AND "users"."deleted_at" IS NULL

2025/02/13 14:38:54 /home/bryan/repos/skripsi/backend/service/pet_daycare_service.go:368
[4.362ms] [rows:0] SELECT * FROM "thumbnails" WHERE "thumbnails"."daycare_id" = $1$

2025/02/13 14:38:54 /home/bryan/repos/skripsi/backend/service/pet_daycare_service.go:368
[20.583ms] [rows:1] SELECT * FROM "pet_daycares" WHERE "pet_daycares"."deleted_at" IS NULL AND "pet_daycares"."id" = $1$

2025/02/13 14:38:54 /home/bryan/repos/skripsi/backend/service/pet_daycare_service.go:379
[12.521ms] [rows:1] DELETE FROM "pet_daycares" WHERE "pet_daycares"."id" = $1$
[GIN] 2025/02/13 - 14:38:54 | 204 |   33.409021ms |                 | DELETE   "/daycare/3"
=== RUN   TestDeletePetDaycare/On_delete_pet_daycare,_should_return_204_when_pet_daycare_ID_doesn't_exists_in_DB

2025/02/13 14:38:55 /home/bryan/repos/skripsi/backend/setup/setup.go:60
[393.206ms] [rows:0] TRUNCATE TABLE users, vet_specialties, user_vet_specialties, pet_daycares, pets, size_categories, roles, slots, booked_slots, thumbnails, species, reviews, refresh_tokens, transactions, daily_walks, daily_playtimes, reduce_slots RESTART IDENTITY CASCADE;

2025/02/13 14:38:55 /home/bryan/repos/skripsi/backend/seeder/seeder.go:18
[16.549ms] [rows:3] INSERT INTO "roles" ("name","id") VALUES ($1$,$2$),($3$,$4$),($5$,$6$) RETURNING "id"

2025/02/13 14:38:55 /home/bryan/repos/skripsi/backend/seeder/seeder.go:29
[10.559ms] [rows:4] INSERT INTO "daily_walks" ("name","id") VALUES ($1$,$2$),($3$,$4$),($5$,$6$),($7$,$8$) RETURNING "id"

2025/02/13 14:38:55 /home/bryan/repos/skripsi/backend/seeder/seeder.go:39
[12.011ms] [rows:4] INSERT INTO "daily_playtimes" ("name","id") VALUES ($1$,$2$),($3$,$4$),($5$,$6$),($7$,$8$) RETURNING "id"

2025/02/13 14:38:55 /home/bryan/repos/skripsi/backend/seeder/seeder.go:61
[12.715ms] [rows:17] INSERT INTO "vet_specialties" ("name") VALUES ($1$),($2$),($3$),($4$),($5$),($6$),($7$),($8$),($9$),($10$),($11$),($12$),($13$),($14$),($15$),($16$),($17$) RETURNING "id"

2025/02/13 14:38:55 /home/bryan/repos/skripsi/backend/seeder/seeder.go:71
[12.607ms] [rows:3] INSERT INTO "species" ("name") VALUES ($1$),($2$),($3$) RETURNING "id"

2025/02/13 14:38:55 /home/bryan/repos/skripsi/backend/seeder/seeder.go:83
[12.225ms] [rows:5] INSERT INTO "size_categories" ("name","min_weight","max_weight") VALUES ($1$,$2$,$3$),($4$,$5$,$6$),($7$,$8$,$9$),($10$,$11$,$12$),($13$,$14$,$15$) RETURNING "id"

2025/02/13 14:38:55 /home/bryan/repos/skripsi/backend/seeder/seeder.go:106
[2.802ms] [rows:0] INSERT INTO "vet_specialties" ("name","id") VALUES ($1$,$2$),($3$,$4$),($5$,$6$) ON CONFLICT DO NOTHING RETURNING "id"

2025/02/13 14:38:55 /home/bryan/repos/skripsi/backend/seeder/seeder.go:106
[4.540ms] [rows:3] INSERT INTO "user_vet_specialties" ("user_id","vet_specialty_id") VALUES ($1$,$2$),($3$,$4$),($5$,$6$) ON CONFLICT DO NOTHING

2025/02/13 14:38:55 /home/bryan/repos/skripsi/backend/seeder/seeder.go:106
[18.385ms] [rows:6] INSERT INTO "users" ("created_at","updated_at","deleted_at","name","email","password","role_id","image_url") VALUES ($1$,$2$,$3$,$4$,$5$,$6$,$7$,$8$),($9$,$10$,$11$,$12$,$13$,$14$,$15$,$16$),($17$,$18$,$19$,$20$,$21$,$22$,$23$,$24$),($25$,$26$,$27$,$28$,$29$,$30$,$31$,$32$),($33$,$34$,$35$,$36$,$37$,$38$,$39$,DEFAULT),($40$,$41$,$42$,$43$,$44$,$45$,$46$,$47$) RETURNING "id","image_url"

2025/02/13 14:38:55 /home/bryan/repos/skripsi/backend/seeder/seeder.go:148
[2.449ms] [rows:0] INSERT INTO "daily_walks" ("name","id") VALUES ($1$,$2$) ON CONFLICT DO NOTHING RETURNING "id"

2025/02/13 14:38:55 /home/bryan/repos/skripsi/backend/seeder/seeder.go:148
[2.560ms] [rows:0] INSERT INTO "daily_playtimes" ("name","id") VALUES ($1$,$2$),($3$,$4$) ON CONFLICT DO NOTHING RETURNING "id"

2025/02/13 14:38:55 /home/bryan/repos/skripsi/backend/seeder/seeder.go:148
[15.326ms] [rows:3] INSERT INTO "pet_daycares" ("created_at","updated_at","deleted_at","name","address","latitude","longitude","price","pricing_type","description","has_pickup_service","must_be_vaccinated","food_provided","grooming_available","booked_num","daily_walks_id","daily_playtime_id","owner_id","food_brand") VALUES ($1$,$2$,$3$,$4$,$5$,$6$,$7$,$8$,$9$,$10$,$11$,$12$,$13$,$14$,$15$,$16$,$17$,$18$,$19$),($20$,$21$,$22$,$23$,$24$,$25$,$26$,$27$,$28$,$29$,$30$,$31$,$32$,$33$,$34$,$35$,$36$,$37$,$38$),($39$,$40$,$41$,$42$,$43$,$44$,$45$,$46$,$47$,$48$,$49$,$50$,$51$,$52$,$53$,$54$,$55$,$56$,$57$) RETURNING "id"

2025/02/13 14:38:55 /home/bryan/repos/skripsi/backend/seeder/seeder.go:158
[7.975ms] [rows:3] INSERT INTO "slots" ("created_at","updated_at","deleted_at","daycare_id","species_id","size_category_id","max_number") VALUES ($1$,$2$,$3$,$4$,$5$,$6$,$7$),($8$,$9$,$10$,$11$,$12$,$13$,$14$),($15$,$16$,$17$,$18$,$19$,$20$,$21$) RETURNING "id"

2025/02/13 14:38:55 /home/bryan/repos/skripsi/backend/seeder/seeder.go:172
[8.177ms] [rows:2] INSERT INTO "pets" ("created_at","updated_at","deleted_at","name","image_url","status","owner_id","species_id","size_id") VALUES ($1$,$2$,$3$,$4$,$5$,$6$,$7$,$8$,$9$),($10$,$11$,$12$,$13$,$14$,$15$,$16$,$17$,$18$) RETURNING "id"

2025/02/13 14:38:55 /home/bryan/repos/skripsi/backend/seeder/seeder.go:189
[8.251ms] [rows:2] INSERT INTO "booked_slots" ("created_at","updated_at","deleted_at","user_id","daycare_id","pet_id","start_date","end_date") VALUES ($1$,$2$,$3$,$4$,$5$,$6$,$7$,$8$),($9$,$10$,$11$,$12$,$13$,$14$,$15$,$16$) RETURNING "id"

2025/02/13 14:38:55 /home/bryan/repos/skripsi/backend/seeder/seeder.go:205
[9.781ms] [rows:3] INSERT INTO "reviews" ("created_at","updated_at","deleted_at","daycare_id","user_id","name","rate","description") VALUES ($1$,$2$,$3$,$4$,$5$,$6$,$7$,$8$),($9$,$10$,$11$,$12$,$13$,$14$,$15$,$16$),($17$,$18$,$19$,$20$,$21$,$22$,$23$,$24$) RETURNING "id"

2025/02/13 14:38:55 /home/bryan/repos/skripsi/backend/seeder/seeder.go:213
[7.975ms] [rows:1] INSERT INTO "reduce_slots" ("slot_id","reduced_count","target_date") VALUES ($1$,$2$,$3$) RETURNING "id"

2025/02/13 14:38:55 /home/bryan/repos/skripsi/backend/seeder/seeder.go:222
[9.466ms] [rows:2] INSERT INTO "thumbnails" ("daycare_id","image_url") VALUES ($1$,$2$),($3$,$4$) RETURNING "id"

2025/02/13 14:38:55 /home/bryan/repos/skripsi/backend/seeder/seeder.go:230
[9.293ms] [rows:1] INSERT INTO "transactions" ("pet_daycare_id","booked_slot_id","status") VALUES ($1$,$2$,$3$) RETURNING "created_at","id"

2025/02/13 14:38:55 /home/bryan/repos/skripsi/backend/setup/setup.go:78
[28.306ms] [rows:1] SELECT count(*) FROM information_schema.tables WHERE table_schema = CURRENT_SCHEMA() AND table_name = 'roles' AND table_type = 'BASE TABLE'

2025/02/13 14:38:55 /home/bryan/repos/skripsi/backend/setup/setup.go:78
[2.957ms] [rows:1] SELECT CURRENT_DATABASE()

2025/02/13 14:38:55 /home/bryan/repos/skripsi/backend/setup/setup.go:78
[67.102ms] [rows:-] SELECT c.column_name, c.is_nullable = 'YES', c.udt_name, c.character_maximum_length, c.numeric_precision, c.numeric_precision_radix, c.numeric_scale, c.datetime_precision, 8 * typlen, c.column_default, pd.description, c.identity_increment FROM information_schema.columns AS c JOIN pg_type AS pgt ON c.udt_name = pgt.typname LEFT JOIN pg_catalog.pg_description as pd ON pd.objsubid = c.ordinal_position AND pd.objoid = (SELECT oid FROM pg_catalog.pg_class WHERE relname = c.table_name AND relnamespace = (SELECT oid FROM pg_catalog.pg_namespace WHERE nspname = c.table_schema)) where table_catalog = $1$ AND table_schema = CURRENT_SCHEMA() AND table_name = $2$

2025/02/13 14:38:55 /home/bryan/repos/skripsi/backend/setup/setup.go:78
[1.891ms] [rows:-] SELECT * FROM "roles" LIMIT $1$

2025/02/13 14:38:55 /home/bryan/repos/skripsi/backend/setup/setup.go:78
[34.654ms] [rows:-] SELECT constraint_name FROM information_schema.table_constraints tc JOIN information_schema.constraint_column_usage AS ccu USING (constraint_schema, constraint_catalog, table_name, constraint_name) JOIN information_schema.columns AS c ON c.table_schema = tc.constraint_schema AND tc.table_name = c.table_name AND ccu.column_name = c.column_name WHERE constraint_type IN ('PRIMARY KEY', 'UNIQUE') AND c.table_catalog = $1$ AND c.table_schema = CURRENT_SCHEMA() AND c.table_name = $2$ AND constraint_type = $3$

2025/02/13 14:38:55 /home/bryan/repos/skripsi/backend/setup/setup.go:78
[19.698ms] [rows:-] SELECT c.column_name, constraint_name, constraint_type FROM information_schema.table_constraints tc JOIN information_schema.constraint_column_usage AS ccu USING (constraint_schema, constraint_catalog, table_name, constraint_name) JOIN information_schema.columns AS c ON c.table_schema = tc.constraint_schema AND tc.table_name = c.table_name AND ccu.column_name = c.column_name WHERE constraint_type IN ('PRIMARY KEY', 'UNIQUE') AND c.table_catalog = $1$ AND c.table_schema = CURRENT_SCHEMA() AND c.table_name = $2$

2025/02/13 14:38:55 /home/bryan/repos/skripsi/backend/setup/setup.go:78
[3.528ms] [rows:-] SELECT a.attname as column_name, format_type(a.atttypid, a.atttypmod) AS data_type
		FROM pg_attribute a JOIN pg_class b ON a.attrelid = b.oid AND relnamespace = (SELECT oid FROM pg_catalog.pg_namespace WHERE nspname = CURRENT_SCHEMA())
		WHERE a.attnum > 0 -- hide internal columns
		AND NOT a.attisdropped -- hide deleted columns
		AND b.relname = $1$

2025/02/13 14:38:55 /home/bryan/repos/skripsi/backend/setup/setup.go:78
[10.399ms] [rows:0] SELECT description FROM pg_catalog.pg_description WHERE objsubid = (SELECT ordinal_position FROM information_schema.columns WHERE table_schema = CURRENT_SCHEMA() AND table_name = 'roles' AND column_name = 'id') AND objoid = (SELECT oid FROM pg_catalog.pg_class WHERE relname = 'roles' AND relnamespace = (SELECT oid FROM pg_catalog.pg_namespace WHERE nspname = CURRENT_SCHEMA()))

2025/02/13 14:38:55 /home/bryan/repos/skripsi/backend/setup/setup.go:78
[6.038ms] [rows:0] SELECT description FROM pg_catalog.pg_description WHERE objsubid = (SELECT ordinal_position FROM information_schema.columns WHERE table_schema = CURRENT_SCHEMA() AND table_name = 'roles' AND column_name = 'name') AND objoid = (SELECT oid FROM pg_catalog.pg_class WHERE relname = 'roles' AND relnamespace = (SELECT oid FROM pg_catalog.pg_namespace WHERE nspname = CURRENT_SCHEMA()))

2025/02/13 14:38:55 /home/bryan/repos/skripsi/backend/setup/setup.go:78
[2.261ms] [rows:1] SELECT count(*) FROM information_schema.tables WHERE table_schema = CURRENT_SCHEMA() AND table_name = 'users' AND table_type = 'BASE TABLE'

2025/02/13 14:38:55 /home/bryan/repos/skripsi/backend/setup/setup.go:78
[0.839ms] [rows:1] SELECT CURRENT_DATABASE()

2025/02/13 14:38:55 /home/bryan/repos/skripsi/backend/setup/setup.go:78
[12.154ms] [rows:-] SELECT c.column_name, c.is_nullable = 'YES', c.udt_name, c.character_maximum_length, c.numeric_precision, c.numeric_precision_radix, c.numeric_scale, c.datetime_precision, 8 * typlen, c.column_default, pd.description, c.identity_increment FROM information_schema.columns AS c JOIN pg_type AS pgt ON c.udt_name = pgt.typname LEFT JOIN pg_catalog.pg_description as pd ON pd.objsubid = c.ordinal_position AND pd.objoid = (SELECT oid FROM pg_catalog.pg_class WHERE relname = c.table_name AND relnamespace = (SELECT oid FROM pg_catalog.pg_namespace WHERE nspname = c.table_schema)) where table_catalog = $1$ AND table_schema = CURRENT_SCHEMA() AND table_name = $2$

2025/02/13 14:38:55 /home/bryan/repos/skripsi/backend/setup/setup.go:78
[1.010ms] [rows:-] SELECT * FROM "users" LIMIT $1$

2025/02/13 14:38:55 /home/bryan/repos/skripsi/backend/setup/setup.go:78
[19.577ms] [rows:-] SELECT constraint_name FROM information_schema.table_constraints tc JOIN information_schema.constraint_column_usage AS ccu USING (constraint_schema, constraint_catalog, table_name, constraint_name) JOIN information_schema.columns AS c ON c.table_schema = tc.constraint_schema AND tc.table_name = c.table_name AND ccu.column_name = c.column_name WHERE constraint_type IN ('PRIMARY KEY', 'UNIQUE') AND c.table_catalog = $1$ AND c.table_schema = CURRENT_SCHEMA() AND c.table_name = $2$ AND constraint_type = $3$

2025/02/13 14:38:55 /home/bryan/repos/skripsi/backend/setup/setup.go:78
[17.123ms] [rows:-] SELECT c.column_name, constraint_name, constraint_type FROM information_schema.table_constraints tc JOIN information_schema.constraint_column_usage AS ccu USING (constraint_schema, constraint_catalog, table_name, constraint_name) JOIN information_schema.columns AS c ON c.table_schema = tc.constraint_schema AND tc.table_name = c.table_name AND ccu.column_name = c.column_name WHERE constraint_type IN ('PRIMARY KEY', 'UNIQUE') AND c.table_catalog = $1$ AND c.table_schema = CURRENT_SCHEMA() AND c.table_name = $2$

2025/02/13 14:38:55 /home/bryan/repos/skripsi/backend/setup/setup.go:78
[1.522ms] [rows:-] SELECT a.attname as column_name, format_type(a.atttypid, a.atttypmod) AS data_type
		FROM pg_attribute a JOIN pg_class b ON a.attrelid = b.oid AND relnamespace = (SELECT oid FROM pg_catalog.pg_namespace WHERE nspname = CURRENT_SCHEMA())
		WHERE a.attnum > 0 -- hide internal columns
		AND NOT a.attisdropped -- hide deleted columns
		AND b.relname = $1$

2025/02/13 14:38:55 /home/bryan/repos/skripsi/backend/setup/setup.go:78
[5.309ms] [rows:0] SELECT description FROM pg_catalog.pg_description WHERE objsubid = (SELECT ordinal_position FROM information_schema.columns WHERE table_schema = CURRENT_SCHEMA() AND table_name = 'users' AND column_name = 'id') AND objoid = (SELECT oid FROM pg_catalog.pg_class WHERE relname = 'users' AND relnamespace = (SELECT oid FROM pg_catalog.pg_namespace WHERE nspname = CURRENT_SCHEMA()))

2025/02/13 14:38:55 /home/bryan/repos/skripsi/backend/setup/setup.go:78
[5.290ms] [rows:0] SELECT description FROM pg_catalog.pg_description WHERE objsubid = (SELECT ordinal_position FROM information_schema.columns WHERE table_schema = CURRENT_SCHEMA() AND table_name = 'users' AND column_name = 'created_at') AND objoid = (SELECT oid FROM pg_catalog.pg_class WHERE relname = 'users' AND relnamespace = (SELECT oid FROM pg_catalog.pg_namespace WHERE nspname = CURRENT_SCHEMA()))

2025/02/13 14:38:55 /home/bryan/repos/skripsi/backend/setup/setup.go:78
[5.429ms] [rows:0] SELECT description FROM pg_catalog.pg_description WHERE objsubid = (SELECT ordinal_position FROM information_schema.columns WHERE table_schema = CURRENT_SCHEMA() AND table_name = 'users' AND column_name = 'updated_at') AND objoid = (SELECT oid FROM pg_catalog.pg_class WHERE relname = 'users' AND relnamespace = (SELECT oid FROM pg_catalog.pg_namespace WHERE nspname = CURRENT_SCHEMA()))

2025/02/13 14:38:55 /home/bryan/repos/skripsi/backend/setup/setup.go:78
[5.287ms] [rows:0] SELECT description FROM pg_catalog.pg_description WHERE objsubid = (SELECT ordinal_position FROM information_schema.columns WHERE table_schema = CURRENT_SCHEMA() AND table_name = 'users' AND column_name = 'deleted_at') AND objoid = (SELECT oid FROM pg_catalog.pg_class WHERE relname = 'users' AND relnamespace = (SELECT oid FROM pg_catalog.pg_namespace WHERE nspname = CURRENT_SCHEMA()))

2025/02/13 14:38:55 /home/bryan/repos/skripsi/backend/setup/setup.go:78
[1.394ms] [rows:0] SELECT description FROM pg_catalog.pg_description WHERE objsubid = (SELECT ordinal_position FROM information_schema.columns WHERE table_schema = CURRENT_SCHEMA() AND table_name = 'users' AND column_name = 'name') AND objoid = (SELECT oid FROM pg_catalog.pg_class WHERE relname = 'users' AND relnamespace = (SELECT oid FROM pg_catalog.pg_namespace WHERE nspname = CURRENT_SCHEMA()))

2025/02/13 14:38:55 /home/bryan/repos/skripsi/backend/setup/setup.go:78
[1.245ms] [rows:0] SELECT description FROM pg_catalog.pg_description WHERE objsubid = (SELECT ordinal_position FROM information_schema.columns WHERE table_schema = CURRENT_SCHEMA() AND table_name = 'users' AND column_name = 'email') AND objoid = (SELECT oid FROM pg_catalog.pg_class WHERE relname = 'users' AND relnamespace = (SELECT oid FROM pg_catalog.pg_namespace WHERE nspname = CURRENT_SCHEMA()))

2025/02/13 14:38:55 /home/bryan/repos/skripsi/backend/setup/setup.go:78
[1.358ms] [rows:0] SELECT description FROM pg_catalog.pg_description WHERE objsubid = (SELECT ordinal_position FROM information_schema.columns WHERE table_schema = CURRENT_SCHEMA() AND table_name = 'users' AND column_name = 'password') AND objoid = (SELECT oid FROM pg_catalog.pg_class WHERE relname = 'users' AND relnamespace = (SELECT oid FROM pg_catalog.pg_namespace WHERE nspname = CURRENT_SCHEMA()))

2025/02/13 14:38:55 /home/bryan/repos/skripsi/backend/setup/setup.go:78
[1.379ms] [rows:0] SELECT description FROM pg_catalog.pg_description WHERE objsubid = (SELECT ordinal_position FROM information_schema.columns WHERE table_schema = CURRENT_SCHEMA() AND table_name = 'users' AND column_name = 'image_url') AND objoid = (SELECT oid FROM pg_catalog.pg_class WHERE relname = 'users' AND relnamespace = (SELECT oid FROM pg_catalog.pg_namespace WHERE nspname = CURRENT_SCHEMA()))

2025/02/13 14:38:55 /home/bryan/repos/skripsi/backend/setup/setup.go:78
[1.434ms] [rows:0] SELECT description FROM pg_catalog.pg_description WHERE objsubid = (SELECT ordinal_position FROM information_schema.columns WHERE table_schema = CURRENT_SCHEMA() AND table_name = 'users' AND column_name = 'role_id') AND objoid = (SELECT oid FROM pg_catalog.pg_class WHERE relname = 'users' AND relnamespace = (SELECT oid FROM pg_catalog.pg_namespace WHERE nspname = CURRENT_SCHEMA()))

2025/02/13 14:38:55 /home/bryan/repos/skripsi/backend/setup/setup.go:78
[4.614ms] [rows:1] SELECT count(*) FROM INFORMATION_SCHEMA.table_constraints WHERE table_schema = CURRENT_SCHEMA() AND table_name = 'users' AND constraint_name = 'fk_roles_users'

2025/02/13 14:38:55 /home/bryan/repos/skripsi/backend/setup/setup.go:78
[5.766ms] [rows:1] SELECT count(*) FROM pg_indexes WHERE tablename = 'users' AND indexname = 'idx_users_deleted_at' AND schemaname = CURRENT_SCHEMA()

2025/02/13 14:38:55 /home/bryan/repos/skripsi/backend/setup/setup.go:78
[2.117ms] [rows:1] SELECT count(*) FROM information_schema.tables WHERE table_schema = CURRENT_SCHEMA() AND table_name = 'vet_specialties' AND table_type = 'BASE TABLE'

2025/02/13 14:38:55 /home/bryan/repos/skripsi/backend/setup/setup.go:78
[0.773ms] [rows:1] SELECT CURRENT_DATABASE()

2025/02/13 14:38:55 /home/bryan/repos/skripsi/backend/setup/setup.go:78
[10.795ms] [rows:-] SELECT c.column_name, c.is_nullable = 'YES', c.udt_name, c.character_maximum_length, c.numeric_precision, c.numeric_precision_radix, c.numeric_scale, c.datetime_precision, 8 * typlen, c.column_default, pd.description, c.identity_increment FROM information_schema.columns AS c JOIN pg_type AS pgt ON c.udt_name = pgt.typname LEFT JOIN pg_catalog.pg_description as pd ON pd.objsubid = c.ordinal_position AND pd.objoid = (SELECT oid FROM pg_catalog.pg_class WHERE relname = c.table_name AND relnamespace = (SELECT oid FROM pg_catalog.pg_namespace WHERE nspname = c.table_schema)) where table_catalog = $1$ AND table_schema = CURRENT_SCHEMA() AND table_name = $2$

2025/02/13 14:38:55 /home/bryan/repos/skripsi/backend/setup/setup.go:78
[0.897ms] [rows:-] SELECT * FROM "vet_specialties" LIMIT $1$

2025/02/13 14:38:55 /home/bryan/repos/skripsi/backend/setup/setup.go:78
[15.379ms] [rows:-] SELECT constraint_name FROM information_schema.table_constraints tc JOIN information_schema.constraint_column_usage AS ccu USING (constraint_schema, constraint_catalog, table_name, constraint_name) JOIN information_schema.columns AS c ON c.table_schema = tc.constraint_schema AND tc.table_name = c.table_name AND ccu.column_name = c.column_name WHERE constraint_type IN ('PRIMARY KEY', 'UNIQUE') AND c.table_catalog = $1$ AND c.table_schema = CURRENT_SCHEMA() AND c.table_name = $2$ AND constraint_type = $3$

2025/02/13 14:38:55 /home/bryan/repos/skripsi/backend/setup/setup.go:78
[14.932ms] [rows:-] SELECT c.column_name, constraint_name, constraint_type FROM information_schema.table_constraints tc JOIN information_schema.constraint_column_usage AS ccu USING (constraint_schema, constraint_catalog, table_name, constraint_name) JOIN information_schema.columns AS c ON c.table_schema = tc.constraint_schema AND tc.table_name = c.table_name AND ccu.column_name = c.column_name WHERE constraint_type IN ('PRIMARY KEY', 'UNIQUE') AND c.table_catalog = $1$ AND c.table_schema = CURRENT_SCHEMA() AND c.table_name = $2$

2025/02/13 14:38:55 /home/bryan/repos/skripsi/backend/setup/setup.go:78
[1.434ms] [rows:-] SELECT a.attname as column_name, format_type(a.atttypid, a.atttypmod) AS data_type
		FROM pg_attribute a JOIN pg_class b ON a.attrelid = b.oid AND relnamespace = (SELECT oid FROM pg_catalog.pg_namespace WHERE nspname = CURRENT_SCHEMA())
		WHERE a.attnum > 0 -- hide internal columns
		AND NOT a.attisdropped -- hide deleted columns
		AND b.relname = $1$

2025/02/13 14:38:55 /home/bryan/repos/skripsi/backend/setup/setup.go:78
[1.392ms] [rows:0] SELECT description FROM pg_catalog.pg_description WHERE objsubid = (SELECT ordinal_position FROM information_schema.columns WHERE table_schema = CURRENT_SCHEMA() AND table_name = 'vet_specialties' AND column_name = 'id') AND objoid = (SELECT oid FROM pg_catalog.pg_class WHERE relname = 'vet_specialties' AND relnamespace = (SELECT oid FROM pg_catalog.pg_namespace WHERE nspname = CURRENT_SCHEMA()))

2025/02/13 14:38:55 /home/bryan/repos/skripsi/backend/setup/setup.go:78
[1.297ms] [rows:0] SELECT description FROM pg_catalog.pg_description WHERE objsubid = (SELECT ordinal_position FROM information_schema.columns WHERE table_schema = CURRENT_SCHEMA() AND table_name = 'vet_specialties' AND column_name = 'name') AND objoid = (SELECT oid FROM pg_catalog.pg_class WHERE relname = 'vet_specialties' AND relnamespace = (SELECT oid FROM pg_catalog.pg_namespace WHERE nspname = CURRENT_SCHEMA()))

2025/02/13 14:38:55 /home/bryan/repos/skripsi/backend/setup/setup.go:78
[1.943ms] [rows:1] SELECT count(*) FROM information_schema.tables WHERE table_schema = CURRENT_SCHEMA() AND table_name = 'user_vet_specialties' AND table_type = 'BASE TABLE'

2025/02/13 14:38:55 /home/bryan/repos/skripsi/backend/setup/setup.go:78
[0.928ms] [rows:1] SELECT CURRENT_DATABASE()

2025/02/13 14:38:55 /home/bryan/repos/skripsi/backend/setup/setup.go:78
[10.336ms] [rows:-] SELECT c.column_name, c.is_nullable = 'YES', c.udt_name, c.character_maximum_length, c.numeric_precision, c.numeric_precision_radix, c.numeric_scale, c.datetime_precision, 8 * typlen, c.column_default, pd.description, c.identity_increment FROM information_schema.columns AS c JOIN pg_type AS pgt ON c.udt_name = pgt.typname LEFT JOIN pg_catalog.pg_description as pd ON pd.objsubid = c.ordinal_position AND pd.objoid = (SELECT oid FROM pg_catalog.pg_class WHERE relname = c.table_name AND relnamespace = (SELECT oid FROM pg_catalog.pg_namespace WHERE nspname = c.table_schema)) where table_catalog = $1$ AND table_schema = CURRENT_SCHEMA() AND table_name = $2$

2025/02/13 14:38:55 /home/bryan/repos/skripsi/backend/setup/setup.go:78
[1.069ms] [rows:-] SELECT * FROM "user_vet_specialties" LIMIT $1$

2025/02/13 14:38:55 /home/bryan/repos/skripsi/backend/setup/setup.go:78
[14.822ms] [rows:-] SELECT constraint_name FROM information_schema.table_constraints tc JOIN information_schema.constraint_column_usage AS ccu USING (constraint_schema, constraint_catalog, table_name, constraint_name) JOIN information_schema.columns AS c ON c.table_schema = tc.constraint_schema AND tc.table_name = c.table_name AND ccu.column_name = c.column_name WHERE constraint_type IN ('PRIMARY KEY', 'UNIQUE') AND c.table_catalog = $1$ AND c.table_schema = CURRENT_SCHEMA() AND c.table_name = $2$ AND constraint_type = $3$

2025/02/13 14:38:55 /home/bryan/repos/skripsi/backend/setup/setup.go:78
[15.395ms] [rows:-] SELECT c.column_name, constraint_name, constraint_type FROM information_schema.table_constraints tc JOIN information_schema.constraint_column_usage AS ccu USING (constraint_schema, constraint_catalog, table_name, constraint_name) JOIN information_schema.columns AS c ON c.table_schema = tc.constraint_schema AND tc.table_name = c.table_name AND ccu.column_name = c.column_name WHERE constraint_type IN ('PRIMARY KEY', 'UNIQUE') AND c.table_catalog = $1$ AND c.table_schema = CURRENT_SCHEMA() AND c.table_name = $2$

2025/02/13 14:38:55 /home/bryan/repos/skripsi/backend/setup/setup.go:78
[1.668ms] [rows:-] SELECT a.attname as column_name, format_type(a.atttypid, a.atttypmod) AS data_type
		FROM pg_attribute a JOIN pg_class b ON a.attrelid = b.oid AND relnamespace = (SELECT oid FROM pg_catalog.pg_namespace WHERE nspname = CURRENT_SCHEMA())
		WHERE a.attnum > 0 -- hide internal columns
		AND NOT a.attisdropped -- hide deleted columns
		AND b.relname = $1$

2025/02/13 14:38:55 /home/bryan/repos/skripsi/backend/setup/setup.go:78
[1.627ms] [rows:0] SELECT description FROM pg_catalog.pg_description WHERE objsubid = (SELECT ordinal_position FROM information_schema.columns WHERE table_schema = CURRENT_SCHEMA() AND table_name = 'user_vet_specialties' AND column_name = 'user_id') AND objoid = (SELECT oid FROM pg_catalog.pg_class WHERE relname = 'user_vet_specialties' AND relnamespace = (SELECT oid FROM pg_catalog.pg_namespace WHERE nspname = CURRENT_SCHEMA()))

2025/02/13 14:38:55 /home/bryan/repos/skripsi/backend/setup/setup.go:78
[1.423ms] [rows:0] SELECT description FROM pg_catalog.pg_description WHERE objsubid = (SELECT ordinal_position FROM information_schema.columns WHERE table_schema = CURRENT_SCHEMA() AND table_name = 'user_vet_specialties' AND column_name = 'vet_specialty_id') AND objoid = (SELECT oid FROM pg_catalog.pg_class WHERE relname = 'user_vet_specialties' AND relnamespace = (SELECT oid FROM pg_catalog.pg_namespace WHERE nspname = CURRENT_SCHEMA()))

2025/02/13 14:38:55 /home/bryan/repos/skripsi/backend/setup/setup.go:78
[3.685ms] [rows:1] SELECT count(*) FROM INFORMATION_SCHEMA.table_constraints WHERE table_schema = CURRENT_SCHEMA() AND table_name = 'user_vet_specialties' AND constraint_name = 'fk_user_vet_specialties_user'

2025/02/13 14:38:55 /home/bryan/repos/skripsi/backend/setup/setup.go:78
[3.624ms] [rows:1] SELECT count(*) FROM INFORMATION_SCHEMA.table_constraints WHERE table_schema = CURRENT_SCHEMA() AND table_name = 'user_vet_specialties' AND constraint_name = 'fk_user_vet_specialties_vet_specialty'

2025/02/13 14:38:55 /home/bryan/repos/skripsi/backend/setup/setup.go:78
[2.756ms] [rows:1] SELECT count(*) FROM information_schema.tables WHERE table_schema = CURRENT_SCHEMA() AND table_name = 'daily_walks' AND table_type = 'BASE TABLE'

2025/02/13 14:38:55 /home/bryan/repos/skripsi/backend/setup/setup.go:78
[0.867ms] [rows:1] SELECT CURRENT_DATABASE()

2025/02/13 14:38:55 /home/bryan/repos/skripsi/backend/setup/setup.go:78
[11.110ms] [rows:-] SELECT c.column_name, c.is_nullable = 'YES', c.udt_name, c.character_maximum_length, c.numeric_precision, c.numeric_precision_radix, c.numeric_scale, c.datetime_precision, 8 * typlen, c.column_default, pd.description, c.identity_increment FROM information_schema.columns AS c JOIN pg_type AS pgt ON c.udt_name = pgt.typname LEFT JOIN pg_catalog.pg_description as pd ON pd.objsubid = c.ordinal_position AND pd.objoid = (SELECT oid FROM pg_catalog.pg_class WHERE relname = c.table_name AND relnamespace = (SELECT oid FROM pg_catalog.pg_namespace WHERE nspname = c.table_schema)) where table_catalog = $1$ AND table_schema = CURRENT_SCHEMA() AND table_name = $2$

2025/02/13 14:38:55 /home/bryan/repos/skripsi/backend/setup/setup.go:78
[0.931ms] [rows:-] SELECT * FROM "daily_walks" LIMIT $1$

2025/02/13 14:38:55 /home/bryan/repos/skripsi/backend/setup/setup.go:78
[15.813ms] [rows:-] SELECT constraint_name FROM information_schema.table_constraints tc JOIN information_schema.constraint_column_usage AS ccu USING (constraint_schema, constraint_catalog, table_name, constraint_name) JOIN information_schema.columns AS c ON c.table_schema = tc.constraint_schema AND tc.table_name = c.table_name AND ccu.column_name = c.column_name WHERE constraint_type IN ('PRIMARY KEY', 'UNIQUE') AND c.table_catalog = $1$ AND c.table_schema = CURRENT_SCHEMA() AND c.table_name = $2$ AND constraint_type = $3$

2025/02/13 14:38:55 /home/bryan/repos/skripsi/backend/setup/setup.go:78
[15.152ms] [rows:-] SELECT c.column_name, constraint_name, constraint_type FROM information_schema.table_constraints tc JOIN information_schema.constraint_column_usage AS ccu USING (constraint_schema, constraint_catalog, table_name, constraint_name) JOIN information_schema.columns AS c ON c.table_schema = tc.constraint_schema AND tc.table_name = c.table_name AND ccu.column_name = c.column_name WHERE constraint_type IN ('PRIMARY KEY', 'UNIQUE') AND c.table_catalog = $1$ AND c.table_schema = CURRENT_SCHEMA() AND c.table_name = $2$

2025/02/13 14:38:55 /home/bryan/repos/skripsi/backend/setup/setup.go:78
[1.620ms] [rows:-] SELECT a.attname as column_name, format_type(a.atttypid, a.atttypmod) AS data_type
		FROM pg_attribute a JOIN pg_class b ON a.attrelid = b.oid AND relnamespace = (SELECT oid FROM pg_catalog.pg_namespace WHERE nspname = CURRENT_SCHEMA())
		WHERE a.attnum > 0 -- hide internal columns
		AND NOT a.attisdropped -- hide deleted columns
		AND b.relname = $1$

2025/02/13 14:38:55 /home/bryan/repos/skripsi/backend/setup/setup.go:78
[1.449ms] [rows:0] SELECT description FROM pg_catalog.pg_description WHERE objsubid = (SELECT ordinal_position FROM information_schema.columns WHERE table_schema = CURRENT_SCHEMA() AND table_name = 'daily_walks' AND column_name = 'id') AND objoid = (SELECT oid FROM pg_catalog.pg_class WHERE relname = 'daily_walks' AND relnamespace = (SELECT oid FROM pg_catalog.pg_namespace WHERE nspname = CURRENT_SCHEMA()))

2025/02/13 14:38:55 /home/bryan/repos/skripsi/backend/setup/setup.go:78
[1.318ms] [rows:0] SELECT description FROM pg_catalog.pg_description WHERE objsubid = (SELECT ordinal_position FROM information_schema.columns WHERE table_schema = CURRENT_SCHEMA() AND table_name = 'daily_walks' AND column_name = 'name') AND objoid = (SELECT oid FROM pg_catalog.pg_class WHERE relname = 'daily_walks' AND relnamespace = (SELECT oid FROM pg_catalog.pg_namespace WHERE nspname = CURRENT_SCHEMA()))

2025/02/13 14:38:55 /home/bryan/repos/skripsi/backend/setup/setup.go:78
[2.011ms] [rows:1] SELECT count(*) FROM information_schema.tables WHERE table_schema = CURRENT_SCHEMA() AND table_name = 'daily_playtimes' AND table_type = 'BASE TABLE'

2025/02/13 14:38:55 /home/bryan/repos/skripsi/backend/setup/setup.go:78
[0.647ms] [rows:1] SELECT CURRENT_DATABASE()

2025/02/13 14:38:55 /home/bryan/repos/skripsi/backend/setup/setup.go:78
[10.830ms] [rows:-] SELECT c.column_name, c.is_nullable = 'YES', c.udt_name, c.character_maximum_length, c.numeric_precision, c.numeric_precision_radix, c.numeric_scale, c.datetime_precision, 8 * typlen, c.column_default, pd.description, c.identity_increment FROM information_schema.columns AS c JOIN pg_type AS pgt ON c.udt_name = pgt.typname LEFT JOIN pg_catalog.pg_description as pd ON pd.objsubid = c.ordinal_position AND pd.objoid = (SELECT oid FROM pg_catalog.pg_class WHERE relname = c.table_name AND relnamespace = (SELECT oid FROM pg_catalog.pg_namespace WHERE nspname = c.table_schema)) where table_catalog = $1$ AND table_schema = CURRENT_SCHEMA() AND table_name = $2$

2025/02/13 14:38:55 /home/bryan/repos/skripsi/backend/setup/setup.go:78
[0.904ms] [rows:-] SELECT * FROM "daily_playtimes" LIMIT $1$

2025/02/13 14:38:55 /home/bryan/repos/skripsi/backend/setup/setup.go:78
[15.386ms] [rows:-] SELECT constraint_name FROM information_schema.table_constraints tc JOIN information_schema.constraint_column_usage AS ccu USING (constraint_schema, constraint_catalog, table_name, constraint_name) JOIN information_schema.columns AS c ON c.table_schema = tc.constraint_schema AND tc.table_name = c.table_name AND ccu.column_name = c.column_name WHERE constraint_type IN ('PRIMARY KEY', 'UNIQUE') AND c.table_catalog = $1$ AND c.table_schema = CURRENT_SCHEMA() AND c.table_name = $2$ AND constraint_type = $3$

2025/02/13 14:38:55 /home/bryan/repos/skripsi/backend/setup/setup.go:78
[20.547ms] [rows:-] SELECT c.column_name, constraint_name, constraint_type FROM information_schema.table_constraints tc JOIN information_schema.constraint_column_usage AS ccu USING (constraint_schema, constraint_catalog, table_name, constraint_name) JOIN information_schema.columns AS c ON c.table_schema = tc.constraint_schema AND tc.table_name = c.table_name AND ccu.column_name = c.column_name WHERE constraint_type IN ('PRIMARY KEY', 'UNIQUE') AND c.table_catalog = $1$ AND c.table_schema = CURRENT_SCHEMA() AND c.table_name = $2$

2025/02/13 14:38:55 /home/bryan/repos/skripsi/backend/setup/setup.go:78
[1.822ms] [rows:-] SELECT a.attname as column_name, format_type(a.atttypid, a.atttypmod) AS data_type
		FROM pg_attribute a JOIN pg_class b ON a.attrelid = b.oid AND relnamespace = (SELECT oid FROM pg_catalog.pg_namespace WHERE nspname = CURRENT_SCHEMA())
		WHERE a.attnum > 0 -- hide internal columns
		AND NOT a.attisdropped -- hide deleted columns
		AND b.relname = $1$

2025/02/13 14:38:55 /home/bryan/repos/skripsi/backend/setup/setup.go:78
[1.804ms] [rows:0] SELECT description FROM pg_catalog.pg_description WHERE objsubid = (SELECT ordinal_position FROM information_schema.columns WHERE table_schema = CURRENT_SCHEMA() AND table_name = 'daily_playtimes' AND column_name = 'id') AND objoid = (SELECT oid FROM pg_catalog.pg_class WHERE relname = 'daily_playtimes' AND relnamespace = (SELECT oid FROM pg_catalog.pg_namespace WHERE nspname = CURRENT_SCHEMA()))

2025/02/13 14:38:55 /home/bryan/repos/skripsi/backend/setup/setup.go:78
[1.767ms] [rows:0] SELECT description FROM pg_catalog.pg_description WHERE objsubid = (SELECT ordinal_position FROM information_schema.columns WHERE table_schema = CURRENT_SCHEMA() AND table_name = 'daily_playtimes' AND column_name = 'name') AND objoid = (SELECT oid FROM pg_catalog.pg_class WHERE relname = 'daily_playtimes' AND relnamespace = (SELECT oid FROM pg_catalog.pg_namespace WHERE nspname = CURRENT_SCHEMA()))

2025/02/13 14:38:55 /home/bryan/repos/skripsi/backend/setup/setup.go:78
[1.391ms] [rows:1] SELECT count(*) FROM information_schema.tables WHERE table_schema = CURRENT_SCHEMA() AND table_name = 'pet_daycares' AND table_type = 'BASE TABLE'

2025/02/13 14:38:55 /home/bryan/repos/skripsi/backend/setup/setup.go:78
[0.829ms] [rows:1] SELECT CURRENT_DATABASE()

2025/02/13 14:38:55 /home/bryan/repos/skripsi/backend/setup/setup.go:78
[4.490ms] [rows:-] SELECT c.column_name, c.is_nullable = 'YES', c.udt_name, c.character_maximum_length, c.numeric_precision, c.numeric_precision_radix, c.numeric_scale, c.datetime_precision, 8 * typlen, c.column_default, pd.description, c.identity_increment FROM information_schema.columns AS c JOIN pg_type AS pgt ON c.udt_name = pgt.typname LEFT JOIN pg_catalog.pg_description as pd ON pd.objsubid = c.ordinal_position AND pd.objoid = (SELECT oid FROM pg_catalog.pg_class WHERE relname = c.table_name AND relnamespace = (SELECT oid FROM pg_catalog.pg_namespace WHERE nspname = c.table_schema)) where table_catalog = $1$ AND table_schema = CURRENT_SCHEMA() AND table_name = $2$

2025/02/13 14:38:55 /home/bryan/repos/skripsi/backend/setup/setup.go:78
[0.965ms] [rows:-] SELECT * FROM "pet_daycares" LIMIT $1$

2025/02/13 14:38:55 /home/bryan/repos/skripsi/backend/setup/setup.go:78
[6.206ms] [rows:-] SELECT constraint_name FROM information_schema.table_constraints tc JOIN information_schema.constraint_column_usage AS ccu USING (constraint_schema, constraint_catalog, table_name, constraint_name) JOIN information_schema.columns AS c ON c.table_schema = tc.constraint_schema AND tc.table_name = c.table_name AND ccu.column_name = c.column_name WHERE constraint_type IN ('PRIMARY KEY', 'UNIQUE') AND c.table_catalog = $1$ AND c.table_schema = CURRENT_SCHEMA() AND c.table_name = $2$ AND constraint_type = $3$

2025/02/13 14:38:55 /home/bryan/repos/skripsi/backend/setup/setup.go:78
[5.853ms] [rows:-] SELECT c.column_name, constraint_name, constraint_type FROM information_schema.table_constraints tc JOIN information_schema.constraint_column_usage AS ccu USING (constraint_schema, constraint_catalog, table_name, constraint_name) JOIN information_schema.columns AS c ON c.table_schema = tc.constraint_schema AND tc.table_name = c.table_name AND ccu.column_name = c.column_name WHERE constraint_type IN ('PRIMARY KEY', 'UNIQUE') AND c.table_catalog = $1$ AND c.table_schema = CURRENT_SCHEMA() AND c.table_name = $2$

2025/02/13 14:38:55 /home/bryan/repos/skripsi/backend/setup/setup.go:78
[0.956ms] [rows:-] SELECT a.attname as column_name, format_type(a.atttypid, a.atttypmod) AS data_type
		FROM pg_attribute a JOIN pg_class b ON a.attrelid = b.oid AND relnamespace = (SELECT oid FROM pg_catalog.pg_namespace WHERE nspname = CURRENT_SCHEMA())
		WHERE a.attnum > 0 -- hide internal columns
		AND NOT a.attisdropped -- hide deleted columns
		AND b.relname = $1$

2025/02/13 14:38:55 /home/bryan/repos/skripsi/backend/setup/setup.go:78
[1.225ms] [rows:0] SELECT description FROM pg_catalog.pg_description WHERE objsubid = (SELECT ordinal_position FROM information_schema.columns WHERE table_schema = CURRENT_SCHEMA() AND table_name = 'pet_daycares' AND column_name = 'id') AND objoid = (SELECT oid FROM pg_catalog.pg_class WHERE relname = 'pet_daycares' AND relnamespace = (SELECT oid FROM pg_catalog.pg_namespace WHERE nspname = CURRENT_SCHEMA()))

2025/02/13 14:38:55 /home/bryan/repos/skripsi/backend/setup/setup.go:78
[1.273ms] [rows:0] SELECT description FROM pg_catalog.pg_description WHERE objsubid = (SELECT ordinal_position FROM information_schema.columns WHERE table_schema = CURRENT_SCHEMA() AND table_name = 'pet_daycares' AND column_name = 'created_at') AND objoid = (SELECT oid FROM pg_catalog.pg_class WHERE relname = 'pet_daycares' AND relnamespace = (SELECT oid FROM pg_catalog.pg_namespace WHERE nspname = CURRENT_SCHEMA()))

2025/02/13 14:38:55 /home/bryan/repos/skripsi/backend/setup/setup.go:78
[1.914ms] [rows:0] SELECT description FROM pg_catalog.pg_description WHERE objsubid = (SELECT ordinal_position FROM information_schema.columns WHERE table_schema = CURRENT_SCHEMA() AND table_name = 'pet_daycares' AND column_name = 'updated_at') AND objoid = (SELECT oid FROM pg_catalog.pg_class WHERE relname = 'pet_daycares' AND relnamespace = (SELECT oid FROM pg_catalog.pg_namespace WHERE nspname = CURRENT_SCHEMA()))

2025/02/13 14:38:55 /home/bryan/repos/skripsi/backend/setup/setup.go:78
[2.133ms] [rows:0] SELECT description FROM pg_catalog.pg_description WHERE objsubid = (SELECT ordinal_position FROM information_schema.columns WHERE table_schema = CURRENT_SCHEMA() AND table_name = 'pet_daycares' AND column_name = 'deleted_at') AND objoid = (SELECT oid FROM pg_catalog.pg_class WHERE relname = 'pet_daycares' AND relnamespace = (SELECT oid FROM pg_catalog.pg_namespace WHERE nspname = CURRENT_SCHEMA()))

2025/02/13 14:38:55 /home/bryan/repos/skripsi/backend/setup/setup.go:78
[1.322ms] [rows:0] SELECT description FROM pg_catalog.pg_description WHERE objsubid = (SELECT ordinal_position FROM information_schema.columns WHERE table_schema = CURRENT_SCHEMA() AND table_name = 'pet_daycares' AND column_name = 'name') AND objoid = (SELECT oid FROM pg_catalog.pg_class WHERE relname = 'pet_daycares' AND relnamespace = (SELECT oid FROM pg_catalog.pg_namespace WHERE nspname = CURRENT_SCHEMA()))

2025/02/13 14:38:55 /home/bryan/repos/skripsi/backend/setup/setup.go:78
[1.211ms] [rows:0] SELECT description FROM pg_catalog.pg_description WHERE objsubid = (SELECT ordinal_position FROM information_schema.columns WHERE table_schema = CURRENT_SCHEMA() AND table_name = 'pet_daycares' AND column_name = 'address') AND objoid = (SELECT oid FROM pg_catalog.pg_class WHERE relname = 'pet_daycares' AND relnamespace = (SELECT oid FROM pg_catalog.pg_namespace WHERE nspname = CURRENT_SCHEMA()))

2025/02/13 14:38:55 /home/bryan/repos/skripsi/backend/setup/setup.go:78
[1.322ms] [rows:0] SELECT description FROM pg_catalog.pg_description WHERE objsubid = (SELECT ordinal_position FROM information_schema.columns WHERE table_schema = CURRENT_SCHEMA() AND table_name = 'pet_daycares' AND column_name = 'latitude') AND objoid = (SELECT oid FROM pg_catalog.pg_class WHERE relname = 'pet_daycares' AND relnamespace = (SELECT oid FROM pg_catalog.pg_namespace WHERE nspname = CURRENT_SCHEMA()))

2025/02/13 14:38:55 /home/bryan/repos/skripsi/backend/setup/setup.go:78
[1.501ms] [rows:0] SELECT description FROM pg_catalog.pg_description WHERE objsubid = (SELECT ordinal_position FROM information_schema.columns WHERE table_schema = CURRENT_SCHEMA() AND table_name = 'pet_daycares' AND column_name = 'longitude') AND objoid = (SELECT oid FROM pg_catalog.pg_class WHERE relname = 'pet_daycares' AND relnamespace = (SELECT oid FROM pg_catalog.pg_namespace WHERE nspname = CURRENT_SCHEMA()))

2025/02/13 14:38:55 /home/bryan/repos/skripsi/backend/setup/setup.go:78
[1.388ms] [rows:0] SELECT description FROM pg_catalog.pg_description WHERE objsubid = (SELECT ordinal_position FROM information_schema.columns WHERE table_schema = CURRENT_SCHEMA() AND table_name = 'pet_daycares' AND column_name = 'price') AND objoid = (SELECT oid FROM pg_catalog.pg_class WHERE relname = 'pet_daycares' AND relnamespace = (SELECT oid FROM pg_catalog.pg_namespace WHERE nspname = CURRENT_SCHEMA()))

2025/02/13 14:38:55 /home/bryan/repos/skripsi/backend/setup/setup.go:78
[1.780ms] [rows:0] SELECT description FROM pg_catalog.pg_description WHERE objsubid = (SELECT ordinal_position FROM information_schema.columns WHERE table_schema = CURRENT_SCHEMA() AND table_name = 'pet_daycares' AND column_name = 'pricing_type') AND objoid = (SELECT oid FROM pg_catalog.pg_class WHERE relname = 'pet_daycares' AND relnamespace = (SELECT oid FROM pg_catalog.pg_namespace WHERE nspname = CURRENT_SCHEMA()))

2025/02/13 14:38:55 /home/bryan/repos/skripsi/backend/setup/setup.go:78
[1.847ms] [rows:0] SELECT description FROM pg_catalog.pg_description WHERE objsubid = (SELECT ordinal_position FROM information_schema.columns WHERE table_schema = CURRENT_SCHEMA() AND table_name = 'pet_daycares' AND column_name = 'description') AND objoid = (SELECT oid FROM pg_catalog.pg_class WHERE relname = 'pet_daycares' AND relnamespace = (SELECT oid FROM pg_catalog.pg_namespace WHERE nspname = CURRENT_SCHEMA()))

2025/02/13 14:38:55 /home/bryan/repos/skripsi/backend/setup/setup.go:78
[1.524ms] [rows:0] SELECT description FROM pg_catalog.pg_description WHERE objsubid = (SELECT ordinal_position FROM information_schema.columns WHERE table_schema = CURRENT_SCHEMA() AND table_name = 'pet_daycares' AND column_name = 'has_pickup_service') AND objoid = (SELECT oid FROM pg_catalog.pg_class WHERE relname = 'pet_daycares' AND relnamespace = (SELECT oid FROM pg_catalog.pg_namespace WHERE nspname = CURRENT_SCHEMA()))

2025/02/13 14:38:55 /home/bryan/repos/skripsi/backend/setup/setup.go:78
[1.615ms] [rows:0] SELECT description FROM pg_catalog.pg_description WHERE objsubid = (SELECT ordinal_position FROM information_schema.columns WHERE table_schema = CURRENT_SCHEMA() AND table_name = 'pet_daycares' AND column_name = 'must_be_vaccinated') AND objoid = (SELECT oid FROM pg_catalog.pg_class WHERE relname = 'pet_daycares' AND relnamespace = (SELECT oid FROM pg_catalog.pg_namespace WHERE nspname = CURRENT_SCHEMA()))

2025/02/13 14:38:55 /home/bryan/repos/skripsi/backend/setup/setup.go:78
[1.501ms] [rows:0] SELECT description FROM pg_catalog.pg_description WHERE objsubid = (SELECT ordinal_position FROM information_schema.columns WHERE table_schema = CURRENT_SCHEMA() AND table_name = 'pet_daycares' AND column_name = 'food_provided') AND objoid = (SELECT oid FROM pg_catalog.pg_class WHERE relname = 'pet_daycares' AND relnamespace = (SELECT oid FROM pg_catalog.pg_namespace WHERE nspname = CURRENT_SCHEMA()))

2025/02/13 14:38:55 /home/bryan/repos/skripsi/backend/setup/setup.go:78
[1.370ms] [rows:0] SELECT description FROM pg_catalog.pg_description WHERE objsubid = (SELECT ordinal_position FROM information_schema.columns WHERE table_schema = CURRENT_SCHEMA() AND table_name = 'pet_daycares' AND column_name = 'grooming_available') AND objoid = (SELECT oid FROM pg_catalog.pg_class WHERE relname = 'pet_daycares' AND relnamespace = (SELECT oid FROM pg_catalog.pg_namespace WHERE nspname = CURRENT_SCHEMA()))

2025/02/13 14:38:55 /home/bryan/repos/skripsi/backend/setup/setup.go:78
[1.342ms] [rows:0] SELECT description FROM pg_catalog.pg_description WHERE objsubid = (SELECT ordinal_position FROM information_schema.columns WHERE table_schema = CURRENT_SCHEMA() AND table_name = 'pet_daycares' AND column_name = 'booked_num') AND objoid = (SELECT oid FROM pg_catalog.pg_class WHERE relname = 'pet_daycares' AND relnamespace = (SELECT oid FROM pg_catalog.pg_namespace WHERE nspname = CURRENT_SCHEMA()))

2025/02/13 14:38:55 /home/bryan/repos/skripsi/backend/setup/setup.go:78
[1.406ms] [rows:0] SELECT description FROM pg_catalog.pg_description WHERE objsubid = (SELECT ordinal_position FROM information_schema.columns WHERE table_schema = CURRENT_SCHEMA() AND table_name = 'pet_daycares' AND column_name = 'daily_walks_id') AND objoid = (SELECT oid FROM pg_catalog.pg_class WHERE relname = 'pet_daycares' AND relnamespace = (SELECT oid FROM pg_catalog.pg_namespace WHERE nspname = CURRENT_SCHEMA()))

2025/02/13 14:38:55 /home/bryan/repos/skripsi/backend/setup/setup.go:78
[1.433ms] [rows:0] SELECT description FROM pg_catalog.pg_description WHERE objsubid = (SELECT ordinal_position FROM information_schema.columns WHERE table_schema = CURRENT_SCHEMA() AND table_name = 'pet_daycares' AND column_name = 'daily_playtime_id') AND objoid = (SELECT oid FROM pg_catalog.pg_class WHERE relname = 'pet_daycares' AND relnamespace = (SELECT oid FROM pg_catalog.pg_namespace WHERE nspname = CURRENT_SCHEMA()))

2025/02/13 14:38:55 /home/bryan/repos/skripsi/backend/setup/setup.go:78
[1.334ms] [rows:0] SELECT description FROM pg_catalog.pg_description WHERE objsubid = (SELECT ordinal_position FROM information_schema.columns WHERE table_schema = CURRENT_SCHEMA() AND table_name = 'pet_daycares' AND column_name = 'owner_id') AND objoid = (SELECT oid FROM pg_catalog.pg_class WHERE relname = 'pet_daycares' AND relnamespace = (SELECT oid FROM pg_catalog.pg_namespace WHERE nspname = CURRENT_SCHEMA()))

2025/02/13 14:38:55 /home/bryan/repos/skripsi/backend/setup/setup.go:78
[1.394ms] [rows:0] SELECT description FROM pg_catalog.pg_description WHERE objsubid = (SELECT ordinal_position FROM information_schema.columns WHERE table_schema = CURRENT_SCHEMA() AND table_name = 'pet_daycares' AND column_name = 'food_brand') AND objoid = (SELECT oid FROM pg_catalog.pg_class WHERE relname = 'pet_daycares' AND relnamespace = (SELECT oid FROM pg_catalog.pg_namespace WHERE nspname = CURRENT_SCHEMA()))

2025/02/13 14:38:55 /home/bryan/repos/skripsi/backend/setup/setup.go:78
[3.624ms] [rows:1] SELECT count(*) FROM INFORMATION_SCHEMA.table_constraints WHERE table_schema = CURRENT_SCHEMA() AND table_name = 'pet_daycares' AND constraint_name = 'fk_users_pet_daycare'

2025/02/13 14:38:55 /home/bryan/repos/skripsi/backend/setup/setup.go:78
[3.902ms] [rows:1] SELECT count(*) FROM INFORMATION_SCHEMA.table_constraints WHERE table_schema = CURRENT_SCHEMA() AND table_name = 'pet_daycares' AND constraint_name = 'fk_pet_daycares_daily_walks'

2025/02/13 14:38:55 /home/bryan/repos/skripsi/backend/setup/setup.go:78
[3.869ms] [rows:1] SELECT count(*) FROM INFORMATION_SCHEMA.table_constraints WHERE table_schema = CURRENT_SCHEMA() AND table_name = 'pet_daycares' AND constraint_name = 'fk_pet_daycares_daily_playtime'

2025/02/13 14:38:55 /home/bryan/repos/skripsi/backend/setup/setup.go:78
[2.534ms] [rows:1] SELECT count(*) FROM pg_indexes WHERE tablename = 'pet_daycares' AND indexname = 'idx_pet_daycares_deleted_at' AND schemaname = CURRENT_SCHEMA()

2025/02/13 14:38:55 /home/bryan/repos/skripsi/backend/setup/setup.go:78
[0.957ms] [rows:1] SELECT count(*) FROM information_schema.tables WHERE table_schema = CURRENT_SCHEMA() AND table_name = 'size_categories' AND table_type = 'BASE TABLE'

2025/02/13 14:38:55 /home/bryan/repos/skripsi/backend/setup/setup.go:78
[0.712ms] [rows:1] SELECT CURRENT_DATABASE()

2025/02/13 14:38:55 /home/bryan/repos/skripsi/backend/setup/setup.go:78
[2.690ms] [rows:-] SELECT c.column_name, c.is_nullable = 'YES', c.udt_name, c.character_maximum_length, c.numeric_precision, c.numeric_precision_radix, c.numeric_scale, c.datetime_precision, 8 * typlen, c.column_default, pd.description, c.identity_increment FROM information_schema.columns AS c JOIN pg_type AS pgt ON c.udt_name = pgt.typname LEFT JOIN pg_catalog.pg_description as pd ON pd.objsubid = c.ordinal_position AND pd.objoid = (SELECT oid FROM pg_catalog.pg_class WHERE relname = c.table_name AND relnamespace = (SELECT oid FROM pg_catalog.pg_namespace WHERE nspname = c.table_schema)) where table_catalog = $1$ AND table_schema = CURRENT_SCHEMA() AND table_name = $2$

2025/02/13 14:38:55 /home/bryan/repos/skripsi/backend/setup/setup.go:78
[0.877ms] [rows:-] SELECT * FROM "size_categories" LIMIT $1$

2025/02/13 14:38:56 /home/bryan/repos/skripsi/backend/setup/setup.go:78
[2.388ms] [rows:-] SELECT constraint_name FROM information_schema.table_constraints tc JOIN information_schema.constraint_column_usage AS ccu USING (constraint_schema, constraint_catalog, table_name, constraint_name) JOIN information_schema.columns AS c ON c.table_schema = tc.constraint_schema AND tc.table_name = c.table_name AND ccu.column_name = c.column_name WHERE constraint_type IN ('PRIMARY KEY', 'UNIQUE') AND c.table_catalog = $1$ AND c.table_schema = CURRENT_SCHEMA() AND c.table_name = $2$ AND constraint_type = $3$

2025/02/13 14:38:56 /home/bryan/repos/skripsi/backend/setup/setup.go:78
[2.944ms] [rows:-] SELECT c.column_name, constraint_name, constraint_type FROM information_schema.table_constraints tc JOIN information_schema.constraint_column_usage AS ccu USING (constraint_schema, constraint_catalog, table_name, constraint_name) JOIN information_schema.columns AS c ON c.table_schema = tc.constraint_schema AND tc.table_name = c.table_name AND ccu.column_name = c.column_name WHERE constraint_type IN ('PRIMARY KEY', 'UNIQUE') AND c.table_catalog = $1$ AND c.table_schema = CURRENT_SCHEMA() AND c.table_name = $2$

2025/02/13 14:38:56 /home/bryan/repos/skripsi/backend/setup/setup.go:78
[0.949ms] [rows:-] SELECT a.attname as column_name, format_type(a.atttypid, a.atttypmod) AS data_type
		FROM pg_attribute a JOIN pg_class b ON a.attrelid = b.oid AND relnamespace = (SELECT oid FROM pg_catalog.pg_namespace WHERE nspname = CURRENT_SCHEMA())
		WHERE a.attnum > 0 -- hide internal columns
		AND NOT a.attisdropped -- hide deleted columns
		AND b.relname = $1$

2025/02/13 14:38:56 /home/bryan/repos/skripsi/backend/setup/setup.go:78
[1.452ms] [rows:0] SELECT description FROM pg_catalog.pg_description WHERE objsubid = (SELECT ordinal_position FROM information_schema.columns WHERE table_schema = CURRENT_SCHEMA() AND table_name = 'size_categories' AND column_name = 'id') AND objoid = (SELECT oid FROM pg_catalog.pg_class WHERE relname = 'size_categories' AND relnamespace = (SELECT oid FROM pg_catalog.pg_namespace WHERE nspname = CURRENT_SCHEMA()))

2025/02/13 14:38:56 /home/bryan/repos/skripsi/backend/setup/setup.go:78
[1.511ms] [rows:0] SELECT description FROM pg_catalog.pg_description WHERE objsubid = (SELECT ordinal_position FROM information_schema.columns WHERE table_schema = CURRENT_SCHEMA() AND table_name = 'size_categories' AND column_name = 'name') AND objoid = (SELECT oid FROM pg_catalog.pg_class WHERE relname = 'size_categories' AND relnamespace = (SELECT oid FROM pg_catalog.pg_namespace WHERE nspname = CURRENT_SCHEMA()))

2025/02/13 14:38:56 /home/bryan/repos/skripsi/backend/setup/setup.go:78
[1.631ms] [rows:0] SELECT description FROM pg_catalog.pg_description WHERE objsubid = (SELECT ordinal_position FROM information_schema.columns WHERE table_schema = CURRENT_SCHEMA() AND table_name = 'size_categories' AND column_name = 'min_weight') AND objoid = (SELECT oid FROM pg_catalog.pg_class WHERE relname = 'size_categories' AND relnamespace = (SELECT oid FROM pg_catalog.pg_namespace WHERE nspname = CURRENT_SCHEMA()))

2025/02/13 14:38:56 /home/bryan/repos/skripsi/backend/setup/setup.go:78
[1.453ms] [rows:0] SELECT description FROM pg_catalog.pg_description WHERE objsubid = (SELECT ordinal_position FROM information_schema.columns WHERE table_schema = CURRENT_SCHEMA() AND table_name = 'size_categories' AND column_name = 'max_weight') AND objoid = (SELECT oid FROM pg_catalog.pg_class WHERE relname = 'size_categories' AND relnamespace = (SELECT oid FROM pg_catalog.pg_namespace WHERE nspname = CURRENT_SCHEMA()))

2025/02/13 14:38:56 /home/bryan/repos/skripsi/backend/setup/setup.go:78
[1.091ms] [rows:1] SELECT count(*) FROM information_schema.tables WHERE table_schema = CURRENT_SCHEMA() AND table_name = 'species' AND table_type = 'BASE TABLE'

2025/02/13 14:38:56 /home/bryan/repos/skripsi/backend/setup/setup.go:78
[0.690ms] [rows:1] SELECT CURRENT_DATABASE()

2025/02/13 14:38:56 /home/bryan/repos/skripsi/backend/setup/setup.go:78
[2.908ms] [rows:-] SELECT c.column_name, c.is_nullable = 'YES', c.udt_name, c.character_maximum_length, c.numeric_precision, c.numeric_precision_radix, c.numeric_scale, c.datetime_precision, 8 * typlen, c.column_default, pd.description, c.identity_increment FROM information_schema.columns AS c JOIN pg_type AS pgt ON c.udt_name = pgt.typname LEFT JOIN pg_catalog.pg_description as pd ON pd.objsubid = c.ordinal_position AND pd.objoid = (SELECT oid FROM pg_catalog.pg_class WHERE relname = c.table_name AND relnamespace = (SELECT oid FROM pg_catalog.pg_namespace WHERE nspname = c.table_schema)) where table_catalog = $1$ AND table_schema = CURRENT_SCHEMA() AND table_name = $2$

2025/02/13 14:38:56 /home/bryan/repos/skripsi/backend/setup/setup.go:78
[0.972ms] [rows:-] SELECT * FROM "species" LIMIT $1$

2025/02/13 14:38:56 /home/bryan/repos/skripsi/backend/setup/setup.go:78
[2.742ms] [rows:-] SELECT constraint_name FROM information_schema.table_constraints tc JOIN information_schema.constraint_column_usage AS ccu USING (constraint_schema, constraint_catalog, table_name, constraint_name) JOIN information_schema.columns AS c ON c.table_schema = tc.constraint_schema AND tc.table_name = c.table_name AND ccu.column_name = c.column_name WHERE constraint_type IN ('PRIMARY KEY', 'UNIQUE') AND c.table_catalog = $1$ AND c.table_schema = CURRENT_SCHEMA() AND c.table_name = $2$ AND constraint_type = $3$

2025/02/13 14:38:56 /home/bryan/repos/skripsi/backend/setup/setup.go:78
[2.908ms] [rows:-] SELECT c.column_name, constraint_name, constraint_type FROM information_schema.table_constraints tc JOIN information_schema.constraint_column_usage AS ccu USING (constraint_schema, constraint_catalog, table_name, constraint_name) JOIN information_schema.columns AS c ON c.table_schema = tc.constraint_schema AND tc.table_name = c.table_name AND ccu.column_name = c.column_name WHERE constraint_type IN ('PRIMARY KEY', 'UNIQUE') AND c.table_catalog = $1$ AND c.table_schema = CURRENT_SCHEMA() AND c.table_name = $2$

2025/02/13 14:38:56 /home/bryan/repos/skripsi/backend/setup/setup.go:78
[1.367ms] [rows:-] SELECT a.attname as column_name, format_type(a.atttypid, a.atttypmod) AS data_type
		FROM pg_attribute a JOIN pg_class b ON a.attrelid = b.oid AND relnamespace = (SELECT oid FROM pg_catalog.pg_namespace WHERE nspname = CURRENT_SCHEMA())
		WHERE a.attnum > 0 -- hide internal columns
		AND NOT a.attisdropped -- hide deleted columns
		AND b.relname = $1$

2025/02/13 14:38:56 /home/bryan/repos/skripsi/backend/setup/setup.go:78
[1.692ms] [rows:0] SELECT description FROM pg_catalog.pg_description WHERE objsubid = (SELECT ordinal_position FROM information_schema.columns WHERE table_schema = CURRENT_SCHEMA() AND table_name = 'species' AND column_name = 'id') AND objoid = (SELECT oid FROM pg_catalog.pg_class WHERE relname = 'species' AND relnamespace = (SELECT oid FROM pg_catalog.pg_namespace WHERE nspname = CURRENT_SCHEMA()))

2025/02/13 14:38:56 /home/bryan/repos/skripsi/backend/setup/setup.go:78
[1.691ms] [rows:0] SELECT description FROM pg_catalog.pg_description WHERE objsubid = (SELECT ordinal_position FROM information_schema.columns WHERE table_schema = CURRENT_SCHEMA() AND table_name = 'species' AND column_name = 'name') AND objoid = (SELECT oid FROM pg_catalog.pg_class WHERE relname = 'species' AND relnamespace = (SELECT oid FROM pg_catalog.pg_namespace WHERE nspname = CURRENT_SCHEMA()))

2025/02/13 14:38:56 /home/bryan/repos/skripsi/backend/setup/setup.go:78
[1.153ms] [rows:1] SELECT count(*) FROM information_schema.tables WHERE table_schema = CURRENT_SCHEMA() AND table_name = 'pets' AND table_type = 'BASE TABLE'

2025/02/13 14:38:56 /home/bryan/repos/skripsi/backend/setup/setup.go:78
[0.747ms] [rows:1] SELECT CURRENT_DATABASE()

2025/02/13 14:38:56 /home/bryan/repos/skripsi/backend/setup/setup.go:78
[3.765ms] [rows:-] SELECT c.column_name, c.is_nullable = 'YES', c.udt_name, c.character_maximum_length, c.numeric_precision, c.numeric_precision_radix, c.numeric_scale, c.datetime_precision, 8 * typlen, c.column_default, pd.description, c.identity_increment FROM information_schema.columns AS c JOIN pg_type AS pgt ON c.udt_name = pgt.typname LEFT JOIN pg_catalog.pg_description as pd ON pd.objsubid = c.ordinal_position AND pd.objoid = (SELECT oid FROM pg_catalog.pg_class WHERE relname = c.table_name AND relnamespace = (SELECT oid FROM pg_catalog.pg_namespace WHERE nspname = c.table_schema)) where table_catalog = $1$ AND table_schema = CURRENT_SCHEMA() AND table_name = $2$

2025/02/13 14:38:56 /home/bryan/repos/skripsi/backend/setup/setup.go:78
[1.630ms] [rows:-] SELECT * FROM "pets" LIMIT $1$

2025/02/13 14:38:56 /home/bryan/repos/skripsi/backend/setup/setup.go:78
[4.004ms] [rows:-] SELECT constraint_name FROM information_schema.table_constraints tc JOIN information_schema.constraint_column_usage AS ccu USING (constraint_schema, constraint_catalog, table_name, constraint_name) JOIN information_schema.columns AS c ON c.table_schema = tc.constraint_schema AND tc.table_name = c.table_name AND ccu.column_name = c.column_name WHERE constraint_type IN ('PRIMARY KEY', 'UNIQUE') AND c.table_catalog = $1$ AND c.table_schema = CURRENT_SCHEMA() AND c.table_name = $2$ AND constraint_type = $3$

2025/02/13 14:38:56 /home/bryan/repos/skripsi/backend/setup/setup.go:78
[3.719ms] [rows:-] SELECT c.column_name, constraint_name, constraint_type FROM information_schema.table_constraints tc JOIN information_schema.constraint_column_usage AS ccu USING (constraint_schema, constraint_catalog, table_name, constraint_name) JOIN information_schema.columns AS c ON c.table_schema = tc.constraint_schema AND tc.table_name = c.table_name AND ccu.column_name = c.column_name WHERE constraint_type IN ('PRIMARY KEY', 'UNIQUE') AND c.table_catalog = $1$ AND c.table_schema = CURRENT_SCHEMA() AND c.table_name = $2$

2025/02/13 14:38:56 /home/bryan/repos/skripsi/backend/setup/setup.go:78
[1.012ms] [rows:-] SELECT a.attname as column_name, format_type(a.atttypid, a.atttypmod) AS data_type
		FROM pg_attribute a JOIN pg_class b ON a.attrelid = b.oid AND relnamespace = (SELECT oid FROM pg_catalog.pg_namespace WHERE nspname = CURRENT_SCHEMA())
		WHERE a.attnum > 0 -- hide internal columns
		AND NOT a.attisdropped -- hide deleted columns
		AND b.relname = $1$

2025/02/13 14:38:56 /home/bryan/repos/skripsi/backend/setup/setup.go:78
[1.585ms] [rows:0] SELECT description FROM pg_catalog.pg_description WHERE objsubid = (SELECT ordinal_position FROM information_schema.columns WHERE table_schema = CURRENT_SCHEMA() AND table_name = 'pets' AND column_name = 'id') AND objoid = (SELECT oid FROM pg_catalog.pg_class WHERE relname = 'pets' AND relnamespace = (SELECT oid FROM pg_catalog.pg_namespace WHERE nspname = CURRENT_SCHEMA()))

2025/02/13 14:38:56 /home/bryan/repos/skripsi/backend/setup/setup.go:78
[1.575ms] [rows:0] SELECT description FROM pg_catalog.pg_description WHERE objsubid = (SELECT ordinal_position FROM information_schema.columns WHERE table_schema = CURRENT_SCHEMA() AND table_name = 'pets' AND column_name = 'created_at') AND objoid = (SELECT oid FROM pg_catalog.pg_class WHERE relname = 'pets' AND relnamespace = (SELECT oid FROM pg_catalog.pg_namespace WHERE nspname = CURRENT_SCHEMA()))

2025/02/13 14:38:56 /home/bryan/repos/skripsi/backend/setup/setup.go:78
[1.426ms] [rows:0] SELECT description FROM pg_catalog.pg_description WHERE objsubid = (SELECT ordinal_position FROM information_schema.columns WHERE table_schema = CURRENT_SCHEMA() AND table_name = 'pets' AND column_name = 'updated_at') AND objoid = (SELECT oid FROM pg_catalog.pg_class WHERE relname = 'pets' AND relnamespace = (SELECT oid FROM pg_catalog.pg_namespace WHERE nspname = CURRENT_SCHEMA()))

2025/02/13 14:38:56 /home/bryan/repos/skripsi/backend/setup/setup.go:78
[1.809ms] [rows:0] SELECT description FROM pg_catalog.pg_description WHERE objsubid = (SELECT ordinal_position FROM information_schema.columns WHERE table_schema = CURRENT_SCHEMA() AND table_name = 'pets' AND column_name = 'deleted_at') AND objoid = (SELECT oid FROM pg_catalog.pg_class WHERE relname = 'pets' AND relnamespace = (SELECT oid FROM pg_catalog.pg_namespace WHERE nspname = CURRENT_SCHEMA()))

2025/02/13 14:38:56 /home/bryan/repos/skripsi/backend/setup/setup.go:78
[1.563ms] [rows:0] SELECT description FROM pg_catalog.pg_description WHERE objsubid = (SELECT ordinal_position FROM information_schema.columns WHERE table_schema = CURRENT_SCHEMA() AND table_name = 'pets' AND column_name = 'name') AND objoid = (SELECT oid FROM pg_catalog.pg_class WHERE relname = 'pets' AND relnamespace = (SELECT oid FROM pg_catalog.pg_namespace WHERE nspname = CURRENT_SCHEMA()))

2025/02/13 14:38:56 /home/bryan/repos/skripsi/backend/setup/setup.go:78
[1.475ms] [rows:0] SELECT description FROM pg_catalog.pg_description WHERE objsubid = (SELECT ordinal_position FROM information_schema.columns WHERE table_schema = CURRENT_SCHEMA() AND table_name = 'pets' AND column_name = 'image_url') AND objoid = (SELECT oid FROM pg_catalog.pg_class WHERE relname = 'pets' AND relnamespace = (SELECT oid FROM pg_catalog.pg_namespace WHERE nspname = CURRENT_SCHEMA()))

2025/02/13 14:38:56 /home/bryan/repos/skripsi/backend/setup/setup.go:78
[1.447ms] [rows:0] SELECT description FROM pg_catalog.pg_description WHERE objsubid = (SELECT ordinal_position FROM information_schema.columns WHERE table_schema = CURRENT_SCHEMA() AND table_name = 'pets' AND column_name = 'status') AND objoid = (SELECT oid FROM pg_catalog.pg_class WHERE relname = 'pets' AND relnamespace = (SELECT oid FROM pg_catalog.pg_namespace WHERE nspname = CURRENT_SCHEMA()))

2025/02/13 14:38:56 /home/bryan/repos/skripsi/backend/setup/setup.go:78
[1.575ms] [rows:0] SELECT description FROM pg_catalog.pg_description WHERE objsubid = (SELECT ordinal_position FROM information_schema.columns WHERE table_schema = CURRENT_SCHEMA() AND table_name = 'pets' AND column_name = 'owner_id') AND objoid = (SELECT oid FROM pg_catalog.pg_class WHERE relname = 'pets' AND relnamespace = (SELECT oid FROM pg_catalog.pg_namespace WHERE nspname = CURRENT_SCHEMA()))

2025/02/13 14:38:56 /home/bryan/repos/skripsi/backend/setup/setup.go:78
[1.513ms] [rows:0] SELECT description FROM pg_catalog.pg_description WHERE objsubid = (SELECT ordinal_position FROM information_schema.columns WHERE table_schema = CURRENT_SCHEMA() AND table_name = 'pets' AND column_name = 'species_id') AND objoid = (SELECT oid FROM pg_catalog.pg_class WHERE relname = 'pets' AND relnamespace = (SELECT oid FROM pg_catalog.pg_namespace WHERE nspname = CURRENT_SCHEMA()))

2025/02/13 14:38:56 /home/bryan/repos/skripsi/backend/setup/setup.go:78
[1.628ms] [rows:0] SELECT description FROM pg_catalog.pg_description WHERE objsubid = (SELECT ordinal_position FROM information_schema.columns WHERE table_schema = CURRENT_SCHEMA() AND table_name = 'pets' AND column_name = 'size_id') AND objoid = (SELECT oid FROM pg_catalog.pg_class WHERE relname = 'pets' AND relnamespace = (SELECT oid FROM pg_catalog.pg_namespace WHERE nspname = CURRENT_SCHEMA()))

2025/02/13 14:38:56 /home/bryan/repos/skripsi/backend/setup/setup.go:78
[1.277ms] [rows:1] SELECT count(*) FROM INFORMATION_SCHEMA.table_constraints WHERE table_schema = CURRENT_SCHEMA() AND table_name = 'pets' AND constraint_name = 'fk_pets_species'

2025/02/13 14:38:56 /home/bryan/repos/skripsi/backend/setup/setup.go:78
[1.213ms] [rows:1] SELECT count(*) FROM INFORMATION_SCHEMA.table_constraints WHERE table_schema = CURRENT_SCHEMA() AND table_name = 'pets' AND constraint_name = 'fk_pets_size_category'

2025/02/13 14:38:56 /home/bryan/repos/skripsi/backend/setup/setup.go:78
[1.085ms] [rows:1] SELECT count(*) FROM INFORMATION_SCHEMA.table_constraints WHERE table_schema = CURRENT_SCHEMA() AND table_name = 'pets' AND constraint_name = 'fk_users_pets'

2025/02/13 14:38:56 /home/bryan/repos/skripsi/backend/setup/setup.go:78
[2.942ms] [rows:1] SELECT count(*) FROM pg_indexes WHERE tablename = 'pets' AND indexname = 'idx_pets_deleted_at' AND schemaname = CURRENT_SCHEMA()

2025/02/13 14:38:56 /home/bryan/repos/skripsi/backend/setup/setup.go:78
[1.262ms] [rows:1] SELECT count(*) FROM information_schema.tables WHERE table_schema = CURRENT_SCHEMA() AND table_name = 'slots' AND table_type = 'BASE TABLE'

2025/02/13 14:38:56 /home/bryan/repos/skripsi/backend/setup/setup.go:78
[0.807ms] [rows:1] SELECT CURRENT_DATABASE()

2025/02/13 14:38:56 /home/bryan/repos/skripsi/backend/setup/setup.go:78
[4.042ms] [rows:-] SELECT c.column_name, c.is_nullable = 'YES', c.udt_name, c.character_maximum_length, c.numeric_precision, c.numeric_precision_radix, c.numeric_scale, c.datetime_precision, 8 * typlen, c.column_default, pd.description, c.identity_increment FROM information_schema.columns AS c JOIN pg_type AS pgt ON c.udt_name = pgt.typname LEFT JOIN pg_catalog.pg_description as pd ON pd.objsubid = c.ordinal_position AND pd.objoid = (SELECT oid FROM pg_catalog.pg_class WHERE relname = c.table_name AND relnamespace = (SELECT oid FROM pg_catalog.pg_namespace WHERE nspname = c.table_schema)) where table_catalog = $1$ AND table_schema = CURRENT_SCHEMA() AND table_name = $2$

2025/02/13 14:38:56 /home/bryan/repos/skripsi/backend/setup/setup.go:78
[1.031ms] [rows:-] SELECT * FROM "slots" LIMIT $1$

2025/02/13 14:38:56 /home/bryan/repos/skripsi/backend/setup/setup.go:78
[2.887ms] [rows:-] SELECT constraint_name FROM information_schema.table_constraints tc JOIN information_schema.constraint_column_usage AS ccu USING (constraint_schema, constraint_catalog, table_name, constraint_name) JOIN information_schema.columns AS c ON c.table_schema = tc.constraint_schema AND tc.table_name = c.table_name AND ccu.column_name = c.column_name WHERE constraint_type IN ('PRIMARY KEY', 'UNIQUE') AND c.table_catalog = $1$ AND c.table_schema = CURRENT_SCHEMA() AND c.table_name = $2$ AND constraint_type = $3$

2025/02/13 14:38:56 /home/bryan/repos/skripsi/backend/setup/setup.go:78
[2.967ms] [rows:-] SELECT c.column_name, constraint_name, constraint_type FROM information_schema.table_constraints tc JOIN information_schema.constraint_column_usage AS ccu USING (constraint_schema, constraint_catalog, table_name, constraint_name) JOIN information_schema.columns AS c ON c.table_schema = tc.constraint_schema AND tc.table_name = c.table_name AND ccu.column_name = c.column_name WHERE constraint_type IN ('PRIMARY KEY', 'UNIQUE') AND c.table_catalog = $1$ AND c.table_schema = CURRENT_SCHEMA() AND c.table_name = $2$

2025/02/13 14:38:56 /home/bryan/repos/skripsi/backend/setup/setup.go:78
[1.317ms] [rows:-] SELECT a.attname as column_name, format_type(a.atttypid, a.atttypmod) AS data_type
		FROM pg_attribute a JOIN pg_class b ON a.attrelid = b.oid AND relnamespace = (SELECT oid FROM pg_catalog.pg_namespace WHERE nspname = CURRENT_SCHEMA())
		WHERE a.attnum > 0 -- hide internal columns
		AND NOT a.attisdropped -- hide deleted columns
		AND b.relname = $1$

2025/02/13 14:38:56 /home/bryan/repos/skripsi/backend/setup/setup.go:78
[1.994ms] [rows:0] SELECT description FROM pg_catalog.pg_description WHERE objsubid = (SELECT ordinal_position FROM information_schema.columns WHERE table_schema = CURRENT_SCHEMA() AND table_name = 'slots' AND column_name = 'id') AND objoid = (SELECT oid FROM pg_catalog.pg_class WHERE relname = 'slots' AND relnamespace = (SELECT oid FROM pg_catalog.pg_namespace WHERE nspname = CURRENT_SCHEMA()))

2025/02/13 14:38:56 /home/bryan/repos/skripsi/backend/setup/setup.go:78
[1.842ms] [rows:0] SELECT description FROM pg_catalog.pg_description WHERE objsubid = (SELECT ordinal_position FROM information_schema.columns WHERE table_schema = CURRENT_SCHEMA() AND table_name = 'slots' AND column_name = 'created_at') AND objoid = (SELECT oid FROM pg_catalog.pg_class WHERE relname = 'slots' AND relnamespace = (SELECT oid FROM pg_catalog.pg_namespace WHERE nspname = CURRENT_SCHEMA()))

2025/02/13 14:38:56 /home/bryan/repos/skripsi/backend/setup/setup.go:78
[1.683ms] [rows:0] SELECT description FROM pg_catalog.pg_description WHERE objsubid = (SELECT ordinal_position FROM information_schema.columns WHERE table_schema = CURRENT_SCHEMA() AND table_name = 'slots' AND column_name = 'updated_at') AND objoid = (SELECT oid FROM pg_catalog.pg_class WHERE relname = 'slots' AND relnamespace = (SELECT oid FROM pg_catalog.pg_namespace WHERE nspname = CURRENT_SCHEMA()))

2025/02/13 14:38:56 /home/bryan/repos/skripsi/backend/setup/setup.go:78
[1.965ms] [rows:0] SELECT description FROM pg_catalog.pg_description WHERE objsubid = (SELECT ordinal_position FROM information_schema.columns WHERE table_schema = CURRENT_SCHEMA() AND table_name = 'slots' AND column_name = 'deleted_at') AND objoid = (SELECT oid FROM pg_catalog.pg_class WHERE relname = 'slots' AND relnamespace = (SELECT oid FROM pg_catalog.pg_namespace WHERE nspname = CURRENT_SCHEMA()))

2025/02/13 14:38:56 /home/bryan/repos/skripsi/backend/setup/setup.go:78
[2.287ms] [rows:0] SELECT description FROM pg_catalog.pg_description WHERE objsubid = (SELECT ordinal_position FROM information_schema.columns WHERE table_schema = CURRENT_SCHEMA() AND table_name = 'slots' AND column_name = 'daycare_id') AND objoid = (SELECT oid FROM pg_catalog.pg_class WHERE relname = 'slots' AND relnamespace = (SELECT oid FROM pg_catalog.pg_namespace WHERE nspname = CURRENT_SCHEMA()))

2025/02/13 14:38:56 /home/bryan/repos/skripsi/backend/setup/setup.go:78
[2.491ms] [rows:0] SELECT description FROM pg_catalog.pg_description WHERE objsubid = (SELECT ordinal_position FROM information_schema.columns WHERE table_schema = CURRENT_SCHEMA() AND table_name = 'slots' AND column_name = 'species_id') AND objoid = (SELECT oid FROM pg_catalog.pg_class WHERE relname = 'slots' AND relnamespace = (SELECT oid FROM pg_catalog.pg_namespace WHERE nspname = CURRENT_SCHEMA()))

2025/02/13 14:38:56 /home/bryan/repos/skripsi/backend/setup/setup.go:78
[2.316ms] [rows:0] SELECT description FROM pg_catalog.pg_description WHERE objsubid = (SELECT ordinal_position FROM information_schema.columns WHERE table_schema = CURRENT_SCHEMA() AND table_name = 'slots' AND column_name = 'size_category_id') AND objoid = (SELECT oid FROM pg_catalog.pg_class WHERE relname = 'slots' AND relnamespace = (SELECT oid FROM pg_catalog.pg_namespace WHERE nspname = CURRENT_SCHEMA()))

2025/02/13 14:38:56 /home/bryan/repos/skripsi/backend/setup/setup.go:78
[2.791ms] [rows:0] SELECT description FROM pg_catalog.pg_description WHERE objsubid = (SELECT ordinal_position FROM information_schema.columns WHERE table_schema = CURRENT_SCHEMA() AND table_name = 'slots' AND column_name = 'max_number') AND objoid = (SELECT oid FROM pg_catalog.pg_class WHERE relname = 'slots' AND relnamespace = (SELECT oid FROM pg_catalog.pg_namespace WHERE nspname = CURRENT_SCHEMA()))

2025/02/13 14:38:56 /home/bryan/repos/skripsi/backend/setup/setup.go:78
[2.434ms] [rows:1] SELECT count(*) FROM INFORMATION_SCHEMA.table_constraints WHERE table_schema = CURRENT_SCHEMA() AND table_name = 'slots' AND constraint_name = 'fk_pet_daycares_slots'

2025/02/13 14:38:56 /home/bryan/repos/skripsi/backend/setup/setup.go:78
[5.570ms] [rows:1] SELECT count(*) FROM pg_indexes WHERE tablename = 'slots' AND indexname = 'idx_slots_deleted_at' AND schemaname = CURRENT_SCHEMA()

2025/02/13 14:38:56 /home/bryan/repos/skripsi/backend/setup/setup.go:78
[2.658ms] [rows:1] SELECT count(*) FROM information_schema.tables WHERE table_schema = CURRENT_SCHEMA() AND table_name = 'booked_slots' AND table_type = 'BASE TABLE'

2025/02/13 14:38:56 /home/bryan/repos/skripsi/backend/setup/setup.go:78
[1.939ms] [rows:1] SELECT CURRENT_DATABASE()

2025/02/13 14:38:56 /home/bryan/repos/skripsi/backend/setup/setup.go:78
[8.454ms] [rows:-] SELECT c.column_name, c.is_nullable = 'YES', c.udt_name, c.character_maximum_length, c.numeric_precision, c.numeric_precision_radix, c.numeric_scale, c.datetime_precision, 8 * typlen, c.column_default, pd.description, c.identity_increment FROM information_schema.columns AS c JOIN pg_type AS pgt ON c.udt_name = pgt.typname LEFT JOIN pg_catalog.pg_description as pd ON pd.objsubid = c.ordinal_position AND pd.objoid = (SELECT oid FROM pg_catalog.pg_class WHERE relname = c.table_name AND relnamespace = (SELECT oid FROM pg_catalog.pg_namespace WHERE nspname = c.table_schema)) where table_catalog = $1$ AND table_schema = CURRENT_SCHEMA() AND table_name = $2$

2025/02/13 14:38:56 /home/bryan/repos/skripsi/backend/setup/setup.go:78
[2.099ms] [rows:-] SELECT * FROM "booked_slots" LIMIT $1$

2025/02/13 14:38:56 /home/bryan/repos/skripsi/backend/setup/setup.go:78
[7.880ms] [rows:-] SELECT constraint_name FROM information_schema.table_constraints tc JOIN information_schema.constraint_column_usage AS ccu USING (constraint_schema, constraint_catalog, table_name, constraint_name) JOIN information_schema.columns AS c ON c.table_schema = tc.constraint_schema AND tc.table_name = c.table_name AND ccu.column_name = c.column_name WHERE constraint_type IN ('PRIMARY KEY', 'UNIQUE') AND c.table_catalog = $1$ AND c.table_schema = CURRENT_SCHEMA() AND c.table_name = $2$ AND constraint_type = $3$

2025/02/13 14:38:56 /home/bryan/repos/skripsi/backend/setup/setup.go:78
[8.351ms] [rows:-] SELECT c.column_name, constraint_name, constraint_type FROM information_schema.table_constraints tc JOIN information_schema.constraint_column_usage AS ccu USING (constraint_schema, constraint_catalog, table_name, constraint_name) JOIN information_schema.columns AS c ON c.table_schema = tc.constraint_schema AND tc.table_name = c.table_name AND ccu.column_name = c.column_name WHERE constraint_type IN ('PRIMARY KEY', 'UNIQUE') AND c.table_catalog = $1$ AND c.table_schema = CURRENT_SCHEMA() AND c.table_name = $2$

2025/02/13 14:38:56 /home/bryan/repos/skripsi/backend/setup/setup.go:78
[2.613ms] [rows:-] SELECT a.attname as column_name, format_type(a.atttypid, a.atttypmod) AS data_type
		FROM pg_attribute a JOIN pg_class b ON a.attrelid = b.oid AND relnamespace = (SELECT oid FROM pg_catalog.pg_namespace WHERE nspname = CURRENT_SCHEMA())
		WHERE a.attnum > 0 -- hide internal columns
		AND NOT a.attisdropped -- hide deleted columns
		AND b.relname = $1$

2025/02/13 14:38:56 /home/bryan/repos/skripsi/backend/setup/setup.go:78
[3.553ms] [rows:0] SELECT description FROM pg_catalog.pg_description WHERE objsubid = (SELECT ordinal_position FROM information_schema.columns WHERE table_schema = CURRENT_SCHEMA() AND table_name = 'booked_slots' AND column_name = 'id') AND objoid = (SELECT oid FROM pg_catalog.pg_class WHERE relname = 'booked_slots' AND relnamespace = (SELECT oid FROM pg_catalog.pg_namespace WHERE nspname = CURRENT_SCHEMA()))

2025/02/13 14:38:56 /home/bryan/repos/skripsi/backend/setup/setup.go:78
[3.624ms] [rows:0] SELECT description FROM pg_catalog.pg_description WHERE objsubid = (SELECT ordinal_position FROM information_schema.columns WHERE table_schema = CURRENT_SCHEMA() AND table_name = 'booked_slots' AND column_name = 'created_at') AND objoid = (SELECT oid FROM pg_catalog.pg_class WHERE relname = 'booked_slots' AND relnamespace = (SELECT oid FROM pg_catalog.pg_namespace WHERE nspname = CURRENT_SCHEMA()))

2025/02/13 14:38:56 /home/bryan/repos/skripsi/backend/setup/setup.go:78
[3.488ms] [rows:0] SELECT description FROM pg_catalog.pg_description WHERE objsubid = (SELECT ordinal_position FROM information_schema.columns WHERE table_schema = CURRENT_SCHEMA() AND table_name = 'booked_slots' AND column_name = 'updated_at') AND objoid = (SELECT oid FROM pg_catalog.pg_class WHERE relname = 'booked_slots' AND relnamespace = (SELECT oid FROM pg_catalog.pg_namespace WHERE nspname = CURRENT_SCHEMA()))

2025/02/13 14:38:56 /home/bryan/repos/skripsi/backend/setup/setup.go:78
[3.667ms] [rows:0] SELECT description FROM pg_catalog.pg_description WHERE objsubid = (SELECT ordinal_position FROM information_schema.columns WHERE table_schema = CURRENT_SCHEMA() AND table_name = 'booked_slots' AND column_name = 'deleted_at') AND objoid = (SELECT oid FROM pg_catalog.pg_class WHERE relname = 'booked_slots' AND relnamespace = (SELECT oid FROM pg_catalog.pg_namespace WHERE nspname = CURRENT_SCHEMA()))

2025/02/13 14:38:56 /home/bryan/repos/skripsi/backend/setup/setup.go:78
[3.439ms] [rows:0] SELECT description FROM pg_catalog.pg_description WHERE objsubid = (SELECT ordinal_position FROM information_schema.columns WHERE table_schema = CURRENT_SCHEMA() AND table_name = 'booked_slots' AND column_name = 'user_id') AND objoid = (SELECT oid FROM pg_catalog.pg_class WHERE relname = 'booked_slots' AND relnamespace = (SELECT oid FROM pg_catalog.pg_namespace WHERE nspname = CURRENT_SCHEMA()))

2025/02/13 14:38:56 /home/bryan/repos/skripsi/backend/setup/setup.go:78
[3.830ms] [rows:0] SELECT description FROM pg_catalog.pg_description WHERE objsubid = (SELECT ordinal_position FROM information_schema.columns WHERE table_schema = CURRENT_SCHEMA() AND table_name = 'booked_slots' AND column_name = 'daycare_id') AND objoid = (SELECT oid FROM pg_catalog.pg_class WHERE relname = 'booked_slots' AND relnamespace = (SELECT oid FROM pg_catalog.pg_namespace WHERE nspname = CURRENT_SCHEMA()))

2025/02/13 14:38:56 /home/bryan/repos/skripsi/backend/setup/setup.go:78
[3.339ms] [rows:0] SELECT description FROM pg_catalog.pg_description WHERE objsubid = (SELECT ordinal_position FROM information_schema.columns WHERE table_schema = CURRENT_SCHEMA() AND table_name = 'booked_slots' AND column_name = 'pet_id') AND objoid = (SELECT oid FROM pg_catalog.pg_class WHERE relname = 'booked_slots' AND relnamespace = (SELECT oid FROM pg_catalog.pg_namespace WHERE nspname = CURRENT_SCHEMA()))

2025/02/13 14:38:56 /home/bryan/repos/skripsi/backend/setup/setup.go:78
[3.142ms] [rows:0] SELECT description FROM pg_catalog.pg_description WHERE objsubid = (SELECT ordinal_position FROM information_schema.columns WHERE table_schema = CURRENT_SCHEMA() AND table_name = 'booked_slots' AND column_name = 'start_date') AND objoid = (SELECT oid FROM pg_catalog.pg_class WHERE relname = 'booked_slots' AND relnamespace = (SELECT oid FROM pg_catalog.pg_namespace WHERE nspname = CURRENT_SCHEMA()))

2025/02/13 14:38:56 /home/bryan/repos/skripsi/backend/setup/setup.go:78
[3.132ms] [rows:0] SELECT description FROM pg_catalog.pg_description WHERE objsubid = (SELECT ordinal_position FROM information_schema.columns WHERE table_schema = CURRENT_SCHEMA() AND table_name = 'booked_slots' AND column_name = 'end_date') AND objoid = (SELECT oid FROM pg_catalog.pg_class WHERE relname = 'booked_slots' AND relnamespace = (SELECT oid FROM pg_catalog.pg_namespace WHERE nspname = CURRENT_SCHEMA()))

2025/02/13 14:38:56 /home/bryan/repos/skripsi/backend/setup/setup.go:78
[2.498ms] [rows:1] SELECT count(*) FROM INFORMATION_SCHEMA.table_constraints WHERE table_schema = CURRENT_SCHEMA() AND table_name = 'booked_slots' AND constraint_name = 'fk_booked_slots_user'

2025/02/13 14:38:56 /home/bryan/repos/skripsi/backend/setup/setup.go:78
[2.793ms] [rows:1] SELECT count(*) FROM INFORMATION_SCHEMA.table_constraints WHERE table_schema = CURRENT_SCHEMA() AND table_name = 'booked_slots' AND constraint_name = 'fk_pets_booked_slots'

2025/02/13 14:38:56 /home/bryan/repos/skripsi/backend/setup/setup.go:78
[3.181ms] [rows:1] SELECT count(*) FROM INFORMATION_SCHEMA.table_constraints WHERE table_schema = CURRENT_SCHEMA() AND table_name = 'booked_slots' AND constraint_name = 'fk_pet_daycares_booked_slots'

2025/02/13 14:38:56 /home/bryan/repos/skripsi/backend/setup/setup.go:78
[6.187ms] [rows:1] SELECT count(*) FROM pg_indexes WHERE tablename = 'booked_slots' AND indexname = 'idx_booked_slots_deleted_at' AND schemaname = CURRENT_SCHEMA()

2025/02/13 14:38:56 /home/bryan/repos/skripsi/backend/setup/setup.go:78
[2.505ms] [rows:1] SELECT count(*) FROM information_schema.tables WHERE table_schema = CURRENT_SCHEMA() AND table_name = 'thumbnails' AND table_type = 'BASE TABLE'

2025/02/13 14:38:56 /home/bryan/repos/skripsi/backend/setup/setup.go:78
[2.091ms] [rows:1] SELECT CURRENT_DATABASE()

2025/02/13 14:38:56 /home/bryan/repos/skripsi/backend/setup/setup.go:78
[6.629ms] [rows:-] SELECT c.column_name, c.is_nullable = 'YES', c.udt_name, c.character_maximum_length, c.numeric_precision, c.numeric_precision_radix, c.numeric_scale, c.datetime_precision, 8 * typlen, c.column_default, pd.description, c.identity_increment FROM information_schema.columns AS c JOIN pg_type AS pgt ON c.udt_name = pgt.typname LEFT JOIN pg_catalog.pg_description as pd ON pd.objsubid = c.ordinal_position AND pd.objoid = (SELECT oid FROM pg_catalog.pg_class WHERE relname = c.table_name AND relnamespace = (SELECT oid FROM pg_catalog.pg_namespace WHERE nspname = c.table_schema)) where table_catalog = $1$ AND table_schema = CURRENT_SCHEMA() AND table_name = $2$

2025/02/13 14:38:56 /home/bryan/repos/skripsi/backend/setup/setup.go:78
[2.308ms] [rows:-] SELECT * FROM "thumbnails" LIMIT $1$

2025/02/13 14:38:56 /home/bryan/repos/skripsi/backend/setup/setup.go:78
[5.630ms] [rows:-] SELECT constraint_name FROM information_schema.table_constraints tc JOIN information_schema.constraint_column_usage AS ccu USING (constraint_schema, constraint_catalog, table_name, constraint_name) JOIN information_schema.columns AS c ON c.table_schema = tc.constraint_schema AND tc.table_name = c.table_name AND ccu.column_name = c.column_name WHERE constraint_type IN ('PRIMARY KEY', 'UNIQUE') AND c.table_catalog = $1$ AND c.table_schema = CURRENT_SCHEMA() AND c.table_name = $2$ AND constraint_type = $3$

2025/02/13 14:38:56 /home/bryan/repos/skripsi/backend/setup/setup.go:78
[5.693ms] [rows:-] SELECT c.column_name, constraint_name, constraint_type FROM information_schema.table_constraints tc JOIN information_schema.constraint_column_usage AS ccu USING (constraint_schema, constraint_catalog, table_name, constraint_name) JOIN information_schema.columns AS c ON c.table_schema = tc.constraint_schema AND tc.table_name = c.table_name AND ccu.column_name = c.column_name WHERE constraint_type IN ('PRIMARY KEY', 'UNIQUE') AND c.table_catalog = $1$ AND c.table_schema = CURRENT_SCHEMA() AND c.table_name = $2$

2025/02/13 14:38:56 /home/bryan/repos/skripsi/backend/setup/setup.go:78
[2.213ms] [rows:-] SELECT a.attname as column_name, format_type(a.atttypid, a.atttypmod) AS data_type
		FROM pg_attribute a JOIN pg_class b ON a.attrelid = b.oid AND relnamespace = (SELECT oid FROM pg_catalog.pg_namespace WHERE nspname = CURRENT_SCHEMA())
		WHERE a.attnum > 0 -- hide internal columns
		AND NOT a.attisdropped -- hide deleted columns
		AND b.relname = $1$

2025/02/13 14:38:56 /home/bryan/repos/skripsi/backend/setup/setup.go:78
[3.905ms] [rows:0] SELECT description FROM pg_catalog.pg_description WHERE objsubid = (SELECT ordinal_position FROM information_schema.columns WHERE table_schema = CURRENT_SCHEMA() AND table_name = 'thumbnails' AND column_name = 'id') AND objoid = (SELECT oid FROM pg_catalog.pg_class WHERE relname = 'thumbnails' AND relnamespace = (SELECT oid FROM pg_catalog.pg_namespace WHERE nspname = CURRENT_SCHEMA()))

2025/02/13 14:38:56 /home/bryan/repos/skripsi/backend/setup/setup.go:78
[3.349ms] [rows:0] SELECT description FROM pg_catalog.pg_description WHERE objsubid = (SELECT ordinal_position FROM information_schema.columns WHERE table_schema = CURRENT_SCHEMA() AND table_name = 'thumbnails' AND column_name = 'daycare_id') AND objoid = (SELECT oid FROM pg_catalog.pg_class WHERE relname = 'thumbnails' AND relnamespace = (SELECT oid FROM pg_catalog.pg_namespace WHERE nspname = CURRENT_SCHEMA()))

2025/02/13 14:38:56 /home/bryan/repos/skripsi/backend/setup/setup.go:78
[3.296ms] [rows:0] SELECT description FROM pg_catalog.pg_description WHERE objsubid = (SELECT ordinal_position FROM information_schema.columns WHERE table_schema = CURRENT_SCHEMA() AND table_name = 'thumbnails' AND column_name = 'image_url') AND objoid = (SELECT oid FROM pg_catalog.pg_class WHERE relname = 'thumbnails' AND relnamespace = (SELECT oid FROM pg_catalog.pg_namespace WHERE nspname = CURRENT_SCHEMA()))

2025/02/13 14:38:56 /home/bryan/repos/skripsi/backend/setup/setup.go:78
[2.750ms] [rows:1] SELECT count(*) FROM INFORMATION_SCHEMA.table_constraints WHERE table_schema = CURRENT_SCHEMA() AND table_name = 'thumbnails' AND constraint_name = 'fk_pet_daycares_thumbnails'

2025/02/13 14:38:56 /home/bryan/repos/skripsi/backend/setup/setup.go:78
[2.195ms] [rows:1] SELECT count(*) FROM information_schema.tables WHERE table_schema = CURRENT_SCHEMA() AND table_name = 'reviews' AND table_type = 'BASE TABLE'

2025/02/13 14:38:56 /home/bryan/repos/skripsi/backend/setup/setup.go:78
[1.875ms] [rows:1] SELECT CURRENT_DATABASE()

2025/02/13 14:38:56 /home/bryan/repos/skripsi/backend/setup/setup.go:78
[9.360ms] [rows:-] SELECT c.column_name, c.is_nullable = 'YES', c.udt_name, c.character_maximum_length, c.numeric_precision, c.numeric_precision_radix, c.numeric_scale, c.datetime_precision, 8 * typlen, c.column_default, pd.description, c.identity_increment FROM information_schema.columns AS c JOIN pg_type AS pgt ON c.udt_name = pgt.typname LEFT JOIN pg_catalog.pg_description as pd ON pd.objsubid = c.ordinal_position AND pd.objoid = (SELECT oid FROM pg_catalog.pg_class WHERE relname = c.table_name AND relnamespace = (SELECT oid FROM pg_catalog.pg_namespace WHERE nspname = c.table_schema)) where table_catalog = $1$ AND table_schema = CURRENT_SCHEMA() AND table_name = $2$

2025/02/13 14:38:56 /home/bryan/repos/skripsi/backend/setup/setup.go:78
[2.507ms] [rows:-] SELECT * FROM "reviews" LIMIT $1$

2025/02/13 14:38:56 /home/bryan/repos/skripsi/backend/setup/setup.go:78
[6.676ms] [rows:-] SELECT constraint_name FROM information_schema.table_constraints tc JOIN information_schema.constraint_column_usage AS ccu USING (constraint_schema, constraint_catalog, table_name, constraint_name) JOIN information_schema.columns AS c ON c.table_schema = tc.constraint_schema AND tc.table_name = c.table_name AND ccu.column_name = c.column_name WHERE constraint_type IN ('PRIMARY KEY', 'UNIQUE') AND c.table_catalog = $1$ AND c.table_schema = CURRENT_SCHEMA() AND c.table_name = $2$ AND constraint_type = $3$

2025/02/13 14:38:56 /home/bryan/repos/skripsi/backend/setup/setup.go:78
[6.355ms] [rows:-] SELECT c.column_name, constraint_name, constraint_type FROM information_schema.table_constraints tc JOIN information_schema.constraint_column_usage AS ccu USING (constraint_schema, constraint_catalog, table_name, constraint_name) JOIN information_schema.columns AS c ON c.table_schema = tc.constraint_schema AND tc.table_name = c.table_name AND ccu.column_name = c.column_name WHERE constraint_type IN ('PRIMARY KEY', 'UNIQUE') AND c.table_catalog = $1$ AND c.table_schema = CURRENT_SCHEMA() AND c.table_name = $2$

2025/02/13 14:38:56 /home/bryan/repos/skripsi/backend/setup/setup.go:78
[1.841ms] [rows:-] SELECT a.attname as column_name, format_type(a.atttypid, a.atttypmod) AS data_type
		FROM pg_attribute a JOIN pg_class b ON a.attrelid = b.oid AND relnamespace = (SELECT oid FROM pg_catalog.pg_namespace WHERE nspname = CURRENT_SCHEMA())
		WHERE a.attnum > 0 -- hide internal columns
		AND NOT a.attisdropped -- hide deleted columns
		AND b.relname = $1$

2025/02/13 14:38:56 /home/bryan/repos/skripsi/backend/setup/setup.go:78
[2.927ms] [rows:0] SELECT description FROM pg_catalog.pg_description WHERE objsubid = (SELECT ordinal_position FROM information_schema.columns WHERE table_schema = CURRENT_SCHEMA() AND table_name = 'reviews' AND column_name = 'id') AND objoid = (SELECT oid FROM pg_catalog.pg_class WHERE relname = 'reviews' AND relnamespace = (SELECT oid FROM pg_catalog.pg_namespace WHERE nspname = CURRENT_SCHEMA()))

2025/02/13 14:38:56 /home/bryan/repos/skripsi/backend/setup/setup.go:78
[2.913ms] [rows:0] SELECT description FROM pg_catalog.pg_description WHERE objsubid = (SELECT ordinal_position FROM information_schema.columns WHERE table_schema = CURRENT_SCHEMA() AND table_name = 'reviews' AND column_name = 'created_at') AND objoid = (SELECT oid FROM pg_catalog.pg_class WHERE relname = 'reviews' AND relnamespace = (SELECT oid FROM pg_catalog.pg_namespace WHERE nspname = CURRENT_SCHEMA()))

2025/02/13 14:38:56 /home/bryan/repos/skripsi/backend/setup/setup.go:78
[3.015ms] [rows:0] SELECT description FROM pg_catalog.pg_description WHERE objsubid = (SELECT ordinal_position FROM information_schema.columns WHERE table_schema = CURRENT_SCHEMA() AND table_name = 'reviews' AND column_name = 'updated_at') AND objoid = (SELECT oid FROM pg_catalog.pg_class WHERE relname = 'reviews' AND relnamespace = (SELECT oid FROM pg_catalog.pg_namespace WHERE nspname = CURRENT_SCHEMA()))

2025/02/13 14:38:56 /home/bryan/repos/skripsi/backend/setup/setup.go:78
[2.971ms] [rows:0] SELECT description FROM pg_catalog.pg_description WHERE objsubid = (SELECT ordinal_position FROM information_schema.columns WHERE table_schema = CURRENT_SCHEMA() AND table_name = 'reviews' AND column_name = 'deleted_at') AND objoid = (SELECT oid FROM pg_catalog.pg_class WHERE relname = 'reviews' AND relnamespace = (SELECT oid FROM pg_catalog.pg_namespace WHERE nspname = CURRENT_SCHEMA()))

2025/02/13 14:38:56 /home/bryan/repos/skripsi/backend/setup/setup.go:78
[2.971ms] [rows:0] SELECT description FROM pg_catalog.pg_description WHERE objsubid = (SELECT ordinal_position FROM information_schema.columns WHERE table_schema = CURRENT_SCHEMA() AND table_name = 'reviews' AND column_name = 'daycare_id') AND objoid = (SELECT oid FROM pg_catalog.pg_class WHERE relname = 'reviews' AND relnamespace = (SELECT oid FROM pg_catalog.pg_namespace WHERE nspname = CURRENT_SCHEMA()))

2025/02/13 14:38:56 /home/bryan/repos/skripsi/backend/setup/setup.go:78
[2.950ms] [rows:0] SELECT description FROM pg_catalog.pg_description WHERE objsubid = (SELECT ordinal_position FROM information_schema.columns WHERE table_schema = CURRENT_SCHEMA() AND table_name = 'reviews' AND column_name = 'user_id') AND objoid = (SELECT oid FROM pg_catalog.pg_class WHERE relname = 'reviews' AND relnamespace = (SELECT oid FROM pg_catalog.pg_namespace WHERE nspname = CURRENT_SCHEMA()))

2025/02/13 14:38:56 /home/bryan/repos/skripsi/backend/setup/setup.go:78
[3.122ms] [rows:0] SELECT description FROM pg_catalog.pg_description WHERE objsubid = (SELECT ordinal_position FROM information_schema.columns WHERE table_schema = CURRENT_SCHEMA() AND table_name = 'reviews' AND column_name = 'name') AND objoid = (SELECT oid FROM pg_catalog.pg_class WHERE relname = 'reviews' AND relnamespace = (SELECT oid FROM pg_catalog.pg_namespace WHERE nspname = CURRENT_SCHEMA()))

2025/02/13 14:38:56 /home/bryan/repos/skripsi/backend/setup/setup.go:78
[3.103ms] [rows:0] SELECT description FROM pg_catalog.pg_description WHERE objsubid = (SELECT ordinal_position FROM information_schema.columns WHERE table_schema = CURRENT_SCHEMA() AND table_name = 'reviews' AND column_name = 'rate') AND objoid = (SELECT oid FROM pg_catalog.pg_class WHERE relname = 'reviews' AND relnamespace = (SELECT oid FROM pg_catalog.pg_namespace WHERE nspname = CURRENT_SCHEMA()))

2025/02/13 14:38:56 /home/bryan/repos/skripsi/backend/setup/setup.go:78
[3.457ms] [rows:0] SELECT description FROM pg_catalog.pg_description WHERE objsubid = (SELECT ordinal_position FROM information_schema.columns WHERE table_schema = CURRENT_SCHEMA() AND table_name = 'reviews' AND column_name = 'description') AND objoid = (SELECT oid FROM pg_catalog.pg_class WHERE relname = 'reviews' AND relnamespace = (SELECT oid FROM pg_catalog.pg_namespace WHERE nspname = CURRENT_SCHEMA()))

2025/02/13 14:38:56 /home/bryan/repos/skripsi/backend/setup/setup.go:78
[3.059ms] [rows:1] SELECT count(*) FROM INFORMATION_SCHEMA.table_constraints WHERE table_schema = CURRENT_SCHEMA() AND table_name = 'reviews' AND constraint_name = 'fk_pet_daycares_reviews'

2025/02/13 14:38:56 /home/bryan/repos/skripsi/backend/setup/setup.go:78
[2.813ms] [rows:1] SELECT count(*) FROM INFORMATION_SCHEMA.table_constraints WHERE table_schema = CURRENT_SCHEMA() AND table_name = 'reviews' AND constraint_name = 'fk_users_reviews'

2025/02/13 14:38:56 /home/bryan/repos/skripsi/backend/setup/setup.go:78
[5.341ms] [rows:1] SELECT count(*) FROM pg_indexes WHERE tablename = 'reviews' AND indexname = 'idx_reviews_deleted_at' AND schemaname = CURRENT_SCHEMA()

2025/02/13 14:38:56 /home/bryan/repos/skripsi/backend/setup/setup.go:78
[2.264ms] [rows:1] SELECT count(*) FROM information_schema.tables WHERE table_schema = CURRENT_SCHEMA() AND table_name = 'refresh_tokens' AND table_type = 'BASE TABLE'

2025/02/13 14:38:56 /home/bryan/repos/skripsi/backend/setup/setup.go:78
[1.742ms] [rows:1] SELECT CURRENT_DATABASE()

2025/02/13 14:38:56 /home/bryan/repos/skripsi/backend/setup/setup.go:78
[7.913ms] [rows:-] SELECT c.column_name, c.is_nullable = 'YES', c.udt_name, c.character_maximum_length, c.numeric_precision, c.numeric_precision_radix, c.numeric_scale, c.datetime_precision, 8 * typlen, c.column_default, pd.description, c.identity_increment FROM information_schema.columns AS c JOIN pg_type AS pgt ON c.udt_name = pgt.typname LEFT JOIN pg_catalog.pg_description as pd ON pd.objsubid = c.ordinal_position AND pd.objoid = (SELECT oid FROM pg_catalog.pg_class WHERE relname = c.table_name AND relnamespace = (SELECT oid FROM pg_catalog.pg_namespace WHERE nspname = c.table_schema)) where table_catalog = $1$ AND table_schema = CURRENT_SCHEMA() AND table_name = $2$

2025/02/13 14:38:56 /home/bryan/repos/skripsi/backend/setup/setup.go:78
[3.151ms] [rows:-] SELECT * FROM "refresh_tokens" LIMIT $1$

2025/02/13 14:38:56 /home/bryan/repos/skripsi/backend/setup/setup.go:78
[5.773ms] [rows:-] SELECT constraint_name FROM information_schema.table_constraints tc JOIN information_schema.constraint_column_usage AS ccu USING (constraint_schema, constraint_catalog, table_name, constraint_name) JOIN information_schema.columns AS c ON c.table_schema = tc.constraint_schema AND tc.table_name = c.table_name AND ccu.column_name = c.column_name WHERE constraint_type IN ('PRIMARY KEY', 'UNIQUE') AND c.table_catalog = $1$ AND c.table_schema = CURRENT_SCHEMA() AND c.table_name = $2$ AND constraint_type = $3$

2025/02/13 14:38:56 /home/bryan/repos/skripsi/backend/setup/setup.go:78
[6.248ms] [rows:-] SELECT c.column_name, constraint_name, constraint_type FROM information_schema.table_constraints tc JOIN information_schema.constraint_column_usage AS ccu USING (constraint_schema, constraint_catalog, table_name, constraint_name) JOIN information_schema.columns AS c ON c.table_schema = tc.constraint_schema AND tc.table_name = c.table_name AND ccu.column_name = c.column_name WHERE constraint_type IN ('PRIMARY KEY', 'UNIQUE') AND c.table_catalog = $1$ AND c.table_schema = CURRENT_SCHEMA() AND c.table_name = $2$

2025/02/13 14:38:56 /home/bryan/repos/skripsi/backend/setup/setup.go:78
[2.270ms] [rows:-] SELECT a.attname as column_name, format_type(a.atttypid, a.atttypmod) AS data_type
		FROM pg_attribute a JOIN pg_class b ON a.attrelid = b.oid AND relnamespace = (SELECT oid FROM pg_catalog.pg_namespace WHERE nspname = CURRENT_SCHEMA())
		WHERE a.attnum > 0 -- hide internal columns
		AND NOT a.attisdropped -- hide deleted columns
		AND b.relname = $1$

2025/02/13 14:38:56 /home/bryan/repos/skripsi/backend/setup/setup.go:78
[3.336ms] [rows:0] SELECT description FROM pg_catalog.pg_description WHERE objsubid = (SELECT ordinal_position FROM information_schema.columns WHERE table_schema = CURRENT_SCHEMA() AND table_name = 'refresh_tokens' AND column_name = 'id') AND objoid = (SELECT oid FROM pg_catalog.pg_class WHERE relname = 'refresh_tokens' AND relnamespace = (SELECT oid FROM pg_catalog.pg_namespace WHERE nspname = CURRENT_SCHEMA()))

2025/02/13 14:38:56 /home/bryan/repos/skripsi/backend/setup/setup.go:78
[3.095ms] [rows:0] SELECT description FROM pg_catalog.pg_description WHERE objsubid = (SELECT ordinal_position FROM information_schema.columns WHERE table_schema = CURRENT_SCHEMA() AND table_name = 'refresh_tokens' AND column_name = 'created_at') AND objoid = (SELECT oid FROM pg_catalog.pg_class WHERE relname = 'refresh_tokens' AND relnamespace = (SELECT oid FROM pg_catalog.pg_namespace WHERE nspname = CURRENT_SCHEMA()))

2025/02/13 14:38:56 /home/bryan/repos/skripsi/backend/setup/setup.go:78
[3.043ms] [rows:0] SELECT description FROM pg_catalog.pg_description WHERE objsubid = (SELECT ordinal_position FROM information_schema.columns WHERE table_schema = CURRENT_SCHEMA() AND table_name = 'refresh_tokens' AND column_name = 'updated_at') AND objoid = (SELECT oid FROM pg_catalog.pg_class WHERE relname = 'refresh_tokens' AND relnamespace = (SELECT oid FROM pg_catalog.pg_namespace WHERE nspname = CURRENT_SCHEMA()))

2025/02/13 14:38:56 /home/bryan/repos/skripsi/backend/setup/setup.go:78
[3.242ms] [rows:0] SELECT description FROM pg_catalog.pg_description WHERE objsubid = (SELECT ordinal_position FROM information_schema.columns WHERE table_schema = CURRENT_SCHEMA() AND table_name = 'refresh_tokens' AND column_name = 'deleted_at') AND objoid = (SELECT oid FROM pg_catalog.pg_class WHERE relname = 'refresh_tokens' AND relnamespace = (SELECT oid FROM pg_catalog.pg_namespace WHERE nspname = CURRENT_SCHEMA()))

2025/02/13 14:38:56 /home/bryan/repos/skripsi/backend/setup/setup.go:78
[3.070ms] [rows:0] SELECT description FROM pg_catalog.pg_description WHERE objsubid = (SELECT ordinal_position FROM information_schema.columns WHERE table_schema = CURRENT_SCHEMA() AND table_name = 'refresh_tokens' AND column_name = 'user_id') AND objoid = (SELECT oid FROM pg_catalog.pg_class WHERE relname = 'refresh_tokens' AND relnamespace = (SELECT oid FROM pg_catalog.pg_namespace WHERE nspname = CURRENT_SCHEMA()))

2025/02/13 14:38:56 /home/bryan/repos/skripsi/backend/setup/setup.go:78
[2.943ms] [rows:0] SELECT description FROM pg_catalog.pg_description WHERE objsubid = (SELECT ordinal_position FROM information_schema.columns WHERE table_schema = CURRENT_SCHEMA() AND table_name = 'refresh_tokens' AND column_name = 'token') AND objoid = (SELECT oid FROM pg_catalog.pg_class WHERE relname = 'refresh_tokens' AND relnamespace = (SELECT oid FROM pg_catalog.pg_namespace WHERE nspname = CURRENT_SCHEMA()))

2025/02/13 14:38:56 /home/bryan/repos/skripsi/backend/setup/setup.go:78
[2.971ms] [rows:0] SELECT description FROM pg_catalog.pg_description WHERE objsubid = (SELECT ordinal_position FROM information_schema.columns WHERE table_schema = CURRENT_SCHEMA() AND table_name = 'refresh_tokens' AND column_name = 'expires_at') AND objoid = (SELECT oid FROM pg_catalog.pg_class WHERE relname = 'refresh_tokens' AND relnamespace = (SELECT oid FROM pg_catalog.pg_namespace WHERE nspname = CURRENT_SCHEMA()))

2025/02/13 14:38:56 /home/bryan/repos/skripsi/backend/setup/setup.go:78
[2.069ms] [rows:1] SELECT count(*) FROM pg_indexes WHERE tablename = 'refresh_tokens' AND indexname = 'idx_refresh_tokens_deleted_at' AND schemaname = CURRENT_SCHEMA()

2025/02/13 14:38:56 /home/bryan/repos/skripsi/backend/setup/setup.go:78
[2.202ms] [rows:1] SELECT count(*) FROM pg_indexes WHERE tablename = 'refresh_tokens' AND indexname = 'idx_refresh_tokens_user_id' AND schemaname = CURRENT_SCHEMA()

2025/02/13 14:38:56 /home/bryan/repos/skripsi/backend/setup/setup.go:78
[2.154ms] [rows:1] SELECT count(*) FROM information_schema.tables WHERE table_schema = CURRENT_SCHEMA() AND table_name = 'transactions' AND table_type = 'BASE TABLE'

2025/02/13 14:38:56 /home/bryan/repos/skripsi/backend/setup/setup.go:78
[1.821ms] [rows:1] SELECT CURRENT_DATABASE()

2025/02/13 14:38:56 /home/bryan/repos/skripsi/backend/setup/setup.go:78
[6.687ms] [rows:-] SELECT c.column_name, c.is_nullable = 'YES', c.udt_name, c.character_maximum_length, c.numeric_precision, c.numeric_precision_radix, c.numeric_scale, c.datetime_precision, 8 * typlen, c.column_default, pd.description, c.identity_increment FROM information_schema.columns AS c JOIN pg_type AS pgt ON c.udt_name = pgt.typname LEFT JOIN pg_catalog.pg_description as pd ON pd.objsubid = c.ordinal_position AND pd.objoid = (SELECT oid FROM pg_catalog.pg_class WHERE relname = c.table_name AND relnamespace = (SELECT oid FROM pg_catalog.pg_namespace WHERE nspname = c.table_schema)) where table_catalog = $1$ AND table_schema = CURRENT_SCHEMA() AND table_name = $2$

2025/02/13 14:38:56 /home/bryan/repos/skripsi/backend/setup/setup.go:78
[1.984ms] [rows:-] SELECT * FROM "transactions" LIMIT $1$

2025/02/13 14:38:56 /home/bryan/repos/skripsi/backend/setup/setup.go:78
[5.319ms] [rows:-] SELECT constraint_name FROM information_schema.table_constraints tc JOIN information_schema.constraint_column_usage AS ccu USING (constraint_schema, constraint_catalog, table_name, constraint_name) JOIN information_schema.columns AS c ON c.table_schema = tc.constraint_schema AND tc.table_name = c.table_name AND ccu.column_name = c.column_name WHERE constraint_type IN ('PRIMARY KEY', 'UNIQUE') AND c.table_catalog = $1$ AND c.table_schema = CURRENT_SCHEMA() AND c.table_name = $2$ AND constraint_type = $3$

2025/02/13 14:38:56 /home/bryan/repos/skripsi/backend/setup/setup.go:78
[5.411ms] [rows:-] SELECT c.column_name, constraint_name, constraint_type FROM information_schema.table_constraints tc JOIN information_schema.constraint_column_usage AS ccu USING (constraint_schema, constraint_catalog, table_name, constraint_name) JOIN information_schema.columns AS c ON c.table_schema = tc.constraint_schema AND tc.table_name = c.table_name AND ccu.column_name = c.column_name WHERE constraint_type IN ('PRIMARY KEY', 'UNIQUE') AND c.table_catalog = $1$ AND c.table_schema = CURRENT_SCHEMA() AND c.table_name = $2$

2025/02/13 14:38:56 /home/bryan/repos/skripsi/backend/setup/setup.go:78
[2.067ms] [rows:-] SELECT a.attname as column_name, format_type(a.atttypid, a.atttypmod) AS data_type
		FROM pg_attribute a JOIN pg_class b ON a.attrelid = b.oid AND relnamespace = (SELECT oid FROM pg_catalog.pg_namespace WHERE nspname = CURRENT_SCHEMA())
		WHERE a.attnum > 0 -- hide internal columns
		AND NOT a.attisdropped -- hide deleted columns
		AND b.relname = $1$

2025/02/13 14:38:56 /home/bryan/repos/skripsi/backend/setup/setup.go:78
[2.904ms] [rows:0] SELECT description FROM pg_catalog.pg_description WHERE objsubid = (SELECT ordinal_position FROM information_schema.columns WHERE table_schema = CURRENT_SCHEMA() AND table_name = 'transactions' AND column_name = 'id') AND objoid = (SELECT oid FROM pg_catalog.pg_class WHERE relname = 'transactions' AND relnamespace = (SELECT oid FROM pg_catalog.pg_namespace WHERE nspname = CURRENT_SCHEMA()))

2025/02/13 14:38:56 /home/bryan/repos/skripsi/backend/setup/setup.go:78
[3.002ms] [rows:0] SELECT description FROM pg_catalog.pg_description WHERE objsubid = (SELECT ordinal_position FROM information_schema.columns WHERE table_schema = CURRENT_SCHEMA() AND table_name = 'transactions' AND column_name = 'created_at') AND objoid = (SELECT oid FROM pg_catalog.pg_class WHERE relname = 'transactions' AND relnamespace = (SELECT oid FROM pg_catalog.pg_namespace WHERE nspname = CURRENT_SCHEMA()))

2025/02/13 14:38:56 /home/bryan/repos/skripsi/backend/setup/setup.go:78
[3.090ms] [rows:0] SELECT description FROM pg_catalog.pg_description WHERE objsubid = (SELECT ordinal_position FROM information_schema.columns WHERE table_schema = CURRENT_SCHEMA() AND table_name = 'transactions' AND column_name = 'pet_daycare_id') AND objoid = (SELECT oid FROM pg_catalog.pg_class WHERE relname = 'transactions' AND relnamespace = (SELECT oid FROM pg_catalog.pg_namespace WHERE nspname = CURRENT_SCHEMA()))

2025/02/13 14:38:56 /home/bryan/repos/skripsi/backend/setup/setup.go:78
[3.084ms] [rows:0] SELECT description FROM pg_catalog.pg_description WHERE objsubid = (SELECT ordinal_position FROM information_schema.columns WHERE table_schema = CURRENT_SCHEMA() AND table_name = 'transactions' AND column_name = 'booked_slot_id') AND objoid = (SELECT oid FROM pg_catalog.pg_class WHERE relname = 'transactions' AND relnamespace = (SELECT oid FROM pg_catalog.pg_namespace WHERE nspname = CURRENT_SCHEMA()))

2025/02/13 14:38:56 /home/bryan/repos/skripsi/backend/setup/setup.go:78
[3.197ms] [rows:0] SELECT description FROM pg_catalog.pg_description WHERE objsubid = (SELECT ordinal_position FROM information_schema.columns WHERE table_schema = CURRENT_SCHEMA() AND table_name = 'transactions' AND column_name = 'status') AND objoid = (SELECT oid FROM pg_catalog.pg_class WHERE relname = 'transactions' AND relnamespace = (SELECT oid FROM pg_catalog.pg_namespace WHERE nspname = CURRENT_SCHEMA()))

2025/02/13 14:38:56 /home/bryan/repos/skripsi/backend/setup/setup.go:78
[2.859ms] [rows:1] SELECT count(*) FROM INFORMATION_SCHEMA.table_constraints WHERE table_schema = CURRENT_SCHEMA() AND table_name = 'transactions' AND constraint_name = 'fk_transactions_pet_daycare'

2025/02/13 14:38:56 /home/bryan/repos/skripsi/backend/setup/setup.go:78
[2.772ms] [rows:1] SELECT count(*) FROM INFORMATION_SCHEMA.table_constraints WHERE table_schema = CURRENT_SCHEMA() AND table_name = 'transactions' AND constraint_name = 'fk_transactions_booked_slot'

2025/02/13 14:38:56 /home/bryan/repos/skripsi/backend/setup/setup.go:78
[2.308ms] [rows:1] SELECT count(*) FROM information_schema.tables WHERE table_schema = CURRENT_SCHEMA() AND table_name = 'reduce_slots' AND table_type = 'BASE TABLE'

2025/02/13 14:38:56 /home/bryan/repos/skripsi/backend/setup/setup.go:78
[1.686ms] [rows:1] SELECT CURRENT_DATABASE()

2025/02/13 14:38:56 /home/bryan/repos/skripsi/backend/setup/setup.go:78
[6.607ms] [rows:-] SELECT c.column_name, c.is_nullable = 'YES', c.udt_name, c.character_maximum_length, c.numeric_precision, c.numeric_precision_radix, c.numeric_scale, c.datetime_precision, 8 * typlen, c.column_default, pd.description, c.identity_increment FROM information_schema.columns AS c JOIN pg_type AS pgt ON c.udt_name = pgt.typname LEFT JOIN pg_catalog.pg_description as pd ON pd.objsubid = c.ordinal_position AND pd.objoid = (SELECT oid FROM pg_catalog.pg_class WHERE relname = c.table_name AND relnamespace = (SELECT oid FROM pg_catalog.pg_namespace WHERE nspname = c.table_schema)) where table_catalog = $1$ AND table_schema = CURRENT_SCHEMA() AND table_name = $2$

2025/02/13 14:38:56 /home/bryan/repos/skripsi/backend/setup/setup.go:78
[2.226ms] [rows:-] SELECT * FROM "reduce_slots" LIMIT $1$

2025/02/13 14:38:56 /home/bryan/repos/skripsi/backend/setup/setup.go:78
[5.198ms] [rows:-] SELECT constraint_name FROM information_schema.table_constraints tc JOIN information_schema.constraint_column_usage AS ccu USING (constraint_schema, constraint_catalog, table_name, constraint_name) JOIN information_schema.columns AS c ON c.table_schema = tc.constraint_schema AND tc.table_name = c.table_name AND ccu.column_name = c.column_name WHERE constraint_type IN ('PRIMARY KEY', 'UNIQUE') AND c.table_catalog = $1$ AND c.table_schema = CURRENT_SCHEMA() AND c.table_name = $2$ AND constraint_type = $3$

2025/02/13 14:38:56 /home/bryan/repos/skripsi/backend/setup/setup.go:78
[5.290ms] [rows:-] SELECT c.column_name, constraint_name, constraint_type FROM information_schema.table_constraints tc JOIN information_schema.constraint_column_usage AS ccu USING (constraint_schema, constraint_catalog, table_name, constraint_name) JOIN information_schema.columns AS c ON c.table_schema = tc.constraint_schema AND tc.table_name = c.table_name AND ccu.column_name = c.column_name WHERE constraint_type IN ('PRIMARY KEY', 'UNIQUE') AND c.table_catalog = $1$ AND c.table_schema = CURRENT_SCHEMA() AND c.table_name = $2$

2025/02/13 14:38:56 /home/bryan/repos/skripsi/backend/setup/setup.go:78
[2.439ms] [rows:-] SELECT a.attname as column_name, format_type(a.atttypid, a.atttypmod) AS data_type
		FROM pg_attribute a JOIN pg_class b ON a.attrelid = b.oid AND relnamespace = (SELECT oid FROM pg_catalog.pg_namespace WHERE nspname = CURRENT_SCHEMA())
		WHERE a.attnum > 0 -- hide internal columns
		AND NOT a.attisdropped -- hide deleted columns
		AND b.relname = $1$

2025/02/13 14:38:56 /home/bryan/repos/skripsi/backend/setup/setup.go:78
[3.328ms] [rows:0] SELECT description FROM pg_catalog.pg_description WHERE objsubid = (SELECT ordinal_position FROM information_schema.columns WHERE table_schema = CURRENT_SCHEMA() AND table_name = 'reduce_slots' AND column_name = 'id') AND objoid = (SELECT oid FROM pg_catalog.pg_class WHERE relname = 'reduce_slots' AND relnamespace = (SELECT oid FROM pg_catalog.pg_namespace WHERE nspname = CURRENT_SCHEMA()))

2025/02/13 14:38:56 /home/bryan/repos/skripsi/backend/setup/setup.go:78
[2.837ms] [rows:0] SELECT description FROM pg_catalog.pg_description WHERE objsubid = (SELECT ordinal_position FROM information_schema.columns WHERE table_schema = CURRENT_SCHEMA() AND table_name = 'reduce_slots' AND column_name = 'slot_id') AND objoid = (SELECT oid FROM pg_catalog.pg_class WHERE relname = 'reduce_slots' AND relnamespace = (SELECT oid FROM pg_catalog.pg_namespace WHERE nspname = CURRENT_SCHEMA()))

2025/02/13 14:38:56 /home/bryan/repos/skripsi/backend/setup/setup.go:78
[2.813ms] [rows:0] SELECT description FROM pg_catalog.pg_description WHERE objsubid = (SELECT ordinal_position FROM information_schema.columns WHERE table_schema = CURRENT_SCHEMA() AND table_name = 'reduce_slots' AND column_name = 'reduced_count') AND objoid = (SELECT oid FROM pg_catalog.pg_class WHERE relname = 'reduce_slots' AND relnamespace = (SELECT oid FROM pg_catalog.pg_namespace WHERE nspname = CURRENT_SCHEMA()))

2025/02/13 14:38:56 /home/bryan/repos/skripsi/backend/setup/setup.go:78
[2.700ms] [rows:0] SELECT description FROM pg_catalog.pg_description WHERE objsubid = (SELECT ordinal_position FROM information_schema.columns WHERE table_schema = CURRENT_SCHEMA() AND table_name = 'reduce_slots' AND column_name = 'target_date') AND objoid = (SELECT oid FROM pg_catalog.pg_class WHERE relname = 'reduce_slots' AND relnamespace = (SELECT oid FROM pg_catalog.pg_namespace WHERE nspname = CURRENT_SCHEMA()))

2025/02/13 14:38:56 /home/bryan/repos/skripsi/backend/setup/setup.go:78
[2.273ms] [rows:1] SELECT count(*) FROM information_schema.tables WHERE table_schema = CURRENT_SCHEMA() AND table_name = 'booked_slots_dailies' AND table_type = 'BASE TABLE'

2025/02/13 14:38:56 /home/bryan/repos/skripsi/backend/setup/setup.go:78
[1.566ms] [rows:1] SELECT CURRENT_DATABASE()

2025/02/13 14:38:56 /home/bryan/repos/skripsi/backend/setup/setup.go:78
[7.137ms] [rows:-] SELECT c.column_name, c.is_nullable = 'YES', c.udt_name, c.character_maximum_length, c.numeric_precision, c.numeric_precision_radix, c.numeric_scale, c.datetime_precision, 8 * typlen, c.column_default, pd.description, c.identity_increment FROM information_schema.columns AS c JOIN pg_type AS pgt ON c.udt_name = pgt.typname LEFT JOIN pg_catalog.pg_description as pd ON pd.objsubid = c.ordinal_position AND pd.objoid = (SELECT oid FROM pg_catalog.pg_class WHERE relname = c.table_name AND relnamespace = (SELECT oid FROM pg_catalog.pg_namespace WHERE nspname = c.table_schema)) where table_catalog = $1$ AND table_schema = CURRENT_SCHEMA() AND table_name = $2$

2025/02/13 14:38:56 /home/bryan/repos/skripsi/backend/setup/setup.go:78
[3.954ms] [rows:-] SELECT * FROM "booked_slots_dailies" LIMIT $1$

2025/02/13 14:38:56 /home/bryan/repos/skripsi/backend/setup/setup.go:78
[6.465ms] [rows:-] SELECT constraint_name FROM information_schema.table_constraints tc JOIN information_schema.constraint_column_usage AS ccu USING (constraint_schema, constraint_catalog, table_name, constraint_name) JOIN information_schema.columns AS c ON c.table_schema = tc.constraint_schema AND tc.table_name = c.table_name AND ccu.column_name = c.column_name WHERE constraint_type IN ('PRIMARY KEY', 'UNIQUE') AND c.table_catalog = $1$ AND c.table_schema = CURRENT_SCHEMA() AND c.table_name = $2$ AND constraint_type = $3$

2025/02/13 14:38:56 /home/bryan/repos/skripsi/backend/setup/setup.go:78
[5.383ms] [rows:-] SELECT c.column_name, constraint_name, constraint_type FROM information_schema.table_constraints tc JOIN information_schema.constraint_column_usage AS ccu USING (constraint_schema, constraint_catalog, table_name, constraint_name) JOIN information_schema.columns AS c ON c.table_schema = tc.constraint_schema AND tc.table_name = c.table_name AND ccu.column_name = c.column_name WHERE constraint_type IN ('PRIMARY KEY', 'UNIQUE') AND c.table_catalog = $1$ AND c.table_schema = CURRENT_SCHEMA() AND c.table_name = $2$

2025/02/13 14:38:56 /home/bryan/repos/skripsi/backend/setup/setup.go:78
[2.129ms] [rows:-] SELECT a.attname as column_name, format_type(a.atttypid, a.atttypmod) AS data_type
		FROM pg_attribute a JOIN pg_class b ON a.attrelid = b.oid AND relnamespace = (SELECT oid FROM pg_catalog.pg_namespace WHERE nspname = CURRENT_SCHEMA())
		WHERE a.attnum > 0 -- hide internal columns
		AND NOT a.attisdropped -- hide deleted columns
		AND b.relname = $1$

2025/02/13 14:38:56 /home/bryan/repos/skripsi/backend/setup/setup.go:78
[3.045ms] [rows:0] SELECT description FROM pg_catalog.pg_description WHERE objsubid = (SELECT ordinal_position FROM information_schema.columns WHERE table_schema = CURRENT_SCHEMA() AND table_name = 'booked_slots_dailies' AND column_name = 'id') AND objoid = (SELECT oid FROM pg_catalog.pg_class WHERE relname = 'booked_slots_dailies' AND relnamespace = (SELECT oid FROM pg_catalog.pg_namespace WHERE nspname = CURRENT_SCHEMA()))

2025/02/13 14:38:56 /home/bryan/repos/skripsi/backend/setup/setup.go:78
[2.911ms] [rows:0] SELECT description FROM pg_catalog.pg_description WHERE objsubid = (SELECT ordinal_position FROM information_schema.columns WHERE table_schema = CURRENT_SCHEMA() AND table_name = 'booked_slots_dailies' AND column_name = 'daycare_id') AND objoid = (SELECT oid FROM pg_catalog.pg_class WHERE relname = 'booked_slots_dailies' AND relnamespace = (SELECT oid FROM pg_catalog.pg_namespace WHERE nspname = CURRENT_SCHEMA()))

2025/02/13 14:38:56 /home/bryan/repos/skripsi/backend/setup/setup.go:78
[3.087ms] [rows:0] SELECT description FROM pg_catalog.pg_description WHERE objsubid = (SELECT ordinal_position FROM information_schema.columns WHERE table_schema = CURRENT_SCHEMA() AND table_name = 'booked_slots_dailies' AND column_name = 'date') AND objoid = (SELECT oid FROM pg_catalog.pg_class WHERE relname = 'booked_slots_dailies' AND relnamespace = (SELECT oid FROM pg_catalog.pg_namespace WHERE nspname = CURRENT_SCHEMA()))

2025/02/13 14:38:56 /home/bryan/repos/skripsi/backend/setup/setup.go:78
[3.089ms] [rows:0] SELECT description FROM pg_catalog.pg_description WHERE objsubid = (SELECT ordinal_position FROM information_schema.columns WHERE table_schema = CURRENT_SCHEMA() AND table_name = 'booked_slots_dailies' AND column_name = 'slot_count') AND objoid = (SELECT oid FROM pg_catalog.pg_class WHERE relname = 'booked_slots_dailies' AND relnamespace = (SELECT oid FROM pg_catalog.pg_namespace WHERE nspname = CURRENT_SCHEMA()))

2025/02/13 14:38:56 /home/bryan/repos/skripsi/backend/setup/setup.go:78
[2.050ms] [rows:1] SELECT count(*) FROM pg_indexes WHERE tablename = 'booked_slots_dailies' AND indexname = 'idx_booked_slots_dailies_date' AND schemaname = CURRENT_SCHEMA()
[GIN-debug] [WARNING] Creating an Engine instance with the Logger and Recovery middleware already attached.

[GIN-debug] [WARNING] Running in "debug" mode. Switch to "release" mode in production.
 - using env:	export GIN_MODE=release
 - using code:	gin.SetMode(gin.ReleaseMode)

[GIN-debug] GET    /assets/*filepath         --> github.com/gin-gonic/gin.(*RouterGroup).createStaticHandler.func1 (3 handlers)
[GIN-debug] HEAD   /assets/*filepath         --> github.com/gin-gonic/gin.(*RouterGroup).createStaticHandler.func1 (3 handlers)
[GIN-debug] POST   /users                    --> github.com/BryanEgbert/skripsi/controller.(*UserController).CreateUser-fm (3 handlers)
[GIN-debug] GET    /users/vets               --> github.com/BryanEgbert/skripsi/controller.(*UserController).GetVets-fm (4 handlers)
[GIN-debug] GET    /users/:id                --> github.com/BryanEgbert/skripsi/controller.(*UserController).GetUser-fm (4 handlers)
[GIN-debug] DELETE /users                    --> github.com/BryanEgbert/skripsi/controller.(*UserController).DeleteUser-fm (4 handlers)
[GIN-debug] PUT    /users                    --> github.com/BryanEgbert/skripsi/controller.(*UserController).UpdateUserProfile-fm (4 handlers)
[GIN-debug] PATCH  /users/password           --> github.com/BryanEgbert/skripsi/controller.(*UserController).UpdateUserPassword-fm (4 handlers)
[GIN-debug] POST   /login                    --> github.com/BryanEgbert/skripsi/controller.(*AuthController).Login-fm (3 handlers)
[GIN-debug] POST   /refresh                  --> github.com/BryanEgbert/skripsi/controller.(*AuthController).RefreshToken-fm (4 handlers)
[GIN-debug] GET    /pets/:id                 --> github.com/BryanEgbert/skripsi/controller.(*PetController).GetPet-fm (4 handlers)
[GIN-debug] GET    /pets                     --> github.com/BryanEgbert/skripsi/controller.(*PetController).GetPets-fm (4 handlers)
[GIN-debug] POST   /pets                     --> github.com/BryanEgbert/skripsi/controller.(*PetController).CreatePet-fm (4 handlers)
[GIN-debug] PUT    /pets/:id                 --> github.com/BryanEgbert/skripsi/controller.(*PetController).UpdatePet-fm (4 handlers)
[GIN-debug] DELETE /pets/:id                 --> github.com/BryanEgbert/skripsi/controller.(*PetController).DeletePet-fm (4 handlers)
[GIN-debug] PATCH  /daycare/slot/:slotId     --> github.com/BryanEgbert/skripsi/controller.(*PetDaycareController).EditSlotCount-fm (4 handlers)
[GIN-debug] GET    /daycare/:id/slot         --> github.com/BryanEgbert/skripsi/controller.(*PetDaycareController).GetPetDaycareSlots-fm (4 handlers)
[GIN-debug] POST   /daycare/:id/slot         --> github.com/BryanEgbert/skripsi/controller.(*PetDaycareController).CreateSlot-fm (4 handlers)
[GIN-debug] GET    /daycare/:id/review       --> github.com/BryanEgbert/skripsi/controller.(*PetDaycareController).GetReviews-fm (4 handlers)
[GIN-debug] POST   /daycare/:id/review       --> github.com/BryanEgbert/skripsi/controller.(*PetDaycareController).CreateReview-fm (4 handlers)
[GIN-debug] DELETE /daycare/:id/review       --> github.com/BryanEgbert/skripsi/controller.(*PetDaycareController).DeleteReview-fm (4 handlers)
[GIN-debug] GET    /daycare/:id              --> github.com/BryanEgbert/skripsi/controller.(*PetDaycareController).GetPetDaycare-fm (4 handlers)
[GIN-debug] GET    /daycare                  --> github.com/BryanEgbert/skripsi/controller.(*PetDaycareController).GetPetDaycares-fm (4 handlers)
[GIN-debug] POST   /daycare                  --> github.com/BryanEgbert/skripsi/controller.(*PetDaycareController).CreatePetDaycare-fm (4 handlers)
[GIN-debug] PUT    /daycare/:id              --> github.com/BryanEgbert/skripsi/controller.(*PetDaycareController).UpdatePetDaycare-fm (4 handlers)
[GIN-debug] DELETE /daycare/:id              --> github.com/BryanEgbert/skripsi/controller.(*PetDaycareController).DeletePetDaycare-fm (4 handlers)

2025/02/13 14:38:56 /home/bryan/repos/skripsi/backend/service/pet_daycare_service.go:368
[4.889ms] [rows:0] SELECT * FROM "booked_slots" WHERE "booked_slots"."daycare_id" = $1$ AND end_date > CURRENT_TIMESTAMP AND "booked_slots"."deleted_at" IS NULL

2025/02/13 14:38:56 /home/bryan/repos/skripsi/backend/service/pet_daycare_service.go:368
[3.821ms] [rows:1] SELECT * FROM "users" WHERE "users"."id" = $1$ AND "users"."deleted_at" IS NULL

2025/02/13 14:38:56 /home/bryan/repos/skripsi/backend/service/pet_daycare_service.go:368
[3.566ms] [rows:0] SELECT * FROM "thumbnails" WHERE "thumbnails"."daycare_id" = $1$

2025/02/13 14:38:56 /home/bryan/repos/skripsi/backend/service/pet_daycare_service.go:368
[17.634ms] [rows:0] SELECT * FROM "pet_daycares" WHERE "pet_daycares"."deleted_at" IS NULL AND "pet_daycares"."id" = $1$

2025/02/13 14:38:56 /home/bryan/repos/skripsi/backend/service/pet_daycare_service.go:379
[7.228ms] [rows:0] DELETE FROM "pet_daycares" WHERE "pet_daycares"."id" = $1$
[GIN] 2025/02/13 - 14:38:56 | 204 |   25.108192ms |                 | DELETE   "/daycare/10000"
--- PASS: TestDeletePetDaycare (6.89s)
    --- PASS: TestDeletePetDaycare/On_delete_pet_daycare,_should_return_204_when_pet_daycare_ID_exists_in_DB_and_owner_ID_match_with_token_user_ID (1.78s)
    --- PASS: TestDeletePetDaycare/On_delete_pet_daycare,_should_return_403_when_pet_still_book_in_pet_daycare (1.52s)
    --- PASS: TestDeletePetDaycare/On_delete_pet_daycare,_should_return_204_when_pet_daycare_ID_exists_in_DB_and_owner_ID_doesn't_match_with_token_user_ID (1.74s)
    --- PASS: TestDeletePetDaycare/On_delete_pet_daycare,_should_return_204_when_pet_daycare_ID_doesn't_exists_in_DB (1.84s)
=== RUN   TestGetPet
=== RUN   TestGetPet/On_get_pet,_should_return_petDTO_when_pet_ID_exists_in_DB

2025/02/13 14:38:56 /home/bryan/repos/skripsi/backend/setup/setup.go:60
[343.612ms] [rows:0] TRUNCATE TABLE users, vet_specialties, user_vet_specialties, pet_daycares, pets, size_categories, roles, slots, booked_slots, thumbnails, species, reviews, refresh_tokens, transactions, daily_walks, daily_playtimes, reduce_slots RESTART IDENTITY CASCADE;

2025/02/13 14:38:56 /home/bryan/repos/skripsi/backend/seeder/seeder.go:18
[15.170ms] [rows:3] INSERT INTO "roles" ("name","id") VALUES ($1$,$2$),($3$,$4$),($5$,$6$) RETURNING "id"

2025/02/13 14:38:56 /home/bryan/repos/skripsi/backend/seeder/seeder.go:29
[9.624ms] [rows:4] INSERT INTO "daily_walks" ("name","id") VALUES ($1$,$2$),($3$,$4$),($5$,$6$),($7$,$8$) RETURNING "id"

2025/02/13 14:38:56 /home/bryan/repos/skripsi/backend/seeder/seeder.go:39
[9.274ms] [rows:4] INSERT INTO "daily_playtimes" ("name","id") VALUES ($1$,$2$),($3$,$4$),($5$,$6$),($7$,$8$) RETURNING "id"

2025/02/13 14:38:56 /home/bryan/repos/skripsi/backend/seeder/seeder.go:61
[13.224ms] [rows:17] INSERT INTO "vet_specialties" ("name") VALUES ($1$),($2$),($3$),($4$),($5$),($6$),($7$),($8$),($9$),($10$),($11$),($12$),($13$),($14$),($15$),($16$),($17$) RETURNING "id"

2025/02/13 14:38:56 /home/bryan/repos/skripsi/backend/seeder/seeder.go:71
[11.747ms] [rows:3] INSERT INTO "species" ("name") VALUES ($1$),($2$),($3$) RETURNING "id"

2025/02/13 14:38:56 /home/bryan/repos/skripsi/backend/seeder/seeder.go:83
[11.091ms] [rows:5] INSERT INTO "size_categories" ("name","min_weight","max_weight") VALUES ($1$,$2$,$3$),($4$,$5$,$6$),($7$,$8$,$9$),($10$,$11$,$12$),($13$,$14$,$15$) RETURNING "id"

2025/02/13 14:38:57 /home/bryan/repos/skripsi/backend/seeder/seeder.go:106
[2.393ms] [rows:0] INSERT INTO "vet_specialties" ("name","id") VALUES ($1$,$2$),($3$,$4$),($5$,$6$) ON CONFLICT DO NOTHING RETURNING "id"

2025/02/13 14:38:57 /home/bryan/repos/skripsi/backend/seeder/seeder.go:106
[4.127ms] [rows:3] INSERT INTO "user_vet_specialties" ("user_id","vet_specialty_id") VALUES ($1$,$2$),($3$,$4$),($5$,$6$) ON CONFLICT DO NOTHING

2025/02/13 14:38:57 /home/bryan/repos/skripsi/backend/seeder/seeder.go:106
[16.919ms] [rows:6] INSERT INTO "users" ("created_at","updated_at","deleted_at","name","email","password","role_id","image_url") VALUES ($1$,$2$,$3$,$4$,$5$,$6$,$7$,$8$),($9$,$10$,$11$,$12$,$13$,$14$,$15$,$16$),($17$,$18$,$19$,$20$,$21$,$22$,$23$,$24$),($25$,$26$,$27$,$28$,$29$,$30$,$31$,$32$),($33$,$34$,$35$,$36$,$37$,$38$,$39$,DEFAULT),($40$,$41$,$42$,$43$,$44$,$45$,$46$,$47$) RETURNING "id","image_url"

2025/02/13 14:38:57 /home/bryan/repos/skripsi/backend/seeder/seeder.go:148
[1.786ms] [rows:0] INSERT INTO "daily_walks" ("name","id") VALUES ($1$,$2$) ON CONFLICT DO NOTHING RETURNING "id"

2025/02/13 14:38:57 /home/bryan/repos/skripsi/backend/seeder/seeder.go:148
[1.785ms] [rows:0] INSERT INTO "daily_playtimes" ("name","id") VALUES ($1$,$2$),($3$,$4$) ON CONFLICT DO NOTHING RETURNING "id"

2025/02/13 14:38:57 /home/bryan/repos/skripsi/backend/seeder/seeder.go:148
[11.992ms] [rows:3] INSERT INTO "pet_daycares" ("created_at","updated_at","deleted_at","name","address","latitude","longitude","price","pricing_type","description","has_pickup_service","must_be_vaccinated","food_provided","grooming_available","booked_num","daily_walks_id","daily_playtime_id","owner_id","food_brand") VALUES ($1$,$2$,$3$,$4$,$5$,$6$,$7$,$8$,$9$,$10$,$11$,$12$,$13$,$14$,$15$,$16$,$17$,$18$,$19$),($20$,$21$,$22$,$23$,$24$,$25$,$26$,$27$,$28$,$29$,$30$,$31$,$32$,$33$,$34$,$35$,$36$,$37$,$38$),($39$,$40$,$41$,$42$,$43$,$44$,$45$,$46$,$47$,$48$,$49$,$50$,$51$,$52$,$53$,$54$,$55$,$56$,$57$) RETURNING "id"

2025/02/13 14:38:57 /home/bryan/repos/skripsi/backend/seeder/seeder.go:158
[7.107ms] [rows:3] INSERT INTO "slots" ("created_at","updated_at","deleted_at","daycare_id","species_id","size_category_id","max_number") VALUES ($1$,$2$,$3$,$4$,$5$,$6$,$7$),($8$,$9$,$10$,$11$,$12$,$13$,$14$),($15$,$16$,$17$,$18$,$19$,$20$,$21$) RETURNING "id"

2025/02/13 14:38:57 /home/bryan/repos/skripsi/backend/seeder/seeder.go:172
[6.704ms] [rows:2] INSERT INTO "pets" ("created_at","updated_at","deleted_at","name","image_url","status","owner_id","species_id","size_id") VALUES ($1$,$2$,$3$,$4$,$5$,$6$,$7$,$8$,$9$),($10$,$11$,$12$,$13$,$14$,$15$,$16$,$17$,$18$) RETURNING "id"

2025/02/13 14:38:57 /home/bryan/repos/skripsi/backend/seeder/seeder.go:189
[7.353ms] [rows:2] INSERT INTO "booked_slots" ("created_at","updated_at","deleted_at","user_id","daycare_id","pet_id","start_date","end_date") VALUES ($1$,$2$,$3$,$4$,$5$,$6$,$7$,$8$),($9$,$10$,$11$,$12$,$13$,$14$,$15$,$16$) RETURNING "id"

2025/02/13 14:38:57 /home/bryan/repos/skripsi/backend/seeder/seeder.go:205
[6.620ms] [rows:3] INSERT INTO "reviews" ("created_at","updated_at","deleted_at","daycare_id","user_id","name","rate","description") VALUES ($1$,$2$,$3$,$4$,$5$,$6$,$7$,$8$),($9$,$10$,$11$,$12$,$13$,$14$,$15$,$16$),($17$,$18$,$19$,$20$,$21$,$22$,$23$,$24$) RETURNING "id"

2025/02/13 14:38:57 /home/bryan/repos/skripsi/backend/seeder/seeder.go:213
[5.148ms] [rows:1] INSERT INTO "reduce_slots" ("slot_id","reduced_count","target_date") VALUES ($1$,$2$,$3$) RETURNING "id"

2025/02/13 14:38:57 /home/bryan/repos/skripsi/backend/seeder/seeder.go:222
[5.895ms] [rows:2] INSERT INTO "thumbnails" ("daycare_id","image_url") VALUES ($1$,$2$),($3$,$4$) RETURNING "id"

2025/02/13 14:38:57 /home/bryan/repos/skripsi/backend/seeder/seeder.go:230
[6.160ms] [rows:1] INSERT INTO "transactions" ("pet_daycare_id","booked_slot_id","status") VALUES ($1$,$2$,$3$) RETURNING "created_at","id"

2025/02/13 14:38:57 /home/bryan/repos/skripsi/backend/setup/setup.go:78
[15.755ms] [rows:1] SELECT count(*) FROM information_schema.tables WHERE table_schema = CURRENT_SCHEMA() AND table_name = 'roles' AND table_type = 'BASE TABLE'

2025/02/13 14:38:57 /home/bryan/repos/skripsi/backend/setup/setup.go:78
[2.051ms] [rows:1] SELECT CURRENT_DATABASE()

2025/02/13 14:38:57 /home/bryan/repos/skripsi/backend/setup/setup.go:78
[51.434ms] [rows:-] SELECT c.column_name, c.is_nullable = 'YES', c.udt_name, c.character_maximum_length, c.numeric_precision, c.numeric_precision_radix, c.numeric_scale, c.datetime_precision, 8 * typlen, c.column_default, pd.description, c.identity_increment FROM information_schema.columns AS c JOIN pg_type AS pgt ON c.udt_name = pgt.typname LEFT JOIN pg_catalog.pg_description as pd ON pd.objsubid = c.ordinal_position AND pd.objoid = (SELECT oid FROM pg_catalog.pg_class WHERE relname = c.table_name AND relnamespace = (SELECT oid FROM pg_catalog.pg_namespace WHERE nspname = c.table_schema)) where table_catalog = $1$ AND table_schema = CURRENT_SCHEMA() AND table_name = $2$

2025/02/13 14:38:57 /home/bryan/repos/skripsi/backend/setup/setup.go:78
[1.595ms] [rows:-] SELECT * FROM "roles" LIMIT $1$

2025/02/13 14:38:57 /home/bryan/repos/skripsi/backend/setup/setup.go:78
[38.565ms] [rows:-] SELECT constraint_name FROM information_schema.table_constraints tc JOIN information_schema.constraint_column_usage AS ccu USING (constraint_schema, constraint_catalog, table_name, constraint_name) JOIN information_schema.columns AS c ON c.table_schema = tc.constraint_schema AND tc.table_name = c.table_name AND ccu.column_name = c.column_name WHERE constraint_type IN ('PRIMARY KEY', 'UNIQUE') AND c.table_catalog = $1$ AND c.table_schema = CURRENT_SCHEMA() AND c.table_name = $2$ AND constraint_type = $3$

2025/02/13 14:38:57 /home/bryan/repos/skripsi/backend/setup/setup.go:78
[31.884ms] [rows:-] SELECT c.column_name, constraint_name, constraint_type FROM information_schema.table_constraints tc JOIN information_schema.constraint_column_usage AS ccu USING (constraint_schema, constraint_catalog, table_name, constraint_name) JOIN information_schema.columns AS c ON c.table_schema = tc.constraint_schema AND tc.table_name = c.table_name AND ccu.column_name = c.column_name WHERE constraint_type IN ('PRIMARY KEY', 'UNIQUE') AND c.table_catalog = $1$ AND c.table_schema = CURRENT_SCHEMA() AND c.table_name = $2$

2025/02/13 14:38:57 /home/bryan/repos/skripsi/backend/setup/setup.go:78
[3.348ms] [rows:-] SELECT a.attname as column_name, format_type(a.atttypid, a.atttypmod) AS data_type
		FROM pg_attribute a JOIN pg_class b ON a.attrelid = b.oid AND relnamespace = (SELECT oid FROM pg_catalog.pg_namespace WHERE nspname = CURRENT_SCHEMA())
		WHERE a.attnum > 0 -- hide internal columns
		AND NOT a.attisdropped -- hide deleted columns
		AND b.relname = $1$

2025/02/13 14:38:57 /home/bryan/repos/skripsi/backend/setup/setup.go:78
[8.967ms] [rows:0] SELECT description FROM pg_catalog.pg_description WHERE objsubid = (SELECT ordinal_position FROM information_schema.columns WHERE table_schema = CURRENT_SCHEMA() AND table_name = 'roles' AND column_name = 'id') AND objoid = (SELECT oid FROM pg_catalog.pg_class WHERE relname = 'roles' AND relnamespace = (SELECT oid FROM pg_catalog.pg_namespace WHERE nspname = CURRENT_SCHEMA()))

2025/02/13 14:38:57 /home/bryan/repos/skripsi/backend/setup/setup.go:78
[6.755ms] [rows:0] SELECT description FROM pg_catalog.pg_description WHERE objsubid = (SELECT ordinal_position FROM information_schema.columns WHERE table_schema = CURRENT_SCHEMA() AND table_name = 'roles' AND column_name = 'name') AND objoid = (SELECT oid FROM pg_catalog.pg_class WHERE relname = 'roles' AND relnamespace = (SELECT oid FROM pg_catalog.pg_namespace WHERE nspname = CURRENT_SCHEMA()))

2025/02/13 14:38:57 /home/bryan/repos/skripsi/backend/setup/setup.go:78
[2.123ms] [rows:1] SELECT count(*) FROM information_schema.tables WHERE table_schema = CURRENT_SCHEMA() AND table_name = 'users' AND table_type = 'BASE TABLE'

2025/02/13 14:38:57 /home/bryan/repos/skripsi/backend/setup/setup.go:78
[0.743ms] [rows:1] SELECT CURRENT_DATABASE()

2025/02/13 14:38:57 /home/bryan/repos/skripsi/backend/setup/setup.go:78
[11.883ms] [rows:-] SELECT c.column_name, c.is_nullable = 'YES', c.udt_name, c.character_maximum_length, c.numeric_precision, c.numeric_precision_radix, c.numeric_scale, c.datetime_precision, 8 * typlen, c.column_default, pd.description, c.identity_increment FROM information_schema.columns AS c JOIN pg_type AS pgt ON c.udt_name = pgt.typname LEFT JOIN pg_catalog.pg_description as pd ON pd.objsubid = c.ordinal_position AND pd.objoid = (SELECT oid FROM pg_catalog.pg_class WHERE relname = c.table_name AND relnamespace = (SELECT oid FROM pg_catalog.pg_namespace WHERE nspname = c.table_schema)) where table_catalog = $1$ AND table_schema = CURRENT_SCHEMA() AND table_name = $2$

2025/02/13 14:38:57 /home/bryan/repos/skripsi/backend/setup/setup.go:78
[1.025ms] [rows:-] SELECT * FROM "users" LIMIT $1$

2025/02/13 14:38:57 /home/bryan/repos/skripsi/backend/setup/setup.go:78
[17.656ms] [rows:-] SELECT constraint_name FROM information_schema.table_constraints tc JOIN information_schema.constraint_column_usage AS ccu USING (constraint_schema, constraint_catalog, table_name, constraint_name) JOIN information_schema.columns AS c ON c.table_schema = tc.constraint_schema AND tc.table_name = c.table_name AND ccu.column_name = c.column_name WHERE constraint_type IN ('PRIMARY KEY', 'UNIQUE') AND c.table_catalog = $1$ AND c.table_schema = CURRENT_SCHEMA() AND c.table_name = $2$ AND constraint_type = $3$

2025/02/13 14:38:57 /home/bryan/repos/skripsi/backend/setup/setup.go:78
[16.955ms] [rows:-] SELECT c.column_name, constraint_name, constraint_type FROM information_schema.table_constraints tc JOIN information_schema.constraint_column_usage AS ccu USING (constraint_schema, constraint_catalog, table_name, constraint_name) JOIN information_schema.columns AS c ON c.table_schema = tc.constraint_schema AND tc.table_name = c.table_name AND ccu.column_name = c.column_name WHERE constraint_type IN ('PRIMARY KEY', 'UNIQUE') AND c.table_catalog = $1$ AND c.table_schema = CURRENT_SCHEMA() AND c.table_name = $2$

2025/02/13 14:38:57 /home/bryan/repos/skripsi/backend/setup/setup.go:78
[1.657ms] [rows:-] SELECT a.attname as column_name, format_type(a.atttypid, a.atttypmod) AS data_type
		FROM pg_attribute a JOIN pg_class b ON a.attrelid = b.oid AND relnamespace = (SELECT oid FROM pg_catalog.pg_namespace WHERE nspname = CURRENT_SCHEMA())
		WHERE a.attnum > 0 -- hide internal columns
		AND NOT a.attisdropped -- hide deleted columns
		AND b.relname = $1$

2025/02/13 14:38:57 /home/bryan/repos/skripsi/backend/setup/setup.go:78
[5.817ms] [rows:0] SELECT description FROM pg_catalog.pg_description WHERE objsubid = (SELECT ordinal_position FROM information_schema.columns WHERE table_schema = CURRENT_SCHEMA() AND table_name = 'users' AND column_name = 'id') AND objoid = (SELECT oid FROM pg_catalog.pg_class WHERE relname = 'users' AND relnamespace = (SELECT oid FROM pg_catalog.pg_namespace WHERE nspname = CURRENT_SCHEMA()))

2025/02/13 14:38:57 /home/bryan/repos/skripsi/backend/setup/setup.go:78
[5.873ms] [rows:0] SELECT description FROM pg_catalog.pg_description WHERE objsubid = (SELECT ordinal_position FROM information_schema.columns WHERE table_schema = CURRENT_SCHEMA() AND table_name = 'users' AND column_name = 'created_at') AND objoid = (SELECT oid FROM pg_catalog.pg_class WHERE relname = 'users' AND relnamespace = (SELECT oid FROM pg_catalog.pg_namespace WHERE nspname = CURRENT_SCHEMA()))

2025/02/13 14:38:57 /home/bryan/repos/skripsi/backend/setup/setup.go:78
[5.686ms] [rows:0] SELECT description FROM pg_catalog.pg_description WHERE objsubid = (SELECT ordinal_position FROM information_schema.columns WHERE table_schema = CURRENT_SCHEMA() AND table_name = 'users' AND column_name = 'updated_at') AND objoid = (SELECT oid FROM pg_catalog.pg_class WHERE relname = 'users' AND relnamespace = (SELECT oid FROM pg_catalog.pg_namespace WHERE nspname = CURRENT_SCHEMA()))

2025/02/13 14:38:57 /home/bryan/repos/skripsi/backend/setup/setup.go:78
[5.563ms] [rows:0] SELECT description FROM pg_catalog.pg_description WHERE objsubid = (SELECT ordinal_position FROM information_schema.columns WHERE table_schema = CURRENT_SCHEMA() AND table_name = 'users' AND column_name = 'deleted_at') AND objoid = (SELECT oid FROM pg_catalog.pg_class WHERE relname = 'users' AND relnamespace = (SELECT oid FROM pg_catalog.pg_namespace WHERE nspname = CURRENT_SCHEMA()))

2025/02/13 14:38:57 /home/bryan/repos/skripsi/backend/setup/setup.go:78
[1.588ms] [rows:0] SELECT description FROM pg_catalog.pg_description WHERE objsubid = (SELECT ordinal_position FROM information_schema.columns WHERE table_schema = CURRENT_SCHEMA() AND table_name = 'users' AND column_name = 'name') AND objoid = (SELECT oid FROM pg_catalog.pg_class WHERE relname = 'users' AND relnamespace = (SELECT oid FROM pg_catalog.pg_namespace WHERE nspname = CURRENT_SCHEMA()))

2025/02/13 14:38:57 /home/bryan/repos/skripsi/backend/setup/setup.go:78
[1.418ms] [rows:0] SELECT description FROM pg_catalog.pg_description WHERE objsubid = (SELECT ordinal_position FROM information_schema.columns WHERE table_schema = CURRENT_SCHEMA() AND table_name = 'users' AND column_name = 'email') AND objoid = (SELECT oid FROM pg_catalog.pg_class WHERE relname = 'users' AND relnamespace = (SELECT oid FROM pg_catalog.pg_namespace WHERE nspname = CURRENT_SCHEMA()))

2025/02/13 14:38:57 /home/bryan/repos/skripsi/backend/setup/setup.go:78
[1.360ms] [rows:0] SELECT description FROM pg_catalog.pg_description WHERE objsubid = (SELECT ordinal_position FROM information_schema.columns WHERE table_schema = CURRENT_SCHEMA() AND table_name = 'users' AND column_name = 'password') AND objoid = (SELECT oid FROM pg_catalog.pg_class WHERE relname = 'users' AND relnamespace = (SELECT oid FROM pg_catalog.pg_namespace WHERE nspname = CURRENT_SCHEMA()))

2025/02/13 14:38:57 /home/bryan/repos/skripsi/backend/setup/setup.go:78
[1.370ms] [rows:0] SELECT description FROM pg_catalog.pg_description WHERE objsubid = (SELECT ordinal_position FROM information_schema.columns WHERE table_schema = CURRENT_SCHEMA() AND table_name = 'users' AND column_name = 'image_url') AND objoid = (SELECT oid FROM pg_catalog.pg_class WHERE relname = 'users' AND relnamespace = (SELECT oid FROM pg_catalog.pg_namespace WHERE nspname = CURRENT_SCHEMA()))

2025/02/13 14:38:57 /home/bryan/repos/skripsi/backend/setup/setup.go:78
[1.425ms] [rows:0] SELECT description FROM pg_catalog.pg_description WHERE objsubid = (SELECT ordinal_position FROM information_schema.columns WHERE table_schema = CURRENT_SCHEMA() AND table_name = 'users' AND column_name = 'role_id') AND objoid = (SELECT oid FROM pg_catalog.pg_class WHERE relname = 'users' AND relnamespace = (SELECT oid FROM pg_catalog.pg_namespace WHERE nspname = CURRENT_SCHEMA()))

2025/02/13 14:38:57 /home/bryan/repos/skripsi/backend/setup/setup.go:78
[4.712ms] [rows:1] SELECT count(*) FROM INFORMATION_SCHEMA.table_constraints WHERE table_schema = CURRENT_SCHEMA() AND table_name = 'users' AND constraint_name = 'fk_roles_users'

2025/02/13 14:38:57 /home/bryan/repos/skripsi/backend/setup/setup.go:78
[7.045ms] [rows:1] SELECT count(*) FROM pg_indexes WHERE tablename = 'users' AND indexname = 'idx_users_deleted_at' AND schemaname = CURRENT_SCHEMA()

2025/02/13 14:38:57 /home/bryan/repos/skripsi/backend/setup/setup.go:78
[2.233ms] [rows:1] SELECT count(*) FROM information_schema.tables WHERE table_schema = CURRENT_SCHEMA() AND table_name = 'vet_specialties' AND table_type = 'BASE TABLE'

2025/02/13 14:38:57 /home/bryan/repos/skripsi/backend/setup/setup.go:78
[0.863ms] [rows:1] SELECT CURRENT_DATABASE()

2025/02/13 14:38:57 /home/bryan/repos/skripsi/backend/setup/setup.go:78
[11.760ms] [rows:-] SELECT c.column_name, c.is_nullable = 'YES', c.udt_name, c.character_maximum_length, c.numeric_precision, c.numeric_precision_radix, c.numeric_scale, c.datetime_precision, 8 * typlen, c.column_default, pd.description, c.identity_increment FROM information_schema.columns AS c JOIN pg_type AS pgt ON c.udt_name = pgt.typname LEFT JOIN pg_catalog.pg_description as pd ON pd.objsubid = c.ordinal_position AND pd.objoid = (SELECT oid FROM pg_catalog.pg_class WHERE relname = c.table_name AND relnamespace = (SELECT oid FROM pg_catalog.pg_namespace WHERE nspname = c.table_schema)) where table_catalog = $1$ AND table_schema = CURRENT_SCHEMA() AND table_name = $2$

2025/02/13 14:38:57 /home/bryan/repos/skripsi/backend/setup/setup.go:78
[0.902ms] [rows:-] SELECT * FROM "vet_specialties" LIMIT $1$

2025/02/13 14:38:57 /home/bryan/repos/skripsi/backend/setup/setup.go:78
[17.173ms] [rows:-] SELECT constraint_name FROM information_schema.table_constraints tc JOIN information_schema.constraint_column_usage AS ccu USING (constraint_schema, constraint_catalog, table_name, constraint_name) JOIN information_schema.columns AS c ON c.table_schema = tc.constraint_schema AND tc.table_name = c.table_name AND ccu.column_name = c.column_name WHERE constraint_type IN ('PRIMARY KEY', 'UNIQUE') AND c.table_catalog = $1$ AND c.table_schema = CURRENT_SCHEMA() AND c.table_name = $2$ AND constraint_type = $3$

2025/02/13 14:38:57 /home/bryan/repos/skripsi/backend/setup/setup.go:78
[16.351ms] [rows:-] SELECT c.column_name, constraint_name, constraint_type FROM information_schema.table_constraints tc JOIN information_schema.constraint_column_usage AS ccu USING (constraint_schema, constraint_catalog, table_name, constraint_name) JOIN information_schema.columns AS c ON c.table_schema = tc.constraint_schema AND tc.table_name = c.table_name AND ccu.column_name = c.column_name WHERE constraint_type IN ('PRIMARY KEY', 'UNIQUE') AND c.table_catalog = $1$ AND c.table_schema = CURRENT_SCHEMA() AND c.table_name = $2$

2025/02/13 14:38:57 /home/bryan/repos/skripsi/backend/setup/setup.go:78
[1.753ms] [rows:-] SELECT a.attname as column_name, format_type(a.atttypid, a.atttypmod) AS data_type
		FROM pg_attribute a JOIN pg_class b ON a.attrelid = b.oid AND relnamespace = (SELECT oid FROM pg_catalog.pg_namespace WHERE nspname = CURRENT_SCHEMA())
		WHERE a.attnum > 0 -- hide internal columns
		AND NOT a.attisdropped -- hide deleted columns
		AND b.relname = $1$

2025/02/13 14:38:57 /home/bryan/repos/skripsi/backend/setup/setup.go:78
[1.387ms] [rows:0] SELECT description FROM pg_catalog.pg_description WHERE objsubid = (SELECT ordinal_position FROM information_schema.columns WHERE table_schema = CURRENT_SCHEMA() AND table_name = 'vet_specialties' AND column_name = 'id') AND objoid = (SELECT oid FROM pg_catalog.pg_class WHERE relname = 'vet_specialties' AND relnamespace = (SELECT oid FROM pg_catalog.pg_namespace WHERE nspname = CURRENT_SCHEMA()))

2025/02/13 14:38:57 /home/bryan/repos/skripsi/backend/setup/setup.go:78
[1.248ms] [rows:0] SELECT description FROM pg_catalog.pg_description WHERE objsubid = (SELECT ordinal_position FROM information_schema.columns WHERE table_schema = CURRENT_SCHEMA() AND table_name = 'vet_specialties' AND column_name = 'name') AND objoid = (SELECT oid FROM pg_catalog.pg_class WHERE relname = 'vet_specialties' AND relnamespace = (SELECT oid FROM pg_catalog.pg_namespace WHERE nspname = CURRENT_SCHEMA()))

2025/02/13 14:38:57 /home/bryan/repos/skripsi/backend/setup/setup.go:78
[2.101ms] [rows:1] SELECT count(*) FROM information_schema.tables WHERE table_schema = CURRENT_SCHEMA() AND table_name = 'user_vet_specialties' AND table_type = 'BASE TABLE'

2025/02/13 14:38:57 /home/bryan/repos/skripsi/backend/setup/setup.go:78
[0.795ms] [rows:1] SELECT CURRENT_DATABASE()

2025/02/13 14:38:57 /home/bryan/repos/skripsi/backend/setup/setup.go:78
[11.280ms] [rows:-] SELECT c.column_name, c.is_nullable = 'YES', c.udt_name, c.character_maximum_length, c.numeric_precision, c.numeric_precision_radix, c.numeric_scale, c.datetime_precision, 8 * typlen, c.column_default, pd.description, c.identity_increment FROM information_schema.columns AS c JOIN pg_type AS pgt ON c.udt_name = pgt.typname LEFT JOIN pg_catalog.pg_description as pd ON pd.objsubid = c.ordinal_position AND pd.objoid = (SELECT oid FROM pg_catalog.pg_class WHERE relname = c.table_name AND relnamespace = (SELECT oid FROM pg_catalog.pg_namespace WHERE nspname = c.table_schema)) where table_catalog = $1$ AND table_schema = CURRENT_SCHEMA() AND table_name = $2$

2025/02/13 14:38:57 /home/bryan/repos/skripsi/backend/setup/setup.go:78
[1.095ms] [rows:-] SELECT * FROM "user_vet_specialties" LIMIT $1$

2025/02/13 14:38:57 /home/bryan/repos/skripsi/backend/setup/setup.go:78
[15.920ms] [rows:-] SELECT constraint_name FROM information_schema.table_constraints tc JOIN information_schema.constraint_column_usage AS ccu USING (constraint_schema, constraint_catalog, table_name, constraint_name) JOIN information_schema.columns AS c ON c.table_schema = tc.constraint_schema AND tc.table_name = c.table_name AND ccu.column_name = c.column_name WHERE constraint_type IN ('PRIMARY KEY', 'UNIQUE') AND c.table_catalog = $1$ AND c.table_schema = CURRENT_SCHEMA() AND c.table_name = $2$ AND constraint_type = $3$

2025/02/13 14:38:57 /home/bryan/repos/skripsi/backend/setup/setup.go:78
[15.889ms] [rows:-] SELECT c.column_name, constraint_name, constraint_type FROM information_schema.table_constraints tc JOIN information_schema.constraint_column_usage AS ccu USING (constraint_schema, constraint_catalog, table_name, constraint_name) JOIN information_schema.columns AS c ON c.table_schema = tc.constraint_schema AND tc.table_name = c.table_name AND ccu.column_name = c.column_name WHERE constraint_type IN ('PRIMARY KEY', 'UNIQUE') AND c.table_catalog = $1$ AND c.table_schema = CURRENT_SCHEMA() AND c.table_name = $2$

2025/02/13 14:38:57 /home/bryan/repos/skripsi/backend/setup/setup.go:78
[1.573ms] [rows:-] SELECT a.attname as column_name, format_type(a.atttypid, a.atttypmod) AS data_type
		FROM pg_attribute a JOIN pg_class b ON a.attrelid = b.oid AND relnamespace = (SELECT oid FROM pg_catalog.pg_namespace WHERE nspname = CURRENT_SCHEMA())
		WHERE a.attnum > 0 -- hide internal columns
		AND NOT a.attisdropped -- hide deleted columns
		AND b.relname = $1$

2025/02/13 14:38:57 /home/bryan/repos/skripsi/backend/setup/setup.go:78
[1.456ms] [rows:0] SELECT description FROM pg_catalog.pg_description WHERE objsubid = (SELECT ordinal_position FROM information_schema.columns WHERE table_schema = CURRENT_SCHEMA() AND table_name = 'user_vet_specialties' AND column_name = 'user_id') AND objoid = (SELECT oid FROM pg_catalog.pg_class WHERE relname = 'user_vet_specialties' AND relnamespace = (SELECT oid FROM pg_catalog.pg_namespace WHERE nspname = CURRENT_SCHEMA()))

2025/02/13 14:38:57 /home/bryan/repos/skripsi/backend/setup/setup.go:78
[1.308ms] [rows:0] SELECT description FROM pg_catalog.pg_description WHERE objsubid = (SELECT ordinal_position FROM information_schema.columns WHERE table_schema = CURRENT_SCHEMA() AND table_name = 'user_vet_specialties' AND column_name = 'vet_specialty_id') AND objoid = (SELECT oid FROM pg_catalog.pg_class WHERE relname = 'user_vet_specialties' AND relnamespace = (SELECT oid FROM pg_catalog.pg_namespace WHERE nspname = CURRENT_SCHEMA()))

2025/02/13 14:38:57 /home/bryan/repos/skripsi/backend/setup/setup.go:78
[3.784ms] [rows:1] SELECT count(*) FROM INFORMATION_SCHEMA.table_constraints WHERE table_schema = CURRENT_SCHEMA() AND table_name = 'user_vet_specialties' AND constraint_name = 'fk_user_vet_specialties_user'

2025/02/13 14:38:57 /home/bryan/repos/skripsi/backend/setup/setup.go:78
[3.797ms] [rows:1] SELECT count(*) FROM INFORMATION_SCHEMA.table_constraints WHERE table_schema = CURRENT_SCHEMA() AND table_name = 'user_vet_specialties' AND constraint_name = 'fk_user_vet_specialties_vet_specialty'

2025/02/13 14:38:57 /home/bryan/repos/skripsi/backend/setup/setup.go:78
[2.158ms] [rows:1] SELECT count(*) FROM information_schema.tables WHERE table_schema = CURRENT_SCHEMA() AND table_name = 'daily_walks' AND table_type = 'BASE TABLE'

2025/02/13 14:38:57 /home/bryan/repos/skripsi/backend/setup/setup.go:78
[0.775ms] [rows:1] SELECT CURRENT_DATABASE()

2025/02/13 14:38:57 /home/bryan/repos/skripsi/backend/setup/setup.go:78
[11.362ms] [rows:-] SELECT c.column_name, c.is_nullable = 'YES', c.udt_name, c.character_maximum_length, c.numeric_precision, c.numeric_precision_radix, c.numeric_scale, c.datetime_precision, 8 * typlen, c.column_default, pd.description, c.identity_increment FROM information_schema.columns AS c JOIN pg_type AS pgt ON c.udt_name = pgt.typname LEFT JOIN pg_catalog.pg_description as pd ON pd.objsubid = c.ordinal_position AND pd.objoid = (SELECT oid FROM pg_catalog.pg_class WHERE relname = c.table_name AND relnamespace = (SELECT oid FROM pg_catalog.pg_namespace WHERE nspname = c.table_schema)) where table_catalog = $1$ AND table_schema = CURRENT_SCHEMA() AND table_name = $2$

2025/02/13 14:38:57 /home/bryan/repos/skripsi/backend/setup/setup.go:78
[0.885ms] [rows:-] SELECT * FROM "daily_walks" LIMIT $1$

2025/02/13 14:38:57 /home/bryan/repos/skripsi/backend/setup/setup.go:78
[16.029ms] [rows:-] SELECT constraint_name FROM information_schema.table_constraints tc JOIN information_schema.constraint_column_usage AS ccu USING (constraint_schema, constraint_catalog, table_name, constraint_name) JOIN information_schema.columns AS c ON c.table_schema = tc.constraint_schema AND tc.table_name = c.table_name AND ccu.column_name = c.column_name WHERE constraint_type IN ('PRIMARY KEY', 'UNIQUE') AND c.table_catalog = $1$ AND c.table_schema = CURRENT_SCHEMA() AND c.table_name = $2$ AND constraint_type = $3$

2025/02/13 14:38:57 /home/bryan/repos/skripsi/backend/setup/setup.go:78
[19.199ms] [rows:-] SELECT c.column_name, constraint_name, constraint_type FROM information_schema.table_constraints tc JOIN information_schema.constraint_column_usage AS ccu USING (constraint_schema, constraint_catalog, table_name, constraint_name) JOIN information_schema.columns AS c ON c.table_schema = tc.constraint_schema AND tc.table_name = c.table_name AND ccu.column_name = c.column_name WHERE constraint_type IN ('PRIMARY KEY', 'UNIQUE') AND c.table_catalog = $1$ AND c.table_schema = CURRENT_SCHEMA() AND c.table_name = $2$

2025/02/13 14:38:57 /home/bryan/repos/skripsi/backend/setup/setup.go:78
[2.016ms] [rows:-] SELECT a.attname as column_name, format_type(a.atttypid, a.atttypmod) AS data_type
		FROM pg_attribute a JOIN pg_class b ON a.attrelid = b.oid AND relnamespace = (SELECT oid FROM pg_catalog.pg_namespace WHERE nspname = CURRENT_SCHEMA())
		WHERE a.attnum > 0 -- hide internal columns
		AND NOT a.attisdropped -- hide deleted columns
		AND b.relname = $1$

2025/02/13 14:38:57 /home/bryan/repos/skripsi/backend/setup/setup.go:78
[2.023ms] [rows:0] SELECT description FROM pg_catalog.pg_description WHERE objsubid = (SELECT ordinal_position FROM information_schema.columns WHERE table_schema = CURRENT_SCHEMA() AND table_name = 'daily_walks' AND column_name = 'id') AND objoid = (SELECT oid FROM pg_catalog.pg_class WHERE relname = 'daily_walks' AND relnamespace = (SELECT oid FROM pg_catalog.pg_namespace WHERE nspname = CURRENT_SCHEMA()))

2025/02/13 14:38:57 /home/bryan/repos/skripsi/backend/setup/setup.go:78
[1.845ms] [rows:0] SELECT description FROM pg_catalog.pg_description WHERE objsubid = (SELECT ordinal_position FROM information_schema.columns WHERE table_schema = CURRENT_SCHEMA() AND table_name = 'daily_walks' AND column_name = 'name') AND objoid = (SELECT oid FROM pg_catalog.pg_class WHERE relname = 'daily_walks' AND relnamespace = (SELECT oid FROM pg_catalog.pg_namespace WHERE nspname = CURRENT_SCHEMA()))

2025/02/13 14:38:57 /home/bryan/repos/skripsi/backend/setup/setup.go:78
[2.782ms] [rows:1] SELECT count(*) FROM information_schema.tables WHERE table_schema = CURRENT_SCHEMA() AND table_name = 'daily_playtimes' AND table_type = 'BASE TABLE'

2025/02/13 14:38:57 /home/bryan/repos/skripsi/backend/setup/setup.go:78
[0.968ms] [rows:1] SELECT CURRENT_DATABASE()

2025/02/13 14:38:57 /home/bryan/repos/skripsi/backend/setup/setup.go:78
[13.891ms] [rows:-] SELECT c.column_name, c.is_nullable = 'YES', c.udt_name, c.character_maximum_length, c.numeric_precision, c.numeric_precision_radix, c.numeric_scale, c.datetime_precision, 8 * typlen, c.column_default, pd.description, c.identity_increment FROM information_schema.columns AS c JOIN pg_type AS pgt ON c.udt_name = pgt.typname LEFT JOIN pg_catalog.pg_description as pd ON pd.objsubid = c.ordinal_position AND pd.objoid = (SELECT oid FROM pg_catalog.pg_class WHERE relname = c.table_name AND relnamespace = (SELECT oid FROM pg_catalog.pg_namespace WHERE nspname = c.table_schema)) where table_catalog = $1$ AND table_schema = CURRENT_SCHEMA() AND table_name = $2$

2025/02/13 14:38:57 /home/bryan/repos/skripsi/backend/setup/setup.go:78
[1.381ms] [rows:-] SELECT * FROM "daily_playtimes" LIMIT $1$

2025/02/13 14:38:57 /home/bryan/repos/skripsi/backend/setup/setup.go:78
[19.793ms] [rows:-] SELECT constraint_name FROM information_schema.table_constraints tc JOIN information_schema.constraint_column_usage AS ccu USING (constraint_schema, constraint_catalog, table_name, constraint_name) JOIN information_schema.columns AS c ON c.table_schema = tc.constraint_schema AND tc.table_name = c.table_name AND ccu.column_name = c.column_name WHERE constraint_type IN ('PRIMARY KEY', 'UNIQUE') AND c.table_catalog = $1$ AND c.table_schema = CURRENT_SCHEMA() AND c.table_name = $2$ AND constraint_type = $3$

2025/02/13 14:38:57 /home/bryan/repos/skripsi/backend/setup/setup.go:78
[20.447ms] [rows:-] SELECT c.column_name, constraint_name, constraint_type FROM information_schema.table_constraints tc JOIN information_schema.constraint_column_usage AS ccu USING (constraint_schema, constraint_catalog, table_name, constraint_name) JOIN information_schema.columns AS c ON c.table_schema = tc.constraint_schema AND tc.table_name = c.table_name AND ccu.column_name = c.column_name WHERE constraint_type IN ('PRIMARY KEY', 'UNIQUE') AND c.table_catalog = $1$ AND c.table_schema = CURRENT_SCHEMA() AND c.table_name = $2$

2025/02/13 14:38:57 /home/bryan/repos/skripsi/backend/setup/setup.go:78
[2.166ms] [rows:-] SELECT a.attname as column_name, format_type(a.atttypid, a.atttypmod) AS data_type
		FROM pg_attribute a JOIN pg_class b ON a.attrelid = b.oid AND relnamespace = (SELECT oid FROM pg_catalog.pg_namespace WHERE nspname = CURRENT_SCHEMA())
		WHERE a.attnum > 0 -- hide internal columns
		AND NOT a.attisdropped -- hide deleted columns
		AND b.relname = $1$

2025/02/13 14:38:57 /home/bryan/repos/skripsi/backend/setup/setup.go:78
[1.796ms] [rows:0] SELECT description FROM pg_catalog.pg_description WHERE objsubid = (SELECT ordinal_position FROM information_schema.columns WHERE table_schema = CURRENT_SCHEMA() AND table_name = 'daily_playtimes' AND column_name = 'id') AND objoid = (SELECT oid FROM pg_catalog.pg_class WHERE relname = 'daily_playtimes' AND relnamespace = (SELECT oid FROM pg_catalog.pg_namespace WHERE nspname = CURRENT_SCHEMA()))

2025/02/13 14:38:57 /home/bryan/repos/skripsi/backend/setup/setup.go:78
[1.825ms] [rows:0] SELECT description FROM pg_catalog.pg_description WHERE objsubid = (SELECT ordinal_position FROM information_schema.columns WHERE table_schema = CURRENT_SCHEMA() AND table_name = 'daily_playtimes' AND column_name = 'name') AND objoid = (SELECT oid FROM pg_catalog.pg_class WHERE relname = 'daily_playtimes' AND relnamespace = (SELECT oid FROM pg_catalog.pg_namespace WHERE nspname = CURRENT_SCHEMA()))

2025/02/13 14:38:57 /home/bryan/repos/skripsi/backend/setup/setup.go:78
[1.054ms] [rows:1] SELECT count(*) FROM information_schema.tables WHERE table_schema = CURRENT_SCHEMA() AND table_name = 'pet_daycares' AND table_type = 'BASE TABLE'

2025/02/13 14:38:57 /home/bryan/repos/skripsi/backend/setup/setup.go:78
[0.870ms] [rows:1] SELECT CURRENT_DATABASE()

2025/02/13 14:38:57 /home/bryan/repos/skripsi/backend/setup/setup.go:78
[5.451ms] [rows:-] SELECT c.column_name, c.is_nullable = 'YES', c.udt_name, c.character_maximum_length, c.numeric_precision, c.numeric_precision_radix, c.numeric_scale, c.datetime_precision, 8 * typlen, c.column_default, pd.description, c.identity_increment FROM information_schema.columns AS c JOIN pg_type AS pgt ON c.udt_name = pgt.typname LEFT JOIN pg_catalog.pg_description as pd ON pd.objsubid = c.ordinal_position AND pd.objoid = (SELECT oid FROM pg_catalog.pg_class WHERE relname = c.table_name AND relnamespace = (SELECT oid FROM pg_catalog.pg_namespace WHERE nspname = c.table_schema)) where table_catalog = $1$ AND table_schema = CURRENT_SCHEMA() AND table_name = $2$

2025/02/13 14:38:57 /home/bryan/repos/skripsi/backend/setup/setup.go:78
[1.146ms] [rows:-] SELECT * FROM "pet_daycares" LIMIT $1$

2025/02/13 14:38:57 /home/bryan/repos/skripsi/backend/setup/setup.go:78
[7.268ms] [rows:-] SELECT constraint_name FROM information_schema.table_constraints tc JOIN information_schema.constraint_column_usage AS ccu USING (constraint_schema, constraint_catalog, table_name, constraint_name) JOIN information_schema.columns AS c ON c.table_schema = tc.constraint_schema AND tc.table_name = c.table_name AND ccu.column_name = c.column_name WHERE constraint_type IN ('PRIMARY KEY', 'UNIQUE') AND c.table_catalog = $1$ AND c.table_schema = CURRENT_SCHEMA() AND c.table_name = $2$ AND constraint_type = $3$

2025/02/13 14:38:57 /home/bryan/repos/skripsi/backend/setup/setup.go:78
[7.173ms] [rows:-] SELECT c.column_name, constraint_name, constraint_type FROM information_schema.table_constraints tc JOIN information_schema.constraint_column_usage AS ccu USING (constraint_schema, constraint_catalog, table_name, constraint_name) JOIN information_schema.columns AS c ON c.table_schema = tc.constraint_schema AND tc.table_name = c.table_name AND ccu.column_name = c.column_name WHERE constraint_type IN ('PRIMARY KEY', 'UNIQUE') AND c.table_catalog = $1$ AND c.table_schema = CURRENT_SCHEMA() AND c.table_name = $2$

2025/02/13 14:38:57 /home/bryan/repos/skripsi/backend/setup/setup.go:78
[1.113ms] [rows:-] SELECT a.attname as column_name, format_type(a.atttypid, a.atttypmod) AS data_type
		FROM pg_attribute a JOIN pg_class b ON a.attrelid = b.oid AND relnamespace = (SELECT oid FROM pg_catalog.pg_namespace WHERE nspname = CURRENT_SCHEMA())
		WHERE a.attnum > 0 -- hide internal columns
		AND NOT a.attisdropped -- hide deleted columns
		AND b.relname = $1$

2025/02/13 14:38:57 /home/bryan/repos/skripsi/backend/setup/setup.go:78
[1.533ms] [rows:0] SELECT description FROM pg_catalog.pg_description WHERE objsubid = (SELECT ordinal_position FROM information_schema.columns WHERE table_schema = CURRENT_SCHEMA() AND table_name = 'pet_daycares' AND column_name = 'id') AND objoid = (SELECT oid FROM pg_catalog.pg_class WHERE relname = 'pet_daycares' AND relnamespace = (SELECT oid FROM pg_catalog.pg_namespace WHERE nspname = CURRENT_SCHEMA()))

2025/02/13 14:38:57 /home/bryan/repos/skripsi/backend/setup/setup.go:78
[1.500ms] [rows:0] SELECT description FROM pg_catalog.pg_description WHERE objsubid = (SELECT ordinal_position FROM information_schema.columns WHERE table_schema = CURRENT_SCHEMA() AND table_name = 'pet_daycares' AND column_name = 'created_at') AND objoid = (SELECT oid FROM pg_catalog.pg_class WHERE relname = 'pet_daycares' AND relnamespace = (SELECT oid FROM pg_catalog.pg_namespace WHERE nspname = CURRENT_SCHEMA()))

2025/02/13 14:38:57 /home/bryan/repos/skripsi/backend/setup/setup.go:78
[1.638ms] [rows:0] SELECT description FROM pg_catalog.pg_description WHERE objsubid = (SELECT ordinal_position FROM information_schema.columns WHERE table_schema = CURRENT_SCHEMA() AND table_name = 'pet_daycares' AND column_name = 'updated_at') AND objoid = (SELECT oid FROM pg_catalog.pg_class WHERE relname = 'pet_daycares' AND relnamespace = (SELECT oid FROM pg_catalog.pg_namespace WHERE nspname = CURRENT_SCHEMA()))

2025/02/13 14:38:57 /home/bryan/repos/skripsi/backend/setup/setup.go:78
[1.712ms] [rows:0] SELECT description FROM pg_catalog.pg_description WHERE objsubid = (SELECT ordinal_position FROM information_schema.columns WHERE table_schema = CURRENT_SCHEMA() AND table_name = 'pet_daycares' AND column_name = 'deleted_at') AND objoid = (SELECT oid FROM pg_catalog.pg_class WHERE relname = 'pet_daycares' AND relnamespace = (SELECT oid FROM pg_catalog.pg_namespace WHERE nspname = CURRENT_SCHEMA()))

2025/02/13 14:38:57 /home/bryan/repos/skripsi/backend/setup/setup.go:78
[1.605ms] [rows:0] SELECT description FROM pg_catalog.pg_description WHERE objsubid = (SELECT ordinal_position FROM information_schema.columns WHERE table_schema = CURRENT_SCHEMA() AND table_name = 'pet_daycares' AND column_name = 'name') AND objoid = (SELECT oid FROM pg_catalog.pg_class WHERE relname = 'pet_daycares' AND relnamespace = (SELECT oid FROM pg_catalog.pg_namespace WHERE nspname = CURRENT_SCHEMA()))

2025/02/13 14:38:57 /home/bryan/repos/skripsi/backend/setup/setup.go:78
[1.587ms] [rows:0] SELECT description FROM pg_catalog.pg_description WHERE objsubid = (SELECT ordinal_position FROM information_schema.columns WHERE table_schema = CURRENT_SCHEMA() AND table_name = 'pet_daycares' AND column_name = 'address') AND objoid = (SELECT oid FROM pg_catalog.pg_class WHERE relname = 'pet_daycares' AND relnamespace = (SELECT oid FROM pg_catalog.pg_namespace WHERE nspname = CURRENT_SCHEMA()))

2025/02/13 14:38:57 /home/bryan/repos/skripsi/backend/setup/setup.go:78
[1.491ms] [rows:0] SELECT description FROM pg_catalog.pg_description WHERE objsubid = (SELECT ordinal_position FROM information_schema.columns WHERE table_schema = CURRENT_SCHEMA() AND table_name = 'pet_daycares' AND column_name = 'latitude') AND objoid = (SELECT oid FROM pg_catalog.pg_class WHERE relname = 'pet_daycares' AND relnamespace = (SELECT oid FROM pg_catalog.pg_namespace WHERE nspname = CURRENT_SCHEMA()))

2025/02/13 14:38:57 /home/bryan/repos/skripsi/backend/setup/setup.go:78
[1.523ms] [rows:0] SELECT description FROM pg_catalog.pg_description WHERE objsubid = (SELECT ordinal_position FROM information_schema.columns WHERE table_schema = CURRENT_SCHEMA() AND table_name = 'pet_daycares' AND column_name = 'longitude') AND objoid = (SELECT oid FROM pg_catalog.pg_class WHERE relname = 'pet_daycares' AND relnamespace = (SELECT oid FROM pg_catalog.pg_namespace WHERE nspname = CURRENT_SCHEMA()))

2025/02/13 14:38:57 /home/bryan/repos/skripsi/backend/setup/setup.go:78
[1.495ms] [rows:0] SELECT description FROM pg_catalog.pg_description WHERE objsubid = (SELECT ordinal_position FROM information_schema.columns WHERE table_schema = CURRENT_SCHEMA() AND table_name = 'pet_daycares' AND column_name = 'price') AND objoid = (SELECT oid FROM pg_catalog.pg_class WHERE relname = 'pet_daycares' AND relnamespace = (SELECT oid FROM pg_catalog.pg_namespace WHERE nspname = CURRENT_SCHEMA()))

2025/02/13 14:38:57 /home/bryan/repos/skripsi/backend/setup/setup.go:78
[1.484ms] [rows:0] SELECT description FROM pg_catalog.pg_description WHERE objsubid = (SELECT ordinal_position FROM information_schema.columns WHERE table_schema = CURRENT_SCHEMA() AND table_name = 'pet_daycares' AND column_name = 'pricing_type') AND objoid = (SELECT oid FROM pg_catalog.pg_class WHERE relname = 'pet_daycares' AND relnamespace = (SELECT oid FROM pg_catalog.pg_namespace WHERE nspname = CURRENT_SCHEMA()))

2025/02/13 14:38:57 /home/bryan/repos/skripsi/backend/setup/setup.go:78
[1.558ms] [rows:0] SELECT description FROM pg_catalog.pg_description WHERE objsubid = (SELECT ordinal_position FROM information_schema.columns WHERE table_schema = CURRENT_SCHEMA() AND table_name = 'pet_daycares' AND column_name = 'description') AND objoid = (SELECT oid FROM pg_catalog.pg_class WHERE relname = 'pet_daycares' AND relnamespace = (SELECT oid FROM pg_catalog.pg_namespace WHERE nspname = CURRENT_SCHEMA()))

2025/02/13 14:38:57 /home/bryan/repos/skripsi/backend/setup/setup.go:78
[1.537ms] [rows:0] SELECT description FROM pg_catalog.pg_description WHERE objsubid = (SELECT ordinal_position FROM information_schema.columns WHERE table_schema = CURRENT_SCHEMA() AND table_name = 'pet_daycares' AND column_name = 'has_pickup_service') AND objoid = (SELECT oid FROM pg_catalog.pg_class WHERE relname = 'pet_daycares' AND relnamespace = (SELECT oid FROM pg_catalog.pg_namespace WHERE nspname = CURRENT_SCHEMA()))

2025/02/13 14:38:57 /home/bryan/repos/skripsi/backend/setup/setup.go:78
[1.591ms] [rows:0] SELECT description FROM pg_catalog.pg_description WHERE objsubid = (SELECT ordinal_position FROM information_schema.columns WHERE table_schema = CURRENT_SCHEMA() AND table_name = 'pet_daycares' AND column_name = 'must_be_vaccinated') AND objoid = (SELECT oid FROM pg_catalog.pg_class WHERE relname = 'pet_daycares' AND relnamespace = (SELECT oid FROM pg_catalog.pg_namespace WHERE nspname = CURRENT_SCHEMA()))

2025/02/13 14:38:57 /home/bryan/repos/skripsi/backend/setup/setup.go:78
[1.769ms] [rows:0] SELECT description FROM pg_catalog.pg_description WHERE objsubid = (SELECT ordinal_position FROM information_schema.columns WHERE table_schema = CURRENT_SCHEMA() AND table_name = 'pet_daycares' AND column_name = 'food_provided') AND objoid = (SELECT oid FROM pg_catalog.pg_class WHERE relname = 'pet_daycares' AND relnamespace = (SELECT oid FROM pg_catalog.pg_namespace WHERE nspname = CURRENT_SCHEMA()))

2025/02/13 14:38:57 /home/bryan/repos/skripsi/backend/setup/setup.go:78
[1.538ms] [rows:0] SELECT description FROM pg_catalog.pg_description WHERE objsubid = (SELECT ordinal_position FROM information_schema.columns WHERE table_schema = CURRENT_SCHEMA() AND table_name = 'pet_daycares' AND column_name = 'grooming_available') AND objoid = (SELECT oid FROM pg_catalog.pg_class WHERE relname = 'pet_daycares' AND relnamespace = (SELECT oid FROM pg_catalog.pg_namespace WHERE nspname = CURRENT_SCHEMA()))

2025/02/13 14:38:57 /home/bryan/repos/skripsi/backend/setup/setup.go:78
[1.569ms] [rows:0] SELECT description FROM pg_catalog.pg_description WHERE objsubid = (SELECT ordinal_position FROM information_schema.columns WHERE table_schema = CURRENT_SCHEMA() AND table_name = 'pet_daycares' AND column_name = 'booked_num') AND objoid = (SELECT oid FROM pg_catalog.pg_class WHERE relname = 'pet_daycares' AND relnamespace = (SELECT oid FROM pg_catalog.pg_namespace WHERE nspname = CURRENT_SCHEMA()))

2025/02/13 14:38:57 /home/bryan/repos/skripsi/backend/setup/setup.go:78
[1.627ms] [rows:0] SELECT description FROM pg_catalog.pg_description WHERE objsubid = (SELECT ordinal_position FROM information_schema.columns WHERE table_schema = CURRENT_SCHEMA() AND table_name = 'pet_daycares' AND column_name = 'daily_walks_id') AND objoid = (SELECT oid FROM pg_catalog.pg_class WHERE relname = 'pet_daycares' AND relnamespace = (SELECT oid FROM pg_catalog.pg_namespace WHERE nspname = CURRENT_SCHEMA()))

2025/02/13 14:38:57 /home/bryan/repos/skripsi/backend/setup/setup.go:78
[1.676ms] [rows:0] SELECT description FROM pg_catalog.pg_description WHERE objsubid = (SELECT ordinal_position FROM information_schema.columns WHERE table_schema = CURRENT_SCHEMA() AND table_name = 'pet_daycares' AND column_name = 'daily_playtime_id') AND objoid = (SELECT oid FROM pg_catalog.pg_class WHERE relname = 'pet_daycares' AND relnamespace = (SELECT oid FROM pg_catalog.pg_namespace WHERE nspname = CURRENT_SCHEMA()))

2025/02/13 14:38:57 /home/bryan/repos/skripsi/backend/setup/setup.go:78
[1.487ms] [rows:0] SELECT description FROM pg_catalog.pg_description WHERE objsubid = (SELECT ordinal_position FROM information_schema.columns WHERE table_schema = CURRENT_SCHEMA() AND table_name = 'pet_daycares' AND column_name = 'owner_id') AND objoid = (SELECT oid FROM pg_catalog.pg_class WHERE relname = 'pet_daycares' AND relnamespace = (SELECT oid FROM pg_catalog.pg_namespace WHERE nspname = CURRENT_SCHEMA()))

2025/02/13 14:38:57 /home/bryan/repos/skripsi/backend/setup/setup.go:78
[1.549ms] [rows:0] SELECT description FROM pg_catalog.pg_description WHERE objsubid = (SELECT ordinal_position FROM information_schema.columns WHERE table_schema = CURRENT_SCHEMA() AND table_name = 'pet_daycares' AND column_name = 'food_brand') AND objoid = (SELECT oid FROM pg_catalog.pg_class WHERE relname = 'pet_daycares' AND relnamespace = (SELECT oid FROM pg_catalog.pg_namespace WHERE nspname = CURRENT_SCHEMA()))

2025/02/13 14:38:57 /home/bryan/repos/skripsi/backend/setup/setup.go:78
[4.236ms] [rows:1] SELECT count(*) FROM INFORMATION_SCHEMA.table_constraints WHERE table_schema = CURRENT_SCHEMA() AND table_name = 'pet_daycares' AND constraint_name = 'fk_users_pet_daycare'

2025/02/13 14:38:57 /home/bryan/repos/skripsi/backend/setup/setup.go:78
[4.326ms] [rows:1] SELECT count(*) FROM INFORMATION_SCHEMA.table_constraints WHERE table_schema = CURRENT_SCHEMA() AND table_name = 'pet_daycares' AND constraint_name = 'fk_pet_daycares_daily_walks'

2025/02/13 14:38:57 /home/bryan/repos/skripsi/backend/setup/setup.go:78
[4.176ms] [rows:1] SELECT count(*) FROM INFORMATION_SCHEMA.table_constraints WHERE table_schema = CURRENT_SCHEMA() AND table_name = 'pet_daycares' AND constraint_name = 'fk_pet_daycares_daily_playtime'

2025/02/13 14:38:57 /home/bryan/repos/skripsi/backend/setup/setup.go:78
[2.936ms] [rows:1] SELECT count(*) FROM pg_indexes WHERE tablename = 'pet_daycares' AND indexname = 'idx_pet_daycares_deleted_at' AND schemaname = CURRENT_SCHEMA()

2025/02/13 14:38:57 /home/bryan/repos/skripsi/backend/setup/setup.go:78
[1.074ms] [rows:1] SELECT count(*) FROM information_schema.tables WHERE table_schema = CURRENT_SCHEMA() AND table_name = 'species' AND table_type = 'BASE TABLE'

2025/02/13 14:38:57 /home/bryan/repos/skripsi/backend/setup/setup.go:78
[0.728ms] [rows:1] SELECT CURRENT_DATABASE()

2025/02/13 14:38:57 /home/bryan/repos/skripsi/backend/setup/setup.go:78
[3.157ms] [rows:-] SELECT c.column_name, c.is_nullable = 'YES', c.udt_name, c.character_maximum_length, c.numeric_precision, c.numeric_precision_radix, c.numeric_scale, c.datetime_precision, 8 * typlen, c.column_default, pd.description, c.identity_increment FROM information_schema.columns AS c JOIN pg_type AS pgt ON c.udt_name = pgt.typname LEFT JOIN pg_catalog.pg_description as pd ON pd.objsubid = c.ordinal_position AND pd.objoid = (SELECT oid FROM pg_catalog.pg_class WHERE relname = c.table_name AND relnamespace = (SELECT oid FROM pg_catalog.pg_namespace WHERE nspname = c.table_schema)) where table_catalog = $1$ AND table_schema = CURRENT_SCHEMA() AND table_name = $2$

2025/02/13 14:38:57 /home/bryan/repos/skripsi/backend/setup/setup.go:78
[0.963ms] [rows:-] SELECT * FROM "species" LIMIT $1$

2025/02/13 14:38:57 /home/bryan/repos/skripsi/backend/setup/setup.go:78
[2.787ms] [rows:-] SELECT constraint_name FROM information_schema.table_constraints tc JOIN information_schema.constraint_column_usage AS ccu USING (constraint_schema, constraint_catalog, table_name, constraint_name) JOIN information_schema.columns AS c ON c.table_schema = tc.constraint_schema AND tc.table_name = c.table_name AND ccu.column_name = c.column_name WHERE constraint_type IN ('PRIMARY KEY', 'UNIQUE') AND c.table_catalog = $1$ AND c.table_schema = CURRENT_SCHEMA() AND c.table_name = $2$ AND constraint_type = $3$

2025/02/13 14:38:57 /home/bryan/repos/skripsi/backend/setup/setup.go:78
[2.814ms] [rows:-] SELECT c.column_name, constraint_name, constraint_type FROM information_schema.table_constraints tc JOIN information_schema.constraint_column_usage AS ccu USING (constraint_schema, constraint_catalog, table_name, constraint_name) JOIN information_schema.columns AS c ON c.table_schema = tc.constraint_schema AND tc.table_name = c.table_name AND ccu.column_name = c.column_name WHERE constraint_type IN ('PRIMARY KEY', 'UNIQUE') AND c.table_catalog = $1$ AND c.table_schema = CURRENT_SCHEMA() AND c.table_name = $2$

2025/02/13 14:38:57 /home/bryan/repos/skripsi/backend/setup/setup.go:78
[1.140ms] [rows:-] SELECT a.attname as column_name, format_type(a.atttypid, a.atttypmod) AS data_type
		FROM pg_attribute a JOIN pg_class b ON a.attrelid = b.oid AND relnamespace = (SELECT oid FROM pg_catalog.pg_namespace WHERE nspname = CURRENT_SCHEMA())
		WHERE a.attnum > 0 -- hide internal columns
		AND NOT a.attisdropped -- hide deleted columns
		AND b.relname = $1$

2025/02/13 14:38:57 /home/bryan/repos/skripsi/backend/setup/setup.go:78
[1.634ms] [rows:0] SELECT description FROM pg_catalog.pg_description WHERE objsubid = (SELECT ordinal_position FROM information_schema.columns WHERE table_schema = CURRENT_SCHEMA() AND table_name = 'species' AND column_name = 'id') AND objoid = (SELECT oid FROM pg_catalog.pg_class WHERE relname = 'species' AND relnamespace = (SELECT oid FROM pg_catalog.pg_namespace WHERE nspname = CURRENT_SCHEMA()))

2025/02/13 14:38:57 /home/bryan/repos/skripsi/backend/setup/setup.go:78
[1.704ms] [rows:0] SELECT description FROM pg_catalog.pg_description WHERE objsubid = (SELECT ordinal_position FROM information_schema.columns WHERE table_schema = CURRENT_SCHEMA() AND table_name = 'species' AND column_name = 'name') AND objoid = (SELECT oid FROM pg_catalog.pg_class WHERE relname = 'species' AND relnamespace = (SELECT oid FROM pg_catalog.pg_namespace WHERE nspname = CURRENT_SCHEMA()))

2025/02/13 14:38:57 /home/bryan/repos/skripsi/backend/setup/setup.go:78
[1.136ms] [rows:1] SELECT count(*) FROM information_schema.tables WHERE table_schema = CURRENT_SCHEMA() AND table_name = 'size_categories' AND table_type = 'BASE TABLE'

2025/02/13 14:38:57 /home/bryan/repos/skripsi/backend/setup/setup.go:78
[0.891ms] [rows:1] SELECT CURRENT_DATABASE()

2025/02/13 14:38:57 /home/bryan/repos/skripsi/backend/setup/setup.go:78
[3.328ms] [rows:-] SELECT c.column_name, c.is_nullable = 'YES', c.udt_name, c.character_maximum_length, c.numeric_precision, c.numeric_precision_radix, c.numeric_scale, c.datetime_precision, 8 * typlen, c.column_default, pd.description, c.identity_increment FROM information_schema.columns AS c JOIN pg_type AS pgt ON c.udt_name = pgt.typname LEFT JOIN pg_catalog.pg_description as pd ON pd.objsubid = c.ordinal_position AND pd.objoid = (SELECT oid FROM pg_catalog.pg_class WHERE relname = c.table_name AND relnamespace = (SELECT oid FROM pg_catalog.pg_namespace WHERE nspname = c.table_schema)) where table_catalog = $1$ AND table_schema = CURRENT_SCHEMA() AND table_name = $2$

2025/02/13 14:38:57 /home/bryan/repos/skripsi/backend/setup/setup.go:78
[1.037ms] [rows:-] SELECT * FROM "size_categories" LIMIT $1$

2025/02/13 14:38:57 /home/bryan/repos/skripsi/backend/setup/setup.go:78
[2.929ms] [rows:-] SELECT constraint_name FROM information_schema.table_constraints tc JOIN information_schema.constraint_column_usage AS ccu USING (constraint_schema, constraint_catalog, table_name, constraint_name) JOIN information_schema.columns AS c ON c.table_schema = tc.constraint_schema AND tc.table_name = c.table_name AND ccu.column_name = c.column_name WHERE constraint_type IN ('PRIMARY KEY', 'UNIQUE') AND c.table_catalog = $1$ AND c.table_schema = CURRENT_SCHEMA() AND c.table_name = $2$ AND constraint_type = $3$

2025/02/13 14:38:57 /home/bryan/repos/skripsi/backend/setup/setup.go:78
[3.253ms] [rows:-] SELECT c.column_name, constraint_name, constraint_type FROM information_schema.table_constraints tc JOIN information_schema.constraint_column_usage AS ccu USING (constraint_schema, constraint_catalog, table_name, constraint_name) JOIN information_schema.columns AS c ON c.table_schema = tc.constraint_schema AND tc.table_name = c.table_name AND ccu.column_name = c.column_name WHERE constraint_type IN ('PRIMARY KEY', 'UNIQUE') AND c.table_catalog = $1$ AND c.table_schema = CURRENT_SCHEMA() AND c.table_name = $2$

2025/02/13 14:38:57 /home/bryan/repos/skripsi/backend/setup/setup.go:78
[1.204ms] [rows:-] SELECT a.attname as column_name, format_type(a.atttypid, a.atttypmod) AS data_type
		FROM pg_attribute a JOIN pg_class b ON a.attrelid = b.oid AND relnamespace = (SELECT oid FROM pg_catalog.pg_namespace WHERE nspname = CURRENT_SCHEMA())
		WHERE a.attnum > 0 -- hide internal columns
		AND NOT a.attisdropped -- hide deleted columns
		AND b.relname = $1$

2025/02/13 14:38:57 /home/bryan/repos/skripsi/backend/setup/setup.go:78
[1.743ms] [rows:0] SELECT description FROM pg_catalog.pg_description WHERE objsubid = (SELECT ordinal_position FROM information_schema.columns WHERE table_schema = CURRENT_SCHEMA() AND table_name = 'size_categories' AND column_name = 'id') AND objoid = (SELECT oid FROM pg_catalog.pg_class WHERE relname = 'size_categories' AND relnamespace = (SELECT oid FROM pg_catalog.pg_namespace WHERE nspname = CURRENT_SCHEMA()))

2025/02/13 14:38:57 /home/bryan/repos/skripsi/backend/setup/setup.go:78
[1.765ms] [rows:0] SELECT description FROM pg_catalog.pg_description WHERE objsubid = (SELECT ordinal_position FROM information_schema.columns WHERE table_schema = CURRENT_SCHEMA() AND table_name = 'size_categories' AND column_name = 'name') AND objoid = (SELECT oid FROM pg_catalog.pg_class WHERE relname = 'size_categories' AND relnamespace = (SELECT oid FROM pg_catalog.pg_namespace WHERE nspname = CURRENT_SCHEMA()))

2025/02/13 14:38:57 /home/bryan/repos/skripsi/backend/setup/setup.go:78
[1.882ms] [rows:0] SELECT description FROM pg_catalog.pg_description WHERE objsubid = (SELECT ordinal_position FROM information_schema.columns WHERE table_schema = CURRENT_SCHEMA() AND table_name = 'size_categories' AND column_name = 'min_weight') AND objoid = (SELECT oid FROM pg_catalog.pg_class WHERE relname = 'size_categories' AND relnamespace = (SELECT oid FROM pg_catalog.pg_namespace WHERE nspname = CURRENT_SCHEMA()))

2025/02/13 14:38:57 /home/bryan/repos/skripsi/backend/setup/setup.go:78
[1.938ms] [rows:0] SELECT description FROM pg_catalog.pg_description WHERE objsubid = (SELECT ordinal_position FROM information_schema.columns WHERE table_schema = CURRENT_SCHEMA() AND table_name = 'size_categories' AND column_name = 'max_weight') AND objoid = (SELECT oid FROM pg_catalog.pg_class WHERE relname = 'size_categories' AND relnamespace = (SELECT oid FROM pg_catalog.pg_namespace WHERE nspname = CURRENT_SCHEMA()))

2025/02/13 14:38:57 /home/bryan/repos/skripsi/backend/setup/setup.go:78
[1.303ms] [rows:1] SELECT count(*) FROM information_schema.tables WHERE table_schema = CURRENT_SCHEMA() AND table_name = 'pets' AND table_type = 'BASE TABLE'

2025/02/13 14:38:57 /home/bryan/repos/skripsi/backend/setup/setup.go:78
[0.791ms] [rows:1] SELECT CURRENT_DATABASE()

2025/02/13 14:38:57 /home/bryan/repos/skripsi/backend/setup/setup.go:78
[4.269ms] [rows:-] SELECT c.column_name, c.is_nullable = 'YES', c.udt_name, c.character_maximum_length, c.numeric_precision, c.numeric_precision_radix, c.numeric_scale, c.datetime_precision, 8 * typlen, c.column_default, pd.description, c.identity_increment FROM information_schema.columns AS c JOIN pg_type AS pgt ON c.udt_name = pgt.typname LEFT JOIN pg_catalog.pg_description as pd ON pd.objsubid = c.ordinal_position AND pd.objoid = (SELECT oid FROM pg_catalog.pg_class WHERE relname = c.table_name AND relnamespace = (SELECT oid FROM pg_catalog.pg_namespace WHERE nspname = c.table_schema)) where table_catalog = $1$ AND table_schema = CURRENT_SCHEMA() AND table_name = $2$

2025/02/13 14:38:57 /home/bryan/repos/skripsi/backend/setup/setup.go:78
[1.135ms] [rows:-] SELECT * FROM "pets" LIMIT $1$

2025/02/13 14:38:57 /home/bryan/repos/skripsi/backend/setup/setup.go:78
[3.712ms] [rows:-] SELECT constraint_name FROM information_schema.table_constraints tc JOIN information_schema.constraint_column_usage AS ccu USING (constraint_schema, constraint_catalog, table_name, constraint_name) JOIN information_schema.columns AS c ON c.table_schema = tc.constraint_schema AND tc.table_name = c.table_name AND ccu.column_name = c.column_name WHERE constraint_type IN ('PRIMARY KEY', 'UNIQUE') AND c.table_catalog = $1$ AND c.table_schema = CURRENT_SCHEMA() AND c.table_name = $2$ AND constraint_type = $3$

2025/02/13 14:38:57 /home/bryan/repos/skripsi/backend/setup/setup.go:78
[4.234ms] [rows:-] SELECT c.column_name, constraint_name, constraint_type FROM information_schema.table_constraints tc JOIN information_schema.constraint_column_usage AS ccu USING (constraint_schema, constraint_catalog, table_name, constraint_name) JOIN information_schema.columns AS c ON c.table_schema = tc.constraint_schema AND tc.table_name = c.table_name AND ccu.column_name = c.column_name WHERE constraint_type IN ('PRIMARY KEY', 'UNIQUE') AND c.table_catalog = $1$ AND c.table_schema = CURRENT_SCHEMA() AND c.table_name = $2$

2025/02/13 14:38:57 /home/bryan/repos/skripsi/backend/setup/setup.go:78
[1.105ms] [rows:-] SELECT a.attname as column_name, format_type(a.atttypid, a.atttypmod) AS data_type
		FROM pg_attribute a JOIN pg_class b ON a.attrelid = b.oid AND relnamespace = (SELECT oid FROM pg_catalog.pg_namespace WHERE nspname = CURRENT_SCHEMA())
		WHERE a.attnum > 0 -- hide internal columns
		AND NOT a.attisdropped -- hide deleted columns
		AND b.relname = $1$

2025/02/13 14:38:57 /home/bryan/repos/skripsi/backend/setup/setup.go:78
[1.578ms] [rows:0] SELECT description FROM pg_catalog.pg_description WHERE objsubid = (SELECT ordinal_position FROM information_schema.columns WHERE table_schema = CURRENT_SCHEMA() AND table_name = 'pets' AND column_name = 'id') AND objoid = (SELECT oid FROM pg_catalog.pg_class WHERE relname = 'pets' AND relnamespace = (SELECT oid FROM pg_catalog.pg_namespace WHERE nspname = CURRENT_SCHEMA()))

2025/02/13 14:38:57 /home/bryan/repos/skripsi/backend/setup/setup.go:78
[1.617ms] [rows:0] SELECT description FROM pg_catalog.pg_description WHERE objsubid = (SELECT ordinal_position FROM information_schema.columns WHERE table_schema = CURRENT_SCHEMA() AND table_name = 'pets' AND column_name = 'created_at') AND objoid = (SELECT oid FROM pg_catalog.pg_class WHERE relname = 'pets' AND relnamespace = (SELECT oid FROM pg_catalog.pg_namespace WHERE nspname = CURRENT_SCHEMA()))

2025/02/13 14:38:57 /home/bryan/repos/skripsi/backend/setup/setup.go:78
[1.657ms] [rows:0] SELECT description FROM pg_catalog.pg_description WHERE objsubid = (SELECT ordinal_position FROM information_schema.columns WHERE table_schema = CURRENT_SCHEMA() AND table_name = 'pets' AND column_name = 'updated_at') AND objoid = (SELECT oid FROM pg_catalog.pg_class WHERE relname = 'pets' AND relnamespace = (SELECT oid FROM pg_catalog.pg_namespace WHERE nspname = CURRENT_SCHEMA()))

2025/02/13 14:38:57 /home/bryan/repos/skripsi/backend/setup/setup.go:78
[1.603ms] [rows:0] SELECT description FROM pg_catalog.pg_description WHERE objsubid = (SELECT ordinal_position FROM information_schema.columns WHERE table_schema = CURRENT_SCHEMA() AND table_name = 'pets' AND column_name = 'deleted_at') AND objoid = (SELECT oid FROM pg_catalog.pg_class WHERE relname = 'pets' AND relnamespace = (SELECT oid FROM pg_catalog.pg_namespace WHERE nspname = CURRENT_SCHEMA()))

2025/02/13 14:38:57 /home/bryan/repos/skripsi/backend/setup/setup.go:78
[1.590ms] [rows:0] SELECT description FROM pg_catalog.pg_description WHERE objsubid = (SELECT ordinal_position FROM information_schema.columns WHERE table_schema = CURRENT_SCHEMA() AND table_name = 'pets' AND column_name = 'name') AND objoid = (SELECT oid FROM pg_catalog.pg_class WHERE relname = 'pets' AND relnamespace = (SELECT oid FROM pg_catalog.pg_namespace WHERE nspname = CURRENT_SCHEMA()))

2025/02/13 14:38:57 /home/bryan/repos/skripsi/backend/setup/setup.go:78
[1.613ms] [rows:0] SELECT description FROM pg_catalog.pg_description WHERE objsubid = (SELECT ordinal_position FROM information_schema.columns WHERE table_schema = CURRENT_SCHEMA() AND table_name = 'pets' AND column_name = 'image_url') AND objoid = (SELECT oid FROM pg_catalog.pg_class WHERE relname = 'pets' AND relnamespace = (SELECT oid FROM pg_catalog.pg_namespace WHERE nspname = CURRENT_SCHEMA()))

2025/02/13 14:38:57 /home/bryan/repos/skripsi/backend/setup/setup.go:78
[1.718ms] [rows:0] SELECT description FROM pg_catalog.pg_description WHERE objsubid = (SELECT ordinal_position FROM information_schema.columns WHERE table_schema = CURRENT_SCHEMA() AND table_name = 'pets' AND column_name = 'status') AND objoid = (SELECT oid FROM pg_catalog.pg_class WHERE relname = 'pets' AND relnamespace = (SELECT oid FROM pg_catalog.pg_namespace WHERE nspname = CURRENT_SCHEMA()))

2025/02/13 14:38:57 /home/bryan/repos/skripsi/backend/setup/setup.go:78
[1.639ms] [rows:0] SELECT description FROM pg_catalog.pg_description WHERE objsubid = (SELECT ordinal_position FROM information_schema.columns WHERE table_schema = CURRENT_SCHEMA() AND table_name = 'pets' AND column_name = 'owner_id') AND objoid = (SELECT oid FROM pg_catalog.pg_class WHERE relname = 'pets' AND relnamespace = (SELECT oid FROM pg_catalog.pg_namespace WHERE nspname = CURRENT_SCHEMA()))

2025/02/13 14:38:57 /home/bryan/repos/skripsi/backend/setup/setup.go:78
[1.660ms] [rows:0] SELECT description FROM pg_catalog.pg_description WHERE objsubid = (SELECT ordinal_position FROM information_schema.columns WHERE table_schema = CURRENT_SCHEMA() AND table_name = 'pets' AND column_name = 'species_id') AND objoid = (SELECT oid FROM pg_catalog.pg_class WHERE relname = 'pets' AND relnamespace = (SELECT oid FROM pg_catalog.pg_namespace WHERE nspname = CURRENT_SCHEMA()))

2025/02/13 14:38:57 /home/bryan/repos/skripsi/backend/setup/setup.go:78
[1.612ms] [rows:0] SELECT description FROM pg_catalog.pg_description WHERE objsubid = (SELECT ordinal_position FROM information_schema.columns WHERE table_schema = CURRENT_SCHEMA() AND table_name = 'pets' AND column_name = 'size_id') AND objoid = (SELECT oid FROM pg_catalog.pg_class WHERE relname = 'pets' AND relnamespace = (SELECT oid FROM pg_catalog.pg_namespace WHERE nspname = CURRENT_SCHEMA()))

2025/02/13 14:38:57 /home/bryan/repos/skripsi/backend/setup/setup.go:78
[1.486ms] [rows:1] SELECT count(*) FROM INFORMATION_SCHEMA.table_constraints WHERE table_schema = CURRENT_SCHEMA() AND table_name = 'pets' AND constraint_name = 'fk_pets_species'

2025/02/13 14:38:57 /home/bryan/repos/skripsi/backend/setup/setup.go:78
[1.386ms] [rows:1] SELECT count(*) FROM INFORMATION_SCHEMA.table_constraints WHERE table_schema = CURRENT_SCHEMA() AND table_name = 'pets' AND constraint_name = 'fk_pets_size_category'

2025/02/13 14:38:57 /home/bryan/repos/skripsi/backend/setup/setup.go:78
[1.455ms] [rows:1] SELECT count(*) FROM INFORMATION_SCHEMA.table_constraints WHERE table_schema = CURRENT_SCHEMA() AND table_name = 'pets' AND constraint_name = 'fk_users_pets'

2025/02/13 14:38:57 /home/bryan/repos/skripsi/backend/setup/setup.go:78
[2.844ms] [rows:1] SELECT count(*) FROM pg_indexes WHERE tablename = 'pets' AND indexname = 'idx_pets_deleted_at' AND schemaname = CURRENT_SCHEMA()

2025/02/13 14:38:57 /home/bryan/repos/skripsi/backend/setup/setup.go:78
[1.240ms] [rows:1] SELECT count(*) FROM information_schema.tables WHERE table_schema = CURRENT_SCHEMA() AND table_name = 'slots' AND table_type = 'BASE TABLE'

2025/02/13 14:38:57 /home/bryan/repos/skripsi/backend/setup/setup.go:78
[1.071ms] [rows:1] SELECT CURRENT_DATABASE()

2025/02/13 14:38:57 /home/bryan/repos/skripsi/backend/setup/setup.go:78
[3.815ms] [rows:-] SELECT c.column_name, c.is_nullable = 'YES', c.udt_name, c.character_maximum_length, c.numeric_precision, c.numeric_precision_radix, c.numeric_scale, c.datetime_precision, 8 * typlen, c.column_default, pd.description, c.identity_increment FROM information_schema.columns AS c JOIN pg_type AS pgt ON c.udt_name = pgt.typname LEFT JOIN pg_catalog.pg_description as pd ON pd.objsubid = c.ordinal_position AND pd.objoid = (SELECT oid FROM pg_catalog.pg_class WHERE relname = c.table_name AND relnamespace = (SELECT oid FROM pg_catalog.pg_namespace WHERE nspname = c.table_schema)) where table_catalog = $1$ AND table_schema = CURRENT_SCHEMA() AND table_name = $2$

2025/02/13 14:38:57 /home/bryan/repos/skripsi/backend/setup/setup.go:78
[1.270ms] [rows:-] SELECT * FROM "slots" LIMIT $1$

2025/02/13 14:38:57 /home/bryan/repos/skripsi/backend/setup/setup.go:78
[3.201ms] [rows:-] SELECT constraint_name FROM information_schema.table_constraints tc JOIN information_schema.constraint_column_usage AS ccu USING (constraint_schema, constraint_catalog, table_name, constraint_name) JOIN information_schema.columns AS c ON c.table_schema = tc.constraint_schema AND tc.table_name = c.table_name AND ccu.column_name = c.column_name WHERE constraint_type IN ('PRIMARY KEY', 'UNIQUE') AND c.table_catalog = $1$ AND c.table_schema = CURRENT_SCHEMA() AND c.table_name = $2$ AND constraint_type = $3$

2025/02/13 14:38:57 /home/bryan/repos/skripsi/backend/setup/setup.go:78
[3.275ms] [rows:-] SELECT c.column_name, constraint_name, constraint_type FROM information_schema.table_constraints tc JOIN information_schema.constraint_column_usage AS ccu USING (constraint_schema, constraint_catalog, table_name, constraint_name) JOIN information_schema.columns AS c ON c.table_schema = tc.constraint_schema AND tc.table_name = c.table_name AND ccu.column_name = c.column_name WHERE constraint_type IN ('PRIMARY KEY', 'UNIQUE') AND c.table_catalog = $1$ AND c.table_schema = CURRENT_SCHEMA() AND c.table_name = $2$

2025/02/13 14:38:57 /home/bryan/repos/skripsi/backend/setup/setup.go:78
[1.051ms] [rows:-] SELECT a.attname as column_name, format_type(a.atttypid, a.atttypmod) AS data_type
		FROM pg_attribute a JOIN pg_class b ON a.attrelid = b.oid AND relnamespace = (SELECT oid FROM pg_catalog.pg_namespace WHERE nspname = CURRENT_SCHEMA())
		WHERE a.attnum > 0 -- hide internal columns
		AND NOT a.attisdropped -- hide deleted columns
		AND b.relname = $1$

2025/02/13 14:38:57 /home/bryan/repos/skripsi/backend/setup/setup.go:78
[1.578ms] [rows:0] SELECT description FROM pg_catalog.pg_description WHERE objsubid = (SELECT ordinal_position FROM information_schema.columns WHERE table_schema = CURRENT_SCHEMA() AND table_name = 'slots' AND column_name = 'id') AND objoid = (SELECT oid FROM pg_catalog.pg_class WHERE relname = 'slots' AND relnamespace = (SELECT oid FROM pg_catalog.pg_namespace WHERE nspname = CURRENT_SCHEMA()))

2025/02/13 14:38:57 /home/bryan/repos/skripsi/backend/setup/setup.go:78
[1.633ms] [rows:0] SELECT description FROM pg_catalog.pg_description WHERE objsubid = (SELECT ordinal_position FROM information_schema.columns WHERE table_schema = CURRENT_SCHEMA() AND table_name = 'slots' AND column_name = 'created_at') AND objoid = (SELECT oid FROM pg_catalog.pg_class WHERE relname = 'slots' AND relnamespace = (SELECT oid FROM pg_catalog.pg_namespace WHERE nspname = CURRENT_SCHEMA()))

2025/02/13 14:38:57 /home/bryan/repos/skripsi/backend/setup/setup.go:78
[1.603ms] [rows:0] SELECT description FROM pg_catalog.pg_description WHERE objsubid = (SELECT ordinal_position FROM information_schema.columns WHERE table_schema = CURRENT_SCHEMA() AND table_name = 'slots' AND column_name = 'updated_at') AND objoid = (SELECT oid FROM pg_catalog.pg_class WHERE relname = 'slots' AND relnamespace = (SELECT oid FROM pg_catalog.pg_namespace WHERE nspname = CURRENT_SCHEMA()))

2025/02/13 14:38:57 /home/bryan/repos/skripsi/backend/setup/setup.go:78
[1.630ms] [rows:0] SELECT description FROM pg_catalog.pg_description WHERE objsubid = (SELECT ordinal_position FROM information_schema.columns WHERE table_schema = CURRENT_SCHEMA() AND table_name = 'slots' AND column_name = 'deleted_at') AND objoid = (SELECT oid FROM pg_catalog.pg_class WHERE relname = 'slots' AND relnamespace = (SELECT oid FROM pg_catalog.pg_namespace WHERE nspname = CURRENT_SCHEMA()))

2025/02/13 14:38:57 /home/bryan/repos/skripsi/backend/setup/setup.go:78
[1.519ms] [rows:0] SELECT description FROM pg_catalog.pg_description WHERE objsubid = (SELECT ordinal_position FROM information_schema.columns WHERE table_schema = CURRENT_SCHEMA() AND table_name = 'slots' AND column_name = 'daycare_id') AND objoid = (SELECT oid FROM pg_catalog.pg_class WHERE relname = 'slots' AND relnamespace = (SELECT oid FROM pg_catalog.pg_namespace WHERE nspname = CURRENT_SCHEMA()))

2025/02/13 14:38:57 /home/bryan/repos/skripsi/backend/setup/setup.go:78
[1.619ms] [rows:0] SELECT description FROM pg_catalog.pg_description WHERE objsubid = (SELECT ordinal_position FROM information_schema.columns WHERE table_schema = CURRENT_SCHEMA() AND table_name = 'slots' AND column_name = 'species_id') AND objoid = (SELECT oid FROM pg_catalog.pg_class WHERE relname = 'slots' AND relnamespace = (SELECT oid FROM pg_catalog.pg_namespace WHERE nspname = CURRENT_SCHEMA()))

2025/02/13 14:38:57 /home/bryan/repos/skripsi/backend/setup/setup.go:78
[1.637ms] [rows:0] SELECT description FROM pg_catalog.pg_description WHERE objsubid = (SELECT ordinal_position FROM information_schema.columns WHERE table_schema = CURRENT_SCHEMA() AND table_name = 'slots' AND column_name = 'size_category_id') AND objoid = (SELECT oid FROM pg_catalog.pg_class WHERE relname = 'slots' AND relnamespace = (SELECT oid FROM pg_catalog.pg_namespace WHERE nspname = CURRENT_SCHEMA()))

2025/02/13 14:38:57 /home/bryan/repos/skripsi/backend/setup/setup.go:78
[1.497ms] [rows:0] SELECT description FROM pg_catalog.pg_description WHERE objsubid = (SELECT ordinal_position FROM information_schema.columns WHERE table_schema = CURRENT_SCHEMA() AND table_name = 'slots' AND column_name = 'max_number') AND objoid = (SELECT oid FROM pg_catalog.pg_class WHERE relname = 'slots' AND relnamespace = (SELECT oid FROM pg_catalog.pg_namespace WHERE nspname = CURRENT_SCHEMA()))

2025/02/13 14:38:57 /home/bryan/repos/skripsi/backend/setup/setup.go:78
[1.384ms] [rows:1] SELECT count(*) FROM INFORMATION_SCHEMA.table_constraints WHERE table_schema = CURRENT_SCHEMA() AND table_name = 'slots' AND constraint_name = 'fk_pet_daycares_slots'

2025/02/13 14:38:57 /home/bryan/repos/skripsi/backend/setup/setup.go:78
[2.952ms] [rows:1] SELECT count(*) FROM pg_indexes WHERE tablename = 'slots' AND indexname = 'idx_slots_deleted_at' AND schemaname = CURRENT_SCHEMA()

2025/02/13 14:38:57 /home/bryan/repos/skripsi/backend/setup/setup.go:78
[1.111ms] [rows:1] SELECT count(*) FROM information_schema.tables WHERE table_schema = CURRENT_SCHEMA() AND table_name = 'booked_slots' AND table_type = 'BASE TABLE'

2025/02/13 14:38:57 /home/bryan/repos/skripsi/backend/setup/setup.go:78
[0.695ms] [rows:1] SELECT CURRENT_DATABASE()

2025/02/13 14:38:57 /home/bryan/repos/skripsi/backend/setup/setup.go:78
[3.713ms] [rows:-] SELECT c.column_name, c.is_nullable = 'YES', c.udt_name, c.character_maximum_length, c.numeric_precision, c.numeric_precision_radix, c.numeric_scale, c.datetime_precision, 8 * typlen, c.column_default, pd.description, c.identity_increment FROM information_schema.columns AS c JOIN pg_type AS pgt ON c.udt_name = pgt.typname LEFT JOIN pg_catalog.pg_description as pd ON pd.objsubid = c.ordinal_position AND pd.objoid = (SELECT oid FROM pg_catalog.pg_class WHERE relname = c.table_name AND relnamespace = (SELECT oid FROM pg_catalog.pg_namespace WHERE nspname = c.table_schema)) where table_catalog = $1$ AND table_schema = CURRENT_SCHEMA() AND table_name = $2$

2025/02/13 14:38:57 /home/bryan/repos/skripsi/backend/setup/setup.go:78
[1.041ms] [rows:-] SELECT * FROM "booked_slots" LIMIT $1$

2025/02/13 14:38:57 /home/bryan/repos/skripsi/backend/setup/setup.go:78
[4.977ms] [rows:-] SELECT constraint_name FROM information_schema.table_constraints tc JOIN information_schema.constraint_column_usage AS ccu USING (constraint_schema, constraint_catalog, table_name, constraint_name) JOIN information_schema.columns AS c ON c.table_schema = tc.constraint_schema AND tc.table_name = c.table_name AND ccu.column_name = c.column_name WHERE constraint_type IN ('PRIMARY KEY', 'UNIQUE') AND c.table_catalog = $1$ AND c.table_schema = CURRENT_SCHEMA() AND c.table_name = $2$ AND constraint_type = $3$

2025/02/13 14:38:57 /home/bryan/repos/skripsi/backend/setup/setup.go:78
[3.822ms] [rows:-] SELECT c.column_name, constraint_name, constraint_type FROM information_schema.table_constraints tc JOIN information_schema.constraint_column_usage AS ccu USING (constraint_schema, constraint_catalog, table_name, constraint_name) JOIN information_schema.columns AS c ON c.table_schema = tc.constraint_schema AND tc.table_name = c.table_name AND ccu.column_name = c.column_name WHERE constraint_type IN ('PRIMARY KEY', 'UNIQUE') AND c.table_catalog = $1$ AND c.table_schema = CURRENT_SCHEMA() AND c.table_name = $2$

2025/02/13 14:38:57 /home/bryan/repos/skripsi/backend/setup/setup.go:78
[1.059ms] [rows:-] SELECT a.attname as column_name, format_type(a.atttypid, a.atttypmod) AS data_type
		FROM pg_attribute a JOIN pg_class b ON a.attrelid = b.oid AND relnamespace = (SELECT oid FROM pg_catalog.pg_namespace WHERE nspname = CURRENT_SCHEMA())
		WHERE a.attnum > 0 -- hide internal columns
		AND NOT a.attisdropped -- hide deleted columns
		AND b.relname = $1$

2025/02/13 14:38:57 /home/bryan/repos/skripsi/backend/setup/setup.go:78
[1.421ms] [rows:0] SELECT description FROM pg_catalog.pg_description WHERE objsubid = (SELECT ordinal_position FROM information_schema.columns WHERE table_schema = CURRENT_SCHEMA() AND table_name = 'booked_slots' AND column_name = 'id') AND objoid = (SELECT oid FROM pg_catalog.pg_class WHERE relname = 'booked_slots' AND relnamespace = (SELECT oid FROM pg_catalog.pg_namespace WHERE nspname = CURRENT_SCHEMA()))

2025/02/13 14:38:57 /home/bryan/repos/skripsi/backend/setup/setup.go:78
[1.517ms] [rows:0] SELECT description FROM pg_catalog.pg_description WHERE objsubid = (SELECT ordinal_position FROM information_schema.columns WHERE table_schema = CURRENT_SCHEMA() AND table_name = 'booked_slots' AND column_name = 'created_at') AND objoid = (SELECT oid FROM pg_catalog.pg_class WHERE relname = 'booked_slots' AND relnamespace = (SELECT oid FROM pg_catalog.pg_namespace WHERE nspname = CURRENT_SCHEMA()))

2025/02/13 14:38:57 /home/bryan/repos/skripsi/backend/setup/setup.go:78
[1.466ms] [rows:0] SELECT description FROM pg_catalog.pg_description WHERE objsubid = (SELECT ordinal_position FROM information_schema.columns WHERE table_schema = CURRENT_SCHEMA() AND table_name = 'booked_slots' AND column_name = 'updated_at') AND objoid = (SELECT oid FROM pg_catalog.pg_class WHERE relname = 'booked_slots' AND relnamespace = (SELECT oid FROM pg_catalog.pg_namespace WHERE nspname = CURRENT_SCHEMA()))

2025/02/13 14:38:57 /home/bryan/repos/skripsi/backend/setup/setup.go:78
[1.534ms] [rows:0] SELECT description FROM pg_catalog.pg_description WHERE objsubid = (SELECT ordinal_position FROM information_schema.columns WHERE table_schema = CURRENT_SCHEMA() AND table_name = 'booked_slots' AND column_name = 'deleted_at') AND objoid = (SELECT oid FROM pg_catalog.pg_class WHERE relname = 'booked_slots' AND relnamespace = (SELECT oid FROM pg_catalog.pg_namespace WHERE nspname = CURRENT_SCHEMA()))

2025/02/13 14:38:57 /home/bryan/repos/skripsi/backend/setup/setup.go:78
[1.560ms] [rows:0] SELECT description FROM pg_catalog.pg_description WHERE objsubid = (SELECT ordinal_position FROM information_schema.columns WHERE table_schema = CURRENT_SCHEMA() AND table_name = 'booked_slots' AND column_name = 'user_id') AND objoid = (SELECT oid FROM pg_catalog.pg_class WHERE relname = 'booked_slots' AND relnamespace = (SELECT oid FROM pg_catalog.pg_namespace WHERE nspname = CURRENT_SCHEMA()))

2025/02/13 14:38:57 /home/bryan/repos/skripsi/backend/setup/setup.go:78
[1.548ms] [rows:0] SELECT description FROM pg_catalog.pg_description WHERE objsubid = (SELECT ordinal_position FROM information_schema.columns WHERE table_schema = CURRENT_SCHEMA() AND table_name = 'booked_slots' AND column_name = 'daycare_id') AND objoid = (SELECT oid FROM pg_catalog.pg_class WHERE relname = 'booked_slots' AND relnamespace = (SELECT oid FROM pg_catalog.pg_namespace WHERE nspname = CURRENT_SCHEMA()))

2025/02/13 14:38:57 /home/bryan/repos/skripsi/backend/setup/setup.go:78
[1.718ms] [rows:0] SELECT description FROM pg_catalog.pg_description WHERE objsubid = (SELECT ordinal_position FROM information_schema.columns WHERE table_schema = CURRENT_SCHEMA() AND table_name = 'booked_slots' AND column_name = 'pet_id') AND objoid = (SELECT oid FROM pg_catalog.pg_class WHERE relname = 'booked_slots' AND relnamespace = (SELECT oid FROM pg_catalog.pg_namespace WHERE nspname = CURRENT_SCHEMA()))

2025/02/13 14:38:57 /home/bryan/repos/skripsi/backend/setup/setup.go:78
[1.807ms] [rows:0] SELECT description FROM pg_catalog.pg_description WHERE objsubid = (SELECT ordinal_position FROM information_schema.columns WHERE table_schema = CURRENT_SCHEMA() AND table_name = 'booked_slots' AND column_name = 'start_date') AND objoid = (SELECT oid FROM pg_catalog.pg_class WHERE relname = 'booked_slots' AND relnamespace = (SELECT oid FROM pg_catalog.pg_namespace WHERE nspname = CURRENT_SCHEMA()))

2025/02/13 14:38:57 /home/bryan/repos/skripsi/backend/setup/setup.go:78
[1.615ms] [rows:0] SELECT description FROM pg_catalog.pg_description WHERE objsubid = (SELECT ordinal_position FROM information_schema.columns WHERE table_schema = CURRENT_SCHEMA() AND table_name = 'booked_slots' AND column_name = 'end_date') AND objoid = (SELECT oid FROM pg_catalog.pg_class WHERE relname = 'booked_slots' AND relnamespace = (SELECT oid FROM pg_catalog.pg_namespace WHERE nspname = CURRENT_SCHEMA()))

2025/02/13 14:38:57 /home/bryan/repos/skripsi/backend/setup/setup.go:78
[1.449ms] [rows:1] SELECT count(*) FROM INFORMATION_SCHEMA.table_constraints WHERE table_schema = CURRENT_SCHEMA() AND table_name = 'booked_slots' AND constraint_name = 'fk_pets_booked_slots'

2025/02/13 14:38:57 /home/bryan/repos/skripsi/backend/setup/setup.go:78
[1.369ms] [rows:1] SELECT count(*) FROM INFORMATION_SCHEMA.table_constraints WHERE table_schema = CURRENT_SCHEMA() AND table_name = 'booked_slots' AND constraint_name = 'fk_pet_daycares_booked_slots'

2025/02/13 14:38:57 /home/bryan/repos/skripsi/backend/setup/setup.go:78
[1.694ms] [rows:1] SELECT count(*) FROM INFORMATION_SCHEMA.table_constraints WHERE table_schema = CURRENT_SCHEMA() AND table_name = 'booked_slots' AND constraint_name = 'fk_booked_slots_user'

2025/02/13 14:38:57 /home/bryan/repos/skripsi/backend/setup/setup.go:78
[3.935ms] [rows:1] SELECT count(*) FROM pg_indexes WHERE tablename = 'booked_slots' AND indexname = 'idx_booked_slots_deleted_at' AND schemaname = CURRENT_SCHEMA()

2025/02/13 14:38:57 /home/bryan/repos/skripsi/backend/setup/setup.go:78
[1.185ms] [rows:1] SELECT count(*) FROM information_schema.tables WHERE table_schema = CURRENT_SCHEMA() AND table_name = 'thumbnails' AND table_type = 'BASE TABLE'

2025/02/13 14:38:57 /home/bryan/repos/skripsi/backend/setup/setup.go:78
[0.922ms] [rows:1] SELECT CURRENT_DATABASE()

2025/02/13 14:38:57 /home/bryan/repos/skripsi/backend/setup/setup.go:78
[4.497ms] [rows:-] SELECT c.column_name, c.is_nullable = 'YES', c.udt_name, c.character_maximum_length, c.numeric_precision, c.numeric_precision_radix, c.numeric_scale, c.datetime_precision, 8 * typlen, c.column_default, pd.description, c.identity_increment FROM information_schema.columns AS c JOIN pg_type AS pgt ON c.udt_name = pgt.typname LEFT JOIN pg_catalog.pg_description as pd ON pd.objsubid = c.ordinal_position AND pd.objoid = (SELECT oid FROM pg_catalog.pg_class WHERE relname = c.table_name AND relnamespace = (SELECT oid FROM pg_catalog.pg_namespace WHERE nspname = c.table_schema)) where table_catalog = $1$ AND table_schema = CURRENT_SCHEMA() AND table_name = $2$

2025/02/13 14:38:57 /home/bryan/repos/skripsi/backend/setup/setup.go:78
[1.243ms] [rows:-] SELECT * FROM "thumbnails" LIMIT $1$

2025/02/13 14:38:57 /home/bryan/repos/skripsi/backend/setup/setup.go:78
[2.645ms] [rows:-] SELECT constraint_name FROM information_schema.table_constraints tc JOIN information_schema.constraint_column_usage AS ccu USING (constraint_schema, constraint_catalog, table_name, constraint_name) JOIN information_schema.columns AS c ON c.table_schema = tc.constraint_schema AND tc.table_name = c.table_name AND ccu.column_name = c.column_name WHERE constraint_type IN ('PRIMARY KEY', 'UNIQUE') AND c.table_catalog = $1$ AND c.table_schema = CURRENT_SCHEMA() AND c.table_name = $2$ AND constraint_type = $3$

2025/02/13 14:38:57 /home/bryan/repos/skripsi/backend/setup/setup.go:78
[2.710ms] [rows:-] SELECT c.column_name, constraint_name, constraint_type FROM information_schema.table_constraints tc JOIN information_schema.constraint_column_usage AS ccu USING (constraint_schema, constraint_catalog, table_name, constraint_name) JOIN information_schema.columns AS c ON c.table_schema = tc.constraint_schema AND tc.table_name = c.table_name AND ccu.column_name = c.column_name WHERE constraint_type IN ('PRIMARY KEY', 'UNIQUE') AND c.table_catalog = $1$ AND c.table_schema = CURRENT_SCHEMA() AND c.table_name = $2$

2025/02/13 14:38:57 /home/bryan/repos/skripsi/backend/setup/setup.go:78
[1.042ms] [rows:-] SELECT a.attname as column_name, format_type(a.atttypid, a.atttypmod) AS data_type
		FROM pg_attribute a JOIN pg_class b ON a.attrelid = b.oid AND relnamespace = (SELECT oid FROM pg_catalog.pg_namespace WHERE nspname = CURRENT_SCHEMA())
		WHERE a.attnum > 0 -- hide internal columns
		AND NOT a.attisdropped -- hide deleted columns
		AND b.relname = $1$

2025/02/13 14:38:57 /home/bryan/repos/skripsi/backend/setup/setup.go:78
[1.737ms] [rows:0] SELECT description FROM pg_catalog.pg_description WHERE objsubid = (SELECT ordinal_position FROM information_schema.columns WHERE table_schema = CURRENT_SCHEMA() AND table_name = 'thumbnails' AND column_name = 'id') AND objoid = (SELECT oid FROM pg_catalog.pg_class WHERE relname = 'thumbnails' AND relnamespace = (SELECT oid FROM pg_catalog.pg_namespace WHERE nspname = CURRENT_SCHEMA()))

2025/02/13 14:38:57 /home/bryan/repos/skripsi/backend/setup/setup.go:78
[1.656ms] [rows:0] SELECT description FROM pg_catalog.pg_description WHERE objsubid = (SELECT ordinal_position FROM information_schema.columns WHERE table_schema = CURRENT_SCHEMA() AND table_name = 'thumbnails' AND column_name = 'daycare_id') AND objoid = (SELECT oid FROM pg_catalog.pg_class WHERE relname = 'thumbnails' AND relnamespace = (SELECT oid FROM pg_catalog.pg_namespace WHERE nspname = CURRENT_SCHEMA()))

2025/02/13 14:38:57 /home/bryan/repos/skripsi/backend/setup/setup.go:78
[1.544ms] [rows:0] SELECT description FROM pg_catalog.pg_description WHERE objsubid = (SELECT ordinal_position FROM information_schema.columns WHERE table_schema = CURRENT_SCHEMA() AND table_name = 'thumbnails' AND column_name = 'image_url') AND objoid = (SELECT oid FROM pg_catalog.pg_class WHERE relname = 'thumbnails' AND relnamespace = (SELECT oid FROM pg_catalog.pg_namespace WHERE nspname = CURRENT_SCHEMA()))

2025/02/13 14:38:57 /home/bryan/repos/skripsi/backend/setup/setup.go:78
[1.136ms] [rows:1] SELECT count(*) FROM INFORMATION_SCHEMA.table_constraints WHERE table_schema = CURRENT_SCHEMA() AND table_name = 'thumbnails' AND constraint_name = 'fk_pet_daycares_thumbnails'

2025/02/13 14:38:57 /home/bryan/repos/skripsi/backend/setup/setup.go:78
[1.079ms] [rows:1] SELECT count(*) FROM information_schema.tables WHERE table_schema = CURRENT_SCHEMA() AND table_name = 'reviews' AND table_type = 'BASE TABLE'

2025/02/13 14:38:57 /home/bryan/repos/skripsi/backend/setup/setup.go:78
[0.748ms] [rows:1] SELECT CURRENT_DATABASE()

2025/02/13 14:38:57 /home/bryan/repos/skripsi/backend/setup/setup.go:78
[3.886ms] [rows:-] SELECT c.column_name, c.is_nullable = 'YES', c.udt_name, c.character_maximum_length, c.numeric_precision, c.numeric_precision_radix, c.numeric_scale, c.datetime_precision, 8 * typlen, c.column_default, pd.description, c.identity_increment FROM information_schema.columns AS c JOIN pg_type AS pgt ON c.udt_name = pgt.typname LEFT JOIN pg_catalog.pg_description as pd ON pd.objsubid = c.ordinal_position AND pd.objoid = (SELECT oid FROM pg_catalog.pg_class WHERE relname = c.table_name AND relnamespace = (SELECT oid FROM pg_catalog.pg_namespace WHERE nspname = c.table_schema)) where table_catalog = $1$ AND table_schema = CURRENT_SCHEMA() AND table_name = $2$

2025/02/13 14:38:57 /home/bryan/repos/skripsi/backend/setup/setup.go:78
[1.162ms] [rows:-] SELECT * FROM "reviews" LIMIT $1$

2025/02/13 14:38:57 /home/bryan/repos/skripsi/backend/setup/setup.go:78
[4.518ms] [rows:-] SELECT constraint_name FROM information_schema.table_constraints tc JOIN information_schema.constraint_column_usage AS ccu USING (constraint_schema, constraint_catalog, table_name, constraint_name) JOIN information_schema.columns AS c ON c.table_schema = tc.constraint_schema AND tc.table_name = c.table_name AND ccu.column_name = c.column_name WHERE constraint_type IN ('PRIMARY KEY', 'UNIQUE') AND c.table_catalog = $1$ AND c.table_schema = CURRENT_SCHEMA() AND c.table_name = $2$ AND constraint_type = $3$

2025/02/13 14:38:57 /home/bryan/repos/skripsi/backend/setup/setup.go:78
[4.394ms] [rows:-] SELECT c.column_name, constraint_name, constraint_type FROM information_schema.table_constraints tc JOIN information_schema.constraint_column_usage AS ccu USING (constraint_schema, constraint_catalog, table_name, constraint_name) JOIN information_schema.columns AS c ON c.table_schema = tc.constraint_schema AND tc.table_name = c.table_name AND ccu.column_name = c.column_name WHERE constraint_type IN ('PRIMARY KEY', 'UNIQUE') AND c.table_catalog = $1$ AND c.table_schema = CURRENT_SCHEMA() AND c.table_name = $2$

2025/02/13 14:38:57 /home/bryan/repos/skripsi/backend/setup/setup.go:78
[1.378ms] [rows:-] SELECT a.attname as column_name, format_type(a.atttypid, a.atttypmod) AS data_type
		FROM pg_attribute a JOIN pg_class b ON a.attrelid = b.oid AND relnamespace = (SELECT oid FROM pg_catalog.pg_namespace WHERE nspname = CURRENT_SCHEMA())
		WHERE a.attnum > 0 -- hide internal columns
		AND NOT a.attisdropped -- hide deleted columns
		AND b.relname = $1$

2025/02/13 14:38:57 /home/bryan/repos/skripsi/backend/setup/setup.go:78
[1.998ms] [rows:0] SELECT description FROM pg_catalog.pg_description WHERE objsubid = (SELECT ordinal_position FROM information_schema.columns WHERE table_schema = CURRENT_SCHEMA() AND table_name = 'reviews' AND column_name = 'id') AND objoid = (SELECT oid FROM pg_catalog.pg_class WHERE relname = 'reviews' AND relnamespace = (SELECT oid FROM pg_catalog.pg_namespace WHERE nspname = CURRENT_SCHEMA()))

2025/02/13 14:38:57 /home/bryan/repos/skripsi/backend/setup/setup.go:78
[1.944ms] [rows:0] SELECT description FROM pg_catalog.pg_description WHERE objsubid = (SELECT ordinal_position FROM information_schema.columns WHERE table_schema = CURRENT_SCHEMA() AND table_name = 'reviews' AND column_name = 'created_at') AND objoid = (SELECT oid FROM pg_catalog.pg_class WHERE relname = 'reviews' AND relnamespace = (SELECT oid FROM pg_catalog.pg_namespace WHERE nspname = CURRENT_SCHEMA()))

2025/02/13 14:38:57 /home/bryan/repos/skripsi/backend/setup/setup.go:78
[2.091ms] [rows:0] SELECT description FROM pg_catalog.pg_description WHERE objsubid = (SELECT ordinal_position FROM information_schema.columns WHERE table_schema = CURRENT_SCHEMA() AND table_name = 'reviews' AND column_name = 'updated_at') AND objoid = (SELECT oid FROM pg_catalog.pg_class WHERE relname = 'reviews' AND relnamespace = (SELECT oid FROM pg_catalog.pg_namespace WHERE nspname = CURRENT_SCHEMA()))

2025/02/13 14:38:57 /home/bryan/repos/skripsi/backend/setup/setup.go:78
[2.320ms] [rows:0] SELECT description FROM pg_catalog.pg_description WHERE objsubid = (SELECT ordinal_position FROM information_schema.columns WHERE table_schema = CURRENT_SCHEMA() AND table_name = 'reviews' AND column_name = 'deleted_at') AND objoid = (SELECT oid FROM pg_catalog.pg_class WHERE relname = 'reviews' AND relnamespace = (SELECT oid FROM pg_catalog.pg_namespace WHERE nspname = CURRENT_SCHEMA()))

2025/02/13 14:38:57 /home/bryan/repos/skripsi/backend/setup/setup.go:78
[2.082ms] [rows:0] SELECT description FROM pg_catalog.pg_description WHERE objsubid = (SELECT ordinal_position FROM information_schema.columns WHERE table_schema = CURRENT_SCHEMA() AND table_name = 'reviews' AND column_name = 'daycare_id') AND objoid = (SELECT oid FROM pg_catalog.pg_class WHERE relname = 'reviews' AND relnamespace = (SELECT oid FROM pg_catalog.pg_namespace WHERE nspname = CURRENT_SCHEMA()))

2025/02/13 14:38:57 /home/bryan/repos/skripsi/backend/setup/setup.go:78
[2.019ms] [rows:0] SELECT description FROM pg_catalog.pg_description WHERE objsubid = (SELECT ordinal_position FROM information_schema.columns WHERE table_schema = CURRENT_SCHEMA() AND table_name = 'reviews' AND column_name = 'user_id') AND objoid = (SELECT oid FROM pg_catalog.pg_class WHERE relname = 'reviews' AND relnamespace = (SELECT oid FROM pg_catalog.pg_namespace WHERE nspname = CURRENT_SCHEMA()))

2025/02/13 14:38:57 /home/bryan/repos/skripsi/backend/setup/setup.go:78
[2.032ms] [rows:0] SELECT description FROM pg_catalog.pg_description WHERE objsubid = (SELECT ordinal_position FROM information_schema.columns WHERE table_schema = CURRENT_SCHEMA() AND table_name = 'reviews' AND column_name = 'name') AND objoid = (SELECT oid FROM pg_catalog.pg_class WHERE relname = 'reviews' AND relnamespace = (SELECT oid FROM pg_catalog.pg_namespace WHERE nspname = CURRENT_SCHEMA()))

2025/02/13 14:38:57 /home/bryan/repos/skripsi/backend/setup/setup.go:78
[1.966ms] [rows:0] SELECT description FROM pg_catalog.pg_description WHERE objsubid = (SELECT ordinal_position FROM information_schema.columns WHERE table_schema = CURRENT_SCHEMA() AND table_name = 'reviews' AND column_name = 'rate') AND objoid = (SELECT oid FROM pg_catalog.pg_class WHERE relname = 'reviews' AND relnamespace = (SELECT oid FROM pg_catalog.pg_namespace WHERE nspname = CURRENT_SCHEMA()))

2025/02/13 14:38:57 /home/bryan/repos/skripsi/backend/setup/setup.go:78
[1.956ms] [rows:0] SELECT description FROM pg_catalog.pg_description WHERE objsubid = (SELECT ordinal_position FROM information_schema.columns WHERE table_schema = CURRENT_SCHEMA() AND table_name = 'reviews' AND column_name = 'description') AND objoid = (SELECT oid FROM pg_catalog.pg_class WHERE relname = 'reviews' AND relnamespace = (SELECT oid FROM pg_catalog.pg_namespace WHERE nspname = CURRENT_SCHEMA()))

2025/02/13 14:38:57 /home/bryan/repos/skripsi/backend/setup/setup.go:78
[1.778ms] [rows:1] SELECT count(*) FROM INFORMATION_SCHEMA.table_constraints WHERE table_schema = CURRENT_SCHEMA() AND table_name = 'reviews' AND constraint_name = 'fk_pet_daycares_reviews'

2025/02/13 14:38:57 /home/bryan/repos/skripsi/backend/setup/setup.go:78
[1.728ms] [rows:1] SELECT count(*) FROM INFORMATION_SCHEMA.table_constraints WHERE table_schema = CURRENT_SCHEMA() AND table_name = 'reviews' AND constraint_name = 'fk_users_reviews'

2025/02/13 14:38:57 /home/bryan/repos/skripsi/backend/setup/setup.go:78
[3.853ms] [rows:1] SELECT count(*) FROM pg_indexes WHERE tablename = 'reviews' AND indexname = 'idx_reviews_deleted_at' AND schemaname = CURRENT_SCHEMA()

2025/02/13 14:38:57 /home/bryan/repos/skripsi/backend/setup/setup.go:78
[1.632ms] [rows:1] SELECT count(*) FROM information_schema.tables WHERE table_schema = CURRENT_SCHEMA() AND table_name = 'refresh_tokens' AND table_type = 'BASE TABLE'

2025/02/13 14:38:57 /home/bryan/repos/skripsi/backend/setup/setup.go:78
[0.986ms] [rows:1] SELECT CURRENT_DATABASE()

2025/02/13 14:38:57 /home/bryan/repos/skripsi/backend/setup/setup.go:78
[4.796ms] [rows:-] SELECT c.column_name, c.is_nullable = 'YES', c.udt_name, c.character_maximum_length, c.numeric_precision, c.numeric_precision_radix, c.numeric_scale, c.datetime_precision, 8 * typlen, c.column_default, pd.description, c.identity_increment FROM information_schema.columns AS c JOIN pg_type AS pgt ON c.udt_name = pgt.typname LEFT JOIN pg_catalog.pg_description as pd ON pd.objsubid = c.ordinal_position AND pd.objoid = (SELECT oid FROM pg_catalog.pg_class WHERE relname = c.table_name AND relnamespace = (SELECT oid FROM pg_catalog.pg_namespace WHERE nspname = c.table_schema)) where table_catalog = $1$ AND table_schema = CURRENT_SCHEMA() AND table_name = $2$

2025/02/13 14:38:57 /home/bryan/repos/skripsi/backend/setup/setup.go:78
[1.979ms] [rows:-] SELECT * FROM "refresh_tokens" LIMIT $1$

2025/02/13 14:38:58 /home/bryan/repos/skripsi/backend/setup/setup.go:78
[3.945ms] [rows:-] SELECT constraint_name FROM information_schema.table_constraints tc JOIN information_schema.constraint_column_usage AS ccu USING (constraint_schema, constraint_catalog, table_name, constraint_name) JOIN information_schema.columns AS c ON c.table_schema = tc.constraint_schema AND tc.table_name = c.table_name AND ccu.column_name = c.column_name WHERE constraint_type IN ('PRIMARY KEY', 'UNIQUE') AND c.table_catalog = $1$ AND c.table_schema = CURRENT_SCHEMA() AND c.table_name = $2$ AND constraint_type = $3$

2025/02/13 14:38:58 /home/bryan/repos/skripsi/backend/setup/setup.go:78
[3.956ms] [rows:-] SELECT c.column_name, constraint_name, constraint_type FROM information_schema.table_constraints tc JOIN information_schema.constraint_column_usage AS ccu USING (constraint_schema, constraint_catalog, table_name, constraint_name) JOIN information_schema.columns AS c ON c.table_schema = tc.constraint_schema AND tc.table_name = c.table_name AND ccu.column_name = c.column_name WHERE constraint_type IN ('PRIMARY KEY', 'UNIQUE') AND c.table_catalog = $1$ AND c.table_schema = CURRENT_SCHEMA() AND c.table_name = $2$

2025/02/13 14:38:58 /home/bryan/repos/skripsi/backend/setup/setup.go:78
[1.406ms] [rows:-] SELECT a.attname as column_name, format_type(a.atttypid, a.atttypmod) AS data_type
		FROM pg_attribute a JOIN pg_class b ON a.attrelid = b.oid AND relnamespace = (SELECT oid FROM pg_catalog.pg_namespace WHERE nspname = CURRENT_SCHEMA())
		WHERE a.attnum > 0 -- hide internal columns
		AND NOT a.attisdropped -- hide deleted columns
		AND b.relname = $1$

2025/02/13 14:38:58 /home/bryan/repos/skripsi/backend/setup/setup.go:78
[1.974ms] [rows:0] SELECT description FROM pg_catalog.pg_description WHERE objsubid = (SELECT ordinal_position FROM information_schema.columns WHERE table_schema = CURRENT_SCHEMA() AND table_name = 'refresh_tokens' AND column_name = 'id') AND objoid = (SELECT oid FROM pg_catalog.pg_class WHERE relname = 'refresh_tokens' AND relnamespace = (SELECT oid FROM pg_catalog.pg_namespace WHERE nspname = CURRENT_SCHEMA()))

2025/02/13 14:38:58 /home/bryan/repos/skripsi/backend/setup/setup.go:78
[1.878ms] [rows:0] SELECT description FROM pg_catalog.pg_description WHERE objsubid = (SELECT ordinal_position FROM information_schema.columns WHERE table_schema = CURRENT_SCHEMA() AND table_name = 'refresh_tokens' AND column_name = 'created_at') AND objoid = (SELECT oid FROM pg_catalog.pg_class WHERE relname = 'refresh_tokens' AND relnamespace = (SELECT oid FROM pg_catalog.pg_namespace WHERE nspname = CURRENT_SCHEMA()))

2025/02/13 14:38:58 /home/bryan/repos/skripsi/backend/setup/setup.go:78
[2.126ms] [rows:0] SELECT description FROM pg_catalog.pg_description WHERE objsubid = (SELECT ordinal_position FROM information_schema.columns WHERE table_schema = CURRENT_SCHEMA() AND table_name = 'refresh_tokens' AND column_name = 'updated_at') AND objoid = (SELECT oid FROM pg_catalog.pg_class WHERE relname = 'refresh_tokens' AND relnamespace = (SELECT oid FROM pg_catalog.pg_namespace WHERE nspname = CURRENT_SCHEMA()))

2025/02/13 14:38:58 /home/bryan/repos/skripsi/backend/setup/setup.go:78
[1.917ms] [rows:0] SELECT description FROM pg_catalog.pg_description WHERE objsubid = (SELECT ordinal_position FROM information_schema.columns WHERE table_schema = CURRENT_SCHEMA() AND table_name = 'refresh_tokens' AND column_name = 'deleted_at') AND objoid = (SELECT oid FROM pg_catalog.pg_class WHERE relname = 'refresh_tokens' AND relnamespace = (SELECT oid FROM pg_catalog.pg_namespace WHERE nspname = CURRENT_SCHEMA()))

2025/02/13 14:38:58 /home/bryan/repos/skripsi/backend/setup/setup.go:78
[2.015ms] [rows:0] SELECT description FROM pg_catalog.pg_description WHERE objsubid = (SELECT ordinal_position FROM information_schema.columns WHERE table_schema = CURRENT_SCHEMA() AND table_name = 'refresh_tokens' AND column_name = 'user_id') AND objoid = (SELECT oid FROM pg_catalog.pg_class WHERE relname = 'refresh_tokens' AND relnamespace = (SELECT oid FROM pg_catalog.pg_namespace WHERE nspname = CURRENT_SCHEMA()))

2025/02/13 14:38:58 /home/bryan/repos/skripsi/backend/setup/setup.go:78
[1.919ms] [rows:0] SELECT description FROM pg_catalog.pg_description WHERE objsubid = (SELECT ordinal_position FROM information_schema.columns WHERE table_schema = CURRENT_SCHEMA() AND table_name = 'refresh_tokens' AND column_name = 'token') AND objoid = (SELECT oid FROM pg_catalog.pg_class WHERE relname = 'refresh_tokens' AND relnamespace = (SELECT oid FROM pg_catalog.pg_namespace WHERE nspname = CURRENT_SCHEMA()))

2025/02/13 14:38:58 /home/bryan/repos/skripsi/backend/setup/setup.go:78
[1.948ms] [rows:0] SELECT description FROM pg_catalog.pg_description WHERE objsubid = (SELECT ordinal_position FROM information_schema.columns WHERE table_schema = CURRENT_SCHEMA() AND table_name = 'refresh_tokens' AND column_name = 'expires_at') AND objoid = (SELECT oid FROM pg_catalog.pg_class WHERE relname = 'refresh_tokens' AND relnamespace = (SELECT oid FROM pg_catalog.pg_namespace WHERE nspname = CURRENT_SCHEMA()))

2025/02/13 14:38:58 /home/bryan/repos/skripsi/backend/setup/setup.go:78
[1.344ms] [rows:1] SELECT count(*) FROM pg_indexes WHERE tablename = 'refresh_tokens' AND indexname = 'idx_refresh_tokens_deleted_at' AND schemaname = CURRENT_SCHEMA()

2025/02/13 14:38:58 /home/bryan/repos/skripsi/backend/setup/setup.go:78
[1.355ms] [rows:1] SELECT count(*) FROM pg_indexes WHERE tablename = 'refresh_tokens' AND indexname = 'idx_refresh_tokens_user_id' AND schemaname = CURRENT_SCHEMA()

2025/02/13 14:38:58 /home/bryan/repos/skripsi/backend/setup/setup.go:78
[1.330ms] [rows:1] SELECT count(*) FROM information_schema.tables WHERE table_schema = CURRENT_SCHEMA() AND table_name = 'transactions' AND table_type = 'BASE TABLE'

2025/02/13 14:38:58 /home/bryan/repos/skripsi/backend/setup/setup.go:78
[1.043ms] [rows:1] SELECT CURRENT_DATABASE()

2025/02/13 14:38:58 /home/bryan/repos/skripsi/backend/setup/setup.go:78
[4.258ms] [rows:-] SELECT c.column_name, c.is_nullable = 'YES', c.udt_name, c.character_maximum_length, c.numeric_precision, c.numeric_precision_radix, c.numeric_scale, c.datetime_precision, 8 * typlen, c.column_default, pd.description, c.identity_increment FROM information_schema.columns AS c JOIN pg_type AS pgt ON c.udt_name = pgt.typname LEFT JOIN pg_catalog.pg_description as pd ON pd.objsubid = c.ordinal_position AND pd.objoid = (SELECT oid FROM pg_catalog.pg_class WHERE relname = c.table_name AND relnamespace = (SELECT oid FROM pg_catalog.pg_namespace WHERE nspname = c.table_schema)) where table_catalog = $1$ AND table_schema = CURRENT_SCHEMA() AND table_name = $2$

2025/02/13 14:38:58 /home/bryan/repos/skripsi/backend/setup/setup.go:78
[1.363ms] [rows:-] SELECT * FROM "transactions" LIMIT $1$

2025/02/13 14:38:58 /home/bryan/repos/skripsi/backend/setup/setup.go:78
[3.485ms] [rows:-] SELECT constraint_name FROM information_schema.table_constraints tc JOIN information_schema.constraint_column_usage AS ccu USING (constraint_schema, constraint_catalog, table_name, constraint_name) JOIN information_schema.columns AS c ON c.table_schema = tc.constraint_schema AND tc.table_name = c.table_name AND ccu.column_name = c.column_name WHERE constraint_type IN ('PRIMARY KEY', 'UNIQUE') AND c.table_catalog = $1$ AND c.table_schema = CURRENT_SCHEMA() AND c.table_name = $2$ AND constraint_type = $3$

2025/02/13 14:38:58 /home/bryan/repos/skripsi/backend/setup/setup.go:78
[3.516ms] [rows:-] SELECT c.column_name, constraint_name, constraint_type FROM information_schema.table_constraints tc JOIN information_schema.constraint_column_usage AS ccu USING (constraint_schema, constraint_catalog, table_name, constraint_name) JOIN information_schema.columns AS c ON c.table_schema = tc.constraint_schema AND tc.table_name = c.table_name AND ccu.column_name = c.column_name WHERE constraint_type IN ('PRIMARY KEY', 'UNIQUE') AND c.table_catalog = $1$ AND c.table_schema = CURRENT_SCHEMA() AND c.table_name = $2$

2025/02/13 14:38:58 /home/bryan/repos/skripsi/backend/setup/setup.go:78
[1.243ms] [rows:-] SELECT a.attname as column_name, format_type(a.atttypid, a.atttypmod) AS data_type
		FROM pg_attribute a JOIN pg_class b ON a.attrelid = b.oid AND relnamespace = (SELECT oid FROM pg_catalog.pg_namespace WHERE nspname = CURRENT_SCHEMA())
		WHERE a.attnum > 0 -- hide internal columns
		AND NOT a.attisdropped -- hide deleted columns
		AND b.relname = $1$

2025/02/13 14:38:58 /home/bryan/repos/skripsi/backend/setup/setup.go:78
[1.820ms] [rows:0] SELECT description FROM pg_catalog.pg_description WHERE objsubid = (SELECT ordinal_position FROM information_schema.columns WHERE table_schema = CURRENT_SCHEMA() AND table_name = 'transactions' AND column_name = 'id') AND objoid = (SELECT oid FROM pg_catalog.pg_class WHERE relname = 'transactions' AND relnamespace = (SELECT oid FROM pg_catalog.pg_namespace WHERE nspname = CURRENT_SCHEMA()))

2025/02/13 14:38:58 /home/bryan/repos/skripsi/backend/setup/setup.go:78
[2.031ms] [rows:0] SELECT description FROM pg_catalog.pg_description WHERE objsubid = (SELECT ordinal_position FROM information_schema.columns WHERE table_schema = CURRENT_SCHEMA() AND table_name = 'transactions' AND column_name = 'created_at') AND objoid = (SELECT oid FROM pg_catalog.pg_class WHERE relname = 'transactions' AND relnamespace = (SELECT oid FROM pg_catalog.pg_namespace WHERE nspname = CURRENT_SCHEMA()))

2025/02/13 14:38:58 /home/bryan/repos/skripsi/backend/setup/setup.go:78
[1.868ms] [rows:0] SELECT description FROM pg_catalog.pg_description WHERE objsubid = (SELECT ordinal_position FROM information_schema.columns WHERE table_schema = CURRENT_SCHEMA() AND table_name = 'transactions' AND column_name = 'pet_daycare_id') AND objoid = (SELECT oid FROM pg_catalog.pg_class WHERE relname = 'transactions' AND relnamespace = (SELECT oid FROM pg_catalog.pg_namespace WHERE nspname = CURRENT_SCHEMA()))

2025/02/13 14:38:58 /home/bryan/repos/skripsi/backend/setup/setup.go:78
[1.924ms] [rows:0] SELECT description FROM pg_catalog.pg_description WHERE objsubid = (SELECT ordinal_position FROM information_schema.columns WHERE table_schema = CURRENT_SCHEMA() AND table_name = 'transactions' AND column_name = 'booked_slot_id') AND objoid = (SELECT oid FROM pg_catalog.pg_class WHERE relname = 'transactions' AND relnamespace = (SELECT oid FROM pg_catalog.pg_namespace WHERE nspname = CURRENT_SCHEMA()))

2025/02/13 14:38:58 /home/bryan/repos/skripsi/backend/setup/setup.go:78
[1.933ms] [rows:0] SELECT description FROM pg_catalog.pg_description WHERE objsubid = (SELECT ordinal_position FROM information_schema.columns WHERE table_schema = CURRENT_SCHEMA() AND table_name = 'transactions' AND column_name = 'status') AND objoid = (SELECT oid FROM pg_catalog.pg_class WHERE relname = 'transactions' AND relnamespace = (SELECT oid FROM pg_catalog.pg_namespace WHERE nspname = CURRENT_SCHEMA()))

2025/02/13 14:38:58 /home/bryan/repos/skripsi/backend/setup/setup.go:78
[1.505ms] [rows:1] SELECT count(*) FROM INFORMATION_SCHEMA.table_constraints WHERE table_schema = CURRENT_SCHEMA() AND table_name = 'transactions' AND constraint_name = 'fk_transactions_pet_daycare'

2025/02/13 14:38:58 /home/bryan/repos/skripsi/backend/setup/setup.go:78
[1.708ms] [rows:1] SELECT count(*) FROM INFORMATION_SCHEMA.table_constraints WHERE table_schema = CURRENT_SCHEMA() AND table_name = 'transactions' AND constraint_name = 'fk_transactions_booked_slot'

2025/02/13 14:38:58 /home/bryan/repos/skripsi/backend/setup/setup.go:78
[1.363ms] [rows:1] SELECT count(*) FROM information_schema.tables WHERE table_schema = CURRENT_SCHEMA() AND table_name = 'reduce_slots' AND table_type = 'BASE TABLE'

2025/02/13 14:38:58 /home/bryan/repos/skripsi/backend/setup/setup.go:78
[1.001ms] [rows:1] SELECT CURRENT_DATABASE()

2025/02/13 14:38:58 /home/bryan/repos/skripsi/backend/setup/setup.go:78
[4.142ms] [rows:-] SELECT c.column_name, c.is_nullable = 'YES', c.udt_name, c.character_maximum_length, c.numeric_precision, c.numeric_precision_radix, c.numeric_scale, c.datetime_precision, 8 * typlen, c.column_default, pd.description, c.identity_increment FROM information_schema.columns AS c JOIN pg_type AS pgt ON c.udt_name = pgt.typname LEFT JOIN pg_catalog.pg_description as pd ON pd.objsubid = c.ordinal_position AND pd.objoid = (SELECT oid FROM pg_catalog.pg_class WHERE relname = c.table_name AND relnamespace = (SELECT oid FROM pg_catalog.pg_namespace WHERE nspname = c.table_schema)) where table_catalog = $1$ AND table_schema = CURRENT_SCHEMA() AND table_name = $2$

2025/02/13 14:38:58 /home/bryan/repos/skripsi/backend/setup/setup.go:78
[1.366ms] [rows:-] SELECT * FROM "reduce_slots" LIMIT $1$

2025/02/13 14:38:58 /home/bryan/repos/skripsi/backend/setup/setup.go:78
[3.290ms] [rows:-] SELECT constraint_name FROM information_schema.table_constraints tc JOIN information_schema.constraint_column_usage AS ccu USING (constraint_schema, constraint_catalog, table_name, constraint_name) JOIN information_schema.columns AS c ON c.table_schema = tc.constraint_schema AND tc.table_name = c.table_name AND ccu.column_name = c.column_name WHERE constraint_type IN ('PRIMARY KEY', 'UNIQUE') AND c.table_catalog = $1$ AND c.table_schema = CURRENT_SCHEMA() AND c.table_name = $2$ AND constraint_type = $3$

2025/02/13 14:38:58 /home/bryan/repos/skripsi/backend/setup/setup.go:78
[3.289ms] [rows:-] SELECT c.column_name, constraint_name, constraint_type FROM information_schema.table_constraints tc JOIN information_schema.constraint_column_usage AS ccu USING (constraint_schema, constraint_catalog, table_name, constraint_name) JOIN information_schema.columns AS c ON c.table_schema = tc.constraint_schema AND tc.table_name = c.table_name AND ccu.column_name = c.column_name WHERE constraint_type IN ('PRIMARY KEY', 'UNIQUE') AND c.table_catalog = $1$ AND c.table_schema = CURRENT_SCHEMA() AND c.table_name = $2$

2025/02/13 14:38:58 /home/bryan/repos/skripsi/backend/setup/setup.go:78
[1.282ms] [rows:-] SELECT a.attname as column_name, format_type(a.atttypid, a.atttypmod) AS data_type
		FROM pg_attribute a JOIN pg_class b ON a.attrelid = b.oid AND relnamespace = (SELECT oid FROM pg_catalog.pg_namespace WHERE nspname = CURRENT_SCHEMA())
		WHERE a.attnum > 0 -- hide internal columns
		AND NOT a.attisdropped -- hide deleted columns
		AND b.relname = $1$

2025/02/13 14:38:58 /home/bryan/repos/skripsi/backend/setup/setup.go:78
[1.936ms] [rows:0] SELECT description FROM pg_catalog.pg_description WHERE objsubid = (SELECT ordinal_position FROM information_schema.columns WHERE table_schema = CURRENT_SCHEMA() AND table_name = 'reduce_slots' AND column_name = 'id') AND objoid = (SELECT oid FROM pg_catalog.pg_class WHERE relname = 'reduce_slots' AND relnamespace = (SELECT oid FROM pg_catalog.pg_namespace WHERE nspname = CURRENT_SCHEMA()))

2025/02/13 14:38:58 /home/bryan/repos/skripsi/backend/setup/setup.go:78
[1.996ms] [rows:0] SELECT description FROM pg_catalog.pg_description WHERE objsubid = (SELECT ordinal_position FROM information_schema.columns WHERE table_schema = CURRENT_SCHEMA() AND table_name = 'reduce_slots' AND column_name = 'slot_id') AND objoid = (SELECT oid FROM pg_catalog.pg_class WHERE relname = 'reduce_slots' AND relnamespace = (SELECT oid FROM pg_catalog.pg_namespace WHERE nspname = CURRENT_SCHEMA()))

2025/02/13 14:38:58 /home/bryan/repos/skripsi/backend/setup/setup.go:78
[2.106ms] [rows:0] SELECT description FROM pg_catalog.pg_description WHERE objsubid = (SELECT ordinal_position FROM information_schema.columns WHERE table_schema = CURRENT_SCHEMA() AND table_name = 'reduce_slots' AND column_name = 'reduced_count') AND objoid = (SELECT oid FROM pg_catalog.pg_class WHERE relname = 'reduce_slots' AND relnamespace = (SELECT oid FROM pg_catalog.pg_namespace WHERE nspname = CURRENT_SCHEMA()))

2025/02/13 14:38:58 /home/bryan/repos/skripsi/backend/setup/setup.go:78
[2.141ms] [rows:0] SELECT description FROM pg_catalog.pg_description WHERE objsubid = (SELECT ordinal_position FROM information_schema.columns WHERE table_schema = CURRENT_SCHEMA() AND table_name = 'reduce_slots' AND column_name = 'target_date') AND objoid = (SELECT oid FROM pg_catalog.pg_class WHERE relname = 'reduce_slots' AND relnamespace = (SELECT oid FROM pg_catalog.pg_namespace WHERE nspname = CURRENT_SCHEMA()))

2025/02/13 14:38:58 /home/bryan/repos/skripsi/backend/setup/setup.go:78
[1.516ms] [rows:1] SELECT count(*) FROM information_schema.tables WHERE table_schema = CURRENT_SCHEMA() AND table_name = 'booked_slots_dailies' AND table_type = 'BASE TABLE'

2025/02/13 14:38:58 /home/bryan/repos/skripsi/backend/setup/setup.go:78
[1.229ms] [rows:1] SELECT CURRENT_DATABASE()

2025/02/13 14:38:58 /home/bryan/repos/skripsi/backend/setup/setup.go:78
[4.448ms] [rows:-] SELECT c.column_name, c.is_nullable = 'YES', c.udt_name, c.character_maximum_length, c.numeric_precision, c.numeric_precision_radix, c.numeric_scale, c.datetime_precision, 8 * typlen, c.column_default, pd.description, c.identity_increment FROM information_schema.columns AS c JOIN pg_type AS pgt ON c.udt_name = pgt.typname LEFT JOIN pg_catalog.pg_description as pd ON pd.objsubid = c.ordinal_position AND pd.objoid = (SELECT oid FROM pg_catalog.pg_class WHERE relname = c.table_name AND relnamespace = (SELECT oid FROM pg_catalog.pg_namespace WHERE nspname = c.table_schema)) where table_catalog = $1$ AND table_schema = CURRENT_SCHEMA() AND table_name = $2$

2025/02/13 14:38:58 /home/bryan/repos/skripsi/backend/setup/setup.go:78
[2.169ms] [rows:-] SELECT * FROM "booked_slots_dailies" LIMIT $1$

2025/02/13 14:38:58 /home/bryan/repos/skripsi/backend/setup/setup.go:78
[3.356ms] [rows:-] SELECT constraint_name FROM information_schema.table_constraints tc JOIN information_schema.constraint_column_usage AS ccu USING (constraint_schema, constraint_catalog, table_name, constraint_name) JOIN information_schema.columns AS c ON c.table_schema = tc.constraint_schema AND tc.table_name = c.table_name AND ccu.column_name = c.column_name WHERE constraint_type IN ('PRIMARY KEY', 'UNIQUE') AND c.table_catalog = $1$ AND c.table_schema = CURRENT_SCHEMA() AND c.table_name = $2$ AND constraint_type = $3$

2025/02/13 14:38:58 /home/bryan/repos/skripsi/backend/setup/setup.go:78
[3.575ms] [rows:-] SELECT c.column_name, constraint_name, constraint_type FROM information_schema.table_constraints tc JOIN information_schema.constraint_column_usage AS ccu USING (constraint_schema, constraint_catalog, table_name, constraint_name) JOIN information_schema.columns AS c ON c.table_schema = tc.constraint_schema AND tc.table_name = c.table_name AND ccu.column_name = c.column_name WHERE constraint_type IN ('PRIMARY KEY', 'UNIQUE') AND c.table_catalog = $1$ AND c.table_schema = CURRENT_SCHEMA() AND c.table_name = $2$

2025/02/13 14:38:58 /home/bryan/repos/skripsi/backend/setup/setup.go:78
[1.313ms] [rows:-] SELECT a.attname as column_name, format_type(a.atttypid, a.atttypmod) AS data_type
		FROM pg_attribute a JOIN pg_class b ON a.attrelid = b.oid AND relnamespace = (SELECT oid FROM pg_catalog.pg_namespace WHERE nspname = CURRENT_SCHEMA())
		WHERE a.attnum > 0 -- hide internal columns
		AND NOT a.attisdropped -- hide deleted columns
		AND b.relname = $1$

2025/02/13 14:38:58 /home/bryan/repos/skripsi/backend/setup/setup.go:78
[1.875ms] [rows:0] SELECT description FROM pg_catalog.pg_description WHERE objsubid = (SELECT ordinal_position FROM information_schema.columns WHERE table_schema = CURRENT_SCHEMA() AND table_name = 'booked_slots_dailies' AND column_name = 'id') AND objoid = (SELECT oid FROM pg_catalog.pg_class WHERE relname = 'booked_slots_dailies' AND relnamespace = (SELECT oid FROM pg_catalog.pg_namespace WHERE nspname = CURRENT_SCHEMA()))

2025/02/13 14:38:58 /home/bryan/repos/skripsi/backend/setup/setup.go:78
[1.916ms] [rows:0] SELECT description FROM pg_catalog.pg_description WHERE objsubid = (SELECT ordinal_position FROM information_schema.columns WHERE table_schema = CURRENT_SCHEMA() AND table_name = 'booked_slots_dailies' AND column_name = 'daycare_id') AND objoid = (SELECT oid FROM pg_catalog.pg_class WHERE relname = 'booked_slots_dailies' AND relnamespace = (SELECT oid FROM pg_catalog.pg_namespace WHERE nspname = CURRENT_SCHEMA()))

2025/02/13 14:38:58 /home/bryan/repos/skripsi/backend/setup/setup.go:78
[1.831ms] [rows:0] SELECT description FROM pg_catalog.pg_description WHERE objsubid = (SELECT ordinal_position FROM information_schema.columns WHERE table_schema = CURRENT_SCHEMA() AND table_name = 'booked_slots_dailies' AND column_name = 'date') AND objoid = (SELECT oid FROM pg_catalog.pg_class WHERE relname = 'booked_slots_dailies' AND relnamespace = (SELECT oid FROM pg_catalog.pg_namespace WHERE nspname = CURRENT_SCHEMA()))

2025/02/13 14:38:58 /home/bryan/repos/skripsi/backend/setup/setup.go:78
[2.032ms] [rows:0] SELECT description FROM pg_catalog.pg_description WHERE objsubid = (SELECT ordinal_position FROM information_schema.columns WHERE table_schema = CURRENT_SCHEMA() AND table_name = 'booked_slots_dailies' AND column_name = 'slot_count') AND objoid = (SELECT oid FROM pg_catalog.pg_class WHERE relname = 'booked_slots_dailies' AND relnamespace = (SELECT oid FROM pg_catalog.pg_namespace WHERE nspname = CURRENT_SCHEMA()))

2025/02/13 14:38:58 /home/bryan/repos/skripsi/backend/setup/setup.go:78
[1.335ms] [rows:1] SELECT count(*) FROM pg_indexes WHERE tablename = 'booked_slots_dailies' AND indexname = 'idx_booked_slots_dailies_date' AND schemaname = CURRENT_SCHEMA()
[GIN-debug] [WARNING] Creating an Engine instance with the Logger and Recovery middleware already attached.

[GIN-debug] [WARNING] Running in "debug" mode. Switch to "release" mode in production.
 - using env:	export GIN_MODE=release
 - using code:	gin.SetMode(gin.ReleaseMode)

[GIN-debug] GET    /assets/*filepath         --> github.com/gin-gonic/gin.(*RouterGroup).createStaticHandler.func1 (3 handlers)
[GIN-debug] HEAD   /assets/*filepath         --> github.com/gin-gonic/gin.(*RouterGroup).createStaticHandler.func1 (3 handlers)
[GIN-debug] POST   /users                    --> github.com/BryanEgbert/skripsi/controller.(*UserController).CreateUser-fm (3 handlers)
[GIN-debug] GET    /users/vets               --> github.com/BryanEgbert/skripsi/controller.(*UserController).GetVets-fm (4 handlers)
[GIN-debug] GET    /users/:id                --> github.com/BryanEgbert/skripsi/controller.(*UserController).GetUser-fm (4 handlers)
[GIN-debug] DELETE /users                    --> github.com/BryanEgbert/skripsi/controller.(*UserController).DeleteUser-fm (4 handlers)
[GIN-debug] PUT    /users                    --> github.com/BryanEgbert/skripsi/controller.(*UserController).UpdateUserProfile-fm (4 handlers)
[GIN-debug] PATCH  /users/password           --> github.com/BryanEgbert/skripsi/controller.(*UserController).UpdateUserPassword-fm (4 handlers)
[GIN-debug] POST   /login                    --> github.com/BryanEgbert/skripsi/controller.(*AuthController).Login-fm (3 handlers)
[GIN-debug] POST   /refresh                  --> github.com/BryanEgbert/skripsi/controller.(*AuthController).RefreshToken-fm (4 handlers)
[GIN-debug] GET    /pets/:id                 --> github.com/BryanEgbert/skripsi/controller.(*PetController).GetPet-fm (4 handlers)
[GIN-debug] GET    /pets                     --> github.com/BryanEgbert/skripsi/controller.(*PetController).GetPets-fm (4 handlers)
[GIN-debug] POST   /pets                     --> github.com/BryanEgbert/skripsi/controller.(*PetController).CreatePet-fm (4 handlers)
[GIN-debug] PUT    /pets/:id                 --> github.com/BryanEgbert/skripsi/controller.(*PetController).UpdatePet-fm (4 handlers)
[GIN-debug] DELETE /pets/:id                 --> github.com/BryanEgbert/skripsi/controller.(*PetController).DeletePet-fm (4 handlers)
[GIN-debug] PATCH  /daycare/slot/:slotId     --> github.com/BryanEgbert/skripsi/controller.(*PetDaycareController).EditSlotCount-fm (4 handlers)
[GIN-debug] GET    /daycare/:id/slot         --> github.com/BryanEgbert/skripsi/controller.(*PetDaycareController).GetPetDaycareSlots-fm (4 handlers)
[GIN-debug] POST   /daycare/:id/slot         --> github.com/BryanEgbert/skripsi/controller.(*PetDaycareController).CreateSlot-fm (4 handlers)
[GIN-debug] GET    /daycare/:id/review       --> github.com/BryanEgbert/skripsi/controller.(*PetDaycareController).GetReviews-fm (4 handlers)
[GIN-debug] POST   /daycare/:id/review       --> github.com/BryanEgbert/skripsi/controller.(*PetDaycareController).CreateReview-fm (4 handlers)
[GIN-debug] DELETE /daycare/:id/review       --> github.com/BryanEgbert/skripsi/controller.(*PetDaycareController).DeleteReview-fm (4 handlers)
[GIN-debug] GET    /daycare/:id              --> github.com/BryanEgbert/skripsi/controller.(*PetDaycareController).GetPetDaycare-fm (4 handlers)
[GIN-debug] GET    /daycare                  --> github.com/BryanEgbert/skripsi/controller.(*PetDaycareController).GetPetDaycares-fm (4 handlers)
[GIN-debug] POST   /daycare                  --> github.com/BryanEgbert/skripsi/controller.(*PetDaycareController).CreatePetDaycare-fm (4 handlers)
[GIN-debug] PUT    /daycare/:id              --> github.com/BryanEgbert/skripsi/controller.(*PetDaycareController).UpdatePetDaycare-fm (4 handlers)
[GIN-debug] DELETE /daycare/:id              --> github.com/BryanEgbert/skripsi/controller.(*PetDaycareController).DeletePetDaycare-fm (4 handlers)

2025/02/13 14:38:58 /home/bryan/repos/skripsi/backend/service/pet_service.go:35
[2.481ms] [rows:1] SELECT * FROM "booked_slots" WHERE "booked_slots"."pet_id" = $1$ AND "booked_slots"."deleted_at" IS NULL

2025/02/13 14:38:58 /home/bryan/repos/skripsi/backend/service/pet_service.go:35
[2.507ms] [rows:1] SELECT * FROM "size_categories" WHERE "size_categories"."id" = $1$

2025/02/13 14:38:58 /home/bryan/repos/skripsi/backend/service/pet_service.go:35
[3.064ms] [rows:1] SELECT * FROM "species" WHERE "species"."id" = $1$

2025/02/13 14:38:58 /home/bryan/repos/skripsi/backend/service/pet_service.go:35
[12.360ms] [rows:1] SELECT * FROM "pets" WHERE "pets"."id" = $1$ AND "pets"."deleted_at" IS NULL ORDER BY "pets"."id" LIMIT $2$
[GIN] 2025/02/13 - 14:38:58 | 200 |    12.64491ms |                 | GET      "/pets/1"
=== RUN   TestGetPet/On_get_pet,_should_return_error_when_pet_ID_doesn't_exists_in_DB

2025/02/13 14:38:58 /home/bryan/repos/skripsi/backend/setup/setup.go:60
[280.205ms] [rows:0] TRUNCATE TABLE users, vet_specialties, user_vet_specialties, pet_daycares, pets, size_categories, roles, slots, booked_slots, thumbnails, species, reviews, refresh_tokens, transactions, daily_walks, daily_playtimes, reduce_slots RESTART IDENTITY CASCADE;

2025/02/13 14:38:58 /home/bryan/repos/skripsi/backend/seeder/seeder.go:18
[14.506ms] [rows:3] INSERT INTO "roles" ("name","id") VALUES ($1$,$2$),($3$,$4$),($5$,$6$) RETURNING "id"

2025/02/13 14:38:58 /home/bryan/repos/skripsi/backend/seeder/seeder.go:29
[10.204ms] [rows:4] INSERT INTO "daily_walks" ("name","id") VALUES ($1$,$2$),($3$,$4$),($5$,$6$),($7$,$8$) RETURNING "id"

2025/02/13 14:38:58 /home/bryan/repos/skripsi/backend/seeder/seeder.go:39
[9.731ms] [rows:4] INSERT INTO "daily_playtimes" ("name","id") VALUES ($1$,$2$),($3$,$4$),($5$,$6$),($7$,$8$) RETURNING "id"

2025/02/13 14:38:58 /home/bryan/repos/skripsi/backend/seeder/seeder.go:61
[10.985ms] [rows:17] INSERT INTO "vet_specialties" ("name") VALUES ($1$),($2$),($3$),($4$),($5$),($6$),($7$),($8$),($9$),($10$),($11$),($12$),($13$),($14$),($15$),($16$),($17$) RETURNING "id"

2025/02/13 14:38:58 /home/bryan/repos/skripsi/backend/seeder/seeder.go:71
[11.027ms] [rows:3] INSERT INTO "species" ("name") VALUES ($1$),($2$),($3$) RETURNING "id"

2025/02/13 14:38:58 /home/bryan/repos/skripsi/backend/seeder/seeder.go:83
[16.045ms] [rows:5] INSERT INTO "size_categories" ("name","min_weight","max_weight") VALUES ($1$,$2$,$3$),($4$,$5$,$6$),($7$,$8$,$9$),($10$,$11$,$12$),($13$,$14$,$15$) RETURNING "id"

2025/02/13 14:38:58 /home/bryan/repos/skripsi/backend/seeder/seeder.go:106
[3.514ms] [rows:0] INSERT INTO "vet_specialties" ("name","id") VALUES ($1$,$2$),($3$,$4$),($5$,$6$) ON CONFLICT DO NOTHING RETURNING "id"

2025/02/13 14:38:58 /home/bryan/repos/skripsi/backend/seeder/seeder.go:106
[6.905ms] [rows:3] INSERT INTO "user_vet_specialties" ("user_id","vet_specialty_id") VALUES ($1$,$2$),($3$,$4$),($5$,$6$) ON CONFLICT DO NOTHING

2025/02/13 14:38:58 /home/bryan/repos/skripsi/backend/seeder/seeder.go:106
[23.554ms] [rows:6] INSERT INTO "users" ("created_at","updated_at","deleted_at","name","email","password","role_id","image_url") VALUES ($1$,$2$,$3$,$4$,$5$,$6$,$7$,$8$),($9$,$10$,$11$,$12$,$13$,$14$,$15$,$16$),($17$,$18$,$19$,$20$,$21$,$22$,$23$,$24$),($25$,$26$,$27$,$28$,$29$,$30$,$31$,$32$),($33$,$34$,$35$,$36$,$37$,$38$,$39$,DEFAULT),($40$,$41$,$42$,$43$,$44$,$45$,$46$,$47$) RETURNING "id","image_url"

2025/02/13 14:38:58 /home/bryan/repos/skripsi/backend/seeder/seeder.go:148
[2.685ms] [rows:0] INSERT INTO "daily_walks" ("name","id") VALUES ($1$,$2$) ON CONFLICT DO NOTHING RETURNING "id"

2025/02/13 14:38:58 /home/bryan/repos/skripsi/backend/seeder/seeder.go:148
[2.652ms] [rows:0] INSERT INTO "daily_playtimes" ("name","id") VALUES ($1$,$2$),($3$,$4$) ON CONFLICT DO NOTHING RETURNING "id"

2025/02/13 14:38:58 /home/bryan/repos/skripsi/backend/seeder/seeder.go:148
[17.517ms] [rows:3] INSERT INTO "pet_daycares" ("created_at","updated_at","deleted_at","name","address","latitude","longitude","price","pricing_type","description","has_pickup_service","must_be_vaccinated","food_provided","grooming_available","booked_num","daily_walks_id","daily_playtime_id","owner_id","food_brand") VALUES ($1$,$2$,$3$,$4$,$5$,$6$,$7$,$8$,$9$,$10$,$11$,$12$,$13$,$14$,$15$,$16$,$17$,$18$,$19$),($20$,$21$,$22$,$23$,$24$,$25$,$26$,$27$,$28$,$29$,$30$,$31$,$32$,$33$,$34$,$35$,$36$,$37$,$38$),($39$,$40$,$41$,$42$,$43$,$44$,$45$,$46$,$47$,$48$,$49$,$50$,$51$,$52$,$53$,$54$,$55$,$56$,$57$) RETURNING "id"

2025/02/13 14:38:58 /home/bryan/repos/skripsi/backend/seeder/seeder.go:158
[8.405ms] [rows:3] INSERT INTO "slots" ("created_at","updated_at","deleted_at","daycare_id","species_id","size_category_id","max_number") VALUES ($1$,$2$,$3$,$4$,$5$,$6$,$7$),($8$,$9$,$10$,$11$,$12$,$13$,$14$),($15$,$16$,$17$,$18$,$19$,$20$,$21$) RETURNING "id"

2025/02/13 14:38:58 /home/bryan/repos/skripsi/backend/seeder/seeder.go:172
[8.929ms] [rows:2] INSERT INTO "pets" ("created_at","updated_at","deleted_at","name","image_url","status","owner_id","species_id","size_id") VALUES ($1$,$2$,$3$,$4$,$5$,$6$,$7$,$8$,$9$),($10$,$11$,$12$,$13$,$14$,$15$,$16$,$17$,$18$) RETURNING "id"

2025/02/13 14:38:58 /home/bryan/repos/skripsi/backend/seeder/seeder.go:189
[9.833ms] [rows:2] INSERT INTO "booked_slots" ("created_at","updated_at","deleted_at","user_id","daycare_id","pet_id","start_date","end_date") VALUES ($1$,$2$,$3$,$4$,$5$,$6$,$7$,$8$),($9$,$10$,$11$,$12$,$13$,$14$,$15$,$16$) RETURNING "id"

2025/02/13 14:38:58 /home/bryan/repos/skripsi/backend/seeder/seeder.go:205
[8.885ms] [rows:3] INSERT INTO "reviews" ("created_at","updated_at","deleted_at","daycare_id","user_id","name","rate","description") VALUES ($1$,$2$,$3$,$4$,$5$,$6$,$7$,$8$),($9$,$10$,$11$,$12$,$13$,$14$,$15$,$16$),($17$,$18$,$19$,$20$,$21$,$22$,$23$,$24$) RETURNING "id"

2025/02/13 14:38:58 /home/bryan/repos/skripsi/backend/seeder/seeder.go:213
[7.355ms] [rows:1] INSERT INTO "reduce_slots" ("slot_id","reduced_count","target_date") VALUES ($1$,$2$,$3$) RETURNING "id"

2025/02/13 14:38:58 /home/bryan/repos/skripsi/backend/seeder/seeder.go:222
[8.059ms] [rows:2] INSERT INTO "thumbnails" ("daycare_id","image_url") VALUES ($1$,$2$),($3$,$4$) RETURNING "id"

2025/02/13 14:38:58 /home/bryan/repos/skripsi/backend/seeder/seeder.go:230
[9.525ms] [rows:1] INSERT INTO "transactions" ("pet_daycare_id","booked_slot_id","status") VALUES ($1$,$2$,$3$) RETURNING "created_at","id"

2025/02/13 14:38:58 /home/bryan/repos/skripsi/backend/setup/setup.go:78
[24.471ms] [rows:1] SELECT count(*) FROM information_schema.tables WHERE table_schema = CURRENT_SCHEMA() AND table_name = 'roles' AND table_type = 'BASE TABLE'

2025/02/13 14:38:58 /home/bryan/repos/skripsi/backend/setup/setup.go:78
[2.476ms] [rows:1] SELECT CURRENT_DATABASE()

2025/02/13 14:38:58 /home/bryan/repos/skripsi/backend/setup/setup.go:78
[60.040ms] [rows:-] SELECT c.column_name, c.is_nullable = 'YES', c.udt_name, c.character_maximum_length, c.numeric_precision, c.numeric_precision_radix, c.numeric_scale, c.datetime_precision, 8 * typlen, c.column_default, pd.description, c.identity_increment FROM information_schema.columns AS c JOIN pg_type AS pgt ON c.udt_name = pgt.typname LEFT JOIN pg_catalog.pg_description as pd ON pd.objsubid = c.ordinal_position AND pd.objoid = (SELECT oid FROM pg_catalog.pg_class WHERE relname = c.table_name AND relnamespace = (SELECT oid FROM pg_catalog.pg_namespace WHERE nspname = c.table_schema)) where table_catalog = $1$ AND table_schema = CURRENT_SCHEMA() AND table_name = $2$

2025/02/13 14:38:58 /home/bryan/repos/skripsi/backend/setup/setup.go:78
[1.421ms] [rows:-] SELECT * FROM "roles" LIMIT $1$

2025/02/13 14:38:58 /home/bryan/repos/skripsi/backend/setup/setup.go:78
[33.256ms] [rows:-] SELECT constraint_name FROM information_schema.table_constraints tc JOIN information_schema.constraint_column_usage AS ccu USING (constraint_schema, constraint_catalog, table_name, constraint_name) JOIN information_schema.columns AS c ON c.table_schema = tc.constraint_schema AND tc.table_name = c.table_name AND ccu.column_name = c.column_name WHERE constraint_type IN ('PRIMARY KEY', 'UNIQUE') AND c.table_catalog = $1$ AND c.table_schema = CURRENT_SCHEMA() AND c.table_name = $2$ AND constraint_type = $3$

2025/02/13 14:38:58 /home/bryan/repos/skripsi/backend/setup/setup.go:78
[19.554ms] [rows:-] SELECT c.column_name, constraint_name, constraint_type FROM information_schema.table_constraints tc JOIN information_schema.constraint_column_usage AS ccu USING (constraint_schema, constraint_catalog, table_name, constraint_name) JOIN information_schema.columns AS c ON c.table_schema = tc.constraint_schema AND tc.table_name = c.table_name AND ccu.column_name = c.column_name WHERE constraint_type IN ('PRIMARY KEY', 'UNIQUE') AND c.table_catalog = $1$ AND c.table_schema = CURRENT_SCHEMA() AND c.table_name = $2$

2025/02/13 14:38:58 /home/bryan/repos/skripsi/backend/setup/setup.go:78
[2.583ms] [rows:-] SELECT a.attname as column_name, format_type(a.atttypid, a.atttypmod) AS data_type
		FROM pg_attribute a JOIN pg_class b ON a.attrelid = b.oid AND relnamespace = (SELECT oid FROM pg_catalog.pg_namespace WHERE nspname = CURRENT_SCHEMA())
		WHERE a.attnum > 0 -- hide internal columns
		AND NOT a.attisdropped -- hide deleted columns
		AND b.relname = $1$

2025/02/13 14:38:58 /home/bryan/repos/skripsi/backend/setup/setup.go:78
[7.053ms] [rows:0] SELECT description FROM pg_catalog.pg_description WHERE objsubid = (SELECT ordinal_position FROM information_schema.columns WHERE table_schema = CURRENT_SCHEMA() AND table_name = 'roles' AND column_name = 'id') AND objoid = (SELECT oid FROM pg_catalog.pg_class WHERE relname = 'roles' AND relnamespace = (SELECT oid FROM pg_catalog.pg_namespace WHERE nspname = CURRENT_SCHEMA()))

2025/02/13 14:38:58 /home/bryan/repos/skripsi/backend/setup/setup.go:78
[8.410ms] [rows:0] SELECT description FROM pg_catalog.pg_description WHERE objsubid = (SELECT ordinal_position FROM information_schema.columns WHERE table_schema = CURRENT_SCHEMA() AND table_name = 'roles' AND column_name = 'name') AND objoid = (SELECT oid FROM pg_catalog.pg_class WHERE relname = 'roles' AND relnamespace = (SELECT oid FROM pg_catalog.pg_namespace WHERE nspname = CURRENT_SCHEMA()))

2025/02/13 14:38:58 /home/bryan/repos/skripsi/backend/setup/setup.go:78
[2.882ms] [rows:1] SELECT count(*) FROM information_schema.tables WHERE table_schema = CURRENT_SCHEMA() AND table_name = 'users' AND table_type = 'BASE TABLE'

2025/02/13 14:38:58 /home/bryan/repos/skripsi/backend/setup/setup.go:78
[0.756ms] [rows:1] SELECT CURRENT_DATABASE()

2025/02/13 14:38:58 /home/bryan/repos/skripsi/backend/setup/setup.go:78
[14.386ms] [rows:-] SELECT c.column_name, c.is_nullable = 'YES', c.udt_name, c.character_maximum_length, c.numeric_precision, c.numeric_precision_radix, c.numeric_scale, c.datetime_precision, 8 * typlen, c.column_default, pd.description, c.identity_increment FROM information_schema.columns AS c JOIN pg_type AS pgt ON c.udt_name = pgt.typname LEFT JOIN pg_catalog.pg_description as pd ON pd.objsubid = c.ordinal_position AND pd.objoid = (SELECT oid FROM pg_catalog.pg_class WHERE relname = c.table_name AND relnamespace = (SELECT oid FROM pg_catalog.pg_namespace WHERE nspname = c.table_schema)) where table_catalog = $1$ AND table_schema = CURRENT_SCHEMA() AND table_name = $2$

2025/02/13 14:38:58 /home/bryan/repos/skripsi/backend/setup/setup.go:78
[1.071ms] [rows:-] SELECT * FROM "users" LIMIT $1$

2025/02/13 14:38:58 /home/bryan/repos/skripsi/backend/setup/setup.go:78
[18.884ms] [rows:-] SELECT constraint_name FROM information_schema.table_constraints tc JOIN information_schema.constraint_column_usage AS ccu USING (constraint_schema, constraint_catalog, table_name, constraint_name) JOIN information_schema.columns AS c ON c.table_schema = tc.constraint_schema AND tc.table_name = c.table_name AND ccu.column_name = c.column_name WHERE constraint_type IN ('PRIMARY KEY', 'UNIQUE') AND c.table_catalog = $1$ AND c.table_schema = CURRENT_SCHEMA() AND c.table_name = $2$ AND constraint_type = $3$

2025/02/13 14:38:58 /home/bryan/repos/skripsi/backend/setup/setup.go:78
[21.569ms] [rows:-] SELECT c.column_name, constraint_name, constraint_type FROM information_schema.table_constraints tc JOIN information_schema.constraint_column_usage AS ccu USING (constraint_schema, constraint_catalog, table_name, constraint_name) JOIN information_schema.columns AS c ON c.table_schema = tc.constraint_schema AND tc.table_name = c.table_name AND ccu.column_name = c.column_name WHERE constraint_type IN ('PRIMARY KEY', 'UNIQUE') AND c.table_catalog = $1$ AND c.table_schema = CURRENT_SCHEMA() AND c.table_name = $2$

2025/02/13 14:38:58 /home/bryan/repos/skripsi/backend/setup/setup.go:78
[1.592ms] [rows:-] SELECT a.attname as column_name, format_type(a.atttypid, a.atttypmod) AS data_type
		FROM pg_attribute a JOIN pg_class b ON a.attrelid = b.oid AND relnamespace = (SELECT oid FROM pg_catalog.pg_namespace WHERE nspname = CURRENT_SCHEMA())
		WHERE a.attnum > 0 -- hide internal columns
		AND NOT a.attisdropped -- hide deleted columns
		AND b.relname = $1$

2025/02/13 14:38:58 /home/bryan/repos/skripsi/backend/setup/setup.go:78
[5.429ms] [rows:0] SELECT description FROM pg_catalog.pg_description WHERE objsubid = (SELECT ordinal_position FROM information_schema.columns WHERE table_schema = CURRENT_SCHEMA() AND table_name = 'users' AND column_name = 'id') AND objoid = (SELECT oid FROM pg_catalog.pg_class WHERE relname = 'users' AND relnamespace = (SELECT oid FROM pg_catalog.pg_namespace WHERE nspname = CURRENT_SCHEMA()))

2025/02/13 14:38:58 /home/bryan/repos/skripsi/backend/setup/setup.go:78
[6.103ms] [rows:0] SELECT description FROM pg_catalog.pg_description WHERE objsubid = (SELECT ordinal_position FROM information_schema.columns WHERE table_schema = CURRENT_SCHEMA() AND table_name = 'users' AND column_name = 'created_at') AND objoid = (SELECT oid FROM pg_catalog.pg_class WHERE relname = 'users' AND relnamespace = (SELECT oid FROM pg_catalog.pg_namespace WHERE nspname = CURRENT_SCHEMA()))

2025/02/13 14:38:58 /home/bryan/repos/skripsi/backend/setup/setup.go:78
[5.550ms] [rows:0] SELECT description FROM pg_catalog.pg_description WHERE objsubid = (SELECT ordinal_position FROM information_schema.columns WHERE table_schema = CURRENT_SCHEMA() AND table_name = 'users' AND column_name = 'updated_at') AND objoid = (SELECT oid FROM pg_catalog.pg_class WHERE relname = 'users' AND relnamespace = (SELECT oid FROM pg_catalog.pg_namespace WHERE nspname = CURRENT_SCHEMA()))

2025/02/13 14:38:59 /home/bryan/repos/skripsi/backend/setup/setup.go:78
[5.563ms] [rows:0] SELECT description FROM pg_catalog.pg_description WHERE objsubid = (SELECT ordinal_position FROM information_schema.columns WHERE table_schema = CURRENT_SCHEMA() AND table_name = 'users' AND column_name = 'deleted_at') AND objoid = (SELECT oid FROM pg_catalog.pg_class WHERE relname = 'users' AND relnamespace = (SELECT oid FROM pg_catalog.pg_namespace WHERE nspname = CURRENT_SCHEMA()))

2025/02/13 14:38:59 /home/bryan/repos/skripsi/backend/setup/setup.go:78
[1.727ms] [rows:0] SELECT description FROM pg_catalog.pg_description WHERE objsubid = (SELECT ordinal_position FROM information_schema.columns WHERE table_schema = CURRENT_SCHEMA() AND table_name = 'users' AND column_name = 'name') AND objoid = (SELECT oid FROM pg_catalog.pg_class WHERE relname = 'users' AND relnamespace = (SELECT oid FROM pg_catalog.pg_namespace WHERE nspname = CURRENT_SCHEMA()))

2025/02/13 14:38:59 /home/bryan/repos/skripsi/backend/setup/setup.go:78
[1.339ms] [rows:0] SELECT description FROM pg_catalog.pg_description WHERE objsubid = (SELECT ordinal_position FROM information_schema.columns WHERE table_schema = CURRENT_SCHEMA() AND table_name = 'users' AND column_name = 'email') AND objoid = (SELECT oid FROM pg_catalog.pg_class WHERE relname = 'users' AND relnamespace = (SELECT oid FROM pg_catalog.pg_namespace WHERE nspname = CURRENT_SCHEMA()))

2025/02/13 14:38:59 /home/bryan/repos/skripsi/backend/setup/setup.go:78
[1.325ms] [rows:0] SELECT description FROM pg_catalog.pg_description WHERE objsubid = (SELECT ordinal_position FROM information_schema.columns WHERE table_schema = CURRENT_SCHEMA() AND table_name = 'users' AND column_name = 'password') AND objoid = (SELECT oid FROM pg_catalog.pg_class WHERE relname = 'users' AND relnamespace = (SELECT oid FROM pg_catalog.pg_namespace WHERE nspname = CURRENT_SCHEMA()))

2025/02/13 14:38:59 /home/bryan/repos/skripsi/backend/setup/setup.go:78
[1.366ms] [rows:0] SELECT description FROM pg_catalog.pg_description WHERE objsubid = (SELECT ordinal_position FROM information_schema.columns WHERE table_schema = CURRENT_SCHEMA() AND table_name = 'users' AND column_name = 'image_url') AND objoid = (SELECT oid FROM pg_catalog.pg_class WHERE relname = 'users' AND relnamespace = (SELECT oid FROM pg_catalog.pg_namespace WHERE nspname = CURRENT_SCHEMA()))

2025/02/13 14:38:59 /home/bryan/repos/skripsi/backend/setup/setup.go:78
[1.373ms] [rows:0] SELECT description FROM pg_catalog.pg_description WHERE objsubid = (SELECT ordinal_position FROM information_schema.columns WHERE table_schema = CURRENT_SCHEMA() AND table_name = 'users' AND column_name = 'role_id') AND objoid = (SELECT oid FROM pg_catalog.pg_class WHERE relname = 'users' AND relnamespace = (SELECT oid FROM pg_catalog.pg_namespace WHERE nspname = CURRENT_SCHEMA()))

2025/02/13 14:38:59 /home/bryan/repos/skripsi/backend/setup/setup.go:78
[4.459ms] [rows:1] SELECT count(*) FROM INFORMATION_SCHEMA.table_constraints WHERE table_schema = CURRENT_SCHEMA() AND table_name = 'users' AND constraint_name = 'fk_roles_users'

2025/02/13 14:38:59 /home/bryan/repos/skripsi/backend/setup/setup.go:78
[5.626ms] [rows:1] SELECT count(*) FROM pg_indexes WHERE tablename = 'users' AND indexname = 'idx_users_deleted_at' AND schemaname = CURRENT_SCHEMA()

2025/02/13 14:38:59 /home/bryan/repos/skripsi/backend/setup/setup.go:78
[2.079ms] [rows:1] SELECT count(*) FROM information_schema.tables WHERE table_schema = CURRENT_SCHEMA() AND table_name = 'vet_specialties' AND table_type = 'BASE TABLE'

2025/02/13 14:38:59 /home/bryan/repos/skripsi/backend/setup/setup.go:78
[0.765ms] [rows:1] SELECT CURRENT_DATABASE()

2025/02/13 14:38:59 /home/bryan/repos/skripsi/backend/setup/setup.go:78
[11.561ms] [rows:-] SELECT c.column_name, c.is_nullable = 'YES', c.udt_name, c.character_maximum_length, c.numeric_precision, c.numeric_precision_radix, c.numeric_scale, c.datetime_precision, 8 * typlen, c.column_default, pd.description, c.identity_increment FROM information_schema.columns AS c JOIN pg_type AS pgt ON c.udt_name = pgt.typname LEFT JOIN pg_catalog.pg_description as pd ON pd.objsubid = c.ordinal_position AND pd.objoid = (SELECT oid FROM pg_catalog.pg_class WHERE relname = c.table_name AND relnamespace = (SELECT oid FROM pg_catalog.pg_namespace WHERE nspname = c.table_schema)) where table_catalog = $1$ AND table_schema = CURRENT_SCHEMA() AND table_name = $2$

2025/02/13 14:38:59 /home/bryan/repos/skripsi/backend/setup/setup.go:78
[1.039ms] [rows:-] SELECT * FROM "vet_specialties" LIMIT $1$

2025/02/13 14:38:59 /home/bryan/repos/skripsi/backend/setup/setup.go:78
[16.195ms] [rows:-] SELECT constraint_name FROM information_schema.table_constraints tc JOIN information_schema.constraint_column_usage AS ccu USING (constraint_schema, constraint_catalog, table_name, constraint_name) JOIN information_schema.columns AS c ON c.table_schema = tc.constraint_schema AND tc.table_name = c.table_name AND ccu.column_name = c.column_name WHERE constraint_type IN ('PRIMARY KEY', 'UNIQUE') AND c.table_catalog = $1$ AND c.table_schema = CURRENT_SCHEMA() AND c.table_name = $2$ AND constraint_type = $3$

2025/02/13 14:38:59 /home/bryan/repos/skripsi/backend/setup/setup.go:78
[15.882ms] [rows:-] SELECT c.column_name, constraint_name, constraint_type FROM information_schema.table_constraints tc JOIN information_schema.constraint_column_usage AS ccu USING (constraint_schema, constraint_catalog, table_name, constraint_name) JOIN information_schema.columns AS c ON c.table_schema = tc.constraint_schema AND tc.table_name = c.table_name AND ccu.column_name = c.column_name WHERE constraint_type IN ('PRIMARY KEY', 'UNIQUE') AND c.table_catalog = $1$ AND c.table_schema = CURRENT_SCHEMA() AND c.table_name = $2$

2025/02/13 14:38:59 /home/bryan/repos/skripsi/backend/setup/setup.go:78
[1.723ms] [rows:-] SELECT a.attname as column_name, format_type(a.atttypid, a.atttypmod) AS data_type
		FROM pg_attribute a JOIN pg_class b ON a.attrelid = b.oid AND relnamespace = (SELECT oid FROM pg_catalog.pg_namespace WHERE nspname = CURRENT_SCHEMA())
		WHERE a.attnum > 0 -- hide internal columns
		AND NOT a.attisdropped -- hide deleted columns
		AND b.relname = $1$

2025/02/13 14:38:59 /home/bryan/repos/skripsi/backend/setup/setup.go:78
[1.477ms] [rows:0] SELECT description FROM pg_catalog.pg_description WHERE objsubid = (SELECT ordinal_position FROM information_schema.columns WHERE table_schema = CURRENT_SCHEMA() AND table_name = 'vet_specialties' AND column_name = 'id') AND objoid = (SELECT oid FROM pg_catalog.pg_class WHERE relname = 'vet_specialties' AND relnamespace = (SELECT oid FROM pg_catalog.pg_namespace WHERE nspname = CURRENT_SCHEMA()))

2025/02/13 14:38:59 /home/bryan/repos/skripsi/backend/setup/setup.go:78
[1.456ms] [rows:0] SELECT description FROM pg_catalog.pg_description WHERE objsubid = (SELECT ordinal_position FROM information_schema.columns WHERE table_schema = CURRENT_SCHEMA() AND table_name = 'vet_specialties' AND column_name = 'name') AND objoid = (SELECT oid FROM pg_catalog.pg_class WHERE relname = 'vet_specialties' AND relnamespace = (SELECT oid FROM pg_catalog.pg_namespace WHERE nspname = CURRENT_SCHEMA()))

2025/02/13 14:38:59 /home/bryan/repos/skripsi/backend/setup/setup.go:78
[2.153ms] [rows:1] SELECT count(*) FROM information_schema.tables WHERE table_schema = CURRENT_SCHEMA() AND table_name = 'user_vet_specialties' AND table_type = 'BASE TABLE'

2025/02/13 14:38:59 /home/bryan/repos/skripsi/backend/setup/setup.go:78
[0.808ms] [rows:1] SELECT CURRENT_DATABASE()

2025/02/13 14:38:59 /home/bryan/repos/skripsi/backend/setup/setup.go:78
[11.152ms] [rows:-] SELECT c.column_name, c.is_nullable = 'YES', c.udt_name, c.character_maximum_length, c.numeric_precision, c.numeric_precision_radix, c.numeric_scale, c.datetime_precision, 8 * typlen, c.column_default, pd.description, c.identity_increment FROM information_schema.columns AS c JOIN pg_type AS pgt ON c.udt_name = pgt.typname LEFT JOIN pg_catalog.pg_description as pd ON pd.objsubid = c.ordinal_position AND pd.objoid = (SELECT oid FROM pg_catalog.pg_class WHERE relname = c.table_name AND relnamespace = (SELECT oid FROM pg_catalog.pg_namespace WHERE nspname = c.table_schema)) where table_catalog = $1$ AND table_schema = CURRENT_SCHEMA() AND table_name = $2$

2025/02/13 14:38:59 /home/bryan/repos/skripsi/backend/setup/setup.go:78
[0.944ms] [rows:-] SELECT * FROM "user_vet_specialties" LIMIT $1$

2025/02/13 14:38:59 /home/bryan/repos/skripsi/backend/setup/setup.go:78
[15.868ms] [rows:-] SELECT constraint_name FROM information_schema.table_constraints tc JOIN information_schema.constraint_column_usage AS ccu USING (constraint_schema, constraint_catalog, table_name, constraint_name) JOIN information_schema.columns AS c ON c.table_schema = tc.constraint_schema AND tc.table_name = c.table_name AND ccu.column_name = c.column_name WHERE constraint_type IN ('PRIMARY KEY', 'UNIQUE') AND c.table_catalog = $1$ AND c.table_schema = CURRENT_SCHEMA() AND c.table_name = $2$ AND constraint_type = $3$

2025/02/13 14:38:59 /home/bryan/repos/skripsi/backend/setup/setup.go:78
[16.353ms] [rows:-] SELECT c.column_name, constraint_name, constraint_type FROM information_schema.table_constraints tc JOIN information_schema.constraint_column_usage AS ccu USING (constraint_schema, constraint_catalog, table_name, constraint_name) JOIN information_schema.columns AS c ON c.table_schema = tc.constraint_schema AND tc.table_name = c.table_name AND ccu.column_name = c.column_name WHERE constraint_type IN ('PRIMARY KEY', 'UNIQUE') AND c.table_catalog = $1$ AND c.table_schema = CURRENT_SCHEMA() AND c.table_name = $2$

2025/02/13 14:38:59 /home/bryan/repos/skripsi/backend/setup/setup.go:78
[2.071ms] [rows:-] SELECT a.attname as column_name, format_type(a.atttypid, a.atttypmod) AS data_type
		FROM pg_attribute a JOIN pg_class b ON a.attrelid = b.oid AND relnamespace = (SELECT oid FROM pg_catalog.pg_namespace WHERE nspname = CURRENT_SCHEMA())
		WHERE a.attnum > 0 -- hide internal columns
		AND NOT a.attisdropped -- hide deleted columns
		AND b.relname = $1$

2025/02/13 14:38:59 /home/bryan/repos/skripsi/backend/setup/setup.go:78
[1.371ms] [rows:0] SELECT description FROM pg_catalog.pg_description WHERE objsubid = (SELECT ordinal_position FROM information_schema.columns WHERE table_schema = CURRENT_SCHEMA() AND table_name = 'user_vet_specialties' AND column_name = 'user_id') AND objoid = (SELECT oid FROM pg_catalog.pg_class WHERE relname = 'user_vet_specialties' AND relnamespace = (SELECT oid FROM pg_catalog.pg_namespace WHERE nspname = CURRENT_SCHEMA()))

2025/02/13 14:38:59 /home/bryan/repos/skripsi/backend/setup/setup.go:78
[1.439ms] [rows:0] SELECT description FROM pg_catalog.pg_description WHERE objsubid = (SELECT ordinal_position FROM information_schema.columns WHERE table_schema = CURRENT_SCHEMA() AND table_name = 'user_vet_specialties' AND column_name = 'vet_specialty_id') AND objoid = (SELECT oid FROM pg_catalog.pg_class WHERE relname = 'user_vet_specialties' AND relnamespace = (SELECT oid FROM pg_catalog.pg_namespace WHERE nspname = CURRENT_SCHEMA()))

2025/02/13 14:38:59 /home/bryan/repos/skripsi/backend/setup/setup.go:78
[3.940ms] [rows:1] SELECT count(*) FROM INFORMATION_SCHEMA.table_constraints WHERE table_schema = CURRENT_SCHEMA() AND table_name = 'user_vet_specialties' AND constraint_name = 'fk_user_vet_specialties_user'

2025/02/13 14:38:59 /home/bryan/repos/skripsi/backend/setup/setup.go:78
[3.802ms] [rows:1] SELECT count(*) FROM INFORMATION_SCHEMA.table_constraints WHERE table_schema = CURRENT_SCHEMA() AND table_name = 'user_vet_specialties' AND constraint_name = 'fk_user_vet_specialties_vet_specialty'

2025/02/13 14:38:59 /home/bryan/repos/skripsi/backend/setup/setup.go:78
[2.319ms] [rows:1] SELECT count(*) FROM information_schema.tables WHERE table_schema = CURRENT_SCHEMA() AND table_name = 'daily_walks' AND table_type = 'BASE TABLE'

2025/02/13 14:38:59 /home/bryan/repos/skripsi/backend/setup/setup.go:78
[0.878ms] [rows:1] SELECT CURRENT_DATABASE()

2025/02/13 14:38:59 /home/bryan/repos/skripsi/backend/setup/setup.go:78
[11.767ms] [rows:-] SELECT c.column_name, c.is_nullable = 'YES', c.udt_name, c.character_maximum_length, c.numeric_precision, c.numeric_precision_radix, c.numeric_scale, c.datetime_precision, 8 * typlen, c.column_default, pd.description, c.identity_increment FROM information_schema.columns AS c JOIN pg_type AS pgt ON c.udt_name = pgt.typname LEFT JOIN pg_catalog.pg_description as pd ON pd.objsubid = c.ordinal_position AND pd.objoid = (SELECT oid FROM pg_catalog.pg_class WHERE relname = c.table_name AND relnamespace = (SELECT oid FROM pg_catalog.pg_namespace WHERE nspname = c.table_schema)) where table_catalog = $1$ AND table_schema = CURRENT_SCHEMA() AND table_name = $2$

2025/02/13 14:38:59 /home/bryan/repos/skripsi/backend/setup/setup.go:78
[1.037ms] [rows:-] SELECT * FROM "daily_walks" LIMIT $1$

2025/02/13 14:38:59 /home/bryan/repos/skripsi/backend/setup/setup.go:78
[20.389ms] [rows:-] SELECT constraint_name FROM information_schema.table_constraints tc JOIN information_schema.constraint_column_usage AS ccu USING (constraint_schema, constraint_catalog, table_name, constraint_name) JOIN information_schema.columns AS c ON c.table_schema = tc.constraint_schema AND tc.table_name = c.table_name AND ccu.column_name = c.column_name WHERE constraint_type IN ('PRIMARY KEY', 'UNIQUE') AND c.table_catalog = $1$ AND c.table_schema = CURRENT_SCHEMA() AND c.table_name = $2$ AND constraint_type = $3$

2025/02/13 14:38:59 /home/bryan/repos/skripsi/backend/setup/setup.go:78
[22.194ms] [rows:-] SELECT c.column_name, constraint_name, constraint_type FROM information_schema.table_constraints tc JOIN information_schema.constraint_column_usage AS ccu USING (constraint_schema, constraint_catalog, table_name, constraint_name) JOIN information_schema.columns AS c ON c.table_schema = tc.constraint_schema AND tc.table_name = c.table_name AND ccu.column_name = c.column_name WHERE constraint_type IN ('PRIMARY KEY', 'UNIQUE') AND c.table_catalog = $1$ AND c.table_schema = CURRENT_SCHEMA() AND c.table_name = $2$

2025/02/13 14:38:59 /home/bryan/repos/skripsi/backend/setup/setup.go:78
[1.595ms] [rows:-] SELECT a.attname as column_name, format_type(a.atttypid, a.atttypmod) AS data_type
		FROM pg_attribute a JOIN pg_class b ON a.attrelid = b.oid AND relnamespace = (SELECT oid FROM pg_catalog.pg_namespace WHERE nspname = CURRENT_SCHEMA())
		WHERE a.attnum > 0 -- hide internal columns
		AND NOT a.attisdropped -- hide deleted columns
		AND b.relname = $1$

2025/02/13 14:38:59 /home/bryan/repos/skripsi/backend/setup/setup.go:78
[1.539ms] [rows:0] SELECT description FROM pg_catalog.pg_description WHERE objsubid = (SELECT ordinal_position FROM information_schema.columns WHERE table_schema = CURRENT_SCHEMA() AND table_name = 'daily_walks' AND column_name = 'id') AND objoid = (SELECT oid FROM pg_catalog.pg_class WHERE relname = 'daily_walks' AND relnamespace = (SELECT oid FROM pg_catalog.pg_namespace WHERE nspname = CURRENT_SCHEMA()))

2025/02/13 14:38:59 /home/bryan/repos/skripsi/backend/setup/setup.go:78
[1.491ms] [rows:0] SELECT description FROM pg_catalog.pg_description WHERE objsubid = (SELECT ordinal_position FROM information_schema.columns WHERE table_schema = CURRENT_SCHEMA() AND table_name = 'daily_walks' AND column_name = 'name') AND objoid = (SELECT oid FROM pg_catalog.pg_class WHERE relname = 'daily_walks' AND relnamespace = (SELECT oid FROM pg_catalog.pg_namespace WHERE nspname = CURRENT_SCHEMA()))

2025/02/13 14:38:59 /home/bryan/repos/skripsi/backend/setup/setup.go:78
[2.278ms] [rows:1] SELECT count(*) FROM information_schema.tables WHERE table_schema = CURRENT_SCHEMA() AND table_name = 'daily_playtimes' AND table_type = 'BASE TABLE'

2025/02/13 14:38:59 /home/bryan/repos/skripsi/backend/setup/setup.go:78
[0.880ms] [rows:1] SELECT CURRENT_DATABASE()

2025/02/13 14:38:59 /home/bryan/repos/skripsi/backend/setup/setup.go:78
[12.351ms] [rows:-] SELECT c.column_name, c.is_nullable = 'YES', c.udt_name, c.character_maximum_length, c.numeric_precision, c.numeric_precision_radix, c.numeric_scale, c.datetime_precision, 8 * typlen, c.column_default, pd.description, c.identity_increment FROM information_schema.columns AS c JOIN pg_type AS pgt ON c.udt_name = pgt.typname LEFT JOIN pg_catalog.pg_description as pd ON pd.objsubid = c.ordinal_position AND pd.objoid = (SELECT oid FROM pg_catalog.pg_class WHERE relname = c.table_name AND relnamespace = (SELECT oid FROM pg_catalog.pg_namespace WHERE nspname = c.table_schema)) where table_catalog = $1$ AND table_schema = CURRENT_SCHEMA() AND table_name = $2$

2025/02/13 14:38:59 /home/bryan/repos/skripsi/backend/setup/setup.go:78
[1.012ms] [rows:-] SELECT * FROM "daily_playtimes" LIMIT $1$

2025/02/13 14:38:59 /home/bryan/repos/skripsi/backend/setup/setup.go:78
[16.856ms] [rows:-] SELECT constraint_name FROM information_schema.table_constraints tc JOIN information_schema.constraint_column_usage AS ccu USING (constraint_schema, constraint_catalog, table_name, constraint_name) JOIN information_schema.columns AS c ON c.table_schema = tc.constraint_schema AND tc.table_name = c.table_name AND ccu.column_name = c.column_name WHERE constraint_type IN ('PRIMARY KEY', 'UNIQUE') AND c.table_catalog = $1$ AND c.table_schema = CURRENT_SCHEMA() AND c.table_name = $2$ AND constraint_type = $3$

2025/02/13 14:38:59 /home/bryan/repos/skripsi/backend/setup/setup.go:78
[17.190ms] [rows:-] SELECT c.column_name, constraint_name, constraint_type FROM information_schema.table_constraints tc JOIN information_schema.constraint_column_usage AS ccu USING (constraint_schema, constraint_catalog, table_name, constraint_name) JOIN information_schema.columns AS c ON c.table_schema = tc.constraint_schema AND tc.table_name = c.table_name AND ccu.column_name = c.column_name WHERE constraint_type IN ('PRIMARY KEY', 'UNIQUE') AND c.table_catalog = $1$ AND c.table_schema = CURRENT_SCHEMA() AND c.table_name = $2$

2025/02/13 14:38:59 /home/bryan/repos/skripsi/backend/setup/setup.go:78
[1.773ms] [rows:-] SELECT a.attname as column_name, format_type(a.atttypid, a.atttypmod) AS data_type
		FROM pg_attribute a JOIN pg_class b ON a.attrelid = b.oid AND relnamespace = (SELECT oid FROM pg_catalog.pg_namespace WHERE nspname = CURRENT_SCHEMA())
		WHERE a.attnum > 0 -- hide internal columns
		AND NOT a.attisdropped -- hide deleted columns
		AND b.relname = $1$

2025/02/13 14:38:59 /home/bryan/repos/skripsi/backend/setup/setup.go:78
[1.562ms] [rows:0] SELECT description FROM pg_catalog.pg_description WHERE objsubid = (SELECT ordinal_position FROM information_schema.columns WHERE table_schema = CURRENT_SCHEMA() AND table_name = 'daily_playtimes' AND column_name = 'id') AND objoid = (SELECT oid FROM pg_catalog.pg_class WHERE relname = 'daily_playtimes' AND relnamespace = (SELECT oid FROM pg_catalog.pg_namespace WHERE nspname = CURRENT_SCHEMA()))

2025/02/13 14:38:59 /home/bryan/repos/skripsi/backend/setup/setup.go:78
[1.547ms] [rows:0] SELECT description FROM pg_catalog.pg_description WHERE objsubid = (SELECT ordinal_position FROM information_schema.columns WHERE table_schema = CURRENT_SCHEMA() AND table_name = 'daily_playtimes' AND column_name = 'name') AND objoid = (SELECT oid FROM pg_catalog.pg_class WHERE relname = 'daily_playtimes' AND relnamespace = (SELECT oid FROM pg_catalog.pg_namespace WHERE nspname = CURRENT_SCHEMA()))

2025/02/13 14:38:59 /home/bryan/repos/skripsi/backend/setup/setup.go:78
[1.038ms] [rows:1] SELECT count(*) FROM information_schema.tables WHERE table_schema = CURRENT_SCHEMA() AND table_name = 'pet_daycares' AND table_type = 'BASE TABLE'

2025/02/13 14:38:59 /home/bryan/repos/skripsi/backend/setup/setup.go:78
[0.729ms] [rows:1] SELECT CURRENT_DATABASE()

2025/02/13 14:38:59 /home/bryan/repos/skripsi/backend/setup/setup.go:78
[4.882ms] [rows:-] SELECT c.column_name, c.is_nullable = 'YES', c.udt_name, c.character_maximum_length, c.numeric_precision, c.numeric_precision_radix, c.numeric_scale, c.datetime_precision, 8 * typlen, c.column_default, pd.description, c.identity_increment FROM information_schema.columns AS c JOIN pg_type AS pgt ON c.udt_name = pgt.typname LEFT JOIN pg_catalog.pg_description as pd ON pd.objsubid = c.ordinal_position AND pd.objoid = (SELECT oid FROM pg_catalog.pg_class WHERE relname = c.table_name AND relnamespace = (SELECT oid FROM pg_catalog.pg_namespace WHERE nspname = c.table_schema)) where table_catalog = $1$ AND table_schema = CURRENT_SCHEMA() AND table_name = $2$

2025/02/13 14:38:59 /home/bryan/repos/skripsi/backend/setup/setup.go:78
[1.035ms] [rows:-] SELECT * FROM "pet_daycares" LIMIT $1$

2025/02/13 14:38:59 /home/bryan/repos/skripsi/backend/setup/setup.go:78
[6.569ms] [rows:-] SELECT constraint_name FROM information_schema.table_constraints tc JOIN information_schema.constraint_column_usage AS ccu USING (constraint_schema, constraint_catalog, table_name, constraint_name) JOIN information_schema.columns AS c ON c.table_schema = tc.constraint_schema AND tc.table_name = c.table_name AND ccu.column_name = c.column_name WHERE constraint_type IN ('PRIMARY KEY', 'UNIQUE') AND c.table_catalog = $1$ AND c.table_schema = CURRENT_SCHEMA() AND c.table_name = $2$ AND constraint_type = $3$

2025/02/13 14:38:59 /home/bryan/repos/skripsi/backend/setup/setup.go:78
[6.598ms] [rows:-] SELECT c.column_name, constraint_name, constraint_type FROM information_schema.table_constraints tc JOIN information_schema.constraint_column_usage AS ccu USING (constraint_schema, constraint_catalog, table_name, constraint_name) JOIN information_schema.columns AS c ON c.table_schema = tc.constraint_schema AND tc.table_name = c.table_name AND ccu.column_name = c.column_name WHERE constraint_type IN ('PRIMARY KEY', 'UNIQUE') AND c.table_catalog = $1$ AND c.table_schema = CURRENT_SCHEMA() AND c.table_name = $2$

2025/02/13 14:38:59 /home/bryan/repos/skripsi/backend/setup/setup.go:78
[1.141ms] [rows:-] SELECT a.attname as column_name, format_type(a.atttypid, a.atttypmod) AS data_type
		FROM pg_attribute a JOIN pg_class b ON a.attrelid = b.oid AND relnamespace = (SELECT oid FROM pg_catalog.pg_namespace WHERE nspname = CURRENT_SCHEMA())
		WHERE a.attnum > 0 -- hide internal columns
		AND NOT a.attisdropped -- hide deleted columns
		AND b.relname = $1$

2025/02/13 14:38:59 /home/bryan/repos/skripsi/backend/setup/setup.go:78
[1.433ms] [rows:0] SELECT description FROM pg_catalog.pg_description WHERE objsubid = (SELECT ordinal_position FROM information_schema.columns WHERE table_schema = CURRENT_SCHEMA() AND table_name = 'pet_daycares' AND column_name = 'id') AND objoid = (SELECT oid FROM pg_catalog.pg_class WHERE relname = 'pet_daycares' AND relnamespace = (SELECT oid FROM pg_catalog.pg_namespace WHERE nspname = CURRENT_SCHEMA()))

2025/02/13 14:38:59 /home/bryan/repos/skripsi/backend/setup/setup.go:78
[1.511ms] [rows:0] SELECT description FROM pg_catalog.pg_description WHERE objsubid = (SELECT ordinal_position FROM information_schema.columns WHERE table_schema = CURRENT_SCHEMA() AND table_name = 'pet_daycares' AND column_name = 'created_at') AND objoid = (SELECT oid FROM pg_catalog.pg_class WHERE relname = 'pet_daycares' AND relnamespace = (SELECT oid FROM pg_catalog.pg_namespace WHERE nspname = CURRENT_SCHEMA()))

2025/02/13 14:38:59 /home/bryan/repos/skripsi/backend/setup/setup.go:78
[1.413ms] [rows:0] SELECT description FROM pg_catalog.pg_description WHERE objsubid = (SELECT ordinal_position FROM information_schema.columns WHERE table_schema = CURRENT_SCHEMA() AND table_name = 'pet_daycares' AND column_name = 'updated_at') AND objoid = (SELECT oid FROM pg_catalog.pg_class WHERE relname = 'pet_daycares' AND relnamespace = (SELECT oid FROM pg_catalog.pg_namespace WHERE nspname = CURRENT_SCHEMA()))

2025/02/13 14:38:59 /home/bryan/repos/skripsi/backend/setup/setup.go:78
[1.255ms] [rows:0] SELECT description FROM pg_catalog.pg_description WHERE objsubid = (SELECT ordinal_position FROM information_schema.columns WHERE table_schema = CURRENT_SCHEMA() AND table_name = 'pet_daycares' AND column_name = 'deleted_at') AND objoid = (SELECT oid FROM pg_catalog.pg_class WHERE relname = 'pet_daycares' AND relnamespace = (SELECT oid FROM pg_catalog.pg_namespace WHERE nspname = CURRENT_SCHEMA()))

2025/02/13 14:38:59 /home/bryan/repos/skripsi/backend/setup/setup.go:78
[1.447ms] [rows:0] SELECT description FROM pg_catalog.pg_description WHERE objsubid = (SELECT ordinal_position FROM information_schema.columns WHERE table_schema = CURRENT_SCHEMA() AND table_name = 'pet_daycares' AND column_name = 'name') AND objoid = (SELECT oid FROM pg_catalog.pg_class WHERE relname = 'pet_daycares' AND relnamespace = (SELECT oid FROM pg_catalog.pg_namespace WHERE nspname = CURRENT_SCHEMA()))

2025/02/13 14:38:59 /home/bryan/repos/skripsi/backend/setup/setup.go:78
[1.500ms] [rows:0] SELECT description FROM pg_catalog.pg_description WHERE objsubid = (SELECT ordinal_position FROM information_schema.columns WHERE table_schema = CURRENT_SCHEMA() AND table_name = 'pet_daycares' AND column_name = 'address') AND objoid = (SELECT oid FROM pg_catalog.pg_class WHERE relname = 'pet_daycares' AND relnamespace = (SELECT oid FROM pg_catalog.pg_namespace WHERE nspname = CURRENT_SCHEMA()))

2025/02/13 14:38:59 /home/bryan/repos/skripsi/backend/setup/setup.go:78
[1.569ms] [rows:0] SELECT description FROM pg_catalog.pg_description WHERE objsubid = (SELECT ordinal_position FROM information_schema.columns WHERE table_schema = CURRENT_SCHEMA() AND table_name = 'pet_daycares' AND column_name = 'latitude') AND objoid = (SELECT oid FROM pg_catalog.pg_class WHERE relname = 'pet_daycares' AND relnamespace = (SELECT oid FROM pg_catalog.pg_namespace WHERE nspname = CURRENT_SCHEMA()))

2025/02/13 14:38:59 /home/bryan/repos/skripsi/backend/setup/setup.go:78
[1.615ms] [rows:0] SELECT description FROM pg_catalog.pg_description WHERE objsubid = (SELECT ordinal_position FROM information_schema.columns WHERE table_schema = CURRENT_SCHEMA() AND table_name = 'pet_daycares' AND column_name = 'longitude') AND objoid = (SELECT oid FROM pg_catalog.pg_class WHERE relname = 'pet_daycares' AND relnamespace = (SELECT oid FROM pg_catalog.pg_namespace WHERE nspname = CURRENT_SCHEMA()))

2025/02/13 14:38:59 /home/bryan/repos/skripsi/backend/setup/setup.go:78
[1.385ms] [rows:0] SELECT description FROM pg_catalog.pg_description WHERE objsubid = (SELECT ordinal_position FROM information_schema.columns WHERE table_schema = CURRENT_SCHEMA() AND table_name = 'pet_daycares' AND column_name = 'price') AND objoid = (SELECT oid FROM pg_catalog.pg_class WHERE relname = 'pet_daycares' AND relnamespace = (SELECT oid FROM pg_catalog.pg_namespace WHERE nspname = CURRENT_SCHEMA()))

2025/02/13 14:38:59 /home/bryan/repos/skripsi/backend/setup/setup.go:78
[1.528ms] [rows:0] SELECT description FROM pg_catalog.pg_description WHERE objsubid = (SELECT ordinal_position FROM information_schema.columns WHERE table_schema = CURRENT_SCHEMA() AND table_name = 'pet_daycares' AND column_name = 'pricing_type') AND objoid = (SELECT oid FROM pg_catalog.pg_class WHERE relname = 'pet_daycares' AND relnamespace = (SELECT oid FROM pg_catalog.pg_namespace WHERE nspname = CURRENT_SCHEMA()))

2025/02/13 14:38:59 /home/bryan/repos/skripsi/backend/setup/setup.go:78
[1.870ms] [rows:0] SELECT description FROM pg_catalog.pg_description WHERE objsubid = (SELECT ordinal_position FROM information_schema.columns WHERE table_schema = CURRENT_SCHEMA() AND table_name = 'pet_daycares' AND column_name = 'description') AND objoid = (SELECT oid FROM pg_catalog.pg_class WHERE relname = 'pet_daycares' AND relnamespace = (SELECT oid FROM pg_catalog.pg_namespace WHERE nspname = CURRENT_SCHEMA()))

2025/02/13 14:38:59 /home/bryan/repos/skripsi/backend/setup/setup.go:78
[2.163ms] [rows:0] SELECT description FROM pg_catalog.pg_description WHERE objsubid = (SELECT ordinal_position FROM information_schema.columns WHERE table_schema = CURRENT_SCHEMA() AND table_name = 'pet_daycares' AND column_name = 'has_pickup_service') AND objoid = (SELECT oid FROM pg_catalog.pg_class WHERE relname = 'pet_daycares' AND relnamespace = (SELECT oid FROM pg_catalog.pg_namespace WHERE nspname = CURRENT_SCHEMA()))

2025/02/13 14:38:59 /home/bryan/repos/skripsi/backend/setup/setup.go:78
[2.229ms] [rows:0] SELECT description FROM pg_catalog.pg_description WHERE objsubid = (SELECT ordinal_position FROM information_schema.columns WHERE table_schema = CURRENT_SCHEMA() AND table_name = 'pet_daycares' AND column_name = 'must_be_vaccinated') AND objoid = (SELECT oid FROM pg_catalog.pg_class WHERE relname = 'pet_daycares' AND relnamespace = (SELECT oid FROM pg_catalog.pg_namespace WHERE nspname = CURRENT_SCHEMA()))

2025/02/13 14:38:59 /home/bryan/repos/skripsi/backend/setup/setup.go:78
[1.872ms] [rows:0] SELECT description FROM pg_catalog.pg_description WHERE objsubid = (SELECT ordinal_position FROM information_schema.columns WHERE table_schema = CURRENT_SCHEMA() AND table_name = 'pet_daycares' AND column_name = 'food_provided') AND objoid = (SELECT oid FROM pg_catalog.pg_class WHERE relname = 'pet_daycares' AND relnamespace = (SELECT oid FROM pg_catalog.pg_namespace WHERE nspname = CURRENT_SCHEMA()))

2025/02/13 14:38:59 /home/bryan/repos/skripsi/backend/setup/setup.go:78
[1.840ms] [rows:0] SELECT description FROM pg_catalog.pg_description WHERE objsubid = (SELECT ordinal_position FROM information_schema.columns WHERE table_schema = CURRENT_SCHEMA() AND table_name = 'pet_daycares' AND column_name = 'grooming_available') AND objoid = (SELECT oid FROM pg_catalog.pg_class WHERE relname = 'pet_daycares' AND relnamespace = (SELECT oid FROM pg_catalog.pg_namespace WHERE nspname = CURRENT_SCHEMA()))

2025/02/13 14:38:59 /home/bryan/repos/skripsi/backend/setup/setup.go:78
[1.982ms] [rows:0] SELECT description FROM pg_catalog.pg_description WHERE objsubid = (SELECT ordinal_position FROM information_schema.columns WHERE table_schema = CURRENT_SCHEMA() AND table_name = 'pet_daycares' AND column_name = 'booked_num') AND objoid = (SELECT oid FROM pg_catalog.pg_class WHERE relname = 'pet_daycares' AND relnamespace = (SELECT oid FROM pg_catalog.pg_namespace WHERE nspname = CURRENT_SCHEMA()))

2025/02/13 14:38:59 /home/bryan/repos/skripsi/backend/setup/setup.go:78
[1.741ms] [rows:0] SELECT description FROM pg_catalog.pg_description WHERE objsubid = (SELECT ordinal_position FROM information_schema.columns WHERE table_schema = CURRENT_SCHEMA() AND table_name = 'pet_daycares' AND column_name = 'daily_walks_id') AND objoid = (SELECT oid FROM pg_catalog.pg_class WHERE relname = 'pet_daycares' AND relnamespace = (SELECT oid FROM pg_catalog.pg_namespace WHERE nspname = CURRENT_SCHEMA()))

2025/02/13 14:38:59 /home/bryan/repos/skripsi/backend/setup/setup.go:78
[1.841ms] [rows:0] SELECT description FROM pg_catalog.pg_description WHERE objsubid = (SELECT ordinal_position FROM information_schema.columns WHERE table_schema = CURRENT_SCHEMA() AND table_name = 'pet_daycares' AND column_name = 'daily_playtime_id') AND objoid = (SELECT oid FROM pg_catalog.pg_class WHERE relname = 'pet_daycares' AND relnamespace = (SELECT oid FROM pg_catalog.pg_namespace WHERE nspname = CURRENT_SCHEMA()))

2025/02/13 14:38:59 /home/bryan/repos/skripsi/backend/setup/setup.go:78
[1.578ms] [rows:0] SELECT description FROM pg_catalog.pg_description WHERE objsubid = (SELECT ordinal_position FROM information_schema.columns WHERE table_schema = CURRENT_SCHEMA() AND table_name = 'pet_daycares' AND column_name = 'owner_id') AND objoid = (SELECT oid FROM pg_catalog.pg_class WHERE relname = 'pet_daycares' AND relnamespace = (SELECT oid FROM pg_catalog.pg_namespace WHERE nspname = CURRENT_SCHEMA()))

2025/02/13 14:38:59 /home/bryan/repos/skripsi/backend/setup/setup.go:78
[1.424ms] [rows:0] SELECT description FROM pg_catalog.pg_description WHERE objsubid = (SELECT ordinal_position FROM information_schema.columns WHERE table_schema = CURRENT_SCHEMA() AND table_name = 'pet_daycares' AND column_name = 'food_brand') AND objoid = (SELECT oid FROM pg_catalog.pg_class WHERE relname = 'pet_daycares' AND relnamespace = (SELECT oid FROM pg_catalog.pg_namespace WHERE nspname = CURRENT_SCHEMA()))

2025/02/13 14:38:59 /home/bryan/repos/skripsi/backend/setup/setup.go:78
[3.799ms] [rows:1] SELECT count(*) FROM INFORMATION_SCHEMA.table_constraints WHERE table_schema = CURRENT_SCHEMA() AND table_name = 'pet_daycares' AND constraint_name = 'fk_pet_daycares_daily_walks'

2025/02/13 14:38:59 /home/bryan/repos/skripsi/backend/setup/setup.go:78
[3.911ms] [rows:1] SELECT count(*) FROM INFORMATION_SCHEMA.table_constraints WHERE table_schema = CURRENT_SCHEMA() AND table_name = 'pet_daycares' AND constraint_name = 'fk_pet_daycares_daily_playtime'

2025/02/13 14:38:59 /home/bryan/repos/skripsi/backend/setup/setup.go:78
[3.795ms] [rows:1] SELECT count(*) FROM INFORMATION_SCHEMA.table_constraints WHERE table_schema = CURRENT_SCHEMA() AND table_name = 'pet_daycares' AND constraint_name = 'fk_users_pet_daycare'

2025/02/13 14:38:59 /home/bryan/repos/skripsi/backend/setup/setup.go:78
[2.713ms] [rows:1] SELECT count(*) FROM pg_indexes WHERE tablename = 'pet_daycares' AND indexname = 'idx_pet_daycares_deleted_at' AND schemaname = CURRENT_SCHEMA()

2025/02/13 14:38:59 /home/bryan/repos/skripsi/backend/setup/setup.go:78
[1.099ms] [rows:1] SELECT count(*) FROM information_schema.tables WHERE table_schema = CURRENT_SCHEMA() AND table_name = 'species' AND table_type = 'BASE TABLE'

2025/02/13 14:38:59 /home/bryan/repos/skripsi/backend/setup/setup.go:78
[0.714ms] [rows:1] SELECT CURRENT_DATABASE()

2025/02/13 14:38:59 /home/bryan/repos/skripsi/backend/setup/setup.go:78
[2.943ms] [rows:-] SELECT c.column_name, c.is_nullable = 'YES', c.udt_name, c.character_maximum_length, c.numeric_precision, c.numeric_precision_radix, c.numeric_scale, c.datetime_precision, 8 * typlen, c.column_default, pd.description, c.identity_increment FROM information_schema.columns AS c JOIN pg_type AS pgt ON c.udt_name = pgt.typname LEFT JOIN pg_catalog.pg_description as pd ON pd.objsubid = c.ordinal_position AND pd.objoid = (SELECT oid FROM pg_catalog.pg_class WHERE relname = c.table_name AND relnamespace = (SELECT oid FROM pg_catalog.pg_namespace WHERE nspname = c.table_schema)) where table_catalog = $1$ AND table_schema = CURRENT_SCHEMA() AND table_name = $2$

2025/02/13 14:38:59 /home/bryan/repos/skripsi/backend/setup/setup.go:78
[0.841ms] [rows:-] SELECT * FROM "species" LIMIT $1$

2025/02/13 14:38:59 /home/bryan/repos/skripsi/backend/setup/setup.go:78
[2.391ms] [rows:-] SELECT constraint_name FROM information_schema.table_constraints tc JOIN information_schema.constraint_column_usage AS ccu USING (constraint_schema, constraint_catalog, table_name, constraint_name) JOIN information_schema.columns AS c ON c.table_schema = tc.constraint_schema AND tc.table_name = c.table_name AND ccu.column_name = c.column_name WHERE constraint_type IN ('PRIMARY KEY', 'UNIQUE') AND c.table_catalog = $1$ AND c.table_schema = CURRENT_SCHEMA() AND c.table_name = $2$ AND constraint_type = $3$

2025/02/13 14:38:59 /home/bryan/repos/skripsi/backend/setup/setup.go:78
[2.911ms] [rows:-] SELECT c.column_name, constraint_name, constraint_type FROM information_schema.table_constraints tc JOIN information_schema.constraint_column_usage AS ccu USING (constraint_schema, constraint_catalog, table_name, constraint_name) JOIN information_schema.columns AS c ON c.table_schema = tc.constraint_schema AND tc.table_name = c.table_name AND ccu.column_name = c.column_name WHERE constraint_type IN ('PRIMARY KEY', 'UNIQUE') AND c.table_catalog = $1$ AND c.table_schema = CURRENT_SCHEMA() AND c.table_name = $2$

2025/02/13 14:38:59 /home/bryan/repos/skripsi/backend/setup/setup.go:78
[1.696ms] [rows:-] SELECT a.attname as column_name, format_type(a.atttypid, a.atttypmod) AS data_type
		FROM pg_attribute a JOIN pg_class b ON a.attrelid = b.oid AND relnamespace = (SELECT oid FROM pg_catalog.pg_namespace WHERE nspname = CURRENT_SCHEMA())
		WHERE a.attnum > 0 -- hide internal columns
		AND NOT a.attisdropped -- hide deleted columns
		AND b.relname = $1$

2025/02/13 14:38:59 /home/bryan/repos/skripsi/backend/setup/setup.go:78
[1.587ms] [rows:0] SELECT description FROM pg_catalog.pg_description WHERE objsubid = (SELECT ordinal_position FROM information_schema.columns WHERE table_schema = CURRENT_SCHEMA() AND table_name = 'species' AND column_name = 'id') AND objoid = (SELECT oid FROM pg_catalog.pg_class WHERE relname = 'species' AND relnamespace = (SELECT oid FROM pg_catalog.pg_namespace WHERE nspname = CURRENT_SCHEMA()))

2025/02/13 14:38:59 /home/bryan/repos/skripsi/backend/setup/setup.go:78
[1.418ms] [rows:0] SELECT description FROM pg_catalog.pg_description WHERE objsubid = (SELECT ordinal_position FROM information_schema.columns WHERE table_schema = CURRENT_SCHEMA() AND table_name = 'species' AND column_name = 'name') AND objoid = (SELECT oid FROM pg_catalog.pg_class WHERE relname = 'species' AND relnamespace = (SELECT oid FROM pg_catalog.pg_namespace WHERE nspname = CURRENT_SCHEMA()))

2025/02/13 14:38:59 /home/bryan/repos/skripsi/backend/setup/setup.go:78
[0.981ms] [rows:1] SELECT count(*) FROM information_schema.tables WHERE table_schema = CURRENT_SCHEMA() AND table_name = 'size_categories' AND table_type = 'BASE TABLE'

2025/02/13 14:38:59 /home/bryan/repos/skripsi/backend/setup/setup.go:78
[0.736ms] [rows:1] SELECT CURRENT_DATABASE()

2025/02/13 14:38:59 /home/bryan/repos/skripsi/backend/setup/setup.go:78
[2.841ms] [rows:-] SELECT c.column_name, c.is_nullable = 'YES', c.udt_name, c.character_maximum_length, c.numeric_precision, c.numeric_precision_radix, c.numeric_scale, c.datetime_precision, 8 * typlen, c.column_default, pd.description, c.identity_increment FROM information_schema.columns AS c JOIN pg_type AS pgt ON c.udt_name = pgt.typname LEFT JOIN pg_catalog.pg_description as pd ON pd.objsubid = c.ordinal_position AND pd.objoid = (SELECT oid FROM pg_catalog.pg_class WHERE relname = c.table_name AND relnamespace = (SELECT oid FROM pg_catalog.pg_namespace WHERE nspname = c.table_schema)) where table_catalog = $1$ AND table_schema = CURRENT_SCHEMA() AND table_name = $2$

2025/02/13 14:38:59 /home/bryan/repos/skripsi/backend/setup/setup.go:78
[0.833ms] [rows:-] SELECT * FROM "size_categories" LIMIT $1$

2025/02/13 14:38:59 /home/bryan/repos/skripsi/backend/setup/setup.go:78
[2.403ms] [rows:-] SELECT constraint_name FROM information_schema.table_constraints tc JOIN information_schema.constraint_column_usage AS ccu USING (constraint_schema, constraint_catalog, table_name, constraint_name) JOIN information_schema.columns AS c ON c.table_schema = tc.constraint_schema AND tc.table_name = c.table_name AND ccu.column_name = c.column_name WHERE constraint_type IN ('PRIMARY KEY', 'UNIQUE') AND c.table_catalog = $1$ AND c.table_schema = CURRENT_SCHEMA() AND c.table_name = $2$ AND constraint_type = $3$

2025/02/13 14:38:59 /home/bryan/repos/skripsi/backend/setup/setup.go:78
[2.616ms] [rows:-] SELECT c.column_name, constraint_name, constraint_type FROM information_schema.table_constraints tc JOIN information_schema.constraint_column_usage AS ccu USING (constraint_schema, constraint_catalog, table_name, constraint_name) JOIN information_schema.columns AS c ON c.table_schema = tc.constraint_schema AND tc.table_name = c.table_name AND ccu.column_name = c.column_name WHERE constraint_type IN ('PRIMARY KEY', 'UNIQUE') AND c.table_catalog = $1$ AND c.table_schema = CURRENT_SCHEMA() AND c.table_name = $2$

2025/02/13 14:38:59 /home/bryan/repos/skripsi/backend/setup/setup.go:78
[0.927ms] [rows:-] SELECT a.attname as column_name, format_type(a.atttypid, a.atttypmod) AS data_type
		FROM pg_attribute a JOIN pg_class b ON a.attrelid = b.oid AND relnamespace = (SELECT oid FROM pg_catalog.pg_namespace WHERE nspname = CURRENT_SCHEMA())
		WHERE a.attnum > 0 -- hide internal columns
		AND NOT a.attisdropped -- hide deleted columns
		AND b.relname = $1$

2025/02/13 14:38:59 /home/bryan/repos/skripsi/backend/setup/setup.go:78
[1.545ms] [rows:0] SELECT description FROM pg_catalog.pg_description WHERE objsubid = (SELECT ordinal_position FROM information_schema.columns WHERE table_schema = CURRENT_SCHEMA() AND table_name = 'size_categories' AND column_name = 'id') AND objoid = (SELECT oid FROM pg_catalog.pg_class WHERE relname = 'size_categories' AND relnamespace = (SELECT oid FROM pg_catalog.pg_namespace WHERE nspname = CURRENT_SCHEMA()))

2025/02/13 14:38:59 /home/bryan/repos/skripsi/backend/setup/setup.go:78
[1.299ms] [rows:0] SELECT description FROM pg_catalog.pg_description WHERE objsubid = (SELECT ordinal_position FROM information_schema.columns WHERE table_schema = CURRENT_SCHEMA() AND table_name = 'size_categories' AND column_name = 'name') AND objoid = (SELECT oid FROM pg_catalog.pg_class WHERE relname = 'size_categories' AND relnamespace = (SELECT oid FROM pg_catalog.pg_namespace WHERE nspname = CURRENT_SCHEMA()))

2025/02/13 14:38:59 /home/bryan/repos/skripsi/backend/setup/setup.go:78
[1.374ms] [rows:0] SELECT description FROM pg_catalog.pg_description WHERE objsubid = (SELECT ordinal_position FROM information_schema.columns WHERE table_schema = CURRENT_SCHEMA() AND table_name = 'size_categories' AND column_name = 'min_weight') AND objoid = (SELECT oid FROM pg_catalog.pg_class WHERE relname = 'size_categories' AND relnamespace = (SELECT oid FROM pg_catalog.pg_namespace WHERE nspname = CURRENT_SCHEMA()))

2025/02/13 14:38:59 /home/bryan/repos/skripsi/backend/setup/setup.go:78
[1.400ms] [rows:0] SELECT description FROM pg_catalog.pg_description WHERE objsubid = (SELECT ordinal_position FROM information_schema.columns WHERE table_schema = CURRENT_SCHEMA() AND table_name = 'size_categories' AND column_name = 'max_weight') AND objoid = (SELECT oid FROM pg_catalog.pg_class WHERE relname = 'size_categories' AND relnamespace = (SELECT oid FROM pg_catalog.pg_namespace WHERE nspname = CURRENT_SCHEMA()))

2025/02/13 14:38:59 /home/bryan/repos/skripsi/backend/setup/setup.go:78
[0.971ms] [rows:1] SELECT count(*) FROM information_schema.tables WHERE table_schema = CURRENT_SCHEMA() AND table_name = 'pets' AND table_type = 'BASE TABLE'

2025/02/13 14:38:59 /home/bryan/repos/skripsi/backend/setup/setup.go:78
[0.776ms] [rows:1] SELECT CURRENT_DATABASE()

2025/02/13 14:38:59 /home/bryan/repos/skripsi/backend/setup/setup.go:78
[3.638ms] [rows:-] SELECT c.column_name, c.is_nullable = 'YES', c.udt_name, c.character_maximum_length, c.numeric_precision, c.numeric_precision_radix, c.numeric_scale, c.datetime_precision, 8 * typlen, c.column_default, pd.description, c.identity_increment FROM information_schema.columns AS c JOIN pg_type AS pgt ON c.udt_name = pgt.typname LEFT JOIN pg_catalog.pg_description as pd ON pd.objsubid = c.ordinal_position AND pd.objoid = (SELECT oid FROM pg_catalog.pg_class WHERE relname = c.table_name AND relnamespace = (SELECT oid FROM pg_catalog.pg_namespace WHERE nspname = c.table_schema)) where table_catalog = $1$ AND table_schema = CURRENT_SCHEMA() AND table_name = $2$

2025/02/13 14:38:59 /home/bryan/repos/skripsi/backend/setup/setup.go:78
[1.001ms] [rows:-] SELECT * FROM "pets" LIMIT $1$

2025/02/13 14:38:59 /home/bryan/repos/skripsi/backend/setup/setup.go:78
[3.257ms] [rows:-] SELECT constraint_name FROM information_schema.table_constraints tc JOIN information_schema.constraint_column_usage AS ccu USING (constraint_schema, constraint_catalog, table_name, constraint_name) JOIN information_schema.columns AS c ON c.table_schema = tc.constraint_schema AND tc.table_name = c.table_name AND ccu.column_name = c.column_name WHERE constraint_type IN ('PRIMARY KEY', 'UNIQUE') AND c.table_catalog = $1$ AND c.table_schema = CURRENT_SCHEMA() AND c.table_name = $2$ AND constraint_type = $3$

2025/02/13 14:38:59 /home/bryan/repos/skripsi/backend/setup/setup.go:78
[3.082ms] [rows:-] SELECT c.column_name, constraint_name, constraint_type FROM information_schema.table_constraints tc JOIN information_schema.constraint_column_usage AS ccu USING (constraint_schema, constraint_catalog, table_name, constraint_name) JOIN information_schema.columns AS c ON c.table_schema = tc.constraint_schema AND tc.table_name = c.table_name AND ccu.column_name = c.column_name WHERE constraint_type IN ('PRIMARY KEY', 'UNIQUE') AND c.table_catalog = $1$ AND c.table_schema = CURRENT_SCHEMA() AND c.table_name = $2$

2025/02/13 14:38:59 /home/bryan/repos/skripsi/backend/setup/setup.go:78
[1.019ms] [rows:-] SELECT a.attname as column_name, format_type(a.atttypid, a.atttypmod) AS data_type
		FROM pg_attribute a JOIN pg_class b ON a.attrelid = b.oid AND relnamespace = (SELECT oid FROM pg_catalog.pg_namespace WHERE nspname = CURRENT_SCHEMA())
		WHERE a.attnum > 0 -- hide internal columns
		AND NOT a.attisdropped -- hide deleted columns
		AND b.relname = $1$

2025/02/13 14:38:59 /home/bryan/repos/skripsi/backend/setup/setup.go:78
[1.457ms] [rows:0] SELECT description FROM pg_catalog.pg_description WHERE objsubid = (SELECT ordinal_position FROM information_schema.columns WHERE table_schema = CURRENT_SCHEMA() AND table_name = 'pets' AND column_name = 'id') AND objoid = (SELECT oid FROM pg_catalog.pg_class WHERE relname = 'pets' AND relnamespace = (SELECT oid FROM pg_catalog.pg_namespace WHERE nspname = CURRENT_SCHEMA()))

2025/02/13 14:38:59 /home/bryan/repos/skripsi/backend/setup/setup.go:78
[1.486ms] [rows:0] SELECT description FROM pg_catalog.pg_description WHERE objsubid = (SELECT ordinal_position FROM information_schema.columns WHERE table_schema = CURRENT_SCHEMA() AND table_name = 'pets' AND column_name = 'created_at') AND objoid = (SELECT oid FROM pg_catalog.pg_class WHERE relname = 'pets' AND relnamespace = (SELECT oid FROM pg_catalog.pg_namespace WHERE nspname = CURRENT_SCHEMA()))

2025/02/13 14:38:59 /home/bryan/repos/skripsi/backend/setup/setup.go:78
[1.663ms] [rows:0] SELECT description FROM pg_catalog.pg_description WHERE objsubid = (SELECT ordinal_position FROM information_schema.columns WHERE table_schema = CURRENT_SCHEMA() AND table_name = 'pets' AND column_name = 'updated_at') AND objoid = (SELECT oid FROM pg_catalog.pg_class WHERE relname = 'pets' AND relnamespace = (SELECT oid FROM pg_catalog.pg_namespace WHERE nspname = CURRENT_SCHEMA()))

2025/02/13 14:38:59 /home/bryan/repos/skripsi/backend/setup/setup.go:78
[1.628ms] [rows:0] SELECT description FROM pg_catalog.pg_description WHERE objsubid = (SELECT ordinal_position FROM information_schema.columns WHERE table_schema = CURRENT_SCHEMA() AND table_name = 'pets' AND column_name = 'deleted_at') AND objoid = (SELECT oid FROM pg_catalog.pg_class WHERE relname = 'pets' AND relnamespace = (SELECT oid FROM pg_catalog.pg_namespace WHERE nspname = CURRENT_SCHEMA()))

2025/02/13 14:38:59 /home/bryan/repos/skripsi/backend/setup/setup.go:78
[1.458ms] [rows:0] SELECT description FROM pg_catalog.pg_description WHERE objsubid = (SELECT ordinal_position FROM information_schema.columns WHERE table_schema = CURRENT_SCHEMA() AND table_name = 'pets' AND column_name = 'name') AND objoid = (SELECT oid FROM pg_catalog.pg_class WHERE relname = 'pets' AND relnamespace = (SELECT oid FROM pg_catalog.pg_namespace WHERE nspname = CURRENT_SCHEMA()))

2025/02/13 14:38:59 /home/bryan/repos/skripsi/backend/setup/setup.go:78
[1.416ms] [rows:0] SELECT description FROM pg_catalog.pg_description WHERE objsubid = (SELECT ordinal_position FROM information_schema.columns WHERE table_schema = CURRENT_SCHEMA() AND table_name = 'pets' AND column_name = 'image_url') AND objoid = (SELECT oid FROM pg_catalog.pg_class WHERE relname = 'pets' AND relnamespace = (SELECT oid FROM pg_catalog.pg_namespace WHERE nspname = CURRENT_SCHEMA()))

2025/02/13 14:38:59 /home/bryan/repos/skripsi/backend/setup/setup.go:78
[1.412ms] [rows:0] SELECT description FROM pg_catalog.pg_description WHERE objsubid = (SELECT ordinal_position FROM information_schema.columns WHERE table_schema = CURRENT_SCHEMA() AND table_name = 'pets' AND column_name = 'status') AND objoid = (SELECT oid FROM pg_catalog.pg_class WHERE relname = 'pets' AND relnamespace = (SELECT oid FROM pg_catalog.pg_namespace WHERE nspname = CURRENT_SCHEMA()))

2025/02/13 14:38:59 /home/bryan/repos/skripsi/backend/setup/setup.go:78
[1.449ms] [rows:0] SELECT description FROM pg_catalog.pg_description WHERE objsubid = (SELECT ordinal_position FROM information_schema.columns WHERE table_schema = CURRENT_SCHEMA() AND table_name = 'pets' AND column_name = 'owner_id') AND objoid = (SELECT oid FROM pg_catalog.pg_class WHERE relname = 'pets' AND relnamespace = (SELECT oid FROM pg_catalog.pg_namespace WHERE nspname = CURRENT_SCHEMA()))

2025/02/13 14:38:59 /home/bryan/repos/skripsi/backend/setup/setup.go:78
[1.433ms] [rows:0] SELECT description FROM pg_catalog.pg_description WHERE objsubid = (SELECT ordinal_position FROM information_schema.columns WHERE table_schema = CURRENT_SCHEMA() AND table_name = 'pets' AND column_name = 'species_id') AND objoid = (SELECT oid FROM pg_catalog.pg_class WHERE relname = 'pets' AND relnamespace = (SELECT oid FROM pg_catalog.pg_namespace WHERE nspname = CURRENT_SCHEMA()))

2025/02/13 14:38:59 /home/bryan/repos/skripsi/backend/setup/setup.go:78
[1.433ms] [rows:0] SELECT description FROM pg_catalog.pg_description WHERE objsubid = (SELECT ordinal_position FROM information_schema.columns WHERE table_schema = CURRENT_SCHEMA() AND table_name = 'pets' AND column_name = 'size_id') AND objoid = (SELECT oid FROM pg_catalog.pg_class WHERE relname = 'pets' AND relnamespace = (SELECT oid FROM pg_catalog.pg_namespace WHERE nspname = CURRENT_SCHEMA()))

2025/02/13 14:38:59 /home/bryan/repos/skripsi/backend/setup/setup.go:78
[1.114ms] [rows:1] SELECT count(*) FROM INFORMATION_SCHEMA.table_constraints WHERE table_schema = CURRENT_SCHEMA() AND table_name = 'pets' AND constraint_name = 'fk_pets_size_category'

2025/02/13 14:38:59 /home/bryan/repos/skripsi/backend/setup/setup.go:78
[1.268ms] [rows:1] SELECT count(*) FROM INFORMATION_SCHEMA.table_constraints WHERE table_schema = CURRENT_SCHEMA() AND table_name = 'pets' AND constraint_name = 'fk_users_pets'

2025/02/13 14:38:59 /home/bryan/repos/skripsi/backend/setup/setup.go:78
[1.326ms] [rows:1] SELECT count(*) FROM INFORMATION_SCHEMA.table_constraints WHERE table_schema = CURRENT_SCHEMA() AND table_name = 'pets' AND constraint_name = 'fk_pets_species'

2025/02/13 14:38:59 /home/bryan/repos/skripsi/backend/setup/setup.go:78
[2.580ms] [rows:1] SELECT count(*) FROM pg_indexes WHERE tablename = 'pets' AND indexname = 'idx_pets_deleted_at' AND schemaname = CURRENT_SCHEMA()

2025/02/13 14:38:59 /home/bryan/repos/skripsi/backend/setup/setup.go:78
[1.183ms] [rows:1] SELECT count(*) FROM information_schema.tables WHERE table_schema = CURRENT_SCHEMA() AND table_name = 'slots' AND table_type = 'BASE TABLE'

2025/02/13 14:38:59 /home/bryan/repos/skripsi/backend/setup/setup.go:78
[0.830ms] [rows:1] SELECT CURRENT_DATABASE()

2025/02/13 14:38:59 /home/bryan/repos/skripsi/backend/setup/setup.go:78
[3.322ms] [rows:-] SELECT c.column_name, c.is_nullable = 'YES', c.udt_name, c.character_maximum_length, c.numeric_precision, c.numeric_precision_radix, c.numeric_scale, c.datetime_precision, 8 * typlen, c.column_default, pd.description, c.identity_increment FROM information_schema.columns AS c JOIN pg_type AS pgt ON c.udt_name = pgt.typname LEFT JOIN pg_catalog.pg_description as pd ON pd.objsubid = c.ordinal_position AND pd.objoid = (SELECT oid FROM pg_catalog.pg_class WHERE relname = c.table_name AND relnamespace = (SELECT oid FROM pg_catalog.pg_namespace WHERE nspname = c.table_schema)) where table_catalog = $1$ AND table_schema = CURRENT_SCHEMA() AND table_name = $2$

2025/02/13 14:38:59 /home/bryan/repos/skripsi/backend/setup/setup.go:78
[0.965ms] [rows:-] SELECT * FROM "slots" LIMIT $1$

2025/02/13 14:38:59 /home/bryan/repos/skripsi/backend/setup/setup.go:78
[2.823ms] [rows:-] SELECT constraint_name FROM information_schema.table_constraints tc JOIN information_schema.constraint_column_usage AS ccu USING (constraint_schema, constraint_catalog, table_name, constraint_name) JOIN information_schema.columns AS c ON c.table_schema = tc.constraint_schema AND tc.table_name = c.table_name AND ccu.column_name = c.column_name WHERE constraint_type IN ('PRIMARY KEY', 'UNIQUE') AND c.table_catalog = $1$ AND c.table_schema = CURRENT_SCHEMA() AND c.table_name = $2$ AND constraint_type = $3$

2025/02/13 14:38:59 /home/bryan/repos/skripsi/backend/setup/setup.go:78
[2.804ms] [rows:-] SELECT c.column_name, constraint_name, constraint_type FROM information_schema.table_constraints tc JOIN information_schema.constraint_column_usage AS ccu USING (constraint_schema, constraint_catalog, table_name, constraint_name) JOIN information_schema.columns AS c ON c.table_schema = tc.constraint_schema AND tc.table_name = c.table_name AND ccu.column_name = c.column_name WHERE constraint_type IN ('PRIMARY KEY', 'UNIQUE') AND c.table_catalog = $1$ AND c.table_schema = CURRENT_SCHEMA() AND c.table_name = $2$

2025/02/13 14:38:59 /home/bryan/repos/skripsi/backend/setup/setup.go:78
[1.022ms] [rows:-] SELECT a.attname as column_name, format_type(a.atttypid, a.atttypmod) AS data_type
		FROM pg_attribute a JOIN pg_class b ON a.attrelid = b.oid AND relnamespace = (SELECT oid FROM pg_catalog.pg_namespace WHERE nspname = CURRENT_SCHEMA())
		WHERE a.attnum > 0 -- hide internal columns
		AND NOT a.attisdropped -- hide deleted columns
		AND b.relname = $1$

2025/02/13 14:38:59 /home/bryan/repos/skripsi/backend/setup/setup.go:78
[1.737ms] [rows:0] SELECT description FROM pg_catalog.pg_description WHERE objsubid = (SELECT ordinal_position FROM information_schema.columns WHERE table_schema = CURRENT_SCHEMA() AND table_name = 'slots' AND column_name = 'id') AND objoid = (SELECT oid FROM pg_catalog.pg_class WHERE relname = 'slots' AND relnamespace = (SELECT oid FROM pg_catalog.pg_namespace WHERE nspname = CURRENT_SCHEMA()))

2025/02/13 14:38:59 /home/bryan/repos/skripsi/backend/setup/setup.go:78
[1.462ms] [rows:0] SELECT description FROM pg_catalog.pg_description WHERE objsubid = (SELECT ordinal_position FROM information_schema.columns WHERE table_schema = CURRENT_SCHEMA() AND table_name = 'slots' AND column_name = 'created_at') AND objoid = (SELECT oid FROM pg_catalog.pg_class WHERE relname = 'slots' AND relnamespace = (SELECT oid FROM pg_catalog.pg_namespace WHERE nspname = CURRENT_SCHEMA()))

2025/02/13 14:38:59 /home/bryan/repos/skripsi/backend/setup/setup.go:78
[1.578ms] [rows:0] SELECT description FROM pg_catalog.pg_description WHERE objsubid = (SELECT ordinal_position FROM information_schema.columns WHERE table_schema = CURRENT_SCHEMA() AND table_name = 'slots' AND column_name = 'updated_at') AND objoid = (SELECT oid FROM pg_catalog.pg_class WHERE relname = 'slots' AND relnamespace = (SELECT oid FROM pg_catalog.pg_namespace WHERE nspname = CURRENT_SCHEMA()))

2025/02/13 14:38:59 /home/bryan/repos/skripsi/backend/setup/setup.go:78
[1.584ms] [rows:0] SELECT description FROM pg_catalog.pg_description WHERE objsubid = (SELECT ordinal_position FROM information_schema.columns WHERE table_schema = CURRENT_SCHEMA() AND table_name = 'slots' AND column_name = 'deleted_at') AND objoid = (SELECT oid FROM pg_catalog.pg_class WHERE relname = 'slots' AND relnamespace = (SELECT oid FROM pg_catalog.pg_namespace WHERE nspname = CURRENT_SCHEMA()))

2025/02/13 14:38:59 /home/bryan/repos/skripsi/backend/setup/setup.go:78
[1.496ms] [rows:0] SELECT description FROM pg_catalog.pg_description WHERE objsubid = (SELECT ordinal_position FROM information_schema.columns WHERE table_schema = CURRENT_SCHEMA() AND table_name = 'slots' AND column_name = 'daycare_id') AND objoid = (SELECT oid FROM pg_catalog.pg_class WHERE relname = 'slots' AND relnamespace = (SELECT oid FROM pg_catalog.pg_namespace WHERE nspname = CURRENT_SCHEMA()))

2025/02/13 14:38:59 /home/bryan/repos/skripsi/backend/setup/setup.go:78
[1.501ms] [rows:0] SELECT description FROM pg_catalog.pg_description WHERE objsubid = (SELECT ordinal_position FROM information_schema.columns WHERE table_schema = CURRENT_SCHEMA() AND table_name = 'slots' AND column_name = 'species_id') AND objoid = (SELECT oid FROM pg_catalog.pg_class WHERE relname = 'slots' AND relnamespace = (SELECT oid FROM pg_catalog.pg_namespace WHERE nspname = CURRENT_SCHEMA()))

2025/02/13 14:38:59 /home/bryan/repos/skripsi/backend/setup/setup.go:78
[1.435ms] [rows:0] SELECT description FROM pg_catalog.pg_description WHERE objsubid = (SELECT ordinal_position FROM information_schema.columns WHERE table_schema = CURRENT_SCHEMA() AND table_name = 'slots' AND column_name = 'size_category_id') AND objoid = (SELECT oid FROM pg_catalog.pg_class WHERE relname = 'slots' AND relnamespace = (SELECT oid FROM pg_catalog.pg_namespace WHERE nspname = CURRENT_SCHEMA()))

2025/02/13 14:38:59 /home/bryan/repos/skripsi/backend/setup/setup.go:78
[1.558ms] [rows:0] SELECT description FROM pg_catalog.pg_description WHERE objsubid = (SELECT ordinal_position FROM information_schema.columns WHERE table_schema = CURRENT_SCHEMA() AND table_name = 'slots' AND column_name = 'max_number') AND objoid = (SELECT oid FROM pg_catalog.pg_class WHERE relname = 'slots' AND relnamespace = (SELECT oid FROM pg_catalog.pg_namespace WHERE nspname = CURRENT_SCHEMA()))

2025/02/13 14:38:59 /home/bryan/repos/skripsi/backend/setup/setup.go:78
[1.273ms] [rows:1] SELECT count(*) FROM INFORMATION_SCHEMA.table_constraints WHERE table_schema = CURRENT_SCHEMA() AND table_name = 'slots' AND constraint_name = 'fk_pet_daycares_slots'

2025/02/13 14:38:59 /home/bryan/repos/skripsi/backend/setup/setup.go:78
[2.862ms] [rows:1] SELECT count(*) FROM pg_indexes WHERE tablename = 'slots' AND indexname = 'idx_slots_deleted_at' AND schemaname = CURRENT_SCHEMA()

2025/02/13 14:38:59 /home/bryan/repos/skripsi/backend/setup/setup.go:78
[1.079ms] [rows:1] SELECT count(*) FROM information_schema.tables WHERE table_schema = CURRENT_SCHEMA() AND table_name = 'booked_slots' AND table_type = 'BASE TABLE'

2025/02/13 14:38:59 /home/bryan/repos/skripsi/backend/setup/setup.go:78
[0.810ms] [rows:1] SELECT CURRENT_DATABASE()

2025/02/13 14:38:59 /home/bryan/repos/skripsi/backend/setup/setup.go:78
[3.334ms] [rows:-] SELECT c.column_name, c.is_nullable = 'YES', c.udt_name, c.character_maximum_length, c.numeric_precision, c.numeric_precision_radix, c.numeric_scale, c.datetime_precision, 8 * typlen, c.column_default, pd.description, c.identity_increment FROM information_schema.columns AS c JOIN pg_type AS pgt ON c.udt_name = pgt.typname LEFT JOIN pg_catalog.pg_description as pd ON pd.objsubid = c.ordinal_position AND pd.objoid = (SELECT oid FROM pg_catalog.pg_class WHERE relname = c.table_name AND relnamespace = (SELECT oid FROM pg_catalog.pg_namespace WHERE nspname = c.table_schema)) where table_catalog = $1$ AND table_schema = CURRENT_SCHEMA() AND table_name = $2$

2025/02/13 14:38:59 /home/bryan/repos/skripsi/backend/setup/setup.go:78
[0.858ms] [rows:-] SELECT * FROM "booked_slots" LIMIT $1$

2025/02/13 14:38:59 /home/bryan/repos/skripsi/backend/setup/setup.go:78
[3.309ms] [rows:-] SELECT constraint_name FROM information_schema.table_constraints tc JOIN information_schema.constraint_column_usage AS ccu USING (constraint_schema, constraint_catalog, table_name, constraint_name) JOIN information_schema.columns AS c ON c.table_schema = tc.constraint_schema AND tc.table_name = c.table_name AND ccu.column_name = c.column_name WHERE constraint_type IN ('PRIMARY KEY', 'UNIQUE') AND c.table_catalog = $1$ AND c.table_schema = CURRENT_SCHEMA() AND c.table_name = $2$ AND constraint_type = $3$

2025/02/13 14:38:59 /home/bryan/repos/skripsi/backend/setup/setup.go:78
[3.230ms] [rows:-] SELECT c.column_name, constraint_name, constraint_type FROM information_schema.table_constraints tc JOIN information_schema.constraint_column_usage AS ccu USING (constraint_schema, constraint_catalog, table_name, constraint_name) JOIN information_schema.columns AS c ON c.table_schema = tc.constraint_schema AND tc.table_name = c.table_name AND ccu.column_name = c.column_name WHERE constraint_type IN ('PRIMARY KEY', 'UNIQUE') AND c.table_catalog = $1$ AND c.table_schema = CURRENT_SCHEMA() AND c.table_name = $2$

2025/02/13 14:38:59 /home/bryan/repos/skripsi/backend/setup/setup.go:78
[0.980ms] [rows:-] SELECT a.attname as column_name, format_type(a.atttypid, a.atttypmod) AS data_type
		FROM pg_attribute a JOIN pg_class b ON a.attrelid = b.oid AND relnamespace = (SELECT oid FROM pg_catalog.pg_namespace WHERE nspname = CURRENT_SCHEMA())
		WHERE a.attnum > 0 -- hide internal columns
		AND NOT a.attisdropped -- hide deleted columns
		AND b.relname = $1$

2025/02/13 14:38:59 /home/bryan/repos/skripsi/backend/setup/setup.go:78
[1.416ms] [rows:0] SELECT description FROM pg_catalog.pg_description WHERE objsubid = (SELECT ordinal_position FROM information_schema.columns WHERE table_schema = CURRENT_SCHEMA() AND table_name = 'booked_slots' AND column_name = 'id') AND objoid = (SELECT oid FROM pg_catalog.pg_class WHERE relname = 'booked_slots' AND relnamespace = (SELECT oid FROM pg_catalog.pg_namespace WHERE nspname = CURRENT_SCHEMA()))

2025/02/13 14:38:59 /home/bryan/repos/skripsi/backend/setup/setup.go:78
[1.381ms] [rows:0] SELECT description FROM pg_catalog.pg_description WHERE objsubid = (SELECT ordinal_position FROM information_schema.columns WHERE table_schema = CURRENT_SCHEMA() AND table_name = 'booked_slots' AND column_name = 'created_at') AND objoid = (SELECT oid FROM pg_catalog.pg_class WHERE relname = 'booked_slots' AND relnamespace = (SELECT oid FROM pg_catalog.pg_namespace WHERE nspname = CURRENT_SCHEMA()))

2025/02/13 14:38:59 /home/bryan/repos/skripsi/backend/setup/setup.go:78
[1.426ms] [rows:0] SELECT description FROM pg_catalog.pg_description WHERE objsubid = (SELECT ordinal_position FROM information_schema.columns WHERE table_schema = CURRENT_SCHEMA() AND table_name = 'booked_slots' AND column_name = 'updated_at') AND objoid = (SELECT oid FROM pg_catalog.pg_class WHERE relname = 'booked_slots' AND relnamespace = (SELECT oid FROM pg_catalog.pg_namespace WHERE nspname = CURRENT_SCHEMA()))

2025/02/13 14:38:59 /home/bryan/repos/skripsi/backend/setup/setup.go:78
[1.336ms] [rows:0] SELECT description FROM pg_catalog.pg_description WHERE objsubid = (SELECT ordinal_position FROM information_schema.columns WHERE table_schema = CURRENT_SCHEMA() AND table_name = 'booked_slots' AND column_name = 'deleted_at') AND objoid = (SELECT oid FROM pg_catalog.pg_class WHERE relname = 'booked_slots' AND relnamespace = (SELECT oid FROM pg_catalog.pg_namespace WHERE nspname = CURRENT_SCHEMA()))

2025/02/13 14:38:59 /home/bryan/repos/skripsi/backend/setup/setup.go:78
[1.338ms] [rows:0] SELECT description FROM pg_catalog.pg_description WHERE objsubid = (SELECT ordinal_position FROM information_schema.columns WHERE table_schema = CURRENT_SCHEMA() AND table_name = 'booked_slots' AND column_name = 'user_id') AND objoid = (SELECT oid FROM pg_catalog.pg_class WHERE relname = 'booked_slots' AND relnamespace = (SELECT oid FROM pg_catalog.pg_namespace WHERE nspname = CURRENT_SCHEMA()))

2025/02/13 14:38:59 /home/bryan/repos/skripsi/backend/setup/setup.go:78
[1.367ms] [rows:0] SELECT description FROM pg_catalog.pg_description WHERE objsubid = (SELECT ordinal_position FROM information_schema.columns WHERE table_schema = CURRENT_SCHEMA() AND table_name = 'booked_slots' AND column_name = 'daycare_id') AND objoid = (SELECT oid FROM pg_catalog.pg_class WHERE relname = 'booked_slots' AND relnamespace = (SELECT oid FROM pg_catalog.pg_namespace WHERE nspname = CURRENT_SCHEMA()))

2025/02/13 14:38:59 /home/bryan/repos/skripsi/backend/setup/setup.go:78
[1.329ms] [rows:0] SELECT description FROM pg_catalog.pg_description WHERE objsubid = (SELECT ordinal_position FROM information_schema.columns WHERE table_schema = CURRENT_SCHEMA() AND table_name = 'booked_slots' AND column_name = 'pet_id') AND objoid = (SELECT oid FROM pg_catalog.pg_class WHERE relname = 'booked_slots' AND relnamespace = (SELECT oid FROM pg_catalog.pg_namespace WHERE nspname = CURRENT_SCHEMA()))

2025/02/13 14:38:59 /home/bryan/repos/skripsi/backend/setup/setup.go:78
[2.000ms] [rows:0] SELECT description FROM pg_catalog.pg_description WHERE objsubid = (SELECT ordinal_position FROM information_schema.columns WHERE table_schema = CURRENT_SCHEMA() AND table_name = 'booked_slots' AND column_name = 'start_date') AND objoid = (SELECT oid FROM pg_catalog.pg_class WHERE relname = 'booked_slots' AND relnamespace = (SELECT oid FROM pg_catalog.pg_namespace WHERE nspname = CURRENT_SCHEMA()))

2025/02/13 14:38:59 /home/bryan/repos/skripsi/backend/setup/setup.go:78
[2.153ms] [rows:0] SELECT description FROM pg_catalog.pg_description WHERE objsubid = (SELECT ordinal_position FROM information_schema.columns WHERE table_schema = CURRENT_SCHEMA() AND table_name = 'booked_slots' AND column_name = 'end_date') AND objoid = (SELECT oid FROM pg_catalog.pg_class WHERE relname = 'booked_slots' AND relnamespace = (SELECT oid FROM pg_catalog.pg_namespace WHERE nspname = CURRENT_SCHEMA()))

2025/02/13 14:38:59 /home/bryan/repos/skripsi/backend/setup/setup.go:78
[1.220ms] [rows:1] SELECT count(*) FROM INFORMATION_SCHEMA.table_constraints WHERE table_schema = CURRENT_SCHEMA() AND table_name = 'booked_slots' AND constraint_name = 'fk_pet_daycares_booked_slots'

2025/02/13 14:38:59 /home/bryan/repos/skripsi/backend/setup/setup.go:78
[1.217ms] [rows:1] SELECT count(*) FROM INFORMATION_SCHEMA.table_constraints WHERE table_schema = CURRENT_SCHEMA() AND table_name = 'booked_slots' AND constraint_name = 'fk_booked_slots_user'

2025/02/13 14:38:59 /home/bryan/repos/skripsi/backend/setup/setup.go:78
[1.173ms] [rows:1] SELECT count(*) FROM INFORMATION_SCHEMA.table_constraints WHERE table_schema = CURRENT_SCHEMA() AND table_name = 'booked_slots' AND constraint_name = 'fk_pets_booked_slots'

2025/02/13 14:38:59 /home/bryan/repos/skripsi/backend/setup/setup.go:78
[2.847ms] [rows:1] SELECT count(*) FROM pg_indexes WHERE tablename = 'booked_slots' AND indexname = 'idx_booked_slots_deleted_at' AND schemaname = CURRENT_SCHEMA()

2025/02/13 14:38:59 /home/bryan/repos/skripsi/backend/setup/setup.go:78
[1.114ms] [rows:1] SELECT count(*) FROM information_schema.tables WHERE table_schema = CURRENT_SCHEMA() AND table_name = 'thumbnails' AND table_type = 'BASE TABLE'

2025/02/13 14:38:59 /home/bryan/repos/skripsi/backend/setup/setup.go:78
[0.821ms] [rows:1] SELECT CURRENT_DATABASE()

2025/02/13 14:38:59 /home/bryan/repos/skripsi/backend/setup/setup.go:78
[3.225ms] [rows:-] SELECT c.column_name, c.is_nullable = 'YES', c.udt_name, c.character_maximum_length, c.numeric_precision, c.numeric_precision_radix, c.numeric_scale, c.datetime_precision, 8 * typlen, c.column_default, pd.description, c.identity_increment FROM information_schema.columns AS c JOIN pg_type AS pgt ON c.udt_name = pgt.typname LEFT JOIN pg_catalog.pg_description as pd ON pd.objsubid = c.ordinal_position AND pd.objoid = (SELECT oid FROM pg_catalog.pg_class WHERE relname = c.table_name AND relnamespace = (SELECT oid FROM pg_catalog.pg_namespace WHERE nspname = c.table_schema)) where table_catalog = $1$ AND table_schema = CURRENT_SCHEMA() AND table_name = $2$

2025/02/13 14:38:59 /home/bryan/repos/skripsi/backend/setup/setup.go:78
[1.113ms] [rows:-] SELECT * FROM "thumbnails" LIMIT $1$

2025/02/13 14:38:59 /home/bryan/repos/skripsi/backend/setup/setup.go:78
[2.454ms] [rows:-] SELECT constraint_name FROM information_schema.table_constraints tc JOIN information_schema.constraint_column_usage AS ccu USING (constraint_schema, constraint_catalog, table_name, constraint_name) JOIN information_schema.columns AS c ON c.table_schema = tc.constraint_schema AND tc.table_name = c.table_name AND ccu.column_name = c.column_name WHERE constraint_type IN ('PRIMARY KEY', 'UNIQUE') AND c.table_catalog = $1$ AND c.table_schema = CURRENT_SCHEMA() AND c.table_name = $2$ AND constraint_type = $3$

2025/02/13 14:38:59 /home/bryan/repos/skripsi/backend/setup/setup.go:78
[2.256ms] [rows:-] SELECT c.column_name, constraint_name, constraint_type FROM information_schema.table_constraints tc JOIN information_schema.constraint_column_usage AS ccu USING (constraint_schema, constraint_catalog, table_name, constraint_name) JOIN information_schema.columns AS c ON c.table_schema = tc.constraint_schema AND tc.table_name = c.table_name AND ccu.column_name = c.column_name WHERE constraint_type IN ('PRIMARY KEY', 'UNIQUE') AND c.table_catalog = $1$ AND c.table_schema = CURRENT_SCHEMA() AND c.table_name = $2$

2025/02/13 14:38:59 /home/bryan/repos/skripsi/backend/setup/setup.go:78
[0.853ms] [rows:-] SELECT a.attname as column_name, format_type(a.atttypid, a.atttypmod) AS data_type
		FROM pg_attribute a JOIN pg_class b ON a.attrelid = b.oid AND relnamespace = (SELECT oid FROM pg_catalog.pg_namespace WHERE nspname = CURRENT_SCHEMA())
		WHERE a.attnum > 0 -- hide internal columns
		AND NOT a.attisdropped -- hide deleted columns
		AND b.relname = $1$

2025/02/13 14:38:59 /home/bryan/repos/skripsi/backend/setup/setup.go:78
[1.495ms] [rows:0] SELECT description FROM pg_catalog.pg_description WHERE objsubid = (SELECT ordinal_position FROM information_schema.columns WHERE table_schema = CURRENT_SCHEMA() AND table_name = 'thumbnails' AND column_name = 'id') AND objoid = (SELECT oid FROM pg_catalog.pg_class WHERE relname = 'thumbnails' AND relnamespace = (SELECT oid FROM pg_catalog.pg_namespace WHERE nspname = CURRENT_SCHEMA()))

2025/02/13 14:38:59 /home/bryan/repos/skripsi/backend/setup/setup.go:78
[1.588ms] [rows:0] SELECT description FROM pg_catalog.pg_description WHERE objsubid = (SELECT ordinal_position FROM information_schema.columns WHERE table_schema = CURRENT_SCHEMA() AND table_name = 'thumbnails' AND column_name = 'daycare_id') AND objoid = (SELECT oid FROM pg_catalog.pg_class WHERE relname = 'thumbnails' AND relnamespace = (SELECT oid FROM pg_catalog.pg_namespace WHERE nspname = CURRENT_SCHEMA()))

2025/02/13 14:38:59 /home/bryan/repos/skripsi/backend/setup/setup.go:78
[1.542ms] [rows:0] SELECT description FROM pg_catalog.pg_description WHERE objsubid = (SELECT ordinal_position FROM information_schema.columns WHERE table_schema = CURRENT_SCHEMA() AND table_name = 'thumbnails' AND column_name = 'image_url') AND objoid = (SELECT oid FROM pg_catalog.pg_class WHERE relname = 'thumbnails' AND relnamespace = (SELECT oid FROM pg_catalog.pg_namespace WHERE nspname = CURRENT_SCHEMA()))

2025/02/13 14:38:59 /home/bryan/repos/skripsi/backend/setup/setup.go:78
[1.237ms] [rows:1] SELECT count(*) FROM INFORMATION_SCHEMA.table_constraints WHERE table_schema = CURRENT_SCHEMA() AND table_name = 'thumbnails' AND constraint_name = 'fk_pet_daycares_thumbnails'

2025/02/13 14:38:59 /home/bryan/repos/skripsi/backend/setup/setup.go:78
[1.051ms] [rows:1] SELECT count(*) FROM information_schema.tables WHERE table_schema = CURRENT_SCHEMA() AND table_name = 'reviews' AND table_type = 'BASE TABLE'

2025/02/13 14:38:59 /home/bryan/repos/skripsi/backend/setup/setup.go:78
[0.832ms] [rows:1] SELECT CURRENT_DATABASE()

2025/02/13 14:38:59 /home/bryan/repos/skripsi/backend/setup/setup.go:78
[3.672ms] [rows:-] SELECT c.column_name, c.is_nullable = 'YES', c.udt_name, c.character_maximum_length, c.numeric_precision, c.numeric_precision_radix, c.numeric_scale, c.datetime_precision, 8 * typlen, c.column_default, pd.description, c.identity_increment FROM information_schema.columns AS c JOIN pg_type AS pgt ON c.udt_name = pgt.typname LEFT JOIN pg_catalog.pg_description as pd ON pd.objsubid = c.ordinal_position AND pd.objoid = (SELECT oid FROM pg_catalog.pg_class WHERE relname = c.table_name AND relnamespace = (SELECT oid FROM pg_catalog.pg_namespace WHERE nspname = c.table_schema)) where table_catalog = $1$ AND table_schema = CURRENT_SCHEMA() AND table_name = $2$

2025/02/13 14:38:59 /home/bryan/repos/skripsi/backend/setup/setup.go:78
[1.043ms] [rows:-] SELECT * FROM "reviews" LIMIT $1$

2025/02/13 14:38:59 /home/bryan/repos/skripsi/backend/setup/setup.go:78
[3.302ms] [rows:-] SELECT constraint_name FROM information_schema.table_constraints tc JOIN information_schema.constraint_column_usage AS ccu USING (constraint_schema, constraint_catalog, table_name, constraint_name) JOIN information_schema.columns AS c ON c.table_schema = tc.constraint_schema AND tc.table_name = c.table_name AND ccu.column_name = c.column_name WHERE constraint_type IN ('PRIMARY KEY', 'UNIQUE') AND c.table_catalog = $1$ AND c.table_schema = CURRENT_SCHEMA() AND c.table_name = $2$ AND constraint_type = $3$

2025/02/13 14:38:59 /home/bryan/repos/skripsi/backend/setup/setup.go:78
[3.111ms] [rows:-] SELECT c.column_name, constraint_name, constraint_type FROM information_schema.table_constraints tc JOIN information_schema.constraint_column_usage AS ccu USING (constraint_schema, constraint_catalog, table_name, constraint_name) JOIN information_schema.columns AS c ON c.table_schema = tc.constraint_schema AND tc.table_name = c.table_name AND ccu.column_name = c.column_name WHERE constraint_type IN ('PRIMARY KEY', 'UNIQUE') AND c.table_catalog = $1$ AND c.table_schema = CURRENT_SCHEMA() AND c.table_name = $2$

2025/02/13 14:38:59 /home/bryan/repos/skripsi/backend/setup/setup.go:78
[1.027ms] [rows:-] SELECT a.attname as column_name, format_type(a.atttypid, a.atttypmod) AS data_type
		FROM pg_attribute a JOIN pg_class b ON a.attrelid = b.oid AND relnamespace = (SELECT oid FROM pg_catalog.pg_namespace WHERE nspname = CURRENT_SCHEMA())
		WHERE a.attnum > 0 -- hide internal columns
		AND NOT a.attisdropped -- hide deleted columns
		AND b.relname = $1$

2025/02/13 14:38:59 /home/bryan/repos/skripsi/backend/setup/setup.go:78
[1.344ms] [rows:0] SELECT description FROM pg_catalog.pg_description WHERE objsubid = (SELECT ordinal_position FROM information_schema.columns WHERE table_schema = CURRENT_SCHEMA() AND table_name = 'reviews' AND column_name = 'id') AND objoid = (SELECT oid FROM pg_catalog.pg_class WHERE relname = 'reviews' AND relnamespace = (SELECT oid FROM pg_catalog.pg_namespace WHERE nspname = CURRENT_SCHEMA()))

2025/02/13 14:38:59 /home/bryan/repos/skripsi/backend/setup/setup.go:78
[1.500ms] [rows:0] SELECT description FROM pg_catalog.pg_description WHERE objsubid = (SELECT ordinal_position FROM information_schema.columns WHERE table_schema = CURRENT_SCHEMA() AND table_name = 'reviews' AND column_name = 'created_at') AND objoid = (SELECT oid FROM pg_catalog.pg_class WHERE relname = 'reviews' AND relnamespace = (SELECT oid FROM pg_catalog.pg_namespace WHERE nspname = CURRENT_SCHEMA()))

2025/02/13 14:38:59 /home/bryan/repos/skripsi/backend/setup/setup.go:78
[1.375ms] [rows:0] SELECT description FROM pg_catalog.pg_description WHERE objsubid = (SELECT ordinal_position FROM information_schema.columns WHERE table_schema = CURRENT_SCHEMA() AND table_name = 'reviews' AND column_name = 'updated_at') AND objoid = (SELECT oid FROM pg_catalog.pg_class WHERE relname = 'reviews' AND relnamespace = (SELECT oid FROM pg_catalog.pg_namespace WHERE nspname = CURRENT_SCHEMA()))

2025/02/13 14:38:59 /home/bryan/repos/skripsi/backend/setup/setup.go:78
[1.416ms] [rows:0] SELECT description FROM pg_catalog.pg_description WHERE objsubid = (SELECT ordinal_position FROM information_schema.columns WHERE table_schema = CURRENT_SCHEMA() AND table_name = 'reviews' AND column_name = 'deleted_at') AND objoid = (SELECT oid FROM pg_catalog.pg_class WHERE relname = 'reviews' AND relnamespace = (SELECT oid FROM pg_catalog.pg_namespace WHERE nspname = CURRENT_SCHEMA()))

2025/02/13 14:38:59 /home/bryan/repos/skripsi/backend/setup/setup.go:78
[1.536ms] [rows:0] SELECT description FROM pg_catalog.pg_description WHERE objsubid = (SELECT ordinal_position FROM information_schema.columns WHERE table_schema = CURRENT_SCHEMA() AND table_name = 'reviews' AND column_name = 'daycare_id') AND objoid = (SELECT oid FROM pg_catalog.pg_class WHERE relname = 'reviews' AND relnamespace = (SELECT oid FROM pg_catalog.pg_namespace WHERE nspname = CURRENT_SCHEMA()))

2025/02/13 14:38:59 /home/bryan/repos/skripsi/backend/setup/setup.go:78
[1.379ms] [rows:0] SELECT description FROM pg_catalog.pg_description WHERE objsubid = (SELECT ordinal_position FROM information_schema.columns WHERE table_schema = CURRENT_SCHEMA() AND table_name = 'reviews' AND column_name = 'user_id') AND objoid = (SELECT oid FROM pg_catalog.pg_class WHERE relname = 'reviews' AND relnamespace = (SELECT oid FROM pg_catalog.pg_namespace WHERE nspname = CURRENT_SCHEMA()))

2025/02/13 14:38:59 /home/bryan/repos/skripsi/backend/setup/setup.go:78
[1.423ms] [rows:0] SELECT description FROM pg_catalog.pg_description WHERE objsubid = (SELECT ordinal_position FROM information_schema.columns WHERE table_schema = CURRENT_SCHEMA() AND table_name = 'reviews' AND column_name = 'name') AND objoid = (SELECT oid FROM pg_catalog.pg_class WHERE relname = 'reviews' AND relnamespace = (SELECT oid FROM pg_catalog.pg_namespace WHERE nspname = CURRENT_SCHEMA()))

2025/02/13 14:38:59 /home/bryan/repos/skripsi/backend/setup/setup.go:78
[1.430ms] [rows:0] SELECT description FROM pg_catalog.pg_description WHERE objsubid = (SELECT ordinal_position FROM information_schema.columns WHERE table_schema = CURRENT_SCHEMA() AND table_name = 'reviews' AND column_name = 'rate') AND objoid = (SELECT oid FROM pg_catalog.pg_class WHERE relname = 'reviews' AND relnamespace = (SELECT oid FROM pg_catalog.pg_namespace WHERE nspname = CURRENT_SCHEMA()))

2025/02/13 14:38:59 /home/bryan/repos/skripsi/backend/setup/setup.go:78
[1.375ms] [rows:0] SELECT description FROM pg_catalog.pg_description WHERE objsubid = (SELECT ordinal_position FROM information_schema.columns WHERE table_schema = CURRENT_SCHEMA() AND table_name = 'reviews' AND column_name = 'description') AND objoid = (SELECT oid FROM pg_catalog.pg_class WHERE relname = 'reviews' AND relnamespace = (SELECT oid FROM pg_catalog.pg_namespace WHERE nspname = CURRENT_SCHEMA()))

2025/02/13 14:38:59 /home/bryan/repos/skripsi/backend/setup/setup.go:78
[1.127ms] [rows:1] SELECT count(*) FROM INFORMATION_SCHEMA.table_constraints WHERE table_schema = CURRENT_SCHEMA() AND table_name = 'reviews' AND constraint_name = 'fk_pet_daycares_reviews'

2025/02/13 14:38:59 /home/bryan/repos/skripsi/backend/setup/setup.go:78
[1.179ms] [rows:1] SELECT count(*) FROM INFORMATION_SCHEMA.table_constraints WHERE table_schema = CURRENT_SCHEMA() AND table_name = 'reviews' AND constraint_name = 'fk_users_reviews'

2025/02/13 14:38:59 /home/bryan/repos/skripsi/backend/setup/setup.go:78
[2.648ms] [rows:1] SELECT count(*) FROM pg_indexes WHERE tablename = 'reviews' AND indexname = 'idx_reviews_deleted_at' AND schemaname = CURRENT_SCHEMA()

2025/02/13 14:38:59 /home/bryan/repos/skripsi/backend/setup/setup.go:78
[1.095ms] [rows:1] SELECT count(*) FROM information_schema.tables WHERE table_schema = CURRENT_SCHEMA() AND table_name = 'refresh_tokens' AND table_type = 'BASE TABLE'

2025/02/13 14:38:59 /home/bryan/repos/skripsi/backend/setup/setup.go:78
[0.813ms] [rows:1] SELECT CURRENT_DATABASE()

2025/02/13 14:38:59 /home/bryan/repos/skripsi/backend/setup/setup.go:78
[3.466ms] [rows:-] SELECT c.column_name, c.is_nullable = 'YES', c.udt_name, c.character_maximum_length, c.numeric_precision, c.numeric_precision_radix, c.numeric_scale, c.datetime_precision, 8 * typlen, c.column_default, pd.description, c.identity_increment FROM information_schema.columns AS c JOIN pg_type AS pgt ON c.udt_name = pgt.typname LEFT JOIN pg_catalog.pg_description as pd ON pd.objsubid = c.ordinal_position AND pd.objoid = (SELECT oid FROM pg_catalog.pg_class WHERE relname = c.table_name AND relnamespace = (SELECT oid FROM pg_catalog.pg_namespace WHERE nspname = c.table_schema)) where table_catalog = $1$ AND table_schema = CURRENT_SCHEMA() AND table_name = $2$

2025/02/13 14:38:59 /home/bryan/repos/skripsi/backend/setup/setup.go:78
[1.711ms] [rows:-] SELECT * FROM "refresh_tokens" LIMIT $1$

2025/02/13 14:38:59 /home/bryan/repos/skripsi/backend/setup/setup.go:78
[2.932ms] [rows:-] SELECT constraint_name FROM information_schema.table_constraints tc JOIN information_schema.constraint_column_usage AS ccu USING (constraint_schema, constraint_catalog, table_name, constraint_name) JOIN information_schema.columns AS c ON c.table_schema = tc.constraint_schema AND tc.table_name = c.table_name AND ccu.column_name = c.column_name WHERE constraint_type IN ('PRIMARY KEY', 'UNIQUE') AND c.table_catalog = $1$ AND c.table_schema = CURRENT_SCHEMA() AND c.table_name = $2$ AND constraint_type = $3$

2025/02/13 14:38:59 /home/bryan/repos/skripsi/backend/setup/setup.go:78
[2.895ms] [rows:-] SELECT c.column_name, constraint_name, constraint_type FROM information_schema.table_constraints tc JOIN information_schema.constraint_column_usage AS ccu USING (constraint_schema, constraint_catalog, table_name, constraint_name) JOIN information_schema.columns AS c ON c.table_schema = tc.constraint_schema AND tc.table_name = c.table_name AND ccu.column_name = c.column_name WHERE constraint_type IN ('PRIMARY KEY', 'UNIQUE') AND c.table_catalog = $1$ AND c.table_schema = CURRENT_SCHEMA() AND c.table_name = $2$

2025/02/13 14:38:59 /home/bryan/repos/skripsi/backend/setup/setup.go:78
[0.927ms] [rows:-] SELECT a.attname as column_name, format_type(a.atttypid, a.atttypmod) AS data_type
		FROM pg_attribute a JOIN pg_class b ON a.attrelid = b.oid AND relnamespace = (SELECT oid FROM pg_catalog.pg_namespace WHERE nspname = CURRENT_SCHEMA())
		WHERE a.attnum > 0 -- hide internal columns
		AND NOT a.attisdropped -- hide deleted columns
		AND b.relname = $1$

2025/02/13 14:38:59 /home/bryan/repos/skripsi/backend/setup/setup.go:78
[1.456ms] [rows:0] SELECT description FROM pg_catalog.pg_description WHERE objsubid = (SELECT ordinal_position FROM information_schema.columns WHERE table_schema = CURRENT_SCHEMA() AND table_name = 'refresh_tokens' AND column_name = 'id') AND objoid = (SELECT oid FROM pg_catalog.pg_class WHERE relname = 'refresh_tokens' AND relnamespace = (SELECT oid FROM pg_catalog.pg_namespace WHERE nspname = CURRENT_SCHEMA()))

2025/02/13 14:38:59 /home/bryan/repos/skripsi/backend/setup/setup.go:78
[1.512ms] [rows:0] SELECT description FROM pg_catalog.pg_description WHERE objsubid = (SELECT ordinal_position FROM information_schema.columns WHERE table_schema = CURRENT_SCHEMA() AND table_name = 'refresh_tokens' AND column_name = 'created_at') AND objoid = (SELECT oid FROM pg_catalog.pg_class WHERE relname = 'refresh_tokens' AND relnamespace = (SELECT oid FROM pg_catalog.pg_namespace WHERE nspname = CURRENT_SCHEMA()))

2025/02/13 14:38:59 /home/bryan/repos/skripsi/backend/setup/setup.go:78
[1.442ms] [rows:0] SELECT description FROM pg_catalog.pg_description WHERE objsubid = (SELECT ordinal_position FROM information_schema.columns WHERE table_schema = CURRENT_SCHEMA() AND table_name = 'refresh_tokens' AND column_name = 'updated_at') AND objoid = (SELECT oid FROM pg_catalog.pg_class WHERE relname = 'refresh_tokens' AND relnamespace = (SELECT oid FROM pg_catalog.pg_namespace WHERE nspname = CURRENT_SCHEMA()))

2025/02/13 14:38:59 /home/bryan/repos/skripsi/backend/setup/setup.go:78
[1.414ms] [rows:0] SELECT description FROM pg_catalog.pg_description WHERE objsubid = (SELECT ordinal_position FROM information_schema.columns WHERE table_schema = CURRENT_SCHEMA() AND table_name = 'refresh_tokens' AND column_name = 'deleted_at') AND objoid = (SELECT oid FROM pg_catalog.pg_class WHERE relname = 'refresh_tokens' AND relnamespace = (SELECT oid FROM pg_catalog.pg_namespace WHERE nspname = CURRENT_SCHEMA()))

2025/02/13 14:38:59 /home/bryan/repos/skripsi/backend/setup/setup.go:78
[1.463ms] [rows:0] SELECT description FROM pg_catalog.pg_description WHERE objsubid = (SELECT ordinal_position FROM information_schema.columns WHERE table_schema = CURRENT_SCHEMA() AND table_name = 'refresh_tokens' AND column_name = 'user_id') AND objoid = (SELECT oid FROM pg_catalog.pg_class WHERE relname = 'refresh_tokens' AND relnamespace = (SELECT oid FROM pg_catalog.pg_namespace WHERE nspname = CURRENT_SCHEMA()))

2025/02/13 14:38:59 /home/bryan/repos/skripsi/backend/setup/setup.go:78
[1.536ms] [rows:0] SELECT description FROM pg_catalog.pg_description WHERE objsubid = (SELECT ordinal_position FROM information_schema.columns WHERE table_schema = CURRENT_SCHEMA() AND table_name = 'refresh_tokens' AND column_name = 'token') AND objoid = (SELECT oid FROM pg_catalog.pg_class WHERE relname = 'refresh_tokens' AND relnamespace = (SELECT oid FROM pg_catalog.pg_namespace WHERE nspname = CURRENT_SCHEMA()))

2025/02/13 14:38:59 /home/bryan/repos/skripsi/backend/setup/setup.go:78
[1.475ms] [rows:0] SELECT description FROM pg_catalog.pg_description WHERE objsubid = (SELECT ordinal_position FROM information_schema.columns WHERE table_schema = CURRENT_SCHEMA() AND table_name = 'refresh_tokens' AND column_name = 'expires_at') AND objoid = (SELECT oid FROM pg_catalog.pg_class WHERE relname = 'refresh_tokens' AND relnamespace = (SELECT oid FROM pg_catalog.pg_namespace WHERE nspname = CURRENT_SCHEMA()))

2025/02/13 14:38:59 /home/bryan/repos/skripsi/backend/setup/setup.go:78
[1.220ms] [rows:1] SELECT count(*) FROM pg_indexes WHERE tablename = 'refresh_tokens' AND indexname = 'idx_refresh_tokens_deleted_at' AND schemaname = CURRENT_SCHEMA()

2025/02/13 14:38:59 /home/bryan/repos/skripsi/backend/setup/setup.go:78
[1.080ms] [rows:1] SELECT count(*) FROM pg_indexes WHERE tablename = 'refresh_tokens' AND indexname = 'idx_refresh_tokens_user_id' AND schemaname = CURRENT_SCHEMA()

2025/02/13 14:38:59 /home/bryan/repos/skripsi/backend/setup/setup.go:78
[1.118ms] [rows:1] SELECT count(*) FROM information_schema.tables WHERE table_schema = CURRENT_SCHEMA() AND table_name = 'transactions' AND table_type = 'BASE TABLE'

2025/02/13 14:38:59 /home/bryan/repos/skripsi/backend/setup/setup.go:78
[0.896ms] [rows:1] SELECT CURRENT_DATABASE()

2025/02/13 14:38:59 /home/bryan/repos/skripsi/backend/setup/setup.go:78
[3.796ms] [rows:-] SELECT c.column_name, c.is_nullable = 'YES', c.udt_name, c.character_maximum_length, c.numeric_precision, c.numeric_precision_radix, c.numeric_scale, c.datetime_precision, 8 * typlen, c.column_default, pd.description, c.identity_increment FROM information_schema.columns AS c JOIN pg_type AS pgt ON c.udt_name = pgt.typname LEFT JOIN pg_catalog.pg_description as pd ON pd.objsubid = c.ordinal_position AND pd.objoid = (SELECT oid FROM pg_catalog.pg_class WHERE relname = c.table_name AND relnamespace = (SELECT oid FROM pg_catalog.pg_namespace WHERE nspname = c.table_schema)) where table_catalog = $1$ AND table_schema = CURRENT_SCHEMA() AND table_name = $2$

2025/02/13 14:38:59 /home/bryan/repos/skripsi/backend/setup/setup.go:78
[1.169ms] [rows:-] SELECT * FROM "transactions" LIMIT $1$

2025/02/13 14:38:59 /home/bryan/repos/skripsi/backend/setup/setup.go:78
[2.991ms] [rows:-] SELECT constraint_name FROM information_schema.table_constraints tc JOIN information_schema.constraint_column_usage AS ccu USING (constraint_schema, constraint_catalog, table_name, constraint_name) JOIN information_schema.columns AS c ON c.table_schema = tc.constraint_schema AND tc.table_name = c.table_name AND ccu.column_name = c.column_name WHERE constraint_type IN ('PRIMARY KEY', 'UNIQUE') AND c.table_catalog = $1$ AND c.table_schema = CURRENT_SCHEMA() AND c.table_name = $2$ AND constraint_type = $3$

2025/02/13 14:38:59 /home/bryan/repos/skripsi/backend/setup/setup.go:78
[2.986ms] [rows:-] SELECT c.column_name, constraint_name, constraint_type FROM information_schema.table_constraints tc JOIN information_schema.constraint_column_usage AS ccu USING (constraint_schema, constraint_catalog, table_name, constraint_name) JOIN information_schema.columns AS c ON c.table_schema = tc.constraint_schema AND tc.table_name = c.table_name AND ccu.column_name = c.column_name WHERE constraint_type IN ('PRIMARY KEY', 'UNIQUE') AND c.table_catalog = $1$ AND c.table_schema = CURRENT_SCHEMA() AND c.table_name = $2$

2025/02/13 14:38:59 /home/bryan/repos/skripsi/backend/setup/setup.go:78
[1.157ms] [rows:-] SELECT a.attname as column_name, format_type(a.atttypid, a.atttypmod) AS data_type
		FROM pg_attribute a JOIN pg_class b ON a.attrelid = b.oid AND relnamespace = (SELECT oid FROM pg_catalog.pg_namespace WHERE nspname = CURRENT_SCHEMA())
		WHERE a.attnum > 0 -- hide internal columns
		AND NOT a.attisdropped -- hide deleted columns
		AND b.relname = $1$

2025/02/13 14:38:59 /home/bryan/repos/skripsi/backend/setup/setup.go:78
[1.728ms] [rows:0] SELECT description FROM pg_catalog.pg_description WHERE objsubid = (SELECT ordinal_position FROM information_schema.columns WHERE table_schema = CURRENT_SCHEMA() AND table_name = 'transactions' AND column_name = 'id') AND objoid = (SELECT oid FROM pg_catalog.pg_class WHERE relname = 'transactions' AND relnamespace = (SELECT oid FROM pg_catalog.pg_namespace WHERE nspname = CURRENT_SCHEMA()))

2025/02/13 14:38:59 /home/bryan/repos/skripsi/backend/setup/setup.go:78
[1.612ms] [rows:0] SELECT description FROM pg_catalog.pg_description WHERE objsubid = (SELECT ordinal_position FROM information_schema.columns WHERE table_schema = CURRENT_SCHEMA() AND table_name = 'transactions' AND column_name = 'created_at') AND objoid = (SELECT oid FROM pg_catalog.pg_class WHERE relname = 'transactions' AND relnamespace = (SELECT oid FROM pg_catalog.pg_namespace WHERE nspname = CURRENT_SCHEMA()))

2025/02/13 14:38:59 /home/bryan/repos/skripsi/backend/setup/setup.go:78
[1.628ms] [rows:0] SELECT description FROM pg_catalog.pg_description WHERE objsubid = (SELECT ordinal_position FROM information_schema.columns WHERE table_schema = CURRENT_SCHEMA() AND table_name = 'transactions' AND column_name = 'pet_daycare_id') AND objoid = (SELECT oid FROM pg_catalog.pg_class WHERE relname = 'transactions' AND relnamespace = (SELECT oid FROM pg_catalog.pg_namespace WHERE nspname = CURRENT_SCHEMA()))

2025/02/13 14:38:59 /home/bryan/repos/skripsi/backend/setup/setup.go:78
[1.706ms] [rows:0] SELECT description FROM pg_catalog.pg_description WHERE objsubid = (SELECT ordinal_position FROM information_schema.columns WHERE table_schema = CURRENT_SCHEMA() AND table_name = 'transactions' AND column_name = 'booked_slot_id') AND objoid = (SELECT oid FROM pg_catalog.pg_class WHERE relname = 'transactions' AND relnamespace = (SELECT oid FROM pg_catalog.pg_namespace WHERE nspname = CURRENT_SCHEMA()))

2025/02/13 14:38:59 /home/bryan/repos/skripsi/backend/setup/setup.go:78
[1.682ms] [rows:0] SELECT description FROM pg_catalog.pg_description WHERE objsubid = (SELECT ordinal_position FROM information_schema.columns WHERE table_schema = CURRENT_SCHEMA() AND table_name = 'transactions' AND column_name = 'status') AND objoid = (SELECT oid FROM pg_catalog.pg_class WHERE relname = 'transactions' AND relnamespace = (SELECT oid FROM pg_catalog.pg_namespace WHERE nspname = CURRENT_SCHEMA()))

2025/02/13 14:38:59 /home/bryan/repos/skripsi/backend/setup/setup.go:78
[1.384ms] [rows:1] SELECT count(*) FROM INFORMATION_SCHEMA.table_constraints WHERE table_schema = CURRENT_SCHEMA() AND table_name = 'transactions' AND constraint_name = 'fk_transactions_pet_daycare'

2025/02/13 14:38:59 /home/bryan/repos/skripsi/backend/setup/setup.go:78
[1.440ms] [rows:1] SELECT count(*) FROM INFORMATION_SCHEMA.table_constraints WHERE table_schema = CURRENT_SCHEMA() AND table_name = 'transactions' AND constraint_name = 'fk_transactions_booked_slot'

2025/02/13 14:38:59 /home/bryan/repos/skripsi/backend/setup/setup.go:78
[1.249ms] [rows:1] SELECT count(*) FROM information_schema.tables WHERE table_schema = CURRENT_SCHEMA() AND table_name = 'reduce_slots' AND table_type = 'BASE TABLE'

2025/02/13 14:38:59 /home/bryan/repos/skripsi/backend/setup/setup.go:78
[0.851ms] [rows:1] SELECT CURRENT_DATABASE()

2025/02/13 14:38:59 /home/bryan/repos/skripsi/backend/setup/setup.go:78
[3.415ms] [rows:-] SELECT c.column_name, c.is_nullable = 'YES', c.udt_name, c.character_maximum_length, c.numeric_precision, c.numeric_precision_radix, c.numeric_scale, c.datetime_precision, 8 * typlen, c.column_default, pd.description, c.identity_increment FROM information_schema.columns AS c JOIN pg_type AS pgt ON c.udt_name = pgt.typname LEFT JOIN pg_catalog.pg_description as pd ON pd.objsubid = c.ordinal_position AND pd.objoid = (SELECT oid FROM pg_catalog.pg_class WHERE relname = c.table_name AND relnamespace = (SELECT oid FROM pg_catalog.pg_namespace WHERE nspname = c.table_schema)) where table_catalog = $1$ AND table_schema = CURRENT_SCHEMA() AND table_name = $2$

2025/02/13 14:38:59 /home/bryan/repos/skripsi/backend/setup/setup.go:78
[1.076ms] [rows:-] SELECT * FROM "reduce_slots" LIMIT $1$

2025/02/13 14:38:59 /home/bryan/repos/skripsi/backend/setup/setup.go:78
[3.030ms] [rows:-] SELECT constraint_name FROM information_schema.table_constraints tc JOIN information_schema.constraint_column_usage AS ccu USING (constraint_schema, constraint_catalog, table_name, constraint_name) JOIN information_schema.columns AS c ON c.table_schema = tc.constraint_schema AND tc.table_name = c.table_name AND ccu.column_name = c.column_name WHERE constraint_type IN ('PRIMARY KEY', 'UNIQUE') AND c.table_catalog = $1$ AND c.table_schema = CURRENT_SCHEMA() AND c.table_name = $2$ AND constraint_type = $3$

2025/02/13 14:38:59 /home/bryan/repos/skripsi/backend/setup/setup.go:78
[3.151ms] [rows:-] SELECT c.column_name, constraint_name, constraint_type FROM information_schema.table_constraints tc JOIN information_schema.constraint_column_usage AS ccu USING (constraint_schema, constraint_catalog, table_name, constraint_name) JOIN information_schema.columns AS c ON c.table_schema = tc.constraint_schema AND tc.table_name = c.table_name AND ccu.column_name = c.column_name WHERE constraint_type IN ('PRIMARY KEY', 'UNIQUE') AND c.table_catalog = $1$ AND c.table_schema = CURRENT_SCHEMA() AND c.table_name = $2$

2025/02/13 14:38:59 /home/bryan/repos/skripsi/backend/setup/setup.go:78
[1.155ms] [rows:-] SELECT a.attname as column_name, format_type(a.atttypid, a.atttypmod) AS data_type
		FROM pg_attribute a JOIN pg_class b ON a.attrelid = b.oid AND relnamespace = (SELECT oid FROM pg_catalog.pg_namespace WHERE nspname = CURRENT_SCHEMA())
		WHERE a.attnum > 0 -- hide internal columns
		AND NOT a.attisdropped -- hide deleted columns
		AND b.relname = $1$

2025/02/13 14:38:59 /home/bryan/repos/skripsi/backend/setup/setup.go:78
[1.830ms] [rows:0] SELECT description FROM pg_catalog.pg_description WHERE objsubid = (SELECT ordinal_position FROM information_schema.columns WHERE table_schema = CURRENT_SCHEMA() AND table_name = 'reduce_slots' AND column_name = 'id') AND objoid = (SELECT oid FROM pg_catalog.pg_class WHERE relname = 'reduce_slots' AND relnamespace = (SELECT oid FROM pg_catalog.pg_namespace WHERE nspname = CURRENT_SCHEMA()))

2025/02/13 14:38:59 /home/bryan/repos/skripsi/backend/setup/setup.go:78
[1.893ms] [rows:0] SELECT description FROM pg_catalog.pg_description WHERE objsubid = (SELECT ordinal_position FROM information_schema.columns WHERE table_schema = CURRENT_SCHEMA() AND table_name = 'reduce_slots' AND column_name = 'slot_id') AND objoid = (SELECT oid FROM pg_catalog.pg_class WHERE relname = 'reduce_slots' AND relnamespace = (SELECT oid FROM pg_catalog.pg_namespace WHERE nspname = CURRENT_SCHEMA()))

2025/02/13 14:38:59 /home/bryan/repos/skripsi/backend/setup/setup.go:78
[1.685ms] [rows:0] SELECT description FROM pg_catalog.pg_description WHERE objsubid = (SELECT ordinal_position FROM information_schema.columns WHERE table_schema = CURRENT_SCHEMA() AND table_name = 'reduce_slots' AND column_name = 'reduced_count') AND objoid = (SELECT oid FROM pg_catalog.pg_class WHERE relname = 'reduce_slots' AND relnamespace = (SELECT oid FROM pg_catalog.pg_namespace WHERE nspname = CURRENT_SCHEMA()))

2025/02/13 14:38:59 /home/bryan/repos/skripsi/backend/setup/setup.go:78
[1.757ms] [rows:0] SELECT description FROM pg_catalog.pg_description WHERE objsubid = (SELECT ordinal_position FROM information_schema.columns WHERE table_schema = CURRENT_SCHEMA() AND table_name = 'reduce_slots' AND column_name = 'target_date') AND objoid = (SELECT oid FROM pg_catalog.pg_class WHERE relname = 'reduce_slots' AND relnamespace = (SELECT oid FROM pg_catalog.pg_namespace WHERE nspname = CURRENT_SCHEMA()))

2025/02/13 14:38:59 /home/bryan/repos/skripsi/backend/setup/setup.go:78
[1.422ms] [rows:1] SELECT count(*) FROM information_schema.tables WHERE table_schema = CURRENT_SCHEMA() AND table_name = 'booked_slots_dailies' AND table_type = 'BASE TABLE'

2025/02/13 14:38:59 /home/bryan/repos/skripsi/backend/setup/setup.go:78
[1.067ms] [rows:1] SELECT CURRENT_DATABASE()

2025/02/13 14:38:59 /home/bryan/repos/skripsi/backend/setup/setup.go:78
[3.878ms] [rows:-] SELECT c.column_name, c.is_nullable = 'YES', c.udt_name, c.character_maximum_length, c.numeric_precision, c.numeric_precision_radix, c.numeric_scale, c.datetime_precision, 8 * typlen, c.column_default, pd.description, c.identity_increment FROM information_schema.columns AS c JOIN pg_type AS pgt ON c.udt_name = pgt.typname LEFT JOIN pg_catalog.pg_description as pd ON pd.objsubid = c.ordinal_position AND pd.objoid = (SELECT oid FROM pg_catalog.pg_class WHERE relname = c.table_name AND relnamespace = (SELECT oid FROM pg_catalog.pg_namespace WHERE nspname = c.table_schema)) where table_catalog = $1$ AND table_schema = CURRENT_SCHEMA() AND table_name = $2$

2025/02/13 14:38:59 /home/bryan/repos/skripsi/backend/setup/setup.go:78
[1.834ms] [rows:-] SELECT * FROM "booked_slots_dailies" LIMIT $1$

2025/02/13 14:38:59 /home/bryan/repos/skripsi/backend/setup/setup.go:78
[2.973ms] [rows:-] SELECT constraint_name FROM information_schema.table_constraints tc JOIN information_schema.constraint_column_usage AS ccu USING (constraint_schema, constraint_catalog, table_name, constraint_name) JOIN information_schema.columns AS c ON c.table_schema = tc.constraint_schema AND tc.table_name = c.table_name AND ccu.column_name = c.column_name WHERE constraint_type IN ('PRIMARY KEY', 'UNIQUE') AND c.table_catalog = $1$ AND c.table_schema = CURRENT_SCHEMA() AND c.table_name = $2$ AND constraint_type = $3$

2025/02/13 14:38:59 /home/bryan/repos/skripsi/backend/setup/setup.go:78
[2.891ms] [rows:-] SELECT c.column_name, constraint_name, constraint_type FROM information_schema.table_constraints tc JOIN information_schema.constraint_column_usage AS ccu USING (constraint_schema, constraint_catalog, table_name, constraint_name) JOIN information_schema.columns AS c ON c.table_schema = tc.constraint_schema AND tc.table_name = c.table_name AND ccu.column_name = c.column_name WHERE constraint_type IN ('PRIMARY KEY', 'UNIQUE') AND c.table_catalog = $1$ AND c.table_schema = CURRENT_SCHEMA() AND c.table_name = $2$

2025/02/13 14:38:59 /home/bryan/repos/skripsi/backend/setup/setup.go:78
[1.186ms] [rows:-] SELECT a.attname as column_name, format_type(a.atttypid, a.atttypmod) AS data_type
		FROM pg_attribute a JOIN pg_class b ON a.attrelid = b.oid AND relnamespace = (SELECT oid FROM pg_catalog.pg_namespace WHERE nspname = CURRENT_SCHEMA())
		WHERE a.attnum > 0 -- hide internal columns
		AND NOT a.attisdropped -- hide deleted columns
		AND b.relname = $1$

2025/02/13 14:38:59 /home/bryan/repos/skripsi/backend/setup/setup.go:78
[1.604ms] [rows:0] SELECT description FROM pg_catalog.pg_description WHERE objsubid = (SELECT ordinal_position FROM information_schema.columns WHERE table_schema = CURRENT_SCHEMA() AND table_name = 'booked_slots_dailies' AND column_name = 'id') AND objoid = (SELECT oid FROM pg_catalog.pg_class WHERE relname = 'booked_slots_dailies' AND relnamespace = (SELECT oid FROM pg_catalog.pg_namespace WHERE nspname = CURRENT_SCHEMA()))

2025/02/13 14:38:59 /home/bryan/repos/skripsi/backend/setup/setup.go:78
[1.650ms] [rows:0] SELECT description FROM pg_catalog.pg_description WHERE objsubid = (SELECT ordinal_position FROM information_schema.columns WHERE table_schema = CURRENT_SCHEMA() AND table_name = 'booked_slots_dailies' AND column_name = 'daycare_id') AND objoid = (SELECT oid FROM pg_catalog.pg_class WHERE relname = 'booked_slots_dailies' AND relnamespace = (SELECT oid FROM pg_catalog.pg_namespace WHERE nspname = CURRENT_SCHEMA()))

2025/02/13 14:38:59 /home/bryan/repos/skripsi/backend/setup/setup.go:78
[1.794ms] [rows:0] SELECT description FROM pg_catalog.pg_description WHERE objsubid = (SELECT ordinal_position FROM information_schema.columns WHERE table_schema = CURRENT_SCHEMA() AND table_name = 'booked_slots_dailies' AND column_name = 'date') AND objoid = (SELECT oid FROM pg_catalog.pg_class WHERE relname = 'booked_slots_dailies' AND relnamespace = (SELECT oid FROM pg_catalog.pg_namespace WHERE nspname = CURRENT_SCHEMA()))

2025/02/13 14:38:59 /home/bryan/repos/skripsi/backend/setup/setup.go:78
[1.817ms] [rows:0] SELECT description FROM pg_catalog.pg_description WHERE objsubid = (SELECT ordinal_position FROM information_schema.columns WHERE table_schema = CURRENT_SCHEMA() AND table_name = 'booked_slots_dailies' AND column_name = 'slot_count') AND objoid = (SELECT oid FROM pg_catalog.pg_class WHERE relname = 'booked_slots_dailies' AND relnamespace = (SELECT oid FROM pg_catalog.pg_namespace WHERE nspname = CURRENT_SCHEMA()))

2025/02/13 14:38:59 /home/bryan/repos/skripsi/backend/setup/setup.go:78
[1.190ms] [rows:1] SELECT count(*) FROM pg_indexes WHERE tablename = 'booked_slots_dailies' AND indexname = 'idx_booked_slots_dailies_date' AND schemaname = CURRENT_SCHEMA()
[GIN-debug] [WARNING] Creating an Engine instance with the Logger and Recovery middleware already attached.

[GIN-debug] [WARNING] Running in "debug" mode. Switch to "release" mode in production.
 - using env:	export GIN_MODE=release
 - using code:	gin.SetMode(gin.ReleaseMode)

[GIN-debug] GET    /assets/*filepath         --> github.com/gin-gonic/gin.(*RouterGroup).createStaticHandler.func1 (3 handlers)
[GIN-debug] HEAD   /assets/*filepath         --> github.com/gin-gonic/gin.(*RouterGroup).createStaticHandler.func1 (3 handlers)
[GIN-debug] POST   /users                    --> github.com/BryanEgbert/skripsi/controller.(*UserController).CreateUser-fm (3 handlers)
[GIN-debug] GET    /users/vets               --> github.com/BryanEgbert/skripsi/controller.(*UserController).GetVets-fm (4 handlers)
[GIN-debug] GET    /users/:id                --> github.com/BryanEgbert/skripsi/controller.(*UserController).GetUser-fm (4 handlers)
[GIN-debug] DELETE /users                    --> github.com/BryanEgbert/skripsi/controller.(*UserController).DeleteUser-fm (4 handlers)
[GIN-debug] PUT    /users                    --> github.com/BryanEgbert/skripsi/controller.(*UserController).UpdateUserProfile-fm (4 handlers)
[GIN-debug] PATCH  /users/password           --> github.com/BryanEgbert/skripsi/controller.(*UserController).UpdateUserPassword-fm (4 handlers)
[GIN-debug] POST   /login                    --> github.com/BryanEgbert/skripsi/controller.(*AuthController).Login-fm (3 handlers)
[GIN-debug] POST   /refresh                  --> github.com/BryanEgbert/skripsi/controller.(*AuthController).RefreshToken-fm (4 handlers)
[GIN-debug] GET    /pets/:id                 --> github.com/BryanEgbert/skripsi/controller.(*PetController).GetPet-fm (4 handlers)
[GIN-debug] GET    /pets                     --> github.com/BryanEgbert/skripsi/controller.(*PetController).GetPets-fm (4 handlers)
[GIN-debug] POST   /pets                     --> github.com/BryanEgbert/skripsi/controller.(*PetController).CreatePet-fm (4 handlers)
[GIN-debug] PUT    /pets/:id                 --> github.com/BryanEgbert/skripsi/controller.(*PetController).UpdatePet-fm (4 handlers)
[GIN-debug] DELETE /pets/:id                 --> github.com/BryanEgbert/skripsi/controller.(*PetController).DeletePet-fm (4 handlers)
[GIN-debug] PATCH  /daycare/slot/:slotId     --> github.com/BryanEgbert/skripsi/controller.(*PetDaycareController).EditSlotCount-fm (4 handlers)
[GIN-debug] GET    /daycare/:id/slot         --> github.com/BryanEgbert/skripsi/controller.(*PetDaycareController).GetPetDaycareSlots-fm (4 handlers)
[GIN-debug] POST   /daycare/:id/slot         --> github.com/BryanEgbert/skripsi/controller.(*PetDaycareController).CreateSlot-fm (4 handlers)
[GIN-debug] GET    /daycare/:id/review       --> github.com/BryanEgbert/skripsi/controller.(*PetDaycareController).GetReviews-fm (4 handlers)
[GIN-debug] POST   /daycare/:id/review       --> github.com/BryanEgbert/skripsi/controller.(*PetDaycareController).CreateReview-fm (4 handlers)
[GIN-debug] DELETE /daycare/:id/review       --> github.com/BryanEgbert/skripsi/controller.(*PetDaycareController).DeleteReview-fm (4 handlers)
[GIN-debug] GET    /daycare/:id              --> github.com/BryanEgbert/skripsi/controller.(*PetDaycareController).GetPetDaycare-fm (4 handlers)
[GIN-debug] GET    /daycare                  --> github.com/BryanEgbert/skripsi/controller.(*PetDaycareController).GetPetDaycares-fm (4 handlers)
[GIN-debug] POST   /daycare                  --> github.com/BryanEgbert/skripsi/controller.(*PetDaycareController).CreatePetDaycare-fm (4 handlers)
[GIN-debug] PUT    /daycare/:id              --> github.com/BryanEgbert/skripsi/controller.(*PetDaycareController).UpdatePetDaycare-fm (4 handlers)
[GIN-debug] DELETE /daycare/:id              --> github.com/BryanEgbert/skripsi/controller.(*PetDaycareController).DeletePetDaycare-fm (4 handlers)

2025/02/13 14:38:59 /home/bryan/repos/skripsi/backend/service/pet_service.go:35
[3.470ms] [rows:0] SELECT * FROM "pets" WHERE "pets"."id" = $1$ AND "pets"."deleted_at" IS NULL ORDER BY "pets"."id" LIMIT $2$
[GIN] 2025/02/13 - 14:38:59 | 404 |    3.646278ms |                 | GET      "/pets/3"
--- PASS: TestGetPet (3.09s)
    --- PASS: TestGetPet/On_get_pet,_should_return_petDTO_when_pet_ID_exists_in_DB (1.60s)
    --- PASS: TestGetPet/On_get_pet,_should_return_error_when_pet_ID_doesn't_exists_in_DB (1.50s)
=== RUN   TestGetPets
=== RUN   TestGetPets/On_get_pet,_should_return_petDTO_when_pet_ID_exists_in_DB

2025/02/13 14:38:59 /home/bryan/repos/skripsi/backend/setup/setup.go:60
[319.910ms] [rows:0] TRUNCATE TABLE users, vet_specialties, user_vet_specialties, pet_daycares, pets, size_categories, roles, slots, booked_slots, thumbnails, species, reviews, refresh_tokens, transactions, daily_walks, daily_playtimes, reduce_slots RESTART IDENTITY CASCADE;

2025/02/13 14:38:59 /home/bryan/repos/skripsi/backend/seeder/seeder.go:18
[16.550ms] [rows:3] INSERT INTO "roles" ("name","id") VALUES ($1$,$2$),($3$,$4$),($5$,$6$) RETURNING "id"

2025/02/13 14:38:59 /home/bryan/repos/skripsi/backend/seeder/seeder.go:29
[11.715ms] [rows:4] INSERT INTO "daily_walks" ("name","id") VALUES ($1$,$2$),($3$,$4$),($5$,$6$),($7$,$8$) RETURNING "id"

2025/02/13 14:38:59 /home/bryan/repos/skripsi/backend/seeder/seeder.go:39
[11.645ms] [rows:4] INSERT INTO "daily_playtimes" ("name","id") VALUES ($1$,$2$),($3$,$4$),($5$,$6$),($7$,$8$) RETURNING "id"

2025/02/13 14:39:00 /home/bryan/repos/skripsi/backend/seeder/seeder.go:61
[21.293ms] [rows:17] INSERT INTO "vet_specialties" ("name") VALUES ($1$),($2$),($3$),($4$),($5$),($6$),($7$),($8$),($9$),($10$),($11$),($12$),($13$),($14$),($15$),($16$),($17$) RETURNING "id"

2025/02/13 14:39:00 /home/bryan/repos/skripsi/backend/seeder/seeder.go:71
[12.853ms] [rows:3] INSERT INTO "species" ("name") VALUES ($1$),($2$),($3$) RETURNING "id"

2025/02/13 14:39:00 /home/bryan/repos/skripsi/backend/seeder/seeder.go:83
[12.936ms] [rows:5] INSERT INTO "size_categories" ("name","min_weight","max_weight") VALUES ($1$,$2$,$3$),($4$,$5$,$6$),($7$,$8$,$9$),($10$,$11$,$12$),($13$,$14$,$15$) RETURNING "id"

2025/02/13 14:39:00 /home/bryan/repos/skripsi/backend/seeder/seeder.go:106
[2.102ms] [rows:0] INSERT INTO "vet_specialties" ("name","id") VALUES ($1$,$2$),($3$,$4$),($5$,$6$) ON CONFLICT DO NOTHING RETURNING "id"

2025/02/13 14:39:00 /home/bryan/repos/skripsi/backend/seeder/seeder.go:106
[3.573ms] [rows:3] INSERT INTO "user_vet_specialties" ("user_id","vet_specialty_id") VALUES ($1$,$2$),($3$,$4$),($5$,$6$) ON CONFLICT DO NOTHING

2025/02/13 14:39:00 /home/bryan/repos/skripsi/backend/seeder/seeder.go:106
[14.046ms] [rows:6] INSERT INTO "users" ("created_at","updated_at","deleted_at","name","email","password","role_id","image_url") VALUES ($1$,$2$,$3$,$4$,$5$,$6$,$7$,$8$),($9$,$10$,$11$,$12$,$13$,$14$,$15$,$16$),($17$,$18$,$19$,$20$,$21$,$22$,$23$,$24$),($25$,$26$,$27$,$28$,$29$,$30$,$31$,$32$),($33$,$34$,$35$,$36$,$37$,$38$,$39$,DEFAULT),($40$,$41$,$42$,$43$,$44$,$45$,$46$,$47$) RETURNING "id","image_url"

2025/02/13 14:39:00 /home/bryan/repos/skripsi/backend/seeder/seeder.go:148
[1.726ms] [rows:0] INSERT INTO "daily_walks" ("name","id") VALUES ($1$,$2$) ON CONFLICT DO NOTHING RETURNING "id"

2025/02/13 14:39:00 /home/bryan/repos/skripsi/backend/seeder/seeder.go:148
[1.664ms] [rows:0] INSERT INTO "daily_playtimes" ("name","id") VALUES ($1$,$2$),($3$,$4$) ON CONFLICT DO NOTHING RETURNING "id"

2025/02/13 14:39:00 /home/bryan/repos/skripsi/backend/seeder/seeder.go:148
[10.807ms] [rows:3] INSERT INTO "pet_daycares" ("created_at","updated_at","deleted_at","name","address","latitude","longitude","price","pricing_type","description","has_pickup_service","must_be_vaccinated","food_provided","grooming_available","booked_num","daily_walks_id","daily_playtime_id","owner_id","food_brand") VALUES ($1$,$2$,$3$,$4$,$5$,$6$,$7$,$8$,$9$,$10$,$11$,$12$,$13$,$14$,$15$,$16$,$17$,$18$,$19$),($20$,$21$,$22$,$23$,$24$,$25$,$26$,$27$,$28$,$29$,$30$,$31$,$32$,$33$,$34$,$35$,$36$,$37$,$38$),($39$,$40$,$41$,$42$,$43$,$44$,$45$,$46$,$47$,$48$,$49$,$50$,$51$,$52$,$53$,$54$,$55$,$56$,$57$) RETURNING "id"

2025/02/13 14:39:00 /home/bryan/repos/skripsi/backend/seeder/seeder.go:158
[5.603ms] [rows:3] INSERT INTO "slots" ("created_at","updated_at","deleted_at","daycare_id","species_id","size_category_id","max_number") VALUES ($1$,$2$,$3$,$4$,$5$,$6$,$7$),($8$,$9$,$10$,$11$,$12$,$13$,$14$),($15$,$16$,$17$,$18$,$19$,$20$,$21$) RETURNING "id"

2025/02/13 14:39:00 /home/bryan/repos/skripsi/backend/seeder/seeder.go:172
[6.159ms] [rows:2] INSERT INTO "pets" ("created_at","updated_at","deleted_at","name","image_url","status","owner_id","species_id","size_id") VALUES ($1$,$2$,$3$,$4$,$5$,$6$,$7$,$8$,$9$),($10$,$11$,$12$,$13$,$14$,$15$,$16$,$17$,$18$) RETURNING "id"

2025/02/13 14:39:00 /home/bryan/repos/skripsi/backend/seeder/seeder.go:189
[5.994ms] [rows:2] INSERT INTO "booked_slots" ("created_at","updated_at","deleted_at","user_id","daycare_id","pet_id","start_date","end_date") VALUES ($1$,$2$,$3$,$4$,$5$,$6$,$7$,$8$),($9$,$10$,$11$,$12$,$13$,$14$,$15$,$16$) RETURNING "id"

2025/02/13 14:39:00 /home/bryan/repos/skripsi/backend/seeder/seeder.go:205
[6.399ms] [rows:3] INSERT INTO "reviews" ("created_at","updated_at","deleted_at","daycare_id","user_id","name","rate","description") VALUES ($1$,$2$,$3$,$4$,$5$,$6$,$7$,$8$),($9$,$10$,$11$,$12$,$13$,$14$,$15$,$16$),($17$,$18$,$19$,$20$,$21$,$22$,$23$,$24$) RETURNING "id"

2025/02/13 14:39:00 /home/bryan/repos/skripsi/backend/seeder/seeder.go:213
[4.982ms] [rows:1] INSERT INTO "reduce_slots" ("slot_id","reduced_count","target_date") VALUES ($1$,$2$,$3$) RETURNING "id"

2025/02/13 14:39:00 /home/bryan/repos/skripsi/backend/seeder/seeder.go:222
[5.329ms] [rows:2] INSERT INTO "thumbnails" ("daycare_id","image_url") VALUES ($1$,$2$),($3$,$4$) RETURNING "id"

2025/02/13 14:39:00 /home/bryan/repos/skripsi/backend/seeder/seeder.go:230
[6.271ms] [rows:1] INSERT INTO "transactions" ("pet_daycare_id","booked_slot_id","status") VALUES ($1$,$2$,$3$) RETURNING "created_at","id"

2025/02/13 14:39:00 /home/bryan/repos/skripsi/backend/setup/setup.go:78
[17.183ms] [rows:1] SELECT count(*) FROM information_schema.tables WHERE table_schema = CURRENT_SCHEMA() AND table_name = 'roles' AND table_type = 'BASE TABLE'

2025/02/13 14:39:00 /home/bryan/repos/skripsi/backend/setup/setup.go:78
[2.235ms] [rows:1] SELECT CURRENT_DATABASE()

2025/02/13 14:39:00 /home/bryan/repos/skripsi/backend/setup/setup.go:78
[50.962ms] [rows:-] SELECT c.column_name, c.is_nullable = 'YES', c.udt_name, c.character_maximum_length, c.numeric_precision, c.numeric_precision_radix, c.numeric_scale, c.datetime_precision, 8 * typlen, c.column_default, pd.description, c.identity_increment FROM information_schema.columns AS c JOIN pg_type AS pgt ON c.udt_name = pgt.typname LEFT JOIN pg_catalog.pg_description as pd ON pd.objsubid = c.ordinal_position AND pd.objoid = (SELECT oid FROM pg_catalog.pg_class WHERE relname = c.table_name AND relnamespace = (SELECT oid FROM pg_catalog.pg_namespace WHERE nspname = c.table_schema)) where table_catalog = $1$ AND table_schema = CURRENT_SCHEMA() AND table_name = $2$

2025/02/13 14:39:00 /home/bryan/repos/skripsi/backend/setup/setup.go:78
[0.930ms] [rows:-] SELECT * FROM "roles" LIMIT $1$

2025/02/13 14:39:00 /home/bryan/repos/skripsi/backend/setup/setup.go:78
[24.128ms] [rows:-] SELECT constraint_name FROM information_schema.table_constraints tc JOIN information_schema.constraint_column_usage AS ccu USING (constraint_schema, constraint_catalog, table_name, constraint_name) JOIN information_schema.columns AS c ON c.table_schema = tc.constraint_schema AND tc.table_name = c.table_name AND ccu.column_name = c.column_name WHERE constraint_type IN ('PRIMARY KEY', 'UNIQUE') AND c.table_catalog = $1$ AND c.table_schema = CURRENT_SCHEMA() AND c.table_name = $2$ AND constraint_type = $3$

2025/02/13 14:39:00 /home/bryan/repos/skripsi/backend/setup/setup.go:78
[20.700ms] [rows:-] SELECT c.column_name, constraint_name, constraint_type FROM information_schema.table_constraints tc JOIN information_schema.constraint_column_usage AS ccu USING (constraint_schema, constraint_catalog, table_name, constraint_name) JOIN information_schema.columns AS c ON c.table_schema = tc.constraint_schema AND tc.table_name = c.table_name AND ccu.column_name = c.column_name WHERE constraint_type IN ('PRIMARY KEY', 'UNIQUE') AND c.table_catalog = $1$ AND c.table_schema = CURRENT_SCHEMA() AND c.table_name = $2$

2025/02/13 14:39:00 /home/bryan/repos/skripsi/backend/setup/setup.go:78
[2.807ms] [rows:-] SELECT a.attname as column_name, format_type(a.atttypid, a.atttypmod) AS data_type
		FROM pg_attribute a JOIN pg_class b ON a.attrelid = b.oid AND relnamespace = (SELECT oid FROM pg_catalog.pg_namespace WHERE nspname = CURRENT_SCHEMA())
		WHERE a.attnum > 0 -- hide internal columns
		AND NOT a.attisdropped -- hide deleted columns
		AND b.relname = $1$

2025/02/13 14:39:00 /home/bryan/repos/skripsi/backend/setup/setup.go:78
[7.409ms] [rows:0] SELECT description FROM pg_catalog.pg_description WHERE objsubid = (SELECT ordinal_position FROM information_schema.columns WHERE table_schema = CURRENT_SCHEMA() AND table_name = 'roles' AND column_name = 'id') AND objoid = (SELECT oid FROM pg_catalog.pg_class WHERE relname = 'roles' AND relnamespace = (SELECT oid FROM pg_catalog.pg_namespace WHERE nspname = CURRENT_SCHEMA()))

2025/02/13 14:39:00 /home/bryan/repos/skripsi/backend/setup/setup.go:78
[5.613ms] [rows:0] SELECT description FROM pg_catalog.pg_description WHERE objsubid = (SELECT ordinal_position FROM information_schema.columns WHERE table_schema = CURRENT_SCHEMA() AND table_name = 'roles' AND column_name = 'name') AND objoid = (SELECT oid FROM pg_catalog.pg_class WHERE relname = 'roles' AND relnamespace = (SELECT oid FROM pg_catalog.pg_namespace WHERE nspname = CURRENT_SCHEMA()))

2025/02/13 14:39:00 /home/bryan/repos/skripsi/backend/setup/setup.go:78
[1.969ms] [rows:1] SELECT count(*) FROM information_schema.tables WHERE table_schema = CURRENT_SCHEMA() AND table_name = 'users' AND table_type = 'BASE TABLE'

2025/02/13 14:39:00 /home/bryan/repos/skripsi/backend/setup/setup.go:78
[0.753ms] [rows:1] SELECT CURRENT_DATABASE()

2025/02/13 14:39:00 /home/bryan/repos/skripsi/backend/setup/setup.go:78
[11.494ms] [rows:-] SELECT c.column_name, c.is_nullable = 'YES', c.udt_name, c.character_maximum_length, c.numeric_precision, c.numeric_precision_radix, c.numeric_scale, c.datetime_precision, 8 * typlen, c.column_default, pd.description, c.identity_increment FROM information_schema.columns AS c JOIN pg_type AS pgt ON c.udt_name = pgt.typname LEFT JOIN pg_catalog.pg_description as pd ON pd.objsubid = c.ordinal_position AND pd.objoid = (SELECT oid FROM pg_catalog.pg_class WHERE relname = c.table_name AND relnamespace = (SELECT oid FROM pg_catalog.pg_namespace WHERE nspname = c.table_schema)) where table_catalog = $1$ AND table_schema = CURRENT_SCHEMA() AND table_name = $2$

2025/02/13 14:39:00 /home/bryan/repos/skripsi/backend/setup/setup.go:78
[0.883ms] [rows:-] SELECT * FROM "users" LIMIT $1$

2025/02/13 14:39:00 /home/bryan/repos/skripsi/backend/setup/setup.go:78
[18.590ms] [rows:-] SELECT constraint_name FROM information_schema.table_constraints tc JOIN information_schema.constraint_column_usage AS ccu USING (constraint_schema, constraint_catalog, table_name, constraint_name) JOIN information_schema.columns AS c ON c.table_schema = tc.constraint_schema AND tc.table_name = c.table_name AND ccu.column_name = c.column_name WHERE constraint_type IN ('PRIMARY KEY', 'UNIQUE') AND c.table_catalog = $1$ AND c.table_schema = CURRENT_SCHEMA() AND c.table_name = $2$ AND constraint_type = $3$

2025/02/13 14:39:00 /home/bryan/repos/skripsi/backend/setup/setup.go:78
[17.492ms] [rows:-] SELECT c.column_name, constraint_name, constraint_type FROM information_schema.table_constraints tc JOIN information_schema.constraint_column_usage AS ccu USING (constraint_schema, constraint_catalog, table_name, constraint_name) JOIN information_schema.columns AS c ON c.table_schema = tc.constraint_schema AND tc.table_name = c.table_name AND ccu.column_name = c.column_name WHERE constraint_type IN ('PRIMARY KEY', 'UNIQUE') AND c.table_catalog = $1$ AND c.table_schema = CURRENT_SCHEMA() AND c.table_name = $2$

2025/02/13 14:39:00 /home/bryan/repos/skripsi/backend/setup/setup.go:78
[1.669ms] [rows:-] SELECT a.attname as column_name, format_type(a.atttypid, a.atttypmod) AS data_type
		FROM pg_attribute a JOIN pg_class b ON a.attrelid = b.oid AND relnamespace = (SELECT oid FROM pg_catalog.pg_namespace WHERE nspname = CURRENT_SCHEMA())
		WHERE a.attnum > 0 -- hide internal columns
		AND NOT a.attisdropped -- hide deleted columns
		AND b.relname = $1$

2025/02/13 14:39:00 /home/bryan/repos/skripsi/backend/setup/setup.go:78
[5.505ms] [rows:0] SELECT description FROM pg_catalog.pg_description WHERE objsubid = (SELECT ordinal_position FROM information_schema.columns WHERE table_schema = CURRENT_SCHEMA() AND table_name = 'users' AND column_name = 'id') AND objoid = (SELECT oid FROM pg_catalog.pg_class WHERE relname = 'users' AND relnamespace = (SELECT oid FROM pg_catalog.pg_namespace WHERE nspname = CURRENT_SCHEMA()))

2025/02/13 14:39:00 /home/bryan/repos/skripsi/backend/setup/setup.go:78
[6.574ms] [rows:0] SELECT description FROM pg_catalog.pg_description WHERE objsubid = (SELECT ordinal_position FROM information_schema.columns WHERE table_schema = CURRENT_SCHEMA() AND table_name = 'users' AND column_name = 'created_at') AND objoid = (SELECT oid FROM pg_catalog.pg_class WHERE relname = 'users' AND relnamespace = (SELECT oid FROM pg_catalog.pg_namespace WHERE nspname = CURRENT_SCHEMA()))

2025/02/13 14:39:00 /home/bryan/repos/skripsi/backend/setup/setup.go:78
[5.599ms] [rows:0] SELECT description FROM pg_catalog.pg_description WHERE objsubid = (SELECT ordinal_position FROM information_schema.columns WHERE table_schema = CURRENT_SCHEMA() AND table_name = 'users' AND column_name = 'updated_at') AND objoid = (SELECT oid FROM pg_catalog.pg_class WHERE relname = 'users' AND relnamespace = (SELECT oid FROM pg_catalog.pg_namespace WHERE nspname = CURRENT_SCHEMA()))

2025/02/13 14:39:00 /home/bryan/repos/skripsi/backend/setup/setup.go:78
[5.461ms] [rows:0] SELECT description FROM pg_catalog.pg_description WHERE objsubid = (SELECT ordinal_position FROM information_schema.columns WHERE table_schema = CURRENT_SCHEMA() AND table_name = 'users' AND column_name = 'deleted_at') AND objoid = (SELECT oid FROM pg_catalog.pg_class WHERE relname = 'users' AND relnamespace = (SELECT oid FROM pg_catalog.pg_namespace WHERE nspname = CURRENT_SCHEMA()))

2025/02/13 14:39:00 /home/bryan/repos/skripsi/backend/setup/setup.go:78
[1.463ms] [rows:0] SELECT description FROM pg_catalog.pg_description WHERE objsubid = (SELECT ordinal_position FROM information_schema.columns WHERE table_schema = CURRENT_SCHEMA() AND table_name = 'users' AND column_name = 'name') AND objoid = (SELECT oid FROM pg_catalog.pg_class WHERE relname = 'users' AND relnamespace = (SELECT oid FROM pg_catalog.pg_namespace WHERE nspname = CURRENT_SCHEMA()))

2025/02/13 14:39:00 /home/bryan/repos/skripsi/backend/setup/setup.go:78
[1.317ms] [rows:0] SELECT description FROM pg_catalog.pg_description WHERE objsubid = (SELECT ordinal_position FROM information_schema.columns WHERE table_schema = CURRENT_SCHEMA() AND table_name = 'users' AND column_name = 'email') AND objoid = (SELECT oid FROM pg_catalog.pg_class WHERE relname = 'users' AND relnamespace = (SELECT oid FROM pg_catalog.pg_namespace WHERE nspname = CURRENT_SCHEMA()))

2025/02/13 14:39:00 /home/bryan/repos/skripsi/backend/setup/setup.go:78
[1.366ms] [rows:0] SELECT description FROM pg_catalog.pg_description WHERE objsubid = (SELECT ordinal_position FROM information_schema.columns WHERE table_schema = CURRENT_SCHEMA() AND table_name = 'users' AND column_name = 'password') AND objoid = (SELECT oid FROM pg_catalog.pg_class WHERE relname = 'users' AND relnamespace = (SELECT oid FROM pg_catalog.pg_namespace WHERE nspname = CURRENT_SCHEMA()))

2025/02/13 14:39:00 /home/bryan/repos/skripsi/backend/setup/setup.go:78
[1.465ms] [rows:0] SELECT description FROM pg_catalog.pg_description WHERE objsubid = (SELECT ordinal_position FROM information_schema.columns WHERE table_schema = CURRENT_SCHEMA() AND table_name = 'users' AND column_name = 'image_url') AND objoid = (SELECT oid FROM pg_catalog.pg_class WHERE relname = 'users' AND relnamespace = (SELECT oid FROM pg_catalog.pg_namespace WHERE nspname = CURRENT_SCHEMA()))

2025/02/13 14:39:00 /home/bryan/repos/skripsi/backend/setup/setup.go:78
[1.666ms] [rows:0] SELECT description FROM pg_catalog.pg_description WHERE objsubid = (SELECT ordinal_position FROM information_schema.columns WHERE table_schema = CURRENT_SCHEMA() AND table_name = 'users' AND column_name = 'role_id') AND objoid = (SELECT oid FROM pg_catalog.pg_class WHERE relname = 'users' AND relnamespace = (SELECT oid FROM pg_catalog.pg_namespace WHERE nspname = CURRENT_SCHEMA()))

2025/02/13 14:39:00 /home/bryan/repos/skripsi/backend/setup/setup.go:78
[4.857ms] [rows:1] SELECT count(*) FROM INFORMATION_SCHEMA.table_constraints WHERE table_schema = CURRENT_SCHEMA() AND table_name = 'users' AND constraint_name = 'fk_roles_users'

2025/02/13 14:39:00 /home/bryan/repos/skripsi/backend/setup/setup.go:78
[6.400ms] [rows:1] SELECT count(*) FROM pg_indexes WHERE tablename = 'users' AND indexname = 'idx_users_deleted_at' AND schemaname = CURRENT_SCHEMA()

2025/02/13 14:39:00 /home/bryan/repos/skripsi/backend/setup/setup.go:78
[2.229ms] [rows:1] SELECT count(*) FROM information_schema.tables WHERE table_schema = CURRENT_SCHEMA() AND table_name = 'vet_specialties' AND table_type = 'BASE TABLE'

2025/02/13 14:39:00 /home/bryan/repos/skripsi/backend/setup/setup.go:78
[0.907ms] [rows:1] SELECT CURRENT_DATABASE()

2025/02/13 14:39:00 /home/bryan/repos/skripsi/backend/setup/setup.go:78
[11.916ms] [rows:-] SELECT c.column_name, c.is_nullable = 'YES', c.udt_name, c.character_maximum_length, c.numeric_precision, c.numeric_precision_radix, c.numeric_scale, c.datetime_precision, 8 * typlen, c.column_default, pd.description, c.identity_increment FROM information_schema.columns AS c JOIN pg_type AS pgt ON c.udt_name = pgt.typname LEFT JOIN pg_catalog.pg_description as pd ON pd.objsubid = c.ordinal_position AND pd.objoid = (SELECT oid FROM pg_catalog.pg_class WHERE relname = c.table_name AND relnamespace = (SELECT oid FROM pg_catalog.pg_namespace WHERE nspname = c.table_schema)) where table_catalog = $1$ AND table_schema = CURRENT_SCHEMA() AND table_name = $2$

2025/02/13 14:39:00 /home/bryan/repos/skripsi/backend/setup/setup.go:78
[1.150ms] [rows:-] SELECT * FROM "vet_specialties" LIMIT $1$

2025/02/13 14:39:00 /home/bryan/repos/skripsi/backend/setup/setup.go:78
[16.355ms] [rows:-] SELECT constraint_name FROM information_schema.table_constraints tc JOIN information_schema.constraint_column_usage AS ccu USING (constraint_schema, constraint_catalog, table_name, constraint_name) JOIN information_schema.columns AS c ON c.table_schema = tc.constraint_schema AND tc.table_name = c.table_name AND ccu.column_name = c.column_name WHERE constraint_type IN ('PRIMARY KEY', 'UNIQUE') AND c.table_catalog = $1$ AND c.table_schema = CURRENT_SCHEMA() AND c.table_name = $2$ AND constraint_type = $3$

2025/02/13 14:39:00 /home/bryan/repos/skripsi/backend/setup/setup.go:78
[15.431ms] [rows:-] SELECT c.column_name, constraint_name, constraint_type FROM information_schema.table_constraints tc JOIN information_schema.constraint_column_usage AS ccu USING (constraint_schema, constraint_catalog, table_name, constraint_name) JOIN information_schema.columns AS c ON c.table_schema = tc.constraint_schema AND tc.table_name = c.table_name AND ccu.column_name = c.column_name WHERE constraint_type IN ('PRIMARY KEY', 'UNIQUE') AND c.table_catalog = $1$ AND c.table_schema = CURRENT_SCHEMA() AND c.table_name = $2$

2025/02/13 14:39:00 /home/bryan/repos/skripsi/backend/setup/setup.go:78
[1.458ms] [rows:-] SELECT a.attname as column_name, format_type(a.atttypid, a.atttypmod) AS data_type
		FROM pg_attribute a JOIN pg_class b ON a.attrelid = b.oid AND relnamespace = (SELECT oid FROM pg_catalog.pg_namespace WHERE nspname = CURRENT_SCHEMA())
		WHERE a.attnum > 0 -- hide internal columns
		AND NOT a.attisdropped -- hide deleted columns
		AND b.relname = $1$

2025/02/13 14:39:00 /home/bryan/repos/skripsi/backend/setup/setup.go:78
[1.308ms] [rows:0] SELECT description FROM pg_catalog.pg_description WHERE objsubid = (SELECT ordinal_position FROM information_schema.columns WHERE table_schema = CURRENT_SCHEMA() AND table_name = 'vet_specialties' AND column_name = 'id') AND objoid = (SELECT oid FROM pg_catalog.pg_class WHERE relname = 'vet_specialties' AND relnamespace = (SELECT oid FROM pg_catalog.pg_namespace WHERE nspname = CURRENT_SCHEMA()))

2025/02/13 14:39:00 /home/bryan/repos/skripsi/backend/setup/setup.go:78
[1.209ms] [rows:0] SELECT description FROM pg_catalog.pg_description WHERE objsubid = (SELECT ordinal_position FROM information_schema.columns WHERE table_schema = CURRENT_SCHEMA() AND table_name = 'vet_specialties' AND column_name = 'name') AND objoid = (SELECT oid FROM pg_catalog.pg_class WHERE relname = 'vet_specialties' AND relnamespace = (SELECT oid FROM pg_catalog.pg_namespace WHERE nspname = CURRENT_SCHEMA()))

2025/02/13 14:39:00 /home/bryan/repos/skripsi/backend/setup/setup.go:78
[2.066ms] [rows:1] SELECT count(*) FROM information_schema.tables WHERE table_schema = CURRENT_SCHEMA() AND table_name = 'user_vet_specialties' AND table_type = 'BASE TABLE'

2025/02/13 14:39:00 /home/bryan/repos/skripsi/backend/setup/setup.go:78
[0.612ms] [rows:1] SELECT CURRENT_DATABASE()

2025/02/13 14:39:00 /home/bryan/repos/skripsi/backend/setup/setup.go:78
[10.554ms] [rows:-] SELECT c.column_name, c.is_nullable = 'YES', c.udt_name, c.character_maximum_length, c.numeric_precision, c.numeric_precision_radix, c.numeric_scale, c.datetime_precision, 8 * typlen, c.column_default, pd.description, c.identity_increment FROM information_schema.columns AS c JOIN pg_type AS pgt ON c.udt_name = pgt.typname LEFT JOIN pg_catalog.pg_description as pd ON pd.objsubid = c.ordinal_position AND pd.objoid = (SELECT oid FROM pg_catalog.pg_class WHERE relname = c.table_name AND relnamespace = (SELECT oid FROM pg_catalog.pg_namespace WHERE nspname = c.table_schema)) where table_catalog = $1$ AND table_schema = CURRENT_SCHEMA() AND table_name = $2$

2025/02/13 14:39:00 /home/bryan/repos/skripsi/backend/setup/setup.go:78
[1.006ms] [rows:-] SELECT * FROM "user_vet_specialties" LIMIT $1$

2025/02/13 14:39:00 /home/bryan/repos/skripsi/backend/setup/setup.go:78
[14.939ms] [rows:-] SELECT constraint_name FROM information_schema.table_constraints tc JOIN information_schema.constraint_column_usage AS ccu USING (constraint_schema, constraint_catalog, table_name, constraint_name) JOIN information_schema.columns AS c ON c.table_schema = tc.constraint_schema AND tc.table_name = c.table_name AND ccu.column_name = c.column_name WHERE constraint_type IN ('PRIMARY KEY', 'UNIQUE') AND c.table_catalog = $1$ AND c.table_schema = CURRENT_SCHEMA() AND c.table_name = $2$ AND constraint_type = $3$

2025/02/13 14:39:00 /home/bryan/repos/skripsi/backend/setup/setup.go:78
[15.194ms] [rows:-] SELECT c.column_name, constraint_name, constraint_type FROM information_schema.table_constraints tc JOIN information_schema.constraint_column_usage AS ccu USING (constraint_schema, constraint_catalog, table_name, constraint_name) JOIN information_schema.columns AS c ON c.table_schema = tc.constraint_schema AND tc.table_name = c.table_name AND ccu.column_name = c.column_name WHERE constraint_type IN ('PRIMARY KEY', 'UNIQUE') AND c.table_catalog = $1$ AND c.table_schema = CURRENT_SCHEMA() AND c.table_name = $2$

2025/02/13 14:39:00 /home/bryan/repos/skripsi/backend/setup/setup.go:78
[1.687ms] [rows:-] SELECT a.attname as column_name, format_type(a.atttypid, a.atttypmod) AS data_type
		FROM pg_attribute a JOIN pg_class b ON a.attrelid = b.oid AND relnamespace = (SELECT oid FROM pg_catalog.pg_namespace WHERE nspname = CURRENT_SCHEMA())
		WHERE a.attnum > 0 -- hide internal columns
		AND NOT a.attisdropped -- hide deleted columns
		AND b.relname = $1$

2025/02/13 14:39:00 /home/bryan/repos/skripsi/backend/setup/setup.go:78
[1.718ms] [rows:0] SELECT description FROM pg_catalog.pg_description WHERE objsubid = (SELECT ordinal_position FROM information_schema.columns WHERE table_schema = CURRENT_SCHEMA() AND table_name = 'user_vet_specialties' AND column_name = 'user_id') AND objoid = (SELECT oid FROM pg_catalog.pg_class WHERE relname = 'user_vet_specialties' AND relnamespace = (SELECT oid FROM pg_catalog.pg_namespace WHERE nspname = CURRENT_SCHEMA()))

2025/02/13 14:39:00 /home/bryan/repos/skripsi/backend/setup/setup.go:78
[1.412ms] [rows:0] SELECT description FROM pg_catalog.pg_description WHERE objsubid = (SELECT ordinal_position FROM information_schema.columns WHERE table_schema = CURRENT_SCHEMA() AND table_name = 'user_vet_specialties' AND column_name = 'vet_specialty_id') AND objoid = (SELECT oid FROM pg_catalog.pg_class WHERE relname = 'user_vet_specialties' AND relnamespace = (SELECT oid FROM pg_catalog.pg_namespace WHERE nspname = CURRENT_SCHEMA()))

2025/02/13 14:39:00 /home/bryan/repos/skripsi/backend/setup/setup.go:78
[3.637ms] [rows:1] SELECT count(*) FROM INFORMATION_SCHEMA.table_constraints WHERE table_schema = CURRENT_SCHEMA() AND table_name = 'user_vet_specialties' AND constraint_name = 'fk_user_vet_specialties_user'

2025/02/13 14:39:00 /home/bryan/repos/skripsi/backend/setup/setup.go:78
[3.551ms] [rows:1] SELECT count(*) FROM INFORMATION_SCHEMA.table_constraints WHERE table_schema = CURRENT_SCHEMA() AND table_name = 'user_vet_specialties' AND constraint_name = 'fk_user_vet_specialties_vet_specialty'

2025/02/13 14:39:00 /home/bryan/repos/skripsi/backend/setup/setup.go:78
[2.150ms] [rows:1] SELECT count(*) FROM information_schema.tables WHERE table_schema = CURRENT_SCHEMA() AND table_name = 'daily_playtimes' AND table_type = 'BASE TABLE'

2025/02/13 14:39:00 /home/bryan/repos/skripsi/backend/setup/setup.go:78
[0.788ms] [rows:1] SELECT CURRENT_DATABASE()

2025/02/13 14:39:00 /home/bryan/repos/skripsi/backend/setup/setup.go:78
[10.968ms] [rows:-] SELECT c.column_name, c.is_nullable = 'YES', c.udt_name, c.character_maximum_length, c.numeric_precision, c.numeric_precision_radix, c.numeric_scale, c.datetime_precision, 8 * typlen, c.column_default, pd.description, c.identity_increment FROM information_schema.columns AS c JOIN pg_type AS pgt ON c.udt_name = pgt.typname LEFT JOIN pg_catalog.pg_description as pd ON pd.objsubid = c.ordinal_position AND pd.objoid = (SELECT oid FROM pg_catalog.pg_class WHERE relname = c.table_name AND relnamespace = (SELECT oid FROM pg_catalog.pg_namespace WHERE nspname = c.table_schema)) where table_catalog = $1$ AND table_schema = CURRENT_SCHEMA() AND table_name = $2$

2025/02/13 14:39:00 /home/bryan/repos/skripsi/backend/setup/setup.go:78
[0.869ms] [rows:-] SELECT * FROM "daily_playtimes" LIMIT $1$

2025/02/13 14:39:00 /home/bryan/repos/skripsi/backend/setup/setup.go:78
[16.288ms] [rows:-] SELECT constraint_name FROM information_schema.table_constraints tc JOIN information_schema.constraint_column_usage AS ccu USING (constraint_schema, constraint_catalog, table_name, constraint_name) JOIN information_schema.columns AS c ON c.table_schema = tc.constraint_schema AND tc.table_name = c.table_name AND ccu.column_name = c.column_name WHERE constraint_type IN ('PRIMARY KEY', 'UNIQUE') AND c.table_catalog = $1$ AND c.table_schema = CURRENT_SCHEMA() AND c.table_name = $2$ AND constraint_type = $3$

2025/02/13 14:39:00 /home/bryan/repos/skripsi/backend/setup/setup.go:78
[16.013ms] [rows:-] SELECT c.column_name, constraint_name, constraint_type FROM information_schema.table_constraints tc JOIN information_schema.constraint_column_usage AS ccu USING (constraint_schema, constraint_catalog, table_name, constraint_name) JOIN information_schema.columns AS c ON c.table_schema = tc.constraint_schema AND tc.table_name = c.table_name AND ccu.column_name = c.column_name WHERE constraint_type IN ('PRIMARY KEY', 'UNIQUE') AND c.table_catalog = $1$ AND c.table_schema = CURRENT_SCHEMA() AND c.table_name = $2$

2025/02/13 14:39:00 /home/bryan/repos/skripsi/backend/setup/setup.go:78
[1.637ms] [rows:-] SELECT a.attname as column_name, format_type(a.atttypid, a.atttypmod) AS data_type
		FROM pg_attribute a JOIN pg_class b ON a.attrelid = b.oid AND relnamespace = (SELECT oid FROM pg_catalog.pg_namespace WHERE nspname = CURRENT_SCHEMA())
		WHERE a.attnum > 0 -- hide internal columns
		AND NOT a.attisdropped -- hide deleted columns
		AND b.relname = $1$

2025/02/13 14:39:00 /home/bryan/repos/skripsi/backend/setup/setup.go:78
[1.438ms] [rows:0] SELECT description FROM pg_catalog.pg_description WHERE objsubid = (SELECT ordinal_position FROM information_schema.columns WHERE table_schema = CURRENT_SCHEMA() AND table_name = 'daily_playtimes' AND column_name = 'id') AND objoid = (SELECT oid FROM pg_catalog.pg_class WHERE relname = 'daily_playtimes' AND relnamespace = (SELECT oid FROM pg_catalog.pg_namespace WHERE nspname = CURRENT_SCHEMA()))

2025/02/13 14:39:00 /home/bryan/repos/skripsi/backend/setup/setup.go:78
[1.411ms] [rows:0] SELECT description FROM pg_catalog.pg_description WHERE objsubid = (SELECT ordinal_position FROM information_schema.columns WHERE table_schema = CURRENT_SCHEMA() AND table_name = 'daily_playtimes' AND column_name = 'name') AND objoid = (SELECT oid FROM pg_catalog.pg_class WHERE relname = 'daily_playtimes' AND relnamespace = (SELECT oid FROM pg_catalog.pg_namespace WHERE nspname = CURRENT_SCHEMA()))

2025/02/13 14:39:00 /home/bryan/repos/skripsi/backend/setup/setup.go:78
[2.399ms] [rows:1] SELECT count(*) FROM information_schema.tables WHERE table_schema = CURRENT_SCHEMA() AND table_name = 'daily_walks' AND table_type = 'BASE TABLE'

2025/02/13 14:39:00 /home/bryan/repos/skripsi/backend/setup/setup.go:78
[0.702ms] [rows:1] SELECT CURRENT_DATABASE()

2025/02/13 14:39:00 /home/bryan/repos/skripsi/backend/setup/setup.go:78
[12.263ms] [rows:-] SELECT c.column_name, c.is_nullable = 'YES', c.udt_name, c.character_maximum_length, c.numeric_precision, c.numeric_precision_radix, c.numeric_scale, c.datetime_precision, 8 * typlen, c.column_default, pd.description, c.identity_increment FROM information_schema.columns AS c JOIN pg_type AS pgt ON c.udt_name = pgt.typname LEFT JOIN pg_catalog.pg_description as pd ON pd.objsubid = c.ordinal_position AND pd.objoid = (SELECT oid FROM pg_catalog.pg_class WHERE relname = c.table_name AND relnamespace = (SELECT oid FROM pg_catalog.pg_namespace WHERE nspname = c.table_schema)) where table_catalog = $1$ AND table_schema = CURRENT_SCHEMA() AND table_name = $2$

2025/02/13 14:39:00 /home/bryan/repos/skripsi/backend/setup/setup.go:78
[0.967ms] [rows:-] SELECT * FROM "daily_walks" LIMIT $1$

2025/02/13 14:39:00 /home/bryan/repos/skripsi/backend/setup/setup.go:78
[16.351ms] [rows:-] SELECT constraint_name FROM information_schema.table_constraints tc JOIN information_schema.constraint_column_usage AS ccu USING (constraint_schema, constraint_catalog, table_name, constraint_name) JOIN information_schema.columns AS c ON c.table_schema = tc.constraint_schema AND tc.table_name = c.table_name AND ccu.column_name = c.column_name WHERE constraint_type IN ('PRIMARY KEY', 'UNIQUE') AND c.table_catalog = $1$ AND c.table_schema = CURRENT_SCHEMA() AND c.table_name = $2$ AND constraint_type = $3$

2025/02/13 14:39:00 /home/bryan/repos/skripsi/backend/setup/setup.go:78
[16.354ms] [rows:-] SELECT c.column_name, constraint_name, constraint_type FROM information_schema.table_constraints tc JOIN information_schema.constraint_column_usage AS ccu USING (constraint_schema, constraint_catalog, table_name, constraint_name) JOIN information_schema.columns AS c ON c.table_schema = tc.constraint_schema AND tc.table_name = c.table_name AND ccu.column_name = c.column_name WHERE constraint_type IN ('PRIMARY KEY', 'UNIQUE') AND c.table_catalog = $1$ AND c.table_schema = CURRENT_SCHEMA() AND c.table_name = $2$

2025/02/13 14:39:00 /home/bryan/repos/skripsi/backend/setup/setup.go:78
[2.241ms] [rows:-] SELECT a.attname as column_name, format_type(a.atttypid, a.atttypmod) AS data_type
		FROM pg_attribute a JOIN pg_class b ON a.attrelid = b.oid AND relnamespace = (SELECT oid FROM pg_catalog.pg_namespace WHERE nspname = CURRENT_SCHEMA())
		WHERE a.attnum > 0 -- hide internal columns
		AND NOT a.attisdropped -- hide deleted columns
		AND b.relname = $1$

2025/02/13 14:39:00 /home/bryan/repos/skripsi/backend/setup/setup.go:78
[1.876ms] [rows:0] SELECT description FROM pg_catalog.pg_description WHERE objsubid = (SELECT ordinal_position FROM information_schema.columns WHERE table_schema = CURRENT_SCHEMA() AND table_name = 'daily_walks' AND column_name = 'id') AND objoid = (SELECT oid FROM pg_catalog.pg_class WHERE relname = 'daily_walks' AND relnamespace = (SELECT oid FROM pg_catalog.pg_namespace WHERE nspname = CURRENT_SCHEMA()))

2025/02/13 14:39:00 /home/bryan/repos/skripsi/backend/setup/setup.go:78
[1.405ms] [rows:0] SELECT description FROM pg_catalog.pg_description WHERE objsubid = (SELECT ordinal_position FROM information_schema.columns WHERE table_schema = CURRENT_SCHEMA() AND table_name = 'daily_walks' AND column_name = 'name') AND objoid = (SELECT oid FROM pg_catalog.pg_class WHERE relname = 'daily_walks' AND relnamespace = (SELECT oid FROM pg_catalog.pg_namespace WHERE nspname = CURRENT_SCHEMA()))

2025/02/13 14:39:00 /home/bryan/repos/skripsi/backend/setup/setup.go:78
[0.987ms] [rows:1] SELECT count(*) FROM information_schema.tables WHERE table_schema = CURRENT_SCHEMA() AND table_name = 'pet_daycares' AND table_type = 'BASE TABLE'

2025/02/13 14:39:00 /home/bryan/repos/skripsi/backend/setup/setup.go:78
[0.645ms] [rows:1] SELECT CURRENT_DATABASE()

2025/02/13 14:39:00 /home/bryan/repos/skripsi/backend/setup/setup.go:78
[4.410ms] [rows:-] SELECT c.column_name, c.is_nullable = 'YES', c.udt_name, c.character_maximum_length, c.numeric_precision, c.numeric_precision_radix, c.numeric_scale, c.datetime_precision, 8 * typlen, c.column_default, pd.description, c.identity_increment FROM information_schema.columns AS c JOIN pg_type AS pgt ON c.udt_name = pgt.typname LEFT JOIN pg_catalog.pg_description as pd ON pd.objsubid = c.ordinal_position AND pd.objoid = (SELECT oid FROM pg_catalog.pg_class WHERE relname = c.table_name AND relnamespace = (SELECT oid FROM pg_catalog.pg_namespace WHERE nspname = c.table_schema)) where table_catalog = $1$ AND table_schema = CURRENT_SCHEMA() AND table_name = $2$

2025/02/13 14:39:00 /home/bryan/repos/skripsi/backend/setup/setup.go:78
[0.890ms] [rows:-] SELECT * FROM "pet_daycares" LIMIT $1$

2025/02/13 14:39:00 /home/bryan/repos/skripsi/backend/setup/setup.go:78
[6.166ms] [rows:-] SELECT constraint_name FROM information_schema.table_constraints tc JOIN information_schema.constraint_column_usage AS ccu USING (constraint_schema, constraint_catalog, table_name, constraint_name) JOIN information_schema.columns AS c ON c.table_schema = tc.constraint_schema AND tc.table_name = c.table_name AND ccu.column_name = c.column_name WHERE constraint_type IN ('PRIMARY KEY', 'UNIQUE') AND c.table_catalog = $1$ AND c.table_schema = CURRENT_SCHEMA() AND c.table_name = $2$ AND constraint_type = $3$

2025/02/13 14:39:00 /home/bryan/repos/skripsi/backend/setup/setup.go:78
[6.564ms] [rows:-] SELECT c.column_name, constraint_name, constraint_type FROM information_schema.table_constraints tc JOIN information_schema.constraint_column_usage AS ccu USING (constraint_schema, constraint_catalog, table_name, constraint_name) JOIN information_schema.columns AS c ON c.table_schema = tc.constraint_schema AND tc.table_name = c.table_name AND ccu.column_name = c.column_name WHERE constraint_type IN ('PRIMARY KEY', 'UNIQUE') AND c.table_catalog = $1$ AND c.table_schema = CURRENT_SCHEMA() AND c.table_name = $2$

2025/02/13 14:39:00 /home/bryan/repos/skripsi/backend/setup/setup.go:78
[0.982ms] [rows:-] SELECT a.attname as column_name, format_type(a.atttypid, a.atttypmod) AS data_type
		FROM pg_attribute a JOIN pg_class b ON a.attrelid = b.oid AND relnamespace = (SELECT oid FROM pg_catalog.pg_namespace WHERE nspname = CURRENT_SCHEMA())
		WHERE a.attnum > 0 -- hide internal columns
		AND NOT a.attisdropped -- hide deleted columns
		AND b.relname = $1$

2025/02/13 14:39:00 /home/bryan/repos/skripsi/backend/setup/setup.go:78
[1.667ms] [rows:0] SELECT description FROM pg_catalog.pg_description WHERE objsubid = (SELECT ordinal_position FROM information_schema.columns WHERE table_schema = CURRENT_SCHEMA() AND table_name = 'pet_daycares' AND column_name = 'id') AND objoid = (SELECT oid FROM pg_catalog.pg_class WHERE relname = 'pet_daycares' AND relnamespace = (SELECT oid FROM pg_catalog.pg_namespace WHERE nspname = CURRENT_SCHEMA()))

2025/02/13 14:39:00 /home/bryan/repos/skripsi/backend/setup/setup.go:78
[1.444ms] [rows:0] SELECT description FROM pg_catalog.pg_description WHERE objsubid = (SELECT ordinal_position FROM information_schema.columns WHERE table_schema = CURRENT_SCHEMA() AND table_name = 'pet_daycares' AND column_name = 'created_at') AND objoid = (SELECT oid FROM pg_catalog.pg_class WHERE relname = 'pet_daycares' AND relnamespace = (SELECT oid FROM pg_catalog.pg_namespace WHERE nspname = CURRENT_SCHEMA()))

2025/02/13 14:39:00 /home/bryan/repos/skripsi/backend/setup/setup.go:78
[1.346ms] [rows:0] SELECT description FROM pg_catalog.pg_description WHERE objsubid = (SELECT ordinal_position FROM information_schema.columns WHERE table_schema = CURRENT_SCHEMA() AND table_name = 'pet_daycares' AND column_name = 'updated_at') AND objoid = (SELECT oid FROM pg_catalog.pg_class WHERE relname = 'pet_daycares' AND relnamespace = (SELECT oid FROM pg_catalog.pg_namespace WHERE nspname = CURRENT_SCHEMA()))

2025/02/13 14:39:00 /home/bryan/repos/skripsi/backend/setup/setup.go:78
[1.324ms] [rows:0] SELECT description FROM pg_catalog.pg_description WHERE objsubid = (SELECT ordinal_position FROM information_schema.columns WHERE table_schema = CURRENT_SCHEMA() AND table_name = 'pet_daycares' AND column_name = 'deleted_at') AND objoid = (SELECT oid FROM pg_catalog.pg_class WHERE relname = 'pet_daycares' AND relnamespace = (SELECT oid FROM pg_catalog.pg_namespace WHERE nspname = CURRENT_SCHEMA()))

2025/02/13 14:39:00 /home/bryan/repos/skripsi/backend/setup/setup.go:78
[1.327ms] [rows:0] SELECT description FROM pg_catalog.pg_description WHERE objsubid = (SELECT ordinal_position FROM information_schema.columns WHERE table_schema = CURRENT_SCHEMA() AND table_name = 'pet_daycares' AND column_name = 'name') AND objoid = (SELECT oid FROM pg_catalog.pg_class WHERE relname = 'pet_daycares' AND relnamespace = (SELECT oid FROM pg_catalog.pg_namespace WHERE nspname = CURRENT_SCHEMA()))

2025/02/13 14:39:00 /home/bryan/repos/skripsi/backend/setup/setup.go:78
[1.249ms] [rows:0] SELECT description FROM pg_catalog.pg_description WHERE objsubid = (SELECT ordinal_position FROM information_schema.columns WHERE table_schema = CURRENT_SCHEMA() AND table_name = 'pet_daycares' AND column_name = 'address') AND objoid = (SELECT oid FROM pg_catalog.pg_class WHERE relname = 'pet_daycares' AND relnamespace = (SELECT oid FROM pg_catalog.pg_namespace WHERE nspname = CURRENT_SCHEMA()))

2025/02/13 14:39:00 /home/bryan/repos/skripsi/backend/setup/setup.go:78
[1.244ms] [rows:0] SELECT description FROM pg_catalog.pg_description WHERE objsubid = (SELECT ordinal_position FROM information_schema.columns WHERE table_schema = CURRENT_SCHEMA() AND table_name = 'pet_daycares' AND column_name = 'latitude') AND objoid = (SELECT oid FROM pg_catalog.pg_class WHERE relname = 'pet_daycares' AND relnamespace = (SELECT oid FROM pg_catalog.pg_namespace WHERE nspname = CURRENT_SCHEMA()))

2025/02/13 14:39:00 /home/bryan/repos/skripsi/backend/setup/setup.go:78
[1.206ms] [rows:0] SELECT description FROM pg_catalog.pg_description WHERE objsubid = (SELECT ordinal_position FROM information_schema.columns WHERE table_schema = CURRENT_SCHEMA() AND table_name = 'pet_daycares' AND column_name = 'longitude') AND objoid = (SELECT oid FROM pg_catalog.pg_class WHERE relname = 'pet_daycares' AND relnamespace = (SELECT oid FROM pg_catalog.pg_namespace WHERE nspname = CURRENT_SCHEMA()))

2025/02/13 14:39:00 /home/bryan/repos/skripsi/backend/setup/setup.go:78
[1.265ms] [rows:0] SELECT description FROM pg_catalog.pg_description WHERE objsubid = (SELECT ordinal_position FROM information_schema.columns WHERE table_schema = CURRENT_SCHEMA() AND table_name = 'pet_daycares' AND column_name = 'price') AND objoid = (SELECT oid FROM pg_catalog.pg_class WHERE relname = 'pet_daycares' AND relnamespace = (SELECT oid FROM pg_catalog.pg_namespace WHERE nspname = CURRENT_SCHEMA()))

2025/02/13 14:39:00 /home/bryan/repos/skripsi/backend/setup/setup.go:78
[1.407ms] [rows:0] SELECT description FROM pg_catalog.pg_description WHERE objsubid = (SELECT ordinal_position FROM information_schema.columns WHERE table_schema = CURRENT_SCHEMA() AND table_name = 'pet_daycares' AND column_name = 'pricing_type') AND objoid = (SELECT oid FROM pg_catalog.pg_class WHERE relname = 'pet_daycares' AND relnamespace = (SELECT oid FROM pg_catalog.pg_namespace WHERE nspname = CURRENT_SCHEMA()))

2025/02/13 14:39:00 /home/bryan/repos/skripsi/backend/setup/setup.go:78
[1.264ms] [rows:0] SELECT description FROM pg_catalog.pg_description WHERE objsubid = (SELECT ordinal_position FROM information_schema.columns WHERE table_schema = CURRENT_SCHEMA() AND table_name = 'pet_daycares' AND column_name = 'description') AND objoid = (SELECT oid FROM pg_catalog.pg_class WHERE relname = 'pet_daycares' AND relnamespace = (SELECT oid FROM pg_catalog.pg_namespace WHERE nspname = CURRENT_SCHEMA()))

2025/02/13 14:39:00 /home/bryan/repos/skripsi/backend/setup/setup.go:78
[1.281ms] [rows:0] SELECT description FROM pg_catalog.pg_description WHERE objsubid = (SELECT ordinal_position FROM information_schema.columns WHERE table_schema = CURRENT_SCHEMA() AND table_name = 'pet_daycares' AND column_name = 'has_pickup_service') AND objoid = (SELECT oid FROM pg_catalog.pg_class WHERE relname = 'pet_daycares' AND relnamespace = (SELECT oid FROM pg_catalog.pg_namespace WHERE nspname = CURRENT_SCHEMA()))

2025/02/13 14:39:00 /home/bryan/repos/skripsi/backend/setup/setup.go:78
[1.417ms] [rows:0] SELECT description FROM pg_catalog.pg_description WHERE objsubid = (SELECT ordinal_position FROM information_schema.columns WHERE table_schema = CURRENT_SCHEMA() AND table_name = 'pet_daycares' AND column_name = 'must_be_vaccinated') AND objoid = (SELECT oid FROM pg_catalog.pg_class WHERE relname = 'pet_daycares' AND relnamespace = (SELECT oid FROM pg_catalog.pg_namespace WHERE nspname = CURRENT_SCHEMA()))

2025/02/13 14:39:00 /home/bryan/repos/skripsi/backend/setup/setup.go:78
[1.355ms] [rows:0] SELECT description FROM pg_catalog.pg_description WHERE objsubid = (SELECT ordinal_position FROM information_schema.columns WHERE table_schema = CURRENT_SCHEMA() AND table_name = 'pet_daycares' AND column_name = 'food_provided') AND objoid = (SELECT oid FROM pg_catalog.pg_class WHERE relname = 'pet_daycares' AND relnamespace = (SELECT oid FROM pg_catalog.pg_namespace WHERE nspname = CURRENT_SCHEMA()))

2025/02/13 14:39:00 /home/bryan/repos/skripsi/backend/setup/setup.go:78
[1.175ms] [rows:0] SELECT description FROM pg_catalog.pg_description WHERE objsubid = (SELECT ordinal_position FROM information_schema.columns WHERE table_schema = CURRENT_SCHEMA() AND table_name = 'pet_daycares' AND column_name = 'grooming_available') AND objoid = (SELECT oid FROM pg_catalog.pg_class WHERE relname = 'pet_daycares' AND relnamespace = (SELECT oid FROM pg_catalog.pg_namespace WHERE nspname = CURRENT_SCHEMA()))

2025/02/13 14:39:00 /home/bryan/repos/skripsi/backend/setup/setup.go:78
[1.213ms] [rows:0] SELECT description FROM pg_catalog.pg_description WHERE objsubid = (SELECT ordinal_position FROM information_schema.columns WHERE table_schema = CURRENT_SCHEMA() AND table_name = 'pet_daycares' AND column_name = 'booked_num') AND objoid = (SELECT oid FROM pg_catalog.pg_class WHERE relname = 'pet_daycares' AND relnamespace = (SELECT oid FROM pg_catalog.pg_namespace WHERE nspname = CURRENT_SCHEMA()))

2025/02/13 14:39:00 /home/bryan/repos/skripsi/backend/setup/setup.go:78
[1.274ms] [rows:0] SELECT description FROM pg_catalog.pg_description WHERE objsubid = (SELECT ordinal_position FROM information_schema.columns WHERE table_schema = CURRENT_SCHEMA() AND table_name = 'pet_daycares' AND column_name = 'daily_walks_id') AND objoid = (SELECT oid FROM pg_catalog.pg_class WHERE relname = 'pet_daycares' AND relnamespace = (SELECT oid FROM pg_catalog.pg_namespace WHERE nspname = CURRENT_SCHEMA()))

2025/02/13 14:39:00 /home/bryan/repos/skripsi/backend/setup/setup.go:78
[1.277ms] [rows:0] SELECT description FROM pg_catalog.pg_description WHERE objsubid = (SELECT ordinal_position FROM information_schema.columns WHERE table_schema = CURRENT_SCHEMA() AND table_name = 'pet_daycares' AND column_name = 'daily_playtime_id') AND objoid = (SELECT oid FROM pg_catalog.pg_class WHERE relname = 'pet_daycares' AND relnamespace = (SELECT oid FROM pg_catalog.pg_namespace WHERE nspname = CURRENT_SCHEMA()))

2025/02/13 14:39:00 /home/bryan/repos/skripsi/backend/setup/setup.go:78
[1.173ms] [rows:0] SELECT description FROM pg_catalog.pg_description WHERE objsubid = (SELECT ordinal_position FROM information_schema.columns WHERE table_schema = CURRENT_SCHEMA() AND table_name = 'pet_daycares' AND column_name = 'owner_id') AND objoid = (SELECT oid FROM pg_catalog.pg_class WHERE relname = 'pet_daycares' AND relnamespace = (SELECT oid FROM pg_catalog.pg_namespace WHERE nspname = CURRENT_SCHEMA()))

2025/02/13 14:39:00 /home/bryan/repos/skripsi/backend/setup/setup.go:78
[1.422ms] [rows:0] SELECT description FROM pg_catalog.pg_description WHERE objsubid = (SELECT ordinal_position FROM information_schema.columns WHERE table_schema = CURRENT_SCHEMA() AND table_name = 'pet_daycares' AND column_name = 'food_brand') AND objoid = (SELECT oid FROM pg_catalog.pg_class WHERE relname = 'pet_daycares' AND relnamespace = (SELECT oid FROM pg_catalog.pg_namespace WHERE nspname = CURRENT_SCHEMA()))

2025/02/13 14:39:00 /home/bryan/repos/skripsi/backend/setup/setup.go:78
[3.739ms] [rows:1] SELECT count(*) FROM INFORMATION_SCHEMA.table_constraints WHERE table_schema = CURRENT_SCHEMA() AND table_name = 'pet_daycares' AND constraint_name = 'fk_users_pet_daycare'

2025/02/13 14:39:00 /home/bryan/repos/skripsi/backend/setup/setup.go:78
[3.548ms] [rows:1] SELECT count(*) FROM INFORMATION_SCHEMA.table_constraints WHERE table_schema = CURRENT_SCHEMA() AND table_name = 'pet_daycares' AND constraint_name = 'fk_pet_daycares_daily_walks'

2025/02/13 14:39:00 /home/bryan/repos/skripsi/backend/setup/setup.go:78
[3.653ms] [rows:1] SELECT count(*) FROM INFORMATION_SCHEMA.table_constraints WHERE table_schema = CURRENT_SCHEMA() AND table_name = 'pet_daycares' AND constraint_name = 'fk_pet_daycares_daily_playtime'

2025/02/13 14:39:00 /home/bryan/repos/skripsi/backend/setup/setup.go:78
[2.453ms] [rows:1] SELECT count(*) FROM pg_indexes WHERE tablename = 'pet_daycares' AND indexname = 'idx_pet_daycares_deleted_at' AND schemaname = CURRENT_SCHEMA()

2025/02/13 14:39:00 /home/bryan/repos/skripsi/backend/setup/setup.go:78
[0.991ms] [rows:1] SELECT count(*) FROM information_schema.tables WHERE table_schema = CURRENT_SCHEMA() AND table_name = 'species' AND table_type = 'BASE TABLE'

2025/02/13 14:39:00 /home/bryan/repos/skripsi/backend/setup/setup.go:78
[0.716ms] [rows:1] SELECT CURRENT_DATABASE()

2025/02/13 14:39:00 /home/bryan/repos/skripsi/backend/setup/setup.go:78
[2.757ms] [rows:-] SELECT c.column_name, c.is_nullable = 'YES', c.udt_name, c.character_maximum_length, c.numeric_precision, c.numeric_precision_radix, c.numeric_scale, c.datetime_precision, 8 * typlen, c.column_default, pd.description, c.identity_increment FROM information_schema.columns AS c JOIN pg_type AS pgt ON c.udt_name = pgt.typname LEFT JOIN pg_catalog.pg_description as pd ON pd.objsubid = c.ordinal_position AND pd.objoid = (SELECT oid FROM pg_catalog.pg_class WHERE relname = c.table_name AND relnamespace = (SELECT oid FROM pg_catalog.pg_namespace WHERE nspname = c.table_schema)) where table_catalog = $1$ AND table_schema = CURRENT_SCHEMA() AND table_name = $2$

2025/02/13 14:39:00 /home/bryan/repos/skripsi/backend/setup/setup.go:78
[0.780ms] [rows:-] SELECT * FROM "species" LIMIT $1$

2025/02/13 14:39:00 /home/bryan/repos/skripsi/backend/setup/setup.go:78
[2.242ms] [rows:-] SELECT constraint_name FROM information_schema.table_constraints tc JOIN information_schema.constraint_column_usage AS ccu USING (constraint_schema, constraint_catalog, table_name, constraint_name) JOIN information_schema.columns AS c ON c.table_schema = tc.constraint_schema AND tc.table_name = c.table_name AND ccu.column_name = c.column_name WHERE constraint_type IN ('PRIMARY KEY', 'UNIQUE') AND c.table_catalog = $1$ AND c.table_schema = CURRENT_SCHEMA() AND c.table_name = $2$ AND constraint_type = $3$

2025/02/13 14:39:00 /home/bryan/repos/skripsi/backend/setup/setup.go:78
[2.142ms] [rows:-] SELECT c.column_name, constraint_name, constraint_type FROM information_schema.table_constraints tc JOIN information_schema.constraint_column_usage AS ccu USING (constraint_schema, constraint_catalog, table_name, constraint_name) JOIN information_schema.columns AS c ON c.table_schema = tc.constraint_schema AND tc.table_name = c.table_name AND ccu.column_name = c.column_name WHERE constraint_type IN ('PRIMARY KEY', 'UNIQUE') AND c.table_catalog = $1$ AND c.table_schema = CURRENT_SCHEMA() AND c.table_name = $2$

2025/02/13 14:39:00 /home/bryan/repos/skripsi/backend/setup/setup.go:78
[0.879ms] [rows:-] SELECT a.attname as column_name, format_type(a.atttypid, a.atttypmod) AS data_type
		FROM pg_attribute a JOIN pg_class b ON a.attrelid = b.oid AND relnamespace = (SELECT oid FROM pg_catalog.pg_namespace WHERE nspname = CURRENT_SCHEMA())
		WHERE a.attnum > 0 -- hide internal columns
		AND NOT a.attisdropped -- hide deleted columns
		AND b.relname = $1$

2025/02/13 14:39:00 /home/bryan/repos/skripsi/backend/setup/setup.go:78
[1.408ms] [rows:0] SELECT description FROM pg_catalog.pg_description WHERE objsubid = (SELECT ordinal_position FROM information_schema.columns WHERE table_schema = CURRENT_SCHEMA() AND table_name = 'species' AND column_name = 'id') AND objoid = (SELECT oid FROM pg_catalog.pg_class WHERE relname = 'species' AND relnamespace = (SELECT oid FROM pg_catalog.pg_namespace WHERE nspname = CURRENT_SCHEMA()))

2025/02/13 14:39:00 /home/bryan/repos/skripsi/backend/setup/setup.go:78
[1.407ms] [rows:0] SELECT description FROM pg_catalog.pg_description WHERE objsubid = (SELECT ordinal_position FROM information_schema.columns WHERE table_schema = CURRENT_SCHEMA() AND table_name = 'species' AND column_name = 'name') AND objoid = (SELECT oid FROM pg_catalog.pg_class WHERE relname = 'species' AND relnamespace = (SELECT oid FROM pg_catalog.pg_namespace WHERE nspname = CURRENT_SCHEMA()))

2025/02/13 14:39:00 /home/bryan/repos/skripsi/backend/setup/setup.go:78
[0.996ms] [rows:1] SELECT count(*) FROM information_schema.tables WHERE table_schema = CURRENT_SCHEMA() AND table_name = 'size_categories' AND table_type = 'BASE TABLE'

2025/02/13 14:39:00 /home/bryan/repos/skripsi/backend/setup/setup.go:78
[0.744ms] [rows:1] SELECT CURRENT_DATABASE()

2025/02/13 14:39:00 /home/bryan/repos/skripsi/backend/setup/setup.go:78
[2.849ms] [rows:-] SELECT c.column_name, c.is_nullable = 'YES', c.udt_name, c.character_maximum_length, c.numeric_precision, c.numeric_precision_radix, c.numeric_scale, c.datetime_precision, 8 * typlen, c.column_default, pd.description, c.identity_increment FROM information_schema.columns AS c JOIN pg_type AS pgt ON c.udt_name = pgt.typname LEFT JOIN pg_catalog.pg_description as pd ON pd.objsubid = c.ordinal_position AND pd.objoid = (SELECT oid FROM pg_catalog.pg_class WHERE relname = c.table_name AND relnamespace = (SELECT oid FROM pg_catalog.pg_namespace WHERE nspname = c.table_schema)) where table_catalog = $1$ AND table_schema = CURRENT_SCHEMA() AND table_name = $2$

2025/02/13 14:39:00 /home/bryan/repos/skripsi/backend/setup/setup.go:78
[0.805ms] [rows:-] SELECT * FROM "size_categories" LIMIT $1$

2025/02/13 14:39:00 /home/bryan/repos/skripsi/backend/setup/setup.go:78
[2.458ms] [rows:-] SELECT constraint_name FROM information_schema.table_constraints tc JOIN information_schema.constraint_column_usage AS ccu USING (constraint_schema, constraint_catalog, table_name, constraint_name) JOIN information_schema.columns AS c ON c.table_schema = tc.constraint_schema AND tc.table_name = c.table_name AND ccu.column_name = c.column_name WHERE constraint_type IN ('PRIMARY KEY', 'UNIQUE') AND c.table_catalog = $1$ AND c.table_schema = CURRENT_SCHEMA() AND c.table_name = $2$ AND constraint_type = $3$

2025/02/13 14:39:00 /home/bryan/repos/skripsi/backend/setup/setup.go:78
[3.852ms] [rows:-] SELECT c.column_name, constraint_name, constraint_type FROM information_schema.table_constraints tc JOIN information_schema.constraint_column_usage AS ccu USING (constraint_schema, constraint_catalog, table_name, constraint_name) JOIN information_schema.columns AS c ON c.table_schema = tc.constraint_schema AND tc.table_name = c.table_name AND ccu.column_name = c.column_name WHERE constraint_type IN ('PRIMARY KEY', 'UNIQUE') AND c.table_catalog = $1$ AND c.table_schema = CURRENT_SCHEMA() AND c.table_name = $2$

2025/02/13 14:39:00 /home/bryan/repos/skripsi/backend/setup/setup.go:78
[1.402ms] [rows:-] SELECT a.attname as column_name, format_type(a.atttypid, a.atttypmod) AS data_type
		FROM pg_attribute a JOIN pg_class b ON a.attrelid = b.oid AND relnamespace = (SELECT oid FROM pg_catalog.pg_namespace WHERE nspname = CURRENT_SCHEMA())
		WHERE a.attnum > 0 -- hide internal columns
		AND NOT a.attisdropped -- hide deleted columns
		AND b.relname = $1$

2025/02/13 14:39:00 /home/bryan/repos/skripsi/backend/setup/setup.go:78
[1.663ms] [rows:0] SELECT description FROM pg_catalog.pg_description WHERE objsubid = (SELECT ordinal_position FROM information_schema.columns WHERE table_schema = CURRENT_SCHEMA() AND table_name = 'size_categories' AND column_name = 'id') AND objoid = (SELECT oid FROM pg_catalog.pg_class WHERE relname = 'size_categories' AND relnamespace = (SELECT oid FROM pg_catalog.pg_namespace WHERE nspname = CURRENT_SCHEMA()))

2025/02/13 14:39:00 /home/bryan/repos/skripsi/backend/setup/setup.go:78
[1.543ms] [rows:0] SELECT description FROM pg_catalog.pg_description WHERE objsubid = (SELECT ordinal_position FROM information_schema.columns WHERE table_schema = CURRENT_SCHEMA() AND table_name = 'size_categories' AND column_name = 'name') AND objoid = (SELECT oid FROM pg_catalog.pg_class WHERE relname = 'size_categories' AND relnamespace = (SELECT oid FROM pg_catalog.pg_namespace WHERE nspname = CURRENT_SCHEMA()))

2025/02/13 14:39:00 /home/bryan/repos/skripsi/backend/setup/setup.go:78
[1.371ms] [rows:0] SELECT description FROM pg_catalog.pg_description WHERE objsubid = (SELECT ordinal_position FROM information_schema.columns WHERE table_schema = CURRENT_SCHEMA() AND table_name = 'size_categories' AND column_name = 'min_weight') AND objoid = (SELECT oid FROM pg_catalog.pg_class WHERE relname = 'size_categories' AND relnamespace = (SELECT oid FROM pg_catalog.pg_namespace WHERE nspname = CURRENT_SCHEMA()))

2025/02/13 14:39:00 /home/bryan/repos/skripsi/backend/setup/setup.go:78
[1.517ms] [rows:0] SELECT description FROM pg_catalog.pg_description WHERE objsubid = (SELECT ordinal_position FROM information_schema.columns WHERE table_schema = CURRENT_SCHEMA() AND table_name = 'size_categories' AND column_name = 'max_weight') AND objoid = (SELECT oid FROM pg_catalog.pg_class WHERE relname = 'size_categories' AND relnamespace = (SELECT oid FROM pg_catalog.pg_namespace WHERE nspname = CURRENT_SCHEMA()))

2025/02/13 14:39:00 /home/bryan/repos/skripsi/backend/setup/setup.go:78
[1.369ms] [rows:1] SELECT count(*) FROM information_schema.tables WHERE table_schema = CURRENT_SCHEMA() AND table_name = 'pets' AND table_type = 'BASE TABLE'

2025/02/13 14:39:00 /home/bryan/repos/skripsi/backend/setup/setup.go:78
[0.686ms] [rows:1] SELECT CURRENT_DATABASE()

2025/02/13 14:39:00 /home/bryan/repos/skripsi/backend/setup/setup.go:78
[6.285ms] [rows:-] SELECT c.column_name, c.is_nullable = 'YES', c.udt_name, c.character_maximum_length, c.numeric_precision, c.numeric_precision_radix, c.numeric_scale, c.datetime_precision, 8 * typlen, c.column_default, pd.description, c.identity_increment FROM information_schema.columns AS c JOIN pg_type AS pgt ON c.udt_name = pgt.typname LEFT JOIN pg_catalog.pg_description as pd ON pd.objsubid = c.ordinal_position AND pd.objoid = (SELECT oid FROM pg_catalog.pg_class WHERE relname = c.table_name AND relnamespace = (SELECT oid FROM pg_catalog.pg_namespace WHERE nspname = c.table_schema)) where table_catalog = $1$ AND table_schema = CURRENT_SCHEMA() AND table_name = $2$

2025/02/13 14:39:00 /home/bryan/repos/skripsi/backend/setup/setup.go:78
[1.029ms] [rows:-] SELECT * FROM "pets" LIMIT $1$

2025/02/13 14:39:00 /home/bryan/repos/skripsi/backend/setup/setup.go:78
[5.270ms] [rows:-] SELECT constraint_name FROM information_schema.table_constraints tc JOIN information_schema.constraint_column_usage AS ccu USING (constraint_schema, constraint_catalog, table_name, constraint_name) JOIN information_schema.columns AS c ON c.table_schema = tc.constraint_schema AND tc.table_name = c.table_name AND ccu.column_name = c.column_name WHERE constraint_type IN ('PRIMARY KEY', 'UNIQUE') AND c.table_catalog = $1$ AND c.table_schema = CURRENT_SCHEMA() AND c.table_name = $2$ AND constraint_type = $3$

2025/02/13 14:39:00 /home/bryan/repos/skripsi/backend/setup/setup.go:78
[5.536ms] [rows:-] SELECT c.column_name, constraint_name, constraint_type FROM information_schema.table_constraints tc JOIN information_schema.constraint_column_usage AS ccu USING (constraint_schema, constraint_catalog, table_name, constraint_name) JOIN information_schema.columns AS c ON c.table_schema = tc.constraint_schema AND tc.table_name = c.table_name AND ccu.column_name = c.column_name WHERE constraint_type IN ('PRIMARY KEY', 'UNIQUE') AND c.table_catalog = $1$ AND c.table_schema = CURRENT_SCHEMA() AND c.table_name = $2$

2025/02/13 14:39:00 /home/bryan/repos/skripsi/backend/setup/setup.go:78
[1.028ms] [rows:-] SELECT a.attname as column_name, format_type(a.atttypid, a.atttypmod) AS data_type
		FROM pg_attribute a JOIN pg_class b ON a.attrelid = b.oid AND relnamespace = (SELECT oid FROM pg_catalog.pg_namespace WHERE nspname = CURRENT_SCHEMA())
		WHERE a.attnum > 0 -- hide internal columns
		AND NOT a.attisdropped -- hide deleted columns
		AND b.relname = $1$

2025/02/13 14:39:00 /home/bryan/repos/skripsi/backend/setup/setup.go:78
[1.383ms] [rows:0] SELECT description FROM pg_catalog.pg_description WHERE objsubid = (SELECT ordinal_position FROM information_schema.columns WHERE table_schema = CURRENT_SCHEMA() AND table_name = 'pets' AND column_name = 'id') AND objoid = (SELECT oid FROM pg_catalog.pg_class WHERE relname = 'pets' AND relnamespace = (SELECT oid FROM pg_catalog.pg_namespace WHERE nspname = CURRENT_SCHEMA()))

2025/02/13 14:39:00 /home/bryan/repos/skripsi/backend/setup/setup.go:78
[1.341ms] [rows:0] SELECT description FROM pg_catalog.pg_description WHERE objsubid = (SELECT ordinal_position FROM information_schema.columns WHERE table_schema = CURRENT_SCHEMA() AND table_name = 'pets' AND column_name = 'created_at') AND objoid = (SELECT oid FROM pg_catalog.pg_class WHERE relname = 'pets' AND relnamespace = (SELECT oid FROM pg_catalog.pg_namespace WHERE nspname = CURRENT_SCHEMA()))

2025/02/13 14:39:00 /home/bryan/repos/skripsi/backend/setup/setup.go:78
[1.299ms] [rows:0] SELECT description FROM pg_catalog.pg_description WHERE objsubid = (SELECT ordinal_position FROM information_schema.columns WHERE table_schema = CURRENT_SCHEMA() AND table_name = 'pets' AND column_name = 'updated_at') AND objoid = (SELECT oid FROM pg_catalog.pg_class WHERE relname = 'pets' AND relnamespace = (SELECT oid FROM pg_catalog.pg_namespace WHERE nspname = CURRENT_SCHEMA()))

2025/02/13 14:39:00 /home/bryan/repos/skripsi/backend/setup/setup.go:78
[1.360ms] [rows:0] SELECT description FROM pg_catalog.pg_description WHERE objsubid = (SELECT ordinal_position FROM information_schema.columns WHERE table_schema = CURRENT_SCHEMA() AND table_name = 'pets' AND column_name = 'deleted_at') AND objoid = (SELECT oid FROM pg_catalog.pg_class WHERE relname = 'pets' AND relnamespace = (SELECT oid FROM pg_catalog.pg_namespace WHERE nspname = CURRENT_SCHEMA()))

2025/02/13 14:39:00 /home/bryan/repos/skripsi/backend/setup/setup.go:78
[1.364ms] [rows:0] SELECT description FROM pg_catalog.pg_description WHERE objsubid = (SELECT ordinal_position FROM information_schema.columns WHERE table_schema = CURRENT_SCHEMA() AND table_name = 'pets' AND column_name = 'name') AND objoid = (SELECT oid FROM pg_catalog.pg_class WHERE relname = 'pets' AND relnamespace = (SELECT oid FROM pg_catalog.pg_namespace WHERE nspname = CURRENT_SCHEMA()))

2025/02/13 14:39:00 /home/bryan/repos/skripsi/backend/setup/setup.go:78
[1.400ms] [rows:0] SELECT description FROM pg_catalog.pg_description WHERE objsubid = (SELECT ordinal_position FROM information_schema.columns WHERE table_schema = CURRENT_SCHEMA() AND table_name = 'pets' AND column_name = 'image_url') AND objoid = (SELECT oid FROM pg_catalog.pg_class WHERE relname = 'pets' AND relnamespace = (SELECT oid FROM pg_catalog.pg_namespace WHERE nspname = CURRENT_SCHEMA()))

2025/02/13 14:39:00 /home/bryan/repos/skripsi/backend/setup/setup.go:78
[1.631ms] [rows:0] SELECT description FROM pg_catalog.pg_description WHERE objsubid = (SELECT ordinal_position FROM information_schema.columns WHERE table_schema = CURRENT_SCHEMA() AND table_name = 'pets' AND column_name = 'status') AND objoid = (SELECT oid FROM pg_catalog.pg_class WHERE relname = 'pets' AND relnamespace = (SELECT oid FROM pg_catalog.pg_namespace WHERE nspname = CURRENT_SCHEMA()))

2025/02/13 14:39:00 /home/bryan/repos/skripsi/backend/setup/setup.go:78
[1.487ms] [rows:0] SELECT description FROM pg_catalog.pg_description WHERE objsubid = (SELECT ordinal_position FROM information_schema.columns WHERE table_schema = CURRENT_SCHEMA() AND table_name = 'pets' AND column_name = 'owner_id') AND objoid = (SELECT oid FROM pg_catalog.pg_class WHERE relname = 'pets' AND relnamespace = (SELECT oid FROM pg_catalog.pg_namespace WHERE nspname = CURRENT_SCHEMA()))

2025/02/13 14:39:00 /home/bryan/repos/skripsi/backend/setup/setup.go:78
[1.447ms] [rows:0] SELECT description FROM pg_catalog.pg_description WHERE objsubid = (SELECT ordinal_position FROM information_schema.columns WHERE table_schema = CURRENT_SCHEMA() AND table_name = 'pets' AND column_name = 'species_id') AND objoid = (SELECT oid FROM pg_catalog.pg_class WHERE relname = 'pets' AND relnamespace = (SELECT oid FROM pg_catalog.pg_namespace WHERE nspname = CURRENT_SCHEMA()))

2025/02/13 14:39:00 /home/bryan/repos/skripsi/backend/setup/setup.go:78
[1.507ms] [rows:0] SELECT description FROM pg_catalog.pg_description WHERE objsubid = (SELECT ordinal_position FROM information_schema.columns WHERE table_schema = CURRENT_SCHEMA() AND table_name = 'pets' AND column_name = 'size_id') AND objoid = (SELECT oid FROM pg_catalog.pg_class WHERE relname = 'pets' AND relnamespace = (SELECT oid FROM pg_catalog.pg_namespace WHERE nspname = CURRENT_SCHEMA()))

2025/02/13 14:39:00 /home/bryan/repos/skripsi/backend/setup/setup.go:78
[1.149ms] [rows:1] SELECT count(*) FROM INFORMATION_SCHEMA.table_constraints WHERE table_schema = CURRENT_SCHEMA() AND table_name = 'pets' AND constraint_name = 'fk_users_pets'

2025/02/13 14:39:00 /home/bryan/repos/skripsi/backend/setup/setup.go:78
[1.095ms] [rows:1] SELECT count(*) FROM INFORMATION_SCHEMA.table_constraints WHERE table_schema = CURRENT_SCHEMA() AND table_name = 'pets' AND constraint_name = 'fk_pets_species'

2025/02/13 14:39:00 /home/bryan/repos/skripsi/backend/setup/setup.go:78
[1.179ms] [rows:1] SELECT count(*) FROM INFORMATION_SCHEMA.table_constraints WHERE table_schema = CURRENT_SCHEMA() AND table_name = 'pets' AND constraint_name = 'fk_pets_size_category'

2025/02/13 14:39:00 /home/bryan/repos/skripsi/backend/setup/setup.go:78
[3.270ms] [rows:1] SELECT count(*) FROM pg_indexes WHERE tablename = 'pets' AND indexname = 'idx_pets_deleted_at' AND schemaname = CURRENT_SCHEMA()

2025/02/13 14:39:00 /home/bryan/repos/skripsi/backend/setup/setup.go:78
[1.003ms] [rows:1] SELECT count(*) FROM information_schema.tables WHERE table_schema = CURRENT_SCHEMA() AND table_name = 'slots' AND table_type = 'BASE TABLE'

2025/02/13 14:39:00 /home/bryan/repos/skripsi/backend/setup/setup.go:78
[0.652ms] [rows:1] SELECT CURRENT_DATABASE()

2025/02/13 14:39:00 /home/bryan/repos/skripsi/backend/setup/setup.go:78
[4.128ms] [rows:-] SELECT c.column_name, c.is_nullable = 'YES', c.udt_name, c.character_maximum_length, c.numeric_precision, c.numeric_precision_radix, c.numeric_scale, c.datetime_precision, 8 * typlen, c.column_default, pd.description, c.identity_increment FROM information_schema.columns AS c JOIN pg_type AS pgt ON c.udt_name = pgt.typname LEFT JOIN pg_catalog.pg_description as pd ON pd.objsubid = c.ordinal_position AND pd.objoid = (SELECT oid FROM pg_catalog.pg_class WHERE relname = c.table_name AND relnamespace = (SELECT oid FROM pg_catalog.pg_namespace WHERE nspname = c.table_schema)) where table_catalog = $1$ AND table_schema = CURRENT_SCHEMA() AND table_name = $2$

2025/02/13 14:39:00 /home/bryan/repos/skripsi/backend/setup/setup.go:78
[0.856ms] [rows:-] SELECT * FROM "slots" LIMIT $1$

2025/02/13 14:39:00 /home/bryan/repos/skripsi/backend/setup/setup.go:78
[3.773ms] [rows:-] SELECT constraint_name FROM information_schema.table_constraints tc JOIN information_schema.constraint_column_usage AS ccu USING (constraint_schema, constraint_catalog, table_name, constraint_name) JOIN information_schema.columns AS c ON c.table_schema = tc.constraint_schema AND tc.table_name = c.table_name AND ccu.column_name = c.column_name WHERE constraint_type IN ('PRIMARY KEY', 'UNIQUE') AND c.table_catalog = $1$ AND c.table_schema = CURRENT_SCHEMA() AND c.table_name = $2$ AND constraint_type = $3$

2025/02/13 14:39:00 /home/bryan/repos/skripsi/backend/setup/setup.go:78
[3.710ms] [rows:-] SELECT c.column_name, constraint_name, constraint_type FROM information_schema.table_constraints tc JOIN information_schema.constraint_column_usage AS ccu USING (constraint_schema, constraint_catalog, table_name, constraint_name) JOIN information_schema.columns AS c ON c.table_schema = tc.constraint_schema AND tc.table_name = c.table_name AND ccu.column_name = c.column_name WHERE constraint_type IN ('PRIMARY KEY', 'UNIQUE') AND c.table_catalog = $1$ AND c.table_schema = CURRENT_SCHEMA() AND c.table_name = $2$

2025/02/13 14:39:00 /home/bryan/repos/skripsi/backend/setup/setup.go:78
[0.944ms] [rows:-] SELECT a.attname as column_name, format_type(a.atttypid, a.atttypmod) AS data_type
		FROM pg_attribute a JOIN pg_class b ON a.attrelid = b.oid AND relnamespace = (SELECT oid FROM pg_catalog.pg_namespace WHERE nspname = CURRENT_SCHEMA())
		WHERE a.attnum > 0 -- hide internal columns
		AND NOT a.attisdropped -- hide deleted columns
		AND b.relname = $1$

2025/02/13 14:39:00 /home/bryan/repos/skripsi/backend/setup/setup.go:78
[1.402ms] [rows:0] SELECT description FROM pg_catalog.pg_description WHERE objsubid = (SELECT ordinal_position FROM information_schema.columns WHERE table_schema = CURRENT_SCHEMA() AND table_name = 'slots' AND column_name = 'id') AND objoid = (SELECT oid FROM pg_catalog.pg_class WHERE relname = 'slots' AND relnamespace = (SELECT oid FROM pg_catalog.pg_namespace WHERE nspname = CURRENT_SCHEMA()))

2025/02/13 14:39:00 /home/bryan/repos/skripsi/backend/setup/setup.go:78
[1.510ms] [rows:0] SELECT description FROM pg_catalog.pg_description WHERE objsubid = (SELECT ordinal_position FROM information_schema.columns WHERE table_schema = CURRENT_SCHEMA() AND table_name = 'slots' AND column_name = 'created_at') AND objoid = (SELECT oid FROM pg_catalog.pg_class WHERE relname = 'slots' AND relnamespace = (SELECT oid FROM pg_catalog.pg_namespace WHERE nspname = CURRENT_SCHEMA()))

2025/02/13 14:39:00 /home/bryan/repos/skripsi/backend/setup/setup.go:78
[1.494ms] [rows:0] SELECT description FROM pg_catalog.pg_description WHERE objsubid = (SELECT ordinal_position FROM information_schema.columns WHERE table_schema = CURRENT_SCHEMA() AND table_name = 'slots' AND column_name = 'updated_at') AND objoid = (SELECT oid FROM pg_catalog.pg_class WHERE relname = 'slots' AND relnamespace = (SELECT oid FROM pg_catalog.pg_namespace WHERE nspname = CURRENT_SCHEMA()))

2025/02/13 14:39:00 /home/bryan/repos/skripsi/backend/setup/setup.go:78
[1.505ms] [rows:0] SELECT description FROM pg_catalog.pg_description WHERE objsubid = (SELECT ordinal_position FROM information_schema.columns WHERE table_schema = CURRENT_SCHEMA() AND table_name = 'slots' AND column_name = 'deleted_at') AND objoid = (SELECT oid FROM pg_catalog.pg_class WHERE relname = 'slots' AND relnamespace = (SELECT oid FROM pg_catalog.pg_namespace WHERE nspname = CURRENT_SCHEMA()))

2025/02/13 14:39:00 /home/bryan/repos/skripsi/backend/setup/setup.go:78
[1.445ms] [rows:0] SELECT description FROM pg_catalog.pg_description WHERE objsubid = (SELECT ordinal_position FROM information_schema.columns WHERE table_schema = CURRENT_SCHEMA() AND table_name = 'slots' AND column_name = 'daycare_id') AND objoid = (SELECT oid FROM pg_catalog.pg_class WHERE relname = 'slots' AND relnamespace = (SELECT oid FROM pg_catalog.pg_namespace WHERE nspname = CURRENT_SCHEMA()))

2025/02/13 14:39:00 /home/bryan/repos/skripsi/backend/setup/setup.go:78
[1.520ms] [rows:0] SELECT description FROM pg_catalog.pg_description WHERE objsubid = (SELECT ordinal_position FROM information_schema.columns WHERE table_schema = CURRENT_SCHEMA() AND table_name = 'slots' AND column_name = 'species_id') AND objoid = (SELECT oid FROM pg_catalog.pg_class WHERE relname = 'slots' AND relnamespace = (SELECT oid FROM pg_catalog.pg_namespace WHERE nspname = CURRENT_SCHEMA()))

2025/02/13 14:39:00 /home/bryan/repos/skripsi/backend/setup/setup.go:78
[1.218ms] [rows:0] SELECT description FROM pg_catalog.pg_description WHERE objsubid = (SELECT ordinal_position FROM information_schema.columns WHERE table_schema = CURRENT_SCHEMA() AND table_name = 'slots' AND column_name = 'size_category_id') AND objoid = (SELECT oid FROM pg_catalog.pg_class WHERE relname = 'slots' AND relnamespace = (SELECT oid FROM pg_catalog.pg_namespace WHERE nspname = CURRENT_SCHEMA()))

2025/02/13 14:39:00 /home/bryan/repos/skripsi/backend/setup/setup.go:78
[1.172ms] [rows:0] SELECT description FROM pg_catalog.pg_description WHERE objsubid = (SELECT ordinal_position FROM information_schema.columns WHERE table_schema = CURRENT_SCHEMA() AND table_name = 'slots' AND column_name = 'max_number') AND objoid = (SELECT oid FROM pg_catalog.pg_class WHERE relname = 'slots' AND relnamespace = (SELECT oid FROM pg_catalog.pg_namespace WHERE nspname = CURRENT_SCHEMA()))

2025/02/13 14:39:00 /home/bryan/repos/skripsi/backend/setup/setup.go:78
[1.086ms] [rows:1] SELECT count(*) FROM INFORMATION_SCHEMA.table_constraints WHERE table_schema = CURRENT_SCHEMA() AND table_name = 'slots' AND constraint_name = 'fk_pet_daycares_slots'

2025/02/13 14:39:00 /home/bryan/repos/skripsi/backend/setup/setup.go:78
[2.329ms] [rows:1] SELECT count(*) FROM pg_indexes WHERE tablename = 'slots' AND indexname = 'idx_slots_deleted_at' AND schemaname = CURRENT_SCHEMA()

2025/02/13 14:39:00 /home/bryan/repos/skripsi/backend/setup/setup.go:78
[0.989ms] [rows:1] SELECT count(*) FROM information_schema.tables WHERE table_schema = CURRENT_SCHEMA() AND table_name = 'booked_slots' AND table_type = 'BASE TABLE'

2025/02/13 14:39:00 /home/bryan/repos/skripsi/backend/setup/setup.go:78
[0.671ms] [rows:1] SELECT CURRENT_DATABASE()

2025/02/13 14:39:00 /home/bryan/repos/skripsi/backend/setup/setup.go:78
[3.211ms] [rows:-] SELECT c.column_name, c.is_nullable = 'YES', c.udt_name, c.character_maximum_length, c.numeric_precision, c.numeric_precision_radix, c.numeric_scale, c.datetime_precision, 8 * typlen, c.column_default, pd.description, c.identity_increment FROM information_schema.columns AS c JOIN pg_type AS pgt ON c.udt_name = pgt.typname LEFT JOIN pg_catalog.pg_description as pd ON pd.objsubid = c.ordinal_position AND pd.objoid = (SELECT oid FROM pg_catalog.pg_class WHERE relname = c.table_name AND relnamespace = (SELECT oid FROM pg_catalog.pg_namespace WHERE nspname = c.table_schema)) where table_catalog = $1$ AND table_schema = CURRENT_SCHEMA() AND table_name = $2$

2025/02/13 14:39:00 /home/bryan/repos/skripsi/backend/setup/setup.go:78
[0.831ms] [rows:-] SELECT * FROM "booked_slots" LIMIT $1$

2025/02/13 14:39:00 /home/bryan/repos/skripsi/backend/setup/setup.go:78
[2.899ms] [rows:-] SELECT constraint_name FROM information_schema.table_constraints tc JOIN information_schema.constraint_column_usage AS ccu USING (constraint_schema, constraint_catalog, table_name, constraint_name) JOIN information_schema.columns AS c ON c.table_schema = tc.constraint_schema AND tc.table_name = c.table_name AND ccu.column_name = c.column_name WHERE constraint_type IN ('PRIMARY KEY', 'UNIQUE') AND c.table_catalog = $1$ AND c.table_schema = CURRENT_SCHEMA() AND c.table_name = $2$ AND constraint_type = $3$

2025/02/13 14:39:00 /home/bryan/repos/skripsi/backend/setup/setup.go:78
[2.917ms] [rows:-] SELECT c.column_name, constraint_name, constraint_type FROM information_schema.table_constraints tc JOIN information_schema.constraint_column_usage AS ccu USING (constraint_schema, constraint_catalog, table_name, constraint_name) JOIN information_schema.columns AS c ON c.table_schema = tc.constraint_schema AND tc.table_name = c.table_name AND ccu.column_name = c.column_name WHERE constraint_type IN ('PRIMARY KEY', 'UNIQUE') AND c.table_catalog = $1$ AND c.table_schema = CURRENT_SCHEMA() AND c.table_name = $2$

2025/02/13 14:39:00 /home/bryan/repos/skripsi/backend/setup/setup.go:78
[0.915ms] [rows:-] SELECT a.attname as column_name, format_type(a.atttypid, a.atttypmod) AS data_type
		FROM pg_attribute a JOIN pg_class b ON a.attrelid = b.oid AND relnamespace = (SELECT oid FROM pg_catalog.pg_namespace WHERE nspname = CURRENT_SCHEMA())
		WHERE a.attnum > 0 -- hide internal columns
		AND NOT a.attisdropped -- hide deleted columns
		AND b.relname = $1$

2025/02/13 14:39:00 /home/bryan/repos/skripsi/backend/setup/setup.go:78
[1.274ms] [rows:0] SELECT description FROM pg_catalog.pg_description WHERE objsubid = (SELECT ordinal_position FROM information_schema.columns WHERE table_schema = CURRENT_SCHEMA() AND table_name = 'booked_slots' AND column_name = 'id') AND objoid = (SELECT oid FROM pg_catalog.pg_class WHERE relname = 'booked_slots' AND relnamespace = (SELECT oid FROM pg_catalog.pg_namespace WHERE nspname = CURRENT_SCHEMA()))

2025/02/13 14:39:00 /home/bryan/repos/skripsi/backend/setup/setup.go:78
[1.362ms] [rows:0] SELECT description FROM pg_catalog.pg_description WHERE objsubid = (SELECT ordinal_position FROM information_schema.columns WHERE table_schema = CURRENT_SCHEMA() AND table_name = 'booked_slots' AND column_name = 'created_at') AND objoid = (SELECT oid FROM pg_catalog.pg_class WHERE relname = 'booked_slots' AND relnamespace = (SELECT oid FROM pg_catalog.pg_namespace WHERE nspname = CURRENT_SCHEMA()))

2025/02/13 14:39:00 /home/bryan/repos/skripsi/backend/setup/setup.go:78
[1.270ms] [rows:0] SELECT description FROM pg_catalog.pg_description WHERE objsubid = (SELECT ordinal_position FROM information_schema.columns WHERE table_schema = CURRENT_SCHEMA() AND table_name = 'booked_slots' AND column_name = 'updated_at') AND objoid = (SELECT oid FROM pg_catalog.pg_class WHERE relname = 'booked_slots' AND relnamespace = (SELECT oid FROM pg_catalog.pg_namespace WHERE nspname = CURRENT_SCHEMA()))

2025/02/13 14:39:00 /home/bryan/repos/skripsi/backend/setup/setup.go:78
[1.266ms] [rows:0] SELECT description FROM pg_catalog.pg_description WHERE objsubid = (SELECT ordinal_position FROM information_schema.columns WHERE table_schema = CURRENT_SCHEMA() AND table_name = 'booked_slots' AND column_name = 'deleted_at') AND objoid = (SELECT oid FROM pg_catalog.pg_class WHERE relname = 'booked_slots' AND relnamespace = (SELECT oid FROM pg_catalog.pg_namespace WHERE nspname = CURRENT_SCHEMA()))

2025/02/13 14:39:00 /home/bryan/repos/skripsi/backend/setup/setup.go:78
[1.349ms] [rows:0] SELECT description FROM pg_catalog.pg_description WHERE objsubid = (SELECT ordinal_position FROM information_schema.columns WHERE table_schema = CURRENT_SCHEMA() AND table_name = 'booked_slots' AND column_name = 'user_id') AND objoid = (SELECT oid FROM pg_catalog.pg_class WHERE relname = 'booked_slots' AND relnamespace = (SELECT oid FROM pg_catalog.pg_namespace WHERE nspname = CURRENT_SCHEMA()))

2025/02/13 14:39:00 /home/bryan/repos/skripsi/backend/setup/setup.go:78
[1.269ms] [rows:0] SELECT description FROM pg_catalog.pg_description WHERE objsubid = (SELECT ordinal_position FROM information_schema.columns WHERE table_schema = CURRENT_SCHEMA() AND table_name = 'booked_slots' AND column_name = 'daycare_id') AND objoid = (SELECT oid FROM pg_catalog.pg_class WHERE relname = 'booked_slots' AND relnamespace = (SELECT oid FROM pg_catalog.pg_namespace WHERE nspname = CURRENT_SCHEMA()))

2025/02/13 14:39:00 /home/bryan/repos/skripsi/backend/setup/setup.go:78
[1.268ms] [rows:0] SELECT description FROM pg_catalog.pg_description WHERE objsubid = (SELECT ordinal_position FROM information_schema.columns WHERE table_schema = CURRENT_SCHEMA() AND table_name = 'booked_slots' AND column_name = 'pet_id') AND objoid = (SELECT oid FROM pg_catalog.pg_class WHERE relname = 'booked_slots' AND relnamespace = (SELECT oid FROM pg_catalog.pg_namespace WHERE nspname = CURRENT_SCHEMA()))

2025/02/13 14:39:00 /home/bryan/repos/skripsi/backend/setup/setup.go:78
[1.361ms] [rows:0] SELECT description FROM pg_catalog.pg_description WHERE objsubid = (SELECT ordinal_position FROM information_schema.columns WHERE table_schema = CURRENT_SCHEMA() AND table_name = 'booked_slots' AND column_name = 'start_date') AND objoid = (SELECT oid FROM pg_catalog.pg_class WHERE relname = 'booked_slots' AND relnamespace = (SELECT oid FROM pg_catalog.pg_namespace WHERE nspname = CURRENT_SCHEMA()))

2025/02/13 14:39:00 /home/bryan/repos/skripsi/backend/setup/setup.go:78
[1.349ms] [rows:0] SELECT description FROM pg_catalog.pg_description WHERE objsubid = (SELECT ordinal_position FROM information_schema.columns WHERE table_schema = CURRENT_SCHEMA() AND table_name = 'booked_slots' AND column_name = 'end_date') AND objoid = (SELECT oid FROM pg_catalog.pg_class WHERE relname = 'booked_slots' AND relnamespace = (SELECT oid FROM pg_catalog.pg_namespace WHERE nspname = CURRENT_SCHEMA()))

2025/02/13 14:39:00 /home/bryan/repos/skripsi/backend/setup/setup.go:78
[1.131ms] [rows:1] SELECT count(*) FROM INFORMATION_SCHEMA.table_constraints WHERE table_schema = CURRENT_SCHEMA() AND table_name = 'booked_slots' AND constraint_name = 'fk_booked_slots_user'

2025/02/13 14:39:00 /home/bryan/repos/skripsi/backend/setup/setup.go:78
[1.005ms] [rows:1] SELECT count(*) FROM INFORMATION_SCHEMA.table_constraints WHERE table_schema = CURRENT_SCHEMA() AND table_name = 'booked_slots' AND constraint_name = 'fk_pets_booked_slots'

2025/02/13 14:39:00 /home/bryan/repos/skripsi/backend/setup/setup.go:78
[1.101ms] [rows:1] SELECT count(*) FROM INFORMATION_SCHEMA.table_constraints WHERE table_schema = CURRENT_SCHEMA() AND table_name = 'booked_slots' AND constraint_name = 'fk_pet_daycares_booked_slots'

2025/02/13 14:39:00 /home/bryan/repos/skripsi/backend/setup/setup.go:78
[2.687ms] [rows:1] SELECT count(*) FROM pg_indexes WHERE tablename = 'booked_slots' AND indexname = 'idx_booked_slots_deleted_at' AND schemaname = CURRENT_SCHEMA()

2025/02/13 14:39:00 /home/bryan/repos/skripsi/backend/setup/setup.go:78
[1.135ms] [rows:1] SELECT count(*) FROM information_schema.tables WHERE table_schema = CURRENT_SCHEMA() AND table_name = 'thumbnails' AND table_type = 'BASE TABLE'

2025/02/13 14:39:00 /home/bryan/repos/skripsi/backend/setup/setup.go:78
[0.829ms] [rows:1] SELECT CURRENT_DATABASE()

2025/02/13 14:39:00 /home/bryan/repos/skripsi/backend/setup/setup.go:78
[3.166ms] [rows:-] SELECT c.column_name, c.is_nullable = 'YES', c.udt_name, c.character_maximum_length, c.numeric_precision, c.numeric_precision_radix, c.numeric_scale, c.datetime_precision, 8 * typlen, c.column_default, pd.description, c.identity_increment FROM information_schema.columns AS c JOIN pg_type AS pgt ON c.udt_name = pgt.typname LEFT JOIN pg_catalog.pg_description as pd ON pd.objsubid = c.ordinal_position AND pd.objoid = (SELECT oid FROM pg_catalog.pg_class WHERE relname = c.table_name AND relnamespace = (SELECT oid FROM pg_catalog.pg_namespace WHERE nspname = c.table_schema)) where table_catalog = $1$ AND table_schema = CURRENT_SCHEMA() AND table_name = $2$

2025/02/13 14:39:00 /home/bryan/repos/skripsi/backend/setup/setup.go:78
[1.123ms] [rows:-] SELECT * FROM "thumbnails" LIMIT $1$

2025/02/13 14:39:00 /home/bryan/repos/skripsi/backend/setup/setup.go:78
[2.387ms] [rows:-] SELECT constraint_name FROM information_schema.table_constraints tc JOIN information_schema.constraint_column_usage AS ccu USING (constraint_schema, constraint_catalog, table_name, constraint_name) JOIN information_schema.columns AS c ON c.table_schema = tc.constraint_schema AND tc.table_name = c.table_name AND ccu.column_name = c.column_name WHERE constraint_type IN ('PRIMARY KEY', 'UNIQUE') AND c.table_catalog = $1$ AND c.table_schema = CURRENT_SCHEMA() AND c.table_name = $2$ AND constraint_type = $3$

2025/02/13 14:39:00 /home/bryan/repos/skripsi/backend/setup/setup.go:78
[2.486ms] [rows:-] SELECT c.column_name, constraint_name, constraint_type FROM information_schema.table_constraints tc JOIN information_schema.constraint_column_usage AS ccu USING (constraint_schema, constraint_catalog, table_name, constraint_name) JOIN information_schema.columns AS c ON c.table_schema = tc.constraint_schema AND tc.table_name = c.table_name AND ccu.column_name = c.column_name WHERE constraint_type IN ('PRIMARY KEY', 'UNIQUE') AND c.table_catalog = $1$ AND c.table_schema = CURRENT_SCHEMA() AND c.table_name = $2$

2025/02/13 14:39:00 /home/bryan/repos/skripsi/backend/setup/setup.go:78
[1.046ms] [rows:-] SELECT a.attname as column_name, format_type(a.atttypid, a.atttypmod) AS data_type
		FROM pg_attribute a JOIN pg_class b ON a.attrelid = b.oid AND relnamespace = (SELECT oid FROM pg_catalog.pg_namespace WHERE nspname = CURRENT_SCHEMA())
		WHERE a.attnum > 0 -- hide internal columns
		AND NOT a.attisdropped -- hide deleted columns
		AND b.relname = $1$

2025/02/13 14:39:00 /home/bryan/repos/skripsi/backend/setup/setup.go:78
[1.683ms] [rows:0] SELECT description FROM pg_catalog.pg_description WHERE objsubid = (SELECT ordinal_position FROM information_schema.columns WHERE table_schema = CURRENT_SCHEMA() AND table_name = 'thumbnails' AND column_name = 'id') AND objoid = (SELECT oid FROM pg_catalog.pg_class WHERE relname = 'thumbnails' AND relnamespace = (SELECT oid FROM pg_catalog.pg_namespace WHERE nspname = CURRENT_SCHEMA()))

2025/02/13 14:39:00 /home/bryan/repos/skripsi/backend/setup/setup.go:78
[1.454ms] [rows:0] SELECT description FROM pg_catalog.pg_description WHERE objsubid = (SELECT ordinal_position FROM information_schema.columns WHERE table_schema = CURRENT_SCHEMA() AND table_name = 'thumbnails' AND column_name = 'daycare_id') AND objoid = (SELECT oid FROM pg_catalog.pg_class WHERE relname = 'thumbnails' AND relnamespace = (SELECT oid FROM pg_catalog.pg_namespace WHERE nspname = CURRENT_SCHEMA()))

2025/02/13 14:39:00 /home/bryan/repos/skripsi/backend/setup/setup.go:78
[1.408ms] [rows:0] SELECT description FROM pg_catalog.pg_description WHERE objsubid = (SELECT ordinal_position FROM information_schema.columns WHERE table_schema = CURRENT_SCHEMA() AND table_name = 'thumbnails' AND column_name = 'image_url') AND objoid = (SELECT oid FROM pg_catalog.pg_class WHERE relname = 'thumbnails' AND relnamespace = (SELECT oid FROM pg_catalog.pg_namespace WHERE nspname = CURRENT_SCHEMA()))

2025/02/13 14:39:00 /home/bryan/repos/skripsi/backend/setup/setup.go:78
[1.173ms] [rows:1] SELECT count(*) FROM INFORMATION_SCHEMA.table_constraints WHERE table_schema = CURRENT_SCHEMA() AND table_name = 'thumbnails' AND constraint_name = 'fk_pet_daycares_thumbnails'

2025/02/13 14:39:00 /home/bryan/repos/skripsi/backend/setup/setup.go:78
[0.981ms] [rows:1] SELECT count(*) FROM information_schema.tables WHERE table_schema = CURRENT_SCHEMA() AND table_name = 'reviews' AND table_type = 'BASE TABLE'

2025/02/13 14:39:00 /home/bryan/repos/skripsi/backend/setup/setup.go:78
[0.673ms] [rows:1] SELECT CURRENT_DATABASE()

2025/02/13 14:39:00 /home/bryan/repos/skripsi/backend/setup/setup.go:78
[3.489ms] [rows:-] SELECT c.column_name, c.is_nullable = 'YES', c.udt_name, c.character_maximum_length, c.numeric_precision, c.numeric_precision_radix, c.numeric_scale, c.datetime_precision, 8 * typlen, c.column_default, pd.description, c.identity_increment FROM information_schema.columns AS c JOIN pg_type AS pgt ON c.udt_name = pgt.typname LEFT JOIN pg_catalog.pg_description as pd ON pd.objsubid = c.ordinal_position AND pd.objoid = (SELECT oid FROM pg_catalog.pg_class WHERE relname = c.table_name AND relnamespace = (SELECT oid FROM pg_catalog.pg_namespace WHERE nspname = c.table_schema)) where table_catalog = $1$ AND table_schema = CURRENT_SCHEMA() AND table_name = $2$

2025/02/13 14:39:00 /home/bryan/repos/skripsi/backend/setup/setup.go:78
[1.020ms] [rows:-] SELECT * FROM "reviews" LIMIT $1$

2025/02/13 14:39:00 /home/bryan/repos/skripsi/backend/setup/setup.go:78
[2.921ms] [rows:-] SELECT constraint_name FROM information_schema.table_constraints tc JOIN information_schema.constraint_column_usage AS ccu USING (constraint_schema, constraint_catalog, table_name, constraint_name) JOIN information_schema.columns AS c ON c.table_schema = tc.constraint_schema AND tc.table_name = c.table_name AND ccu.column_name = c.column_name WHERE constraint_type IN ('PRIMARY KEY', 'UNIQUE') AND c.table_catalog = $1$ AND c.table_schema = CURRENT_SCHEMA() AND c.table_name = $2$ AND constraint_type = $3$

2025/02/13 14:39:00 /home/bryan/repos/skripsi/backend/setup/setup.go:78
[2.895ms] [rows:-] SELECT c.column_name, constraint_name, constraint_type FROM information_schema.table_constraints tc JOIN information_schema.constraint_column_usage AS ccu USING (constraint_schema, constraint_catalog, table_name, constraint_name) JOIN information_schema.columns AS c ON c.table_schema = tc.constraint_schema AND tc.table_name = c.table_name AND ccu.column_name = c.column_name WHERE constraint_type IN ('PRIMARY KEY', 'UNIQUE') AND c.table_catalog = $1$ AND c.table_schema = CURRENT_SCHEMA() AND c.table_name = $2$

2025/02/13 14:39:00 /home/bryan/repos/skripsi/backend/setup/setup.go:78
[0.898ms] [rows:-] SELECT a.attname as column_name, format_type(a.atttypid, a.atttypmod) AS data_type
		FROM pg_attribute a JOIN pg_class b ON a.attrelid = b.oid AND relnamespace = (SELECT oid FROM pg_catalog.pg_namespace WHERE nspname = CURRENT_SCHEMA())
		WHERE a.attnum > 0 -- hide internal columns
		AND NOT a.attisdropped -- hide deleted columns
		AND b.relname = $1$

2025/02/13 14:39:00 /home/bryan/repos/skripsi/backend/setup/setup.go:78
[1.264ms] [rows:0] SELECT description FROM pg_catalog.pg_description WHERE objsubid = (SELECT ordinal_position FROM information_schema.columns WHERE table_schema = CURRENT_SCHEMA() AND table_name = 'reviews' AND column_name = 'id') AND objoid = (SELECT oid FROM pg_catalog.pg_class WHERE relname = 'reviews' AND relnamespace = (SELECT oid FROM pg_catalog.pg_namespace WHERE nspname = CURRENT_SCHEMA()))

2025/02/13 14:39:00 /home/bryan/repos/skripsi/backend/setup/setup.go:78
[1.401ms] [rows:0] SELECT description FROM pg_catalog.pg_description WHERE objsubid = (SELECT ordinal_position FROM information_schema.columns WHERE table_schema = CURRENT_SCHEMA() AND table_name = 'reviews' AND column_name = 'created_at') AND objoid = (SELECT oid FROM pg_catalog.pg_class WHERE relname = 'reviews' AND relnamespace = (SELECT oid FROM pg_catalog.pg_namespace WHERE nspname = CURRENT_SCHEMA()))

2025/02/13 14:39:00 /home/bryan/repos/skripsi/backend/setup/setup.go:78
[1.198ms] [rows:0] SELECT description FROM pg_catalog.pg_description WHERE objsubid = (SELECT ordinal_position FROM information_schema.columns WHERE table_schema = CURRENT_SCHEMA() AND table_name = 'reviews' AND column_name = 'updated_at') AND objoid = (SELECT oid FROM pg_catalog.pg_class WHERE relname = 'reviews' AND relnamespace = (SELECT oid FROM pg_catalog.pg_namespace WHERE nspname = CURRENT_SCHEMA()))

2025/02/13 14:39:00 /home/bryan/repos/skripsi/backend/setup/setup.go:78
[1.630ms] [rows:0] SELECT description FROM pg_catalog.pg_description WHERE objsubid = (SELECT ordinal_position FROM information_schema.columns WHERE table_schema = CURRENT_SCHEMA() AND table_name = 'reviews' AND column_name = 'deleted_at') AND objoid = (SELECT oid FROM pg_catalog.pg_class WHERE relname = 'reviews' AND relnamespace = (SELECT oid FROM pg_catalog.pg_namespace WHERE nspname = CURRENT_SCHEMA()))

2025/02/13 14:39:00 /home/bryan/repos/skripsi/backend/setup/setup.go:78
[1.448ms] [rows:0] SELECT description FROM pg_catalog.pg_description WHERE objsubid = (SELECT ordinal_position FROM information_schema.columns WHERE table_schema = CURRENT_SCHEMA() AND table_name = 'reviews' AND column_name = 'daycare_id') AND objoid = (SELECT oid FROM pg_catalog.pg_class WHERE relname = 'reviews' AND relnamespace = (SELECT oid FROM pg_catalog.pg_namespace WHERE nspname = CURRENT_SCHEMA()))

2025/02/13 14:39:00 /home/bryan/repos/skripsi/backend/setup/setup.go:78
[1.638ms] [rows:0] SELECT description FROM pg_catalog.pg_description WHERE objsubid = (SELECT ordinal_position FROM information_schema.columns WHERE table_schema = CURRENT_SCHEMA() AND table_name = 'reviews' AND column_name = 'user_id') AND objoid = (SELECT oid FROM pg_catalog.pg_class WHERE relname = 'reviews' AND relnamespace = (SELECT oid FROM pg_catalog.pg_namespace WHERE nspname = CURRENT_SCHEMA()))

2025/02/13 14:39:00 /home/bryan/repos/skripsi/backend/setup/setup.go:78
[2.198ms] [rows:0] SELECT description FROM pg_catalog.pg_description WHERE objsubid = (SELECT ordinal_position FROM information_schema.columns WHERE table_schema = CURRENT_SCHEMA() AND table_name = 'reviews' AND column_name = 'name') AND objoid = (SELECT oid FROM pg_catalog.pg_class WHERE relname = 'reviews' AND relnamespace = (SELECT oid FROM pg_catalog.pg_namespace WHERE nspname = CURRENT_SCHEMA()))

2025/02/13 14:39:00 /home/bryan/repos/skripsi/backend/setup/setup.go:78
[1.698ms] [rows:0] SELECT description FROM pg_catalog.pg_description WHERE objsubid = (SELECT ordinal_position FROM information_schema.columns WHERE table_schema = CURRENT_SCHEMA() AND table_name = 'reviews' AND column_name = 'rate') AND objoid = (SELECT oid FROM pg_catalog.pg_class WHERE relname = 'reviews' AND relnamespace = (SELECT oid FROM pg_catalog.pg_namespace WHERE nspname = CURRENT_SCHEMA()))

2025/02/13 14:39:00 /home/bryan/repos/skripsi/backend/setup/setup.go:78
[1.474ms] [rows:0] SELECT description FROM pg_catalog.pg_description WHERE objsubid = (SELECT ordinal_position FROM information_schema.columns WHERE table_schema = CURRENT_SCHEMA() AND table_name = 'reviews' AND column_name = 'description') AND objoid = (SELECT oid FROM pg_catalog.pg_class WHERE relname = 'reviews' AND relnamespace = (SELECT oid FROM pg_catalog.pg_namespace WHERE nspname = CURRENT_SCHEMA()))

2025/02/13 14:39:00 /home/bryan/repos/skripsi/backend/setup/setup.go:78
[1.163ms] [rows:1] SELECT count(*) FROM INFORMATION_SCHEMA.table_constraints WHERE table_schema = CURRENT_SCHEMA() AND table_name = 'reviews' AND constraint_name = 'fk_pet_daycares_reviews'

2025/02/13 14:39:00 /home/bryan/repos/skripsi/backend/setup/setup.go:78
[1.184ms] [rows:1] SELECT count(*) FROM INFORMATION_SCHEMA.table_constraints WHERE table_schema = CURRENT_SCHEMA() AND table_name = 'reviews' AND constraint_name = 'fk_users_reviews'

2025/02/13 14:39:00 /home/bryan/repos/skripsi/backend/setup/setup.go:78
[2.534ms] [rows:1] SELECT count(*) FROM pg_indexes WHERE tablename = 'reviews' AND indexname = 'idx_reviews_deleted_at' AND schemaname = CURRENT_SCHEMA()

2025/02/13 14:39:00 /home/bryan/repos/skripsi/backend/setup/setup.go:78
[0.989ms] [rows:1] SELECT count(*) FROM information_schema.tables WHERE table_schema = CURRENT_SCHEMA() AND table_name = 'refresh_tokens' AND table_type = 'BASE TABLE'

2025/02/13 14:39:00 /home/bryan/repos/skripsi/backend/setup/setup.go:78
[0.719ms] [rows:1] SELECT CURRENT_DATABASE()

2025/02/13 14:39:00 /home/bryan/repos/skripsi/backend/setup/setup.go:78
[3.549ms] [rows:-] SELECT c.column_name, c.is_nullable = 'YES', c.udt_name, c.character_maximum_length, c.numeric_precision, c.numeric_precision_radix, c.numeric_scale, c.datetime_precision, 8 * typlen, c.column_default, pd.description, c.identity_increment FROM information_schema.columns AS c JOIN pg_type AS pgt ON c.udt_name = pgt.typname LEFT JOIN pg_catalog.pg_description as pd ON pd.objsubid = c.ordinal_position AND pd.objoid = (SELECT oid FROM pg_catalog.pg_class WHERE relname = c.table_name AND relnamespace = (SELECT oid FROM pg_catalog.pg_namespace WHERE nspname = c.table_schema)) where table_catalog = $1$ AND table_schema = CURRENT_SCHEMA() AND table_name = $2$

2025/02/13 14:39:00 /home/bryan/repos/skripsi/backend/setup/setup.go:78
[1.896ms] [rows:-] SELECT * FROM "refresh_tokens" LIMIT $1$

2025/02/13 14:39:00 /home/bryan/repos/skripsi/backend/setup/setup.go:78
[2.900ms] [rows:-] SELECT constraint_name FROM information_schema.table_constraints tc JOIN information_schema.constraint_column_usage AS ccu USING (constraint_schema, constraint_catalog, table_name, constraint_name) JOIN information_schema.columns AS c ON c.table_schema = tc.constraint_schema AND tc.table_name = c.table_name AND ccu.column_name = c.column_name WHERE constraint_type IN ('PRIMARY KEY', 'UNIQUE') AND c.table_catalog = $1$ AND c.table_schema = CURRENT_SCHEMA() AND c.table_name = $2$ AND constraint_type = $3$

2025/02/13 14:39:00 /home/bryan/repos/skripsi/backend/setup/setup.go:78
[3.045ms] [rows:-] SELECT c.column_name, constraint_name, constraint_type FROM information_schema.table_constraints tc JOIN information_schema.constraint_column_usage AS ccu USING (constraint_schema, constraint_catalog, table_name, constraint_name) JOIN information_schema.columns AS c ON c.table_schema = tc.constraint_schema AND tc.table_name = c.table_name AND ccu.column_name = c.column_name WHERE constraint_type IN ('PRIMARY KEY', 'UNIQUE') AND c.table_catalog = $1$ AND c.table_schema = CURRENT_SCHEMA() AND c.table_name = $2$

2025/02/13 14:39:00 /home/bryan/repos/skripsi/backend/setup/setup.go:78
[1.140ms] [rows:-] SELECT a.attname as column_name, format_type(a.atttypid, a.atttypmod) AS data_type
		FROM pg_attribute a JOIN pg_class b ON a.attrelid = b.oid AND relnamespace = (SELECT oid FROM pg_catalog.pg_namespace WHERE nspname = CURRENT_SCHEMA())
		WHERE a.attnum > 0 -- hide internal columns
		AND NOT a.attisdropped -- hide deleted columns
		AND b.relname = $1$

2025/02/13 14:39:00 /home/bryan/repos/skripsi/backend/setup/setup.go:78
[1.423ms] [rows:0] SELECT description FROM pg_catalog.pg_description WHERE objsubid = (SELECT ordinal_position FROM information_schema.columns WHERE table_schema = CURRENT_SCHEMA() AND table_name = 'refresh_tokens' AND column_name = 'id') AND objoid = (SELECT oid FROM pg_catalog.pg_class WHERE relname = 'refresh_tokens' AND relnamespace = (SELECT oid FROM pg_catalog.pg_namespace WHERE nspname = CURRENT_SCHEMA()))

2025/02/13 14:39:00 /home/bryan/repos/skripsi/backend/setup/setup.go:78
[1.513ms] [rows:0] SELECT description FROM pg_catalog.pg_description WHERE objsubid = (SELECT ordinal_position FROM information_schema.columns WHERE table_schema = CURRENT_SCHEMA() AND table_name = 'refresh_tokens' AND column_name = 'created_at') AND objoid = (SELECT oid FROM pg_catalog.pg_class WHERE relname = 'refresh_tokens' AND relnamespace = (SELECT oid FROM pg_catalog.pg_namespace WHERE nspname = CURRENT_SCHEMA()))

2025/02/13 14:39:00 /home/bryan/repos/skripsi/backend/setup/setup.go:78
[1.437ms] [rows:0] SELECT description FROM pg_catalog.pg_description WHERE objsubid = (SELECT ordinal_position FROM information_schema.columns WHERE table_schema = CURRENT_SCHEMA() AND table_name = 'refresh_tokens' AND column_name = 'updated_at') AND objoid = (SELECT oid FROM pg_catalog.pg_class WHERE relname = 'refresh_tokens' AND relnamespace = (SELECT oid FROM pg_catalog.pg_namespace WHERE nspname = CURRENT_SCHEMA()))

2025/02/13 14:39:00 /home/bryan/repos/skripsi/backend/setup/setup.go:78
[1.611ms] [rows:0] SELECT description FROM pg_catalog.pg_description WHERE objsubid = (SELECT ordinal_position FROM information_schema.columns WHERE table_schema = CURRENT_SCHEMA() AND table_name = 'refresh_tokens' AND column_name = 'deleted_at') AND objoid = (SELECT oid FROM pg_catalog.pg_class WHERE relname = 'refresh_tokens' AND relnamespace = (SELECT oid FROM pg_catalog.pg_namespace WHERE nspname = CURRENT_SCHEMA()))

2025/02/13 14:39:00 /home/bryan/repos/skripsi/backend/setup/setup.go:78
[1.375ms] [rows:0] SELECT description FROM pg_catalog.pg_description WHERE objsubid = (SELECT ordinal_position FROM information_schema.columns WHERE table_schema = CURRENT_SCHEMA() AND table_name = 'refresh_tokens' AND column_name = 'user_id') AND objoid = (SELECT oid FROM pg_catalog.pg_class WHERE relname = 'refresh_tokens' AND relnamespace = (SELECT oid FROM pg_catalog.pg_namespace WHERE nspname = CURRENT_SCHEMA()))

2025/02/13 14:39:00 /home/bryan/repos/skripsi/backend/setup/setup.go:78
[1.513ms] [rows:0] SELECT description FROM pg_catalog.pg_description WHERE objsubid = (SELECT ordinal_position FROM information_schema.columns WHERE table_schema = CURRENT_SCHEMA() AND table_name = 'refresh_tokens' AND column_name = 'token') AND objoid = (SELECT oid FROM pg_catalog.pg_class WHERE relname = 'refresh_tokens' AND relnamespace = (SELECT oid FROM pg_catalog.pg_namespace WHERE nspname = CURRENT_SCHEMA()))

2025/02/13 14:39:00 /home/bryan/repos/skripsi/backend/setup/setup.go:78
[1.430ms] [rows:0] SELECT description FROM pg_catalog.pg_description WHERE objsubid = (SELECT ordinal_position FROM information_schema.columns WHERE table_schema = CURRENT_SCHEMA() AND table_name = 'refresh_tokens' AND column_name = 'expires_at') AND objoid = (SELECT oid FROM pg_catalog.pg_class WHERE relname = 'refresh_tokens' AND relnamespace = (SELECT oid FROM pg_catalog.pg_namespace WHERE nspname = CURRENT_SCHEMA()))

2025/02/13 14:39:00 /home/bryan/repos/skripsi/backend/setup/setup.go:78
[0.981ms] [rows:1] SELECT count(*) FROM pg_indexes WHERE tablename = 'refresh_tokens' AND indexname = 'idx_refresh_tokens_user_id' AND schemaname = CURRENT_SCHEMA()

2025/02/13 14:39:00 /home/bryan/repos/skripsi/backend/setup/setup.go:78
[0.944ms] [rows:1] SELECT count(*) FROM pg_indexes WHERE tablename = 'refresh_tokens' AND indexname = 'idx_refresh_tokens_deleted_at' AND schemaname = CURRENT_SCHEMA()

2025/02/13 14:39:00 /home/bryan/repos/skripsi/backend/setup/setup.go:78
[0.925ms] [rows:1] SELECT count(*) FROM information_schema.tables WHERE table_schema = CURRENT_SCHEMA() AND table_name = 'transactions' AND table_type = 'BASE TABLE'

2025/02/13 14:39:00 /home/bryan/repos/skripsi/backend/setup/setup.go:78
[0.604ms] [rows:1] SELECT CURRENT_DATABASE()

2025/02/13 14:39:00 /home/bryan/repos/skripsi/backend/setup/setup.go:78
[3.087ms] [rows:-] SELECT c.column_name, c.is_nullable = 'YES', c.udt_name, c.character_maximum_length, c.numeric_precision, c.numeric_precision_radix, c.numeric_scale, c.datetime_precision, 8 * typlen, c.column_default, pd.description, c.identity_increment FROM information_schema.columns AS c JOIN pg_type AS pgt ON c.udt_name = pgt.typname LEFT JOIN pg_catalog.pg_description as pd ON pd.objsubid = c.ordinal_position AND pd.objoid = (SELECT oid FROM pg_catalog.pg_class WHERE relname = c.table_name AND relnamespace = (SELECT oid FROM pg_catalog.pg_namespace WHERE nspname = c.table_schema)) where table_catalog = $1$ AND table_schema = CURRENT_SCHEMA() AND table_name = $2$

2025/02/13 14:39:00 /home/bryan/repos/skripsi/backend/setup/setup.go:78
[0.940ms] [rows:-] SELECT * FROM "transactions" LIMIT $1$

2025/02/13 14:39:00 /home/bryan/repos/skripsi/backend/setup/setup.go:78
[2.509ms] [rows:-] SELECT constraint_name FROM information_schema.table_constraints tc JOIN information_schema.constraint_column_usage AS ccu USING (constraint_schema, constraint_catalog, table_name, constraint_name) JOIN information_schema.columns AS c ON c.table_schema = tc.constraint_schema AND tc.table_name = c.table_name AND ccu.column_name = c.column_name WHERE constraint_type IN ('PRIMARY KEY', 'UNIQUE') AND c.table_catalog = $1$ AND c.table_schema = CURRENT_SCHEMA() AND c.table_name = $2$ AND constraint_type = $3$

2025/02/13 14:39:01 /home/bryan/repos/skripsi/backend/setup/setup.go:78
[2.539ms] [rows:-] SELECT c.column_name, constraint_name, constraint_type FROM information_schema.table_constraints tc JOIN information_schema.constraint_column_usage AS ccu USING (constraint_schema, constraint_catalog, table_name, constraint_name) JOIN information_schema.columns AS c ON c.table_schema = tc.constraint_schema AND tc.table_name = c.table_name AND ccu.column_name = c.column_name WHERE constraint_type IN ('PRIMARY KEY', 'UNIQUE') AND c.table_catalog = $1$ AND c.table_schema = CURRENT_SCHEMA() AND c.table_name = $2$

2025/02/13 14:39:01 /home/bryan/repos/skripsi/backend/setup/setup.go:78
[1.796ms] [rows:-] SELECT a.attname as column_name, format_type(a.atttypid, a.atttypmod) AS data_type
		FROM pg_attribute a JOIN pg_class b ON a.attrelid = b.oid AND relnamespace = (SELECT oid FROM pg_catalog.pg_namespace WHERE nspname = CURRENT_SCHEMA())
		WHERE a.attnum > 0 -- hide internal columns
		AND NOT a.attisdropped -- hide deleted columns
		AND b.relname = $1$

2025/02/13 14:39:01 /home/bryan/repos/skripsi/backend/setup/setup.go:78
[2.415ms] [rows:0] SELECT description FROM pg_catalog.pg_description WHERE objsubid = (SELECT ordinal_position FROM information_schema.columns WHERE table_schema = CURRENT_SCHEMA() AND table_name = 'transactions' AND column_name = 'id') AND objoid = (SELECT oid FROM pg_catalog.pg_class WHERE relname = 'transactions' AND relnamespace = (SELECT oid FROM pg_catalog.pg_namespace WHERE nspname = CURRENT_SCHEMA()))

2025/02/13 14:39:01 /home/bryan/repos/skripsi/backend/setup/setup.go:78
[1.763ms] [rows:0] SELECT description FROM pg_catalog.pg_description WHERE objsubid = (SELECT ordinal_position FROM information_schema.columns WHERE table_schema = CURRENT_SCHEMA() AND table_name = 'transactions' AND column_name = 'created_at') AND objoid = (SELECT oid FROM pg_catalog.pg_class WHERE relname = 'transactions' AND relnamespace = (SELECT oid FROM pg_catalog.pg_namespace WHERE nspname = CURRENT_SCHEMA()))

2025/02/13 14:39:01 /home/bryan/repos/skripsi/backend/setup/setup.go:78
[1.723ms] [rows:0] SELECT description FROM pg_catalog.pg_description WHERE objsubid = (SELECT ordinal_position FROM information_schema.columns WHERE table_schema = CURRENT_SCHEMA() AND table_name = 'transactions' AND column_name = 'pet_daycare_id') AND objoid = (SELECT oid FROM pg_catalog.pg_class WHERE relname = 'transactions' AND relnamespace = (SELECT oid FROM pg_catalog.pg_namespace WHERE nspname = CURRENT_SCHEMA()))

2025/02/13 14:39:01 /home/bryan/repos/skripsi/backend/setup/setup.go:78
[1.743ms] [rows:0] SELECT description FROM pg_catalog.pg_description WHERE objsubid = (SELECT ordinal_position FROM information_schema.columns WHERE table_schema = CURRENT_SCHEMA() AND table_name = 'transactions' AND column_name = 'booked_slot_id') AND objoid = (SELECT oid FROM pg_catalog.pg_class WHERE relname = 'transactions' AND relnamespace = (SELECT oid FROM pg_catalog.pg_namespace WHERE nspname = CURRENT_SCHEMA()))

2025/02/13 14:39:01 /home/bryan/repos/skripsi/backend/setup/setup.go:78
[1.591ms] [rows:0] SELECT description FROM pg_catalog.pg_description WHERE objsubid = (SELECT ordinal_position FROM information_schema.columns WHERE table_schema = CURRENT_SCHEMA() AND table_name = 'transactions' AND column_name = 'status') AND objoid = (SELECT oid FROM pg_catalog.pg_class WHERE relname = 'transactions' AND relnamespace = (SELECT oid FROM pg_catalog.pg_namespace WHERE nspname = CURRENT_SCHEMA()))

2025/02/13 14:39:01 /home/bryan/repos/skripsi/backend/setup/setup.go:78
[1.440ms] [rows:1] SELECT count(*) FROM INFORMATION_SCHEMA.table_constraints WHERE table_schema = CURRENT_SCHEMA() AND table_name = 'transactions' AND constraint_name = 'fk_transactions_pet_daycare'

2025/02/13 14:39:01 /home/bryan/repos/skripsi/backend/setup/setup.go:78
[1.535ms] [rows:1] SELECT count(*) FROM INFORMATION_SCHEMA.table_constraints WHERE table_schema = CURRENT_SCHEMA() AND table_name = 'transactions' AND constraint_name = 'fk_transactions_booked_slot'

2025/02/13 14:39:01 /home/bryan/repos/skripsi/backend/setup/setup.go:78
[1.370ms] [rows:1] SELECT count(*) FROM information_schema.tables WHERE table_schema = CURRENT_SCHEMA() AND table_name = 'reduce_slots' AND table_type = 'BASE TABLE'

2025/02/13 14:39:01 /home/bryan/repos/skripsi/backend/setup/setup.go:78
[1.085ms] [rows:1] SELECT CURRENT_DATABASE()

2025/02/13 14:39:01 /home/bryan/repos/skripsi/backend/setup/setup.go:78
[3.795ms] [rows:-] SELECT c.column_name, c.is_nullable = 'YES', c.udt_name, c.character_maximum_length, c.numeric_precision, c.numeric_precision_radix, c.numeric_scale, c.datetime_precision, 8 * typlen, c.column_default, pd.description, c.identity_increment FROM information_schema.columns AS c JOIN pg_type AS pgt ON c.udt_name = pgt.typname LEFT JOIN pg_catalog.pg_description as pd ON pd.objsubid = c.ordinal_position AND pd.objoid = (SELECT oid FROM pg_catalog.pg_class WHERE relname = c.table_name AND relnamespace = (SELECT oid FROM pg_catalog.pg_namespace WHERE nspname = c.table_schema)) where table_catalog = $1$ AND table_schema = CURRENT_SCHEMA() AND table_name = $2$

2025/02/13 14:39:01 /home/bryan/repos/skripsi/backend/setup/setup.go:78
[0.990ms] [rows:-] SELECT * FROM "reduce_slots" LIMIT $1$

2025/02/13 14:39:01 /home/bryan/repos/skripsi/backend/setup/setup.go:78
[2.500ms] [rows:-] SELECT constraint_name FROM information_schema.table_constraints tc JOIN information_schema.constraint_column_usage AS ccu USING (constraint_schema, constraint_catalog, table_name, constraint_name) JOIN information_schema.columns AS c ON c.table_schema = tc.constraint_schema AND tc.table_name = c.table_name AND ccu.column_name = c.column_name WHERE constraint_type IN ('PRIMARY KEY', 'UNIQUE') AND c.table_catalog = $1$ AND c.table_schema = CURRENT_SCHEMA() AND c.table_name = $2$ AND constraint_type = $3$

2025/02/13 14:39:01 /home/bryan/repos/skripsi/backend/setup/setup.go:78
[2.413ms] [rows:-] SELECT c.column_name, constraint_name, constraint_type FROM information_schema.table_constraints tc JOIN information_schema.constraint_column_usage AS ccu USING (constraint_schema, constraint_catalog, table_name, constraint_name) JOIN information_schema.columns AS c ON c.table_schema = tc.constraint_schema AND tc.table_name = c.table_name AND ccu.column_name = c.column_name WHERE constraint_type IN ('PRIMARY KEY', 'UNIQUE') AND c.table_catalog = $1$ AND c.table_schema = CURRENT_SCHEMA() AND c.table_name = $2$

2025/02/13 14:39:01 /home/bryan/repos/skripsi/backend/setup/setup.go:78
[1.117ms] [rows:-] SELECT a.attname as column_name, format_type(a.atttypid, a.atttypmod) AS data_type
		FROM pg_attribute a JOIN pg_class b ON a.attrelid = b.oid AND relnamespace = (SELECT oid FROM pg_catalog.pg_namespace WHERE nspname = CURRENT_SCHEMA())
		WHERE a.attnum > 0 -- hide internal columns
		AND NOT a.attisdropped -- hide deleted columns
		AND b.relname = $1$

2025/02/13 14:39:01 /home/bryan/repos/skripsi/backend/setup/setup.go:78
[1.441ms] [rows:0] SELECT description FROM pg_catalog.pg_description WHERE objsubid = (SELECT ordinal_position FROM information_schema.columns WHERE table_schema = CURRENT_SCHEMA() AND table_name = 'reduce_slots' AND column_name = 'id') AND objoid = (SELECT oid FROM pg_catalog.pg_class WHERE relname = 'reduce_slots' AND relnamespace = (SELECT oid FROM pg_catalog.pg_namespace WHERE nspname = CURRENT_SCHEMA()))

2025/02/13 14:39:01 /home/bryan/repos/skripsi/backend/setup/setup.go:78
[1.267ms] [rows:0] SELECT description FROM pg_catalog.pg_description WHERE objsubid = (SELECT ordinal_position FROM information_schema.columns WHERE table_schema = CURRENT_SCHEMA() AND table_name = 'reduce_slots' AND column_name = 'slot_id') AND objoid = (SELECT oid FROM pg_catalog.pg_class WHERE relname = 'reduce_slots' AND relnamespace = (SELECT oid FROM pg_catalog.pg_namespace WHERE nspname = CURRENT_SCHEMA()))

2025/02/13 14:39:01 /home/bryan/repos/skripsi/backend/setup/setup.go:78
[1.389ms] [rows:0] SELECT description FROM pg_catalog.pg_description WHERE objsubid = (SELECT ordinal_position FROM information_schema.columns WHERE table_schema = CURRENT_SCHEMA() AND table_name = 'reduce_slots' AND column_name = 'reduced_count') AND objoid = (SELECT oid FROM pg_catalog.pg_class WHERE relname = 'reduce_slots' AND relnamespace = (SELECT oid FROM pg_catalog.pg_namespace WHERE nspname = CURRENT_SCHEMA()))

2025/02/13 14:39:01 /home/bryan/repos/skripsi/backend/setup/setup.go:78
[1.944ms] [rows:0] SELECT description FROM pg_catalog.pg_description WHERE objsubid = (SELECT ordinal_position FROM information_schema.columns WHERE table_schema = CURRENT_SCHEMA() AND table_name = 'reduce_slots' AND column_name = 'target_date') AND objoid = (SELECT oid FROM pg_catalog.pg_class WHERE relname = 'reduce_slots' AND relnamespace = (SELECT oid FROM pg_catalog.pg_namespace WHERE nspname = CURRENT_SCHEMA()))

2025/02/13 14:39:01 /home/bryan/repos/skripsi/backend/setup/setup.go:78
[1.119ms] [rows:1] SELECT count(*) FROM information_schema.tables WHERE table_schema = CURRENT_SCHEMA() AND table_name = 'booked_slots_dailies' AND table_type = 'BASE TABLE'

2025/02/13 14:39:01 /home/bryan/repos/skripsi/backend/setup/setup.go:78
[0.820ms] [rows:1] SELECT CURRENT_DATABASE()

2025/02/13 14:39:01 /home/bryan/repos/skripsi/backend/setup/setup.go:78
[3.527ms] [rows:-] SELECT c.column_name, c.is_nullable = 'YES', c.udt_name, c.character_maximum_length, c.numeric_precision, c.numeric_precision_radix, c.numeric_scale, c.datetime_precision, 8 * typlen, c.column_default, pd.description, c.identity_increment FROM information_schema.columns AS c JOIN pg_type AS pgt ON c.udt_name = pgt.typname LEFT JOIN pg_catalog.pg_description as pd ON pd.objsubid = c.ordinal_position AND pd.objoid = (SELECT oid FROM pg_catalog.pg_class WHERE relname = c.table_name AND relnamespace = (SELECT oid FROM pg_catalog.pg_namespace WHERE nspname = c.table_schema)) where table_catalog = $1$ AND table_schema = CURRENT_SCHEMA() AND table_name = $2$

2025/02/13 14:39:01 /home/bryan/repos/skripsi/backend/setup/setup.go:78
[1.501ms] [rows:-] SELECT * FROM "booked_slots_dailies" LIMIT $1$

2025/02/13 14:39:01 /home/bryan/repos/skripsi/backend/setup/setup.go:78
[2.591ms] [rows:-] SELECT constraint_name FROM information_schema.table_constraints tc JOIN information_schema.constraint_column_usage AS ccu USING (constraint_schema, constraint_catalog, table_name, constraint_name) JOIN information_schema.columns AS c ON c.table_schema = tc.constraint_schema AND tc.table_name = c.table_name AND ccu.column_name = c.column_name WHERE constraint_type IN ('PRIMARY KEY', 'UNIQUE') AND c.table_catalog = $1$ AND c.table_schema = CURRENT_SCHEMA() AND c.table_name = $2$ AND constraint_type = $3$

2025/02/13 14:39:01 /home/bryan/repos/skripsi/backend/setup/setup.go:78
[2.441ms] [rows:-] SELECT c.column_name, constraint_name, constraint_type FROM information_schema.table_constraints tc JOIN information_schema.constraint_column_usage AS ccu USING (constraint_schema, constraint_catalog, table_name, constraint_name) JOIN information_schema.columns AS c ON c.table_schema = tc.constraint_schema AND tc.table_name = c.table_name AND ccu.column_name = c.column_name WHERE constraint_type IN ('PRIMARY KEY', 'UNIQUE') AND c.table_catalog = $1$ AND c.table_schema = CURRENT_SCHEMA() AND c.table_name = $2$

2025/02/13 14:39:01 /home/bryan/repos/skripsi/backend/setup/setup.go:78
[0.937ms] [rows:-] SELECT a.attname as column_name, format_type(a.atttypid, a.atttypmod) AS data_type
		FROM pg_attribute a JOIN pg_class b ON a.attrelid = b.oid AND relnamespace = (SELECT oid FROM pg_catalog.pg_namespace WHERE nspname = CURRENT_SCHEMA())
		WHERE a.attnum > 0 -- hide internal columns
		AND NOT a.attisdropped -- hide deleted columns
		AND b.relname = $1$

2025/02/13 14:39:01 /home/bryan/repos/skripsi/backend/setup/setup.go:78
[1.583ms] [rows:0] SELECT description FROM pg_catalog.pg_description WHERE objsubid = (SELECT ordinal_position FROM information_schema.columns WHERE table_schema = CURRENT_SCHEMA() AND table_name = 'booked_slots_dailies' AND column_name = 'id') AND objoid = (SELECT oid FROM pg_catalog.pg_class WHERE relname = 'booked_slots_dailies' AND relnamespace = (SELECT oid FROM pg_catalog.pg_namespace WHERE nspname = CURRENT_SCHEMA()))

2025/02/13 14:39:01 /home/bryan/repos/skripsi/backend/setup/setup.go:78
[1.546ms] [rows:0] SELECT description FROM pg_catalog.pg_description WHERE objsubid = (SELECT ordinal_position FROM information_schema.columns WHERE table_schema = CURRENT_SCHEMA() AND table_name = 'booked_slots_dailies' AND column_name = 'daycare_id') AND objoid = (SELECT oid FROM pg_catalog.pg_class WHERE relname = 'booked_slots_dailies' AND relnamespace = (SELECT oid FROM pg_catalog.pg_namespace WHERE nspname = CURRENT_SCHEMA()))

2025/02/13 14:39:01 /home/bryan/repos/skripsi/backend/setup/setup.go:78
[1.382ms] [rows:0] SELECT description FROM pg_catalog.pg_description WHERE objsubid = (SELECT ordinal_position FROM information_schema.columns WHERE table_schema = CURRENT_SCHEMA() AND table_name = 'booked_slots_dailies' AND column_name = 'date') AND objoid = (SELECT oid FROM pg_catalog.pg_class WHERE relname = 'booked_slots_dailies' AND relnamespace = (SELECT oid FROM pg_catalog.pg_namespace WHERE nspname = CURRENT_SCHEMA()))

2025/02/13 14:39:01 /home/bryan/repos/skripsi/backend/setup/setup.go:78
[1.427ms] [rows:0] SELECT description FROM pg_catalog.pg_description WHERE objsubid = (SELECT ordinal_position FROM information_schema.columns WHERE table_schema = CURRENT_SCHEMA() AND table_name = 'booked_slots_dailies' AND column_name = 'slot_count') AND objoid = (SELECT oid FROM pg_catalog.pg_class WHERE relname = 'booked_slots_dailies' AND relnamespace = (SELECT oid FROM pg_catalog.pg_namespace WHERE nspname = CURRENT_SCHEMA()))

2025/02/13 14:39:01 /home/bryan/repos/skripsi/backend/setup/setup.go:78
[1.120ms] [rows:1] SELECT count(*) FROM pg_indexes WHERE tablename = 'booked_slots_dailies' AND indexname = 'idx_booked_slots_dailies_date' AND schemaname = CURRENT_SCHEMA()
[GIN-debug] [WARNING] Creating an Engine instance with the Logger and Recovery middleware already attached.

[GIN-debug] [WARNING] Running in "debug" mode. Switch to "release" mode in production.
 - using env:	export GIN_MODE=release
 - using code:	gin.SetMode(gin.ReleaseMode)

[GIN-debug] GET    /assets/*filepath         --> github.com/gin-gonic/gin.(*RouterGroup).createStaticHandler.func1 (3 handlers)
[GIN-debug] HEAD   /assets/*filepath         --> github.com/gin-gonic/gin.(*RouterGroup).createStaticHandler.func1 (3 handlers)
[GIN-debug] POST   /users                    --> github.com/BryanEgbert/skripsi/controller.(*UserController).CreateUser-fm (3 handlers)
[GIN-debug] GET    /users/vets               --> github.com/BryanEgbert/skripsi/controller.(*UserController).GetVets-fm (4 handlers)
[GIN-debug] GET    /users/:id                --> github.com/BryanEgbert/skripsi/controller.(*UserController).GetUser-fm (4 handlers)
[GIN-debug] DELETE /users                    --> github.com/BryanEgbert/skripsi/controller.(*UserController).DeleteUser-fm (4 handlers)
[GIN-debug] PUT    /users                    --> github.com/BryanEgbert/skripsi/controller.(*UserController).UpdateUserProfile-fm (4 handlers)
[GIN-debug] PATCH  /users/password           --> github.com/BryanEgbert/skripsi/controller.(*UserController).UpdateUserPassword-fm (4 handlers)
[GIN-debug] POST   /login                    --> github.com/BryanEgbert/skripsi/controller.(*AuthController).Login-fm (3 handlers)
[GIN-debug] POST   /refresh                  --> github.com/BryanEgbert/skripsi/controller.(*AuthController).RefreshToken-fm (4 handlers)
[GIN-debug] GET    /pets/:id                 --> github.com/BryanEgbert/skripsi/controller.(*PetController).GetPet-fm (4 handlers)
[GIN-debug] GET    /pets                     --> github.com/BryanEgbert/skripsi/controller.(*PetController).GetPets-fm (4 handlers)
[GIN-debug] POST   /pets                     --> github.com/BryanEgbert/skripsi/controller.(*PetController).CreatePet-fm (4 handlers)
[GIN-debug] PUT    /pets/:id                 --> github.com/BryanEgbert/skripsi/controller.(*PetController).UpdatePet-fm (4 handlers)
[GIN-debug] DELETE /pets/:id                 --> github.com/BryanEgbert/skripsi/controller.(*PetController).DeletePet-fm (4 handlers)
[GIN-debug] PATCH  /daycare/slot/:slotId     --> github.com/BryanEgbert/skripsi/controller.(*PetDaycareController).EditSlotCount-fm (4 handlers)
[GIN-debug] GET    /daycare/:id/slot         --> github.com/BryanEgbert/skripsi/controller.(*PetDaycareController).GetPetDaycareSlots-fm (4 handlers)
[GIN-debug] POST   /daycare/:id/slot         --> github.com/BryanEgbert/skripsi/controller.(*PetDaycareController).CreateSlot-fm (4 handlers)
[GIN-debug] GET    /daycare/:id/review       --> github.com/BryanEgbert/skripsi/controller.(*PetDaycareController).GetReviews-fm (4 handlers)
[GIN-debug] POST   /daycare/:id/review       --> github.com/BryanEgbert/skripsi/controller.(*PetDaycareController).CreateReview-fm (4 handlers)
[GIN-debug] DELETE /daycare/:id/review       --> github.com/BryanEgbert/skripsi/controller.(*PetDaycareController).DeleteReview-fm (4 handlers)
[GIN-debug] GET    /daycare/:id              --> github.com/BryanEgbert/skripsi/controller.(*PetDaycareController).GetPetDaycare-fm (4 handlers)
[GIN-debug] GET    /daycare                  --> github.com/BryanEgbert/skripsi/controller.(*PetDaycareController).GetPetDaycares-fm (4 handlers)
[GIN-debug] POST   /daycare                  --> github.com/BryanEgbert/skripsi/controller.(*PetDaycareController).CreatePetDaycare-fm (4 handlers)
[GIN-debug] PUT    /daycare/:id              --> github.com/BryanEgbert/skripsi/controller.(*PetDaycareController).UpdatePetDaycare-fm (4 handlers)
[GIN-debug] DELETE /daycare/:id              --> github.com/BryanEgbert/skripsi/controller.(*PetDaycareController).DeletePetDaycare-fm (4 handlers)

2025/02/13 14:39:01 /home/bryan/repos/skripsi/backend/service/pet_service.go:61
[1.819ms] [rows:2] SELECT * FROM "size_categories" WHERE "size_categories"."id" IN ($1$,$2$)

2025/02/13 14:39:01 /home/bryan/repos/skripsi/backend/service/pet_service.go:61
[1.747ms] [rows:1] SELECT * FROM "species" WHERE "species"."id" = $1$

2025/02/13 14:39:01 /home/bryan/repos/skripsi/backend/service/pet_service.go:61
[6.768ms] [rows:2] SELECT * FROM "pets" WHERE owner_id = $1$ AND "pets"."deleted_at" IS NULL ORDER BY id ASC LIMIT $2$
[GIN] 2025/02/13 - 14:39:01 | 200 |     6.88479ms |                 | GET      "/pets"
--- PASS: TestGetPets (1.45s)
    --- PASS: TestGetPets/On_get_pet,_should_return_petDTO_when_pet_ID_exists_in_DB (1.45s)
=== RUN   TestCreatePet
=== RUN   TestCreatePet/On_create_pet,_should_return_201_on_success

2025/02/13 14:39:01 /home/bryan/repos/skripsi/backend/setup/setup.go:60
[325.099ms] [rows:0] TRUNCATE TABLE users, vet_specialties, user_vet_specialties, pet_daycares, pets, size_categories, roles, slots, booked_slots, thumbnails, species, reviews, refresh_tokens, transactions, daily_walks, daily_playtimes, reduce_slots RESTART IDENTITY CASCADE;

2025/02/13 14:39:01 /home/bryan/repos/skripsi/backend/seeder/seeder.go:18
[14.329ms] [rows:3] INSERT INTO "roles" ("name","id") VALUES ($1$,$2$),($3$,$4$),($5$,$6$) RETURNING "id"

2025/02/13 14:39:01 /home/bryan/repos/skripsi/backend/seeder/seeder.go:29
[12.755ms] [rows:4] INSERT INTO "daily_walks" ("name","id") VALUES ($1$,$2$),($3$,$4$),($5$,$6$),($7$,$8$) RETURNING "id"

2025/02/13 14:39:01 /home/bryan/repos/skripsi/backend/seeder/seeder.go:39
[17.731ms] [rows:4] INSERT INTO "daily_playtimes" ("name","id") VALUES ($1$,$2$),($3$,$4$),($5$,$6$),($7$,$8$) RETURNING "id"

2025/02/13 14:39:01 /home/bryan/repos/skripsi/backend/seeder/seeder.go:61
[24.263ms] [rows:17] INSERT INTO "vet_specialties" ("name") VALUES ($1$),($2$),($3$),($4$),($5$),($6$),($7$),($8$),($9$),($10$),($11$),($12$),($13$),($14$),($15$),($16$),($17$) RETURNING "id"

2025/02/13 14:39:01 /home/bryan/repos/skripsi/backend/seeder/seeder.go:71
[19.238ms] [rows:3] INSERT INTO "species" ("name") VALUES ($1$),($2$),($3$) RETURNING "id"

2025/02/13 14:39:01 /home/bryan/repos/skripsi/backend/seeder/seeder.go:83
[9.825ms] [rows:5] INSERT INTO "size_categories" ("name","min_weight","max_weight") VALUES ($1$,$2$,$3$),($4$,$5$,$6$),($7$,$8$,$9$),($10$,$11$,$12$),($13$,$14$,$15$) RETURNING "id"

2025/02/13 14:39:01 /home/bryan/repos/skripsi/backend/seeder/seeder.go:106
[2.407ms] [rows:0] INSERT INTO "vet_specialties" ("name","id") VALUES ($1$,$2$),($3$,$4$),($5$,$6$) ON CONFLICT DO NOTHING RETURNING "id"

2025/02/13 14:39:01 /home/bryan/repos/skripsi/backend/seeder/seeder.go:106
[3.421ms] [rows:3] INSERT INTO "user_vet_specialties" ("user_id","vet_specialty_id") VALUES ($1$,$2$),($3$,$4$),($5$,$6$) ON CONFLICT DO NOTHING

2025/02/13 14:39:01 /home/bryan/repos/skripsi/backend/seeder/seeder.go:106
[19.092ms] [rows:6] INSERT INTO "users" ("created_at","updated_at","deleted_at","name","email","password","role_id","image_url") VALUES ($1$,$2$,$3$,$4$,$5$,$6$,$7$,$8$),($9$,$10$,$11$,$12$,$13$,$14$,$15$,$16$),($17$,$18$,$19$,$20$,$21$,$22$,$23$,$24$),($25$,$26$,$27$,$28$,$29$,$30$,$31$,$32$),($33$,$34$,$35$,$36$,$37$,$38$,$39$,DEFAULT),($40$,$41$,$42$,$43$,$44$,$45$,$46$,$47$) RETURNING "id","image_url"

2025/02/13 14:39:01 /home/bryan/repos/skripsi/backend/seeder/seeder.go:148
[1.770ms] [rows:0] INSERT INTO "daily_walks" ("name","id") VALUES ($1$,$2$) ON CONFLICT DO NOTHING RETURNING "id"

2025/02/13 14:39:01 /home/bryan/repos/skripsi/backend/seeder/seeder.go:148
[1.999ms] [rows:0] INSERT INTO "daily_playtimes" ("name","id") VALUES ($1$,$2$),($3$,$4$) ON CONFLICT DO NOTHING RETURNING "id"

2025/02/13 14:39:01 /home/bryan/repos/skripsi/backend/seeder/seeder.go:148
[11.633ms] [rows:3] INSERT INTO "pet_daycares" ("created_at","updated_at","deleted_at","name","address","latitude","longitude","price","pricing_type","description","has_pickup_service","must_be_vaccinated","food_provided","grooming_available","booked_num","daily_walks_id","daily_playtime_id","owner_id","food_brand") VALUES ($1$,$2$,$3$,$4$,$5$,$6$,$7$,$8$,$9$,$10$,$11$,$12$,$13$,$14$,$15$,$16$,$17$,$18$,$19$),($20$,$21$,$22$,$23$,$24$,$25$,$26$,$27$,$28$,$29$,$30$,$31$,$32$,$33$,$34$,$35$,$36$,$37$,$38$),($39$,$40$,$41$,$42$,$43$,$44$,$45$,$46$,$47$,$48$,$49$,$50$,$51$,$52$,$53$,$54$,$55$,$56$,$57$) RETURNING "id"

2025/02/13 14:39:01 /home/bryan/repos/skripsi/backend/seeder/seeder.go:158
[6.454ms] [rows:3] INSERT INTO "slots" ("created_at","updated_at","deleted_at","daycare_id","species_id","size_category_id","max_number") VALUES ($1$,$2$,$3$,$4$,$5$,$6$,$7$),($8$,$9$,$10$,$11$,$12$,$13$,$14$),($15$,$16$,$17$,$18$,$19$,$20$,$21$) RETURNING "id"

2025/02/13 14:39:01 /home/bryan/repos/skripsi/backend/seeder/seeder.go:172
[6.684ms] [rows:2] INSERT INTO "pets" ("created_at","updated_at","deleted_at","name","image_url","status","owner_id","species_id","size_id") VALUES ($1$,$2$,$3$,$4$,$5$,$6$,$7$,$8$,$9$),($10$,$11$,$12$,$13$,$14$,$15$,$16$,$17$,$18$) RETURNING "id"

2025/02/13 14:39:01 /home/bryan/repos/skripsi/backend/seeder/seeder.go:189
[7.382ms] [rows:2] INSERT INTO "booked_slots" ("created_at","updated_at","deleted_at","user_id","daycare_id","pet_id","start_date","end_date") VALUES ($1$,$2$,$3$,$4$,$5$,$6$,$7$,$8$),($9$,$10$,$11$,$12$,$13$,$14$,$15$,$16$) RETURNING "id"

2025/02/13 14:39:01 /home/bryan/repos/skripsi/backend/seeder/seeder.go:205
[7.610ms] [rows:3] INSERT INTO "reviews" ("created_at","updated_at","deleted_at","daycare_id","user_id","name","rate","description") VALUES ($1$,$2$,$3$,$4$,$5$,$6$,$7$,$8$),($9$,$10$,$11$,$12$,$13$,$14$,$15$,$16$),($17$,$18$,$19$,$20$,$21$,$22$,$23$,$24$) RETURNING "id"

2025/02/13 14:39:01 /home/bryan/repos/skripsi/backend/seeder/seeder.go:213
[5.417ms] [rows:1] INSERT INTO "reduce_slots" ("slot_id","reduced_count","target_date") VALUES ($1$,$2$,$3$) RETURNING "id"

2025/02/13 14:39:01 /home/bryan/repos/skripsi/backend/seeder/seeder.go:222
[7.358ms] [rows:2] INSERT INTO "thumbnails" ("daycare_id","image_url") VALUES ($1$,$2$),($3$,$4$) RETURNING "id"

2025/02/13 14:39:01 /home/bryan/repos/skripsi/backend/seeder/seeder.go:230
[6.800ms] [rows:1] INSERT INTO "transactions" ("pet_daycare_id","booked_slot_id","status") VALUES ($1$,$2$,$3$) RETURNING "created_at","id"

2025/02/13 14:39:01 /home/bryan/repos/skripsi/backend/setup/setup.go:78
[22.860ms] [rows:1] SELECT count(*) FROM information_schema.tables WHERE table_schema = CURRENT_SCHEMA() AND table_name = 'roles' AND table_type = 'BASE TABLE'

2025/02/13 14:39:01 /home/bryan/repos/skripsi/backend/setup/setup.go:78
[1.863ms] [rows:1] SELECT CURRENT_DATABASE()

2025/02/13 14:39:01 /home/bryan/repos/skripsi/backend/setup/setup.go:78
[33.503ms] [rows:-] SELECT c.column_name, c.is_nullable = 'YES', c.udt_name, c.character_maximum_length, c.numeric_precision, c.numeric_precision_radix, c.numeric_scale, c.datetime_precision, 8 * typlen, c.column_default, pd.description, c.identity_increment FROM information_schema.columns AS c JOIN pg_type AS pgt ON c.udt_name = pgt.typname LEFT JOIN pg_catalog.pg_description as pd ON pd.objsubid = c.ordinal_position AND pd.objoid = (SELECT oid FROM pg_catalog.pg_class WHERE relname = c.table_name AND relnamespace = (SELECT oid FROM pg_catalog.pg_namespace WHERE nspname = c.table_schema)) where table_catalog = $1$ AND table_schema = CURRENT_SCHEMA() AND table_name = $2$

2025/02/13 14:39:01 /home/bryan/repos/skripsi/backend/setup/setup.go:78
[0.958ms] [rows:-] SELECT * FROM "roles" LIMIT $1$

2025/02/13 14:39:01 /home/bryan/repos/skripsi/backend/setup/setup.go:78
[22.906ms] [rows:-] SELECT constraint_name FROM information_schema.table_constraints tc JOIN information_schema.constraint_column_usage AS ccu USING (constraint_schema, constraint_catalog, table_name, constraint_name) JOIN information_schema.columns AS c ON c.table_schema = tc.constraint_schema AND tc.table_name = c.table_name AND ccu.column_name = c.column_name WHERE constraint_type IN ('PRIMARY KEY', 'UNIQUE') AND c.table_catalog = $1$ AND c.table_schema = CURRENT_SCHEMA() AND c.table_name = $2$ AND constraint_type = $3$

2025/02/13 14:39:01 /home/bryan/repos/skripsi/backend/setup/setup.go:78
[27.874ms] [rows:-] SELECT c.column_name, constraint_name, constraint_type FROM information_schema.table_constraints tc JOIN information_schema.constraint_column_usage AS ccu USING (constraint_schema, constraint_catalog, table_name, constraint_name) JOIN information_schema.columns AS c ON c.table_schema = tc.constraint_schema AND tc.table_name = c.table_name AND ccu.column_name = c.column_name WHERE constraint_type IN ('PRIMARY KEY', 'UNIQUE') AND c.table_catalog = $1$ AND c.table_schema = CURRENT_SCHEMA() AND c.table_name = $2$

2025/02/13 14:39:01 /home/bryan/repos/skripsi/backend/setup/setup.go:78
[2.871ms] [rows:-] SELECT a.attname as column_name, format_type(a.atttypid, a.atttypmod) AS data_type
		FROM pg_attribute a JOIN pg_class b ON a.attrelid = b.oid AND relnamespace = (SELECT oid FROM pg_catalog.pg_namespace WHERE nspname = CURRENT_SCHEMA())
		WHERE a.attnum > 0 -- hide internal columns
		AND NOT a.attisdropped -- hide deleted columns
		AND b.relname = $1$

2025/02/13 14:39:01 /home/bryan/repos/skripsi/backend/setup/setup.go:78
[7.601ms] [rows:0] SELECT description FROM pg_catalog.pg_description WHERE objsubid = (SELECT ordinal_position FROM information_schema.columns WHERE table_schema = CURRENT_SCHEMA() AND table_name = 'roles' AND column_name = 'id') AND objoid = (SELECT oid FROM pg_catalog.pg_class WHERE relname = 'roles' AND relnamespace = (SELECT oid FROM pg_catalog.pg_namespace WHERE nspname = CURRENT_SCHEMA()))

2025/02/13 14:39:01 /home/bryan/repos/skripsi/backend/setup/setup.go:78
[6.000ms] [rows:0] SELECT description FROM pg_catalog.pg_description WHERE objsubid = (SELECT ordinal_position FROM information_schema.columns WHERE table_schema = CURRENT_SCHEMA() AND table_name = 'roles' AND column_name = 'name') AND objoid = (SELECT oid FROM pg_catalog.pg_class WHERE relname = 'roles' AND relnamespace = (SELECT oid FROM pg_catalog.pg_namespace WHERE nspname = CURRENT_SCHEMA()))

2025/02/13 14:39:01 /home/bryan/repos/skripsi/backend/setup/setup.go:78
[2.401ms] [rows:1] SELECT count(*) FROM information_schema.tables WHERE table_schema = CURRENT_SCHEMA() AND table_name = 'users' AND table_type = 'BASE TABLE'

2025/02/13 14:39:01 /home/bryan/repos/skripsi/backend/setup/setup.go:78
[0.744ms] [rows:1] SELECT CURRENT_DATABASE()

2025/02/13 14:39:01 /home/bryan/repos/skripsi/backend/setup/setup.go:78
[12.511ms] [rows:-] SELECT c.column_name, c.is_nullable = 'YES', c.udt_name, c.character_maximum_length, c.numeric_precision, c.numeric_precision_radix, c.numeric_scale, c.datetime_precision, 8 * typlen, c.column_default, pd.description, c.identity_increment FROM information_schema.columns AS c JOIN pg_type AS pgt ON c.udt_name = pgt.typname LEFT JOIN pg_catalog.pg_description as pd ON pd.objsubid = c.ordinal_position AND pd.objoid = (SELECT oid FROM pg_catalog.pg_class WHERE relname = c.table_name AND relnamespace = (SELECT oid FROM pg_catalog.pg_namespace WHERE nspname = c.table_schema)) where table_catalog = $1$ AND table_schema = CURRENT_SCHEMA() AND table_name = $2$

2025/02/13 14:39:01 /home/bryan/repos/skripsi/backend/setup/setup.go:78
[0.934ms] [rows:-] SELECT * FROM "users" LIMIT $1$

2025/02/13 14:39:01 /home/bryan/repos/skripsi/backend/setup/setup.go:78
[18.361ms] [rows:-] SELECT constraint_name FROM information_schema.table_constraints tc JOIN information_schema.constraint_column_usage AS ccu USING (constraint_schema, constraint_catalog, table_name, constraint_name) JOIN information_schema.columns AS c ON c.table_schema = tc.constraint_schema AND tc.table_name = c.table_name AND ccu.column_name = c.column_name WHERE constraint_type IN ('PRIMARY KEY', 'UNIQUE') AND c.table_catalog = $1$ AND c.table_schema = CURRENT_SCHEMA() AND c.table_name = $2$ AND constraint_type = $3$

2025/02/13 14:39:01 /home/bryan/repos/skripsi/backend/setup/setup.go:78
[18.544ms] [rows:-] SELECT c.column_name, constraint_name, constraint_type FROM information_schema.table_constraints tc JOIN information_schema.constraint_column_usage AS ccu USING (constraint_schema, constraint_catalog, table_name, constraint_name) JOIN information_schema.columns AS c ON c.table_schema = tc.constraint_schema AND tc.table_name = c.table_name AND ccu.column_name = c.column_name WHERE constraint_type IN ('PRIMARY KEY', 'UNIQUE') AND c.table_catalog = $1$ AND c.table_schema = CURRENT_SCHEMA() AND c.table_name = $2$

2025/02/13 14:39:01 /home/bryan/repos/skripsi/backend/setup/setup.go:78
[1.718ms] [rows:-] SELECT a.attname as column_name, format_type(a.atttypid, a.atttypmod) AS data_type
		FROM pg_attribute a JOIN pg_class b ON a.attrelid = b.oid AND relnamespace = (SELECT oid FROM pg_catalog.pg_namespace WHERE nspname = CURRENT_SCHEMA())
		WHERE a.attnum > 0 -- hide internal columns
		AND NOT a.attisdropped -- hide deleted columns
		AND b.relname = $1$

2025/02/13 14:39:01 /home/bryan/repos/skripsi/backend/setup/setup.go:78
[5.727ms] [rows:0] SELECT description FROM pg_catalog.pg_description WHERE objsubid = (SELECT ordinal_position FROM information_schema.columns WHERE table_schema = CURRENT_SCHEMA() AND table_name = 'users' AND column_name = 'id') AND objoid = (SELECT oid FROM pg_catalog.pg_class WHERE relname = 'users' AND relnamespace = (SELECT oid FROM pg_catalog.pg_namespace WHERE nspname = CURRENT_SCHEMA()))

2025/02/13 14:39:01 /home/bryan/repos/skripsi/backend/setup/setup.go:78
[5.984ms] [rows:0] SELECT description FROM pg_catalog.pg_description WHERE objsubid = (SELECT ordinal_position FROM information_schema.columns WHERE table_schema = CURRENT_SCHEMA() AND table_name = 'users' AND column_name = 'created_at') AND objoid = (SELECT oid FROM pg_catalog.pg_class WHERE relname = 'users' AND relnamespace = (SELECT oid FROM pg_catalog.pg_namespace WHERE nspname = CURRENT_SCHEMA()))

2025/02/13 14:39:01 /home/bryan/repos/skripsi/backend/setup/setup.go:78
[5.997ms] [rows:0] SELECT description FROM pg_catalog.pg_description WHERE objsubid = (SELECT ordinal_position FROM information_schema.columns WHERE table_schema = CURRENT_SCHEMA() AND table_name = 'users' AND column_name = 'updated_at') AND objoid = (SELECT oid FROM pg_catalog.pg_class WHERE relname = 'users' AND relnamespace = (SELECT oid FROM pg_catalog.pg_namespace WHERE nspname = CURRENT_SCHEMA()))

2025/02/13 14:39:01 /home/bryan/repos/skripsi/backend/setup/setup.go:78
[5.861ms] [rows:0] SELECT description FROM pg_catalog.pg_description WHERE objsubid = (SELECT ordinal_position FROM information_schema.columns WHERE table_schema = CURRENT_SCHEMA() AND table_name = 'users' AND column_name = 'deleted_at') AND objoid = (SELECT oid FROM pg_catalog.pg_class WHERE relname = 'users' AND relnamespace = (SELECT oid FROM pg_catalog.pg_namespace WHERE nspname = CURRENT_SCHEMA()))

2025/02/13 14:39:01 /home/bryan/repos/skripsi/backend/setup/setup.go:78
[1.502ms] [rows:0] SELECT description FROM pg_catalog.pg_description WHERE objsubid = (SELECT ordinal_position FROM information_schema.columns WHERE table_schema = CURRENT_SCHEMA() AND table_name = 'users' AND column_name = 'name') AND objoid = (SELECT oid FROM pg_catalog.pg_class WHERE relname = 'users' AND relnamespace = (SELECT oid FROM pg_catalog.pg_namespace WHERE nspname = CURRENT_SCHEMA()))

2025/02/13 14:39:01 /home/bryan/repos/skripsi/backend/setup/setup.go:78
[1.543ms] [rows:0] SELECT description FROM pg_catalog.pg_description WHERE objsubid = (SELECT ordinal_position FROM information_schema.columns WHERE table_schema = CURRENT_SCHEMA() AND table_name = 'users' AND column_name = 'email') AND objoid = (SELECT oid FROM pg_catalog.pg_class WHERE relname = 'users' AND relnamespace = (SELECT oid FROM pg_catalog.pg_namespace WHERE nspname = CURRENT_SCHEMA()))

2025/02/13 14:39:01 /home/bryan/repos/skripsi/backend/setup/setup.go:78
[1.836ms] [rows:0] SELECT description FROM pg_catalog.pg_description WHERE objsubid = (SELECT ordinal_position FROM information_schema.columns WHERE table_schema = CURRENT_SCHEMA() AND table_name = 'users' AND column_name = 'password') AND objoid = (SELECT oid FROM pg_catalog.pg_class WHERE relname = 'users' AND relnamespace = (SELECT oid FROM pg_catalog.pg_namespace WHERE nspname = CURRENT_SCHEMA()))

2025/02/13 14:39:01 /home/bryan/repos/skripsi/backend/setup/setup.go:78
[1.793ms] [rows:0] SELECT description FROM pg_catalog.pg_description WHERE objsubid = (SELECT ordinal_position FROM information_schema.columns WHERE table_schema = CURRENT_SCHEMA() AND table_name = 'users' AND column_name = 'image_url') AND objoid = (SELECT oid FROM pg_catalog.pg_class WHERE relname = 'users' AND relnamespace = (SELECT oid FROM pg_catalog.pg_namespace WHERE nspname = CURRENT_SCHEMA()))

2025/02/13 14:39:01 /home/bryan/repos/skripsi/backend/setup/setup.go:78
[1.513ms] [rows:0] SELECT description FROM pg_catalog.pg_description WHERE objsubid = (SELECT ordinal_position FROM information_schema.columns WHERE table_schema = CURRENT_SCHEMA() AND table_name = 'users' AND column_name = 'role_id') AND objoid = (SELECT oid FROM pg_catalog.pg_class WHERE relname = 'users' AND relnamespace = (SELECT oid FROM pg_catalog.pg_namespace WHERE nspname = CURRENT_SCHEMA()))

2025/02/13 14:39:01 /home/bryan/repos/skripsi/backend/setup/setup.go:78
[5.087ms] [rows:1] SELECT count(*) FROM INFORMATION_SCHEMA.table_constraints WHERE table_schema = CURRENT_SCHEMA() AND table_name = 'users' AND constraint_name = 'fk_roles_users'

2025/02/13 14:39:01 /home/bryan/repos/skripsi/backend/setup/setup.go:78
[6.908ms] [rows:1] SELECT count(*) FROM pg_indexes WHERE tablename = 'users' AND indexname = 'idx_users_deleted_at' AND schemaname = CURRENT_SCHEMA()

2025/02/13 14:39:01 /home/bryan/repos/skripsi/backend/setup/setup.go:78
[2.363ms] [rows:1] SELECT count(*) FROM information_schema.tables WHERE table_schema = CURRENT_SCHEMA() AND table_name = 'vet_specialties' AND table_type = 'BASE TABLE'

2025/02/13 14:39:01 /home/bryan/repos/skripsi/backend/setup/setup.go:78
[0.738ms] [rows:1] SELECT CURRENT_DATABASE()

2025/02/13 14:39:01 /home/bryan/repos/skripsi/backend/setup/setup.go:78
[12.021ms] [rows:-] SELECT c.column_name, c.is_nullable = 'YES', c.udt_name, c.character_maximum_length, c.numeric_precision, c.numeric_precision_radix, c.numeric_scale, c.datetime_precision, 8 * typlen, c.column_default, pd.description, c.identity_increment FROM information_schema.columns AS c JOIN pg_type AS pgt ON c.udt_name = pgt.typname LEFT JOIN pg_catalog.pg_description as pd ON pd.objsubid = c.ordinal_position AND pd.objoid = (SELECT oid FROM pg_catalog.pg_class WHERE relname = c.table_name AND relnamespace = (SELECT oid FROM pg_catalog.pg_namespace WHERE nspname = c.table_schema)) where table_catalog = $1$ AND table_schema = CURRENT_SCHEMA() AND table_name = $2$

2025/02/13 14:39:01 /home/bryan/repos/skripsi/backend/setup/setup.go:78
[0.977ms] [rows:-] SELECT * FROM "vet_specialties" LIMIT $1$

2025/02/13 14:39:01 /home/bryan/repos/skripsi/backend/setup/setup.go:78
[16.852ms] [rows:-] SELECT constraint_name FROM information_schema.table_constraints tc JOIN information_schema.constraint_column_usage AS ccu USING (constraint_schema, constraint_catalog, table_name, constraint_name) JOIN information_schema.columns AS c ON c.table_schema = tc.constraint_schema AND tc.table_name = c.table_name AND ccu.column_name = c.column_name WHERE constraint_type IN ('PRIMARY KEY', 'UNIQUE') AND c.table_catalog = $1$ AND c.table_schema = CURRENT_SCHEMA() AND c.table_name = $2$ AND constraint_type = $3$

2025/02/13 14:39:01 /home/bryan/repos/skripsi/backend/setup/setup.go:78
[16.109ms] [rows:-] SELECT c.column_name, constraint_name, constraint_type FROM information_schema.table_constraints tc JOIN information_schema.constraint_column_usage AS ccu USING (constraint_schema, constraint_catalog, table_name, constraint_name) JOIN information_schema.columns AS c ON c.table_schema = tc.constraint_schema AND tc.table_name = c.table_name AND ccu.column_name = c.column_name WHERE constraint_type IN ('PRIMARY KEY', 'UNIQUE') AND c.table_catalog = $1$ AND c.table_schema = CURRENT_SCHEMA() AND c.table_name = $2$

2025/02/13 14:39:01 /home/bryan/repos/skripsi/backend/setup/setup.go:78
[1.697ms] [rows:-] SELECT a.attname as column_name, format_type(a.atttypid, a.atttypmod) AS data_type
		FROM pg_attribute a JOIN pg_class b ON a.attrelid = b.oid AND relnamespace = (SELECT oid FROM pg_catalog.pg_namespace WHERE nspname = CURRENT_SCHEMA())
		WHERE a.attnum > 0 -- hide internal columns
		AND NOT a.attisdropped -- hide deleted columns
		AND b.relname = $1$

2025/02/13 14:39:01 /home/bryan/repos/skripsi/backend/setup/setup.go:78
[1.595ms] [rows:0] SELECT description FROM pg_catalog.pg_description WHERE objsubid = (SELECT ordinal_position FROM information_schema.columns WHERE table_schema = CURRENT_SCHEMA() AND table_name = 'vet_specialties' AND column_name = 'id') AND objoid = (SELECT oid FROM pg_catalog.pg_class WHERE relname = 'vet_specialties' AND relnamespace = (SELECT oid FROM pg_catalog.pg_namespace WHERE nspname = CURRENT_SCHEMA()))

2025/02/13 14:39:01 /home/bryan/repos/skripsi/backend/setup/setup.go:78
[1.369ms] [rows:0] SELECT description FROM pg_catalog.pg_description WHERE objsubid = (SELECT ordinal_position FROM information_schema.columns WHERE table_schema = CURRENT_SCHEMA() AND table_name = 'vet_specialties' AND column_name = 'name') AND objoid = (SELECT oid FROM pg_catalog.pg_class WHERE relname = 'vet_specialties' AND relnamespace = (SELECT oid FROM pg_catalog.pg_namespace WHERE nspname = CURRENT_SCHEMA()))

2025/02/13 14:39:01 /home/bryan/repos/skripsi/backend/setup/setup.go:78
[2.064ms] [rows:1] SELECT count(*) FROM information_schema.tables WHERE table_schema = CURRENT_SCHEMA() AND table_name = 'user_vet_specialties' AND table_type = 'BASE TABLE'

2025/02/13 14:39:01 /home/bryan/repos/skripsi/backend/setup/setup.go:78
[0.702ms] [rows:1] SELECT CURRENT_DATABASE()

2025/02/13 14:39:02 /home/bryan/repos/skripsi/backend/setup/setup.go:78
[11.056ms] [rows:-] SELECT c.column_name, c.is_nullable = 'YES', c.udt_name, c.character_maximum_length, c.numeric_precision, c.numeric_precision_radix, c.numeric_scale, c.datetime_precision, 8 * typlen, c.column_default, pd.description, c.identity_increment FROM information_schema.columns AS c JOIN pg_type AS pgt ON c.udt_name = pgt.typname LEFT JOIN pg_catalog.pg_description as pd ON pd.objsubid = c.ordinal_position AND pd.objoid = (SELECT oid FROM pg_catalog.pg_class WHERE relname = c.table_name AND relnamespace = (SELECT oid FROM pg_catalog.pg_namespace WHERE nspname = c.table_schema)) where table_catalog = $1$ AND table_schema = CURRENT_SCHEMA() AND table_name = $2$

2025/02/13 14:39:02 /home/bryan/repos/skripsi/backend/setup/setup.go:78
[0.911ms] [rows:-] SELECT * FROM "user_vet_specialties" LIMIT $1$

2025/02/13 14:39:02 /home/bryan/repos/skripsi/backend/setup/setup.go:78
[15.779ms] [rows:-] SELECT constraint_name FROM information_schema.table_constraints tc JOIN information_schema.constraint_column_usage AS ccu USING (constraint_schema, constraint_catalog, table_name, constraint_name) JOIN information_schema.columns AS c ON c.table_schema = tc.constraint_schema AND tc.table_name = c.table_name AND ccu.column_name = c.column_name WHERE constraint_type IN ('PRIMARY KEY', 'UNIQUE') AND c.table_catalog = $1$ AND c.table_schema = CURRENT_SCHEMA() AND c.table_name = $2$ AND constraint_type = $3$

2025/02/13 14:39:02 /home/bryan/repos/skripsi/backend/setup/setup.go:78
[15.668ms] [rows:-] SELECT c.column_name, constraint_name, constraint_type FROM information_schema.table_constraints tc JOIN information_schema.constraint_column_usage AS ccu USING (constraint_schema, constraint_catalog, table_name, constraint_name) JOIN information_schema.columns AS c ON c.table_schema = tc.constraint_schema AND tc.table_name = c.table_name AND ccu.column_name = c.column_name WHERE constraint_type IN ('PRIMARY KEY', 'UNIQUE') AND c.table_catalog = $1$ AND c.table_schema = CURRENT_SCHEMA() AND c.table_name = $2$

2025/02/13 14:39:02 /home/bryan/repos/skripsi/backend/setup/setup.go:78
[1.604ms] [rows:-] SELECT a.attname as column_name, format_type(a.atttypid, a.atttypmod) AS data_type
		FROM pg_attribute a JOIN pg_class b ON a.attrelid = b.oid AND relnamespace = (SELECT oid FROM pg_catalog.pg_namespace WHERE nspname = CURRENT_SCHEMA())
		WHERE a.attnum > 0 -- hide internal columns
		AND NOT a.attisdropped -- hide deleted columns
		AND b.relname = $1$

2025/02/13 14:39:02 /home/bryan/repos/skripsi/backend/setup/setup.go:78
[1.490ms] [rows:0] SELECT description FROM pg_catalog.pg_description WHERE objsubid = (SELECT ordinal_position FROM information_schema.columns WHERE table_schema = CURRENT_SCHEMA() AND table_name = 'user_vet_specialties' AND column_name = 'user_id') AND objoid = (SELECT oid FROM pg_catalog.pg_class WHERE relname = 'user_vet_specialties' AND relnamespace = (SELECT oid FROM pg_catalog.pg_namespace WHERE nspname = CURRENT_SCHEMA()))

2025/02/13 14:39:02 /home/bryan/repos/skripsi/backend/setup/setup.go:78
[1.363ms] [rows:0] SELECT description FROM pg_catalog.pg_description WHERE objsubid = (SELECT ordinal_position FROM information_schema.columns WHERE table_schema = CURRENT_SCHEMA() AND table_name = 'user_vet_specialties' AND column_name = 'vet_specialty_id') AND objoid = (SELECT oid FROM pg_catalog.pg_class WHERE relname = 'user_vet_specialties' AND relnamespace = (SELECT oid FROM pg_catalog.pg_namespace WHERE nspname = CURRENT_SCHEMA()))

2025/02/13 14:39:02 /home/bryan/repos/skripsi/backend/setup/setup.go:78
[3.524ms] [rows:1] SELECT count(*) FROM INFORMATION_SCHEMA.table_constraints WHERE table_schema = CURRENT_SCHEMA() AND table_name = 'user_vet_specialties' AND constraint_name = 'fk_user_vet_specialties_user'

2025/02/13 14:39:02 /home/bryan/repos/skripsi/backend/setup/setup.go:78
[3.612ms] [rows:1] SELECT count(*) FROM INFORMATION_SCHEMA.table_constraints WHERE table_schema = CURRENT_SCHEMA() AND table_name = 'user_vet_specialties' AND constraint_name = 'fk_user_vet_specialties_vet_specialty'

2025/02/13 14:39:02 /home/bryan/repos/skripsi/backend/setup/setup.go:78
[2.093ms] [rows:1] SELECT count(*) FROM information_schema.tables WHERE table_schema = CURRENT_SCHEMA() AND table_name = 'daily_walks' AND table_type = 'BASE TABLE'

2025/02/13 14:39:02 /home/bryan/repos/skripsi/backend/setup/setup.go:78
[0.677ms] [rows:1] SELECT CURRENT_DATABASE()

2025/02/13 14:39:02 /home/bryan/repos/skripsi/backend/setup/setup.go:78
[10.945ms] [rows:-] SELECT c.column_name, c.is_nullable = 'YES', c.udt_name, c.character_maximum_length, c.numeric_precision, c.numeric_precision_radix, c.numeric_scale, c.datetime_precision, 8 * typlen, c.column_default, pd.description, c.identity_increment FROM information_schema.columns AS c JOIN pg_type AS pgt ON c.udt_name = pgt.typname LEFT JOIN pg_catalog.pg_description as pd ON pd.objsubid = c.ordinal_position AND pd.objoid = (SELECT oid FROM pg_catalog.pg_class WHERE relname = c.table_name AND relnamespace = (SELECT oid FROM pg_catalog.pg_namespace WHERE nspname = c.table_schema)) where table_catalog = $1$ AND table_schema = CURRENT_SCHEMA() AND table_name = $2$

2025/02/13 14:39:02 /home/bryan/repos/skripsi/backend/setup/setup.go:78
[0.913ms] [rows:-] SELECT * FROM "daily_walks" LIMIT $1$

2025/02/13 14:39:02 /home/bryan/repos/skripsi/backend/setup/setup.go:78
[21.275ms] [rows:-] SELECT constraint_name FROM information_schema.table_constraints tc JOIN information_schema.constraint_column_usage AS ccu USING (constraint_schema, constraint_catalog, table_name, constraint_name) JOIN information_schema.columns AS c ON c.table_schema = tc.constraint_schema AND tc.table_name = c.table_name AND ccu.column_name = c.column_name WHERE constraint_type IN ('PRIMARY KEY', 'UNIQUE') AND c.table_catalog = $1$ AND c.table_schema = CURRENT_SCHEMA() AND c.table_name = $2$ AND constraint_type = $3$

2025/02/13 14:39:02 /home/bryan/repos/skripsi/backend/setup/setup.go:78
[17.743ms] [rows:-] SELECT c.column_name, constraint_name, constraint_type FROM information_schema.table_constraints tc JOIN information_schema.constraint_column_usage AS ccu USING (constraint_schema, constraint_catalog, table_name, constraint_name) JOIN information_schema.columns AS c ON c.table_schema = tc.constraint_schema AND tc.table_name = c.table_name AND ccu.column_name = c.column_name WHERE constraint_type IN ('PRIMARY KEY', 'UNIQUE') AND c.table_catalog = $1$ AND c.table_schema = CURRENT_SCHEMA() AND c.table_name = $2$

2025/02/13 14:39:02 /home/bryan/repos/skripsi/backend/setup/setup.go:78
[1.702ms] [rows:-] SELECT a.attname as column_name, format_type(a.atttypid, a.atttypmod) AS data_type
		FROM pg_attribute a JOIN pg_class b ON a.attrelid = b.oid AND relnamespace = (SELECT oid FROM pg_catalog.pg_namespace WHERE nspname = CURRENT_SCHEMA())
		WHERE a.attnum > 0 -- hide internal columns
		AND NOT a.attisdropped -- hide deleted columns
		AND b.relname = $1$

2025/02/13 14:39:02 /home/bryan/repos/skripsi/backend/setup/setup.go:78
[1.391ms] [rows:0] SELECT description FROM pg_catalog.pg_description WHERE objsubid = (SELECT ordinal_position FROM information_schema.columns WHERE table_schema = CURRENT_SCHEMA() AND table_name = 'daily_walks' AND column_name = 'id') AND objoid = (SELECT oid FROM pg_catalog.pg_class WHERE relname = 'daily_walks' AND relnamespace = (SELECT oid FROM pg_catalog.pg_namespace WHERE nspname = CURRENT_SCHEMA()))

2025/02/13 14:39:02 /home/bryan/repos/skripsi/backend/setup/setup.go:78
[1.269ms] [rows:0] SELECT description FROM pg_catalog.pg_description WHERE objsubid = (SELECT ordinal_position FROM information_schema.columns WHERE table_schema = CURRENT_SCHEMA() AND table_name = 'daily_walks' AND column_name = 'name') AND objoid = (SELECT oid FROM pg_catalog.pg_class WHERE relname = 'daily_walks' AND relnamespace = (SELECT oid FROM pg_catalog.pg_namespace WHERE nspname = CURRENT_SCHEMA()))

2025/02/13 14:39:02 /home/bryan/repos/skripsi/backend/setup/setup.go:78
[2.035ms] [rows:1] SELECT count(*) FROM information_schema.tables WHERE table_schema = CURRENT_SCHEMA() AND table_name = 'daily_playtimes' AND table_type = 'BASE TABLE'

2025/02/13 14:39:02 /home/bryan/repos/skripsi/backend/setup/setup.go:78
[0.669ms] [rows:1] SELECT CURRENT_DATABASE()

2025/02/13 14:39:02 /home/bryan/repos/skripsi/backend/setup/setup.go:78
[12.767ms] [rows:-] SELECT c.column_name, c.is_nullable = 'YES', c.udt_name, c.character_maximum_length, c.numeric_precision, c.numeric_precision_radix, c.numeric_scale, c.datetime_precision, 8 * typlen, c.column_default, pd.description, c.identity_increment FROM information_schema.columns AS c JOIN pg_type AS pgt ON c.udt_name = pgt.typname LEFT JOIN pg_catalog.pg_description as pd ON pd.objsubid = c.ordinal_position AND pd.objoid = (SELECT oid FROM pg_catalog.pg_class WHERE relname = c.table_name AND relnamespace = (SELECT oid FROM pg_catalog.pg_namespace WHERE nspname = c.table_schema)) where table_catalog = $1$ AND table_schema = CURRENT_SCHEMA() AND table_name = $2$

2025/02/13 14:39:02 /home/bryan/repos/skripsi/backend/setup/setup.go:78
[1.107ms] [rows:-] SELECT * FROM "daily_playtimes" LIMIT $1$

2025/02/13 14:39:02 /home/bryan/repos/skripsi/backend/setup/setup.go:78
[21.064ms] [rows:-] SELECT constraint_name FROM information_schema.table_constraints tc JOIN information_schema.constraint_column_usage AS ccu USING (constraint_schema, constraint_catalog, table_name, constraint_name) JOIN information_schema.columns AS c ON c.table_schema = tc.constraint_schema AND tc.table_name = c.table_name AND ccu.column_name = c.column_name WHERE constraint_type IN ('PRIMARY KEY', 'UNIQUE') AND c.table_catalog = $1$ AND c.table_schema = CURRENT_SCHEMA() AND c.table_name = $2$ AND constraint_type = $3$

2025/02/13 14:39:02 /home/bryan/repos/skripsi/backend/setup/setup.go:78
[22.561ms] [rows:-] SELECT c.column_name, constraint_name, constraint_type FROM information_schema.table_constraints tc JOIN information_schema.constraint_column_usage AS ccu USING (constraint_schema, constraint_catalog, table_name, constraint_name) JOIN information_schema.columns AS c ON c.table_schema = tc.constraint_schema AND tc.table_name = c.table_name AND ccu.column_name = c.column_name WHERE constraint_type IN ('PRIMARY KEY', 'UNIQUE') AND c.table_catalog = $1$ AND c.table_schema = CURRENT_SCHEMA() AND c.table_name = $2$

2025/02/13 14:39:02 /home/bryan/repos/skripsi/backend/setup/setup.go:78
[2.195ms] [rows:-] SELECT a.attname as column_name, format_type(a.atttypid, a.atttypmod) AS data_type
		FROM pg_attribute a JOIN pg_class b ON a.attrelid = b.oid AND relnamespace = (SELECT oid FROM pg_catalog.pg_namespace WHERE nspname = CURRENT_SCHEMA())
		WHERE a.attnum > 0 -- hide internal columns
		AND NOT a.attisdropped -- hide deleted columns
		AND b.relname = $1$

2025/02/13 14:39:02 /home/bryan/repos/skripsi/backend/setup/setup.go:78
[1.832ms] [rows:0] SELECT description FROM pg_catalog.pg_description WHERE objsubid = (SELECT ordinal_position FROM information_schema.columns WHERE table_schema = CURRENT_SCHEMA() AND table_name = 'daily_playtimes' AND column_name = 'id') AND objoid = (SELECT oid FROM pg_catalog.pg_class WHERE relname = 'daily_playtimes' AND relnamespace = (SELECT oid FROM pg_catalog.pg_namespace WHERE nspname = CURRENT_SCHEMA()))

2025/02/13 14:39:02 /home/bryan/repos/skripsi/backend/setup/setup.go:78
[1.813ms] [rows:0] SELECT description FROM pg_catalog.pg_description WHERE objsubid = (SELECT ordinal_position FROM information_schema.columns WHERE table_schema = CURRENT_SCHEMA() AND table_name = 'daily_playtimes' AND column_name = 'name') AND objoid = (SELECT oid FROM pg_catalog.pg_class WHERE relname = 'daily_playtimes' AND relnamespace = (SELECT oid FROM pg_catalog.pg_namespace WHERE nspname = CURRENT_SCHEMA()))

2025/02/13 14:39:02 /home/bryan/repos/skripsi/backend/setup/setup.go:78
[1.206ms] [rows:1] SELECT count(*) FROM information_schema.tables WHERE table_schema = CURRENT_SCHEMA() AND table_name = 'pet_daycares' AND table_type = 'BASE TABLE'

2025/02/13 14:39:02 /home/bryan/repos/skripsi/backend/setup/setup.go:78
[0.809ms] [rows:1] SELECT CURRENT_DATABASE()

2025/02/13 14:39:02 /home/bryan/repos/skripsi/backend/setup/setup.go:78
[5.500ms] [rows:-] SELECT c.column_name, c.is_nullable = 'YES', c.udt_name, c.character_maximum_length, c.numeric_precision, c.numeric_precision_radix, c.numeric_scale, c.datetime_precision, 8 * typlen, c.column_default, pd.description, c.identity_increment FROM information_schema.columns AS c JOIN pg_type AS pgt ON c.udt_name = pgt.typname LEFT JOIN pg_catalog.pg_description as pd ON pd.objsubid = c.ordinal_position AND pd.objoid = (SELECT oid FROM pg_catalog.pg_class WHERE relname = c.table_name AND relnamespace = (SELECT oid FROM pg_catalog.pg_namespace WHERE nspname = c.table_schema)) where table_catalog = $1$ AND table_schema = CURRENT_SCHEMA() AND table_name = $2$

2025/02/13 14:39:02 /home/bryan/repos/skripsi/backend/setup/setup.go:78
[1.104ms] [rows:-] SELECT * FROM "pet_daycares" LIMIT $1$

2025/02/13 14:39:02 /home/bryan/repos/skripsi/backend/setup/setup.go:78
[6.718ms] [rows:-] SELECT constraint_name FROM information_schema.table_constraints tc JOIN information_schema.constraint_column_usage AS ccu USING (constraint_schema, constraint_catalog, table_name, constraint_name) JOIN information_schema.columns AS c ON c.table_schema = tc.constraint_schema AND tc.table_name = c.table_name AND ccu.column_name = c.column_name WHERE constraint_type IN ('PRIMARY KEY', 'UNIQUE') AND c.table_catalog = $1$ AND c.table_schema = CURRENT_SCHEMA() AND c.table_name = $2$ AND constraint_type = $3$

2025/02/13 14:39:02 /home/bryan/repos/skripsi/backend/setup/setup.go:78
[6.736ms] [rows:-] SELECT c.column_name, constraint_name, constraint_type FROM information_schema.table_constraints tc JOIN information_schema.constraint_column_usage AS ccu USING (constraint_schema, constraint_catalog, table_name, constraint_name) JOIN information_schema.columns AS c ON c.table_schema = tc.constraint_schema AND tc.table_name = c.table_name AND ccu.column_name = c.column_name WHERE constraint_type IN ('PRIMARY KEY', 'UNIQUE') AND c.table_catalog = $1$ AND c.table_schema = CURRENT_SCHEMA() AND c.table_name = $2$

2025/02/13 14:39:02 /home/bryan/repos/skripsi/backend/setup/setup.go:78
[1.221ms] [rows:-] SELECT a.attname as column_name, format_type(a.atttypid, a.atttypmod) AS data_type
		FROM pg_attribute a JOIN pg_class b ON a.attrelid = b.oid AND relnamespace = (SELECT oid FROM pg_catalog.pg_namespace WHERE nspname = CURRENT_SCHEMA())
		WHERE a.attnum > 0 -- hide internal columns
		AND NOT a.attisdropped -- hide deleted columns
		AND b.relname = $1$

2025/02/13 14:39:02 /home/bryan/repos/skripsi/backend/setup/setup.go:78
[1.639ms] [rows:0] SELECT description FROM pg_catalog.pg_description WHERE objsubid = (SELECT ordinal_position FROM information_schema.columns WHERE table_schema = CURRENT_SCHEMA() AND table_name = 'pet_daycares' AND column_name = 'id') AND objoid = (SELECT oid FROM pg_catalog.pg_class WHERE relname = 'pet_daycares' AND relnamespace = (SELECT oid FROM pg_catalog.pg_namespace WHERE nspname = CURRENT_SCHEMA()))

2025/02/13 14:39:02 /home/bryan/repos/skripsi/backend/setup/setup.go:78
[1.857ms] [rows:0] SELECT description FROM pg_catalog.pg_description WHERE objsubid = (SELECT ordinal_position FROM information_schema.columns WHERE table_schema = CURRENT_SCHEMA() AND table_name = 'pet_daycares' AND column_name = 'created_at') AND objoid = (SELECT oid FROM pg_catalog.pg_class WHERE relname = 'pet_daycares' AND relnamespace = (SELECT oid FROM pg_catalog.pg_namespace WHERE nspname = CURRENT_SCHEMA()))

2025/02/13 14:39:02 /home/bryan/repos/skripsi/backend/setup/setup.go:78
[1.608ms] [rows:0] SELECT description FROM pg_catalog.pg_description WHERE objsubid = (SELECT ordinal_position FROM information_schema.columns WHERE table_schema = CURRENT_SCHEMA() AND table_name = 'pet_daycares' AND column_name = 'updated_at') AND objoid = (SELECT oid FROM pg_catalog.pg_class WHERE relname = 'pet_daycares' AND relnamespace = (SELECT oid FROM pg_catalog.pg_namespace WHERE nspname = CURRENT_SCHEMA()))

2025/02/13 14:39:02 /home/bryan/repos/skripsi/backend/setup/setup.go:78
[1.471ms] [rows:0] SELECT description FROM pg_catalog.pg_description WHERE objsubid = (SELECT ordinal_position FROM information_schema.columns WHERE table_schema = CURRENT_SCHEMA() AND table_name = 'pet_daycares' AND column_name = 'deleted_at') AND objoid = (SELECT oid FROM pg_catalog.pg_class WHERE relname = 'pet_daycares' AND relnamespace = (SELECT oid FROM pg_catalog.pg_namespace WHERE nspname = CURRENT_SCHEMA()))

2025/02/13 14:39:02 /home/bryan/repos/skripsi/backend/setup/setup.go:78
[1.452ms] [rows:0] SELECT description FROM pg_catalog.pg_description WHERE objsubid = (SELECT ordinal_position FROM information_schema.columns WHERE table_schema = CURRENT_SCHEMA() AND table_name = 'pet_daycares' AND column_name = 'name') AND objoid = (SELECT oid FROM pg_catalog.pg_class WHERE relname = 'pet_daycares' AND relnamespace = (SELECT oid FROM pg_catalog.pg_namespace WHERE nspname = CURRENT_SCHEMA()))

2025/02/13 14:39:02 /home/bryan/repos/skripsi/backend/setup/setup.go:78
[1.355ms] [rows:0] SELECT description FROM pg_catalog.pg_description WHERE objsubid = (SELECT ordinal_position FROM information_schema.columns WHERE table_schema = CURRENT_SCHEMA() AND table_name = 'pet_daycares' AND column_name = 'address') AND objoid = (SELECT oid FROM pg_catalog.pg_class WHERE relname = 'pet_daycares' AND relnamespace = (SELECT oid FROM pg_catalog.pg_namespace WHERE nspname = CURRENT_SCHEMA()))

2025/02/13 14:39:02 /home/bryan/repos/skripsi/backend/setup/setup.go:78
[1.504ms] [rows:0] SELECT description FROM pg_catalog.pg_description WHERE objsubid = (SELECT ordinal_position FROM information_schema.columns WHERE table_schema = CURRENT_SCHEMA() AND table_name = 'pet_daycares' AND column_name = 'latitude') AND objoid = (SELECT oid FROM pg_catalog.pg_class WHERE relname = 'pet_daycares' AND relnamespace = (SELECT oid FROM pg_catalog.pg_namespace WHERE nspname = CURRENT_SCHEMA()))

2025/02/13 14:39:02 /home/bryan/repos/skripsi/backend/setup/setup.go:78
[1.444ms] [rows:0] SELECT description FROM pg_catalog.pg_description WHERE objsubid = (SELECT ordinal_position FROM information_schema.columns WHERE table_schema = CURRENT_SCHEMA() AND table_name = 'pet_daycares' AND column_name = 'longitude') AND objoid = (SELECT oid FROM pg_catalog.pg_class WHERE relname = 'pet_daycares' AND relnamespace = (SELECT oid FROM pg_catalog.pg_namespace WHERE nspname = CURRENT_SCHEMA()))

2025/02/13 14:39:02 /home/bryan/repos/skripsi/backend/setup/setup.go:78
[1.436ms] [rows:0] SELECT description FROM pg_catalog.pg_description WHERE objsubid = (SELECT ordinal_position FROM information_schema.columns WHERE table_schema = CURRENT_SCHEMA() AND table_name = 'pet_daycares' AND column_name = 'price') AND objoid = (SELECT oid FROM pg_catalog.pg_class WHERE relname = 'pet_daycares' AND relnamespace = (SELECT oid FROM pg_catalog.pg_namespace WHERE nspname = CURRENT_SCHEMA()))

2025/02/13 14:39:02 /home/bryan/repos/skripsi/backend/setup/setup.go:78
[1.841ms] [rows:0] SELECT description FROM pg_catalog.pg_description WHERE objsubid = (SELECT ordinal_position FROM information_schema.columns WHERE table_schema = CURRENT_SCHEMA() AND table_name = 'pet_daycares' AND column_name = 'pricing_type') AND objoid = (SELECT oid FROM pg_catalog.pg_class WHERE relname = 'pet_daycares' AND relnamespace = (SELECT oid FROM pg_catalog.pg_namespace WHERE nspname = CURRENT_SCHEMA()))

2025/02/13 14:39:02 /home/bryan/repos/skripsi/backend/setup/setup.go:78
[1.758ms] [rows:0] SELECT description FROM pg_catalog.pg_description WHERE objsubid = (SELECT ordinal_position FROM information_schema.columns WHERE table_schema = CURRENT_SCHEMA() AND table_name = 'pet_daycares' AND column_name = 'description') AND objoid = (SELECT oid FROM pg_catalog.pg_class WHERE relname = 'pet_daycares' AND relnamespace = (SELECT oid FROM pg_catalog.pg_namespace WHERE nspname = CURRENT_SCHEMA()))

2025/02/13 14:39:02 /home/bryan/repos/skripsi/backend/setup/setup.go:78
[1.645ms] [rows:0] SELECT description FROM pg_catalog.pg_description WHERE objsubid = (SELECT ordinal_position FROM information_schema.columns WHERE table_schema = CURRENT_SCHEMA() AND table_name = 'pet_daycares' AND column_name = 'has_pickup_service') AND objoid = (SELECT oid FROM pg_catalog.pg_class WHERE relname = 'pet_daycares' AND relnamespace = (SELECT oid FROM pg_catalog.pg_namespace WHERE nspname = CURRENT_SCHEMA()))

2025/02/13 14:39:02 /home/bryan/repos/skripsi/backend/setup/setup.go:78
[1.715ms] [rows:0] SELECT description FROM pg_catalog.pg_description WHERE objsubid = (SELECT ordinal_position FROM information_schema.columns WHERE table_schema = CURRENT_SCHEMA() AND table_name = 'pet_daycares' AND column_name = 'must_be_vaccinated') AND objoid = (SELECT oid FROM pg_catalog.pg_class WHERE relname = 'pet_daycares' AND relnamespace = (SELECT oid FROM pg_catalog.pg_namespace WHERE nspname = CURRENT_SCHEMA()))

2025/02/13 14:39:02 /home/bryan/repos/skripsi/backend/setup/setup.go:78
[1.642ms] [rows:0] SELECT description FROM pg_catalog.pg_description WHERE objsubid = (SELECT ordinal_position FROM information_schema.columns WHERE table_schema = CURRENT_SCHEMA() AND table_name = 'pet_daycares' AND column_name = 'food_provided') AND objoid = (SELECT oid FROM pg_catalog.pg_class WHERE relname = 'pet_daycares' AND relnamespace = (SELECT oid FROM pg_catalog.pg_namespace WHERE nspname = CURRENT_SCHEMA()))

2025/02/13 14:39:02 /home/bryan/repos/skripsi/backend/setup/setup.go:78
[1.583ms] [rows:0] SELECT description FROM pg_catalog.pg_description WHERE objsubid = (SELECT ordinal_position FROM information_schema.columns WHERE table_schema = CURRENT_SCHEMA() AND table_name = 'pet_daycares' AND column_name = 'grooming_available') AND objoid = (SELECT oid FROM pg_catalog.pg_class WHERE relname = 'pet_daycares' AND relnamespace = (SELECT oid FROM pg_catalog.pg_namespace WHERE nspname = CURRENT_SCHEMA()))

2025/02/13 14:39:02 /home/bryan/repos/skripsi/backend/setup/setup.go:78
[1.558ms] [rows:0] SELECT description FROM pg_catalog.pg_description WHERE objsubid = (SELECT ordinal_position FROM information_schema.columns WHERE table_schema = CURRENT_SCHEMA() AND table_name = 'pet_daycares' AND column_name = 'booked_num') AND objoid = (SELECT oid FROM pg_catalog.pg_class WHERE relname = 'pet_daycares' AND relnamespace = (SELECT oid FROM pg_catalog.pg_namespace WHERE nspname = CURRENT_SCHEMA()))

2025/02/13 14:39:02 /home/bryan/repos/skripsi/backend/setup/setup.go:78
[1.646ms] [rows:0] SELECT description FROM pg_catalog.pg_description WHERE objsubid = (SELECT ordinal_position FROM information_schema.columns WHERE table_schema = CURRENT_SCHEMA() AND table_name = 'pet_daycares' AND column_name = 'daily_walks_id') AND objoid = (SELECT oid FROM pg_catalog.pg_class WHERE relname = 'pet_daycares' AND relnamespace = (SELECT oid FROM pg_catalog.pg_namespace WHERE nspname = CURRENT_SCHEMA()))

2025/02/13 14:39:02 /home/bryan/repos/skripsi/backend/setup/setup.go:78
[1.566ms] [rows:0] SELECT description FROM pg_catalog.pg_description WHERE objsubid = (SELECT ordinal_position FROM information_schema.columns WHERE table_schema = CURRENT_SCHEMA() AND table_name = 'pet_daycares' AND column_name = 'daily_playtime_id') AND objoid = (SELECT oid FROM pg_catalog.pg_class WHERE relname = 'pet_daycares' AND relnamespace = (SELECT oid FROM pg_catalog.pg_namespace WHERE nspname = CURRENT_SCHEMA()))

2025/02/13 14:39:02 /home/bryan/repos/skripsi/backend/setup/setup.go:78
[1.485ms] [rows:0] SELECT description FROM pg_catalog.pg_description WHERE objsubid = (SELECT ordinal_position FROM information_schema.columns WHERE table_schema = CURRENT_SCHEMA() AND table_name = 'pet_daycares' AND column_name = 'owner_id') AND objoid = (SELECT oid FROM pg_catalog.pg_class WHERE relname = 'pet_daycares' AND relnamespace = (SELECT oid FROM pg_catalog.pg_namespace WHERE nspname = CURRENT_SCHEMA()))

2025/02/13 14:39:02 /home/bryan/repos/skripsi/backend/setup/setup.go:78
[1.528ms] [rows:0] SELECT description FROM pg_catalog.pg_description WHERE objsubid = (SELECT ordinal_position FROM information_schema.columns WHERE table_schema = CURRENT_SCHEMA() AND table_name = 'pet_daycares' AND column_name = 'food_brand') AND objoid = (SELECT oid FROM pg_catalog.pg_class WHERE relname = 'pet_daycares' AND relnamespace = (SELECT oid FROM pg_catalog.pg_namespace WHERE nspname = CURRENT_SCHEMA()))

2025/02/13 14:39:02 /home/bryan/repos/skripsi/backend/setup/setup.go:78
[4.775ms] [rows:1] SELECT count(*) FROM INFORMATION_SCHEMA.table_constraints WHERE table_schema = CURRENT_SCHEMA() AND table_name = 'pet_daycares' AND constraint_name = 'fk_users_pet_daycare'

2025/02/13 14:39:02 /home/bryan/repos/skripsi/backend/setup/setup.go:78
[4.731ms] [rows:1] SELECT count(*) FROM INFORMATION_SCHEMA.table_constraints WHERE table_schema = CURRENT_SCHEMA() AND table_name = 'pet_daycares' AND constraint_name = 'fk_pet_daycares_daily_walks'

2025/02/13 14:39:02 /home/bryan/repos/skripsi/backend/setup/setup.go:78
[4.762ms] [rows:1] SELECT count(*) FROM INFORMATION_SCHEMA.table_constraints WHERE table_schema = CURRENT_SCHEMA() AND table_name = 'pet_daycares' AND constraint_name = 'fk_pet_daycares_daily_playtime'

2025/02/13 14:39:02 /home/bryan/repos/skripsi/backend/setup/setup.go:78
[3.311ms] [rows:1] SELECT count(*) FROM pg_indexes WHERE tablename = 'pet_daycares' AND indexname = 'idx_pet_daycares_deleted_at' AND schemaname = CURRENT_SCHEMA()

2025/02/13 14:39:02 /home/bryan/repos/skripsi/backend/setup/setup.go:78
[1.035ms] [rows:1] SELECT count(*) FROM information_schema.tables WHERE table_schema = CURRENT_SCHEMA() AND table_name = 'species' AND table_type = 'BASE TABLE'

2025/02/13 14:39:02 /home/bryan/repos/skripsi/backend/setup/setup.go:78
[0.735ms] [rows:1] SELECT CURRENT_DATABASE()

2025/02/13 14:39:02 /home/bryan/repos/skripsi/backend/setup/setup.go:78
[3.627ms] [rows:-] SELECT c.column_name, c.is_nullable = 'YES', c.udt_name, c.character_maximum_length, c.numeric_precision, c.numeric_precision_radix, c.numeric_scale, c.datetime_precision, 8 * typlen, c.column_default, pd.description, c.identity_increment FROM information_schema.columns AS c JOIN pg_type AS pgt ON c.udt_name = pgt.typname LEFT JOIN pg_catalog.pg_description as pd ON pd.objsubid = c.ordinal_position AND pd.objoid = (SELECT oid FROM pg_catalog.pg_class WHERE relname = c.table_name AND relnamespace = (SELECT oid FROM pg_catalog.pg_namespace WHERE nspname = c.table_schema)) where table_catalog = $1$ AND table_schema = CURRENT_SCHEMA() AND table_name = $2$

2025/02/13 14:39:02 /home/bryan/repos/skripsi/backend/setup/setup.go:78
[0.872ms] [rows:-] SELECT * FROM "species" LIMIT $1$

2025/02/13 14:39:02 /home/bryan/repos/skripsi/backend/setup/setup.go:78
[2.976ms] [rows:-] SELECT constraint_name FROM information_schema.table_constraints tc JOIN information_schema.constraint_column_usage AS ccu USING (constraint_schema, constraint_catalog, table_name, constraint_name) JOIN information_schema.columns AS c ON c.table_schema = tc.constraint_schema AND tc.table_name = c.table_name AND ccu.column_name = c.column_name WHERE constraint_type IN ('PRIMARY KEY', 'UNIQUE') AND c.table_catalog = $1$ AND c.table_schema = CURRENT_SCHEMA() AND c.table_name = $2$ AND constraint_type = $3$

2025/02/13 14:39:02 /home/bryan/repos/skripsi/backend/setup/setup.go:78
[2.398ms] [rows:-] SELECT c.column_name, constraint_name, constraint_type FROM information_schema.table_constraints tc JOIN information_schema.constraint_column_usage AS ccu USING (constraint_schema, constraint_catalog, table_name, constraint_name) JOIN information_schema.columns AS c ON c.table_schema = tc.constraint_schema AND tc.table_name = c.table_name AND ccu.column_name = c.column_name WHERE constraint_type IN ('PRIMARY KEY', 'UNIQUE') AND c.table_catalog = $1$ AND c.table_schema = CURRENT_SCHEMA() AND c.table_name = $2$

2025/02/13 14:39:02 /home/bryan/repos/skripsi/backend/setup/setup.go:78
[0.979ms] [rows:-] SELECT a.attname as column_name, format_type(a.atttypid, a.atttypmod) AS data_type
		FROM pg_attribute a JOIN pg_class b ON a.attrelid = b.oid AND relnamespace = (SELECT oid FROM pg_catalog.pg_namespace WHERE nspname = CURRENT_SCHEMA())
		WHERE a.attnum > 0 -- hide internal columns
		AND NOT a.attisdropped -- hide deleted columns
		AND b.relname = $1$

2025/02/13 14:39:02 /home/bryan/repos/skripsi/backend/setup/setup.go:78
[1.421ms] [rows:0] SELECT description FROM pg_catalog.pg_description WHERE objsubid = (SELECT ordinal_position FROM information_schema.columns WHERE table_schema = CURRENT_SCHEMA() AND table_name = 'species' AND column_name = 'id') AND objoid = (SELECT oid FROM pg_catalog.pg_class WHERE relname = 'species' AND relnamespace = (SELECT oid FROM pg_catalog.pg_namespace WHERE nspname = CURRENT_SCHEMA()))

2025/02/13 14:39:02 /home/bryan/repos/skripsi/backend/setup/setup.go:78
[1.469ms] [rows:0] SELECT description FROM pg_catalog.pg_description WHERE objsubid = (SELECT ordinal_position FROM information_schema.columns WHERE table_schema = CURRENT_SCHEMA() AND table_name = 'species' AND column_name = 'name') AND objoid = (SELECT oid FROM pg_catalog.pg_class WHERE relname = 'species' AND relnamespace = (SELECT oid FROM pg_catalog.pg_namespace WHERE nspname = CURRENT_SCHEMA()))

2025/02/13 14:39:02 /home/bryan/repos/skripsi/backend/setup/setup.go:78
[0.963ms] [rows:1] SELECT count(*) FROM information_schema.tables WHERE table_schema = CURRENT_SCHEMA() AND table_name = 'size_categories' AND table_type = 'BASE TABLE'

2025/02/13 14:39:02 /home/bryan/repos/skripsi/backend/setup/setup.go:78
[0.693ms] [rows:1] SELECT CURRENT_DATABASE()

2025/02/13 14:39:02 /home/bryan/repos/skripsi/backend/setup/setup.go:78
[2.903ms] [rows:-] SELECT c.column_name, c.is_nullable = 'YES', c.udt_name, c.character_maximum_length, c.numeric_precision, c.numeric_precision_radix, c.numeric_scale, c.datetime_precision, 8 * typlen, c.column_default, pd.description, c.identity_increment FROM information_schema.columns AS c JOIN pg_type AS pgt ON c.udt_name = pgt.typname LEFT JOIN pg_catalog.pg_description as pd ON pd.objsubid = c.ordinal_position AND pd.objoid = (SELECT oid FROM pg_catalog.pg_class WHERE relname = c.table_name AND relnamespace = (SELECT oid FROM pg_catalog.pg_namespace WHERE nspname = c.table_schema)) where table_catalog = $1$ AND table_schema = CURRENT_SCHEMA() AND table_name = $2$

2025/02/13 14:39:02 /home/bryan/repos/skripsi/backend/setup/setup.go:78
[0.849ms] [rows:-] SELECT * FROM "size_categories" LIMIT $1$

2025/02/13 14:39:02 /home/bryan/repos/skripsi/backend/setup/setup.go:78
[2.346ms] [rows:-] SELECT constraint_name FROM information_schema.table_constraints tc JOIN information_schema.constraint_column_usage AS ccu USING (constraint_schema, constraint_catalog, table_name, constraint_name) JOIN information_schema.columns AS c ON c.table_schema = tc.constraint_schema AND tc.table_name = c.table_name AND ccu.column_name = c.column_name WHERE constraint_type IN ('PRIMARY KEY', 'UNIQUE') AND c.table_catalog = $1$ AND c.table_schema = CURRENT_SCHEMA() AND c.table_name = $2$ AND constraint_type = $3$

2025/02/13 14:39:02 /home/bryan/repos/skripsi/backend/setup/setup.go:78
[2.480ms] [rows:-] SELECT c.column_name, constraint_name, constraint_type FROM information_schema.table_constraints tc JOIN information_schema.constraint_column_usage AS ccu USING (constraint_schema, constraint_catalog, table_name, constraint_name) JOIN information_schema.columns AS c ON c.table_schema = tc.constraint_schema AND tc.table_name = c.table_name AND ccu.column_name = c.column_name WHERE constraint_type IN ('PRIMARY KEY', 'UNIQUE') AND c.table_catalog = $1$ AND c.table_schema = CURRENT_SCHEMA() AND c.table_name = $2$

2025/02/13 14:39:02 /home/bryan/repos/skripsi/backend/setup/setup.go:78
[0.891ms] [rows:-] SELECT a.attname as column_name, format_type(a.atttypid, a.atttypmod) AS data_type
		FROM pg_attribute a JOIN pg_class b ON a.attrelid = b.oid AND relnamespace = (SELECT oid FROM pg_catalog.pg_namespace WHERE nspname = CURRENT_SCHEMA())
		WHERE a.attnum > 0 -- hide internal columns
		AND NOT a.attisdropped -- hide deleted columns
		AND b.relname = $1$

2025/02/13 14:39:02 /home/bryan/repos/skripsi/backend/setup/setup.go:78
[1.386ms] [rows:0] SELECT description FROM pg_catalog.pg_description WHERE objsubid = (SELECT ordinal_position FROM information_schema.columns WHERE table_schema = CURRENT_SCHEMA() AND table_name = 'size_categories' AND column_name = 'id') AND objoid = (SELECT oid FROM pg_catalog.pg_class WHERE relname = 'size_categories' AND relnamespace = (SELECT oid FROM pg_catalog.pg_namespace WHERE nspname = CURRENT_SCHEMA()))

2025/02/13 14:39:02 /home/bryan/repos/skripsi/backend/setup/setup.go:78
[1.495ms] [rows:0] SELECT description FROM pg_catalog.pg_description WHERE objsubid = (SELECT ordinal_position FROM information_schema.columns WHERE table_schema = CURRENT_SCHEMA() AND table_name = 'size_categories' AND column_name = 'name') AND objoid = (SELECT oid FROM pg_catalog.pg_class WHERE relname = 'size_categories' AND relnamespace = (SELECT oid FROM pg_catalog.pg_namespace WHERE nspname = CURRENT_SCHEMA()))

2025/02/13 14:39:02 /home/bryan/repos/skripsi/backend/setup/setup.go:78
[1.545ms] [rows:0] SELECT description FROM pg_catalog.pg_description WHERE objsubid = (SELECT ordinal_position FROM information_schema.columns WHERE table_schema = CURRENT_SCHEMA() AND table_name = 'size_categories' AND column_name = 'min_weight') AND objoid = (SELECT oid FROM pg_catalog.pg_class WHERE relname = 'size_categories' AND relnamespace = (SELECT oid FROM pg_catalog.pg_namespace WHERE nspname = CURRENT_SCHEMA()))

2025/02/13 14:39:02 /home/bryan/repos/skripsi/backend/setup/setup.go:78
[1.869ms] [rows:0] SELECT description FROM pg_catalog.pg_description WHERE objsubid = (SELECT ordinal_position FROM information_schema.columns WHERE table_schema = CURRENT_SCHEMA() AND table_name = 'size_categories' AND column_name = 'max_weight') AND objoid = (SELECT oid FROM pg_catalog.pg_class WHERE relname = 'size_categories' AND relnamespace = (SELECT oid FROM pg_catalog.pg_namespace WHERE nspname = CURRENT_SCHEMA()))

2025/02/13 14:39:02 /home/bryan/repos/skripsi/backend/setup/setup.go:78
[1.133ms] [rows:1] SELECT count(*) FROM information_schema.tables WHERE table_schema = CURRENT_SCHEMA() AND table_name = 'pets' AND table_type = 'BASE TABLE'

2025/02/13 14:39:02 /home/bryan/repos/skripsi/backend/setup/setup.go:78
[0.724ms] [rows:1] SELECT CURRENT_DATABASE()

2025/02/13 14:39:02 /home/bryan/repos/skripsi/backend/setup/setup.go:78
[3.835ms] [rows:-] SELECT c.column_name, c.is_nullable = 'YES', c.udt_name, c.character_maximum_length, c.numeric_precision, c.numeric_precision_radix, c.numeric_scale, c.datetime_precision, 8 * typlen, c.column_default, pd.description, c.identity_increment FROM information_schema.columns AS c JOIN pg_type AS pgt ON c.udt_name = pgt.typname LEFT JOIN pg_catalog.pg_description as pd ON pd.objsubid = c.ordinal_position AND pd.objoid = (SELECT oid FROM pg_catalog.pg_class WHERE relname = c.table_name AND relnamespace = (SELECT oid FROM pg_catalog.pg_namespace WHERE nspname = c.table_schema)) where table_catalog = $1$ AND table_schema = CURRENT_SCHEMA() AND table_name = $2$

2025/02/13 14:39:02 /home/bryan/repos/skripsi/backend/setup/setup.go:78
[1.023ms] [rows:-] SELECT * FROM "pets" LIMIT $1$

2025/02/13 14:39:02 /home/bryan/repos/skripsi/backend/setup/setup.go:78
[3.234ms] [rows:-] SELECT constraint_name FROM information_schema.table_constraints tc JOIN information_schema.constraint_column_usage AS ccu USING (constraint_schema, constraint_catalog, table_name, constraint_name) JOIN information_schema.columns AS c ON c.table_schema = tc.constraint_schema AND tc.table_name = c.table_name AND ccu.column_name = c.column_name WHERE constraint_type IN ('PRIMARY KEY', 'UNIQUE') AND c.table_catalog = $1$ AND c.table_schema = CURRENT_SCHEMA() AND c.table_name = $2$ AND constraint_type = $3$

2025/02/13 14:39:02 /home/bryan/repos/skripsi/backend/setup/setup.go:78
[4.347ms] [rows:-] SELECT c.column_name, constraint_name, constraint_type FROM information_schema.table_constraints tc JOIN information_schema.constraint_column_usage AS ccu USING (constraint_schema, constraint_catalog, table_name, constraint_name) JOIN information_schema.columns AS c ON c.table_schema = tc.constraint_schema AND tc.table_name = c.table_name AND ccu.column_name = c.column_name WHERE constraint_type IN ('PRIMARY KEY', 'UNIQUE') AND c.table_catalog = $1$ AND c.table_schema = CURRENT_SCHEMA() AND c.table_name = $2$

2025/02/13 14:39:02 /home/bryan/repos/skripsi/backend/setup/setup.go:78
[1.329ms] [rows:-] SELECT a.attname as column_name, format_type(a.atttypid, a.atttypmod) AS data_type
		FROM pg_attribute a JOIN pg_class b ON a.attrelid = b.oid AND relnamespace = (SELECT oid FROM pg_catalog.pg_namespace WHERE nspname = CURRENT_SCHEMA())
		WHERE a.attnum > 0 -- hide internal columns
		AND NOT a.attisdropped -- hide deleted columns
		AND b.relname = $1$

2025/02/13 14:39:02 /home/bryan/repos/skripsi/backend/setup/setup.go:78
[2.477ms] [rows:0] SELECT description FROM pg_catalog.pg_description WHERE objsubid = (SELECT ordinal_position FROM information_schema.columns WHERE table_schema = CURRENT_SCHEMA() AND table_name = 'pets' AND column_name = 'id') AND objoid = (SELECT oid FROM pg_catalog.pg_class WHERE relname = 'pets' AND relnamespace = (SELECT oid FROM pg_catalog.pg_namespace WHERE nspname = CURRENT_SCHEMA()))

2025/02/13 14:39:02 /home/bryan/repos/skripsi/backend/setup/setup.go:78
[2.730ms] [rows:0] SELECT description FROM pg_catalog.pg_description WHERE objsubid = (SELECT ordinal_position FROM information_schema.columns WHERE table_schema = CURRENT_SCHEMA() AND table_name = 'pets' AND column_name = 'created_at') AND objoid = (SELECT oid FROM pg_catalog.pg_class WHERE relname = 'pets' AND relnamespace = (SELECT oid FROM pg_catalog.pg_namespace WHERE nspname = CURRENT_SCHEMA()))

2025/02/13 14:39:02 /home/bryan/repos/skripsi/backend/setup/setup.go:78
[1.727ms] [rows:0] SELECT description FROM pg_catalog.pg_description WHERE objsubid = (SELECT ordinal_position FROM information_schema.columns WHERE table_schema = CURRENT_SCHEMA() AND table_name = 'pets' AND column_name = 'updated_at') AND objoid = (SELECT oid FROM pg_catalog.pg_class WHERE relname = 'pets' AND relnamespace = (SELECT oid FROM pg_catalog.pg_namespace WHERE nspname = CURRENT_SCHEMA()))

2025/02/13 14:39:02 /home/bryan/repos/skripsi/backend/setup/setup.go:78
[1.788ms] [rows:0] SELECT description FROM pg_catalog.pg_description WHERE objsubid = (SELECT ordinal_position FROM information_schema.columns WHERE table_schema = CURRENT_SCHEMA() AND table_name = 'pets' AND column_name = 'deleted_at') AND objoid = (SELECT oid FROM pg_catalog.pg_class WHERE relname = 'pets' AND relnamespace = (SELECT oid FROM pg_catalog.pg_namespace WHERE nspname = CURRENT_SCHEMA()))

2025/02/13 14:39:02 /home/bryan/repos/skripsi/backend/setup/setup.go:78
[1.676ms] [rows:0] SELECT description FROM pg_catalog.pg_description WHERE objsubid = (SELECT ordinal_position FROM information_schema.columns WHERE table_schema = CURRENT_SCHEMA() AND table_name = 'pets' AND column_name = 'name') AND objoid = (SELECT oid FROM pg_catalog.pg_class WHERE relname = 'pets' AND relnamespace = (SELECT oid FROM pg_catalog.pg_namespace WHERE nspname = CURRENT_SCHEMA()))

2025/02/13 14:39:02 /home/bryan/repos/skripsi/backend/setup/setup.go:78
[2.132ms] [rows:0] SELECT description FROM pg_catalog.pg_description WHERE objsubid = (SELECT ordinal_position FROM information_schema.columns WHERE table_schema = CURRENT_SCHEMA() AND table_name = 'pets' AND column_name = 'image_url') AND objoid = (SELECT oid FROM pg_catalog.pg_class WHERE relname = 'pets' AND relnamespace = (SELECT oid FROM pg_catalog.pg_namespace WHERE nspname = CURRENT_SCHEMA()))

2025/02/13 14:39:02 /home/bryan/repos/skripsi/backend/setup/setup.go:78
[2.115ms] [rows:0] SELECT description FROM pg_catalog.pg_description WHERE objsubid = (SELECT ordinal_position FROM information_schema.columns WHERE table_schema = CURRENT_SCHEMA() AND table_name = 'pets' AND column_name = 'status') AND objoid = (SELECT oid FROM pg_catalog.pg_class WHERE relname = 'pets' AND relnamespace = (SELECT oid FROM pg_catalog.pg_namespace WHERE nspname = CURRENT_SCHEMA()))

2025/02/13 14:39:02 /home/bryan/repos/skripsi/backend/setup/setup.go:78
[1.901ms] [rows:0] SELECT description FROM pg_catalog.pg_description WHERE objsubid = (SELECT ordinal_position FROM information_schema.columns WHERE table_schema = CURRENT_SCHEMA() AND table_name = 'pets' AND column_name = 'owner_id') AND objoid = (SELECT oid FROM pg_catalog.pg_class WHERE relname = 'pets' AND relnamespace = (SELECT oid FROM pg_catalog.pg_namespace WHERE nspname = CURRENT_SCHEMA()))

2025/02/13 14:39:02 /home/bryan/repos/skripsi/backend/setup/setup.go:78
[1.716ms] [rows:0] SELECT description FROM pg_catalog.pg_description WHERE objsubid = (SELECT ordinal_position FROM information_schema.columns WHERE table_schema = CURRENT_SCHEMA() AND table_name = 'pets' AND column_name = 'species_id') AND objoid = (SELECT oid FROM pg_catalog.pg_class WHERE relname = 'pets' AND relnamespace = (SELECT oid FROM pg_catalog.pg_namespace WHERE nspname = CURRENT_SCHEMA()))

2025/02/13 14:39:02 /home/bryan/repos/skripsi/backend/setup/setup.go:78
[1.783ms] [rows:0] SELECT description FROM pg_catalog.pg_description WHERE objsubid = (SELECT ordinal_position FROM information_schema.columns WHERE table_schema = CURRENT_SCHEMA() AND table_name = 'pets' AND column_name = 'size_id') AND objoid = (SELECT oid FROM pg_catalog.pg_class WHERE relname = 'pets' AND relnamespace = (SELECT oid FROM pg_catalog.pg_namespace WHERE nspname = CURRENT_SCHEMA()))

2025/02/13 14:39:02 /home/bryan/repos/skripsi/backend/setup/setup.go:78
[1.492ms] [rows:1] SELECT count(*) FROM INFORMATION_SCHEMA.table_constraints WHERE table_schema = CURRENT_SCHEMA() AND table_name = 'pets' AND constraint_name = 'fk_pets_size_category'

2025/02/13 14:39:02 /home/bryan/repos/skripsi/backend/setup/setup.go:78
[1.346ms] [rows:1] SELECT count(*) FROM INFORMATION_SCHEMA.table_constraints WHERE table_schema = CURRENT_SCHEMA() AND table_name = 'pets' AND constraint_name = 'fk_users_pets'

2025/02/13 14:39:02 /home/bryan/repos/skripsi/backend/setup/setup.go:78
[1.347ms] [rows:1] SELECT count(*) FROM INFORMATION_SCHEMA.table_constraints WHERE table_schema = CURRENT_SCHEMA() AND table_name = 'pets' AND constraint_name = 'fk_pets_species'

2025/02/13 14:39:02 /home/bryan/repos/skripsi/backend/setup/setup.go:78
[3.047ms] [rows:1] SELECT count(*) FROM pg_indexes WHERE tablename = 'pets' AND indexname = 'idx_pets_deleted_at' AND schemaname = CURRENT_SCHEMA()

2025/02/13 14:39:02 /home/bryan/repos/skripsi/backend/setup/setup.go:78
[1.216ms] [rows:1] SELECT count(*) FROM information_schema.tables WHERE table_schema = CURRENT_SCHEMA() AND table_name = 'slots' AND table_type = 'BASE TABLE'

2025/02/13 14:39:02 /home/bryan/repos/skripsi/backend/setup/setup.go:78
[1.269ms] [rows:1] SELECT CURRENT_DATABASE()

2025/02/13 14:39:02 /home/bryan/repos/skripsi/backend/setup/setup.go:78
[4.870ms] [rows:-] SELECT c.column_name, c.is_nullable = 'YES', c.udt_name, c.character_maximum_length, c.numeric_precision, c.numeric_precision_radix, c.numeric_scale, c.datetime_precision, 8 * typlen, c.column_default, pd.description, c.identity_increment FROM information_schema.columns AS c JOIN pg_type AS pgt ON c.udt_name = pgt.typname LEFT JOIN pg_catalog.pg_description as pd ON pd.objsubid = c.ordinal_position AND pd.objoid = (SELECT oid FROM pg_catalog.pg_class WHERE relname = c.table_name AND relnamespace = (SELECT oid FROM pg_catalog.pg_namespace WHERE nspname = c.table_schema)) where table_catalog = $1$ AND table_schema = CURRENT_SCHEMA() AND table_name = $2$

2025/02/13 14:39:02 /home/bryan/repos/skripsi/backend/setup/setup.go:78
[1.155ms] [rows:-] SELECT * FROM "slots" LIMIT $1$

2025/02/13 14:39:02 /home/bryan/repos/skripsi/backend/setup/setup.go:78
[3.066ms] [rows:-] SELECT constraint_name FROM information_schema.table_constraints tc JOIN information_schema.constraint_column_usage AS ccu USING (constraint_schema, constraint_catalog, table_name, constraint_name) JOIN information_schema.columns AS c ON c.table_schema = tc.constraint_schema AND tc.table_name = c.table_name AND ccu.column_name = c.column_name WHERE constraint_type IN ('PRIMARY KEY', 'UNIQUE') AND c.table_catalog = $1$ AND c.table_schema = CURRENT_SCHEMA() AND c.table_name = $2$ AND constraint_type = $3$

2025/02/13 14:39:02 /home/bryan/repos/skripsi/backend/setup/setup.go:78
[3.246ms] [rows:-] SELECT c.column_name, constraint_name, constraint_type FROM information_schema.table_constraints tc JOIN information_schema.constraint_column_usage AS ccu USING (constraint_schema, constraint_catalog, table_name, constraint_name) JOIN information_schema.columns AS c ON c.table_schema = tc.constraint_schema AND tc.table_name = c.table_name AND ccu.column_name = c.column_name WHERE constraint_type IN ('PRIMARY KEY', 'UNIQUE') AND c.table_catalog = $1$ AND c.table_schema = CURRENT_SCHEMA() AND c.table_name = $2$

2025/02/13 14:39:02 /home/bryan/repos/skripsi/backend/setup/setup.go:78
[1.158ms] [rows:-] SELECT a.attname as column_name, format_type(a.atttypid, a.atttypmod) AS data_type
		FROM pg_attribute a JOIN pg_class b ON a.attrelid = b.oid AND relnamespace = (SELECT oid FROM pg_catalog.pg_namespace WHERE nspname = CURRENT_SCHEMA())
		WHERE a.attnum > 0 -- hide internal columns
		AND NOT a.attisdropped -- hide deleted columns
		AND b.relname = $1$

2025/02/13 14:39:02 /home/bryan/repos/skripsi/backend/setup/setup.go:78
[1.788ms] [rows:0] SELECT description FROM pg_catalog.pg_description WHERE objsubid = (SELECT ordinal_position FROM information_schema.columns WHERE table_schema = CURRENT_SCHEMA() AND table_name = 'slots' AND column_name = 'id') AND objoid = (SELECT oid FROM pg_catalog.pg_class WHERE relname = 'slots' AND relnamespace = (SELECT oid FROM pg_catalog.pg_namespace WHERE nspname = CURRENT_SCHEMA()))

2025/02/13 14:39:02 /home/bryan/repos/skripsi/backend/setup/setup.go:78
[1.754ms] [rows:0] SELECT description FROM pg_catalog.pg_description WHERE objsubid = (SELECT ordinal_position FROM information_schema.columns WHERE table_schema = CURRENT_SCHEMA() AND table_name = 'slots' AND column_name = 'created_at') AND objoid = (SELECT oid FROM pg_catalog.pg_class WHERE relname = 'slots' AND relnamespace = (SELECT oid FROM pg_catalog.pg_namespace WHERE nspname = CURRENT_SCHEMA()))

2025/02/13 14:39:02 /home/bryan/repos/skripsi/backend/setup/setup.go:78
[1.701ms] [rows:0] SELECT description FROM pg_catalog.pg_description WHERE objsubid = (SELECT ordinal_position FROM information_schema.columns WHERE table_schema = CURRENT_SCHEMA() AND table_name = 'slots' AND column_name = 'updated_at') AND objoid = (SELECT oid FROM pg_catalog.pg_class WHERE relname = 'slots' AND relnamespace = (SELECT oid FROM pg_catalog.pg_namespace WHERE nspname = CURRENT_SCHEMA()))

2025/02/13 14:39:02 /home/bryan/repos/skripsi/backend/setup/setup.go:78
[1.870ms] [rows:0] SELECT description FROM pg_catalog.pg_description WHERE objsubid = (SELECT ordinal_position FROM information_schema.columns WHERE table_schema = CURRENT_SCHEMA() AND table_name = 'slots' AND column_name = 'deleted_at') AND objoid = (SELECT oid FROM pg_catalog.pg_class WHERE relname = 'slots' AND relnamespace = (SELECT oid FROM pg_catalog.pg_namespace WHERE nspname = CURRENT_SCHEMA()))

2025/02/13 14:39:02 /home/bryan/repos/skripsi/backend/setup/setup.go:78
[1.715ms] [rows:0] SELECT description FROM pg_catalog.pg_description WHERE objsubid = (SELECT ordinal_position FROM information_schema.columns WHERE table_schema = CURRENT_SCHEMA() AND table_name = 'slots' AND column_name = 'daycare_id') AND objoid = (SELECT oid FROM pg_catalog.pg_class WHERE relname = 'slots' AND relnamespace = (SELECT oid FROM pg_catalog.pg_namespace WHERE nspname = CURRENT_SCHEMA()))

2025/02/13 14:39:02 /home/bryan/repos/skripsi/backend/setup/setup.go:78
[1.690ms] [rows:0] SELECT description FROM pg_catalog.pg_description WHERE objsubid = (SELECT ordinal_position FROM information_schema.columns WHERE table_schema = CURRENT_SCHEMA() AND table_name = 'slots' AND column_name = 'species_id') AND objoid = (SELECT oid FROM pg_catalog.pg_class WHERE relname = 'slots' AND relnamespace = (SELECT oid FROM pg_catalog.pg_namespace WHERE nspname = CURRENT_SCHEMA()))

2025/02/13 14:39:02 /home/bryan/repos/skripsi/backend/setup/setup.go:78
[1.668ms] [rows:0] SELECT description FROM pg_catalog.pg_description WHERE objsubid = (SELECT ordinal_position FROM information_schema.columns WHERE table_schema = CURRENT_SCHEMA() AND table_name = 'slots' AND column_name = 'size_category_id') AND objoid = (SELECT oid FROM pg_catalog.pg_class WHERE relname = 'slots' AND relnamespace = (SELECT oid FROM pg_catalog.pg_namespace WHERE nspname = CURRENT_SCHEMA()))

2025/02/13 14:39:02 /home/bryan/repos/skripsi/backend/setup/setup.go:78
[2.032ms] [rows:0] SELECT description FROM pg_catalog.pg_description WHERE objsubid = (SELECT ordinal_position FROM information_schema.columns WHERE table_schema = CURRENT_SCHEMA() AND table_name = 'slots' AND column_name = 'max_number') AND objoid = (SELECT oid FROM pg_catalog.pg_class WHERE relname = 'slots' AND relnamespace = (SELECT oid FROM pg_catalog.pg_namespace WHERE nspname = CURRENT_SCHEMA()))

2025/02/13 14:39:02 /home/bryan/repos/skripsi/backend/setup/setup.go:78
[1.439ms] [rows:1] SELECT count(*) FROM INFORMATION_SCHEMA.table_constraints WHERE table_schema = CURRENT_SCHEMA() AND table_name = 'slots' AND constraint_name = 'fk_pet_daycares_slots'

2025/02/13 14:39:02 /home/bryan/repos/skripsi/backend/setup/setup.go:78
[3.072ms] [rows:1] SELECT count(*) FROM pg_indexes WHERE tablename = 'slots' AND indexname = 'idx_slots_deleted_at' AND schemaname = CURRENT_SCHEMA()

2025/02/13 14:39:02 /home/bryan/repos/skripsi/backend/setup/setup.go:78
[1.297ms] [rows:1] SELECT count(*) FROM information_schema.tables WHERE table_schema = CURRENT_SCHEMA() AND table_name = 'booked_slots' AND table_type = 'BASE TABLE'

2025/02/13 14:39:02 /home/bryan/repos/skripsi/backend/setup/setup.go:78
[0.837ms] [rows:1] SELECT CURRENT_DATABASE()

2025/02/13 14:39:02 /home/bryan/repos/skripsi/backend/setup/setup.go:78
[4.568ms] [rows:-] SELECT c.column_name, c.is_nullable = 'YES', c.udt_name, c.character_maximum_length, c.numeric_precision, c.numeric_precision_radix, c.numeric_scale, c.datetime_precision, 8 * typlen, c.column_default, pd.description, c.identity_increment FROM information_schema.columns AS c JOIN pg_type AS pgt ON c.udt_name = pgt.typname LEFT JOIN pg_catalog.pg_description as pd ON pd.objsubid = c.ordinal_position AND pd.objoid = (SELECT oid FROM pg_catalog.pg_class WHERE relname = c.table_name AND relnamespace = (SELECT oid FROM pg_catalog.pg_namespace WHERE nspname = c.table_schema)) where table_catalog = $1$ AND table_schema = CURRENT_SCHEMA() AND table_name = $2$

2025/02/13 14:39:02 /home/bryan/repos/skripsi/backend/setup/setup.go:78
[1.669ms] [rows:-] SELECT * FROM "booked_slots" LIMIT $1$

2025/02/13 14:39:02 /home/bryan/repos/skripsi/backend/setup/setup.go:78
[3.643ms] [rows:-] SELECT constraint_name FROM information_schema.table_constraints tc JOIN information_schema.constraint_column_usage AS ccu USING (constraint_schema, constraint_catalog, table_name, constraint_name) JOIN information_schema.columns AS c ON c.table_schema = tc.constraint_schema AND tc.table_name = c.table_name AND ccu.column_name = c.column_name WHERE constraint_type IN ('PRIMARY KEY', 'UNIQUE') AND c.table_catalog = $1$ AND c.table_schema = CURRENT_SCHEMA() AND c.table_name = $2$ AND constraint_type = $3$

2025/02/13 14:39:02 /home/bryan/repos/skripsi/backend/setup/setup.go:78
[4.094ms] [rows:-] SELECT c.column_name, constraint_name, constraint_type FROM information_schema.table_constraints tc JOIN information_schema.constraint_column_usage AS ccu USING (constraint_schema, constraint_catalog, table_name, constraint_name) JOIN information_schema.columns AS c ON c.table_schema = tc.constraint_schema AND tc.table_name = c.table_name AND ccu.column_name = c.column_name WHERE constraint_type IN ('PRIMARY KEY', 'UNIQUE') AND c.table_catalog = $1$ AND c.table_schema = CURRENT_SCHEMA() AND c.table_name = $2$

2025/02/13 14:39:02 /home/bryan/repos/skripsi/backend/setup/setup.go:78
[1.580ms] [rows:-] SELECT a.attname as column_name, format_type(a.atttypid, a.atttypmod) AS data_type
		FROM pg_attribute a JOIN pg_class b ON a.attrelid = b.oid AND relnamespace = (SELECT oid FROM pg_catalog.pg_namespace WHERE nspname = CURRENT_SCHEMA())
		WHERE a.attnum > 0 -- hide internal columns
		AND NOT a.attisdropped -- hide deleted columns
		AND b.relname = $1$

2025/02/13 14:39:02 /home/bryan/repos/skripsi/backend/setup/setup.go:78
[1.965ms] [rows:0] SELECT description FROM pg_catalog.pg_description WHERE objsubid = (SELECT ordinal_position FROM information_schema.columns WHERE table_schema = CURRENT_SCHEMA() AND table_name = 'booked_slots' AND column_name = 'id') AND objoid = (SELECT oid FROM pg_catalog.pg_class WHERE relname = 'booked_slots' AND relnamespace = (SELECT oid FROM pg_catalog.pg_namespace WHERE nspname = CURRENT_SCHEMA()))

2025/02/13 14:39:02 /home/bryan/repos/skripsi/backend/setup/setup.go:78
[1.704ms] [rows:0] SELECT description FROM pg_catalog.pg_description WHERE objsubid = (SELECT ordinal_position FROM information_schema.columns WHERE table_schema = CURRENT_SCHEMA() AND table_name = 'booked_slots' AND column_name = 'created_at') AND objoid = (SELECT oid FROM pg_catalog.pg_class WHERE relname = 'booked_slots' AND relnamespace = (SELECT oid FROM pg_catalog.pg_namespace WHERE nspname = CURRENT_SCHEMA()))

2025/02/13 14:39:02 /home/bryan/repos/skripsi/backend/setup/setup.go:78
[1.637ms] [rows:0] SELECT description FROM pg_catalog.pg_description WHERE objsubid = (SELECT ordinal_position FROM information_schema.columns WHERE table_schema = CURRENT_SCHEMA() AND table_name = 'booked_slots' AND column_name = 'updated_at') AND objoid = (SELECT oid FROM pg_catalog.pg_class WHERE relname = 'booked_slots' AND relnamespace = (SELECT oid FROM pg_catalog.pg_namespace WHERE nspname = CURRENT_SCHEMA()))

2025/02/13 14:39:02 /home/bryan/repos/skripsi/backend/setup/setup.go:78
[1.681ms] [rows:0] SELECT description FROM pg_catalog.pg_description WHERE objsubid = (SELECT ordinal_position FROM information_schema.columns WHERE table_schema = CURRENT_SCHEMA() AND table_name = 'booked_slots' AND column_name = 'deleted_at') AND objoid = (SELECT oid FROM pg_catalog.pg_class WHERE relname = 'booked_slots' AND relnamespace = (SELECT oid FROM pg_catalog.pg_namespace WHERE nspname = CURRENT_SCHEMA()))

2025/02/13 14:39:02 /home/bryan/repos/skripsi/backend/setup/setup.go:78
[1.552ms] [rows:0] SELECT description FROM pg_catalog.pg_description WHERE objsubid = (SELECT ordinal_position FROM information_schema.columns WHERE table_schema = CURRENT_SCHEMA() AND table_name = 'booked_slots' AND column_name = 'user_id') AND objoid = (SELECT oid FROM pg_catalog.pg_class WHERE relname = 'booked_slots' AND relnamespace = (SELECT oid FROM pg_catalog.pg_namespace WHERE nspname = CURRENT_SCHEMA()))

2025/02/13 14:39:02 /home/bryan/repos/skripsi/backend/setup/setup.go:78
[1.560ms] [rows:0] SELECT description FROM pg_catalog.pg_description WHERE objsubid = (SELECT ordinal_position FROM information_schema.columns WHERE table_schema = CURRENT_SCHEMA() AND table_name = 'booked_slots' AND column_name = 'daycare_id') AND objoid = (SELECT oid FROM pg_catalog.pg_class WHERE relname = 'booked_slots' AND relnamespace = (SELECT oid FROM pg_catalog.pg_namespace WHERE nspname = CURRENT_SCHEMA()))

2025/02/13 14:39:02 /home/bryan/repos/skripsi/backend/setup/setup.go:78
[1.677ms] [rows:0] SELECT description FROM pg_catalog.pg_description WHERE objsubid = (SELECT ordinal_position FROM information_schema.columns WHERE table_schema = CURRENT_SCHEMA() AND table_name = 'booked_slots' AND column_name = 'pet_id') AND objoid = (SELECT oid FROM pg_catalog.pg_class WHERE relname = 'booked_slots' AND relnamespace = (SELECT oid FROM pg_catalog.pg_namespace WHERE nspname = CURRENT_SCHEMA()))

2025/02/13 14:39:02 /home/bryan/repos/skripsi/backend/setup/setup.go:78
[1.647ms] [rows:0] SELECT description FROM pg_catalog.pg_description WHERE objsubid = (SELECT ordinal_position FROM information_schema.columns WHERE table_schema = CURRENT_SCHEMA() AND table_name = 'booked_slots' AND column_name = 'start_date') AND objoid = (SELECT oid FROM pg_catalog.pg_class WHERE relname = 'booked_slots' AND relnamespace = (SELECT oid FROM pg_catalog.pg_namespace WHERE nspname = CURRENT_SCHEMA()))

2025/02/13 14:39:02 /home/bryan/repos/skripsi/backend/setup/setup.go:78
[1.967ms] [rows:0] SELECT description FROM pg_catalog.pg_description WHERE objsubid = (SELECT ordinal_position FROM information_schema.columns WHERE table_schema = CURRENT_SCHEMA() AND table_name = 'booked_slots' AND column_name = 'end_date') AND objoid = (SELECT oid FROM pg_catalog.pg_class WHERE relname = 'booked_slots' AND relnamespace = (SELECT oid FROM pg_catalog.pg_namespace WHERE nspname = CURRENT_SCHEMA()))

2025/02/13 14:39:02 /home/bryan/repos/skripsi/backend/setup/setup.go:78
[1.461ms] [rows:1] SELECT count(*) FROM INFORMATION_SCHEMA.table_constraints WHERE table_schema = CURRENT_SCHEMA() AND table_name = 'booked_slots' AND constraint_name = 'fk_booked_slots_user'

2025/02/13 14:39:02 /home/bryan/repos/skripsi/backend/setup/setup.go:78
[1.302ms] [rows:1] SELECT count(*) FROM INFORMATION_SCHEMA.table_constraints WHERE table_schema = CURRENT_SCHEMA() AND table_name = 'booked_slots' AND constraint_name = 'fk_pets_booked_slots'

2025/02/13 14:39:02 /home/bryan/repos/skripsi/backend/setup/setup.go:78
[1.563ms] [rows:1] SELECT count(*) FROM INFORMATION_SCHEMA.table_constraints WHERE table_schema = CURRENT_SCHEMA() AND table_name = 'booked_slots' AND constraint_name = 'fk_pet_daycares_booked_slots'

2025/02/13 14:39:02 /home/bryan/repos/skripsi/backend/setup/setup.go:78
[3.096ms] [rows:1] SELECT count(*) FROM pg_indexes WHERE tablename = 'booked_slots' AND indexname = 'idx_booked_slots_deleted_at' AND schemaname = CURRENT_SCHEMA()

2025/02/13 14:39:02 /home/bryan/repos/skripsi/backend/setup/setup.go:78
[1.351ms] [rows:1] SELECT count(*) FROM information_schema.tables WHERE table_schema = CURRENT_SCHEMA() AND table_name = 'thumbnails' AND table_type = 'BASE TABLE'

2025/02/13 14:39:02 /home/bryan/repos/skripsi/backend/setup/setup.go:78
[0.962ms] [rows:1] SELECT CURRENT_DATABASE()

2025/02/13 14:39:02 /home/bryan/repos/skripsi/backend/setup/setup.go:78
[3.547ms] [rows:-] SELECT c.column_name, c.is_nullable = 'YES', c.udt_name, c.character_maximum_length, c.numeric_precision, c.numeric_precision_radix, c.numeric_scale, c.datetime_precision, 8 * typlen, c.column_default, pd.description, c.identity_increment FROM information_schema.columns AS c JOIN pg_type AS pgt ON c.udt_name = pgt.typname LEFT JOIN pg_catalog.pg_description as pd ON pd.objsubid = c.ordinal_position AND pd.objoid = (SELECT oid FROM pg_catalog.pg_class WHERE relname = c.table_name AND relnamespace = (SELECT oid FROM pg_catalog.pg_namespace WHERE nspname = c.table_schema)) where table_catalog = $1$ AND table_schema = CURRENT_SCHEMA() AND table_name = $2$

2025/02/13 14:39:02 /home/bryan/repos/skripsi/backend/setup/setup.go:78
[1.347ms] [rows:-] SELECT * FROM "thumbnails" LIMIT $1$

2025/02/13 14:39:02 /home/bryan/repos/skripsi/backend/setup/setup.go:78
[3.306ms] [rows:-] SELECT constraint_name FROM information_schema.table_constraints tc JOIN information_schema.constraint_column_usage AS ccu USING (constraint_schema, constraint_catalog, table_name, constraint_name) JOIN information_schema.columns AS c ON c.table_schema = tc.constraint_schema AND tc.table_name = c.table_name AND ccu.column_name = c.column_name WHERE constraint_type IN ('PRIMARY KEY', 'UNIQUE') AND c.table_catalog = $1$ AND c.table_schema = CURRENT_SCHEMA() AND c.table_name = $2$ AND constraint_type = $3$

2025/02/13 14:39:02 /home/bryan/repos/skripsi/backend/setup/setup.go:78
[4.365ms] [rows:-] SELECT c.column_name, constraint_name, constraint_type FROM information_schema.table_constraints tc JOIN information_schema.constraint_column_usage AS ccu USING (constraint_schema, constraint_catalog, table_name, constraint_name) JOIN information_schema.columns AS c ON c.table_schema = tc.constraint_schema AND tc.table_name = c.table_name AND ccu.column_name = c.column_name WHERE constraint_type IN ('PRIMARY KEY', 'UNIQUE') AND c.table_catalog = $1$ AND c.table_schema = CURRENT_SCHEMA() AND c.table_name = $2$

2025/02/13 14:39:02 /home/bryan/repos/skripsi/backend/setup/setup.go:78
[1.117ms] [rows:-] SELECT a.attname as column_name, format_type(a.atttypid, a.atttypmod) AS data_type
		FROM pg_attribute a JOIN pg_class b ON a.attrelid = b.oid AND relnamespace = (SELECT oid FROM pg_catalog.pg_namespace WHERE nspname = CURRENT_SCHEMA())
		WHERE a.attnum > 0 -- hide internal columns
		AND NOT a.attisdropped -- hide deleted columns
		AND b.relname = $1$

2025/02/13 14:39:02 /home/bryan/repos/skripsi/backend/setup/setup.go:78
[2.158ms] [rows:0] SELECT description FROM pg_catalog.pg_description WHERE objsubid = (SELECT ordinal_position FROM information_schema.columns WHERE table_schema = CURRENT_SCHEMA() AND table_name = 'thumbnails' AND column_name = 'id') AND objoid = (SELECT oid FROM pg_catalog.pg_class WHERE relname = 'thumbnails' AND relnamespace = (SELECT oid FROM pg_catalog.pg_namespace WHERE nspname = CURRENT_SCHEMA()))

2025/02/13 14:39:02 /home/bryan/repos/skripsi/backend/setup/setup.go:78
[2.183ms] [rows:0] SELECT description FROM pg_catalog.pg_description WHERE objsubid = (SELECT ordinal_position FROM information_schema.columns WHERE table_schema = CURRENT_SCHEMA() AND table_name = 'thumbnails' AND column_name = 'daycare_id') AND objoid = (SELECT oid FROM pg_catalog.pg_class WHERE relname = 'thumbnails' AND relnamespace = (SELECT oid FROM pg_catalog.pg_namespace WHERE nspname = CURRENT_SCHEMA()))

2025/02/13 14:39:02 /home/bryan/repos/skripsi/backend/setup/setup.go:78
[2.146ms] [rows:0] SELECT description FROM pg_catalog.pg_description WHERE objsubid = (SELECT ordinal_position FROM information_schema.columns WHERE table_schema = CURRENT_SCHEMA() AND table_name = 'thumbnails' AND column_name = 'image_url') AND objoid = (SELECT oid FROM pg_catalog.pg_class WHERE relname = 'thumbnails' AND relnamespace = (SELECT oid FROM pg_catalog.pg_namespace WHERE nspname = CURRENT_SCHEMA()))

2025/02/13 14:39:02 /home/bryan/repos/skripsi/backend/setup/setup.go:78
[2.542ms] [rows:1] SELECT count(*) FROM INFORMATION_SCHEMA.table_constraints WHERE table_schema = CURRENT_SCHEMA() AND table_name = 'thumbnails' AND constraint_name = 'fk_pet_daycares_thumbnails'

2025/02/13 14:39:02 /home/bryan/repos/skripsi/backend/setup/setup.go:78
[1.590ms] [rows:1] SELECT count(*) FROM information_schema.tables WHERE table_schema = CURRENT_SCHEMA() AND table_name = 'reviews' AND table_type = 'BASE TABLE'

2025/02/13 14:39:02 /home/bryan/repos/skripsi/backend/setup/setup.go:78
[0.851ms] [rows:1] SELECT CURRENT_DATABASE()

2025/02/13 14:39:02 /home/bryan/repos/skripsi/backend/setup/setup.go:78
[5.350ms] [rows:-] SELECT c.column_name, c.is_nullable = 'YES', c.udt_name, c.character_maximum_length, c.numeric_precision, c.numeric_precision_radix, c.numeric_scale, c.datetime_precision, 8 * typlen, c.column_default, pd.description, c.identity_increment FROM information_schema.columns AS c JOIN pg_type AS pgt ON c.udt_name = pgt.typname LEFT JOIN pg_catalog.pg_description as pd ON pd.objsubid = c.ordinal_position AND pd.objoid = (SELECT oid FROM pg_catalog.pg_class WHERE relname = c.table_name AND relnamespace = (SELECT oid FROM pg_catalog.pg_namespace WHERE nspname = c.table_schema)) where table_catalog = $1$ AND table_schema = CURRENT_SCHEMA() AND table_name = $2$

2025/02/13 14:39:02 /home/bryan/repos/skripsi/backend/setup/setup.go:78
[1.068ms] [rows:-] SELECT * FROM "reviews" LIMIT $1$

2025/02/13 14:39:02 /home/bryan/repos/skripsi/backend/setup/setup.go:78
[3.364ms] [rows:-] SELECT constraint_name FROM information_schema.table_constraints tc JOIN information_schema.constraint_column_usage AS ccu USING (constraint_schema, constraint_catalog, table_name, constraint_name) JOIN information_schema.columns AS c ON c.table_schema = tc.constraint_schema AND tc.table_name = c.table_name AND ccu.column_name = c.column_name WHERE constraint_type IN ('PRIMARY KEY', 'UNIQUE') AND c.table_catalog = $1$ AND c.table_schema = CURRENT_SCHEMA() AND c.table_name = $2$ AND constraint_type = $3$

2025/02/13 14:39:02 /home/bryan/repos/skripsi/backend/setup/setup.go:78
[4.570ms] [rows:-] SELECT c.column_name, constraint_name, constraint_type FROM information_schema.table_constraints tc JOIN information_schema.constraint_column_usage AS ccu USING (constraint_schema, constraint_catalog, table_name, constraint_name) JOIN information_schema.columns AS c ON c.table_schema = tc.constraint_schema AND tc.table_name = c.table_name AND ccu.column_name = c.column_name WHERE constraint_type IN ('PRIMARY KEY', 'UNIQUE') AND c.table_catalog = $1$ AND c.table_schema = CURRENT_SCHEMA() AND c.table_name = $2$

2025/02/13 14:39:02 /home/bryan/repos/skripsi/backend/setup/setup.go:78
[1.332ms] [rows:-] SELECT a.attname as column_name, format_type(a.atttypid, a.atttypmod) AS data_type
		FROM pg_attribute a JOIN pg_class b ON a.attrelid = b.oid AND relnamespace = (SELECT oid FROM pg_catalog.pg_namespace WHERE nspname = CURRENT_SCHEMA())
		WHERE a.attnum > 0 -- hide internal columns
		AND NOT a.attisdropped -- hide deleted columns
		AND b.relname = $1$

2025/02/13 14:39:02 /home/bryan/repos/skripsi/backend/setup/setup.go:78
[1.815ms] [rows:0] SELECT description FROM pg_catalog.pg_description WHERE objsubid = (SELECT ordinal_position FROM information_schema.columns WHERE table_schema = CURRENT_SCHEMA() AND table_name = 'reviews' AND column_name = 'id') AND objoid = (SELECT oid FROM pg_catalog.pg_class WHERE relname = 'reviews' AND relnamespace = (SELECT oid FROM pg_catalog.pg_namespace WHERE nspname = CURRENT_SCHEMA()))

2025/02/13 14:39:02 /home/bryan/repos/skripsi/backend/setup/setup.go:78
[1.407ms] [rows:0] SELECT description FROM pg_catalog.pg_description WHERE objsubid = (SELECT ordinal_position FROM information_schema.columns WHERE table_schema = CURRENT_SCHEMA() AND table_name = 'reviews' AND column_name = 'created_at') AND objoid = (SELECT oid FROM pg_catalog.pg_class WHERE relname = 'reviews' AND relnamespace = (SELECT oid FROM pg_catalog.pg_namespace WHERE nspname = CURRENT_SCHEMA()))

2025/02/13 14:39:02 /home/bryan/repos/skripsi/backend/setup/setup.go:78
[1.588ms] [rows:0] SELECT description FROM pg_catalog.pg_description WHERE objsubid = (SELECT ordinal_position FROM information_schema.columns WHERE table_schema = CURRENT_SCHEMA() AND table_name = 'reviews' AND column_name = 'updated_at') AND objoid = (SELECT oid FROM pg_catalog.pg_class WHERE relname = 'reviews' AND relnamespace = (SELECT oid FROM pg_catalog.pg_namespace WHERE nspname = CURRENT_SCHEMA()))

2025/02/13 14:39:02 /home/bryan/repos/skripsi/backend/setup/setup.go:78
[1.407ms] [rows:0] SELECT description FROM pg_catalog.pg_description WHERE objsubid = (SELECT ordinal_position FROM information_schema.columns WHERE table_schema = CURRENT_SCHEMA() AND table_name = 'reviews' AND column_name = 'deleted_at') AND objoid = (SELECT oid FROM pg_catalog.pg_class WHERE relname = 'reviews' AND relnamespace = (SELECT oid FROM pg_catalog.pg_namespace WHERE nspname = CURRENT_SCHEMA()))

2025/02/13 14:39:02 /home/bryan/repos/skripsi/backend/setup/setup.go:78
[1.434ms] [rows:0] SELECT description FROM pg_catalog.pg_description WHERE objsubid = (SELECT ordinal_position FROM information_schema.columns WHERE table_schema = CURRENT_SCHEMA() AND table_name = 'reviews' AND column_name = 'daycare_id') AND objoid = (SELECT oid FROM pg_catalog.pg_class WHERE relname = 'reviews' AND relnamespace = (SELECT oid FROM pg_catalog.pg_namespace WHERE nspname = CURRENT_SCHEMA()))

2025/02/13 14:39:02 /home/bryan/repos/skripsi/backend/setup/setup.go:78
[1.521ms] [rows:0] SELECT description FROM pg_catalog.pg_description WHERE objsubid = (SELECT ordinal_position FROM information_schema.columns WHERE table_schema = CURRENT_SCHEMA() AND table_name = 'reviews' AND column_name = 'user_id') AND objoid = (SELECT oid FROM pg_catalog.pg_class WHERE relname = 'reviews' AND relnamespace = (SELECT oid FROM pg_catalog.pg_namespace WHERE nspname = CURRENT_SCHEMA()))

2025/02/13 14:39:02 /home/bryan/repos/skripsi/backend/setup/setup.go:78
[1.621ms] [rows:0] SELECT description FROM pg_catalog.pg_description WHERE objsubid = (SELECT ordinal_position FROM information_schema.columns WHERE table_schema = CURRENT_SCHEMA() AND table_name = 'reviews' AND column_name = 'name') AND objoid = (SELECT oid FROM pg_catalog.pg_class WHERE relname = 'reviews' AND relnamespace = (SELECT oid FROM pg_catalog.pg_namespace WHERE nspname = CURRENT_SCHEMA()))

2025/02/13 14:39:02 /home/bryan/repos/skripsi/backend/setup/setup.go:78
[1.778ms] [rows:0] SELECT description FROM pg_catalog.pg_description WHERE objsubid = (SELECT ordinal_position FROM information_schema.columns WHERE table_schema = CURRENT_SCHEMA() AND table_name = 'reviews' AND column_name = 'rate') AND objoid = (SELECT oid FROM pg_catalog.pg_class WHERE relname = 'reviews' AND relnamespace = (SELECT oid FROM pg_catalog.pg_namespace WHERE nspname = CURRENT_SCHEMA()))

2025/02/13 14:39:02 /home/bryan/repos/skripsi/backend/setup/setup.go:78
[2.089ms] [rows:0] SELECT description FROM pg_catalog.pg_description WHERE objsubid = (SELECT ordinal_position FROM information_schema.columns WHERE table_schema = CURRENT_SCHEMA() AND table_name = 'reviews' AND column_name = 'description') AND objoid = (SELECT oid FROM pg_catalog.pg_class WHERE relname = 'reviews' AND relnamespace = (SELECT oid FROM pg_catalog.pg_namespace WHERE nspname = CURRENT_SCHEMA()))

2025/02/13 14:39:02 /home/bryan/repos/skripsi/backend/setup/setup.go:78
[1.261ms] [rows:1] SELECT count(*) FROM INFORMATION_SCHEMA.table_constraints WHERE table_schema = CURRENT_SCHEMA() AND table_name = 'reviews' AND constraint_name = 'fk_pet_daycares_reviews'

2025/02/13 14:39:02 /home/bryan/repos/skripsi/backend/setup/setup.go:78
[1.331ms] [rows:1] SELECT count(*) FROM INFORMATION_SCHEMA.table_constraints WHERE table_schema = CURRENT_SCHEMA() AND table_name = 'reviews' AND constraint_name = 'fk_users_reviews'

2025/02/13 14:39:02 /home/bryan/repos/skripsi/backend/setup/setup.go:78
[2.903ms] [rows:1] SELECT count(*) FROM pg_indexes WHERE tablename = 'reviews' AND indexname = 'idx_reviews_deleted_at' AND schemaname = CURRENT_SCHEMA()

2025/02/13 14:39:02 /home/bryan/repos/skripsi/backend/setup/setup.go:78
[1.067ms] [rows:1] SELECT count(*) FROM information_schema.tables WHERE table_schema = CURRENT_SCHEMA() AND table_name = 'refresh_tokens' AND table_type = 'BASE TABLE'

2025/02/13 14:39:02 /home/bryan/repos/skripsi/backend/setup/setup.go:78
[0.854ms] [rows:1] SELECT CURRENT_DATABASE()

2025/02/13 14:39:02 /home/bryan/repos/skripsi/backend/setup/setup.go:78
[4.584ms] [rows:-] SELECT c.column_name, c.is_nullable = 'YES', c.udt_name, c.character_maximum_length, c.numeric_precision, c.numeric_precision_radix, c.numeric_scale, c.datetime_precision, 8 * typlen, c.column_default, pd.description, c.identity_increment FROM information_schema.columns AS c JOIN pg_type AS pgt ON c.udt_name = pgt.typname LEFT JOIN pg_catalog.pg_description as pd ON pd.objsubid = c.ordinal_position AND pd.objoid = (SELECT oid FROM pg_catalog.pg_class WHERE relname = c.table_name AND relnamespace = (SELECT oid FROM pg_catalog.pg_namespace WHERE nspname = c.table_schema)) where table_catalog = $1$ AND table_schema = CURRENT_SCHEMA() AND table_name = $2$

2025/02/13 14:39:02 /home/bryan/repos/skripsi/backend/setup/setup.go:78
[1.812ms] [rows:-] SELECT * FROM "refresh_tokens" LIMIT $1$

2025/02/13 14:39:02 /home/bryan/repos/skripsi/backend/setup/setup.go:78
[3.265ms] [rows:-] SELECT constraint_name FROM information_schema.table_constraints tc JOIN information_schema.constraint_column_usage AS ccu USING (constraint_schema, constraint_catalog, table_name, constraint_name) JOIN information_schema.columns AS c ON c.table_schema = tc.constraint_schema AND tc.table_name = c.table_name AND ccu.column_name = c.column_name WHERE constraint_type IN ('PRIMARY KEY', 'UNIQUE') AND c.table_catalog = $1$ AND c.table_schema = CURRENT_SCHEMA() AND c.table_name = $2$ AND constraint_type = $3$

2025/02/13 14:39:02 /home/bryan/repos/skripsi/backend/setup/setup.go:78
[3.112ms] [rows:-] SELECT c.column_name, constraint_name, constraint_type FROM information_schema.table_constraints tc JOIN information_schema.constraint_column_usage AS ccu USING (constraint_schema, constraint_catalog, table_name, constraint_name) JOIN information_schema.columns AS c ON c.table_schema = tc.constraint_schema AND tc.table_name = c.table_name AND ccu.column_name = c.column_name WHERE constraint_type IN ('PRIMARY KEY', 'UNIQUE') AND c.table_catalog = $1$ AND c.table_schema = CURRENT_SCHEMA() AND c.table_name = $2$

2025/02/13 14:39:02 /home/bryan/repos/skripsi/backend/setup/setup.go:78
[1.073ms] [rows:-] SELECT a.attname as column_name, format_type(a.atttypid, a.atttypmod) AS data_type
		FROM pg_attribute a JOIN pg_class b ON a.attrelid = b.oid AND relnamespace = (SELECT oid FROM pg_catalog.pg_namespace WHERE nspname = CURRENT_SCHEMA())
		WHERE a.attnum > 0 -- hide internal columns
		AND NOT a.attisdropped -- hide deleted columns
		AND b.relname = $1$

2025/02/13 14:39:02 /home/bryan/repos/skripsi/backend/setup/setup.go:78
[1.500ms] [rows:0] SELECT description FROM pg_catalog.pg_description WHERE objsubid = (SELECT ordinal_position FROM information_schema.columns WHERE table_schema = CURRENT_SCHEMA() AND table_name = 'refresh_tokens' AND column_name = 'id') AND objoid = (SELECT oid FROM pg_catalog.pg_class WHERE relname = 'refresh_tokens' AND relnamespace = (SELECT oid FROM pg_catalog.pg_namespace WHERE nspname = CURRENT_SCHEMA()))

2025/02/13 14:39:02 /home/bryan/repos/skripsi/backend/setup/setup.go:78
[1.398ms] [rows:0] SELECT description FROM pg_catalog.pg_description WHERE objsubid = (SELECT ordinal_position FROM information_schema.columns WHERE table_schema = CURRENT_SCHEMA() AND table_name = 'refresh_tokens' AND column_name = 'created_at') AND objoid = (SELECT oid FROM pg_catalog.pg_class WHERE relname = 'refresh_tokens' AND relnamespace = (SELECT oid FROM pg_catalog.pg_namespace WHERE nspname = CURRENT_SCHEMA()))

2025/02/13 14:39:02 /home/bryan/repos/skripsi/backend/setup/setup.go:78
[1.440ms] [rows:0] SELECT description FROM pg_catalog.pg_description WHERE objsubid = (SELECT ordinal_position FROM information_schema.columns WHERE table_schema = CURRENT_SCHEMA() AND table_name = 'refresh_tokens' AND column_name = 'updated_at') AND objoid = (SELECT oid FROM pg_catalog.pg_class WHERE relname = 'refresh_tokens' AND relnamespace = (SELECT oid FROM pg_catalog.pg_namespace WHERE nspname = CURRENT_SCHEMA()))

2025/02/13 14:39:02 /home/bryan/repos/skripsi/backend/setup/setup.go:78
[1.390ms] [rows:0] SELECT description FROM pg_catalog.pg_description WHERE objsubid = (SELECT ordinal_position FROM information_schema.columns WHERE table_schema = CURRENT_SCHEMA() AND table_name = 'refresh_tokens' AND column_name = 'deleted_at') AND objoid = (SELECT oid FROM pg_catalog.pg_class WHERE relname = 'refresh_tokens' AND relnamespace = (SELECT oid FROM pg_catalog.pg_namespace WHERE nspname = CURRENT_SCHEMA()))

2025/02/13 14:39:02 /home/bryan/repos/skripsi/backend/setup/setup.go:78
[2.824ms] [rows:0] SELECT description FROM pg_catalog.pg_description WHERE objsubid = (SELECT ordinal_position FROM information_schema.columns WHERE table_schema = CURRENT_SCHEMA() AND table_name = 'refresh_tokens' AND column_name = 'user_id') AND objoid = (SELECT oid FROM pg_catalog.pg_class WHERE relname = 'refresh_tokens' AND relnamespace = (SELECT oid FROM pg_catalog.pg_namespace WHERE nspname = CURRENT_SCHEMA()))

2025/02/13 14:39:02 /home/bryan/repos/skripsi/backend/setup/setup.go:78
[2.024ms] [rows:0] SELECT description FROM pg_catalog.pg_description WHERE objsubid = (SELECT ordinal_position FROM information_schema.columns WHERE table_schema = CURRENT_SCHEMA() AND table_name = 'refresh_tokens' AND column_name = 'token') AND objoid = (SELECT oid FROM pg_catalog.pg_class WHERE relname = 'refresh_tokens' AND relnamespace = (SELECT oid FROM pg_catalog.pg_namespace WHERE nspname = CURRENT_SCHEMA()))

2025/02/13 14:39:02 /home/bryan/repos/skripsi/backend/setup/setup.go:78
[1.568ms] [rows:0] SELECT description FROM pg_catalog.pg_description WHERE objsubid = (SELECT ordinal_position FROM information_schema.columns WHERE table_schema = CURRENT_SCHEMA() AND table_name = 'refresh_tokens' AND column_name = 'expires_at') AND objoid = (SELECT oid FROM pg_catalog.pg_class WHERE relname = 'refresh_tokens' AND relnamespace = (SELECT oid FROM pg_catalog.pg_namespace WHERE nspname = CURRENT_SCHEMA()))

2025/02/13 14:39:02 /home/bryan/repos/skripsi/backend/setup/setup.go:78
[1.074ms] [rows:1] SELECT count(*) FROM pg_indexes WHERE tablename = 'refresh_tokens' AND indexname = 'idx_refresh_tokens_user_id' AND schemaname = CURRENT_SCHEMA()

2025/02/13 14:39:02 /home/bryan/repos/skripsi/backend/setup/setup.go:78
[1.033ms] [rows:1] SELECT count(*) FROM pg_indexes WHERE tablename = 'refresh_tokens' AND indexname = 'idx_refresh_tokens_deleted_at' AND schemaname = CURRENT_SCHEMA()

2025/02/13 14:39:02 /home/bryan/repos/skripsi/backend/setup/setup.go:78
[1.009ms] [rows:1] SELECT count(*) FROM information_schema.tables WHERE table_schema = CURRENT_SCHEMA() AND table_name = 'transactions' AND table_type = 'BASE TABLE'

2025/02/13 14:39:02 /home/bryan/repos/skripsi/backend/setup/setup.go:78
[0.717ms] [rows:1] SELECT CURRENT_DATABASE()

2025/02/13 14:39:02 /home/bryan/repos/skripsi/backend/setup/setup.go:78
[3.363ms] [rows:-] SELECT c.column_name, c.is_nullable = 'YES', c.udt_name, c.character_maximum_length, c.numeric_precision, c.numeric_precision_radix, c.numeric_scale, c.datetime_precision, 8 * typlen, c.column_default, pd.description, c.identity_increment FROM information_schema.columns AS c JOIN pg_type AS pgt ON c.udt_name = pgt.typname LEFT JOIN pg_catalog.pg_description as pd ON pd.objsubid = c.ordinal_position AND pd.objoid = (SELECT oid FROM pg_catalog.pg_class WHERE relname = c.table_name AND relnamespace = (SELECT oid FROM pg_catalog.pg_namespace WHERE nspname = c.table_schema)) where table_catalog = $1$ AND table_schema = CURRENT_SCHEMA() AND table_name = $2$

2025/02/13 14:39:02 /home/bryan/repos/skripsi/backend/setup/setup.go:78
[1.102ms] [rows:-] SELECT * FROM "transactions" LIMIT $1$

2025/02/13 14:39:02 /home/bryan/repos/skripsi/backend/setup/setup.go:78
[2.847ms] [rows:-] SELECT constraint_name FROM information_schema.table_constraints tc JOIN information_schema.constraint_column_usage AS ccu USING (constraint_schema, constraint_catalog, table_name, constraint_name) JOIN information_schema.columns AS c ON c.table_schema = tc.constraint_schema AND tc.table_name = c.table_name AND ccu.column_name = c.column_name WHERE constraint_type IN ('PRIMARY KEY', 'UNIQUE') AND c.table_catalog = $1$ AND c.table_schema = CURRENT_SCHEMA() AND c.table_name = $2$ AND constraint_type = $3$

2025/02/13 14:39:02 /home/bryan/repos/skripsi/backend/setup/setup.go:78
[2.852ms] [rows:-] SELECT c.column_name, constraint_name, constraint_type FROM information_schema.table_constraints tc JOIN information_schema.constraint_column_usage AS ccu USING (constraint_schema, constraint_catalog, table_name, constraint_name) JOIN information_schema.columns AS c ON c.table_schema = tc.constraint_schema AND tc.table_name = c.table_name AND ccu.column_name = c.column_name WHERE constraint_type IN ('PRIMARY KEY', 'UNIQUE') AND c.table_catalog = $1$ AND c.table_schema = CURRENT_SCHEMA() AND c.table_name = $2$

2025/02/13 14:39:02 /home/bryan/repos/skripsi/backend/setup/setup.go:78
[1.116ms] [rows:-] SELECT a.attname as column_name, format_type(a.atttypid, a.atttypmod) AS data_type
		FROM pg_attribute a JOIN pg_class b ON a.attrelid = b.oid AND relnamespace = (SELECT oid FROM pg_catalog.pg_namespace WHERE nspname = CURRENT_SCHEMA())
		WHERE a.attnum > 0 -- hide internal columns
		AND NOT a.attisdropped -- hide deleted columns
		AND b.relname = $1$

2025/02/13 14:39:02 /home/bryan/repos/skripsi/backend/setup/setup.go:78
[1.633ms] [rows:0] SELECT description FROM pg_catalog.pg_description WHERE objsubid = (SELECT ordinal_position FROM information_schema.columns WHERE table_schema = CURRENT_SCHEMA() AND table_name = 'transactions' AND column_name = 'id') AND objoid = (SELECT oid FROM pg_catalog.pg_class WHERE relname = 'transactions' AND relnamespace = (SELECT oid FROM pg_catalog.pg_namespace WHERE nspname = CURRENT_SCHEMA()))

2025/02/13 14:39:02 /home/bryan/repos/skripsi/backend/setup/setup.go:78
[1.701ms] [rows:0] SELECT description FROM pg_catalog.pg_description WHERE objsubid = (SELECT ordinal_position FROM information_schema.columns WHERE table_schema = CURRENT_SCHEMA() AND table_name = 'transactions' AND column_name = 'created_at') AND objoid = (SELECT oid FROM pg_catalog.pg_class WHERE relname = 'transactions' AND relnamespace = (SELECT oid FROM pg_catalog.pg_namespace WHERE nspname = CURRENT_SCHEMA()))

2025/02/13 14:39:02 /home/bryan/repos/skripsi/backend/setup/setup.go:78
[1.484ms] [rows:0] SELECT description FROM pg_catalog.pg_description WHERE objsubid = (SELECT ordinal_position FROM information_schema.columns WHERE table_schema = CURRENT_SCHEMA() AND table_name = 'transactions' AND column_name = 'pet_daycare_id') AND objoid = (SELECT oid FROM pg_catalog.pg_class WHERE relname = 'transactions' AND relnamespace = (SELECT oid FROM pg_catalog.pg_namespace WHERE nspname = CURRENT_SCHEMA()))

2025/02/13 14:39:02 /home/bryan/repos/skripsi/backend/setup/setup.go:78
[1.567ms] [rows:0] SELECT description FROM pg_catalog.pg_description WHERE objsubid = (SELECT ordinal_position FROM information_schema.columns WHERE table_schema = CURRENT_SCHEMA() AND table_name = 'transactions' AND column_name = 'booked_slot_id') AND objoid = (SELECT oid FROM pg_catalog.pg_class WHERE relname = 'transactions' AND relnamespace = (SELECT oid FROM pg_catalog.pg_namespace WHERE nspname = CURRENT_SCHEMA()))

2025/02/13 14:39:02 /home/bryan/repos/skripsi/backend/setup/setup.go:78
[1.673ms] [rows:0] SELECT description FROM pg_catalog.pg_description WHERE objsubid = (SELECT ordinal_position FROM information_schema.columns WHERE table_schema = CURRENT_SCHEMA() AND table_name = 'transactions' AND column_name = 'status') AND objoid = (SELECT oid FROM pg_catalog.pg_class WHERE relname = 'transactions' AND relnamespace = (SELECT oid FROM pg_catalog.pg_namespace WHERE nspname = CURRENT_SCHEMA()))

2025/02/13 14:39:02 /home/bryan/repos/skripsi/backend/setup/setup.go:78
[1.393ms] [rows:1] SELECT count(*) FROM INFORMATION_SCHEMA.table_constraints WHERE table_schema = CURRENT_SCHEMA() AND table_name = 'transactions' AND constraint_name = 'fk_transactions_pet_daycare'

2025/02/13 14:39:02 /home/bryan/repos/skripsi/backend/setup/setup.go:78
[1.231ms] [rows:1] SELECT count(*) FROM INFORMATION_SCHEMA.table_constraints WHERE table_schema = CURRENT_SCHEMA() AND table_name = 'transactions' AND constraint_name = 'fk_transactions_booked_slot'

2025/02/13 14:39:02 /home/bryan/repos/skripsi/backend/setup/setup.go:78
[1.211ms] [rows:1] SELECT count(*) FROM information_schema.tables WHERE table_schema = CURRENT_SCHEMA() AND table_name = 'reduce_slots' AND table_type = 'BASE TABLE'

2025/02/13 14:39:02 /home/bryan/repos/skripsi/backend/setup/setup.go:78
[0.935ms] [rows:1] SELECT CURRENT_DATABASE()

2025/02/13 14:39:02 /home/bryan/repos/skripsi/backend/setup/setup.go:78
[3.834ms] [rows:-] SELECT c.column_name, c.is_nullable = 'YES', c.udt_name, c.character_maximum_length, c.numeric_precision, c.numeric_precision_radix, c.numeric_scale, c.datetime_precision, 8 * typlen, c.column_default, pd.description, c.identity_increment FROM information_schema.columns AS c JOIN pg_type AS pgt ON c.udt_name = pgt.typname LEFT JOIN pg_catalog.pg_description as pd ON pd.objsubid = c.ordinal_position AND pd.objoid = (SELECT oid FROM pg_catalog.pg_class WHERE relname = c.table_name AND relnamespace = (SELECT oid FROM pg_catalog.pg_namespace WHERE nspname = c.table_schema)) where table_catalog = $1$ AND table_schema = CURRENT_SCHEMA() AND table_name = $2$

2025/02/13 14:39:02 /home/bryan/repos/skripsi/backend/setup/setup.go:78
[1.204ms] [rows:-] SELECT * FROM "reduce_slots" LIMIT $1$

2025/02/13 14:39:02 /home/bryan/repos/skripsi/backend/setup/setup.go:78
[3.328ms] [rows:-] SELECT constraint_name FROM information_schema.table_constraints tc JOIN information_schema.constraint_column_usage AS ccu USING (constraint_schema, constraint_catalog, table_name, constraint_name) JOIN information_schema.columns AS c ON c.table_schema = tc.constraint_schema AND tc.table_name = c.table_name AND ccu.column_name = c.column_name WHERE constraint_type IN ('PRIMARY KEY', 'UNIQUE') AND c.table_catalog = $1$ AND c.table_schema = CURRENT_SCHEMA() AND c.table_name = $2$ AND constraint_type = $3$

2025/02/13 14:39:02 /home/bryan/repos/skripsi/backend/setup/setup.go:78
[3.843ms] [rows:-] SELECT c.column_name, constraint_name, constraint_type FROM information_schema.table_constraints tc JOIN information_schema.constraint_column_usage AS ccu USING (constraint_schema, constraint_catalog, table_name, constraint_name) JOIN information_schema.columns AS c ON c.table_schema = tc.constraint_schema AND tc.table_name = c.table_name AND ccu.column_name = c.column_name WHERE constraint_type IN ('PRIMARY KEY', 'UNIQUE') AND c.table_catalog = $1$ AND c.table_schema = CURRENT_SCHEMA() AND c.table_name = $2$

2025/02/13 14:39:02 /home/bryan/repos/skripsi/backend/setup/setup.go:78
[1.449ms] [rows:-] SELECT a.attname as column_name, format_type(a.atttypid, a.atttypmod) AS data_type
		FROM pg_attribute a JOIN pg_class b ON a.attrelid = b.oid AND relnamespace = (SELECT oid FROM pg_catalog.pg_namespace WHERE nspname = CURRENT_SCHEMA())
		WHERE a.attnum > 0 -- hide internal columns
		AND NOT a.attisdropped -- hide deleted columns
		AND b.relname = $1$

2025/02/13 14:39:02 /home/bryan/repos/skripsi/backend/setup/setup.go:78
[2.210ms] [rows:0] SELECT description FROM pg_catalog.pg_description WHERE objsubid = (SELECT ordinal_position FROM information_schema.columns WHERE table_schema = CURRENT_SCHEMA() AND table_name = 'reduce_slots' AND column_name = 'id') AND objoid = (SELECT oid FROM pg_catalog.pg_class WHERE relname = 'reduce_slots' AND relnamespace = (SELECT oid FROM pg_catalog.pg_namespace WHERE nspname = CURRENT_SCHEMA()))

2025/02/13 14:39:02 /home/bryan/repos/skripsi/backend/setup/setup.go:78
[2.285ms] [rows:0] SELECT description FROM pg_catalog.pg_description WHERE objsubid = (SELECT ordinal_position FROM information_schema.columns WHERE table_schema = CURRENT_SCHEMA() AND table_name = 'reduce_slots' AND column_name = 'slot_id') AND objoid = (SELECT oid FROM pg_catalog.pg_class WHERE relname = 'reduce_slots' AND relnamespace = (SELECT oid FROM pg_catalog.pg_namespace WHERE nspname = CURRENT_SCHEMA()))

2025/02/13 14:39:02 /home/bryan/repos/skripsi/backend/setup/setup.go:78
[2.125ms] [rows:0] SELECT description FROM pg_catalog.pg_description WHERE objsubid = (SELECT ordinal_position FROM information_schema.columns WHERE table_schema = CURRENT_SCHEMA() AND table_name = 'reduce_slots' AND column_name = 'reduced_count') AND objoid = (SELECT oid FROM pg_catalog.pg_class WHERE relname = 'reduce_slots' AND relnamespace = (SELECT oid FROM pg_catalog.pg_namespace WHERE nspname = CURRENT_SCHEMA()))

2025/02/13 14:39:02 /home/bryan/repos/skripsi/backend/setup/setup.go:78
[2.069ms] [rows:0] SELECT description FROM pg_catalog.pg_description WHERE objsubid = (SELECT ordinal_position FROM information_schema.columns WHERE table_schema = CURRENT_SCHEMA() AND table_name = 'reduce_slots' AND column_name = 'target_date') AND objoid = (SELECT oid FROM pg_catalog.pg_class WHERE relname = 'reduce_slots' AND relnamespace = (SELECT oid FROM pg_catalog.pg_namespace WHERE nspname = CURRENT_SCHEMA()))

2025/02/13 14:39:02 /home/bryan/repos/skripsi/backend/setup/setup.go:78
[1.645ms] [rows:1] SELECT count(*) FROM information_schema.tables WHERE table_schema = CURRENT_SCHEMA() AND table_name = 'booked_slots_dailies' AND table_type = 'BASE TABLE'

2025/02/13 14:39:02 /home/bryan/repos/skripsi/backend/setup/setup.go:78
[1.191ms] [rows:1] SELECT CURRENT_DATABASE()

2025/02/13 14:39:02 /home/bryan/repos/skripsi/backend/setup/setup.go:78
[4.919ms] [rows:-] SELECT c.column_name, c.is_nullable = 'YES', c.udt_name, c.character_maximum_length, c.numeric_precision, c.numeric_precision_radix, c.numeric_scale, c.datetime_precision, 8 * typlen, c.column_default, pd.description, c.identity_increment FROM information_schema.columns AS c JOIN pg_type AS pgt ON c.udt_name = pgt.typname LEFT JOIN pg_catalog.pg_description as pd ON pd.objsubid = c.ordinal_position AND pd.objoid = (SELECT oid FROM pg_catalog.pg_class WHERE relname = c.table_name AND relnamespace = (SELECT oid FROM pg_catalog.pg_namespace WHERE nspname = c.table_schema)) where table_catalog = $1$ AND table_schema = CURRENT_SCHEMA() AND table_name = $2$

2025/02/13 14:39:02 /home/bryan/repos/skripsi/backend/setup/setup.go:78
[2.424ms] [rows:-] SELECT * FROM "booked_slots_dailies" LIMIT $1$

2025/02/13 14:39:02 /home/bryan/repos/skripsi/backend/setup/setup.go:78
[3.760ms] [rows:-] SELECT constraint_name FROM information_schema.table_constraints tc JOIN information_schema.constraint_column_usage AS ccu USING (constraint_schema, constraint_catalog, table_name, constraint_name) JOIN information_schema.columns AS c ON c.table_schema = tc.constraint_schema AND tc.table_name = c.table_name AND ccu.column_name = c.column_name WHERE constraint_type IN ('PRIMARY KEY', 'UNIQUE') AND c.table_catalog = $1$ AND c.table_schema = CURRENT_SCHEMA() AND c.table_name = $2$ AND constraint_type = $3$

2025/02/13 14:39:02 /home/bryan/repos/skripsi/backend/setup/setup.go:78
[4.085ms] [rows:-] SELECT c.column_name, constraint_name, constraint_type FROM information_schema.table_constraints tc JOIN information_schema.constraint_column_usage AS ccu USING (constraint_schema, constraint_catalog, table_name, constraint_name) JOIN information_schema.columns AS c ON c.table_schema = tc.constraint_schema AND tc.table_name = c.table_name AND ccu.column_name = c.column_name WHERE constraint_type IN ('PRIMARY KEY', 'UNIQUE') AND c.table_catalog = $1$ AND c.table_schema = CURRENT_SCHEMA() AND c.table_name = $2$

2025/02/13 14:39:02 /home/bryan/repos/skripsi/backend/setup/setup.go:78
[1.496ms] [rows:-] SELECT a.attname as column_name, format_type(a.atttypid, a.atttypmod) AS data_type
		FROM pg_attribute a JOIN pg_class b ON a.attrelid = b.oid AND relnamespace = (SELECT oid FROM pg_catalog.pg_namespace WHERE nspname = CURRENT_SCHEMA())
		WHERE a.attnum > 0 -- hide internal columns
		AND NOT a.attisdropped -- hide deleted columns
		AND b.relname = $1$

2025/02/13 14:39:02 /home/bryan/repos/skripsi/backend/setup/setup.go:78
[2.300ms] [rows:0] SELECT description FROM pg_catalog.pg_description WHERE objsubid = (SELECT ordinal_position FROM information_schema.columns WHERE table_schema = CURRENT_SCHEMA() AND table_name = 'booked_slots_dailies' AND column_name = 'id') AND objoid = (SELECT oid FROM pg_catalog.pg_class WHERE relname = 'booked_slots_dailies' AND relnamespace = (SELECT oid FROM pg_catalog.pg_namespace WHERE nspname = CURRENT_SCHEMA()))

2025/02/13 14:39:02 /home/bryan/repos/skripsi/backend/setup/setup.go:78
[2.348ms] [rows:0] SELECT description FROM pg_catalog.pg_description WHERE objsubid = (SELECT ordinal_position FROM information_schema.columns WHERE table_schema = CURRENT_SCHEMA() AND table_name = 'booked_slots_dailies' AND column_name = 'daycare_id') AND objoid = (SELECT oid FROM pg_catalog.pg_class WHERE relname = 'booked_slots_dailies' AND relnamespace = (SELECT oid FROM pg_catalog.pg_namespace WHERE nspname = CURRENT_SCHEMA()))

2025/02/13 14:39:02 /home/bryan/repos/skripsi/backend/setup/setup.go:78
[2.357ms] [rows:0] SELECT description FROM pg_catalog.pg_description WHERE objsubid = (SELECT ordinal_position FROM information_schema.columns WHERE table_schema = CURRENT_SCHEMA() AND table_name = 'booked_slots_dailies' AND column_name = 'date') AND objoid = (SELECT oid FROM pg_catalog.pg_class WHERE relname = 'booked_slots_dailies' AND relnamespace = (SELECT oid FROM pg_catalog.pg_namespace WHERE nspname = CURRENT_SCHEMA()))

2025/02/13 14:39:02 /home/bryan/repos/skripsi/backend/setup/setup.go:78
[2.397ms] [rows:0] SELECT description FROM pg_catalog.pg_description WHERE objsubid = (SELECT ordinal_position FROM information_schema.columns WHERE table_schema = CURRENT_SCHEMA() AND table_name = 'booked_slots_dailies' AND column_name = 'slot_count') AND objoid = (SELECT oid FROM pg_catalog.pg_class WHERE relname = 'booked_slots_dailies' AND relnamespace = (SELECT oid FROM pg_catalog.pg_namespace WHERE nspname = CURRENT_SCHEMA()))

2025/02/13 14:39:02 /home/bryan/repos/skripsi/backend/setup/setup.go:78
[1.804ms] [rows:1] SELECT count(*) FROM pg_indexes WHERE tablename = 'booked_slots_dailies' AND indexname = 'idx_booked_slots_dailies_date' AND schemaname = CURRENT_SCHEMA()
[GIN-debug] [WARNING] Creating an Engine instance with the Logger and Recovery middleware already attached.

[GIN-debug] [WARNING] Running in "debug" mode. Switch to "release" mode in production.
 - using env:	export GIN_MODE=release
 - using code:	gin.SetMode(gin.ReleaseMode)

[GIN-debug] GET    /assets/*filepath         --> github.com/gin-gonic/gin.(*RouterGroup).createStaticHandler.func1 (3 handlers)
[GIN-debug] HEAD   /assets/*filepath         --> github.com/gin-gonic/gin.(*RouterGroup).createStaticHandler.func1 (3 handlers)
[GIN-debug] POST   /users                    --> github.com/BryanEgbert/skripsi/controller.(*UserController).CreateUser-fm (3 handlers)
[GIN-debug] GET    /users/vets               --> github.com/BryanEgbert/skripsi/controller.(*UserController).GetVets-fm (4 handlers)
[GIN-debug] GET    /users/:id                --> github.com/BryanEgbert/skripsi/controller.(*UserController).GetUser-fm (4 handlers)
[GIN-debug] DELETE /users                    --> github.com/BryanEgbert/skripsi/controller.(*UserController).DeleteUser-fm (4 handlers)
[GIN-debug] PUT    /users                    --> github.com/BryanEgbert/skripsi/controller.(*UserController).UpdateUserProfile-fm (4 handlers)
[GIN-debug] PATCH  /users/password           --> github.com/BryanEgbert/skripsi/controller.(*UserController).UpdateUserPassword-fm (4 handlers)
[GIN-debug] POST   /login                    --> github.com/BryanEgbert/skripsi/controller.(*AuthController).Login-fm (3 handlers)
[GIN-debug] POST   /refresh                  --> github.com/BryanEgbert/skripsi/controller.(*AuthController).RefreshToken-fm (4 handlers)
[GIN-debug] GET    /pets/:id                 --> github.com/BryanEgbert/skripsi/controller.(*PetController).GetPet-fm (4 handlers)
[GIN-debug] GET    /pets                     --> github.com/BryanEgbert/skripsi/controller.(*PetController).GetPets-fm (4 handlers)
[GIN-debug] POST   /pets                     --> github.com/BryanEgbert/skripsi/controller.(*PetController).CreatePet-fm (4 handlers)
[GIN-debug] PUT    /pets/:id                 --> github.com/BryanEgbert/skripsi/controller.(*PetController).UpdatePet-fm (4 handlers)
[GIN-debug] DELETE /pets/:id                 --> github.com/BryanEgbert/skripsi/controller.(*PetController).DeletePet-fm (4 handlers)
[GIN-debug] PATCH  /daycare/slot/:slotId     --> github.com/BryanEgbert/skripsi/controller.(*PetDaycareController).EditSlotCount-fm (4 handlers)
[GIN-debug] GET    /daycare/:id/slot         --> github.com/BryanEgbert/skripsi/controller.(*PetDaycareController).GetPetDaycareSlots-fm (4 handlers)
[GIN-debug] POST   /daycare/:id/slot         --> github.com/BryanEgbert/skripsi/controller.(*PetDaycareController).CreateSlot-fm (4 handlers)
[GIN-debug] GET    /daycare/:id/review       --> github.com/BryanEgbert/skripsi/controller.(*PetDaycareController).GetReviews-fm (4 handlers)
[GIN-debug] POST   /daycare/:id/review       --> github.com/BryanEgbert/skripsi/controller.(*PetDaycareController).CreateReview-fm (4 handlers)
[GIN-debug] DELETE /daycare/:id/review       --> github.com/BryanEgbert/skripsi/controller.(*PetDaycareController).DeleteReview-fm (4 handlers)
[GIN-debug] GET    /daycare/:id              --> github.com/BryanEgbert/skripsi/controller.(*PetDaycareController).GetPetDaycare-fm (4 handlers)
[GIN-debug] GET    /daycare                  --> github.com/BryanEgbert/skripsi/controller.(*PetDaycareController).GetPetDaycares-fm (4 handlers)
[GIN-debug] POST   /daycare                  --> github.com/BryanEgbert/skripsi/controller.(*PetDaycareController).CreatePetDaycare-fm (4 handlers)
[GIN-debug] PUT    /daycare/:id              --> github.com/BryanEgbert/skripsi/controller.(*PetDaycareController).UpdatePetDaycare-fm (4 handlers)
[GIN-debug] DELETE /daycare/:id              --> github.com/BryanEgbert/skripsi/controller.(*PetDaycareController).DeletePetDaycare-fm (4 handlers)

2025/02/13 14:39:02 /home/bryan/repos/skripsi/backend/service/pet_service.go:116
[7.485ms] [rows:1] INSERT INTO "pets" ("created_at","updated_at","deleted_at","name","image_url","status","owner_id","species_id","size_id") VALUES ($1$,$2$,$3$,$4$,$5$,$6$,$7$,$8$,$9$) RETURNING "id"
[GIN] 2025/02/13 - 14:39:02 | 201 |    8.356137ms |                 | POST     "/pets"
--- PASS: TestCreatePet (1.54s)
    --- PASS: TestCreatePet/On_create_pet,_should_return_201_on_success (1.54s)
=== RUN   TestUpdatePet
=== RUN   TestUpdatePet/On_update_pet,_should_return_204_if_pet_update_successfully

2025/02/13 14:39:02 /home/bryan/repos/skripsi/backend/setup/setup.go:60
[314.647ms] [rows:0] TRUNCATE TABLE users, vet_specialties, user_vet_specialties, pet_daycares, pets, size_categories, roles, slots, booked_slots, thumbnails, species, reviews, refresh_tokens, transactions, daily_walks, daily_playtimes, reduce_slots RESTART IDENTITY CASCADE;

2025/02/13 14:39:02 /home/bryan/repos/skripsi/backend/seeder/seeder.go:18
[15.392ms] [rows:3] INSERT INTO "roles" ("name","id") VALUES ($1$,$2$),($3$,$4$),($5$,$6$) RETURNING "id"

2025/02/13 14:39:02 /home/bryan/repos/skripsi/backend/seeder/seeder.go:29
[12.643ms] [rows:4] INSERT INTO "daily_walks" ("name","id") VALUES ($1$,$2$),($3$,$4$),($5$,$6$),($7$,$8$) RETURNING "id"

2025/02/13 14:39:02 /home/bryan/repos/skripsi/backend/seeder/seeder.go:39
[12.044ms] [rows:4] INSERT INTO "daily_playtimes" ("name","id") VALUES ($1$,$2$),($3$,$4$),($5$,$6$),($7$,$8$) RETURNING "id"

2025/02/13 14:39:02 /home/bryan/repos/skripsi/backend/seeder/seeder.go:61
[14.191ms] [rows:17] INSERT INTO "vet_specialties" ("name") VALUES ($1$),($2$),($3$),($4$),($5$),($6$),($7$),($8$),($9$),($10$),($11$),($12$),($13$),($14$),($15$),($16$),($17$) RETURNING "id"

2025/02/13 14:39:03 /home/bryan/repos/skripsi/backend/seeder/seeder.go:71
[11.267ms] [rows:3] INSERT INTO "species" ("name") VALUES ($1$),($2$),($3$) RETURNING "id"

2025/02/13 14:39:03 /home/bryan/repos/skripsi/backend/seeder/seeder.go:83
[13.314ms] [rows:5] INSERT INTO "size_categories" ("name","min_weight","max_weight") VALUES ($1$,$2$,$3$),($4$,$5$,$6$),($7$,$8$,$9$),($10$,$11$,$12$),($13$,$14$,$15$) RETURNING "id"

2025/02/13 14:39:03 /home/bryan/repos/skripsi/backend/seeder/seeder.go:106
[2.426ms] [rows:0] INSERT INTO "vet_specialties" ("name","id") VALUES ($1$,$2$),($3$,$4$),($5$,$6$) ON CONFLICT DO NOTHING RETURNING "id"

2025/02/13 14:39:03 /home/bryan/repos/skripsi/backend/seeder/seeder.go:106
[3.562ms] [rows:3] INSERT INTO "user_vet_specialties" ("user_id","vet_specialty_id") VALUES ($1$,$2$),($3$,$4$),($5$,$6$) ON CONFLICT DO NOTHING

2025/02/13 14:39:03 /home/bryan/repos/skripsi/backend/seeder/seeder.go:106
[15.059ms] [rows:6] INSERT INTO "users" ("created_at","updated_at","deleted_at","name","email","password","role_id","image_url") VALUES ($1$,$2$,$3$,$4$,$5$,$6$,$7$,$8$),($9$,$10$,$11$,$12$,$13$,$14$,$15$,$16$),($17$,$18$,$19$,$20$,$21$,$22$,$23$,$24$),($25$,$26$,$27$,$28$,$29$,$30$,$31$,$32$),($33$,$34$,$35$,$36$,$37$,$38$,$39$,DEFAULT),($40$,$41$,$42$,$43$,$44$,$45$,$46$,$47$) RETURNING "id","image_url"

2025/02/13 14:39:03 /home/bryan/repos/skripsi/backend/seeder/seeder.go:148
[1.756ms] [rows:0] INSERT INTO "daily_walks" ("name","id") VALUES ($1$,$2$) ON CONFLICT DO NOTHING RETURNING "id"

2025/02/13 14:39:03 /home/bryan/repos/skripsi/backend/seeder/seeder.go:148
[1.996ms] [rows:0] INSERT INTO "daily_playtimes" ("name","id") VALUES ($1$,$2$),($3$,$4$) ON CONFLICT DO NOTHING RETURNING "id"

2025/02/13 14:39:03 /home/bryan/repos/skripsi/backend/seeder/seeder.go:148
[12.208ms] [rows:3] INSERT INTO "pet_daycares" ("created_at","updated_at","deleted_at","name","address","latitude","longitude","price","pricing_type","description","has_pickup_service","must_be_vaccinated","food_provided","grooming_available","booked_num","daily_walks_id","daily_playtime_id","owner_id","food_brand") VALUES ($1$,$2$,$3$,$4$,$5$,$6$,$7$,$8$,$9$,$10$,$11$,$12$,$13$,$14$,$15$,$16$,$17$,$18$,$19$),($20$,$21$,$22$,$23$,$24$,$25$,$26$,$27$,$28$,$29$,$30$,$31$,$32$,$33$,$34$,$35$,$36$,$37$,$38$),($39$,$40$,$41$,$42$,$43$,$44$,$45$,$46$,$47$,$48$,$49$,$50$,$51$,$52$,$53$,$54$,$55$,$56$,$57$) RETURNING "id"

2025/02/13 14:39:03 /home/bryan/repos/skripsi/backend/seeder/seeder.go:158
[5.972ms] [rows:3] INSERT INTO "slots" ("created_at","updated_at","deleted_at","daycare_id","species_id","size_category_id","max_number") VALUES ($1$,$2$,$3$,$4$,$5$,$6$,$7$),($8$,$9$,$10$,$11$,$12$,$13$,$14$),($15$,$16$,$17$,$18$,$19$,$20$,$21$) RETURNING "id"

2025/02/13 14:39:03 /home/bryan/repos/skripsi/backend/seeder/seeder.go:172
[6.335ms] [rows:2] INSERT INTO "pets" ("created_at","updated_at","deleted_at","name","image_url","status","owner_id","species_id","size_id") VALUES ($1$,$2$,$3$,$4$,$5$,$6$,$7$,$8$,$9$),($10$,$11$,$12$,$13$,$14$,$15$,$16$,$17$,$18$) RETURNING "id"

2025/02/13 14:39:03 /home/bryan/repos/skripsi/backend/seeder/seeder.go:189
[6.674ms] [rows:2] INSERT INTO "booked_slots" ("created_at","updated_at","deleted_at","user_id","daycare_id","pet_id","start_date","end_date") VALUES ($1$,$2$,$3$,$4$,$5$,$6$,$7$,$8$),($9$,$10$,$11$,$12$,$13$,$14$,$15$,$16$) RETURNING "id"

2025/02/13 14:39:03 /home/bryan/repos/skripsi/backend/seeder/seeder.go:205
[6.484ms] [rows:3] INSERT INTO "reviews" ("created_at","updated_at","deleted_at","daycare_id","user_id","name","rate","description") VALUES ($1$,$2$,$3$,$4$,$5$,$6$,$7$,$8$),($9$,$10$,$11$,$12$,$13$,$14$,$15$,$16$),($17$,$18$,$19$,$20$,$21$,$22$,$23$,$24$) RETURNING "id"

2025/02/13 14:39:03 /home/bryan/repos/skripsi/backend/seeder/seeder.go:213
[5.272ms] [rows:1] INSERT INTO "reduce_slots" ("slot_id","reduced_count","target_date") VALUES ($1$,$2$,$3$) RETURNING "id"

2025/02/13 14:39:03 /home/bryan/repos/skripsi/backend/seeder/seeder.go:222
[5.368ms] [rows:2] INSERT INTO "thumbnails" ("daycare_id","image_url") VALUES ($1$,$2$),($3$,$4$) RETURNING "id"

2025/02/13 14:39:03 /home/bryan/repos/skripsi/backend/seeder/seeder.go:230
[5.846ms] [rows:1] INSERT INTO "transactions" ("pet_daycare_id","booked_slot_id","status") VALUES ($1$,$2$,$3$) RETURNING "created_at","id"

2025/02/13 14:39:03 /home/bryan/repos/skripsi/backend/setup/setup.go:78
[18.377ms] [rows:1] SELECT count(*) FROM information_schema.tables WHERE table_schema = CURRENT_SCHEMA() AND table_name = 'roles' AND table_type = 'BASE TABLE'

2025/02/13 14:39:03 /home/bryan/repos/skripsi/backend/setup/setup.go:78
[2.247ms] [rows:1] SELECT CURRENT_DATABASE()

2025/02/13 14:39:03 /home/bryan/repos/skripsi/backend/setup/setup.go:78
[44.180ms] [rows:-] SELECT c.column_name, c.is_nullable = 'YES', c.udt_name, c.character_maximum_length, c.numeric_precision, c.numeric_precision_radix, c.numeric_scale, c.datetime_precision, 8 * typlen, c.column_default, pd.description, c.identity_increment FROM information_schema.columns AS c JOIN pg_type AS pgt ON c.udt_name = pgt.typname LEFT JOIN pg_catalog.pg_description as pd ON pd.objsubid = c.ordinal_position AND pd.objoid = (SELECT oid FROM pg_catalog.pg_class WHERE relname = c.table_name AND relnamespace = (SELECT oid FROM pg_catalog.pg_namespace WHERE nspname = c.table_schema)) where table_catalog = $1$ AND table_schema = CURRENT_SCHEMA() AND table_name = $2$

2025/02/13 14:39:03 /home/bryan/repos/skripsi/backend/setup/setup.go:78
[1.221ms] [rows:-] SELECT * FROM "roles" LIMIT $1$

2025/02/13 14:39:03 /home/bryan/repos/skripsi/backend/setup/setup.go:78
[31.576ms] [rows:-] SELECT constraint_name FROM information_schema.table_constraints tc JOIN information_schema.constraint_column_usage AS ccu USING (constraint_schema, constraint_catalog, table_name, constraint_name) JOIN information_schema.columns AS c ON c.table_schema = tc.constraint_schema AND tc.table_name = c.table_name AND ccu.column_name = c.column_name WHERE constraint_type IN ('PRIMARY KEY', 'UNIQUE') AND c.table_catalog = $1$ AND c.table_schema = CURRENT_SCHEMA() AND c.table_name = $2$ AND constraint_type = $3$

2025/02/13 14:39:03 /home/bryan/repos/skripsi/backend/setup/setup.go:78
[24.188ms] [rows:-] SELECT c.column_name, constraint_name, constraint_type FROM information_schema.table_constraints tc JOIN information_schema.constraint_column_usage AS ccu USING (constraint_schema, constraint_catalog, table_name, constraint_name) JOIN information_schema.columns AS c ON c.table_schema = tc.constraint_schema AND tc.table_name = c.table_name AND ccu.column_name = c.column_name WHERE constraint_type IN ('PRIMARY KEY', 'UNIQUE') AND c.table_catalog = $1$ AND c.table_schema = CURRENT_SCHEMA() AND c.table_name = $2$

2025/02/13 14:39:03 /home/bryan/repos/skripsi/backend/setup/setup.go:78
[2.763ms] [rows:-] SELECT a.attname as column_name, format_type(a.atttypid, a.atttypmod) AS data_type
		FROM pg_attribute a JOIN pg_class b ON a.attrelid = b.oid AND relnamespace = (SELECT oid FROM pg_catalog.pg_namespace WHERE nspname = CURRENT_SCHEMA())
		WHERE a.attnum > 0 -- hide internal columns
		AND NOT a.attisdropped -- hide deleted columns
		AND b.relname = $1$

2025/02/13 14:39:03 /home/bryan/repos/skripsi/backend/setup/setup.go:78
[7.524ms] [rows:0] SELECT description FROM pg_catalog.pg_description WHERE objsubid = (SELECT ordinal_position FROM information_schema.columns WHERE table_schema = CURRENT_SCHEMA() AND table_name = 'roles' AND column_name = 'id') AND objoid = (SELECT oid FROM pg_catalog.pg_class WHERE relname = 'roles' AND relnamespace = (SELECT oid FROM pg_catalog.pg_namespace WHERE nspname = CURRENT_SCHEMA()))

2025/02/13 14:39:03 /home/bryan/repos/skripsi/backend/setup/setup.go:78
[5.507ms] [rows:0] SELECT description FROM pg_catalog.pg_description WHERE objsubid = (SELECT ordinal_position FROM information_schema.columns WHERE table_schema = CURRENT_SCHEMA() AND table_name = 'roles' AND column_name = 'name') AND objoid = (SELECT oid FROM pg_catalog.pg_class WHERE relname = 'roles' AND relnamespace = (SELECT oid FROM pg_catalog.pg_namespace WHERE nspname = CURRENT_SCHEMA()))

2025/02/13 14:39:03 /home/bryan/repos/skripsi/backend/setup/setup.go:78
[2.159ms] [rows:1] SELECT count(*) FROM information_schema.tables WHERE table_schema = CURRENT_SCHEMA() AND table_name = 'users' AND table_type = 'BASE TABLE'

2025/02/13 14:39:03 /home/bryan/repos/skripsi/backend/setup/setup.go:78
[0.878ms] [rows:1] SELECT CURRENT_DATABASE()

2025/02/13 14:39:03 /home/bryan/repos/skripsi/backend/setup/setup.go:78
[11.620ms] [rows:-] SELECT c.column_name, c.is_nullable = 'YES', c.udt_name, c.character_maximum_length, c.numeric_precision, c.numeric_precision_radix, c.numeric_scale, c.datetime_precision, 8 * typlen, c.column_default, pd.description, c.identity_increment FROM information_schema.columns AS c JOIN pg_type AS pgt ON c.udt_name = pgt.typname LEFT JOIN pg_catalog.pg_description as pd ON pd.objsubid = c.ordinal_position AND pd.objoid = (SELECT oid FROM pg_catalog.pg_class WHERE relname = c.table_name AND relnamespace = (SELECT oid FROM pg_catalog.pg_namespace WHERE nspname = c.table_schema)) where table_catalog = $1$ AND table_schema = CURRENT_SCHEMA() AND table_name = $2$

2025/02/13 14:39:03 /home/bryan/repos/skripsi/backend/setup/setup.go:78
[0.881ms] [rows:-] SELECT * FROM "users" LIMIT $1$

2025/02/13 14:39:03 /home/bryan/repos/skripsi/backend/setup/setup.go:78
[18.877ms] [rows:-] SELECT constraint_name FROM information_schema.table_constraints tc JOIN information_schema.constraint_column_usage AS ccu USING (constraint_schema, constraint_catalog, table_name, constraint_name) JOIN information_schema.columns AS c ON c.table_schema = tc.constraint_schema AND tc.table_name = c.table_name AND ccu.column_name = c.column_name WHERE constraint_type IN ('PRIMARY KEY', 'UNIQUE') AND c.table_catalog = $1$ AND c.table_schema = CURRENT_SCHEMA() AND c.table_name = $2$ AND constraint_type = $3$

2025/02/13 14:39:03 /home/bryan/repos/skripsi/backend/setup/setup.go:78
[18.234ms] [rows:-] SELECT c.column_name, constraint_name, constraint_type FROM information_schema.table_constraints tc JOIN information_schema.constraint_column_usage AS ccu USING (constraint_schema, constraint_catalog, table_name, constraint_name) JOIN information_schema.columns AS c ON c.table_schema = tc.constraint_schema AND tc.table_name = c.table_name AND ccu.column_name = c.column_name WHERE constraint_type IN ('PRIMARY KEY', 'UNIQUE') AND c.table_catalog = $1$ AND c.table_schema = CURRENT_SCHEMA() AND c.table_name = $2$

2025/02/13 14:39:03 /home/bryan/repos/skripsi/backend/setup/setup.go:78
[1.602ms] [rows:-] SELECT a.attname as column_name, format_type(a.atttypid, a.atttypmod) AS data_type
		FROM pg_attribute a JOIN pg_class b ON a.attrelid = b.oid AND relnamespace = (SELECT oid FROM pg_catalog.pg_namespace WHERE nspname = CURRENT_SCHEMA())
		WHERE a.attnum > 0 -- hide internal columns
		AND NOT a.attisdropped -- hide deleted columns
		AND b.relname = $1$

2025/02/13 14:39:03 /home/bryan/repos/skripsi/backend/setup/setup.go:78
[5.469ms] [rows:0] SELECT description FROM pg_catalog.pg_description WHERE objsubid = (SELECT ordinal_position FROM information_schema.columns WHERE table_schema = CURRENT_SCHEMA() AND table_name = 'users' AND column_name = 'id') AND objoid = (SELECT oid FROM pg_catalog.pg_class WHERE relname = 'users' AND relnamespace = (SELECT oid FROM pg_catalog.pg_namespace WHERE nspname = CURRENT_SCHEMA()))

2025/02/13 14:39:03 /home/bryan/repos/skripsi/backend/setup/setup.go:78
[6.245ms] [rows:0] SELECT description FROM pg_catalog.pg_description WHERE objsubid = (SELECT ordinal_position FROM information_schema.columns WHERE table_schema = CURRENT_SCHEMA() AND table_name = 'users' AND column_name = 'created_at') AND objoid = (SELECT oid FROM pg_catalog.pg_class WHERE relname = 'users' AND relnamespace = (SELECT oid FROM pg_catalog.pg_namespace WHERE nspname = CURRENT_SCHEMA()))

2025/02/13 14:39:03 /home/bryan/repos/skripsi/backend/setup/setup.go:78
[5.460ms] [rows:0] SELECT description FROM pg_catalog.pg_description WHERE objsubid = (SELECT ordinal_position FROM information_schema.columns WHERE table_schema = CURRENT_SCHEMA() AND table_name = 'users' AND column_name = 'updated_at') AND objoid = (SELECT oid FROM pg_catalog.pg_class WHERE relname = 'users' AND relnamespace = (SELECT oid FROM pg_catalog.pg_namespace WHERE nspname = CURRENT_SCHEMA()))

2025/02/13 14:39:03 /home/bryan/repos/skripsi/backend/setup/setup.go:78
[5.606ms] [rows:0] SELECT description FROM pg_catalog.pg_description WHERE objsubid = (SELECT ordinal_position FROM information_schema.columns WHERE table_schema = CURRENT_SCHEMA() AND table_name = 'users' AND column_name = 'deleted_at') AND objoid = (SELECT oid FROM pg_catalog.pg_class WHERE relname = 'users' AND relnamespace = (SELECT oid FROM pg_catalog.pg_namespace WHERE nspname = CURRENT_SCHEMA()))

2025/02/13 14:39:03 /home/bryan/repos/skripsi/backend/setup/setup.go:78
[1.542ms] [rows:0] SELECT description FROM pg_catalog.pg_description WHERE objsubid = (SELECT ordinal_position FROM information_schema.columns WHERE table_schema = CURRENT_SCHEMA() AND table_name = 'users' AND column_name = 'name') AND objoid = (SELECT oid FROM pg_catalog.pg_class WHERE relname = 'users' AND relnamespace = (SELECT oid FROM pg_catalog.pg_namespace WHERE nspname = CURRENT_SCHEMA()))

2025/02/13 14:39:03 /home/bryan/repos/skripsi/backend/setup/setup.go:78
[1.491ms] [rows:0] SELECT description FROM pg_catalog.pg_description WHERE objsubid = (SELECT ordinal_position FROM information_schema.columns WHERE table_schema = CURRENT_SCHEMA() AND table_name = 'users' AND column_name = 'email') AND objoid = (SELECT oid FROM pg_catalog.pg_class WHERE relname = 'users' AND relnamespace = (SELECT oid FROM pg_catalog.pg_namespace WHERE nspname = CURRENT_SCHEMA()))

2025/02/13 14:39:03 /home/bryan/repos/skripsi/backend/setup/setup.go:78
[1.490ms] [rows:0] SELECT description FROM pg_catalog.pg_description WHERE objsubid = (SELECT ordinal_position FROM information_schema.columns WHERE table_schema = CURRENT_SCHEMA() AND table_name = 'users' AND column_name = 'password') AND objoid = (SELECT oid FROM pg_catalog.pg_class WHERE relname = 'users' AND relnamespace = (SELECT oid FROM pg_catalog.pg_namespace WHERE nspname = CURRENT_SCHEMA()))

2025/02/13 14:39:03 /home/bryan/repos/skripsi/backend/setup/setup.go:78
[1.403ms] [rows:0] SELECT description FROM pg_catalog.pg_description WHERE objsubid = (SELECT ordinal_position FROM information_schema.columns WHERE table_schema = CURRENT_SCHEMA() AND table_name = 'users' AND column_name = 'image_url') AND objoid = (SELECT oid FROM pg_catalog.pg_class WHERE relname = 'users' AND relnamespace = (SELECT oid FROM pg_catalog.pg_namespace WHERE nspname = CURRENT_SCHEMA()))

2025/02/13 14:39:03 /home/bryan/repos/skripsi/backend/setup/setup.go:78
[1.553ms] [rows:0] SELECT description FROM pg_catalog.pg_description WHERE objsubid = (SELECT ordinal_position FROM information_schema.columns WHERE table_schema = CURRENT_SCHEMA() AND table_name = 'users' AND column_name = 'role_id') AND objoid = (SELECT oid FROM pg_catalog.pg_class WHERE relname = 'users' AND relnamespace = (SELECT oid FROM pg_catalog.pg_namespace WHERE nspname = CURRENT_SCHEMA()))

2025/02/13 14:39:03 /home/bryan/repos/skripsi/backend/setup/setup.go:78
[4.750ms] [rows:1] SELECT count(*) FROM INFORMATION_SCHEMA.table_constraints WHERE table_schema = CURRENT_SCHEMA() AND table_name = 'users' AND constraint_name = 'fk_roles_users'

2025/02/13 14:39:03 /home/bryan/repos/skripsi/backend/setup/setup.go:78
[6.209ms] [rows:1] SELECT count(*) FROM pg_indexes WHERE tablename = 'users' AND indexname = 'idx_users_deleted_at' AND schemaname = CURRENT_SCHEMA()

2025/02/13 14:39:03 /home/bryan/repos/skripsi/backend/setup/setup.go:78
[2.469ms] [rows:1] SELECT count(*) FROM information_schema.tables WHERE table_schema = CURRENT_SCHEMA() AND table_name = 'vet_specialties' AND table_type = 'BASE TABLE'

2025/02/13 14:39:03 /home/bryan/repos/skripsi/backend/setup/setup.go:78
[0.777ms] [rows:1] SELECT CURRENT_DATABASE()

2025/02/13 14:39:03 /home/bryan/repos/skripsi/backend/setup/setup.go:78
[11.981ms] [rows:-] SELECT c.column_name, c.is_nullable = 'YES', c.udt_name, c.character_maximum_length, c.numeric_precision, c.numeric_precision_radix, c.numeric_scale, c.datetime_precision, 8 * typlen, c.column_default, pd.description, c.identity_increment FROM information_schema.columns AS c JOIN pg_type AS pgt ON c.udt_name = pgt.typname LEFT JOIN pg_catalog.pg_description as pd ON pd.objsubid = c.ordinal_position AND pd.objoid = (SELECT oid FROM pg_catalog.pg_class WHERE relname = c.table_name AND relnamespace = (SELECT oid FROM pg_catalog.pg_namespace WHERE nspname = c.table_schema)) where table_catalog = $1$ AND table_schema = CURRENT_SCHEMA() AND table_name = $2$

2025/02/13 14:39:03 /home/bryan/repos/skripsi/backend/setup/setup.go:78
[1.393ms] [rows:-] SELECT * FROM "vet_specialties" LIMIT $1$

2025/02/13 14:39:03 /home/bryan/repos/skripsi/backend/setup/setup.go:78
[16.851ms] [rows:-] SELECT constraint_name FROM information_schema.table_constraints tc JOIN information_schema.constraint_column_usage AS ccu USING (constraint_schema, constraint_catalog, table_name, constraint_name) JOIN information_schema.columns AS c ON c.table_schema = tc.constraint_schema AND tc.table_name = c.table_name AND ccu.column_name = c.column_name WHERE constraint_type IN ('PRIMARY KEY', 'UNIQUE') AND c.table_catalog = $1$ AND c.table_schema = CURRENT_SCHEMA() AND c.table_name = $2$ AND constraint_type = $3$

2025/02/13 14:39:03 /home/bryan/repos/skripsi/backend/setup/setup.go:78
[16.450ms] [rows:-] SELECT c.column_name, constraint_name, constraint_type FROM information_schema.table_constraints tc JOIN information_schema.constraint_column_usage AS ccu USING (constraint_schema, constraint_catalog, table_name, constraint_name) JOIN information_schema.columns AS c ON c.table_schema = tc.constraint_schema AND tc.table_name = c.table_name AND ccu.column_name = c.column_name WHERE constraint_type IN ('PRIMARY KEY', 'UNIQUE') AND c.table_catalog = $1$ AND c.table_schema = CURRENT_SCHEMA() AND c.table_name = $2$

2025/02/13 14:39:03 /home/bryan/repos/skripsi/backend/setup/setup.go:78
[1.708ms] [rows:-] SELECT a.attname as column_name, format_type(a.atttypid, a.atttypmod) AS data_type
		FROM pg_attribute a JOIN pg_class b ON a.attrelid = b.oid AND relnamespace = (SELECT oid FROM pg_catalog.pg_namespace WHERE nspname = CURRENT_SCHEMA())
		WHERE a.attnum > 0 -- hide internal columns
		AND NOT a.attisdropped -- hide deleted columns
		AND b.relname = $1$

2025/02/13 14:39:03 /home/bryan/repos/skripsi/backend/setup/setup.go:78
[1.495ms] [rows:0] SELECT description FROM pg_catalog.pg_description WHERE objsubid = (SELECT ordinal_position FROM information_schema.columns WHERE table_schema = CURRENT_SCHEMA() AND table_name = 'vet_specialties' AND column_name = 'id') AND objoid = (SELECT oid FROM pg_catalog.pg_class WHERE relname = 'vet_specialties' AND relnamespace = (SELECT oid FROM pg_catalog.pg_namespace WHERE nspname = CURRENT_SCHEMA()))

2025/02/13 14:39:03 /home/bryan/repos/skripsi/backend/setup/setup.go:78
[1.525ms] [rows:0] SELECT description FROM pg_catalog.pg_description WHERE objsubid = (SELECT ordinal_position FROM information_schema.columns WHERE table_schema = CURRENT_SCHEMA() AND table_name = 'vet_specialties' AND column_name = 'name') AND objoid = (SELECT oid FROM pg_catalog.pg_class WHERE relname = 'vet_specialties' AND relnamespace = (SELECT oid FROM pg_catalog.pg_namespace WHERE nspname = CURRENT_SCHEMA()))

2025/02/13 14:39:03 /home/bryan/repos/skripsi/backend/setup/setup.go:78
[2.213ms] [rows:1] SELECT count(*) FROM information_schema.tables WHERE table_schema = CURRENT_SCHEMA() AND table_name = 'user_vet_specialties' AND table_type = 'BASE TABLE'

2025/02/13 14:39:03 /home/bryan/repos/skripsi/backend/setup/setup.go:78
[0.805ms] [rows:1] SELECT CURRENT_DATABASE()

2025/02/13 14:39:03 /home/bryan/repos/skripsi/backend/setup/setup.go:78
[11.591ms] [rows:-] SELECT c.column_name, c.is_nullable = 'YES', c.udt_name, c.character_maximum_length, c.numeric_precision, c.numeric_precision_radix, c.numeric_scale, c.datetime_precision, 8 * typlen, c.column_default, pd.description, c.identity_increment FROM information_schema.columns AS c JOIN pg_type AS pgt ON c.udt_name = pgt.typname LEFT JOIN pg_catalog.pg_description as pd ON pd.objsubid = c.ordinal_position AND pd.objoid = (SELECT oid FROM pg_catalog.pg_class WHERE relname = c.table_name AND relnamespace = (SELECT oid FROM pg_catalog.pg_namespace WHERE nspname = c.table_schema)) where table_catalog = $1$ AND table_schema = CURRENT_SCHEMA() AND table_name = $2$

2025/02/13 14:39:03 /home/bryan/repos/skripsi/backend/setup/setup.go:78
[1.123ms] [rows:-] SELECT * FROM "user_vet_specialties" LIMIT $1$

2025/02/13 14:39:03 /home/bryan/repos/skripsi/backend/setup/setup.go:78
[16.334ms] [rows:-] SELECT constraint_name FROM information_schema.table_constraints tc JOIN information_schema.constraint_column_usage AS ccu USING (constraint_schema, constraint_catalog, table_name, constraint_name) JOIN information_schema.columns AS c ON c.table_schema = tc.constraint_schema AND tc.table_name = c.table_name AND ccu.column_name = c.column_name WHERE constraint_type IN ('PRIMARY KEY', 'UNIQUE') AND c.table_catalog = $1$ AND c.table_schema = CURRENT_SCHEMA() AND c.table_name = $2$ AND constraint_type = $3$

2025/02/13 14:39:03 /home/bryan/repos/skripsi/backend/setup/setup.go:78
[16.858ms] [rows:-] SELECT c.column_name, constraint_name, constraint_type FROM information_schema.table_constraints tc JOIN information_schema.constraint_column_usage AS ccu USING (constraint_schema, constraint_catalog, table_name, constraint_name) JOIN information_schema.columns AS c ON c.table_schema = tc.constraint_schema AND tc.table_name = c.table_name AND ccu.column_name = c.column_name WHERE constraint_type IN ('PRIMARY KEY', 'UNIQUE') AND c.table_catalog = $1$ AND c.table_schema = CURRENT_SCHEMA() AND c.table_name = $2$

2025/02/13 14:39:03 /home/bryan/repos/skripsi/backend/setup/setup.go:78
[1.736ms] [rows:-] SELECT a.attname as column_name, format_type(a.atttypid, a.atttypmod) AS data_type
		FROM pg_attribute a JOIN pg_class b ON a.attrelid = b.oid AND relnamespace = (SELECT oid FROM pg_catalog.pg_namespace WHERE nspname = CURRENT_SCHEMA())
		WHERE a.attnum > 0 -- hide internal columns
		AND NOT a.attisdropped -- hide deleted columns
		AND b.relname = $1$

2025/02/13 14:39:03 /home/bryan/repos/skripsi/backend/setup/setup.go:78
[1.350ms] [rows:0] SELECT description FROM pg_catalog.pg_description WHERE objsubid = (SELECT ordinal_position FROM information_schema.columns WHERE table_schema = CURRENT_SCHEMA() AND table_name = 'user_vet_specialties' AND column_name = 'user_id') AND objoid = (SELECT oid FROM pg_catalog.pg_class WHERE relname = 'user_vet_specialties' AND relnamespace = (SELECT oid FROM pg_catalog.pg_namespace WHERE nspname = CURRENT_SCHEMA()))

2025/02/13 14:39:03 /home/bryan/repos/skripsi/backend/setup/setup.go:78
[1.389ms] [rows:0] SELECT description FROM pg_catalog.pg_description WHERE objsubid = (SELECT ordinal_position FROM information_schema.columns WHERE table_schema = CURRENT_SCHEMA() AND table_name = 'user_vet_specialties' AND column_name = 'vet_specialty_id') AND objoid = (SELECT oid FROM pg_catalog.pg_class WHERE relname = 'user_vet_specialties' AND relnamespace = (SELECT oid FROM pg_catalog.pg_namespace WHERE nspname = CURRENT_SCHEMA()))

2025/02/13 14:39:03 /home/bryan/repos/skripsi/backend/setup/setup.go:78
[3.963ms] [rows:1] SELECT count(*) FROM INFORMATION_SCHEMA.table_constraints WHERE table_schema = CURRENT_SCHEMA() AND table_name = 'user_vet_specialties' AND constraint_name = 'fk_user_vet_specialties_user'

2025/02/13 14:39:03 /home/bryan/repos/skripsi/backend/setup/setup.go:78
[3.915ms] [rows:1] SELECT count(*) FROM INFORMATION_SCHEMA.table_constraints WHERE table_schema = CURRENT_SCHEMA() AND table_name = 'user_vet_specialties' AND constraint_name = 'fk_user_vet_specialties_vet_specialty'

2025/02/13 14:39:03 /home/bryan/repos/skripsi/backend/setup/setup.go:78
[2.281ms] [rows:1] SELECT count(*) FROM information_schema.tables WHERE table_schema = CURRENT_SCHEMA() AND table_name = 'daily_walks' AND table_type = 'BASE TABLE'

2025/02/13 14:39:03 /home/bryan/repos/skripsi/backend/setup/setup.go:78
[0.710ms] [rows:1] SELECT CURRENT_DATABASE()

2025/02/13 14:39:03 /home/bryan/repos/skripsi/backend/setup/setup.go:78
[12.435ms] [rows:-] SELECT c.column_name, c.is_nullable = 'YES', c.udt_name, c.character_maximum_length, c.numeric_precision, c.numeric_precision_radix, c.numeric_scale, c.datetime_precision, 8 * typlen, c.column_default, pd.description, c.identity_increment FROM information_schema.columns AS c JOIN pg_type AS pgt ON c.udt_name = pgt.typname LEFT JOIN pg_catalog.pg_description as pd ON pd.objsubid = c.ordinal_position AND pd.objoid = (SELECT oid FROM pg_catalog.pg_class WHERE relname = c.table_name AND relnamespace = (SELECT oid FROM pg_catalog.pg_namespace WHERE nspname = c.table_schema)) where table_catalog = $1$ AND table_schema = CURRENT_SCHEMA() AND table_name = $2$

2025/02/13 14:39:03 /home/bryan/repos/skripsi/backend/setup/setup.go:78
[0.956ms] [rows:-] SELECT * FROM "daily_walks" LIMIT $1$

2025/02/13 14:39:03 /home/bryan/repos/skripsi/backend/setup/setup.go:78
[16.886ms] [rows:-] SELECT constraint_name FROM information_schema.table_constraints tc JOIN information_schema.constraint_column_usage AS ccu USING (constraint_schema, constraint_catalog, table_name, constraint_name) JOIN information_schema.columns AS c ON c.table_schema = tc.constraint_schema AND tc.table_name = c.table_name AND ccu.column_name = c.column_name WHERE constraint_type IN ('PRIMARY KEY', 'UNIQUE') AND c.table_catalog = $1$ AND c.table_schema = CURRENT_SCHEMA() AND c.table_name = $2$ AND constraint_type = $3$

2025/02/13 14:39:03 /home/bryan/repos/skripsi/backend/setup/setup.go:78
[16.992ms] [rows:-] SELECT c.column_name, constraint_name, constraint_type FROM information_schema.table_constraints tc JOIN information_schema.constraint_column_usage AS ccu USING (constraint_schema, constraint_catalog, table_name, constraint_name) JOIN information_schema.columns AS c ON c.table_schema = tc.constraint_schema AND tc.table_name = c.table_name AND ccu.column_name = c.column_name WHERE constraint_type IN ('PRIMARY KEY', 'UNIQUE') AND c.table_catalog = $1$ AND c.table_schema = CURRENT_SCHEMA() AND c.table_name = $2$

2025/02/13 14:39:03 /home/bryan/repos/skripsi/backend/setup/setup.go:78
[1.719ms] [rows:-] SELECT a.attname as column_name, format_type(a.atttypid, a.atttypmod) AS data_type
		FROM pg_attribute a JOIN pg_class b ON a.attrelid = b.oid AND relnamespace = (SELECT oid FROM pg_catalog.pg_namespace WHERE nspname = CURRENT_SCHEMA())
		WHERE a.attnum > 0 -- hide internal columns
		AND NOT a.attisdropped -- hide deleted columns
		AND b.relname = $1$

2025/02/13 14:39:03 /home/bryan/repos/skripsi/backend/setup/setup.go:78
[1.668ms] [rows:0] SELECT description FROM pg_catalog.pg_description WHERE objsubid = (SELECT ordinal_position FROM information_schema.columns WHERE table_schema = CURRENT_SCHEMA() AND table_name = 'daily_walks' AND column_name = 'id') AND objoid = (SELECT oid FROM pg_catalog.pg_class WHERE relname = 'daily_walks' AND relnamespace = (SELECT oid FROM pg_catalog.pg_namespace WHERE nspname = CURRENT_SCHEMA()))

2025/02/13 14:39:03 /home/bryan/repos/skripsi/backend/setup/setup.go:78
[1.624ms] [rows:0] SELECT description FROM pg_catalog.pg_description WHERE objsubid = (SELECT ordinal_position FROM information_schema.columns WHERE table_schema = CURRENT_SCHEMA() AND table_name = 'daily_walks' AND column_name = 'name') AND objoid = (SELECT oid FROM pg_catalog.pg_class WHERE relname = 'daily_walks' AND relnamespace = (SELECT oid FROM pg_catalog.pg_namespace WHERE nspname = CURRENT_SCHEMA()))

2025/02/13 14:39:03 /home/bryan/repos/skripsi/backend/setup/setup.go:78
[2.401ms] [rows:1] SELECT count(*) FROM information_schema.tables WHERE table_schema = CURRENT_SCHEMA() AND table_name = 'daily_playtimes' AND table_type = 'BASE TABLE'

2025/02/13 14:39:03 /home/bryan/repos/skripsi/backend/setup/setup.go:78
[0.893ms] [rows:1] SELECT CURRENT_DATABASE()

2025/02/13 14:39:03 /home/bryan/repos/skripsi/backend/setup/setup.go:78
[12.576ms] [rows:-] SELECT c.column_name, c.is_nullable = 'YES', c.udt_name, c.character_maximum_length, c.numeric_precision, c.numeric_precision_radix, c.numeric_scale, c.datetime_precision, 8 * typlen, c.column_default, pd.description, c.identity_increment FROM information_schema.columns AS c JOIN pg_type AS pgt ON c.udt_name = pgt.typname LEFT JOIN pg_catalog.pg_description as pd ON pd.objsubid = c.ordinal_position AND pd.objoid = (SELECT oid FROM pg_catalog.pg_class WHERE relname = c.table_name AND relnamespace = (SELECT oid FROM pg_catalog.pg_namespace WHERE nspname = c.table_schema)) where table_catalog = $1$ AND table_schema = CURRENT_SCHEMA() AND table_name = $2$

2025/02/13 14:39:03 /home/bryan/repos/skripsi/backend/setup/setup.go:78
[0.845ms] [rows:-] SELECT * FROM "daily_playtimes" LIMIT $1$

2025/02/13 14:39:03 /home/bryan/repos/skripsi/backend/setup/setup.go:78
[17.166ms] [rows:-] SELECT constraint_name FROM information_schema.table_constraints tc JOIN information_schema.constraint_column_usage AS ccu USING (constraint_schema, constraint_catalog, table_name, constraint_name) JOIN information_schema.columns AS c ON c.table_schema = tc.constraint_schema AND tc.table_name = c.table_name AND ccu.column_name = c.column_name WHERE constraint_type IN ('PRIMARY KEY', 'UNIQUE') AND c.table_catalog = $1$ AND c.table_schema = CURRENT_SCHEMA() AND c.table_name = $2$ AND constraint_type = $3$

2025/02/13 14:39:03 /home/bryan/repos/skripsi/backend/setup/setup.go:78
[18.489ms] [rows:-] SELECT c.column_name, constraint_name, constraint_type FROM information_schema.table_constraints tc JOIN information_schema.constraint_column_usage AS ccu USING (constraint_schema, constraint_catalog, table_name, constraint_name) JOIN information_schema.columns AS c ON c.table_schema = tc.constraint_schema AND tc.table_name = c.table_name AND ccu.column_name = c.column_name WHERE constraint_type IN ('PRIMARY KEY', 'UNIQUE') AND c.table_catalog = $1$ AND c.table_schema = CURRENT_SCHEMA() AND c.table_name = $2$

2025/02/13 14:39:03 /home/bryan/repos/skripsi/backend/setup/setup.go:78
[1.827ms] [rows:-] SELECT a.attname as column_name, format_type(a.atttypid, a.atttypmod) AS data_type
		FROM pg_attribute a JOIN pg_class b ON a.attrelid = b.oid AND relnamespace = (SELECT oid FROM pg_catalog.pg_namespace WHERE nspname = CURRENT_SCHEMA())
		WHERE a.attnum > 0 -- hide internal columns
		AND NOT a.attisdropped -- hide deleted columns
		AND b.relname = $1$

2025/02/13 14:39:03 /home/bryan/repos/skripsi/backend/setup/setup.go:78
[1.680ms] [rows:0] SELECT description FROM pg_catalog.pg_description WHERE objsubid = (SELECT ordinal_position FROM information_schema.columns WHERE table_schema = CURRENT_SCHEMA() AND table_name = 'daily_playtimes' AND column_name = 'id') AND objoid = (SELECT oid FROM pg_catalog.pg_class WHERE relname = 'daily_playtimes' AND relnamespace = (SELECT oid FROM pg_catalog.pg_namespace WHERE nspname = CURRENT_SCHEMA()))

2025/02/13 14:39:03 /home/bryan/repos/skripsi/backend/setup/setup.go:78
[1.616ms] [rows:0] SELECT description FROM pg_catalog.pg_description WHERE objsubid = (SELECT ordinal_position FROM information_schema.columns WHERE table_schema = CURRENT_SCHEMA() AND table_name = 'daily_playtimes' AND column_name = 'name') AND objoid = (SELECT oid FROM pg_catalog.pg_class WHERE relname = 'daily_playtimes' AND relnamespace = (SELECT oid FROM pg_catalog.pg_namespace WHERE nspname = CURRENT_SCHEMA()))

2025/02/13 14:39:03 /home/bryan/repos/skripsi/backend/setup/setup.go:78
[1.034ms] [rows:1] SELECT count(*) FROM information_schema.tables WHERE table_schema = CURRENT_SCHEMA() AND table_name = 'pet_daycares' AND table_type = 'BASE TABLE'

2025/02/13 14:39:03 /home/bryan/repos/skripsi/backend/setup/setup.go:78
[0.738ms] [rows:1] SELECT CURRENT_DATABASE()

2025/02/13 14:39:03 /home/bryan/repos/skripsi/backend/setup/setup.go:78
[5.003ms] [rows:-] SELECT c.column_name, c.is_nullable = 'YES', c.udt_name, c.character_maximum_length, c.numeric_precision, c.numeric_precision_radix, c.numeric_scale, c.datetime_precision, 8 * typlen, c.column_default, pd.description, c.identity_increment FROM information_schema.columns AS c JOIN pg_type AS pgt ON c.udt_name = pgt.typname LEFT JOIN pg_catalog.pg_description as pd ON pd.objsubid = c.ordinal_position AND pd.objoid = (SELECT oid FROM pg_catalog.pg_class WHERE relname = c.table_name AND relnamespace = (SELECT oid FROM pg_catalog.pg_namespace WHERE nspname = c.table_schema)) where table_catalog = $1$ AND table_schema = CURRENT_SCHEMA() AND table_name = $2$

2025/02/13 14:39:03 /home/bryan/repos/skripsi/backend/setup/setup.go:78
[1.292ms] [rows:-] SELECT * FROM "pet_daycares" LIMIT $1$

2025/02/13 14:39:03 /home/bryan/repos/skripsi/backend/setup/setup.go:78
[7.148ms] [rows:-] SELECT constraint_name FROM information_schema.table_constraints tc JOIN information_schema.constraint_column_usage AS ccu USING (constraint_schema, constraint_catalog, table_name, constraint_name) JOIN information_schema.columns AS c ON c.table_schema = tc.constraint_schema AND tc.table_name = c.table_name AND ccu.column_name = c.column_name WHERE constraint_type IN ('PRIMARY KEY', 'UNIQUE') AND c.table_catalog = $1$ AND c.table_schema = CURRENT_SCHEMA() AND c.table_name = $2$ AND constraint_type = $3$

2025/02/13 14:39:03 /home/bryan/repos/skripsi/backend/setup/setup.go:78
[6.605ms] [rows:-] SELECT c.column_name, constraint_name, constraint_type FROM information_schema.table_constraints tc JOIN information_schema.constraint_column_usage AS ccu USING (constraint_schema, constraint_catalog, table_name, constraint_name) JOIN information_schema.columns AS c ON c.table_schema = tc.constraint_schema AND tc.table_name = c.table_name AND ccu.column_name = c.column_name WHERE constraint_type IN ('PRIMARY KEY', 'UNIQUE') AND c.table_catalog = $1$ AND c.table_schema = CURRENT_SCHEMA() AND c.table_name = $2$

2025/02/13 14:39:03 /home/bryan/repos/skripsi/backend/setup/setup.go:78
[1.077ms] [rows:-] SELECT a.attname as column_name, format_type(a.atttypid, a.atttypmod) AS data_type
		FROM pg_attribute a JOIN pg_class b ON a.attrelid = b.oid AND relnamespace = (SELECT oid FROM pg_catalog.pg_namespace WHERE nspname = CURRENT_SCHEMA())
		WHERE a.attnum > 0 -- hide internal columns
		AND NOT a.attisdropped -- hide deleted columns
		AND b.relname = $1$

2025/02/13 14:39:03 /home/bryan/repos/skripsi/backend/setup/setup.go:78
[1.467ms] [rows:0] SELECT description FROM pg_catalog.pg_description WHERE objsubid = (SELECT ordinal_position FROM information_schema.columns WHERE table_schema = CURRENT_SCHEMA() AND table_name = 'pet_daycares' AND column_name = 'id') AND objoid = (SELECT oid FROM pg_catalog.pg_class WHERE relname = 'pet_daycares' AND relnamespace = (SELECT oid FROM pg_catalog.pg_namespace WHERE nspname = CURRENT_SCHEMA()))

2025/02/13 14:39:03 /home/bryan/repos/skripsi/backend/setup/setup.go:78
[1.341ms] [rows:0] SELECT description FROM pg_catalog.pg_description WHERE objsubid = (SELECT ordinal_position FROM information_schema.columns WHERE table_schema = CURRENT_SCHEMA() AND table_name = 'pet_daycares' AND column_name = 'created_at') AND objoid = (SELECT oid FROM pg_catalog.pg_class WHERE relname = 'pet_daycares' AND relnamespace = (SELECT oid FROM pg_catalog.pg_namespace WHERE nspname = CURRENT_SCHEMA()))

2025/02/13 14:39:03 /home/bryan/repos/skripsi/backend/setup/setup.go:78
[1.352ms] [rows:0] SELECT description FROM pg_catalog.pg_description WHERE objsubid = (SELECT ordinal_position FROM information_schema.columns WHERE table_schema = CURRENT_SCHEMA() AND table_name = 'pet_daycares' AND column_name = 'updated_at') AND objoid = (SELECT oid FROM pg_catalog.pg_class WHERE relname = 'pet_daycares' AND relnamespace = (SELECT oid FROM pg_catalog.pg_namespace WHERE nspname = CURRENT_SCHEMA()))

2025/02/13 14:39:03 /home/bryan/repos/skripsi/backend/setup/setup.go:78
[1.374ms] [rows:0] SELECT description FROM pg_catalog.pg_description WHERE objsubid = (SELECT ordinal_position FROM information_schema.columns WHERE table_schema = CURRENT_SCHEMA() AND table_name = 'pet_daycares' AND column_name = 'deleted_at') AND objoid = (SELECT oid FROM pg_catalog.pg_class WHERE relname = 'pet_daycares' AND relnamespace = (SELECT oid FROM pg_catalog.pg_namespace WHERE nspname = CURRENT_SCHEMA()))

2025/02/13 14:39:03 /home/bryan/repos/skripsi/backend/setup/setup.go:78
[1.479ms] [rows:0] SELECT description FROM pg_catalog.pg_description WHERE objsubid = (SELECT ordinal_position FROM information_schema.columns WHERE table_schema = CURRENT_SCHEMA() AND table_name = 'pet_daycares' AND column_name = 'name') AND objoid = (SELECT oid FROM pg_catalog.pg_class WHERE relname = 'pet_daycares' AND relnamespace = (SELECT oid FROM pg_catalog.pg_namespace WHERE nspname = CURRENT_SCHEMA()))

2025/02/13 14:39:03 /home/bryan/repos/skripsi/backend/setup/setup.go:78
[1.485ms] [rows:0] SELECT description FROM pg_catalog.pg_description WHERE objsubid = (SELECT ordinal_position FROM information_schema.columns WHERE table_schema = CURRENT_SCHEMA() AND table_name = 'pet_daycares' AND column_name = 'address') AND objoid = (SELECT oid FROM pg_catalog.pg_class WHERE relname = 'pet_daycares' AND relnamespace = (SELECT oid FROM pg_catalog.pg_namespace WHERE nspname = CURRENT_SCHEMA()))

2025/02/13 14:39:03 /home/bryan/repos/skripsi/backend/setup/setup.go:78
[1.437ms] [rows:0] SELECT description FROM pg_catalog.pg_description WHERE objsubid = (SELECT ordinal_position FROM information_schema.columns WHERE table_schema = CURRENT_SCHEMA() AND table_name = 'pet_daycares' AND column_name = 'latitude') AND objoid = (SELECT oid FROM pg_catalog.pg_class WHERE relname = 'pet_daycares' AND relnamespace = (SELECT oid FROM pg_catalog.pg_namespace WHERE nspname = CURRENT_SCHEMA()))

2025/02/13 14:39:03 /home/bryan/repos/skripsi/backend/setup/setup.go:78
[1.410ms] [rows:0] SELECT description FROM pg_catalog.pg_description WHERE objsubid = (SELECT ordinal_position FROM information_schema.columns WHERE table_schema = CURRENT_SCHEMA() AND table_name = 'pet_daycares' AND column_name = 'longitude') AND objoid = (SELECT oid FROM pg_catalog.pg_class WHERE relname = 'pet_daycares' AND relnamespace = (SELECT oid FROM pg_catalog.pg_namespace WHERE nspname = CURRENT_SCHEMA()))

2025/02/13 14:39:03 /home/bryan/repos/skripsi/backend/setup/setup.go:78
[1.427ms] [rows:0] SELECT description FROM pg_catalog.pg_description WHERE objsubid = (SELECT ordinal_position FROM information_schema.columns WHERE table_schema = CURRENT_SCHEMA() AND table_name = 'pet_daycares' AND column_name = 'price') AND objoid = (SELECT oid FROM pg_catalog.pg_class WHERE relname = 'pet_daycares' AND relnamespace = (SELECT oid FROM pg_catalog.pg_namespace WHERE nspname = CURRENT_SCHEMA()))

2025/02/13 14:39:03 /home/bryan/repos/skripsi/backend/setup/setup.go:78
[1.436ms] [rows:0] SELECT description FROM pg_catalog.pg_description WHERE objsubid = (SELECT ordinal_position FROM information_schema.columns WHERE table_schema = CURRENT_SCHEMA() AND table_name = 'pet_daycares' AND column_name = 'pricing_type') AND objoid = (SELECT oid FROM pg_catalog.pg_class WHERE relname = 'pet_daycares' AND relnamespace = (SELECT oid FROM pg_catalog.pg_namespace WHERE nspname = CURRENT_SCHEMA()))

2025/02/13 14:39:03 /home/bryan/repos/skripsi/backend/setup/setup.go:78
[1.478ms] [rows:0] SELECT description FROM pg_catalog.pg_description WHERE objsubid = (SELECT ordinal_position FROM information_schema.columns WHERE table_schema = CURRENT_SCHEMA() AND table_name = 'pet_daycares' AND column_name = 'description') AND objoid = (SELECT oid FROM pg_catalog.pg_class WHERE relname = 'pet_daycares' AND relnamespace = (SELECT oid FROM pg_catalog.pg_namespace WHERE nspname = CURRENT_SCHEMA()))

2025/02/13 14:39:03 /home/bryan/repos/skripsi/backend/setup/setup.go:78
[1.464ms] [rows:0] SELECT description FROM pg_catalog.pg_description WHERE objsubid = (SELECT ordinal_position FROM information_schema.columns WHERE table_schema = CURRENT_SCHEMA() AND table_name = 'pet_daycares' AND column_name = 'has_pickup_service') AND objoid = (SELECT oid FROM pg_catalog.pg_class WHERE relname = 'pet_daycares' AND relnamespace = (SELECT oid FROM pg_catalog.pg_namespace WHERE nspname = CURRENT_SCHEMA()))

2025/02/13 14:39:03 /home/bryan/repos/skripsi/backend/setup/setup.go:78
[1.431ms] [rows:0] SELECT description FROM pg_catalog.pg_description WHERE objsubid = (SELECT ordinal_position FROM information_schema.columns WHERE table_schema = CURRENT_SCHEMA() AND table_name = 'pet_daycares' AND column_name = 'must_be_vaccinated') AND objoid = (SELECT oid FROM pg_catalog.pg_class WHERE relname = 'pet_daycares' AND relnamespace = (SELECT oid FROM pg_catalog.pg_namespace WHERE nspname = CURRENT_SCHEMA()))

2025/02/13 14:39:03 /home/bryan/repos/skripsi/backend/setup/setup.go:78
[1.518ms] [rows:0] SELECT description FROM pg_catalog.pg_description WHERE objsubid = (SELECT ordinal_position FROM information_schema.columns WHERE table_schema = CURRENT_SCHEMA() AND table_name = 'pet_daycares' AND column_name = 'food_provided') AND objoid = (SELECT oid FROM pg_catalog.pg_class WHERE relname = 'pet_daycares' AND relnamespace = (SELECT oid FROM pg_catalog.pg_namespace WHERE nspname = CURRENT_SCHEMA()))

2025/02/13 14:39:03 /home/bryan/repos/skripsi/backend/setup/setup.go:78
[1.345ms] [rows:0] SELECT description FROM pg_catalog.pg_description WHERE objsubid = (SELECT ordinal_position FROM information_schema.columns WHERE table_schema = CURRENT_SCHEMA() AND table_name = 'pet_daycares' AND column_name = 'grooming_available') AND objoid = (SELECT oid FROM pg_catalog.pg_class WHERE relname = 'pet_daycares' AND relnamespace = (SELECT oid FROM pg_catalog.pg_namespace WHERE nspname = CURRENT_SCHEMA()))

2025/02/13 14:39:03 /home/bryan/repos/skripsi/backend/setup/setup.go:78
[1.315ms] [rows:0] SELECT description FROM pg_catalog.pg_description WHERE objsubid = (SELECT ordinal_position FROM information_schema.columns WHERE table_schema = CURRENT_SCHEMA() AND table_name = 'pet_daycares' AND column_name = 'booked_num') AND objoid = (SELECT oid FROM pg_catalog.pg_class WHERE relname = 'pet_daycares' AND relnamespace = (SELECT oid FROM pg_catalog.pg_namespace WHERE nspname = CURRENT_SCHEMA()))

2025/02/13 14:39:03 /home/bryan/repos/skripsi/backend/setup/setup.go:78
[1.382ms] [rows:0] SELECT description FROM pg_catalog.pg_description WHERE objsubid = (SELECT ordinal_position FROM information_schema.columns WHERE table_schema = CURRENT_SCHEMA() AND table_name = 'pet_daycares' AND column_name = 'daily_walks_id') AND objoid = (SELECT oid FROM pg_catalog.pg_class WHERE relname = 'pet_daycares' AND relnamespace = (SELECT oid FROM pg_catalog.pg_namespace WHERE nspname = CURRENT_SCHEMA()))

2025/02/13 14:39:03 /home/bryan/repos/skripsi/backend/setup/setup.go:78
[1.520ms] [rows:0] SELECT description FROM pg_catalog.pg_description WHERE objsubid = (SELECT ordinal_position FROM information_schema.columns WHERE table_schema = CURRENT_SCHEMA() AND table_name = 'pet_daycares' AND column_name = 'daily_playtime_id') AND objoid = (SELECT oid FROM pg_catalog.pg_class WHERE relname = 'pet_daycares' AND relnamespace = (SELECT oid FROM pg_catalog.pg_namespace WHERE nspname = CURRENT_SCHEMA()))

2025/02/13 14:39:03 /home/bryan/repos/skripsi/backend/setup/setup.go:78
[1.401ms] [rows:0] SELECT description FROM pg_catalog.pg_description WHERE objsubid = (SELECT ordinal_position FROM information_schema.columns WHERE table_schema = CURRENT_SCHEMA() AND table_name = 'pet_daycares' AND column_name = 'owner_id') AND objoid = (SELECT oid FROM pg_catalog.pg_class WHERE relname = 'pet_daycares' AND relnamespace = (SELECT oid FROM pg_catalog.pg_namespace WHERE nspname = CURRENT_SCHEMA()))

2025/02/13 14:39:03 /home/bryan/repos/skripsi/backend/setup/setup.go:78
[1.417ms] [rows:0] SELECT description FROM pg_catalog.pg_description WHERE objsubid = (SELECT ordinal_position FROM information_schema.columns WHERE table_schema = CURRENT_SCHEMA() AND table_name = 'pet_daycares' AND column_name = 'food_brand') AND objoid = (SELECT oid FROM pg_catalog.pg_class WHERE relname = 'pet_daycares' AND relnamespace = (SELECT oid FROM pg_catalog.pg_namespace WHERE nspname = CURRENT_SCHEMA()))

2025/02/13 14:39:03 /home/bryan/repos/skripsi/backend/setup/setup.go:78
[3.870ms] [rows:1] SELECT count(*) FROM INFORMATION_SCHEMA.table_constraints WHERE table_schema = CURRENT_SCHEMA() AND table_name = 'pet_daycares' AND constraint_name = 'fk_users_pet_daycare'

2025/02/13 14:39:03 /home/bryan/repos/skripsi/backend/setup/setup.go:78
[3.788ms] [rows:1] SELECT count(*) FROM INFORMATION_SCHEMA.table_constraints WHERE table_schema = CURRENT_SCHEMA() AND table_name = 'pet_daycares' AND constraint_name = 'fk_pet_daycares_daily_walks'

2025/02/13 14:39:03 /home/bryan/repos/skripsi/backend/setup/setup.go:78
[3.957ms] [rows:1] SELECT count(*) FROM INFORMATION_SCHEMA.table_constraints WHERE table_schema = CURRENT_SCHEMA() AND table_name = 'pet_daycares' AND constraint_name = 'fk_pet_daycares_daily_playtime'

2025/02/13 14:39:03 /home/bryan/repos/skripsi/backend/setup/setup.go:78
[3.091ms] [rows:1] SELECT count(*) FROM pg_indexes WHERE tablename = 'pet_daycares' AND indexname = 'idx_pet_daycares_deleted_at' AND schemaname = CURRENT_SCHEMA()

2025/02/13 14:39:03 /home/bryan/repos/skripsi/backend/setup/setup.go:78
[1.398ms] [rows:1] SELECT count(*) FROM information_schema.tables WHERE table_schema = CURRENT_SCHEMA() AND table_name = 'species' AND table_type = 'BASE TABLE'

2025/02/13 14:39:03 /home/bryan/repos/skripsi/backend/setup/setup.go:78
[1.023ms] [rows:1] SELECT CURRENT_DATABASE()

2025/02/13 14:39:03 /home/bryan/repos/skripsi/backend/setup/setup.go:78
[3.718ms] [rows:-] SELECT c.column_name, c.is_nullable = 'YES', c.udt_name, c.character_maximum_length, c.numeric_precision, c.numeric_precision_radix, c.numeric_scale, c.datetime_precision, 8 * typlen, c.column_default, pd.description, c.identity_increment FROM information_schema.columns AS c JOIN pg_type AS pgt ON c.udt_name = pgt.typname LEFT JOIN pg_catalog.pg_description as pd ON pd.objsubid = c.ordinal_position AND pd.objoid = (SELECT oid FROM pg_catalog.pg_class WHERE relname = c.table_name AND relnamespace = (SELECT oid FROM pg_catalog.pg_namespace WHERE nspname = c.table_schema)) where table_catalog = $1$ AND table_schema = CURRENT_SCHEMA() AND table_name = $2$

2025/02/13 14:39:03 /home/bryan/repos/skripsi/backend/setup/setup.go:78
[1.292ms] [rows:-] SELECT * FROM "species" LIMIT $1$

2025/02/13 14:39:03 /home/bryan/repos/skripsi/backend/setup/setup.go:78
[2.954ms] [rows:-] SELECT constraint_name FROM information_schema.table_constraints tc JOIN information_schema.constraint_column_usage AS ccu USING (constraint_schema, constraint_catalog, table_name, constraint_name) JOIN information_schema.columns AS c ON c.table_schema = tc.constraint_schema AND tc.table_name = c.table_name AND ccu.column_name = c.column_name WHERE constraint_type IN ('PRIMARY KEY', 'UNIQUE') AND c.table_catalog = $1$ AND c.table_schema = CURRENT_SCHEMA() AND c.table_name = $2$ AND constraint_type = $3$

2025/02/13 14:39:03 /home/bryan/repos/skripsi/backend/setup/setup.go:78
[4.159ms] [rows:-] SELECT c.column_name, constraint_name, constraint_type FROM information_schema.table_constraints tc JOIN information_schema.constraint_column_usage AS ccu USING (constraint_schema, constraint_catalog, table_name, constraint_name) JOIN information_schema.columns AS c ON c.table_schema = tc.constraint_schema AND tc.table_name = c.table_name AND ccu.column_name = c.column_name WHERE constraint_type IN ('PRIMARY KEY', 'UNIQUE') AND c.table_catalog = $1$ AND c.table_schema = CURRENT_SCHEMA() AND c.table_name = $2$

2025/02/13 14:39:03 /home/bryan/repos/skripsi/backend/setup/setup.go:78
[1.221ms] [rows:-] SELECT a.attname as column_name, format_type(a.atttypid, a.atttypmod) AS data_type
		FROM pg_attribute a JOIN pg_class b ON a.attrelid = b.oid AND relnamespace = (SELECT oid FROM pg_catalog.pg_namespace WHERE nspname = CURRENT_SCHEMA())
		WHERE a.attnum > 0 -- hide internal columns
		AND NOT a.attisdropped -- hide deleted columns
		AND b.relname = $1$

2025/02/13 14:39:03 /home/bryan/repos/skripsi/backend/setup/setup.go:78
[1.844ms] [rows:0] SELECT description FROM pg_catalog.pg_description WHERE objsubid = (SELECT ordinal_position FROM information_schema.columns WHERE table_schema = CURRENT_SCHEMA() AND table_name = 'species' AND column_name = 'id') AND objoid = (SELECT oid FROM pg_catalog.pg_class WHERE relname = 'species' AND relnamespace = (SELECT oid FROM pg_catalog.pg_namespace WHERE nspname = CURRENT_SCHEMA()))

2025/02/13 14:39:03 /home/bryan/repos/skripsi/backend/setup/setup.go:78
[1.715ms] [rows:0] SELECT description FROM pg_catalog.pg_description WHERE objsubid = (SELECT ordinal_position FROM information_schema.columns WHERE table_schema = CURRENT_SCHEMA() AND table_name = 'species' AND column_name = 'name') AND objoid = (SELECT oid FROM pg_catalog.pg_class WHERE relname = 'species' AND relnamespace = (SELECT oid FROM pg_catalog.pg_namespace WHERE nspname = CURRENT_SCHEMA()))

2025/02/13 14:39:03 /home/bryan/repos/skripsi/backend/setup/setup.go:78
[0.907ms] [rows:1] SELECT count(*) FROM information_schema.tables WHERE table_schema = CURRENT_SCHEMA() AND table_name = 'size_categories' AND table_type = 'BASE TABLE'

2025/02/13 14:39:03 /home/bryan/repos/skripsi/backend/setup/setup.go:78
[0.682ms] [rows:1] SELECT CURRENT_DATABASE()

2025/02/13 14:39:03 /home/bryan/repos/skripsi/backend/setup/setup.go:78
[3.139ms] [rows:-] SELECT c.column_name, c.is_nullable = 'YES', c.udt_name, c.character_maximum_length, c.numeric_precision, c.numeric_precision_radix, c.numeric_scale, c.datetime_precision, 8 * typlen, c.column_default, pd.description, c.identity_increment FROM information_schema.columns AS c JOIN pg_type AS pgt ON c.udt_name = pgt.typname LEFT JOIN pg_catalog.pg_description as pd ON pd.objsubid = c.ordinal_position AND pd.objoid = (SELECT oid FROM pg_catalog.pg_class WHERE relname = c.table_name AND relnamespace = (SELECT oid FROM pg_catalog.pg_namespace WHERE nspname = c.table_schema)) where table_catalog = $1$ AND table_schema = CURRENT_SCHEMA() AND table_name = $2$

2025/02/13 14:39:03 /home/bryan/repos/skripsi/backend/setup/setup.go:78
[0.959ms] [rows:-] SELECT * FROM "size_categories" LIMIT $1$

2025/02/13 14:39:03 /home/bryan/repos/skripsi/backend/setup/setup.go:78
[2.925ms] [rows:-] SELECT constraint_name FROM information_schema.table_constraints tc JOIN information_schema.constraint_column_usage AS ccu USING (constraint_schema, constraint_catalog, table_name, constraint_name) JOIN information_schema.columns AS c ON c.table_schema = tc.constraint_schema AND tc.table_name = c.table_name AND ccu.column_name = c.column_name WHERE constraint_type IN ('PRIMARY KEY', 'UNIQUE') AND c.table_catalog = $1$ AND c.table_schema = CURRENT_SCHEMA() AND c.table_name = $2$ AND constraint_type = $3$

2025/02/13 14:39:03 /home/bryan/repos/skripsi/backend/setup/setup.go:78
[2.879ms] [rows:-] SELECT c.column_name, constraint_name, constraint_type FROM information_schema.table_constraints tc JOIN information_schema.constraint_column_usage AS ccu USING (constraint_schema, constraint_catalog, table_name, constraint_name) JOIN information_schema.columns AS c ON c.table_schema = tc.constraint_schema AND tc.table_name = c.table_name AND ccu.column_name = c.column_name WHERE constraint_type IN ('PRIMARY KEY', 'UNIQUE') AND c.table_catalog = $1$ AND c.table_schema = CURRENT_SCHEMA() AND c.table_name = $2$

2025/02/13 14:39:03 /home/bryan/repos/skripsi/backend/setup/setup.go:78
[0.972ms] [rows:-] SELECT a.attname as column_name, format_type(a.atttypid, a.atttypmod) AS data_type
		FROM pg_attribute a JOIN pg_class b ON a.attrelid = b.oid AND relnamespace = (SELECT oid FROM pg_catalog.pg_namespace WHERE nspname = CURRENT_SCHEMA())
		WHERE a.attnum > 0 -- hide internal columns
		AND NOT a.attisdropped -- hide deleted columns
		AND b.relname = $1$

2025/02/13 14:39:03 /home/bryan/repos/skripsi/backend/setup/setup.go:78
[1.535ms] [rows:0] SELECT description FROM pg_catalog.pg_description WHERE objsubid = (SELECT ordinal_position FROM information_schema.columns WHERE table_schema = CURRENT_SCHEMA() AND table_name = 'size_categories' AND column_name = 'id') AND objoid = (SELECT oid FROM pg_catalog.pg_class WHERE relname = 'size_categories' AND relnamespace = (SELECT oid FROM pg_catalog.pg_namespace WHERE nspname = CURRENT_SCHEMA()))

2025/02/13 14:39:03 /home/bryan/repos/skripsi/backend/setup/setup.go:78
[1.484ms] [rows:0] SELECT description FROM pg_catalog.pg_description WHERE objsubid = (SELECT ordinal_position FROM information_schema.columns WHERE table_schema = CURRENT_SCHEMA() AND table_name = 'size_categories' AND column_name = 'name') AND objoid = (SELECT oid FROM pg_catalog.pg_class WHERE relname = 'size_categories' AND relnamespace = (SELECT oid FROM pg_catalog.pg_namespace WHERE nspname = CURRENT_SCHEMA()))

2025/02/13 14:39:03 /home/bryan/repos/skripsi/backend/setup/setup.go:78
[1.417ms] [rows:0] SELECT description FROM pg_catalog.pg_description WHERE objsubid = (SELECT ordinal_position FROM information_schema.columns WHERE table_schema = CURRENT_SCHEMA() AND table_name = 'size_categories' AND column_name = 'min_weight') AND objoid = (SELECT oid FROM pg_catalog.pg_class WHERE relname = 'size_categories' AND relnamespace = (SELECT oid FROM pg_catalog.pg_namespace WHERE nspname = CURRENT_SCHEMA()))

2025/02/13 14:39:03 /home/bryan/repos/skripsi/backend/setup/setup.go:78
[1.581ms] [rows:0] SELECT description FROM pg_catalog.pg_description WHERE objsubid = (SELECT ordinal_position FROM information_schema.columns WHERE table_schema = CURRENT_SCHEMA() AND table_name = 'size_categories' AND column_name = 'max_weight') AND objoid = (SELECT oid FROM pg_catalog.pg_class WHERE relname = 'size_categories' AND relnamespace = (SELECT oid FROM pg_catalog.pg_namespace WHERE nspname = CURRENT_SCHEMA()))

2025/02/13 14:39:03 /home/bryan/repos/skripsi/backend/setup/setup.go:78
[1.092ms] [rows:1] SELECT count(*) FROM information_schema.tables WHERE table_schema = CURRENT_SCHEMA() AND table_name = 'pets' AND table_type = 'BASE TABLE'

2025/02/13 14:39:03 /home/bryan/repos/skripsi/backend/setup/setup.go:78
[0.739ms] [rows:1] SELECT CURRENT_DATABASE()

2025/02/13 14:39:03 /home/bryan/repos/skripsi/backend/setup/setup.go:78
[3.696ms] [rows:-] SELECT c.column_name, c.is_nullable = 'YES', c.udt_name, c.character_maximum_length, c.numeric_precision, c.numeric_precision_radix, c.numeric_scale, c.datetime_precision, 8 * typlen, c.column_default, pd.description, c.identity_increment FROM information_schema.columns AS c JOIN pg_type AS pgt ON c.udt_name = pgt.typname LEFT JOIN pg_catalog.pg_description as pd ON pd.objsubid = c.ordinal_position AND pd.objoid = (SELECT oid FROM pg_catalog.pg_class WHERE relname = c.table_name AND relnamespace = (SELECT oid FROM pg_catalog.pg_namespace WHERE nspname = c.table_schema)) where table_catalog = $1$ AND table_schema = CURRENT_SCHEMA() AND table_name = $2$

2025/02/13 14:39:03 /home/bryan/repos/skripsi/backend/setup/setup.go:78
[1.217ms] [rows:-] SELECT * FROM "pets" LIMIT $1$

2025/02/13 14:39:03 /home/bryan/repos/skripsi/backend/setup/setup.go:78
[4.224ms] [rows:-] SELECT constraint_name FROM information_schema.table_constraints tc JOIN information_schema.constraint_column_usage AS ccu USING (constraint_schema, constraint_catalog, table_name, constraint_name) JOIN information_schema.columns AS c ON c.table_schema = tc.constraint_schema AND tc.table_name = c.table_name AND ccu.column_name = c.column_name WHERE constraint_type IN ('PRIMARY KEY', 'UNIQUE') AND c.table_catalog = $1$ AND c.table_schema = CURRENT_SCHEMA() AND c.table_name = $2$ AND constraint_type = $3$

2025/02/13 14:39:03 /home/bryan/repos/skripsi/backend/setup/setup.go:78
[3.633ms] [rows:-] SELECT c.column_name, constraint_name, constraint_type FROM information_schema.table_constraints tc JOIN information_schema.constraint_column_usage AS ccu USING (constraint_schema, constraint_catalog, table_name, constraint_name) JOIN information_schema.columns AS c ON c.table_schema = tc.constraint_schema AND tc.table_name = c.table_name AND ccu.column_name = c.column_name WHERE constraint_type IN ('PRIMARY KEY', 'UNIQUE') AND c.table_catalog = $1$ AND c.table_schema = CURRENT_SCHEMA() AND c.table_name = $2$

2025/02/13 14:39:03 /home/bryan/repos/skripsi/backend/setup/setup.go:78
[1.080ms] [rows:-] SELECT a.attname as column_name, format_type(a.atttypid, a.atttypmod) AS data_type
		FROM pg_attribute a JOIN pg_class b ON a.attrelid = b.oid AND relnamespace = (SELECT oid FROM pg_catalog.pg_namespace WHERE nspname = CURRENT_SCHEMA())
		WHERE a.attnum > 0 -- hide internal columns
		AND NOT a.attisdropped -- hide deleted columns
		AND b.relname = $1$

2025/02/13 14:39:03 /home/bryan/repos/skripsi/backend/setup/setup.go:78
[1.417ms] [rows:0] SELECT description FROM pg_catalog.pg_description WHERE objsubid = (SELECT ordinal_position FROM information_schema.columns WHERE table_schema = CURRENT_SCHEMA() AND table_name = 'pets' AND column_name = 'id') AND objoid = (SELECT oid FROM pg_catalog.pg_class WHERE relname = 'pets' AND relnamespace = (SELECT oid FROM pg_catalog.pg_namespace WHERE nspname = CURRENT_SCHEMA()))

2025/02/13 14:39:03 /home/bryan/repos/skripsi/backend/setup/setup.go:78
[1.412ms] [rows:0] SELECT description FROM pg_catalog.pg_description WHERE objsubid = (SELECT ordinal_position FROM information_schema.columns WHERE table_schema = CURRENT_SCHEMA() AND table_name = 'pets' AND column_name = 'created_at') AND objoid = (SELECT oid FROM pg_catalog.pg_class WHERE relname = 'pets' AND relnamespace = (SELECT oid FROM pg_catalog.pg_namespace WHERE nspname = CURRENT_SCHEMA()))

2025/02/13 14:39:03 /home/bryan/repos/skripsi/backend/setup/setup.go:78
[1.454ms] [rows:0] SELECT description FROM pg_catalog.pg_description WHERE objsubid = (SELECT ordinal_position FROM information_schema.columns WHERE table_schema = CURRENT_SCHEMA() AND table_name = 'pets' AND column_name = 'updated_at') AND objoid = (SELECT oid FROM pg_catalog.pg_class WHERE relname = 'pets' AND relnamespace = (SELECT oid FROM pg_catalog.pg_namespace WHERE nspname = CURRENT_SCHEMA()))

2025/02/13 14:39:03 /home/bryan/repos/skripsi/backend/setup/setup.go:78
[1.500ms] [rows:0] SELECT description FROM pg_catalog.pg_description WHERE objsubid = (SELECT ordinal_position FROM information_schema.columns WHERE table_schema = CURRENT_SCHEMA() AND table_name = 'pets' AND column_name = 'deleted_at') AND objoid = (SELECT oid FROM pg_catalog.pg_class WHERE relname = 'pets' AND relnamespace = (SELECT oid FROM pg_catalog.pg_namespace WHERE nspname = CURRENT_SCHEMA()))

2025/02/13 14:39:03 /home/bryan/repos/skripsi/backend/setup/setup.go:78
[1.500ms] [rows:0] SELECT description FROM pg_catalog.pg_description WHERE objsubid = (SELECT ordinal_position FROM information_schema.columns WHERE table_schema = CURRENT_SCHEMA() AND table_name = 'pets' AND column_name = 'name') AND objoid = (SELECT oid FROM pg_catalog.pg_class WHERE relname = 'pets' AND relnamespace = (SELECT oid FROM pg_catalog.pg_namespace WHERE nspname = CURRENT_SCHEMA()))

2025/02/13 14:39:03 /home/bryan/repos/skripsi/backend/setup/setup.go:78
[1.480ms] [rows:0] SELECT description FROM pg_catalog.pg_description WHERE objsubid = (SELECT ordinal_position FROM information_schema.columns WHERE table_schema = CURRENT_SCHEMA() AND table_name = 'pets' AND column_name = 'image_url') AND objoid = (SELECT oid FROM pg_catalog.pg_class WHERE relname = 'pets' AND relnamespace = (SELECT oid FROM pg_catalog.pg_namespace WHERE nspname = CURRENT_SCHEMA()))

2025/02/13 14:39:03 /home/bryan/repos/skripsi/backend/setup/setup.go:78
[1.515ms] [rows:0] SELECT description FROM pg_catalog.pg_description WHERE objsubid = (SELECT ordinal_position FROM information_schema.columns WHERE table_schema = CURRENT_SCHEMA() AND table_name = 'pets' AND column_name = 'status') AND objoid = (SELECT oid FROM pg_catalog.pg_class WHERE relname = 'pets' AND relnamespace = (SELECT oid FROM pg_catalog.pg_namespace WHERE nspname = CURRENT_SCHEMA()))

2025/02/13 14:39:03 /home/bryan/repos/skripsi/backend/setup/setup.go:78
[1.436ms] [rows:0] SELECT description FROM pg_catalog.pg_description WHERE objsubid = (SELECT ordinal_position FROM information_schema.columns WHERE table_schema = CURRENT_SCHEMA() AND table_name = 'pets' AND column_name = 'owner_id') AND objoid = (SELECT oid FROM pg_catalog.pg_class WHERE relname = 'pets' AND relnamespace = (SELECT oid FROM pg_catalog.pg_namespace WHERE nspname = CURRENT_SCHEMA()))

2025/02/13 14:39:03 /home/bryan/repos/skripsi/backend/setup/setup.go:78
[1.574ms] [rows:0] SELECT description FROM pg_catalog.pg_description WHERE objsubid = (SELECT ordinal_position FROM information_schema.columns WHERE table_schema = CURRENT_SCHEMA() AND table_name = 'pets' AND column_name = 'species_id') AND objoid = (SELECT oid FROM pg_catalog.pg_class WHERE relname = 'pets' AND relnamespace = (SELECT oid FROM pg_catalog.pg_namespace WHERE nspname = CURRENT_SCHEMA()))

2025/02/13 14:39:03 /home/bryan/repos/skripsi/backend/setup/setup.go:78
[1.529ms] [rows:0] SELECT description FROM pg_catalog.pg_description WHERE objsubid = (SELECT ordinal_position FROM information_schema.columns WHERE table_schema = CURRENT_SCHEMA() AND table_name = 'pets' AND column_name = 'size_id') AND objoid = (SELECT oid FROM pg_catalog.pg_class WHERE relname = 'pets' AND relnamespace = (SELECT oid FROM pg_catalog.pg_namespace WHERE nspname = CURRENT_SCHEMA()))

2025/02/13 14:39:03 /home/bryan/repos/skripsi/backend/setup/setup.go:78
[1.263ms] [rows:1] SELECT count(*) FROM INFORMATION_SCHEMA.table_constraints WHERE table_schema = CURRENT_SCHEMA() AND table_name = 'pets' AND constraint_name = 'fk_users_pets'

2025/02/13 14:39:03 /home/bryan/repos/skripsi/backend/setup/setup.go:78
[1.189ms] [rows:1] SELECT count(*) FROM INFORMATION_SCHEMA.table_constraints WHERE table_schema = CURRENT_SCHEMA() AND table_name = 'pets' AND constraint_name = 'fk_pets_species'

2025/02/13 14:39:03 /home/bryan/repos/skripsi/backend/setup/setup.go:78
[1.197ms] [rows:1] SELECT count(*) FROM INFORMATION_SCHEMA.table_constraints WHERE table_schema = CURRENT_SCHEMA() AND table_name = 'pets' AND constraint_name = 'fk_pets_size_category'

2025/02/13 14:39:03 /home/bryan/repos/skripsi/backend/setup/setup.go:78
[2.717ms] [rows:1] SELECT count(*) FROM pg_indexes WHERE tablename = 'pets' AND indexname = 'idx_pets_deleted_at' AND schemaname = CURRENT_SCHEMA()

2025/02/13 14:39:03 /home/bryan/repos/skripsi/backend/setup/setup.go:78
[1.121ms] [rows:1] SELECT count(*) FROM information_schema.tables WHERE table_schema = CURRENT_SCHEMA() AND table_name = 'slots' AND table_type = 'BASE TABLE'

2025/02/13 14:39:03 /home/bryan/repos/skripsi/backend/setup/setup.go:78
[0.842ms] [rows:1] SELECT CURRENT_DATABASE()

2025/02/13 14:39:03 /home/bryan/repos/skripsi/backend/setup/setup.go:78
[3.451ms] [rows:-] SELECT c.column_name, c.is_nullable = 'YES', c.udt_name, c.character_maximum_length, c.numeric_precision, c.numeric_precision_radix, c.numeric_scale, c.datetime_precision, 8 * typlen, c.column_default, pd.description, c.identity_increment FROM information_schema.columns AS c JOIN pg_type AS pgt ON c.udt_name = pgt.typname LEFT JOIN pg_catalog.pg_description as pd ON pd.objsubid = c.ordinal_position AND pd.objoid = (SELECT oid FROM pg_catalog.pg_class WHERE relname = c.table_name AND relnamespace = (SELECT oid FROM pg_catalog.pg_namespace WHERE nspname = c.table_schema)) where table_catalog = $1$ AND table_schema = CURRENT_SCHEMA() AND table_name = $2$

2025/02/13 14:39:03 /home/bryan/repos/skripsi/backend/setup/setup.go:78
[1.049ms] [rows:-] SELECT * FROM "slots" LIMIT $1$

2025/02/13 14:39:03 /home/bryan/repos/skripsi/backend/setup/setup.go:78
[2.972ms] [rows:-] SELECT constraint_name FROM information_schema.table_constraints tc JOIN information_schema.constraint_column_usage AS ccu USING (constraint_schema, constraint_catalog, table_name, constraint_name) JOIN information_schema.columns AS c ON c.table_schema = tc.constraint_schema AND tc.table_name = c.table_name AND ccu.column_name = c.column_name WHERE constraint_type IN ('PRIMARY KEY', 'UNIQUE') AND c.table_catalog = $1$ AND c.table_schema = CURRENT_SCHEMA() AND c.table_name = $2$ AND constraint_type = $3$

2025/02/13 14:39:03 /home/bryan/repos/skripsi/backend/setup/setup.go:78
[3.076ms] [rows:-] SELECT c.column_name, constraint_name, constraint_type FROM information_schema.table_constraints tc JOIN information_schema.constraint_column_usage AS ccu USING (constraint_schema, constraint_catalog, table_name, constraint_name) JOIN information_schema.columns AS c ON c.table_schema = tc.constraint_schema AND tc.table_name = c.table_name AND ccu.column_name = c.column_name WHERE constraint_type IN ('PRIMARY KEY', 'UNIQUE') AND c.table_catalog = $1$ AND c.table_schema = CURRENT_SCHEMA() AND c.table_name = $2$

2025/02/13 14:39:03 /home/bryan/repos/skripsi/backend/setup/setup.go:78
[1.027ms] [rows:-] SELECT a.attname as column_name, format_type(a.atttypid, a.atttypmod) AS data_type
		FROM pg_attribute a JOIN pg_class b ON a.attrelid = b.oid AND relnamespace = (SELECT oid FROM pg_catalog.pg_namespace WHERE nspname = CURRENT_SCHEMA())
		WHERE a.attnum > 0 -- hide internal columns
		AND NOT a.attisdropped -- hide deleted columns
		AND b.relname = $1$

2025/02/13 14:39:03 /home/bryan/repos/skripsi/backend/setup/setup.go:78
[1.617ms] [rows:0] SELECT description FROM pg_catalog.pg_description WHERE objsubid = (SELECT ordinal_position FROM information_schema.columns WHERE table_schema = CURRENT_SCHEMA() AND table_name = 'slots' AND column_name = 'id') AND objoid = (SELECT oid FROM pg_catalog.pg_class WHERE relname = 'slots' AND relnamespace = (SELECT oid FROM pg_catalog.pg_namespace WHERE nspname = CURRENT_SCHEMA()))

2025/02/13 14:39:03 /home/bryan/repos/skripsi/backend/setup/setup.go:78
[1.483ms] [rows:0] SELECT description FROM pg_catalog.pg_description WHERE objsubid = (SELECT ordinal_position FROM information_schema.columns WHERE table_schema = CURRENT_SCHEMA() AND table_name = 'slots' AND column_name = 'created_at') AND objoid = (SELECT oid FROM pg_catalog.pg_class WHERE relname = 'slots' AND relnamespace = (SELECT oid FROM pg_catalog.pg_namespace WHERE nspname = CURRENT_SCHEMA()))

2025/02/13 14:39:03 /home/bryan/repos/skripsi/backend/setup/setup.go:78
[1.577ms] [rows:0] SELECT description FROM pg_catalog.pg_description WHERE objsubid = (SELECT ordinal_position FROM information_schema.columns WHERE table_schema = CURRENT_SCHEMA() AND table_name = 'slots' AND column_name = 'updated_at') AND objoid = (SELECT oid FROM pg_catalog.pg_class WHERE relname = 'slots' AND relnamespace = (SELECT oid FROM pg_catalog.pg_namespace WHERE nspname = CURRENT_SCHEMA()))

2025/02/13 14:39:03 /home/bryan/repos/skripsi/backend/setup/setup.go:78
[1.537ms] [rows:0] SELECT description FROM pg_catalog.pg_description WHERE objsubid = (SELECT ordinal_position FROM information_schema.columns WHERE table_schema = CURRENT_SCHEMA() AND table_name = 'slots' AND column_name = 'deleted_at') AND objoid = (SELECT oid FROM pg_catalog.pg_class WHERE relname = 'slots' AND relnamespace = (SELECT oid FROM pg_catalog.pg_namespace WHERE nspname = CURRENT_SCHEMA()))

2025/02/13 14:39:03 /home/bryan/repos/skripsi/backend/setup/setup.go:78
[1.543ms] [rows:0] SELECT description FROM pg_catalog.pg_description WHERE objsubid = (SELECT ordinal_position FROM information_schema.columns WHERE table_schema = CURRENT_SCHEMA() AND table_name = 'slots' AND column_name = 'daycare_id') AND objoid = (SELECT oid FROM pg_catalog.pg_class WHERE relname = 'slots' AND relnamespace = (SELECT oid FROM pg_catalog.pg_namespace WHERE nspname = CURRENT_SCHEMA()))

2025/02/13 14:39:03 /home/bryan/repos/skripsi/backend/setup/setup.go:78
[1.483ms] [rows:0] SELECT description FROM pg_catalog.pg_description WHERE objsubid = (SELECT ordinal_position FROM information_schema.columns WHERE table_schema = CURRENT_SCHEMA() AND table_name = 'slots' AND column_name = 'species_id') AND objoid = (SELECT oid FROM pg_catalog.pg_class WHERE relname = 'slots' AND relnamespace = (SELECT oid FROM pg_catalog.pg_namespace WHERE nspname = CURRENT_SCHEMA()))

2025/02/13 14:39:03 /home/bryan/repos/skripsi/backend/setup/setup.go:78
[1.575ms] [rows:0] SELECT description FROM pg_catalog.pg_description WHERE objsubid = (SELECT ordinal_position FROM information_schema.columns WHERE table_schema = CURRENT_SCHEMA() AND table_name = 'slots' AND column_name = 'size_category_id') AND objoid = (SELECT oid FROM pg_catalog.pg_class WHERE relname = 'slots' AND relnamespace = (SELECT oid FROM pg_catalog.pg_namespace WHERE nspname = CURRENT_SCHEMA()))

2025/02/13 14:39:03 /home/bryan/repos/skripsi/backend/setup/setup.go:78
[1.642ms] [rows:0] SELECT description FROM pg_catalog.pg_description WHERE objsubid = (SELECT ordinal_position FROM information_schema.columns WHERE table_schema = CURRENT_SCHEMA() AND table_name = 'slots' AND column_name = 'max_number') AND objoid = (SELECT oid FROM pg_catalog.pg_class WHERE relname = 'slots' AND relnamespace = (SELECT oid FROM pg_catalog.pg_namespace WHERE nspname = CURRENT_SCHEMA()))

2025/02/13 14:39:03 /home/bryan/repos/skripsi/backend/setup/setup.go:78
[1.359ms] [rows:1] SELECT count(*) FROM INFORMATION_SCHEMA.table_constraints WHERE table_schema = CURRENT_SCHEMA() AND table_name = 'slots' AND constraint_name = 'fk_pet_daycares_slots'

2025/02/13 14:39:03 /home/bryan/repos/skripsi/backend/setup/setup.go:78
[2.837ms] [rows:1] SELECT count(*) FROM pg_indexes WHERE tablename = 'slots' AND indexname = 'idx_slots_deleted_at' AND schemaname = CURRENT_SCHEMA()

2025/02/13 14:39:03 /home/bryan/repos/skripsi/backend/setup/setup.go:78
[1.238ms] [rows:1] SELECT count(*) FROM information_schema.tables WHERE table_schema = CURRENT_SCHEMA() AND table_name = 'booked_slots' AND table_type = 'BASE TABLE'

2025/02/13 14:39:03 /home/bryan/repos/skripsi/backend/setup/setup.go:78
[0.753ms] [rows:1] SELECT CURRENT_DATABASE()

2025/02/13 14:39:03 /home/bryan/repos/skripsi/backend/setup/setup.go:78
[3.640ms] [rows:-] SELECT c.column_name, c.is_nullable = 'YES', c.udt_name, c.character_maximum_length, c.numeric_precision, c.numeric_precision_radix, c.numeric_scale, c.datetime_precision, 8 * typlen, c.column_default, pd.description, c.identity_increment FROM information_schema.columns AS c JOIN pg_type AS pgt ON c.udt_name = pgt.typname LEFT JOIN pg_catalog.pg_description as pd ON pd.objsubid = c.ordinal_position AND pd.objoid = (SELECT oid FROM pg_catalog.pg_class WHERE relname = c.table_name AND relnamespace = (SELECT oid FROM pg_catalog.pg_namespace WHERE nspname = c.table_schema)) where table_catalog = $1$ AND table_schema = CURRENT_SCHEMA() AND table_name = $2$

2025/02/13 14:39:03 /home/bryan/repos/skripsi/backend/setup/setup.go:78
[1.004ms] [rows:-] SELECT * FROM "booked_slots" LIMIT $1$

2025/02/13 14:39:03 /home/bryan/repos/skripsi/backend/setup/setup.go:78
[3.985ms] [rows:-] SELECT constraint_name FROM information_schema.table_constraints tc JOIN information_schema.constraint_column_usage AS ccu USING (constraint_schema, constraint_catalog, table_name, constraint_name) JOIN information_schema.columns AS c ON c.table_schema = tc.constraint_schema AND tc.table_name = c.table_name AND ccu.column_name = c.column_name WHERE constraint_type IN ('PRIMARY KEY', 'UNIQUE') AND c.table_catalog = $1$ AND c.table_schema = CURRENT_SCHEMA() AND c.table_name = $2$ AND constraint_type = $3$

2025/02/13 14:39:03 /home/bryan/repos/skripsi/backend/setup/setup.go:78
[5.490ms] [rows:-] SELECT c.column_name, constraint_name, constraint_type FROM information_schema.table_constraints tc JOIN information_schema.constraint_column_usage AS ccu USING (constraint_schema, constraint_catalog, table_name, constraint_name) JOIN information_schema.columns AS c ON c.table_schema = tc.constraint_schema AND tc.table_name = c.table_name AND ccu.column_name = c.column_name WHERE constraint_type IN ('PRIMARY KEY', 'UNIQUE') AND c.table_catalog = $1$ AND c.table_schema = CURRENT_SCHEMA() AND c.table_name = $2$

2025/02/13 14:39:03 /home/bryan/repos/skripsi/backend/setup/setup.go:78
[1.186ms] [rows:-] SELECT a.attname as column_name, format_type(a.atttypid, a.atttypmod) AS data_type
		FROM pg_attribute a JOIN pg_class b ON a.attrelid = b.oid AND relnamespace = (SELECT oid FROM pg_catalog.pg_namespace WHERE nspname = CURRENT_SCHEMA())
		WHERE a.attnum > 0 -- hide internal columns
		AND NOT a.attisdropped -- hide deleted columns
		AND b.relname = $1$

2025/02/13 14:39:03 /home/bryan/repos/skripsi/backend/setup/setup.go:78
[1.951ms] [rows:0] SELECT description FROM pg_catalog.pg_description WHERE objsubid = (SELECT ordinal_position FROM information_schema.columns WHERE table_schema = CURRENT_SCHEMA() AND table_name = 'booked_slots' AND column_name = 'id') AND objoid = (SELECT oid FROM pg_catalog.pg_class WHERE relname = 'booked_slots' AND relnamespace = (SELECT oid FROM pg_catalog.pg_namespace WHERE nspname = CURRENT_SCHEMA()))

2025/02/13 14:39:03 /home/bryan/repos/skripsi/backend/setup/setup.go:78
[1.912ms] [rows:0] SELECT description FROM pg_catalog.pg_description WHERE objsubid = (SELECT ordinal_position FROM information_schema.columns WHERE table_schema = CURRENT_SCHEMA() AND table_name = 'booked_slots' AND column_name = 'created_at') AND objoid = (SELECT oid FROM pg_catalog.pg_class WHERE relname = 'booked_slots' AND relnamespace = (SELECT oid FROM pg_catalog.pg_namespace WHERE nspname = CURRENT_SCHEMA()))

2025/02/13 14:39:03 /home/bryan/repos/skripsi/backend/setup/setup.go:78
[1.803ms] [rows:0] SELECT description FROM pg_catalog.pg_description WHERE objsubid = (SELECT ordinal_position FROM information_schema.columns WHERE table_schema = CURRENT_SCHEMA() AND table_name = 'booked_slots' AND column_name = 'updated_at') AND objoid = (SELECT oid FROM pg_catalog.pg_class WHERE relname = 'booked_slots' AND relnamespace = (SELECT oid FROM pg_catalog.pg_namespace WHERE nspname = CURRENT_SCHEMA()))

2025/02/13 14:39:03 /home/bryan/repos/skripsi/backend/setup/setup.go:78
[1.756ms] [rows:0] SELECT description FROM pg_catalog.pg_description WHERE objsubid = (SELECT ordinal_position FROM information_schema.columns WHERE table_schema = CURRENT_SCHEMA() AND table_name = 'booked_slots' AND column_name = 'deleted_at') AND objoid = (SELECT oid FROM pg_catalog.pg_class WHERE relname = 'booked_slots' AND relnamespace = (SELECT oid FROM pg_catalog.pg_namespace WHERE nspname = CURRENT_SCHEMA()))

2025/02/13 14:39:03 /home/bryan/repos/skripsi/backend/setup/setup.go:78
[1.832ms] [rows:0] SELECT description FROM pg_catalog.pg_description WHERE objsubid = (SELECT ordinal_position FROM information_schema.columns WHERE table_schema = CURRENT_SCHEMA() AND table_name = 'booked_slots' AND column_name = 'user_id') AND objoid = (SELECT oid FROM pg_catalog.pg_class WHERE relname = 'booked_slots' AND relnamespace = (SELECT oid FROM pg_catalog.pg_namespace WHERE nspname = CURRENT_SCHEMA()))

2025/02/13 14:39:03 /home/bryan/repos/skripsi/backend/setup/setup.go:78
[1.763ms] [rows:0] SELECT description FROM pg_catalog.pg_description WHERE objsubid = (SELECT ordinal_position FROM information_schema.columns WHERE table_schema = CURRENT_SCHEMA() AND table_name = 'booked_slots' AND column_name = 'daycare_id') AND objoid = (SELECT oid FROM pg_catalog.pg_class WHERE relname = 'booked_slots' AND relnamespace = (SELECT oid FROM pg_catalog.pg_namespace WHERE nspname = CURRENT_SCHEMA()))

2025/02/13 14:39:03 /home/bryan/repos/skripsi/backend/setup/setup.go:78
[1.753ms] [rows:0] SELECT description FROM pg_catalog.pg_description WHERE objsubid = (SELECT ordinal_position FROM information_schema.columns WHERE table_schema = CURRENT_SCHEMA() AND table_name = 'booked_slots' AND column_name = 'pet_id') AND objoid = (SELECT oid FROM pg_catalog.pg_class WHERE relname = 'booked_slots' AND relnamespace = (SELECT oid FROM pg_catalog.pg_namespace WHERE nspname = CURRENT_SCHEMA()))

2025/02/13 14:39:03 /home/bryan/repos/skripsi/backend/setup/setup.go:78
[1.585ms] [rows:0] SELECT description FROM pg_catalog.pg_description WHERE objsubid = (SELECT ordinal_position FROM information_schema.columns WHERE table_schema = CURRENT_SCHEMA() AND table_name = 'booked_slots' AND column_name = 'start_date') AND objoid = (SELECT oid FROM pg_catalog.pg_class WHERE relname = 'booked_slots' AND relnamespace = (SELECT oid FROM pg_catalog.pg_namespace WHERE nspname = CURRENT_SCHEMA()))

2025/02/13 14:39:03 /home/bryan/repos/skripsi/backend/setup/setup.go:78
[1.587ms] [rows:0] SELECT description FROM pg_catalog.pg_description WHERE objsubid = (SELECT ordinal_position FROM information_schema.columns WHERE table_schema = CURRENT_SCHEMA() AND table_name = 'booked_slots' AND column_name = 'end_date') AND objoid = (SELECT oid FROM pg_catalog.pg_class WHERE relname = 'booked_slots' AND relnamespace = (SELECT oid FROM pg_catalog.pg_namespace WHERE nspname = CURRENT_SCHEMA()))

2025/02/13 14:39:03 /home/bryan/repos/skripsi/backend/setup/setup.go:78
[1.417ms] [rows:1] SELECT count(*) FROM INFORMATION_SCHEMA.table_constraints WHERE table_schema = CURRENT_SCHEMA() AND table_name = 'booked_slots' AND constraint_name = 'fk_booked_slots_user'

2025/02/13 14:39:03 /home/bryan/repos/skripsi/backend/setup/setup.go:78
[1.244ms] [rows:1] SELECT count(*) FROM INFORMATION_SCHEMA.table_constraints WHERE table_schema = CURRENT_SCHEMA() AND table_name = 'booked_slots' AND constraint_name = 'fk_pets_booked_slots'

2025/02/13 14:39:03 /home/bryan/repos/skripsi/backend/setup/setup.go:78
[1.314ms] [rows:1] SELECT count(*) FROM INFORMATION_SCHEMA.table_constraints WHERE table_schema = CURRENT_SCHEMA() AND table_name = 'booked_slots' AND constraint_name = 'fk_pet_daycares_booked_slots'

2025/02/13 14:39:03 /home/bryan/repos/skripsi/backend/setup/setup.go:78
[2.947ms] [rows:1] SELECT count(*) FROM pg_indexes WHERE tablename = 'booked_slots' AND indexname = 'idx_booked_slots_deleted_at' AND schemaname = CURRENT_SCHEMA()

2025/02/13 14:39:03 /home/bryan/repos/skripsi/backend/setup/setup.go:78
[1.173ms] [rows:1] SELECT count(*) FROM information_schema.tables WHERE table_schema = CURRENT_SCHEMA() AND table_name = 'thumbnails' AND table_type = 'BASE TABLE'

2025/02/13 14:39:03 /home/bryan/repos/skripsi/backend/setup/setup.go:78
[0.834ms] [rows:1] SELECT CURRENT_DATABASE()

2025/02/13 14:39:03 /home/bryan/repos/skripsi/backend/setup/setup.go:78
[3.109ms] [rows:-] SELECT c.column_name, c.is_nullable = 'YES', c.udt_name, c.character_maximum_length, c.numeric_precision, c.numeric_precision_radix, c.numeric_scale, c.datetime_precision, 8 * typlen, c.column_default, pd.description, c.identity_increment FROM information_schema.columns AS c JOIN pg_type AS pgt ON c.udt_name = pgt.typname LEFT JOIN pg_catalog.pg_description as pd ON pd.objsubid = c.ordinal_position AND pd.objoid = (SELECT oid FROM pg_catalog.pg_class WHERE relname = c.table_name AND relnamespace = (SELECT oid FROM pg_catalog.pg_namespace WHERE nspname = c.table_schema)) where table_catalog = $1$ AND table_schema = CURRENT_SCHEMA() AND table_name = $2$

2025/02/13 14:39:03 /home/bryan/repos/skripsi/backend/setup/setup.go:78
[0.953ms] [rows:-] SELECT * FROM "thumbnails" LIMIT $1$

2025/02/13 14:39:03 /home/bryan/repos/skripsi/backend/setup/setup.go:78
[2.461ms] [rows:-] SELECT constraint_name FROM information_schema.table_constraints tc JOIN information_schema.constraint_column_usage AS ccu USING (constraint_schema, constraint_catalog, table_name, constraint_name) JOIN information_schema.columns AS c ON c.table_schema = tc.constraint_schema AND tc.table_name = c.table_name AND ccu.column_name = c.column_name WHERE constraint_type IN ('PRIMARY KEY', 'UNIQUE') AND c.table_catalog = $1$ AND c.table_schema = CURRENT_SCHEMA() AND c.table_name = $2$ AND constraint_type = $3$

2025/02/13 14:39:03 /home/bryan/repos/skripsi/backend/setup/setup.go:78
[2.976ms] [rows:-] SELECT c.column_name, constraint_name, constraint_type FROM information_schema.table_constraints tc JOIN information_schema.constraint_column_usage AS ccu USING (constraint_schema, constraint_catalog, table_name, constraint_name) JOIN information_schema.columns AS c ON c.table_schema = tc.constraint_schema AND tc.table_name = c.table_name AND ccu.column_name = c.column_name WHERE constraint_type IN ('PRIMARY KEY', 'UNIQUE') AND c.table_catalog = $1$ AND c.table_schema = CURRENT_SCHEMA() AND c.table_name = $2$

2025/02/13 14:39:03 /home/bryan/repos/skripsi/backend/setup/setup.go:78
[1.406ms] [rows:-] SELECT a.attname as column_name, format_type(a.atttypid, a.atttypmod) AS data_type
		FROM pg_attribute a JOIN pg_class b ON a.attrelid = b.oid AND relnamespace = (SELECT oid FROM pg_catalog.pg_namespace WHERE nspname = CURRENT_SCHEMA())
		WHERE a.attnum > 0 -- hide internal columns
		AND NOT a.attisdropped -- hide deleted columns
		AND b.relname = $1$

2025/02/13 14:39:03 /home/bryan/repos/skripsi/backend/setup/setup.go:78
[1.870ms] [rows:0] SELECT description FROM pg_catalog.pg_description WHERE objsubid = (SELECT ordinal_position FROM information_schema.columns WHERE table_schema = CURRENT_SCHEMA() AND table_name = 'thumbnails' AND column_name = 'id') AND objoid = (SELECT oid FROM pg_catalog.pg_class WHERE relname = 'thumbnails' AND relnamespace = (SELECT oid FROM pg_catalog.pg_namespace WHERE nspname = CURRENT_SCHEMA()))

2025/02/13 14:39:03 /home/bryan/repos/skripsi/backend/setup/setup.go:78
[1.585ms] [rows:0] SELECT description FROM pg_catalog.pg_description WHERE objsubid = (SELECT ordinal_position FROM information_schema.columns WHERE table_schema = CURRENT_SCHEMA() AND table_name = 'thumbnails' AND column_name = 'daycare_id') AND objoid = (SELECT oid FROM pg_catalog.pg_class WHERE relname = 'thumbnails' AND relnamespace = (SELECT oid FROM pg_catalog.pg_namespace WHERE nspname = CURRENT_SCHEMA()))

2025/02/13 14:39:03 /home/bryan/repos/skripsi/backend/setup/setup.go:78
[1.475ms] [rows:0] SELECT description FROM pg_catalog.pg_description WHERE objsubid = (SELECT ordinal_position FROM information_schema.columns WHERE table_schema = CURRENT_SCHEMA() AND table_name = 'thumbnails' AND column_name = 'image_url') AND objoid = (SELECT oid FROM pg_catalog.pg_class WHERE relname = 'thumbnails' AND relnamespace = (SELECT oid FROM pg_catalog.pg_namespace WHERE nspname = CURRENT_SCHEMA()))

2025/02/13 14:39:03 /home/bryan/repos/skripsi/backend/setup/setup.go:78
[1.214ms] [rows:1] SELECT count(*) FROM INFORMATION_SCHEMA.table_constraints WHERE table_schema = CURRENT_SCHEMA() AND table_name = 'thumbnails' AND constraint_name = 'fk_pet_daycares_thumbnails'

2025/02/13 14:39:03 /home/bryan/repos/skripsi/backend/setup/setup.go:78
[1.117ms] [rows:1] SELECT count(*) FROM information_schema.tables WHERE table_schema = CURRENT_SCHEMA() AND table_name = 'reviews' AND table_type = 'BASE TABLE'

2025/02/13 14:39:03 /home/bryan/repos/skripsi/backend/setup/setup.go:78
[0.820ms] [rows:1] SELECT CURRENT_DATABASE()

2025/02/13 14:39:03 /home/bryan/repos/skripsi/backend/setup/setup.go:78
[3.710ms] [rows:-] SELECT c.column_name, c.is_nullable = 'YES', c.udt_name, c.character_maximum_length, c.numeric_precision, c.numeric_precision_radix, c.numeric_scale, c.datetime_precision, 8 * typlen, c.column_default, pd.description, c.identity_increment FROM information_schema.columns AS c JOIN pg_type AS pgt ON c.udt_name = pgt.typname LEFT JOIN pg_catalog.pg_description as pd ON pd.objsubid = c.ordinal_position AND pd.objoid = (SELECT oid FROM pg_catalog.pg_class WHERE relname = c.table_name AND relnamespace = (SELECT oid FROM pg_catalog.pg_namespace WHERE nspname = c.table_schema)) where table_catalog = $1$ AND table_schema = CURRENT_SCHEMA() AND table_name = $2$

2025/02/13 14:39:03 /home/bryan/repos/skripsi/backend/setup/setup.go:78
[1.201ms] [rows:-] SELECT * FROM "reviews" LIMIT $1$

2025/02/13 14:39:03 /home/bryan/repos/skripsi/backend/setup/setup.go:78
[3.378ms] [rows:-] SELECT constraint_name FROM information_schema.table_constraints tc JOIN information_schema.constraint_column_usage AS ccu USING (constraint_schema, constraint_catalog, table_name, constraint_name) JOIN information_schema.columns AS c ON c.table_schema = tc.constraint_schema AND tc.table_name = c.table_name AND ccu.column_name = c.column_name WHERE constraint_type IN ('PRIMARY KEY', 'UNIQUE') AND c.table_catalog = $1$ AND c.table_schema = CURRENT_SCHEMA() AND c.table_name = $2$ AND constraint_type = $3$

2025/02/13 14:39:03 /home/bryan/repos/skripsi/backend/setup/setup.go:78
[3.377ms] [rows:-] SELECT c.column_name, constraint_name, constraint_type FROM information_schema.table_constraints tc JOIN information_schema.constraint_column_usage AS ccu USING (constraint_schema, constraint_catalog, table_name, constraint_name) JOIN information_schema.columns AS c ON c.table_schema = tc.constraint_schema AND tc.table_name = c.table_name AND ccu.column_name = c.column_name WHERE constraint_type IN ('PRIMARY KEY', 'UNIQUE') AND c.table_catalog = $1$ AND c.table_schema = CURRENT_SCHEMA() AND c.table_name = $2$

2025/02/13 14:39:03 /home/bryan/repos/skripsi/backend/setup/setup.go:78
[1.231ms] [rows:-] SELECT a.attname as column_name, format_type(a.atttypid, a.atttypmod) AS data_type
		FROM pg_attribute a JOIN pg_class b ON a.attrelid = b.oid AND relnamespace = (SELECT oid FROM pg_catalog.pg_namespace WHERE nspname = CURRENT_SCHEMA())
		WHERE a.attnum > 0 -- hide internal columns
		AND NOT a.attisdropped -- hide deleted columns
		AND b.relname = $1$

2025/02/13 14:39:03 /home/bryan/repos/skripsi/backend/setup/setup.go:78
[2.043ms] [rows:0] SELECT description FROM pg_catalog.pg_description WHERE objsubid = (SELECT ordinal_position FROM information_schema.columns WHERE table_schema = CURRENT_SCHEMA() AND table_name = 'reviews' AND column_name = 'id') AND objoid = (SELECT oid FROM pg_catalog.pg_class WHERE relname = 'reviews' AND relnamespace = (SELECT oid FROM pg_catalog.pg_namespace WHERE nspname = CURRENT_SCHEMA()))

2025/02/13 14:39:03 /home/bryan/repos/skripsi/backend/setup/setup.go:78
[1.652ms] [rows:0] SELECT description FROM pg_catalog.pg_description WHERE objsubid = (SELECT ordinal_position FROM information_schema.columns WHERE table_schema = CURRENT_SCHEMA() AND table_name = 'reviews' AND column_name = 'created_at') AND objoid = (SELECT oid FROM pg_catalog.pg_class WHERE relname = 'reviews' AND relnamespace = (SELECT oid FROM pg_catalog.pg_namespace WHERE nspname = CURRENT_SCHEMA()))

2025/02/13 14:39:03 /home/bryan/repos/skripsi/backend/setup/setup.go:78
[1.863ms] [rows:0] SELECT description FROM pg_catalog.pg_description WHERE objsubid = (SELECT ordinal_position FROM information_schema.columns WHERE table_schema = CURRENT_SCHEMA() AND table_name = 'reviews' AND column_name = 'updated_at') AND objoid = (SELECT oid FROM pg_catalog.pg_class WHERE relname = 'reviews' AND relnamespace = (SELECT oid FROM pg_catalog.pg_namespace WHERE nspname = CURRENT_SCHEMA()))

2025/02/13 14:39:03 /home/bryan/repos/skripsi/backend/setup/setup.go:78
[1.913ms] [rows:0] SELECT description FROM pg_catalog.pg_description WHERE objsubid = (SELECT ordinal_position FROM information_schema.columns WHERE table_schema = CURRENT_SCHEMA() AND table_name = 'reviews' AND column_name = 'deleted_at') AND objoid = (SELECT oid FROM pg_catalog.pg_class WHERE relname = 'reviews' AND relnamespace = (SELECT oid FROM pg_catalog.pg_namespace WHERE nspname = CURRENT_SCHEMA()))

2025/02/13 14:39:03 /home/bryan/repos/skripsi/backend/setup/setup.go:78
[1.950ms] [rows:0] SELECT description FROM pg_catalog.pg_description WHERE objsubid = (SELECT ordinal_position FROM information_schema.columns WHERE table_schema = CURRENT_SCHEMA() AND table_name = 'reviews' AND column_name = 'daycare_id') AND objoid = (SELECT oid FROM pg_catalog.pg_class WHERE relname = 'reviews' AND relnamespace = (SELECT oid FROM pg_catalog.pg_namespace WHERE nspname = CURRENT_SCHEMA()))

2025/02/13 14:39:03 /home/bryan/repos/skripsi/backend/setup/setup.go:78
[1.767ms] [rows:0] SELECT description FROM pg_catalog.pg_description WHERE objsubid = (SELECT ordinal_position FROM information_schema.columns WHERE table_schema = CURRENT_SCHEMA() AND table_name = 'reviews' AND column_name = 'user_id') AND objoid = (SELECT oid FROM pg_catalog.pg_class WHERE relname = 'reviews' AND relnamespace = (SELECT oid FROM pg_catalog.pg_namespace WHERE nspname = CURRENT_SCHEMA()))

2025/02/13 14:39:03 /home/bryan/repos/skripsi/backend/setup/setup.go:78
[1.517ms] [rows:0] SELECT description FROM pg_catalog.pg_description WHERE objsubid = (SELECT ordinal_position FROM information_schema.columns WHERE table_schema = CURRENT_SCHEMA() AND table_name = 'reviews' AND column_name = 'name') AND objoid = (SELECT oid FROM pg_catalog.pg_class WHERE relname = 'reviews' AND relnamespace = (SELECT oid FROM pg_catalog.pg_namespace WHERE nspname = CURRENT_SCHEMA()))

2025/02/13 14:39:03 /home/bryan/repos/skripsi/backend/setup/setup.go:78
[1.676ms] [rows:0] SELECT description FROM pg_catalog.pg_description WHERE objsubid = (SELECT ordinal_position FROM information_schema.columns WHERE table_schema = CURRENT_SCHEMA() AND table_name = 'reviews' AND column_name = 'rate') AND objoid = (SELECT oid FROM pg_catalog.pg_class WHERE relname = 'reviews' AND relnamespace = (SELECT oid FROM pg_catalog.pg_namespace WHERE nspname = CURRENT_SCHEMA()))

2025/02/13 14:39:03 /home/bryan/repos/skripsi/backend/setup/setup.go:78
[1.631ms] [rows:0] SELECT description FROM pg_catalog.pg_description WHERE objsubid = (SELECT ordinal_position FROM information_schema.columns WHERE table_schema = CURRENT_SCHEMA() AND table_name = 'reviews' AND column_name = 'description') AND objoid = (SELECT oid FROM pg_catalog.pg_class WHERE relname = 'reviews' AND relnamespace = (SELECT oid FROM pg_catalog.pg_namespace WHERE nspname = CURRENT_SCHEMA()))

2025/02/13 14:39:03 /home/bryan/repos/skripsi/backend/setup/setup.go:78
[1.177ms] [rows:1] SELECT count(*) FROM INFORMATION_SCHEMA.table_constraints WHERE table_schema = CURRENT_SCHEMA() AND table_name = 'reviews' AND constraint_name = 'fk_pet_daycares_reviews'

2025/02/13 14:39:03 /home/bryan/repos/skripsi/backend/setup/setup.go:78
[1.259ms] [rows:1] SELECT count(*) FROM INFORMATION_SCHEMA.table_constraints WHERE table_schema = CURRENT_SCHEMA() AND table_name = 'reviews' AND constraint_name = 'fk_users_reviews'

2025/02/13 14:39:03 /home/bryan/repos/skripsi/backend/setup/setup.go:78
[2.782ms] [rows:1] SELECT count(*) FROM pg_indexes WHERE tablename = 'reviews' AND indexname = 'idx_reviews_deleted_at' AND schemaname = CURRENT_SCHEMA()

2025/02/13 14:39:03 /home/bryan/repos/skripsi/backend/setup/setup.go:78
[1.069ms] [rows:1] SELECT count(*) FROM information_schema.tables WHERE table_schema = CURRENT_SCHEMA() AND table_name = 'refresh_tokens' AND table_type = 'BASE TABLE'

2025/02/13 14:39:03 /home/bryan/repos/skripsi/backend/setup/setup.go:78
[0.846ms] [rows:1] SELECT CURRENT_DATABASE()

2025/02/13 14:39:04 /home/bryan/repos/skripsi/backend/setup/setup.go:78
[5.060ms] [rows:-] SELECT c.column_name, c.is_nullable = 'YES', c.udt_name, c.character_maximum_length, c.numeric_precision, c.numeric_precision_radix, c.numeric_scale, c.datetime_precision, 8 * typlen, c.column_default, pd.description, c.identity_increment FROM information_schema.columns AS c JOIN pg_type AS pgt ON c.udt_name = pgt.typname LEFT JOIN pg_catalog.pg_description as pd ON pd.objsubid = c.ordinal_position AND pd.objoid = (SELECT oid FROM pg_catalog.pg_class WHERE relname = c.table_name AND relnamespace = (SELECT oid FROM pg_catalog.pg_namespace WHERE nspname = c.table_schema)) where table_catalog = $1$ AND table_schema = CURRENT_SCHEMA() AND table_name = $2$

2025/02/13 14:39:04 /home/bryan/repos/skripsi/backend/setup/setup.go:78
[1.663ms] [rows:-] SELECT * FROM "refresh_tokens" LIMIT $1$

2025/02/13 14:39:04 /home/bryan/repos/skripsi/backend/setup/setup.go:78
[2.948ms] [rows:-] SELECT constraint_name FROM information_schema.table_constraints tc JOIN information_schema.constraint_column_usage AS ccu USING (constraint_schema, constraint_catalog, table_name, constraint_name) JOIN information_schema.columns AS c ON c.table_schema = tc.constraint_schema AND tc.table_name = c.table_name AND ccu.column_name = c.column_name WHERE constraint_type IN ('PRIMARY KEY', 'UNIQUE') AND c.table_catalog = $1$ AND c.table_schema = CURRENT_SCHEMA() AND c.table_name = $2$ AND constraint_type = $3$

2025/02/13 14:39:04 /home/bryan/repos/skripsi/backend/setup/setup.go:78
[3.501ms] [rows:-] SELECT c.column_name, constraint_name, constraint_type FROM information_schema.table_constraints tc JOIN information_schema.constraint_column_usage AS ccu USING (constraint_schema, constraint_catalog, table_name, constraint_name) JOIN information_schema.columns AS c ON c.table_schema = tc.constraint_schema AND tc.table_name = c.table_name AND ccu.column_name = c.column_name WHERE constraint_type IN ('PRIMARY KEY', 'UNIQUE') AND c.table_catalog = $1$ AND c.table_schema = CURRENT_SCHEMA() AND c.table_name = $2$

2025/02/13 14:39:04 /home/bryan/repos/skripsi/backend/setup/setup.go:78
[0.969ms] [rows:-] SELECT a.attname as column_name, format_type(a.atttypid, a.atttypmod) AS data_type
		FROM pg_attribute a JOIN pg_class b ON a.attrelid = b.oid AND relnamespace = (SELECT oid FROM pg_catalog.pg_namespace WHERE nspname = CURRENT_SCHEMA())
		WHERE a.attnum > 0 -- hide internal columns
		AND NOT a.attisdropped -- hide deleted columns
		AND b.relname = $1$

2025/02/13 14:39:04 /home/bryan/repos/skripsi/backend/setup/setup.go:78
[1.618ms] [rows:0] SELECT description FROM pg_catalog.pg_description WHERE objsubid = (SELECT ordinal_position FROM information_schema.columns WHERE table_schema = CURRENT_SCHEMA() AND table_name = 'refresh_tokens' AND column_name = 'id') AND objoid = (SELECT oid FROM pg_catalog.pg_class WHERE relname = 'refresh_tokens' AND relnamespace = (SELECT oid FROM pg_catalog.pg_namespace WHERE nspname = CURRENT_SCHEMA()))

2025/02/13 14:39:04 /home/bryan/repos/skripsi/backend/setup/setup.go:78
[1.421ms] [rows:0] SELECT description FROM pg_catalog.pg_description WHERE objsubid = (SELECT ordinal_position FROM information_schema.columns WHERE table_schema = CURRENT_SCHEMA() AND table_name = 'refresh_tokens' AND column_name = 'created_at') AND objoid = (SELECT oid FROM pg_catalog.pg_class WHERE relname = 'refresh_tokens' AND relnamespace = (SELECT oid FROM pg_catalog.pg_namespace WHERE nspname = CURRENT_SCHEMA()))

2025/02/13 14:39:04 /home/bryan/repos/skripsi/backend/setup/setup.go:78
[1.436ms] [rows:0] SELECT description FROM pg_catalog.pg_description WHERE objsubid = (SELECT ordinal_position FROM information_schema.columns WHERE table_schema = CURRENT_SCHEMA() AND table_name = 'refresh_tokens' AND column_name = 'updated_at') AND objoid = (SELECT oid FROM pg_catalog.pg_class WHERE relname = 'refresh_tokens' AND relnamespace = (SELECT oid FROM pg_catalog.pg_namespace WHERE nspname = CURRENT_SCHEMA()))

2025/02/13 14:39:04 /home/bryan/repos/skripsi/backend/setup/setup.go:78
[1.524ms] [rows:0] SELECT description FROM pg_catalog.pg_description WHERE objsubid = (SELECT ordinal_position FROM information_schema.columns WHERE table_schema = CURRENT_SCHEMA() AND table_name = 'refresh_tokens' AND column_name = 'deleted_at') AND objoid = (SELECT oid FROM pg_catalog.pg_class WHERE relname = 'refresh_tokens' AND relnamespace = (SELECT oid FROM pg_catalog.pg_namespace WHERE nspname = CURRENT_SCHEMA()))

2025/02/13 14:39:04 /home/bryan/repos/skripsi/backend/setup/setup.go:78
[1.515ms] [rows:0] SELECT description FROM pg_catalog.pg_description WHERE objsubid = (SELECT ordinal_position FROM information_schema.columns WHERE table_schema = CURRENT_SCHEMA() AND table_name = 'refresh_tokens' AND column_name = 'user_id') AND objoid = (SELECT oid FROM pg_catalog.pg_class WHERE relname = 'refresh_tokens' AND relnamespace = (SELECT oid FROM pg_catalog.pg_namespace WHERE nspname = CURRENT_SCHEMA()))

2025/02/13 14:39:04 /home/bryan/repos/skripsi/backend/setup/setup.go:78
[1.559ms] [rows:0] SELECT description FROM pg_catalog.pg_description WHERE objsubid = (SELECT ordinal_position FROM information_schema.columns WHERE table_schema = CURRENT_SCHEMA() AND table_name = 'refresh_tokens' AND column_name = 'token') AND objoid = (SELECT oid FROM pg_catalog.pg_class WHERE relname = 'refresh_tokens' AND relnamespace = (SELECT oid FROM pg_catalog.pg_namespace WHERE nspname = CURRENT_SCHEMA()))

2025/02/13 14:39:04 /home/bryan/repos/skripsi/backend/setup/setup.go:78
[1.625ms] [rows:0] SELECT description FROM pg_catalog.pg_description WHERE objsubid = (SELECT ordinal_position FROM information_schema.columns WHERE table_schema = CURRENT_SCHEMA() AND table_name = 'refresh_tokens' AND column_name = 'expires_at') AND objoid = (SELECT oid FROM pg_catalog.pg_class WHERE relname = 'refresh_tokens' AND relnamespace = (SELECT oid FROM pg_catalog.pg_namespace WHERE nspname = CURRENT_SCHEMA()))

2025/02/13 14:39:04 /home/bryan/repos/skripsi/backend/setup/setup.go:78
[1.126ms] [rows:1] SELECT count(*) FROM pg_indexes WHERE tablename = 'refresh_tokens' AND indexname = 'idx_refresh_tokens_deleted_at' AND schemaname = CURRENT_SCHEMA()

2025/02/13 14:39:04 /home/bryan/repos/skripsi/backend/setup/setup.go:78
[1.135ms] [rows:1] SELECT count(*) FROM pg_indexes WHERE tablename = 'refresh_tokens' AND indexname = 'idx_refresh_tokens_user_id' AND schemaname = CURRENT_SCHEMA()

2025/02/13 14:39:04 /home/bryan/repos/skripsi/backend/setup/setup.go:78
[1.062ms] [rows:1] SELECT count(*) FROM information_schema.tables WHERE table_schema = CURRENT_SCHEMA() AND table_name = 'transactions' AND table_type = 'BASE TABLE'

2025/02/13 14:39:04 /home/bryan/repos/skripsi/backend/setup/setup.go:78
[0.815ms] [rows:1] SELECT CURRENT_DATABASE()

2025/02/13 14:39:04 /home/bryan/repos/skripsi/backend/setup/setup.go:78
[3.361ms] [rows:-] SELECT c.column_name, c.is_nullable = 'YES', c.udt_name, c.character_maximum_length, c.numeric_precision, c.numeric_precision_radix, c.numeric_scale, c.datetime_precision, 8 * typlen, c.column_default, pd.description, c.identity_increment FROM information_schema.columns AS c JOIN pg_type AS pgt ON c.udt_name = pgt.typname LEFT JOIN pg_catalog.pg_description as pd ON pd.objsubid = c.ordinal_position AND pd.objoid = (SELECT oid FROM pg_catalog.pg_class WHERE relname = c.table_name AND relnamespace = (SELECT oid FROM pg_catalog.pg_namespace WHERE nspname = c.table_schema)) where table_catalog = $1$ AND table_schema = CURRENT_SCHEMA() AND table_name = $2$

2025/02/13 14:39:04 /home/bryan/repos/skripsi/backend/setup/setup.go:78
[1.159ms] [rows:-] SELECT * FROM "transactions" LIMIT $1$

2025/02/13 14:39:04 /home/bryan/repos/skripsi/backend/setup/setup.go:78
[2.766ms] [rows:-] SELECT constraint_name FROM information_schema.table_constraints tc JOIN information_schema.constraint_column_usage AS ccu USING (constraint_schema, constraint_catalog, table_name, constraint_name) JOIN information_schema.columns AS c ON c.table_schema = tc.constraint_schema AND tc.table_name = c.table_name AND ccu.column_name = c.column_name WHERE constraint_type IN ('PRIMARY KEY', 'UNIQUE') AND c.table_catalog = $1$ AND c.table_schema = CURRENT_SCHEMA() AND c.table_name = $2$ AND constraint_type = $3$

2025/02/13 14:39:04 /home/bryan/repos/skripsi/backend/setup/setup.go:78
[2.781ms] [rows:-] SELECT c.column_name, constraint_name, constraint_type FROM information_schema.table_constraints tc JOIN information_schema.constraint_column_usage AS ccu USING (constraint_schema, constraint_catalog, table_name, constraint_name) JOIN information_schema.columns AS c ON c.table_schema = tc.constraint_schema AND tc.table_name = c.table_name AND ccu.column_name = c.column_name WHERE constraint_type IN ('PRIMARY KEY', 'UNIQUE') AND c.table_catalog = $1$ AND c.table_schema = CURRENT_SCHEMA() AND c.table_name = $2$

2025/02/13 14:39:04 /home/bryan/repos/skripsi/backend/setup/setup.go:78
[1.068ms] [rows:-] SELECT a.attname as column_name, format_type(a.atttypid, a.atttypmod) AS data_type
		FROM pg_attribute a JOIN pg_class b ON a.attrelid = b.oid AND relnamespace = (SELECT oid FROM pg_catalog.pg_namespace WHERE nspname = CURRENT_SCHEMA())
		WHERE a.attnum > 0 -- hide internal columns
		AND NOT a.attisdropped -- hide deleted columns
		AND b.relname = $1$

2025/02/13 14:39:04 /home/bryan/repos/skripsi/backend/setup/setup.go:78
[1.439ms] [rows:0] SELECT description FROM pg_catalog.pg_description WHERE objsubid = (SELECT ordinal_position FROM information_schema.columns WHERE table_schema = CURRENT_SCHEMA() AND table_name = 'transactions' AND column_name = 'id') AND objoid = (SELECT oid FROM pg_catalog.pg_class WHERE relname = 'transactions' AND relnamespace = (SELECT oid FROM pg_catalog.pg_namespace WHERE nspname = CURRENT_SCHEMA()))

2025/02/13 14:39:04 /home/bryan/repos/skripsi/backend/setup/setup.go:78
[1.648ms] [rows:0] SELECT description FROM pg_catalog.pg_description WHERE objsubid = (SELECT ordinal_position FROM information_schema.columns WHERE table_schema = CURRENT_SCHEMA() AND table_name = 'transactions' AND column_name = 'created_at') AND objoid = (SELECT oid FROM pg_catalog.pg_class WHERE relname = 'transactions' AND relnamespace = (SELECT oid FROM pg_catalog.pg_namespace WHERE nspname = CURRENT_SCHEMA()))

2025/02/13 14:39:04 /home/bryan/repos/skripsi/backend/setup/setup.go:78
[1.587ms] [rows:0] SELECT description FROM pg_catalog.pg_description WHERE objsubid = (SELECT ordinal_position FROM information_schema.columns WHERE table_schema = CURRENT_SCHEMA() AND table_name = 'transactions' AND column_name = 'pet_daycare_id') AND objoid = (SELECT oid FROM pg_catalog.pg_class WHERE relname = 'transactions' AND relnamespace = (SELECT oid FROM pg_catalog.pg_namespace WHERE nspname = CURRENT_SCHEMA()))

2025/02/13 14:39:04 /home/bryan/repos/skripsi/backend/setup/setup.go:78
[1.880ms] [rows:0] SELECT description FROM pg_catalog.pg_description WHERE objsubid = (SELECT ordinal_position FROM information_schema.columns WHERE table_schema = CURRENT_SCHEMA() AND table_name = 'transactions' AND column_name = 'booked_slot_id') AND objoid = (SELECT oid FROM pg_catalog.pg_class WHERE relname = 'transactions' AND relnamespace = (SELECT oid FROM pg_catalog.pg_namespace WHERE nspname = CURRENT_SCHEMA()))

2025/02/13 14:39:04 /home/bryan/repos/skripsi/backend/setup/setup.go:78
[1.953ms] [rows:0] SELECT description FROM pg_catalog.pg_description WHERE objsubid = (SELECT ordinal_position FROM information_schema.columns WHERE table_schema = CURRENT_SCHEMA() AND table_name = 'transactions' AND column_name = 'status') AND objoid = (SELECT oid FROM pg_catalog.pg_class WHERE relname = 'transactions' AND relnamespace = (SELECT oid FROM pg_catalog.pg_namespace WHERE nspname = CURRENT_SCHEMA()))

2025/02/13 14:39:04 /home/bryan/repos/skripsi/backend/setup/setup.go:78
[1.593ms] [rows:1] SELECT count(*) FROM INFORMATION_SCHEMA.table_constraints WHERE table_schema = CURRENT_SCHEMA() AND table_name = 'transactions' AND constraint_name = 'fk_transactions_pet_daycare'

2025/02/13 14:39:04 /home/bryan/repos/skripsi/backend/setup/setup.go:78
[1.466ms] [rows:1] SELECT count(*) FROM INFORMATION_SCHEMA.table_constraints WHERE table_schema = CURRENT_SCHEMA() AND table_name = 'transactions' AND constraint_name = 'fk_transactions_booked_slot'

2025/02/13 14:39:04 /home/bryan/repos/skripsi/backend/setup/setup.go:78
[1.348ms] [rows:1] SELECT count(*) FROM information_schema.tables WHERE table_schema = CURRENT_SCHEMA() AND table_name = 'reduce_slots' AND table_type = 'BASE TABLE'

2025/02/13 14:39:04 /home/bryan/repos/skripsi/backend/setup/setup.go:78
[1.191ms] [rows:1] SELECT CURRENT_DATABASE()

2025/02/13 14:39:04 /home/bryan/repos/skripsi/backend/setup/setup.go:78
[4.815ms] [rows:-] SELECT c.column_name, c.is_nullable = 'YES', c.udt_name, c.character_maximum_length, c.numeric_precision, c.numeric_precision_radix, c.numeric_scale, c.datetime_precision, 8 * typlen, c.column_default, pd.description, c.identity_increment FROM information_schema.columns AS c JOIN pg_type AS pgt ON c.udt_name = pgt.typname LEFT JOIN pg_catalog.pg_description as pd ON pd.objsubid = c.ordinal_position AND pd.objoid = (SELECT oid FROM pg_catalog.pg_class WHERE relname = c.table_name AND relnamespace = (SELECT oid FROM pg_catalog.pg_namespace WHERE nspname = c.table_schema)) where table_catalog = $1$ AND table_schema = CURRENT_SCHEMA() AND table_name = $2$

2025/02/13 14:39:04 /home/bryan/repos/skripsi/backend/setup/setup.go:78
[1.630ms] [rows:-] SELECT * FROM "reduce_slots" LIMIT $1$

2025/02/13 14:39:04 /home/bryan/repos/skripsi/backend/setup/setup.go:78
[4.794ms] [rows:-] SELECT constraint_name FROM information_schema.table_constraints tc JOIN information_schema.constraint_column_usage AS ccu USING (constraint_schema, constraint_catalog, table_name, constraint_name) JOIN information_schema.columns AS c ON c.table_schema = tc.constraint_schema AND tc.table_name = c.table_name AND ccu.column_name = c.column_name WHERE constraint_type IN ('PRIMARY KEY', 'UNIQUE') AND c.table_catalog = $1$ AND c.table_schema = CURRENT_SCHEMA() AND c.table_name = $2$ AND constraint_type = $3$

2025/02/13 14:39:04 /home/bryan/repos/skripsi/backend/setup/setup.go:78
[5.156ms] [rows:-] SELECT c.column_name, constraint_name, constraint_type FROM information_schema.table_constraints tc JOIN information_schema.constraint_column_usage AS ccu USING (constraint_schema, constraint_catalog, table_name, constraint_name) JOIN information_schema.columns AS c ON c.table_schema = tc.constraint_schema AND tc.table_name = c.table_name AND ccu.column_name = c.column_name WHERE constraint_type IN ('PRIMARY KEY', 'UNIQUE') AND c.table_catalog = $1$ AND c.table_schema = CURRENT_SCHEMA() AND c.table_name = $2$

2025/02/13 14:39:04 /home/bryan/repos/skripsi/backend/setup/setup.go:78
[2.066ms] [rows:-] SELECT a.attname as column_name, format_type(a.atttypid, a.atttypmod) AS data_type
		FROM pg_attribute a JOIN pg_class b ON a.attrelid = b.oid AND relnamespace = (SELECT oid FROM pg_catalog.pg_namespace WHERE nspname = CURRENT_SCHEMA())
		WHERE a.attnum > 0 -- hide internal columns
		AND NOT a.attisdropped -- hide deleted columns
		AND b.relname = $1$

2025/02/13 14:39:04 /home/bryan/repos/skripsi/backend/setup/setup.go:78
[3.756ms] [rows:0] SELECT description FROM pg_catalog.pg_description WHERE objsubid = (SELECT ordinal_position FROM information_schema.columns WHERE table_schema = CURRENT_SCHEMA() AND table_name = 'reduce_slots' AND column_name = 'id') AND objoid = (SELECT oid FROM pg_catalog.pg_class WHERE relname = 'reduce_slots' AND relnamespace = (SELECT oid FROM pg_catalog.pg_namespace WHERE nspname = CURRENT_SCHEMA()))

2025/02/13 14:39:04 /home/bryan/repos/skripsi/backend/setup/setup.go:78
[3.598ms] [rows:0] SELECT description FROM pg_catalog.pg_description WHERE objsubid = (SELECT ordinal_position FROM information_schema.columns WHERE table_schema = CURRENT_SCHEMA() AND table_name = 'reduce_slots' AND column_name = 'slot_id') AND objoid = (SELECT oid FROM pg_catalog.pg_class WHERE relname = 'reduce_slots' AND relnamespace = (SELECT oid FROM pg_catalog.pg_namespace WHERE nspname = CURRENT_SCHEMA()))

2025/02/13 14:39:04 /home/bryan/repos/skripsi/backend/setup/setup.go:78
[3.601ms] [rows:0] SELECT description FROM pg_catalog.pg_description WHERE objsubid = (SELECT ordinal_position FROM information_schema.columns WHERE table_schema = CURRENT_SCHEMA() AND table_name = 'reduce_slots' AND column_name = 'reduced_count') AND objoid = (SELECT oid FROM pg_catalog.pg_class WHERE relname = 'reduce_slots' AND relnamespace = (SELECT oid FROM pg_catalog.pg_namespace WHERE nspname = CURRENT_SCHEMA()))

2025/02/13 14:39:04 /home/bryan/repos/skripsi/backend/setup/setup.go:78
[3.580ms] [rows:0] SELECT description FROM pg_catalog.pg_description WHERE objsubid = (SELECT ordinal_position FROM information_schema.columns WHERE table_schema = CURRENT_SCHEMA() AND table_name = 'reduce_slots' AND column_name = 'target_date') AND objoid = (SELECT oid FROM pg_catalog.pg_class WHERE relname = 'reduce_slots' AND relnamespace = (SELECT oid FROM pg_catalog.pg_namespace WHERE nspname = CURRENT_SCHEMA()))

2025/02/13 14:39:04 /home/bryan/repos/skripsi/backend/setup/setup.go:78
[2.486ms] [rows:1] SELECT count(*) FROM information_schema.tables WHERE table_schema = CURRENT_SCHEMA() AND table_name = 'booked_slots_dailies' AND table_type = 'BASE TABLE'

2025/02/13 14:39:04 /home/bryan/repos/skripsi/backend/setup/setup.go:78
[1.974ms] [rows:1] SELECT CURRENT_DATABASE()

2025/02/13 14:39:04 /home/bryan/repos/skripsi/backend/setup/setup.go:78
[7.783ms] [rows:-] SELECT c.column_name, c.is_nullable = 'YES', c.udt_name, c.character_maximum_length, c.numeric_precision, c.numeric_precision_radix, c.numeric_scale, c.datetime_precision, 8 * typlen, c.column_default, pd.description, c.identity_increment FROM information_schema.columns AS c JOIN pg_type AS pgt ON c.udt_name = pgt.typname LEFT JOIN pg_catalog.pg_description as pd ON pd.objsubid = c.ordinal_position AND pd.objoid = (SELECT oid FROM pg_catalog.pg_class WHERE relname = c.table_name AND relnamespace = (SELECT oid FROM pg_catalog.pg_namespace WHERE nspname = c.table_schema)) where table_catalog = $1$ AND table_schema = CURRENT_SCHEMA() AND table_name = $2$

2025/02/13 14:39:04 /home/bryan/repos/skripsi/backend/setup/setup.go:78
[4.305ms] [rows:-] SELECT * FROM "booked_slots_dailies" LIMIT $1$

2025/02/13 14:39:04 /home/bryan/repos/skripsi/backend/setup/setup.go:78
[5.202ms] [rows:-] SELECT constraint_name FROM information_schema.table_constraints tc JOIN information_schema.constraint_column_usage AS ccu USING (constraint_schema, constraint_catalog, table_name, constraint_name) JOIN information_schema.columns AS c ON c.table_schema = tc.constraint_schema AND tc.table_name = c.table_name AND ccu.column_name = c.column_name WHERE constraint_type IN ('PRIMARY KEY', 'UNIQUE') AND c.table_catalog = $1$ AND c.table_schema = CURRENT_SCHEMA() AND c.table_name = $2$ AND constraint_type = $3$

2025/02/13 14:39:04 /home/bryan/repos/skripsi/backend/setup/setup.go:78
[5.491ms] [rows:-] SELECT c.column_name, constraint_name, constraint_type FROM information_schema.table_constraints tc JOIN information_schema.constraint_column_usage AS ccu USING (constraint_schema, constraint_catalog, table_name, constraint_name) JOIN information_schema.columns AS c ON c.table_schema = tc.constraint_schema AND tc.table_name = c.table_name AND ccu.column_name = c.column_name WHERE constraint_type IN ('PRIMARY KEY', 'UNIQUE') AND c.table_catalog = $1$ AND c.table_schema = CURRENT_SCHEMA() AND c.table_name = $2$

2025/02/13 14:39:04 /home/bryan/repos/skripsi/backend/setup/setup.go:78
[2.395ms] [rows:-] SELECT a.attname as column_name, format_type(a.atttypid, a.atttypmod) AS data_type
		FROM pg_attribute a JOIN pg_class b ON a.attrelid = b.oid AND relnamespace = (SELECT oid FROM pg_catalog.pg_namespace WHERE nspname = CURRENT_SCHEMA())
		WHERE a.attnum > 0 -- hide internal columns
		AND NOT a.attisdropped -- hide deleted columns
		AND b.relname = $1$

2025/02/13 14:39:04 /home/bryan/repos/skripsi/backend/setup/setup.go:78
[3.690ms] [rows:0] SELECT description FROM pg_catalog.pg_description WHERE objsubid = (SELECT ordinal_position FROM information_schema.columns WHERE table_schema = CURRENT_SCHEMA() AND table_name = 'booked_slots_dailies' AND column_name = 'id') AND objoid = (SELECT oid FROM pg_catalog.pg_class WHERE relname = 'booked_slots_dailies' AND relnamespace = (SELECT oid FROM pg_catalog.pg_namespace WHERE nspname = CURRENT_SCHEMA()))

2025/02/13 14:39:04 /home/bryan/repos/skripsi/backend/setup/setup.go:78
[3.655ms] [rows:0] SELECT description FROM pg_catalog.pg_description WHERE objsubid = (SELECT ordinal_position FROM information_schema.columns WHERE table_schema = CURRENT_SCHEMA() AND table_name = 'booked_slots_dailies' AND column_name = 'daycare_id') AND objoid = (SELECT oid FROM pg_catalog.pg_class WHERE relname = 'booked_slots_dailies' AND relnamespace = (SELECT oid FROM pg_catalog.pg_namespace WHERE nspname = CURRENT_SCHEMA()))

2025/02/13 14:39:04 /home/bryan/repos/skripsi/backend/setup/setup.go:78
[3.592ms] [rows:0] SELECT description FROM pg_catalog.pg_description WHERE objsubid = (SELECT ordinal_position FROM information_schema.columns WHERE table_schema = CURRENT_SCHEMA() AND table_name = 'booked_slots_dailies' AND column_name = 'date') AND objoid = (SELECT oid FROM pg_catalog.pg_class WHERE relname = 'booked_slots_dailies' AND relnamespace = (SELECT oid FROM pg_catalog.pg_namespace WHERE nspname = CURRENT_SCHEMA()))

2025/02/13 14:39:04 /home/bryan/repos/skripsi/backend/setup/setup.go:78
[3.834ms] [rows:0] SELECT description FROM pg_catalog.pg_description WHERE objsubid = (SELECT ordinal_position FROM information_schema.columns WHERE table_schema = CURRENT_SCHEMA() AND table_name = 'booked_slots_dailies' AND column_name = 'slot_count') AND objoid = (SELECT oid FROM pg_catalog.pg_class WHERE relname = 'booked_slots_dailies' AND relnamespace = (SELECT oid FROM pg_catalog.pg_namespace WHERE nspname = CURRENT_SCHEMA()))

2025/02/13 14:39:04 /home/bryan/repos/skripsi/backend/setup/setup.go:78
[2.643ms] [rows:1] SELECT count(*) FROM pg_indexes WHERE tablename = 'booked_slots_dailies' AND indexname = 'idx_booked_slots_dailies_date' AND schemaname = CURRENT_SCHEMA()
[GIN-debug] [WARNING] Creating an Engine instance with the Logger and Recovery middleware already attached.

[GIN-debug] [WARNING] Running in "debug" mode. Switch to "release" mode in production.
 - using env:	export GIN_MODE=release
 - using code:	gin.SetMode(gin.ReleaseMode)

[GIN-debug] GET    /assets/*filepath         --> github.com/gin-gonic/gin.(*RouterGroup).createStaticHandler.func1 (3 handlers)
[GIN-debug] HEAD   /assets/*filepath         --> github.com/gin-gonic/gin.(*RouterGroup).createStaticHandler.func1 (3 handlers)
[GIN-debug] POST   /users                    --> github.com/BryanEgbert/skripsi/controller.(*UserController).CreateUser-fm (3 handlers)
[GIN-debug] GET    /users/vets               --> github.com/BryanEgbert/skripsi/controller.(*UserController).GetVets-fm (4 handlers)
[GIN-debug] GET    /users/:id                --> github.com/BryanEgbert/skripsi/controller.(*UserController).GetUser-fm (4 handlers)
[GIN-debug] DELETE /users                    --> github.com/BryanEgbert/skripsi/controller.(*UserController).DeleteUser-fm (4 handlers)
[GIN-debug] PUT    /users                    --> github.com/BryanEgbert/skripsi/controller.(*UserController).UpdateUserProfile-fm (4 handlers)
[GIN-debug] PATCH  /users/password           --> github.com/BryanEgbert/skripsi/controller.(*UserController).UpdateUserPassword-fm (4 handlers)
[GIN-debug] POST   /login                    --> github.com/BryanEgbert/skripsi/controller.(*AuthController).Login-fm (3 handlers)
[GIN-debug] POST   /refresh                  --> github.com/BryanEgbert/skripsi/controller.(*AuthController).RefreshToken-fm (4 handlers)
[GIN-debug] GET    /pets/:id                 --> github.com/BryanEgbert/skripsi/controller.(*PetController).GetPet-fm (4 handlers)
[GIN-debug] GET    /pets                     --> github.com/BryanEgbert/skripsi/controller.(*PetController).GetPets-fm (4 handlers)
[GIN-debug] POST   /pets                     --> github.com/BryanEgbert/skripsi/controller.(*PetController).CreatePet-fm (4 handlers)
[GIN-debug] PUT    /pets/:id                 --> github.com/BryanEgbert/skripsi/controller.(*PetController).UpdatePet-fm (4 handlers)
[GIN-debug] DELETE /pets/:id                 --> github.com/BryanEgbert/skripsi/controller.(*PetController).DeletePet-fm (4 handlers)
[GIN-debug] PATCH  /daycare/slot/:slotId     --> github.com/BryanEgbert/skripsi/controller.(*PetDaycareController).EditSlotCount-fm (4 handlers)
[GIN-debug] GET    /daycare/:id/slot         --> github.com/BryanEgbert/skripsi/controller.(*PetDaycareController).GetPetDaycareSlots-fm (4 handlers)
[GIN-debug] POST   /daycare/:id/slot         --> github.com/BryanEgbert/skripsi/controller.(*PetDaycareController).CreateSlot-fm (4 handlers)
[GIN-debug] GET    /daycare/:id/review       --> github.com/BryanEgbert/skripsi/controller.(*PetDaycareController).GetReviews-fm (4 handlers)
[GIN-debug] POST   /daycare/:id/review       --> github.com/BryanEgbert/skripsi/controller.(*PetDaycareController).CreateReview-fm (4 handlers)
[GIN-debug] DELETE /daycare/:id/review       --> github.com/BryanEgbert/skripsi/controller.(*PetDaycareController).DeleteReview-fm (4 handlers)
[GIN-debug] GET    /daycare/:id              --> github.com/BryanEgbert/skripsi/controller.(*PetDaycareController).GetPetDaycare-fm (4 handlers)
[GIN-debug] GET    /daycare                  --> github.com/BryanEgbert/skripsi/controller.(*PetDaycareController).GetPetDaycares-fm (4 handlers)
[GIN-debug] POST   /daycare                  --> github.com/BryanEgbert/skripsi/controller.(*PetDaycareController).CreatePetDaycare-fm (4 handlers)
[GIN-debug] PUT    /daycare/:id              --> github.com/BryanEgbert/skripsi/controller.(*PetDaycareController).UpdatePetDaycare-fm (4 handlers)
[GIN-debug] DELETE /daycare/:id              --> github.com/BryanEgbert/skripsi/controller.(*PetDaycareController).DeletePetDaycare-fm (4 handlers)

2025/02/13 14:39:04 /home/bryan/repos/skripsi/backend/service/pet_service.go:84
[7.226ms] [rows:1] SELECT * FROM "pets" WHERE "pets"."id" = $1$ AND "pets"."deleted_at" IS NULL ORDER BY "pets"."id" LIMIT $2$

2025/02/13 14:39:04 /home/bryan/repos/skripsi/backend/service/pet_service.go:99
[10.621ms] [rows:1] UPDATE "pets" SET "created_at"=$1$,"updated_at"=$2$,"deleted_at"=$3$,"name"=$4$,"image_url"=$5$,"status"=$6$,"owner_id"=$7$,"species_id"=$8$,"size_id"=$9$ WHERE "pets"."deleted_at" IS NULL AND "id" = $10$
[GIN] 2025/02/13 - 14:39:04 | 204 |   19.153671ms |                 | PUT      "/pets/1"
=== RUN   TestUpdatePet/On_update_pet,_should_return_404_when_pet_ID_doesn't_exists_in_DB

2025/02/13 14:39:04 /home/bryan/repos/skripsi/backend/setup/setup.go:60
[336.689ms] [rows:0] TRUNCATE TABLE users, vet_specialties, user_vet_specialties, pet_daycares, pets, size_categories, roles, slots, booked_slots, thumbnails, species, reviews, refresh_tokens, transactions, daily_walks, daily_playtimes, reduce_slots RESTART IDENTITY CASCADE;

2025/02/13 14:39:04 /home/bryan/repos/skripsi/backend/seeder/seeder.go:18
[16.354ms] [rows:3] INSERT INTO "roles" ("name","id") VALUES ($1$,$2$),($3$,$4$),($5$,$6$) RETURNING "id"

2025/02/13 14:39:04 /home/bryan/repos/skripsi/backend/seeder/seeder.go:29
[11.825ms] [rows:4] INSERT INTO "daily_walks" ("name","id") VALUES ($1$,$2$),($3$,$4$),($5$,$6$),($7$,$8$) RETURNING "id"

2025/02/13 14:39:04 /home/bryan/repos/skripsi/backend/seeder/seeder.go:39
[11.761ms] [rows:4] INSERT INTO "daily_playtimes" ("name","id") VALUES ($1$,$2$),($3$,$4$),($5$,$6$),($7$,$8$) RETURNING "id"

2025/02/13 14:39:04 /home/bryan/repos/skripsi/backend/seeder/seeder.go:61
[14.597ms] [rows:17] INSERT INTO "vet_specialties" ("name") VALUES ($1$),($2$),($3$),($4$),($5$),($6$),($7$),($8$),($9$),($10$),($11$),($12$),($13$),($14$),($15$),($16$),($17$) RETURNING "id"

2025/02/13 14:39:04 /home/bryan/repos/skripsi/backend/seeder/seeder.go:71
[12.093ms] [rows:3] INSERT INTO "species" ("name") VALUES ($1$),($2$),($3$) RETURNING "id"

2025/02/13 14:39:04 /home/bryan/repos/skripsi/backend/seeder/seeder.go:83
[12.240ms] [rows:5] INSERT INTO "size_categories" ("name","min_weight","max_weight") VALUES ($1$,$2$,$3$),($4$,$5$,$6$),($7$,$8$,$9$),($10$,$11$,$12$),($13$,$14$,$15$) RETURNING "id"

2025/02/13 14:39:04 /home/bryan/repos/skripsi/backend/seeder/seeder.go:106
[1.950ms] [rows:0] INSERT INTO "vet_specialties" ("name","id") VALUES ($1$,$2$),($3$,$4$),($5$,$6$) ON CONFLICT DO NOTHING RETURNING "id"

2025/02/13 14:39:04 /home/bryan/repos/skripsi/backend/seeder/seeder.go:106
[3.174ms] [rows:3] INSERT INTO "user_vet_specialties" ("user_id","vet_specialty_id") VALUES ($1$,$2$),($3$,$4$),($5$,$6$) ON CONFLICT DO NOTHING

2025/02/13 14:39:04 /home/bryan/repos/skripsi/backend/seeder/seeder.go:106
[13.184ms] [rows:6] INSERT INTO "users" ("created_at","updated_at","deleted_at","name","email","password","role_id","image_url") VALUES ($1$,$2$,$3$,$4$,$5$,$6$,$7$,$8$),($9$,$10$,$11$,$12$,$13$,$14$,$15$,$16$),($17$,$18$,$19$,$20$,$21$,$22$,$23$,$24$),($25$,$26$,$27$,$28$,$29$,$30$,$31$,$32$),($33$,$34$,$35$,$36$,$37$,$38$,$39$,DEFAULT),($40$,$41$,$42$,$43$,$44$,$45$,$46$,$47$) RETURNING "id","image_url"

2025/02/13 14:39:04 /home/bryan/repos/skripsi/backend/seeder/seeder.go:148
[1.626ms] [rows:0] INSERT INTO "daily_walks" ("name","id") VALUES ($1$,$2$) ON CONFLICT DO NOTHING RETURNING "id"

2025/02/13 14:39:04 /home/bryan/repos/skripsi/backend/seeder/seeder.go:148
[1.765ms] [rows:0] INSERT INTO "daily_playtimes" ("name","id") VALUES ($1$,$2$),($3$,$4$) ON CONFLICT DO NOTHING RETURNING "id"

2025/02/13 14:39:04 /home/bryan/repos/skripsi/backend/seeder/seeder.go:148
[11.213ms] [rows:3] INSERT INTO "pet_daycares" ("created_at","updated_at","deleted_at","name","address","latitude","longitude","price","pricing_type","description","has_pickup_service","must_be_vaccinated","food_provided","grooming_available","booked_num","daily_walks_id","daily_playtime_id","owner_id","food_brand") VALUES ($1$,$2$,$3$,$4$,$5$,$6$,$7$,$8$,$9$,$10$,$11$,$12$,$13$,$14$,$15$,$16$,$17$,$18$,$19$),($20$,$21$,$22$,$23$,$24$,$25$,$26$,$27$,$28$,$29$,$30$,$31$,$32$,$33$,$34$,$35$,$36$,$37$,$38$),($39$,$40$,$41$,$42$,$43$,$44$,$45$,$46$,$47$,$48$,$49$,$50$,$51$,$52$,$53$,$54$,$55$,$56$,$57$) RETURNING "id"

2025/02/13 14:39:04 /home/bryan/repos/skripsi/backend/seeder/seeder.go:158
[5.456ms] [rows:3] INSERT INTO "slots" ("created_at","updated_at","deleted_at","daycare_id","species_id","size_category_id","max_number") VALUES ($1$,$2$,$3$,$4$,$5$,$6$,$7$),($8$,$9$,$10$,$11$,$12$,$13$,$14$),($15$,$16$,$17$,$18$,$19$,$20$,$21$) RETURNING "id"

2025/02/13 14:39:04 /home/bryan/repos/skripsi/backend/seeder/seeder.go:172
[5.926ms] [rows:2] INSERT INTO "pets" ("created_at","updated_at","deleted_at","name","image_url","status","owner_id","species_id","size_id") VALUES ($1$,$2$,$3$,$4$,$5$,$6$,$7$,$8$,$9$),($10$,$11$,$12$,$13$,$14$,$15$,$16$,$17$,$18$) RETURNING "id"

2025/02/13 14:39:04 /home/bryan/repos/skripsi/backend/seeder/seeder.go:189
[6.880ms] [rows:2] INSERT INTO "booked_slots" ("created_at","updated_at","deleted_at","user_id","daycare_id","pet_id","start_date","end_date") VALUES ($1$,$2$,$3$,$4$,$5$,$6$,$7$,$8$),($9$,$10$,$11$,$12$,$13$,$14$,$15$,$16$) RETURNING "id"

2025/02/13 14:39:04 /home/bryan/repos/skripsi/backend/seeder/seeder.go:205
[6.899ms] [rows:3] INSERT INTO "reviews" ("created_at","updated_at","deleted_at","daycare_id","user_id","name","rate","description") VALUES ($1$,$2$,$3$,$4$,$5$,$6$,$7$,$8$),($9$,$10$,$11$,$12$,$13$,$14$,$15$,$16$),($17$,$18$,$19$,$20$,$21$,$22$,$23$,$24$) RETURNING "id"

2025/02/13 14:39:04 /home/bryan/repos/skripsi/backend/seeder/seeder.go:213
[5.097ms] [rows:1] INSERT INTO "reduce_slots" ("slot_id","reduced_count","target_date") VALUES ($1$,$2$,$3$) RETURNING "id"

2025/02/13 14:39:04 /home/bryan/repos/skripsi/backend/seeder/seeder.go:222
[5.876ms] [rows:2] INSERT INTO "thumbnails" ("daycare_id","image_url") VALUES ($1$,$2$),($3$,$4$) RETURNING "id"

2025/02/13 14:39:04 /home/bryan/repos/skripsi/backend/seeder/seeder.go:230
[5.751ms] [rows:1] INSERT INTO "transactions" ("pet_daycare_id","booked_slot_id","status") VALUES ($1$,$2$,$3$) RETURNING "created_at","id"

2025/02/13 14:39:04 /home/bryan/repos/skripsi/backend/setup/setup.go:78
[15.659ms] [rows:1] SELECT count(*) FROM information_schema.tables WHERE table_schema = CURRENT_SCHEMA() AND table_name = 'roles' AND table_type = 'BASE TABLE'

2025/02/13 14:39:04 /home/bryan/repos/skripsi/backend/setup/setup.go:78
[1.658ms] [rows:1] SELECT CURRENT_DATABASE()

2025/02/13 14:39:04 /home/bryan/repos/skripsi/backend/setup/setup.go:78
[31.622ms] [rows:-] SELECT c.column_name, c.is_nullable = 'YES', c.udt_name, c.character_maximum_length, c.numeric_precision, c.numeric_precision_radix, c.numeric_scale, c.datetime_precision, 8 * typlen, c.column_default, pd.description, c.identity_increment FROM information_schema.columns AS c JOIN pg_type AS pgt ON c.udt_name = pgt.typname LEFT JOIN pg_catalog.pg_description as pd ON pd.objsubid = c.ordinal_position AND pd.objoid = (SELECT oid FROM pg_catalog.pg_class WHERE relname = c.table_name AND relnamespace = (SELECT oid FROM pg_catalog.pg_namespace WHERE nspname = c.table_schema)) where table_catalog = $1$ AND table_schema = CURRENT_SCHEMA() AND table_name = $2$

2025/02/13 14:39:04 /home/bryan/repos/skripsi/backend/setup/setup.go:78
[1.145ms] [rows:-] SELECT * FROM "roles" LIMIT $1$

2025/02/13 14:39:04 /home/bryan/repos/skripsi/backend/setup/setup.go:78
[29.453ms] [rows:-] SELECT constraint_name FROM information_schema.table_constraints tc JOIN information_schema.constraint_column_usage AS ccu USING (constraint_schema, constraint_catalog, table_name, constraint_name) JOIN information_schema.columns AS c ON c.table_schema = tc.constraint_schema AND tc.table_name = c.table_name AND ccu.column_name = c.column_name WHERE constraint_type IN ('PRIMARY KEY', 'UNIQUE') AND c.table_catalog = $1$ AND c.table_schema = CURRENT_SCHEMA() AND c.table_name = $2$ AND constraint_type = $3$

2025/02/13 14:39:04 /home/bryan/repos/skripsi/backend/setup/setup.go:78
[36.120ms] [rows:-] SELECT c.column_name, constraint_name, constraint_type FROM information_schema.table_constraints tc JOIN information_schema.constraint_column_usage AS ccu USING (constraint_schema, constraint_catalog, table_name, constraint_name) JOIN information_schema.columns AS c ON c.table_schema = tc.constraint_schema AND tc.table_name = c.table_name AND ccu.column_name = c.column_name WHERE constraint_type IN ('PRIMARY KEY', 'UNIQUE') AND c.table_catalog = $1$ AND c.table_schema = CURRENT_SCHEMA() AND c.table_name = $2$

2025/02/13 14:39:04 /home/bryan/repos/skripsi/backend/setup/setup.go:78
[4.987ms] [rows:-] SELECT a.attname as column_name, format_type(a.atttypid, a.atttypmod) AS data_type
		FROM pg_attribute a JOIN pg_class b ON a.attrelid = b.oid AND relnamespace = (SELECT oid FROM pg_catalog.pg_namespace WHERE nspname = CURRENT_SCHEMA())
		WHERE a.attnum > 0 -- hide internal columns
		AND NOT a.attisdropped -- hide deleted columns
		AND b.relname = $1$

2025/02/13 14:39:04 /home/bryan/repos/skripsi/backend/setup/setup.go:78
[14.939ms] [rows:0] SELECT description FROM pg_catalog.pg_description WHERE objsubid = (SELECT ordinal_position FROM information_schema.columns WHERE table_schema = CURRENT_SCHEMA() AND table_name = 'roles' AND column_name = 'id') AND objoid = (SELECT oid FROM pg_catalog.pg_class WHERE relname = 'roles' AND relnamespace = (SELECT oid FROM pg_catalog.pg_namespace WHERE nspname = CURRENT_SCHEMA()))

2025/02/13 14:39:04 /home/bryan/repos/skripsi/backend/setup/setup.go:78
[11.091ms] [rows:0] SELECT description FROM pg_catalog.pg_description WHERE objsubid = (SELECT ordinal_position FROM information_schema.columns WHERE table_schema = CURRENT_SCHEMA() AND table_name = 'roles' AND column_name = 'name') AND objoid = (SELECT oid FROM pg_catalog.pg_class WHERE relname = 'roles' AND relnamespace = (SELECT oid FROM pg_catalog.pg_namespace WHERE nspname = CURRENT_SCHEMA()))

2025/02/13 14:39:04 /home/bryan/repos/skripsi/backend/setup/setup.go:78
[4.331ms] [rows:1] SELECT count(*) FROM information_schema.tables WHERE table_schema = CURRENT_SCHEMA() AND table_name = 'users' AND table_type = 'BASE TABLE'

2025/02/13 14:39:04 /home/bryan/repos/skripsi/backend/setup/setup.go:78
[1.734ms] [rows:1] SELECT CURRENT_DATABASE()

2025/02/13 14:39:05 /home/bryan/repos/skripsi/backend/setup/setup.go:78
[24.720ms] [rows:-] SELECT c.column_name, c.is_nullable = 'YES', c.udt_name, c.character_maximum_length, c.numeric_precision, c.numeric_precision_radix, c.numeric_scale, c.datetime_precision, 8 * typlen, c.column_default, pd.description, c.identity_increment FROM information_schema.columns AS c JOIN pg_type AS pgt ON c.udt_name = pgt.typname LEFT JOIN pg_catalog.pg_description as pd ON pd.objsubid = c.ordinal_position AND pd.objoid = (SELECT oid FROM pg_catalog.pg_class WHERE relname = c.table_name AND relnamespace = (SELECT oid FROM pg_catalog.pg_namespace WHERE nspname = c.table_schema)) where table_catalog = $1$ AND table_schema = CURRENT_SCHEMA() AND table_name = $2$

2025/02/13 14:39:05 /home/bryan/repos/skripsi/backend/setup/setup.go:78
[1.531ms] [rows:-] SELECT * FROM "users" LIMIT $1$

2025/02/13 14:39:05 /home/bryan/repos/skripsi/backend/setup/setup.go:78
[37.589ms] [rows:-] SELECT constraint_name FROM information_schema.table_constraints tc JOIN information_schema.constraint_column_usage AS ccu USING (constraint_schema, constraint_catalog, table_name, constraint_name) JOIN information_schema.columns AS c ON c.table_schema = tc.constraint_schema AND tc.table_name = c.table_name AND ccu.column_name = c.column_name WHERE constraint_type IN ('PRIMARY KEY', 'UNIQUE') AND c.table_catalog = $1$ AND c.table_schema = CURRENT_SCHEMA() AND c.table_name = $2$ AND constraint_type = $3$

2025/02/13 14:39:05 /home/bryan/repos/skripsi/backend/setup/setup.go:78
[34.689ms] [rows:-] SELECT c.column_name, constraint_name, constraint_type FROM information_schema.table_constraints tc JOIN information_schema.constraint_column_usage AS ccu USING (constraint_schema, constraint_catalog, table_name, constraint_name) JOIN information_schema.columns AS c ON c.table_schema = tc.constraint_schema AND tc.table_name = c.table_name AND ccu.column_name = c.column_name WHERE constraint_type IN ('PRIMARY KEY', 'UNIQUE') AND c.table_catalog = $1$ AND c.table_schema = CURRENT_SCHEMA() AND c.table_name = $2$

2025/02/13 14:39:05 /home/bryan/repos/skripsi/backend/setup/setup.go:78
[3.125ms] [rows:-] SELECT a.attname as column_name, format_type(a.atttypid, a.atttypmod) AS data_type
		FROM pg_attribute a JOIN pg_class b ON a.attrelid = b.oid AND relnamespace = (SELECT oid FROM pg_catalog.pg_namespace WHERE nspname = CURRENT_SCHEMA())
		WHERE a.attnum > 0 -- hide internal columns
		AND NOT a.attisdropped -- hide deleted columns
		AND b.relname = $1$

2025/02/13 14:39:05 /home/bryan/repos/skripsi/backend/setup/setup.go:78
[10.944ms] [rows:0] SELECT description FROM pg_catalog.pg_description WHERE objsubid = (SELECT ordinal_position FROM information_schema.columns WHERE table_schema = CURRENT_SCHEMA() AND table_name = 'users' AND column_name = 'id') AND objoid = (SELECT oid FROM pg_catalog.pg_class WHERE relname = 'users' AND relnamespace = (SELECT oid FROM pg_catalog.pg_namespace WHERE nspname = CURRENT_SCHEMA()))

2025/02/13 14:39:05 /home/bryan/repos/skripsi/backend/setup/setup.go:78
[8.384ms] [rows:0] SELECT description FROM pg_catalog.pg_description WHERE objsubid = (SELECT ordinal_position FROM information_schema.columns WHERE table_schema = CURRENT_SCHEMA() AND table_name = 'users' AND column_name = 'created_at') AND objoid = (SELECT oid FROM pg_catalog.pg_class WHERE relname = 'users' AND relnamespace = (SELECT oid FROM pg_catalog.pg_namespace WHERE nspname = CURRENT_SCHEMA()))

2025/02/13 14:39:05 /home/bryan/repos/skripsi/backend/setup/setup.go:78
[6.433ms] [rows:0] SELECT description FROM pg_catalog.pg_description WHERE objsubid = (SELECT ordinal_position FROM information_schema.columns WHERE table_schema = CURRENT_SCHEMA() AND table_name = 'users' AND column_name = 'updated_at') AND objoid = (SELECT oid FROM pg_catalog.pg_class WHERE relname = 'users' AND relnamespace = (SELECT oid FROM pg_catalog.pg_namespace WHERE nspname = CURRENT_SCHEMA()))

2025/02/13 14:39:05 /home/bryan/repos/skripsi/backend/setup/setup.go:78
[6.160ms] [rows:0] SELECT description FROM pg_catalog.pg_description WHERE objsubid = (SELECT ordinal_position FROM information_schema.columns WHERE table_schema = CURRENT_SCHEMA() AND table_name = 'users' AND column_name = 'deleted_at') AND objoid = (SELECT oid FROM pg_catalog.pg_class WHERE relname = 'users' AND relnamespace = (SELECT oid FROM pg_catalog.pg_namespace WHERE nspname = CURRENT_SCHEMA()))

2025/02/13 14:39:05 /home/bryan/repos/skripsi/backend/setup/setup.go:78
[1.889ms] [rows:0] SELECT description FROM pg_catalog.pg_description WHERE objsubid = (SELECT ordinal_position FROM information_schema.columns WHERE table_schema = CURRENT_SCHEMA() AND table_name = 'users' AND column_name = 'name') AND objoid = (SELECT oid FROM pg_catalog.pg_class WHERE relname = 'users' AND relnamespace = (SELECT oid FROM pg_catalog.pg_namespace WHERE nspname = CURRENT_SCHEMA()))

2025/02/13 14:39:05 /home/bryan/repos/skripsi/backend/setup/setup.go:78
[2.002ms] [rows:0] SELECT description FROM pg_catalog.pg_description WHERE objsubid = (SELECT ordinal_position FROM information_schema.columns WHERE table_schema = CURRENT_SCHEMA() AND table_name = 'users' AND column_name = 'email') AND objoid = (SELECT oid FROM pg_catalog.pg_class WHERE relname = 'users' AND relnamespace = (SELECT oid FROM pg_catalog.pg_namespace WHERE nspname = CURRENT_SCHEMA()))

2025/02/13 14:39:05 /home/bryan/repos/skripsi/backend/setup/setup.go:78
[2.080ms] [rows:0] SELECT description FROM pg_catalog.pg_description WHERE objsubid = (SELECT ordinal_position FROM information_schema.columns WHERE table_schema = CURRENT_SCHEMA() AND table_name = 'users' AND column_name = 'password') AND objoid = (SELECT oid FROM pg_catalog.pg_class WHERE relname = 'users' AND relnamespace = (SELECT oid FROM pg_catalog.pg_namespace WHERE nspname = CURRENT_SCHEMA()))

2025/02/13 14:39:05 /home/bryan/repos/skripsi/backend/setup/setup.go:78
[2.301ms] [rows:0] SELECT description FROM pg_catalog.pg_description WHERE objsubid = (SELECT ordinal_position FROM information_schema.columns WHERE table_schema = CURRENT_SCHEMA() AND table_name = 'users' AND column_name = 'image_url') AND objoid = (SELECT oid FROM pg_catalog.pg_class WHERE relname = 'users' AND relnamespace = (SELECT oid FROM pg_catalog.pg_namespace WHERE nspname = CURRENT_SCHEMA()))

2025/02/13 14:39:05 /home/bryan/repos/skripsi/backend/setup/setup.go:78
[1.874ms] [rows:0] SELECT description FROM pg_catalog.pg_description WHERE objsubid = (SELECT ordinal_position FROM information_schema.columns WHERE table_schema = CURRENT_SCHEMA() AND table_name = 'users' AND column_name = 'role_id') AND objoid = (SELECT oid FROM pg_catalog.pg_class WHERE relname = 'users' AND relnamespace = (SELECT oid FROM pg_catalog.pg_namespace WHERE nspname = CURRENT_SCHEMA()))

2025/02/13 14:39:05 /home/bryan/repos/skripsi/backend/setup/setup.go:78
[7.511ms] [rows:1] SELECT count(*) FROM INFORMATION_SCHEMA.table_constraints WHERE table_schema = CURRENT_SCHEMA() AND table_name = 'users' AND constraint_name = 'fk_roles_users'

2025/02/13 14:39:05 /home/bryan/repos/skripsi/backend/setup/setup.go:78
[9.553ms] [rows:1] SELECT count(*) FROM pg_indexes WHERE tablename = 'users' AND indexname = 'idx_users_deleted_at' AND schemaname = CURRENT_SCHEMA()

2025/02/13 14:39:05 /home/bryan/repos/skripsi/backend/setup/setup.go:78
[3.309ms] [rows:1] SELECT count(*) FROM information_schema.tables WHERE table_schema = CURRENT_SCHEMA() AND table_name = 'vet_specialties' AND table_type = 'BASE TABLE'

2025/02/13 14:39:05 /home/bryan/repos/skripsi/backend/setup/setup.go:78
[0.967ms] [rows:1] SELECT CURRENT_DATABASE()

2025/02/13 14:39:05 /home/bryan/repos/skripsi/backend/setup/setup.go:78
[19.819ms] [rows:-] SELECT c.column_name, c.is_nullable = 'YES', c.udt_name, c.character_maximum_length, c.numeric_precision, c.numeric_precision_radix, c.numeric_scale, c.datetime_precision, 8 * typlen, c.column_default, pd.description, c.identity_increment FROM information_schema.columns AS c JOIN pg_type AS pgt ON c.udt_name = pgt.typname LEFT JOIN pg_catalog.pg_description as pd ON pd.objsubid = c.ordinal_position AND pd.objoid = (SELECT oid FROM pg_catalog.pg_class WHERE relname = c.table_name AND relnamespace = (SELECT oid FROM pg_catalog.pg_namespace WHERE nspname = c.table_schema)) where table_catalog = $1$ AND table_schema = CURRENT_SCHEMA() AND table_name = $2$

2025/02/13 14:39:05 /home/bryan/repos/skripsi/backend/setup/setup.go:78
[1.063ms] [rows:-] SELECT * FROM "vet_specialties" LIMIT $1$

2025/02/13 14:39:05 /home/bryan/repos/skripsi/backend/setup/setup.go:78
[21.038ms] [rows:-] SELECT constraint_name FROM information_schema.table_constraints tc JOIN information_schema.constraint_column_usage AS ccu USING (constraint_schema, constraint_catalog, table_name, constraint_name) JOIN information_schema.columns AS c ON c.table_schema = tc.constraint_schema AND tc.table_name = c.table_name AND ccu.column_name = c.column_name WHERE constraint_type IN ('PRIMARY KEY', 'UNIQUE') AND c.table_catalog = $1$ AND c.table_schema = CURRENT_SCHEMA() AND c.table_name = $2$ AND constraint_type = $3$

2025/02/13 14:39:05 /home/bryan/repos/skripsi/backend/setup/setup.go:78
[18.167ms] [rows:-] SELECT c.column_name, constraint_name, constraint_type FROM information_schema.table_constraints tc JOIN information_schema.constraint_column_usage AS ccu USING (constraint_schema, constraint_catalog, table_name, constraint_name) JOIN information_schema.columns AS c ON c.table_schema = tc.constraint_schema AND tc.table_name = c.table_name AND ccu.column_name = c.column_name WHERE constraint_type IN ('PRIMARY KEY', 'UNIQUE') AND c.table_catalog = $1$ AND c.table_schema = CURRENT_SCHEMA() AND c.table_name = $2$

2025/02/13 14:39:05 /home/bryan/repos/skripsi/backend/setup/setup.go:78
[1.918ms] [rows:-] SELECT a.attname as column_name, format_type(a.atttypid, a.atttypmod) AS data_type
		FROM pg_attribute a JOIN pg_class b ON a.attrelid = b.oid AND relnamespace = (SELECT oid FROM pg_catalog.pg_namespace WHERE nspname = CURRENT_SCHEMA())
		WHERE a.attnum > 0 -- hide internal columns
		AND NOT a.attisdropped -- hide deleted columns
		AND b.relname = $1$

2025/02/13 14:39:05 /home/bryan/repos/skripsi/backend/setup/setup.go:78
[1.909ms] [rows:0] SELECT description FROM pg_catalog.pg_description WHERE objsubid = (SELECT ordinal_position FROM information_schema.columns WHERE table_schema = CURRENT_SCHEMA() AND table_name = 'vet_specialties' AND column_name = 'id') AND objoid = (SELECT oid FROM pg_catalog.pg_class WHERE relname = 'vet_specialties' AND relnamespace = (SELECT oid FROM pg_catalog.pg_namespace WHERE nspname = CURRENT_SCHEMA()))

2025/02/13 14:39:05 /home/bryan/repos/skripsi/backend/setup/setup.go:78
[1.904ms] [rows:0] SELECT description FROM pg_catalog.pg_description WHERE objsubid = (SELECT ordinal_position FROM information_schema.columns WHERE table_schema = CURRENT_SCHEMA() AND table_name = 'vet_specialties' AND column_name = 'name') AND objoid = (SELECT oid FROM pg_catalog.pg_class WHERE relname = 'vet_specialties' AND relnamespace = (SELECT oid FROM pg_catalog.pg_namespace WHERE nspname = CURRENT_SCHEMA()))

2025/02/13 14:39:05 /home/bryan/repos/skripsi/backend/setup/setup.go:78
[2.704ms] [rows:1] SELECT count(*) FROM information_schema.tables WHERE table_schema = CURRENT_SCHEMA() AND table_name = 'user_vet_specialties' AND table_type = 'BASE TABLE'

2025/02/13 14:39:05 /home/bryan/repos/skripsi/backend/setup/setup.go:78
[1.123ms] [rows:1] SELECT CURRENT_DATABASE()

2025/02/13 14:39:05 /home/bryan/repos/skripsi/backend/setup/setup.go:78
[12.694ms] [rows:-] SELECT c.column_name, c.is_nullable = 'YES', c.udt_name, c.character_maximum_length, c.numeric_precision, c.numeric_precision_radix, c.numeric_scale, c.datetime_precision, 8 * typlen, c.column_default, pd.description, c.identity_increment FROM information_schema.columns AS c JOIN pg_type AS pgt ON c.udt_name = pgt.typname LEFT JOIN pg_catalog.pg_description as pd ON pd.objsubid = c.ordinal_position AND pd.objoid = (SELECT oid FROM pg_catalog.pg_class WHERE relname = c.table_name AND relnamespace = (SELECT oid FROM pg_catalog.pg_namespace WHERE nspname = c.table_schema)) where table_catalog = $1$ AND table_schema = CURRENT_SCHEMA() AND table_name = $2$

2025/02/13 14:39:05 /home/bryan/repos/skripsi/backend/setup/setup.go:78
[0.979ms] [rows:-] SELECT * FROM "user_vet_specialties" LIMIT $1$

2025/02/13 14:39:05 /home/bryan/repos/skripsi/backend/setup/setup.go:78
[17.333ms] [rows:-] SELECT constraint_name FROM information_schema.table_constraints tc JOIN information_schema.constraint_column_usage AS ccu USING (constraint_schema, constraint_catalog, table_name, constraint_name) JOIN information_schema.columns AS c ON c.table_schema = tc.constraint_schema AND tc.table_name = c.table_name AND ccu.column_name = c.column_name WHERE constraint_type IN ('PRIMARY KEY', 'UNIQUE') AND c.table_catalog = $1$ AND c.table_schema = CURRENT_SCHEMA() AND c.table_name = $2$ AND constraint_type = $3$

2025/02/13 14:39:05 /home/bryan/repos/skripsi/backend/setup/setup.go:78
[17.729ms] [rows:-] SELECT c.column_name, constraint_name, constraint_type FROM information_schema.table_constraints tc JOIN information_schema.constraint_column_usage AS ccu USING (constraint_schema, constraint_catalog, table_name, constraint_name) JOIN information_schema.columns AS c ON c.table_schema = tc.constraint_schema AND tc.table_name = c.table_name AND ccu.column_name = c.column_name WHERE constraint_type IN ('PRIMARY KEY', 'UNIQUE') AND c.table_catalog = $1$ AND c.table_schema = CURRENT_SCHEMA() AND c.table_name = $2$

2025/02/13 14:39:05 /home/bryan/repos/skripsi/backend/setup/setup.go:78
[1.884ms] [rows:-] SELECT a.attname as column_name, format_type(a.atttypid, a.atttypmod) AS data_type
		FROM pg_attribute a JOIN pg_class b ON a.attrelid = b.oid AND relnamespace = (SELECT oid FROM pg_catalog.pg_namespace WHERE nspname = CURRENT_SCHEMA())
		WHERE a.attnum > 0 -- hide internal columns
		AND NOT a.attisdropped -- hide deleted columns
		AND b.relname = $1$

2025/02/13 14:39:05 /home/bryan/repos/skripsi/backend/setup/setup.go:78
[1.656ms] [rows:0] SELECT description FROM pg_catalog.pg_description WHERE objsubid = (SELECT ordinal_position FROM information_schema.columns WHERE table_schema = CURRENT_SCHEMA() AND table_name = 'user_vet_specialties' AND column_name = 'user_id') AND objoid = (SELECT oid FROM pg_catalog.pg_class WHERE relname = 'user_vet_specialties' AND relnamespace = (SELECT oid FROM pg_catalog.pg_namespace WHERE nspname = CURRENT_SCHEMA()))

2025/02/13 14:39:05 /home/bryan/repos/skripsi/backend/setup/setup.go:78
[1.716ms] [rows:0] SELECT description FROM pg_catalog.pg_description WHERE objsubid = (SELECT ordinal_position FROM information_schema.columns WHERE table_schema = CURRENT_SCHEMA() AND table_name = 'user_vet_specialties' AND column_name = 'vet_specialty_id') AND objoid = (SELECT oid FROM pg_catalog.pg_class WHERE relname = 'user_vet_specialties' AND relnamespace = (SELECT oid FROM pg_catalog.pg_namespace WHERE nspname = CURRENT_SCHEMA()))

2025/02/13 14:39:05 /home/bryan/repos/skripsi/backend/setup/setup.go:78
[3.993ms] [rows:1] SELECT count(*) FROM INFORMATION_SCHEMA.table_constraints WHERE table_schema = CURRENT_SCHEMA() AND table_name = 'user_vet_specialties' AND constraint_name = 'fk_user_vet_specialties_user'

2025/02/13 14:39:05 /home/bryan/repos/skripsi/backend/setup/setup.go:78
[3.931ms] [rows:1] SELECT count(*) FROM INFORMATION_SCHEMA.table_constraints WHERE table_schema = CURRENT_SCHEMA() AND table_name = 'user_vet_specialties' AND constraint_name = 'fk_user_vet_specialties_vet_specialty'

2025/02/13 14:39:05 /home/bryan/repos/skripsi/backend/setup/setup.go:78
[2.371ms] [rows:1] SELECT count(*) FROM information_schema.tables WHERE table_schema = CURRENT_SCHEMA() AND table_name = 'daily_walks' AND table_type = 'BASE TABLE'

2025/02/13 14:39:05 /home/bryan/repos/skripsi/backend/setup/setup.go:78
[0.910ms] [rows:1] SELECT CURRENT_DATABASE()

2025/02/13 14:39:05 /home/bryan/repos/skripsi/backend/setup/setup.go:78
[12.436ms] [rows:-] SELECT c.column_name, c.is_nullable = 'YES', c.udt_name, c.character_maximum_length, c.numeric_precision, c.numeric_precision_radix, c.numeric_scale, c.datetime_precision, 8 * typlen, c.column_default, pd.description, c.identity_increment FROM information_schema.columns AS c JOIN pg_type AS pgt ON c.udt_name = pgt.typname LEFT JOIN pg_catalog.pg_description as pd ON pd.objsubid = c.ordinal_position AND pd.objoid = (SELECT oid FROM pg_catalog.pg_class WHERE relname = c.table_name AND relnamespace = (SELECT oid FROM pg_catalog.pg_namespace WHERE nspname = c.table_schema)) where table_catalog = $1$ AND table_schema = CURRENT_SCHEMA() AND table_name = $2$

2025/02/13 14:39:05 /home/bryan/repos/skripsi/backend/setup/setup.go:78
[1.131ms] [rows:-] SELECT * FROM "daily_walks" LIMIT $1$

2025/02/13 14:39:05 /home/bryan/repos/skripsi/backend/setup/setup.go:78
[17.855ms] [rows:-] SELECT constraint_name FROM information_schema.table_constraints tc JOIN information_schema.constraint_column_usage AS ccu USING (constraint_schema, constraint_catalog, table_name, constraint_name) JOIN information_schema.columns AS c ON c.table_schema = tc.constraint_schema AND tc.table_name = c.table_name AND ccu.column_name = c.column_name WHERE constraint_type IN ('PRIMARY KEY', 'UNIQUE') AND c.table_catalog = $1$ AND c.table_schema = CURRENT_SCHEMA() AND c.table_name = $2$ AND constraint_type = $3$

2025/02/13 14:39:05 /home/bryan/repos/skripsi/backend/setup/setup.go:78
[18.136ms] [rows:-] SELECT c.column_name, constraint_name, constraint_type FROM information_schema.table_constraints tc JOIN information_schema.constraint_column_usage AS ccu USING (constraint_schema, constraint_catalog, table_name, constraint_name) JOIN information_schema.columns AS c ON c.table_schema = tc.constraint_schema AND tc.table_name = c.table_name AND ccu.column_name = c.column_name WHERE constraint_type IN ('PRIMARY KEY', 'UNIQUE') AND c.table_catalog = $1$ AND c.table_schema = CURRENT_SCHEMA() AND c.table_name = $2$

2025/02/13 14:39:05 /home/bryan/repos/skripsi/backend/setup/setup.go:78
[1.929ms] [rows:-] SELECT a.attname as column_name, format_type(a.atttypid, a.atttypmod) AS data_type
		FROM pg_attribute a JOIN pg_class b ON a.attrelid = b.oid AND relnamespace = (SELECT oid FROM pg_catalog.pg_namespace WHERE nspname = CURRENT_SCHEMA())
		WHERE a.attnum > 0 -- hide internal columns
		AND NOT a.attisdropped -- hide deleted columns
		AND b.relname = $1$

2025/02/13 14:39:05 /home/bryan/repos/skripsi/backend/setup/setup.go:78
[1.683ms] [rows:0] SELECT description FROM pg_catalog.pg_description WHERE objsubid = (SELECT ordinal_position FROM information_schema.columns WHERE table_schema = CURRENT_SCHEMA() AND table_name = 'daily_walks' AND column_name = 'id') AND objoid = (SELECT oid FROM pg_catalog.pg_class WHERE relname = 'daily_walks' AND relnamespace = (SELECT oid FROM pg_catalog.pg_namespace WHERE nspname = CURRENT_SCHEMA()))

2025/02/13 14:39:05 /home/bryan/repos/skripsi/backend/setup/setup.go:78
[1.674ms] [rows:0] SELECT description FROM pg_catalog.pg_description WHERE objsubid = (SELECT ordinal_position FROM information_schema.columns WHERE table_schema = CURRENT_SCHEMA() AND table_name = 'daily_walks' AND column_name = 'name') AND objoid = (SELECT oid FROM pg_catalog.pg_class WHERE relname = 'daily_walks' AND relnamespace = (SELECT oid FROM pg_catalog.pg_namespace WHERE nspname = CURRENT_SCHEMA()))

2025/02/13 14:39:05 /home/bryan/repos/skripsi/backend/setup/setup.go:78
[2.344ms] [rows:1] SELECT count(*) FROM information_schema.tables WHERE table_schema = CURRENT_SCHEMA() AND table_name = 'daily_playtimes' AND table_type = 'BASE TABLE'

2025/02/13 14:39:05 /home/bryan/repos/skripsi/backend/setup/setup.go:78
[0.824ms] [rows:1] SELECT CURRENT_DATABASE()

2025/02/13 14:39:05 /home/bryan/repos/skripsi/backend/setup/setup.go:78
[12.945ms] [rows:-] SELECT c.column_name, c.is_nullable = 'YES', c.udt_name, c.character_maximum_length, c.numeric_precision, c.numeric_precision_radix, c.numeric_scale, c.datetime_precision, 8 * typlen, c.column_default, pd.description, c.identity_increment FROM information_schema.columns AS c JOIN pg_type AS pgt ON c.udt_name = pgt.typname LEFT JOIN pg_catalog.pg_description as pd ON pd.objsubid = c.ordinal_position AND pd.objoid = (SELECT oid FROM pg_catalog.pg_class WHERE relname = c.table_name AND relnamespace = (SELECT oid FROM pg_catalog.pg_namespace WHERE nspname = c.table_schema)) where table_catalog = $1$ AND table_schema = CURRENT_SCHEMA() AND table_name = $2$

2025/02/13 14:39:05 /home/bryan/repos/skripsi/backend/setup/setup.go:78
[1.077ms] [rows:-] SELECT * FROM "daily_playtimes" LIMIT $1$

2025/02/13 14:39:05 /home/bryan/repos/skripsi/backend/setup/setup.go:78
[17.854ms] [rows:-] SELECT constraint_name FROM information_schema.table_constraints tc JOIN information_schema.constraint_column_usage AS ccu USING (constraint_schema, constraint_catalog, table_name, constraint_name) JOIN information_schema.columns AS c ON c.table_schema = tc.constraint_schema AND tc.table_name = c.table_name AND ccu.column_name = c.column_name WHERE constraint_type IN ('PRIMARY KEY', 'UNIQUE') AND c.table_catalog = $1$ AND c.table_schema = CURRENT_SCHEMA() AND c.table_name = $2$ AND constraint_type = $3$

2025/02/13 14:39:05 /home/bryan/repos/skripsi/backend/setup/setup.go:78
[18.159ms] [rows:-] SELECT c.column_name, constraint_name, constraint_type FROM information_schema.table_constraints tc JOIN information_schema.constraint_column_usage AS ccu USING (constraint_schema, constraint_catalog, table_name, constraint_name) JOIN information_schema.columns AS c ON c.table_schema = tc.constraint_schema AND tc.table_name = c.table_name AND ccu.column_name = c.column_name WHERE constraint_type IN ('PRIMARY KEY', 'UNIQUE') AND c.table_catalog = $1$ AND c.table_schema = CURRENT_SCHEMA() AND c.table_name = $2$

2025/02/13 14:39:05 /home/bryan/repos/skripsi/backend/setup/setup.go:78
[1.913ms] [rows:-] SELECT a.attname as column_name, format_type(a.atttypid, a.atttypmod) AS data_type
		FROM pg_attribute a JOIN pg_class b ON a.attrelid = b.oid AND relnamespace = (SELECT oid FROM pg_catalog.pg_namespace WHERE nspname = CURRENT_SCHEMA())
		WHERE a.attnum > 0 -- hide internal columns
		AND NOT a.attisdropped -- hide deleted columns
		AND b.relname = $1$

2025/02/13 14:39:05 /home/bryan/repos/skripsi/backend/setup/setup.go:78
[1.603ms] [rows:0] SELECT description FROM pg_catalog.pg_description WHERE objsubid = (SELECT ordinal_position FROM information_schema.columns WHERE table_schema = CURRENT_SCHEMA() AND table_name = 'daily_playtimes' AND column_name = 'id') AND objoid = (SELECT oid FROM pg_catalog.pg_class WHERE relname = 'daily_playtimes' AND relnamespace = (SELECT oid FROM pg_catalog.pg_namespace WHERE nspname = CURRENT_SCHEMA()))

2025/02/13 14:39:05 /home/bryan/repos/skripsi/backend/setup/setup.go:78
[1.610ms] [rows:0] SELECT description FROM pg_catalog.pg_description WHERE objsubid = (SELECT ordinal_position FROM information_schema.columns WHERE table_schema = CURRENT_SCHEMA() AND table_name = 'daily_playtimes' AND column_name = 'name') AND objoid = (SELECT oid FROM pg_catalog.pg_class WHERE relname = 'daily_playtimes' AND relnamespace = (SELECT oid FROM pg_catalog.pg_namespace WHERE nspname = CURRENT_SCHEMA()))

2025/02/13 14:39:05 /home/bryan/repos/skripsi/backend/setup/setup.go:78
[1.038ms] [rows:1] SELECT count(*) FROM information_schema.tables WHERE table_schema = CURRENT_SCHEMA() AND table_name = 'pet_daycares' AND table_type = 'BASE TABLE'

2025/02/13 14:39:05 /home/bryan/repos/skripsi/backend/setup/setup.go:78
[0.737ms] [rows:1] SELECT CURRENT_DATABASE()

2025/02/13 14:39:05 /home/bryan/repos/skripsi/backend/setup/setup.go:78
[5.146ms] [rows:-] SELECT c.column_name, c.is_nullable = 'YES', c.udt_name, c.character_maximum_length, c.numeric_precision, c.numeric_precision_radix, c.numeric_scale, c.datetime_precision, 8 * typlen, c.column_default, pd.description, c.identity_increment FROM information_schema.columns AS c JOIN pg_type AS pgt ON c.udt_name = pgt.typname LEFT JOIN pg_catalog.pg_description as pd ON pd.objsubid = c.ordinal_position AND pd.objoid = (SELECT oid FROM pg_catalog.pg_class WHERE relname = c.table_name AND relnamespace = (SELECT oid FROM pg_catalog.pg_namespace WHERE nspname = c.table_schema)) where table_catalog = $1$ AND table_schema = CURRENT_SCHEMA() AND table_name = $2$

2025/02/13 14:39:05 /home/bryan/repos/skripsi/backend/setup/setup.go:78
[1.252ms] [rows:-] SELECT * FROM "pet_daycares" LIMIT $1$

2025/02/13 14:39:05 /home/bryan/repos/skripsi/backend/setup/setup.go:78
[7.225ms] [rows:-] SELECT constraint_name FROM information_schema.table_constraints tc JOIN information_schema.constraint_column_usage AS ccu USING (constraint_schema, constraint_catalog, table_name, constraint_name) JOIN information_schema.columns AS c ON c.table_schema = tc.constraint_schema AND tc.table_name = c.table_name AND ccu.column_name = c.column_name WHERE constraint_type IN ('PRIMARY KEY', 'UNIQUE') AND c.table_catalog = $1$ AND c.table_schema = CURRENT_SCHEMA() AND c.table_name = $2$ AND constraint_type = $3$

2025/02/13 14:39:05 /home/bryan/repos/skripsi/backend/setup/setup.go:78
[7.362ms] [rows:-] SELECT c.column_name, constraint_name, constraint_type FROM information_schema.table_constraints tc JOIN information_schema.constraint_column_usage AS ccu USING (constraint_schema, constraint_catalog, table_name, constraint_name) JOIN information_schema.columns AS c ON c.table_schema = tc.constraint_schema AND tc.table_name = c.table_name AND ccu.column_name = c.column_name WHERE constraint_type IN ('PRIMARY KEY', 'UNIQUE') AND c.table_catalog = $1$ AND c.table_schema = CURRENT_SCHEMA() AND c.table_name = $2$

2025/02/13 14:39:05 /home/bryan/repos/skripsi/backend/setup/setup.go:78
[1.227ms] [rows:-] SELECT a.attname as column_name, format_type(a.atttypid, a.atttypmod) AS data_type
		FROM pg_attribute a JOIN pg_class b ON a.attrelid = b.oid AND relnamespace = (SELECT oid FROM pg_catalog.pg_namespace WHERE nspname = CURRENT_SCHEMA())
		WHERE a.attnum > 0 -- hide internal columns
		AND NOT a.attisdropped -- hide deleted columns
		AND b.relname = $1$

2025/02/13 14:39:05 /home/bryan/repos/skripsi/backend/setup/setup.go:78
[1.911ms] [rows:0] SELECT description FROM pg_catalog.pg_description WHERE objsubid = (SELECT ordinal_position FROM information_schema.columns WHERE table_schema = CURRENT_SCHEMA() AND table_name = 'pet_daycares' AND column_name = 'id') AND objoid = (SELECT oid FROM pg_catalog.pg_class WHERE relname = 'pet_daycares' AND relnamespace = (SELECT oid FROM pg_catalog.pg_namespace WHERE nspname = CURRENT_SCHEMA()))

2025/02/13 14:39:05 /home/bryan/repos/skripsi/backend/setup/setup.go:78
[1.725ms] [rows:0] SELECT description FROM pg_catalog.pg_description WHERE objsubid = (SELECT ordinal_position FROM information_schema.columns WHERE table_schema = CURRENT_SCHEMA() AND table_name = 'pet_daycares' AND column_name = 'created_at') AND objoid = (SELECT oid FROM pg_catalog.pg_class WHERE relname = 'pet_daycares' AND relnamespace = (SELECT oid FROM pg_catalog.pg_namespace WHERE nspname = CURRENT_SCHEMA()))

2025/02/13 14:39:05 /home/bryan/repos/skripsi/backend/setup/setup.go:78
[1.451ms] [rows:0] SELECT description FROM pg_catalog.pg_description WHERE objsubid = (SELECT ordinal_position FROM information_schema.columns WHERE table_schema = CURRENT_SCHEMA() AND table_name = 'pet_daycares' AND column_name = 'updated_at') AND objoid = (SELECT oid FROM pg_catalog.pg_class WHERE relname = 'pet_daycares' AND relnamespace = (SELECT oid FROM pg_catalog.pg_namespace WHERE nspname = CURRENT_SCHEMA()))

2025/02/13 14:39:05 /home/bryan/repos/skripsi/backend/setup/setup.go:78
[1.587ms] [rows:0] SELECT description FROM pg_catalog.pg_description WHERE objsubid = (SELECT ordinal_position FROM information_schema.columns WHERE table_schema = CURRENT_SCHEMA() AND table_name = 'pet_daycares' AND column_name = 'deleted_at') AND objoid = (SELECT oid FROM pg_catalog.pg_class WHERE relname = 'pet_daycares' AND relnamespace = (SELECT oid FROM pg_catalog.pg_namespace WHERE nspname = CURRENT_SCHEMA()))

2025/02/13 14:39:05 /home/bryan/repos/skripsi/backend/setup/setup.go:78
[1.538ms] [rows:0] SELECT description FROM pg_catalog.pg_description WHERE objsubid = (SELECT ordinal_position FROM information_schema.columns WHERE table_schema = CURRENT_SCHEMA() AND table_name = 'pet_daycares' AND column_name = 'name') AND objoid = (SELECT oid FROM pg_catalog.pg_class WHERE relname = 'pet_daycares' AND relnamespace = (SELECT oid FROM pg_catalog.pg_namespace WHERE nspname = CURRENT_SCHEMA()))

2025/02/13 14:39:05 /home/bryan/repos/skripsi/backend/setup/setup.go:78
[1.531ms] [rows:0] SELECT description FROM pg_catalog.pg_description WHERE objsubid = (SELECT ordinal_position FROM information_schema.columns WHERE table_schema = CURRENT_SCHEMA() AND table_name = 'pet_daycares' AND column_name = 'address') AND objoid = (SELECT oid FROM pg_catalog.pg_class WHERE relname = 'pet_daycares' AND relnamespace = (SELECT oid FROM pg_catalog.pg_namespace WHERE nspname = CURRENT_SCHEMA()))

2025/02/13 14:39:05 /home/bryan/repos/skripsi/backend/setup/setup.go:78
[1.648ms] [rows:0] SELECT description FROM pg_catalog.pg_description WHERE objsubid = (SELECT ordinal_position FROM information_schema.columns WHERE table_schema = CURRENT_SCHEMA() AND table_name = 'pet_daycares' AND column_name = 'latitude') AND objoid = (SELECT oid FROM pg_catalog.pg_class WHERE relname = 'pet_daycares' AND relnamespace = (SELECT oid FROM pg_catalog.pg_namespace WHERE nspname = CURRENT_SCHEMA()))

2025/02/13 14:39:05 /home/bryan/repos/skripsi/backend/setup/setup.go:78
[1.881ms] [rows:0] SELECT description FROM pg_catalog.pg_description WHERE objsubid = (SELECT ordinal_position FROM information_schema.columns WHERE table_schema = CURRENT_SCHEMA() AND table_name = 'pet_daycares' AND column_name = 'longitude') AND objoid = (SELECT oid FROM pg_catalog.pg_class WHERE relname = 'pet_daycares' AND relnamespace = (SELECT oid FROM pg_catalog.pg_namespace WHERE nspname = CURRENT_SCHEMA()))

2025/02/13 14:39:05 /home/bryan/repos/skripsi/backend/setup/setup.go:78
[2.078ms] [rows:0] SELECT description FROM pg_catalog.pg_description WHERE objsubid = (SELECT ordinal_position FROM information_schema.columns WHERE table_schema = CURRENT_SCHEMA() AND table_name = 'pet_daycares' AND column_name = 'price') AND objoid = (SELECT oid FROM pg_catalog.pg_class WHERE relname = 'pet_daycares' AND relnamespace = (SELECT oid FROM pg_catalog.pg_namespace WHERE nspname = CURRENT_SCHEMA()))

2025/02/13 14:39:05 /home/bryan/repos/skripsi/backend/setup/setup.go:78
[1.649ms] [rows:0] SELECT description FROM pg_catalog.pg_description WHERE objsubid = (SELECT ordinal_position FROM information_schema.columns WHERE table_schema = CURRENT_SCHEMA() AND table_name = 'pet_daycares' AND column_name = 'pricing_type') AND objoid = (SELECT oid FROM pg_catalog.pg_class WHERE relname = 'pet_daycares' AND relnamespace = (SELECT oid FROM pg_catalog.pg_namespace WHERE nspname = CURRENT_SCHEMA()))

2025/02/13 14:39:05 /home/bryan/repos/skripsi/backend/setup/setup.go:78
[1.423ms] [rows:0] SELECT description FROM pg_catalog.pg_description WHERE objsubid = (SELECT ordinal_position FROM information_schema.columns WHERE table_schema = CURRENT_SCHEMA() AND table_name = 'pet_daycares' AND column_name = 'description') AND objoid = (SELECT oid FROM pg_catalog.pg_class WHERE relname = 'pet_daycares' AND relnamespace = (SELECT oid FROM pg_catalog.pg_namespace WHERE nspname = CURRENT_SCHEMA()))

2025/02/13 14:39:05 /home/bryan/repos/skripsi/backend/setup/setup.go:78
[1.406ms] [rows:0] SELECT description FROM pg_catalog.pg_description WHERE objsubid = (SELECT ordinal_position FROM information_schema.columns WHERE table_schema = CURRENT_SCHEMA() AND table_name = 'pet_daycares' AND column_name = 'has_pickup_service') AND objoid = (SELECT oid FROM pg_catalog.pg_class WHERE relname = 'pet_daycares' AND relnamespace = (SELECT oid FROM pg_catalog.pg_namespace WHERE nspname = CURRENT_SCHEMA()))

2025/02/13 14:39:05 /home/bryan/repos/skripsi/backend/setup/setup.go:78
[1.572ms] [rows:0] SELECT description FROM pg_catalog.pg_description WHERE objsubid = (SELECT ordinal_position FROM information_schema.columns WHERE table_schema = CURRENT_SCHEMA() AND table_name = 'pet_daycares' AND column_name = 'must_be_vaccinated') AND objoid = (SELECT oid FROM pg_catalog.pg_class WHERE relname = 'pet_daycares' AND relnamespace = (SELECT oid FROM pg_catalog.pg_namespace WHERE nspname = CURRENT_SCHEMA()))

2025/02/13 14:39:05 /home/bryan/repos/skripsi/backend/setup/setup.go:78
[1.406ms] [rows:0] SELECT description FROM pg_catalog.pg_description WHERE objsubid = (SELECT ordinal_position FROM information_schema.columns WHERE table_schema = CURRENT_SCHEMA() AND table_name = 'pet_daycares' AND column_name = 'food_provided') AND objoid = (SELECT oid FROM pg_catalog.pg_class WHERE relname = 'pet_daycares' AND relnamespace = (SELECT oid FROM pg_catalog.pg_namespace WHERE nspname = CURRENT_SCHEMA()))

2025/02/13 14:39:05 /home/bryan/repos/skripsi/backend/setup/setup.go:78
[1.534ms] [rows:0] SELECT description FROM pg_catalog.pg_description WHERE objsubid = (SELECT ordinal_position FROM information_schema.columns WHERE table_schema = CURRENT_SCHEMA() AND table_name = 'pet_daycares' AND column_name = 'grooming_available') AND objoid = (SELECT oid FROM pg_catalog.pg_class WHERE relname = 'pet_daycares' AND relnamespace = (SELECT oid FROM pg_catalog.pg_namespace WHERE nspname = CURRENT_SCHEMA()))

2025/02/13 14:39:05 /home/bryan/repos/skripsi/backend/setup/setup.go:78
[1.445ms] [rows:0] SELECT description FROM pg_catalog.pg_description WHERE objsubid = (SELECT ordinal_position FROM information_schema.columns WHERE table_schema = CURRENT_SCHEMA() AND table_name = 'pet_daycares' AND column_name = 'booked_num') AND objoid = (SELECT oid FROM pg_catalog.pg_class WHERE relname = 'pet_daycares' AND relnamespace = (SELECT oid FROM pg_catalog.pg_namespace WHERE nspname = CURRENT_SCHEMA()))

2025/02/13 14:39:05 /home/bryan/repos/skripsi/backend/setup/setup.go:78
[1.536ms] [rows:0] SELECT description FROM pg_catalog.pg_description WHERE objsubid = (SELECT ordinal_position FROM information_schema.columns WHERE table_schema = CURRENT_SCHEMA() AND table_name = 'pet_daycares' AND column_name = 'daily_walks_id') AND objoid = (SELECT oid FROM pg_catalog.pg_class WHERE relname = 'pet_daycares' AND relnamespace = (SELECT oid FROM pg_catalog.pg_namespace WHERE nspname = CURRENT_SCHEMA()))

2025/02/13 14:39:05 /home/bryan/repos/skripsi/backend/setup/setup.go:78
[1.573ms] [rows:0] SELECT description FROM pg_catalog.pg_description WHERE objsubid = (SELECT ordinal_position FROM information_schema.columns WHERE table_schema = CURRENT_SCHEMA() AND table_name = 'pet_daycares' AND column_name = 'daily_playtime_id') AND objoid = (SELECT oid FROM pg_catalog.pg_class WHERE relname = 'pet_daycares' AND relnamespace = (SELECT oid FROM pg_catalog.pg_namespace WHERE nspname = CURRENT_SCHEMA()))

2025/02/13 14:39:05 /home/bryan/repos/skripsi/backend/setup/setup.go:78
[1.536ms] [rows:0] SELECT description FROM pg_catalog.pg_description WHERE objsubid = (SELECT ordinal_position FROM information_schema.columns WHERE table_schema = CURRENT_SCHEMA() AND table_name = 'pet_daycares' AND column_name = 'owner_id') AND objoid = (SELECT oid FROM pg_catalog.pg_class WHERE relname = 'pet_daycares' AND relnamespace = (SELECT oid FROM pg_catalog.pg_namespace WHERE nspname = CURRENT_SCHEMA()))

2025/02/13 14:39:05 /home/bryan/repos/skripsi/backend/setup/setup.go:78
[1.524ms] [rows:0] SELECT description FROM pg_catalog.pg_description WHERE objsubid = (SELECT ordinal_position FROM information_schema.columns WHERE table_schema = CURRENT_SCHEMA() AND table_name = 'pet_daycares' AND column_name = 'food_brand') AND objoid = (SELECT oid FROM pg_catalog.pg_class WHERE relname = 'pet_daycares' AND relnamespace = (SELECT oid FROM pg_catalog.pg_namespace WHERE nspname = CURRENT_SCHEMA()))

2025/02/13 14:39:05 /home/bryan/repos/skripsi/backend/setup/setup.go:78
[3.992ms] [rows:1] SELECT count(*) FROM INFORMATION_SCHEMA.table_constraints WHERE table_schema = CURRENT_SCHEMA() AND table_name = 'pet_daycares' AND constraint_name = 'fk_users_pet_daycare'

2025/02/13 14:39:05 /home/bryan/repos/skripsi/backend/setup/setup.go:78
[4.098ms] [rows:1] SELECT count(*) FROM INFORMATION_SCHEMA.table_constraints WHERE table_schema = CURRENT_SCHEMA() AND table_name = 'pet_daycares' AND constraint_name = 'fk_pet_daycares_daily_walks'

2025/02/13 14:39:05 /home/bryan/repos/skripsi/backend/setup/setup.go:78
[4.036ms] [rows:1] SELECT count(*) FROM INFORMATION_SCHEMA.table_constraints WHERE table_schema = CURRENT_SCHEMA() AND table_name = 'pet_daycares' AND constraint_name = 'fk_pet_daycares_daily_playtime'

2025/02/13 14:39:05 /home/bryan/repos/skripsi/backend/setup/setup.go:78
[2.813ms] [rows:1] SELECT count(*) FROM pg_indexes WHERE tablename = 'pet_daycares' AND indexname = 'idx_pet_daycares_deleted_at' AND schemaname = CURRENT_SCHEMA()

2025/02/13 14:39:05 /home/bryan/repos/skripsi/backend/setup/setup.go:78
[1.197ms] [rows:1] SELECT count(*) FROM information_schema.tables WHERE table_schema = CURRENT_SCHEMA() AND table_name = 'species' AND table_type = 'BASE TABLE'

2025/02/13 14:39:05 /home/bryan/repos/skripsi/backend/setup/setup.go:78
[0.792ms] [rows:1] SELECT CURRENT_DATABASE()

2025/02/13 14:39:05 /home/bryan/repos/skripsi/backend/setup/setup.go:78
[2.999ms] [rows:-] SELECT c.column_name, c.is_nullable = 'YES', c.udt_name, c.character_maximum_length, c.numeric_precision, c.numeric_precision_radix, c.numeric_scale, c.datetime_precision, 8 * typlen, c.column_default, pd.description, c.identity_increment FROM information_schema.columns AS c JOIN pg_type AS pgt ON c.udt_name = pgt.typname LEFT JOIN pg_catalog.pg_description as pd ON pd.objsubid = c.ordinal_position AND pd.objoid = (SELECT oid FROM pg_catalog.pg_class WHERE relname = c.table_name AND relnamespace = (SELECT oid FROM pg_catalog.pg_namespace WHERE nspname = c.table_schema)) where table_catalog = $1$ AND table_schema = CURRENT_SCHEMA() AND table_name = $2$

2025/02/13 14:39:05 /home/bryan/repos/skripsi/backend/setup/setup.go:78
[1.041ms] [rows:-] SELECT * FROM "species" LIMIT $1$

2025/02/13 14:39:05 /home/bryan/repos/skripsi/backend/setup/setup.go:78
[3.392ms] [rows:-] SELECT constraint_name FROM information_schema.table_constraints tc JOIN information_schema.constraint_column_usage AS ccu USING (constraint_schema, constraint_catalog, table_name, constraint_name) JOIN information_schema.columns AS c ON c.table_schema = tc.constraint_schema AND tc.table_name = c.table_name AND ccu.column_name = c.column_name WHERE constraint_type IN ('PRIMARY KEY', 'UNIQUE') AND c.table_catalog = $1$ AND c.table_schema = CURRENT_SCHEMA() AND c.table_name = $2$ AND constraint_type = $3$

2025/02/13 14:39:05 /home/bryan/repos/skripsi/backend/setup/setup.go:78
[3.815ms] [rows:-] SELECT c.column_name, constraint_name, constraint_type FROM information_schema.table_constraints tc JOIN information_schema.constraint_column_usage AS ccu USING (constraint_schema, constraint_catalog, table_name, constraint_name) JOIN information_schema.columns AS c ON c.table_schema = tc.constraint_schema AND tc.table_name = c.table_name AND ccu.column_name = c.column_name WHERE constraint_type IN ('PRIMARY KEY', 'UNIQUE') AND c.table_catalog = $1$ AND c.table_schema = CURRENT_SCHEMA() AND c.table_name = $2$

2025/02/13 14:39:05 /home/bryan/repos/skripsi/backend/setup/setup.go:78
[1.180ms] [rows:-] SELECT a.attname as column_name, format_type(a.atttypid, a.atttypmod) AS data_type
		FROM pg_attribute a JOIN pg_class b ON a.attrelid = b.oid AND relnamespace = (SELECT oid FROM pg_catalog.pg_namespace WHERE nspname = CURRENT_SCHEMA())
		WHERE a.attnum > 0 -- hide internal columns
		AND NOT a.attisdropped -- hide deleted columns
		AND b.relname = $1$

2025/02/13 14:39:05 /home/bryan/repos/skripsi/backend/setup/setup.go:78
[1.653ms] [rows:0] SELECT description FROM pg_catalog.pg_description WHERE objsubid = (SELECT ordinal_position FROM information_schema.columns WHERE table_schema = CURRENT_SCHEMA() AND table_name = 'species' AND column_name = 'id') AND objoid = (SELECT oid FROM pg_catalog.pg_class WHERE relname = 'species' AND relnamespace = (SELECT oid FROM pg_catalog.pg_namespace WHERE nspname = CURRENT_SCHEMA()))

2025/02/13 14:39:05 /home/bryan/repos/skripsi/backend/setup/setup.go:78
[1.555ms] [rows:0] SELECT description FROM pg_catalog.pg_description WHERE objsubid = (SELECT ordinal_position FROM information_schema.columns WHERE table_schema = CURRENT_SCHEMA() AND table_name = 'species' AND column_name = 'name') AND objoid = (SELECT oid FROM pg_catalog.pg_class WHERE relname = 'species' AND relnamespace = (SELECT oid FROM pg_catalog.pg_namespace WHERE nspname = CURRENT_SCHEMA()))

2025/02/13 14:39:05 /home/bryan/repos/skripsi/backend/setup/setup.go:78
[1.257ms] [rows:1] SELECT count(*) FROM information_schema.tables WHERE table_schema = CURRENT_SCHEMA() AND table_name = 'size_categories' AND table_type = 'BASE TABLE'

2025/02/13 14:39:05 /home/bryan/repos/skripsi/backend/setup/setup.go:78
[0.914ms] [rows:1] SELECT CURRENT_DATABASE()

2025/02/13 14:39:05 /home/bryan/repos/skripsi/backend/setup/setup.go:78
[3.451ms] [rows:-] SELECT c.column_name, c.is_nullable = 'YES', c.udt_name, c.character_maximum_length, c.numeric_precision, c.numeric_precision_radix, c.numeric_scale, c.datetime_precision, 8 * typlen, c.column_default, pd.description, c.identity_increment FROM information_schema.columns AS c JOIN pg_type AS pgt ON c.udt_name = pgt.typname LEFT JOIN pg_catalog.pg_description as pd ON pd.objsubid = c.ordinal_position AND pd.objoid = (SELECT oid FROM pg_catalog.pg_class WHERE relname = c.table_name AND relnamespace = (SELECT oid FROM pg_catalog.pg_namespace WHERE nspname = c.table_schema)) where table_catalog = $1$ AND table_schema = CURRENT_SCHEMA() AND table_name = $2$

2025/02/13 14:39:05 /home/bryan/repos/skripsi/backend/setup/setup.go:78
[0.965ms] [rows:-] SELECT * FROM "size_categories" LIMIT $1$

2025/02/13 14:39:05 /home/bryan/repos/skripsi/backend/setup/setup.go:78
[2.612ms] [rows:-] SELECT constraint_name FROM information_schema.table_constraints tc JOIN information_schema.constraint_column_usage AS ccu USING (constraint_schema, constraint_catalog, table_name, constraint_name) JOIN information_schema.columns AS c ON c.table_schema = tc.constraint_schema AND tc.table_name = c.table_name AND ccu.column_name = c.column_name WHERE constraint_type IN ('PRIMARY KEY', 'UNIQUE') AND c.table_catalog = $1$ AND c.table_schema = CURRENT_SCHEMA() AND c.table_name = $2$ AND constraint_type = $3$

2025/02/13 14:39:05 /home/bryan/repos/skripsi/backend/setup/setup.go:78
[2.902ms] [rows:-] SELECT c.column_name, constraint_name, constraint_type FROM information_schema.table_constraints tc JOIN information_schema.constraint_column_usage AS ccu USING (constraint_schema, constraint_catalog, table_name, constraint_name) JOIN information_schema.columns AS c ON c.table_schema = tc.constraint_schema AND tc.table_name = c.table_name AND ccu.column_name = c.column_name WHERE constraint_type IN ('PRIMARY KEY', 'UNIQUE') AND c.table_catalog = $1$ AND c.table_schema = CURRENT_SCHEMA() AND c.table_name = $2$

2025/02/13 14:39:05 /home/bryan/repos/skripsi/backend/setup/setup.go:78
[1.736ms] [rows:-] SELECT a.attname as column_name, format_type(a.atttypid, a.atttypmod) AS data_type
		FROM pg_attribute a JOIN pg_class b ON a.attrelid = b.oid AND relnamespace = (SELECT oid FROM pg_catalog.pg_namespace WHERE nspname = CURRENT_SCHEMA())
		WHERE a.attnum > 0 -- hide internal columns
		AND NOT a.attisdropped -- hide deleted columns
		AND b.relname = $1$

2025/02/13 14:39:05 /home/bryan/repos/skripsi/backend/setup/setup.go:78
[1.938ms] [rows:0] SELECT description FROM pg_catalog.pg_description WHERE objsubid = (SELECT ordinal_position FROM information_schema.columns WHERE table_schema = CURRENT_SCHEMA() AND table_name = 'size_categories' AND column_name = 'id') AND objoid = (SELECT oid FROM pg_catalog.pg_class WHERE relname = 'size_categories' AND relnamespace = (SELECT oid FROM pg_catalog.pg_namespace WHERE nspname = CURRENT_SCHEMA()))

2025/02/13 14:39:05 /home/bryan/repos/skripsi/backend/setup/setup.go:78
[1.554ms] [rows:0] SELECT description FROM pg_catalog.pg_description WHERE objsubid = (SELECT ordinal_position FROM information_schema.columns WHERE table_schema = CURRENT_SCHEMA() AND table_name = 'size_categories' AND column_name = 'name') AND objoid = (SELECT oid FROM pg_catalog.pg_class WHERE relname = 'size_categories' AND relnamespace = (SELECT oid FROM pg_catalog.pg_namespace WHERE nspname = CURRENT_SCHEMA()))

2025/02/13 14:39:05 /home/bryan/repos/skripsi/backend/setup/setup.go:78
[1.475ms] [rows:0] SELECT description FROM pg_catalog.pg_description WHERE objsubid = (SELECT ordinal_position FROM information_schema.columns WHERE table_schema = CURRENT_SCHEMA() AND table_name = 'size_categories' AND column_name = 'min_weight') AND objoid = (SELECT oid FROM pg_catalog.pg_class WHERE relname = 'size_categories' AND relnamespace = (SELECT oid FROM pg_catalog.pg_namespace WHERE nspname = CURRENT_SCHEMA()))

2025/02/13 14:39:05 /home/bryan/repos/skripsi/backend/setup/setup.go:78
[1.560ms] [rows:0] SELECT description FROM pg_catalog.pg_description WHERE objsubid = (SELECT ordinal_position FROM information_schema.columns WHERE table_schema = CURRENT_SCHEMA() AND table_name = 'size_categories' AND column_name = 'max_weight') AND objoid = (SELECT oid FROM pg_catalog.pg_class WHERE relname = 'size_categories' AND relnamespace = (SELECT oid FROM pg_catalog.pg_namespace WHERE nspname = CURRENT_SCHEMA()))

2025/02/13 14:39:05 /home/bryan/repos/skripsi/backend/setup/setup.go:78
[1.019ms] [rows:1] SELECT count(*) FROM information_schema.tables WHERE table_schema = CURRENT_SCHEMA() AND table_name = 'pets' AND table_type = 'BASE TABLE'

2025/02/13 14:39:05 /home/bryan/repos/skripsi/backend/setup/setup.go:78
[0.864ms] [rows:1] SELECT CURRENT_DATABASE()

2025/02/13 14:39:05 /home/bryan/repos/skripsi/backend/setup/setup.go:78
[4.313ms] [rows:-] SELECT c.column_name, c.is_nullable = 'YES', c.udt_name, c.character_maximum_length, c.numeric_precision, c.numeric_precision_radix, c.numeric_scale, c.datetime_precision, 8 * typlen, c.column_default, pd.description, c.identity_increment FROM information_schema.columns AS c JOIN pg_type AS pgt ON c.udt_name = pgt.typname LEFT JOIN pg_catalog.pg_description as pd ON pd.objsubid = c.ordinal_position AND pd.objoid = (SELECT oid FROM pg_catalog.pg_class WHERE relname = c.table_name AND relnamespace = (SELECT oid FROM pg_catalog.pg_namespace WHERE nspname = c.table_schema)) where table_catalog = $1$ AND table_schema = CURRENT_SCHEMA() AND table_name = $2$

2025/02/13 14:39:05 /home/bryan/repos/skripsi/backend/setup/setup.go:78
[1.138ms] [rows:-] SELECT * FROM "pets" LIMIT $1$

2025/02/13 14:39:05 /home/bryan/repos/skripsi/backend/setup/setup.go:78
[4.179ms] [rows:-] SELECT constraint_name FROM information_schema.table_constraints tc JOIN information_schema.constraint_column_usage AS ccu USING (constraint_schema, constraint_catalog, table_name, constraint_name) JOIN information_schema.columns AS c ON c.table_schema = tc.constraint_schema AND tc.table_name = c.table_name AND ccu.column_name = c.column_name WHERE constraint_type IN ('PRIMARY KEY', 'UNIQUE') AND c.table_catalog = $1$ AND c.table_schema = CURRENT_SCHEMA() AND c.table_name = $2$ AND constraint_type = $3$

2025/02/13 14:39:05 /home/bryan/repos/skripsi/backend/setup/setup.go:78
[5.010ms] [rows:-] SELECT c.column_name, constraint_name, constraint_type FROM information_schema.table_constraints tc JOIN information_schema.constraint_column_usage AS ccu USING (constraint_schema, constraint_catalog, table_name, constraint_name) JOIN information_schema.columns AS c ON c.table_schema = tc.constraint_schema AND tc.table_name = c.table_name AND ccu.column_name = c.column_name WHERE constraint_type IN ('PRIMARY KEY', 'UNIQUE') AND c.table_catalog = $1$ AND c.table_schema = CURRENT_SCHEMA() AND c.table_name = $2$

2025/02/13 14:39:05 /home/bryan/repos/skripsi/backend/setup/setup.go:78
[1.627ms] [rows:-] SELECT a.attname as column_name, format_type(a.atttypid, a.atttypmod) AS data_type
		FROM pg_attribute a JOIN pg_class b ON a.attrelid = b.oid AND relnamespace = (SELECT oid FROM pg_catalog.pg_namespace WHERE nspname = CURRENT_SCHEMA())
		WHERE a.attnum > 0 -- hide internal columns
		AND NOT a.attisdropped -- hide deleted columns
		AND b.relname = $1$

2025/02/13 14:39:05 /home/bryan/repos/skripsi/backend/setup/setup.go:78
[2.244ms] [rows:0] SELECT description FROM pg_catalog.pg_description WHERE objsubid = (SELECT ordinal_position FROM information_schema.columns WHERE table_schema = CURRENT_SCHEMA() AND table_name = 'pets' AND column_name = 'id') AND objoid = (SELECT oid FROM pg_catalog.pg_class WHERE relname = 'pets' AND relnamespace = (SELECT oid FROM pg_catalog.pg_namespace WHERE nspname = CURRENT_SCHEMA()))

2025/02/13 14:39:05 /home/bryan/repos/skripsi/backend/setup/setup.go:78
[3.027ms] [rows:0] SELECT description FROM pg_catalog.pg_description WHERE objsubid = (SELECT ordinal_position FROM information_schema.columns WHERE table_schema = CURRENT_SCHEMA() AND table_name = 'pets' AND column_name = 'created_at') AND objoid = (SELECT oid FROM pg_catalog.pg_class WHERE relname = 'pets' AND relnamespace = (SELECT oid FROM pg_catalog.pg_namespace WHERE nspname = CURRENT_SCHEMA()))

2025/02/13 14:39:05 /home/bryan/repos/skripsi/backend/setup/setup.go:78
[2.994ms] [rows:0] SELECT description FROM pg_catalog.pg_description WHERE objsubid = (SELECT ordinal_position FROM information_schema.columns WHERE table_schema = CURRENT_SCHEMA() AND table_name = 'pets' AND column_name = 'updated_at') AND objoid = (SELECT oid FROM pg_catalog.pg_class WHERE relname = 'pets' AND relnamespace = (SELECT oid FROM pg_catalog.pg_namespace WHERE nspname = CURRENT_SCHEMA()))

2025/02/13 14:39:05 /home/bryan/repos/skripsi/backend/setup/setup.go:78
[3.103ms] [rows:0] SELECT description FROM pg_catalog.pg_description WHERE objsubid = (SELECT ordinal_position FROM information_schema.columns WHERE table_schema = CURRENT_SCHEMA() AND table_name = 'pets' AND column_name = 'deleted_at') AND objoid = (SELECT oid FROM pg_catalog.pg_class WHERE relname = 'pets' AND relnamespace = (SELECT oid FROM pg_catalog.pg_namespace WHERE nspname = CURRENT_SCHEMA()))

2025/02/13 14:39:05 /home/bryan/repos/skripsi/backend/setup/setup.go:78
[3.092ms] [rows:0] SELECT description FROM pg_catalog.pg_description WHERE objsubid = (SELECT ordinal_position FROM information_schema.columns WHERE table_schema = CURRENT_SCHEMA() AND table_name = 'pets' AND column_name = 'name') AND objoid = (SELECT oid FROM pg_catalog.pg_class WHERE relname = 'pets' AND relnamespace = (SELECT oid FROM pg_catalog.pg_namespace WHERE nspname = CURRENT_SCHEMA()))

2025/02/13 14:39:05 /home/bryan/repos/skripsi/backend/setup/setup.go:78
[2.990ms] [rows:0] SELECT description FROM pg_catalog.pg_description WHERE objsubid = (SELECT ordinal_position FROM information_schema.columns WHERE table_schema = CURRENT_SCHEMA() AND table_name = 'pets' AND column_name = 'image_url') AND objoid = (SELECT oid FROM pg_catalog.pg_class WHERE relname = 'pets' AND relnamespace = (SELECT oid FROM pg_catalog.pg_namespace WHERE nspname = CURRENT_SCHEMA()))

2025/02/13 14:39:05 /home/bryan/repos/skripsi/backend/setup/setup.go:78
[3.303ms] [rows:0] SELECT description FROM pg_catalog.pg_description WHERE objsubid = (SELECT ordinal_position FROM information_schema.columns WHERE table_schema = CURRENT_SCHEMA() AND table_name = 'pets' AND column_name = 'status') AND objoid = (SELECT oid FROM pg_catalog.pg_class WHERE relname = 'pets' AND relnamespace = (SELECT oid FROM pg_catalog.pg_namespace WHERE nspname = CURRENT_SCHEMA()))

2025/02/13 14:39:05 /home/bryan/repos/skripsi/backend/setup/setup.go:78
[3.646ms] [rows:0] SELECT description FROM pg_catalog.pg_description WHERE objsubid = (SELECT ordinal_position FROM information_schema.columns WHERE table_schema = CURRENT_SCHEMA() AND table_name = 'pets' AND column_name = 'owner_id') AND objoid = (SELECT oid FROM pg_catalog.pg_class WHERE relname = 'pets' AND relnamespace = (SELECT oid FROM pg_catalog.pg_namespace WHERE nspname = CURRENT_SCHEMA()))

2025/02/13 14:39:05 /home/bryan/repos/skripsi/backend/setup/setup.go:78
[3.484ms] [rows:0] SELECT description FROM pg_catalog.pg_description WHERE objsubid = (SELECT ordinal_position FROM information_schema.columns WHERE table_schema = CURRENT_SCHEMA() AND table_name = 'pets' AND column_name = 'species_id') AND objoid = (SELECT oid FROM pg_catalog.pg_class WHERE relname = 'pets' AND relnamespace = (SELECT oid FROM pg_catalog.pg_namespace WHERE nspname = CURRENT_SCHEMA()))

2025/02/13 14:39:05 /home/bryan/repos/skripsi/backend/setup/setup.go:78
[3.543ms] [rows:0] SELECT description FROM pg_catalog.pg_description WHERE objsubid = (SELECT ordinal_position FROM information_schema.columns WHERE table_schema = CURRENT_SCHEMA() AND table_name = 'pets' AND column_name = 'size_id') AND objoid = (SELECT oid FROM pg_catalog.pg_class WHERE relname = 'pets' AND relnamespace = (SELECT oid FROM pg_catalog.pg_namespace WHERE nspname = CURRENT_SCHEMA()))

2025/02/13 14:39:05 /home/bryan/repos/skripsi/backend/setup/setup.go:78
[2.880ms] [rows:1] SELECT count(*) FROM INFORMATION_SCHEMA.table_constraints WHERE table_schema = CURRENT_SCHEMA() AND table_name = 'pets' AND constraint_name = 'fk_pets_species'

2025/02/13 14:39:05 /home/bryan/repos/skripsi/backend/setup/setup.go:78
[2.846ms] [rows:1] SELECT count(*) FROM INFORMATION_SCHEMA.table_constraints WHERE table_schema = CURRENT_SCHEMA() AND table_name = 'pets' AND constraint_name = 'fk_pets_size_category'

2025/02/13 14:39:05 /home/bryan/repos/skripsi/backend/setup/setup.go:78
[2.819ms] [rows:1] SELECT count(*) FROM INFORMATION_SCHEMA.table_constraints WHERE table_schema = CURRENT_SCHEMA() AND table_name = 'pets' AND constraint_name = 'fk_users_pets'

2025/02/13 14:39:05 /home/bryan/repos/skripsi/backend/setup/setup.go:78
[6.434ms] [rows:1] SELECT count(*) FROM pg_indexes WHERE tablename = 'pets' AND indexname = 'idx_pets_deleted_at' AND schemaname = CURRENT_SCHEMA()

2025/02/13 14:39:05 /home/bryan/repos/skripsi/backend/setup/setup.go:78
[2.543ms] [rows:1] SELECT count(*) FROM information_schema.tables WHERE table_schema = CURRENT_SCHEMA() AND table_name = 'slots' AND table_type = 'BASE TABLE'

2025/02/13 14:39:05 /home/bryan/repos/skripsi/backend/setup/setup.go:78
[2.017ms] [rows:1] SELECT CURRENT_DATABASE()

2025/02/13 14:39:05 /home/bryan/repos/skripsi/backend/setup/setup.go:78
[8.242ms] [rows:-] SELECT c.column_name, c.is_nullable = 'YES', c.udt_name, c.character_maximum_length, c.numeric_precision, c.numeric_precision_radix, c.numeric_scale, c.datetime_precision, 8 * typlen, c.column_default, pd.description, c.identity_increment FROM information_schema.columns AS c JOIN pg_type AS pgt ON c.udt_name = pgt.typname LEFT JOIN pg_catalog.pg_description as pd ON pd.objsubid = c.ordinal_position AND pd.objoid = (SELECT oid FROM pg_catalog.pg_class WHERE relname = c.table_name AND relnamespace = (SELECT oid FROM pg_catalog.pg_namespace WHERE nspname = c.table_schema)) where table_catalog = $1$ AND table_schema = CURRENT_SCHEMA() AND table_name = $2$

2025/02/13 14:39:05 /home/bryan/repos/skripsi/backend/setup/setup.go:78
[2.414ms] [rows:-] SELECT * FROM "slots" LIMIT $1$

2025/02/13 14:39:05 /home/bryan/repos/skripsi/backend/setup/setup.go:78
[6.788ms] [rows:-] SELECT constraint_name FROM information_schema.table_constraints tc JOIN information_schema.constraint_column_usage AS ccu USING (constraint_schema, constraint_catalog, table_name, constraint_name) JOIN information_schema.columns AS c ON c.table_schema = tc.constraint_schema AND tc.table_name = c.table_name AND ccu.column_name = c.column_name WHERE constraint_type IN ('PRIMARY KEY', 'UNIQUE') AND c.table_catalog = $1$ AND c.table_schema = CURRENT_SCHEMA() AND c.table_name = $2$ AND constraint_type = $3$

2025/02/13 14:39:05 /home/bryan/repos/skripsi/backend/setup/setup.go:78
[7.215ms] [rows:-] SELECT c.column_name, constraint_name, constraint_type FROM information_schema.table_constraints tc JOIN information_schema.constraint_column_usage AS ccu USING (constraint_schema, constraint_catalog, table_name, constraint_name) JOIN information_schema.columns AS c ON c.table_schema = tc.constraint_schema AND tc.table_name = c.table_name AND ccu.column_name = c.column_name WHERE constraint_type IN ('PRIMARY KEY', 'UNIQUE') AND c.table_catalog = $1$ AND c.table_schema = CURRENT_SCHEMA() AND c.table_name = $2$

2025/02/13 14:39:05 /home/bryan/repos/skripsi/backend/setup/setup.go:78
[2.302ms] [rows:-] SELECT a.attname as column_name, format_type(a.atttypid, a.atttypmod) AS data_type
		FROM pg_attribute a JOIN pg_class b ON a.attrelid = b.oid AND relnamespace = (SELECT oid FROM pg_catalog.pg_namespace WHERE nspname = CURRENT_SCHEMA())
		WHERE a.attnum > 0 -- hide internal columns
		AND NOT a.attisdropped -- hide deleted columns
		AND b.relname = $1$

2025/02/13 14:39:05 /home/bryan/repos/skripsi/backend/setup/setup.go:78
[3.869ms] [rows:0] SELECT description FROM pg_catalog.pg_description WHERE objsubid = (SELECT ordinal_position FROM information_schema.columns WHERE table_schema = CURRENT_SCHEMA() AND table_name = 'slots' AND column_name = 'id') AND objoid = (SELECT oid FROM pg_catalog.pg_class WHERE relname = 'slots' AND relnamespace = (SELECT oid FROM pg_catalog.pg_namespace WHERE nspname = CURRENT_SCHEMA()))

2025/02/13 14:39:05 /home/bryan/repos/skripsi/backend/setup/setup.go:78
[3.426ms] [rows:0] SELECT description FROM pg_catalog.pg_description WHERE objsubid = (SELECT ordinal_position FROM information_schema.columns WHERE table_schema = CURRENT_SCHEMA() AND table_name = 'slots' AND column_name = 'created_at') AND objoid = (SELECT oid FROM pg_catalog.pg_class WHERE relname = 'slots' AND relnamespace = (SELECT oid FROM pg_catalog.pg_namespace WHERE nspname = CURRENT_SCHEMA()))

2025/02/13 14:39:05 /home/bryan/repos/skripsi/backend/setup/setup.go:78
[3.954ms] [rows:0] SELECT description FROM pg_catalog.pg_description WHERE objsubid = (SELECT ordinal_position FROM information_schema.columns WHERE table_schema = CURRENT_SCHEMA() AND table_name = 'slots' AND column_name = 'updated_at') AND objoid = (SELECT oid FROM pg_catalog.pg_class WHERE relname = 'slots' AND relnamespace = (SELECT oid FROM pg_catalog.pg_namespace WHERE nspname = CURRENT_SCHEMA()))

2025/02/13 14:39:05 /home/bryan/repos/skripsi/backend/setup/setup.go:78
[3.572ms] [rows:0] SELECT description FROM pg_catalog.pg_description WHERE objsubid = (SELECT ordinal_position FROM information_schema.columns WHERE table_schema = CURRENT_SCHEMA() AND table_name = 'slots' AND column_name = 'deleted_at') AND objoid = (SELECT oid FROM pg_catalog.pg_class WHERE relname = 'slots' AND relnamespace = (SELECT oid FROM pg_catalog.pg_namespace WHERE nspname = CURRENT_SCHEMA()))

2025/02/13 14:39:05 /home/bryan/repos/skripsi/backend/setup/setup.go:78
[3.486ms] [rows:0] SELECT description FROM pg_catalog.pg_description WHERE objsubid = (SELECT ordinal_position FROM information_schema.columns WHERE table_schema = CURRENT_SCHEMA() AND table_name = 'slots' AND column_name = 'daycare_id') AND objoid = (SELECT oid FROM pg_catalog.pg_class WHERE relname = 'slots' AND relnamespace = (SELECT oid FROM pg_catalog.pg_namespace WHERE nspname = CURRENT_SCHEMA()))

2025/02/13 14:39:05 /home/bryan/repos/skripsi/backend/setup/setup.go:78
[3.513ms] [rows:0] SELECT description FROM pg_catalog.pg_description WHERE objsubid = (SELECT ordinal_position FROM information_schema.columns WHERE table_schema = CURRENT_SCHEMA() AND table_name = 'slots' AND column_name = 'species_id') AND objoid = (SELECT oid FROM pg_catalog.pg_class WHERE relname = 'slots' AND relnamespace = (SELECT oid FROM pg_catalog.pg_namespace WHERE nspname = CURRENT_SCHEMA()))

2025/02/13 14:39:05 /home/bryan/repos/skripsi/backend/setup/setup.go:78
[3.790ms] [rows:0] SELECT description FROM pg_catalog.pg_description WHERE objsubid = (SELECT ordinal_position FROM information_schema.columns WHERE table_schema = CURRENT_SCHEMA() AND table_name = 'slots' AND column_name = 'size_category_id') AND objoid = (SELECT oid FROM pg_catalog.pg_class WHERE relname = 'slots' AND relnamespace = (SELECT oid FROM pg_catalog.pg_namespace WHERE nspname = CURRENT_SCHEMA()))

2025/02/13 14:39:05 /home/bryan/repos/skripsi/backend/setup/setup.go:78
[3.928ms] [rows:0] SELECT description FROM pg_catalog.pg_description WHERE objsubid = (SELECT ordinal_position FROM information_schema.columns WHERE table_schema = CURRENT_SCHEMA() AND table_name = 'slots' AND column_name = 'max_number') AND objoid = (SELECT oid FROM pg_catalog.pg_class WHERE relname = 'slots' AND relnamespace = (SELECT oid FROM pg_catalog.pg_namespace WHERE nspname = CURRENT_SCHEMA()))

2025/02/13 14:39:05 /home/bryan/repos/skripsi/backend/setup/setup.go:78
[3.176ms] [rows:1] SELECT count(*) FROM INFORMATION_SCHEMA.table_constraints WHERE table_schema = CURRENT_SCHEMA() AND table_name = 'slots' AND constraint_name = 'fk_pet_daycares_slots'

2025/02/13 14:39:05 /home/bryan/repos/skripsi/backend/setup/setup.go:78
[6.524ms] [rows:1] SELECT count(*) FROM pg_indexes WHERE tablename = 'slots' AND indexname = 'idx_slots_deleted_at' AND schemaname = CURRENT_SCHEMA()

2025/02/13 14:39:05 /home/bryan/repos/skripsi/backend/setup/setup.go:78
[2.691ms] [rows:1] SELECT count(*) FROM information_schema.tables WHERE table_schema = CURRENT_SCHEMA() AND table_name = 'booked_slots' AND table_type = 'BASE TABLE'

2025/02/13 14:39:05 /home/bryan/repos/skripsi/backend/setup/setup.go:78
[2.471ms] [rows:1] SELECT CURRENT_DATABASE()

2025/02/13 14:39:05 /home/bryan/repos/skripsi/backend/setup/setup.go:78
[8.348ms] [rows:-] SELECT c.column_name, c.is_nullable = 'YES', c.udt_name, c.character_maximum_length, c.numeric_precision, c.numeric_precision_radix, c.numeric_scale, c.datetime_precision, 8 * typlen, c.column_default, pd.description, c.identity_increment FROM information_schema.columns AS c JOIN pg_type AS pgt ON c.udt_name = pgt.typname LEFT JOIN pg_catalog.pg_description as pd ON pd.objsubid = c.ordinal_position AND pd.objoid = (SELECT oid FROM pg_catalog.pg_class WHERE relname = c.table_name AND relnamespace = (SELECT oid FROM pg_catalog.pg_namespace WHERE nspname = c.table_schema)) where table_catalog = $1$ AND table_schema = CURRENT_SCHEMA() AND table_name = $2$

2025/02/13 14:39:05 /home/bryan/repos/skripsi/backend/setup/setup.go:78
[2.143ms] [rows:-] SELECT * FROM "booked_slots" LIMIT $1$

2025/02/13 14:39:05 /home/bryan/repos/skripsi/backend/setup/setup.go:78
[7.097ms] [rows:-] SELECT constraint_name FROM information_schema.table_constraints tc JOIN information_schema.constraint_column_usage AS ccu USING (constraint_schema, constraint_catalog, table_name, constraint_name) JOIN information_schema.columns AS c ON c.table_schema = tc.constraint_schema AND tc.table_name = c.table_name AND ccu.column_name = c.column_name WHERE constraint_type IN ('PRIMARY KEY', 'UNIQUE') AND c.table_catalog = $1$ AND c.table_schema = CURRENT_SCHEMA() AND c.table_name = $2$ AND constraint_type = $3$

2025/02/13 14:39:05 /home/bryan/repos/skripsi/backend/setup/setup.go:78
[7.565ms] [rows:-] SELECT c.column_name, constraint_name, constraint_type FROM information_schema.table_constraints tc JOIN information_schema.constraint_column_usage AS ccu USING (constraint_schema, constraint_catalog, table_name, constraint_name) JOIN information_schema.columns AS c ON c.table_schema = tc.constraint_schema AND tc.table_name = c.table_name AND ccu.column_name = c.column_name WHERE constraint_type IN ('PRIMARY KEY', 'UNIQUE') AND c.table_catalog = $1$ AND c.table_schema = CURRENT_SCHEMA() AND c.table_name = $2$

2025/02/13 14:39:05 /home/bryan/repos/skripsi/backend/setup/setup.go:78
[2.747ms] [rows:-] SELECT a.attname as column_name, format_type(a.atttypid, a.atttypmod) AS data_type
		FROM pg_attribute a JOIN pg_class b ON a.attrelid = b.oid AND relnamespace = (SELECT oid FROM pg_catalog.pg_namespace WHERE nspname = CURRENT_SCHEMA())
		WHERE a.attnum > 0 -- hide internal columns
		AND NOT a.attisdropped -- hide deleted columns
		AND b.relname = $1$

2025/02/13 14:39:05 /home/bryan/repos/skripsi/backend/setup/setup.go:78
[3.789ms] [rows:0] SELECT description FROM pg_catalog.pg_description WHERE objsubid = (SELECT ordinal_position FROM information_schema.columns WHERE table_schema = CURRENT_SCHEMA() AND table_name = 'booked_slots' AND column_name = 'id') AND objoid = (SELECT oid FROM pg_catalog.pg_class WHERE relname = 'booked_slots' AND relnamespace = (SELECT oid FROM pg_catalog.pg_namespace WHERE nspname = CURRENT_SCHEMA()))

2025/02/13 14:39:05 /home/bryan/repos/skripsi/backend/setup/setup.go:78
[3.663ms] [rows:0] SELECT description FROM pg_catalog.pg_description WHERE objsubid = (SELECT ordinal_position FROM information_schema.columns WHERE table_schema = CURRENT_SCHEMA() AND table_name = 'booked_slots' AND column_name = 'created_at') AND objoid = (SELECT oid FROM pg_catalog.pg_class WHERE relname = 'booked_slots' AND relnamespace = (SELECT oid FROM pg_catalog.pg_namespace WHERE nspname = CURRENT_SCHEMA()))

2025/02/13 14:39:05 /home/bryan/repos/skripsi/backend/setup/setup.go:78
[3.616ms] [rows:0] SELECT description FROM pg_catalog.pg_description WHERE objsubid = (SELECT ordinal_position FROM information_schema.columns WHERE table_schema = CURRENT_SCHEMA() AND table_name = 'booked_slots' AND column_name = 'updated_at') AND objoid = (SELECT oid FROM pg_catalog.pg_class WHERE relname = 'booked_slots' AND relnamespace = (SELECT oid FROM pg_catalog.pg_namespace WHERE nspname = CURRENT_SCHEMA()))

2025/02/13 14:39:05 /home/bryan/repos/skripsi/backend/setup/setup.go:78
[3.626ms] [rows:0] SELECT description FROM pg_catalog.pg_description WHERE objsubid = (SELECT ordinal_position FROM information_schema.columns WHERE table_schema = CURRENT_SCHEMA() AND table_name = 'booked_slots' AND column_name = 'deleted_at') AND objoid = (SELECT oid FROM pg_catalog.pg_class WHERE relname = 'booked_slots' AND relnamespace = (SELECT oid FROM pg_catalog.pg_namespace WHERE nspname = CURRENT_SCHEMA()))

2025/02/13 14:39:05 /home/bryan/repos/skripsi/backend/setup/setup.go:78
[3.557ms] [rows:0] SELECT description FROM pg_catalog.pg_description WHERE objsubid = (SELECT ordinal_position FROM information_schema.columns WHERE table_schema = CURRENT_SCHEMA() AND table_name = 'booked_slots' AND column_name = 'user_id') AND objoid = (SELECT oid FROM pg_catalog.pg_class WHERE relname = 'booked_slots' AND relnamespace = (SELECT oid FROM pg_catalog.pg_namespace WHERE nspname = CURRENT_SCHEMA()))

2025/02/13 14:39:05 /home/bryan/repos/skripsi/backend/setup/setup.go:78
[3.570ms] [rows:0] SELECT description FROM pg_catalog.pg_description WHERE objsubid = (SELECT ordinal_position FROM information_schema.columns WHERE table_schema = CURRENT_SCHEMA() AND table_name = 'booked_slots' AND column_name = 'daycare_id') AND objoid = (SELECT oid FROM pg_catalog.pg_class WHERE relname = 'booked_slots' AND relnamespace = (SELECT oid FROM pg_catalog.pg_namespace WHERE nspname = CURRENT_SCHEMA()))

2025/02/13 14:39:05 /home/bryan/repos/skripsi/backend/setup/setup.go:78
[3.660ms] [rows:0] SELECT description FROM pg_catalog.pg_description WHERE objsubid = (SELECT ordinal_position FROM information_schema.columns WHERE table_schema = CURRENT_SCHEMA() AND table_name = 'booked_slots' AND column_name = 'pet_id') AND objoid = (SELECT oid FROM pg_catalog.pg_class WHERE relname = 'booked_slots' AND relnamespace = (SELECT oid FROM pg_catalog.pg_namespace WHERE nspname = CURRENT_SCHEMA()))

2025/02/13 14:39:05 /home/bryan/repos/skripsi/backend/setup/setup.go:78
[3.753ms] [rows:0] SELECT description FROM pg_catalog.pg_description WHERE objsubid = (SELECT ordinal_position FROM information_schema.columns WHERE table_schema = CURRENT_SCHEMA() AND table_name = 'booked_slots' AND column_name = 'start_date') AND objoid = (SELECT oid FROM pg_catalog.pg_class WHERE relname = 'booked_slots' AND relnamespace = (SELECT oid FROM pg_catalog.pg_namespace WHERE nspname = CURRENT_SCHEMA()))

2025/02/13 14:39:05 /home/bryan/repos/skripsi/backend/setup/setup.go:78
[3.463ms] [rows:0] SELECT description FROM pg_catalog.pg_description WHERE objsubid = (SELECT ordinal_position FROM information_schema.columns WHERE table_schema = CURRENT_SCHEMA() AND table_name = 'booked_slots' AND column_name = 'end_date') AND objoid = (SELECT oid FROM pg_catalog.pg_class WHERE relname = 'booked_slots' AND relnamespace = (SELECT oid FROM pg_catalog.pg_namespace WHERE nspname = CURRENT_SCHEMA()))

2025/02/13 14:39:05 /home/bryan/repos/skripsi/backend/setup/setup.go:78
[2.959ms] [rows:1] SELECT count(*) FROM INFORMATION_SCHEMA.table_constraints WHERE table_schema = CURRENT_SCHEMA() AND table_name = 'booked_slots' AND constraint_name = 'fk_booked_slots_user'

2025/02/13 14:39:05 /home/bryan/repos/skripsi/backend/setup/setup.go:78
[3.313ms] [rows:1] SELECT count(*) FROM INFORMATION_SCHEMA.table_constraints WHERE table_schema = CURRENT_SCHEMA() AND table_name = 'booked_slots' AND constraint_name = 'fk_pets_booked_slots'

2025/02/13 14:39:05 /home/bryan/repos/skripsi/backend/setup/setup.go:78
[3.124ms] [rows:1] SELECT count(*) FROM INFORMATION_SCHEMA.table_constraints WHERE table_schema = CURRENT_SCHEMA() AND table_name = 'booked_slots' AND constraint_name = 'fk_pet_daycares_booked_slots'

2025/02/13 14:39:05 /home/bryan/repos/skripsi/backend/setup/setup.go:78
[6.355ms] [rows:1] SELECT count(*) FROM pg_indexes WHERE tablename = 'booked_slots' AND indexname = 'idx_booked_slots_deleted_at' AND schemaname = CURRENT_SCHEMA()

2025/02/13 14:39:05 /home/bryan/repos/skripsi/backend/setup/setup.go:78
[2.504ms] [rows:1] SELECT count(*) FROM information_schema.tables WHERE table_schema = CURRENT_SCHEMA() AND table_name = 'thumbnails' AND table_type = 'BASE TABLE'

2025/02/13 14:39:05 /home/bryan/repos/skripsi/backend/setup/setup.go:78
[1.707ms] [rows:1] SELECT CURRENT_DATABASE()

2025/02/13 14:39:05 /home/bryan/repos/skripsi/backend/setup/setup.go:78
[7.008ms] [rows:-] SELECT c.column_name, c.is_nullable = 'YES', c.udt_name, c.character_maximum_length, c.numeric_precision, c.numeric_precision_radix, c.numeric_scale, c.datetime_precision, 8 * typlen, c.column_default, pd.description, c.identity_increment FROM information_schema.columns AS c JOIN pg_type AS pgt ON c.udt_name = pgt.typname LEFT JOIN pg_catalog.pg_description as pd ON pd.objsubid = c.ordinal_position AND pd.objoid = (SELECT oid FROM pg_catalog.pg_class WHERE relname = c.table_name AND relnamespace = (SELECT oid FROM pg_catalog.pg_namespace WHERE nspname = c.table_schema)) where table_catalog = $1$ AND table_schema = CURRENT_SCHEMA() AND table_name = $2$

2025/02/13 14:39:05 /home/bryan/repos/skripsi/backend/setup/setup.go:78
[2.589ms] [rows:-] SELECT * FROM "thumbnails" LIMIT $1$

2025/02/13 14:39:05 /home/bryan/repos/skripsi/backend/setup/setup.go:78
[5.367ms] [rows:-] SELECT constraint_name FROM information_schema.table_constraints tc JOIN information_schema.constraint_column_usage AS ccu USING (constraint_schema, constraint_catalog, table_name, constraint_name) JOIN information_schema.columns AS c ON c.table_schema = tc.constraint_schema AND tc.table_name = c.table_name AND ccu.column_name = c.column_name WHERE constraint_type IN ('PRIMARY KEY', 'UNIQUE') AND c.table_catalog = $1$ AND c.table_schema = CURRENT_SCHEMA() AND c.table_name = $2$ AND constraint_type = $3$

2025/02/13 14:39:05 /home/bryan/repos/skripsi/backend/setup/setup.go:78
[5.237ms] [rows:-] SELECT c.column_name, constraint_name, constraint_type FROM information_schema.table_constraints tc JOIN information_schema.constraint_column_usage AS ccu USING (constraint_schema, constraint_catalog, table_name, constraint_name) JOIN information_schema.columns AS c ON c.table_schema = tc.constraint_schema AND tc.table_name = c.table_name AND ccu.column_name = c.column_name WHERE constraint_type IN ('PRIMARY KEY', 'UNIQUE') AND c.table_catalog = $1$ AND c.table_schema = CURRENT_SCHEMA() AND c.table_name = $2$

2025/02/13 14:39:05 /home/bryan/repos/skripsi/backend/setup/setup.go:78
[1.853ms] [rows:-] SELECT a.attname as column_name, format_type(a.atttypid, a.atttypmod) AS data_type
		FROM pg_attribute a JOIN pg_class b ON a.attrelid = b.oid AND relnamespace = (SELECT oid FROM pg_catalog.pg_namespace WHERE nspname = CURRENT_SCHEMA())
		WHERE a.attnum > 0 -- hide internal columns
		AND NOT a.attisdropped -- hide deleted columns
		AND b.relname = $1$

2025/02/13 14:39:05 /home/bryan/repos/skripsi/backend/setup/setup.go:78
[3.686ms] [rows:0] SELECT description FROM pg_catalog.pg_description WHERE objsubid = (SELECT ordinal_position FROM information_schema.columns WHERE table_schema = CURRENT_SCHEMA() AND table_name = 'thumbnails' AND column_name = 'id') AND objoid = (SELECT oid FROM pg_catalog.pg_class WHERE relname = 'thumbnails' AND relnamespace = (SELECT oid FROM pg_catalog.pg_namespace WHERE nspname = CURRENT_SCHEMA()))

2025/02/13 14:39:05 /home/bryan/repos/skripsi/backend/setup/setup.go:78
[4.162ms] [rows:0] SELECT description FROM pg_catalog.pg_description WHERE objsubid = (SELECT ordinal_position FROM information_schema.columns WHERE table_schema = CURRENT_SCHEMA() AND table_name = 'thumbnails' AND column_name = 'daycare_id') AND objoid = (SELECT oid FROM pg_catalog.pg_class WHERE relname = 'thumbnails' AND relnamespace = (SELECT oid FROM pg_catalog.pg_namespace WHERE nspname = CURRENT_SCHEMA()))

2025/02/13 14:39:05 /home/bryan/repos/skripsi/backend/setup/setup.go:78
[3.677ms] [rows:0] SELECT description FROM pg_catalog.pg_description WHERE objsubid = (SELECT ordinal_position FROM information_schema.columns WHERE table_schema = CURRENT_SCHEMA() AND table_name = 'thumbnails' AND column_name = 'image_url') AND objoid = (SELECT oid FROM pg_catalog.pg_class WHERE relname = 'thumbnails' AND relnamespace = (SELECT oid FROM pg_catalog.pg_namespace WHERE nspname = CURRENT_SCHEMA()))

2025/02/13 14:39:05 /home/bryan/repos/skripsi/backend/setup/setup.go:78
[2.901ms] [rows:1] SELECT count(*) FROM INFORMATION_SCHEMA.table_constraints WHERE table_schema = CURRENT_SCHEMA() AND table_name = 'thumbnails' AND constraint_name = 'fk_pet_daycares_thumbnails'

2025/02/13 14:39:05 /home/bryan/repos/skripsi/backend/setup/setup.go:78
[2.375ms] [rows:1] SELECT count(*) FROM information_schema.tables WHERE table_schema = CURRENT_SCHEMA() AND table_name = 'reviews' AND table_type = 'BASE TABLE'

2025/02/13 14:39:05 /home/bryan/repos/skripsi/backend/setup/setup.go:78
[1.958ms] [rows:1] SELECT CURRENT_DATABASE()

2025/02/13 14:39:05 /home/bryan/repos/skripsi/backend/setup/setup.go:78
[8.540ms] [rows:-] SELECT c.column_name, c.is_nullable = 'YES', c.udt_name, c.character_maximum_length, c.numeric_precision, c.numeric_precision_radix, c.numeric_scale, c.datetime_precision, 8 * typlen, c.column_default, pd.description, c.identity_increment FROM information_schema.columns AS c JOIN pg_type AS pgt ON c.udt_name = pgt.typname LEFT JOIN pg_catalog.pg_description as pd ON pd.objsubid = c.ordinal_position AND pd.objoid = (SELECT oid FROM pg_catalog.pg_class WHERE relname = c.table_name AND relnamespace = (SELECT oid FROM pg_catalog.pg_namespace WHERE nspname = c.table_schema)) where table_catalog = $1$ AND table_schema = CURRENT_SCHEMA() AND table_name = $2$

2025/02/13 14:39:05 /home/bryan/repos/skripsi/backend/setup/setup.go:78
[2.555ms] [rows:-] SELECT * FROM "reviews" LIMIT $1$

2025/02/13 14:39:05 /home/bryan/repos/skripsi/backend/setup/setup.go:78
[7.528ms] [rows:-] SELECT constraint_name FROM information_schema.table_constraints tc JOIN information_schema.constraint_column_usage AS ccu USING (constraint_schema, constraint_catalog, table_name, constraint_name) JOIN information_schema.columns AS c ON c.table_schema = tc.constraint_schema AND tc.table_name = c.table_name AND ccu.column_name = c.column_name WHERE constraint_type IN ('PRIMARY KEY', 'UNIQUE') AND c.table_catalog = $1$ AND c.table_schema = CURRENT_SCHEMA() AND c.table_name = $2$ AND constraint_type = $3$

2025/02/13 14:39:05 /home/bryan/repos/skripsi/backend/setup/setup.go:78
[7.394ms] [rows:-] SELECT c.column_name, constraint_name, constraint_type FROM information_schema.table_constraints tc JOIN information_schema.constraint_column_usage AS ccu USING (constraint_schema, constraint_catalog, table_name, constraint_name) JOIN information_schema.columns AS c ON c.table_schema = tc.constraint_schema AND tc.table_name = c.table_name AND ccu.column_name = c.column_name WHERE constraint_type IN ('PRIMARY KEY', 'UNIQUE') AND c.table_catalog = $1$ AND c.table_schema = CURRENT_SCHEMA() AND c.table_name = $2$

2025/02/13 14:39:05 /home/bryan/repos/skripsi/backend/setup/setup.go:78
[2.556ms] [rows:-] SELECT a.attname as column_name, format_type(a.atttypid, a.atttypmod) AS data_type
		FROM pg_attribute a JOIN pg_class b ON a.attrelid = b.oid AND relnamespace = (SELECT oid FROM pg_catalog.pg_namespace WHERE nspname = CURRENT_SCHEMA())
		WHERE a.attnum > 0 -- hide internal columns
		AND NOT a.attisdropped -- hide deleted columns
		AND b.relname = $1$

2025/02/13 14:39:05 /home/bryan/repos/skripsi/backend/setup/setup.go:78
[3.688ms] [rows:0] SELECT description FROM pg_catalog.pg_description WHERE objsubid = (SELECT ordinal_position FROM information_schema.columns WHERE table_schema = CURRENT_SCHEMA() AND table_name = 'reviews' AND column_name = 'id') AND objoid = (SELECT oid FROM pg_catalog.pg_class WHERE relname = 'reviews' AND relnamespace = (SELECT oid FROM pg_catalog.pg_namespace WHERE nspname = CURRENT_SCHEMA()))

2025/02/13 14:39:05 /home/bryan/repos/skripsi/backend/setup/setup.go:78
[3.748ms] [rows:0] SELECT description FROM pg_catalog.pg_description WHERE objsubid = (SELECT ordinal_position FROM information_schema.columns WHERE table_schema = CURRENT_SCHEMA() AND table_name = 'reviews' AND column_name = 'created_at') AND objoid = (SELECT oid FROM pg_catalog.pg_class WHERE relname = 'reviews' AND relnamespace = (SELECT oid FROM pg_catalog.pg_namespace WHERE nspname = CURRENT_SCHEMA()))

2025/02/13 14:39:05 /home/bryan/repos/skripsi/backend/setup/setup.go:78
[3.429ms] [rows:0] SELECT description FROM pg_catalog.pg_description WHERE objsubid = (SELECT ordinal_position FROM information_schema.columns WHERE table_schema = CURRENT_SCHEMA() AND table_name = 'reviews' AND column_name = 'updated_at') AND objoid = (SELECT oid FROM pg_catalog.pg_class WHERE relname = 'reviews' AND relnamespace = (SELECT oid FROM pg_catalog.pg_namespace WHERE nspname = CURRENT_SCHEMA()))

2025/02/13 14:39:05 /home/bryan/repos/skripsi/backend/setup/setup.go:78
[3.197ms] [rows:0] SELECT description FROM pg_catalog.pg_description WHERE objsubid = (SELECT ordinal_position FROM information_schema.columns WHERE table_schema = CURRENT_SCHEMA() AND table_name = 'reviews' AND column_name = 'deleted_at') AND objoid = (SELECT oid FROM pg_catalog.pg_class WHERE relname = 'reviews' AND relnamespace = (SELECT oid FROM pg_catalog.pg_namespace WHERE nspname = CURRENT_SCHEMA()))

2025/02/13 14:39:05 /home/bryan/repos/skripsi/backend/setup/setup.go:78
[3.272ms] [rows:0] SELECT description FROM pg_catalog.pg_description WHERE objsubid = (SELECT ordinal_position FROM information_schema.columns WHERE table_schema = CURRENT_SCHEMA() AND table_name = 'reviews' AND column_name = 'daycare_id') AND objoid = (SELECT oid FROM pg_catalog.pg_class WHERE relname = 'reviews' AND relnamespace = (SELECT oid FROM pg_catalog.pg_namespace WHERE nspname = CURRENT_SCHEMA()))

2025/02/13 14:39:05 /home/bryan/repos/skripsi/backend/setup/setup.go:78
[3.613ms] [rows:0] SELECT description FROM pg_catalog.pg_description WHERE objsubid = (SELECT ordinal_position FROM information_schema.columns WHERE table_schema = CURRENT_SCHEMA() AND table_name = 'reviews' AND column_name = 'user_id') AND objoid = (SELECT oid FROM pg_catalog.pg_class WHERE relname = 'reviews' AND relnamespace = (SELECT oid FROM pg_catalog.pg_namespace WHERE nspname = CURRENT_SCHEMA()))

2025/02/13 14:39:05 /home/bryan/repos/skripsi/backend/setup/setup.go:78
[3.949ms] [rows:0] SELECT description FROM pg_catalog.pg_description WHERE objsubid = (SELECT ordinal_position FROM information_schema.columns WHERE table_schema = CURRENT_SCHEMA() AND table_name = 'reviews' AND column_name = 'name') AND objoid = (SELECT oid FROM pg_catalog.pg_class WHERE relname = 'reviews' AND relnamespace = (SELECT oid FROM pg_catalog.pg_namespace WHERE nspname = CURRENT_SCHEMA()))

2025/02/13 14:39:05 /home/bryan/repos/skripsi/backend/setup/setup.go:78
[3.539ms] [rows:0] SELECT description FROM pg_catalog.pg_description WHERE objsubid = (SELECT ordinal_position FROM information_schema.columns WHERE table_schema = CURRENT_SCHEMA() AND table_name = 'reviews' AND column_name = 'rate') AND objoid = (SELECT oid FROM pg_catalog.pg_class WHERE relname = 'reviews' AND relnamespace = (SELECT oid FROM pg_catalog.pg_namespace WHERE nspname = CURRENT_SCHEMA()))

2025/02/13 14:39:05 /home/bryan/repos/skripsi/backend/setup/setup.go:78
[3.410ms] [rows:0] SELECT description FROM pg_catalog.pg_description WHERE objsubid = (SELECT ordinal_position FROM information_schema.columns WHERE table_schema = CURRENT_SCHEMA() AND table_name = 'reviews' AND column_name = 'description') AND objoid = (SELECT oid FROM pg_catalog.pg_class WHERE relname = 'reviews' AND relnamespace = (SELECT oid FROM pg_catalog.pg_namespace WHERE nspname = CURRENT_SCHEMA()))

2025/02/13 14:39:05 /home/bryan/repos/skripsi/backend/setup/setup.go:78
[2.767ms] [rows:1] SELECT count(*) FROM INFORMATION_SCHEMA.table_constraints WHERE table_schema = CURRENT_SCHEMA() AND table_name = 'reviews' AND constraint_name = 'fk_users_reviews'

2025/02/13 14:39:05 /home/bryan/repos/skripsi/backend/setup/setup.go:78
[2.930ms] [rows:1] SELECT count(*) FROM INFORMATION_SCHEMA.table_constraints WHERE table_schema = CURRENT_SCHEMA() AND table_name = 'reviews' AND constraint_name = 'fk_pet_daycares_reviews'

2025/02/13 14:39:05 /home/bryan/repos/skripsi/backend/setup/setup.go:78
[6.048ms] [rows:1] SELECT count(*) FROM pg_indexes WHERE tablename = 'reviews' AND indexname = 'idx_reviews_deleted_at' AND schemaname = CURRENT_SCHEMA()

2025/02/13 14:39:05 /home/bryan/repos/skripsi/backend/setup/setup.go:78
[2.495ms] [rows:1] SELECT count(*) FROM information_schema.tables WHERE table_schema = CURRENT_SCHEMA() AND table_name = 'refresh_tokens' AND table_type = 'BASE TABLE'

2025/02/13 14:39:05 /home/bryan/repos/skripsi/backend/setup/setup.go:78
[1.967ms] [rows:1] SELECT CURRENT_DATABASE()

2025/02/13 14:39:05 /home/bryan/repos/skripsi/backend/setup/setup.go:78
[8.382ms] [rows:-] SELECT c.column_name, c.is_nullable = 'YES', c.udt_name, c.character_maximum_length, c.numeric_precision, c.numeric_precision_radix, c.numeric_scale, c.datetime_precision, 8 * typlen, c.column_default, pd.description, c.identity_increment FROM information_schema.columns AS c JOIN pg_type AS pgt ON c.udt_name = pgt.typname LEFT JOIN pg_catalog.pg_description as pd ON pd.objsubid = c.ordinal_position AND pd.objoid = (SELECT oid FROM pg_catalog.pg_class WHERE relname = c.table_name AND relnamespace = (SELECT oid FROM pg_catalog.pg_namespace WHERE nspname = c.table_schema)) where table_catalog = $1$ AND table_schema = CURRENT_SCHEMA() AND table_name = $2$

2025/02/13 14:39:05 /home/bryan/repos/skripsi/backend/setup/setup.go:78
[3.539ms] [rows:-] SELECT * FROM "refresh_tokens" LIMIT $1$

2025/02/13 14:39:05 /home/bryan/repos/skripsi/backend/setup/setup.go:78
[6.756ms] [rows:-] SELECT constraint_name FROM information_schema.table_constraints tc JOIN information_schema.constraint_column_usage AS ccu USING (constraint_schema, constraint_catalog, table_name, constraint_name) JOIN information_schema.columns AS c ON c.table_schema = tc.constraint_schema AND tc.table_name = c.table_name AND ccu.column_name = c.column_name WHERE constraint_type IN ('PRIMARY KEY', 'UNIQUE') AND c.table_catalog = $1$ AND c.table_schema = CURRENT_SCHEMA() AND c.table_name = $2$ AND constraint_type = $3$

2025/02/13 14:39:05 /home/bryan/repos/skripsi/backend/setup/setup.go:78
[6.927ms] [rows:-] SELECT c.column_name, constraint_name, constraint_type FROM information_schema.table_constraints tc JOIN information_schema.constraint_column_usage AS ccu USING (constraint_schema, constraint_catalog, table_name, constraint_name) JOIN information_schema.columns AS c ON c.table_schema = tc.constraint_schema AND tc.table_name = c.table_name AND ccu.column_name = c.column_name WHERE constraint_type IN ('PRIMARY KEY', 'UNIQUE') AND c.table_catalog = $1$ AND c.table_schema = CURRENT_SCHEMA() AND c.table_name = $2$

2025/02/13 14:39:05 /home/bryan/repos/skripsi/backend/setup/setup.go:78
[2.000ms] [rows:-] SELECT a.attname as column_name, format_type(a.atttypid, a.atttypmod) AS data_type
		FROM pg_attribute a JOIN pg_class b ON a.attrelid = b.oid AND relnamespace = (SELECT oid FROM pg_catalog.pg_namespace WHERE nspname = CURRENT_SCHEMA())
		WHERE a.attnum > 0 -- hide internal columns
		AND NOT a.attisdropped -- hide deleted columns
		AND b.relname = $1$

2025/02/13 14:39:05 /home/bryan/repos/skripsi/backend/setup/setup.go:78
[3.346ms] [rows:0] SELECT description FROM pg_catalog.pg_description WHERE objsubid = (SELECT ordinal_position FROM information_schema.columns WHERE table_schema = CURRENT_SCHEMA() AND table_name = 'refresh_tokens' AND column_name = 'id') AND objoid = (SELECT oid FROM pg_catalog.pg_class WHERE relname = 'refresh_tokens' AND relnamespace = (SELECT oid FROM pg_catalog.pg_namespace WHERE nspname = CURRENT_SCHEMA()))

2025/02/13 14:39:05 /home/bryan/repos/skripsi/backend/setup/setup.go:78
[3.215ms] [rows:0] SELECT description FROM pg_catalog.pg_description WHERE objsubid = (SELECT ordinal_position FROM information_schema.columns WHERE table_schema = CURRENT_SCHEMA() AND table_name = 'refresh_tokens' AND column_name = 'created_at') AND objoid = (SELECT oid FROM pg_catalog.pg_class WHERE relname = 'refresh_tokens' AND relnamespace = (SELECT oid FROM pg_catalog.pg_namespace WHERE nspname = CURRENT_SCHEMA()))

2025/02/13 14:39:05 /home/bryan/repos/skripsi/backend/setup/setup.go:78
[3.355ms] [rows:0] SELECT description FROM pg_catalog.pg_description WHERE objsubid = (SELECT ordinal_position FROM information_schema.columns WHERE table_schema = CURRENT_SCHEMA() AND table_name = 'refresh_tokens' AND column_name = 'updated_at') AND objoid = (SELECT oid FROM pg_catalog.pg_class WHERE relname = 'refresh_tokens' AND relnamespace = (SELECT oid FROM pg_catalog.pg_namespace WHERE nspname = CURRENT_SCHEMA()))

2025/02/13 14:39:05 /home/bryan/repos/skripsi/backend/setup/setup.go:78
[3.428ms] [rows:0] SELECT description FROM pg_catalog.pg_description WHERE objsubid = (SELECT ordinal_position FROM information_schema.columns WHERE table_schema = CURRENT_SCHEMA() AND table_name = 'refresh_tokens' AND column_name = 'deleted_at') AND objoid = (SELECT oid FROM pg_catalog.pg_class WHERE relname = 'refresh_tokens' AND relnamespace = (SELECT oid FROM pg_catalog.pg_namespace WHERE nspname = CURRENT_SCHEMA()))

2025/02/13 14:39:05 /home/bryan/repos/skripsi/backend/setup/setup.go:78
[3.654ms] [rows:0] SELECT description FROM pg_catalog.pg_description WHERE objsubid = (SELECT ordinal_position FROM information_schema.columns WHERE table_schema = CURRENT_SCHEMA() AND table_name = 'refresh_tokens' AND column_name = 'user_id') AND objoid = (SELECT oid FROM pg_catalog.pg_class WHERE relname = 'refresh_tokens' AND relnamespace = (SELECT oid FROM pg_catalog.pg_namespace WHERE nspname = CURRENT_SCHEMA()))

2025/02/13 14:39:05 /home/bryan/repos/skripsi/backend/setup/setup.go:78
[3.662ms] [rows:0] SELECT description FROM pg_catalog.pg_description WHERE objsubid = (SELECT ordinal_position FROM information_schema.columns WHERE table_schema = CURRENT_SCHEMA() AND table_name = 'refresh_tokens' AND column_name = 'token') AND objoid = (SELECT oid FROM pg_catalog.pg_class WHERE relname = 'refresh_tokens' AND relnamespace = (SELECT oid FROM pg_catalog.pg_namespace WHERE nspname = CURRENT_SCHEMA()))

2025/02/13 14:39:05 /home/bryan/repos/skripsi/backend/setup/setup.go:78
[3.727ms] [rows:0] SELECT description FROM pg_catalog.pg_description WHERE objsubid = (SELECT ordinal_position FROM information_schema.columns WHERE table_schema = CURRENT_SCHEMA() AND table_name = 'refresh_tokens' AND column_name = 'expires_at') AND objoid = (SELECT oid FROM pg_catalog.pg_class WHERE relname = 'refresh_tokens' AND relnamespace = (SELECT oid FROM pg_catalog.pg_namespace WHERE nspname = CURRENT_SCHEMA()))

2025/02/13 14:39:05 /home/bryan/repos/skripsi/backend/setup/setup.go:78
[2.413ms] [rows:1] SELECT count(*) FROM pg_indexes WHERE tablename = 'refresh_tokens' AND indexname = 'idx_refresh_tokens_deleted_at' AND schemaname = CURRENT_SCHEMA()

2025/02/13 14:39:05 /home/bryan/repos/skripsi/backend/setup/setup.go:78
[2.606ms] [rows:1] SELECT count(*) FROM pg_indexes WHERE tablename = 'refresh_tokens' AND indexname = 'idx_refresh_tokens_user_id' AND schemaname = CURRENT_SCHEMA()

2025/02/13 14:39:05 /home/bryan/repos/skripsi/backend/setup/setup.go:78
[2.640ms] [rows:1] SELECT count(*) FROM information_schema.tables WHERE table_schema = CURRENT_SCHEMA() AND table_name = 'transactions' AND table_type = 'BASE TABLE'

2025/02/13 14:39:05 /home/bryan/repos/skripsi/backend/setup/setup.go:78
[1.786ms] [rows:1] SELECT CURRENT_DATABASE()

2025/02/13 14:39:05 /home/bryan/repos/skripsi/backend/setup/setup.go:78
[7.773ms] [rows:-] SELECT c.column_name, c.is_nullable = 'YES', c.udt_name, c.character_maximum_length, c.numeric_precision, c.numeric_precision_radix, c.numeric_scale, c.datetime_precision, 8 * typlen, c.column_default, pd.description, c.identity_increment FROM information_schema.columns AS c JOIN pg_type AS pgt ON c.udt_name = pgt.typname LEFT JOIN pg_catalog.pg_description as pd ON pd.objsubid = c.ordinal_position AND pd.objoid = (SELECT oid FROM pg_catalog.pg_class WHERE relname = c.table_name AND relnamespace = (SELECT oid FROM pg_catalog.pg_namespace WHERE nspname = c.table_schema)) where table_catalog = $1$ AND table_schema = CURRENT_SCHEMA() AND table_name = $2$

2025/02/13 14:39:05 /home/bryan/repos/skripsi/backend/setup/setup.go:78
[2.605ms] [rows:-] SELECT * FROM "transactions" LIMIT $1$

2025/02/13 14:39:05 /home/bryan/repos/skripsi/backend/setup/setup.go:78
[6.105ms] [rows:-] SELECT constraint_name FROM information_schema.table_constraints tc JOIN information_schema.constraint_column_usage AS ccu USING (constraint_schema, constraint_catalog, table_name, constraint_name) JOIN information_schema.columns AS c ON c.table_schema = tc.constraint_schema AND tc.table_name = c.table_name AND ccu.column_name = c.column_name WHERE constraint_type IN ('PRIMARY KEY', 'UNIQUE') AND c.table_catalog = $1$ AND c.table_schema = CURRENT_SCHEMA() AND c.table_name = $2$ AND constraint_type = $3$

2025/02/13 14:39:05 /home/bryan/repos/skripsi/backend/setup/setup.go:78
[5.636ms] [rows:-] SELECT c.column_name, constraint_name, constraint_type FROM information_schema.table_constraints tc JOIN information_schema.constraint_column_usage AS ccu USING (constraint_schema, constraint_catalog, table_name, constraint_name) JOIN information_schema.columns AS c ON c.table_schema = tc.constraint_schema AND tc.table_name = c.table_name AND ccu.column_name = c.column_name WHERE constraint_type IN ('PRIMARY KEY', 'UNIQUE') AND c.table_catalog = $1$ AND c.table_schema = CURRENT_SCHEMA() AND c.table_name = $2$

2025/02/13 14:39:05 /home/bryan/repos/skripsi/backend/setup/setup.go:78
[2.154ms] [rows:-] SELECT a.attname as column_name, format_type(a.atttypid, a.atttypmod) AS data_type
		FROM pg_attribute a JOIN pg_class b ON a.attrelid = b.oid AND relnamespace = (SELECT oid FROM pg_catalog.pg_namespace WHERE nspname = CURRENT_SCHEMA())
		WHERE a.attnum > 0 -- hide internal columns
		AND NOT a.attisdropped -- hide deleted columns
		AND b.relname = $1$

2025/02/13 14:39:05 /home/bryan/repos/skripsi/backend/setup/setup.go:78
[3.413ms] [rows:0] SELECT description FROM pg_catalog.pg_description WHERE objsubid = (SELECT ordinal_position FROM information_schema.columns WHERE table_schema = CURRENT_SCHEMA() AND table_name = 'transactions' AND column_name = 'id') AND objoid = (SELECT oid FROM pg_catalog.pg_class WHERE relname = 'transactions' AND relnamespace = (SELECT oid FROM pg_catalog.pg_namespace WHERE nspname = CURRENT_SCHEMA()))

2025/02/13 14:39:05 /home/bryan/repos/skripsi/backend/setup/setup.go:78
[3.542ms] [rows:0] SELECT description FROM pg_catalog.pg_description WHERE objsubid = (SELECT ordinal_position FROM information_schema.columns WHERE table_schema = CURRENT_SCHEMA() AND table_name = 'transactions' AND column_name = 'created_at') AND objoid = (SELECT oid FROM pg_catalog.pg_class WHERE relname = 'transactions' AND relnamespace = (SELECT oid FROM pg_catalog.pg_namespace WHERE nspname = CURRENT_SCHEMA()))

2025/02/13 14:39:05 /home/bryan/repos/skripsi/backend/setup/setup.go:78
[3.315ms] [rows:0] SELECT description FROM pg_catalog.pg_description WHERE objsubid = (SELECT ordinal_position FROM information_schema.columns WHERE table_schema = CURRENT_SCHEMA() AND table_name = 'transactions' AND column_name = 'pet_daycare_id') AND objoid = (SELECT oid FROM pg_catalog.pg_class WHERE relname = 'transactions' AND relnamespace = (SELECT oid FROM pg_catalog.pg_namespace WHERE nspname = CURRENT_SCHEMA()))

2025/02/13 14:39:05 /home/bryan/repos/skripsi/backend/setup/setup.go:78
[3.423ms] [rows:0] SELECT description FROM pg_catalog.pg_description WHERE objsubid = (SELECT ordinal_position FROM information_schema.columns WHERE table_schema = CURRENT_SCHEMA() AND table_name = 'transactions' AND column_name = 'booked_slot_id') AND objoid = (SELECT oid FROM pg_catalog.pg_class WHERE relname = 'transactions' AND relnamespace = (SELECT oid FROM pg_catalog.pg_namespace WHERE nspname = CURRENT_SCHEMA()))

2025/02/13 14:39:05 /home/bryan/repos/skripsi/backend/setup/setup.go:78
[4.638ms] [rows:0] SELECT description FROM pg_catalog.pg_description WHERE objsubid = (SELECT ordinal_position FROM information_schema.columns WHERE table_schema = CURRENT_SCHEMA() AND table_name = 'transactions' AND column_name = 'status') AND objoid = (SELECT oid FROM pg_catalog.pg_class WHERE relname = 'transactions' AND relnamespace = (SELECT oid FROM pg_catalog.pg_namespace WHERE nspname = CURRENT_SCHEMA()))

2025/02/13 14:39:05 /home/bryan/repos/skripsi/backend/setup/setup.go:78
[3.113ms] [rows:1] SELECT count(*) FROM INFORMATION_SCHEMA.table_constraints WHERE table_schema = CURRENT_SCHEMA() AND table_name = 'transactions' AND constraint_name = 'fk_transactions_pet_daycare'

2025/02/13 14:39:05 /home/bryan/repos/skripsi/backend/setup/setup.go:78
[3.144ms] [rows:1] SELECT count(*) FROM INFORMATION_SCHEMA.table_constraints WHERE table_schema = CURRENT_SCHEMA() AND table_name = 'transactions' AND constraint_name = 'fk_transactions_booked_slot'

2025/02/13 14:39:05 /home/bryan/repos/skripsi/backend/setup/setup.go:78
[2.599ms] [rows:1] SELECT count(*) FROM information_schema.tables WHERE table_schema = CURRENT_SCHEMA() AND table_name = 'reduce_slots' AND table_type = 'BASE TABLE'

2025/02/13 14:39:05 /home/bryan/repos/skripsi/backend/setup/setup.go:78
[2.069ms] [rows:1] SELECT CURRENT_DATABASE()

2025/02/13 14:39:05 /home/bryan/repos/skripsi/backend/setup/setup.go:78
[7.841ms] [rows:-] SELECT c.column_name, c.is_nullable = 'YES', c.udt_name, c.character_maximum_length, c.numeric_precision, c.numeric_precision_radix, c.numeric_scale, c.datetime_precision, 8 * typlen, c.column_default, pd.description, c.identity_increment FROM information_schema.columns AS c JOIN pg_type AS pgt ON c.udt_name = pgt.typname LEFT JOIN pg_catalog.pg_description as pd ON pd.objsubid = c.ordinal_position AND pd.objoid = (SELECT oid FROM pg_catalog.pg_class WHERE relname = c.table_name AND relnamespace = (SELECT oid FROM pg_catalog.pg_namespace WHERE nspname = c.table_schema)) where table_catalog = $1$ AND table_schema = CURRENT_SCHEMA() AND table_name = $2$

2025/02/13 14:39:05 /home/bryan/repos/skripsi/backend/setup/setup.go:78
[2.479ms] [rows:-] SELECT * FROM "reduce_slots" LIMIT $1$

2025/02/13 14:39:06 /home/bryan/repos/skripsi/backend/setup/setup.go:78
[5.574ms] [rows:-] SELECT constraint_name FROM information_schema.table_constraints tc JOIN information_schema.constraint_column_usage AS ccu USING (constraint_schema, constraint_catalog, table_name, constraint_name) JOIN information_schema.columns AS c ON c.table_schema = tc.constraint_schema AND tc.table_name = c.table_name AND ccu.column_name = c.column_name WHERE constraint_type IN ('PRIMARY KEY', 'UNIQUE') AND c.table_catalog = $1$ AND c.table_schema = CURRENT_SCHEMA() AND c.table_name = $2$ AND constraint_type = $3$

2025/02/13 14:39:06 /home/bryan/repos/skripsi/backend/setup/setup.go:78
[6.069ms] [rows:-] SELECT c.column_name, constraint_name, constraint_type FROM information_schema.table_constraints tc JOIN information_schema.constraint_column_usage AS ccu USING (constraint_schema, constraint_catalog, table_name, constraint_name) JOIN information_schema.columns AS c ON c.table_schema = tc.constraint_schema AND tc.table_name = c.table_name AND ccu.column_name = c.column_name WHERE constraint_type IN ('PRIMARY KEY', 'UNIQUE') AND c.table_catalog = $1$ AND c.table_schema = CURRENT_SCHEMA() AND c.table_name = $2$

2025/02/13 14:39:06 /home/bryan/repos/skripsi/backend/setup/setup.go:78
[2.463ms] [rows:-] SELECT a.attname as column_name, format_type(a.atttypid, a.atttypmod) AS data_type
		FROM pg_attribute a JOIN pg_class b ON a.attrelid = b.oid AND relnamespace = (SELECT oid FROM pg_catalog.pg_namespace WHERE nspname = CURRENT_SCHEMA())
		WHERE a.attnum > 0 -- hide internal columns
		AND NOT a.attisdropped -- hide deleted columns
		AND b.relname = $1$

2025/02/13 14:39:06 /home/bryan/repos/skripsi/backend/setup/setup.go:78
[3.975ms] [rows:0] SELECT description FROM pg_catalog.pg_description WHERE objsubid = (SELECT ordinal_position FROM information_schema.columns WHERE table_schema = CURRENT_SCHEMA() AND table_name = 'reduce_slots' AND column_name = 'id') AND objoid = (SELECT oid FROM pg_catalog.pg_class WHERE relname = 'reduce_slots' AND relnamespace = (SELECT oid FROM pg_catalog.pg_namespace WHERE nspname = CURRENT_SCHEMA()))

2025/02/13 14:39:06 /home/bryan/repos/skripsi/backend/setup/setup.go:78
[3.834ms] [rows:0] SELECT description FROM pg_catalog.pg_description WHERE objsubid = (SELECT ordinal_position FROM information_schema.columns WHERE table_schema = CURRENT_SCHEMA() AND table_name = 'reduce_slots' AND column_name = 'slot_id') AND objoid = (SELECT oid FROM pg_catalog.pg_class WHERE relname = 'reduce_slots' AND relnamespace = (SELECT oid FROM pg_catalog.pg_namespace WHERE nspname = CURRENT_SCHEMA()))

2025/02/13 14:39:06 /home/bryan/repos/skripsi/backend/setup/setup.go:78
[4.977ms] [rows:0] SELECT description FROM pg_catalog.pg_description WHERE objsubid = (SELECT ordinal_position FROM information_schema.columns WHERE table_schema = CURRENT_SCHEMA() AND table_name = 'reduce_slots' AND column_name = 'reduced_count') AND objoid = (SELECT oid FROM pg_catalog.pg_class WHERE relname = 'reduce_slots' AND relnamespace = (SELECT oid FROM pg_catalog.pg_namespace WHERE nspname = CURRENT_SCHEMA()))

2025/02/13 14:39:06 /home/bryan/repos/skripsi/backend/setup/setup.go:78
[3.984ms] [rows:0] SELECT description FROM pg_catalog.pg_description WHERE objsubid = (SELECT ordinal_position FROM information_schema.columns WHERE table_schema = CURRENT_SCHEMA() AND table_name = 'reduce_slots' AND column_name = 'target_date') AND objoid = (SELECT oid FROM pg_catalog.pg_class WHERE relname = 'reduce_slots' AND relnamespace = (SELECT oid FROM pg_catalog.pg_namespace WHERE nspname = CURRENT_SCHEMA()))

2025/02/13 14:39:06 /home/bryan/repos/skripsi/backend/setup/setup.go:78
[3.032ms] [rows:1] SELECT count(*) FROM information_schema.tables WHERE table_schema = CURRENT_SCHEMA() AND table_name = 'booked_slots_dailies' AND table_type = 'BASE TABLE'

2025/02/13 14:39:06 /home/bryan/repos/skripsi/backend/setup/setup.go:78
[2.411ms] [rows:1] SELECT CURRENT_DATABASE()

2025/02/13 14:39:06 /home/bryan/repos/skripsi/backend/setup/setup.go:78
[10.439ms] [rows:-] SELECT c.column_name, c.is_nullable = 'YES', c.udt_name, c.character_maximum_length, c.numeric_precision, c.numeric_precision_radix, c.numeric_scale, c.datetime_precision, 8 * typlen, c.column_default, pd.description, c.identity_increment FROM information_schema.columns AS c JOIN pg_type AS pgt ON c.udt_name = pgt.typname LEFT JOIN pg_catalog.pg_description as pd ON pd.objsubid = c.ordinal_position AND pd.objoid = (SELECT oid FROM pg_catalog.pg_class WHERE relname = c.table_name AND relnamespace = (SELECT oid FROM pg_catalog.pg_namespace WHERE nspname = c.table_schema)) where table_catalog = $1$ AND table_schema = CURRENT_SCHEMA() AND table_name = $2$

2025/02/13 14:39:06 /home/bryan/repos/skripsi/backend/setup/setup.go:78
[3.883ms] [rows:-] SELECT * FROM "booked_slots_dailies" LIMIT $1$

2025/02/13 14:39:06 /home/bryan/repos/skripsi/backend/setup/setup.go:78
[6.466ms] [rows:-] SELECT constraint_name FROM information_schema.table_constraints tc JOIN information_schema.constraint_column_usage AS ccu USING (constraint_schema, constraint_catalog, table_name, constraint_name) JOIN information_schema.columns AS c ON c.table_schema = tc.constraint_schema AND tc.table_name = c.table_name AND ccu.column_name = c.column_name WHERE constraint_type IN ('PRIMARY KEY', 'UNIQUE') AND c.table_catalog = $1$ AND c.table_schema = CURRENT_SCHEMA() AND c.table_name = $2$ AND constraint_type = $3$

2025/02/13 14:39:06 /home/bryan/repos/skripsi/backend/setup/setup.go:78
[5.993ms] [rows:-] SELECT c.column_name, constraint_name, constraint_type FROM information_schema.table_constraints tc JOIN information_schema.constraint_column_usage AS ccu USING (constraint_schema, constraint_catalog, table_name, constraint_name) JOIN information_schema.columns AS c ON c.table_schema = tc.constraint_schema AND tc.table_name = c.table_name AND ccu.column_name = c.column_name WHERE constraint_type IN ('PRIMARY KEY', 'UNIQUE') AND c.table_catalog = $1$ AND c.table_schema = CURRENT_SCHEMA() AND c.table_name = $2$

2025/02/13 14:39:06 /home/bryan/repos/skripsi/backend/setup/setup.go:78
[2.341ms] [rows:-] SELECT a.attname as column_name, format_type(a.atttypid, a.atttypmod) AS data_type
		FROM pg_attribute a JOIN pg_class b ON a.attrelid = b.oid AND relnamespace = (SELECT oid FROM pg_catalog.pg_namespace WHERE nspname = CURRENT_SCHEMA())
		WHERE a.attnum > 0 -- hide internal columns
		AND NOT a.attisdropped -- hide deleted columns
		AND b.relname = $1$

2025/02/13 14:39:06 /home/bryan/repos/skripsi/backend/setup/setup.go:78
[3.444ms] [rows:0] SELECT description FROM pg_catalog.pg_description WHERE objsubid = (SELECT ordinal_position FROM information_schema.columns WHERE table_schema = CURRENT_SCHEMA() AND table_name = 'booked_slots_dailies' AND column_name = 'id') AND objoid = (SELECT oid FROM pg_catalog.pg_class WHERE relname = 'booked_slots_dailies' AND relnamespace = (SELECT oid FROM pg_catalog.pg_namespace WHERE nspname = CURRENT_SCHEMA()))

2025/02/13 14:39:06 /home/bryan/repos/skripsi/backend/setup/setup.go:78
[3.478ms] [rows:0] SELECT description FROM pg_catalog.pg_description WHERE objsubid = (SELECT ordinal_position FROM information_schema.columns WHERE table_schema = CURRENT_SCHEMA() AND table_name = 'booked_slots_dailies' AND column_name = 'daycare_id') AND objoid = (SELECT oid FROM pg_catalog.pg_class WHERE relname = 'booked_slots_dailies' AND relnamespace = (SELECT oid FROM pg_catalog.pg_namespace WHERE nspname = CURRENT_SCHEMA()))

2025/02/13 14:39:06 /home/bryan/repos/skripsi/backend/setup/setup.go:78
[3.562ms] [rows:0] SELECT description FROM pg_catalog.pg_description WHERE objsubid = (SELECT ordinal_position FROM information_schema.columns WHERE table_schema = CURRENT_SCHEMA() AND table_name = 'booked_slots_dailies' AND column_name = 'date') AND objoid = (SELECT oid FROM pg_catalog.pg_class WHERE relname = 'booked_slots_dailies' AND relnamespace = (SELECT oid FROM pg_catalog.pg_namespace WHERE nspname = CURRENT_SCHEMA()))

2025/02/13 14:39:06 /home/bryan/repos/skripsi/backend/setup/setup.go:78
[3.775ms] [rows:0] SELECT description FROM pg_catalog.pg_description WHERE objsubid = (SELECT ordinal_position FROM information_schema.columns WHERE table_schema = CURRENT_SCHEMA() AND table_name = 'booked_slots_dailies' AND column_name = 'slot_count') AND objoid = (SELECT oid FROM pg_catalog.pg_class WHERE relname = 'booked_slots_dailies' AND relnamespace = (SELECT oid FROM pg_catalog.pg_namespace WHERE nspname = CURRENT_SCHEMA()))

2025/02/13 14:39:06 /home/bryan/repos/skripsi/backend/setup/setup.go:78
[2.854ms] [rows:1] SELECT count(*) FROM pg_indexes WHERE tablename = 'booked_slots_dailies' AND indexname = 'idx_booked_slots_dailies_date' AND schemaname = CURRENT_SCHEMA()
[GIN-debug] [WARNING] Creating an Engine instance with the Logger and Recovery middleware already attached.

[GIN-debug] [WARNING] Running in "debug" mode. Switch to "release" mode in production.
 - using env:	export GIN_MODE=release
 - using code:	gin.SetMode(gin.ReleaseMode)

[GIN-debug] GET    /assets/*filepath         --> github.com/gin-gonic/gin.(*RouterGroup).createStaticHandler.func1 (3 handlers)
[GIN-debug] HEAD   /assets/*filepath         --> github.com/gin-gonic/gin.(*RouterGroup).createStaticHandler.func1 (3 handlers)
[GIN-debug] POST   /users                    --> github.com/BryanEgbert/skripsi/controller.(*UserController).CreateUser-fm (3 handlers)
[GIN-debug] GET    /users/vets               --> github.com/BryanEgbert/skripsi/controller.(*UserController).GetVets-fm (4 handlers)
[GIN-debug] GET    /users/:id                --> github.com/BryanEgbert/skripsi/controller.(*UserController).GetUser-fm (4 handlers)
[GIN-debug] DELETE /users                    --> github.com/BryanEgbert/skripsi/controller.(*UserController).DeleteUser-fm (4 handlers)
[GIN-debug] PUT    /users                    --> github.com/BryanEgbert/skripsi/controller.(*UserController).UpdateUserProfile-fm (4 handlers)
[GIN-debug] PATCH  /users/password           --> github.com/BryanEgbert/skripsi/controller.(*UserController).UpdateUserPassword-fm (4 handlers)
[GIN-debug] POST   /login                    --> github.com/BryanEgbert/skripsi/controller.(*AuthController).Login-fm (3 handlers)
[GIN-debug] POST   /refresh                  --> github.com/BryanEgbert/skripsi/controller.(*AuthController).RefreshToken-fm (4 handlers)
[GIN-debug] GET    /pets/:id                 --> github.com/BryanEgbert/skripsi/controller.(*PetController).GetPet-fm (4 handlers)
[GIN-debug] GET    /pets                     --> github.com/BryanEgbert/skripsi/controller.(*PetController).GetPets-fm (4 handlers)
[GIN-debug] POST   /pets                     --> github.com/BryanEgbert/skripsi/controller.(*PetController).CreatePet-fm (4 handlers)
[GIN-debug] PUT    /pets/:id                 --> github.com/BryanEgbert/skripsi/controller.(*PetController).UpdatePet-fm (4 handlers)
[GIN-debug] DELETE /pets/:id                 --> github.com/BryanEgbert/skripsi/controller.(*PetController).DeletePet-fm (4 handlers)
[GIN-debug] PATCH  /daycare/slot/:slotId     --> github.com/BryanEgbert/skripsi/controller.(*PetDaycareController).EditSlotCount-fm (4 handlers)
[GIN-debug] GET    /daycare/:id/slot         --> github.com/BryanEgbert/skripsi/controller.(*PetDaycareController).GetPetDaycareSlots-fm (4 handlers)
[GIN-debug] POST   /daycare/:id/slot         --> github.com/BryanEgbert/skripsi/controller.(*PetDaycareController).CreateSlot-fm (4 handlers)
[GIN-debug] GET    /daycare/:id/review       --> github.com/BryanEgbert/skripsi/controller.(*PetDaycareController).GetReviews-fm (4 handlers)
[GIN-debug] POST   /daycare/:id/review       --> github.com/BryanEgbert/skripsi/controller.(*PetDaycareController).CreateReview-fm (4 handlers)
[GIN-debug] DELETE /daycare/:id/review       --> github.com/BryanEgbert/skripsi/controller.(*PetDaycareController).DeleteReview-fm (4 handlers)
[GIN-debug] GET    /daycare/:id              --> github.com/BryanEgbert/skripsi/controller.(*PetDaycareController).GetPetDaycare-fm (4 handlers)
[GIN-debug] GET    /daycare                  --> github.com/BryanEgbert/skripsi/controller.(*PetDaycareController).GetPetDaycares-fm (4 handlers)
[GIN-debug] POST   /daycare                  --> github.com/BryanEgbert/skripsi/controller.(*PetDaycareController).CreatePetDaycare-fm (4 handlers)
[GIN-debug] PUT    /daycare/:id              --> github.com/BryanEgbert/skripsi/controller.(*PetDaycareController).UpdatePetDaycare-fm (4 handlers)
[GIN-debug] DELETE /daycare/:id              --> github.com/BryanEgbert/skripsi/controller.(*PetDaycareController).DeletePetDaycare-fm (4 handlers)

2025/02/13 14:39:06 /home/bryan/repos/skripsi/backend/service/pet_service.go:84
[7.307ms] [rows:0] SELECT * FROM "pets" WHERE "pets"."id" = $1$ AND "pets"."deleted_at" IS NULL ORDER BY "pets"."id" LIMIT $2$
[GIN] 2025/02/13 - 14:39:06 | 404 |    8.014919ms |                 | PUT      "/pets/10000"
--- PASS: TestUpdatePet (3.49s)
    --- PASS: TestUpdatePet/On_update_pet,_should_return_204_if_pet_update_successfully (1.56s)
    --- PASS: TestUpdatePet/On_update_pet,_should_return_404_when_pet_ID_doesn't_exists_in_DB (1.93s)
=== RUN   TestDeletePet
=== RUN   TestDeletePet/On_delete_pet,_should_return_204_when_pet_ID_exists_in_DB

2025/02/13 14:39:06 /home/bryan/repos/skripsi/backend/setup/setup.go:60
[369.543ms] [rows:0] TRUNCATE TABLE users, vet_specialties, user_vet_specialties, pet_daycares, pets, size_categories, roles, slots, booked_slots, thumbnails, species, reviews, refresh_tokens, transactions, daily_walks, daily_playtimes, reduce_slots RESTART IDENTITY CASCADE;

2025/02/13 14:39:06 /home/bryan/repos/skripsi/backend/seeder/seeder.go:18
[15.980ms] [rows:3] INSERT INTO "roles" ("name","id") VALUES ($1$,$2$),($3$,$4$),($5$,$6$) RETURNING "id"

2025/02/13 14:39:06 /home/bryan/repos/skripsi/backend/seeder/seeder.go:29
[12.724ms] [rows:4] INSERT INTO "daily_walks" ("name","id") VALUES ($1$,$2$),($3$,$4$),($5$,$6$),($7$,$8$) RETURNING "id"

2025/02/13 14:39:06 /home/bryan/repos/skripsi/backend/seeder/seeder.go:39
[11.653ms] [rows:4] INSERT INTO "daily_playtimes" ("name","id") VALUES ($1$,$2$),($3$,$4$),($5$,$6$),($7$,$8$) RETURNING "id"

2025/02/13 14:39:06 /home/bryan/repos/skripsi/backend/seeder/seeder.go:61
[12.214ms] [rows:17] INSERT INTO "vet_specialties" ("name") VALUES ($1$),($2$),($3$),($4$),($5$),($6$),($7$),($8$),($9$),($10$),($11$),($12$),($13$),($14$),($15$),($16$),($17$) RETURNING "id"

2025/02/13 14:39:06 /home/bryan/repos/skripsi/backend/seeder/seeder.go:71
[10.978ms] [rows:3] INSERT INTO "species" ("name") VALUES ($1$),($2$),($3$) RETURNING "id"

2025/02/13 14:39:06 /home/bryan/repos/skripsi/backend/seeder/seeder.go:83
[11.688ms] [rows:5] INSERT INTO "size_categories" ("name","min_weight","max_weight") VALUES ($1$,$2$,$3$),($4$,$5$,$6$),($7$,$8$,$9$),($10$,$11$,$12$),($13$,$14$,$15$) RETURNING "id"

2025/02/13 14:39:06 /home/bryan/repos/skripsi/backend/seeder/seeder.go:106
[2.258ms] [rows:0] INSERT INTO "vet_specialties" ("name","id") VALUES ($1$,$2$),($3$,$4$),($5$,$6$) ON CONFLICT DO NOTHING RETURNING "id"

2025/02/13 14:39:06 /home/bryan/repos/skripsi/backend/seeder/seeder.go:106
[3.419ms] [rows:3] INSERT INTO "user_vet_specialties" ("user_id","vet_specialty_id") VALUES ($1$,$2$),($3$,$4$),($5$,$6$) ON CONFLICT DO NOTHING

2025/02/13 14:39:06 /home/bryan/repos/skripsi/backend/seeder/seeder.go:106
[13.677ms] [rows:6] INSERT INTO "users" ("created_at","updated_at","deleted_at","name","email","password","role_id","image_url") VALUES ($1$,$2$,$3$,$4$,$5$,$6$,$7$,$8$),($9$,$10$,$11$,$12$,$13$,$14$,$15$,$16$),($17$,$18$,$19$,$20$,$21$,$22$,$23$,$24$),($25$,$26$,$27$,$28$,$29$,$30$,$31$,$32$),($33$,$34$,$35$,$36$,$37$,$38$,$39$,DEFAULT),($40$,$41$,$42$,$43$,$44$,$45$,$46$,$47$) RETURNING "id","image_url"

2025/02/13 14:39:06 /home/bryan/repos/skripsi/backend/seeder/seeder.go:148
[1.782ms] [rows:0] INSERT INTO "daily_walks" ("name","id") VALUES ($1$,$2$) ON CONFLICT DO NOTHING RETURNING "id"

2025/02/13 14:39:06 /home/bryan/repos/skripsi/backend/seeder/seeder.go:148
[1.772ms] [rows:0] INSERT INTO "daily_playtimes" ("name","id") VALUES ($1$,$2$),($3$,$4$) ON CONFLICT DO NOTHING RETURNING "id"

2025/02/13 14:39:06 /home/bryan/repos/skripsi/backend/seeder/seeder.go:148
[10.586ms] [rows:3] INSERT INTO "pet_daycares" ("created_at","updated_at","deleted_at","name","address","latitude","longitude","price","pricing_type","description","has_pickup_service","must_be_vaccinated","food_provided","grooming_available","booked_num","daily_walks_id","daily_playtime_id","owner_id","food_brand") VALUES ($1$,$2$,$3$,$4$,$5$,$6$,$7$,$8$,$9$,$10$,$11$,$12$,$13$,$14$,$15$,$16$,$17$,$18$,$19$),($20$,$21$,$22$,$23$,$24$,$25$,$26$,$27$,$28$,$29$,$30$,$31$,$32$,$33$,$34$,$35$,$36$,$37$,$38$),($39$,$40$,$41$,$42$,$43$,$44$,$45$,$46$,$47$,$48$,$49$,$50$,$51$,$52$,$53$,$54$,$55$,$56$,$57$) RETURNING "id"

2025/02/13 14:39:06 /home/bryan/repos/skripsi/backend/seeder/seeder.go:158
[5.695ms] [rows:3] INSERT INTO "slots" ("created_at","updated_at","deleted_at","daycare_id","species_id","size_category_id","max_number") VALUES ($1$,$2$,$3$,$4$,$5$,$6$,$7$),($8$,$9$,$10$,$11$,$12$,$13$,$14$),($15$,$16$,$17$,$18$,$19$,$20$,$21$) RETURNING "id"

2025/02/13 14:39:06 /home/bryan/repos/skripsi/backend/seeder/seeder.go:172
[7.259ms] [rows:2] INSERT INTO "pets" ("created_at","updated_at","deleted_at","name","image_url","status","owner_id","species_id","size_id") VALUES ($1$,$2$,$3$,$4$,$5$,$6$,$7$,$8$,$9$),($10$,$11$,$12$,$13$,$14$,$15$,$16$,$17$,$18$) RETURNING "id"

2025/02/13 14:39:06 /home/bryan/repos/skripsi/backend/seeder/seeder.go:189
[5.855ms] [rows:2] INSERT INTO "booked_slots" ("created_at","updated_at","deleted_at","user_id","daycare_id","pet_id","start_date","end_date") VALUES ($1$,$2$,$3$,$4$,$5$,$6$,$7$,$8$),($9$,$10$,$11$,$12$,$13$,$14$,$15$,$16$) RETURNING "id"

2025/02/13 14:39:06 /home/bryan/repos/skripsi/backend/seeder/seeder.go:205
[5.787ms] [rows:3] INSERT INTO "reviews" ("created_at","updated_at","deleted_at","daycare_id","user_id","name","rate","description") VALUES ($1$,$2$,$3$,$4$,$5$,$6$,$7$,$8$),($9$,$10$,$11$,$12$,$13$,$14$,$15$,$16$),($17$,$18$,$19$,$20$,$21$,$22$,$23$,$24$) RETURNING "id"

2025/02/13 14:39:06 /home/bryan/repos/skripsi/backend/seeder/seeder.go:213
[4.696ms] [rows:1] INSERT INTO "reduce_slots" ("slot_id","reduced_count","target_date") VALUES ($1$,$2$,$3$) RETURNING "id"

2025/02/13 14:39:06 /home/bryan/repos/skripsi/backend/seeder/seeder.go:222
[5.308ms] [rows:2] INSERT INTO "thumbnails" ("daycare_id","image_url") VALUES ($1$,$2$),($3$,$4$) RETURNING "id"

2025/02/13 14:39:06 /home/bryan/repos/skripsi/backend/seeder/seeder.go:230
[6.043ms] [rows:1] INSERT INTO "transactions" ("pet_daycare_id","booked_slot_id","status") VALUES ($1$,$2$,$3$) RETURNING "created_at","id"

2025/02/13 14:39:06 /home/bryan/repos/skripsi/backend/setup/setup.go:78
[14.675ms] [rows:1] SELECT count(*) FROM information_schema.tables WHERE table_schema = CURRENT_SCHEMA() AND table_name = 'roles' AND table_type = 'BASE TABLE'

2025/02/13 14:39:06 /home/bryan/repos/skripsi/backend/setup/setup.go:78
[1.732ms] [rows:1] SELECT CURRENT_DATABASE()

2025/02/13 14:39:06 /home/bryan/repos/skripsi/backend/setup/setup.go:78
[31.485ms] [rows:-] SELECT c.column_name, c.is_nullable = 'YES', c.udt_name, c.character_maximum_length, c.numeric_precision, c.numeric_precision_radix, c.numeric_scale, c.datetime_precision, 8 * typlen, c.column_default, pd.description, c.identity_increment FROM information_schema.columns AS c JOIN pg_type AS pgt ON c.udt_name = pgt.typname LEFT JOIN pg_catalog.pg_description as pd ON pd.objsubid = c.ordinal_position AND pd.objoid = (SELECT oid FROM pg_catalog.pg_class WHERE relname = c.table_name AND relnamespace = (SELECT oid FROM pg_catalog.pg_namespace WHERE nspname = c.table_schema)) where table_catalog = $1$ AND table_schema = CURRENT_SCHEMA() AND table_name = $2$

2025/02/13 14:39:06 /home/bryan/repos/skripsi/backend/setup/setup.go:78
[0.945ms] [rows:-] SELECT * FROM "roles" LIMIT $1$

2025/02/13 14:39:06 /home/bryan/repos/skripsi/backend/setup/setup.go:78
[23.843ms] [rows:-] SELECT constraint_name FROM information_schema.table_constraints tc JOIN information_schema.constraint_column_usage AS ccu USING (constraint_schema, constraint_catalog, table_name, constraint_name) JOIN information_schema.columns AS c ON c.table_schema = tc.constraint_schema AND tc.table_name = c.table_name AND ccu.column_name = c.column_name WHERE constraint_type IN ('PRIMARY KEY', 'UNIQUE') AND c.table_catalog = $1$ AND c.table_schema = CURRENT_SCHEMA() AND c.table_name = $2$ AND constraint_type = $3$

2025/02/13 14:39:06 /home/bryan/repos/skripsi/backend/setup/setup.go:78
[19.451ms] [rows:-] SELECT c.column_name, constraint_name, constraint_type FROM information_schema.table_constraints tc JOIN information_schema.constraint_column_usage AS ccu USING (constraint_schema, constraint_catalog, table_name, constraint_name) JOIN information_schema.columns AS c ON c.table_schema = tc.constraint_schema AND tc.table_name = c.table_name AND ccu.column_name = c.column_name WHERE constraint_type IN ('PRIMARY KEY', 'UNIQUE') AND c.table_catalog = $1$ AND c.table_schema = CURRENT_SCHEMA() AND c.table_name = $2$

2025/02/13 14:39:06 /home/bryan/repos/skripsi/backend/setup/setup.go:78
[2.683ms] [rows:-] SELECT a.attname as column_name, format_type(a.atttypid, a.atttypmod) AS data_type
		FROM pg_attribute a JOIN pg_class b ON a.attrelid = b.oid AND relnamespace = (SELECT oid FROM pg_catalog.pg_namespace WHERE nspname = CURRENT_SCHEMA())
		WHERE a.attnum > 0 -- hide internal columns
		AND NOT a.attisdropped -- hide deleted columns
		AND b.relname = $1$

2025/02/13 14:39:06 /home/bryan/repos/skripsi/backend/setup/setup.go:78
[6.929ms] [rows:0] SELECT description FROM pg_catalog.pg_description WHERE objsubid = (SELECT ordinal_position FROM information_schema.columns WHERE table_schema = CURRENT_SCHEMA() AND table_name = 'roles' AND column_name = 'id') AND objoid = (SELECT oid FROM pg_catalog.pg_class WHERE relname = 'roles' AND relnamespace = (SELECT oid FROM pg_catalog.pg_namespace WHERE nspname = CURRENT_SCHEMA()))

2025/02/13 14:39:06 /home/bryan/repos/skripsi/backend/setup/setup.go:78
[5.279ms] [rows:0] SELECT description FROM pg_catalog.pg_description WHERE objsubid = (SELECT ordinal_position FROM information_schema.columns WHERE table_schema = CURRENT_SCHEMA() AND table_name = 'roles' AND column_name = 'name') AND objoid = (SELECT oid FROM pg_catalog.pg_class WHERE relname = 'roles' AND relnamespace = (SELECT oid FROM pg_catalog.pg_namespace WHERE nspname = CURRENT_SCHEMA()))

2025/02/13 14:39:06 /home/bryan/repos/skripsi/backend/setup/setup.go:78
[2.109ms] [rows:1] SELECT count(*) FROM information_schema.tables WHERE table_schema = CURRENT_SCHEMA() AND table_name = 'users' AND table_type = 'BASE TABLE'

2025/02/13 14:39:06 /home/bryan/repos/skripsi/backend/setup/setup.go:78
[0.782ms] [rows:1] SELECT CURRENT_DATABASE()

2025/02/13 14:39:06 /home/bryan/repos/skripsi/backend/setup/setup.go:78
[11.413ms] [rows:-] SELECT c.column_name, c.is_nullable = 'YES', c.udt_name, c.character_maximum_length, c.numeric_precision, c.numeric_precision_radix, c.numeric_scale, c.datetime_precision, 8 * typlen, c.column_default, pd.description, c.identity_increment FROM information_schema.columns AS c JOIN pg_type AS pgt ON c.udt_name = pgt.typname LEFT JOIN pg_catalog.pg_description as pd ON pd.objsubid = c.ordinal_position AND pd.objoid = (SELECT oid FROM pg_catalog.pg_class WHERE relname = c.table_name AND relnamespace = (SELECT oid FROM pg_catalog.pg_namespace WHERE nspname = c.table_schema)) where table_catalog = $1$ AND table_schema = CURRENT_SCHEMA() AND table_name = $2$

2025/02/13 14:39:06 /home/bryan/repos/skripsi/backend/setup/setup.go:78
[0.958ms] [rows:-] SELECT * FROM "users" LIMIT $1$

2025/02/13 14:39:06 /home/bryan/repos/skripsi/backend/setup/setup.go:78
[18.219ms] [rows:-] SELECT constraint_name FROM information_schema.table_constraints tc JOIN information_schema.constraint_column_usage AS ccu USING (constraint_schema, constraint_catalog, table_name, constraint_name) JOIN information_schema.columns AS c ON c.table_schema = tc.constraint_schema AND tc.table_name = c.table_name AND ccu.column_name = c.column_name WHERE constraint_type IN ('PRIMARY KEY', 'UNIQUE') AND c.table_catalog = $1$ AND c.table_schema = CURRENT_SCHEMA() AND c.table_name = $2$ AND constraint_type = $3$

2025/02/13 14:39:06 /home/bryan/repos/skripsi/backend/setup/setup.go:78
[17.786ms] [rows:-] SELECT c.column_name, constraint_name, constraint_type FROM information_schema.table_constraints tc JOIN information_schema.constraint_column_usage AS ccu USING (constraint_schema, constraint_catalog, table_name, constraint_name) JOIN information_schema.columns AS c ON c.table_schema = tc.constraint_schema AND tc.table_name = c.table_name AND ccu.column_name = c.column_name WHERE constraint_type IN ('PRIMARY KEY', 'UNIQUE') AND c.table_catalog = $1$ AND c.table_schema = CURRENT_SCHEMA() AND c.table_name = $2$

2025/02/13 14:39:06 /home/bryan/repos/skripsi/backend/setup/setup.go:78
[1.592ms] [rows:-] SELECT a.attname as column_name, format_type(a.atttypid, a.atttypmod) AS data_type
		FROM pg_attribute a JOIN pg_class b ON a.attrelid = b.oid AND relnamespace = (SELECT oid FROM pg_catalog.pg_namespace WHERE nspname = CURRENT_SCHEMA())
		WHERE a.attnum > 0 -- hide internal columns
		AND NOT a.attisdropped -- hide deleted columns
		AND b.relname = $1$

2025/02/13 14:39:06 /home/bryan/repos/skripsi/backend/setup/setup.go:78
[5.258ms] [rows:0] SELECT description FROM pg_catalog.pg_description WHERE objsubid = (SELECT ordinal_position FROM information_schema.columns WHERE table_schema = CURRENT_SCHEMA() AND table_name = 'users' AND column_name = 'id') AND objoid = (SELECT oid FROM pg_catalog.pg_class WHERE relname = 'users' AND relnamespace = (SELECT oid FROM pg_catalog.pg_namespace WHERE nspname = CURRENT_SCHEMA()))

2025/02/13 14:39:06 /home/bryan/repos/skripsi/backend/setup/setup.go:78
[5.386ms] [rows:0] SELECT description FROM pg_catalog.pg_description WHERE objsubid = (SELECT ordinal_position FROM information_schema.columns WHERE table_schema = CURRENT_SCHEMA() AND table_name = 'users' AND column_name = 'created_at') AND objoid = (SELECT oid FROM pg_catalog.pg_class WHERE relname = 'users' AND relnamespace = (SELECT oid FROM pg_catalog.pg_namespace WHERE nspname = CURRENT_SCHEMA()))

2025/02/13 14:39:06 /home/bryan/repos/skripsi/backend/setup/setup.go:78
[5.229ms] [rows:0] SELECT description FROM pg_catalog.pg_description WHERE objsubid = (SELECT ordinal_position FROM information_schema.columns WHERE table_schema = CURRENT_SCHEMA() AND table_name = 'users' AND column_name = 'updated_at') AND objoid = (SELECT oid FROM pg_catalog.pg_class WHERE relname = 'users' AND relnamespace = (SELECT oid FROM pg_catalog.pg_namespace WHERE nspname = CURRENT_SCHEMA()))

2025/02/13 14:39:06 /home/bryan/repos/skripsi/backend/setup/setup.go:78
[5.144ms] [rows:0] SELECT description FROM pg_catalog.pg_description WHERE objsubid = (SELECT ordinal_position FROM information_schema.columns WHERE table_schema = CURRENT_SCHEMA() AND table_name = 'users' AND column_name = 'deleted_at') AND objoid = (SELECT oid FROM pg_catalog.pg_class WHERE relname = 'users' AND relnamespace = (SELECT oid FROM pg_catalog.pg_namespace WHERE nspname = CURRENT_SCHEMA()))

2025/02/13 14:39:06 /home/bryan/repos/skripsi/backend/setup/setup.go:78
[1.480ms] [rows:0] SELECT description FROM pg_catalog.pg_description WHERE objsubid = (SELECT ordinal_position FROM information_schema.columns WHERE table_schema = CURRENT_SCHEMA() AND table_name = 'users' AND column_name = 'name') AND objoid = (SELECT oid FROM pg_catalog.pg_class WHERE relname = 'users' AND relnamespace = (SELECT oid FROM pg_catalog.pg_namespace WHERE nspname = CURRENT_SCHEMA()))

2025/02/13 14:39:06 /home/bryan/repos/skripsi/backend/setup/setup.go:78
[1.409ms] [rows:0] SELECT description FROM pg_catalog.pg_description WHERE objsubid = (SELECT ordinal_position FROM information_schema.columns WHERE table_schema = CURRENT_SCHEMA() AND table_name = 'users' AND column_name = 'email') AND objoid = (SELECT oid FROM pg_catalog.pg_class WHERE relname = 'users' AND relnamespace = (SELECT oid FROM pg_catalog.pg_namespace WHERE nspname = CURRENT_SCHEMA()))

2025/02/13 14:39:06 /home/bryan/repos/skripsi/backend/setup/setup.go:78
[1.459ms] [rows:0] SELECT description FROM pg_catalog.pg_description WHERE objsubid = (SELECT ordinal_position FROM information_schema.columns WHERE table_schema = CURRENT_SCHEMA() AND table_name = 'users' AND column_name = 'password') AND objoid = (SELECT oid FROM pg_catalog.pg_class WHERE relname = 'users' AND relnamespace = (SELECT oid FROM pg_catalog.pg_namespace WHERE nspname = CURRENT_SCHEMA()))

2025/02/13 14:39:06 /home/bryan/repos/skripsi/backend/setup/setup.go:78
[1.411ms] [rows:0] SELECT description FROM pg_catalog.pg_description WHERE objsubid = (SELECT ordinal_position FROM information_schema.columns WHERE table_schema = CURRENT_SCHEMA() AND table_name = 'users' AND column_name = 'image_url') AND objoid = (SELECT oid FROM pg_catalog.pg_class WHERE relname = 'users' AND relnamespace = (SELECT oid FROM pg_catalog.pg_namespace WHERE nspname = CURRENT_SCHEMA()))

2025/02/13 14:39:06 /home/bryan/repos/skripsi/backend/setup/setup.go:78
[1.382ms] [rows:0] SELECT description FROM pg_catalog.pg_description WHERE objsubid = (SELECT ordinal_position FROM information_schema.columns WHERE table_schema = CURRENT_SCHEMA() AND table_name = 'users' AND column_name = 'role_id') AND objoid = (SELECT oid FROM pg_catalog.pg_class WHERE relname = 'users' AND relnamespace = (SELECT oid FROM pg_catalog.pg_namespace WHERE nspname = CURRENT_SCHEMA()))

2025/02/13 14:39:06 /home/bryan/repos/skripsi/backend/setup/setup.go:78
[4.938ms] [rows:1] SELECT count(*) FROM INFORMATION_SCHEMA.table_constraints WHERE table_schema = CURRENT_SCHEMA() AND table_name = 'users' AND constraint_name = 'fk_roles_users'

2025/02/13 14:39:06 /home/bryan/repos/skripsi/backend/setup/setup.go:78
[6.467ms] [rows:1] SELECT count(*) FROM pg_indexes WHERE tablename = 'users' AND indexname = 'idx_users_deleted_at' AND schemaname = CURRENT_SCHEMA()

2025/02/13 14:39:06 /home/bryan/repos/skripsi/backend/setup/setup.go:78
[2.272ms] [rows:1] SELECT count(*) FROM information_schema.tables WHERE table_schema = CURRENT_SCHEMA() AND table_name = 'vet_specialties' AND table_type = 'BASE TABLE'

2025/02/13 14:39:06 /home/bryan/repos/skripsi/backend/setup/setup.go:78
[0.835ms] [rows:1] SELECT CURRENT_DATABASE()

2025/02/13 14:39:07 /home/bryan/repos/skripsi/backend/setup/setup.go:78
[11.285ms] [rows:-] SELECT c.column_name, c.is_nullable = 'YES', c.udt_name, c.character_maximum_length, c.numeric_precision, c.numeric_precision_radix, c.numeric_scale, c.datetime_precision, 8 * typlen, c.column_default, pd.description, c.identity_increment FROM information_schema.columns AS c JOIN pg_type AS pgt ON c.udt_name = pgt.typname LEFT JOIN pg_catalog.pg_description as pd ON pd.objsubid = c.ordinal_position AND pd.objoid = (SELECT oid FROM pg_catalog.pg_class WHERE relname = c.table_name AND relnamespace = (SELECT oid FROM pg_catalog.pg_namespace WHERE nspname = c.table_schema)) where table_catalog = $1$ AND table_schema = CURRENT_SCHEMA() AND table_name = $2$

2025/02/13 14:39:07 /home/bryan/repos/skripsi/backend/setup/setup.go:78
[0.940ms] [rows:-] SELECT * FROM "vet_specialties" LIMIT $1$

2025/02/13 14:39:07 /home/bryan/repos/skripsi/backend/setup/setup.go:78
[16.491ms] [rows:-] SELECT constraint_name FROM information_schema.table_constraints tc JOIN information_schema.constraint_column_usage AS ccu USING (constraint_schema, constraint_catalog, table_name, constraint_name) JOIN information_schema.columns AS c ON c.table_schema = tc.constraint_schema AND tc.table_name = c.table_name AND ccu.column_name = c.column_name WHERE constraint_type IN ('PRIMARY KEY', 'UNIQUE') AND c.table_catalog = $1$ AND c.table_schema = CURRENT_SCHEMA() AND c.table_name = $2$ AND constraint_type = $3$

2025/02/13 14:39:07 /home/bryan/repos/skripsi/backend/setup/setup.go:78
[15.233ms] [rows:-] SELECT c.column_name, constraint_name, constraint_type FROM information_schema.table_constraints tc JOIN information_schema.constraint_column_usage AS ccu USING (constraint_schema, constraint_catalog, table_name, constraint_name) JOIN information_schema.columns AS c ON c.table_schema = tc.constraint_schema AND tc.table_name = c.table_name AND ccu.column_name = c.column_name WHERE constraint_type IN ('PRIMARY KEY', 'UNIQUE') AND c.table_catalog = $1$ AND c.table_schema = CURRENT_SCHEMA() AND c.table_name = $2$

2025/02/13 14:39:07 /home/bryan/repos/skripsi/backend/setup/setup.go:78
[1.632ms] [rows:-] SELECT a.attname as column_name, format_type(a.atttypid, a.atttypmod) AS data_type
		FROM pg_attribute a JOIN pg_class b ON a.attrelid = b.oid AND relnamespace = (SELECT oid FROM pg_catalog.pg_namespace WHERE nspname = CURRENT_SCHEMA())
		WHERE a.attnum > 0 -- hide internal columns
		AND NOT a.attisdropped -- hide deleted columns
		AND b.relname = $1$

2025/02/13 14:39:07 /home/bryan/repos/skripsi/backend/setup/setup.go:78
[1.409ms] [rows:0] SELECT description FROM pg_catalog.pg_description WHERE objsubid = (SELECT ordinal_position FROM information_schema.columns WHERE table_schema = CURRENT_SCHEMA() AND table_name = 'vet_specialties' AND column_name = 'id') AND objoid = (SELECT oid FROM pg_catalog.pg_class WHERE relname = 'vet_specialties' AND relnamespace = (SELECT oid FROM pg_catalog.pg_namespace WHERE nspname = CURRENT_SCHEMA()))

2025/02/13 14:39:07 /home/bryan/repos/skripsi/backend/setup/setup.go:78
[1.406ms] [rows:0] SELECT description FROM pg_catalog.pg_description WHERE objsubid = (SELECT ordinal_position FROM information_schema.columns WHERE table_schema = CURRENT_SCHEMA() AND table_name = 'vet_specialties' AND column_name = 'name') AND objoid = (SELECT oid FROM pg_catalog.pg_class WHERE relname = 'vet_specialties' AND relnamespace = (SELECT oid FROM pg_catalog.pg_namespace WHERE nspname = CURRENT_SCHEMA()))

2025/02/13 14:39:07 /home/bryan/repos/skripsi/backend/setup/setup.go:78
[2.451ms] [rows:1] SELECT count(*) FROM information_schema.tables WHERE table_schema = CURRENT_SCHEMA() AND table_name = 'user_vet_specialties' AND table_type = 'BASE TABLE'

2025/02/13 14:39:07 /home/bryan/repos/skripsi/backend/setup/setup.go:78
[4.272ms] [rows:1] SELECT CURRENT_DATABASE()

2025/02/13 14:39:07 /home/bryan/repos/skripsi/backend/setup/setup.go:78
[11.084ms] [rows:-] SELECT c.column_name, c.is_nullable = 'YES', c.udt_name, c.character_maximum_length, c.numeric_precision, c.numeric_precision_radix, c.numeric_scale, c.datetime_precision, 8 * typlen, c.column_default, pd.description, c.identity_increment FROM information_schema.columns AS c JOIN pg_type AS pgt ON c.udt_name = pgt.typname LEFT JOIN pg_catalog.pg_description as pd ON pd.objsubid = c.ordinal_position AND pd.objoid = (SELECT oid FROM pg_catalog.pg_class WHERE relname = c.table_name AND relnamespace = (SELECT oid FROM pg_catalog.pg_namespace WHERE nspname = c.table_schema)) where table_catalog = $1$ AND table_schema = CURRENT_SCHEMA() AND table_name = $2$

2025/02/13 14:39:07 /home/bryan/repos/skripsi/backend/setup/setup.go:78
[1.003ms] [rows:-] SELECT * FROM "user_vet_specialties" LIMIT $1$

2025/02/13 14:39:07 /home/bryan/repos/skripsi/backend/setup/setup.go:78
[15.437ms] [rows:-] SELECT constraint_name FROM information_schema.table_constraints tc JOIN information_schema.constraint_column_usage AS ccu USING (constraint_schema, constraint_catalog, table_name, constraint_name) JOIN information_schema.columns AS c ON c.table_schema = tc.constraint_schema AND tc.table_name = c.table_name AND ccu.column_name = c.column_name WHERE constraint_type IN ('PRIMARY KEY', 'UNIQUE') AND c.table_catalog = $1$ AND c.table_schema = CURRENT_SCHEMA() AND c.table_name = $2$ AND constraint_type = $3$

2025/02/13 14:39:07 /home/bryan/repos/skripsi/backend/setup/setup.go:78
[16.053ms] [rows:-] SELECT c.column_name, constraint_name, constraint_type FROM information_schema.table_constraints tc JOIN information_schema.constraint_column_usage AS ccu USING (constraint_schema, constraint_catalog, table_name, constraint_name) JOIN information_schema.columns AS c ON c.table_schema = tc.constraint_schema AND tc.table_name = c.table_name AND ccu.column_name = c.column_name WHERE constraint_type IN ('PRIMARY KEY', 'UNIQUE') AND c.table_catalog = $1$ AND c.table_schema = CURRENT_SCHEMA() AND c.table_name = $2$

2025/02/13 14:39:07 /home/bryan/repos/skripsi/backend/setup/setup.go:78
[1.658ms] [rows:-] SELECT a.attname as column_name, format_type(a.atttypid, a.atttypmod) AS data_type
		FROM pg_attribute a JOIN pg_class b ON a.attrelid = b.oid AND relnamespace = (SELECT oid FROM pg_catalog.pg_namespace WHERE nspname = CURRENT_SCHEMA())
		WHERE a.attnum > 0 -- hide internal columns
		AND NOT a.attisdropped -- hide deleted columns
		AND b.relname = $1$

2025/02/13 14:39:07 /home/bryan/repos/skripsi/backend/setup/setup.go:78
[1.574ms] [rows:0] SELECT description FROM pg_catalog.pg_description WHERE objsubid = (SELECT ordinal_position FROM information_schema.columns WHERE table_schema = CURRENT_SCHEMA() AND table_name = 'user_vet_specialties' AND column_name = 'user_id') AND objoid = (SELECT oid FROM pg_catalog.pg_class WHERE relname = 'user_vet_specialties' AND relnamespace = (SELECT oid FROM pg_catalog.pg_namespace WHERE nspname = CURRENT_SCHEMA()))

2025/02/13 14:39:07 /home/bryan/repos/skripsi/backend/setup/setup.go:78
[1.500ms] [rows:0] SELECT description FROM pg_catalog.pg_description WHERE objsubid = (SELECT ordinal_position FROM information_schema.columns WHERE table_schema = CURRENT_SCHEMA() AND table_name = 'user_vet_specialties' AND column_name = 'vet_specialty_id') AND objoid = (SELECT oid FROM pg_catalog.pg_class WHERE relname = 'user_vet_specialties' AND relnamespace = (SELECT oid FROM pg_catalog.pg_namespace WHERE nspname = CURRENT_SCHEMA()))

2025/02/13 14:39:07 /home/bryan/repos/skripsi/backend/setup/setup.go:78
[3.638ms] [rows:1] SELECT count(*) FROM INFORMATION_SCHEMA.table_constraints WHERE table_schema = CURRENT_SCHEMA() AND table_name = 'user_vet_specialties' AND constraint_name = 'fk_user_vet_specialties_user'

2025/02/13 14:39:07 /home/bryan/repos/skripsi/backend/setup/setup.go:78
[3.672ms] [rows:1] SELECT count(*) FROM INFORMATION_SCHEMA.table_constraints WHERE table_schema = CURRENT_SCHEMA() AND table_name = 'user_vet_specialties' AND constraint_name = 'fk_user_vet_specialties_vet_specialty'

2025/02/13 14:39:07 /home/bryan/repos/skripsi/backend/setup/setup.go:78
[2.013ms] [rows:1] SELECT count(*) FROM information_schema.tables WHERE table_schema = CURRENT_SCHEMA() AND table_name = 'daily_walks' AND table_type = 'BASE TABLE'

2025/02/13 14:39:07 /home/bryan/repos/skripsi/backend/setup/setup.go:78
[0.744ms] [rows:1] SELECT CURRENT_DATABASE()

2025/02/13 14:39:07 /home/bryan/repos/skripsi/backend/setup/setup.go:78
[10.982ms] [rows:-] SELECT c.column_name, c.is_nullable = 'YES', c.udt_name, c.character_maximum_length, c.numeric_precision, c.numeric_precision_radix, c.numeric_scale, c.datetime_precision, 8 * typlen, c.column_default, pd.description, c.identity_increment FROM information_schema.columns AS c JOIN pg_type AS pgt ON c.udt_name = pgt.typname LEFT JOIN pg_catalog.pg_description as pd ON pd.objsubid = c.ordinal_position AND pd.objoid = (SELECT oid FROM pg_catalog.pg_class WHERE relname = c.table_name AND relnamespace = (SELECT oid FROM pg_catalog.pg_namespace WHERE nspname = c.table_schema)) where table_catalog = $1$ AND table_schema = CURRENT_SCHEMA() AND table_name = $2$

2025/02/13 14:39:07 /home/bryan/repos/skripsi/backend/setup/setup.go:78
[0.972ms] [rows:-] SELECT * FROM "daily_walks" LIMIT $1$

2025/02/13 14:39:07 /home/bryan/repos/skripsi/backend/setup/setup.go:78
[22.006ms] [rows:-] SELECT constraint_name FROM information_schema.table_constraints tc JOIN information_schema.constraint_column_usage AS ccu USING (constraint_schema, constraint_catalog, table_name, constraint_name) JOIN information_schema.columns AS c ON c.table_schema = tc.constraint_schema AND tc.table_name = c.table_name AND ccu.column_name = c.column_name WHERE constraint_type IN ('PRIMARY KEY', 'UNIQUE') AND c.table_catalog = $1$ AND c.table_schema = CURRENT_SCHEMA() AND c.table_name = $2$ AND constraint_type = $3$

2025/02/13 14:39:07 /home/bryan/repos/skripsi/backend/setup/setup.go:78
[17.046ms] [rows:-] SELECT c.column_name, constraint_name, constraint_type FROM information_schema.table_constraints tc JOIN information_schema.constraint_column_usage AS ccu USING (constraint_schema, constraint_catalog, table_name, constraint_name) JOIN information_schema.columns AS c ON c.table_schema = tc.constraint_schema AND tc.table_name = c.table_name AND ccu.column_name = c.column_name WHERE constraint_type IN ('PRIMARY KEY', 'UNIQUE') AND c.table_catalog = $1$ AND c.table_schema = CURRENT_SCHEMA() AND c.table_name = $2$

2025/02/13 14:39:07 /home/bryan/repos/skripsi/backend/setup/setup.go:78
[1.656ms] [rows:-] SELECT a.attname as column_name, format_type(a.atttypid, a.atttypmod) AS data_type
		FROM pg_attribute a JOIN pg_class b ON a.attrelid = b.oid AND relnamespace = (SELECT oid FROM pg_catalog.pg_namespace WHERE nspname = CURRENT_SCHEMA())
		WHERE a.attnum > 0 -- hide internal columns
		AND NOT a.attisdropped -- hide deleted columns
		AND b.relname = $1$

2025/02/13 14:39:07 /home/bryan/repos/skripsi/backend/setup/setup.go:78
[1.419ms] [rows:0] SELECT description FROM pg_catalog.pg_description WHERE objsubid = (SELECT ordinal_position FROM information_schema.columns WHERE table_schema = CURRENT_SCHEMA() AND table_name = 'daily_walks' AND column_name = 'id') AND objoid = (SELECT oid FROM pg_catalog.pg_class WHERE relname = 'daily_walks' AND relnamespace = (SELECT oid FROM pg_catalog.pg_namespace WHERE nspname = CURRENT_SCHEMA()))

2025/02/13 14:39:07 /home/bryan/repos/skripsi/backend/setup/setup.go:78
[1.415ms] [rows:0] SELECT description FROM pg_catalog.pg_description WHERE objsubid = (SELECT ordinal_position FROM information_schema.columns WHERE table_schema = CURRENT_SCHEMA() AND table_name = 'daily_walks' AND column_name = 'name') AND objoid = (SELECT oid FROM pg_catalog.pg_class WHERE relname = 'daily_walks' AND relnamespace = (SELECT oid FROM pg_catalog.pg_namespace WHERE nspname = CURRENT_SCHEMA()))

2025/02/13 14:39:07 /home/bryan/repos/skripsi/backend/setup/setup.go:78
[2.141ms] [rows:1] SELECT count(*) FROM information_schema.tables WHERE table_schema = CURRENT_SCHEMA() AND table_name = 'daily_playtimes' AND table_type = 'BASE TABLE'

2025/02/13 14:39:07 /home/bryan/repos/skripsi/backend/setup/setup.go:78
[0.734ms] [rows:1] SELECT CURRENT_DATABASE()

2025/02/13 14:39:07 /home/bryan/repos/skripsi/backend/setup/setup.go:78
[11.873ms] [rows:-] SELECT c.column_name, c.is_nullable = 'YES', c.udt_name, c.character_maximum_length, c.numeric_precision, c.numeric_precision_radix, c.numeric_scale, c.datetime_precision, 8 * typlen, c.column_default, pd.description, c.identity_increment FROM information_schema.columns AS c JOIN pg_type AS pgt ON c.udt_name = pgt.typname LEFT JOIN pg_catalog.pg_description as pd ON pd.objsubid = c.ordinal_position AND pd.objoid = (SELECT oid FROM pg_catalog.pg_class WHERE relname = c.table_name AND relnamespace = (SELECT oid FROM pg_catalog.pg_namespace WHERE nspname = c.table_schema)) where table_catalog = $1$ AND table_schema = CURRENT_SCHEMA() AND table_name = $2$

2025/02/13 14:39:07 /home/bryan/repos/skripsi/backend/setup/setup.go:78
[0.900ms] [rows:-] SELECT * FROM "daily_playtimes" LIMIT $1$

2025/02/13 14:39:07 /home/bryan/repos/skripsi/backend/setup/setup.go:78
[16.014ms] [rows:-] SELECT constraint_name FROM information_schema.table_constraints tc JOIN information_schema.constraint_column_usage AS ccu USING (constraint_schema, constraint_catalog, table_name, constraint_name) JOIN information_schema.columns AS c ON c.table_schema = tc.constraint_schema AND tc.table_name = c.table_name AND ccu.column_name = c.column_name WHERE constraint_type IN ('PRIMARY KEY', 'UNIQUE') AND c.table_catalog = $1$ AND c.table_schema = CURRENT_SCHEMA() AND c.table_name = $2$ AND constraint_type = $3$

2025/02/13 14:39:07 /home/bryan/repos/skripsi/backend/setup/setup.go:78
[16.158ms] [rows:-] SELECT c.column_name, constraint_name, constraint_type FROM information_schema.table_constraints tc JOIN information_schema.constraint_column_usage AS ccu USING (constraint_schema, constraint_catalog, table_name, constraint_name) JOIN information_schema.columns AS c ON c.table_schema = tc.constraint_schema AND tc.table_name = c.table_name AND ccu.column_name = c.column_name WHERE constraint_type IN ('PRIMARY KEY', 'UNIQUE') AND c.table_catalog = $1$ AND c.table_schema = CURRENT_SCHEMA() AND c.table_name = $2$

2025/02/13 14:39:07 /home/bryan/repos/skripsi/backend/setup/setup.go:78
[1.932ms] [rows:-] SELECT a.attname as column_name, format_type(a.atttypid, a.atttypmod) AS data_type
		FROM pg_attribute a JOIN pg_class b ON a.attrelid = b.oid AND relnamespace = (SELECT oid FROM pg_catalog.pg_namespace WHERE nspname = CURRENT_SCHEMA())
		WHERE a.attnum > 0 -- hide internal columns
		AND NOT a.attisdropped -- hide deleted columns
		AND b.relname = $1$

2025/02/13 14:39:07 /home/bryan/repos/skripsi/backend/setup/setup.go:78
[1.591ms] [rows:0] SELECT description FROM pg_catalog.pg_description WHERE objsubid = (SELECT ordinal_position FROM information_schema.columns WHERE table_schema = CURRENT_SCHEMA() AND table_name = 'daily_playtimes' AND column_name = 'id') AND objoid = (SELECT oid FROM pg_catalog.pg_class WHERE relname = 'daily_playtimes' AND relnamespace = (SELECT oid FROM pg_catalog.pg_namespace WHERE nspname = CURRENT_SCHEMA()))

2025/02/13 14:39:07 /home/bryan/repos/skripsi/backend/setup/setup.go:78
[1.436ms] [rows:0] SELECT description FROM pg_catalog.pg_description WHERE objsubid = (SELECT ordinal_position FROM information_schema.columns WHERE table_schema = CURRENT_SCHEMA() AND table_name = 'daily_playtimes' AND column_name = 'name') AND objoid = (SELECT oid FROM pg_catalog.pg_class WHERE relname = 'daily_playtimes' AND relnamespace = (SELECT oid FROM pg_catalog.pg_namespace WHERE nspname = CURRENT_SCHEMA()))

2025/02/13 14:39:07 /home/bryan/repos/skripsi/backend/setup/setup.go:78
[1.063ms] [rows:1] SELECT count(*) FROM information_schema.tables WHERE table_schema = CURRENT_SCHEMA() AND table_name = 'pet_daycares' AND table_type = 'BASE TABLE'

2025/02/13 14:39:07 /home/bryan/repos/skripsi/backend/setup/setup.go:78
[0.777ms] [rows:1] SELECT CURRENT_DATABASE()

2025/02/13 14:39:07 /home/bryan/repos/skripsi/backend/setup/setup.go:78
[4.795ms] [rows:-] SELECT c.column_name, c.is_nullable = 'YES', c.udt_name, c.character_maximum_length, c.numeric_precision, c.numeric_precision_radix, c.numeric_scale, c.datetime_precision, 8 * typlen, c.column_default, pd.description, c.identity_increment FROM information_schema.columns AS c JOIN pg_type AS pgt ON c.udt_name = pgt.typname LEFT JOIN pg_catalog.pg_description as pd ON pd.objsubid = c.ordinal_position AND pd.objoid = (SELECT oid FROM pg_catalog.pg_class WHERE relname = c.table_name AND relnamespace = (SELECT oid FROM pg_catalog.pg_namespace WHERE nspname = c.table_schema)) where table_catalog = $1$ AND table_schema = CURRENT_SCHEMA() AND table_name = $2$

2025/02/13 14:39:07 /home/bryan/repos/skripsi/backend/setup/setup.go:78
[0.923ms] [rows:-] SELECT * FROM "pet_daycares" LIMIT $1$

2025/02/13 14:39:07 /home/bryan/repos/skripsi/backend/setup/setup.go:78
[6.527ms] [rows:-] SELECT constraint_name FROM information_schema.table_constraints tc JOIN information_schema.constraint_column_usage AS ccu USING (constraint_schema, constraint_catalog, table_name, constraint_name) JOIN information_schema.columns AS c ON c.table_schema = tc.constraint_schema AND tc.table_name = c.table_name AND ccu.column_name = c.column_name WHERE constraint_type IN ('PRIMARY KEY', 'UNIQUE') AND c.table_catalog = $1$ AND c.table_schema = CURRENT_SCHEMA() AND c.table_name = $2$ AND constraint_type = $3$

2025/02/13 14:39:07 /home/bryan/repos/skripsi/backend/setup/setup.go:78
[6.228ms] [rows:-] SELECT c.column_name, constraint_name, constraint_type FROM information_schema.table_constraints tc JOIN information_schema.constraint_column_usage AS ccu USING (constraint_schema, constraint_catalog, table_name, constraint_name) JOIN information_schema.columns AS c ON c.table_schema = tc.constraint_schema AND tc.table_name = c.table_name AND ccu.column_name = c.column_name WHERE constraint_type IN ('PRIMARY KEY', 'UNIQUE') AND c.table_catalog = $1$ AND c.table_schema = CURRENT_SCHEMA() AND c.table_name = $2$

2025/02/13 14:39:07 /home/bryan/repos/skripsi/backend/setup/setup.go:78
[0.894ms] [rows:-] SELECT a.attname as column_name, format_type(a.atttypid, a.atttypmod) AS data_type
		FROM pg_attribute a JOIN pg_class b ON a.attrelid = b.oid AND relnamespace = (SELECT oid FROM pg_catalog.pg_namespace WHERE nspname = CURRENT_SCHEMA())
		WHERE a.attnum > 0 -- hide internal columns
		AND NOT a.attisdropped -- hide deleted columns
		AND b.relname = $1$

2025/02/13 14:39:07 /home/bryan/repos/skripsi/backend/setup/setup.go:78
[1.488ms] [rows:0] SELECT description FROM pg_catalog.pg_description WHERE objsubid = (SELECT ordinal_position FROM information_schema.columns WHERE table_schema = CURRENT_SCHEMA() AND table_name = 'pet_daycares' AND column_name = 'id') AND objoid = (SELECT oid FROM pg_catalog.pg_class WHERE relname = 'pet_daycares' AND relnamespace = (SELECT oid FROM pg_catalog.pg_namespace WHERE nspname = CURRENT_SCHEMA()))

2025/02/13 14:39:07 /home/bryan/repos/skripsi/backend/setup/setup.go:78
[1.311ms] [rows:0] SELECT description FROM pg_catalog.pg_description WHERE objsubid = (SELECT ordinal_position FROM information_schema.columns WHERE table_schema = CURRENT_SCHEMA() AND table_name = 'pet_daycares' AND column_name = 'created_at') AND objoid = (SELECT oid FROM pg_catalog.pg_class WHERE relname = 'pet_daycares' AND relnamespace = (SELECT oid FROM pg_catalog.pg_namespace WHERE nspname = CURRENT_SCHEMA()))

2025/02/13 14:39:07 /home/bryan/repos/skripsi/backend/setup/setup.go:78
[1.434ms] [rows:0] SELECT description FROM pg_catalog.pg_description WHERE objsubid = (SELECT ordinal_position FROM information_schema.columns WHERE table_schema = CURRENT_SCHEMA() AND table_name = 'pet_daycares' AND column_name = 'updated_at') AND objoid = (SELECT oid FROM pg_catalog.pg_class WHERE relname = 'pet_daycares' AND relnamespace = (SELECT oid FROM pg_catalog.pg_namespace WHERE nspname = CURRENT_SCHEMA()))

2025/02/13 14:39:07 /home/bryan/repos/skripsi/backend/setup/setup.go:78
[1.243ms] [rows:0] SELECT description FROM pg_catalog.pg_description WHERE objsubid = (SELECT ordinal_position FROM information_schema.columns WHERE table_schema = CURRENT_SCHEMA() AND table_name = 'pet_daycares' AND column_name = 'deleted_at') AND objoid = (SELECT oid FROM pg_catalog.pg_class WHERE relname = 'pet_daycares' AND relnamespace = (SELECT oid FROM pg_catalog.pg_namespace WHERE nspname = CURRENT_SCHEMA()))

2025/02/13 14:39:07 /home/bryan/repos/skripsi/backend/setup/setup.go:78
[1.242ms] [rows:0] SELECT description FROM pg_catalog.pg_description WHERE objsubid = (SELECT ordinal_position FROM information_schema.columns WHERE table_schema = CURRENT_SCHEMA() AND table_name = 'pet_daycares' AND column_name = 'name') AND objoid = (SELECT oid FROM pg_catalog.pg_class WHERE relname = 'pet_daycares' AND relnamespace = (SELECT oid FROM pg_catalog.pg_namespace WHERE nspname = CURRENT_SCHEMA()))

2025/02/13 14:39:07 /home/bryan/repos/skripsi/backend/setup/setup.go:78
[1.390ms] [rows:0] SELECT description FROM pg_catalog.pg_description WHERE objsubid = (SELECT ordinal_position FROM information_schema.columns WHERE table_schema = CURRENT_SCHEMA() AND table_name = 'pet_daycares' AND column_name = 'address') AND objoid = (SELECT oid FROM pg_catalog.pg_class WHERE relname = 'pet_daycares' AND relnamespace = (SELECT oid FROM pg_catalog.pg_namespace WHERE nspname = CURRENT_SCHEMA()))

2025/02/13 14:39:07 /home/bryan/repos/skripsi/backend/setup/setup.go:78
[1.281ms] [rows:0] SELECT description FROM pg_catalog.pg_description WHERE objsubid = (SELECT ordinal_position FROM information_schema.columns WHERE table_schema = CURRENT_SCHEMA() AND table_name = 'pet_daycares' AND column_name = 'latitude') AND objoid = (SELECT oid FROM pg_catalog.pg_class WHERE relname = 'pet_daycares' AND relnamespace = (SELECT oid FROM pg_catalog.pg_namespace WHERE nspname = CURRENT_SCHEMA()))

2025/02/13 14:39:07 /home/bryan/repos/skripsi/backend/setup/setup.go:78
[1.411ms] [rows:0] SELECT description FROM pg_catalog.pg_description WHERE objsubid = (SELECT ordinal_position FROM information_schema.columns WHERE table_schema = CURRENT_SCHEMA() AND table_name = 'pet_daycares' AND column_name = 'longitude') AND objoid = (SELECT oid FROM pg_catalog.pg_class WHERE relname = 'pet_daycares' AND relnamespace = (SELECT oid FROM pg_catalog.pg_namespace WHERE nspname = CURRENT_SCHEMA()))

2025/02/13 14:39:07 /home/bryan/repos/skripsi/backend/setup/setup.go:78
[1.313ms] [rows:0] SELECT description FROM pg_catalog.pg_description WHERE objsubid = (SELECT ordinal_position FROM information_schema.columns WHERE table_schema = CURRENT_SCHEMA() AND table_name = 'pet_daycares' AND column_name = 'price') AND objoid = (SELECT oid FROM pg_catalog.pg_class WHERE relname = 'pet_daycares' AND relnamespace = (SELECT oid FROM pg_catalog.pg_namespace WHERE nspname = CURRENT_SCHEMA()))

2025/02/13 14:39:07 /home/bryan/repos/skripsi/backend/setup/setup.go:78
[1.270ms] [rows:0] SELECT description FROM pg_catalog.pg_description WHERE objsubid = (SELECT ordinal_position FROM information_schema.columns WHERE table_schema = CURRENT_SCHEMA() AND table_name = 'pet_daycares' AND column_name = 'pricing_type') AND objoid = (SELECT oid FROM pg_catalog.pg_class WHERE relname = 'pet_daycares' AND relnamespace = (SELECT oid FROM pg_catalog.pg_namespace WHERE nspname = CURRENT_SCHEMA()))

2025/02/13 14:39:07 /home/bryan/repos/skripsi/backend/setup/setup.go:78
[1.493ms] [rows:0] SELECT description FROM pg_catalog.pg_description WHERE objsubid = (SELECT ordinal_position FROM information_schema.columns WHERE table_schema = CURRENT_SCHEMA() AND table_name = 'pet_daycares' AND column_name = 'description') AND objoid = (SELECT oid FROM pg_catalog.pg_class WHERE relname = 'pet_daycares' AND relnamespace = (SELECT oid FROM pg_catalog.pg_namespace WHERE nspname = CURRENT_SCHEMA()))

2025/02/13 14:39:07 /home/bryan/repos/skripsi/backend/setup/setup.go:78
[2.431ms] [rows:0] SELECT description FROM pg_catalog.pg_description WHERE objsubid = (SELECT ordinal_position FROM information_schema.columns WHERE table_schema = CURRENT_SCHEMA() AND table_name = 'pet_daycares' AND column_name = 'has_pickup_service') AND objoid = (SELECT oid FROM pg_catalog.pg_class WHERE relname = 'pet_daycares' AND relnamespace = (SELECT oid FROM pg_catalog.pg_namespace WHERE nspname = CURRENT_SCHEMA()))

2025/02/13 14:39:07 /home/bryan/repos/skripsi/backend/setup/setup.go:78
[1.546ms] [rows:0] SELECT description FROM pg_catalog.pg_description WHERE objsubid = (SELECT ordinal_position FROM information_schema.columns WHERE table_schema = CURRENT_SCHEMA() AND table_name = 'pet_daycares' AND column_name = 'must_be_vaccinated') AND objoid = (SELECT oid FROM pg_catalog.pg_class WHERE relname = 'pet_daycares' AND relnamespace = (SELECT oid FROM pg_catalog.pg_namespace WHERE nspname = CURRENT_SCHEMA()))

2025/02/13 14:39:07 /home/bryan/repos/skripsi/backend/setup/setup.go:78
[1.380ms] [rows:0] SELECT description FROM pg_catalog.pg_description WHERE objsubid = (SELECT ordinal_position FROM information_schema.columns WHERE table_schema = CURRENT_SCHEMA() AND table_name = 'pet_daycares' AND column_name = 'food_provided') AND objoid = (SELECT oid FROM pg_catalog.pg_class WHERE relname = 'pet_daycares' AND relnamespace = (SELECT oid FROM pg_catalog.pg_namespace WHERE nspname = CURRENT_SCHEMA()))

2025/02/13 14:39:07 /home/bryan/repos/skripsi/backend/setup/setup.go:78
[1.383ms] [rows:0] SELECT description FROM pg_catalog.pg_description WHERE objsubid = (SELECT ordinal_position FROM information_schema.columns WHERE table_schema = CURRENT_SCHEMA() AND table_name = 'pet_daycares' AND column_name = 'grooming_available') AND objoid = (SELECT oid FROM pg_catalog.pg_class WHERE relname = 'pet_daycares' AND relnamespace = (SELECT oid FROM pg_catalog.pg_namespace WHERE nspname = CURRENT_SCHEMA()))

2025/02/13 14:39:07 /home/bryan/repos/skripsi/backend/setup/setup.go:78
[1.402ms] [rows:0] SELECT description FROM pg_catalog.pg_description WHERE objsubid = (SELECT ordinal_position FROM information_schema.columns WHERE table_schema = CURRENT_SCHEMA() AND table_name = 'pet_daycares' AND column_name = 'booked_num') AND objoid = (SELECT oid FROM pg_catalog.pg_class WHERE relname = 'pet_daycares' AND relnamespace = (SELECT oid FROM pg_catalog.pg_namespace WHERE nspname = CURRENT_SCHEMA()))

2025/02/13 14:39:07 /home/bryan/repos/skripsi/backend/setup/setup.go:78
[1.549ms] [rows:0] SELECT description FROM pg_catalog.pg_description WHERE objsubid = (SELECT ordinal_position FROM information_schema.columns WHERE table_schema = CURRENT_SCHEMA() AND table_name = 'pet_daycares' AND column_name = 'daily_walks_id') AND objoid = (SELECT oid FROM pg_catalog.pg_class WHERE relname = 'pet_daycares' AND relnamespace = (SELECT oid FROM pg_catalog.pg_namespace WHERE nspname = CURRENT_SCHEMA()))

2025/02/13 14:39:07 /home/bryan/repos/skripsi/backend/setup/setup.go:78
[1.566ms] [rows:0] SELECT description FROM pg_catalog.pg_description WHERE objsubid = (SELECT ordinal_position FROM information_schema.columns WHERE table_schema = CURRENT_SCHEMA() AND table_name = 'pet_daycares' AND column_name = 'daily_playtime_id') AND objoid = (SELECT oid FROM pg_catalog.pg_class WHERE relname = 'pet_daycares' AND relnamespace = (SELECT oid FROM pg_catalog.pg_namespace WHERE nspname = CURRENT_SCHEMA()))

2025/02/13 14:39:07 /home/bryan/repos/skripsi/backend/setup/setup.go:78
[1.590ms] [rows:0] SELECT description FROM pg_catalog.pg_description WHERE objsubid = (SELECT ordinal_position FROM information_schema.columns WHERE table_schema = CURRENT_SCHEMA() AND table_name = 'pet_daycares' AND column_name = 'owner_id') AND objoid = (SELECT oid FROM pg_catalog.pg_class WHERE relname = 'pet_daycares' AND relnamespace = (SELECT oid FROM pg_catalog.pg_namespace WHERE nspname = CURRENT_SCHEMA()))

2025/02/13 14:39:07 /home/bryan/repos/skripsi/backend/setup/setup.go:78
[1.699ms] [rows:0] SELECT description FROM pg_catalog.pg_description WHERE objsubid = (SELECT ordinal_position FROM information_schema.columns WHERE table_schema = CURRENT_SCHEMA() AND table_name = 'pet_daycares' AND column_name = 'food_brand') AND objoid = (SELECT oid FROM pg_catalog.pg_class WHERE relname = 'pet_daycares' AND relnamespace = (SELECT oid FROM pg_catalog.pg_namespace WHERE nspname = CURRENT_SCHEMA()))

2025/02/13 14:39:07 /home/bryan/repos/skripsi/backend/setup/setup.go:78
[4.785ms] [rows:1] SELECT count(*) FROM INFORMATION_SCHEMA.table_constraints WHERE table_schema = CURRENT_SCHEMA() AND table_name = 'pet_daycares' AND constraint_name = 'fk_users_pet_daycare'

2025/02/13 14:39:07 /home/bryan/repos/skripsi/backend/setup/setup.go:78
[5.084ms] [rows:1] SELECT count(*) FROM INFORMATION_SCHEMA.table_constraints WHERE table_schema = CURRENT_SCHEMA() AND table_name = 'pet_daycares' AND constraint_name = 'fk_pet_daycares_daily_walks'

2025/02/13 14:39:07 /home/bryan/repos/skripsi/backend/setup/setup.go:78
[6.098ms] [rows:1] SELECT count(*) FROM INFORMATION_SCHEMA.table_constraints WHERE table_schema = CURRENT_SCHEMA() AND table_name = 'pet_daycares' AND constraint_name = 'fk_pet_daycares_daily_playtime'

2025/02/13 14:39:07 /home/bryan/repos/skripsi/backend/setup/setup.go:78
[4.505ms] [rows:1] SELECT count(*) FROM pg_indexes WHERE tablename = 'pet_daycares' AND indexname = 'idx_pet_daycares_deleted_at' AND schemaname = CURRENT_SCHEMA()

2025/02/13 14:39:07 /home/bryan/repos/skripsi/backend/setup/setup.go:78
[1.962ms] [rows:1] SELECT count(*) FROM information_schema.tables WHERE table_schema = CURRENT_SCHEMA() AND table_name = 'species' AND table_type = 'BASE TABLE'

2025/02/13 14:39:07 /home/bryan/repos/skripsi/backend/setup/setup.go:78
[1.192ms] [rows:1] SELECT CURRENT_DATABASE()

2025/02/13 14:39:07 /home/bryan/repos/skripsi/backend/setup/setup.go:78
[5.315ms] [rows:-] SELECT c.column_name, c.is_nullable = 'YES', c.udt_name, c.character_maximum_length, c.numeric_precision, c.numeric_precision_radix, c.numeric_scale, c.datetime_precision, 8 * typlen, c.column_default, pd.description, c.identity_increment FROM information_schema.columns AS c JOIN pg_type AS pgt ON c.udt_name = pgt.typname LEFT JOIN pg_catalog.pg_description as pd ON pd.objsubid = c.ordinal_position AND pd.objoid = (SELECT oid FROM pg_catalog.pg_class WHERE relname = c.table_name AND relnamespace = (SELECT oid FROM pg_catalog.pg_namespace WHERE nspname = c.table_schema)) where table_catalog = $1$ AND table_schema = CURRENT_SCHEMA() AND table_name = $2$

2025/02/13 14:39:07 /home/bryan/repos/skripsi/backend/setup/setup.go:78
[1.771ms] [rows:-] SELECT * FROM "species" LIMIT $1$

2025/02/13 14:39:07 /home/bryan/repos/skripsi/backend/setup/setup.go:78
[4.157ms] [rows:-] SELECT constraint_name FROM information_schema.table_constraints tc JOIN information_schema.constraint_column_usage AS ccu USING (constraint_schema, constraint_catalog, table_name, constraint_name) JOIN information_schema.columns AS c ON c.table_schema = tc.constraint_schema AND tc.table_name = c.table_name AND ccu.column_name = c.column_name WHERE constraint_type IN ('PRIMARY KEY', 'UNIQUE') AND c.table_catalog = $1$ AND c.table_schema = CURRENT_SCHEMA() AND c.table_name = $2$ AND constraint_type = $3$

2025/02/13 14:39:07 /home/bryan/repos/skripsi/backend/setup/setup.go:78
[5.092ms] [rows:-] SELECT c.column_name, constraint_name, constraint_type FROM information_schema.table_constraints tc JOIN information_schema.constraint_column_usage AS ccu USING (constraint_schema, constraint_catalog, table_name, constraint_name) JOIN information_schema.columns AS c ON c.table_schema = tc.constraint_schema AND tc.table_name = c.table_name AND ccu.column_name = c.column_name WHERE constraint_type IN ('PRIMARY KEY', 'UNIQUE') AND c.table_catalog = $1$ AND c.table_schema = CURRENT_SCHEMA() AND c.table_name = $2$

2025/02/13 14:39:07 /home/bryan/repos/skripsi/backend/setup/setup.go:78
[2.409ms] [rows:-] SELECT a.attname as column_name, format_type(a.atttypid, a.atttypmod) AS data_type
		FROM pg_attribute a JOIN pg_class b ON a.attrelid = b.oid AND relnamespace = (SELECT oid FROM pg_catalog.pg_namespace WHERE nspname = CURRENT_SCHEMA())
		WHERE a.attnum > 0 -- hide internal columns
		AND NOT a.attisdropped -- hide deleted columns
		AND b.relname = $1$

2025/02/13 14:39:07 /home/bryan/repos/skripsi/backend/setup/setup.go:78
[3.699ms] [rows:0] SELECT description FROM pg_catalog.pg_description WHERE objsubid = (SELECT ordinal_position FROM information_schema.columns WHERE table_schema = CURRENT_SCHEMA() AND table_name = 'species' AND column_name = 'id') AND objoid = (SELECT oid FROM pg_catalog.pg_class WHERE relname = 'species' AND relnamespace = (SELECT oid FROM pg_catalog.pg_namespace WHERE nspname = CURRENT_SCHEMA()))

2025/02/13 14:39:07 /home/bryan/repos/skripsi/backend/setup/setup.go:78
[2.912ms] [rows:0] SELECT description FROM pg_catalog.pg_description WHERE objsubid = (SELECT ordinal_position FROM information_schema.columns WHERE table_schema = CURRENT_SCHEMA() AND table_name = 'species' AND column_name = 'name') AND objoid = (SELECT oid FROM pg_catalog.pg_class WHERE relname = 'species' AND relnamespace = (SELECT oid FROM pg_catalog.pg_namespace WHERE nspname = CURRENT_SCHEMA()))

2025/02/13 14:39:07 /home/bryan/repos/skripsi/backend/setup/setup.go:78
[1.917ms] [rows:1] SELECT count(*) FROM information_schema.tables WHERE table_schema = CURRENT_SCHEMA() AND table_name = 'size_categories' AND table_type = 'BASE TABLE'

2025/02/13 14:39:07 /home/bryan/repos/skripsi/backend/setup/setup.go:78
[1.459ms] [rows:1] SELECT CURRENT_DATABASE()

2025/02/13 14:39:07 /home/bryan/repos/skripsi/backend/setup/setup.go:78
[7.083ms] [rows:-] SELECT c.column_name, c.is_nullable = 'YES', c.udt_name, c.character_maximum_length, c.numeric_precision, c.numeric_precision_radix, c.numeric_scale, c.datetime_precision, 8 * typlen, c.column_default, pd.description, c.identity_increment FROM information_schema.columns AS c JOIN pg_type AS pgt ON c.udt_name = pgt.typname LEFT JOIN pg_catalog.pg_description as pd ON pd.objsubid = c.ordinal_position AND pd.objoid = (SELECT oid FROM pg_catalog.pg_class WHERE relname = c.table_name AND relnamespace = (SELECT oid FROM pg_catalog.pg_namespace WHERE nspname = c.table_schema)) where table_catalog = $1$ AND table_schema = CURRENT_SCHEMA() AND table_name = $2$

2025/02/13 14:39:07 /home/bryan/repos/skripsi/backend/setup/setup.go:78
[2.214ms] [rows:-] SELECT * FROM "size_categories" LIMIT $1$

2025/02/13 14:39:07 /home/bryan/repos/skripsi/backend/setup/setup.go:78
[6.950ms] [rows:-] SELECT constraint_name FROM information_schema.table_constraints tc JOIN information_schema.constraint_column_usage AS ccu USING (constraint_schema, constraint_catalog, table_name, constraint_name) JOIN information_schema.columns AS c ON c.table_schema = tc.constraint_schema AND tc.table_name = c.table_name AND ccu.column_name = c.column_name WHERE constraint_type IN ('PRIMARY KEY', 'UNIQUE') AND c.table_catalog = $1$ AND c.table_schema = CURRENT_SCHEMA() AND c.table_name = $2$ AND constraint_type = $3$

2025/02/13 14:39:07 /home/bryan/repos/skripsi/backend/setup/setup.go:78
[6.020ms] [rows:-] SELECT c.column_name, constraint_name, constraint_type FROM information_schema.table_constraints tc JOIN information_schema.constraint_column_usage AS ccu USING (constraint_schema, constraint_catalog, table_name, constraint_name) JOIN information_schema.columns AS c ON c.table_schema = tc.constraint_schema AND tc.table_name = c.table_name AND ccu.column_name = c.column_name WHERE constraint_type IN ('PRIMARY KEY', 'UNIQUE') AND c.table_catalog = $1$ AND c.table_schema = CURRENT_SCHEMA() AND c.table_name = $2$

2025/02/13 14:39:07 /home/bryan/repos/skripsi/backend/setup/setup.go:78
[2.199ms] [rows:-] SELECT a.attname as column_name, format_type(a.atttypid, a.atttypmod) AS data_type
		FROM pg_attribute a JOIN pg_class b ON a.attrelid = b.oid AND relnamespace = (SELECT oid FROM pg_catalog.pg_namespace WHERE nspname = CURRENT_SCHEMA())
		WHERE a.attnum > 0 -- hide internal columns
		AND NOT a.attisdropped -- hide deleted columns
		AND b.relname = $1$

2025/02/13 14:39:07 /home/bryan/repos/skripsi/backend/setup/setup.go:78
[3.484ms] [rows:0] SELECT description FROM pg_catalog.pg_description WHERE objsubid = (SELECT ordinal_position FROM information_schema.columns WHERE table_schema = CURRENT_SCHEMA() AND table_name = 'size_categories' AND column_name = 'id') AND objoid = (SELECT oid FROM pg_catalog.pg_class WHERE relname = 'size_categories' AND relnamespace = (SELECT oid FROM pg_catalog.pg_namespace WHERE nspname = CURRENT_SCHEMA()))

2025/02/13 14:39:07 /home/bryan/repos/skripsi/backend/setup/setup.go:78
[3.295ms] [rows:0] SELECT description FROM pg_catalog.pg_description WHERE objsubid = (SELECT ordinal_position FROM information_schema.columns WHERE table_schema = CURRENT_SCHEMA() AND table_name = 'size_categories' AND column_name = 'name') AND objoid = (SELECT oid FROM pg_catalog.pg_class WHERE relname = 'size_categories' AND relnamespace = (SELECT oid FROM pg_catalog.pg_namespace WHERE nspname = CURRENT_SCHEMA()))

2025/02/13 14:39:07 /home/bryan/repos/skripsi/backend/setup/setup.go:78
[3.301ms] [rows:0] SELECT description FROM pg_catalog.pg_description WHERE objsubid = (SELECT ordinal_position FROM information_schema.columns WHERE table_schema = CURRENT_SCHEMA() AND table_name = 'size_categories' AND column_name = 'min_weight') AND objoid = (SELECT oid FROM pg_catalog.pg_class WHERE relname = 'size_categories' AND relnamespace = (SELECT oid FROM pg_catalog.pg_namespace WHERE nspname = CURRENT_SCHEMA()))

2025/02/13 14:39:07 /home/bryan/repos/skripsi/backend/setup/setup.go:78
[3.374ms] [rows:0] SELECT description FROM pg_catalog.pg_description WHERE objsubid = (SELECT ordinal_position FROM information_schema.columns WHERE table_schema = CURRENT_SCHEMA() AND table_name = 'size_categories' AND column_name = 'max_weight') AND objoid = (SELECT oid FROM pg_catalog.pg_class WHERE relname = 'size_categories' AND relnamespace = (SELECT oid FROM pg_catalog.pg_namespace WHERE nspname = CURRENT_SCHEMA()))

2025/02/13 14:39:07 /home/bryan/repos/skripsi/backend/setup/setup.go:78
[2.272ms] [rows:1] SELECT count(*) FROM information_schema.tables WHERE table_schema = CURRENT_SCHEMA() AND table_name = 'pets' AND table_type = 'BASE TABLE'

2025/02/13 14:39:07 /home/bryan/repos/skripsi/backend/setup/setup.go:78
[1.593ms] [rows:1] SELECT CURRENT_DATABASE()

2025/02/13 14:39:07 /home/bryan/repos/skripsi/backend/setup/setup.go:78
[7.380ms] [rows:-] SELECT c.column_name, c.is_nullable = 'YES', c.udt_name, c.character_maximum_length, c.numeric_precision, c.numeric_precision_radix, c.numeric_scale, c.datetime_precision, 8 * typlen, c.column_default, pd.description, c.identity_increment FROM information_schema.columns AS c JOIN pg_type AS pgt ON c.udt_name = pgt.typname LEFT JOIN pg_catalog.pg_description as pd ON pd.objsubid = c.ordinal_position AND pd.objoid = (SELECT oid FROM pg_catalog.pg_class WHERE relname = c.table_name AND relnamespace = (SELECT oid FROM pg_catalog.pg_namespace WHERE nspname = c.table_schema)) where table_catalog = $1$ AND table_schema = CURRENT_SCHEMA() AND table_name = $2$

2025/02/13 14:39:07 /home/bryan/repos/skripsi/backend/setup/setup.go:78
[2.044ms] [rows:-] SELECT * FROM "pets" LIMIT $1$

2025/02/13 14:39:07 /home/bryan/repos/skripsi/backend/setup/setup.go:78
[6.638ms] [rows:-] SELECT constraint_name FROM information_schema.table_constraints tc JOIN information_schema.constraint_column_usage AS ccu USING (constraint_schema, constraint_catalog, table_name, constraint_name) JOIN information_schema.columns AS c ON c.table_schema = tc.constraint_schema AND tc.table_name = c.table_name AND ccu.column_name = c.column_name WHERE constraint_type IN ('PRIMARY KEY', 'UNIQUE') AND c.table_catalog = $1$ AND c.table_schema = CURRENT_SCHEMA() AND c.table_name = $2$ AND constraint_type = $3$

2025/02/13 14:39:07 /home/bryan/repos/skripsi/backend/setup/setup.go:78
[6.695ms] [rows:-] SELECT c.column_name, constraint_name, constraint_type FROM information_schema.table_constraints tc JOIN information_schema.constraint_column_usage AS ccu USING (constraint_schema, constraint_catalog, table_name, constraint_name) JOIN information_schema.columns AS c ON c.table_schema = tc.constraint_schema AND tc.table_name = c.table_name AND ccu.column_name = c.column_name WHERE constraint_type IN ('PRIMARY KEY', 'UNIQUE') AND c.table_catalog = $1$ AND c.table_schema = CURRENT_SCHEMA() AND c.table_name = $2$

2025/02/13 14:39:07 /home/bryan/repos/skripsi/backend/setup/setup.go:78
[1.895ms] [rows:-] SELECT a.attname as column_name, format_type(a.atttypid, a.atttypmod) AS data_type
		FROM pg_attribute a JOIN pg_class b ON a.attrelid = b.oid AND relnamespace = (SELECT oid FROM pg_catalog.pg_namespace WHERE nspname = CURRENT_SCHEMA())
		WHERE a.attnum > 0 -- hide internal columns
		AND NOT a.attisdropped -- hide deleted columns
		AND b.relname = $1$

2025/02/13 14:39:07 /home/bryan/repos/skripsi/backend/setup/setup.go:78
[3.171ms] [rows:0] SELECT description FROM pg_catalog.pg_description WHERE objsubid = (SELECT ordinal_position FROM information_schema.columns WHERE table_schema = CURRENT_SCHEMA() AND table_name = 'pets' AND column_name = 'id') AND objoid = (SELECT oid FROM pg_catalog.pg_class WHERE relname = 'pets' AND relnamespace = (SELECT oid FROM pg_catalog.pg_namespace WHERE nspname = CURRENT_SCHEMA()))

2025/02/13 14:39:07 /home/bryan/repos/skripsi/backend/setup/setup.go:78
[2.940ms] [rows:0] SELECT description FROM pg_catalog.pg_description WHERE objsubid = (SELECT ordinal_position FROM information_schema.columns WHERE table_schema = CURRENT_SCHEMA() AND table_name = 'pets' AND column_name = 'created_at') AND objoid = (SELECT oid FROM pg_catalog.pg_class WHERE relname = 'pets' AND relnamespace = (SELECT oid FROM pg_catalog.pg_namespace WHERE nspname = CURRENT_SCHEMA()))

2025/02/13 14:39:07 /home/bryan/repos/skripsi/backend/setup/setup.go:78
[2.862ms] [rows:0] SELECT description FROM pg_catalog.pg_description WHERE objsubid = (SELECT ordinal_position FROM information_schema.columns WHERE table_schema = CURRENT_SCHEMA() AND table_name = 'pets' AND column_name = 'updated_at') AND objoid = (SELECT oid FROM pg_catalog.pg_class WHERE relname = 'pets' AND relnamespace = (SELECT oid FROM pg_catalog.pg_namespace WHERE nspname = CURRENT_SCHEMA()))

2025/02/13 14:39:07 /home/bryan/repos/skripsi/backend/setup/setup.go:78
[2.772ms] [rows:0] SELECT description FROM pg_catalog.pg_description WHERE objsubid = (SELECT ordinal_position FROM information_schema.columns WHERE table_schema = CURRENT_SCHEMA() AND table_name = 'pets' AND column_name = 'deleted_at') AND objoid = (SELECT oid FROM pg_catalog.pg_class WHERE relname = 'pets' AND relnamespace = (SELECT oid FROM pg_catalog.pg_namespace WHERE nspname = CURRENT_SCHEMA()))

2025/02/13 14:39:07 /home/bryan/repos/skripsi/backend/setup/setup.go:78
[2.908ms] [rows:0] SELECT description FROM pg_catalog.pg_description WHERE objsubid = (SELECT ordinal_position FROM information_schema.columns WHERE table_schema = CURRENT_SCHEMA() AND table_name = 'pets' AND column_name = 'name') AND objoid = (SELECT oid FROM pg_catalog.pg_class WHERE relname = 'pets' AND relnamespace = (SELECT oid FROM pg_catalog.pg_namespace WHERE nspname = CURRENT_SCHEMA()))

2025/02/13 14:39:07 /home/bryan/repos/skripsi/backend/setup/setup.go:78
[2.997ms] [rows:0] SELECT description FROM pg_catalog.pg_description WHERE objsubid = (SELECT ordinal_position FROM information_schema.columns WHERE table_schema = CURRENT_SCHEMA() AND table_name = 'pets' AND column_name = 'image_url') AND objoid = (SELECT oid FROM pg_catalog.pg_class WHERE relname = 'pets' AND relnamespace = (SELECT oid FROM pg_catalog.pg_namespace WHERE nspname = CURRENT_SCHEMA()))

2025/02/13 14:39:07 /home/bryan/repos/skripsi/backend/setup/setup.go:78
[3.273ms] [rows:0] SELECT description FROM pg_catalog.pg_description WHERE objsubid = (SELECT ordinal_position FROM information_schema.columns WHERE table_schema = CURRENT_SCHEMA() AND table_name = 'pets' AND column_name = 'status') AND objoid = (SELECT oid FROM pg_catalog.pg_class WHERE relname = 'pets' AND relnamespace = (SELECT oid FROM pg_catalog.pg_namespace WHERE nspname = CURRENT_SCHEMA()))

2025/02/13 14:39:07 /home/bryan/repos/skripsi/backend/setup/setup.go:78
[3.390ms] [rows:0] SELECT description FROM pg_catalog.pg_description WHERE objsubid = (SELECT ordinal_position FROM information_schema.columns WHERE table_schema = CURRENT_SCHEMA() AND table_name = 'pets' AND column_name = 'owner_id') AND objoid = (SELECT oid FROM pg_catalog.pg_class WHERE relname = 'pets' AND relnamespace = (SELECT oid FROM pg_catalog.pg_namespace WHERE nspname = CURRENT_SCHEMA()))

2025/02/13 14:39:07 /home/bryan/repos/skripsi/backend/setup/setup.go:78
[3.162ms] [rows:0] SELECT description FROM pg_catalog.pg_description WHERE objsubid = (SELECT ordinal_position FROM information_schema.columns WHERE table_schema = CURRENT_SCHEMA() AND table_name = 'pets' AND column_name = 'species_id') AND objoid = (SELECT oid FROM pg_catalog.pg_class WHERE relname = 'pets' AND relnamespace = (SELECT oid FROM pg_catalog.pg_namespace WHERE nspname = CURRENT_SCHEMA()))

2025/02/13 14:39:07 /home/bryan/repos/skripsi/backend/setup/setup.go:78
[3.272ms] [rows:0] SELECT description FROM pg_catalog.pg_description WHERE objsubid = (SELECT ordinal_position FROM information_schema.columns WHERE table_schema = CURRENT_SCHEMA() AND table_name = 'pets' AND column_name = 'size_id') AND objoid = (SELECT oid FROM pg_catalog.pg_class WHERE relname = 'pets' AND relnamespace = (SELECT oid FROM pg_catalog.pg_namespace WHERE nspname = CURRENT_SCHEMA()))

2025/02/13 14:39:07 /home/bryan/repos/skripsi/backend/setup/setup.go:78
[2.621ms] [rows:1] SELECT count(*) FROM INFORMATION_SCHEMA.table_constraints WHERE table_schema = CURRENT_SCHEMA() AND table_name = 'pets' AND constraint_name = 'fk_pets_species'

2025/02/13 14:39:07 /home/bryan/repos/skripsi/backend/setup/setup.go:78
[2.717ms] [rows:1] SELECT count(*) FROM INFORMATION_SCHEMA.table_constraints WHERE table_schema = CURRENT_SCHEMA() AND table_name = 'pets' AND constraint_name = 'fk_pets_size_category'

2025/02/13 14:39:07 /home/bryan/repos/skripsi/backend/setup/setup.go:78
[2.437ms] [rows:1] SELECT count(*) FROM INFORMATION_SCHEMA.table_constraints WHERE table_schema = CURRENT_SCHEMA() AND table_name = 'pets' AND constraint_name = 'fk_users_pets'

2025/02/13 14:39:07 /home/bryan/repos/skripsi/backend/setup/setup.go:78
[5.801ms] [rows:1] SELECT count(*) FROM pg_indexes WHERE tablename = 'pets' AND indexname = 'idx_pets_deleted_at' AND schemaname = CURRENT_SCHEMA()

2025/02/13 14:39:07 /home/bryan/repos/skripsi/backend/setup/setup.go:78
[2.444ms] [rows:1] SELECT count(*) FROM information_schema.tables WHERE table_schema = CURRENT_SCHEMA() AND table_name = 'slots' AND table_type = 'BASE TABLE'

2025/02/13 14:39:07 /home/bryan/repos/skripsi/backend/setup/setup.go:78
[1.915ms] [rows:1] SELECT CURRENT_DATABASE()

2025/02/13 14:39:07 /home/bryan/repos/skripsi/backend/setup/setup.go:78
[6.572ms] [rows:-] SELECT c.column_name, c.is_nullable = 'YES', c.udt_name, c.character_maximum_length, c.numeric_precision, c.numeric_precision_radix, c.numeric_scale, c.datetime_precision, 8 * typlen, c.column_default, pd.description, c.identity_increment FROM information_schema.columns AS c JOIN pg_type AS pgt ON c.udt_name = pgt.typname LEFT JOIN pg_catalog.pg_description as pd ON pd.objsubid = c.ordinal_position AND pd.objoid = (SELECT oid FROM pg_catalog.pg_class WHERE relname = c.table_name AND relnamespace = (SELECT oid FROM pg_catalog.pg_namespace WHERE nspname = c.table_schema)) where table_catalog = $1$ AND table_schema = CURRENT_SCHEMA() AND table_name = $2$

2025/02/13 14:39:07 /home/bryan/repos/skripsi/backend/setup/setup.go:78
[1.793ms] [rows:-] SELECT * FROM "slots" LIMIT $1$

2025/02/13 14:39:07 /home/bryan/repos/skripsi/backend/setup/setup.go:78
[5.433ms] [rows:-] SELECT constraint_name FROM information_schema.table_constraints tc JOIN information_schema.constraint_column_usage AS ccu USING (constraint_schema, constraint_catalog, table_name, constraint_name) JOIN information_schema.columns AS c ON c.table_schema = tc.constraint_schema AND tc.table_name = c.table_name AND ccu.column_name = c.column_name WHERE constraint_type IN ('PRIMARY KEY', 'UNIQUE') AND c.table_catalog = $1$ AND c.table_schema = CURRENT_SCHEMA() AND c.table_name = $2$ AND constraint_type = $3$

2025/02/13 14:39:07 /home/bryan/repos/skripsi/backend/setup/setup.go:78
[5.813ms] [rows:-] SELECT c.column_name, constraint_name, constraint_type FROM information_schema.table_constraints tc JOIN information_schema.constraint_column_usage AS ccu USING (constraint_schema, constraint_catalog, table_name, constraint_name) JOIN information_schema.columns AS c ON c.table_schema = tc.constraint_schema AND tc.table_name = c.table_name AND ccu.column_name = c.column_name WHERE constraint_type IN ('PRIMARY KEY', 'UNIQUE') AND c.table_catalog = $1$ AND c.table_schema = CURRENT_SCHEMA() AND c.table_name = $2$

2025/02/13 14:39:07 /home/bryan/repos/skripsi/backend/setup/setup.go:78
[1.912ms] [rows:-] SELECT a.attname as column_name, format_type(a.atttypid, a.atttypmod) AS data_type
		FROM pg_attribute a JOIN pg_class b ON a.attrelid = b.oid AND relnamespace = (SELECT oid FROM pg_catalog.pg_namespace WHERE nspname = CURRENT_SCHEMA())
		WHERE a.attnum > 0 -- hide internal columns
		AND NOT a.attisdropped -- hide deleted columns
		AND b.relname = $1$

2025/02/13 14:39:07 /home/bryan/repos/skripsi/backend/setup/setup.go:78
[2.936ms] [rows:0] SELECT description FROM pg_catalog.pg_description WHERE objsubid = (SELECT ordinal_position FROM information_schema.columns WHERE table_schema = CURRENT_SCHEMA() AND table_name = 'slots' AND column_name = 'id') AND objoid = (SELECT oid FROM pg_catalog.pg_class WHERE relname = 'slots' AND relnamespace = (SELECT oid FROM pg_catalog.pg_namespace WHERE nspname = CURRENT_SCHEMA()))

2025/02/13 14:39:07 /home/bryan/repos/skripsi/backend/setup/setup.go:78
[3.665ms] [rows:0] SELECT description FROM pg_catalog.pg_description WHERE objsubid = (SELECT ordinal_position FROM information_schema.columns WHERE table_schema = CURRENT_SCHEMA() AND table_name = 'slots' AND column_name = 'created_at') AND objoid = (SELECT oid FROM pg_catalog.pg_class WHERE relname = 'slots' AND relnamespace = (SELECT oid FROM pg_catalog.pg_namespace WHERE nspname = CURRENT_SCHEMA()))

2025/02/13 14:39:07 /home/bryan/repos/skripsi/backend/setup/setup.go:78
[3.391ms] [rows:0] SELECT description FROM pg_catalog.pg_description WHERE objsubid = (SELECT ordinal_position FROM information_schema.columns WHERE table_schema = CURRENT_SCHEMA() AND table_name = 'slots' AND column_name = 'updated_at') AND objoid = (SELECT oid FROM pg_catalog.pg_class WHERE relname = 'slots' AND relnamespace = (SELECT oid FROM pg_catalog.pg_namespace WHERE nspname = CURRENT_SCHEMA()))

2025/02/13 14:39:07 /home/bryan/repos/skripsi/backend/setup/setup.go:78
[4.045ms] [rows:0] SELECT description FROM pg_catalog.pg_description WHERE objsubid = (SELECT ordinal_position FROM information_schema.columns WHERE table_schema = CURRENT_SCHEMA() AND table_name = 'slots' AND column_name = 'deleted_at') AND objoid = (SELECT oid FROM pg_catalog.pg_class WHERE relname = 'slots' AND relnamespace = (SELECT oid FROM pg_catalog.pg_namespace WHERE nspname = CURRENT_SCHEMA()))

2025/02/13 14:39:07 /home/bryan/repos/skripsi/backend/setup/setup.go:78
[3.580ms] [rows:0] SELECT description FROM pg_catalog.pg_description WHERE objsubid = (SELECT ordinal_position FROM information_schema.columns WHERE table_schema = CURRENT_SCHEMA() AND table_name = 'slots' AND column_name = 'daycare_id') AND objoid = (SELECT oid FROM pg_catalog.pg_class WHERE relname = 'slots' AND relnamespace = (SELECT oid FROM pg_catalog.pg_namespace WHERE nspname = CURRENT_SCHEMA()))

2025/02/13 14:39:07 /home/bryan/repos/skripsi/backend/setup/setup.go:78
[3.444ms] [rows:0] SELECT description FROM pg_catalog.pg_description WHERE objsubid = (SELECT ordinal_position FROM information_schema.columns WHERE table_schema = CURRENT_SCHEMA() AND table_name = 'slots' AND column_name = 'species_id') AND objoid = (SELECT oid FROM pg_catalog.pg_class WHERE relname = 'slots' AND relnamespace = (SELECT oid FROM pg_catalog.pg_namespace WHERE nspname = CURRENT_SCHEMA()))

2025/02/13 14:39:07 /home/bryan/repos/skripsi/backend/setup/setup.go:78
[3.759ms] [rows:0] SELECT description FROM pg_catalog.pg_description WHERE objsubid = (SELECT ordinal_position FROM information_schema.columns WHERE table_schema = CURRENT_SCHEMA() AND table_name = 'slots' AND column_name = 'size_category_id') AND objoid = (SELECT oid FROM pg_catalog.pg_class WHERE relname = 'slots' AND relnamespace = (SELECT oid FROM pg_catalog.pg_namespace WHERE nspname = CURRENT_SCHEMA()))

2025/02/13 14:39:07 /home/bryan/repos/skripsi/backend/setup/setup.go:78
[3.415ms] [rows:0] SELECT description FROM pg_catalog.pg_description WHERE objsubid = (SELECT ordinal_position FROM information_schema.columns WHERE table_schema = CURRENT_SCHEMA() AND table_name = 'slots' AND column_name = 'max_number') AND objoid = (SELECT oid FROM pg_catalog.pg_class WHERE relname = 'slots' AND relnamespace = (SELECT oid FROM pg_catalog.pg_namespace WHERE nspname = CURRENT_SCHEMA()))

2025/02/13 14:39:07 /home/bryan/repos/skripsi/backend/setup/setup.go:78
[2.687ms] [rows:1] SELECT count(*) FROM INFORMATION_SCHEMA.table_constraints WHERE table_schema = CURRENT_SCHEMA() AND table_name = 'slots' AND constraint_name = 'fk_pet_daycares_slots'

2025/02/13 14:39:07 /home/bryan/repos/skripsi/backend/setup/setup.go:78
[5.419ms] [rows:1] SELECT count(*) FROM pg_indexes WHERE tablename = 'slots' AND indexname = 'idx_slots_deleted_at' AND schemaname = CURRENT_SCHEMA()

2025/02/13 14:39:07 /home/bryan/repos/skripsi/backend/setup/setup.go:78
[1.997ms] [rows:1] SELECT count(*) FROM information_schema.tables WHERE table_schema = CURRENT_SCHEMA() AND table_name = 'booked_slots' AND table_type = 'BASE TABLE'

2025/02/13 14:39:07 /home/bryan/repos/skripsi/backend/setup/setup.go:78
[1.235ms] [rows:1] SELECT CURRENT_DATABASE()

2025/02/13 14:39:07 /home/bryan/repos/skripsi/backend/setup/setup.go:78
[7.288ms] [rows:-] SELECT c.column_name, c.is_nullable = 'YES', c.udt_name, c.character_maximum_length, c.numeric_precision, c.numeric_precision_radix, c.numeric_scale, c.datetime_precision, 8 * typlen, c.column_default, pd.description, c.identity_increment FROM information_schema.columns AS c JOIN pg_type AS pgt ON c.udt_name = pgt.typname LEFT JOIN pg_catalog.pg_description as pd ON pd.objsubid = c.ordinal_position AND pd.objoid = (SELECT oid FROM pg_catalog.pg_class WHERE relname = c.table_name AND relnamespace = (SELECT oid FROM pg_catalog.pg_namespace WHERE nspname = c.table_schema)) where table_catalog = $1$ AND table_schema = CURRENT_SCHEMA() AND table_name = $2$

2025/02/13 14:39:07 /home/bryan/repos/skripsi/backend/setup/setup.go:78
[1.931ms] [rows:-] SELECT * FROM "booked_slots" LIMIT $1$

2025/02/13 14:39:07 /home/bryan/repos/skripsi/backend/setup/setup.go:78
[7.469ms] [rows:-] SELECT constraint_name FROM information_schema.table_constraints tc JOIN information_schema.constraint_column_usage AS ccu USING (constraint_schema, constraint_catalog, table_name, constraint_name) JOIN information_schema.columns AS c ON c.table_schema = tc.constraint_schema AND tc.table_name = c.table_name AND ccu.column_name = c.column_name WHERE constraint_type IN ('PRIMARY KEY', 'UNIQUE') AND c.table_catalog = $1$ AND c.table_schema = CURRENT_SCHEMA() AND c.table_name = $2$ AND constraint_type = $3$

2025/02/13 14:39:07 /home/bryan/repos/skripsi/backend/setup/setup.go:78
[6.665ms] [rows:-] SELECT c.column_name, constraint_name, constraint_type FROM information_schema.table_constraints tc JOIN information_schema.constraint_column_usage AS ccu USING (constraint_schema, constraint_catalog, table_name, constraint_name) JOIN information_schema.columns AS c ON c.table_schema = tc.constraint_schema AND tc.table_name = c.table_name AND ccu.column_name = c.column_name WHERE constraint_type IN ('PRIMARY KEY', 'UNIQUE') AND c.table_catalog = $1$ AND c.table_schema = CURRENT_SCHEMA() AND c.table_name = $2$

2025/02/13 14:39:07 /home/bryan/repos/skripsi/backend/setup/setup.go:78
[2.036ms] [rows:-] SELECT a.attname as column_name, format_type(a.atttypid, a.atttypmod) AS data_type
		FROM pg_attribute a JOIN pg_class b ON a.attrelid = b.oid AND relnamespace = (SELECT oid FROM pg_catalog.pg_namespace WHERE nspname = CURRENT_SCHEMA())
		WHERE a.attnum > 0 -- hide internal columns
		AND NOT a.attisdropped -- hide deleted columns
		AND b.relname = $1$

2025/02/13 14:39:07 /home/bryan/repos/skripsi/backend/setup/setup.go:78
[2.980ms] [rows:0] SELECT description FROM pg_catalog.pg_description WHERE objsubid = (SELECT ordinal_position FROM information_schema.columns WHERE table_schema = CURRENT_SCHEMA() AND table_name = 'booked_slots' AND column_name = 'id') AND objoid = (SELECT oid FROM pg_catalog.pg_class WHERE relname = 'booked_slots' AND relnamespace = (SELECT oid FROM pg_catalog.pg_namespace WHERE nspname = CURRENT_SCHEMA()))

2025/02/13 14:39:07 /home/bryan/repos/skripsi/backend/setup/setup.go:78
[2.955ms] [rows:0] SELECT description FROM pg_catalog.pg_description WHERE objsubid = (SELECT ordinal_position FROM information_schema.columns WHERE table_schema = CURRENT_SCHEMA() AND table_name = 'booked_slots' AND column_name = 'created_at') AND objoid = (SELECT oid FROM pg_catalog.pg_class WHERE relname = 'booked_slots' AND relnamespace = (SELECT oid FROM pg_catalog.pg_namespace WHERE nspname = CURRENT_SCHEMA()))

2025/02/13 14:39:07 /home/bryan/repos/skripsi/backend/setup/setup.go:78
[3.014ms] [rows:0] SELECT description FROM pg_catalog.pg_description WHERE objsubid = (SELECT ordinal_position FROM information_schema.columns WHERE table_schema = CURRENT_SCHEMA() AND table_name = 'booked_slots' AND column_name = 'updated_at') AND objoid = (SELECT oid FROM pg_catalog.pg_class WHERE relname = 'booked_slots' AND relnamespace = (SELECT oid FROM pg_catalog.pg_namespace WHERE nspname = CURRENT_SCHEMA()))

2025/02/13 14:39:07 /home/bryan/repos/skripsi/backend/setup/setup.go:78
[2.893ms] [rows:0] SELECT description FROM pg_catalog.pg_description WHERE objsubid = (SELECT ordinal_position FROM information_schema.columns WHERE table_schema = CURRENT_SCHEMA() AND table_name = 'booked_slots' AND column_name = 'deleted_at') AND objoid = (SELECT oid FROM pg_catalog.pg_class WHERE relname = 'booked_slots' AND relnamespace = (SELECT oid FROM pg_catalog.pg_namespace WHERE nspname = CURRENT_SCHEMA()))

2025/02/13 14:39:07 /home/bryan/repos/skripsi/backend/setup/setup.go:78
[3.078ms] [rows:0] SELECT description FROM pg_catalog.pg_description WHERE objsubid = (SELECT ordinal_position FROM information_schema.columns WHERE table_schema = CURRENT_SCHEMA() AND table_name = 'booked_slots' AND column_name = 'user_id') AND objoid = (SELECT oid FROM pg_catalog.pg_class WHERE relname = 'booked_slots' AND relnamespace = (SELECT oid FROM pg_catalog.pg_namespace WHERE nspname = CURRENT_SCHEMA()))

2025/02/13 14:39:07 /home/bryan/repos/skripsi/backend/setup/setup.go:78
[3.198ms] [rows:0] SELECT description FROM pg_catalog.pg_description WHERE objsubid = (SELECT ordinal_position FROM information_schema.columns WHERE table_schema = CURRENT_SCHEMA() AND table_name = 'booked_slots' AND column_name = 'daycare_id') AND objoid = (SELECT oid FROM pg_catalog.pg_class WHERE relname = 'booked_slots' AND relnamespace = (SELECT oid FROM pg_catalog.pg_namespace WHERE nspname = CURRENT_SCHEMA()))

2025/02/13 14:39:07 /home/bryan/repos/skripsi/backend/setup/setup.go:78
[3.046ms] [rows:0] SELECT description FROM pg_catalog.pg_description WHERE objsubid = (SELECT ordinal_position FROM information_schema.columns WHERE table_schema = CURRENT_SCHEMA() AND table_name = 'booked_slots' AND column_name = 'pet_id') AND objoid = (SELECT oid FROM pg_catalog.pg_class WHERE relname = 'booked_slots' AND relnamespace = (SELECT oid FROM pg_catalog.pg_namespace WHERE nspname = CURRENT_SCHEMA()))

2025/02/13 14:39:07 /home/bryan/repos/skripsi/backend/setup/setup.go:78
[3.095ms] [rows:0] SELECT description FROM pg_catalog.pg_description WHERE objsubid = (SELECT ordinal_position FROM information_schema.columns WHERE table_schema = CURRENT_SCHEMA() AND table_name = 'booked_slots' AND column_name = 'start_date') AND objoid = (SELECT oid FROM pg_catalog.pg_class WHERE relname = 'booked_slots' AND relnamespace = (SELECT oid FROM pg_catalog.pg_namespace WHERE nspname = CURRENT_SCHEMA()))

2025/02/13 14:39:07 /home/bryan/repos/skripsi/backend/setup/setup.go:78
[2.916ms] [rows:0] SELECT description FROM pg_catalog.pg_description WHERE objsubid = (SELECT ordinal_position FROM information_schema.columns WHERE table_schema = CURRENT_SCHEMA() AND table_name = 'booked_slots' AND column_name = 'end_date') AND objoid = (SELECT oid FROM pg_catalog.pg_class WHERE relname = 'booked_slots' AND relnamespace = (SELECT oid FROM pg_catalog.pg_namespace WHERE nspname = CURRENT_SCHEMA()))

2025/02/13 14:39:07 /home/bryan/repos/skripsi/backend/setup/setup.go:78
[2.383ms] [rows:1] SELECT count(*) FROM INFORMATION_SCHEMA.table_constraints WHERE table_schema = CURRENT_SCHEMA() AND table_name = 'booked_slots' AND constraint_name = 'fk_booked_slots_user'

2025/02/13 14:39:07 /home/bryan/repos/skripsi/backend/setup/setup.go:78
[2.246ms] [rows:1] SELECT count(*) FROM INFORMATION_SCHEMA.table_constraints WHERE table_schema = CURRENT_SCHEMA() AND table_name = 'booked_slots' AND constraint_name = 'fk_pets_booked_slots'

2025/02/13 14:39:07 /home/bryan/repos/skripsi/backend/setup/setup.go:78
[2.352ms] [rows:1] SELECT count(*) FROM INFORMATION_SCHEMA.table_constraints WHERE table_schema = CURRENT_SCHEMA() AND table_name = 'booked_slots' AND constraint_name = 'fk_pet_daycares_booked_slots'

2025/02/13 14:39:07 /home/bryan/repos/skripsi/backend/setup/setup.go:78
[5.231ms] [rows:1] SELECT count(*) FROM pg_indexes WHERE tablename = 'booked_slots' AND indexname = 'idx_booked_slots_deleted_at' AND schemaname = CURRENT_SCHEMA()

2025/02/13 14:39:07 /home/bryan/repos/skripsi/backend/setup/setup.go:78
[2.225ms] [rows:1] SELECT count(*) FROM information_schema.tables WHERE table_schema = CURRENT_SCHEMA() AND table_name = 'thumbnails' AND table_type = 'BASE TABLE'

2025/02/13 14:39:07 /home/bryan/repos/skripsi/backend/setup/setup.go:78
[1.675ms] [rows:1] SELECT CURRENT_DATABASE()

2025/02/13 14:39:07 /home/bryan/repos/skripsi/backend/setup/setup.go:78
[6.135ms] [rows:-] SELECT c.column_name, c.is_nullable = 'YES', c.udt_name, c.character_maximum_length, c.numeric_precision, c.numeric_precision_radix, c.numeric_scale, c.datetime_precision, 8 * typlen, c.column_default, pd.description, c.identity_increment FROM information_schema.columns AS c JOIN pg_type AS pgt ON c.udt_name = pgt.typname LEFT JOIN pg_catalog.pg_description as pd ON pd.objsubid = c.ordinal_position AND pd.objoid = (SELECT oid FROM pg_catalog.pg_class WHERE relname = c.table_name AND relnamespace = (SELECT oid FROM pg_catalog.pg_namespace WHERE nspname = c.table_schema)) where table_catalog = $1$ AND table_schema = CURRENT_SCHEMA() AND table_name = $2$

2025/02/13 14:39:07 /home/bryan/repos/skripsi/backend/setup/setup.go:78
[2.160ms] [rows:-] SELECT * FROM "thumbnails" LIMIT $1$

2025/02/13 14:39:07 /home/bryan/repos/skripsi/backend/setup/setup.go:78
[4.904ms] [rows:-] SELECT constraint_name FROM information_schema.table_constraints tc JOIN information_schema.constraint_column_usage AS ccu USING (constraint_schema, constraint_catalog, table_name, constraint_name) JOIN information_schema.columns AS c ON c.table_schema = tc.constraint_schema AND tc.table_name = c.table_name AND ccu.column_name = c.column_name WHERE constraint_type IN ('PRIMARY KEY', 'UNIQUE') AND c.table_catalog = $1$ AND c.table_schema = CURRENT_SCHEMA() AND c.table_name = $2$ AND constraint_type = $3$

2025/02/13 14:39:07 /home/bryan/repos/skripsi/backend/setup/setup.go:78
[5.096ms] [rows:-] SELECT c.column_name, constraint_name, constraint_type FROM information_schema.table_constraints tc JOIN information_schema.constraint_column_usage AS ccu USING (constraint_schema, constraint_catalog, table_name, constraint_name) JOIN information_schema.columns AS c ON c.table_schema = tc.constraint_schema AND tc.table_name = c.table_name AND ccu.column_name = c.column_name WHERE constraint_type IN ('PRIMARY KEY', 'UNIQUE') AND c.table_catalog = $1$ AND c.table_schema = CURRENT_SCHEMA() AND c.table_name = $2$

2025/02/13 14:39:07 /home/bryan/repos/skripsi/backend/setup/setup.go:78
[2.155ms] [rows:-] SELECT a.attname as column_name, format_type(a.atttypid, a.atttypmod) AS data_type
		FROM pg_attribute a JOIN pg_class b ON a.attrelid = b.oid AND relnamespace = (SELECT oid FROM pg_catalog.pg_namespace WHERE nspname = CURRENT_SCHEMA())
		WHERE a.attnum > 0 -- hide internal columns
		AND NOT a.attisdropped -- hide deleted columns
		AND b.relname = $1$

2025/02/13 14:39:07 /home/bryan/repos/skripsi/backend/setup/setup.go:78
[3.084ms] [rows:0] SELECT description FROM pg_catalog.pg_description WHERE objsubid = (SELECT ordinal_position FROM information_schema.columns WHERE table_schema = CURRENT_SCHEMA() AND table_name = 'thumbnails' AND column_name = 'id') AND objoid = (SELECT oid FROM pg_catalog.pg_class WHERE relname = 'thumbnails' AND relnamespace = (SELECT oid FROM pg_catalog.pg_namespace WHERE nspname = CURRENT_SCHEMA()))

2025/02/13 14:39:07 /home/bryan/repos/skripsi/backend/setup/setup.go:78
[3.172ms] [rows:0] SELECT description FROM pg_catalog.pg_description WHERE objsubid = (SELECT ordinal_position FROM information_schema.columns WHERE table_schema = CURRENT_SCHEMA() AND table_name = 'thumbnails' AND column_name = 'daycare_id') AND objoid = (SELECT oid FROM pg_catalog.pg_class WHERE relname = 'thumbnails' AND relnamespace = (SELECT oid FROM pg_catalog.pg_namespace WHERE nspname = CURRENT_SCHEMA()))

2025/02/13 14:39:07 /home/bryan/repos/skripsi/backend/setup/setup.go:78
[3.103ms] [rows:0] SELECT description FROM pg_catalog.pg_description WHERE objsubid = (SELECT ordinal_position FROM information_schema.columns WHERE table_schema = CURRENT_SCHEMA() AND table_name = 'thumbnails' AND column_name = 'image_url') AND objoid = (SELECT oid FROM pg_catalog.pg_class WHERE relname = 'thumbnails' AND relnamespace = (SELECT oid FROM pg_catalog.pg_namespace WHERE nspname = CURRENT_SCHEMA()))

2025/02/13 14:39:07 /home/bryan/repos/skripsi/backend/setup/setup.go:78
[2.764ms] [rows:1] SELECT count(*) FROM INFORMATION_SCHEMA.table_constraints WHERE table_schema = CURRENT_SCHEMA() AND table_name = 'thumbnails' AND constraint_name = 'fk_pet_daycares_thumbnails'

2025/02/13 14:39:07 /home/bryan/repos/skripsi/backend/setup/setup.go:78
[2.170ms] [rows:1] SELECT count(*) FROM information_schema.tables WHERE table_schema = CURRENT_SCHEMA() AND table_name = 'reviews' AND table_type = 'BASE TABLE'

2025/02/13 14:39:07 /home/bryan/repos/skripsi/backend/setup/setup.go:78
[1.501ms] [rows:1] SELECT CURRENT_DATABASE()

2025/02/13 14:39:07 /home/bryan/repos/skripsi/backend/setup/setup.go:78
[7.821ms] [rows:-] SELECT c.column_name, c.is_nullable = 'YES', c.udt_name, c.character_maximum_length, c.numeric_precision, c.numeric_precision_radix, c.numeric_scale, c.datetime_precision, 8 * typlen, c.column_default, pd.description, c.identity_increment FROM information_schema.columns AS c JOIN pg_type AS pgt ON c.udt_name = pgt.typname LEFT JOIN pg_catalog.pg_description as pd ON pd.objsubid = c.ordinal_position AND pd.objoid = (SELECT oid FROM pg_catalog.pg_class WHERE relname = c.table_name AND relnamespace = (SELECT oid FROM pg_catalog.pg_namespace WHERE nspname = c.table_schema)) where table_catalog = $1$ AND table_schema = CURRENT_SCHEMA() AND table_name = $2$

2025/02/13 14:39:07 /home/bryan/repos/skripsi/backend/setup/setup.go:78
[2.120ms] [rows:-] SELECT * FROM "reviews" LIMIT $1$

2025/02/13 14:39:07 /home/bryan/repos/skripsi/backend/setup/setup.go:78
[6.661ms] [rows:-] SELECT constraint_name FROM information_schema.table_constraints tc JOIN information_schema.constraint_column_usage AS ccu USING (constraint_schema, constraint_catalog, table_name, constraint_name) JOIN information_schema.columns AS c ON c.table_schema = tc.constraint_schema AND tc.table_name = c.table_name AND ccu.column_name = c.column_name WHERE constraint_type IN ('PRIMARY KEY', 'UNIQUE') AND c.table_catalog = $1$ AND c.table_schema = CURRENT_SCHEMA() AND c.table_name = $2$ AND constraint_type = $3$

2025/02/13 14:39:07 /home/bryan/repos/skripsi/backend/setup/setup.go:78
[6.518ms] [rows:-] SELECT c.column_name, constraint_name, constraint_type FROM information_schema.table_constraints tc JOIN information_schema.constraint_column_usage AS ccu USING (constraint_schema, constraint_catalog, table_name, constraint_name) JOIN information_schema.columns AS c ON c.table_schema = tc.constraint_schema AND tc.table_name = c.table_name AND ccu.column_name = c.column_name WHERE constraint_type IN ('PRIMARY KEY', 'UNIQUE') AND c.table_catalog = $1$ AND c.table_schema = CURRENT_SCHEMA() AND c.table_name = $2$

2025/02/13 14:39:07 /home/bryan/repos/skripsi/backend/setup/setup.go:78
[2.119ms] [rows:-] SELECT a.attname as column_name, format_type(a.atttypid, a.atttypmod) AS data_type
		FROM pg_attribute a JOIN pg_class b ON a.attrelid = b.oid AND relnamespace = (SELECT oid FROM pg_catalog.pg_namespace WHERE nspname = CURRENT_SCHEMA())
		WHERE a.attnum > 0 -- hide internal columns
		AND NOT a.attisdropped -- hide deleted columns
		AND b.relname = $1$

2025/02/13 14:39:07 /home/bryan/repos/skripsi/backend/setup/setup.go:78
[2.950ms] [rows:0] SELECT description FROM pg_catalog.pg_description WHERE objsubid = (SELECT ordinal_position FROM information_schema.columns WHERE table_schema = CURRENT_SCHEMA() AND table_name = 'reviews' AND column_name = 'id') AND objoid = (SELECT oid FROM pg_catalog.pg_class WHERE relname = 'reviews' AND relnamespace = (SELECT oid FROM pg_catalog.pg_namespace WHERE nspname = CURRENT_SCHEMA()))

2025/02/13 14:39:07 /home/bryan/repos/skripsi/backend/setup/setup.go:78
[3.179ms] [rows:0] SELECT description FROM pg_catalog.pg_description WHERE objsubid = (SELECT ordinal_position FROM information_schema.columns WHERE table_schema = CURRENT_SCHEMA() AND table_name = 'reviews' AND column_name = 'created_at') AND objoid = (SELECT oid FROM pg_catalog.pg_class WHERE relname = 'reviews' AND relnamespace = (SELECT oid FROM pg_catalog.pg_namespace WHERE nspname = CURRENT_SCHEMA()))

2025/02/13 14:39:07 /home/bryan/repos/skripsi/backend/setup/setup.go:78
[3.288ms] [rows:0] SELECT description FROM pg_catalog.pg_description WHERE objsubid = (SELECT ordinal_position FROM information_schema.columns WHERE table_schema = CURRENT_SCHEMA() AND table_name = 'reviews' AND column_name = 'updated_at') AND objoid = (SELECT oid FROM pg_catalog.pg_class WHERE relname = 'reviews' AND relnamespace = (SELECT oid FROM pg_catalog.pg_namespace WHERE nspname = CURRENT_SCHEMA()))

2025/02/13 14:39:07 /home/bryan/repos/skripsi/backend/setup/setup.go:78
[2.948ms] [rows:0] SELECT description FROM pg_catalog.pg_description WHERE objsubid = (SELECT ordinal_position FROM information_schema.columns WHERE table_schema = CURRENT_SCHEMA() AND table_name = 'reviews' AND column_name = 'deleted_at') AND objoid = (SELECT oid FROM pg_catalog.pg_class WHERE relname = 'reviews' AND relnamespace = (SELECT oid FROM pg_catalog.pg_namespace WHERE nspname = CURRENT_SCHEMA()))

2025/02/13 14:39:07 /home/bryan/repos/skripsi/backend/setup/setup.go:78
[3.216ms] [rows:0] SELECT description FROM pg_catalog.pg_description WHERE objsubid = (SELECT ordinal_position FROM information_schema.columns WHERE table_schema = CURRENT_SCHEMA() AND table_name = 'reviews' AND column_name = 'daycare_id') AND objoid = (SELECT oid FROM pg_catalog.pg_class WHERE relname = 'reviews' AND relnamespace = (SELECT oid FROM pg_catalog.pg_namespace WHERE nspname = CURRENT_SCHEMA()))

2025/02/13 14:39:07 /home/bryan/repos/skripsi/backend/setup/setup.go:78
[2.854ms] [rows:0] SELECT description FROM pg_catalog.pg_description WHERE objsubid = (SELECT ordinal_position FROM information_schema.columns WHERE table_schema = CURRENT_SCHEMA() AND table_name = 'reviews' AND column_name = 'user_id') AND objoid = (SELECT oid FROM pg_catalog.pg_class WHERE relname = 'reviews' AND relnamespace = (SELECT oid FROM pg_catalog.pg_namespace WHERE nspname = CURRENT_SCHEMA()))

2025/02/13 14:39:07 /home/bryan/repos/skripsi/backend/setup/setup.go:78
[3.221ms] [rows:0] SELECT description FROM pg_catalog.pg_description WHERE objsubid = (SELECT ordinal_position FROM information_schema.columns WHERE table_schema = CURRENT_SCHEMA() AND table_name = 'reviews' AND column_name = 'name') AND objoid = (SELECT oid FROM pg_catalog.pg_class WHERE relname = 'reviews' AND relnamespace = (SELECT oid FROM pg_catalog.pg_namespace WHERE nspname = CURRENT_SCHEMA()))

2025/02/13 14:39:07 /home/bryan/repos/skripsi/backend/setup/setup.go:78
[3.027ms] [rows:0] SELECT description FROM pg_catalog.pg_description WHERE objsubid = (SELECT ordinal_position FROM information_schema.columns WHERE table_schema = CURRENT_SCHEMA() AND table_name = 'reviews' AND column_name = 'rate') AND objoid = (SELECT oid FROM pg_catalog.pg_class WHERE relname = 'reviews' AND relnamespace = (SELECT oid FROM pg_catalog.pg_namespace WHERE nspname = CURRENT_SCHEMA()))

2025/02/13 14:39:07 /home/bryan/repos/skripsi/backend/setup/setup.go:78
[3.398ms] [rows:0] SELECT description FROM pg_catalog.pg_description WHERE objsubid = (SELECT ordinal_position FROM information_schema.columns WHERE table_schema = CURRENT_SCHEMA() AND table_name = 'reviews' AND column_name = 'description') AND objoid = (SELECT oid FROM pg_catalog.pg_class WHERE relname = 'reviews' AND relnamespace = (SELECT oid FROM pg_catalog.pg_namespace WHERE nspname = CURRENT_SCHEMA()))

2025/02/13 14:39:07 /home/bryan/repos/skripsi/backend/setup/setup.go:78
[2.953ms] [rows:1] SELECT count(*) FROM INFORMATION_SCHEMA.table_constraints WHERE table_schema = CURRENT_SCHEMA() AND table_name = 'reviews' AND constraint_name = 'fk_pet_daycares_reviews'

2025/02/13 14:39:07 /home/bryan/repos/skripsi/backend/setup/setup.go:78
[2.395ms] [rows:1] SELECT count(*) FROM INFORMATION_SCHEMA.table_constraints WHERE table_schema = CURRENT_SCHEMA() AND table_name = 'reviews' AND constraint_name = 'fk_users_reviews'

2025/02/13 14:39:07 /home/bryan/repos/skripsi/backend/setup/setup.go:78
[5.301ms] [rows:1] SELECT count(*) FROM pg_indexes WHERE tablename = 'reviews' AND indexname = 'idx_reviews_deleted_at' AND schemaname = CURRENT_SCHEMA()

2025/02/13 14:39:07 /home/bryan/repos/skripsi/backend/setup/setup.go:78
[2.041ms] [rows:1] SELECT count(*) FROM information_schema.tables WHERE table_schema = CURRENT_SCHEMA() AND table_name = 'refresh_tokens' AND table_type = 'BASE TABLE'

2025/02/13 14:39:07 /home/bryan/repos/skripsi/backend/setup/setup.go:78
[1.722ms] [rows:1] SELECT CURRENT_DATABASE()

2025/02/13 14:39:07 /home/bryan/repos/skripsi/backend/setup/setup.go:78
[7.140ms] [rows:-] SELECT c.column_name, c.is_nullable = 'YES', c.udt_name, c.character_maximum_length, c.numeric_precision, c.numeric_precision_radix, c.numeric_scale, c.datetime_precision, 8 * typlen, c.column_default, pd.description, c.identity_increment FROM information_schema.columns AS c JOIN pg_type AS pgt ON c.udt_name = pgt.typname LEFT JOIN pg_catalog.pg_description as pd ON pd.objsubid = c.ordinal_position AND pd.objoid = (SELECT oid FROM pg_catalog.pg_class WHERE relname = c.table_name AND relnamespace = (SELECT oid FROM pg_catalog.pg_namespace WHERE nspname = c.table_schema)) where table_catalog = $1$ AND table_schema = CURRENT_SCHEMA() AND table_name = $2$

2025/02/13 14:39:07 /home/bryan/repos/skripsi/backend/setup/setup.go:78
[3.115ms] [rows:-] SELECT * FROM "refresh_tokens" LIMIT $1$

2025/02/13 14:39:07 /home/bryan/repos/skripsi/backend/setup/setup.go:78
[6.077ms] [rows:-] SELECT constraint_name FROM information_schema.table_constraints tc JOIN information_schema.constraint_column_usage AS ccu USING (constraint_schema, constraint_catalog, table_name, constraint_name) JOIN information_schema.columns AS c ON c.table_schema = tc.constraint_schema AND tc.table_name = c.table_name AND ccu.column_name = c.column_name WHERE constraint_type IN ('PRIMARY KEY', 'UNIQUE') AND c.table_catalog = $1$ AND c.table_schema = CURRENT_SCHEMA() AND c.table_name = $2$ AND constraint_type = $3$

2025/02/13 14:39:07 /home/bryan/repos/skripsi/backend/setup/setup.go:78
[6.257ms] [rows:-] SELECT c.column_name, constraint_name, constraint_type FROM information_schema.table_constraints tc JOIN information_schema.constraint_column_usage AS ccu USING (constraint_schema, constraint_catalog, table_name, constraint_name) JOIN information_schema.columns AS c ON c.table_schema = tc.constraint_schema AND tc.table_name = c.table_name AND ccu.column_name = c.column_name WHERE constraint_type IN ('PRIMARY KEY', 'UNIQUE') AND c.table_catalog = $1$ AND c.table_schema = CURRENT_SCHEMA() AND c.table_name = $2$

2025/02/13 14:39:07 /home/bryan/repos/skripsi/backend/setup/setup.go:78
[2.251ms] [rows:-] SELECT a.attname as column_name, format_type(a.atttypid, a.atttypmod) AS data_type
		FROM pg_attribute a JOIN pg_class b ON a.attrelid = b.oid AND relnamespace = (SELECT oid FROM pg_catalog.pg_namespace WHERE nspname = CURRENT_SCHEMA())
		WHERE a.attnum > 0 -- hide internal columns
		AND NOT a.attisdropped -- hide deleted columns
		AND b.relname = $1$

2025/02/13 14:39:07 /home/bryan/repos/skripsi/backend/setup/setup.go:78
[3.287ms] [rows:0] SELECT description FROM pg_catalog.pg_description WHERE objsubid = (SELECT ordinal_position FROM information_schema.columns WHERE table_schema = CURRENT_SCHEMA() AND table_name = 'refresh_tokens' AND column_name = 'id') AND objoid = (SELECT oid FROM pg_catalog.pg_class WHERE relname = 'refresh_tokens' AND relnamespace = (SELECT oid FROM pg_catalog.pg_namespace WHERE nspname = CURRENT_SCHEMA()))

2025/02/13 14:39:07 /home/bryan/repos/skripsi/backend/setup/setup.go:78
[3.205ms] [rows:0] SELECT description FROM pg_catalog.pg_description WHERE objsubid = (SELECT ordinal_position FROM information_schema.columns WHERE table_schema = CURRENT_SCHEMA() AND table_name = 'refresh_tokens' AND column_name = 'created_at') AND objoid = (SELECT oid FROM pg_catalog.pg_class WHERE relname = 'refresh_tokens' AND relnamespace = (SELECT oid FROM pg_catalog.pg_namespace WHERE nspname = CURRENT_SCHEMA()))

2025/02/13 14:39:07 /home/bryan/repos/skripsi/backend/setup/setup.go:78
[3.313ms] [rows:0] SELECT description FROM pg_catalog.pg_description WHERE objsubid = (SELECT ordinal_position FROM information_schema.columns WHERE table_schema = CURRENT_SCHEMA() AND table_name = 'refresh_tokens' AND column_name = 'updated_at') AND objoid = (SELECT oid FROM pg_catalog.pg_class WHERE relname = 'refresh_tokens' AND relnamespace = (SELECT oid FROM pg_catalog.pg_namespace WHERE nspname = CURRENT_SCHEMA()))

2025/02/13 14:39:07 /home/bryan/repos/skripsi/backend/setup/setup.go:78
[3.431ms] [rows:0] SELECT description FROM pg_catalog.pg_description WHERE objsubid = (SELECT ordinal_position FROM information_schema.columns WHERE table_schema = CURRENT_SCHEMA() AND table_name = 'refresh_tokens' AND column_name = 'deleted_at') AND objoid = (SELECT oid FROM pg_catalog.pg_class WHERE relname = 'refresh_tokens' AND relnamespace = (SELECT oid FROM pg_catalog.pg_namespace WHERE nspname = CURRENT_SCHEMA()))

2025/02/13 14:39:07 /home/bryan/repos/skripsi/backend/setup/setup.go:78
[3.425ms] [rows:0] SELECT description FROM pg_catalog.pg_description WHERE objsubid = (SELECT ordinal_position FROM information_schema.columns WHERE table_schema = CURRENT_SCHEMA() AND table_name = 'refresh_tokens' AND column_name = 'user_id') AND objoid = (SELECT oid FROM pg_catalog.pg_class WHERE relname = 'refresh_tokens' AND relnamespace = (SELECT oid FROM pg_catalog.pg_namespace WHERE nspname = CURRENT_SCHEMA()))

2025/02/13 14:39:07 /home/bryan/repos/skripsi/backend/setup/setup.go:78
[3.249ms] [rows:0] SELECT description FROM pg_catalog.pg_description WHERE objsubid = (SELECT ordinal_position FROM information_schema.columns WHERE table_schema = CURRENT_SCHEMA() AND table_name = 'refresh_tokens' AND column_name = 'token') AND objoid = (SELECT oid FROM pg_catalog.pg_class WHERE relname = 'refresh_tokens' AND relnamespace = (SELECT oid FROM pg_catalog.pg_namespace WHERE nspname = CURRENT_SCHEMA()))

2025/02/13 14:39:07 /home/bryan/repos/skripsi/backend/setup/setup.go:78
[3.268ms] [rows:0] SELECT description FROM pg_catalog.pg_description WHERE objsubid = (SELECT ordinal_position FROM information_schema.columns WHERE table_schema = CURRENT_SCHEMA() AND table_name = 'refresh_tokens' AND column_name = 'expires_at') AND objoid = (SELECT oid FROM pg_catalog.pg_class WHERE relname = 'refresh_tokens' AND relnamespace = (SELECT oid FROM pg_catalog.pg_namespace WHERE nspname = CURRENT_SCHEMA()))

2025/02/13 14:39:07 /home/bryan/repos/skripsi/backend/setup/setup.go:78
[2.228ms] [rows:1] SELECT count(*) FROM pg_indexes WHERE tablename = 'refresh_tokens' AND indexname = 'idx_refresh_tokens_deleted_at' AND schemaname = CURRENT_SCHEMA()

2025/02/13 14:39:07 /home/bryan/repos/skripsi/backend/setup/setup.go:78
[2.293ms] [rows:1] SELECT count(*) FROM pg_indexes WHERE tablename = 'refresh_tokens' AND indexname = 'idx_refresh_tokens_user_id' AND schemaname = CURRENT_SCHEMA()

2025/02/13 14:39:07 /home/bryan/repos/skripsi/backend/setup/setup.go:78
[2.323ms] [rows:1] SELECT count(*) FROM information_schema.tables WHERE table_schema = CURRENT_SCHEMA() AND table_name = 'transactions' AND table_type = 'BASE TABLE'

2025/02/13 14:39:07 /home/bryan/repos/skripsi/backend/setup/setup.go:78
[1.841ms] [rows:1] SELECT CURRENT_DATABASE()

2025/02/13 14:39:07 /home/bryan/repos/skripsi/backend/setup/setup.go:78
[7.186ms] [rows:-] SELECT c.column_name, c.is_nullable = 'YES', c.udt_name, c.character_maximum_length, c.numeric_precision, c.numeric_precision_radix, c.numeric_scale, c.datetime_precision, 8 * typlen, c.column_default, pd.description, c.identity_increment FROM information_schema.columns AS c JOIN pg_type AS pgt ON c.udt_name = pgt.typname LEFT JOIN pg_catalog.pg_description as pd ON pd.objsubid = c.ordinal_position AND pd.objoid = (SELECT oid FROM pg_catalog.pg_class WHERE relname = c.table_name AND relnamespace = (SELECT oid FROM pg_catalog.pg_namespace WHERE nspname = c.table_schema)) where table_catalog = $1$ AND table_schema = CURRENT_SCHEMA() AND table_name = $2$

2025/02/13 14:39:07 /home/bryan/repos/skripsi/backend/setup/setup.go:78
[2.014ms] [rows:-] SELECT * FROM "transactions" LIMIT $1$

2025/02/13 14:39:07 /home/bryan/repos/skripsi/backend/setup/setup.go:78
[5.145ms] [rows:-] SELECT constraint_name FROM information_schema.table_constraints tc JOIN information_schema.constraint_column_usage AS ccu USING (constraint_schema, constraint_catalog, table_name, constraint_name) JOIN information_schema.columns AS c ON c.table_schema = tc.constraint_schema AND tc.table_name = c.table_name AND ccu.column_name = c.column_name WHERE constraint_type IN ('PRIMARY KEY', 'UNIQUE') AND c.table_catalog = $1$ AND c.table_schema = CURRENT_SCHEMA() AND c.table_name = $2$ AND constraint_type = $3$

2025/02/13 14:39:07 /home/bryan/repos/skripsi/backend/setup/setup.go:78
[5.494ms] [rows:-] SELECT c.column_name, constraint_name, constraint_type FROM information_schema.table_constraints tc JOIN information_schema.constraint_column_usage AS ccu USING (constraint_schema, constraint_catalog, table_name, constraint_name) JOIN information_schema.columns AS c ON c.table_schema = tc.constraint_schema AND tc.table_name = c.table_name AND ccu.column_name = c.column_name WHERE constraint_type IN ('PRIMARY KEY', 'UNIQUE') AND c.table_catalog = $1$ AND c.table_schema = CURRENT_SCHEMA() AND c.table_name = $2$

2025/02/13 14:39:07 /home/bryan/repos/skripsi/backend/setup/setup.go:78
[2.156ms] [rows:-] SELECT a.attname as column_name, format_type(a.atttypid, a.atttypmod) AS data_type
		FROM pg_attribute a JOIN pg_class b ON a.attrelid = b.oid AND relnamespace = (SELECT oid FROM pg_catalog.pg_namespace WHERE nspname = CURRENT_SCHEMA())
		WHERE a.attnum > 0 -- hide internal columns
		AND NOT a.attisdropped -- hide deleted columns
		AND b.relname = $1$

2025/02/13 14:39:07 /home/bryan/repos/skripsi/backend/setup/setup.go:78
[3.793ms] [rows:0] SELECT description FROM pg_catalog.pg_description WHERE objsubid = (SELECT ordinal_position FROM information_schema.columns WHERE table_schema = CURRENT_SCHEMA() AND table_name = 'transactions' AND column_name = 'id') AND objoid = (SELECT oid FROM pg_catalog.pg_class WHERE relname = 'transactions' AND relnamespace = (SELECT oid FROM pg_catalog.pg_namespace WHERE nspname = CURRENT_SCHEMA()))

2025/02/13 14:39:07 /home/bryan/repos/skripsi/backend/setup/setup.go:78
[3.190ms] [rows:0] SELECT description FROM pg_catalog.pg_description WHERE objsubid = (SELECT ordinal_position FROM information_schema.columns WHERE table_schema = CURRENT_SCHEMA() AND table_name = 'transactions' AND column_name = 'created_at') AND objoid = (SELECT oid FROM pg_catalog.pg_class WHERE relname = 'transactions' AND relnamespace = (SELECT oid FROM pg_catalog.pg_namespace WHERE nspname = CURRENT_SCHEMA()))

2025/02/13 14:39:07 /home/bryan/repos/skripsi/backend/setup/setup.go:78
[3.064ms] [rows:0] SELECT description FROM pg_catalog.pg_description WHERE objsubid = (SELECT ordinal_position FROM information_schema.columns WHERE table_schema = CURRENT_SCHEMA() AND table_name = 'transactions' AND column_name = 'pet_daycare_id') AND objoid = (SELECT oid FROM pg_catalog.pg_class WHERE relname = 'transactions' AND relnamespace = (SELECT oid FROM pg_catalog.pg_namespace WHERE nspname = CURRENT_SCHEMA()))

2025/02/13 14:39:07 /home/bryan/repos/skripsi/backend/setup/setup.go:78
[3.089ms] [rows:0] SELECT description FROM pg_catalog.pg_description WHERE objsubid = (SELECT ordinal_position FROM information_schema.columns WHERE table_schema = CURRENT_SCHEMA() AND table_name = 'transactions' AND column_name = 'booked_slot_id') AND objoid = (SELECT oid FROM pg_catalog.pg_class WHERE relname = 'transactions' AND relnamespace = (SELECT oid FROM pg_catalog.pg_namespace WHERE nspname = CURRENT_SCHEMA()))

2025/02/13 14:39:07 /home/bryan/repos/skripsi/backend/setup/setup.go:78
[3.163ms] [rows:0] SELECT description FROM pg_catalog.pg_description WHERE objsubid = (SELECT ordinal_position FROM information_schema.columns WHERE table_schema = CURRENT_SCHEMA() AND table_name = 'transactions' AND column_name = 'status') AND objoid = (SELECT oid FROM pg_catalog.pg_class WHERE relname = 'transactions' AND relnamespace = (SELECT oid FROM pg_catalog.pg_namespace WHERE nspname = CURRENT_SCHEMA()))

2025/02/13 14:39:07 /home/bryan/repos/skripsi/backend/setup/setup.go:78
[2.615ms] [rows:1] SELECT count(*) FROM INFORMATION_SCHEMA.table_constraints WHERE table_schema = CURRENT_SCHEMA() AND table_name = 'transactions' AND constraint_name = 'fk_transactions_booked_slot'

2025/02/13 14:39:07 /home/bryan/repos/skripsi/backend/setup/setup.go:78
[2.866ms] [rows:1] SELECT count(*) FROM INFORMATION_SCHEMA.table_constraints WHERE table_schema = CURRENT_SCHEMA() AND table_name = 'transactions' AND constraint_name = 'fk_transactions_pet_daycare'

2025/02/13 14:39:07 /home/bryan/repos/skripsi/backend/setup/setup.go:78
[2.431ms] [rows:1] SELECT count(*) FROM information_schema.tables WHERE table_schema = CURRENT_SCHEMA() AND table_name = 'reduce_slots' AND table_type = 'BASE TABLE'

2025/02/13 14:39:07 /home/bryan/repos/skripsi/backend/setup/setup.go:78
[1.893ms] [rows:1] SELECT CURRENT_DATABASE()

2025/02/13 14:39:07 /home/bryan/repos/skripsi/backend/setup/setup.go:78
[6.771ms] [rows:-] SELECT c.column_name, c.is_nullable = 'YES', c.udt_name, c.character_maximum_length, c.numeric_precision, c.numeric_precision_radix, c.numeric_scale, c.datetime_precision, 8 * typlen, c.column_default, pd.description, c.identity_increment FROM information_schema.columns AS c JOIN pg_type AS pgt ON c.udt_name = pgt.typname LEFT JOIN pg_catalog.pg_description as pd ON pd.objsubid = c.ordinal_position AND pd.objoid = (SELECT oid FROM pg_catalog.pg_class WHERE relname = c.table_name AND relnamespace = (SELECT oid FROM pg_catalog.pg_namespace WHERE nspname = c.table_schema)) where table_catalog = $1$ AND table_schema = CURRENT_SCHEMA() AND table_name = $2$

2025/02/13 14:39:07 /home/bryan/repos/skripsi/backend/setup/setup.go:78
[1.925ms] [rows:-] SELECT * FROM "reduce_slots" LIMIT $1$

2025/02/13 14:39:07 /home/bryan/repos/skripsi/backend/setup/setup.go:78
[5.162ms] [rows:-] SELECT constraint_name FROM information_schema.table_constraints tc JOIN information_schema.constraint_column_usage AS ccu USING (constraint_schema, constraint_catalog, table_name, constraint_name) JOIN information_schema.columns AS c ON c.table_schema = tc.constraint_schema AND tc.table_name = c.table_name AND ccu.column_name = c.column_name WHERE constraint_type IN ('PRIMARY KEY', 'UNIQUE') AND c.table_catalog = $1$ AND c.table_schema = CURRENT_SCHEMA() AND c.table_name = $2$ AND constraint_type = $3$

2025/02/13 14:39:07 /home/bryan/repos/skripsi/backend/setup/setup.go:78
[5.420ms] [rows:-] SELECT c.column_name, constraint_name, constraint_type FROM information_schema.table_constraints tc JOIN information_schema.constraint_column_usage AS ccu USING (constraint_schema, constraint_catalog, table_name, constraint_name) JOIN information_schema.columns AS c ON c.table_schema = tc.constraint_schema AND tc.table_name = c.table_name AND ccu.column_name = c.column_name WHERE constraint_type IN ('PRIMARY KEY', 'UNIQUE') AND c.table_catalog = $1$ AND c.table_schema = CURRENT_SCHEMA() AND c.table_name = $2$

2025/02/13 14:39:07 /home/bryan/repos/skripsi/backend/setup/setup.go:78
[2.265ms] [rows:-] SELECT a.attname as column_name, format_type(a.atttypid, a.atttypmod) AS data_type
		FROM pg_attribute a JOIN pg_class b ON a.attrelid = b.oid AND relnamespace = (SELECT oid FROM pg_catalog.pg_namespace WHERE nspname = CURRENT_SCHEMA())
		WHERE a.attnum > 0 -- hide internal columns
		AND NOT a.attisdropped -- hide deleted columns
		AND b.relname = $1$

2025/02/13 14:39:07 /home/bryan/repos/skripsi/backend/setup/setup.go:78
[3.423ms] [rows:0] SELECT description FROM pg_catalog.pg_description WHERE objsubid = (SELECT ordinal_position FROM information_schema.columns WHERE table_schema = CURRENT_SCHEMA() AND table_name = 'reduce_slots' AND column_name = 'id') AND objoid = (SELECT oid FROM pg_catalog.pg_class WHERE relname = 'reduce_slots' AND relnamespace = (SELECT oid FROM pg_catalog.pg_namespace WHERE nspname = CURRENT_SCHEMA()))

2025/02/13 14:39:07 /home/bryan/repos/skripsi/backend/setup/setup.go:78
[2.966ms] [rows:0] SELECT description FROM pg_catalog.pg_description WHERE objsubid = (SELECT ordinal_position FROM information_schema.columns WHERE table_schema = CURRENT_SCHEMA() AND table_name = 'reduce_slots' AND column_name = 'slot_id') AND objoid = (SELECT oid FROM pg_catalog.pg_class WHERE relname = 'reduce_slots' AND relnamespace = (SELECT oid FROM pg_catalog.pg_namespace WHERE nspname = CURRENT_SCHEMA()))

2025/02/13 14:39:07 /home/bryan/repos/skripsi/backend/setup/setup.go:78
[2.874ms] [rows:0] SELECT description FROM pg_catalog.pg_description WHERE objsubid = (SELECT ordinal_position FROM information_schema.columns WHERE table_schema = CURRENT_SCHEMA() AND table_name = 'reduce_slots' AND column_name = 'reduced_count') AND objoid = (SELECT oid FROM pg_catalog.pg_class WHERE relname = 'reduce_slots' AND relnamespace = (SELECT oid FROM pg_catalog.pg_namespace WHERE nspname = CURRENT_SCHEMA()))

2025/02/13 14:39:07 /home/bryan/repos/skripsi/backend/setup/setup.go:78
[2.987ms] [rows:0] SELECT description FROM pg_catalog.pg_description WHERE objsubid = (SELECT ordinal_position FROM information_schema.columns WHERE table_schema = CURRENT_SCHEMA() AND table_name = 'reduce_slots' AND column_name = 'target_date') AND objoid = (SELECT oid FROM pg_catalog.pg_class WHERE relname = 'reduce_slots' AND relnamespace = (SELECT oid FROM pg_catalog.pg_namespace WHERE nspname = CURRENT_SCHEMA()))

2025/02/13 14:39:07 /home/bryan/repos/skripsi/backend/setup/setup.go:78
[2.067ms] [rows:1] SELECT count(*) FROM information_schema.tables WHERE table_schema = CURRENT_SCHEMA() AND table_name = 'booked_slots_dailies' AND table_type = 'BASE TABLE'

2025/02/13 14:39:07 /home/bryan/repos/skripsi/backend/setup/setup.go:78
[1.779ms] [rows:1] SELECT CURRENT_DATABASE()

2025/02/13 14:39:07 /home/bryan/repos/skripsi/backend/setup/setup.go:78
[6.918ms] [rows:-] SELECT c.column_name, c.is_nullable = 'YES', c.udt_name, c.character_maximum_length, c.numeric_precision, c.numeric_precision_radix, c.numeric_scale, c.datetime_precision, 8 * typlen, c.column_default, pd.description, c.identity_increment FROM information_schema.columns AS c JOIN pg_type AS pgt ON c.udt_name = pgt.typname LEFT JOIN pg_catalog.pg_description as pd ON pd.objsubid = c.ordinal_position AND pd.objoid = (SELECT oid FROM pg_catalog.pg_class WHERE relname = c.table_name AND relnamespace = (SELECT oid FROM pg_catalog.pg_namespace WHERE nspname = c.table_schema)) where table_catalog = $1$ AND table_schema = CURRENT_SCHEMA() AND table_name = $2$

2025/02/13 14:39:07 /home/bryan/repos/skripsi/backend/setup/setup.go:78
[3.281ms] [rows:-] SELECT * FROM "booked_slots_dailies" LIMIT $1$

2025/02/13 14:39:07 /home/bryan/repos/skripsi/backend/setup/setup.go:78
[5.122ms] [rows:-] SELECT constraint_name FROM information_schema.table_constraints tc JOIN information_schema.constraint_column_usage AS ccu USING (constraint_schema, constraint_catalog, table_name, constraint_name) JOIN information_schema.columns AS c ON c.table_schema = tc.constraint_schema AND tc.table_name = c.table_name AND ccu.column_name = c.column_name WHERE constraint_type IN ('PRIMARY KEY', 'UNIQUE') AND c.table_catalog = $1$ AND c.table_schema = CURRENT_SCHEMA() AND c.table_name = $2$ AND constraint_type = $3$

2025/02/13 14:39:07 /home/bryan/repos/skripsi/backend/setup/setup.go:78
[5.078ms] [rows:-] SELECT c.column_name, constraint_name, constraint_type FROM information_schema.table_constraints tc JOIN information_schema.constraint_column_usage AS ccu USING (constraint_schema, constraint_catalog, table_name, constraint_name) JOIN information_schema.columns AS c ON c.table_schema = tc.constraint_schema AND tc.table_name = c.table_name AND ccu.column_name = c.column_name WHERE constraint_type IN ('PRIMARY KEY', 'UNIQUE') AND c.table_catalog = $1$ AND c.table_schema = CURRENT_SCHEMA() AND c.table_name = $2$

2025/02/13 14:39:07 /home/bryan/repos/skripsi/backend/setup/setup.go:78
[2.043ms] [rows:-] SELECT a.attname as column_name, format_type(a.atttypid, a.atttypmod) AS data_type
		FROM pg_attribute a JOIN pg_class b ON a.attrelid = b.oid AND relnamespace = (SELECT oid FROM pg_catalog.pg_namespace WHERE nspname = CURRENT_SCHEMA())
		WHERE a.attnum > 0 -- hide internal columns
		AND NOT a.attisdropped -- hide deleted columns
		AND b.relname = $1$

2025/02/13 14:39:07 /home/bryan/repos/skripsi/backend/setup/setup.go:78
[2.903ms] [rows:0] SELECT description FROM pg_catalog.pg_description WHERE objsubid = (SELECT ordinal_position FROM information_schema.columns WHERE table_schema = CURRENT_SCHEMA() AND table_name = 'booked_slots_dailies' AND column_name = 'id') AND objoid = (SELECT oid FROM pg_catalog.pg_class WHERE relname = 'booked_slots_dailies' AND relnamespace = (SELECT oid FROM pg_catalog.pg_namespace WHERE nspname = CURRENT_SCHEMA()))

2025/02/13 14:39:07 /home/bryan/repos/skripsi/backend/setup/setup.go:78
[3.077ms] [rows:0] SELECT description FROM pg_catalog.pg_description WHERE objsubid = (SELECT ordinal_position FROM information_schema.columns WHERE table_schema = CURRENT_SCHEMA() AND table_name = 'booked_slots_dailies' AND column_name = 'daycare_id') AND objoid = (SELECT oid FROM pg_catalog.pg_class WHERE relname = 'booked_slots_dailies' AND relnamespace = (SELECT oid FROM pg_catalog.pg_namespace WHERE nspname = CURRENT_SCHEMA()))

2025/02/13 14:39:07 /home/bryan/repos/skripsi/backend/setup/setup.go:78
[3.009ms] [rows:0] SELECT description FROM pg_catalog.pg_description WHERE objsubid = (SELECT ordinal_position FROM information_schema.columns WHERE table_schema = CURRENT_SCHEMA() AND table_name = 'booked_slots_dailies' AND column_name = 'date') AND objoid = (SELECT oid FROM pg_catalog.pg_class WHERE relname = 'booked_slots_dailies' AND relnamespace = (SELECT oid FROM pg_catalog.pg_namespace WHERE nspname = CURRENT_SCHEMA()))

2025/02/13 14:39:07 /home/bryan/repos/skripsi/backend/setup/setup.go:78
[3.054ms] [rows:0] SELECT description FROM pg_catalog.pg_description WHERE objsubid = (SELECT ordinal_position FROM information_schema.columns WHERE table_schema = CURRENT_SCHEMA() AND table_name = 'booked_slots_dailies' AND column_name = 'slot_count') AND objoid = (SELECT oid FROM pg_catalog.pg_class WHERE relname = 'booked_slots_dailies' AND relnamespace = (SELECT oid FROM pg_catalog.pg_namespace WHERE nspname = CURRENT_SCHEMA()))

2025/02/13 14:39:07 /home/bryan/repos/skripsi/backend/setup/setup.go:78
[2.249ms] [rows:1] SELECT count(*) FROM pg_indexes WHERE tablename = 'booked_slots_dailies' AND indexname = 'idx_booked_slots_dailies_date' AND schemaname = CURRENT_SCHEMA()
[GIN-debug] [WARNING] Creating an Engine instance with the Logger and Recovery middleware already attached.

[GIN-debug] [WARNING] Running in "debug" mode. Switch to "release" mode in production.
 - using env:	export GIN_MODE=release
 - using code:	gin.SetMode(gin.ReleaseMode)

[GIN-debug] GET    /assets/*filepath         --> github.com/gin-gonic/gin.(*RouterGroup).createStaticHandler.func1 (3 handlers)
[GIN-debug] HEAD   /assets/*filepath         --> github.com/gin-gonic/gin.(*RouterGroup).createStaticHandler.func1 (3 handlers)
[GIN-debug] POST   /users                    --> github.com/BryanEgbert/skripsi/controller.(*UserController).CreateUser-fm (3 handlers)
[GIN-debug] GET    /users/vets               --> github.com/BryanEgbert/skripsi/controller.(*UserController).GetVets-fm (4 handlers)
[GIN-debug] GET    /users/:id                --> github.com/BryanEgbert/skripsi/controller.(*UserController).GetUser-fm (4 handlers)
[GIN-debug] DELETE /users                    --> github.com/BryanEgbert/skripsi/controller.(*UserController).DeleteUser-fm (4 handlers)
[GIN-debug] PUT    /users                    --> github.com/BryanEgbert/skripsi/controller.(*UserController).UpdateUserProfile-fm (4 handlers)
[GIN-debug] PATCH  /users/password           --> github.com/BryanEgbert/skripsi/controller.(*UserController).UpdateUserPassword-fm (4 handlers)
[GIN-debug] POST   /login                    --> github.com/BryanEgbert/skripsi/controller.(*AuthController).Login-fm (3 handlers)
[GIN-debug] POST   /refresh                  --> github.com/BryanEgbert/skripsi/controller.(*AuthController).RefreshToken-fm (4 handlers)
[GIN-debug] GET    /pets/:id                 --> github.com/BryanEgbert/skripsi/controller.(*PetController).GetPet-fm (4 handlers)
[GIN-debug] GET    /pets                     --> github.com/BryanEgbert/skripsi/controller.(*PetController).GetPets-fm (4 handlers)
[GIN-debug] POST   /pets                     --> github.com/BryanEgbert/skripsi/controller.(*PetController).CreatePet-fm (4 handlers)
[GIN-debug] PUT    /pets/:id                 --> github.com/BryanEgbert/skripsi/controller.(*PetController).UpdatePet-fm (4 handlers)
[GIN-debug] DELETE /pets/:id                 --> github.com/BryanEgbert/skripsi/controller.(*PetController).DeletePet-fm (4 handlers)
[GIN-debug] PATCH  /daycare/slot/:slotId     --> github.com/BryanEgbert/skripsi/controller.(*PetDaycareController).EditSlotCount-fm (4 handlers)
[GIN-debug] GET    /daycare/:id/slot         --> github.com/BryanEgbert/skripsi/controller.(*PetDaycareController).GetPetDaycareSlots-fm (4 handlers)
[GIN-debug] POST   /daycare/:id/slot         --> github.com/BryanEgbert/skripsi/controller.(*PetDaycareController).CreateSlot-fm (4 handlers)
[GIN-debug] GET    /daycare/:id/review       --> github.com/BryanEgbert/skripsi/controller.(*PetDaycareController).GetReviews-fm (4 handlers)
[GIN-debug] POST   /daycare/:id/review       --> github.com/BryanEgbert/skripsi/controller.(*PetDaycareController).CreateReview-fm (4 handlers)
[GIN-debug] DELETE /daycare/:id/review       --> github.com/BryanEgbert/skripsi/controller.(*PetDaycareController).DeleteReview-fm (4 handlers)
[GIN-debug] GET    /daycare/:id              --> github.com/BryanEgbert/skripsi/controller.(*PetDaycareController).GetPetDaycare-fm (4 handlers)
[GIN-debug] GET    /daycare                  --> github.com/BryanEgbert/skripsi/controller.(*PetDaycareController).GetPetDaycares-fm (4 handlers)
[GIN-debug] POST   /daycare                  --> github.com/BryanEgbert/skripsi/controller.(*PetDaycareController).CreatePetDaycare-fm (4 handlers)
[GIN-debug] PUT    /daycare/:id              --> github.com/BryanEgbert/skripsi/controller.(*PetDaycareController).UpdatePetDaycare-fm (4 handlers)
[GIN-debug] DELETE /daycare/:id              --> github.com/BryanEgbert/skripsi/controller.(*PetDaycareController).DeletePetDaycare-fm (4 handlers)

2025/02/13 14:39:07 /home/bryan/repos/skripsi/backend/service/pet_service.go:126
[6.021ms] [rows:1] SELECT * FROM "pets" WHERE "pets"."id" = $1$ AND "pets"."deleted_at" IS NULL ORDER BY "pets"."id" LIMIT $2$

2025/02/13 14:39:07 /home/bryan/repos/skripsi/backend/service/pet_service.go:134
[9.405ms] [rows:1] DELETE FROM "pets" WHERE "pets"."id" = $1$
[GIN] 2025/02/13 - 14:39:07 | 204 |   15.926032ms |                 | DELETE   "/pets/1"
=== RUN   TestDeletePet/On_delete_pet,_should_return_404_when_pet_ID_doesn't_exists_in_DB

2025/02/13 14:39:08 /home/bryan/repos/skripsi/backend/setup/setup.go:60
[342.564ms] [rows:0] TRUNCATE TABLE users, vet_specialties, user_vet_specialties, pet_daycares, pets, size_categories, roles, slots, booked_slots, thumbnails, species, reviews, refresh_tokens, transactions, daily_walks, daily_playtimes, reduce_slots RESTART IDENTITY CASCADE;

2025/02/13 14:39:08 /home/bryan/repos/skripsi/backend/seeder/seeder.go:18
[15.533ms] [rows:3] INSERT INTO "roles" ("name","id") VALUES ($1$,$2$),($3$,$4$),($5$,$6$) RETURNING "id"

2025/02/13 14:39:08 /home/bryan/repos/skripsi/backend/seeder/seeder.go:29
[10.615ms] [rows:4] INSERT INTO "daily_walks" ("name","id") VALUES ($1$,$2$),($3$,$4$),($5$,$6$),($7$,$8$) RETURNING "id"

2025/02/13 14:39:08 /home/bryan/repos/skripsi/backend/seeder/seeder.go:39
[13.345ms] [rows:4] INSERT INTO "daily_playtimes" ("name","id") VALUES ($1$,$2$),($3$,$4$),($5$,$6$),($7$,$8$) RETURNING "id"

2025/02/13 14:39:08 /home/bryan/repos/skripsi/backend/seeder/seeder.go:61
[13.547ms] [rows:17] INSERT INTO "vet_specialties" ("name") VALUES ($1$),($2$),($3$),($4$),($5$),($6$),($7$),($8$),($9$),($10$),($11$),($12$),($13$),($14$),($15$),($16$),($17$) RETURNING "id"

2025/02/13 14:39:08 /home/bryan/repos/skripsi/backend/seeder/seeder.go:71
[12.730ms] [rows:3] INSERT INTO "species" ("name") VALUES ($1$),($2$),($3$) RETURNING "id"

2025/02/13 14:39:08 /home/bryan/repos/skripsi/backend/seeder/seeder.go:83
[12.150ms] [rows:5] INSERT INTO "size_categories" ("name","min_weight","max_weight") VALUES ($1$,$2$,$3$),($4$,$5$,$6$),($7$,$8$,$9$),($10$,$11$,$12$),($13$,$14$,$15$) RETURNING "id"

2025/02/13 14:39:08 /home/bryan/repos/skripsi/backend/seeder/seeder.go:106
[2.192ms] [rows:0] INSERT INTO "vet_specialties" ("name","id") VALUES ($1$,$2$),($3$,$4$),($5$,$6$) ON CONFLICT DO NOTHING RETURNING "id"

2025/02/13 14:39:08 /home/bryan/repos/skripsi/backend/seeder/seeder.go:106
[3.452ms] [rows:3] INSERT INTO "user_vet_specialties" ("user_id","vet_specialty_id") VALUES ($1$,$2$),($3$,$4$),($5$,$6$) ON CONFLICT DO NOTHING

2025/02/13 14:39:08 /home/bryan/repos/skripsi/backend/seeder/seeder.go:106
[13.855ms] [rows:6] INSERT INTO "users" ("created_at","updated_at","deleted_at","name","email","password","role_id","image_url") VALUES ($1$,$2$,$3$,$4$,$5$,$6$,$7$,$8$),($9$,$10$,$11$,$12$,$13$,$14$,$15$,$16$),($17$,$18$,$19$,$20$,$21$,$22$,$23$,$24$),($25$,$26$,$27$,$28$,$29$,$30$,$31$,$32$),($33$,$34$,$35$,$36$,$37$,$38$,$39$,DEFAULT),($40$,$41$,$42$,$43$,$44$,$45$,$46$,$47$) RETURNING "id","image_url"

2025/02/13 14:39:08 /home/bryan/repos/skripsi/backend/seeder/seeder.go:148
[1.332ms] [rows:0] INSERT INTO "daily_walks" ("name","id") VALUES ($1$,$2$) ON CONFLICT DO NOTHING RETURNING "id"

2025/02/13 14:39:08 /home/bryan/repos/skripsi/backend/seeder/seeder.go:148
[1.571ms] [rows:0] INSERT INTO "daily_playtimes" ("name","id") VALUES ($1$,$2$),($3$,$4$) ON CONFLICT DO NOTHING RETURNING "id"

2025/02/13 14:39:08 /home/bryan/repos/skripsi/backend/seeder/seeder.go:148
[10.416ms] [rows:3] INSERT INTO "pet_daycares" ("created_at","updated_at","deleted_at","name","address","latitude","longitude","price","pricing_type","description","has_pickup_service","must_be_vaccinated","food_provided","grooming_available","booked_num","daily_walks_id","daily_playtime_id","owner_id","food_brand") VALUES ($1$,$2$,$3$,$4$,$5$,$6$,$7$,$8$,$9$,$10$,$11$,$12$,$13$,$14$,$15$,$16$,$17$,$18$,$19$),($20$,$21$,$22$,$23$,$24$,$25$,$26$,$27$,$28$,$29$,$30$,$31$,$32$,$33$,$34$,$35$,$36$,$37$,$38$),($39$,$40$,$41$,$42$,$43$,$44$,$45$,$46$,$47$,$48$,$49$,$50$,$51$,$52$,$53$,$54$,$55$,$56$,$57$) RETURNING "id"

2025/02/13 14:39:08 /home/bryan/repos/skripsi/backend/seeder/seeder.go:158
[5.993ms] [rows:3] INSERT INTO "slots" ("created_at","updated_at","deleted_at","daycare_id","species_id","size_category_id","max_number") VALUES ($1$,$2$,$3$,$4$,$5$,$6$,$7$),($8$,$9$,$10$,$11$,$12$,$13$,$14$),($15$,$16$,$17$,$18$,$19$,$20$,$21$) RETURNING "id"

2025/02/13 14:39:08 /home/bryan/repos/skripsi/backend/seeder/seeder.go:172
[6.721ms] [rows:2] INSERT INTO "pets" ("created_at","updated_at","deleted_at","name","image_url","status","owner_id","species_id","size_id") VALUES ($1$,$2$,$3$,$4$,$5$,$6$,$7$,$8$,$9$),($10$,$11$,$12$,$13$,$14$,$15$,$16$,$17$,$18$) RETURNING "id"

2025/02/13 14:39:08 /home/bryan/repos/skripsi/backend/seeder/seeder.go:189
[6.026ms] [rows:2] INSERT INTO "booked_slots" ("created_at","updated_at","deleted_at","user_id","daycare_id","pet_id","start_date","end_date") VALUES ($1$,$2$,$3$,$4$,$5$,$6$,$7$,$8$),($9$,$10$,$11$,$12$,$13$,$14$,$15$,$16$) RETURNING "id"

2025/02/13 14:39:08 /home/bryan/repos/skripsi/backend/seeder/seeder.go:205
[5.990ms] [rows:3] INSERT INTO "reviews" ("created_at","updated_at","deleted_at","daycare_id","user_id","name","rate","description") VALUES ($1$,$2$,$3$,$4$,$5$,$6$,$7$,$8$),($9$,$10$,$11$,$12$,$13$,$14$,$15$,$16$),($17$,$18$,$19$,$20$,$21$,$22$,$23$,$24$) RETURNING "id"

2025/02/13 14:39:08 /home/bryan/repos/skripsi/backend/seeder/seeder.go:213
[4.309ms] [rows:1] INSERT INTO "reduce_slots" ("slot_id","reduced_count","target_date") VALUES ($1$,$2$,$3$) RETURNING "id"

2025/02/13 14:39:08 /home/bryan/repos/skripsi/backend/seeder/seeder.go:222
[5.141ms] [rows:2] INSERT INTO "thumbnails" ("daycare_id","image_url") VALUES ($1$,$2$),($3$,$4$) RETURNING "id"

2025/02/13 14:39:08 /home/bryan/repos/skripsi/backend/seeder/seeder.go:230
[6.120ms] [rows:1] INSERT INTO "transactions" ("pet_daycare_id","booked_slot_id","status") VALUES ($1$,$2$,$3$) RETURNING "created_at","id"

2025/02/13 14:39:08 /home/bryan/repos/skripsi/backend/setup/setup.go:78
[15.127ms] [rows:1] SELECT count(*) FROM information_schema.tables WHERE table_schema = CURRENT_SCHEMA() AND table_name = 'roles' AND table_type = 'BASE TABLE'

2025/02/13 14:39:08 /home/bryan/repos/skripsi/backend/setup/setup.go:78
[2.000ms] [rows:1] SELECT CURRENT_DATABASE()

2025/02/13 14:39:08 /home/bryan/repos/skripsi/backend/setup/setup.go:78
[68.240ms] [rows:-] SELECT c.column_name, c.is_nullable = 'YES', c.udt_name, c.character_maximum_length, c.numeric_precision, c.numeric_precision_radix, c.numeric_scale, c.datetime_precision, 8 * typlen, c.column_default, pd.description, c.identity_increment FROM information_schema.columns AS c JOIN pg_type AS pgt ON c.udt_name = pgt.typname LEFT JOIN pg_catalog.pg_description as pd ON pd.objsubid = c.ordinal_position AND pd.objoid = (SELECT oid FROM pg_catalog.pg_class WHERE relname = c.table_name AND relnamespace = (SELECT oid FROM pg_catalog.pg_namespace WHERE nspname = c.table_schema)) where table_catalog = $1$ AND table_schema = CURRENT_SCHEMA() AND table_name = $2$

2025/02/13 14:39:08 /home/bryan/repos/skripsi/backend/setup/setup.go:78
[2.374ms] [rows:-] SELECT * FROM "roles" LIMIT $1$

2025/02/13 14:39:08 /home/bryan/repos/skripsi/backend/setup/setup.go:78
[66.507ms] [rows:-] SELECT constraint_name FROM information_schema.table_constraints tc JOIN information_schema.constraint_column_usage AS ccu USING (constraint_schema, constraint_catalog, table_name, constraint_name) JOIN information_schema.columns AS c ON c.table_schema = tc.constraint_schema AND tc.table_name = c.table_name AND ccu.column_name = c.column_name WHERE constraint_type IN ('PRIMARY KEY', 'UNIQUE') AND c.table_catalog = $1$ AND c.table_schema = CURRENT_SCHEMA() AND c.table_name = $2$ AND constraint_type = $3$

2025/02/13 14:39:08 /home/bryan/repos/skripsi/backend/setup/setup.go:78
[41.447ms] [rows:-] SELECT c.column_name, constraint_name, constraint_type FROM information_schema.table_constraints tc JOIN information_schema.constraint_column_usage AS ccu USING (constraint_schema, constraint_catalog, table_name, constraint_name) JOIN information_schema.columns AS c ON c.table_schema = tc.constraint_schema AND tc.table_name = c.table_name AND ccu.column_name = c.column_name WHERE constraint_type IN ('PRIMARY KEY', 'UNIQUE') AND c.table_catalog = $1$ AND c.table_schema = CURRENT_SCHEMA() AND c.table_name = $2$

2025/02/13 14:39:08 /home/bryan/repos/skripsi/backend/setup/setup.go:78
[3.872ms] [rows:-] SELECT a.attname as column_name, format_type(a.atttypid, a.atttypmod) AS data_type
		FROM pg_attribute a JOIN pg_class b ON a.attrelid = b.oid AND relnamespace = (SELECT oid FROM pg_catalog.pg_namespace WHERE nspname = CURRENT_SCHEMA())
		WHERE a.attnum > 0 -- hide internal columns
		AND NOT a.attisdropped -- hide deleted columns
		AND b.relname = $1$

2025/02/13 14:39:08 /home/bryan/repos/skripsi/backend/setup/setup.go:78
[8.495ms] [rows:0] SELECT description FROM pg_catalog.pg_description WHERE objsubid = (SELECT ordinal_position FROM information_schema.columns WHERE table_schema = CURRENT_SCHEMA() AND table_name = 'roles' AND column_name = 'id') AND objoid = (SELECT oid FROM pg_catalog.pg_class WHERE relname = 'roles' AND relnamespace = (SELECT oid FROM pg_catalog.pg_namespace WHERE nspname = CURRENT_SCHEMA()))

2025/02/13 14:39:08 /home/bryan/repos/skripsi/backend/setup/setup.go:78
[5.868ms] [rows:0] SELECT description FROM pg_catalog.pg_description WHERE objsubid = (SELECT ordinal_position FROM information_schema.columns WHERE table_schema = CURRENT_SCHEMA() AND table_name = 'roles' AND column_name = 'name') AND objoid = (SELECT oid FROM pg_catalog.pg_class WHERE relname = 'roles' AND relnamespace = (SELECT oid FROM pg_catalog.pg_namespace WHERE nspname = CURRENT_SCHEMA()))

2025/02/13 14:39:08 /home/bryan/repos/skripsi/backend/setup/setup.go:78
[2.103ms] [rows:1] SELECT count(*) FROM information_schema.tables WHERE table_schema = CURRENT_SCHEMA() AND table_name = 'users' AND table_type = 'BASE TABLE'

2025/02/13 14:39:08 /home/bryan/repos/skripsi/backend/setup/setup.go:78
[0.669ms] [rows:1] SELECT CURRENT_DATABASE()

2025/02/13 14:39:08 /home/bryan/repos/skripsi/backend/setup/setup.go:78
[11.788ms] [rows:-] SELECT c.column_name, c.is_nullable = 'YES', c.udt_name, c.character_maximum_length, c.numeric_precision, c.numeric_precision_radix, c.numeric_scale, c.datetime_precision, 8 * typlen, c.column_default, pd.description, c.identity_increment FROM information_schema.columns AS c JOIN pg_type AS pgt ON c.udt_name = pgt.typname LEFT JOIN pg_catalog.pg_description as pd ON pd.objsubid = c.ordinal_position AND pd.objoid = (SELECT oid FROM pg_catalog.pg_class WHERE relname = c.table_name AND relnamespace = (SELECT oid FROM pg_catalog.pg_namespace WHERE nspname = c.table_schema)) where table_catalog = $1$ AND table_schema = CURRENT_SCHEMA() AND table_name = $2$

2025/02/13 14:39:08 /home/bryan/repos/skripsi/backend/setup/setup.go:78
[0.972ms] [rows:-] SELECT * FROM "users" LIMIT $1$

2025/02/13 14:39:08 /home/bryan/repos/skripsi/backend/setup/setup.go:78
[19.164ms] [rows:-] SELECT constraint_name FROM information_schema.table_constraints tc JOIN information_schema.constraint_column_usage AS ccu USING (constraint_schema, constraint_catalog, table_name, constraint_name) JOIN information_schema.columns AS c ON c.table_schema = tc.constraint_schema AND tc.table_name = c.table_name AND ccu.column_name = c.column_name WHERE constraint_type IN ('PRIMARY KEY', 'UNIQUE') AND c.table_catalog = $1$ AND c.table_schema = CURRENT_SCHEMA() AND c.table_name = $2$ AND constraint_type = $3$

2025/02/13 14:39:08 /home/bryan/repos/skripsi/backend/setup/setup.go:78
[17.930ms] [rows:-] SELECT c.column_name, constraint_name, constraint_type FROM information_schema.table_constraints tc JOIN information_schema.constraint_column_usage AS ccu USING (constraint_schema, constraint_catalog, table_name, constraint_name) JOIN information_schema.columns AS c ON c.table_schema = tc.constraint_schema AND tc.table_name = c.table_name AND ccu.column_name = c.column_name WHERE constraint_type IN ('PRIMARY KEY', 'UNIQUE') AND c.table_catalog = $1$ AND c.table_schema = CURRENT_SCHEMA() AND c.table_name = $2$

2025/02/13 14:39:08 /home/bryan/repos/skripsi/backend/setup/setup.go:78
[1.645ms] [rows:-] SELECT a.attname as column_name, format_type(a.atttypid, a.atttypmod) AS data_type
		FROM pg_attribute a JOIN pg_class b ON a.attrelid = b.oid AND relnamespace = (SELECT oid FROM pg_catalog.pg_namespace WHERE nspname = CURRENT_SCHEMA())
		WHERE a.attnum > 0 -- hide internal columns
		AND NOT a.attisdropped -- hide deleted columns
		AND b.relname = $1$

2025/02/13 14:39:08 /home/bryan/repos/skripsi/backend/setup/setup.go:78
[5.502ms] [rows:0] SELECT description FROM pg_catalog.pg_description WHERE objsubid = (SELECT ordinal_position FROM information_schema.columns WHERE table_schema = CURRENT_SCHEMA() AND table_name = 'users' AND column_name = 'id') AND objoid = (SELECT oid FROM pg_catalog.pg_class WHERE relname = 'users' AND relnamespace = (SELECT oid FROM pg_catalog.pg_namespace WHERE nspname = CURRENT_SCHEMA()))

2025/02/13 14:39:08 /home/bryan/repos/skripsi/backend/setup/setup.go:78
[5.883ms] [rows:0] SELECT description FROM pg_catalog.pg_description WHERE objsubid = (SELECT ordinal_position FROM information_schema.columns WHERE table_schema = CURRENT_SCHEMA() AND table_name = 'users' AND column_name = 'created_at') AND objoid = (SELECT oid FROM pg_catalog.pg_class WHERE relname = 'users' AND relnamespace = (SELECT oid FROM pg_catalog.pg_namespace WHERE nspname = CURRENT_SCHEMA()))

2025/02/13 14:39:08 /home/bryan/repos/skripsi/backend/setup/setup.go:78
[6.439ms] [rows:0] SELECT description FROM pg_catalog.pg_description WHERE objsubid = (SELECT ordinal_position FROM information_schema.columns WHERE table_schema = CURRENT_SCHEMA() AND table_name = 'users' AND column_name = 'updated_at') AND objoid = (SELECT oid FROM pg_catalog.pg_class WHERE relname = 'users' AND relnamespace = (SELECT oid FROM pg_catalog.pg_namespace WHERE nspname = CURRENT_SCHEMA()))

2025/02/13 14:39:08 /home/bryan/repos/skripsi/backend/setup/setup.go:78
[5.851ms] [rows:0] SELECT description FROM pg_catalog.pg_description WHERE objsubid = (SELECT ordinal_position FROM information_schema.columns WHERE table_schema = CURRENT_SCHEMA() AND table_name = 'users' AND column_name = 'deleted_at') AND objoid = (SELECT oid FROM pg_catalog.pg_class WHERE relname = 'users' AND relnamespace = (SELECT oid FROM pg_catalog.pg_namespace WHERE nspname = CURRENT_SCHEMA()))

2025/02/13 14:39:08 /home/bryan/repos/skripsi/backend/setup/setup.go:78
[1.436ms] [rows:0] SELECT description FROM pg_catalog.pg_description WHERE objsubid = (SELECT ordinal_position FROM information_schema.columns WHERE table_schema = CURRENT_SCHEMA() AND table_name = 'users' AND column_name = 'name') AND objoid = (SELECT oid FROM pg_catalog.pg_class WHERE relname = 'users' AND relnamespace = (SELECT oid FROM pg_catalog.pg_namespace WHERE nspname = CURRENT_SCHEMA()))

2025/02/13 14:39:08 /home/bryan/repos/skripsi/backend/setup/setup.go:78
[1.678ms] [rows:0] SELECT description FROM pg_catalog.pg_description WHERE objsubid = (SELECT ordinal_position FROM information_schema.columns WHERE table_schema = CURRENT_SCHEMA() AND table_name = 'users' AND column_name = 'email') AND objoid = (SELECT oid FROM pg_catalog.pg_class WHERE relname = 'users' AND relnamespace = (SELECT oid FROM pg_catalog.pg_namespace WHERE nspname = CURRENT_SCHEMA()))

2025/02/13 14:39:08 /home/bryan/repos/skripsi/backend/setup/setup.go:78
[2.011ms] [rows:0] SELECT description FROM pg_catalog.pg_description WHERE objsubid = (SELECT ordinal_position FROM information_schema.columns WHERE table_schema = CURRENT_SCHEMA() AND table_name = 'users' AND column_name = 'password') AND objoid = (SELECT oid FROM pg_catalog.pg_class WHERE relname = 'users' AND relnamespace = (SELECT oid FROM pg_catalog.pg_namespace WHERE nspname = CURRENT_SCHEMA()))

2025/02/13 14:39:08 /home/bryan/repos/skripsi/backend/setup/setup.go:78
[1.419ms] [rows:0] SELECT description FROM pg_catalog.pg_description WHERE objsubid = (SELECT ordinal_position FROM information_schema.columns WHERE table_schema = CURRENT_SCHEMA() AND table_name = 'users' AND column_name = 'image_url') AND objoid = (SELECT oid FROM pg_catalog.pg_class WHERE relname = 'users' AND relnamespace = (SELECT oid FROM pg_catalog.pg_namespace WHERE nspname = CURRENT_SCHEMA()))

2025/02/13 14:39:08 /home/bryan/repos/skripsi/backend/setup/setup.go:78
[1.390ms] [rows:0] SELECT description FROM pg_catalog.pg_description WHERE objsubid = (SELECT ordinal_position FROM information_schema.columns WHERE table_schema = CURRENT_SCHEMA() AND table_name = 'users' AND column_name = 'role_id') AND objoid = (SELECT oid FROM pg_catalog.pg_class WHERE relname = 'users' AND relnamespace = (SELECT oid FROM pg_catalog.pg_namespace WHERE nspname = CURRENT_SCHEMA()))

2025/02/13 14:39:08 /home/bryan/repos/skripsi/backend/setup/setup.go:78
[4.767ms] [rows:1] SELECT count(*) FROM INFORMATION_SCHEMA.table_constraints WHERE table_schema = CURRENT_SCHEMA() AND table_name = 'users' AND constraint_name = 'fk_roles_users'

2025/02/13 14:39:08 /home/bryan/repos/skripsi/backend/setup/setup.go:78
[5.716ms] [rows:1] SELECT count(*) FROM pg_indexes WHERE tablename = 'users' AND indexname = 'idx_users_deleted_at' AND schemaname = CURRENT_SCHEMA()

2025/02/13 14:39:08 /home/bryan/repos/skripsi/backend/setup/setup.go:78
[2.147ms] [rows:1] SELECT count(*) FROM information_schema.tables WHERE table_schema = CURRENT_SCHEMA() AND table_name = 'vet_specialties' AND table_type = 'BASE TABLE'

2025/02/13 14:39:08 /home/bryan/repos/skripsi/backend/setup/setup.go:78
[0.739ms] [rows:1] SELECT CURRENT_DATABASE()

2025/02/13 14:39:08 /home/bryan/repos/skripsi/backend/setup/setup.go:78
[11.231ms] [rows:-] SELECT c.column_name, c.is_nullable = 'YES', c.udt_name, c.character_maximum_length, c.numeric_precision, c.numeric_precision_radix, c.numeric_scale, c.datetime_precision, 8 * typlen, c.column_default, pd.description, c.identity_increment FROM information_schema.columns AS c JOIN pg_type AS pgt ON c.udt_name = pgt.typname LEFT JOIN pg_catalog.pg_description as pd ON pd.objsubid = c.ordinal_position AND pd.objoid = (SELECT oid FROM pg_catalog.pg_class WHERE relname = c.table_name AND relnamespace = (SELECT oid FROM pg_catalog.pg_namespace WHERE nspname = c.table_schema)) where table_catalog = $1$ AND table_schema = CURRENT_SCHEMA() AND table_name = $2$

2025/02/13 14:39:08 /home/bryan/repos/skripsi/backend/setup/setup.go:78
[0.905ms] [rows:-] SELECT * FROM "vet_specialties" LIMIT $1$

2025/02/13 14:39:08 /home/bryan/repos/skripsi/backend/setup/setup.go:78
[16.045ms] [rows:-] SELECT constraint_name FROM information_schema.table_constraints tc JOIN information_schema.constraint_column_usage AS ccu USING (constraint_schema, constraint_catalog, table_name, constraint_name) JOIN information_schema.columns AS c ON c.table_schema = tc.constraint_schema AND tc.table_name = c.table_name AND ccu.column_name = c.column_name WHERE constraint_type IN ('PRIMARY KEY', 'UNIQUE') AND c.table_catalog = $1$ AND c.table_schema = CURRENT_SCHEMA() AND c.table_name = $2$ AND constraint_type = $3$

2025/02/13 14:39:08 /home/bryan/repos/skripsi/backend/setup/setup.go:78
[15.576ms] [rows:-] SELECT c.column_name, constraint_name, constraint_type FROM information_schema.table_constraints tc JOIN information_schema.constraint_column_usage AS ccu USING (constraint_schema, constraint_catalog, table_name, constraint_name) JOIN information_schema.columns AS c ON c.table_schema = tc.constraint_schema AND tc.table_name = c.table_name AND ccu.column_name = c.column_name WHERE constraint_type IN ('PRIMARY KEY', 'UNIQUE') AND c.table_catalog = $1$ AND c.table_schema = CURRENT_SCHEMA() AND c.table_name = $2$

2025/02/13 14:39:08 /home/bryan/repos/skripsi/backend/setup/setup.go:78
[1.670ms] [rows:-] SELECT a.attname as column_name, format_type(a.atttypid, a.atttypmod) AS data_type
		FROM pg_attribute a JOIN pg_class b ON a.attrelid = b.oid AND relnamespace = (SELECT oid FROM pg_catalog.pg_namespace WHERE nspname = CURRENT_SCHEMA())
		WHERE a.attnum > 0 -- hide internal columns
		AND NOT a.attisdropped -- hide deleted columns
		AND b.relname = $1$

2025/02/13 14:39:08 /home/bryan/repos/skripsi/backend/setup/setup.go:78
[1.522ms] [rows:0] SELECT description FROM pg_catalog.pg_description WHERE objsubid = (SELECT ordinal_position FROM information_schema.columns WHERE table_schema = CURRENT_SCHEMA() AND table_name = 'vet_specialties' AND column_name = 'id') AND objoid = (SELECT oid FROM pg_catalog.pg_class WHERE relname = 'vet_specialties' AND relnamespace = (SELECT oid FROM pg_catalog.pg_namespace WHERE nspname = CURRENT_SCHEMA()))

2025/02/13 14:39:08 /home/bryan/repos/skripsi/backend/setup/setup.go:78
[1.350ms] [rows:0] SELECT description FROM pg_catalog.pg_description WHERE objsubid = (SELECT ordinal_position FROM information_schema.columns WHERE table_schema = CURRENT_SCHEMA() AND table_name = 'vet_specialties' AND column_name = 'name') AND objoid = (SELECT oid FROM pg_catalog.pg_class WHERE relname = 'vet_specialties' AND relnamespace = (SELECT oid FROM pg_catalog.pg_namespace WHERE nspname = CURRENT_SCHEMA()))

2025/02/13 14:39:08 /home/bryan/repos/skripsi/backend/setup/setup.go:78
[2.068ms] [rows:1] SELECT count(*) FROM information_schema.tables WHERE table_schema = CURRENT_SCHEMA() AND table_name = 'user_vet_specialties' AND table_type = 'BASE TABLE'

2025/02/13 14:39:08 /home/bryan/repos/skripsi/backend/setup/setup.go:78
[0.731ms] [rows:1] SELECT CURRENT_DATABASE()

2025/02/13 14:39:08 /home/bryan/repos/skripsi/backend/setup/setup.go:78
[10.866ms] [rows:-] SELECT c.column_name, c.is_nullable = 'YES', c.udt_name, c.character_maximum_length, c.numeric_precision, c.numeric_precision_radix, c.numeric_scale, c.datetime_precision, 8 * typlen, c.column_default, pd.description, c.identity_increment FROM information_schema.columns AS c JOIN pg_type AS pgt ON c.udt_name = pgt.typname LEFT JOIN pg_catalog.pg_description as pd ON pd.objsubid = c.ordinal_position AND pd.objoid = (SELECT oid FROM pg_catalog.pg_class WHERE relname = c.table_name AND relnamespace = (SELECT oid FROM pg_catalog.pg_namespace WHERE nspname = c.table_schema)) where table_catalog = $1$ AND table_schema = CURRENT_SCHEMA() AND table_name = $2$

2025/02/13 14:39:08 /home/bryan/repos/skripsi/backend/setup/setup.go:78
[0.974ms] [rows:-] SELECT * FROM "user_vet_specialties" LIMIT $1$

2025/02/13 14:39:08 /home/bryan/repos/skripsi/backend/setup/setup.go:78
[20.906ms] [rows:-] SELECT constraint_name FROM information_schema.table_constraints tc JOIN information_schema.constraint_column_usage AS ccu USING (constraint_schema, constraint_catalog, table_name, constraint_name) JOIN information_schema.columns AS c ON c.table_schema = tc.constraint_schema AND tc.table_name = c.table_name AND ccu.column_name = c.column_name WHERE constraint_type IN ('PRIMARY KEY', 'UNIQUE') AND c.table_catalog = $1$ AND c.table_schema = CURRENT_SCHEMA() AND c.table_name = $2$ AND constraint_type = $3$

2025/02/13 14:39:08 /home/bryan/repos/skripsi/backend/setup/setup.go:78
[17.970ms] [rows:-] SELECT c.column_name, constraint_name, constraint_type FROM information_schema.table_constraints tc JOIN information_schema.constraint_column_usage AS ccu USING (constraint_schema, constraint_catalog, table_name, constraint_name) JOIN information_schema.columns AS c ON c.table_schema = tc.constraint_schema AND tc.table_name = c.table_name AND ccu.column_name = c.column_name WHERE constraint_type IN ('PRIMARY KEY', 'UNIQUE') AND c.table_catalog = $1$ AND c.table_schema = CURRENT_SCHEMA() AND c.table_name = $2$

2025/02/13 14:39:08 /home/bryan/repos/skripsi/backend/setup/setup.go:78
[1.585ms] [rows:-] SELECT a.attname as column_name, format_type(a.atttypid, a.atttypmod) AS data_type
		FROM pg_attribute a JOIN pg_class b ON a.attrelid = b.oid AND relnamespace = (SELECT oid FROM pg_catalog.pg_namespace WHERE nspname = CURRENT_SCHEMA())
		WHERE a.attnum > 0 -- hide internal columns
		AND NOT a.attisdropped -- hide deleted columns
		AND b.relname = $1$

2025/02/13 14:39:08 /home/bryan/repos/skripsi/backend/setup/setup.go:78
[1.362ms] [rows:0] SELECT description FROM pg_catalog.pg_description WHERE objsubid = (SELECT ordinal_position FROM information_schema.columns WHERE table_schema = CURRENT_SCHEMA() AND table_name = 'user_vet_specialties' AND column_name = 'user_id') AND objoid = (SELECT oid FROM pg_catalog.pg_class WHERE relname = 'user_vet_specialties' AND relnamespace = (SELECT oid FROM pg_catalog.pg_namespace WHERE nspname = CURRENT_SCHEMA()))

2025/02/13 14:39:08 /home/bryan/repos/skripsi/backend/setup/setup.go:78
[1.249ms] [rows:0] SELECT description FROM pg_catalog.pg_description WHERE objsubid = (SELECT ordinal_position FROM information_schema.columns WHERE table_schema = CURRENT_SCHEMA() AND table_name = 'user_vet_specialties' AND column_name = 'vet_specialty_id') AND objoid = (SELECT oid FROM pg_catalog.pg_class WHERE relname = 'user_vet_specialties' AND relnamespace = (SELECT oid FROM pg_catalog.pg_namespace WHERE nspname = CURRENT_SCHEMA()))

2025/02/13 14:39:08 /home/bryan/repos/skripsi/backend/setup/setup.go:78
[3.269ms] [rows:1] SELECT count(*) FROM INFORMATION_SCHEMA.table_constraints WHERE table_schema = CURRENT_SCHEMA() AND table_name = 'user_vet_specialties' AND constraint_name = 'fk_user_vet_specialties_user'

2025/02/13 14:39:08 /home/bryan/repos/skripsi/backend/setup/setup.go:78
[3.286ms] [rows:1] SELECT count(*) FROM INFORMATION_SCHEMA.table_constraints WHERE table_schema = CURRENT_SCHEMA() AND table_name = 'user_vet_specialties' AND constraint_name = 'fk_user_vet_specialties_vet_specialty'

2025/02/13 14:39:08 /home/bryan/repos/skripsi/backend/setup/setup.go:78
[2.338ms] [rows:1] SELECT count(*) FROM information_schema.tables WHERE table_schema = CURRENT_SCHEMA() AND table_name = 'daily_walks' AND table_type = 'BASE TABLE'

2025/02/13 14:39:08 /home/bryan/repos/skripsi/backend/setup/setup.go:78
[0.753ms] [rows:1] SELECT CURRENT_DATABASE()

2025/02/13 14:39:08 /home/bryan/repos/skripsi/backend/setup/setup.go:78
[10.898ms] [rows:-] SELECT c.column_name, c.is_nullable = 'YES', c.udt_name, c.character_maximum_length, c.numeric_precision, c.numeric_precision_radix, c.numeric_scale, c.datetime_precision, 8 * typlen, c.column_default, pd.description, c.identity_increment FROM information_schema.columns AS c JOIN pg_type AS pgt ON c.udt_name = pgt.typname LEFT JOIN pg_catalog.pg_description as pd ON pd.objsubid = c.ordinal_position AND pd.objoid = (SELECT oid FROM pg_catalog.pg_class WHERE relname = c.table_name AND relnamespace = (SELECT oid FROM pg_catalog.pg_namespace WHERE nspname = c.table_schema)) where table_catalog = $1$ AND table_schema = CURRENT_SCHEMA() AND table_name = $2$

2025/02/13 14:39:08 /home/bryan/repos/skripsi/backend/setup/setup.go:78
[1.038ms] [rows:-] SELECT * FROM "daily_walks" LIMIT $1$

2025/02/13 14:39:08 /home/bryan/repos/skripsi/backend/setup/setup.go:78
[15.364ms] [rows:-] SELECT constraint_name FROM information_schema.table_constraints tc JOIN information_schema.constraint_column_usage AS ccu USING (constraint_schema, constraint_catalog, table_name, constraint_name) JOIN information_schema.columns AS c ON c.table_schema = tc.constraint_schema AND tc.table_name = c.table_name AND ccu.column_name = c.column_name WHERE constraint_type IN ('PRIMARY KEY', 'UNIQUE') AND c.table_catalog = $1$ AND c.table_schema = CURRENT_SCHEMA() AND c.table_name = $2$ AND constraint_type = $3$

2025/02/13 14:39:09 /home/bryan/repos/skripsi/backend/setup/setup.go:78
[15.146ms] [rows:-] SELECT c.column_name, constraint_name, constraint_type FROM information_schema.table_constraints tc JOIN information_schema.constraint_column_usage AS ccu USING (constraint_schema, constraint_catalog, table_name, constraint_name) JOIN information_schema.columns AS c ON c.table_schema = tc.constraint_schema AND tc.table_name = c.table_name AND ccu.column_name = c.column_name WHERE constraint_type IN ('PRIMARY KEY', 'UNIQUE') AND c.table_catalog = $1$ AND c.table_schema = CURRENT_SCHEMA() AND c.table_name = $2$

2025/02/13 14:39:09 /home/bryan/repos/skripsi/backend/setup/setup.go:78
[1.627ms] [rows:-] SELECT a.attname as column_name, format_type(a.atttypid, a.atttypmod) AS data_type
		FROM pg_attribute a JOIN pg_class b ON a.attrelid = b.oid AND relnamespace = (SELECT oid FROM pg_catalog.pg_namespace WHERE nspname = CURRENT_SCHEMA())
		WHERE a.attnum > 0 -- hide internal columns
		AND NOT a.attisdropped -- hide deleted columns
		AND b.relname = $1$

2025/02/13 14:39:09 /home/bryan/repos/skripsi/backend/setup/setup.go:78
[1.435ms] [rows:0] SELECT description FROM pg_catalog.pg_description WHERE objsubid = (SELECT ordinal_position FROM information_schema.columns WHERE table_schema = CURRENT_SCHEMA() AND table_name = 'daily_walks' AND column_name = 'id') AND objoid = (SELECT oid FROM pg_catalog.pg_class WHERE relname = 'daily_walks' AND relnamespace = (SELECT oid FROM pg_catalog.pg_namespace WHERE nspname = CURRENT_SCHEMA()))

2025/02/13 14:39:09 /home/bryan/repos/skripsi/backend/setup/setup.go:78
[1.400ms] [rows:0] SELECT description FROM pg_catalog.pg_description WHERE objsubid = (SELECT ordinal_position FROM information_schema.columns WHERE table_schema = CURRENT_SCHEMA() AND table_name = 'daily_walks' AND column_name = 'name') AND objoid = (SELECT oid FROM pg_catalog.pg_class WHERE relname = 'daily_walks' AND relnamespace = (SELECT oid FROM pg_catalog.pg_namespace WHERE nspname = CURRENT_SCHEMA()))

2025/02/13 14:39:09 /home/bryan/repos/skripsi/backend/setup/setup.go:78
[2.126ms] [rows:1] SELECT count(*) FROM information_schema.tables WHERE table_schema = CURRENT_SCHEMA() AND table_name = 'daily_playtimes' AND table_type = 'BASE TABLE'

2025/02/13 14:39:09 /home/bryan/repos/skripsi/backend/setup/setup.go:78
[0.663ms] [rows:1] SELECT CURRENT_DATABASE()

2025/02/13 14:39:09 /home/bryan/repos/skripsi/backend/setup/setup.go:78
[10.941ms] [rows:-] SELECT c.column_name, c.is_nullable = 'YES', c.udt_name, c.character_maximum_length, c.numeric_precision, c.numeric_precision_radix, c.numeric_scale, c.datetime_precision, 8 * typlen, c.column_default, pd.description, c.identity_increment FROM information_schema.columns AS c JOIN pg_type AS pgt ON c.udt_name = pgt.typname LEFT JOIN pg_catalog.pg_description as pd ON pd.objsubid = c.ordinal_position AND pd.objoid = (SELECT oid FROM pg_catalog.pg_class WHERE relname = c.table_name AND relnamespace = (SELECT oid FROM pg_catalog.pg_namespace WHERE nspname = c.table_schema)) where table_catalog = $1$ AND table_schema = CURRENT_SCHEMA() AND table_name = $2$

2025/02/13 14:39:09 /home/bryan/repos/skripsi/backend/setup/setup.go:78
[0.971ms] [rows:-] SELECT * FROM "daily_playtimes" LIMIT $1$

2025/02/13 14:39:09 /home/bryan/repos/skripsi/backend/setup/setup.go:78
[14.871ms] [rows:-] SELECT constraint_name FROM information_schema.table_constraints tc JOIN information_schema.constraint_column_usage AS ccu USING (constraint_schema, constraint_catalog, table_name, constraint_name) JOIN information_schema.columns AS c ON c.table_schema = tc.constraint_schema AND tc.table_name = c.table_name AND ccu.column_name = c.column_name WHERE constraint_type IN ('PRIMARY KEY', 'UNIQUE') AND c.table_catalog = $1$ AND c.table_schema = CURRENT_SCHEMA() AND c.table_name = $2$ AND constraint_type = $3$

2025/02/13 14:39:09 /home/bryan/repos/skripsi/backend/setup/setup.go:78
[15.007ms] [rows:-] SELECT c.column_name, constraint_name, constraint_type FROM information_schema.table_constraints tc JOIN information_schema.constraint_column_usage AS ccu USING (constraint_schema, constraint_catalog, table_name, constraint_name) JOIN information_schema.columns AS c ON c.table_schema = tc.constraint_schema AND tc.table_name = c.table_name AND ccu.column_name = c.column_name WHERE constraint_type IN ('PRIMARY KEY', 'UNIQUE') AND c.table_catalog = $1$ AND c.table_schema = CURRENT_SCHEMA() AND c.table_name = $2$

2025/02/13 14:39:09 /home/bryan/repos/skripsi/backend/setup/setup.go:78
[1.658ms] [rows:-] SELECT a.attname as column_name, format_type(a.atttypid, a.atttypmod) AS data_type
		FROM pg_attribute a JOIN pg_class b ON a.attrelid = b.oid AND relnamespace = (SELECT oid FROM pg_catalog.pg_namespace WHERE nspname = CURRENT_SCHEMA())
		WHERE a.attnum > 0 -- hide internal columns
		AND NOT a.attisdropped -- hide deleted columns
		AND b.relname = $1$

2025/02/13 14:39:09 /home/bryan/repos/skripsi/backend/setup/setup.go:78
[1.325ms] [rows:0] SELECT description FROM pg_catalog.pg_description WHERE objsubid = (SELECT ordinal_position FROM information_schema.columns WHERE table_schema = CURRENT_SCHEMA() AND table_name = 'daily_playtimes' AND column_name = 'id') AND objoid = (SELECT oid FROM pg_catalog.pg_class WHERE relname = 'daily_playtimes' AND relnamespace = (SELECT oid FROM pg_catalog.pg_namespace WHERE nspname = CURRENT_SCHEMA()))

2025/02/13 14:39:09 /home/bryan/repos/skripsi/backend/setup/setup.go:78
[1.311ms] [rows:0] SELECT description FROM pg_catalog.pg_description WHERE objsubid = (SELECT ordinal_position FROM information_schema.columns WHERE table_schema = CURRENT_SCHEMA() AND table_name = 'daily_playtimes' AND column_name = 'name') AND objoid = (SELECT oid FROM pg_catalog.pg_class WHERE relname = 'daily_playtimes' AND relnamespace = (SELECT oid FROM pg_catalog.pg_namespace WHERE nspname = CURRENT_SCHEMA()))

2025/02/13 14:39:09 /home/bryan/repos/skripsi/backend/setup/setup.go:78
[0.974ms] [rows:1] SELECT count(*) FROM information_schema.tables WHERE table_schema = CURRENT_SCHEMA() AND table_name = 'pet_daycares' AND table_type = 'BASE TABLE'

2025/02/13 14:39:09 /home/bryan/repos/skripsi/backend/setup/setup.go:78
[0.729ms] [rows:1] SELECT CURRENT_DATABASE()

2025/02/13 14:39:09 /home/bryan/repos/skripsi/backend/setup/setup.go:78
[4.277ms] [rows:-] SELECT c.column_name, c.is_nullable = 'YES', c.udt_name, c.character_maximum_length, c.numeric_precision, c.numeric_precision_radix, c.numeric_scale, c.datetime_precision, 8 * typlen, c.column_default, pd.description, c.identity_increment FROM information_schema.columns AS c JOIN pg_type AS pgt ON c.udt_name = pgt.typname LEFT JOIN pg_catalog.pg_description as pd ON pd.objsubid = c.ordinal_position AND pd.objoid = (SELECT oid FROM pg_catalog.pg_class WHERE relname = c.table_name AND relnamespace = (SELECT oid FROM pg_catalog.pg_namespace WHERE nspname = c.table_schema)) where table_catalog = $1$ AND table_schema = CURRENT_SCHEMA() AND table_name = $2$

2025/02/13 14:39:09 /home/bryan/repos/skripsi/backend/setup/setup.go:78
[1.113ms] [rows:-] SELECT * FROM "pet_daycares" LIMIT $1$

2025/02/13 14:39:09 /home/bryan/repos/skripsi/backend/setup/setup.go:78
[6.117ms] [rows:-] SELECT constraint_name FROM information_schema.table_constraints tc JOIN information_schema.constraint_column_usage AS ccu USING (constraint_schema, constraint_catalog, table_name, constraint_name) JOIN information_schema.columns AS c ON c.table_schema = tc.constraint_schema AND tc.table_name = c.table_name AND ccu.column_name = c.column_name WHERE constraint_type IN ('PRIMARY KEY', 'UNIQUE') AND c.table_catalog = $1$ AND c.table_schema = CURRENT_SCHEMA() AND c.table_name = $2$ AND constraint_type = $3$

2025/02/13 14:39:09 /home/bryan/repos/skripsi/backend/setup/setup.go:78
[6.106ms] [rows:-] SELECT c.column_name, constraint_name, constraint_type FROM information_schema.table_constraints tc JOIN information_schema.constraint_column_usage AS ccu USING (constraint_schema, constraint_catalog, table_name, constraint_name) JOIN information_schema.columns AS c ON c.table_schema = tc.constraint_schema AND tc.table_name = c.table_name AND ccu.column_name = c.column_name WHERE constraint_type IN ('PRIMARY KEY', 'UNIQUE') AND c.table_catalog = $1$ AND c.table_schema = CURRENT_SCHEMA() AND c.table_name = $2$

2025/02/13 14:39:09 /home/bryan/repos/skripsi/backend/setup/setup.go:78
[1.006ms] [rows:-] SELECT a.attname as column_name, format_type(a.atttypid, a.atttypmod) AS data_type
		FROM pg_attribute a JOIN pg_class b ON a.attrelid = b.oid AND relnamespace = (SELECT oid FROM pg_catalog.pg_namespace WHERE nspname = CURRENT_SCHEMA())
		WHERE a.attnum > 0 -- hide internal columns
		AND NOT a.attisdropped -- hide deleted columns
		AND b.relname = $1$

2025/02/13 14:39:09 /home/bryan/repos/skripsi/backend/setup/setup.go:78
[1.409ms] [rows:0] SELECT description FROM pg_catalog.pg_description WHERE objsubid = (SELECT ordinal_position FROM information_schema.columns WHERE table_schema = CURRENT_SCHEMA() AND table_name = 'pet_daycares' AND column_name = 'id') AND objoid = (SELECT oid FROM pg_catalog.pg_class WHERE relname = 'pet_daycares' AND relnamespace = (SELECT oid FROM pg_catalog.pg_namespace WHERE nspname = CURRENT_SCHEMA()))

2025/02/13 14:39:09 /home/bryan/repos/skripsi/backend/setup/setup.go:78
[1.349ms] [rows:0] SELECT description FROM pg_catalog.pg_description WHERE objsubid = (SELECT ordinal_position FROM information_schema.columns WHERE table_schema = CURRENT_SCHEMA() AND table_name = 'pet_daycares' AND column_name = 'created_at') AND objoid = (SELECT oid FROM pg_catalog.pg_class WHERE relname = 'pet_daycares' AND relnamespace = (SELECT oid FROM pg_catalog.pg_namespace WHERE nspname = CURRENT_SCHEMA()))

2025/02/13 14:39:09 /home/bryan/repos/skripsi/backend/setup/setup.go:78
[1.492ms] [rows:0] SELECT description FROM pg_catalog.pg_description WHERE objsubid = (SELECT ordinal_position FROM information_schema.columns WHERE table_schema = CURRENT_SCHEMA() AND table_name = 'pet_daycares' AND column_name = 'updated_at') AND objoid = (SELECT oid FROM pg_catalog.pg_class WHERE relname = 'pet_daycares' AND relnamespace = (SELECT oid FROM pg_catalog.pg_namespace WHERE nspname = CURRENT_SCHEMA()))

2025/02/13 14:39:09 /home/bryan/repos/skripsi/backend/setup/setup.go:78
[1.575ms] [rows:0] SELECT description FROM pg_catalog.pg_description WHERE objsubid = (SELECT ordinal_position FROM information_schema.columns WHERE table_schema = CURRENT_SCHEMA() AND table_name = 'pet_daycares' AND column_name = 'deleted_at') AND objoid = (SELECT oid FROM pg_catalog.pg_class WHERE relname = 'pet_daycares' AND relnamespace = (SELECT oid FROM pg_catalog.pg_namespace WHERE nspname = CURRENT_SCHEMA()))

2025/02/13 14:39:09 /home/bryan/repos/skripsi/backend/setup/setup.go:78
[1.510ms] [rows:0] SELECT description FROM pg_catalog.pg_description WHERE objsubid = (SELECT ordinal_position FROM information_schema.columns WHERE table_schema = CURRENT_SCHEMA() AND table_name = 'pet_daycares' AND column_name = 'name') AND objoid = (SELECT oid FROM pg_catalog.pg_class WHERE relname = 'pet_daycares' AND relnamespace = (SELECT oid FROM pg_catalog.pg_namespace WHERE nspname = CURRENT_SCHEMA()))

2025/02/13 14:39:09 /home/bryan/repos/skripsi/backend/setup/setup.go:78
[1.542ms] [rows:0] SELECT description FROM pg_catalog.pg_description WHERE objsubid = (SELECT ordinal_position FROM information_schema.columns WHERE table_schema = CURRENT_SCHEMA() AND table_name = 'pet_daycares' AND column_name = 'address') AND objoid = (SELECT oid FROM pg_catalog.pg_class WHERE relname = 'pet_daycares' AND relnamespace = (SELECT oid FROM pg_catalog.pg_namespace WHERE nspname = CURRENT_SCHEMA()))

2025/02/13 14:39:09 /home/bryan/repos/skripsi/backend/setup/setup.go:78
[1.641ms] [rows:0] SELECT description FROM pg_catalog.pg_description WHERE objsubid = (SELECT ordinal_position FROM information_schema.columns WHERE table_schema = CURRENT_SCHEMA() AND table_name = 'pet_daycares' AND column_name = 'latitude') AND objoid = (SELECT oid FROM pg_catalog.pg_class WHERE relname = 'pet_daycares' AND relnamespace = (SELECT oid FROM pg_catalog.pg_namespace WHERE nspname = CURRENT_SCHEMA()))

2025/02/13 14:39:09 /home/bryan/repos/skripsi/backend/setup/setup.go:78
[1.466ms] [rows:0] SELECT description FROM pg_catalog.pg_description WHERE objsubid = (SELECT ordinal_position FROM information_schema.columns WHERE table_schema = CURRENT_SCHEMA() AND table_name = 'pet_daycares' AND column_name = 'longitude') AND objoid = (SELECT oid FROM pg_catalog.pg_class WHERE relname = 'pet_daycares' AND relnamespace = (SELECT oid FROM pg_catalog.pg_namespace WHERE nspname = CURRENT_SCHEMA()))

2025/02/13 14:39:09 /home/bryan/repos/skripsi/backend/setup/setup.go:78
[1.424ms] [rows:0] SELECT description FROM pg_catalog.pg_description WHERE objsubid = (SELECT ordinal_position FROM information_schema.columns WHERE table_schema = CURRENT_SCHEMA() AND table_name = 'pet_daycares' AND column_name = 'price') AND objoid = (SELECT oid FROM pg_catalog.pg_class WHERE relname = 'pet_daycares' AND relnamespace = (SELECT oid FROM pg_catalog.pg_namespace WHERE nspname = CURRENT_SCHEMA()))

2025/02/13 14:39:09 /home/bryan/repos/skripsi/backend/setup/setup.go:78
[1.601ms] [rows:0] SELECT description FROM pg_catalog.pg_description WHERE objsubid = (SELECT ordinal_position FROM information_schema.columns WHERE table_schema = CURRENT_SCHEMA() AND table_name = 'pet_daycares' AND column_name = 'pricing_type') AND objoid = (SELECT oid FROM pg_catalog.pg_class WHERE relname = 'pet_daycares' AND relnamespace = (SELECT oid FROM pg_catalog.pg_namespace WHERE nspname = CURRENT_SCHEMA()))

2025/02/13 14:39:09 /home/bryan/repos/skripsi/backend/setup/setup.go:78
[1.666ms] [rows:0] SELECT description FROM pg_catalog.pg_description WHERE objsubid = (SELECT ordinal_position FROM information_schema.columns WHERE table_schema = CURRENT_SCHEMA() AND table_name = 'pet_daycares' AND column_name = 'description') AND objoid = (SELECT oid FROM pg_catalog.pg_class WHERE relname = 'pet_daycares' AND relnamespace = (SELECT oid FROM pg_catalog.pg_namespace WHERE nspname = CURRENT_SCHEMA()))

2025/02/13 14:39:09 /home/bryan/repos/skripsi/backend/setup/setup.go:78
[1.710ms] [rows:0] SELECT description FROM pg_catalog.pg_description WHERE objsubid = (SELECT ordinal_position FROM information_schema.columns WHERE table_schema = CURRENT_SCHEMA() AND table_name = 'pet_daycares' AND column_name = 'has_pickup_service') AND objoid = (SELECT oid FROM pg_catalog.pg_class WHERE relname = 'pet_daycares' AND relnamespace = (SELECT oid FROM pg_catalog.pg_namespace WHERE nspname = CURRENT_SCHEMA()))

2025/02/13 14:39:09 /home/bryan/repos/skripsi/backend/setup/setup.go:78
[1.497ms] [rows:0] SELECT description FROM pg_catalog.pg_description WHERE objsubid = (SELECT ordinal_position FROM information_schema.columns WHERE table_schema = CURRENT_SCHEMA() AND table_name = 'pet_daycares' AND column_name = 'must_be_vaccinated') AND objoid = (SELECT oid FROM pg_catalog.pg_class WHERE relname = 'pet_daycares' AND relnamespace = (SELECT oid FROM pg_catalog.pg_namespace WHERE nspname = CURRENT_SCHEMA()))

2025/02/13 14:39:09 /home/bryan/repos/skripsi/backend/setup/setup.go:78
[1.502ms] [rows:0] SELECT description FROM pg_catalog.pg_description WHERE objsubid = (SELECT ordinal_position FROM information_schema.columns WHERE table_schema = CURRENT_SCHEMA() AND table_name = 'pet_daycares' AND column_name = 'food_provided') AND objoid = (SELECT oid FROM pg_catalog.pg_class WHERE relname = 'pet_daycares' AND relnamespace = (SELECT oid FROM pg_catalog.pg_namespace WHERE nspname = CURRENT_SCHEMA()))

2025/02/13 14:39:09 /home/bryan/repos/skripsi/backend/setup/setup.go:78
[1.471ms] [rows:0] SELECT description FROM pg_catalog.pg_description WHERE objsubid = (SELECT ordinal_position FROM information_schema.columns WHERE table_schema = CURRENT_SCHEMA() AND table_name = 'pet_daycares' AND column_name = 'grooming_available') AND objoid = (SELECT oid FROM pg_catalog.pg_class WHERE relname = 'pet_daycares' AND relnamespace = (SELECT oid FROM pg_catalog.pg_namespace WHERE nspname = CURRENT_SCHEMA()))

2025/02/13 14:39:09 /home/bryan/repos/skripsi/backend/setup/setup.go:78
[1.475ms] [rows:0] SELECT description FROM pg_catalog.pg_description WHERE objsubid = (SELECT ordinal_position FROM information_schema.columns WHERE table_schema = CURRENT_SCHEMA() AND table_name = 'pet_daycares' AND column_name = 'booked_num') AND objoid = (SELECT oid FROM pg_catalog.pg_class WHERE relname = 'pet_daycares' AND relnamespace = (SELECT oid FROM pg_catalog.pg_namespace WHERE nspname = CURRENT_SCHEMA()))

2025/02/13 14:39:09 /home/bryan/repos/skripsi/backend/setup/setup.go:78
[1.439ms] [rows:0] SELECT description FROM pg_catalog.pg_description WHERE objsubid = (SELECT ordinal_position FROM information_schema.columns WHERE table_schema = CURRENT_SCHEMA() AND table_name = 'pet_daycares' AND column_name = 'daily_walks_id') AND objoid = (SELECT oid FROM pg_catalog.pg_class WHERE relname = 'pet_daycares' AND relnamespace = (SELECT oid FROM pg_catalog.pg_namespace WHERE nspname = CURRENT_SCHEMA()))

2025/02/13 14:39:09 /home/bryan/repos/skripsi/backend/setup/setup.go:78
[1.422ms] [rows:0] SELECT description FROM pg_catalog.pg_description WHERE objsubid = (SELECT ordinal_position FROM information_schema.columns WHERE table_schema = CURRENT_SCHEMA() AND table_name = 'pet_daycares' AND column_name = 'daily_playtime_id') AND objoid = (SELECT oid FROM pg_catalog.pg_class WHERE relname = 'pet_daycares' AND relnamespace = (SELECT oid FROM pg_catalog.pg_namespace WHERE nspname = CURRENT_SCHEMA()))

2025/02/13 14:39:09 /home/bryan/repos/skripsi/backend/setup/setup.go:78
[1.761ms] [rows:0] SELECT description FROM pg_catalog.pg_description WHERE objsubid = (SELECT ordinal_position FROM information_schema.columns WHERE table_schema = CURRENT_SCHEMA() AND table_name = 'pet_daycares' AND column_name = 'owner_id') AND objoid = (SELECT oid FROM pg_catalog.pg_class WHERE relname = 'pet_daycares' AND relnamespace = (SELECT oid FROM pg_catalog.pg_namespace WHERE nspname = CURRENT_SCHEMA()))

2025/02/13 14:39:09 /home/bryan/repos/skripsi/backend/setup/setup.go:78
[1.929ms] [rows:0] SELECT description FROM pg_catalog.pg_description WHERE objsubid = (SELECT ordinal_position FROM information_schema.columns WHERE table_schema = CURRENT_SCHEMA() AND table_name = 'pet_daycares' AND column_name = 'food_brand') AND objoid = (SELECT oid FROM pg_catalog.pg_class WHERE relname = 'pet_daycares' AND relnamespace = (SELECT oid FROM pg_catalog.pg_namespace WHERE nspname = CURRENT_SCHEMA()))

2025/02/13 14:39:09 /home/bryan/repos/skripsi/backend/setup/setup.go:78
[3.794ms] [rows:1] SELECT count(*) FROM INFORMATION_SCHEMA.table_constraints WHERE table_schema = CURRENT_SCHEMA() AND table_name = 'pet_daycares' AND constraint_name = 'fk_pet_daycares_daily_walks'

2025/02/13 14:39:09 /home/bryan/repos/skripsi/backend/setup/setup.go:78
[3.988ms] [rows:1] SELECT count(*) FROM INFORMATION_SCHEMA.table_constraints WHERE table_schema = CURRENT_SCHEMA() AND table_name = 'pet_daycares' AND constraint_name = 'fk_pet_daycares_daily_playtime'

2025/02/13 14:39:09 /home/bryan/repos/skripsi/backend/setup/setup.go:78
[3.748ms] [rows:1] SELECT count(*) FROM INFORMATION_SCHEMA.table_constraints WHERE table_schema = CURRENT_SCHEMA() AND table_name = 'pet_daycares' AND constraint_name = 'fk_users_pet_daycare'

2025/02/13 14:39:09 /home/bryan/repos/skripsi/backend/setup/setup.go:78
[2.678ms] [rows:1] SELECT count(*) FROM pg_indexes WHERE tablename = 'pet_daycares' AND indexname = 'idx_pet_daycares_deleted_at' AND schemaname = CURRENT_SCHEMA()

2025/02/13 14:39:09 /home/bryan/repos/skripsi/backend/setup/setup.go:78
[1.081ms] [rows:1] SELECT count(*) FROM information_schema.tables WHERE table_schema = CURRENT_SCHEMA() AND table_name = 'species' AND table_type = 'BASE TABLE'

2025/02/13 14:39:09 /home/bryan/repos/skripsi/backend/setup/setup.go:78
[0.916ms] [rows:1] SELECT CURRENT_DATABASE()

2025/02/13 14:39:09 /home/bryan/repos/skripsi/backend/setup/setup.go:78
[3.178ms] [rows:-] SELECT c.column_name, c.is_nullable = 'YES', c.udt_name, c.character_maximum_length, c.numeric_precision, c.numeric_precision_radix, c.numeric_scale, c.datetime_precision, 8 * typlen, c.column_default, pd.description, c.identity_increment FROM information_schema.columns AS c JOIN pg_type AS pgt ON c.udt_name = pgt.typname LEFT JOIN pg_catalog.pg_description as pd ON pd.objsubid = c.ordinal_position AND pd.objoid = (SELECT oid FROM pg_catalog.pg_class WHERE relname = c.table_name AND relnamespace = (SELECT oid FROM pg_catalog.pg_namespace WHERE nspname = c.table_schema)) where table_catalog = $1$ AND table_schema = CURRENT_SCHEMA() AND table_name = $2$

2025/02/13 14:39:09 /home/bryan/repos/skripsi/backend/setup/setup.go:78
[0.982ms] [rows:-] SELECT * FROM "species" LIMIT $1$

2025/02/13 14:39:09 /home/bryan/repos/skripsi/backend/setup/setup.go:78
[2.346ms] [rows:-] SELECT constraint_name FROM information_schema.table_constraints tc JOIN information_schema.constraint_column_usage AS ccu USING (constraint_schema, constraint_catalog, table_name, constraint_name) JOIN information_schema.columns AS c ON c.table_schema = tc.constraint_schema AND tc.table_name = c.table_name AND ccu.column_name = c.column_name WHERE constraint_type IN ('PRIMARY KEY', 'UNIQUE') AND c.table_catalog = $1$ AND c.table_schema = CURRENT_SCHEMA() AND c.table_name = $2$ AND constraint_type = $3$

2025/02/13 14:39:09 /home/bryan/repos/skripsi/backend/setup/setup.go:78
[2.439ms] [rows:-] SELECT c.column_name, constraint_name, constraint_type FROM information_schema.table_constraints tc JOIN information_schema.constraint_column_usage AS ccu USING (constraint_schema, constraint_catalog, table_name, constraint_name) JOIN information_schema.columns AS c ON c.table_schema = tc.constraint_schema AND tc.table_name = c.table_name AND ccu.column_name = c.column_name WHERE constraint_type IN ('PRIMARY KEY', 'UNIQUE') AND c.table_catalog = $1$ AND c.table_schema = CURRENT_SCHEMA() AND c.table_name = $2$

2025/02/13 14:39:09 /home/bryan/repos/skripsi/backend/setup/setup.go:78
[1.158ms] [rows:-] SELECT a.attname as column_name, format_type(a.atttypid, a.atttypmod) AS data_type
		FROM pg_attribute a JOIN pg_class b ON a.attrelid = b.oid AND relnamespace = (SELECT oid FROM pg_catalog.pg_namespace WHERE nspname = CURRENT_SCHEMA())
		WHERE a.attnum > 0 -- hide internal columns
		AND NOT a.attisdropped -- hide deleted columns
		AND b.relname = $1$

2025/02/13 14:39:09 /home/bryan/repos/skripsi/backend/setup/setup.go:78
[1.515ms] [rows:0] SELECT description FROM pg_catalog.pg_description WHERE objsubid = (SELECT ordinal_position FROM information_schema.columns WHERE table_schema = CURRENT_SCHEMA() AND table_name = 'species' AND column_name = 'id') AND objoid = (SELECT oid FROM pg_catalog.pg_class WHERE relname = 'species' AND relnamespace = (SELECT oid FROM pg_catalog.pg_namespace WHERE nspname = CURRENT_SCHEMA()))

2025/02/13 14:39:09 /home/bryan/repos/skripsi/backend/setup/setup.go:78
[1.483ms] [rows:0] SELECT description FROM pg_catalog.pg_description WHERE objsubid = (SELECT ordinal_position FROM information_schema.columns WHERE table_schema = CURRENT_SCHEMA() AND table_name = 'species' AND column_name = 'name') AND objoid = (SELECT oid FROM pg_catalog.pg_class WHERE relname = 'species' AND relnamespace = (SELECT oid FROM pg_catalog.pg_namespace WHERE nspname = CURRENT_SCHEMA()))

2025/02/13 14:39:09 /home/bryan/repos/skripsi/backend/setup/setup.go:78
[1.212ms] [rows:1] SELECT count(*) FROM information_schema.tables WHERE table_schema = CURRENT_SCHEMA() AND table_name = 'size_categories' AND table_type = 'BASE TABLE'

2025/02/13 14:39:09 /home/bryan/repos/skripsi/backend/setup/setup.go:78
[0.760ms] [rows:1] SELECT CURRENT_DATABASE()

2025/02/13 14:39:09 /home/bryan/repos/skripsi/backend/setup/setup.go:78
[3.416ms] [rows:-] SELECT c.column_name, c.is_nullable = 'YES', c.udt_name, c.character_maximum_length, c.numeric_precision, c.numeric_precision_radix, c.numeric_scale, c.datetime_precision, 8 * typlen, c.column_default, pd.description, c.identity_increment FROM information_schema.columns AS c JOIN pg_type AS pgt ON c.udt_name = pgt.typname LEFT JOIN pg_catalog.pg_description as pd ON pd.objsubid = c.ordinal_position AND pd.objoid = (SELECT oid FROM pg_catalog.pg_class WHERE relname = c.table_name AND relnamespace = (SELECT oid FROM pg_catalog.pg_namespace WHERE nspname = c.table_schema)) where table_catalog = $1$ AND table_schema = CURRENT_SCHEMA() AND table_name = $2$

2025/02/13 14:39:09 /home/bryan/repos/skripsi/backend/setup/setup.go:78
[0.966ms] [rows:-] SELECT * FROM "size_categories" LIMIT $1$

2025/02/13 14:39:09 /home/bryan/repos/skripsi/backend/setup/setup.go:78
[2.534ms] [rows:-] SELECT constraint_name FROM information_schema.table_constraints tc JOIN information_schema.constraint_column_usage AS ccu USING (constraint_schema, constraint_catalog, table_name, constraint_name) JOIN information_schema.columns AS c ON c.table_schema = tc.constraint_schema AND tc.table_name = c.table_name AND ccu.column_name = c.column_name WHERE constraint_type IN ('PRIMARY KEY', 'UNIQUE') AND c.table_catalog = $1$ AND c.table_schema = CURRENT_SCHEMA() AND c.table_name = $2$ AND constraint_type = $3$

2025/02/13 14:39:09 /home/bryan/repos/skripsi/backend/setup/setup.go:78
[2.461ms] [rows:-] SELECT c.column_name, constraint_name, constraint_type FROM information_schema.table_constraints tc JOIN information_schema.constraint_column_usage AS ccu USING (constraint_schema, constraint_catalog, table_name, constraint_name) JOIN information_schema.columns AS c ON c.table_schema = tc.constraint_schema AND tc.table_name = c.table_name AND ccu.column_name = c.column_name WHERE constraint_type IN ('PRIMARY KEY', 'UNIQUE') AND c.table_catalog = $1$ AND c.table_schema = CURRENT_SCHEMA() AND c.table_name = $2$

2025/02/13 14:39:09 /home/bryan/repos/skripsi/backend/setup/setup.go:78
[0.984ms] [rows:-] SELECT a.attname as column_name, format_type(a.atttypid, a.atttypmod) AS data_type
		FROM pg_attribute a JOIN pg_class b ON a.attrelid = b.oid AND relnamespace = (SELECT oid FROM pg_catalog.pg_namespace WHERE nspname = CURRENT_SCHEMA())
		WHERE a.attnum > 0 -- hide internal columns
		AND NOT a.attisdropped -- hide deleted columns
		AND b.relname = $1$

2025/02/13 14:39:09 /home/bryan/repos/skripsi/backend/setup/setup.go:78
[1.409ms] [rows:0] SELECT description FROM pg_catalog.pg_description WHERE objsubid = (SELECT ordinal_position FROM information_schema.columns WHERE table_schema = CURRENT_SCHEMA() AND table_name = 'size_categories' AND column_name = 'id') AND objoid = (SELECT oid FROM pg_catalog.pg_class WHERE relname = 'size_categories' AND relnamespace = (SELECT oid FROM pg_catalog.pg_namespace WHERE nspname = CURRENT_SCHEMA()))

2025/02/13 14:39:09 /home/bryan/repos/skripsi/backend/setup/setup.go:78
[1.257ms] [rows:0] SELECT description FROM pg_catalog.pg_description WHERE objsubid = (SELECT ordinal_position FROM information_schema.columns WHERE table_schema = CURRENT_SCHEMA() AND table_name = 'size_categories' AND column_name = 'name') AND objoid = (SELECT oid FROM pg_catalog.pg_class WHERE relname = 'size_categories' AND relnamespace = (SELECT oid FROM pg_catalog.pg_namespace WHERE nspname = CURRENT_SCHEMA()))

2025/02/13 14:39:09 /home/bryan/repos/skripsi/backend/setup/setup.go:78
[1.419ms] [rows:0] SELECT description FROM pg_catalog.pg_description WHERE objsubid = (SELECT ordinal_position FROM information_schema.columns WHERE table_schema = CURRENT_SCHEMA() AND table_name = 'size_categories' AND column_name = 'min_weight') AND objoid = (SELECT oid FROM pg_catalog.pg_class WHERE relname = 'size_categories' AND relnamespace = (SELECT oid FROM pg_catalog.pg_namespace WHERE nspname = CURRENT_SCHEMA()))

2025/02/13 14:39:09 /home/bryan/repos/skripsi/backend/setup/setup.go:78
[1.427ms] [rows:0] SELECT description FROM pg_catalog.pg_description WHERE objsubid = (SELECT ordinal_position FROM information_schema.columns WHERE table_schema = CURRENT_SCHEMA() AND table_name = 'size_categories' AND column_name = 'max_weight') AND objoid = (SELECT oid FROM pg_catalog.pg_class WHERE relname = 'size_categories' AND relnamespace = (SELECT oid FROM pg_catalog.pg_namespace WHERE nspname = CURRENT_SCHEMA()))

2025/02/13 14:39:09 /home/bryan/repos/skripsi/backend/setup/setup.go:78
[0.902ms] [rows:1] SELECT count(*) FROM information_schema.tables WHERE table_schema = CURRENT_SCHEMA() AND table_name = 'pets' AND table_type = 'BASE TABLE'

2025/02/13 14:39:09 /home/bryan/repos/skripsi/backend/setup/setup.go:78
[0.848ms] [rows:1] SELECT CURRENT_DATABASE()

2025/02/13 14:39:09 /home/bryan/repos/skripsi/backend/setup/setup.go:78
[3.634ms] [rows:-] SELECT c.column_name, c.is_nullable = 'YES', c.udt_name, c.character_maximum_length, c.numeric_precision, c.numeric_precision_radix, c.numeric_scale, c.datetime_precision, 8 * typlen, c.column_default, pd.description, c.identity_increment FROM information_schema.columns AS c JOIN pg_type AS pgt ON c.udt_name = pgt.typname LEFT JOIN pg_catalog.pg_description as pd ON pd.objsubid = c.ordinal_position AND pd.objoid = (SELECT oid FROM pg_catalog.pg_class WHERE relname = c.table_name AND relnamespace = (SELECT oid FROM pg_catalog.pg_namespace WHERE nspname = c.table_schema)) where table_catalog = $1$ AND table_schema = CURRENT_SCHEMA() AND table_name = $2$

2025/02/13 14:39:09 /home/bryan/repos/skripsi/backend/setup/setup.go:78
[0.936ms] [rows:-] SELECT * FROM "pets" LIMIT $1$

2025/02/13 14:39:09 /home/bryan/repos/skripsi/backend/setup/setup.go:78
[3.200ms] [rows:-] SELECT constraint_name FROM information_schema.table_constraints tc JOIN information_schema.constraint_column_usage AS ccu USING (constraint_schema, constraint_catalog, table_name, constraint_name) JOIN information_schema.columns AS c ON c.table_schema = tc.constraint_schema AND tc.table_name = c.table_name AND ccu.column_name = c.column_name WHERE constraint_type IN ('PRIMARY KEY', 'UNIQUE') AND c.table_catalog = $1$ AND c.table_schema = CURRENT_SCHEMA() AND c.table_name = $2$ AND constraint_type = $3$

2025/02/13 14:39:09 /home/bryan/repos/skripsi/backend/setup/setup.go:78
[3.380ms] [rows:-] SELECT c.column_name, constraint_name, constraint_type FROM information_schema.table_constraints tc JOIN information_schema.constraint_column_usage AS ccu USING (constraint_schema, constraint_catalog, table_name, constraint_name) JOIN information_schema.columns AS c ON c.table_schema = tc.constraint_schema AND tc.table_name = c.table_name AND ccu.column_name = c.column_name WHERE constraint_type IN ('PRIMARY KEY', 'UNIQUE') AND c.table_catalog = $1$ AND c.table_schema = CURRENT_SCHEMA() AND c.table_name = $2$

2025/02/13 14:39:09 /home/bryan/repos/skripsi/backend/setup/setup.go:78
[1.040ms] [rows:-] SELECT a.attname as column_name, format_type(a.atttypid, a.atttypmod) AS data_type
		FROM pg_attribute a JOIN pg_class b ON a.attrelid = b.oid AND relnamespace = (SELECT oid FROM pg_catalog.pg_namespace WHERE nspname = CURRENT_SCHEMA())
		WHERE a.attnum > 0 -- hide internal columns
		AND NOT a.attisdropped -- hide deleted columns
		AND b.relname = $1$

2025/02/13 14:39:09 /home/bryan/repos/skripsi/backend/setup/setup.go:78
[1.454ms] [rows:0] SELECT description FROM pg_catalog.pg_description WHERE objsubid = (SELECT ordinal_position FROM information_schema.columns WHERE table_schema = CURRENT_SCHEMA() AND table_name = 'pets' AND column_name = 'id') AND objoid = (SELECT oid FROM pg_catalog.pg_class WHERE relname = 'pets' AND relnamespace = (SELECT oid FROM pg_catalog.pg_namespace WHERE nspname = CURRENT_SCHEMA()))

2025/02/13 14:39:09 /home/bryan/repos/skripsi/backend/setup/setup.go:78
[1.487ms] [rows:0] SELECT description FROM pg_catalog.pg_description WHERE objsubid = (SELECT ordinal_position FROM information_schema.columns WHERE table_schema = CURRENT_SCHEMA() AND table_name = 'pets' AND column_name = 'created_at') AND objoid = (SELECT oid FROM pg_catalog.pg_class WHERE relname = 'pets' AND relnamespace = (SELECT oid FROM pg_catalog.pg_namespace WHERE nspname = CURRENT_SCHEMA()))

2025/02/13 14:39:09 /home/bryan/repos/skripsi/backend/setup/setup.go:78
[1.394ms] [rows:0] SELECT description FROM pg_catalog.pg_description WHERE objsubid = (SELECT ordinal_position FROM information_schema.columns WHERE table_schema = CURRENT_SCHEMA() AND table_name = 'pets' AND column_name = 'updated_at') AND objoid = (SELECT oid FROM pg_catalog.pg_class WHERE relname = 'pets' AND relnamespace = (SELECT oid FROM pg_catalog.pg_namespace WHERE nspname = CURRENT_SCHEMA()))

2025/02/13 14:39:09 /home/bryan/repos/skripsi/backend/setup/setup.go:78
[1.410ms] [rows:0] SELECT description FROM pg_catalog.pg_description WHERE objsubid = (SELECT ordinal_position FROM information_schema.columns WHERE table_schema = CURRENT_SCHEMA() AND table_name = 'pets' AND column_name = 'deleted_at') AND objoid = (SELECT oid FROM pg_catalog.pg_class WHERE relname = 'pets' AND relnamespace = (SELECT oid FROM pg_catalog.pg_namespace WHERE nspname = CURRENT_SCHEMA()))

2025/02/13 14:39:09 /home/bryan/repos/skripsi/backend/setup/setup.go:78
[1.426ms] [rows:0] SELECT description FROM pg_catalog.pg_description WHERE objsubid = (SELECT ordinal_position FROM information_schema.columns WHERE table_schema = CURRENT_SCHEMA() AND table_name = 'pets' AND column_name = 'name') AND objoid = (SELECT oid FROM pg_catalog.pg_class WHERE relname = 'pets' AND relnamespace = (SELECT oid FROM pg_catalog.pg_namespace WHERE nspname = CURRENT_SCHEMA()))

2025/02/13 14:39:09 /home/bryan/repos/skripsi/backend/setup/setup.go:78
[1.526ms] [rows:0] SELECT description FROM pg_catalog.pg_description WHERE objsubid = (SELECT ordinal_position FROM information_schema.columns WHERE table_schema = CURRENT_SCHEMA() AND table_name = 'pets' AND column_name = 'image_url') AND objoid = (SELECT oid FROM pg_catalog.pg_class WHERE relname = 'pets' AND relnamespace = (SELECT oid FROM pg_catalog.pg_namespace WHERE nspname = CURRENT_SCHEMA()))

2025/02/13 14:39:09 /home/bryan/repos/skripsi/backend/setup/setup.go:78
[1.384ms] [rows:0] SELECT description FROM pg_catalog.pg_description WHERE objsubid = (SELECT ordinal_position FROM information_schema.columns WHERE table_schema = CURRENT_SCHEMA() AND table_name = 'pets' AND column_name = 'status') AND objoid = (SELECT oid FROM pg_catalog.pg_class WHERE relname = 'pets' AND relnamespace = (SELECT oid FROM pg_catalog.pg_namespace WHERE nspname = CURRENT_SCHEMA()))

2025/02/13 14:39:09 /home/bryan/repos/skripsi/backend/setup/setup.go:78
[1.483ms] [rows:0] SELECT description FROM pg_catalog.pg_description WHERE objsubid = (SELECT ordinal_position FROM information_schema.columns WHERE table_schema = CURRENT_SCHEMA() AND table_name = 'pets' AND column_name = 'owner_id') AND objoid = (SELECT oid FROM pg_catalog.pg_class WHERE relname = 'pets' AND relnamespace = (SELECT oid FROM pg_catalog.pg_namespace WHERE nspname = CURRENT_SCHEMA()))

2025/02/13 14:39:09 /home/bryan/repos/skripsi/backend/setup/setup.go:78
[1.567ms] [rows:0] SELECT description FROM pg_catalog.pg_description WHERE objsubid = (SELECT ordinal_position FROM information_schema.columns WHERE table_schema = CURRENT_SCHEMA() AND table_name = 'pets' AND column_name = 'species_id') AND objoid = (SELECT oid FROM pg_catalog.pg_class WHERE relname = 'pets' AND relnamespace = (SELECT oid FROM pg_catalog.pg_namespace WHERE nspname = CURRENT_SCHEMA()))

2025/02/13 14:39:09 /home/bryan/repos/skripsi/backend/setup/setup.go:78
[1.373ms] [rows:0] SELECT description FROM pg_catalog.pg_description WHERE objsubid = (SELECT ordinal_position FROM information_schema.columns WHERE table_schema = CURRENT_SCHEMA() AND table_name = 'pets' AND column_name = 'size_id') AND objoid = (SELECT oid FROM pg_catalog.pg_class WHERE relname = 'pets' AND relnamespace = (SELECT oid FROM pg_catalog.pg_namespace WHERE nspname = CURRENT_SCHEMA()))

2025/02/13 14:39:09 /home/bryan/repos/skripsi/backend/setup/setup.go:78
[1.249ms] [rows:1] SELECT count(*) FROM INFORMATION_SCHEMA.table_constraints WHERE table_schema = CURRENT_SCHEMA() AND table_name = 'pets' AND constraint_name = 'fk_users_pets'

2025/02/13 14:39:09 /home/bryan/repos/skripsi/backend/setup/setup.go:78
[1.236ms] [rows:1] SELECT count(*) FROM INFORMATION_SCHEMA.table_constraints WHERE table_schema = CURRENT_SCHEMA() AND table_name = 'pets' AND constraint_name = 'fk_pets_species'

2025/02/13 14:39:09 /home/bryan/repos/skripsi/backend/setup/setup.go:78
[1.156ms] [rows:1] SELECT count(*) FROM INFORMATION_SCHEMA.table_constraints WHERE table_schema = CURRENT_SCHEMA() AND table_name = 'pets' AND constraint_name = 'fk_pets_size_category'

2025/02/13 14:39:09 /home/bryan/repos/skripsi/backend/setup/setup.go:78
[2.594ms] [rows:1] SELECT count(*) FROM pg_indexes WHERE tablename = 'pets' AND indexname = 'idx_pets_deleted_at' AND schemaname = CURRENT_SCHEMA()

2025/02/13 14:39:09 /home/bryan/repos/skripsi/backend/setup/setup.go:78
[1.035ms] [rows:1] SELECT count(*) FROM information_schema.tables WHERE table_schema = CURRENT_SCHEMA() AND table_name = 'slots' AND table_type = 'BASE TABLE'

2025/02/13 14:39:09 /home/bryan/repos/skripsi/backend/setup/setup.go:78
[0.944ms] [rows:1] SELECT CURRENT_DATABASE()

2025/02/13 14:39:09 /home/bryan/repos/skripsi/backend/setup/setup.go:78
[3.572ms] [rows:-] SELECT c.column_name, c.is_nullable = 'YES', c.udt_name, c.character_maximum_length, c.numeric_precision, c.numeric_precision_radix, c.numeric_scale, c.datetime_precision, 8 * typlen, c.column_default, pd.description, c.identity_increment FROM information_schema.columns AS c JOIN pg_type AS pgt ON c.udt_name = pgt.typname LEFT JOIN pg_catalog.pg_description as pd ON pd.objsubid = c.ordinal_position AND pd.objoid = (SELECT oid FROM pg_catalog.pg_class WHERE relname = c.table_name AND relnamespace = (SELECT oid FROM pg_catalog.pg_namespace WHERE nspname = c.table_schema)) where table_catalog = $1$ AND table_schema = CURRENT_SCHEMA() AND table_name = $2$

2025/02/13 14:39:09 /home/bryan/repos/skripsi/backend/setup/setup.go:78
[1.232ms] [rows:-] SELECT * FROM "slots" LIMIT $1$

2025/02/13 14:39:09 /home/bryan/repos/skripsi/backend/setup/setup.go:78
[3.701ms] [rows:-] SELECT constraint_name FROM information_schema.table_constraints tc JOIN information_schema.constraint_column_usage AS ccu USING (constraint_schema, constraint_catalog, table_name, constraint_name) JOIN information_schema.columns AS c ON c.table_schema = tc.constraint_schema AND tc.table_name = c.table_name AND ccu.column_name = c.column_name WHERE constraint_type IN ('PRIMARY KEY', 'UNIQUE') AND c.table_catalog = $1$ AND c.table_schema = CURRENT_SCHEMA() AND c.table_name = $2$ AND constraint_type = $3$

2025/02/13 14:39:09 /home/bryan/repos/skripsi/backend/setup/setup.go:78
[3.823ms] [rows:-] SELECT c.column_name, constraint_name, constraint_type FROM information_schema.table_constraints tc JOIN information_schema.constraint_column_usage AS ccu USING (constraint_schema, constraint_catalog, table_name, constraint_name) JOIN information_schema.columns AS c ON c.table_schema = tc.constraint_schema AND tc.table_name = c.table_name AND ccu.column_name = c.column_name WHERE constraint_type IN ('PRIMARY KEY', 'UNIQUE') AND c.table_catalog = $1$ AND c.table_schema = CURRENT_SCHEMA() AND c.table_name = $2$

2025/02/13 14:39:09 /home/bryan/repos/skripsi/backend/setup/setup.go:78
[1.338ms] [rows:-] SELECT a.attname as column_name, format_type(a.atttypid, a.atttypmod) AS data_type
		FROM pg_attribute a JOIN pg_class b ON a.attrelid = b.oid AND relnamespace = (SELECT oid FROM pg_catalog.pg_namespace WHERE nspname = CURRENT_SCHEMA())
		WHERE a.attnum > 0 -- hide internal columns
		AND NOT a.attisdropped -- hide deleted columns
		AND b.relname = $1$

2025/02/13 14:39:09 /home/bryan/repos/skripsi/backend/setup/setup.go:78
[2.141ms] [rows:0] SELECT description FROM pg_catalog.pg_description WHERE objsubid = (SELECT ordinal_position FROM information_schema.columns WHERE table_schema = CURRENT_SCHEMA() AND table_name = 'slots' AND column_name = 'id') AND objoid = (SELECT oid FROM pg_catalog.pg_class WHERE relname = 'slots' AND relnamespace = (SELECT oid FROM pg_catalog.pg_namespace WHERE nspname = CURRENT_SCHEMA()))

2025/02/13 14:39:09 /home/bryan/repos/skripsi/backend/setup/setup.go:78
[2.292ms] [rows:0] SELECT description FROM pg_catalog.pg_description WHERE objsubid = (SELECT ordinal_position FROM information_schema.columns WHERE table_schema = CURRENT_SCHEMA() AND table_name = 'slots' AND column_name = 'created_at') AND objoid = (SELECT oid FROM pg_catalog.pg_class WHERE relname = 'slots' AND relnamespace = (SELECT oid FROM pg_catalog.pg_namespace WHERE nspname = CURRENT_SCHEMA()))

2025/02/13 14:39:09 /home/bryan/repos/skripsi/backend/setup/setup.go:78
[2.415ms] [rows:0] SELECT description FROM pg_catalog.pg_description WHERE objsubid = (SELECT ordinal_position FROM information_schema.columns WHERE table_schema = CURRENT_SCHEMA() AND table_name = 'slots' AND column_name = 'updated_at') AND objoid = (SELECT oid FROM pg_catalog.pg_class WHERE relname = 'slots' AND relnamespace = (SELECT oid FROM pg_catalog.pg_namespace WHERE nspname = CURRENT_SCHEMA()))

2025/02/13 14:39:09 /home/bryan/repos/skripsi/backend/setup/setup.go:78
[2.213ms] [rows:0] SELECT description FROM pg_catalog.pg_description WHERE objsubid = (SELECT ordinal_position FROM information_schema.columns WHERE table_schema = CURRENT_SCHEMA() AND table_name = 'slots' AND column_name = 'deleted_at') AND objoid = (SELECT oid FROM pg_catalog.pg_class WHERE relname = 'slots' AND relnamespace = (SELECT oid FROM pg_catalog.pg_namespace WHERE nspname = CURRENT_SCHEMA()))

2025/02/13 14:39:09 /home/bryan/repos/skripsi/backend/setup/setup.go:78
[1.990ms] [rows:0] SELECT description FROM pg_catalog.pg_description WHERE objsubid = (SELECT ordinal_position FROM information_schema.columns WHERE table_schema = CURRENT_SCHEMA() AND table_name = 'slots' AND column_name = 'daycare_id') AND objoid = (SELECT oid FROM pg_catalog.pg_class WHERE relname = 'slots' AND relnamespace = (SELECT oid FROM pg_catalog.pg_namespace WHERE nspname = CURRENT_SCHEMA()))

2025/02/13 14:39:09 /home/bryan/repos/skripsi/backend/setup/setup.go:78
[2.015ms] [rows:0] SELECT description FROM pg_catalog.pg_description WHERE objsubid = (SELECT ordinal_position FROM information_schema.columns WHERE table_schema = CURRENT_SCHEMA() AND table_name = 'slots' AND column_name = 'species_id') AND objoid = (SELECT oid FROM pg_catalog.pg_class WHERE relname = 'slots' AND relnamespace = (SELECT oid FROM pg_catalog.pg_namespace WHERE nspname = CURRENT_SCHEMA()))

2025/02/13 14:39:09 /home/bryan/repos/skripsi/backend/setup/setup.go:78
[1.991ms] [rows:0] SELECT description FROM pg_catalog.pg_description WHERE objsubid = (SELECT ordinal_position FROM information_schema.columns WHERE table_schema = CURRENT_SCHEMA() AND table_name = 'slots' AND column_name = 'size_category_id') AND objoid = (SELECT oid FROM pg_catalog.pg_class WHERE relname = 'slots' AND relnamespace = (SELECT oid FROM pg_catalog.pg_namespace WHERE nspname = CURRENT_SCHEMA()))

2025/02/13 14:39:09 /home/bryan/repos/skripsi/backend/setup/setup.go:78
[2.094ms] [rows:0] SELECT description FROM pg_catalog.pg_description WHERE objsubid = (SELECT ordinal_position FROM information_schema.columns WHERE table_schema = CURRENT_SCHEMA() AND table_name = 'slots' AND column_name = 'max_number') AND objoid = (SELECT oid FROM pg_catalog.pg_class WHERE relname = 'slots' AND relnamespace = (SELECT oid FROM pg_catalog.pg_namespace WHERE nspname = CURRENT_SCHEMA()))

2025/02/13 14:39:09 /home/bryan/repos/skripsi/backend/setup/setup.go:78
[1.720ms] [rows:1] SELECT count(*) FROM INFORMATION_SCHEMA.table_constraints WHERE table_schema = CURRENT_SCHEMA() AND table_name = 'slots' AND constraint_name = 'fk_pet_daycares_slots'

2025/02/13 14:39:09 /home/bryan/repos/skripsi/backend/setup/setup.go:78
[3.840ms] [rows:1] SELECT count(*) FROM pg_indexes WHERE tablename = 'slots' AND indexname = 'idx_slots_deleted_at' AND schemaname = CURRENT_SCHEMA()

2025/02/13 14:39:09 /home/bryan/repos/skripsi/backend/setup/setup.go:78
[1.443ms] [rows:1] SELECT count(*) FROM information_schema.tables WHERE table_schema = CURRENT_SCHEMA() AND table_name = 'booked_slots' AND table_type = 'BASE TABLE'

2025/02/13 14:39:09 /home/bryan/repos/skripsi/backend/setup/setup.go:78
[1.069ms] [rows:1] SELECT CURRENT_DATABASE()

2025/02/13 14:39:09 /home/bryan/repos/skripsi/backend/setup/setup.go:78
[5.606ms] [rows:-] SELECT c.column_name, c.is_nullable = 'YES', c.udt_name, c.character_maximum_length, c.numeric_precision, c.numeric_precision_radix, c.numeric_scale, c.datetime_precision, 8 * typlen, c.column_default, pd.description, c.identity_increment FROM information_schema.columns AS c JOIN pg_type AS pgt ON c.udt_name = pgt.typname LEFT JOIN pg_catalog.pg_description as pd ON pd.objsubid = c.ordinal_position AND pd.objoid = (SELECT oid FROM pg_catalog.pg_class WHERE relname = c.table_name AND relnamespace = (SELECT oid FROM pg_catalog.pg_namespace WHERE nspname = c.table_schema)) where table_catalog = $1$ AND table_schema = CURRENT_SCHEMA() AND table_name = $2$

2025/02/13 14:39:09 /home/bryan/repos/skripsi/backend/setup/setup.go:78
[1.336ms] [rows:-] SELECT * FROM "booked_slots" LIMIT $1$

2025/02/13 14:39:09 /home/bryan/repos/skripsi/backend/setup/setup.go:78
[4.485ms] [rows:-] SELECT constraint_name FROM information_schema.table_constraints tc JOIN information_schema.constraint_column_usage AS ccu USING (constraint_schema, constraint_catalog, table_name, constraint_name) JOIN information_schema.columns AS c ON c.table_schema = tc.constraint_schema AND tc.table_name = c.table_name AND ccu.column_name = c.column_name WHERE constraint_type IN ('PRIMARY KEY', 'UNIQUE') AND c.table_catalog = $1$ AND c.table_schema = CURRENT_SCHEMA() AND c.table_name = $2$ AND constraint_type = $3$

2025/02/13 14:39:09 /home/bryan/repos/skripsi/backend/setup/setup.go:78
[4.564ms] [rows:-] SELECT c.column_name, constraint_name, constraint_type FROM information_schema.table_constraints tc JOIN information_schema.constraint_column_usage AS ccu USING (constraint_schema, constraint_catalog, table_name, constraint_name) JOIN information_schema.columns AS c ON c.table_schema = tc.constraint_schema AND tc.table_name = c.table_name AND ccu.column_name = c.column_name WHERE constraint_type IN ('PRIMARY KEY', 'UNIQUE') AND c.table_catalog = $1$ AND c.table_schema = CURRENT_SCHEMA() AND c.table_name = $2$

2025/02/13 14:39:09 /home/bryan/repos/skripsi/backend/setup/setup.go:78
[1.320ms] [rows:-] SELECT a.attname as column_name, format_type(a.atttypid, a.atttypmod) AS data_type
		FROM pg_attribute a JOIN pg_class b ON a.attrelid = b.oid AND relnamespace = (SELECT oid FROM pg_catalog.pg_namespace WHERE nspname = CURRENT_SCHEMA())
		WHERE a.attnum > 0 -- hide internal columns
		AND NOT a.attisdropped -- hide deleted columns
		AND b.relname = $1$

2025/02/13 14:39:09 /home/bryan/repos/skripsi/backend/setup/setup.go:78
[2.225ms] [rows:0] SELECT description FROM pg_catalog.pg_description WHERE objsubid = (SELECT ordinal_position FROM information_schema.columns WHERE table_schema = CURRENT_SCHEMA() AND table_name = 'booked_slots' AND column_name = 'id') AND objoid = (SELECT oid FROM pg_catalog.pg_class WHERE relname = 'booked_slots' AND relnamespace = (SELECT oid FROM pg_catalog.pg_namespace WHERE nspname = CURRENT_SCHEMA()))

2025/02/13 14:39:09 /home/bryan/repos/skripsi/backend/setup/setup.go:78
[2.014ms] [rows:0] SELECT description FROM pg_catalog.pg_description WHERE objsubid = (SELECT ordinal_position FROM information_schema.columns WHERE table_schema = CURRENT_SCHEMA() AND table_name = 'booked_slots' AND column_name = 'created_at') AND objoid = (SELECT oid FROM pg_catalog.pg_class WHERE relname = 'booked_slots' AND relnamespace = (SELECT oid FROM pg_catalog.pg_namespace WHERE nspname = CURRENT_SCHEMA()))

2025/02/13 14:39:09 /home/bryan/repos/skripsi/backend/setup/setup.go:78
[2.055ms] [rows:0] SELECT description FROM pg_catalog.pg_description WHERE objsubid = (SELECT ordinal_position FROM information_schema.columns WHERE table_schema = CURRENT_SCHEMA() AND table_name = 'booked_slots' AND column_name = 'updated_at') AND objoid = (SELECT oid FROM pg_catalog.pg_class WHERE relname = 'booked_slots' AND relnamespace = (SELECT oid FROM pg_catalog.pg_namespace WHERE nspname = CURRENT_SCHEMA()))

2025/02/13 14:39:09 /home/bryan/repos/skripsi/backend/setup/setup.go:78
[1.959ms] [rows:0] SELECT description FROM pg_catalog.pg_description WHERE objsubid = (SELECT ordinal_position FROM information_schema.columns WHERE table_schema = CURRENT_SCHEMA() AND table_name = 'booked_slots' AND column_name = 'deleted_at') AND objoid = (SELECT oid FROM pg_catalog.pg_class WHERE relname = 'booked_slots' AND relnamespace = (SELECT oid FROM pg_catalog.pg_namespace WHERE nspname = CURRENT_SCHEMA()))

2025/02/13 14:39:09 /home/bryan/repos/skripsi/backend/setup/setup.go:78
[2.174ms] [rows:0] SELECT description FROM pg_catalog.pg_description WHERE objsubid = (SELECT ordinal_position FROM information_schema.columns WHERE table_schema = CURRENT_SCHEMA() AND table_name = 'booked_slots' AND column_name = 'user_id') AND objoid = (SELECT oid FROM pg_catalog.pg_class WHERE relname = 'booked_slots' AND relnamespace = (SELECT oid FROM pg_catalog.pg_namespace WHERE nspname = CURRENT_SCHEMA()))

2025/02/13 14:39:09 /home/bryan/repos/skripsi/backend/setup/setup.go:78
[2.163ms] [rows:0] SELECT description FROM pg_catalog.pg_description WHERE objsubid = (SELECT ordinal_position FROM information_schema.columns WHERE table_schema = CURRENT_SCHEMA() AND table_name = 'booked_slots' AND column_name = 'daycare_id') AND objoid = (SELECT oid FROM pg_catalog.pg_class WHERE relname = 'booked_slots' AND relnamespace = (SELECT oid FROM pg_catalog.pg_namespace WHERE nspname = CURRENT_SCHEMA()))

2025/02/13 14:39:09 /home/bryan/repos/skripsi/backend/setup/setup.go:78
[2.143ms] [rows:0] SELECT description FROM pg_catalog.pg_description WHERE objsubid = (SELECT ordinal_position FROM information_schema.columns WHERE table_schema = CURRENT_SCHEMA() AND table_name = 'booked_slots' AND column_name = 'pet_id') AND objoid = (SELECT oid FROM pg_catalog.pg_class WHERE relname = 'booked_slots' AND relnamespace = (SELECT oid FROM pg_catalog.pg_namespace WHERE nspname = CURRENT_SCHEMA()))

2025/02/13 14:39:09 /home/bryan/repos/skripsi/backend/setup/setup.go:78
[2.057ms] [rows:0] SELECT description FROM pg_catalog.pg_description WHERE objsubid = (SELECT ordinal_position FROM information_schema.columns WHERE table_schema = CURRENT_SCHEMA() AND table_name = 'booked_slots' AND column_name = 'start_date') AND objoid = (SELECT oid FROM pg_catalog.pg_class WHERE relname = 'booked_slots' AND relnamespace = (SELECT oid FROM pg_catalog.pg_namespace WHERE nspname = CURRENT_SCHEMA()))

2025/02/13 14:39:09 /home/bryan/repos/skripsi/backend/setup/setup.go:78
[1.928ms] [rows:0] SELECT description FROM pg_catalog.pg_description WHERE objsubid = (SELECT ordinal_position FROM information_schema.columns WHERE table_schema = CURRENT_SCHEMA() AND table_name = 'booked_slots' AND column_name = 'end_date') AND objoid = (SELECT oid FROM pg_catalog.pg_class WHERE relname = 'booked_slots' AND relnamespace = (SELECT oid FROM pg_catalog.pg_namespace WHERE nspname = CURRENT_SCHEMA()))

2025/02/13 14:39:09 /home/bryan/repos/skripsi/backend/setup/setup.go:78
[1.781ms] [rows:1] SELECT count(*) FROM INFORMATION_SCHEMA.table_constraints WHERE table_schema = CURRENT_SCHEMA() AND table_name = 'booked_slots' AND constraint_name = 'fk_booked_slots_user'

2025/02/13 14:39:09 /home/bryan/repos/skripsi/backend/setup/setup.go:78
[1.803ms] [rows:1] SELECT count(*) FROM INFORMATION_SCHEMA.table_constraints WHERE table_schema = CURRENT_SCHEMA() AND table_name = 'booked_slots' AND constraint_name = 'fk_pets_booked_slots'

2025/02/13 14:39:09 /home/bryan/repos/skripsi/backend/setup/setup.go:78
[1.905ms] [rows:1] SELECT count(*) FROM INFORMATION_SCHEMA.table_constraints WHERE table_schema = CURRENT_SCHEMA() AND table_name = 'booked_slots' AND constraint_name = 'fk_pet_daycares_booked_slots'

2025/02/13 14:39:09 /home/bryan/repos/skripsi/backend/setup/setup.go:78
[4.121ms] [rows:1] SELECT count(*) FROM pg_indexes WHERE tablename = 'booked_slots' AND indexname = 'idx_booked_slots_deleted_at' AND schemaname = CURRENT_SCHEMA()

2025/02/13 14:39:09 /home/bryan/repos/skripsi/backend/setup/setup.go:78
[1.647ms] [rows:1] SELECT count(*) FROM information_schema.tables WHERE table_schema = CURRENT_SCHEMA() AND table_name = 'thumbnails' AND table_type = 'BASE TABLE'

2025/02/13 14:39:09 /home/bryan/repos/skripsi/backend/setup/setup.go:78
[1.073ms] [rows:1] SELECT CURRENT_DATABASE()

2025/02/13 14:39:09 /home/bryan/repos/skripsi/backend/setup/setup.go:78
[4.235ms] [rows:-] SELECT c.column_name, c.is_nullable = 'YES', c.udt_name, c.character_maximum_length, c.numeric_precision, c.numeric_precision_radix, c.numeric_scale, c.datetime_precision, 8 * typlen, c.column_default, pd.description, c.identity_increment FROM information_schema.columns AS c JOIN pg_type AS pgt ON c.udt_name = pgt.typname LEFT JOIN pg_catalog.pg_description as pd ON pd.objsubid = c.ordinal_position AND pd.objoid = (SELECT oid FROM pg_catalog.pg_class WHERE relname = c.table_name AND relnamespace = (SELECT oid FROM pg_catalog.pg_namespace WHERE nspname = c.table_schema)) where table_catalog = $1$ AND table_schema = CURRENT_SCHEMA() AND table_name = $2$

2025/02/13 14:39:09 /home/bryan/repos/skripsi/backend/setup/setup.go:78
[1.361ms] [rows:-] SELECT * FROM "thumbnails" LIMIT $1$

2025/02/13 14:39:09 /home/bryan/repos/skripsi/backend/setup/setup.go:78
[3.678ms] [rows:-] SELECT constraint_name FROM information_schema.table_constraints tc JOIN information_schema.constraint_column_usage AS ccu USING (constraint_schema, constraint_catalog, table_name, constraint_name) JOIN information_schema.columns AS c ON c.table_schema = tc.constraint_schema AND tc.table_name = c.table_name AND ccu.column_name = c.column_name WHERE constraint_type IN ('PRIMARY KEY', 'UNIQUE') AND c.table_catalog = $1$ AND c.table_schema = CURRENT_SCHEMA() AND c.table_name = $2$ AND constraint_type = $3$

2025/02/13 14:39:09 /home/bryan/repos/skripsi/backend/setup/setup.go:78
[3.544ms] [rows:-] SELECT c.column_name, constraint_name, constraint_type FROM information_schema.table_constraints tc JOIN information_schema.constraint_column_usage AS ccu USING (constraint_schema, constraint_catalog, table_name, constraint_name) JOIN information_schema.columns AS c ON c.table_schema = tc.constraint_schema AND tc.table_name = c.table_name AND ccu.column_name = c.column_name WHERE constraint_type IN ('PRIMARY KEY', 'UNIQUE') AND c.table_catalog = $1$ AND c.table_schema = CURRENT_SCHEMA() AND c.table_name = $2$

2025/02/13 14:39:09 /home/bryan/repos/skripsi/backend/setup/setup.go:78
[1.413ms] [rows:-] SELECT a.attname as column_name, format_type(a.atttypid, a.atttypmod) AS data_type
		FROM pg_attribute a JOIN pg_class b ON a.attrelid = b.oid AND relnamespace = (SELECT oid FROM pg_catalog.pg_namespace WHERE nspname = CURRENT_SCHEMA())
		WHERE a.attnum > 0 -- hide internal columns
		AND NOT a.attisdropped -- hide deleted columns
		AND b.relname = $1$

2025/02/13 14:39:09 /home/bryan/repos/skripsi/backend/setup/setup.go:78
[2.162ms] [rows:0] SELECT description FROM pg_catalog.pg_description WHERE objsubid = (SELECT ordinal_position FROM information_schema.columns WHERE table_schema = CURRENT_SCHEMA() AND table_name = 'thumbnails' AND column_name = 'id') AND objoid = (SELECT oid FROM pg_catalog.pg_class WHERE relname = 'thumbnails' AND relnamespace = (SELECT oid FROM pg_catalog.pg_namespace WHERE nspname = CURRENT_SCHEMA()))

2025/02/13 14:39:09 /home/bryan/repos/skripsi/backend/setup/setup.go:78
[2.193ms] [rows:0] SELECT description FROM pg_catalog.pg_description WHERE objsubid = (SELECT ordinal_position FROM information_schema.columns WHERE table_schema = CURRENT_SCHEMA() AND table_name = 'thumbnails' AND column_name = 'daycare_id') AND objoid = (SELECT oid FROM pg_catalog.pg_class WHERE relname = 'thumbnails' AND relnamespace = (SELECT oid FROM pg_catalog.pg_namespace WHERE nspname = CURRENT_SCHEMA()))

2025/02/13 14:39:09 /home/bryan/repos/skripsi/backend/setup/setup.go:78
[2.361ms] [rows:0] SELECT description FROM pg_catalog.pg_description WHERE objsubid = (SELECT ordinal_position FROM information_schema.columns WHERE table_schema = CURRENT_SCHEMA() AND table_name = 'thumbnails' AND column_name = 'image_url') AND objoid = (SELECT oid FROM pg_catalog.pg_class WHERE relname = 'thumbnails' AND relnamespace = (SELECT oid FROM pg_catalog.pg_namespace WHERE nspname = CURRENT_SCHEMA()))

2025/02/13 14:39:09 /home/bryan/repos/skripsi/backend/setup/setup.go:78
[2.078ms] [rows:1] SELECT count(*) FROM INFORMATION_SCHEMA.table_constraints WHERE table_schema = CURRENT_SCHEMA() AND table_name = 'thumbnails' AND constraint_name = 'fk_pet_daycares_thumbnails'

2025/02/13 14:39:09 /home/bryan/repos/skripsi/backend/setup/setup.go:78
[2.062ms] [rows:1] SELECT count(*) FROM information_schema.tables WHERE table_schema = CURRENT_SCHEMA() AND table_name = 'reviews' AND table_type = 'BASE TABLE'

2025/02/13 14:39:09 /home/bryan/repos/skripsi/backend/setup/setup.go:78
[1.475ms] [rows:1] SELECT CURRENT_DATABASE()

2025/02/13 14:39:09 /home/bryan/repos/skripsi/backend/setup/setup.go:78
[7.263ms] [rows:-] SELECT c.column_name, c.is_nullable = 'YES', c.udt_name, c.character_maximum_length, c.numeric_precision, c.numeric_precision_radix, c.numeric_scale, c.datetime_precision, 8 * typlen, c.column_default, pd.description, c.identity_increment FROM information_schema.columns AS c JOIN pg_type AS pgt ON c.udt_name = pgt.typname LEFT JOIN pg_catalog.pg_description as pd ON pd.objsubid = c.ordinal_position AND pd.objoid = (SELECT oid FROM pg_catalog.pg_class WHERE relname = c.table_name AND relnamespace = (SELECT oid FROM pg_catalog.pg_namespace WHERE nspname = c.table_schema)) where table_catalog = $1$ AND table_schema = CURRENT_SCHEMA() AND table_name = $2$

2025/02/13 14:39:09 /home/bryan/repos/skripsi/backend/setup/setup.go:78
[2.360ms] [rows:-] SELECT * FROM "reviews" LIMIT $1$

2025/02/13 14:39:09 /home/bryan/repos/skripsi/backend/setup/setup.go:78
[6.752ms] [rows:-] SELECT constraint_name FROM information_schema.table_constraints tc JOIN information_schema.constraint_column_usage AS ccu USING (constraint_schema, constraint_catalog, table_name, constraint_name) JOIN information_schema.columns AS c ON c.table_schema = tc.constraint_schema AND tc.table_name = c.table_name AND ccu.column_name = c.column_name WHERE constraint_type IN ('PRIMARY KEY', 'UNIQUE') AND c.table_catalog = $1$ AND c.table_schema = CURRENT_SCHEMA() AND c.table_name = $2$ AND constraint_type = $3$

2025/02/13 14:39:09 /home/bryan/repos/skripsi/backend/setup/setup.go:78
[6.375ms] [rows:-] SELECT c.column_name, constraint_name, constraint_type FROM information_schema.table_constraints tc JOIN information_schema.constraint_column_usage AS ccu USING (constraint_schema, constraint_catalog, table_name, constraint_name) JOIN information_schema.columns AS c ON c.table_schema = tc.constraint_schema AND tc.table_name = c.table_name AND ccu.column_name = c.column_name WHERE constraint_type IN ('PRIMARY KEY', 'UNIQUE') AND c.table_catalog = $1$ AND c.table_schema = CURRENT_SCHEMA() AND c.table_name = $2$

2025/02/13 14:39:09 /home/bryan/repos/skripsi/backend/setup/setup.go:78
[1.989ms] [rows:-] SELECT a.attname as column_name, format_type(a.atttypid, a.atttypmod) AS data_type
		FROM pg_attribute a JOIN pg_class b ON a.attrelid = b.oid AND relnamespace = (SELECT oid FROM pg_catalog.pg_namespace WHERE nspname = CURRENT_SCHEMA())
		WHERE a.attnum > 0 -- hide internal columns
		AND NOT a.attisdropped -- hide deleted columns
		AND b.relname = $1$

2025/02/13 14:39:09 /home/bryan/repos/skripsi/backend/setup/setup.go:78
[3.203ms] [rows:0] SELECT description FROM pg_catalog.pg_description WHERE objsubid = (SELECT ordinal_position FROM information_schema.columns WHERE table_schema = CURRENT_SCHEMA() AND table_name = 'reviews' AND column_name = 'id') AND objoid = (SELECT oid FROM pg_catalog.pg_class WHERE relname = 'reviews' AND relnamespace = (SELECT oid FROM pg_catalog.pg_namespace WHERE nspname = CURRENT_SCHEMA()))

2025/02/13 14:39:09 /home/bryan/repos/skripsi/backend/setup/setup.go:78
[3.042ms] [rows:0] SELECT description FROM pg_catalog.pg_description WHERE objsubid = (SELECT ordinal_position FROM information_schema.columns WHERE table_schema = CURRENT_SCHEMA() AND table_name = 'reviews' AND column_name = 'created_at') AND objoid = (SELECT oid FROM pg_catalog.pg_class WHERE relname = 'reviews' AND relnamespace = (SELECT oid FROM pg_catalog.pg_namespace WHERE nspname = CURRENT_SCHEMA()))

2025/02/13 14:39:09 /home/bryan/repos/skripsi/backend/setup/setup.go:78
[3.035ms] [rows:0] SELECT description FROM pg_catalog.pg_description WHERE objsubid = (SELECT ordinal_position FROM information_schema.columns WHERE table_schema = CURRENT_SCHEMA() AND table_name = 'reviews' AND column_name = 'updated_at') AND objoid = (SELECT oid FROM pg_catalog.pg_class WHERE relname = 'reviews' AND relnamespace = (SELECT oid FROM pg_catalog.pg_namespace WHERE nspname = CURRENT_SCHEMA()))

2025/02/13 14:39:09 /home/bryan/repos/skripsi/backend/setup/setup.go:78
[3.153ms] [rows:0] SELECT description FROM pg_catalog.pg_description WHERE objsubid = (SELECT ordinal_position FROM information_schema.columns WHERE table_schema = CURRENT_SCHEMA() AND table_name = 'reviews' AND column_name = 'deleted_at') AND objoid = (SELECT oid FROM pg_catalog.pg_class WHERE relname = 'reviews' AND relnamespace = (SELECT oid FROM pg_catalog.pg_namespace WHERE nspname = CURRENT_SCHEMA()))

2025/02/13 14:39:09 /home/bryan/repos/skripsi/backend/setup/setup.go:78
[3.093ms] [rows:0] SELECT description FROM pg_catalog.pg_description WHERE objsubid = (SELECT ordinal_position FROM information_schema.columns WHERE table_schema = CURRENT_SCHEMA() AND table_name = 'reviews' AND column_name = 'daycare_id') AND objoid = (SELECT oid FROM pg_catalog.pg_class WHERE relname = 'reviews' AND relnamespace = (SELECT oid FROM pg_catalog.pg_namespace WHERE nspname = CURRENT_SCHEMA()))

2025/02/13 14:39:09 /home/bryan/repos/skripsi/backend/setup/setup.go:78
[3.113ms] [rows:0] SELECT description FROM pg_catalog.pg_description WHERE objsubid = (SELECT ordinal_position FROM information_schema.columns WHERE table_schema = CURRENT_SCHEMA() AND table_name = 'reviews' AND column_name = 'user_id') AND objoid = (SELECT oid FROM pg_catalog.pg_class WHERE relname = 'reviews' AND relnamespace = (SELECT oid FROM pg_catalog.pg_namespace WHERE nspname = CURRENT_SCHEMA()))

2025/02/13 14:39:09 /home/bryan/repos/skripsi/backend/setup/setup.go:78
[3.252ms] [rows:0] SELECT description FROM pg_catalog.pg_description WHERE objsubid = (SELECT ordinal_position FROM information_schema.columns WHERE table_schema = CURRENT_SCHEMA() AND table_name = 'reviews' AND column_name = 'name') AND objoid = (SELECT oid FROM pg_catalog.pg_class WHERE relname = 'reviews' AND relnamespace = (SELECT oid FROM pg_catalog.pg_namespace WHERE nspname = CURRENT_SCHEMA()))

2025/02/13 14:39:09 /home/bryan/repos/skripsi/backend/setup/setup.go:78
[2.918ms] [rows:0] SELECT description FROM pg_catalog.pg_description WHERE objsubid = (SELECT ordinal_position FROM information_schema.columns WHERE table_schema = CURRENT_SCHEMA() AND table_name = 'reviews' AND column_name = 'rate') AND objoid = (SELECT oid FROM pg_catalog.pg_class WHERE relname = 'reviews' AND relnamespace = (SELECT oid FROM pg_catalog.pg_namespace WHERE nspname = CURRENT_SCHEMA()))

2025/02/13 14:39:09 /home/bryan/repos/skripsi/backend/setup/setup.go:78
[3.051ms] [rows:0] SELECT description FROM pg_catalog.pg_description WHERE objsubid = (SELECT ordinal_position FROM information_schema.columns WHERE table_schema = CURRENT_SCHEMA() AND table_name = 'reviews' AND column_name = 'description') AND objoid = (SELECT oid FROM pg_catalog.pg_class WHERE relname = 'reviews' AND relnamespace = (SELECT oid FROM pg_catalog.pg_namespace WHERE nspname = CURRENT_SCHEMA()))

2025/02/13 14:39:09 /home/bryan/repos/skripsi/backend/setup/setup.go:78
[2.700ms] [rows:1] SELECT count(*) FROM INFORMATION_SCHEMA.table_constraints WHERE table_schema = CURRENT_SCHEMA() AND table_name = 'reviews' AND constraint_name = 'fk_pet_daycares_reviews'

2025/02/13 14:39:09 /home/bryan/repos/skripsi/backend/setup/setup.go:78
[2.493ms] [rows:1] SELECT count(*) FROM INFORMATION_SCHEMA.table_constraints WHERE table_schema = CURRENT_SCHEMA() AND table_name = 'reviews' AND constraint_name = 'fk_users_reviews'

2025/02/13 14:39:09 /home/bryan/repos/skripsi/backend/setup/setup.go:78
[5.534ms] [rows:1] SELECT count(*) FROM pg_indexes WHERE tablename = 'reviews' AND indexname = 'idx_reviews_deleted_at' AND schemaname = CURRENT_SCHEMA()

2025/02/13 14:39:09 /home/bryan/repos/skripsi/backend/setup/setup.go:78
[2.193ms] [rows:1] SELECT count(*) FROM information_schema.tables WHERE table_schema = CURRENT_SCHEMA() AND table_name = 'refresh_tokens' AND table_type = 'BASE TABLE'

2025/02/13 14:39:09 /home/bryan/repos/skripsi/backend/setup/setup.go:78
[1.718ms] [rows:1] SELECT CURRENT_DATABASE()

2025/02/13 14:39:09 /home/bryan/repos/skripsi/backend/setup/setup.go:78
[7.364ms] [rows:-] SELECT c.column_name, c.is_nullable = 'YES', c.udt_name, c.character_maximum_length, c.numeric_precision, c.numeric_precision_radix, c.numeric_scale, c.datetime_precision, 8 * typlen, c.column_default, pd.description, c.identity_increment FROM information_schema.columns AS c JOIN pg_type AS pgt ON c.udt_name = pgt.typname LEFT JOIN pg_catalog.pg_description as pd ON pd.objsubid = c.ordinal_position AND pd.objoid = (SELECT oid FROM pg_catalog.pg_class WHERE relname = c.table_name AND relnamespace = (SELECT oid FROM pg_catalog.pg_namespace WHERE nspname = c.table_schema)) where table_catalog = $1$ AND table_schema = CURRENT_SCHEMA() AND table_name = $2$

2025/02/13 14:39:09 /home/bryan/repos/skripsi/backend/setup/setup.go:78
[3.143ms] [rows:-] SELECT * FROM "refresh_tokens" LIMIT $1$

2025/02/13 14:39:09 /home/bryan/repos/skripsi/backend/setup/setup.go:78
[5.892ms] [rows:-] SELECT constraint_name FROM information_schema.table_constraints tc JOIN information_schema.constraint_column_usage AS ccu USING (constraint_schema, constraint_catalog, table_name, constraint_name) JOIN information_schema.columns AS c ON c.table_schema = tc.constraint_schema AND tc.table_name = c.table_name AND ccu.column_name = c.column_name WHERE constraint_type IN ('PRIMARY KEY', 'UNIQUE') AND c.table_catalog = $1$ AND c.table_schema = CURRENT_SCHEMA() AND c.table_name = $2$ AND constraint_type = $3$

2025/02/13 14:39:09 /home/bryan/repos/skripsi/backend/setup/setup.go:78
[6.077ms] [rows:-] SELECT c.column_name, constraint_name, constraint_type FROM information_schema.table_constraints tc JOIN information_schema.constraint_column_usage AS ccu USING (constraint_schema, constraint_catalog, table_name, constraint_name) JOIN information_schema.columns AS c ON c.table_schema = tc.constraint_schema AND tc.table_name = c.table_name AND ccu.column_name = c.column_name WHERE constraint_type IN ('PRIMARY KEY', 'UNIQUE') AND c.table_catalog = $1$ AND c.table_schema = CURRENT_SCHEMA() AND c.table_name = $2$

2025/02/13 14:39:09 /home/bryan/repos/skripsi/backend/setup/setup.go:78
[1.999ms] [rows:-] SELECT a.attname as column_name, format_type(a.atttypid, a.atttypmod) AS data_type
		FROM pg_attribute a JOIN pg_class b ON a.attrelid = b.oid AND relnamespace = (SELECT oid FROM pg_catalog.pg_namespace WHERE nspname = CURRENT_SCHEMA())
		WHERE a.attnum > 0 -- hide internal columns
		AND NOT a.attisdropped -- hide deleted columns
		AND b.relname = $1$

2025/02/13 14:39:09 /home/bryan/repos/skripsi/backend/setup/setup.go:78
[3.254ms] [rows:0] SELECT description FROM pg_catalog.pg_description WHERE objsubid = (SELECT ordinal_position FROM information_schema.columns WHERE table_schema = CURRENT_SCHEMA() AND table_name = 'refresh_tokens' AND column_name = 'id') AND objoid = (SELECT oid FROM pg_catalog.pg_class WHERE relname = 'refresh_tokens' AND relnamespace = (SELECT oid FROM pg_catalog.pg_namespace WHERE nspname = CURRENT_SCHEMA()))

2025/02/13 14:39:09 /home/bryan/repos/skripsi/backend/setup/setup.go:78
[3.250ms] [rows:0] SELECT description FROM pg_catalog.pg_description WHERE objsubid = (SELECT ordinal_position FROM information_schema.columns WHERE table_schema = CURRENT_SCHEMA() AND table_name = 'refresh_tokens' AND column_name = 'created_at') AND objoid = (SELECT oid FROM pg_catalog.pg_class WHERE relname = 'refresh_tokens' AND relnamespace = (SELECT oid FROM pg_catalog.pg_namespace WHERE nspname = CURRENT_SCHEMA()))

2025/02/13 14:39:09 /home/bryan/repos/skripsi/backend/setup/setup.go:78
[3.185ms] [rows:0] SELECT description FROM pg_catalog.pg_description WHERE objsubid = (SELECT ordinal_position FROM information_schema.columns WHERE table_schema = CURRENT_SCHEMA() AND table_name = 'refresh_tokens' AND column_name = 'updated_at') AND objoid = (SELECT oid FROM pg_catalog.pg_class WHERE relname = 'refresh_tokens' AND relnamespace = (SELECT oid FROM pg_catalog.pg_namespace WHERE nspname = CURRENT_SCHEMA()))

2025/02/13 14:39:09 /home/bryan/repos/skripsi/backend/setup/setup.go:78
[3.258ms] [rows:0] SELECT description FROM pg_catalog.pg_description WHERE objsubid = (SELECT ordinal_position FROM information_schema.columns WHERE table_schema = CURRENT_SCHEMA() AND table_name = 'refresh_tokens' AND column_name = 'deleted_at') AND objoid = (SELECT oid FROM pg_catalog.pg_class WHERE relname = 'refresh_tokens' AND relnamespace = (SELECT oid FROM pg_catalog.pg_namespace WHERE nspname = CURRENT_SCHEMA()))

2025/02/13 14:39:09 /home/bryan/repos/skripsi/backend/setup/setup.go:78
[3.296ms] [rows:0] SELECT description FROM pg_catalog.pg_description WHERE objsubid = (SELECT ordinal_position FROM information_schema.columns WHERE table_schema = CURRENT_SCHEMA() AND table_name = 'refresh_tokens' AND column_name = 'user_id') AND objoid = (SELECT oid FROM pg_catalog.pg_class WHERE relname = 'refresh_tokens' AND relnamespace = (SELECT oid FROM pg_catalog.pg_namespace WHERE nspname = CURRENT_SCHEMA()))

2025/02/13 14:39:09 /home/bryan/repos/skripsi/backend/setup/setup.go:78
[3.388ms] [rows:0] SELECT description FROM pg_catalog.pg_description WHERE objsubid = (SELECT ordinal_position FROM information_schema.columns WHERE table_schema = CURRENT_SCHEMA() AND table_name = 'refresh_tokens' AND column_name = 'token') AND objoid = (SELECT oid FROM pg_catalog.pg_class WHERE relname = 'refresh_tokens' AND relnamespace = (SELECT oid FROM pg_catalog.pg_namespace WHERE nspname = CURRENT_SCHEMA()))

2025/02/13 14:39:09 /home/bryan/repos/skripsi/backend/setup/setup.go:78
[3.820ms] [rows:0] SELECT description FROM pg_catalog.pg_description WHERE objsubid = (SELECT ordinal_position FROM information_schema.columns WHERE table_schema = CURRENT_SCHEMA() AND table_name = 'refresh_tokens' AND column_name = 'expires_at') AND objoid = (SELECT oid FROM pg_catalog.pg_class WHERE relname = 'refresh_tokens' AND relnamespace = (SELECT oid FROM pg_catalog.pg_namespace WHERE nspname = CURRENT_SCHEMA()))

2025/02/13 14:39:09 /home/bryan/repos/skripsi/backend/setup/setup.go:78
[2.316ms] [rows:1] SELECT count(*) FROM pg_indexes WHERE tablename = 'refresh_tokens' AND indexname = 'idx_refresh_tokens_deleted_at' AND schemaname = CURRENT_SCHEMA()

2025/02/13 14:39:09 /home/bryan/repos/skripsi/backend/setup/setup.go:78
[2.030ms] [rows:1] SELECT count(*) FROM pg_indexes WHERE tablename = 'refresh_tokens' AND indexname = 'idx_refresh_tokens_user_id' AND schemaname = CURRENT_SCHEMA()

2025/02/13 14:39:09 /home/bryan/repos/skripsi/backend/setup/setup.go:78
[2.341ms] [rows:1] SELECT count(*) FROM information_schema.tables WHERE table_schema = CURRENT_SCHEMA() AND table_name = 'transactions' AND table_type = 'BASE TABLE'

2025/02/13 14:39:09 /home/bryan/repos/skripsi/backend/setup/setup.go:78
[1.623ms] [rows:1] SELECT CURRENT_DATABASE()

2025/02/13 14:39:09 /home/bryan/repos/skripsi/backend/setup/setup.go:78
[6.146ms] [rows:-] SELECT c.column_name, c.is_nullable = 'YES', c.udt_name, c.character_maximum_length, c.numeric_precision, c.numeric_precision_radix, c.numeric_scale, c.datetime_precision, 8 * typlen, c.column_default, pd.description, c.identity_increment FROM information_schema.columns AS c JOIN pg_type AS pgt ON c.udt_name = pgt.typname LEFT JOIN pg_catalog.pg_description as pd ON pd.objsubid = c.ordinal_position AND pd.objoid = (SELECT oid FROM pg_catalog.pg_class WHERE relname = c.table_name AND relnamespace = (SELECT oid FROM pg_catalog.pg_namespace WHERE nspname = c.table_schema)) where table_catalog = $1$ AND table_schema = CURRENT_SCHEMA() AND table_name = $2$

2025/02/13 14:39:09 /home/bryan/repos/skripsi/backend/setup/setup.go:78
[1.884ms] [rows:-] SELECT * FROM "transactions" LIMIT $1$

2025/02/13 14:39:09 /home/bryan/repos/skripsi/backend/setup/setup.go:78
[5.841ms] [rows:-] SELECT constraint_name FROM information_schema.table_constraints tc JOIN information_schema.constraint_column_usage AS ccu USING (constraint_schema, constraint_catalog, table_name, constraint_name) JOIN information_schema.columns AS c ON c.table_schema = tc.constraint_schema AND tc.table_name = c.table_name AND ccu.column_name = c.column_name WHERE constraint_type IN ('PRIMARY KEY', 'UNIQUE') AND c.table_catalog = $1$ AND c.table_schema = CURRENT_SCHEMA() AND c.table_name = $2$ AND constraint_type = $3$

2025/02/13 14:39:09 /home/bryan/repos/skripsi/backend/setup/setup.go:78
[5.944ms] [rows:-] SELECT c.column_name, constraint_name, constraint_type FROM information_schema.table_constraints tc JOIN information_schema.constraint_column_usage AS ccu USING (constraint_schema, constraint_catalog, table_name, constraint_name) JOIN information_schema.columns AS c ON c.table_schema = tc.constraint_schema AND tc.table_name = c.table_name AND ccu.column_name = c.column_name WHERE constraint_type IN ('PRIMARY KEY', 'UNIQUE') AND c.table_catalog = $1$ AND c.table_schema = CURRENT_SCHEMA() AND c.table_name = $2$

2025/02/13 14:39:09 /home/bryan/repos/skripsi/backend/setup/setup.go:78
[2.130ms] [rows:-] SELECT a.attname as column_name, format_type(a.atttypid, a.atttypmod) AS data_type
		FROM pg_attribute a JOIN pg_class b ON a.attrelid = b.oid AND relnamespace = (SELECT oid FROM pg_catalog.pg_namespace WHERE nspname = CURRENT_SCHEMA())
		WHERE a.attnum > 0 -- hide internal columns
		AND NOT a.attisdropped -- hide deleted columns
		AND b.relname = $1$

2025/02/13 14:39:09 /home/bryan/repos/skripsi/backend/setup/setup.go:78
[3.028ms] [rows:0] SELECT description FROM pg_catalog.pg_description WHERE objsubid = (SELECT ordinal_position FROM information_schema.columns WHERE table_schema = CURRENT_SCHEMA() AND table_name = 'transactions' AND column_name = 'id') AND objoid = (SELECT oid FROM pg_catalog.pg_class WHERE relname = 'transactions' AND relnamespace = (SELECT oid FROM pg_catalog.pg_namespace WHERE nspname = CURRENT_SCHEMA()))

2025/02/13 14:39:09 /home/bryan/repos/skripsi/backend/setup/setup.go:78
[3.098ms] [rows:0] SELECT description FROM pg_catalog.pg_description WHERE objsubid = (SELECT ordinal_position FROM information_schema.columns WHERE table_schema = CURRENT_SCHEMA() AND table_name = 'transactions' AND column_name = 'created_at') AND objoid = (SELECT oid FROM pg_catalog.pg_class WHERE relname = 'transactions' AND relnamespace = (SELECT oid FROM pg_catalog.pg_namespace WHERE nspname = CURRENT_SCHEMA()))

2025/02/13 14:39:09 /home/bryan/repos/skripsi/backend/setup/setup.go:78
[3.247ms] [rows:0] SELECT description FROM pg_catalog.pg_description WHERE objsubid = (SELECT ordinal_position FROM information_schema.columns WHERE table_schema = CURRENT_SCHEMA() AND table_name = 'transactions' AND column_name = 'pet_daycare_id') AND objoid = (SELECT oid FROM pg_catalog.pg_class WHERE relname = 'transactions' AND relnamespace = (SELECT oid FROM pg_catalog.pg_namespace WHERE nspname = CURRENT_SCHEMA()))

2025/02/13 14:39:09 /home/bryan/repos/skripsi/backend/setup/setup.go:78
[3.119ms] [rows:0] SELECT description FROM pg_catalog.pg_description WHERE objsubid = (SELECT ordinal_position FROM information_schema.columns WHERE table_schema = CURRENT_SCHEMA() AND table_name = 'transactions' AND column_name = 'booked_slot_id') AND objoid = (SELECT oid FROM pg_catalog.pg_class WHERE relname = 'transactions' AND relnamespace = (SELECT oid FROM pg_catalog.pg_namespace WHERE nspname = CURRENT_SCHEMA()))

2025/02/13 14:39:09 /home/bryan/repos/skripsi/backend/setup/setup.go:78
[2.901ms] [rows:0] SELECT description FROM pg_catalog.pg_description WHERE objsubid = (SELECT ordinal_position FROM information_schema.columns WHERE table_schema = CURRENT_SCHEMA() AND table_name = 'transactions' AND column_name = 'status') AND objoid = (SELECT oid FROM pg_catalog.pg_class WHERE relname = 'transactions' AND relnamespace = (SELECT oid FROM pg_catalog.pg_namespace WHERE nspname = CURRENT_SCHEMA()))

2025/02/13 14:39:09 /home/bryan/repos/skripsi/backend/setup/setup.go:78
[2.393ms] [rows:1] SELECT count(*) FROM INFORMATION_SCHEMA.table_constraints WHERE table_schema = CURRENT_SCHEMA() AND table_name = 'transactions' AND constraint_name = 'fk_transactions_pet_daycare'

2025/02/13 14:39:09 /home/bryan/repos/skripsi/backend/setup/setup.go:78
[2.520ms] [rows:1] SELECT count(*) FROM INFORMATION_SCHEMA.table_constraints WHERE table_schema = CURRENT_SCHEMA() AND table_name = 'transactions' AND constraint_name = 'fk_transactions_booked_slot'

2025/02/13 14:39:09 /home/bryan/repos/skripsi/backend/setup/setup.go:78
[2.237ms] [rows:1] SELECT count(*) FROM information_schema.tables WHERE table_schema = CURRENT_SCHEMA() AND table_name = 'reduce_slots' AND table_type = 'BASE TABLE'

2025/02/13 14:39:09 /home/bryan/repos/skripsi/backend/setup/setup.go:78
[1.607ms] [rows:1] SELECT CURRENT_DATABASE()

2025/02/13 14:39:09 /home/bryan/repos/skripsi/backend/setup/setup.go:78
[7.240ms] [rows:-] SELECT c.column_name, c.is_nullable = 'YES', c.udt_name, c.character_maximum_length, c.numeric_precision, c.numeric_precision_radix, c.numeric_scale, c.datetime_precision, 8 * typlen, c.column_default, pd.description, c.identity_increment FROM information_schema.columns AS c JOIN pg_type AS pgt ON c.udt_name = pgt.typname LEFT JOIN pg_catalog.pg_description as pd ON pd.objsubid = c.ordinal_position AND pd.objoid = (SELECT oid FROM pg_catalog.pg_class WHERE relname = c.table_name AND relnamespace = (SELECT oid FROM pg_catalog.pg_namespace WHERE nspname = c.table_schema)) where table_catalog = $1$ AND table_schema = CURRENT_SCHEMA() AND table_name = $2$

2025/02/13 14:39:09 /home/bryan/repos/skripsi/backend/setup/setup.go:78
[2.281ms] [rows:-] SELECT * FROM "reduce_slots" LIMIT $1$

2025/02/13 14:39:09 /home/bryan/repos/skripsi/backend/setup/setup.go:78
[5.235ms] [rows:-] SELECT constraint_name FROM information_schema.table_constraints tc JOIN information_schema.constraint_column_usage AS ccu USING (constraint_schema, constraint_catalog, table_name, constraint_name) JOIN information_schema.columns AS c ON c.table_schema = tc.constraint_schema AND tc.table_name = c.table_name AND ccu.column_name = c.column_name WHERE constraint_type IN ('PRIMARY KEY', 'UNIQUE') AND c.table_catalog = $1$ AND c.table_schema = CURRENT_SCHEMA() AND c.table_name = $2$ AND constraint_type = $3$

2025/02/13 14:39:09 /home/bryan/repos/skripsi/backend/setup/setup.go:78
[5.109ms] [rows:-] SELECT c.column_name, constraint_name, constraint_type FROM information_schema.table_constraints tc JOIN information_schema.constraint_column_usage AS ccu USING (constraint_schema, constraint_catalog, table_name, constraint_name) JOIN information_schema.columns AS c ON c.table_schema = tc.constraint_schema AND tc.table_name = c.table_name AND ccu.column_name = c.column_name WHERE constraint_type IN ('PRIMARY KEY', 'UNIQUE') AND c.table_catalog = $1$ AND c.table_schema = CURRENT_SCHEMA() AND c.table_name = $2$

2025/02/13 14:39:09 /home/bryan/repos/skripsi/backend/setup/setup.go:78
[2.230ms] [rows:-] SELECT a.attname as column_name, format_type(a.atttypid, a.atttypmod) AS data_type
		FROM pg_attribute a JOIN pg_class b ON a.attrelid = b.oid AND relnamespace = (SELECT oid FROM pg_catalog.pg_namespace WHERE nspname = CURRENT_SCHEMA())
		WHERE a.attnum > 0 -- hide internal columns
		AND NOT a.attisdropped -- hide deleted columns
		AND b.relname = $1$

2025/02/13 14:39:09 /home/bryan/repos/skripsi/backend/setup/setup.go:78
[3.161ms] [rows:0] SELECT description FROM pg_catalog.pg_description WHERE objsubid = (SELECT ordinal_position FROM information_schema.columns WHERE table_schema = CURRENT_SCHEMA() AND table_name = 'reduce_slots' AND column_name = 'id') AND objoid = (SELECT oid FROM pg_catalog.pg_class WHERE relname = 'reduce_slots' AND relnamespace = (SELECT oid FROM pg_catalog.pg_namespace WHERE nspname = CURRENT_SCHEMA()))

2025/02/13 14:39:09 /home/bryan/repos/skripsi/backend/setup/setup.go:78
[3.311ms] [rows:0] SELECT description FROM pg_catalog.pg_description WHERE objsubid = (SELECT ordinal_position FROM information_schema.columns WHERE table_schema = CURRENT_SCHEMA() AND table_name = 'reduce_slots' AND column_name = 'slot_id') AND objoid = (SELECT oid FROM pg_catalog.pg_class WHERE relname = 'reduce_slots' AND relnamespace = (SELECT oid FROM pg_catalog.pg_namespace WHERE nspname = CURRENT_SCHEMA()))

2025/02/13 14:39:09 /home/bryan/repos/skripsi/backend/setup/setup.go:78
[3.055ms] [rows:0] SELECT description FROM pg_catalog.pg_description WHERE objsubid = (SELECT ordinal_position FROM information_schema.columns WHERE table_schema = CURRENT_SCHEMA() AND table_name = 'reduce_slots' AND column_name = 'reduced_count') AND objoid = (SELECT oid FROM pg_catalog.pg_class WHERE relname = 'reduce_slots' AND relnamespace = (SELECT oid FROM pg_catalog.pg_namespace WHERE nspname = CURRENT_SCHEMA()))

2025/02/13 14:39:09 /home/bryan/repos/skripsi/backend/setup/setup.go:78
[3.141ms] [rows:0] SELECT description FROM pg_catalog.pg_description WHERE objsubid = (SELECT ordinal_position FROM information_schema.columns WHERE table_schema = CURRENT_SCHEMA() AND table_name = 'reduce_slots' AND column_name = 'target_date') AND objoid = (SELECT oid FROM pg_catalog.pg_class WHERE relname = 'reduce_slots' AND relnamespace = (SELECT oid FROM pg_catalog.pg_namespace WHERE nspname = CURRENT_SCHEMA()))

2025/02/13 14:39:09 /home/bryan/repos/skripsi/backend/setup/setup.go:78
[2.046ms] [rows:1] SELECT count(*) FROM information_schema.tables WHERE table_schema = CURRENT_SCHEMA() AND table_name = 'booked_slots_dailies' AND table_type = 'BASE TABLE'

2025/02/13 14:39:09 /home/bryan/repos/skripsi/backend/setup/setup.go:78
[1.539ms] [rows:1] SELECT CURRENT_DATABASE()

2025/02/13 14:39:09 /home/bryan/repos/skripsi/backend/setup/setup.go:78
[6.449ms] [rows:-] SELECT c.column_name, c.is_nullable = 'YES', c.udt_name, c.character_maximum_length, c.numeric_precision, c.numeric_precision_radix, c.numeric_scale, c.datetime_precision, 8 * typlen, c.column_default, pd.description, c.identity_increment FROM information_schema.columns AS c JOIN pg_type AS pgt ON c.udt_name = pgt.typname LEFT JOIN pg_catalog.pg_description as pd ON pd.objsubid = c.ordinal_position AND pd.objoid = (SELECT oid FROM pg_catalog.pg_class WHERE relname = c.table_name AND relnamespace = (SELECT oid FROM pg_catalog.pg_namespace WHERE nspname = c.table_schema)) where table_catalog = $1$ AND table_schema = CURRENT_SCHEMA() AND table_name = $2$

2025/02/13 14:39:09 /home/bryan/repos/skripsi/backend/setup/setup.go:78
[3.266ms] [rows:-] SELECT * FROM "booked_slots_dailies" LIMIT $1$

2025/02/13 14:39:09 /home/bryan/repos/skripsi/backend/setup/setup.go:78
[5.065ms] [rows:-] SELECT constraint_name FROM information_schema.table_constraints tc JOIN information_schema.constraint_column_usage AS ccu USING (constraint_schema, constraint_catalog, table_name, constraint_name) JOIN information_schema.columns AS c ON c.table_schema = tc.constraint_schema AND tc.table_name = c.table_name AND ccu.column_name = c.column_name WHERE constraint_type IN ('PRIMARY KEY', 'UNIQUE') AND c.table_catalog = $1$ AND c.table_schema = CURRENT_SCHEMA() AND c.table_name = $2$ AND constraint_type = $3$

2025/02/13 14:39:09 /home/bryan/repos/skripsi/backend/setup/setup.go:78
[5.084ms] [rows:-] SELECT c.column_name, constraint_name, constraint_type FROM information_schema.table_constraints tc JOIN information_schema.constraint_column_usage AS ccu USING (constraint_schema, constraint_catalog, table_name, constraint_name) JOIN information_schema.columns AS c ON c.table_schema = tc.constraint_schema AND tc.table_name = c.table_name AND ccu.column_name = c.column_name WHERE constraint_type IN ('PRIMARY KEY', 'UNIQUE') AND c.table_catalog = $1$ AND c.table_schema = CURRENT_SCHEMA() AND c.table_name = $2$

2025/02/13 14:39:09 /home/bryan/repos/skripsi/backend/setup/setup.go:78
[2.000ms] [rows:-] SELECT a.attname as column_name, format_type(a.atttypid, a.atttypmod) AS data_type
		FROM pg_attribute a JOIN pg_class b ON a.attrelid = b.oid AND relnamespace = (SELECT oid FROM pg_catalog.pg_namespace WHERE nspname = CURRENT_SCHEMA())
		WHERE a.attnum > 0 -- hide internal columns
		AND NOT a.attisdropped -- hide deleted columns
		AND b.relname = $1$

2025/02/13 14:39:09 /home/bryan/repos/skripsi/backend/setup/setup.go:78
[3.002ms] [rows:0] SELECT description FROM pg_catalog.pg_description WHERE objsubid = (SELECT ordinal_position FROM information_schema.columns WHERE table_schema = CURRENT_SCHEMA() AND table_name = 'booked_slots_dailies' AND column_name = 'id') AND objoid = (SELECT oid FROM pg_catalog.pg_class WHERE relname = 'booked_slots_dailies' AND relnamespace = (SELECT oid FROM pg_catalog.pg_namespace WHERE nspname = CURRENT_SCHEMA()))

2025/02/13 14:39:09 /home/bryan/repos/skripsi/backend/setup/setup.go:78
[3.095ms] [rows:0] SELECT description FROM pg_catalog.pg_description WHERE objsubid = (SELECT ordinal_position FROM information_schema.columns WHERE table_schema = CURRENT_SCHEMA() AND table_name = 'booked_slots_dailies' AND column_name = 'daycare_id') AND objoid = (SELECT oid FROM pg_catalog.pg_class WHERE relname = 'booked_slots_dailies' AND relnamespace = (SELECT oid FROM pg_catalog.pg_namespace WHERE nspname = CURRENT_SCHEMA()))

2025/02/13 14:39:09 /home/bryan/repos/skripsi/backend/setup/setup.go:78
[2.806ms] [rows:0] SELECT description FROM pg_catalog.pg_description WHERE objsubid = (SELECT ordinal_position FROM information_schema.columns WHERE table_schema = CURRENT_SCHEMA() AND table_name = 'booked_slots_dailies' AND column_name = 'date') AND objoid = (SELECT oid FROM pg_catalog.pg_class WHERE relname = 'booked_slots_dailies' AND relnamespace = (SELECT oid FROM pg_catalog.pg_namespace WHERE nspname = CURRENT_SCHEMA()))

2025/02/13 14:39:09 /home/bryan/repos/skripsi/backend/setup/setup.go:78
[3.125ms] [rows:0] SELECT description FROM pg_catalog.pg_description WHERE objsubid = (SELECT ordinal_position FROM information_schema.columns WHERE table_schema = CURRENT_SCHEMA() AND table_name = 'booked_slots_dailies' AND column_name = 'slot_count') AND objoid = (SELECT oid FROM pg_catalog.pg_class WHERE relname = 'booked_slots_dailies' AND relnamespace = (SELECT oid FROM pg_catalog.pg_namespace WHERE nspname = CURRENT_SCHEMA()))

2025/02/13 14:39:09 /home/bryan/repos/skripsi/backend/setup/setup.go:78
[2.257ms] [rows:1] SELECT count(*) FROM pg_indexes WHERE tablename = 'booked_slots_dailies' AND indexname = 'idx_booked_slots_dailies_date' AND schemaname = CURRENT_SCHEMA()
[GIN-debug] [WARNING] Creating an Engine instance with the Logger and Recovery middleware already attached.

[GIN-debug] [WARNING] Running in "debug" mode. Switch to "release" mode in production.
 - using env:	export GIN_MODE=release
 - using code:	gin.SetMode(gin.ReleaseMode)

[GIN-debug] GET    /assets/*filepath         --> github.com/gin-gonic/gin.(*RouterGroup).createStaticHandler.func1 (3 handlers)
[GIN-debug] HEAD   /assets/*filepath         --> github.com/gin-gonic/gin.(*RouterGroup).createStaticHandler.func1 (3 handlers)
[GIN-debug] POST   /users                    --> github.com/BryanEgbert/skripsi/controller.(*UserController).CreateUser-fm (3 handlers)
[GIN-debug] GET    /users/vets               --> github.com/BryanEgbert/skripsi/controller.(*UserController).GetVets-fm (4 handlers)
[GIN-debug] GET    /users/:id                --> github.com/BryanEgbert/skripsi/controller.(*UserController).GetUser-fm (4 handlers)
[GIN-debug] DELETE /users                    --> github.com/BryanEgbert/skripsi/controller.(*UserController).DeleteUser-fm (4 handlers)
[GIN-debug] PUT    /users                    --> github.com/BryanEgbert/skripsi/controller.(*UserController).UpdateUserProfile-fm (4 handlers)
[GIN-debug] PATCH  /users/password           --> github.com/BryanEgbert/skripsi/controller.(*UserController).UpdateUserPassword-fm (4 handlers)
[GIN-debug] POST   /login                    --> github.com/BryanEgbert/skripsi/controller.(*AuthController).Login-fm (3 handlers)
[GIN-debug] POST   /refresh                  --> github.com/BryanEgbert/skripsi/controller.(*AuthController).RefreshToken-fm (4 handlers)
[GIN-debug] GET    /pets/:id                 --> github.com/BryanEgbert/skripsi/controller.(*PetController).GetPet-fm (4 handlers)
[GIN-debug] GET    /pets                     --> github.com/BryanEgbert/skripsi/controller.(*PetController).GetPets-fm (4 handlers)
[GIN-debug] POST   /pets                     --> github.com/BryanEgbert/skripsi/controller.(*PetController).CreatePet-fm (4 handlers)
[GIN-debug] PUT    /pets/:id                 --> github.com/BryanEgbert/skripsi/controller.(*PetController).UpdatePet-fm (4 handlers)
[GIN-debug] DELETE /pets/:id                 --> github.com/BryanEgbert/skripsi/controller.(*PetController).DeletePet-fm (4 handlers)
[GIN-debug] PATCH  /daycare/slot/:slotId     --> github.com/BryanEgbert/skripsi/controller.(*PetDaycareController).EditSlotCount-fm (4 handlers)
[GIN-debug] GET    /daycare/:id/slot         --> github.com/BryanEgbert/skripsi/controller.(*PetDaycareController).GetPetDaycareSlots-fm (4 handlers)
[GIN-debug] POST   /daycare/:id/slot         --> github.com/BryanEgbert/skripsi/controller.(*PetDaycareController).CreateSlot-fm (4 handlers)
[GIN-debug] GET    /daycare/:id/review       --> github.com/BryanEgbert/skripsi/controller.(*PetDaycareController).GetReviews-fm (4 handlers)
[GIN-debug] POST   /daycare/:id/review       --> github.com/BryanEgbert/skripsi/controller.(*PetDaycareController).CreateReview-fm (4 handlers)
[GIN-debug] DELETE /daycare/:id/review       --> github.com/BryanEgbert/skripsi/controller.(*PetDaycareController).DeleteReview-fm (4 handlers)
[GIN-debug] GET    /daycare/:id              --> github.com/BryanEgbert/skripsi/controller.(*PetDaycareController).GetPetDaycare-fm (4 handlers)
[GIN-debug] GET    /daycare                  --> github.com/BryanEgbert/skripsi/controller.(*PetDaycareController).GetPetDaycares-fm (4 handlers)
[GIN-debug] POST   /daycare                  --> github.com/BryanEgbert/skripsi/controller.(*PetDaycareController).CreatePetDaycare-fm (4 handlers)
[GIN-debug] PUT    /daycare/:id              --> github.com/BryanEgbert/skripsi/controller.(*PetDaycareController).UpdatePetDaycare-fm (4 handlers)
[GIN-debug] DELETE /daycare/:id              --> github.com/BryanEgbert/skripsi/controller.(*PetDaycareController).DeletePetDaycare-fm (4 handlers)

2025/02/13 14:39:09 /home/bryan/repos/skripsi/backend/service/pet_service.go:126
[5.987ms] [rows:0] SELECT * FROM "pets" WHERE "pets"."id" = $1$ AND "pets"."deleted_at" IS NULL ORDER BY "pets"."id" LIMIT $2$
[GIN] 2025/02/13 - 14:39:09 | 404 |    6.217444ms |                 | DELETE   "/pets/10000"
--- PASS: TestDeletePet (3.50s)
    --- PASS: TestDeletePet/On_delete_pet,_should_return_204_when_pet_ID_exists_in_DB (1.80s)
    --- PASS: TestDeletePet/On_delete_pet,_should_return_404_when_pet_ID_doesn't_exists_in_DB (1.70s)
=== RUN   TestGetUser
=== RUN   TestGetUser/On_get_user,_should_return_user_info_when_user_ID_exists_in_DB

2025/02/13 14:39:09 /home/bryan/repos/skripsi/backend/setup/setup.go:60
[366.074ms] [rows:0] TRUNCATE TABLE users, vet_specialties, user_vet_specialties, pet_daycares, pets, size_categories, roles, slots, booked_slots, thumbnails, species, reviews, refresh_tokens, transactions, daily_walks, daily_playtimes, reduce_slots RESTART IDENTITY CASCADE;

2025/02/13 14:39:10 /home/bryan/repos/skripsi/backend/seeder/seeder.go:18
[12.608ms] [rows:3] INSERT INTO "roles" ("name","id") VALUES ($1$,$2$),($3$,$4$),($5$,$6$) RETURNING "id"

2025/02/13 14:39:10 /home/bryan/repos/skripsi/backend/seeder/seeder.go:29
[9.640ms] [rows:4] INSERT INTO "daily_walks" ("name","id") VALUES ($1$,$2$),($3$,$4$),($5$,$6$),($7$,$8$) RETURNING "id"

2025/02/13 14:39:10 /home/bryan/repos/skripsi/backend/seeder/seeder.go:39
[9.413ms] [rows:4] INSERT INTO "daily_playtimes" ("name","id") VALUES ($1$,$2$),($3$,$4$),($5$,$6$),($7$,$8$) RETURNING "id"

2025/02/13 14:39:10 /home/bryan/repos/skripsi/backend/seeder/seeder.go:61
[9.962ms] [rows:17] INSERT INTO "vet_specialties" ("name") VALUES ($1$),($2$),($3$),($4$),($5$),($6$),($7$),($8$),($9$),($10$),($11$),($12$),($13$),($14$),($15$),($16$),($17$) RETURNING "id"

2025/02/13 14:39:10 /home/bryan/repos/skripsi/backend/seeder/seeder.go:71
[9.362ms] [rows:3] INSERT INTO "species" ("name") VALUES ($1$),($2$),($3$) RETURNING "id"

2025/02/13 14:39:10 /home/bryan/repos/skripsi/backend/seeder/seeder.go:83
[9.183ms] [rows:5] INSERT INTO "size_categories" ("name","min_weight","max_weight") VALUES ($1$,$2$,$3$),($4$,$5$,$6$),($7$,$8$,$9$),($10$,$11$,$12$),($13$,$14$,$15$) RETURNING "id"

2025/02/13 14:39:10 /home/bryan/repos/skripsi/backend/seeder/seeder.go:106
[2.101ms] [rows:0] INSERT INTO "vet_specialties" ("name","id") VALUES ($1$,$2$),($3$,$4$),($5$,$6$) ON CONFLICT DO NOTHING RETURNING "id"

2025/02/13 14:39:10 /home/bryan/repos/skripsi/backend/seeder/seeder.go:106
[3.073ms] [rows:3] INSERT INTO "user_vet_specialties" ("user_id","vet_specialty_id") VALUES ($1$,$2$),($3$,$4$),($5$,$6$) ON CONFLICT DO NOTHING

2025/02/13 14:39:10 /home/bryan/repos/skripsi/backend/seeder/seeder.go:106
[12.830ms] [rows:6] INSERT INTO "users" ("created_at","updated_at","deleted_at","name","email","password","role_id","image_url") VALUES ($1$,$2$,$3$,$4$,$5$,$6$,$7$,$8$),($9$,$10$,$11$,$12$,$13$,$14$,$15$,$16$),($17$,$18$,$19$,$20$,$21$,$22$,$23$,$24$),($25$,$26$,$27$,$28$,$29$,$30$,$31$,$32$),($33$,$34$,$35$,$36$,$37$,$38$,$39$,DEFAULT),($40$,$41$,$42$,$43$,$44$,$45$,$46$,$47$) RETURNING "id","image_url"

2025/02/13 14:39:10 /home/bryan/repos/skripsi/backend/seeder/seeder.go:148
[1.614ms] [rows:0] INSERT INTO "daily_walks" ("name","id") VALUES ($1$,$2$) ON CONFLICT DO NOTHING RETURNING "id"

2025/02/13 14:39:10 /home/bryan/repos/skripsi/backend/seeder/seeder.go:148
[1.585ms] [rows:0] INSERT INTO "daily_playtimes" ("name","id") VALUES ($1$,$2$),($3$,$4$) ON CONFLICT DO NOTHING RETURNING "id"

2025/02/13 14:39:10 /home/bryan/repos/skripsi/backend/seeder/seeder.go:148
[10.614ms] [rows:3] INSERT INTO "pet_daycares" ("created_at","updated_at","deleted_at","name","address","latitude","longitude","price","pricing_type","description","has_pickup_service","must_be_vaccinated","food_provided","grooming_available","booked_num","daily_walks_id","daily_playtime_id","owner_id","food_brand") VALUES ($1$,$2$,$3$,$4$,$5$,$6$,$7$,$8$,$9$,$10$,$11$,$12$,$13$,$14$,$15$,$16$,$17$,$18$,$19$),($20$,$21$,$22$,$23$,$24$,$25$,$26$,$27$,$28$,$29$,$30$,$31$,$32$,$33$,$34$,$35$,$36$,$37$,$38$),($39$,$40$,$41$,$42$,$43$,$44$,$45$,$46$,$47$,$48$,$49$,$50$,$51$,$52$,$53$,$54$,$55$,$56$,$57$) RETURNING "id"

2025/02/13 14:39:10 /home/bryan/repos/skripsi/backend/seeder/seeder.go:158
[6.035ms] [rows:3] INSERT INTO "slots" ("created_at","updated_at","deleted_at","daycare_id","species_id","size_category_id","max_number") VALUES ($1$,$2$,$3$,$4$,$5$,$6$,$7$),($8$,$9$,$10$,$11$,$12$,$13$,$14$),($15$,$16$,$17$,$18$,$19$,$20$,$21$) RETURNING "id"

2025/02/13 14:39:10 /home/bryan/repos/skripsi/backend/seeder/seeder.go:172
[6.404ms] [rows:2] INSERT INTO "pets" ("created_at","updated_at","deleted_at","name","image_url","status","owner_id","species_id","size_id") VALUES ($1$,$2$,$3$,$4$,$5$,$6$,$7$,$8$,$9$),($10$,$11$,$12$,$13$,$14$,$15$,$16$,$17$,$18$) RETURNING "id"

2025/02/13 14:39:10 /home/bryan/repos/skripsi/backend/seeder/seeder.go:189
[6.819ms] [rows:2] INSERT INTO "booked_slots" ("created_at","updated_at","deleted_at","user_id","daycare_id","pet_id","start_date","end_date") VALUES ($1$,$2$,$3$,$4$,$5$,$6$,$7$,$8$),($9$,$10$,$11$,$12$,$13$,$14$,$15$,$16$) RETURNING "id"

2025/02/13 14:39:10 /home/bryan/repos/skripsi/backend/seeder/seeder.go:205
[6.381ms] [rows:3] INSERT INTO "reviews" ("created_at","updated_at","deleted_at","daycare_id","user_id","name","rate","description") VALUES ($1$,$2$,$3$,$4$,$5$,$6$,$7$,$8$),($9$,$10$,$11$,$12$,$13$,$14$,$15$,$16$),($17$,$18$,$19$,$20$,$21$,$22$,$23$,$24$) RETURNING "id"

2025/02/13 14:39:10 /home/bryan/repos/skripsi/backend/seeder/seeder.go:213
[4.990ms] [rows:1] INSERT INTO "reduce_slots" ("slot_id","reduced_count","target_date") VALUES ($1$,$2$,$3$) RETURNING "id"

2025/02/13 14:39:10 /home/bryan/repos/skripsi/backend/seeder/seeder.go:222
[4.948ms] [rows:2] INSERT INTO "thumbnails" ("daycare_id","image_url") VALUES ($1$,$2$),($3$,$4$) RETURNING "id"

2025/02/13 14:39:10 /home/bryan/repos/skripsi/backend/seeder/seeder.go:230
[6.783ms] [rows:1] INSERT INTO "transactions" ("pet_daycare_id","booked_slot_id","status") VALUES ($1$,$2$,$3$) RETURNING "created_at","id"

2025/02/13 14:39:10 /home/bryan/repos/skripsi/backend/setup/setup.go:78
[14.723ms] [rows:1] SELECT count(*) FROM information_schema.tables WHERE table_schema = CURRENT_SCHEMA() AND table_name = 'roles' AND table_type = 'BASE TABLE'

2025/02/13 14:39:10 /home/bryan/repos/skripsi/backend/setup/setup.go:78
[1.784ms] [rows:1] SELECT CURRENT_DATABASE()

2025/02/13 14:39:10 /home/bryan/repos/skripsi/backend/setup/setup.go:78
[33.062ms] [rows:-] SELECT c.column_name, c.is_nullable = 'YES', c.udt_name, c.character_maximum_length, c.numeric_precision, c.numeric_precision_radix, c.numeric_scale, c.datetime_precision, 8 * typlen, c.column_default, pd.description, c.identity_increment FROM information_schema.columns AS c JOIN pg_type AS pgt ON c.udt_name = pgt.typname LEFT JOIN pg_catalog.pg_description as pd ON pd.objsubid = c.ordinal_position AND pd.objoid = (SELECT oid FROM pg_catalog.pg_class WHERE relname = c.table_name AND relnamespace = (SELECT oid FROM pg_catalog.pg_namespace WHERE nspname = c.table_schema)) where table_catalog = $1$ AND table_schema = CURRENT_SCHEMA() AND table_name = $2$

2025/02/13 14:39:10 /home/bryan/repos/skripsi/backend/setup/setup.go:78
[1.039ms] [rows:-] SELECT * FROM "roles" LIMIT $1$

2025/02/13 14:39:10 /home/bryan/repos/skripsi/backend/setup/setup.go:78
[23.253ms] [rows:-] SELECT constraint_name FROM information_schema.table_constraints tc JOIN information_schema.constraint_column_usage AS ccu USING (constraint_schema, constraint_catalog, table_name, constraint_name) JOIN information_schema.columns AS c ON c.table_schema = tc.constraint_schema AND tc.table_name = c.table_name AND ccu.column_name = c.column_name WHERE constraint_type IN ('PRIMARY KEY', 'UNIQUE') AND c.table_catalog = $1$ AND c.table_schema = CURRENT_SCHEMA() AND c.table_name = $2$ AND constraint_type = $3$

2025/02/13 14:39:10 /home/bryan/repos/skripsi/backend/setup/setup.go:78
[20.878ms] [rows:-] SELECT c.column_name, constraint_name, constraint_type FROM information_schema.table_constraints tc JOIN information_schema.constraint_column_usage AS ccu USING (constraint_schema, constraint_catalog, table_name, constraint_name) JOIN information_schema.columns AS c ON c.table_schema = tc.constraint_schema AND tc.table_name = c.table_name AND ccu.column_name = c.column_name WHERE constraint_type IN ('PRIMARY KEY', 'UNIQUE') AND c.table_catalog = $1$ AND c.table_schema = CURRENT_SCHEMA() AND c.table_name = $2$

2025/02/13 14:39:10 /home/bryan/repos/skripsi/backend/setup/setup.go:78
[3.145ms] [rows:-] SELECT a.attname as column_name, format_type(a.atttypid, a.atttypmod) AS data_type
		FROM pg_attribute a JOIN pg_class b ON a.attrelid = b.oid AND relnamespace = (SELECT oid FROM pg_catalog.pg_namespace WHERE nspname = CURRENT_SCHEMA())
		WHERE a.attnum > 0 -- hide internal columns
		AND NOT a.attisdropped -- hide deleted columns
		AND b.relname = $1$

2025/02/13 14:39:10 /home/bryan/repos/skripsi/backend/setup/setup.go:78
[8.601ms] [rows:0] SELECT description FROM pg_catalog.pg_description WHERE objsubid = (SELECT ordinal_position FROM information_schema.columns WHERE table_schema = CURRENT_SCHEMA() AND table_name = 'roles' AND column_name = 'id') AND objoid = (SELECT oid FROM pg_catalog.pg_class WHERE relname = 'roles' AND relnamespace = (SELECT oid FROM pg_catalog.pg_namespace WHERE nspname = CURRENT_SCHEMA()))

2025/02/13 14:39:10 /home/bryan/repos/skripsi/backend/setup/setup.go:78
[6.497ms] [rows:0] SELECT description FROM pg_catalog.pg_description WHERE objsubid = (SELECT ordinal_position FROM information_schema.columns WHERE table_schema = CURRENT_SCHEMA() AND table_name = 'roles' AND column_name = 'name') AND objoid = (SELECT oid FROM pg_catalog.pg_class WHERE relname = 'roles' AND relnamespace = (SELECT oid FROM pg_catalog.pg_namespace WHERE nspname = CURRENT_SCHEMA()))

2025/02/13 14:39:10 /home/bryan/repos/skripsi/backend/setup/setup.go:78
[2.610ms] [rows:1] SELECT count(*) FROM information_schema.tables WHERE table_schema = CURRENT_SCHEMA() AND table_name = 'users' AND table_type = 'BASE TABLE'

2025/02/13 14:39:10 /home/bryan/repos/skripsi/backend/setup/setup.go:78
[0.866ms] [rows:1] SELECT CURRENT_DATABASE()

2025/02/13 14:39:10 /home/bryan/repos/skripsi/backend/setup/setup.go:78
[17.723ms] [rows:-] SELECT c.column_name, c.is_nullable = 'YES', c.udt_name, c.character_maximum_length, c.numeric_precision, c.numeric_precision_radix, c.numeric_scale, c.datetime_precision, 8 * typlen, c.column_default, pd.description, c.identity_increment FROM information_schema.columns AS c JOIN pg_type AS pgt ON c.udt_name = pgt.typname LEFT JOIN pg_catalog.pg_description as pd ON pd.objsubid = c.ordinal_position AND pd.objoid = (SELECT oid FROM pg_catalog.pg_class WHERE relname = c.table_name AND relnamespace = (SELECT oid FROM pg_catalog.pg_namespace WHERE nspname = c.table_schema)) where table_catalog = $1$ AND table_schema = CURRENT_SCHEMA() AND table_name = $2$

2025/02/13 14:39:10 /home/bryan/repos/skripsi/backend/setup/setup.go:78
[1.636ms] [rows:-] SELECT * FROM "users" LIMIT $1$

2025/02/13 14:39:10 /home/bryan/repos/skripsi/backend/setup/setup.go:78
[33.252ms] [rows:-] SELECT constraint_name FROM information_schema.table_constraints tc JOIN information_schema.constraint_column_usage AS ccu USING (constraint_schema, constraint_catalog, table_name, constraint_name) JOIN information_schema.columns AS c ON c.table_schema = tc.constraint_schema AND tc.table_name = c.table_name AND ccu.column_name = c.column_name WHERE constraint_type IN ('PRIMARY KEY', 'UNIQUE') AND c.table_catalog = $1$ AND c.table_schema = CURRENT_SCHEMA() AND c.table_name = $2$ AND constraint_type = $3$

2025/02/13 14:39:10 /home/bryan/repos/skripsi/backend/setup/setup.go:78
[32.637ms] [rows:-] SELECT c.column_name, constraint_name, constraint_type FROM information_schema.table_constraints tc JOIN information_schema.constraint_column_usage AS ccu USING (constraint_schema, constraint_catalog, table_name, constraint_name) JOIN information_schema.columns AS c ON c.table_schema = tc.constraint_schema AND tc.table_name = c.table_name AND ccu.column_name = c.column_name WHERE constraint_type IN ('PRIMARY KEY', 'UNIQUE') AND c.table_catalog = $1$ AND c.table_schema = CURRENT_SCHEMA() AND c.table_name = $2$

2025/02/13 14:39:10 /home/bryan/repos/skripsi/backend/setup/setup.go:78
[2.972ms] [rows:-] SELECT a.attname as column_name, format_type(a.atttypid, a.atttypmod) AS data_type
		FROM pg_attribute a JOIN pg_class b ON a.attrelid = b.oid AND relnamespace = (SELECT oid FROM pg_catalog.pg_namespace WHERE nspname = CURRENT_SCHEMA())
		WHERE a.attnum > 0 -- hide internal columns
		AND NOT a.attisdropped -- hide deleted columns
		AND b.relname = $1$

2025/02/13 14:39:10 /home/bryan/repos/skripsi/backend/setup/setup.go:78
[10.977ms] [rows:0] SELECT description FROM pg_catalog.pg_description WHERE objsubid = (SELECT ordinal_position FROM information_schema.columns WHERE table_schema = CURRENT_SCHEMA() AND table_name = 'users' AND column_name = 'id') AND objoid = (SELECT oid FROM pg_catalog.pg_class WHERE relname = 'users' AND relnamespace = (SELECT oid FROM pg_catalog.pg_namespace WHERE nspname = CURRENT_SCHEMA()))

2025/02/13 14:39:10 /home/bryan/repos/skripsi/backend/setup/setup.go:78
[10.463ms] [rows:0] SELECT description FROM pg_catalog.pg_description WHERE objsubid = (SELECT ordinal_position FROM information_schema.columns WHERE table_schema = CURRENT_SCHEMA() AND table_name = 'users' AND column_name = 'created_at') AND objoid = (SELECT oid FROM pg_catalog.pg_class WHERE relname = 'users' AND relnamespace = (SELECT oid FROM pg_catalog.pg_namespace WHERE nspname = CURRENT_SCHEMA()))

2025/02/13 14:39:10 /home/bryan/repos/skripsi/backend/setup/setup.go:78
[10.375ms] [rows:0] SELECT description FROM pg_catalog.pg_description WHERE objsubid = (SELECT ordinal_position FROM information_schema.columns WHERE table_schema = CURRENT_SCHEMA() AND table_name = 'users' AND column_name = 'updated_at') AND objoid = (SELECT oid FROM pg_catalog.pg_class WHERE relname = 'users' AND relnamespace = (SELECT oid FROM pg_catalog.pg_namespace WHERE nspname = CURRENT_SCHEMA()))

2025/02/13 14:39:10 /home/bryan/repos/skripsi/backend/setup/setup.go:78
[10.344ms] [rows:0] SELECT description FROM pg_catalog.pg_description WHERE objsubid = (SELECT ordinal_position FROM information_schema.columns WHERE table_schema = CURRENT_SCHEMA() AND table_name = 'users' AND column_name = 'deleted_at') AND objoid = (SELECT oid FROM pg_catalog.pg_class WHERE relname = 'users' AND relnamespace = (SELECT oid FROM pg_catalog.pg_namespace WHERE nspname = CURRENT_SCHEMA()))

2025/02/13 14:39:10 /home/bryan/repos/skripsi/backend/setup/setup.go:78
[3.001ms] [rows:0] SELECT description FROM pg_catalog.pg_description WHERE objsubid = (SELECT ordinal_position FROM information_schema.columns WHERE table_schema = CURRENT_SCHEMA() AND table_name = 'users' AND column_name = 'name') AND objoid = (SELECT oid FROM pg_catalog.pg_class WHERE relname = 'users' AND relnamespace = (SELECT oid FROM pg_catalog.pg_namespace WHERE nspname = CURRENT_SCHEMA()))

2025/02/13 14:39:10 /home/bryan/repos/skripsi/backend/setup/setup.go:78
[2.698ms] [rows:0] SELECT description FROM pg_catalog.pg_description WHERE objsubid = (SELECT ordinal_position FROM information_schema.columns WHERE table_schema = CURRENT_SCHEMA() AND table_name = 'users' AND column_name = 'email') AND objoid = (SELECT oid FROM pg_catalog.pg_class WHERE relname = 'users' AND relnamespace = (SELECT oid FROM pg_catalog.pg_namespace WHERE nspname = CURRENT_SCHEMA()))

2025/02/13 14:39:10 /home/bryan/repos/skripsi/backend/setup/setup.go:78
[2.638ms] [rows:0] SELECT description FROM pg_catalog.pg_description WHERE objsubid = (SELECT ordinal_position FROM information_schema.columns WHERE table_schema = CURRENT_SCHEMA() AND table_name = 'users' AND column_name = 'password') AND objoid = (SELECT oid FROM pg_catalog.pg_class WHERE relname = 'users' AND relnamespace = (SELECT oid FROM pg_catalog.pg_namespace WHERE nspname = CURRENT_SCHEMA()))

2025/02/13 14:39:10 /home/bryan/repos/skripsi/backend/setup/setup.go:78
[2.483ms] [rows:0] SELECT description FROM pg_catalog.pg_description WHERE objsubid = (SELECT ordinal_position FROM information_schema.columns WHERE table_schema = CURRENT_SCHEMA() AND table_name = 'users' AND column_name = 'image_url') AND objoid = (SELECT oid FROM pg_catalog.pg_class WHERE relname = 'users' AND relnamespace = (SELECT oid FROM pg_catalog.pg_namespace WHERE nspname = CURRENT_SCHEMA()))

2025/02/13 14:39:10 /home/bryan/repos/skripsi/backend/setup/setup.go:78
[2.679ms] [rows:0] SELECT description FROM pg_catalog.pg_description WHERE objsubid = (SELECT ordinal_position FROM information_schema.columns WHERE table_schema = CURRENT_SCHEMA() AND table_name = 'users' AND column_name = 'role_id') AND objoid = (SELECT oid FROM pg_catalog.pg_class WHERE relname = 'users' AND relnamespace = (SELECT oid FROM pg_catalog.pg_namespace WHERE nspname = CURRENT_SCHEMA()))

2025/02/13 14:39:10 /home/bryan/repos/skripsi/backend/setup/setup.go:78
[8.546ms] [rows:1] SELECT count(*) FROM INFORMATION_SCHEMA.table_constraints WHERE table_schema = CURRENT_SCHEMA() AND table_name = 'users' AND constraint_name = 'fk_roles_users'

2025/02/13 14:39:10 /home/bryan/repos/skripsi/backend/setup/setup.go:78
[10.662ms] [rows:1] SELECT count(*) FROM pg_indexes WHERE tablename = 'users' AND indexname = 'idx_users_deleted_at' AND schemaname = CURRENT_SCHEMA()

2025/02/13 14:39:10 /home/bryan/repos/skripsi/backend/setup/setup.go:78
[4.090ms] [rows:1] SELECT count(*) FROM information_schema.tables WHERE table_schema = CURRENT_SCHEMA() AND table_name = 'vet_specialties' AND table_type = 'BASE TABLE'

2025/02/13 14:39:10 /home/bryan/repos/skripsi/backend/setup/setup.go:78
[1.516ms] [rows:1] SELECT CURRENT_DATABASE()

2025/02/13 14:39:10 /home/bryan/repos/skripsi/backend/setup/setup.go:78
[20.280ms] [rows:-] SELECT c.column_name, c.is_nullable = 'YES', c.udt_name, c.character_maximum_length, c.numeric_precision, c.numeric_precision_radix, c.numeric_scale, c.datetime_precision, 8 * typlen, c.column_default, pd.description, c.identity_increment FROM information_schema.columns AS c JOIN pg_type AS pgt ON c.udt_name = pgt.typname LEFT JOIN pg_catalog.pg_description as pd ON pd.objsubid = c.ordinal_position AND pd.objoid = (SELECT oid FROM pg_catalog.pg_class WHERE relname = c.table_name AND relnamespace = (SELECT oid FROM pg_catalog.pg_namespace WHERE nspname = c.table_schema)) where table_catalog = $1$ AND table_schema = CURRENT_SCHEMA() AND table_name = $2$

2025/02/13 14:39:10 /home/bryan/repos/skripsi/backend/setup/setup.go:78
[1.644ms] [rows:-] SELECT * FROM "vet_specialties" LIMIT $1$

2025/02/13 14:39:10 /home/bryan/repos/skripsi/backend/setup/setup.go:78
[32.466ms] [rows:-] SELECT constraint_name FROM information_schema.table_constraints tc JOIN information_schema.constraint_column_usage AS ccu USING (constraint_schema, constraint_catalog, table_name, constraint_name) JOIN information_schema.columns AS c ON c.table_schema = tc.constraint_schema AND tc.table_name = c.table_name AND ccu.column_name = c.column_name WHERE constraint_type IN ('PRIMARY KEY', 'UNIQUE') AND c.table_catalog = $1$ AND c.table_schema = CURRENT_SCHEMA() AND c.table_name = $2$ AND constraint_type = $3$

2025/02/13 14:39:10 /home/bryan/repos/skripsi/backend/setup/setup.go:78
[37.570ms] [rows:-] SELECT c.column_name, constraint_name, constraint_type FROM information_schema.table_constraints tc JOIN information_schema.constraint_column_usage AS ccu USING (constraint_schema, constraint_catalog, table_name, constraint_name) JOIN information_schema.columns AS c ON c.table_schema = tc.constraint_schema AND tc.table_name = c.table_name AND ccu.column_name = c.column_name WHERE constraint_type IN ('PRIMARY KEY', 'UNIQUE') AND c.table_catalog = $1$ AND c.table_schema = CURRENT_SCHEMA() AND c.table_name = $2$

2025/02/13 14:39:10 /home/bryan/repos/skripsi/backend/setup/setup.go:78
[2.749ms] [rows:-] SELECT a.attname as column_name, format_type(a.atttypid, a.atttypmod) AS data_type
		FROM pg_attribute a JOIN pg_class b ON a.attrelid = b.oid AND relnamespace = (SELECT oid FROM pg_catalog.pg_namespace WHERE nspname = CURRENT_SCHEMA())
		WHERE a.attnum > 0 -- hide internal columns
		AND NOT a.attisdropped -- hide deleted columns
		AND b.relname = $1$

2025/02/13 14:39:10 /home/bryan/repos/skripsi/backend/setup/setup.go:78
[2.911ms] [rows:0] SELECT description FROM pg_catalog.pg_description WHERE objsubid = (SELECT ordinal_position FROM information_schema.columns WHERE table_schema = CURRENT_SCHEMA() AND table_name = 'vet_specialties' AND column_name = 'id') AND objoid = (SELECT oid FROM pg_catalog.pg_class WHERE relname = 'vet_specialties' AND relnamespace = (SELECT oid FROM pg_catalog.pg_namespace WHERE nspname = CURRENT_SCHEMA()))

2025/02/13 14:39:10 /home/bryan/repos/skripsi/backend/setup/setup.go:78
[2.873ms] [rows:0] SELECT description FROM pg_catalog.pg_description WHERE objsubid = (SELECT ordinal_position FROM information_schema.columns WHERE table_schema = CURRENT_SCHEMA() AND table_name = 'vet_specialties' AND column_name = 'name') AND objoid = (SELECT oid FROM pg_catalog.pg_class WHERE relname = 'vet_specialties' AND relnamespace = (SELECT oid FROM pg_catalog.pg_namespace WHERE nspname = CURRENT_SCHEMA()))

2025/02/13 14:39:10 /home/bryan/repos/skripsi/backend/setup/setup.go:78
[4.166ms] [rows:1] SELECT count(*) FROM information_schema.tables WHERE table_schema = CURRENT_SCHEMA() AND table_name = 'user_vet_specialties' AND table_type = 'BASE TABLE'

2025/02/13 14:39:10 /home/bryan/repos/skripsi/backend/setup/setup.go:78
[1.381ms] [rows:1] SELECT CURRENT_DATABASE()

2025/02/13 14:39:10 /home/bryan/repos/skripsi/backend/setup/setup.go:78
[15.505ms] [rows:-] SELECT c.column_name, c.is_nullable = 'YES', c.udt_name, c.character_maximum_length, c.numeric_precision, c.numeric_precision_radix, c.numeric_scale, c.datetime_precision, 8 * typlen, c.column_default, pd.description, c.identity_increment FROM information_schema.columns AS c JOIN pg_type AS pgt ON c.udt_name = pgt.typname LEFT JOIN pg_catalog.pg_description as pd ON pd.objsubid = c.ordinal_position AND pd.objoid = (SELECT oid FROM pg_catalog.pg_class WHERE relname = c.table_name AND relnamespace = (SELECT oid FROM pg_catalog.pg_namespace WHERE nspname = c.table_schema)) where table_catalog = $1$ AND table_schema = CURRENT_SCHEMA() AND table_name = $2$

2025/02/13 14:39:10 /home/bryan/repos/skripsi/backend/setup/setup.go:78
[1.032ms] [rows:-] SELECT * FROM "user_vet_specialties" LIMIT $1$

2025/02/13 14:39:10 /home/bryan/repos/skripsi/backend/setup/setup.go:78
[16.551ms] [rows:-] SELECT constraint_name FROM information_schema.table_constraints tc JOIN information_schema.constraint_column_usage AS ccu USING (constraint_schema, constraint_catalog, table_name, constraint_name) JOIN information_schema.columns AS c ON c.table_schema = tc.constraint_schema AND tc.table_name = c.table_name AND ccu.column_name = c.column_name WHERE constraint_type IN ('PRIMARY KEY', 'UNIQUE') AND c.table_catalog = $1$ AND c.table_schema = CURRENT_SCHEMA() AND c.table_name = $2$ AND constraint_type = $3$

2025/02/13 14:39:10 /home/bryan/repos/skripsi/backend/setup/setup.go:78
[18.651ms] [rows:-] SELECT c.column_name, constraint_name, constraint_type FROM information_schema.table_constraints tc JOIN information_schema.constraint_column_usage AS ccu USING (constraint_schema, constraint_catalog, table_name, constraint_name) JOIN information_schema.columns AS c ON c.table_schema = tc.constraint_schema AND tc.table_name = c.table_name AND ccu.column_name = c.column_name WHERE constraint_type IN ('PRIMARY KEY', 'UNIQUE') AND c.table_catalog = $1$ AND c.table_schema = CURRENT_SCHEMA() AND c.table_name = $2$

2025/02/13 14:39:10 /home/bryan/repos/skripsi/backend/setup/setup.go:78
[2.130ms] [rows:-] SELECT a.attname as column_name, format_type(a.atttypid, a.atttypmod) AS data_type
		FROM pg_attribute a JOIN pg_class b ON a.attrelid = b.oid AND relnamespace = (SELECT oid FROM pg_catalog.pg_namespace WHERE nspname = CURRENT_SCHEMA())
		WHERE a.attnum > 0 -- hide internal columns
		AND NOT a.attisdropped -- hide deleted columns
		AND b.relname = $1$

2025/02/13 14:39:10 /home/bryan/repos/skripsi/backend/setup/setup.go:78
[1.717ms] [rows:0] SELECT description FROM pg_catalog.pg_description WHERE objsubid = (SELECT ordinal_position FROM information_schema.columns WHERE table_schema = CURRENT_SCHEMA() AND table_name = 'user_vet_specialties' AND column_name = 'user_id') AND objoid = (SELECT oid FROM pg_catalog.pg_class WHERE relname = 'user_vet_specialties' AND relnamespace = (SELECT oid FROM pg_catalog.pg_namespace WHERE nspname = CURRENT_SCHEMA()))

2025/02/13 14:39:10 /home/bryan/repos/skripsi/backend/setup/setup.go:78
[1.888ms] [rows:0] SELECT description FROM pg_catalog.pg_description WHERE objsubid = (SELECT ordinal_position FROM information_schema.columns WHERE table_schema = CURRENT_SCHEMA() AND table_name = 'user_vet_specialties' AND column_name = 'vet_specialty_id') AND objoid = (SELECT oid FROM pg_catalog.pg_class WHERE relname = 'user_vet_specialties' AND relnamespace = (SELECT oid FROM pg_catalog.pg_namespace WHERE nspname = CURRENT_SCHEMA()))

2025/02/13 14:39:10 /home/bryan/repos/skripsi/backend/setup/setup.go:78
[4.716ms] [rows:1] SELECT count(*) FROM INFORMATION_SCHEMA.table_constraints WHERE table_schema = CURRENT_SCHEMA() AND table_name = 'user_vet_specialties' AND constraint_name = 'fk_user_vet_specialties_user'

2025/02/13 14:39:10 /home/bryan/repos/skripsi/backend/setup/setup.go:78
[4.818ms] [rows:1] SELECT count(*) FROM INFORMATION_SCHEMA.table_constraints WHERE table_schema = CURRENT_SCHEMA() AND table_name = 'user_vet_specialties' AND constraint_name = 'fk_user_vet_specialties_vet_specialty'

2025/02/13 14:39:10 /home/bryan/repos/skripsi/backend/setup/setup.go:78
[2.849ms] [rows:1] SELECT count(*) FROM information_schema.tables WHERE table_schema = CURRENT_SCHEMA() AND table_name = 'daily_walks' AND table_type = 'BASE TABLE'

2025/02/13 14:39:10 /home/bryan/repos/skripsi/backend/setup/setup.go:78
[0.913ms] [rows:1] SELECT CURRENT_DATABASE()

2025/02/13 14:39:10 /home/bryan/repos/skripsi/backend/setup/setup.go:78
[14.119ms] [rows:-] SELECT c.column_name, c.is_nullable = 'YES', c.udt_name, c.character_maximum_length, c.numeric_precision, c.numeric_precision_radix, c.numeric_scale, c.datetime_precision, 8 * typlen, c.column_default, pd.description, c.identity_increment FROM information_schema.columns AS c JOIN pg_type AS pgt ON c.udt_name = pgt.typname LEFT JOIN pg_catalog.pg_description as pd ON pd.objsubid = c.ordinal_position AND pd.objoid = (SELECT oid FROM pg_catalog.pg_class WHERE relname = c.table_name AND relnamespace = (SELECT oid FROM pg_catalog.pg_namespace WHERE nspname = c.table_schema)) where table_catalog = $1$ AND table_schema = CURRENT_SCHEMA() AND table_name = $2$

2025/02/13 14:39:10 /home/bryan/repos/skripsi/backend/setup/setup.go:78
[1.095ms] [rows:-] SELECT * FROM "daily_walks" LIMIT $1$

2025/02/13 14:39:10 /home/bryan/repos/skripsi/backend/setup/setup.go:78
[20.797ms] [rows:-] SELECT constraint_name FROM information_schema.table_constraints tc JOIN information_schema.constraint_column_usage AS ccu USING (constraint_schema, constraint_catalog, table_name, constraint_name) JOIN information_schema.columns AS c ON c.table_schema = tc.constraint_schema AND tc.table_name = c.table_name AND ccu.column_name = c.column_name WHERE constraint_type IN ('PRIMARY KEY', 'UNIQUE') AND c.table_catalog = $1$ AND c.table_schema = CURRENT_SCHEMA() AND c.table_name = $2$ AND constraint_type = $3$

2025/02/13 14:39:10 /home/bryan/repos/skripsi/backend/setup/setup.go:78
[19.728ms] [rows:-] SELECT c.column_name, constraint_name, constraint_type FROM information_schema.table_constraints tc JOIN information_schema.constraint_column_usage AS ccu USING (constraint_schema, constraint_catalog, table_name, constraint_name) JOIN information_schema.columns AS c ON c.table_schema = tc.constraint_schema AND tc.table_name = c.table_name AND ccu.column_name = c.column_name WHERE constraint_type IN ('PRIMARY KEY', 'UNIQUE') AND c.table_catalog = $1$ AND c.table_schema = CURRENT_SCHEMA() AND c.table_name = $2$

2025/02/13 14:39:10 /home/bryan/repos/skripsi/backend/setup/setup.go:78
[2.196ms] [rows:-] SELECT a.attname as column_name, format_type(a.atttypid, a.atttypmod) AS data_type
		FROM pg_attribute a JOIN pg_class b ON a.attrelid = b.oid AND relnamespace = (SELECT oid FROM pg_catalog.pg_namespace WHERE nspname = CURRENT_SCHEMA())
		WHERE a.attnum > 0 -- hide internal columns
		AND NOT a.attisdropped -- hide deleted columns
		AND b.relname = $1$

2025/02/13 14:39:10 /home/bryan/repos/skripsi/backend/setup/setup.go:78
[1.828ms] [rows:0] SELECT description FROM pg_catalog.pg_description WHERE objsubid = (SELECT ordinal_position FROM information_schema.columns WHERE table_schema = CURRENT_SCHEMA() AND table_name = 'daily_walks' AND column_name = 'id') AND objoid = (SELECT oid FROM pg_catalog.pg_class WHERE relname = 'daily_walks' AND relnamespace = (SELECT oid FROM pg_catalog.pg_namespace WHERE nspname = CURRENT_SCHEMA()))

2025/02/13 14:39:10 /home/bryan/repos/skripsi/backend/setup/setup.go:78
[1.801ms] [rows:0] SELECT description FROM pg_catalog.pg_description WHERE objsubid = (SELECT ordinal_position FROM information_schema.columns WHERE table_schema = CURRENT_SCHEMA() AND table_name = 'daily_walks' AND column_name = 'name') AND objoid = (SELECT oid FROM pg_catalog.pg_class WHERE relname = 'daily_walks' AND relnamespace = (SELECT oid FROM pg_catalog.pg_namespace WHERE nspname = CURRENT_SCHEMA()))

2025/02/13 14:39:10 /home/bryan/repos/skripsi/backend/setup/setup.go:78
[2.659ms] [rows:1] SELECT count(*) FROM information_schema.tables WHERE table_schema = CURRENT_SCHEMA() AND table_name = 'daily_playtimes' AND table_type = 'BASE TABLE'

2025/02/13 14:39:10 /home/bryan/repos/skripsi/backend/setup/setup.go:78
[0.997ms] [rows:1] SELECT CURRENT_DATABASE()

2025/02/13 14:39:10 /home/bryan/repos/skripsi/backend/setup/setup.go:78
[14.667ms] [rows:-] SELECT c.column_name, c.is_nullable = 'YES', c.udt_name, c.character_maximum_length, c.numeric_precision, c.numeric_precision_radix, c.numeric_scale, c.datetime_precision, 8 * typlen, c.column_default, pd.description, c.identity_increment FROM information_schema.columns AS c JOIN pg_type AS pgt ON c.udt_name = pgt.typname LEFT JOIN pg_catalog.pg_description as pd ON pd.objsubid = c.ordinal_position AND pd.objoid = (SELECT oid FROM pg_catalog.pg_class WHERE relname = c.table_name AND relnamespace = (SELECT oid FROM pg_catalog.pg_namespace WHERE nspname = c.table_schema)) where table_catalog = $1$ AND table_schema = CURRENT_SCHEMA() AND table_name = $2$

2025/02/13 14:39:10 /home/bryan/repos/skripsi/backend/setup/setup.go:78
[1.256ms] [rows:-] SELECT * FROM "daily_playtimes" LIMIT $1$

2025/02/13 14:39:10 /home/bryan/repos/skripsi/backend/setup/setup.go:78
[20.414ms] [rows:-] SELECT constraint_name FROM information_schema.table_constraints tc JOIN information_schema.constraint_column_usage AS ccu USING (constraint_schema, constraint_catalog, table_name, constraint_name) JOIN information_schema.columns AS c ON c.table_schema = tc.constraint_schema AND tc.table_name = c.table_name AND ccu.column_name = c.column_name WHERE constraint_type IN ('PRIMARY KEY', 'UNIQUE') AND c.table_catalog = $1$ AND c.table_schema = CURRENT_SCHEMA() AND c.table_name = $2$ AND constraint_type = $3$

2025/02/13 14:39:10 /home/bryan/repos/skripsi/backend/setup/setup.go:78
[18.326ms] [rows:-] SELECT c.column_name, constraint_name, constraint_type FROM information_schema.table_constraints tc JOIN information_schema.constraint_column_usage AS ccu USING (constraint_schema, constraint_catalog, table_name, constraint_name) JOIN information_schema.columns AS c ON c.table_schema = tc.constraint_schema AND tc.table_name = c.table_name AND ccu.column_name = c.column_name WHERE constraint_type IN ('PRIMARY KEY', 'UNIQUE') AND c.table_catalog = $1$ AND c.table_schema = CURRENT_SCHEMA() AND c.table_name = $2$

2025/02/13 14:39:10 /home/bryan/repos/skripsi/backend/setup/setup.go:78
[1.604ms] [rows:-] SELECT a.attname as column_name, format_type(a.atttypid, a.atttypmod) AS data_type
		FROM pg_attribute a JOIN pg_class b ON a.attrelid = b.oid AND relnamespace = (SELECT oid FROM pg_catalog.pg_namespace WHERE nspname = CURRENT_SCHEMA())
		WHERE a.attnum > 0 -- hide internal columns
		AND NOT a.attisdropped -- hide deleted columns
		AND b.relname = $1$

2025/02/13 14:39:10 /home/bryan/repos/skripsi/backend/setup/setup.go:78
[1.355ms] [rows:0] SELECT description FROM pg_catalog.pg_description WHERE objsubid = (SELECT ordinal_position FROM information_schema.columns WHERE table_schema = CURRENT_SCHEMA() AND table_name = 'daily_playtimes' AND column_name = 'id') AND objoid = (SELECT oid FROM pg_catalog.pg_class WHERE relname = 'daily_playtimes' AND relnamespace = (SELECT oid FROM pg_catalog.pg_namespace WHERE nspname = CURRENT_SCHEMA()))

2025/02/13 14:39:10 /home/bryan/repos/skripsi/backend/setup/setup.go:78
[1.410ms] [rows:0] SELECT description FROM pg_catalog.pg_description WHERE objsubid = (SELECT ordinal_position FROM information_schema.columns WHERE table_schema = CURRENT_SCHEMA() AND table_name = 'daily_playtimes' AND column_name = 'name') AND objoid = (SELECT oid FROM pg_catalog.pg_class WHERE relname = 'daily_playtimes' AND relnamespace = (SELECT oid FROM pg_catalog.pg_namespace WHERE nspname = CURRENT_SCHEMA()))

2025/02/13 14:39:10 /home/bryan/repos/skripsi/backend/setup/setup.go:78
[0.970ms] [rows:1] SELECT count(*) FROM information_schema.tables WHERE table_schema = CURRENT_SCHEMA() AND table_name = 'pet_daycares' AND table_type = 'BASE TABLE'

2025/02/13 14:39:10 /home/bryan/repos/skripsi/backend/setup/setup.go:78
[0.713ms] [rows:1] SELECT CURRENT_DATABASE()

2025/02/13 14:39:10 /home/bryan/repos/skripsi/backend/setup/setup.go:78
[4.629ms] [rows:-] SELECT c.column_name, c.is_nullable = 'YES', c.udt_name, c.character_maximum_length, c.numeric_precision, c.numeric_precision_radix, c.numeric_scale, c.datetime_precision, 8 * typlen, c.column_default, pd.description, c.identity_increment FROM information_schema.columns AS c JOIN pg_type AS pgt ON c.udt_name = pgt.typname LEFT JOIN pg_catalog.pg_description as pd ON pd.objsubid = c.ordinal_position AND pd.objoid = (SELECT oid FROM pg_catalog.pg_class WHERE relname = c.table_name AND relnamespace = (SELECT oid FROM pg_catalog.pg_namespace WHERE nspname = c.table_schema)) where table_catalog = $1$ AND table_schema = CURRENT_SCHEMA() AND table_name = $2$

2025/02/13 14:39:10 /home/bryan/repos/skripsi/backend/setup/setup.go:78
[1.042ms] [rows:-] SELECT * FROM "pet_daycares" LIMIT $1$

2025/02/13 14:39:10 /home/bryan/repos/skripsi/backend/setup/setup.go:78
[6.092ms] [rows:-] SELECT constraint_name FROM information_schema.table_constraints tc JOIN information_schema.constraint_column_usage AS ccu USING (constraint_schema, constraint_catalog, table_name, constraint_name) JOIN information_schema.columns AS c ON c.table_schema = tc.constraint_schema AND tc.table_name = c.table_name AND ccu.column_name = c.column_name WHERE constraint_type IN ('PRIMARY KEY', 'UNIQUE') AND c.table_catalog = $1$ AND c.table_schema = CURRENT_SCHEMA() AND c.table_name = $2$ AND constraint_type = $3$

2025/02/13 14:39:10 /home/bryan/repos/skripsi/backend/setup/setup.go:78
[5.927ms] [rows:-] SELECT c.column_name, constraint_name, constraint_type FROM information_schema.table_constraints tc JOIN information_schema.constraint_column_usage AS ccu USING (constraint_schema, constraint_catalog, table_name, constraint_name) JOIN information_schema.columns AS c ON c.table_schema = tc.constraint_schema AND tc.table_name = c.table_name AND ccu.column_name = c.column_name WHERE constraint_type IN ('PRIMARY KEY', 'UNIQUE') AND c.table_catalog = $1$ AND c.table_schema = CURRENT_SCHEMA() AND c.table_name = $2$

2025/02/13 14:39:10 /home/bryan/repos/skripsi/backend/setup/setup.go:78
[0.951ms] [rows:-] SELECT a.attname as column_name, format_type(a.atttypid, a.atttypmod) AS data_type
		FROM pg_attribute a JOIN pg_class b ON a.attrelid = b.oid AND relnamespace = (SELECT oid FROM pg_catalog.pg_namespace WHERE nspname = CURRENT_SCHEMA())
		WHERE a.attnum > 0 -- hide internal columns
		AND NOT a.attisdropped -- hide deleted columns
		AND b.relname = $1$

2025/02/13 14:39:10 /home/bryan/repos/skripsi/backend/setup/setup.go:78
[1.307ms] [rows:0] SELECT description FROM pg_catalog.pg_description WHERE objsubid = (SELECT ordinal_position FROM information_schema.columns WHERE table_schema = CURRENT_SCHEMA() AND table_name = 'pet_daycares' AND column_name = 'id') AND objoid = (SELECT oid FROM pg_catalog.pg_class WHERE relname = 'pet_daycares' AND relnamespace = (SELECT oid FROM pg_catalog.pg_namespace WHERE nspname = CURRENT_SCHEMA()))

2025/02/13 14:39:10 /home/bryan/repos/skripsi/backend/setup/setup.go:78
[1.408ms] [rows:0] SELECT description FROM pg_catalog.pg_description WHERE objsubid = (SELECT ordinal_position FROM information_schema.columns WHERE table_schema = CURRENT_SCHEMA() AND table_name = 'pet_daycares' AND column_name = 'created_at') AND objoid = (SELECT oid FROM pg_catalog.pg_class WHERE relname = 'pet_daycares' AND relnamespace = (SELECT oid FROM pg_catalog.pg_namespace WHERE nspname = CURRENT_SCHEMA()))

2025/02/13 14:39:10 /home/bryan/repos/skripsi/backend/setup/setup.go:78
[1.338ms] [rows:0] SELECT description FROM pg_catalog.pg_description WHERE objsubid = (SELECT ordinal_position FROM information_schema.columns WHERE table_schema = CURRENT_SCHEMA() AND table_name = 'pet_daycares' AND column_name = 'updated_at') AND objoid = (SELECT oid FROM pg_catalog.pg_class WHERE relname = 'pet_daycares' AND relnamespace = (SELECT oid FROM pg_catalog.pg_namespace WHERE nspname = CURRENT_SCHEMA()))

2025/02/13 14:39:10 /home/bryan/repos/skripsi/backend/setup/setup.go:78
[1.370ms] [rows:0] SELECT description FROM pg_catalog.pg_description WHERE objsubid = (SELECT ordinal_position FROM information_schema.columns WHERE table_schema = CURRENT_SCHEMA() AND table_name = 'pet_daycares' AND column_name = 'deleted_at') AND objoid = (SELECT oid FROM pg_catalog.pg_class WHERE relname = 'pet_daycares' AND relnamespace = (SELECT oid FROM pg_catalog.pg_namespace WHERE nspname = CURRENT_SCHEMA()))

2025/02/13 14:39:10 /home/bryan/repos/skripsi/backend/setup/setup.go:78
[1.382ms] [rows:0] SELECT description FROM pg_catalog.pg_description WHERE objsubid = (SELECT ordinal_position FROM information_schema.columns WHERE table_schema = CURRENT_SCHEMA() AND table_name = 'pet_daycares' AND column_name = 'name') AND objoid = (SELECT oid FROM pg_catalog.pg_class WHERE relname = 'pet_daycares' AND relnamespace = (SELECT oid FROM pg_catalog.pg_namespace WHERE nspname = CURRENT_SCHEMA()))

2025/02/13 14:39:10 /home/bryan/repos/skripsi/backend/setup/setup.go:78
[1.247ms] [rows:0] SELECT description FROM pg_catalog.pg_description WHERE objsubid = (SELECT ordinal_position FROM information_schema.columns WHERE table_schema = CURRENT_SCHEMA() AND table_name = 'pet_daycares' AND column_name = 'address') AND objoid = (SELECT oid FROM pg_catalog.pg_class WHERE relname = 'pet_daycares' AND relnamespace = (SELECT oid FROM pg_catalog.pg_namespace WHERE nspname = CURRENT_SCHEMA()))

2025/02/13 14:39:10 /home/bryan/repos/skripsi/backend/setup/setup.go:78
[1.310ms] [rows:0] SELECT description FROM pg_catalog.pg_description WHERE objsubid = (SELECT ordinal_position FROM information_schema.columns WHERE table_schema = CURRENT_SCHEMA() AND table_name = 'pet_daycares' AND column_name = 'latitude') AND objoid = (SELECT oid FROM pg_catalog.pg_class WHERE relname = 'pet_daycares' AND relnamespace = (SELECT oid FROM pg_catalog.pg_namespace WHERE nspname = CURRENT_SCHEMA()))

2025/02/13 14:39:10 /home/bryan/repos/skripsi/backend/setup/setup.go:78
[1.340ms] [rows:0] SELECT description FROM pg_catalog.pg_description WHERE objsubid = (SELECT ordinal_position FROM information_schema.columns WHERE table_schema = CURRENT_SCHEMA() AND table_name = 'pet_daycares' AND column_name = 'longitude') AND objoid = (SELECT oid FROM pg_catalog.pg_class WHERE relname = 'pet_daycares' AND relnamespace = (SELECT oid FROM pg_catalog.pg_namespace WHERE nspname = CURRENT_SCHEMA()))

2025/02/13 14:39:10 /home/bryan/repos/skripsi/backend/setup/setup.go:78
[1.295ms] [rows:0] SELECT description FROM pg_catalog.pg_description WHERE objsubid = (SELECT ordinal_position FROM information_schema.columns WHERE table_schema = CURRENT_SCHEMA() AND table_name = 'pet_daycares' AND column_name = 'price') AND objoid = (SELECT oid FROM pg_catalog.pg_class WHERE relname = 'pet_daycares' AND relnamespace = (SELECT oid FROM pg_catalog.pg_namespace WHERE nspname = CURRENT_SCHEMA()))

2025/02/13 14:39:10 /home/bryan/repos/skripsi/backend/setup/setup.go:78
[1.336ms] [rows:0] SELECT description FROM pg_catalog.pg_description WHERE objsubid = (SELECT ordinal_position FROM information_schema.columns WHERE table_schema = CURRENT_SCHEMA() AND table_name = 'pet_daycares' AND column_name = 'pricing_type') AND objoid = (SELECT oid FROM pg_catalog.pg_class WHERE relname = 'pet_daycares' AND relnamespace = (SELECT oid FROM pg_catalog.pg_namespace WHERE nspname = CURRENT_SCHEMA()))

2025/02/13 14:39:10 /home/bryan/repos/skripsi/backend/setup/setup.go:78
[1.407ms] [rows:0] SELECT description FROM pg_catalog.pg_description WHERE objsubid = (SELECT ordinal_position FROM information_schema.columns WHERE table_schema = CURRENT_SCHEMA() AND table_name = 'pet_daycares' AND column_name = 'description') AND objoid = (SELECT oid FROM pg_catalog.pg_class WHERE relname = 'pet_daycares' AND relnamespace = (SELECT oid FROM pg_catalog.pg_namespace WHERE nspname = CURRENT_SCHEMA()))

2025/02/13 14:39:10 /home/bryan/repos/skripsi/backend/setup/setup.go:78
[1.402ms] [rows:0] SELECT description FROM pg_catalog.pg_description WHERE objsubid = (SELECT ordinal_position FROM information_schema.columns WHERE table_schema = CURRENT_SCHEMA() AND table_name = 'pet_daycares' AND column_name = 'has_pickup_service') AND objoid = (SELECT oid FROM pg_catalog.pg_class WHERE relname = 'pet_daycares' AND relnamespace = (SELECT oid FROM pg_catalog.pg_namespace WHERE nspname = CURRENT_SCHEMA()))

2025/02/13 14:39:10 /home/bryan/repos/skripsi/backend/setup/setup.go:78
[1.244ms] [rows:0] SELECT description FROM pg_catalog.pg_description WHERE objsubid = (SELECT ordinal_position FROM information_schema.columns WHERE table_schema = CURRENT_SCHEMA() AND table_name = 'pet_daycares' AND column_name = 'must_be_vaccinated') AND objoid = (SELECT oid FROM pg_catalog.pg_class WHERE relname = 'pet_daycares' AND relnamespace = (SELECT oid FROM pg_catalog.pg_namespace WHERE nspname = CURRENT_SCHEMA()))

2025/02/13 14:39:10 /home/bryan/repos/skripsi/backend/setup/setup.go:78
[1.338ms] [rows:0] SELECT description FROM pg_catalog.pg_description WHERE objsubid = (SELECT ordinal_position FROM information_schema.columns WHERE table_schema = CURRENT_SCHEMA() AND table_name = 'pet_daycares' AND column_name = 'food_provided') AND objoid = (SELECT oid FROM pg_catalog.pg_class WHERE relname = 'pet_daycares' AND relnamespace = (SELECT oid FROM pg_catalog.pg_namespace WHERE nspname = CURRENT_SCHEMA()))

2025/02/13 14:39:10 /home/bryan/repos/skripsi/backend/setup/setup.go:78
[1.266ms] [rows:0] SELECT description FROM pg_catalog.pg_description WHERE objsubid = (SELECT ordinal_position FROM information_schema.columns WHERE table_schema = CURRENT_SCHEMA() AND table_name = 'pet_daycares' AND column_name = 'grooming_available') AND objoid = (SELECT oid FROM pg_catalog.pg_class WHERE relname = 'pet_daycares' AND relnamespace = (SELECT oid FROM pg_catalog.pg_namespace WHERE nspname = CURRENT_SCHEMA()))

2025/02/13 14:39:10 /home/bryan/repos/skripsi/backend/setup/setup.go:78
[1.296ms] [rows:0] SELECT description FROM pg_catalog.pg_description WHERE objsubid = (SELECT ordinal_position FROM information_schema.columns WHERE table_schema = CURRENT_SCHEMA() AND table_name = 'pet_daycares' AND column_name = 'booked_num') AND objoid = (SELECT oid FROM pg_catalog.pg_class WHERE relname = 'pet_daycares' AND relnamespace = (SELECT oid FROM pg_catalog.pg_namespace WHERE nspname = CURRENT_SCHEMA()))

2025/02/13 14:39:10 /home/bryan/repos/skripsi/backend/setup/setup.go:78
[1.312ms] [rows:0] SELECT description FROM pg_catalog.pg_description WHERE objsubid = (SELECT ordinal_position FROM information_schema.columns WHERE table_schema = CURRENT_SCHEMA() AND table_name = 'pet_daycares' AND column_name = 'daily_walks_id') AND objoid = (SELECT oid FROM pg_catalog.pg_class WHERE relname = 'pet_daycares' AND relnamespace = (SELECT oid FROM pg_catalog.pg_namespace WHERE nspname = CURRENT_SCHEMA()))

2025/02/13 14:39:10 /home/bryan/repos/skripsi/backend/setup/setup.go:78
[1.303ms] [rows:0] SELECT description FROM pg_catalog.pg_description WHERE objsubid = (SELECT ordinal_position FROM information_schema.columns WHERE table_schema = CURRENT_SCHEMA() AND table_name = 'pet_daycares' AND column_name = 'daily_playtime_id') AND objoid = (SELECT oid FROM pg_catalog.pg_class WHERE relname = 'pet_daycares' AND relnamespace = (SELECT oid FROM pg_catalog.pg_namespace WHERE nspname = CURRENT_SCHEMA()))

2025/02/13 14:39:10 /home/bryan/repos/skripsi/backend/setup/setup.go:78
[1.328ms] [rows:0] SELECT description FROM pg_catalog.pg_description WHERE objsubid = (SELECT ordinal_position FROM information_schema.columns WHERE table_schema = CURRENT_SCHEMA() AND table_name = 'pet_daycares' AND column_name = 'owner_id') AND objoid = (SELECT oid FROM pg_catalog.pg_class WHERE relname = 'pet_daycares' AND relnamespace = (SELECT oid FROM pg_catalog.pg_namespace WHERE nspname = CURRENT_SCHEMA()))

2025/02/13 14:39:10 /home/bryan/repos/skripsi/backend/setup/setup.go:78
[1.418ms] [rows:0] SELECT description FROM pg_catalog.pg_description WHERE objsubid = (SELECT ordinal_position FROM information_schema.columns WHERE table_schema = CURRENT_SCHEMA() AND table_name = 'pet_daycares' AND column_name = 'food_brand') AND objoid = (SELECT oid FROM pg_catalog.pg_class WHERE relname = 'pet_daycares' AND relnamespace = (SELECT oid FROM pg_catalog.pg_namespace WHERE nspname = CURRENT_SCHEMA()))

2025/02/13 14:39:10 /home/bryan/repos/skripsi/backend/setup/setup.go:78
[3.509ms] [rows:1] SELECT count(*) FROM INFORMATION_SCHEMA.table_constraints WHERE table_schema = CURRENT_SCHEMA() AND table_name = 'pet_daycares' AND constraint_name = 'fk_pet_daycares_daily_playtime'

2025/02/13 14:39:10 /home/bryan/repos/skripsi/backend/setup/setup.go:78
[3.500ms] [rows:1] SELECT count(*) FROM INFORMATION_SCHEMA.table_constraints WHERE table_schema = CURRENT_SCHEMA() AND table_name = 'pet_daycares' AND constraint_name = 'fk_users_pet_daycare'

2025/02/13 14:39:10 /home/bryan/repos/skripsi/backend/setup/setup.go:78
[3.402ms] [rows:1] SELECT count(*) FROM INFORMATION_SCHEMA.table_constraints WHERE table_schema = CURRENT_SCHEMA() AND table_name = 'pet_daycares' AND constraint_name = 'fk_pet_daycares_daily_walks'

2025/02/13 14:39:10 /home/bryan/repos/skripsi/backend/setup/setup.go:78
[2.450ms] [rows:1] SELECT count(*) FROM pg_indexes WHERE tablename = 'pet_daycares' AND indexname = 'idx_pet_daycares_deleted_at' AND schemaname = CURRENT_SCHEMA()

2025/02/13 14:39:10 /home/bryan/repos/skripsi/backend/setup/setup.go:78
[1.106ms] [rows:1] SELECT count(*) FROM information_schema.tables WHERE table_schema = CURRENT_SCHEMA() AND table_name = 'species' AND table_type = 'BASE TABLE'

2025/02/13 14:39:10 /home/bryan/repos/skripsi/backend/setup/setup.go:78
[0.751ms] [rows:1] SELECT CURRENT_DATABASE()

2025/02/13 14:39:10 /home/bryan/repos/skripsi/backend/setup/setup.go:78
[2.675ms] [rows:-] SELECT c.column_name, c.is_nullable = 'YES', c.udt_name, c.character_maximum_length, c.numeric_precision, c.numeric_precision_radix, c.numeric_scale, c.datetime_precision, 8 * typlen, c.column_default, pd.description, c.identity_increment FROM information_schema.columns AS c JOIN pg_type AS pgt ON c.udt_name = pgt.typname LEFT JOIN pg_catalog.pg_description as pd ON pd.objsubid = c.ordinal_position AND pd.objoid = (SELECT oid FROM pg_catalog.pg_class WHERE relname = c.table_name AND relnamespace = (SELECT oid FROM pg_catalog.pg_namespace WHERE nspname = c.table_schema)) where table_catalog = $1$ AND table_schema = CURRENT_SCHEMA() AND table_name = $2$

2025/02/13 14:39:10 /home/bryan/repos/skripsi/backend/setup/setup.go:78
[0.920ms] [rows:-] SELECT * FROM "species" LIMIT $1$

2025/02/13 14:39:10 /home/bryan/repos/skripsi/backend/setup/setup.go:78
[2.143ms] [rows:-] SELECT constraint_name FROM information_schema.table_constraints tc JOIN information_schema.constraint_column_usage AS ccu USING (constraint_schema, constraint_catalog, table_name, constraint_name) JOIN information_schema.columns AS c ON c.table_schema = tc.constraint_schema AND tc.table_name = c.table_name AND ccu.column_name = c.column_name WHERE constraint_type IN ('PRIMARY KEY', 'UNIQUE') AND c.table_catalog = $1$ AND c.table_schema = CURRENT_SCHEMA() AND c.table_name = $2$ AND constraint_type = $3$

2025/02/13 14:39:10 /home/bryan/repos/skripsi/backend/setup/setup.go:78
[2.011ms] [rows:-] SELECT c.column_name, constraint_name, constraint_type FROM information_schema.table_constraints tc JOIN information_schema.constraint_column_usage AS ccu USING (constraint_schema, constraint_catalog, table_name, constraint_name) JOIN information_schema.columns AS c ON c.table_schema = tc.constraint_schema AND tc.table_name = c.table_name AND ccu.column_name = c.column_name WHERE constraint_type IN ('PRIMARY KEY', 'UNIQUE') AND c.table_catalog = $1$ AND c.table_schema = CURRENT_SCHEMA() AND c.table_name = $2$

2025/02/13 14:39:10 /home/bryan/repos/skripsi/backend/setup/setup.go:78
[0.791ms] [rows:-] SELECT a.attname as column_name, format_type(a.atttypid, a.atttypmod) AS data_type
		FROM pg_attribute a JOIN pg_class b ON a.attrelid = b.oid AND relnamespace = (SELECT oid FROM pg_catalog.pg_namespace WHERE nspname = CURRENT_SCHEMA())
		WHERE a.attnum > 0 -- hide internal columns
		AND NOT a.attisdropped -- hide deleted columns
		AND b.relname = $1$

2025/02/13 14:39:10 /home/bryan/repos/skripsi/backend/setup/setup.go:78
[1.265ms] [rows:0] SELECT description FROM pg_catalog.pg_description WHERE objsubid = (SELECT ordinal_position FROM information_schema.columns WHERE table_schema = CURRENT_SCHEMA() AND table_name = 'species' AND column_name = 'id') AND objoid = (SELECT oid FROM pg_catalog.pg_class WHERE relname = 'species' AND relnamespace = (SELECT oid FROM pg_catalog.pg_namespace WHERE nspname = CURRENT_SCHEMA()))

2025/02/13 14:39:10 /home/bryan/repos/skripsi/backend/setup/setup.go:78
[1.283ms] [rows:0] SELECT description FROM pg_catalog.pg_description WHERE objsubid = (SELECT ordinal_position FROM information_schema.columns WHERE table_schema = CURRENT_SCHEMA() AND table_name = 'species' AND column_name = 'name') AND objoid = (SELECT oid FROM pg_catalog.pg_class WHERE relname = 'species' AND relnamespace = (SELECT oid FROM pg_catalog.pg_namespace WHERE nspname = CURRENT_SCHEMA()))

2025/02/13 14:39:10 /home/bryan/repos/skripsi/backend/setup/setup.go:78
[1.058ms] [rows:1] SELECT count(*) FROM information_schema.tables WHERE table_schema = CURRENT_SCHEMA() AND table_name = 'size_categories' AND table_type = 'BASE TABLE'

2025/02/13 14:39:10 /home/bryan/repos/skripsi/backend/setup/setup.go:78
[0.776ms] [rows:1] SELECT CURRENT_DATABASE()

2025/02/13 14:39:10 /home/bryan/repos/skripsi/backend/setup/setup.go:78
[3.167ms] [rows:-] SELECT c.column_name, c.is_nullable = 'YES', c.udt_name, c.character_maximum_length, c.numeric_precision, c.numeric_precision_radix, c.numeric_scale, c.datetime_precision, 8 * typlen, c.column_default, pd.description, c.identity_increment FROM information_schema.columns AS c JOIN pg_type AS pgt ON c.udt_name = pgt.typname LEFT JOIN pg_catalog.pg_description as pd ON pd.objsubid = c.ordinal_position AND pd.objoid = (SELECT oid FROM pg_catalog.pg_class WHERE relname = c.table_name AND relnamespace = (SELECT oid FROM pg_catalog.pg_namespace WHERE nspname = c.table_schema)) where table_catalog = $1$ AND table_schema = CURRENT_SCHEMA() AND table_name = $2$

2025/02/13 14:39:10 /home/bryan/repos/skripsi/backend/setup/setup.go:78
[0.964ms] [rows:-] SELECT * FROM "size_categories" LIMIT $1$

2025/02/13 14:39:10 /home/bryan/repos/skripsi/backend/setup/setup.go:78
[2.633ms] [rows:-] SELECT constraint_name FROM information_schema.table_constraints tc JOIN information_schema.constraint_column_usage AS ccu USING (constraint_schema, constraint_catalog, table_name, constraint_name) JOIN information_schema.columns AS c ON c.table_schema = tc.constraint_schema AND tc.table_name = c.table_name AND ccu.column_name = c.column_name WHERE constraint_type IN ('PRIMARY KEY', 'UNIQUE') AND c.table_catalog = $1$ AND c.table_schema = CURRENT_SCHEMA() AND c.table_name = $2$ AND constraint_type = $3$

2025/02/13 14:39:10 /home/bryan/repos/skripsi/backend/setup/setup.go:78
[2.548ms] [rows:-] SELECT c.column_name, constraint_name, constraint_type FROM information_schema.table_constraints tc JOIN information_schema.constraint_column_usage AS ccu USING (constraint_schema, constraint_catalog, table_name, constraint_name) JOIN information_schema.columns AS c ON c.table_schema = tc.constraint_schema AND tc.table_name = c.table_name AND ccu.column_name = c.column_name WHERE constraint_type IN ('PRIMARY KEY', 'UNIQUE') AND c.table_catalog = $1$ AND c.table_schema = CURRENT_SCHEMA() AND c.table_name = $2$

2025/02/13 14:39:10 /home/bryan/repos/skripsi/backend/setup/setup.go:78
[0.999ms] [rows:-] SELECT a.attname as column_name, format_type(a.atttypid, a.atttypmod) AS data_type
		FROM pg_attribute a JOIN pg_class b ON a.attrelid = b.oid AND relnamespace = (SELECT oid FROM pg_catalog.pg_namespace WHERE nspname = CURRENT_SCHEMA())
		WHERE a.attnum > 0 -- hide internal columns
		AND NOT a.attisdropped -- hide deleted columns
		AND b.relname = $1$

2025/02/13 14:39:10 /home/bryan/repos/skripsi/backend/setup/setup.go:78
[1.468ms] [rows:0] SELECT description FROM pg_catalog.pg_description WHERE objsubid = (SELECT ordinal_position FROM information_schema.columns WHERE table_schema = CURRENT_SCHEMA() AND table_name = 'size_categories' AND column_name = 'id') AND objoid = (SELECT oid FROM pg_catalog.pg_class WHERE relname = 'size_categories' AND relnamespace = (SELECT oid FROM pg_catalog.pg_namespace WHERE nspname = CURRENT_SCHEMA()))

2025/02/13 14:39:10 /home/bryan/repos/skripsi/backend/setup/setup.go:78
[1.742ms] [rows:0] SELECT description FROM pg_catalog.pg_description WHERE objsubid = (SELECT ordinal_position FROM information_schema.columns WHERE table_schema = CURRENT_SCHEMA() AND table_name = 'size_categories' AND column_name = 'name') AND objoid = (SELECT oid FROM pg_catalog.pg_class WHERE relname = 'size_categories' AND relnamespace = (SELECT oid FROM pg_catalog.pg_namespace WHERE nspname = CURRENT_SCHEMA()))

2025/02/13 14:39:10 /home/bryan/repos/skripsi/backend/setup/setup.go:78
[1.404ms] [rows:0] SELECT description FROM pg_catalog.pg_description WHERE objsubid = (SELECT ordinal_position FROM information_schema.columns WHERE table_schema = CURRENT_SCHEMA() AND table_name = 'size_categories' AND column_name = 'min_weight') AND objoid = (SELECT oid FROM pg_catalog.pg_class WHERE relname = 'size_categories' AND relnamespace = (SELECT oid FROM pg_catalog.pg_namespace WHERE nspname = CURRENT_SCHEMA()))

2025/02/13 14:39:10 /home/bryan/repos/skripsi/backend/setup/setup.go:78
[1.424ms] [rows:0] SELECT description FROM pg_catalog.pg_description WHERE objsubid = (SELECT ordinal_position FROM information_schema.columns WHERE table_schema = CURRENT_SCHEMA() AND table_name = 'size_categories' AND column_name = 'max_weight') AND objoid = (SELECT oid FROM pg_catalog.pg_class WHERE relname = 'size_categories' AND relnamespace = (SELECT oid FROM pg_catalog.pg_namespace WHERE nspname = CURRENT_SCHEMA()))

2025/02/13 14:39:10 /home/bryan/repos/skripsi/backend/setup/setup.go:78
[1.093ms] [rows:1] SELECT count(*) FROM information_schema.tables WHERE table_schema = CURRENT_SCHEMA() AND table_name = 'pets' AND table_type = 'BASE TABLE'

2025/02/13 14:39:10 /home/bryan/repos/skripsi/backend/setup/setup.go:78
[0.938ms] [rows:1] SELECT CURRENT_DATABASE()

2025/02/13 14:39:10 /home/bryan/repos/skripsi/backend/setup/setup.go:78
[3.635ms] [rows:-] SELECT c.column_name, c.is_nullable = 'YES', c.udt_name, c.character_maximum_length, c.numeric_precision, c.numeric_precision_radix, c.numeric_scale, c.datetime_precision, 8 * typlen, c.column_default, pd.description, c.identity_increment FROM information_schema.columns AS c JOIN pg_type AS pgt ON c.udt_name = pgt.typname LEFT JOIN pg_catalog.pg_description as pd ON pd.objsubid = c.ordinal_position AND pd.objoid = (SELECT oid FROM pg_catalog.pg_class WHERE relname = c.table_name AND relnamespace = (SELECT oid FROM pg_catalog.pg_namespace WHERE nspname = c.table_schema)) where table_catalog = $1$ AND table_schema = CURRENT_SCHEMA() AND table_name = $2$

2025/02/13 14:39:10 /home/bryan/repos/skripsi/backend/setup/setup.go:78
[1.033ms] [rows:-] SELECT * FROM "pets" LIMIT $1$

2025/02/13 14:39:10 /home/bryan/repos/skripsi/backend/setup/setup.go:78
[4.417ms] [rows:-] SELECT constraint_name FROM information_schema.table_constraints tc JOIN information_schema.constraint_column_usage AS ccu USING (constraint_schema, constraint_catalog, table_name, constraint_name) JOIN information_schema.columns AS c ON c.table_schema = tc.constraint_schema AND tc.table_name = c.table_name AND ccu.column_name = c.column_name WHERE constraint_type IN ('PRIMARY KEY', 'UNIQUE') AND c.table_catalog = $1$ AND c.table_schema = CURRENT_SCHEMA() AND c.table_name = $2$ AND constraint_type = $3$

2025/02/13 14:39:10 /home/bryan/repos/skripsi/backend/setup/setup.go:78
[3.778ms] [rows:-] SELECT c.column_name, constraint_name, constraint_type FROM information_schema.table_constraints tc JOIN information_schema.constraint_column_usage AS ccu USING (constraint_schema, constraint_catalog, table_name, constraint_name) JOIN information_schema.columns AS c ON c.table_schema = tc.constraint_schema AND tc.table_name = c.table_name AND ccu.column_name = c.column_name WHERE constraint_type IN ('PRIMARY KEY', 'UNIQUE') AND c.table_catalog = $1$ AND c.table_schema = CURRENT_SCHEMA() AND c.table_name = $2$

2025/02/13 14:39:10 /home/bryan/repos/skripsi/backend/setup/setup.go:78
[1.403ms] [rows:-] SELECT a.attname as column_name, format_type(a.atttypid, a.atttypmod) AS data_type
		FROM pg_attribute a JOIN pg_class b ON a.attrelid = b.oid AND relnamespace = (SELECT oid FROM pg_catalog.pg_namespace WHERE nspname = CURRENT_SCHEMA())
		WHERE a.attnum > 0 -- hide internal columns
		AND NOT a.attisdropped -- hide deleted columns
		AND b.relname = $1$

2025/02/13 14:39:10 /home/bryan/repos/skripsi/backend/setup/setup.go:78
[1.934ms] [rows:0] SELECT description FROM pg_catalog.pg_description WHERE objsubid = (SELECT ordinal_position FROM information_schema.columns WHERE table_schema = CURRENT_SCHEMA() AND table_name = 'pets' AND column_name = 'id') AND objoid = (SELECT oid FROM pg_catalog.pg_class WHERE relname = 'pets' AND relnamespace = (SELECT oid FROM pg_catalog.pg_namespace WHERE nspname = CURRENT_SCHEMA()))

2025/02/13 14:39:10 /home/bryan/repos/skripsi/backend/setup/setup.go:78
[1.910ms] [rows:0] SELECT description FROM pg_catalog.pg_description WHERE objsubid = (SELECT ordinal_position FROM information_schema.columns WHERE table_schema = CURRENT_SCHEMA() AND table_name = 'pets' AND column_name = 'created_at') AND objoid = (SELECT oid FROM pg_catalog.pg_class WHERE relname = 'pets' AND relnamespace = (SELECT oid FROM pg_catalog.pg_namespace WHERE nspname = CURRENT_SCHEMA()))

2025/02/13 14:39:10 /home/bryan/repos/skripsi/backend/setup/setup.go:78
[1.857ms] [rows:0] SELECT description FROM pg_catalog.pg_description WHERE objsubid = (SELECT ordinal_position FROM information_schema.columns WHERE table_schema = CURRENT_SCHEMA() AND table_name = 'pets' AND column_name = 'updated_at') AND objoid = (SELECT oid FROM pg_catalog.pg_class WHERE relname = 'pets' AND relnamespace = (SELECT oid FROM pg_catalog.pg_namespace WHERE nspname = CURRENT_SCHEMA()))

2025/02/13 14:39:10 /home/bryan/repos/skripsi/backend/setup/setup.go:78
[2.125ms] [rows:0] SELECT description FROM pg_catalog.pg_description WHERE objsubid = (SELECT ordinal_position FROM information_schema.columns WHERE table_schema = CURRENT_SCHEMA() AND table_name = 'pets' AND column_name = 'deleted_at') AND objoid = (SELECT oid FROM pg_catalog.pg_class WHERE relname = 'pets' AND relnamespace = (SELECT oid FROM pg_catalog.pg_namespace WHERE nspname = CURRENT_SCHEMA()))

2025/02/13 14:39:10 /home/bryan/repos/skripsi/backend/setup/setup.go:78
[2.591ms] [rows:0] SELECT description FROM pg_catalog.pg_description WHERE objsubid = (SELECT ordinal_position FROM information_schema.columns WHERE table_schema = CURRENT_SCHEMA() AND table_name = 'pets' AND column_name = 'name') AND objoid = (SELECT oid FROM pg_catalog.pg_class WHERE relname = 'pets' AND relnamespace = (SELECT oid FROM pg_catalog.pg_namespace WHERE nspname = CURRENT_SCHEMA()))

2025/02/13 14:39:10 /home/bryan/repos/skripsi/backend/setup/setup.go:78
[2.797ms] [rows:0] SELECT description FROM pg_catalog.pg_description WHERE objsubid = (SELECT ordinal_position FROM information_schema.columns WHERE table_schema = CURRENT_SCHEMA() AND table_name = 'pets' AND column_name = 'image_url') AND objoid = (SELECT oid FROM pg_catalog.pg_class WHERE relname = 'pets' AND relnamespace = (SELECT oid FROM pg_catalog.pg_namespace WHERE nspname = CURRENT_SCHEMA()))

2025/02/13 14:39:10 /home/bryan/repos/skripsi/backend/setup/setup.go:78
[2.923ms] [rows:0] SELECT description FROM pg_catalog.pg_description WHERE objsubid = (SELECT ordinal_position FROM information_schema.columns WHERE table_schema = CURRENT_SCHEMA() AND table_name = 'pets' AND column_name = 'status') AND objoid = (SELECT oid FROM pg_catalog.pg_class WHERE relname = 'pets' AND relnamespace = (SELECT oid FROM pg_catalog.pg_namespace WHERE nspname = CURRENT_SCHEMA()))

2025/02/13 14:39:10 /home/bryan/repos/skripsi/backend/setup/setup.go:78
[3.850ms] [rows:0] SELECT description FROM pg_catalog.pg_description WHERE objsubid = (SELECT ordinal_position FROM information_schema.columns WHERE table_schema = CURRENT_SCHEMA() AND table_name = 'pets' AND column_name = 'owner_id') AND objoid = (SELECT oid FROM pg_catalog.pg_class WHERE relname = 'pets' AND relnamespace = (SELECT oid FROM pg_catalog.pg_namespace WHERE nspname = CURRENT_SCHEMA()))

2025/02/13 14:39:10 /home/bryan/repos/skripsi/backend/setup/setup.go:78
[4.527ms] [rows:0] SELECT description FROM pg_catalog.pg_description WHERE objsubid = (SELECT ordinal_position FROM information_schema.columns WHERE table_schema = CURRENT_SCHEMA() AND table_name = 'pets' AND column_name = 'species_id') AND objoid = (SELECT oid FROM pg_catalog.pg_class WHERE relname = 'pets' AND relnamespace = (SELECT oid FROM pg_catalog.pg_namespace WHERE nspname = CURRENT_SCHEMA()))

2025/02/13 14:39:10 /home/bryan/repos/skripsi/backend/setup/setup.go:78
[4.185ms] [rows:0] SELECT description FROM pg_catalog.pg_description WHERE objsubid = (SELECT ordinal_position FROM information_schema.columns WHERE table_schema = CURRENT_SCHEMA() AND table_name = 'pets' AND column_name = 'size_id') AND objoid = (SELECT oid FROM pg_catalog.pg_class WHERE relname = 'pets' AND relnamespace = (SELECT oid FROM pg_catalog.pg_namespace WHERE nspname = CURRENT_SCHEMA()))

2025/02/13 14:39:10 /home/bryan/repos/skripsi/backend/setup/setup.go:78
[3.115ms] [rows:1] SELECT count(*) FROM INFORMATION_SCHEMA.table_constraints WHERE table_schema = CURRENT_SCHEMA() AND table_name = 'pets' AND constraint_name = 'fk_users_pets'

2025/02/13 14:39:10 /home/bryan/repos/skripsi/backend/setup/setup.go:78
[2.904ms] [rows:1] SELECT count(*) FROM INFORMATION_SCHEMA.table_constraints WHERE table_schema = CURRENT_SCHEMA() AND table_name = 'pets' AND constraint_name = 'fk_pets_species'

2025/02/13 14:39:10 /home/bryan/repos/skripsi/backend/setup/setup.go:78
[3.026ms] [rows:1] SELECT count(*) FROM INFORMATION_SCHEMA.table_constraints WHERE table_schema = CURRENT_SCHEMA() AND table_name = 'pets' AND constraint_name = 'fk_pets_size_category'

2025/02/13 14:39:11 /home/bryan/repos/skripsi/backend/setup/setup.go:78
[8.316ms] [rows:1] SELECT count(*) FROM pg_indexes WHERE tablename = 'pets' AND indexname = 'idx_pets_deleted_at' AND schemaname = CURRENT_SCHEMA()

2025/02/13 14:39:11 /home/bryan/repos/skripsi/backend/setup/setup.go:78
[3.081ms] [rows:1] SELECT count(*) FROM information_schema.tables WHERE table_schema = CURRENT_SCHEMA() AND table_name = 'slots' AND table_type = 'BASE TABLE'

2025/02/13 14:39:11 /home/bryan/repos/skripsi/backend/setup/setup.go:78
[2.243ms] [rows:1] SELECT CURRENT_DATABASE()

2025/02/13 14:39:11 /home/bryan/repos/skripsi/backend/setup/setup.go:78
[8.899ms] [rows:-] SELECT c.column_name, c.is_nullable = 'YES', c.udt_name, c.character_maximum_length, c.numeric_precision, c.numeric_precision_radix, c.numeric_scale, c.datetime_precision, 8 * typlen, c.column_default, pd.description, c.identity_increment FROM information_schema.columns AS c JOIN pg_type AS pgt ON c.udt_name = pgt.typname LEFT JOIN pg_catalog.pg_description as pd ON pd.objsubid = c.ordinal_position AND pd.objoid = (SELECT oid FROM pg_catalog.pg_class WHERE relname = c.table_name AND relnamespace = (SELECT oid FROM pg_catalog.pg_namespace WHERE nspname = c.table_schema)) where table_catalog = $1$ AND table_schema = CURRENT_SCHEMA() AND table_name = $2$

2025/02/13 14:39:11 /home/bryan/repos/skripsi/backend/setup/setup.go:78
[3.099ms] [rows:-] SELECT * FROM "slots" LIMIT $1$

2025/02/13 14:39:11 /home/bryan/repos/skripsi/backend/setup/setup.go:78
[11.022ms] [rows:-] SELECT constraint_name FROM information_schema.table_constraints tc JOIN information_schema.constraint_column_usage AS ccu USING (constraint_schema, constraint_catalog, table_name, constraint_name) JOIN information_schema.columns AS c ON c.table_schema = tc.constraint_schema AND tc.table_name = c.table_name AND ccu.column_name = c.column_name WHERE constraint_type IN ('PRIMARY KEY', 'UNIQUE') AND c.table_catalog = $1$ AND c.table_schema = CURRENT_SCHEMA() AND c.table_name = $2$ AND constraint_type = $3$

2025/02/13 14:39:11 /home/bryan/repos/skripsi/backend/setup/setup.go:78
[12.600ms] [rows:-] SELECT c.column_name, constraint_name, constraint_type FROM information_schema.table_constraints tc JOIN information_schema.constraint_column_usage AS ccu USING (constraint_schema, constraint_catalog, table_name, constraint_name) JOIN information_schema.columns AS c ON c.table_schema = tc.constraint_schema AND tc.table_name = c.table_name AND ccu.column_name = c.column_name WHERE constraint_type IN ('PRIMARY KEY', 'UNIQUE') AND c.table_catalog = $1$ AND c.table_schema = CURRENT_SCHEMA() AND c.table_name = $2$

2025/02/13 14:39:11 /home/bryan/repos/skripsi/backend/setup/setup.go:78
[2.988ms] [rows:-] SELECT a.attname as column_name, format_type(a.atttypid, a.atttypmod) AS data_type
		FROM pg_attribute a JOIN pg_class b ON a.attrelid = b.oid AND relnamespace = (SELECT oid FROM pg_catalog.pg_namespace WHERE nspname = CURRENT_SCHEMA())
		WHERE a.attnum > 0 -- hide internal columns
		AND NOT a.attisdropped -- hide deleted columns
		AND b.relname = $1$

2025/02/13 14:39:11 /home/bryan/repos/skripsi/backend/setup/setup.go:78
[4.389ms] [rows:0] SELECT description FROM pg_catalog.pg_description WHERE objsubid = (SELECT ordinal_position FROM information_schema.columns WHERE table_schema = CURRENT_SCHEMA() AND table_name = 'slots' AND column_name = 'id') AND objoid = (SELECT oid FROM pg_catalog.pg_class WHERE relname = 'slots' AND relnamespace = (SELECT oid FROM pg_catalog.pg_namespace WHERE nspname = CURRENT_SCHEMA()))

2025/02/13 14:39:11 /home/bryan/repos/skripsi/backend/setup/setup.go:78
[3.461ms] [rows:0] SELECT description FROM pg_catalog.pg_description WHERE objsubid = (SELECT ordinal_position FROM information_schema.columns WHERE table_schema = CURRENT_SCHEMA() AND table_name = 'slots' AND column_name = 'created_at') AND objoid = (SELECT oid FROM pg_catalog.pg_class WHERE relname = 'slots' AND relnamespace = (SELECT oid FROM pg_catalog.pg_namespace WHERE nspname = CURRENT_SCHEMA()))

2025/02/13 14:39:11 /home/bryan/repos/skripsi/backend/setup/setup.go:78
[3.277ms] [rows:0] SELECT description FROM pg_catalog.pg_description WHERE objsubid = (SELECT ordinal_position FROM information_schema.columns WHERE table_schema = CURRENT_SCHEMA() AND table_name = 'slots' AND column_name = 'updated_at') AND objoid = (SELECT oid FROM pg_catalog.pg_class WHERE relname = 'slots' AND relnamespace = (SELECT oid FROM pg_catalog.pg_namespace WHERE nspname = CURRENT_SCHEMA()))

2025/02/13 14:39:11 /home/bryan/repos/skripsi/backend/setup/setup.go:78
[3.642ms] [rows:0] SELECT description FROM pg_catalog.pg_description WHERE objsubid = (SELECT ordinal_position FROM information_schema.columns WHERE table_schema = CURRENT_SCHEMA() AND table_name = 'slots' AND column_name = 'deleted_at') AND objoid = (SELECT oid FROM pg_catalog.pg_class WHERE relname = 'slots' AND relnamespace = (SELECT oid FROM pg_catalog.pg_namespace WHERE nspname = CURRENT_SCHEMA()))

2025/02/13 14:39:11 /home/bryan/repos/skripsi/backend/setup/setup.go:78
[3.433ms] [rows:0] SELECT description FROM pg_catalog.pg_description WHERE objsubid = (SELECT ordinal_position FROM information_schema.columns WHERE table_schema = CURRENT_SCHEMA() AND table_name = 'slots' AND column_name = 'daycare_id') AND objoid = (SELECT oid FROM pg_catalog.pg_class WHERE relname = 'slots' AND relnamespace = (SELECT oid FROM pg_catalog.pg_namespace WHERE nspname = CURRENT_SCHEMA()))

2025/02/13 14:39:11 /home/bryan/repos/skripsi/backend/setup/setup.go:78
[3.421ms] [rows:0] SELECT description FROM pg_catalog.pg_description WHERE objsubid = (SELECT ordinal_position FROM information_schema.columns WHERE table_schema = CURRENT_SCHEMA() AND table_name = 'slots' AND column_name = 'species_id') AND objoid = (SELECT oid FROM pg_catalog.pg_class WHERE relname = 'slots' AND relnamespace = (SELECT oid FROM pg_catalog.pg_namespace WHERE nspname = CURRENT_SCHEMA()))

2025/02/13 14:39:11 /home/bryan/repos/skripsi/backend/setup/setup.go:78
[3.672ms] [rows:0] SELECT description FROM pg_catalog.pg_description WHERE objsubid = (SELECT ordinal_position FROM information_schema.columns WHERE table_schema = CURRENT_SCHEMA() AND table_name = 'slots' AND column_name = 'size_category_id') AND objoid = (SELECT oid FROM pg_catalog.pg_class WHERE relname = 'slots' AND relnamespace = (SELECT oid FROM pg_catalog.pg_namespace WHERE nspname = CURRENT_SCHEMA()))

2025/02/13 14:39:11 /home/bryan/repos/skripsi/backend/setup/setup.go:78
[3.467ms] [rows:0] SELECT description FROM pg_catalog.pg_description WHERE objsubid = (SELECT ordinal_position FROM information_schema.columns WHERE table_schema = CURRENT_SCHEMA() AND table_name = 'slots' AND column_name = 'max_number') AND objoid = (SELECT oid FROM pg_catalog.pg_class WHERE relname = 'slots' AND relnamespace = (SELECT oid FROM pg_catalog.pg_namespace WHERE nspname = CURRENT_SCHEMA()))

2025/02/13 14:39:11 /home/bryan/repos/skripsi/backend/setup/setup.go:78
[2.793ms] [rows:1] SELECT count(*) FROM INFORMATION_SCHEMA.table_constraints WHERE table_schema = CURRENT_SCHEMA() AND table_name = 'slots' AND constraint_name = 'fk_pet_daycares_slots'

2025/02/13 14:39:11 /home/bryan/repos/skripsi/backend/setup/setup.go:78
[6.355ms] [rows:1] SELECT count(*) FROM pg_indexes WHERE tablename = 'slots' AND indexname = 'idx_slots_deleted_at' AND schemaname = CURRENT_SCHEMA()

2025/02/13 14:39:11 /home/bryan/repos/skripsi/backend/setup/setup.go:78
[2.591ms] [rows:1] SELECT count(*) FROM information_schema.tables WHERE table_schema = CURRENT_SCHEMA() AND table_name = 'booked_slots' AND table_type = 'BASE TABLE'

2025/02/13 14:39:11 /home/bryan/repos/skripsi/backend/setup/setup.go:78
[2.005ms] [rows:1] SELECT CURRENT_DATABASE()

2025/02/13 14:39:11 /home/bryan/repos/skripsi/backend/setup/setup.go:78
[8.924ms] [rows:-] SELECT c.column_name, c.is_nullable = 'YES', c.udt_name, c.character_maximum_length, c.numeric_precision, c.numeric_precision_radix, c.numeric_scale, c.datetime_precision, 8 * typlen, c.column_default, pd.description, c.identity_increment FROM information_schema.columns AS c JOIN pg_type AS pgt ON c.udt_name = pgt.typname LEFT JOIN pg_catalog.pg_description as pd ON pd.objsubid = c.ordinal_position AND pd.objoid = (SELECT oid FROM pg_catalog.pg_class WHERE relname = c.table_name AND relnamespace = (SELECT oid FROM pg_catalog.pg_namespace WHERE nspname = c.table_schema)) where table_catalog = $1$ AND table_schema = CURRENT_SCHEMA() AND table_name = $2$

2025/02/13 14:39:11 /home/bryan/repos/skripsi/backend/setup/setup.go:78
[2.303ms] [rows:-] SELECT * FROM "booked_slots" LIMIT $1$

2025/02/13 14:39:11 /home/bryan/repos/skripsi/backend/setup/setup.go:78
[7.879ms] [rows:-] SELECT constraint_name FROM information_schema.table_constraints tc JOIN information_schema.constraint_column_usage AS ccu USING (constraint_schema, constraint_catalog, table_name, constraint_name) JOIN information_schema.columns AS c ON c.table_schema = tc.constraint_schema AND tc.table_name = c.table_name AND ccu.column_name = c.column_name WHERE constraint_type IN ('PRIMARY KEY', 'UNIQUE') AND c.table_catalog = $1$ AND c.table_schema = CURRENT_SCHEMA() AND c.table_name = $2$ AND constraint_type = $3$

2025/02/13 14:39:11 /home/bryan/repos/skripsi/backend/setup/setup.go:78
[8.348ms] [rows:-] SELECT c.column_name, constraint_name, constraint_type FROM information_schema.table_constraints tc JOIN information_schema.constraint_column_usage AS ccu USING (constraint_schema, constraint_catalog, table_name, constraint_name) JOIN information_schema.columns AS c ON c.table_schema = tc.constraint_schema AND tc.table_name = c.table_name AND ccu.column_name = c.column_name WHERE constraint_type IN ('PRIMARY KEY', 'UNIQUE') AND c.table_catalog = $1$ AND c.table_schema = CURRENT_SCHEMA() AND c.table_name = $2$

2025/02/13 14:39:11 /home/bryan/repos/skripsi/backend/setup/setup.go:78
[2.252ms] [rows:-] SELECT a.attname as column_name, format_type(a.atttypid, a.atttypmod) AS data_type
		FROM pg_attribute a JOIN pg_class b ON a.attrelid = b.oid AND relnamespace = (SELECT oid FROM pg_catalog.pg_namespace WHERE nspname = CURRENT_SCHEMA())
		WHERE a.attnum > 0 -- hide internal columns
		AND NOT a.attisdropped -- hide deleted columns
		AND b.relname = $1$

2025/02/13 14:39:11 /home/bryan/repos/skripsi/backend/setup/setup.go:78
[3.070ms] [rows:0] SELECT description FROM pg_catalog.pg_description WHERE objsubid = (SELECT ordinal_position FROM information_schema.columns WHERE table_schema = CURRENT_SCHEMA() AND table_name = 'booked_slots' AND column_name = 'id') AND objoid = (SELECT oid FROM pg_catalog.pg_class WHERE relname = 'booked_slots' AND relnamespace = (SELECT oid FROM pg_catalog.pg_namespace WHERE nspname = CURRENT_SCHEMA()))

2025/02/13 14:39:11 /home/bryan/repos/skripsi/backend/setup/setup.go:78
[2.983ms] [rows:0] SELECT description FROM pg_catalog.pg_description WHERE objsubid = (SELECT ordinal_position FROM information_schema.columns WHERE table_schema = CURRENT_SCHEMA() AND table_name = 'booked_slots' AND column_name = 'created_at') AND objoid = (SELECT oid FROM pg_catalog.pg_class WHERE relname = 'booked_slots' AND relnamespace = (SELECT oid FROM pg_catalog.pg_namespace WHERE nspname = CURRENT_SCHEMA()))

2025/02/13 14:39:11 /home/bryan/repos/skripsi/backend/setup/setup.go:78
[3.040ms] [rows:0] SELECT description FROM pg_catalog.pg_description WHERE objsubid = (SELECT ordinal_position FROM information_schema.columns WHERE table_schema = CURRENT_SCHEMA() AND table_name = 'booked_slots' AND column_name = 'updated_at') AND objoid = (SELECT oid FROM pg_catalog.pg_class WHERE relname = 'booked_slots' AND relnamespace = (SELECT oid FROM pg_catalog.pg_namespace WHERE nspname = CURRENT_SCHEMA()))

2025/02/13 14:39:11 /home/bryan/repos/skripsi/backend/setup/setup.go:78
[3.566ms] [rows:0] SELECT description FROM pg_catalog.pg_description WHERE objsubid = (SELECT ordinal_position FROM information_schema.columns WHERE table_schema = CURRENT_SCHEMA() AND table_name = 'booked_slots' AND column_name = 'deleted_at') AND objoid = (SELECT oid FROM pg_catalog.pg_class WHERE relname = 'booked_slots' AND relnamespace = (SELECT oid FROM pg_catalog.pg_namespace WHERE nspname = CURRENT_SCHEMA()))

2025/02/13 14:39:11 /home/bryan/repos/skripsi/backend/setup/setup.go:78
[3.840ms] [rows:0] SELECT description FROM pg_catalog.pg_description WHERE objsubid = (SELECT ordinal_position FROM information_schema.columns WHERE table_schema = CURRENT_SCHEMA() AND table_name = 'booked_slots' AND column_name = 'user_id') AND objoid = (SELECT oid FROM pg_catalog.pg_class WHERE relname = 'booked_slots' AND relnamespace = (SELECT oid FROM pg_catalog.pg_namespace WHERE nspname = CURRENT_SCHEMA()))

2025/02/13 14:39:11 /home/bryan/repos/skripsi/backend/setup/setup.go:78
[3.657ms] [rows:0] SELECT description FROM pg_catalog.pg_description WHERE objsubid = (SELECT ordinal_position FROM information_schema.columns WHERE table_schema = CURRENT_SCHEMA() AND table_name = 'booked_slots' AND column_name = 'daycare_id') AND objoid = (SELECT oid FROM pg_catalog.pg_class WHERE relname = 'booked_slots' AND relnamespace = (SELECT oid FROM pg_catalog.pg_namespace WHERE nspname = CURRENT_SCHEMA()))

2025/02/13 14:39:11 /home/bryan/repos/skripsi/backend/setup/setup.go:78
[4.652ms] [rows:0] SELECT description FROM pg_catalog.pg_description WHERE objsubid = (SELECT ordinal_position FROM information_schema.columns WHERE table_schema = CURRENT_SCHEMA() AND table_name = 'booked_slots' AND column_name = 'pet_id') AND objoid = (SELECT oid FROM pg_catalog.pg_class WHERE relname = 'booked_slots' AND relnamespace = (SELECT oid FROM pg_catalog.pg_namespace WHERE nspname = CURRENT_SCHEMA()))

2025/02/13 14:39:11 /home/bryan/repos/skripsi/backend/setup/setup.go:78
[3.641ms] [rows:0] SELECT description FROM pg_catalog.pg_description WHERE objsubid = (SELECT ordinal_position FROM information_schema.columns WHERE table_schema = CURRENT_SCHEMA() AND table_name = 'booked_slots' AND column_name = 'start_date') AND objoid = (SELECT oid FROM pg_catalog.pg_class WHERE relname = 'booked_slots' AND relnamespace = (SELECT oid FROM pg_catalog.pg_namespace WHERE nspname = CURRENT_SCHEMA()))

2025/02/13 14:39:11 /home/bryan/repos/skripsi/backend/setup/setup.go:78
[3.537ms] [rows:0] SELECT description FROM pg_catalog.pg_description WHERE objsubid = (SELECT ordinal_position FROM information_schema.columns WHERE table_schema = CURRENT_SCHEMA() AND table_name = 'booked_slots' AND column_name = 'end_date') AND objoid = (SELECT oid FROM pg_catalog.pg_class WHERE relname = 'booked_slots' AND relnamespace = (SELECT oid FROM pg_catalog.pg_namespace WHERE nspname = CURRENT_SCHEMA()))

2025/02/13 14:39:11 /home/bryan/repos/skripsi/backend/setup/setup.go:78
[2.884ms] [rows:1] SELECT count(*) FROM INFORMATION_SCHEMA.table_constraints WHERE table_schema = CURRENT_SCHEMA() AND table_name = 'booked_slots' AND constraint_name = 'fk_pet_daycares_booked_slots'

2025/02/13 14:39:11 /home/bryan/repos/skripsi/backend/setup/setup.go:78
[3.069ms] [rows:1] SELECT count(*) FROM INFORMATION_SCHEMA.table_constraints WHERE table_schema = CURRENT_SCHEMA() AND table_name = 'booked_slots' AND constraint_name = 'fk_booked_slots_user'

2025/02/13 14:39:11 /home/bryan/repos/skripsi/backend/setup/setup.go:78
[2.728ms] [rows:1] SELECT count(*) FROM INFORMATION_SCHEMA.table_constraints WHERE table_schema = CURRENT_SCHEMA() AND table_name = 'booked_slots' AND constraint_name = 'fk_pets_booked_slots'

2025/02/13 14:39:11 /home/bryan/repos/skripsi/backend/setup/setup.go:78
[6.140ms] [rows:1] SELECT count(*) FROM pg_indexes WHERE tablename = 'booked_slots' AND indexname = 'idx_booked_slots_deleted_at' AND schemaname = CURRENT_SCHEMA()

2025/02/13 14:39:11 /home/bryan/repos/skripsi/backend/setup/setup.go:78
[2.213ms] [rows:1] SELECT count(*) FROM information_schema.tables WHERE table_schema = CURRENT_SCHEMA() AND table_name = 'thumbnails' AND table_type = 'BASE TABLE'

2025/02/13 14:39:11 /home/bryan/repos/skripsi/backend/setup/setup.go:78
[2.021ms] [rows:1] SELECT CURRENT_DATABASE()

2025/02/13 14:39:11 /home/bryan/repos/skripsi/backend/setup/setup.go:78
[7.175ms] [rows:-] SELECT c.column_name, c.is_nullable = 'YES', c.udt_name, c.character_maximum_length, c.numeric_precision, c.numeric_precision_radix, c.numeric_scale, c.datetime_precision, 8 * typlen, c.column_default, pd.description, c.identity_increment FROM information_schema.columns AS c JOIN pg_type AS pgt ON c.udt_name = pgt.typname LEFT JOIN pg_catalog.pg_description as pd ON pd.objsubid = c.ordinal_position AND pd.objoid = (SELECT oid FROM pg_catalog.pg_class WHERE relname = c.table_name AND relnamespace = (SELECT oid FROM pg_catalog.pg_namespace WHERE nspname = c.table_schema)) where table_catalog = $1$ AND table_schema = CURRENT_SCHEMA() AND table_name = $2$

2025/02/13 14:39:11 /home/bryan/repos/skripsi/backend/setup/setup.go:78
[2.240ms] [rows:-] SELECT * FROM "thumbnails" LIMIT $1$

2025/02/13 14:39:11 /home/bryan/repos/skripsi/backend/setup/setup.go:78
[5.331ms] [rows:-] SELECT constraint_name FROM information_schema.table_constraints tc JOIN information_schema.constraint_column_usage AS ccu USING (constraint_schema, constraint_catalog, table_name, constraint_name) JOIN information_schema.columns AS c ON c.table_schema = tc.constraint_schema AND tc.table_name = c.table_name AND ccu.column_name = c.column_name WHERE constraint_type IN ('PRIMARY KEY', 'UNIQUE') AND c.table_catalog = $1$ AND c.table_schema = CURRENT_SCHEMA() AND c.table_name = $2$ AND constraint_type = $3$

2025/02/13 14:39:11 /home/bryan/repos/skripsi/backend/setup/setup.go:78
[5.800ms] [rows:-] SELECT c.column_name, constraint_name, constraint_type FROM information_schema.table_constraints tc JOIN information_schema.constraint_column_usage AS ccu USING (constraint_schema, constraint_catalog, table_name, constraint_name) JOIN information_schema.columns AS c ON c.table_schema = tc.constraint_schema AND tc.table_name = c.table_name AND ccu.column_name = c.column_name WHERE constraint_type IN ('PRIMARY KEY', 'UNIQUE') AND c.table_catalog = $1$ AND c.table_schema = CURRENT_SCHEMA() AND c.table_name = $2$

2025/02/13 14:39:11 /home/bryan/repos/skripsi/backend/setup/setup.go:78
[2.102ms] [rows:-] SELECT a.attname as column_name, format_type(a.atttypid, a.atttypmod) AS data_type
		FROM pg_attribute a JOIN pg_class b ON a.attrelid = b.oid AND relnamespace = (SELECT oid FROM pg_catalog.pg_namespace WHERE nspname = CURRENT_SCHEMA())
		WHERE a.attnum > 0 -- hide internal columns
		AND NOT a.attisdropped -- hide deleted columns
		AND b.relname = $1$

2025/02/13 14:39:11 /home/bryan/repos/skripsi/backend/setup/setup.go:78
[3.716ms] [rows:0] SELECT description FROM pg_catalog.pg_description WHERE objsubid = (SELECT ordinal_position FROM information_schema.columns WHERE table_schema = CURRENT_SCHEMA() AND table_name = 'thumbnails' AND column_name = 'id') AND objoid = (SELECT oid FROM pg_catalog.pg_class WHERE relname = 'thumbnails' AND relnamespace = (SELECT oid FROM pg_catalog.pg_namespace WHERE nspname = CURRENT_SCHEMA()))

2025/02/13 14:39:11 /home/bryan/repos/skripsi/backend/setup/setup.go:78
[3.674ms] [rows:0] SELECT description FROM pg_catalog.pg_description WHERE objsubid = (SELECT ordinal_position FROM information_schema.columns WHERE table_schema = CURRENT_SCHEMA() AND table_name = 'thumbnails' AND column_name = 'daycare_id') AND objoid = (SELECT oid FROM pg_catalog.pg_class WHERE relname = 'thumbnails' AND relnamespace = (SELECT oid FROM pg_catalog.pg_namespace WHERE nspname = CURRENT_SCHEMA()))

2025/02/13 14:39:11 /home/bryan/repos/skripsi/backend/setup/setup.go:78
[3.689ms] [rows:0] SELECT description FROM pg_catalog.pg_description WHERE objsubid = (SELECT ordinal_position FROM information_schema.columns WHERE table_schema = CURRENT_SCHEMA() AND table_name = 'thumbnails' AND column_name = 'image_url') AND objoid = (SELECT oid FROM pg_catalog.pg_class WHERE relname = 'thumbnails' AND relnamespace = (SELECT oid FROM pg_catalog.pg_namespace WHERE nspname = CURRENT_SCHEMA()))

2025/02/13 14:39:11 /home/bryan/repos/skripsi/backend/setup/setup.go:78
[2.802ms] [rows:1] SELECT count(*) FROM INFORMATION_SCHEMA.table_constraints WHERE table_schema = CURRENT_SCHEMA() AND table_name = 'thumbnails' AND constraint_name = 'fk_pet_daycares_thumbnails'

2025/02/13 14:39:11 /home/bryan/repos/skripsi/backend/setup/setup.go:78
[2.595ms] [rows:1] SELECT count(*) FROM information_schema.tables WHERE table_schema = CURRENT_SCHEMA() AND table_name = 'reviews' AND table_type = 'BASE TABLE'

2025/02/13 14:39:11 /home/bryan/repos/skripsi/backend/setup/setup.go:78
[1.979ms] [rows:1] SELECT CURRENT_DATABASE()

2025/02/13 14:39:11 /home/bryan/repos/skripsi/backend/setup/setup.go:78
[8.286ms] [rows:-] SELECT c.column_name, c.is_nullable = 'YES', c.udt_name, c.character_maximum_length, c.numeric_precision, c.numeric_precision_radix, c.numeric_scale, c.datetime_precision, 8 * typlen, c.column_default, pd.description, c.identity_increment FROM information_schema.columns AS c JOIN pg_type AS pgt ON c.udt_name = pgt.typname LEFT JOIN pg_catalog.pg_description as pd ON pd.objsubid = c.ordinal_position AND pd.objoid = (SELECT oid FROM pg_catalog.pg_class WHERE relname = c.table_name AND relnamespace = (SELECT oid FROM pg_catalog.pg_namespace WHERE nspname = c.table_schema)) where table_catalog = $1$ AND table_schema = CURRENT_SCHEMA() AND table_name = $2$

2025/02/13 14:39:11 /home/bryan/repos/skripsi/backend/setup/setup.go:78
[2.423ms] [rows:-] SELECT * FROM "reviews" LIMIT $1$

2025/02/13 14:39:11 /home/bryan/repos/skripsi/backend/setup/setup.go:78
[7.147ms] [rows:-] SELECT constraint_name FROM information_schema.table_constraints tc JOIN information_schema.constraint_column_usage AS ccu USING (constraint_schema, constraint_catalog, table_name, constraint_name) JOIN information_schema.columns AS c ON c.table_schema = tc.constraint_schema AND tc.table_name = c.table_name AND ccu.column_name = c.column_name WHERE constraint_type IN ('PRIMARY KEY', 'UNIQUE') AND c.table_catalog = $1$ AND c.table_schema = CURRENT_SCHEMA() AND c.table_name = $2$ AND constraint_type = $3$

2025/02/13 14:39:11 /home/bryan/repos/skripsi/backend/setup/setup.go:78
[7.512ms] [rows:-] SELECT c.column_name, constraint_name, constraint_type FROM information_schema.table_constraints tc JOIN information_schema.constraint_column_usage AS ccu USING (constraint_schema, constraint_catalog, table_name, constraint_name) JOIN information_schema.columns AS c ON c.table_schema = tc.constraint_schema AND tc.table_name = c.table_name AND ccu.column_name = c.column_name WHERE constraint_type IN ('PRIMARY KEY', 'UNIQUE') AND c.table_catalog = $1$ AND c.table_schema = CURRENT_SCHEMA() AND c.table_name = $2$

2025/02/13 14:39:11 /home/bryan/repos/skripsi/backend/setup/setup.go:78
[2.252ms] [rows:-] SELECT a.attname as column_name, format_type(a.atttypid, a.atttypmod) AS data_type
		FROM pg_attribute a JOIN pg_class b ON a.attrelid = b.oid AND relnamespace = (SELECT oid FROM pg_catalog.pg_namespace WHERE nspname = CURRENT_SCHEMA())
		WHERE a.attnum > 0 -- hide internal columns
		AND NOT a.attisdropped -- hide deleted columns
		AND b.relname = $1$

2025/02/13 14:39:11 /home/bryan/repos/skripsi/backend/setup/setup.go:78
[3.189ms] [rows:0] SELECT description FROM pg_catalog.pg_description WHERE objsubid = (SELECT ordinal_position FROM information_schema.columns WHERE table_schema = CURRENT_SCHEMA() AND table_name = 'reviews' AND column_name = 'id') AND objoid = (SELECT oid FROM pg_catalog.pg_class WHERE relname = 'reviews' AND relnamespace = (SELECT oid FROM pg_catalog.pg_namespace WHERE nspname = CURRENT_SCHEMA()))

2025/02/13 14:39:11 /home/bryan/repos/skripsi/backend/setup/setup.go:78
[2.928ms] [rows:0] SELECT description FROM pg_catalog.pg_description WHERE objsubid = (SELECT ordinal_position FROM information_schema.columns WHERE table_schema = CURRENT_SCHEMA() AND table_name = 'reviews' AND column_name = 'created_at') AND objoid = (SELECT oid FROM pg_catalog.pg_class WHERE relname = 'reviews' AND relnamespace = (SELECT oid FROM pg_catalog.pg_namespace WHERE nspname = CURRENT_SCHEMA()))

2025/02/13 14:39:11 /home/bryan/repos/skripsi/backend/setup/setup.go:78
[2.864ms] [rows:0] SELECT description FROM pg_catalog.pg_description WHERE objsubid = (SELECT ordinal_position FROM information_schema.columns WHERE table_schema = CURRENT_SCHEMA() AND table_name = 'reviews' AND column_name = 'updated_at') AND objoid = (SELECT oid FROM pg_catalog.pg_class WHERE relname = 'reviews' AND relnamespace = (SELECT oid FROM pg_catalog.pg_namespace WHERE nspname = CURRENT_SCHEMA()))

2025/02/13 14:39:11 /home/bryan/repos/skripsi/backend/setup/setup.go:78
[3.438ms] [rows:0] SELECT description FROM pg_catalog.pg_description WHERE objsubid = (SELECT ordinal_position FROM information_schema.columns WHERE table_schema = CURRENT_SCHEMA() AND table_name = 'reviews' AND column_name = 'deleted_at') AND objoid = (SELECT oid FROM pg_catalog.pg_class WHERE relname = 'reviews' AND relnamespace = (SELECT oid FROM pg_catalog.pg_namespace WHERE nspname = CURRENT_SCHEMA()))

2025/02/13 14:39:11 /home/bryan/repos/skripsi/backend/setup/setup.go:78
[4.065ms] [rows:0] SELECT description FROM pg_catalog.pg_description WHERE objsubid = (SELECT ordinal_position FROM information_schema.columns WHERE table_schema = CURRENT_SCHEMA() AND table_name = 'reviews' AND column_name = 'daycare_id') AND objoid = (SELECT oid FROM pg_catalog.pg_class WHERE relname = 'reviews' AND relnamespace = (SELECT oid FROM pg_catalog.pg_namespace WHERE nspname = CURRENT_SCHEMA()))

2025/02/13 14:39:11 /home/bryan/repos/skripsi/backend/setup/setup.go:78
[3.547ms] [rows:0] SELECT description FROM pg_catalog.pg_description WHERE objsubid = (SELECT ordinal_position FROM information_schema.columns WHERE table_schema = CURRENT_SCHEMA() AND table_name = 'reviews' AND column_name = 'user_id') AND objoid = (SELECT oid FROM pg_catalog.pg_class WHERE relname = 'reviews' AND relnamespace = (SELECT oid FROM pg_catalog.pg_namespace WHERE nspname = CURRENT_SCHEMA()))

2025/02/13 14:39:11 /home/bryan/repos/skripsi/backend/setup/setup.go:78
[3.642ms] [rows:0] SELECT description FROM pg_catalog.pg_description WHERE objsubid = (SELECT ordinal_position FROM information_schema.columns WHERE table_schema = CURRENT_SCHEMA() AND table_name = 'reviews' AND column_name = 'name') AND objoid = (SELECT oid FROM pg_catalog.pg_class WHERE relname = 'reviews' AND relnamespace = (SELECT oid FROM pg_catalog.pg_namespace WHERE nspname = CURRENT_SCHEMA()))

2025/02/13 14:39:11 /home/bryan/repos/skripsi/backend/setup/setup.go:78
[3.428ms] [rows:0] SELECT description FROM pg_catalog.pg_description WHERE objsubid = (SELECT ordinal_position FROM information_schema.columns WHERE table_schema = CURRENT_SCHEMA() AND table_name = 'reviews' AND column_name = 'rate') AND objoid = (SELECT oid FROM pg_catalog.pg_class WHERE relname = 'reviews' AND relnamespace = (SELECT oid FROM pg_catalog.pg_namespace WHERE nspname = CURRENT_SCHEMA()))

2025/02/13 14:39:11 /home/bryan/repos/skripsi/backend/setup/setup.go:78
[3.518ms] [rows:0] SELECT description FROM pg_catalog.pg_description WHERE objsubid = (SELECT ordinal_position FROM information_schema.columns WHERE table_schema = CURRENT_SCHEMA() AND table_name = 'reviews' AND column_name = 'description') AND objoid = (SELECT oid FROM pg_catalog.pg_class WHERE relname = 'reviews' AND relnamespace = (SELECT oid FROM pg_catalog.pg_namespace WHERE nspname = CURRENT_SCHEMA()))

2025/02/13 14:39:11 /home/bryan/repos/skripsi/backend/setup/setup.go:78
[2.753ms] [rows:1] SELECT count(*) FROM INFORMATION_SCHEMA.table_constraints WHERE table_schema = CURRENT_SCHEMA() AND table_name = 'reviews' AND constraint_name = 'fk_pet_daycares_reviews'

2025/02/13 14:39:11 /home/bryan/repos/skripsi/backend/setup/setup.go:78
[3.081ms] [rows:1] SELECT count(*) FROM INFORMATION_SCHEMA.table_constraints WHERE table_schema = CURRENT_SCHEMA() AND table_name = 'reviews' AND constraint_name = 'fk_users_reviews'

2025/02/13 14:39:11 /home/bryan/repos/skripsi/backend/setup/setup.go:78
[6.858ms] [rows:1] SELECT count(*) FROM pg_indexes WHERE tablename = 'reviews' AND indexname = 'idx_reviews_deleted_at' AND schemaname = CURRENT_SCHEMA()

2025/02/13 14:39:11 /home/bryan/repos/skripsi/backend/setup/setup.go:78
[2.926ms] [rows:1] SELECT count(*) FROM information_schema.tables WHERE table_schema = CURRENT_SCHEMA() AND table_name = 'refresh_tokens' AND table_type = 'BASE TABLE'

2025/02/13 14:39:11 /home/bryan/repos/skripsi/backend/setup/setup.go:78
[1.879ms] [rows:1] SELECT CURRENT_DATABASE()

2025/02/13 14:39:11 /home/bryan/repos/skripsi/backend/setup/setup.go:78
[10.268ms] [rows:-] SELECT c.column_name, c.is_nullable = 'YES', c.udt_name, c.character_maximum_length, c.numeric_precision, c.numeric_precision_radix, c.numeric_scale, c.datetime_precision, 8 * typlen, c.column_default, pd.description, c.identity_increment FROM information_schema.columns AS c JOIN pg_type AS pgt ON c.udt_name = pgt.typname LEFT JOIN pg_catalog.pg_description as pd ON pd.objsubid = c.ordinal_position AND pd.objoid = (SELECT oid FROM pg_catalog.pg_class WHERE relname = c.table_name AND relnamespace = (SELECT oid FROM pg_catalog.pg_namespace WHERE nspname = c.table_schema)) where table_catalog = $1$ AND table_schema = CURRENT_SCHEMA() AND table_name = $2$

2025/02/13 14:39:11 /home/bryan/repos/skripsi/backend/setup/setup.go:78
[4.157ms] [rows:-] SELECT * FROM "refresh_tokens" LIMIT $1$

2025/02/13 14:39:11 /home/bryan/repos/skripsi/backend/setup/setup.go:78
[8.968ms] [rows:-] SELECT constraint_name FROM information_schema.table_constraints tc JOIN information_schema.constraint_column_usage AS ccu USING (constraint_schema, constraint_catalog, table_name, constraint_name) JOIN information_schema.columns AS c ON c.table_schema = tc.constraint_schema AND tc.table_name = c.table_name AND ccu.column_name = c.column_name WHERE constraint_type IN ('PRIMARY KEY', 'UNIQUE') AND c.table_catalog = $1$ AND c.table_schema = CURRENT_SCHEMA() AND c.table_name = $2$ AND constraint_type = $3$

2025/02/13 14:39:11 /home/bryan/repos/skripsi/backend/setup/setup.go:78
[9.092ms] [rows:-] SELECT c.column_name, constraint_name, constraint_type FROM information_schema.table_constraints tc JOIN information_schema.constraint_column_usage AS ccu USING (constraint_schema, constraint_catalog, table_name, constraint_name) JOIN information_schema.columns AS c ON c.table_schema = tc.constraint_schema AND tc.table_name = c.table_name AND ccu.column_name = c.column_name WHERE constraint_type IN ('PRIMARY KEY', 'UNIQUE') AND c.table_catalog = $1$ AND c.table_schema = CURRENT_SCHEMA() AND c.table_name = $2$

2025/02/13 14:39:11 /home/bryan/repos/skripsi/backend/setup/setup.go:78
[2.832ms] [rows:-] SELECT a.attname as column_name, format_type(a.atttypid, a.atttypmod) AS data_type
		FROM pg_attribute a JOIN pg_class b ON a.attrelid = b.oid AND relnamespace = (SELECT oid FROM pg_catalog.pg_namespace WHERE nspname = CURRENT_SCHEMA())
		WHERE a.attnum > 0 -- hide internal columns
		AND NOT a.attisdropped -- hide deleted columns
		AND b.relname = $1$

2025/02/13 14:39:11 /home/bryan/repos/skripsi/backend/setup/setup.go:78
[4.177ms] [rows:0] SELECT description FROM pg_catalog.pg_description WHERE objsubid = (SELECT ordinal_position FROM information_schema.columns WHERE table_schema = CURRENT_SCHEMA() AND table_name = 'refresh_tokens' AND column_name = 'id') AND objoid = (SELECT oid FROM pg_catalog.pg_class WHERE relname = 'refresh_tokens' AND relnamespace = (SELECT oid FROM pg_catalog.pg_namespace WHERE nspname = CURRENT_SCHEMA()))

2025/02/13 14:39:11 /home/bryan/repos/skripsi/backend/setup/setup.go:78
[4.513ms] [rows:0] SELECT description FROM pg_catalog.pg_description WHERE objsubid = (SELECT ordinal_position FROM information_schema.columns WHERE table_schema = CURRENT_SCHEMA() AND table_name = 'refresh_tokens' AND column_name = 'created_at') AND objoid = (SELECT oid FROM pg_catalog.pg_class WHERE relname = 'refresh_tokens' AND relnamespace = (SELECT oid FROM pg_catalog.pg_namespace WHERE nspname = CURRENT_SCHEMA()))

2025/02/13 14:39:11 /home/bryan/repos/skripsi/backend/setup/setup.go:78
[5.267ms] [rows:0] SELECT description FROM pg_catalog.pg_description WHERE objsubid = (SELECT ordinal_position FROM information_schema.columns WHERE table_schema = CURRENT_SCHEMA() AND table_name = 'refresh_tokens' AND column_name = 'updated_at') AND objoid = (SELECT oid FROM pg_catalog.pg_class WHERE relname = 'refresh_tokens' AND relnamespace = (SELECT oid FROM pg_catalog.pg_namespace WHERE nspname = CURRENT_SCHEMA()))

2025/02/13 14:39:11 /home/bryan/repos/skripsi/backend/setup/setup.go:78
[4.947ms] [rows:0] SELECT description FROM pg_catalog.pg_description WHERE objsubid = (SELECT ordinal_position FROM information_schema.columns WHERE table_schema = CURRENT_SCHEMA() AND table_name = 'refresh_tokens' AND column_name = 'deleted_at') AND objoid = (SELECT oid FROM pg_catalog.pg_class WHERE relname = 'refresh_tokens' AND relnamespace = (SELECT oid FROM pg_catalog.pg_namespace WHERE nspname = CURRENT_SCHEMA()))

2025/02/13 14:39:11 /home/bryan/repos/skripsi/backend/setup/setup.go:78
[4.745ms] [rows:0] SELECT description FROM pg_catalog.pg_description WHERE objsubid = (SELECT ordinal_position FROM information_schema.columns WHERE table_schema = CURRENT_SCHEMA() AND table_name = 'refresh_tokens' AND column_name = 'user_id') AND objoid = (SELECT oid FROM pg_catalog.pg_class WHERE relname = 'refresh_tokens' AND relnamespace = (SELECT oid FROM pg_catalog.pg_namespace WHERE nspname = CURRENT_SCHEMA()))

2025/02/13 14:39:11 /home/bryan/repos/skripsi/backend/setup/setup.go:78
[4.077ms] [rows:0] SELECT description FROM pg_catalog.pg_description WHERE objsubid = (SELECT ordinal_position FROM information_schema.columns WHERE table_schema = CURRENT_SCHEMA() AND table_name = 'refresh_tokens' AND column_name = 'token') AND objoid = (SELECT oid FROM pg_catalog.pg_class WHERE relname = 'refresh_tokens' AND relnamespace = (SELECT oid FROM pg_catalog.pg_namespace WHERE nspname = CURRENT_SCHEMA()))

2025/02/13 14:39:11 /home/bryan/repos/skripsi/backend/setup/setup.go:78
[4.917ms] [rows:0] SELECT description FROM pg_catalog.pg_description WHERE objsubid = (SELECT ordinal_position FROM information_schema.columns WHERE table_schema = CURRENT_SCHEMA() AND table_name = 'refresh_tokens' AND column_name = 'expires_at') AND objoid = (SELECT oid FROM pg_catalog.pg_class WHERE relname = 'refresh_tokens' AND relnamespace = (SELECT oid FROM pg_catalog.pg_namespace WHERE nspname = CURRENT_SCHEMA()))

2025/02/13 14:39:11 /home/bryan/repos/skripsi/backend/setup/setup.go:78
[3.543ms] [rows:1] SELECT count(*) FROM pg_indexes WHERE tablename = 'refresh_tokens' AND indexname = 'idx_refresh_tokens_deleted_at' AND schemaname = CURRENT_SCHEMA()

2025/02/13 14:39:11 /home/bryan/repos/skripsi/backend/setup/setup.go:78
[2.740ms] [rows:1] SELECT count(*) FROM pg_indexes WHERE tablename = 'refresh_tokens' AND indexname = 'idx_refresh_tokens_user_id' AND schemaname = CURRENT_SCHEMA()

2025/02/13 14:39:11 /home/bryan/repos/skripsi/backend/setup/setup.go:78
[2.548ms] [rows:1] SELECT count(*) FROM information_schema.tables WHERE table_schema = CURRENT_SCHEMA() AND table_name = 'transactions' AND table_type = 'BASE TABLE'

2025/02/13 14:39:11 /home/bryan/repos/skripsi/backend/setup/setup.go:78
[1.704ms] [rows:1] SELECT CURRENT_DATABASE()

2025/02/13 14:39:11 /home/bryan/repos/skripsi/backend/setup/setup.go:78
[7.628ms] [rows:-] SELECT c.column_name, c.is_nullable = 'YES', c.udt_name, c.character_maximum_length, c.numeric_precision, c.numeric_precision_radix, c.numeric_scale, c.datetime_precision, 8 * typlen, c.column_default, pd.description, c.identity_increment FROM information_schema.columns AS c JOIN pg_type AS pgt ON c.udt_name = pgt.typname LEFT JOIN pg_catalog.pg_description as pd ON pd.objsubid = c.ordinal_position AND pd.objoid = (SELECT oid FROM pg_catalog.pg_class WHERE relname = c.table_name AND relnamespace = (SELECT oid FROM pg_catalog.pg_namespace WHERE nspname = c.table_schema)) where table_catalog = $1$ AND table_schema = CURRENT_SCHEMA() AND table_name = $2$

2025/02/13 14:39:11 /home/bryan/repos/skripsi/backend/setup/setup.go:78
[2.413ms] [rows:-] SELECT * FROM "transactions" LIMIT $1$

2025/02/13 14:39:11 /home/bryan/repos/skripsi/backend/setup/setup.go:78
[6.072ms] [rows:-] SELECT constraint_name FROM information_schema.table_constraints tc JOIN information_schema.constraint_column_usage AS ccu USING (constraint_schema, constraint_catalog, table_name, constraint_name) JOIN information_schema.columns AS c ON c.table_schema = tc.constraint_schema AND tc.table_name = c.table_name AND ccu.column_name = c.column_name WHERE constraint_type IN ('PRIMARY KEY', 'UNIQUE') AND c.table_catalog = $1$ AND c.table_schema = CURRENT_SCHEMA() AND c.table_name = $2$ AND constraint_type = $3$

2025/02/13 14:39:11 /home/bryan/repos/skripsi/backend/setup/setup.go:78
[6.267ms] [rows:-] SELECT c.column_name, constraint_name, constraint_type FROM information_schema.table_constraints tc JOIN information_schema.constraint_column_usage AS ccu USING (constraint_schema, constraint_catalog, table_name, constraint_name) JOIN information_schema.columns AS c ON c.table_schema = tc.constraint_schema AND tc.table_name = c.table_name AND ccu.column_name = c.column_name WHERE constraint_type IN ('PRIMARY KEY', 'UNIQUE') AND c.table_catalog = $1$ AND c.table_schema = CURRENT_SCHEMA() AND c.table_name = $2$

2025/02/13 14:39:11 /home/bryan/repos/skripsi/backend/setup/setup.go:78
[2.317ms] [rows:-] SELECT a.attname as column_name, format_type(a.atttypid, a.atttypmod) AS data_type
		FROM pg_attribute a JOIN pg_class b ON a.attrelid = b.oid AND relnamespace = (SELECT oid FROM pg_catalog.pg_namespace WHERE nspname = CURRENT_SCHEMA())
		WHERE a.attnum > 0 -- hide internal columns
		AND NOT a.attisdropped -- hide deleted columns
		AND b.relname = $1$

2025/02/13 14:39:11 /home/bryan/repos/skripsi/backend/setup/setup.go:78
[3.528ms] [rows:0] SELECT description FROM pg_catalog.pg_description WHERE objsubid = (SELECT ordinal_position FROM information_schema.columns WHERE table_schema = CURRENT_SCHEMA() AND table_name = 'transactions' AND column_name = 'id') AND objoid = (SELECT oid FROM pg_catalog.pg_class WHERE relname = 'transactions' AND relnamespace = (SELECT oid FROM pg_catalog.pg_namespace WHERE nspname = CURRENT_SCHEMA()))

2025/02/13 14:39:11 /home/bryan/repos/skripsi/backend/setup/setup.go:78
[3.568ms] [rows:0] SELECT description FROM pg_catalog.pg_description WHERE objsubid = (SELECT ordinal_position FROM information_schema.columns WHERE table_schema = CURRENT_SCHEMA() AND table_name = 'transactions' AND column_name = 'created_at') AND objoid = (SELECT oid FROM pg_catalog.pg_class WHERE relname = 'transactions' AND relnamespace = (SELECT oid FROM pg_catalog.pg_namespace WHERE nspname = CURRENT_SCHEMA()))

2025/02/13 14:39:11 /home/bryan/repos/skripsi/backend/setup/setup.go:78
[3.370ms] [rows:0] SELECT description FROM pg_catalog.pg_description WHERE objsubid = (SELECT ordinal_position FROM information_schema.columns WHERE table_schema = CURRENT_SCHEMA() AND table_name = 'transactions' AND column_name = 'pet_daycare_id') AND objoid = (SELECT oid FROM pg_catalog.pg_class WHERE relname = 'transactions' AND relnamespace = (SELECT oid FROM pg_catalog.pg_namespace WHERE nspname = CURRENT_SCHEMA()))

2025/02/13 14:39:11 /home/bryan/repos/skripsi/backend/setup/setup.go:78
[3.749ms] [rows:0] SELECT description FROM pg_catalog.pg_description WHERE objsubid = (SELECT ordinal_position FROM information_schema.columns WHERE table_schema = CURRENT_SCHEMA() AND table_name = 'transactions' AND column_name = 'booked_slot_id') AND objoid = (SELECT oid FROM pg_catalog.pg_class WHERE relname = 'transactions' AND relnamespace = (SELECT oid FROM pg_catalog.pg_namespace WHERE nspname = CURRENT_SCHEMA()))

2025/02/13 14:39:11 /home/bryan/repos/skripsi/backend/setup/setup.go:78
[3.727ms] [rows:0] SELECT description FROM pg_catalog.pg_description WHERE objsubid = (SELECT ordinal_position FROM information_schema.columns WHERE table_schema = CURRENT_SCHEMA() AND table_name = 'transactions' AND column_name = 'status') AND objoid = (SELECT oid FROM pg_catalog.pg_class WHERE relname = 'transactions' AND relnamespace = (SELECT oid FROM pg_catalog.pg_namespace WHERE nspname = CURRENT_SCHEMA()))

2025/02/13 14:39:11 /home/bryan/repos/skripsi/backend/setup/setup.go:78
[3.048ms] [rows:1] SELECT count(*) FROM INFORMATION_SCHEMA.table_constraints WHERE table_schema = CURRENT_SCHEMA() AND table_name = 'transactions' AND constraint_name = 'fk_transactions_pet_daycare'

2025/02/13 14:39:11 /home/bryan/repos/skripsi/backend/setup/setup.go:78
[2.951ms] [rows:1] SELECT count(*) FROM INFORMATION_SCHEMA.table_constraints WHERE table_schema = CURRENT_SCHEMA() AND table_name = 'transactions' AND constraint_name = 'fk_transactions_booked_slot'

2025/02/13 14:39:11 /home/bryan/repos/skripsi/backend/setup/setup.go:78
[2.477ms] [rows:1] SELECT count(*) FROM information_schema.tables WHERE table_schema = CURRENT_SCHEMA() AND table_name = 'reduce_slots' AND table_type = 'BASE TABLE'

2025/02/13 14:39:11 /home/bryan/repos/skripsi/backend/setup/setup.go:78
[1.942ms] [rows:1] SELECT CURRENT_DATABASE()

2025/02/13 14:39:11 /home/bryan/repos/skripsi/backend/setup/setup.go:78
[6.910ms] [rows:-] SELECT c.column_name, c.is_nullable = 'YES', c.udt_name, c.character_maximum_length, c.numeric_precision, c.numeric_precision_radix, c.numeric_scale, c.datetime_precision, 8 * typlen, c.column_default, pd.description, c.identity_increment FROM information_schema.columns AS c JOIN pg_type AS pgt ON c.udt_name = pgt.typname LEFT JOIN pg_catalog.pg_description as pd ON pd.objsubid = c.ordinal_position AND pd.objoid = (SELECT oid FROM pg_catalog.pg_class WHERE relname = c.table_name AND relnamespace = (SELECT oid FROM pg_catalog.pg_namespace WHERE nspname = c.table_schema)) where table_catalog = $1$ AND table_schema = CURRENT_SCHEMA() AND table_name = $2$

2025/02/13 14:39:11 /home/bryan/repos/skripsi/backend/setup/setup.go:78
[2.431ms] [rows:-] SELECT * FROM "reduce_slots" LIMIT $1$

2025/02/13 14:39:11 /home/bryan/repos/skripsi/backend/setup/setup.go:78
[6.455ms] [rows:-] SELECT constraint_name FROM information_schema.table_constraints tc JOIN information_schema.constraint_column_usage AS ccu USING (constraint_schema, constraint_catalog, table_name, constraint_name) JOIN information_schema.columns AS c ON c.table_schema = tc.constraint_schema AND tc.table_name = c.table_name AND ccu.column_name = c.column_name WHERE constraint_type IN ('PRIMARY KEY', 'UNIQUE') AND c.table_catalog = $1$ AND c.table_schema = CURRENT_SCHEMA() AND c.table_name = $2$ AND constraint_type = $3$

2025/02/13 14:39:11 /home/bryan/repos/skripsi/backend/setup/setup.go:78
[6.255ms] [rows:-] SELECT c.column_name, constraint_name, constraint_type FROM information_schema.table_constraints tc JOIN information_schema.constraint_column_usage AS ccu USING (constraint_schema, constraint_catalog, table_name, constraint_name) JOIN information_schema.columns AS c ON c.table_schema = tc.constraint_schema AND tc.table_name = c.table_name AND ccu.column_name = c.column_name WHERE constraint_type IN ('PRIMARY KEY', 'UNIQUE') AND c.table_catalog = $1$ AND c.table_schema = CURRENT_SCHEMA() AND c.table_name = $2$

2025/02/13 14:39:11 /home/bryan/repos/skripsi/backend/setup/setup.go:78
[2.105ms] [rows:-] SELECT a.attname as column_name, format_type(a.atttypid, a.atttypmod) AS data_type
		FROM pg_attribute a JOIN pg_class b ON a.attrelid = b.oid AND relnamespace = (SELECT oid FROM pg_catalog.pg_namespace WHERE nspname = CURRENT_SCHEMA())
		WHERE a.attnum > 0 -- hide internal columns
		AND NOT a.attisdropped -- hide deleted columns
		AND b.relname = $1$

2025/02/13 14:39:11 /home/bryan/repos/skripsi/backend/setup/setup.go:78
[3.134ms] [rows:0] SELECT description FROM pg_catalog.pg_description WHERE objsubid = (SELECT ordinal_position FROM information_schema.columns WHERE table_schema = CURRENT_SCHEMA() AND table_name = 'reduce_slots' AND column_name = 'id') AND objoid = (SELECT oid FROM pg_catalog.pg_class WHERE relname = 'reduce_slots' AND relnamespace = (SELECT oid FROM pg_catalog.pg_namespace WHERE nspname = CURRENT_SCHEMA()))

2025/02/13 14:39:11 /home/bryan/repos/skripsi/backend/setup/setup.go:78
[3.131ms] [rows:0] SELECT description FROM pg_catalog.pg_description WHERE objsubid = (SELECT ordinal_position FROM information_schema.columns WHERE table_schema = CURRENT_SCHEMA() AND table_name = 'reduce_slots' AND column_name = 'slot_id') AND objoid = (SELECT oid FROM pg_catalog.pg_class WHERE relname = 'reduce_slots' AND relnamespace = (SELECT oid FROM pg_catalog.pg_namespace WHERE nspname = CURRENT_SCHEMA()))

2025/02/13 14:39:11 /home/bryan/repos/skripsi/backend/setup/setup.go:78
[3.314ms] [rows:0] SELECT description FROM pg_catalog.pg_description WHERE objsubid = (SELECT ordinal_position FROM information_schema.columns WHERE table_schema = CURRENT_SCHEMA() AND table_name = 'reduce_slots' AND column_name = 'reduced_count') AND objoid = (SELECT oid FROM pg_catalog.pg_class WHERE relname = 'reduce_slots' AND relnamespace = (SELECT oid FROM pg_catalog.pg_namespace WHERE nspname = CURRENT_SCHEMA()))

2025/02/13 14:39:11 /home/bryan/repos/skripsi/backend/setup/setup.go:78
[3.551ms] [rows:0] SELECT description FROM pg_catalog.pg_description WHERE objsubid = (SELECT ordinal_position FROM information_schema.columns WHERE table_schema = CURRENT_SCHEMA() AND table_name = 'reduce_slots' AND column_name = 'target_date') AND objoid = (SELECT oid FROM pg_catalog.pg_class WHERE relname = 'reduce_slots' AND relnamespace = (SELECT oid FROM pg_catalog.pg_namespace WHERE nspname = CURRENT_SCHEMA()))

2025/02/13 14:39:11 /home/bryan/repos/skripsi/backend/setup/setup.go:78
[2.536ms] [rows:1] SELECT count(*) FROM information_schema.tables WHERE table_schema = CURRENT_SCHEMA() AND table_name = 'booked_slots_dailies' AND table_type = 'BASE TABLE'

2025/02/13 14:39:11 /home/bryan/repos/skripsi/backend/setup/setup.go:78
[2.148ms] [rows:1] SELECT CURRENT_DATABASE()

2025/02/13 14:39:11 /home/bryan/repos/skripsi/backend/setup/setup.go:78
[8.753ms] [rows:-] SELECT c.column_name, c.is_nullable = 'YES', c.udt_name, c.character_maximum_length, c.numeric_precision, c.numeric_precision_radix, c.numeric_scale, c.datetime_precision, 8 * typlen, c.column_default, pd.description, c.identity_increment FROM information_schema.columns AS c JOIN pg_type AS pgt ON c.udt_name = pgt.typname LEFT JOIN pg_catalog.pg_description as pd ON pd.objsubid = c.ordinal_position AND pd.objoid = (SELECT oid FROM pg_catalog.pg_class WHERE relname = c.table_name AND relnamespace = (SELECT oid FROM pg_catalog.pg_namespace WHERE nspname = c.table_schema)) where table_catalog = $1$ AND table_schema = CURRENT_SCHEMA() AND table_name = $2$

2025/02/13 14:39:11 /home/bryan/repos/skripsi/backend/setup/setup.go:78
[4.151ms] [rows:-] SELECT * FROM "booked_slots_dailies" LIMIT $1$

2025/02/13 14:39:11 /home/bryan/repos/skripsi/backend/setup/setup.go:78
[5.830ms] [rows:-] SELECT constraint_name FROM information_schema.table_constraints tc JOIN information_schema.constraint_column_usage AS ccu USING (constraint_schema, constraint_catalog, table_name, constraint_name) JOIN information_schema.columns AS c ON c.table_schema = tc.constraint_schema AND tc.table_name = c.table_name AND ccu.column_name = c.column_name WHERE constraint_type IN ('PRIMARY KEY', 'UNIQUE') AND c.table_catalog = $1$ AND c.table_schema = CURRENT_SCHEMA() AND c.table_name = $2$ AND constraint_type = $3$

2025/02/13 14:39:11 /home/bryan/repos/skripsi/backend/setup/setup.go:78
[6.595ms] [rows:-] SELECT c.column_name, constraint_name, constraint_type FROM information_schema.table_constraints tc JOIN information_schema.constraint_column_usage AS ccu USING (constraint_schema, constraint_catalog, table_name, constraint_name) JOIN information_schema.columns AS c ON c.table_schema = tc.constraint_schema AND tc.table_name = c.table_name AND ccu.column_name = c.column_name WHERE constraint_type IN ('PRIMARY KEY', 'UNIQUE') AND c.table_catalog = $1$ AND c.table_schema = CURRENT_SCHEMA() AND c.table_name = $2$

2025/02/13 14:39:11 /home/bryan/repos/skripsi/backend/setup/setup.go:78
[2.370ms] [rows:-] SELECT a.attname as column_name, format_type(a.atttypid, a.atttypmod) AS data_type
		FROM pg_attribute a JOIN pg_class b ON a.attrelid = b.oid AND relnamespace = (SELECT oid FROM pg_catalog.pg_namespace WHERE nspname = CURRENT_SCHEMA())
		WHERE a.attnum > 0 -- hide internal columns
		AND NOT a.attisdropped -- hide deleted columns
		AND b.relname = $1$

2025/02/13 14:39:11 /home/bryan/repos/skripsi/backend/setup/setup.go:78
[3.669ms] [rows:0] SELECT description FROM pg_catalog.pg_description WHERE objsubid = (SELECT ordinal_position FROM information_schema.columns WHERE table_schema = CURRENT_SCHEMA() AND table_name = 'booked_slots_dailies' AND column_name = 'id') AND objoid = (SELECT oid FROM pg_catalog.pg_class WHERE relname = 'booked_slots_dailies' AND relnamespace = (SELECT oid FROM pg_catalog.pg_namespace WHERE nspname = CURRENT_SCHEMA()))

2025/02/13 14:39:11 /home/bryan/repos/skripsi/backend/setup/setup.go:78
[4.064ms] [rows:0] SELECT description FROM pg_catalog.pg_description WHERE objsubid = (SELECT ordinal_position FROM information_schema.columns WHERE table_schema = CURRENT_SCHEMA() AND table_name = 'booked_slots_dailies' AND column_name = 'daycare_id') AND objoid = (SELECT oid FROM pg_catalog.pg_class WHERE relname = 'booked_slots_dailies' AND relnamespace = (SELECT oid FROM pg_catalog.pg_namespace WHERE nspname = CURRENT_SCHEMA()))

2025/02/13 14:39:11 /home/bryan/repos/skripsi/backend/setup/setup.go:78
[4.136ms] [rows:0] SELECT description FROM pg_catalog.pg_description WHERE objsubid = (SELECT ordinal_position FROM information_schema.columns WHERE table_schema = CURRENT_SCHEMA() AND table_name = 'booked_slots_dailies' AND column_name = 'date') AND objoid = (SELECT oid FROM pg_catalog.pg_class WHERE relname = 'booked_slots_dailies' AND relnamespace = (SELECT oid FROM pg_catalog.pg_namespace WHERE nspname = CURRENT_SCHEMA()))

2025/02/13 14:39:11 /home/bryan/repos/skripsi/backend/setup/setup.go:78
[3.319ms] [rows:0] SELECT description FROM pg_catalog.pg_description WHERE objsubid = (SELECT ordinal_position FROM information_schema.columns WHERE table_schema = CURRENT_SCHEMA() AND table_name = 'booked_slots_dailies' AND column_name = 'slot_count') AND objoid = (SELECT oid FROM pg_catalog.pg_class WHERE relname = 'booked_slots_dailies' AND relnamespace = (SELECT oid FROM pg_catalog.pg_namespace WHERE nspname = CURRENT_SCHEMA()))

2025/02/13 14:39:11 /home/bryan/repos/skripsi/backend/setup/setup.go:78
[2.164ms] [rows:1] SELECT count(*) FROM pg_indexes WHERE tablename = 'booked_slots_dailies' AND indexname = 'idx_booked_slots_dailies_date' AND schemaname = CURRENT_SCHEMA()
[GIN-debug] [WARNING] Creating an Engine instance with the Logger and Recovery middleware already attached.

[GIN-debug] [WARNING] Running in "debug" mode. Switch to "release" mode in production.
 - using env:	export GIN_MODE=release
 - using code:	gin.SetMode(gin.ReleaseMode)

[GIN-debug] GET    /assets/*filepath         --> github.com/gin-gonic/gin.(*RouterGroup).createStaticHandler.func1 (3 handlers)
[GIN-debug] HEAD   /assets/*filepath         --> github.com/gin-gonic/gin.(*RouterGroup).createStaticHandler.func1 (3 handlers)
[GIN-debug] POST   /users                    --> github.com/BryanEgbert/skripsi/controller.(*UserController).CreateUser-fm (3 handlers)
[GIN-debug] GET    /users/vets               --> github.com/BryanEgbert/skripsi/controller.(*UserController).GetVets-fm (4 handlers)
[GIN-debug] GET    /users/:id                --> github.com/BryanEgbert/skripsi/controller.(*UserController).GetUser-fm (4 handlers)
[GIN-debug] DELETE /users                    --> github.com/BryanEgbert/skripsi/controller.(*UserController).DeleteUser-fm (4 handlers)
[GIN-debug] PUT    /users                    --> github.com/BryanEgbert/skripsi/controller.(*UserController).UpdateUserProfile-fm (4 handlers)
[GIN-debug] PATCH  /users/password           --> github.com/BryanEgbert/skripsi/controller.(*UserController).UpdateUserPassword-fm (4 handlers)
[GIN-debug] POST   /login                    --> github.com/BryanEgbert/skripsi/controller.(*AuthController).Login-fm (3 handlers)
[GIN-debug] POST   /refresh                  --> github.com/BryanEgbert/skripsi/controller.(*AuthController).RefreshToken-fm (4 handlers)
[GIN-debug] GET    /pets/:id                 --> github.com/BryanEgbert/skripsi/controller.(*PetController).GetPet-fm (4 handlers)
[GIN-debug] GET    /pets                     --> github.com/BryanEgbert/skripsi/controller.(*PetController).GetPets-fm (4 handlers)
[GIN-debug] POST   /pets                     --> github.com/BryanEgbert/skripsi/controller.(*PetController).CreatePet-fm (4 handlers)
[GIN-debug] PUT    /pets/:id                 --> github.com/BryanEgbert/skripsi/controller.(*PetController).UpdatePet-fm (4 handlers)
[GIN-debug] DELETE /pets/:id                 --> github.com/BryanEgbert/skripsi/controller.(*PetController).DeletePet-fm (4 handlers)
[GIN-debug] PATCH  /daycare/slot/:slotId     --> github.com/BryanEgbert/skripsi/controller.(*PetDaycareController).EditSlotCount-fm (4 handlers)
[GIN-debug] GET    /daycare/:id/slot         --> github.com/BryanEgbert/skripsi/controller.(*PetDaycareController).GetPetDaycareSlots-fm (4 handlers)
[GIN-debug] POST   /daycare/:id/slot         --> github.com/BryanEgbert/skripsi/controller.(*PetDaycareController).CreateSlot-fm (4 handlers)
[GIN-debug] GET    /daycare/:id/review       --> github.com/BryanEgbert/skripsi/controller.(*PetDaycareController).GetReviews-fm (4 handlers)
[GIN-debug] POST   /daycare/:id/review       --> github.com/BryanEgbert/skripsi/controller.(*PetDaycareController).CreateReview-fm (4 handlers)
[GIN-debug] DELETE /daycare/:id/review       --> github.com/BryanEgbert/skripsi/controller.(*PetDaycareController).DeleteReview-fm (4 handlers)
[GIN-debug] GET    /daycare/:id              --> github.com/BryanEgbert/skripsi/controller.(*PetDaycareController).GetPetDaycare-fm (4 handlers)
[GIN-debug] GET    /daycare                  --> github.com/BryanEgbert/skripsi/controller.(*PetDaycareController).GetPetDaycares-fm (4 handlers)
[GIN-debug] POST   /daycare                  --> github.com/BryanEgbert/skripsi/controller.(*PetDaycareController).CreatePetDaycare-fm (4 handlers)
[GIN-debug] PUT    /daycare/:id              --> github.com/BryanEgbert/skripsi/controller.(*PetDaycareController).UpdatePetDaycare-fm (4 handlers)
[GIN-debug] DELETE /daycare/:id              --> github.com/BryanEgbert/skripsi/controller.(*PetDaycareController).DeletePetDaycare-fm (4 handlers)

2025/02/13 14:39:11 /home/bryan/repos/skripsi/backend/service/user_service.go:46
[4.179ms] [rows:0] SELECT * FROM "user_vet_specialties" WHERE "user_vet_specialties"."user_id" = $1$

2025/02/13 14:39:11 /home/bryan/repos/skripsi/backend/service/user_service.go:46
[12.215ms] [rows:1] SELECT * FROM "users" WHERE "users"."id" = $1$ AND "users"."deleted_at" IS NULL ORDER BY "users"."id" LIMIT $2$
[GIN] 2025/02/13 - 14:39:11 | 200 |   12.571016ms |                 | GET      "/users/1"
=== RUN   TestGetUser/On_login,_should_return_error_when_user_credential_is_correct

2025/02/13 14:39:11 /home/bryan/repos/skripsi/backend/setup/setup.go:60
[175.934ms] [rows:0] TRUNCATE TABLE users, vet_specialties, user_vet_specialties, pet_daycares, pets, size_categories, roles, slots, booked_slots, thumbnails, species, reviews, refresh_tokens, transactions, daily_walks, daily_playtimes, reduce_slots RESTART IDENTITY CASCADE;

2025/02/13 14:39:11 /home/bryan/repos/skripsi/backend/seeder/seeder.go:18
[8.429ms] [rows:3] INSERT INTO "roles" ("name","id") VALUES ($1$,$2$),($3$,$4$),($5$,$6$) RETURNING "id"

2025/02/13 14:39:11 /home/bryan/repos/skripsi/backend/seeder/seeder.go:29
[4.323ms] [rows:4] INSERT INTO "daily_walks" ("name","id") VALUES ($1$,$2$),($3$,$4$),($5$,$6$),($7$,$8$) RETURNING "id"

2025/02/13 14:39:11 /home/bryan/repos/skripsi/backend/seeder/seeder.go:39
[4.088ms] [rows:4] INSERT INTO "daily_playtimes" ("name","id") VALUES ($1$,$2$),($3$,$4$),($5$,$6$),($7$,$8$) RETURNING "id"

2025/02/13 14:39:11 /home/bryan/repos/skripsi/backend/seeder/seeder.go:61
[5.107ms] [rows:17] INSERT INTO "vet_specialties" ("name") VALUES ($1$),($2$),($3$),($4$),($5$),($6$),($7$),($8$),($9$),($10$),($11$),($12$),($13$),($14$),($15$),($16$),($17$) RETURNING "id"

2025/02/13 14:39:11 /home/bryan/repos/skripsi/backend/seeder/seeder.go:71
[7.484ms] [rows:3] INSERT INTO "species" ("name") VALUES ($1$),($2$),($3$) RETURNING "id"

2025/02/13 14:39:11 /home/bryan/repos/skripsi/backend/seeder/seeder.go:83
[5.358ms] [rows:5] INSERT INTO "size_categories" ("name","min_weight","max_weight") VALUES ($1$,$2$,$3$),($4$,$5$,$6$),($7$,$8$,$9$),($10$,$11$,$12$),($13$,$14$,$15$) RETURNING "id"

2025/02/13 14:39:11 /home/bryan/repos/skripsi/backend/seeder/seeder.go:106
[2.206ms] [rows:0] INSERT INTO "vet_specialties" ("name","id") VALUES ($1$,$2$),($3$,$4$),($5$,$6$) ON CONFLICT DO NOTHING RETURNING "id"

2025/02/13 14:39:11 /home/bryan/repos/skripsi/backend/seeder/seeder.go:106
[3.072ms] [rows:3] INSERT INTO "user_vet_specialties" ("user_id","vet_specialty_id") VALUES ($1$,$2$),($3$,$4$),($5$,$6$) ON CONFLICT DO NOTHING

2025/02/13 14:39:11 /home/bryan/repos/skripsi/backend/seeder/seeder.go:106
[14.995ms] [rows:6] INSERT INTO "users" ("created_at","updated_at","deleted_at","name","email","password","role_id","image_url") VALUES ($1$,$2$,$3$,$4$,$5$,$6$,$7$,$8$),($9$,$10$,$11$,$12$,$13$,$14$,$15$,$16$),($17$,$18$,$19$,$20$,$21$,$22$,$23$,$24$),($25$,$26$,$27$,$28$,$29$,$30$,$31$,$32$),($33$,$34$,$35$,$36$,$37$,$38$,$39$,DEFAULT),($40$,$41$,$42$,$43$,$44$,$45$,$46$,$47$) RETURNING "id","image_url"

2025/02/13 14:39:11 /home/bryan/repos/skripsi/backend/seeder/seeder.go:148
[1.652ms] [rows:0] INSERT INTO "daily_walks" ("name","id") VALUES ($1$,$2$) ON CONFLICT DO NOTHING RETURNING "id"

2025/02/13 14:39:11 /home/bryan/repos/skripsi/backend/seeder/seeder.go:148
[1.685ms] [rows:0] INSERT INTO "daily_playtimes" ("name","id") VALUES ($1$,$2$),($3$,$4$) ON CONFLICT DO NOTHING RETURNING "id"

2025/02/13 14:39:11 /home/bryan/repos/skripsi/backend/seeder/seeder.go:148
[11.870ms] [rows:3] INSERT INTO "pet_daycares" ("created_at","updated_at","deleted_at","name","address","latitude","longitude","price","pricing_type","description","has_pickup_service","must_be_vaccinated","food_provided","grooming_available","booked_num","daily_walks_id","daily_playtime_id","owner_id","food_brand") VALUES ($1$,$2$,$3$,$4$,$5$,$6$,$7$,$8$,$9$,$10$,$11$,$12$,$13$,$14$,$15$,$16$,$17$,$18$,$19$),($20$,$21$,$22$,$23$,$24$,$25$,$26$,$27$,$28$,$29$,$30$,$31$,$32$,$33$,$34$,$35$,$36$,$37$,$38$),($39$,$40$,$41$,$42$,$43$,$44$,$45$,$46$,$47$,$48$,$49$,$50$,$51$,$52$,$53$,$54$,$55$,$56$,$57$) RETURNING "id"

2025/02/13 14:39:11 /home/bryan/repos/skripsi/backend/seeder/seeder.go:158
[5.908ms] [rows:3] INSERT INTO "slots" ("created_at","updated_at","deleted_at","daycare_id","species_id","size_category_id","max_number") VALUES ($1$,$2$,$3$,$4$,$5$,$6$,$7$),($8$,$9$,$10$,$11$,$12$,$13$,$14$),($15$,$16$,$17$,$18$,$19$,$20$,$21$) RETURNING "id"

2025/02/13 14:39:11 /home/bryan/repos/skripsi/backend/seeder/seeder.go:172
[11.019ms] [rows:2] INSERT INTO "pets" ("created_at","updated_at","deleted_at","name","image_url","status","owner_id","species_id","size_id") VALUES ($1$,$2$,$3$,$4$,$5$,$6$,$7$,$8$,$9$),($10$,$11$,$12$,$13$,$14$,$15$,$16$,$17$,$18$) RETURNING "id"

2025/02/13 14:39:11 /home/bryan/repos/skripsi/backend/seeder/seeder.go:189
[11.991ms] [rows:2] INSERT INTO "booked_slots" ("created_at","updated_at","deleted_at","user_id","daycare_id","pet_id","start_date","end_date") VALUES ($1$,$2$,$3$,$4$,$5$,$6$,$7$,$8$),($9$,$10$,$11$,$12$,$13$,$14$,$15$,$16$) RETURNING "id"

2025/02/13 14:39:11 /home/bryan/repos/skripsi/backend/seeder/seeder.go:205
[6.384ms] [rows:3] INSERT INTO "reviews" ("created_at","updated_at","deleted_at","daycare_id","user_id","name","rate","description") VALUES ($1$,$2$,$3$,$4$,$5$,$6$,$7$,$8$),($9$,$10$,$11$,$12$,$13$,$14$,$15$,$16$),($17$,$18$,$19$,$20$,$21$,$22$,$23$,$24$) RETURNING "id"

2025/02/13 14:39:11 /home/bryan/repos/skripsi/backend/seeder/seeder.go:213
[4.165ms] [rows:1] INSERT INTO "reduce_slots" ("slot_id","reduced_count","target_date") VALUES ($1$,$2$,$3$) RETURNING "id"

2025/02/13 14:39:11 /home/bryan/repos/skripsi/backend/seeder/seeder.go:222
[4.737ms] [rows:2] INSERT INTO "thumbnails" ("daycare_id","image_url") VALUES ($1$,$2$),($3$,$4$) RETURNING "id"

2025/02/13 14:39:11 /home/bryan/repos/skripsi/backend/seeder/seeder.go:230
[6.524ms] [rows:1] INSERT INTO "transactions" ("pet_daycare_id","booked_slot_id","status") VALUES ($1$,$2$,$3$) RETURNING "created_at","id"

2025/02/13 14:39:11 /home/bryan/repos/skripsi/backend/setup/setup.go:78
[18.545ms] [rows:1] SELECT count(*) FROM information_schema.tables WHERE table_schema = CURRENT_SCHEMA() AND table_name = 'roles' AND table_type = 'BASE TABLE'

2025/02/13 14:39:11 /home/bryan/repos/skripsi/backend/setup/setup.go:78
[1.899ms] [rows:1] SELECT CURRENT_DATABASE()

2025/02/13 14:39:12 /home/bryan/repos/skripsi/backend/setup/setup.go:78
[39.534ms] [rows:-] SELECT c.column_name, c.is_nullable = 'YES', c.udt_name, c.character_maximum_length, c.numeric_precision, c.numeric_precision_radix, c.numeric_scale, c.datetime_precision, 8 * typlen, c.column_default, pd.description, c.identity_increment FROM information_schema.columns AS c JOIN pg_type AS pgt ON c.udt_name = pgt.typname LEFT JOIN pg_catalog.pg_description as pd ON pd.objsubid = c.ordinal_position AND pd.objoid = (SELECT oid FROM pg_catalog.pg_class WHERE relname = c.table_name AND relnamespace = (SELECT oid FROM pg_catalog.pg_namespace WHERE nspname = c.table_schema)) where table_catalog = $1$ AND table_schema = CURRENT_SCHEMA() AND table_name = $2$

2025/02/13 14:39:12 /home/bryan/repos/skripsi/backend/setup/setup.go:78
[0.934ms] [rows:-] SELECT * FROM "roles" LIMIT $1$

2025/02/13 14:39:12 /home/bryan/repos/skripsi/backend/setup/setup.go:78
[22.751ms] [rows:-] SELECT constraint_name FROM information_schema.table_constraints tc JOIN information_schema.constraint_column_usage AS ccu USING (constraint_schema, constraint_catalog, table_name, constraint_name) JOIN information_schema.columns AS c ON c.table_schema = tc.constraint_schema AND tc.table_name = c.table_name AND ccu.column_name = c.column_name WHERE constraint_type IN ('PRIMARY KEY', 'UNIQUE') AND c.table_catalog = $1$ AND c.table_schema = CURRENT_SCHEMA() AND c.table_name = $2$ AND constraint_type = $3$

2025/02/13 14:39:12 /home/bryan/repos/skripsi/backend/setup/setup.go:78
[19.734ms] [rows:-] SELECT c.column_name, constraint_name, constraint_type FROM information_schema.table_constraints tc JOIN information_schema.constraint_column_usage AS ccu USING (constraint_schema, constraint_catalog, table_name, constraint_name) JOIN information_schema.columns AS c ON c.table_schema = tc.constraint_schema AND tc.table_name = c.table_name AND ccu.column_name = c.column_name WHERE constraint_type IN ('PRIMARY KEY', 'UNIQUE') AND c.table_catalog = $1$ AND c.table_schema = CURRENT_SCHEMA() AND c.table_name = $2$

2025/02/13 14:39:12 /home/bryan/repos/skripsi/backend/setup/setup.go:78
[2.713ms] [rows:-] SELECT a.attname as column_name, format_type(a.atttypid, a.atttypmod) AS data_type
		FROM pg_attribute a JOIN pg_class b ON a.attrelid = b.oid AND relnamespace = (SELECT oid FROM pg_catalog.pg_namespace WHERE nspname = CURRENT_SCHEMA())
		WHERE a.attnum > 0 -- hide internal columns
		AND NOT a.attisdropped -- hide deleted columns
		AND b.relname = $1$

2025/02/13 14:39:12 /home/bryan/repos/skripsi/backend/setup/setup.go:78
[7.479ms] [rows:0] SELECT description FROM pg_catalog.pg_description WHERE objsubid = (SELECT ordinal_position FROM information_schema.columns WHERE table_schema = CURRENT_SCHEMA() AND table_name = 'roles' AND column_name = 'id') AND objoid = (SELECT oid FROM pg_catalog.pg_class WHERE relname = 'roles' AND relnamespace = (SELECT oid FROM pg_catalog.pg_namespace WHERE nspname = CURRENT_SCHEMA()))

2025/02/13 14:39:12 /home/bryan/repos/skripsi/backend/setup/setup.go:78
[6.335ms] [rows:0] SELECT description FROM pg_catalog.pg_description WHERE objsubid = (SELECT ordinal_position FROM information_schema.columns WHERE table_schema = CURRENT_SCHEMA() AND table_name = 'roles' AND column_name = 'name') AND objoid = (SELECT oid FROM pg_catalog.pg_class WHERE relname = 'roles' AND relnamespace = (SELECT oid FROM pg_catalog.pg_namespace WHERE nspname = CURRENT_SCHEMA()))

2025/02/13 14:39:12 /home/bryan/repos/skripsi/backend/setup/setup.go:78
[2.880ms] [rows:1] SELECT count(*) FROM information_schema.tables WHERE table_schema = CURRENT_SCHEMA() AND table_name = 'users' AND table_type = 'BASE TABLE'

2025/02/13 14:39:12 /home/bryan/repos/skripsi/backend/setup/setup.go:78
[0.895ms] [rows:1] SELECT CURRENT_DATABASE()

2025/02/13 14:39:12 /home/bryan/repos/skripsi/backend/setup/setup.go:78
[16.644ms] [rows:-] SELECT c.column_name, c.is_nullable = 'YES', c.udt_name, c.character_maximum_length, c.numeric_precision, c.numeric_precision_radix, c.numeric_scale, c.datetime_precision, 8 * typlen, c.column_default, pd.description, c.identity_increment FROM information_schema.columns AS c JOIN pg_type AS pgt ON c.udt_name = pgt.typname LEFT JOIN pg_catalog.pg_description as pd ON pd.objsubid = c.ordinal_position AND pd.objoid = (SELECT oid FROM pg_catalog.pg_class WHERE relname = c.table_name AND relnamespace = (SELECT oid FROM pg_catalog.pg_namespace WHERE nspname = c.table_schema)) where table_catalog = $1$ AND table_schema = CURRENT_SCHEMA() AND table_name = $2$

2025/02/13 14:39:12 /home/bryan/repos/skripsi/backend/setup/setup.go:78
[0.962ms] [rows:-] SELECT * FROM "users" LIMIT $1$

2025/02/13 14:39:12 /home/bryan/repos/skripsi/backend/setup/setup.go:78
[18.611ms] [rows:-] SELECT constraint_name FROM information_schema.table_constraints tc JOIN information_schema.constraint_column_usage AS ccu USING (constraint_schema, constraint_catalog, table_name, constraint_name) JOIN information_schema.columns AS c ON c.table_schema = tc.constraint_schema AND tc.table_name = c.table_name AND ccu.column_name = c.column_name WHERE constraint_type IN ('PRIMARY KEY', 'UNIQUE') AND c.table_catalog = $1$ AND c.table_schema = CURRENT_SCHEMA() AND c.table_name = $2$ AND constraint_type = $3$

2025/02/13 14:39:12 /home/bryan/repos/skripsi/backend/setup/setup.go:78
[18.325ms] [rows:-] SELECT c.column_name, constraint_name, constraint_type FROM information_schema.table_constraints tc JOIN information_schema.constraint_column_usage AS ccu USING (constraint_schema, constraint_catalog, table_name, constraint_name) JOIN information_schema.columns AS c ON c.table_schema = tc.constraint_schema AND tc.table_name = c.table_name AND ccu.column_name = c.column_name WHERE constraint_type IN ('PRIMARY KEY', 'UNIQUE') AND c.table_catalog = $1$ AND c.table_schema = CURRENT_SCHEMA() AND c.table_name = $2$

2025/02/13 14:39:12 /home/bryan/repos/skripsi/backend/setup/setup.go:78
[1.751ms] [rows:-] SELECT a.attname as column_name, format_type(a.atttypid, a.atttypmod) AS data_type
		FROM pg_attribute a JOIN pg_class b ON a.attrelid = b.oid AND relnamespace = (SELECT oid FROM pg_catalog.pg_namespace WHERE nspname = CURRENT_SCHEMA())
		WHERE a.attnum > 0 -- hide internal columns
		AND NOT a.attisdropped -- hide deleted columns
		AND b.relname = $1$

2025/02/13 14:39:12 /home/bryan/repos/skripsi/backend/setup/setup.go:78
[5.950ms] [rows:0] SELECT description FROM pg_catalog.pg_description WHERE objsubid = (SELECT ordinal_position FROM information_schema.columns WHERE table_schema = CURRENT_SCHEMA() AND table_name = 'users' AND column_name = 'id') AND objoid = (SELECT oid FROM pg_catalog.pg_class WHERE relname = 'users' AND relnamespace = (SELECT oid FROM pg_catalog.pg_namespace WHERE nspname = CURRENT_SCHEMA()))

2025/02/13 14:39:12 /home/bryan/repos/skripsi/backend/setup/setup.go:78
[5.676ms] [rows:0] SELECT description FROM pg_catalog.pg_description WHERE objsubid = (SELECT ordinal_position FROM information_schema.columns WHERE table_schema = CURRENT_SCHEMA() AND table_name = 'users' AND column_name = 'created_at') AND objoid = (SELECT oid FROM pg_catalog.pg_class WHERE relname = 'users' AND relnamespace = (SELECT oid FROM pg_catalog.pg_namespace WHERE nspname = CURRENT_SCHEMA()))

2025/02/13 14:39:12 /home/bryan/repos/skripsi/backend/setup/setup.go:78
[5.801ms] [rows:0] SELECT description FROM pg_catalog.pg_description WHERE objsubid = (SELECT ordinal_position FROM information_schema.columns WHERE table_schema = CURRENT_SCHEMA() AND table_name = 'users' AND column_name = 'updated_at') AND objoid = (SELECT oid FROM pg_catalog.pg_class WHERE relname = 'users' AND relnamespace = (SELECT oid FROM pg_catalog.pg_namespace WHERE nspname = CURRENT_SCHEMA()))

2025/02/13 14:39:12 /home/bryan/repos/skripsi/backend/setup/setup.go:78
[5.794ms] [rows:0] SELECT description FROM pg_catalog.pg_description WHERE objsubid = (SELECT ordinal_position FROM information_schema.columns WHERE table_schema = CURRENT_SCHEMA() AND table_name = 'users' AND column_name = 'deleted_at') AND objoid = (SELECT oid FROM pg_catalog.pg_class WHERE relname = 'users' AND relnamespace = (SELECT oid FROM pg_catalog.pg_namespace WHERE nspname = CURRENT_SCHEMA()))

2025/02/13 14:39:12 /home/bryan/repos/skripsi/backend/setup/setup.go:78
[1.530ms] [rows:0] SELECT description FROM pg_catalog.pg_description WHERE objsubid = (SELECT ordinal_position FROM information_schema.columns WHERE table_schema = CURRENT_SCHEMA() AND table_name = 'users' AND column_name = 'name') AND objoid = (SELECT oid FROM pg_catalog.pg_class WHERE relname = 'users' AND relnamespace = (SELECT oid FROM pg_catalog.pg_namespace WHERE nspname = CURRENT_SCHEMA()))

2025/02/13 14:39:12 /home/bryan/repos/skripsi/backend/setup/setup.go:78
[1.387ms] [rows:0] SELECT description FROM pg_catalog.pg_description WHERE objsubid = (SELECT ordinal_position FROM information_schema.columns WHERE table_schema = CURRENT_SCHEMA() AND table_name = 'users' AND column_name = 'email') AND objoid = (SELECT oid FROM pg_catalog.pg_class WHERE relname = 'users' AND relnamespace = (SELECT oid FROM pg_catalog.pg_namespace WHERE nspname = CURRENT_SCHEMA()))

2025/02/13 14:39:12 /home/bryan/repos/skripsi/backend/setup/setup.go:78
[1.377ms] [rows:0] SELECT description FROM pg_catalog.pg_description WHERE objsubid = (SELECT ordinal_position FROM information_schema.columns WHERE table_schema = CURRENT_SCHEMA() AND table_name = 'users' AND column_name = 'password') AND objoid = (SELECT oid FROM pg_catalog.pg_class WHERE relname = 'users' AND relnamespace = (SELECT oid FROM pg_catalog.pg_namespace WHERE nspname = CURRENT_SCHEMA()))

2025/02/13 14:39:12 /home/bryan/repos/skripsi/backend/setup/setup.go:78
[1.448ms] [rows:0] SELECT description FROM pg_catalog.pg_description WHERE objsubid = (SELECT ordinal_position FROM information_schema.columns WHERE table_schema = CURRENT_SCHEMA() AND table_name = 'users' AND column_name = 'image_url') AND objoid = (SELECT oid FROM pg_catalog.pg_class WHERE relname = 'users' AND relnamespace = (SELECT oid FROM pg_catalog.pg_namespace WHERE nspname = CURRENT_SCHEMA()))

2025/02/13 14:39:12 /home/bryan/repos/skripsi/backend/setup/setup.go:78
[1.496ms] [rows:0] SELECT description FROM pg_catalog.pg_description WHERE objsubid = (SELECT ordinal_position FROM information_schema.columns WHERE table_schema = CURRENT_SCHEMA() AND table_name = 'users' AND column_name = 'role_id') AND objoid = (SELECT oid FROM pg_catalog.pg_class WHERE relname = 'users' AND relnamespace = (SELECT oid FROM pg_catalog.pg_namespace WHERE nspname = CURRENT_SCHEMA()))

2025/02/13 14:39:12 /home/bryan/repos/skripsi/backend/setup/setup.go:78
[4.802ms] [rows:1] SELECT count(*) FROM INFORMATION_SCHEMA.table_constraints WHERE table_schema = CURRENT_SCHEMA() AND table_name = 'users' AND constraint_name = 'fk_roles_users'

2025/02/13 14:39:12 /home/bryan/repos/skripsi/backend/setup/setup.go:78
[5.709ms] [rows:1] SELECT count(*) FROM pg_indexes WHERE tablename = 'users' AND indexname = 'idx_users_deleted_at' AND schemaname = CURRENT_SCHEMA()

2025/02/13 14:39:12 /home/bryan/repos/skripsi/backend/setup/setup.go:78
[2.092ms] [rows:1] SELECT count(*) FROM information_schema.tables WHERE table_schema = CURRENT_SCHEMA() AND table_name = 'vet_specialties' AND table_type = 'BASE TABLE'

2025/02/13 14:39:12 /home/bryan/repos/skripsi/backend/setup/setup.go:78
[0.802ms] [rows:1] SELECT CURRENT_DATABASE()

2025/02/13 14:39:12 /home/bryan/repos/skripsi/backend/setup/setup.go:78
[11.292ms] [rows:-] SELECT c.column_name, c.is_nullable = 'YES', c.udt_name, c.character_maximum_length, c.numeric_precision, c.numeric_precision_radix, c.numeric_scale, c.datetime_precision, 8 * typlen, c.column_default, pd.description, c.identity_increment FROM information_schema.columns AS c JOIN pg_type AS pgt ON c.udt_name = pgt.typname LEFT JOIN pg_catalog.pg_description as pd ON pd.objsubid = c.ordinal_position AND pd.objoid = (SELECT oid FROM pg_catalog.pg_class WHERE relname = c.table_name AND relnamespace = (SELECT oid FROM pg_catalog.pg_namespace WHERE nspname = c.table_schema)) where table_catalog = $1$ AND table_schema = CURRENT_SCHEMA() AND table_name = $2$

2025/02/13 14:39:12 /home/bryan/repos/skripsi/backend/setup/setup.go:78
[0.922ms] [rows:-] SELECT * FROM "vet_specialties" LIMIT $1$

2025/02/13 14:39:12 /home/bryan/repos/skripsi/backend/setup/setup.go:78
[16.246ms] [rows:-] SELECT constraint_name FROM information_schema.table_constraints tc JOIN information_schema.constraint_column_usage AS ccu USING (constraint_schema, constraint_catalog, table_name, constraint_name) JOIN information_schema.columns AS c ON c.table_schema = tc.constraint_schema AND tc.table_name = c.table_name AND ccu.column_name = c.column_name WHERE constraint_type IN ('PRIMARY KEY', 'UNIQUE') AND c.table_catalog = $1$ AND c.table_schema = CURRENT_SCHEMA() AND c.table_name = $2$ AND constraint_type = $3$

2025/02/13 14:39:12 /home/bryan/repos/skripsi/backend/setup/setup.go:78
[16.113ms] [rows:-] SELECT c.column_name, constraint_name, constraint_type FROM information_schema.table_constraints tc JOIN information_schema.constraint_column_usage AS ccu USING (constraint_schema, constraint_catalog, table_name, constraint_name) JOIN information_schema.columns AS c ON c.table_schema = tc.constraint_schema AND tc.table_name = c.table_name AND ccu.column_name = c.column_name WHERE constraint_type IN ('PRIMARY KEY', 'UNIQUE') AND c.table_catalog = $1$ AND c.table_schema = CURRENT_SCHEMA() AND c.table_name = $2$

2025/02/13 14:39:12 /home/bryan/repos/skripsi/backend/setup/setup.go:78
[1.669ms] [rows:-] SELECT a.attname as column_name, format_type(a.atttypid, a.atttypmod) AS data_type
		FROM pg_attribute a JOIN pg_class b ON a.attrelid = b.oid AND relnamespace = (SELECT oid FROM pg_catalog.pg_namespace WHERE nspname = CURRENT_SCHEMA())
		WHERE a.attnum > 0 -- hide internal columns
		AND NOT a.attisdropped -- hide deleted columns
		AND b.relname = $1$

2025/02/13 14:39:12 /home/bryan/repos/skripsi/backend/setup/setup.go:78
[1.490ms] [rows:0] SELECT description FROM pg_catalog.pg_description WHERE objsubid = (SELECT ordinal_position FROM information_schema.columns WHERE table_schema = CURRENT_SCHEMA() AND table_name = 'vet_specialties' AND column_name = 'id') AND objoid = (SELECT oid FROM pg_catalog.pg_class WHERE relname = 'vet_specialties' AND relnamespace = (SELECT oid FROM pg_catalog.pg_namespace WHERE nspname = CURRENT_SCHEMA()))

2025/02/13 14:39:12 /home/bryan/repos/skripsi/backend/setup/setup.go:78
[1.506ms] [rows:0] SELECT description FROM pg_catalog.pg_description WHERE objsubid = (SELECT ordinal_position FROM information_schema.columns WHERE table_schema = CURRENT_SCHEMA() AND table_name = 'vet_specialties' AND column_name = 'name') AND objoid = (SELECT oid FROM pg_catalog.pg_class WHERE relname = 'vet_specialties' AND relnamespace = (SELECT oid FROM pg_catalog.pg_namespace WHERE nspname = CURRENT_SCHEMA()))

2025/02/13 14:39:12 /home/bryan/repos/skripsi/backend/setup/setup.go:78
[2.112ms] [rows:1] SELECT count(*) FROM information_schema.tables WHERE table_schema = CURRENT_SCHEMA() AND table_name = 'user_vet_specialties' AND table_type = 'BASE TABLE'

2025/02/13 14:39:12 /home/bryan/repos/skripsi/backend/setup/setup.go:78
[0.956ms] [rows:1] SELECT CURRENT_DATABASE()

2025/02/13 14:39:12 /home/bryan/repos/skripsi/backend/setup/setup.go:78
[10.892ms] [rows:-] SELECT c.column_name, c.is_nullable = 'YES', c.udt_name, c.character_maximum_length, c.numeric_precision, c.numeric_precision_radix, c.numeric_scale, c.datetime_precision, 8 * typlen, c.column_default, pd.description, c.identity_increment FROM information_schema.columns AS c JOIN pg_type AS pgt ON c.udt_name = pgt.typname LEFT JOIN pg_catalog.pg_description as pd ON pd.objsubid = c.ordinal_position AND pd.objoid = (SELECT oid FROM pg_catalog.pg_class WHERE relname = c.table_name AND relnamespace = (SELECT oid FROM pg_catalog.pg_namespace WHERE nspname = c.table_schema)) where table_catalog = $1$ AND table_schema = CURRENT_SCHEMA() AND table_name = $2$

2025/02/13 14:39:12 /home/bryan/repos/skripsi/backend/setup/setup.go:78
[1.038ms] [rows:-] SELECT * FROM "user_vet_specialties" LIMIT $1$

2025/02/13 14:39:12 /home/bryan/repos/skripsi/backend/setup/setup.go:78
[15.448ms] [rows:-] SELECT constraint_name FROM information_schema.table_constraints tc JOIN information_schema.constraint_column_usage AS ccu USING (constraint_schema, constraint_catalog, table_name, constraint_name) JOIN information_schema.columns AS c ON c.table_schema = tc.constraint_schema AND tc.table_name = c.table_name AND ccu.column_name = c.column_name WHERE constraint_type IN ('PRIMARY KEY', 'UNIQUE') AND c.table_catalog = $1$ AND c.table_schema = CURRENT_SCHEMA() AND c.table_name = $2$ AND constraint_type = $3$

2025/02/13 14:39:12 /home/bryan/repos/skripsi/backend/setup/setup.go:78
[15.090ms] [rows:-] SELECT c.column_name, constraint_name, constraint_type FROM information_schema.table_constraints tc JOIN information_schema.constraint_column_usage AS ccu USING (constraint_schema, constraint_catalog, table_name, constraint_name) JOIN information_schema.columns AS c ON c.table_schema = tc.constraint_schema AND tc.table_name = c.table_name AND ccu.column_name = c.column_name WHERE constraint_type IN ('PRIMARY KEY', 'UNIQUE') AND c.table_catalog = $1$ AND c.table_schema = CURRENT_SCHEMA() AND c.table_name = $2$

2025/02/13 14:39:12 /home/bryan/repos/skripsi/backend/setup/setup.go:78
[1.505ms] [rows:-] SELECT a.attname as column_name, format_type(a.atttypid, a.atttypmod) AS data_type
		FROM pg_attribute a JOIN pg_class b ON a.attrelid = b.oid AND relnamespace = (SELECT oid FROM pg_catalog.pg_namespace WHERE nspname = CURRENT_SCHEMA())
		WHERE a.attnum > 0 -- hide internal columns
		AND NOT a.attisdropped -- hide deleted columns
		AND b.relname = $1$

2025/02/13 14:39:12 /home/bryan/repos/skripsi/backend/setup/setup.go:78
[1.555ms] [rows:0] SELECT description FROM pg_catalog.pg_description WHERE objsubid = (SELECT ordinal_position FROM information_schema.columns WHERE table_schema = CURRENT_SCHEMA() AND table_name = 'user_vet_specialties' AND column_name = 'user_id') AND objoid = (SELECT oid FROM pg_catalog.pg_class WHERE relname = 'user_vet_specialties' AND relnamespace = (SELECT oid FROM pg_catalog.pg_namespace WHERE nspname = CURRENT_SCHEMA()))

2025/02/13 14:39:12 /home/bryan/repos/skripsi/backend/setup/setup.go:78
[1.227ms] [rows:0] SELECT description FROM pg_catalog.pg_description WHERE objsubid = (SELECT ordinal_position FROM information_schema.columns WHERE table_schema = CURRENT_SCHEMA() AND table_name = 'user_vet_specialties' AND column_name = 'vet_specialty_id') AND objoid = (SELECT oid FROM pg_catalog.pg_class WHERE relname = 'user_vet_specialties' AND relnamespace = (SELECT oid FROM pg_catalog.pg_namespace WHERE nspname = CURRENT_SCHEMA()))

2025/02/13 14:39:12 /home/bryan/repos/skripsi/backend/setup/setup.go:78
[3.979ms] [rows:1] SELECT count(*) FROM INFORMATION_SCHEMA.table_constraints WHERE table_schema = CURRENT_SCHEMA() AND table_name = 'user_vet_specialties' AND constraint_name = 'fk_user_vet_specialties_user'

2025/02/13 14:39:12 /home/bryan/repos/skripsi/backend/setup/setup.go:78
[3.973ms] [rows:1] SELECT count(*) FROM INFORMATION_SCHEMA.table_constraints WHERE table_schema = CURRENT_SCHEMA() AND table_name = 'user_vet_specialties' AND constraint_name = 'fk_user_vet_specialties_vet_specialty'

2025/02/13 14:39:12 /home/bryan/repos/skripsi/backend/setup/setup.go:78
[2.152ms] [rows:1] SELECT count(*) FROM information_schema.tables WHERE table_schema = CURRENT_SCHEMA() AND table_name = 'daily_walks' AND table_type = 'BASE TABLE'

2025/02/13 14:39:12 /home/bryan/repos/skripsi/backend/setup/setup.go:78
[0.783ms] [rows:1] SELECT CURRENT_DATABASE()

2025/02/13 14:39:12 /home/bryan/repos/skripsi/backend/setup/setup.go:78
[12.760ms] [rows:-] SELECT c.column_name, c.is_nullable = 'YES', c.udt_name, c.character_maximum_length, c.numeric_precision, c.numeric_precision_radix, c.numeric_scale, c.datetime_precision, 8 * typlen, c.column_default, pd.description, c.identity_increment FROM information_schema.columns AS c JOIN pg_type AS pgt ON c.udt_name = pgt.typname LEFT JOIN pg_catalog.pg_description as pd ON pd.objsubid = c.ordinal_position AND pd.objoid = (SELECT oid FROM pg_catalog.pg_class WHERE relname = c.table_name AND relnamespace = (SELECT oid FROM pg_catalog.pg_namespace WHERE nspname = c.table_schema)) where table_catalog = $1$ AND table_schema = CURRENT_SCHEMA() AND table_name = $2$

2025/02/13 14:39:12 /home/bryan/repos/skripsi/backend/setup/setup.go:78
[1.017ms] [rows:-] SELECT * FROM "daily_walks" LIMIT $1$

2025/02/13 14:39:12 /home/bryan/repos/skripsi/backend/setup/setup.go:78
[23.970ms] [rows:-] SELECT constraint_name FROM information_schema.table_constraints tc JOIN information_schema.constraint_column_usage AS ccu USING (constraint_schema, constraint_catalog, table_name, constraint_name) JOIN information_schema.columns AS c ON c.table_schema = tc.constraint_schema AND tc.table_name = c.table_name AND ccu.column_name = c.column_name WHERE constraint_type IN ('PRIMARY KEY', 'UNIQUE') AND c.table_catalog = $1$ AND c.table_schema = CURRENT_SCHEMA() AND c.table_name = $2$ AND constraint_type = $3$

2025/02/13 14:39:12 /home/bryan/repos/skripsi/backend/setup/setup.go:78
[16.235ms] [rows:-] SELECT c.column_name, constraint_name, constraint_type FROM information_schema.table_constraints tc JOIN information_schema.constraint_column_usage AS ccu USING (constraint_schema, constraint_catalog, table_name, constraint_name) JOIN information_schema.columns AS c ON c.table_schema = tc.constraint_schema AND tc.table_name = c.table_name AND ccu.column_name = c.column_name WHERE constraint_type IN ('PRIMARY KEY', 'UNIQUE') AND c.table_catalog = $1$ AND c.table_schema = CURRENT_SCHEMA() AND c.table_name = $2$

2025/02/13 14:39:12 /home/bryan/repos/skripsi/backend/setup/setup.go:78
[1.873ms] [rows:-] SELECT a.attname as column_name, format_type(a.atttypid, a.atttypmod) AS data_type
		FROM pg_attribute a JOIN pg_class b ON a.attrelid = b.oid AND relnamespace = (SELECT oid FROM pg_catalog.pg_namespace WHERE nspname = CURRENT_SCHEMA())
		WHERE a.attnum > 0 -- hide internal columns
		AND NOT a.attisdropped -- hide deleted columns
		AND b.relname = $1$

2025/02/13 14:39:12 /home/bryan/repos/skripsi/backend/setup/setup.go:78
[1.920ms] [rows:0] SELECT description FROM pg_catalog.pg_description WHERE objsubid = (SELECT ordinal_position FROM information_schema.columns WHERE table_schema = CURRENT_SCHEMA() AND table_name = 'daily_walks' AND column_name = 'id') AND objoid = (SELECT oid FROM pg_catalog.pg_class WHERE relname = 'daily_walks' AND relnamespace = (SELECT oid FROM pg_catalog.pg_namespace WHERE nspname = CURRENT_SCHEMA()))

2025/02/13 14:39:12 /home/bryan/repos/skripsi/backend/setup/setup.go:78
[1.708ms] [rows:0] SELECT description FROM pg_catalog.pg_description WHERE objsubid = (SELECT ordinal_position FROM information_schema.columns WHERE table_schema = CURRENT_SCHEMA() AND table_name = 'daily_walks' AND column_name = 'name') AND objoid = (SELECT oid FROM pg_catalog.pg_class WHERE relname = 'daily_walks' AND relnamespace = (SELECT oid FROM pg_catalog.pg_namespace WHERE nspname = CURRENT_SCHEMA()))

2025/02/13 14:39:12 /home/bryan/repos/skripsi/backend/setup/setup.go:78
[2.466ms] [rows:1] SELECT count(*) FROM information_schema.tables WHERE table_schema = CURRENT_SCHEMA() AND table_name = 'daily_playtimes' AND table_type = 'BASE TABLE'

2025/02/13 14:39:12 /home/bryan/repos/skripsi/backend/setup/setup.go:78
[0.832ms] [rows:1] SELECT CURRENT_DATABASE()

2025/02/13 14:39:12 /home/bryan/repos/skripsi/backend/setup/setup.go:78
[18.914ms] [rows:-] SELECT c.column_name, c.is_nullable = 'YES', c.udt_name, c.character_maximum_length, c.numeric_precision, c.numeric_precision_radix, c.numeric_scale, c.datetime_precision, 8 * typlen, c.column_default, pd.description, c.identity_increment FROM information_schema.columns AS c JOIN pg_type AS pgt ON c.udt_name = pgt.typname LEFT JOIN pg_catalog.pg_description as pd ON pd.objsubid = c.ordinal_position AND pd.objoid = (SELECT oid FROM pg_catalog.pg_class WHERE relname = c.table_name AND relnamespace = (SELECT oid FROM pg_catalog.pg_namespace WHERE nspname = c.table_schema)) where table_catalog = $1$ AND table_schema = CURRENT_SCHEMA() AND table_name = $2$

2025/02/13 14:39:12 /home/bryan/repos/skripsi/backend/setup/setup.go:78
[0.850ms] [rows:-] SELECT * FROM "daily_playtimes" LIMIT $1$

2025/02/13 14:39:12 /home/bryan/repos/skripsi/backend/setup/setup.go:78
[25.582ms] [rows:-] SELECT constraint_name FROM information_schema.table_constraints tc JOIN information_schema.constraint_column_usage AS ccu USING (constraint_schema, constraint_catalog, table_name, constraint_name) JOIN information_schema.columns AS c ON c.table_schema = tc.constraint_schema AND tc.table_name = c.table_name AND ccu.column_name = c.column_name WHERE constraint_type IN ('PRIMARY KEY', 'UNIQUE') AND c.table_catalog = $1$ AND c.table_schema = CURRENT_SCHEMA() AND c.table_name = $2$ AND constraint_type = $3$

2025/02/13 14:39:12 /home/bryan/repos/skripsi/backend/setup/setup.go:78
[17.894ms] [rows:-] SELECT c.column_name, constraint_name, constraint_type FROM information_schema.table_constraints tc JOIN information_schema.constraint_column_usage AS ccu USING (constraint_schema, constraint_catalog, table_name, constraint_name) JOIN information_schema.columns AS c ON c.table_schema = tc.constraint_schema AND tc.table_name = c.table_name AND ccu.column_name = c.column_name WHERE constraint_type IN ('PRIMARY KEY', 'UNIQUE') AND c.table_catalog = $1$ AND c.table_schema = CURRENT_SCHEMA() AND c.table_name = $2$

2025/02/13 14:39:12 /home/bryan/repos/skripsi/backend/setup/setup.go:78
[2.011ms] [rows:-] SELECT a.attname as column_name, format_type(a.atttypid, a.atttypmod) AS data_type
		FROM pg_attribute a JOIN pg_class b ON a.attrelid = b.oid AND relnamespace = (SELECT oid FROM pg_catalog.pg_namespace WHERE nspname = CURRENT_SCHEMA())
		WHERE a.attnum > 0 -- hide internal columns
		AND NOT a.attisdropped -- hide deleted columns
		AND b.relname = $1$

2025/02/13 14:39:12 /home/bryan/repos/skripsi/backend/setup/setup.go:78
[1.920ms] [rows:0] SELECT description FROM pg_catalog.pg_description WHERE objsubid = (SELECT ordinal_position FROM information_schema.columns WHERE table_schema = CURRENT_SCHEMA() AND table_name = 'daily_playtimes' AND column_name = 'id') AND objoid = (SELECT oid FROM pg_catalog.pg_class WHERE relname = 'daily_playtimes' AND relnamespace = (SELECT oid FROM pg_catalog.pg_namespace WHERE nspname = CURRENT_SCHEMA()))

2025/02/13 14:39:12 /home/bryan/repos/skripsi/backend/setup/setup.go:78
[1.528ms] [rows:0] SELECT description FROM pg_catalog.pg_description WHERE objsubid = (SELECT ordinal_position FROM information_schema.columns WHERE table_schema = CURRENT_SCHEMA() AND table_name = 'daily_playtimes' AND column_name = 'name') AND objoid = (SELECT oid FROM pg_catalog.pg_class WHERE relname = 'daily_playtimes' AND relnamespace = (SELECT oid FROM pg_catalog.pg_namespace WHERE nspname = CURRENT_SCHEMA()))

2025/02/13 14:39:12 /home/bryan/repos/skripsi/backend/setup/setup.go:78
[1.204ms] [rows:1] SELECT count(*) FROM information_schema.tables WHERE table_schema = CURRENT_SCHEMA() AND table_name = 'pet_daycares' AND table_type = 'BASE TABLE'

2025/02/13 14:39:12 /home/bryan/repos/skripsi/backend/setup/setup.go:78
[0.879ms] [rows:1] SELECT CURRENT_DATABASE()

2025/02/13 14:39:12 /home/bryan/repos/skripsi/backend/setup/setup.go:78
[5.120ms] [rows:-] SELECT c.column_name, c.is_nullable = 'YES', c.udt_name, c.character_maximum_length, c.numeric_precision, c.numeric_precision_radix, c.numeric_scale, c.datetime_precision, 8 * typlen, c.column_default, pd.description, c.identity_increment FROM information_schema.columns AS c JOIN pg_type AS pgt ON c.udt_name = pgt.typname LEFT JOIN pg_catalog.pg_description as pd ON pd.objsubid = c.ordinal_position AND pd.objoid = (SELECT oid FROM pg_catalog.pg_class WHERE relname = c.table_name AND relnamespace = (SELECT oid FROM pg_catalog.pg_namespace WHERE nspname = c.table_schema)) where table_catalog = $1$ AND table_schema = CURRENT_SCHEMA() AND table_name = $2$

2025/02/13 14:39:12 /home/bryan/repos/skripsi/backend/setup/setup.go:78
[1.720ms] [rows:-] SELECT * FROM "pet_daycares" LIMIT $1$

2025/02/13 14:39:12 /home/bryan/repos/skripsi/backend/setup/setup.go:78
[8.276ms] [rows:-] SELECT constraint_name FROM information_schema.table_constraints tc JOIN information_schema.constraint_column_usage AS ccu USING (constraint_schema, constraint_catalog, table_name, constraint_name) JOIN information_schema.columns AS c ON c.table_schema = tc.constraint_schema AND tc.table_name = c.table_name AND ccu.column_name = c.column_name WHERE constraint_type IN ('PRIMARY KEY', 'UNIQUE') AND c.table_catalog = $1$ AND c.table_schema = CURRENT_SCHEMA() AND c.table_name = $2$ AND constraint_type = $3$

2025/02/13 14:39:12 /home/bryan/repos/skripsi/backend/setup/setup.go:78
[7.711ms] [rows:-] SELECT c.column_name, constraint_name, constraint_type FROM information_schema.table_constraints tc JOIN information_schema.constraint_column_usage AS ccu USING (constraint_schema, constraint_catalog, table_name, constraint_name) JOIN information_schema.columns AS c ON c.table_schema = tc.constraint_schema AND tc.table_name = c.table_name AND ccu.column_name = c.column_name WHERE constraint_type IN ('PRIMARY KEY', 'UNIQUE') AND c.table_catalog = $1$ AND c.table_schema = CURRENT_SCHEMA() AND c.table_name = $2$

2025/02/13 14:39:12 /home/bryan/repos/skripsi/backend/setup/setup.go:78
[2.004ms] [rows:-] SELECT a.attname as column_name, format_type(a.atttypid, a.atttypmod) AS data_type
		FROM pg_attribute a JOIN pg_class b ON a.attrelid = b.oid AND relnamespace = (SELECT oid FROM pg_catalog.pg_namespace WHERE nspname = CURRENT_SCHEMA())
		WHERE a.attnum > 0 -- hide internal columns
		AND NOT a.attisdropped -- hide deleted columns
		AND b.relname = $1$

2025/02/13 14:39:12 /home/bryan/repos/skripsi/backend/setup/setup.go:78
[1.824ms] [rows:0] SELECT description FROM pg_catalog.pg_description WHERE objsubid = (SELECT ordinal_position FROM information_schema.columns WHERE table_schema = CURRENT_SCHEMA() AND table_name = 'pet_daycares' AND column_name = 'id') AND objoid = (SELECT oid FROM pg_catalog.pg_class WHERE relname = 'pet_daycares' AND relnamespace = (SELECT oid FROM pg_catalog.pg_namespace WHERE nspname = CURRENT_SCHEMA()))

2025/02/13 14:39:12 /home/bryan/repos/skripsi/backend/setup/setup.go:78
[1.536ms] [rows:0] SELECT description FROM pg_catalog.pg_description WHERE objsubid = (SELECT ordinal_position FROM information_schema.columns WHERE table_schema = CURRENT_SCHEMA() AND table_name = 'pet_daycares' AND column_name = 'created_at') AND objoid = (SELECT oid FROM pg_catalog.pg_class WHERE relname = 'pet_daycares' AND relnamespace = (SELECT oid FROM pg_catalog.pg_namespace WHERE nspname = CURRENT_SCHEMA()))

2025/02/13 14:39:12 /home/bryan/repos/skripsi/backend/setup/setup.go:78
[1.474ms] [rows:0] SELECT description FROM pg_catalog.pg_description WHERE objsubid = (SELECT ordinal_position FROM information_schema.columns WHERE table_schema = CURRENT_SCHEMA() AND table_name = 'pet_daycares' AND column_name = 'updated_at') AND objoid = (SELECT oid FROM pg_catalog.pg_class WHERE relname = 'pet_daycares' AND relnamespace = (SELECT oid FROM pg_catalog.pg_namespace WHERE nspname = CURRENT_SCHEMA()))

2025/02/13 14:39:12 /home/bryan/repos/skripsi/backend/setup/setup.go:78
[1.476ms] [rows:0] SELECT description FROM pg_catalog.pg_description WHERE objsubid = (SELECT ordinal_position FROM information_schema.columns WHERE table_schema = CURRENT_SCHEMA() AND table_name = 'pet_daycares' AND column_name = 'deleted_at') AND objoid = (SELECT oid FROM pg_catalog.pg_class WHERE relname = 'pet_daycares' AND relnamespace = (SELECT oid FROM pg_catalog.pg_namespace WHERE nspname = CURRENT_SCHEMA()))

2025/02/13 14:39:12 /home/bryan/repos/skripsi/backend/setup/setup.go:78
[1.533ms] [rows:0] SELECT description FROM pg_catalog.pg_description WHERE objsubid = (SELECT ordinal_position FROM information_schema.columns WHERE table_schema = CURRENT_SCHEMA() AND table_name = 'pet_daycares' AND column_name = 'name') AND objoid = (SELECT oid FROM pg_catalog.pg_class WHERE relname = 'pet_daycares' AND relnamespace = (SELECT oid FROM pg_catalog.pg_namespace WHERE nspname = CURRENT_SCHEMA()))

2025/02/13 14:39:12 /home/bryan/repos/skripsi/backend/setup/setup.go:78
[1.506ms] [rows:0] SELECT description FROM pg_catalog.pg_description WHERE objsubid = (SELECT ordinal_position FROM information_schema.columns WHERE table_schema = CURRENT_SCHEMA() AND table_name = 'pet_daycares' AND column_name = 'address') AND objoid = (SELECT oid FROM pg_catalog.pg_class WHERE relname = 'pet_daycares' AND relnamespace = (SELECT oid FROM pg_catalog.pg_namespace WHERE nspname = CURRENT_SCHEMA()))

2025/02/13 14:39:12 /home/bryan/repos/skripsi/backend/setup/setup.go:78
[1.595ms] [rows:0] SELECT description FROM pg_catalog.pg_description WHERE objsubid = (SELECT ordinal_position FROM information_schema.columns WHERE table_schema = CURRENT_SCHEMA() AND table_name = 'pet_daycares' AND column_name = 'latitude') AND objoid = (SELECT oid FROM pg_catalog.pg_class WHERE relname = 'pet_daycares' AND relnamespace = (SELECT oid FROM pg_catalog.pg_namespace WHERE nspname = CURRENT_SCHEMA()))

2025/02/13 14:39:12 /home/bryan/repos/skripsi/backend/setup/setup.go:78
[1.475ms] [rows:0] SELECT description FROM pg_catalog.pg_description WHERE objsubid = (SELECT ordinal_position FROM information_schema.columns WHERE table_schema = CURRENT_SCHEMA() AND table_name = 'pet_daycares' AND column_name = 'longitude') AND objoid = (SELECT oid FROM pg_catalog.pg_class WHERE relname = 'pet_daycares' AND relnamespace = (SELECT oid FROM pg_catalog.pg_namespace WHERE nspname = CURRENT_SCHEMA()))

2025/02/13 14:39:12 /home/bryan/repos/skripsi/backend/setup/setup.go:78
[1.769ms] [rows:0] SELECT description FROM pg_catalog.pg_description WHERE objsubid = (SELECT ordinal_position FROM information_schema.columns WHERE table_schema = CURRENT_SCHEMA() AND table_name = 'pet_daycares' AND column_name = 'price') AND objoid = (SELECT oid FROM pg_catalog.pg_class WHERE relname = 'pet_daycares' AND relnamespace = (SELECT oid FROM pg_catalog.pg_namespace WHERE nspname = CURRENT_SCHEMA()))

2025/02/13 14:39:12 /home/bryan/repos/skripsi/backend/setup/setup.go:78
[1.597ms] [rows:0] SELECT description FROM pg_catalog.pg_description WHERE objsubid = (SELECT ordinal_position FROM information_schema.columns WHERE table_schema = CURRENT_SCHEMA() AND table_name = 'pet_daycares' AND column_name = 'pricing_type') AND objoid = (SELECT oid FROM pg_catalog.pg_class WHERE relname = 'pet_daycares' AND relnamespace = (SELECT oid FROM pg_catalog.pg_namespace WHERE nspname = CURRENT_SCHEMA()))

2025/02/13 14:39:12 /home/bryan/repos/skripsi/backend/setup/setup.go:78
[1.615ms] [rows:0] SELECT description FROM pg_catalog.pg_description WHERE objsubid = (SELECT ordinal_position FROM information_schema.columns WHERE table_schema = CURRENT_SCHEMA() AND table_name = 'pet_daycares' AND column_name = 'description') AND objoid = (SELECT oid FROM pg_catalog.pg_class WHERE relname = 'pet_daycares' AND relnamespace = (SELECT oid FROM pg_catalog.pg_namespace WHERE nspname = CURRENT_SCHEMA()))

2025/02/13 14:39:12 /home/bryan/repos/skripsi/backend/setup/setup.go:78
[1.480ms] [rows:0] SELECT description FROM pg_catalog.pg_description WHERE objsubid = (SELECT ordinal_position FROM information_schema.columns WHERE table_schema = CURRENT_SCHEMA() AND table_name = 'pet_daycares' AND column_name = 'has_pickup_service') AND objoid = (SELECT oid FROM pg_catalog.pg_class WHERE relname = 'pet_daycares' AND relnamespace = (SELECT oid FROM pg_catalog.pg_namespace WHERE nspname = CURRENT_SCHEMA()))

2025/02/13 14:39:12 /home/bryan/repos/skripsi/backend/setup/setup.go:78
[1.756ms] [rows:0] SELECT description FROM pg_catalog.pg_description WHERE objsubid = (SELECT ordinal_position FROM information_schema.columns WHERE table_schema = CURRENT_SCHEMA() AND table_name = 'pet_daycares' AND column_name = 'must_be_vaccinated') AND objoid = (SELECT oid FROM pg_catalog.pg_class WHERE relname = 'pet_daycares' AND relnamespace = (SELECT oid FROM pg_catalog.pg_namespace WHERE nspname = CURRENT_SCHEMA()))

2025/02/13 14:39:12 /home/bryan/repos/skripsi/backend/setup/setup.go:78
[1.733ms] [rows:0] SELECT description FROM pg_catalog.pg_description WHERE objsubid = (SELECT ordinal_position FROM information_schema.columns WHERE table_schema = CURRENT_SCHEMA() AND table_name = 'pet_daycares' AND column_name = 'food_provided') AND objoid = (SELECT oid FROM pg_catalog.pg_class WHERE relname = 'pet_daycares' AND relnamespace = (SELECT oid FROM pg_catalog.pg_namespace WHERE nspname = CURRENT_SCHEMA()))

2025/02/13 14:39:12 /home/bryan/repos/skripsi/backend/setup/setup.go:78
[1.669ms] [rows:0] SELECT description FROM pg_catalog.pg_description WHERE objsubid = (SELECT ordinal_position FROM information_schema.columns WHERE table_schema = CURRENT_SCHEMA() AND table_name = 'pet_daycares' AND column_name = 'grooming_available') AND objoid = (SELECT oid FROM pg_catalog.pg_class WHERE relname = 'pet_daycares' AND relnamespace = (SELECT oid FROM pg_catalog.pg_namespace WHERE nspname = CURRENT_SCHEMA()))

2025/02/13 14:39:12 /home/bryan/repos/skripsi/backend/setup/setup.go:78
[1.599ms] [rows:0] SELECT description FROM pg_catalog.pg_description WHERE objsubid = (SELECT ordinal_position FROM information_schema.columns WHERE table_schema = CURRENT_SCHEMA() AND table_name = 'pet_daycares' AND column_name = 'booked_num') AND objoid = (SELECT oid FROM pg_catalog.pg_class WHERE relname = 'pet_daycares' AND relnamespace = (SELECT oid FROM pg_catalog.pg_namespace WHERE nspname = CURRENT_SCHEMA()))

2025/02/13 14:39:12 /home/bryan/repos/skripsi/backend/setup/setup.go:78
[1.859ms] [rows:0] SELECT description FROM pg_catalog.pg_description WHERE objsubid = (SELECT ordinal_position FROM information_schema.columns WHERE table_schema = CURRENT_SCHEMA() AND table_name = 'pet_daycares' AND column_name = 'daily_walks_id') AND objoid = (SELECT oid FROM pg_catalog.pg_class WHERE relname = 'pet_daycares' AND relnamespace = (SELECT oid FROM pg_catalog.pg_namespace WHERE nspname = CURRENT_SCHEMA()))

2025/02/13 14:39:12 /home/bryan/repos/skripsi/backend/setup/setup.go:78
[1.653ms] [rows:0] SELECT description FROM pg_catalog.pg_description WHERE objsubid = (SELECT ordinal_position FROM information_schema.columns WHERE table_schema = CURRENT_SCHEMA() AND table_name = 'pet_daycares' AND column_name = 'daily_playtime_id') AND objoid = (SELECT oid FROM pg_catalog.pg_class WHERE relname = 'pet_daycares' AND relnamespace = (SELECT oid FROM pg_catalog.pg_namespace WHERE nspname = CURRENT_SCHEMA()))

2025/02/13 14:39:12 /home/bryan/repos/skripsi/backend/setup/setup.go:78
[1.674ms] [rows:0] SELECT description FROM pg_catalog.pg_description WHERE objsubid = (SELECT ordinal_position FROM information_schema.columns WHERE table_schema = CURRENT_SCHEMA() AND table_name = 'pet_daycares' AND column_name = 'owner_id') AND objoid = (SELECT oid FROM pg_catalog.pg_class WHERE relname = 'pet_daycares' AND relnamespace = (SELECT oid FROM pg_catalog.pg_namespace WHERE nspname = CURRENT_SCHEMA()))

2025/02/13 14:39:12 /home/bryan/repos/skripsi/backend/setup/setup.go:78
[1.491ms] [rows:0] SELECT description FROM pg_catalog.pg_description WHERE objsubid = (SELECT ordinal_position FROM information_schema.columns WHERE table_schema = CURRENT_SCHEMA() AND table_name = 'pet_daycares' AND column_name = 'food_brand') AND objoid = (SELECT oid FROM pg_catalog.pg_class WHERE relname = 'pet_daycares' AND relnamespace = (SELECT oid FROM pg_catalog.pg_namespace WHERE nspname = CURRENT_SCHEMA()))

2025/02/13 14:39:12 /home/bryan/repos/skripsi/backend/setup/setup.go:78
[3.994ms] [rows:1] SELECT count(*) FROM INFORMATION_SCHEMA.table_constraints WHERE table_schema = CURRENT_SCHEMA() AND table_name = 'pet_daycares' AND constraint_name = 'fk_pet_daycares_daily_playtime'

2025/02/13 14:39:12 /home/bryan/repos/skripsi/backend/setup/setup.go:78
[4.184ms] [rows:1] SELECT count(*) FROM INFORMATION_SCHEMA.table_constraints WHERE table_schema = CURRENT_SCHEMA() AND table_name = 'pet_daycares' AND constraint_name = 'fk_users_pet_daycare'

2025/02/13 14:39:12 /home/bryan/repos/skripsi/backend/setup/setup.go:78
[3.957ms] [rows:1] SELECT count(*) FROM INFORMATION_SCHEMA.table_constraints WHERE table_schema = CURRENT_SCHEMA() AND table_name = 'pet_daycares' AND constraint_name = 'fk_pet_daycares_daily_walks'

2025/02/13 14:39:12 /home/bryan/repos/skripsi/backend/setup/setup.go:78
[3.409ms] [rows:1] SELECT count(*) FROM pg_indexes WHERE tablename = 'pet_daycares' AND indexname = 'idx_pet_daycares_deleted_at' AND schemaname = CURRENT_SCHEMA()

2025/02/13 14:39:12 /home/bryan/repos/skripsi/backend/setup/setup.go:78
[1.129ms] [rows:1] SELECT count(*) FROM information_schema.tables WHERE table_schema = CURRENT_SCHEMA() AND table_name = 'size_categories' AND table_type = 'BASE TABLE'

2025/02/13 14:39:12 /home/bryan/repos/skripsi/backend/setup/setup.go:78
[0.806ms] [rows:1] SELECT CURRENT_DATABASE()

2025/02/13 14:39:12 /home/bryan/repos/skripsi/backend/setup/setup.go:78
[3.481ms] [rows:-] SELECT c.column_name, c.is_nullable = 'YES', c.udt_name, c.character_maximum_length, c.numeric_precision, c.numeric_precision_radix, c.numeric_scale, c.datetime_precision, 8 * typlen, c.column_default, pd.description, c.identity_increment FROM information_schema.columns AS c JOIN pg_type AS pgt ON c.udt_name = pgt.typname LEFT JOIN pg_catalog.pg_description as pd ON pd.objsubid = c.ordinal_position AND pd.objoid = (SELECT oid FROM pg_catalog.pg_class WHERE relname = c.table_name AND relnamespace = (SELECT oid FROM pg_catalog.pg_namespace WHERE nspname = c.table_schema)) where table_catalog = $1$ AND table_schema = CURRENT_SCHEMA() AND table_name = $2$

2025/02/13 14:39:12 /home/bryan/repos/skripsi/backend/setup/setup.go:78
[1.126ms] [rows:-] SELECT * FROM "size_categories" LIMIT $1$

2025/02/13 14:39:12 /home/bryan/repos/skripsi/backend/setup/setup.go:78
[3.223ms] [rows:-] SELECT constraint_name FROM information_schema.table_constraints tc JOIN information_schema.constraint_column_usage AS ccu USING (constraint_schema, constraint_catalog, table_name, constraint_name) JOIN information_schema.columns AS c ON c.table_schema = tc.constraint_schema AND tc.table_name = c.table_name AND ccu.column_name = c.column_name WHERE constraint_type IN ('PRIMARY KEY', 'UNIQUE') AND c.table_catalog = $1$ AND c.table_schema = CURRENT_SCHEMA() AND c.table_name = $2$ AND constraint_type = $3$

2025/02/13 14:39:12 /home/bryan/repos/skripsi/backend/setup/setup.go:78
[3.514ms] [rows:-] SELECT c.column_name, constraint_name, constraint_type FROM information_schema.table_constraints tc JOIN information_schema.constraint_column_usage AS ccu USING (constraint_schema, constraint_catalog, table_name, constraint_name) JOIN information_schema.columns AS c ON c.table_schema = tc.constraint_schema AND tc.table_name = c.table_name AND ccu.column_name = c.column_name WHERE constraint_type IN ('PRIMARY KEY', 'UNIQUE') AND c.table_catalog = $1$ AND c.table_schema = CURRENT_SCHEMA() AND c.table_name = $2$

2025/02/13 14:39:12 /home/bryan/repos/skripsi/backend/setup/setup.go:78
[1.703ms] [rows:-] SELECT a.attname as column_name, format_type(a.atttypid, a.atttypmod) AS data_type
		FROM pg_attribute a JOIN pg_class b ON a.attrelid = b.oid AND relnamespace = (SELECT oid FROM pg_catalog.pg_namespace WHERE nspname = CURRENT_SCHEMA())
		WHERE a.attnum > 0 -- hide internal columns
		AND NOT a.attisdropped -- hide deleted columns
		AND b.relname = $1$

2025/02/13 14:39:12 /home/bryan/repos/skripsi/backend/setup/setup.go:78
[2.449ms] [rows:0] SELECT description FROM pg_catalog.pg_description WHERE objsubid = (SELECT ordinal_position FROM information_schema.columns WHERE table_schema = CURRENT_SCHEMA() AND table_name = 'size_categories' AND column_name = 'id') AND objoid = (SELECT oid FROM pg_catalog.pg_class WHERE relname = 'size_categories' AND relnamespace = (SELECT oid FROM pg_catalog.pg_namespace WHERE nspname = CURRENT_SCHEMA()))

2025/02/13 14:39:12 /home/bryan/repos/skripsi/backend/setup/setup.go:78
[2.309ms] [rows:0] SELECT description FROM pg_catalog.pg_description WHERE objsubid = (SELECT ordinal_position FROM information_schema.columns WHERE table_schema = CURRENT_SCHEMA() AND table_name = 'size_categories' AND column_name = 'name') AND objoid = (SELECT oid FROM pg_catalog.pg_class WHERE relname = 'size_categories' AND relnamespace = (SELECT oid FROM pg_catalog.pg_namespace WHERE nspname = CURRENT_SCHEMA()))

2025/02/13 14:39:12 /home/bryan/repos/skripsi/backend/setup/setup.go:78
[2.470ms] [rows:0] SELECT description FROM pg_catalog.pg_description WHERE objsubid = (SELECT ordinal_position FROM information_schema.columns WHERE table_schema = CURRENT_SCHEMA() AND table_name = 'size_categories' AND column_name = 'min_weight') AND objoid = (SELECT oid FROM pg_catalog.pg_class WHERE relname = 'size_categories' AND relnamespace = (SELECT oid FROM pg_catalog.pg_namespace WHERE nspname = CURRENT_SCHEMA()))

2025/02/13 14:39:12 /home/bryan/repos/skripsi/backend/setup/setup.go:78
[3.047ms] [rows:0] SELECT description FROM pg_catalog.pg_description WHERE objsubid = (SELECT ordinal_position FROM information_schema.columns WHERE table_schema = CURRENT_SCHEMA() AND table_name = 'size_categories' AND column_name = 'max_weight') AND objoid = (SELECT oid FROM pg_catalog.pg_class WHERE relname = 'size_categories' AND relnamespace = (SELECT oid FROM pg_catalog.pg_namespace WHERE nspname = CURRENT_SCHEMA()))

2025/02/13 14:39:12 /home/bryan/repos/skripsi/backend/setup/setup.go:78
[2.322ms] [rows:1] SELECT count(*) FROM information_schema.tables WHERE table_schema = CURRENT_SCHEMA() AND table_name = 'species' AND table_type = 'BASE TABLE'

2025/02/13 14:39:12 /home/bryan/repos/skripsi/backend/setup/setup.go:78
[1.691ms] [rows:1] SELECT CURRENT_DATABASE()

2025/02/13 14:39:12 /home/bryan/repos/skripsi/backend/setup/setup.go:78
[5.972ms] [rows:-] SELECT c.column_name, c.is_nullable = 'YES', c.udt_name, c.character_maximum_length, c.numeric_precision, c.numeric_precision_radix, c.numeric_scale, c.datetime_precision, 8 * typlen, c.column_default, pd.description, c.identity_increment FROM information_schema.columns AS c JOIN pg_type AS pgt ON c.udt_name = pgt.typname LEFT JOIN pg_catalog.pg_description as pd ON pd.objsubid = c.ordinal_position AND pd.objoid = (SELECT oid FROM pg_catalog.pg_class WHERE relname = c.table_name AND relnamespace = (SELECT oid FROM pg_catalog.pg_namespace WHERE nspname = c.table_schema)) where table_catalog = $1$ AND table_schema = CURRENT_SCHEMA() AND table_name = $2$

2025/02/13 14:39:12 /home/bryan/repos/skripsi/backend/setup/setup.go:78
[1.706ms] [rows:-] SELECT * FROM "species" LIMIT $1$

2025/02/13 14:39:12 /home/bryan/repos/skripsi/backend/setup/setup.go:78
[5.050ms] [rows:-] SELECT constraint_name FROM information_schema.table_constraints tc JOIN information_schema.constraint_column_usage AS ccu USING (constraint_schema, constraint_catalog, table_name, constraint_name) JOIN information_schema.columns AS c ON c.table_schema = tc.constraint_schema AND tc.table_name = c.table_name AND ccu.column_name = c.column_name WHERE constraint_type IN ('PRIMARY KEY', 'UNIQUE') AND c.table_catalog = $1$ AND c.table_schema = CURRENT_SCHEMA() AND c.table_name = $2$ AND constraint_type = $3$

2025/02/13 14:39:12 /home/bryan/repos/skripsi/backend/setup/setup.go:78
[4.900ms] [rows:-] SELECT c.column_name, constraint_name, constraint_type FROM information_schema.table_constraints tc JOIN information_schema.constraint_column_usage AS ccu USING (constraint_schema, constraint_catalog, table_name, constraint_name) JOIN information_schema.columns AS c ON c.table_schema = tc.constraint_schema AND tc.table_name = c.table_name AND ccu.column_name = c.column_name WHERE constraint_type IN ('PRIMARY KEY', 'UNIQUE') AND c.table_catalog = $1$ AND c.table_schema = CURRENT_SCHEMA() AND c.table_name = $2$

2025/02/13 14:39:12 /home/bryan/repos/skripsi/backend/setup/setup.go:78
[2.139ms] [rows:-] SELECT a.attname as column_name, format_type(a.atttypid, a.atttypmod) AS data_type
		FROM pg_attribute a JOIN pg_class b ON a.attrelid = b.oid AND relnamespace = (SELECT oid FROM pg_catalog.pg_namespace WHERE nspname = CURRENT_SCHEMA())
		WHERE a.attnum > 0 -- hide internal columns
		AND NOT a.attisdropped -- hide deleted columns
		AND b.relname = $1$

2025/02/13 14:39:12 /home/bryan/repos/skripsi/backend/setup/setup.go:78
[3.001ms] [rows:0] SELECT description FROM pg_catalog.pg_description WHERE objsubid = (SELECT ordinal_position FROM information_schema.columns WHERE table_schema = CURRENT_SCHEMA() AND table_name = 'species' AND column_name = 'id') AND objoid = (SELECT oid FROM pg_catalog.pg_class WHERE relname = 'species' AND relnamespace = (SELECT oid FROM pg_catalog.pg_namespace WHERE nspname = CURRENT_SCHEMA()))

2025/02/13 14:39:12 /home/bryan/repos/skripsi/backend/setup/setup.go:78
[3.023ms] [rows:0] SELECT description FROM pg_catalog.pg_description WHERE objsubid = (SELECT ordinal_position FROM information_schema.columns WHERE table_schema = CURRENT_SCHEMA() AND table_name = 'species' AND column_name = 'name') AND objoid = (SELECT oid FROM pg_catalog.pg_class WHERE relname = 'species' AND relnamespace = (SELECT oid FROM pg_catalog.pg_namespace WHERE nspname = CURRENT_SCHEMA()))

2025/02/13 14:39:12 /home/bryan/repos/skripsi/backend/setup/setup.go:78
[2.392ms] [rows:1] SELECT count(*) FROM information_schema.tables WHERE table_schema = CURRENT_SCHEMA() AND table_name = 'pets' AND table_type = 'BASE TABLE'

2025/02/13 14:39:12 /home/bryan/repos/skripsi/backend/setup/setup.go:78
[1.556ms] [rows:1] SELECT CURRENT_DATABASE()

2025/02/13 14:39:12 /home/bryan/repos/skripsi/backend/setup/setup.go:78
[7.226ms] [rows:-] SELECT c.column_name, c.is_nullable = 'YES', c.udt_name, c.character_maximum_length, c.numeric_precision, c.numeric_precision_radix, c.numeric_scale, c.datetime_precision, 8 * typlen, c.column_default, pd.description, c.identity_increment FROM information_schema.columns AS c JOIN pg_type AS pgt ON c.udt_name = pgt.typname LEFT JOIN pg_catalog.pg_description as pd ON pd.objsubid = c.ordinal_position AND pd.objoid = (SELECT oid FROM pg_catalog.pg_class WHERE relname = c.table_name AND relnamespace = (SELECT oid FROM pg_catalog.pg_namespace WHERE nspname = c.table_schema)) where table_catalog = $1$ AND table_schema = CURRENT_SCHEMA() AND table_name = $2$

2025/02/13 14:39:12 /home/bryan/repos/skripsi/backend/setup/setup.go:78
[1.807ms] [rows:-] SELECT * FROM "pets" LIMIT $1$

2025/02/13 14:39:12 /home/bryan/repos/skripsi/backend/setup/setup.go:78
[7.203ms] [rows:-] SELECT constraint_name FROM information_schema.table_constraints tc JOIN information_schema.constraint_column_usage AS ccu USING (constraint_schema, constraint_catalog, table_name, constraint_name) JOIN information_schema.columns AS c ON c.table_schema = tc.constraint_schema AND tc.table_name = c.table_name AND ccu.column_name = c.column_name WHERE constraint_type IN ('PRIMARY KEY', 'UNIQUE') AND c.table_catalog = $1$ AND c.table_schema = CURRENT_SCHEMA() AND c.table_name = $2$ AND constraint_type = $3$

2025/02/13 14:39:12 /home/bryan/repos/skripsi/backend/setup/setup.go:78
[7.205ms] [rows:-] SELECT c.column_name, constraint_name, constraint_type FROM information_schema.table_constraints tc JOIN information_schema.constraint_column_usage AS ccu USING (constraint_schema, constraint_catalog, table_name, constraint_name) JOIN information_schema.columns AS c ON c.table_schema = tc.constraint_schema AND tc.table_name = c.table_name AND ccu.column_name = c.column_name WHERE constraint_type IN ('PRIMARY KEY', 'UNIQUE') AND c.table_catalog = $1$ AND c.table_schema = CURRENT_SCHEMA() AND c.table_name = $2$

2025/02/13 14:39:12 /home/bryan/repos/skripsi/backend/setup/setup.go:78
[2.322ms] [rows:-] SELECT a.attname as column_name, format_type(a.atttypid, a.atttypmod) AS data_type
		FROM pg_attribute a JOIN pg_class b ON a.attrelid = b.oid AND relnamespace = (SELECT oid FROM pg_catalog.pg_namespace WHERE nspname = CURRENT_SCHEMA())
		WHERE a.attnum > 0 -- hide internal columns
		AND NOT a.attisdropped -- hide deleted columns
		AND b.relname = $1$

2025/02/13 14:39:12 /home/bryan/repos/skripsi/backend/setup/setup.go:78
[3.184ms] [rows:0] SELECT description FROM pg_catalog.pg_description WHERE objsubid = (SELECT ordinal_position FROM information_schema.columns WHERE table_schema = CURRENT_SCHEMA() AND table_name = 'pets' AND column_name = 'id') AND objoid = (SELECT oid FROM pg_catalog.pg_class WHERE relname = 'pets' AND relnamespace = (SELECT oid FROM pg_catalog.pg_namespace WHERE nspname = CURRENT_SCHEMA()))

2025/02/13 14:39:12 /home/bryan/repos/skripsi/backend/setup/setup.go:78
[3.337ms] [rows:0] SELECT description FROM pg_catalog.pg_description WHERE objsubid = (SELECT ordinal_position FROM information_schema.columns WHERE table_schema = CURRENT_SCHEMA() AND table_name = 'pets' AND column_name = 'created_at') AND objoid = (SELECT oid FROM pg_catalog.pg_class WHERE relname = 'pets' AND relnamespace = (SELECT oid FROM pg_catalog.pg_namespace WHERE nspname = CURRENT_SCHEMA()))

2025/02/13 14:39:12 /home/bryan/repos/skripsi/backend/setup/setup.go:78
[3.350ms] [rows:0] SELECT description FROM pg_catalog.pg_description WHERE objsubid = (SELECT ordinal_position FROM information_schema.columns WHERE table_schema = CURRENT_SCHEMA() AND table_name = 'pets' AND column_name = 'updated_at') AND objoid = (SELECT oid FROM pg_catalog.pg_class WHERE relname = 'pets' AND relnamespace = (SELECT oid FROM pg_catalog.pg_namespace WHERE nspname = CURRENT_SCHEMA()))

2025/02/13 14:39:12 /home/bryan/repos/skripsi/backend/setup/setup.go:78
[3.468ms] [rows:0] SELECT description FROM pg_catalog.pg_description WHERE objsubid = (SELECT ordinal_position FROM information_schema.columns WHERE table_schema = CURRENT_SCHEMA() AND table_name = 'pets' AND column_name = 'deleted_at') AND objoid = (SELECT oid FROM pg_catalog.pg_class WHERE relname = 'pets' AND relnamespace = (SELECT oid FROM pg_catalog.pg_namespace WHERE nspname = CURRENT_SCHEMA()))

2025/02/13 14:39:12 /home/bryan/repos/skripsi/backend/setup/setup.go:78
[3.251ms] [rows:0] SELECT description FROM pg_catalog.pg_description WHERE objsubid = (SELECT ordinal_position FROM information_schema.columns WHERE table_schema = CURRENT_SCHEMA() AND table_name = 'pets' AND column_name = 'name') AND objoid = (SELECT oid FROM pg_catalog.pg_class WHERE relname = 'pets' AND relnamespace = (SELECT oid FROM pg_catalog.pg_namespace WHERE nspname = CURRENT_SCHEMA()))

2025/02/13 14:39:12 /home/bryan/repos/skripsi/backend/setup/setup.go:78
[2.800ms] [rows:0] SELECT description FROM pg_catalog.pg_description WHERE objsubid = (SELECT ordinal_position FROM information_schema.columns WHERE table_schema = CURRENT_SCHEMA() AND table_name = 'pets' AND column_name = 'image_url') AND objoid = (SELECT oid FROM pg_catalog.pg_class WHERE relname = 'pets' AND relnamespace = (SELECT oid FROM pg_catalog.pg_namespace WHERE nspname = CURRENT_SCHEMA()))

2025/02/13 14:39:12 /home/bryan/repos/skripsi/backend/setup/setup.go:78
[2.946ms] [rows:0] SELECT description FROM pg_catalog.pg_description WHERE objsubid = (SELECT ordinal_position FROM information_schema.columns WHERE table_schema = CURRENT_SCHEMA() AND table_name = 'pets' AND column_name = 'status') AND objoid = (SELECT oid FROM pg_catalog.pg_class WHERE relname = 'pets' AND relnamespace = (SELECT oid FROM pg_catalog.pg_namespace WHERE nspname = CURRENT_SCHEMA()))

2025/02/13 14:39:12 /home/bryan/repos/skripsi/backend/setup/setup.go:78
[2.556ms] [rows:0] SELECT description FROM pg_catalog.pg_description WHERE objsubid = (SELECT ordinal_position FROM information_schema.columns WHERE table_schema = CURRENT_SCHEMA() AND table_name = 'pets' AND column_name = 'owner_id') AND objoid = (SELECT oid FROM pg_catalog.pg_class WHERE relname = 'pets' AND relnamespace = (SELECT oid FROM pg_catalog.pg_namespace WHERE nspname = CURRENT_SCHEMA()))

2025/02/13 14:39:12 /home/bryan/repos/skripsi/backend/setup/setup.go:78
[2.776ms] [rows:0] SELECT description FROM pg_catalog.pg_description WHERE objsubid = (SELECT ordinal_position FROM information_schema.columns WHERE table_schema = CURRENT_SCHEMA() AND table_name = 'pets' AND column_name = 'species_id') AND objoid = (SELECT oid FROM pg_catalog.pg_class WHERE relname = 'pets' AND relnamespace = (SELECT oid FROM pg_catalog.pg_namespace WHERE nspname = CURRENT_SCHEMA()))

2025/02/13 14:39:12 /home/bryan/repos/skripsi/backend/setup/setup.go:78
[2.968ms] [rows:0] SELECT description FROM pg_catalog.pg_description WHERE objsubid = (SELECT ordinal_position FROM information_schema.columns WHERE table_schema = CURRENT_SCHEMA() AND table_name = 'pets' AND column_name = 'size_id') AND objoid = (SELECT oid FROM pg_catalog.pg_class WHERE relname = 'pets' AND relnamespace = (SELECT oid FROM pg_catalog.pg_namespace WHERE nspname = CURRENT_SCHEMA()))

2025/02/13 14:39:12 /home/bryan/repos/skripsi/backend/setup/setup.go:78
[2.539ms] [rows:1] SELECT count(*) FROM INFORMATION_SCHEMA.table_constraints WHERE table_schema = CURRENT_SCHEMA() AND table_name = 'pets' AND constraint_name = 'fk_pets_size_category'

2025/02/13 14:39:12 /home/bryan/repos/skripsi/backend/setup/setup.go:78
[2.579ms] [rows:1] SELECT count(*) FROM INFORMATION_SCHEMA.table_constraints WHERE table_schema = CURRENT_SCHEMA() AND table_name = 'pets' AND constraint_name = 'fk_users_pets'

2025/02/13 14:39:12 /home/bryan/repos/skripsi/backend/setup/setup.go:78
[2.471ms] [rows:1] SELECT count(*) FROM INFORMATION_SCHEMA.table_constraints WHERE table_schema = CURRENT_SCHEMA() AND table_name = 'pets' AND constraint_name = 'fk_pets_species'

2025/02/13 14:39:12 /home/bryan/repos/skripsi/backend/setup/setup.go:78
[7.280ms] [rows:1] SELECT count(*) FROM pg_indexes WHERE tablename = 'pets' AND indexname = 'idx_pets_deleted_at' AND schemaname = CURRENT_SCHEMA()

2025/02/13 14:39:12 /home/bryan/repos/skripsi/backend/setup/setup.go:78
[2.136ms] [rows:1] SELECT count(*) FROM information_schema.tables WHERE table_schema = CURRENT_SCHEMA() AND table_name = 'slots' AND table_type = 'BASE TABLE'

2025/02/13 14:39:12 /home/bryan/repos/skripsi/backend/setup/setup.go:78
[1.605ms] [rows:1] SELECT CURRENT_DATABASE()

2025/02/13 14:39:12 /home/bryan/repos/skripsi/backend/setup/setup.go:78
[7.516ms] [rows:-] SELECT c.column_name, c.is_nullable = 'YES', c.udt_name, c.character_maximum_length, c.numeric_precision, c.numeric_precision_radix, c.numeric_scale, c.datetime_precision, 8 * typlen, c.column_default, pd.description, c.identity_increment FROM information_schema.columns AS c JOIN pg_type AS pgt ON c.udt_name = pgt.typname LEFT JOIN pg_catalog.pg_description as pd ON pd.objsubid = c.ordinal_position AND pd.objoid = (SELECT oid FROM pg_catalog.pg_class WHERE relname = c.table_name AND relnamespace = (SELECT oid FROM pg_catalog.pg_namespace WHERE nspname = c.table_schema)) where table_catalog = $1$ AND table_schema = CURRENT_SCHEMA() AND table_name = $2$

2025/02/13 14:39:12 /home/bryan/repos/skripsi/backend/setup/setup.go:78
[2.350ms] [rows:-] SELECT * FROM "slots" LIMIT $1$

2025/02/13 14:39:12 /home/bryan/repos/skripsi/backend/setup/setup.go:78
[5.776ms] [rows:-] SELECT constraint_name FROM information_schema.table_constraints tc JOIN information_schema.constraint_column_usage AS ccu USING (constraint_schema, constraint_catalog, table_name, constraint_name) JOIN information_schema.columns AS c ON c.table_schema = tc.constraint_schema AND tc.table_name = c.table_name AND ccu.column_name = c.column_name WHERE constraint_type IN ('PRIMARY KEY', 'UNIQUE') AND c.table_catalog = $1$ AND c.table_schema = CURRENT_SCHEMA() AND c.table_name = $2$ AND constraint_type = $3$

2025/02/13 14:39:12 /home/bryan/repos/skripsi/backend/setup/setup.go:78
[5.750ms] [rows:-] SELECT c.column_name, constraint_name, constraint_type FROM information_schema.table_constraints tc JOIN information_schema.constraint_column_usage AS ccu USING (constraint_schema, constraint_catalog, table_name, constraint_name) JOIN information_schema.columns AS c ON c.table_schema = tc.constraint_schema AND tc.table_name = c.table_name AND ccu.column_name = c.column_name WHERE constraint_type IN ('PRIMARY KEY', 'UNIQUE') AND c.table_catalog = $1$ AND c.table_schema = CURRENT_SCHEMA() AND c.table_name = $2$

2025/02/13 14:39:12 /home/bryan/repos/skripsi/backend/setup/setup.go:78
[1.997ms] [rows:-] SELECT a.attname as column_name, format_type(a.atttypid, a.atttypmod) AS data_type
		FROM pg_attribute a JOIN pg_class b ON a.attrelid = b.oid AND relnamespace = (SELECT oid FROM pg_catalog.pg_namespace WHERE nspname = CURRENT_SCHEMA())
		WHERE a.attnum > 0 -- hide internal columns
		AND NOT a.attisdropped -- hide deleted columns
		AND b.relname = $1$

2025/02/13 14:39:12 /home/bryan/repos/skripsi/backend/setup/setup.go:78
[3.167ms] [rows:0] SELECT description FROM pg_catalog.pg_description WHERE objsubid = (SELECT ordinal_position FROM information_schema.columns WHERE table_schema = CURRENT_SCHEMA() AND table_name = 'slots' AND column_name = 'id') AND objoid = (SELECT oid FROM pg_catalog.pg_class WHERE relname = 'slots' AND relnamespace = (SELECT oid FROM pg_catalog.pg_namespace WHERE nspname = CURRENT_SCHEMA()))

2025/02/13 14:39:12 /home/bryan/repos/skripsi/backend/setup/setup.go:78
[3.340ms] [rows:0] SELECT description FROM pg_catalog.pg_description WHERE objsubid = (SELECT ordinal_position FROM information_schema.columns WHERE table_schema = CURRENT_SCHEMA() AND table_name = 'slots' AND column_name = 'created_at') AND objoid = (SELECT oid FROM pg_catalog.pg_class WHERE relname = 'slots' AND relnamespace = (SELECT oid FROM pg_catalog.pg_namespace WHERE nspname = CURRENT_SCHEMA()))

2025/02/13 14:39:12 /home/bryan/repos/skripsi/backend/setup/setup.go:78
[3.063ms] [rows:0] SELECT description FROM pg_catalog.pg_description WHERE objsubid = (SELECT ordinal_position FROM information_schema.columns WHERE table_schema = CURRENT_SCHEMA() AND table_name = 'slots' AND column_name = 'updated_at') AND objoid = (SELECT oid FROM pg_catalog.pg_class WHERE relname = 'slots' AND relnamespace = (SELECT oid FROM pg_catalog.pg_namespace WHERE nspname = CURRENT_SCHEMA()))

2025/02/13 14:39:12 /home/bryan/repos/skripsi/backend/setup/setup.go:78
[2.855ms] [rows:0] SELECT description FROM pg_catalog.pg_description WHERE objsubid = (SELECT ordinal_position FROM information_schema.columns WHERE table_schema = CURRENT_SCHEMA() AND table_name = 'slots' AND column_name = 'deleted_at') AND objoid = (SELECT oid FROM pg_catalog.pg_class WHERE relname = 'slots' AND relnamespace = (SELECT oid FROM pg_catalog.pg_namespace WHERE nspname = CURRENT_SCHEMA()))

2025/02/13 14:39:12 /home/bryan/repos/skripsi/backend/setup/setup.go:78
[3.098ms] [rows:0] SELECT description FROM pg_catalog.pg_description WHERE objsubid = (SELECT ordinal_position FROM information_schema.columns WHERE table_schema = CURRENT_SCHEMA() AND table_name = 'slots' AND column_name = 'daycare_id') AND objoid = (SELECT oid FROM pg_catalog.pg_class WHERE relname = 'slots' AND relnamespace = (SELECT oid FROM pg_catalog.pg_namespace WHERE nspname = CURRENT_SCHEMA()))

2025/02/13 14:39:12 /home/bryan/repos/skripsi/backend/setup/setup.go:78
[2.865ms] [rows:0] SELECT description FROM pg_catalog.pg_description WHERE objsubid = (SELECT ordinal_position FROM information_schema.columns WHERE table_schema = CURRENT_SCHEMA() AND table_name = 'slots' AND column_name = 'species_id') AND objoid = (SELECT oid FROM pg_catalog.pg_class WHERE relname = 'slots' AND relnamespace = (SELECT oid FROM pg_catalog.pg_namespace WHERE nspname = CURRENT_SCHEMA()))

2025/02/13 14:39:12 /home/bryan/repos/skripsi/backend/setup/setup.go:78
[2.696ms] [rows:0] SELECT description FROM pg_catalog.pg_description WHERE objsubid = (SELECT ordinal_position FROM information_schema.columns WHERE table_schema = CURRENT_SCHEMA() AND table_name = 'slots' AND column_name = 'size_category_id') AND objoid = (SELECT oid FROM pg_catalog.pg_class WHERE relname = 'slots' AND relnamespace = (SELECT oid FROM pg_catalog.pg_namespace WHERE nspname = CURRENT_SCHEMA()))

2025/02/13 14:39:12 /home/bryan/repos/skripsi/backend/setup/setup.go:78
[2.904ms] [rows:0] SELECT description FROM pg_catalog.pg_description WHERE objsubid = (SELECT ordinal_position FROM information_schema.columns WHERE table_schema = CURRENT_SCHEMA() AND table_name = 'slots' AND column_name = 'max_number') AND objoid = (SELECT oid FROM pg_catalog.pg_class WHERE relname = 'slots' AND relnamespace = (SELECT oid FROM pg_catalog.pg_namespace WHERE nspname = CURRENT_SCHEMA()))

2025/02/13 14:39:12 /home/bryan/repos/skripsi/backend/setup/setup.go:78
[2.498ms] [rows:1] SELECT count(*) FROM INFORMATION_SCHEMA.table_constraints WHERE table_schema = CURRENT_SCHEMA() AND table_name = 'slots' AND constraint_name = 'fk_pet_daycares_slots'

2025/02/13 14:39:12 /home/bryan/repos/skripsi/backend/setup/setup.go:78
[5.266ms] [rows:1] SELECT count(*) FROM pg_indexes WHERE tablename = 'slots' AND indexname = 'idx_slots_deleted_at' AND schemaname = CURRENT_SCHEMA()

2025/02/13 14:39:12 /home/bryan/repos/skripsi/backend/setup/setup.go:78
[2.065ms] [rows:1] SELECT count(*) FROM information_schema.tables WHERE table_schema = CURRENT_SCHEMA() AND table_name = 'booked_slots' AND table_type = 'BASE TABLE'

2025/02/13 14:39:12 /home/bryan/repos/skripsi/backend/setup/setup.go:78
[1.586ms] [rows:1] SELECT CURRENT_DATABASE()

2025/02/13 14:39:12 /home/bryan/repos/skripsi/backend/setup/setup.go:78
[7.593ms] [rows:-] SELECT c.column_name, c.is_nullable = 'YES', c.udt_name, c.character_maximum_length, c.numeric_precision, c.numeric_precision_radix, c.numeric_scale, c.datetime_precision, 8 * typlen, c.column_default, pd.description, c.identity_increment FROM information_schema.columns AS c JOIN pg_type AS pgt ON c.udt_name = pgt.typname LEFT JOIN pg_catalog.pg_description as pd ON pd.objsubid = c.ordinal_position AND pd.objoid = (SELECT oid FROM pg_catalog.pg_class WHERE relname = c.table_name AND relnamespace = (SELECT oid FROM pg_catalog.pg_namespace WHERE nspname = c.table_schema)) where table_catalog = $1$ AND table_schema = CURRENT_SCHEMA() AND table_name = $2$

2025/02/13 14:39:12 /home/bryan/repos/skripsi/backend/setup/setup.go:78
[1.980ms] [rows:-] SELECT * FROM "booked_slots" LIMIT $1$

2025/02/13 14:39:12 /home/bryan/repos/skripsi/backend/setup/setup.go:78
[7.029ms] [rows:-] SELECT constraint_name FROM information_schema.table_constraints tc JOIN information_schema.constraint_column_usage AS ccu USING (constraint_schema, constraint_catalog, table_name, constraint_name) JOIN information_schema.columns AS c ON c.table_schema = tc.constraint_schema AND tc.table_name = c.table_name AND ccu.column_name = c.column_name WHERE constraint_type IN ('PRIMARY KEY', 'UNIQUE') AND c.table_catalog = $1$ AND c.table_schema = CURRENT_SCHEMA() AND c.table_name = $2$ AND constraint_type = $3$

2025/02/13 14:39:12 /home/bryan/repos/skripsi/backend/setup/setup.go:78
[7.043ms] [rows:-] SELECT c.column_name, constraint_name, constraint_type FROM information_schema.table_constraints tc JOIN information_schema.constraint_column_usage AS ccu USING (constraint_schema, constraint_catalog, table_name, constraint_name) JOIN information_schema.columns AS c ON c.table_schema = tc.constraint_schema AND tc.table_name = c.table_name AND ccu.column_name = c.column_name WHERE constraint_type IN ('PRIMARY KEY', 'UNIQUE') AND c.table_catalog = $1$ AND c.table_schema = CURRENT_SCHEMA() AND c.table_name = $2$

2025/02/13 14:39:12 /home/bryan/repos/skripsi/backend/setup/setup.go:78
[2.040ms] [rows:-] SELECT a.attname as column_name, format_type(a.atttypid, a.atttypmod) AS data_type
		FROM pg_attribute a JOIN pg_class b ON a.attrelid = b.oid AND relnamespace = (SELECT oid FROM pg_catalog.pg_namespace WHERE nspname = CURRENT_SCHEMA())
		WHERE a.attnum > 0 -- hide internal columns
		AND NOT a.attisdropped -- hide deleted columns
		AND b.relname = $1$

2025/02/13 14:39:12 /home/bryan/repos/skripsi/backend/setup/setup.go:78
[2.868ms] [rows:0] SELECT description FROM pg_catalog.pg_description WHERE objsubid = (SELECT ordinal_position FROM information_schema.columns WHERE table_schema = CURRENT_SCHEMA() AND table_name = 'booked_slots' AND column_name = 'id') AND objoid = (SELECT oid FROM pg_catalog.pg_class WHERE relname = 'booked_slots' AND relnamespace = (SELECT oid FROM pg_catalog.pg_namespace WHERE nspname = CURRENT_SCHEMA()))

2025/02/13 14:39:12 /home/bryan/repos/skripsi/backend/setup/setup.go:78
[3.284ms] [rows:0] SELECT description FROM pg_catalog.pg_description WHERE objsubid = (SELECT ordinal_position FROM information_schema.columns WHERE table_schema = CURRENT_SCHEMA() AND table_name = 'booked_slots' AND column_name = 'created_at') AND objoid = (SELECT oid FROM pg_catalog.pg_class WHERE relname = 'booked_slots' AND relnamespace = (SELECT oid FROM pg_catalog.pg_namespace WHERE nspname = CURRENT_SCHEMA()))

2025/02/13 14:39:12 /home/bryan/repos/skripsi/backend/setup/setup.go:78
[3.099ms] [rows:0] SELECT description FROM pg_catalog.pg_description WHERE objsubid = (SELECT ordinal_position FROM information_schema.columns WHERE table_schema = CURRENT_SCHEMA() AND table_name = 'booked_slots' AND column_name = 'updated_at') AND objoid = (SELECT oid FROM pg_catalog.pg_class WHERE relname = 'booked_slots' AND relnamespace = (SELECT oid FROM pg_catalog.pg_namespace WHERE nspname = CURRENT_SCHEMA()))

2025/02/13 14:39:12 /home/bryan/repos/skripsi/backend/setup/setup.go:78
[3.550ms] [rows:0] SELECT description FROM pg_catalog.pg_description WHERE objsubid = (SELECT ordinal_position FROM information_schema.columns WHERE table_schema = CURRENT_SCHEMA() AND table_name = 'booked_slots' AND column_name = 'deleted_at') AND objoid = (SELECT oid FROM pg_catalog.pg_class WHERE relname = 'booked_slots' AND relnamespace = (SELECT oid FROM pg_catalog.pg_namespace WHERE nspname = CURRENT_SCHEMA()))

2025/02/13 14:39:12 /home/bryan/repos/skripsi/backend/setup/setup.go:78
[3.095ms] [rows:0] SELECT description FROM pg_catalog.pg_description WHERE objsubid = (SELECT ordinal_position FROM information_schema.columns WHERE table_schema = CURRENT_SCHEMA() AND table_name = 'booked_slots' AND column_name = 'user_id') AND objoid = (SELECT oid FROM pg_catalog.pg_class WHERE relname = 'booked_slots' AND relnamespace = (SELECT oid FROM pg_catalog.pg_namespace WHERE nspname = CURRENT_SCHEMA()))

2025/02/13 14:39:12 /home/bryan/repos/skripsi/backend/setup/setup.go:78
[2.981ms] [rows:0] SELECT description FROM pg_catalog.pg_description WHERE objsubid = (SELECT ordinal_position FROM information_schema.columns WHERE table_schema = CURRENT_SCHEMA() AND table_name = 'booked_slots' AND column_name = 'daycare_id') AND objoid = (SELECT oid FROM pg_catalog.pg_class WHERE relname = 'booked_slots' AND relnamespace = (SELECT oid FROM pg_catalog.pg_namespace WHERE nspname = CURRENT_SCHEMA()))

2025/02/13 14:39:12 /home/bryan/repos/skripsi/backend/setup/setup.go:78
[2.756ms] [rows:0] SELECT description FROM pg_catalog.pg_description WHERE objsubid = (SELECT ordinal_position FROM information_schema.columns WHERE table_schema = CURRENT_SCHEMA() AND table_name = 'booked_slots' AND column_name = 'pet_id') AND objoid = (SELECT oid FROM pg_catalog.pg_class WHERE relname = 'booked_slots' AND relnamespace = (SELECT oid FROM pg_catalog.pg_namespace WHERE nspname = CURRENT_SCHEMA()))

2025/02/13 14:39:12 /home/bryan/repos/skripsi/backend/setup/setup.go:78
[2.721ms] [rows:0] SELECT description FROM pg_catalog.pg_description WHERE objsubid = (SELECT ordinal_position FROM information_schema.columns WHERE table_schema = CURRENT_SCHEMA() AND table_name = 'booked_slots' AND column_name = 'start_date') AND objoid = (SELECT oid FROM pg_catalog.pg_class WHERE relname = 'booked_slots' AND relnamespace = (SELECT oid FROM pg_catalog.pg_namespace WHERE nspname = CURRENT_SCHEMA()))

2025/02/13 14:39:12 /home/bryan/repos/skripsi/backend/setup/setup.go:78
[2.994ms] [rows:0] SELECT description FROM pg_catalog.pg_description WHERE objsubid = (SELECT ordinal_position FROM information_schema.columns WHERE table_schema = CURRENT_SCHEMA() AND table_name = 'booked_slots' AND column_name = 'end_date') AND objoid = (SELECT oid FROM pg_catalog.pg_class WHERE relname = 'booked_slots' AND relnamespace = (SELECT oid FROM pg_catalog.pg_namespace WHERE nspname = CURRENT_SCHEMA()))

2025/02/13 14:39:12 /home/bryan/repos/skripsi/backend/setup/setup.go:78
[2.549ms] [rows:1] SELECT count(*) FROM INFORMATION_SCHEMA.table_constraints WHERE table_schema = CURRENT_SCHEMA() AND table_name = 'booked_slots' AND constraint_name = 'fk_booked_slots_user'

2025/02/13 14:39:12 /home/bryan/repos/skripsi/backend/setup/setup.go:78
[2.420ms] [rows:1] SELECT count(*) FROM INFORMATION_SCHEMA.table_constraints WHERE table_schema = CURRENT_SCHEMA() AND table_name = 'booked_slots' AND constraint_name = 'fk_pets_booked_slots'

2025/02/13 14:39:12 /home/bryan/repos/skripsi/backend/setup/setup.go:78
[2.907ms] [rows:1] SELECT count(*) FROM INFORMATION_SCHEMA.table_constraints WHERE table_schema = CURRENT_SCHEMA() AND table_name = 'booked_slots' AND constraint_name = 'fk_pet_daycares_booked_slots'

2025/02/13 14:39:12 /home/bryan/repos/skripsi/backend/setup/setup.go:78
[5.929ms] [rows:1] SELECT count(*) FROM pg_indexes WHERE tablename = 'booked_slots' AND indexname = 'idx_booked_slots_deleted_at' AND schemaname = CURRENT_SCHEMA()

2025/02/13 14:39:12 /home/bryan/repos/skripsi/backend/setup/setup.go:78
[2.228ms] [rows:1] SELECT count(*) FROM information_schema.tables WHERE table_schema = CURRENT_SCHEMA() AND table_name = 'thumbnails' AND table_type = 'BASE TABLE'

2025/02/13 14:39:12 /home/bryan/repos/skripsi/backend/setup/setup.go:78
[2.000ms] [rows:1] SELECT CURRENT_DATABASE()

2025/02/13 14:39:12 /home/bryan/repos/skripsi/backend/setup/setup.go:78
[6.465ms] [rows:-] SELECT c.column_name, c.is_nullable = 'YES', c.udt_name, c.character_maximum_length, c.numeric_precision, c.numeric_precision_radix, c.numeric_scale, c.datetime_precision, 8 * typlen, c.column_default, pd.description, c.identity_increment FROM information_schema.columns AS c JOIN pg_type AS pgt ON c.udt_name = pgt.typname LEFT JOIN pg_catalog.pg_description as pd ON pd.objsubid = c.ordinal_position AND pd.objoid = (SELECT oid FROM pg_catalog.pg_class WHERE relname = c.table_name AND relnamespace = (SELECT oid FROM pg_catalog.pg_namespace WHERE nspname = c.table_schema)) where table_catalog = $1$ AND table_schema = CURRENT_SCHEMA() AND table_name = $2$

2025/02/13 14:39:12 /home/bryan/repos/skripsi/backend/setup/setup.go:78
[1.995ms] [rows:-] SELECT * FROM "thumbnails" LIMIT $1$

2025/02/13 14:39:12 /home/bryan/repos/skripsi/backend/setup/setup.go:78
[4.878ms] [rows:-] SELECT constraint_name FROM information_schema.table_constraints tc JOIN information_schema.constraint_column_usage AS ccu USING (constraint_schema, constraint_catalog, table_name, constraint_name) JOIN information_schema.columns AS c ON c.table_schema = tc.constraint_schema AND tc.table_name = c.table_name AND ccu.column_name = c.column_name WHERE constraint_type IN ('PRIMARY KEY', 'UNIQUE') AND c.table_catalog = $1$ AND c.table_schema = CURRENT_SCHEMA() AND c.table_name = $2$ AND constraint_type = $3$

2025/02/13 14:39:12 /home/bryan/repos/skripsi/backend/setup/setup.go:78
[4.961ms] [rows:-] SELECT c.column_name, constraint_name, constraint_type FROM information_schema.table_constraints tc JOIN information_schema.constraint_column_usage AS ccu USING (constraint_schema, constraint_catalog, table_name, constraint_name) JOIN information_schema.columns AS c ON c.table_schema = tc.constraint_schema AND tc.table_name = c.table_name AND ccu.column_name = c.column_name WHERE constraint_type IN ('PRIMARY KEY', 'UNIQUE') AND c.table_catalog = $1$ AND c.table_schema = CURRENT_SCHEMA() AND c.table_name = $2$

2025/02/13 14:39:12 /home/bryan/repos/skripsi/backend/setup/setup.go:78
[1.721ms] [rows:-] SELECT a.attname as column_name, format_type(a.atttypid, a.atttypmod) AS data_type
		FROM pg_attribute a JOIN pg_class b ON a.attrelid = b.oid AND relnamespace = (SELECT oid FROM pg_catalog.pg_namespace WHERE nspname = CURRENT_SCHEMA())
		WHERE a.attnum > 0 -- hide internal columns
		AND NOT a.attisdropped -- hide deleted columns
		AND b.relname = $1$

2025/02/13 14:39:12 /home/bryan/repos/skripsi/backend/setup/setup.go:78
[2.750ms] [rows:0] SELECT description FROM pg_catalog.pg_description WHERE objsubid = (SELECT ordinal_position FROM information_schema.columns WHERE table_schema = CURRENT_SCHEMA() AND table_name = 'thumbnails' AND column_name = 'id') AND objoid = (SELECT oid FROM pg_catalog.pg_class WHERE relname = 'thumbnails' AND relnamespace = (SELECT oid FROM pg_catalog.pg_namespace WHERE nspname = CURRENT_SCHEMA()))

2025/02/13 14:39:12 /home/bryan/repos/skripsi/backend/setup/setup.go:78
[2.926ms] [rows:0] SELECT description FROM pg_catalog.pg_description WHERE objsubid = (SELECT ordinal_position FROM information_schema.columns WHERE table_schema = CURRENT_SCHEMA() AND table_name = 'thumbnails' AND column_name = 'daycare_id') AND objoid = (SELECT oid FROM pg_catalog.pg_class WHERE relname = 'thumbnails' AND relnamespace = (SELECT oid FROM pg_catalog.pg_namespace WHERE nspname = CURRENT_SCHEMA()))

2025/02/13 14:39:12 /home/bryan/repos/skripsi/backend/setup/setup.go:78
[2.922ms] [rows:0] SELECT description FROM pg_catalog.pg_description WHERE objsubid = (SELECT ordinal_position FROM information_schema.columns WHERE table_schema = CURRENT_SCHEMA() AND table_name = 'thumbnails' AND column_name = 'image_url') AND objoid = (SELECT oid FROM pg_catalog.pg_class WHERE relname = 'thumbnails' AND relnamespace = (SELECT oid FROM pg_catalog.pg_namespace WHERE nspname = CURRENT_SCHEMA()))

2025/02/13 14:39:12 /home/bryan/repos/skripsi/backend/setup/setup.go:78
[2.472ms] [rows:1] SELECT count(*) FROM INFORMATION_SCHEMA.table_constraints WHERE table_schema = CURRENT_SCHEMA() AND table_name = 'thumbnails' AND constraint_name = 'fk_pet_daycares_thumbnails'

2025/02/13 14:39:12 /home/bryan/repos/skripsi/backend/setup/setup.go:78
[2.065ms] [rows:1] SELECT count(*) FROM information_schema.tables WHERE table_schema = CURRENT_SCHEMA() AND table_name = 'reviews' AND table_type = 'BASE TABLE'

2025/02/13 14:39:12 /home/bryan/repos/skripsi/backend/setup/setup.go:78
[1.841ms] [rows:1] SELECT CURRENT_DATABASE()

2025/02/13 14:39:12 /home/bryan/repos/skripsi/backend/setup/setup.go:78
[8.199ms] [rows:-] SELECT c.column_name, c.is_nullable = 'YES', c.udt_name, c.character_maximum_length, c.numeric_precision, c.numeric_precision_radix, c.numeric_scale, c.datetime_precision, 8 * typlen, c.column_default, pd.description, c.identity_increment FROM information_schema.columns AS c JOIN pg_type AS pgt ON c.udt_name = pgt.typname LEFT JOIN pg_catalog.pg_description as pd ON pd.objsubid = c.ordinal_position AND pd.objoid = (SELECT oid FROM pg_catalog.pg_class WHERE relname = c.table_name AND relnamespace = (SELECT oid FROM pg_catalog.pg_namespace WHERE nspname = c.table_schema)) where table_catalog = $1$ AND table_schema = CURRENT_SCHEMA() AND table_name = $2$

2025/02/13 14:39:12 /home/bryan/repos/skripsi/backend/setup/setup.go:78
[2.113ms] [rows:-] SELECT * FROM "reviews" LIMIT $1$

2025/02/13 14:39:12 /home/bryan/repos/skripsi/backend/setup/setup.go:78
[6.058ms] [rows:-] SELECT constraint_name FROM information_schema.table_constraints tc JOIN information_schema.constraint_column_usage AS ccu USING (constraint_schema, constraint_catalog, table_name, constraint_name) JOIN information_schema.columns AS c ON c.table_schema = tc.constraint_schema AND tc.table_name = c.table_name AND ccu.column_name = c.column_name WHERE constraint_type IN ('PRIMARY KEY', 'UNIQUE') AND c.table_catalog = $1$ AND c.table_schema = CURRENT_SCHEMA() AND c.table_name = $2$ AND constraint_type = $3$

2025/02/13 14:39:12 /home/bryan/repos/skripsi/backend/setup/setup.go:78
[6.773ms] [rows:-] SELECT c.column_name, constraint_name, constraint_type FROM information_schema.table_constraints tc JOIN information_schema.constraint_column_usage AS ccu USING (constraint_schema, constraint_catalog, table_name, constraint_name) JOIN information_schema.columns AS c ON c.table_schema = tc.constraint_schema AND tc.table_name = c.table_name AND ccu.column_name = c.column_name WHERE constraint_type IN ('PRIMARY KEY', 'UNIQUE') AND c.table_catalog = $1$ AND c.table_schema = CURRENT_SCHEMA() AND c.table_name = $2$

2025/02/13 14:39:12 /home/bryan/repos/skripsi/backend/setup/setup.go:78
[1.960ms] [rows:-] SELECT a.attname as column_name, format_type(a.atttypid, a.atttypmod) AS data_type
		FROM pg_attribute a JOIN pg_class b ON a.attrelid = b.oid AND relnamespace = (SELECT oid FROM pg_catalog.pg_namespace WHERE nspname = CURRENT_SCHEMA())
		WHERE a.attnum > 0 -- hide internal columns
		AND NOT a.attisdropped -- hide deleted columns
		AND b.relname = $1$

2025/02/13 14:39:12 /home/bryan/repos/skripsi/backend/setup/setup.go:78
[3.035ms] [rows:0] SELECT description FROM pg_catalog.pg_description WHERE objsubid = (SELECT ordinal_position FROM information_schema.columns WHERE table_schema = CURRENT_SCHEMA() AND table_name = 'reviews' AND column_name = 'id') AND objoid = (SELECT oid FROM pg_catalog.pg_class WHERE relname = 'reviews' AND relnamespace = (SELECT oid FROM pg_catalog.pg_namespace WHERE nspname = CURRENT_SCHEMA()))

2025/02/13 14:39:12 /home/bryan/repos/skripsi/backend/setup/setup.go:78
[3.281ms] [rows:0] SELECT description FROM pg_catalog.pg_description WHERE objsubid = (SELECT ordinal_position FROM information_schema.columns WHERE table_schema = CURRENT_SCHEMA() AND table_name = 'reviews' AND column_name = 'created_at') AND objoid = (SELECT oid FROM pg_catalog.pg_class WHERE relname = 'reviews' AND relnamespace = (SELECT oid FROM pg_catalog.pg_namespace WHERE nspname = CURRENT_SCHEMA()))

2025/02/13 14:39:12 /home/bryan/repos/skripsi/backend/setup/setup.go:78
[3.351ms] [rows:0] SELECT description FROM pg_catalog.pg_description WHERE objsubid = (SELECT ordinal_position FROM information_schema.columns WHERE table_schema = CURRENT_SCHEMA() AND table_name = 'reviews' AND column_name = 'updated_at') AND objoid = (SELECT oid FROM pg_catalog.pg_class WHERE relname = 'reviews' AND relnamespace = (SELECT oid FROM pg_catalog.pg_namespace WHERE nspname = CURRENT_SCHEMA()))

2025/02/13 14:39:12 /home/bryan/repos/skripsi/backend/setup/setup.go:78
[3.023ms] [rows:0] SELECT description FROM pg_catalog.pg_description WHERE objsubid = (SELECT ordinal_position FROM information_schema.columns WHERE table_schema = CURRENT_SCHEMA() AND table_name = 'reviews' AND column_name = 'deleted_at') AND objoid = (SELECT oid FROM pg_catalog.pg_class WHERE relname = 'reviews' AND relnamespace = (SELECT oid FROM pg_catalog.pg_namespace WHERE nspname = CURRENT_SCHEMA()))

2025/02/13 14:39:12 /home/bryan/repos/skripsi/backend/setup/setup.go:78
[3.323ms] [rows:0] SELECT description FROM pg_catalog.pg_description WHERE objsubid = (SELECT ordinal_position FROM information_schema.columns WHERE table_schema = CURRENT_SCHEMA() AND table_name = 'reviews' AND column_name = 'daycare_id') AND objoid = (SELECT oid FROM pg_catalog.pg_class WHERE relname = 'reviews' AND relnamespace = (SELECT oid FROM pg_catalog.pg_namespace WHERE nspname = CURRENT_SCHEMA()))

2025/02/13 14:39:12 /home/bryan/repos/skripsi/backend/setup/setup.go:78
[3.108ms] [rows:0] SELECT description FROM pg_catalog.pg_description WHERE objsubid = (SELECT ordinal_position FROM information_schema.columns WHERE table_schema = CURRENT_SCHEMA() AND table_name = 'reviews' AND column_name = 'user_id') AND objoid = (SELECT oid FROM pg_catalog.pg_class WHERE relname = 'reviews' AND relnamespace = (SELECT oid FROM pg_catalog.pg_namespace WHERE nspname = CURRENT_SCHEMA()))

2025/02/13 14:39:12 /home/bryan/repos/skripsi/backend/setup/setup.go:78
[3.128ms] [rows:0] SELECT description FROM pg_catalog.pg_description WHERE objsubid = (SELECT ordinal_position FROM information_schema.columns WHERE table_schema = CURRENT_SCHEMA() AND table_name = 'reviews' AND column_name = 'name') AND objoid = (SELECT oid FROM pg_catalog.pg_class WHERE relname = 'reviews' AND relnamespace = (SELECT oid FROM pg_catalog.pg_namespace WHERE nspname = CURRENT_SCHEMA()))

2025/02/13 14:39:12 /home/bryan/repos/skripsi/backend/setup/setup.go:78
[2.881ms] [rows:0] SELECT description FROM pg_catalog.pg_description WHERE objsubid = (SELECT ordinal_position FROM information_schema.columns WHERE table_schema = CURRENT_SCHEMA() AND table_name = 'reviews' AND column_name = 'rate') AND objoid = (SELECT oid FROM pg_catalog.pg_class WHERE relname = 'reviews' AND relnamespace = (SELECT oid FROM pg_catalog.pg_namespace WHERE nspname = CURRENT_SCHEMA()))

2025/02/13 14:39:12 /home/bryan/repos/skripsi/backend/setup/setup.go:78
[3.258ms] [rows:0] SELECT description FROM pg_catalog.pg_description WHERE objsubid = (SELECT ordinal_position FROM information_schema.columns WHERE table_schema = CURRENT_SCHEMA() AND table_name = 'reviews' AND column_name = 'description') AND objoid = (SELECT oid FROM pg_catalog.pg_class WHERE relname = 'reviews' AND relnamespace = (SELECT oid FROM pg_catalog.pg_namespace WHERE nspname = CURRENT_SCHEMA()))

2025/02/13 14:39:12 /home/bryan/repos/skripsi/backend/setup/setup.go:78
[2.369ms] [rows:1] SELECT count(*) FROM INFORMATION_SCHEMA.table_constraints WHERE table_schema = CURRENT_SCHEMA() AND table_name = 'reviews' AND constraint_name = 'fk_pet_daycares_reviews'

2025/02/13 14:39:12 /home/bryan/repos/skripsi/backend/setup/setup.go:78
[2.492ms] [rows:1] SELECT count(*) FROM INFORMATION_SCHEMA.table_constraints WHERE table_schema = CURRENT_SCHEMA() AND table_name = 'reviews' AND constraint_name = 'fk_users_reviews'

2025/02/13 14:39:12 /home/bryan/repos/skripsi/backend/setup/setup.go:78
[5.532ms] [rows:1] SELECT count(*) FROM pg_indexes WHERE tablename = 'reviews' AND indexname = 'idx_reviews_deleted_at' AND schemaname = CURRENT_SCHEMA()

2025/02/13 14:39:12 /home/bryan/repos/skripsi/backend/setup/setup.go:78
[2.259ms] [rows:1] SELECT count(*) FROM information_schema.tables WHERE table_schema = CURRENT_SCHEMA() AND table_name = 'refresh_tokens' AND table_type = 'BASE TABLE'

2025/02/13 14:39:12 /home/bryan/repos/skripsi/backend/setup/setup.go:78
[1.526ms] [rows:1] SELECT CURRENT_DATABASE()

2025/02/13 14:39:12 /home/bryan/repos/skripsi/backend/setup/setup.go:78
[7.442ms] [rows:-] SELECT c.column_name, c.is_nullable = 'YES', c.udt_name, c.character_maximum_length, c.numeric_precision, c.numeric_precision_radix, c.numeric_scale, c.datetime_precision, 8 * typlen, c.column_default, pd.description, c.identity_increment FROM information_schema.columns AS c JOIN pg_type AS pgt ON c.udt_name = pgt.typname LEFT JOIN pg_catalog.pg_description as pd ON pd.objsubid = c.ordinal_position AND pd.objoid = (SELECT oid FROM pg_catalog.pg_class WHERE relname = c.table_name AND relnamespace = (SELECT oid FROM pg_catalog.pg_namespace WHERE nspname = c.table_schema)) where table_catalog = $1$ AND table_schema = CURRENT_SCHEMA() AND table_name = $2$

2025/02/13 14:39:12 /home/bryan/repos/skripsi/backend/setup/setup.go:78
[3.207ms] [rows:-] SELECT * FROM "refresh_tokens" LIMIT $1$

2025/02/13 14:39:12 /home/bryan/repos/skripsi/backend/setup/setup.go:78
[6.174ms] [rows:-] SELECT constraint_name FROM information_schema.table_constraints tc JOIN information_schema.constraint_column_usage AS ccu USING (constraint_schema, constraint_catalog, table_name, constraint_name) JOIN information_schema.columns AS c ON c.table_schema = tc.constraint_schema AND tc.table_name = c.table_name AND ccu.column_name = c.column_name WHERE constraint_type IN ('PRIMARY KEY', 'UNIQUE') AND c.table_catalog = $1$ AND c.table_schema = CURRENT_SCHEMA() AND c.table_name = $2$ AND constraint_type = $3$

2025/02/13 14:39:12 /home/bryan/repos/skripsi/backend/setup/setup.go:78
[6.449ms] [rows:-] SELECT c.column_name, constraint_name, constraint_type FROM information_schema.table_constraints tc JOIN information_schema.constraint_column_usage AS ccu USING (constraint_schema, constraint_catalog, table_name, constraint_name) JOIN information_schema.columns AS c ON c.table_schema = tc.constraint_schema AND tc.table_name = c.table_name AND ccu.column_name = c.column_name WHERE constraint_type IN ('PRIMARY KEY', 'UNIQUE') AND c.table_catalog = $1$ AND c.table_schema = CURRENT_SCHEMA() AND c.table_name = $2$

2025/02/13 14:39:12 /home/bryan/repos/skripsi/backend/setup/setup.go:78
[2.111ms] [rows:-] SELECT a.attname as column_name, format_type(a.atttypid, a.atttypmod) AS data_type
		FROM pg_attribute a JOIN pg_class b ON a.attrelid = b.oid AND relnamespace = (SELECT oid FROM pg_catalog.pg_namespace WHERE nspname = CURRENT_SCHEMA())
		WHERE a.attnum > 0 -- hide internal columns
		AND NOT a.attisdropped -- hide deleted columns
		AND b.relname = $1$

2025/02/13 14:39:12 /home/bryan/repos/skripsi/backend/setup/setup.go:78
[2.335ms] [rows:0] SELECT description FROM pg_catalog.pg_description WHERE objsubid = (SELECT ordinal_position FROM information_schema.columns WHERE table_schema = CURRENT_SCHEMA() AND table_name = 'refresh_tokens' AND column_name = 'id') AND objoid = (SELECT oid FROM pg_catalog.pg_class WHERE relname = 'refresh_tokens' AND relnamespace = (SELECT oid FROM pg_catalog.pg_namespace WHERE nspname = CURRENT_SCHEMA()))

2025/02/13 14:39:12 /home/bryan/repos/skripsi/backend/setup/setup.go:78
[2.227ms] [rows:0] SELECT description FROM pg_catalog.pg_description WHERE objsubid = (SELECT ordinal_position FROM information_schema.columns WHERE table_schema = CURRENT_SCHEMA() AND table_name = 'refresh_tokens' AND column_name = 'created_at') AND objoid = (SELECT oid FROM pg_catalog.pg_class WHERE relname = 'refresh_tokens' AND relnamespace = (SELECT oid FROM pg_catalog.pg_namespace WHERE nspname = CURRENT_SCHEMA()))

2025/02/13 14:39:12 /home/bryan/repos/skripsi/backend/setup/setup.go:78
[2.343ms] [rows:0] SELECT description FROM pg_catalog.pg_description WHERE objsubid = (SELECT ordinal_position FROM information_schema.columns WHERE table_schema = CURRENT_SCHEMA() AND table_name = 'refresh_tokens' AND column_name = 'updated_at') AND objoid = (SELECT oid FROM pg_catalog.pg_class WHERE relname = 'refresh_tokens' AND relnamespace = (SELECT oid FROM pg_catalog.pg_namespace WHERE nspname = CURRENT_SCHEMA()))

2025/02/13 14:39:12 /home/bryan/repos/skripsi/backend/setup/setup.go:78
[2.182ms] [rows:0] SELECT description FROM pg_catalog.pg_description WHERE objsubid = (SELECT ordinal_position FROM information_schema.columns WHERE table_schema = CURRENT_SCHEMA() AND table_name = 'refresh_tokens' AND column_name = 'deleted_at') AND objoid = (SELECT oid FROM pg_catalog.pg_class WHERE relname = 'refresh_tokens' AND relnamespace = (SELECT oid FROM pg_catalog.pg_namespace WHERE nspname = CURRENT_SCHEMA()))

2025/02/13 14:39:12 /home/bryan/repos/skripsi/backend/setup/setup.go:78
[1.737ms] [rows:0] SELECT description FROM pg_catalog.pg_description WHERE objsubid = (SELECT ordinal_position FROM information_schema.columns WHERE table_schema = CURRENT_SCHEMA() AND table_name = 'refresh_tokens' AND column_name = 'user_id') AND objoid = (SELECT oid FROM pg_catalog.pg_class WHERE relname = 'refresh_tokens' AND relnamespace = (SELECT oid FROM pg_catalog.pg_namespace WHERE nspname = CURRENT_SCHEMA()))

2025/02/13 14:39:12 /home/bryan/repos/skripsi/backend/setup/setup.go:78
[1.884ms] [rows:0] SELECT description FROM pg_catalog.pg_description WHERE objsubid = (SELECT ordinal_position FROM information_schema.columns WHERE table_schema = CURRENT_SCHEMA() AND table_name = 'refresh_tokens' AND column_name = 'token') AND objoid = (SELECT oid FROM pg_catalog.pg_class WHERE relname = 'refresh_tokens' AND relnamespace = (SELECT oid FROM pg_catalog.pg_namespace WHERE nspname = CURRENT_SCHEMA()))

2025/02/13 14:39:12 /home/bryan/repos/skripsi/backend/setup/setup.go:78
[1.845ms] [rows:0] SELECT description FROM pg_catalog.pg_description WHERE objsubid = (SELECT ordinal_position FROM information_schema.columns WHERE table_schema = CURRENT_SCHEMA() AND table_name = 'refresh_tokens' AND column_name = 'expires_at') AND objoid = (SELECT oid FROM pg_catalog.pg_class WHERE relname = 'refresh_tokens' AND relnamespace = (SELECT oid FROM pg_catalog.pg_namespace WHERE nspname = CURRENT_SCHEMA()))

2025/02/13 14:39:12 /home/bryan/repos/skripsi/backend/setup/setup.go:78
[1.334ms] [rows:1] SELECT count(*) FROM pg_indexes WHERE tablename = 'refresh_tokens' AND indexname = 'idx_refresh_tokens_deleted_at' AND schemaname = CURRENT_SCHEMA()

2025/02/13 14:39:12 /home/bryan/repos/skripsi/backend/setup/setup.go:78
[1.314ms] [rows:1] SELECT count(*) FROM pg_indexes WHERE tablename = 'refresh_tokens' AND indexname = 'idx_refresh_tokens_user_id' AND schemaname = CURRENT_SCHEMA()

2025/02/13 14:39:12 /home/bryan/repos/skripsi/backend/setup/setup.go:78
[1.065ms] [rows:1] SELECT count(*) FROM information_schema.tables WHERE table_schema = CURRENT_SCHEMA() AND table_name = 'transactions' AND table_type = 'BASE TABLE'

2025/02/13 14:39:12 /home/bryan/repos/skripsi/backend/setup/setup.go:78
[0.797ms] [rows:1] SELECT CURRENT_DATABASE()

2025/02/13 14:39:12 /home/bryan/repos/skripsi/backend/setup/setup.go:78
[4.485ms] [rows:-] SELECT c.column_name, c.is_nullable = 'YES', c.udt_name, c.character_maximum_length, c.numeric_precision, c.numeric_precision_radix, c.numeric_scale, c.datetime_precision, 8 * typlen, c.column_default, pd.description, c.identity_increment FROM information_schema.columns AS c JOIN pg_type AS pgt ON c.udt_name = pgt.typname LEFT JOIN pg_catalog.pg_description as pd ON pd.objsubid = c.ordinal_position AND pd.objoid = (SELECT oid FROM pg_catalog.pg_class WHERE relname = c.table_name AND relnamespace = (SELECT oid FROM pg_catalog.pg_namespace WHERE nspname = c.table_schema)) where table_catalog = $1$ AND table_schema = CURRENT_SCHEMA() AND table_name = $2$

2025/02/13 14:39:12 /home/bryan/repos/skripsi/backend/setup/setup.go:78
[1.079ms] [rows:-] SELECT * FROM "transactions" LIMIT $1$

2025/02/13 14:39:12 /home/bryan/repos/skripsi/backend/setup/setup.go:78
[3.649ms] [rows:-] SELECT constraint_name FROM information_schema.table_constraints tc JOIN information_schema.constraint_column_usage AS ccu USING (constraint_schema, constraint_catalog, table_name, constraint_name) JOIN information_schema.columns AS c ON c.table_schema = tc.constraint_schema AND tc.table_name = c.table_name AND ccu.column_name = c.column_name WHERE constraint_type IN ('PRIMARY KEY', 'UNIQUE') AND c.table_catalog = $1$ AND c.table_schema = CURRENT_SCHEMA() AND c.table_name = $2$ AND constraint_type = $3$

2025/02/13 14:39:12 /home/bryan/repos/skripsi/backend/setup/setup.go:78
[3.686ms] [rows:-] SELECT c.column_name, constraint_name, constraint_type FROM information_schema.table_constraints tc JOIN information_schema.constraint_column_usage AS ccu USING (constraint_schema, constraint_catalog, table_name, constraint_name) JOIN information_schema.columns AS c ON c.table_schema = tc.constraint_schema AND tc.table_name = c.table_name AND ccu.column_name = c.column_name WHERE constraint_type IN ('PRIMARY KEY', 'UNIQUE') AND c.table_catalog = $1$ AND c.table_schema = CURRENT_SCHEMA() AND c.table_name = $2$

2025/02/13 14:39:12 /home/bryan/repos/skripsi/backend/setup/setup.go:78
[0.913ms] [rows:-] SELECT a.attname as column_name, format_type(a.atttypid, a.atttypmod) AS data_type
		FROM pg_attribute a JOIN pg_class b ON a.attrelid = b.oid AND relnamespace = (SELECT oid FROM pg_catalog.pg_namespace WHERE nspname = CURRENT_SCHEMA())
		WHERE a.attnum > 0 -- hide internal columns
		AND NOT a.attisdropped -- hide deleted columns
		AND b.relname = $1$

2025/02/13 14:39:12 /home/bryan/repos/skripsi/backend/setup/setup.go:78
[1.363ms] [rows:0] SELECT description FROM pg_catalog.pg_description WHERE objsubid = (SELECT ordinal_position FROM information_schema.columns WHERE table_schema = CURRENT_SCHEMA() AND table_name = 'transactions' AND column_name = 'id') AND objoid = (SELECT oid FROM pg_catalog.pg_class WHERE relname = 'transactions' AND relnamespace = (SELECT oid FROM pg_catalog.pg_namespace WHERE nspname = CURRENT_SCHEMA()))

2025/02/13 14:39:12 /home/bryan/repos/skripsi/backend/setup/setup.go:78
[1.514ms] [rows:0] SELECT description FROM pg_catalog.pg_description WHERE objsubid = (SELECT ordinal_position FROM information_schema.columns WHERE table_schema = CURRENT_SCHEMA() AND table_name = 'transactions' AND column_name = 'created_at') AND objoid = (SELECT oid FROM pg_catalog.pg_class WHERE relname = 'transactions' AND relnamespace = (SELECT oid FROM pg_catalog.pg_namespace WHERE nspname = CURRENT_SCHEMA()))

2025/02/13 14:39:12 /home/bryan/repos/skripsi/backend/setup/setup.go:78
[2.127ms] [rows:0] SELECT description FROM pg_catalog.pg_description WHERE objsubid = (SELECT ordinal_position FROM information_schema.columns WHERE table_schema = CURRENT_SCHEMA() AND table_name = 'transactions' AND column_name = 'pet_daycare_id') AND objoid = (SELECT oid FROM pg_catalog.pg_class WHERE relname = 'transactions' AND relnamespace = (SELECT oid FROM pg_catalog.pg_namespace WHERE nspname = CURRENT_SCHEMA()))

2025/02/13 14:39:12 /home/bryan/repos/skripsi/backend/setup/setup.go:78
[2.053ms] [rows:0] SELECT description FROM pg_catalog.pg_description WHERE objsubid = (SELECT ordinal_position FROM information_schema.columns WHERE table_schema = CURRENT_SCHEMA() AND table_name = 'transactions' AND column_name = 'booked_slot_id') AND objoid = (SELECT oid FROM pg_catalog.pg_class WHERE relname = 'transactions' AND relnamespace = (SELECT oid FROM pg_catalog.pg_namespace WHERE nspname = CURRENT_SCHEMA()))

2025/02/13 14:39:12 /home/bryan/repos/skripsi/backend/setup/setup.go:78
[1.473ms] [rows:0] SELECT description FROM pg_catalog.pg_description WHERE objsubid = (SELECT ordinal_position FROM information_schema.columns WHERE table_schema = CURRENT_SCHEMA() AND table_name = 'transactions' AND column_name = 'status') AND objoid = (SELECT oid FROM pg_catalog.pg_class WHERE relname = 'transactions' AND relnamespace = (SELECT oid FROM pg_catalog.pg_namespace WHERE nspname = CURRENT_SCHEMA()))

2025/02/13 14:39:12 /home/bryan/repos/skripsi/backend/setup/setup.go:78
[1.235ms] [rows:1] SELECT count(*) FROM INFORMATION_SCHEMA.table_constraints WHERE table_schema = CURRENT_SCHEMA() AND table_name = 'transactions' AND constraint_name = 'fk_transactions_pet_daycare'

2025/02/13 14:39:12 /home/bryan/repos/skripsi/backend/setup/setup.go:78
[1.143ms] [rows:1] SELECT count(*) FROM INFORMATION_SCHEMA.table_constraints WHERE table_schema = CURRENT_SCHEMA() AND table_name = 'transactions' AND constraint_name = 'fk_transactions_booked_slot'

2025/02/13 14:39:12 /home/bryan/repos/skripsi/backend/setup/setup.go:78
[1.037ms] [rows:1] SELECT count(*) FROM information_schema.tables WHERE table_schema = CURRENT_SCHEMA() AND table_name = 'reduce_slots' AND table_type = 'BASE TABLE'

2025/02/13 14:39:12 /home/bryan/repos/skripsi/backend/setup/setup.go:78
[0.671ms] [rows:1] SELECT CURRENT_DATABASE()

2025/02/13 14:39:12 /home/bryan/repos/skripsi/backend/setup/setup.go:78
[2.937ms] [rows:-] SELECT c.column_name, c.is_nullable = 'YES', c.udt_name, c.character_maximum_length, c.numeric_precision, c.numeric_precision_radix, c.numeric_scale, c.datetime_precision, 8 * typlen, c.column_default, pd.description, c.identity_increment FROM information_schema.columns AS c JOIN pg_type AS pgt ON c.udt_name = pgt.typname LEFT JOIN pg_catalog.pg_description as pd ON pd.objsubid = c.ordinal_position AND pd.objoid = (SELECT oid FROM pg_catalog.pg_class WHERE relname = c.table_name AND relnamespace = (SELECT oid FROM pg_catalog.pg_namespace WHERE nspname = c.table_schema)) where table_catalog = $1$ AND table_schema = CURRENT_SCHEMA() AND table_name = $2$

2025/02/13 14:39:12 /home/bryan/repos/skripsi/backend/setup/setup.go:78
[0.965ms] [rows:-] SELECT * FROM "reduce_slots" LIMIT $1$

2025/02/13 14:39:12 /home/bryan/repos/skripsi/backend/setup/setup.go:78
[2.352ms] [rows:-] SELECT constraint_name FROM information_schema.table_constraints tc JOIN information_schema.constraint_column_usage AS ccu USING (constraint_schema, constraint_catalog, table_name, constraint_name) JOIN information_schema.columns AS c ON c.table_schema = tc.constraint_schema AND tc.table_name = c.table_name AND ccu.column_name = c.column_name WHERE constraint_type IN ('PRIMARY KEY', 'UNIQUE') AND c.table_catalog = $1$ AND c.table_schema = CURRENT_SCHEMA() AND c.table_name = $2$ AND constraint_type = $3$

2025/02/13 14:39:12 /home/bryan/repos/skripsi/backend/setup/setup.go:78
[2.414ms] [rows:-] SELECT c.column_name, constraint_name, constraint_type FROM information_schema.table_constraints tc JOIN information_schema.constraint_column_usage AS ccu USING (constraint_schema, constraint_catalog, table_name, constraint_name) JOIN information_schema.columns AS c ON c.table_schema = tc.constraint_schema AND tc.table_name = c.table_name AND ccu.column_name = c.column_name WHERE constraint_type IN ('PRIMARY KEY', 'UNIQUE') AND c.table_catalog = $1$ AND c.table_schema = CURRENT_SCHEMA() AND c.table_name = $2$

2025/02/13 14:39:12 /home/bryan/repos/skripsi/backend/setup/setup.go:78
[0.935ms] [rows:-] SELECT a.attname as column_name, format_type(a.atttypid, a.atttypmod) AS data_type
		FROM pg_attribute a JOIN pg_class b ON a.attrelid = b.oid AND relnamespace = (SELECT oid FROM pg_catalog.pg_namespace WHERE nspname = CURRENT_SCHEMA())
		WHERE a.attnum > 0 -- hide internal columns
		AND NOT a.attisdropped -- hide deleted columns
		AND b.relname = $1$

2025/02/13 14:39:12 /home/bryan/repos/skripsi/backend/setup/setup.go:78
[1.393ms] [rows:0] SELECT description FROM pg_catalog.pg_description WHERE objsubid = (SELECT ordinal_position FROM information_schema.columns WHERE table_schema = CURRENT_SCHEMA() AND table_name = 'reduce_slots' AND column_name = 'id') AND objoid = (SELECT oid FROM pg_catalog.pg_class WHERE relname = 'reduce_slots' AND relnamespace = (SELECT oid FROM pg_catalog.pg_namespace WHERE nspname = CURRENT_SCHEMA()))

2025/02/13 14:39:12 /home/bryan/repos/skripsi/backend/setup/setup.go:78
[1.414ms] [rows:0] SELECT description FROM pg_catalog.pg_description WHERE objsubid = (SELECT ordinal_position FROM information_schema.columns WHERE table_schema = CURRENT_SCHEMA() AND table_name = 'reduce_slots' AND column_name = 'slot_id') AND objoid = (SELECT oid FROM pg_catalog.pg_class WHERE relname = 'reduce_slots' AND relnamespace = (SELECT oid FROM pg_catalog.pg_namespace WHERE nspname = CURRENT_SCHEMA()))

2025/02/13 14:39:12 /home/bryan/repos/skripsi/backend/setup/setup.go:78
[1.594ms] [rows:0] SELECT description FROM pg_catalog.pg_description WHERE objsubid = (SELECT ordinal_position FROM information_schema.columns WHERE table_schema = CURRENT_SCHEMA() AND table_name = 'reduce_slots' AND column_name = 'reduced_count') AND objoid = (SELECT oid FROM pg_catalog.pg_class WHERE relname = 'reduce_slots' AND relnamespace = (SELECT oid FROM pg_catalog.pg_namespace WHERE nspname = CURRENT_SCHEMA()))

2025/02/13 14:39:12 /home/bryan/repos/skripsi/backend/setup/setup.go:78
[1.405ms] [rows:0] SELECT description FROM pg_catalog.pg_description WHERE objsubid = (SELECT ordinal_position FROM information_schema.columns WHERE table_schema = CURRENT_SCHEMA() AND table_name = 'reduce_slots' AND column_name = 'target_date') AND objoid = (SELECT oid FROM pg_catalog.pg_class WHERE relname = 'reduce_slots' AND relnamespace = (SELECT oid FROM pg_catalog.pg_namespace WHERE nspname = CURRENT_SCHEMA()))

2025/02/13 14:39:12 /home/bryan/repos/skripsi/backend/setup/setup.go:78
[0.849ms] [rows:1] SELECT count(*) FROM information_schema.tables WHERE table_schema = CURRENT_SCHEMA() AND table_name = 'booked_slots_dailies' AND table_type = 'BASE TABLE'

2025/02/13 14:39:12 /home/bryan/repos/skripsi/backend/setup/setup.go:78
[0.678ms] [rows:1] SELECT CURRENT_DATABASE()

2025/02/13 14:39:12 /home/bryan/repos/skripsi/backend/setup/setup.go:78
[3.179ms] [rows:-] SELECT c.column_name, c.is_nullable = 'YES', c.udt_name, c.character_maximum_length, c.numeric_precision, c.numeric_precision_radix, c.numeric_scale, c.datetime_precision, 8 * typlen, c.column_default, pd.description, c.identity_increment FROM information_schema.columns AS c JOIN pg_type AS pgt ON c.udt_name = pgt.typname LEFT JOIN pg_catalog.pg_description as pd ON pd.objsubid = c.ordinal_position AND pd.objoid = (SELECT oid FROM pg_catalog.pg_class WHERE relname = c.table_name AND relnamespace = (SELECT oid FROM pg_catalog.pg_namespace WHERE nspname = c.table_schema)) where table_catalog = $1$ AND table_schema = CURRENT_SCHEMA() AND table_name = $2$

2025/02/13 14:39:13 /home/bryan/repos/skripsi/backend/setup/setup.go:78
[1.618ms] [rows:-] SELECT * FROM "booked_slots_dailies" LIMIT $1$

2025/02/13 14:39:13 /home/bryan/repos/skripsi/backend/setup/setup.go:78
[2.469ms] [rows:-] SELECT constraint_name FROM information_schema.table_constraints tc JOIN information_schema.constraint_column_usage AS ccu USING (constraint_schema, constraint_catalog, table_name, constraint_name) JOIN information_schema.columns AS c ON c.table_schema = tc.constraint_schema AND tc.table_name = c.table_name AND ccu.column_name = c.column_name WHERE constraint_type IN ('PRIMARY KEY', 'UNIQUE') AND c.table_catalog = $1$ AND c.table_schema = CURRENT_SCHEMA() AND c.table_name = $2$ AND constraint_type = $3$

2025/02/13 14:39:13 /home/bryan/repos/skripsi/backend/setup/setup.go:78
[2.558ms] [rows:-] SELECT c.column_name, constraint_name, constraint_type FROM information_schema.table_constraints tc JOIN information_schema.constraint_column_usage AS ccu USING (constraint_schema, constraint_catalog, table_name, constraint_name) JOIN information_schema.columns AS c ON c.table_schema = tc.constraint_schema AND tc.table_name = c.table_name AND ccu.column_name = c.column_name WHERE constraint_type IN ('PRIMARY KEY', 'UNIQUE') AND c.table_catalog = $1$ AND c.table_schema = CURRENT_SCHEMA() AND c.table_name = $2$

2025/02/13 14:39:13 /home/bryan/repos/skripsi/backend/setup/setup.go:78
[0.902ms] [rows:-] SELECT a.attname as column_name, format_type(a.atttypid, a.atttypmod) AS data_type
		FROM pg_attribute a JOIN pg_class b ON a.attrelid = b.oid AND relnamespace = (SELECT oid FROM pg_catalog.pg_namespace WHERE nspname = CURRENT_SCHEMA())
		WHERE a.attnum > 0 -- hide internal columns
		AND NOT a.attisdropped -- hide deleted columns
		AND b.relname = $1$

2025/02/13 14:39:13 /home/bryan/repos/skripsi/backend/setup/setup.go:78
[1.501ms] [rows:0] SELECT description FROM pg_catalog.pg_description WHERE objsubid = (SELECT ordinal_position FROM information_schema.columns WHERE table_schema = CURRENT_SCHEMA() AND table_name = 'booked_slots_dailies' AND column_name = 'id') AND objoid = (SELECT oid FROM pg_catalog.pg_class WHERE relname = 'booked_slots_dailies' AND relnamespace = (SELECT oid FROM pg_catalog.pg_namespace WHERE nspname = CURRENT_SCHEMA()))

2025/02/13 14:39:13 /home/bryan/repos/skripsi/backend/setup/setup.go:78
[1.307ms] [rows:0] SELECT description FROM pg_catalog.pg_description WHERE objsubid = (SELECT ordinal_position FROM information_schema.columns WHERE table_schema = CURRENT_SCHEMA() AND table_name = 'booked_slots_dailies' AND column_name = 'daycare_id') AND objoid = (SELECT oid FROM pg_catalog.pg_class WHERE relname = 'booked_slots_dailies' AND relnamespace = (SELECT oid FROM pg_catalog.pg_namespace WHERE nspname = CURRENT_SCHEMA()))

2025/02/13 14:39:13 /home/bryan/repos/skripsi/backend/setup/setup.go:78
[1.328ms] [rows:0] SELECT description FROM pg_catalog.pg_description WHERE objsubid = (SELECT ordinal_position FROM information_schema.columns WHERE table_schema = CURRENT_SCHEMA() AND table_name = 'booked_slots_dailies' AND column_name = 'date') AND objoid = (SELECT oid FROM pg_catalog.pg_class WHERE relname = 'booked_slots_dailies' AND relnamespace = (SELECT oid FROM pg_catalog.pg_namespace WHERE nspname = CURRENT_SCHEMA()))

2025/02/13 14:39:13 /home/bryan/repos/skripsi/backend/setup/setup.go:78
[1.481ms] [rows:0] SELECT description FROM pg_catalog.pg_description WHERE objsubid = (SELECT ordinal_position FROM information_schema.columns WHERE table_schema = CURRENT_SCHEMA() AND table_name = 'booked_slots_dailies' AND column_name = 'slot_count') AND objoid = (SELECT oid FROM pg_catalog.pg_class WHERE relname = 'booked_slots_dailies' AND relnamespace = (SELECT oid FROM pg_catalog.pg_namespace WHERE nspname = CURRENT_SCHEMA()))

2025/02/13 14:39:13 /home/bryan/repos/skripsi/backend/setup/setup.go:78
[1.007ms] [rows:1] SELECT count(*) FROM pg_indexes WHERE tablename = 'booked_slots_dailies' AND indexname = 'idx_booked_slots_dailies_date' AND schemaname = CURRENT_SCHEMA()
[GIN-debug] [WARNING] Creating an Engine instance with the Logger and Recovery middleware already attached.

[GIN-debug] [WARNING] Running in "debug" mode. Switch to "release" mode in production.
 - using env:	export GIN_MODE=release
 - using code:	gin.SetMode(gin.ReleaseMode)

[GIN-debug] GET    /assets/*filepath         --> github.com/gin-gonic/gin.(*RouterGroup).createStaticHandler.func1 (3 handlers)
[GIN-debug] HEAD   /assets/*filepath         --> github.com/gin-gonic/gin.(*RouterGroup).createStaticHandler.func1 (3 handlers)
[GIN-debug] POST   /users                    --> github.com/BryanEgbert/skripsi/controller.(*UserController).CreateUser-fm (3 handlers)
[GIN-debug] GET    /users/vets               --> github.com/BryanEgbert/skripsi/controller.(*UserController).GetVets-fm (4 handlers)
[GIN-debug] GET    /users/:id                --> github.com/BryanEgbert/skripsi/controller.(*UserController).GetUser-fm (4 handlers)
[GIN-debug] DELETE /users                    --> github.com/BryanEgbert/skripsi/controller.(*UserController).DeleteUser-fm (4 handlers)
[GIN-debug] PUT    /users                    --> github.com/BryanEgbert/skripsi/controller.(*UserController).UpdateUserProfile-fm (4 handlers)
[GIN-debug] PATCH  /users/password           --> github.com/BryanEgbert/skripsi/controller.(*UserController).UpdateUserPassword-fm (4 handlers)
[GIN-debug] POST   /login                    --> github.com/BryanEgbert/skripsi/controller.(*AuthController).Login-fm (3 handlers)
[GIN-debug] POST   /refresh                  --> github.com/BryanEgbert/skripsi/controller.(*AuthController).RefreshToken-fm (4 handlers)
[GIN-debug] GET    /pets/:id                 --> github.com/BryanEgbert/skripsi/controller.(*PetController).GetPet-fm (4 handlers)
[GIN-debug] GET    /pets                     --> github.com/BryanEgbert/skripsi/controller.(*PetController).GetPets-fm (4 handlers)
[GIN-debug] POST   /pets                     --> github.com/BryanEgbert/skripsi/controller.(*PetController).CreatePet-fm (4 handlers)
[GIN-debug] PUT    /pets/:id                 --> github.com/BryanEgbert/skripsi/controller.(*PetController).UpdatePet-fm (4 handlers)
[GIN-debug] DELETE /pets/:id                 --> github.com/BryanEgbert/skripsi/controller.(*PetController).DeletePet-fm (4 handlers)
[GIN-debug] PATCH  /daycare/slot/:slotId     --> github.com/BryanEgbert/skripsi/controller.(*PetDaycareController).EditSlotCount-fm (4 handlers)
[GIN-debug] GET    /daycare/:id/slot         --> github.com/BryanEgbert/skripsi/controller.(*PetDaycareController).GetPetDaycareSlots-fm (4 handlers)
[GIN-debug] POST   /daycare/:id/slot         --> github.com/BryanEgbert/skripsi/controller.(*PetDaycareController).CreateSlot-fm (4 handlers)
[GIN-debug] GET    /daycare/:id/review       --> github.com/BryanEgbert/skripsi/controller.(*PetDaycareController).GetReviews-fm (4 handlers)
[GIN-debug] POST   /daycare/:id/review       --> github.com/BryanEgbert/skripsi/controller.(*PetDaycareController).CreateReview-fm (4 handlers)
[GIN-debug] DELETE /daycare/:id/review       --> github.com/BryanEgbert/skripsi/controller.(*PetDaycareController).DeleteReview-fm (4 handlers)
[GIN-debug] GET    /daycare/:id              --> github.com/BryanEgbert/skripsi/controller.(*PetDaycareController).GetPetDaycare-fm (4 handlers)
[GIN-debug] GET    /daycare                  --> github.com/BryanEgbert/skripsi/controller.(*PetDaycareController).GetPetDaycares-fm (4 handlers)
[GIN-debug] POST   /daycare                  --> github.com/BryanEgbert/skripsi/controller.(*PetDaycareController).CreatePetDaycare-fm (4 handlers)
[GIN-debug] PUT    /daycare/:id              --> github.com/BryanEgbert/skripsi/controller.(*PetDaycareController).UpdatePetDaycare-fm (4 handlers)
[GIN-debug] DELETE /daycare/:id              --> github.com/BryanEgbert/skripsi/controller.(*PetDaycareController).DeletePetDaycare-fm (4 handlers)

2025/02/13 14:39:13 /home/bryan/repos/skripsi/backend/service/user_service.go:46
[2.452ms] [rows:3] SELECT * FROM "user_vet_specialties" WHERE "user_vet_specialties"."user_id" = $1$

2025/02/13 14:39:13 /home/bryan/repos/skripsi/backend/service/user_service.go:46
[2.235ms] [rows:3] SELECT * FROM "vet_specialties" WHERE "vet_specialties"."id" IN ($1$,$2$,$3$)

2025/02/13 14:39:13 /home/bryan/repos/skripsi/backend/service/user_service.go:46
[7.816ms] [rows:1] SELECT * FROM "users" WHERE "users"."id" = $1$ AND "users"."deleted_at" IS NULL ORDER BY "users"."id" LIMIT $2$
[GIN] 2025/02/13 - 14:39:13 | 200 |    7.942581ms |                 | GET      "/users/4"
=== RUN   TestGetUser/On_login,_should_return_error_when_user_ID_does_not_exists_in_DB

2025/02/13 14:39:13 /home/bryan/repos/skripsi/backend/setup/setup.go:60
[320.517ms] [rows:0] TRUNCATE TABLE users, vet_specialties, user_vet_specialties, pet_daycares, pets, size_categories, roles, slots, booked_slots, thumbnails, species, reviews, refresh_tokens, transactions, daily_walks, daily_playtimes, reduce_slots RESTART IDENTITY CASCADE;

2025/02/13 14:39:13 /home/bryan/repos/skripsi/backend/seeder/seeder.go:18
[14.437ms] [rows:3] INSERT INTO "roles" ("name","id") VALUES ($1$,$2$),($3$,$4$),($5$,$6$) RETURNING "id"

2025/02/13 14:39:13 /home/bryan/repos/skripsi/backend/seeder/seeder.go:29
[10.417ms] [rows:4] INSERT INTO "daily_walks" ("name","id") VALUES ($1$,$2$),($3$,$4$),($5$,$6$),($7$,$8$) RETURNING "id"

2025/02/13 14:39:13 /home/bryan/repos/skripsi/backend/seeder/seeder.go:39
[10.239ms] [rows:4] INSERT INTO "daily_playtimes" ("name","id") VALUES ($1$,$2$),($3$,$4$),($5$,$6$),($7$,$8$) RETURNING "id"

2025/02/13 14:39:13 /home/bryan/repos/skripsi/backend/seeder/seeder.go:61
[11.268ms] [rows:17] INSERT INTO "vet_specialties" ("name") VALUES ($1$),($2$),($3$),($4$),($5$),($6$),($7$),($8$),($9$),($10$),($11$),($12$),($13$),($14$),($15$),($16$),($17$) RETURNING "id"

2025/02/13 14:39:13 /home/bryan/repos/skripsi/backend/seeder/seeder.go:71
[10.594ms] [rows:3] INSERT INTO "species" ("name") VALUES ($1$),($2$),($3$) RETURNING "id"

2025/02/13 14:39:13 /home/bryan/repos/skripsi/backend/seeder/seeder.go:83
[10.173ms] [rows:5] INSERT INTO "size_categories" ("name","min_weight","max_weight") VALUES ($1$,$2$,$3$),($4$,$5$,$6$),($7$,$8$,$9$),($10$,$11$,$12$),($13$,$14$,$15$) RETURNING "id"

2025/02/13 14:39:13 /home/bryan/repos/skripsi/backend/seeder/seeder.go:106
[1.732ms] [rows:0] INSERT INTO "vet_specialties" ("name","id") VALUES ($1$,$2$),($3$,$4$),($5$,$6$) ON CONFLICT DO NOTHING RETURNING "id"

2025/02/13 14:39:13 /home/bryan/repos/skripsi/backend/seeder/seeder.go:106
[3.161ms] [rows:3] INSERT INTO "user_vet_specialties" ("user_id","vet_specialty_id") VALUES ($1$,$2$),($3$,$4$),($5$,$6$) ON CONFLICT DO NOTHING

2025/02/13 14:39:13 /home/bryan/repos/skripsi/backend/seeder/seeder.go:106
[12.954ms] [rows:6] INSERT INTO "users" ("created_at","updated_at","deleted_at","name","email","password","role_id","image_url") VALUES ($1$,$2$,$3$,$4$,$5$,$6$,$7$,$8$),($9$,$10$,$11$,$12$,$13$,$14$,$15$,$16$),($17$,$18$,$19$,$20$,$21$,$22$,$23$,$24$),($25$,$26$,$27$,$28$,$29$,$30$,$31$,$32$),($33$,$34$,$35$,$36$,$37$,$38$,$39$,DEFAULT),($40$,$41$,$42$,$43$,$44$,$45$,$46$,$47$) RETURNING "id","image_url"

2025/02/13 14:39:13 /home/bryan/repos/skripsi/backend/seeder/seeder.go:148
[1.544ms] [rows:0] INSERT INTO "daily_walks" ("name","id") VALUES ($1$,$2$) ON CONFLICT DO NOTHING RETURNING "id"

2025/02/13 14:39:13 /home/bryan/repos/skripsi/backend/seeder/seeder.go:148
[1.540ms] [rows:0] INSERT INTO "daily_playtimes" ("name","id") VALUES ($1$,$2$),($3$,$4$) ON CONFLICT DO NOTHING RETURNING "id"

2025/02/13 14:39:13 /home/bryan/repos/skripsi/backend/seeder/seeder.go:148
[10.421ms] [rows:3] INSERT INTO "pet_daycares" ("created_at","updated_at","deleted_at","name","address","latitude","longitude","price","pricing_type","description","has_pickup_service","must_be_vaccinated","food_provided","grooming_available","booked_num","daily_walks_id","daily_playtime_id","owner_id","food_brand") VALUES ($1$,$2$,$3$,$4$,$5$,$6$,$7$,$8$,$9$,$10$,$11$,$12$,$13$,$14$,$15$,$16$,$17$,$18$,$19$),($20$,$21$,$22$,$23$,$24$,$25$,$26$,$27$,$28$,$29$,$30$,$31$,$32$,$33$,$34$,$35$,$36$,$37$,$38$),($39$,$40$,$41$,$42$,$43$,$44$,$45$,$46$,$47$,$48$,$49$,$50$,$51$,$52$,$53$,$54$,$55$,$56$,$57$) RETURNING "id"

2025/02/13 14:39:13 /home/bryan/repos/skripsi/backend/seeder/seeder.go:158
[5.690ms] [rows:3] INSERT INTO "slots" ("created_at","updated_at","deleted_at","daycare_id","species_id","size_category_id","max_number") VALUES ($1$,$2$,$3$,$4$,$5$,$6$,$7$),($8$,$9$,$10$,$11$,$12$,$13$,$14$),($15$,$16$,$17$,$18$,$19$,$20$,$21$) RETURNING "id"

2025/02/13 14:39:13 /home/bryan/repos/skripsi/backend/seeder/seeder.go:172
[6.116ms] [rows:2] INSERT INTO "pets" ("created_at","updated_at","deleted_at","name","image_url","status","owner_id","species_id","size_id") VALUES ($1$,$2$,$3$,$4$,$5$,$6$,$7$,$8$,$9$),($10$,$11$,$12$,$13$,$14$,$15$,$16$,$17$,$18$) RETURNING "id"

2025/02/13 14:39:13 /home/bryan/repos/skripsi/backend/seeder/seeder.go:189
[6.388ms] [rows:2] INSERT INTO "booked_slots" ("created_at","updated_at","deleted_at","user_id","daycare_id","pet_id","start_date","end_date") VALUES ($1$,$2$,$3$,$4$,$5$,$6$,$7$,$8$),($9$,$10$,$11$,$12$,$13$,$14$,$15$,$16$) RETURNING "id"

2025/02/13 14:39:13 /home/bryan/repos/skripsi/backend/seeder/seeder.go:205
[6.611ms] [rows:3] INSERT INTO "reviews" ("created_at","updated_at","deleted_at","daycare_id","user_id","name","rate","description") VALUES ($1$,$2$,$3$,$4$,$5$,$6$,$7$,$8$),($9$,$10$,$11$,$12$,$13$,$14$,$15$,$16$),($17$,$18$,$19$,$20$,$21$,$22$,$23$,$24$) RETURNING "id"

2025/02/13 14:39:13 /home/bryan/repos/skripsi/backend/seeder/seeder.go:213
[5.660ms] [rows:1] INSERT INTO "reduce_slots" ("slot_id","reduced_count","target_date") VALUES ($1$,$2$,$3$) RETURNING "id"

2025/02/13 14:39:13 /home/bryan/repos/skripsi/backend/seeder/seeder.go:222
[5.356ms] [rows:2] INSERT INTO "thumbnails" ("daycare_id","image_url") VALUES ($1$,$2$),($3$,$4$) RETURNING "id"

2025/02/13 14:39:13 /home/bryan/repos/skripsi/backend/seeder/seeder.go:230
[6.205ms] [rows:1] INSERT INTO "transactions" ("pet_daycare_id","booked_slot_id","status") VALUES ($1$,$2$,$3$) RETURNING "created_at","id"

2025/02/13 14:39:13 /home/bryan/repos/skripsi/backend/setup/setup.go:78
[18.760ms] [rows:1] SELECT count(*) FROM information_schema.tables WHERE table_schema = CURRENT_SCHEMA() AND table_name = 'roles' AND table_type = 'BASE TABLE'

2025/02/13 14:39:13 /home/bryan/repos/skripsi/backend/setup/setup.go:78
[2.895ms] [rows:1] SELECT CURRENT_DATABASE()

2025/02/13 14:39:13 /home/bryan/repos/skripsi/backend/setup/setup.go:78
[72.174ms] [rows:-] SELECT c.column_name, c.is_nullable = 'YES', c.udt_name, c.character_maximum_length, c.numeric_precision, c.numeric_precision_radix, c.numeric_scale, c.datetime_precision, 8 * typlen, c.column_default, pd.description, c.identity_increment FROM information_schema.columns AS c JOIN pg_type AS pgt ON c.udt_name = pgt.typname LEFT JOIN pg_catalog.pg_description as pd ON pd.objsubid = c.ordinal_position AND pd.objoid = (SELECT oid FROM pg_catalog.pg_class WHERE relname = c.table_name AND relnamespace = (SELECT oid FROM pg_catalog.pg_namespace WHERE nspname = c.table_schema)) where table_catalog = $1$ AND table_schema = CURRENT_SCHEMA() AND table_name = $2$

2025/02/13 14:39:13 /home/bryan/repos/skripsi/backend/setup/setup.go:78
[1.848ms] [rows:-] SELECT * FROM "roles" LIMIT $1$

2025/02/13 14:39:13 /home/bryan/repos/skripsi/backend/setup/setup.go:78
[48.373ms] [rows:-] SELECT constraint_name FROM information_schema.table_constraints tc JOIN information_schema.constraint_column_usage AS ccu USING (constraint_schema, constraint_catalog, table_name, constraint_name) JOIN information_schema.columns AS c ON c.table_schema = tc.constraint_schema AND tc.table_name = c.table_name AND ccu.column_name = c.column_name WHERE constraint_type IN ('PRIMARY KEY', 'UNIQUE') AND c.table_catalog = $1$ AND c.table_schema = CURRENT_SCHEMA() AND c.table_name = $2$ AND constraint_type = $3$

2025/02/13 14:39:13 /home/bryan/repos/skripsi/backend/setup/setup.go:78
[25.380ms] [rows:-] SELECT c.column_name, constraint_name, constraint_type FROM information_schema.table_constraints tc JOIN information_schema.constraint_column_usage AS ccu USING (constraint_schema, constraint_catalog, table_name, constraint_name) JOIN information_schema.columns AS c ON c.table_schema = tc.constraint_schema AND tc.table_name = c.table_name AND ccu.column_name = c.column_name WHERE constraint_type IN ('PRIMARY KEY', 'UNIQUE') AND c.table_catalog = $1$ AND c.table_schema = CURRENT_SCHEMA() AND c.table_name = $2$

2025/02/13 14:39:13 /home/bryan/repos/skripsi/backend/setup/setup.go:78
[2.766ms] [rows:-] SELECT a.attname as column_name, format_type(a.atttypid, a.atttypmod) AS data_type
		FROM pg_attribute a JOIN pg_class b ON a.attrelid = b.oid AND relnamespace = (SELECT oid FROM pg_catalog.pg_namespace WHERE nspname = CURRENT_SCHEMA())
		WHERE a.attnum > 0 -- hide internal columns
		AND NOT a.attisdropped -- hide deleted columns
		AND b.relname = $1$

2025/02/13 14:39:13 /home/bryan/repos/skripsi/backend/setup/setup.go:78
[7.368ms] [rows:0] SELECT description FROM pg_catalog.pg_description WHERE objsubid = (SELECT ordinal_position FROM information_schema.columns WHERE table_schema = CURRENT_SCHEMA() AND table_name = 'roles' AND column_name = 'id') AND objoid = (SELECT oid FROM pg_catalog.pg_class WHERE relname = 'roles' AND relnamespace = (SELECT oid FROM pg_catalog.pg_namespace WHERE nspname = CURRENT_SCHEMA()))

2025/02/13 14:39:13 /home/bryan/repos/skripsi/backend/setup/setup.go:78
[6.098ms] [rows:0] SELECT description FROM pg_catalog.pg_description WHERE objsubid = (SELECT ordinal_position FROM information_schema.columns WHERE table_schema = CURRENT_SCHEMA() AND table_name = 'roles' AND column_name = 'name') AND objoid = (SELECT oid FROM pg_catalog.pg_class WHERE relname = 'roles' AND relnamespace = (SELECT oid FROM pg_catalog.pg_namespace WHERE nspname = CURRENT_SCHEMA()))

2025/02/13 14:39:13 /home/bryan/repos/skripsi/backend/setup/setup.go:78
[2.151ms] [rows:1] SELECT count(*) FROM information_schema.tables WHERE table_schema = CURRENT_SCHEMA() AND table_name = 'users' AND table_type = 'BASE TABLE'

2025/02/13 14:39:13 /home/bryan/repos/skripsi/backend/setup/setup.go:78
[0.778ms] [rows:1] SELECT CURRENT_DATABASE()

2025/02/13 14:39:13 /home/bryan/repos/skripsi/backend/setup/setup.go:78
[11.939ms] [rows:-] SELECT c.column_name, c.is_nullable = 'YES', c.udt_name, c.character_maximum_length, c.numeric_precision, c.numeric_precision_radix, c.numeric_scale, c.datetime_precision, 8 * typlen, c.column_default, pd.description, c.identity_increment FROM information_schema.columns AS c JOIN pg_type AS pgt ON c.udt_name = pgt.typname LEFT JOIN pg_catalog.pg_description as pd ON pd.objsubid = c.ordinal_position AND pd.objoid = (SELECT oid FROM pg_catalog.pg_class WHERE relname = c.table_name AND relnamespace = (SELECT oid FROM pg_catalog.pg_namespace WHERE nspname = c.table_schema)) where table_catalog = $1$ AND table_schema = CURRENT_SCHEMA() AND table_name = $2$

2025/02/13 14:39:13 /home/bryan/repos/skripsi/backend/setup/setup.go:78
[0.905ms] [rows:-] SELECT * FROM "users" LIMIT $1$

2025/02/13 14:39:13 /home/bryan/repos/skripsi/backend/setup/setup.go:78
[17.802ms] [rows:-] SELECT constraint_name FROM information_schema.table_constraints tc JOIN information_schema.constraint_column_usage AS ccu USING (constraint_schema, constraint_catalog, table_name, constraint_name) JOIN information_schema.columns AS c ON c.table_schema = tc.constraint_schema AND tc.table_name = c.table_name AND ccu.column_name = c.column_name WHERE constraint_type IN ('PRIMARY KEY', 'UNIQUE') AND c.table_catalog = $1$ AND c.table_schema = CURRENT_SCHEMA() AND c.table_name = $2$ AND constraint_type = $3$

2025/02/13 14:39:13 /home/bryan/repos/skripsi/backend/setup/setup.go:78
[19.803ms] [rows:-] SELECT c.column_name, constraint_name, constraint_type FROM information_schema.table_constraints tc JOIN information_schema.constraint_column_usage AS ccu USING (constraint_schema, constraint_catalog, table_name, constraint_name) JOIN information_schema.columns AS c ON c.table_schema = tc.constraint_schema AND tc.table_name = c.table_name AND ccu.column_name = c.column_name WHERE constraint_type IN ('PRIMARY KEY', 'UNIQUE') AND c.table_catalog = $1$ AND c.table_schema = CURRENT_SCHEMA() AND c.table_name = $2$

2025/02/13 14:39:13 /home/bryan/repos/skripsi/backend/setup/setup.go:78
[1.589ms] [rows:-] SELECT a.attname as column_name, format_type(a.atttypid, a.atttypmod) AS data_type
		FROM pg_attribute a JOIN pg_class b ON a.attrelid = b.oid AND relnamespace = (SELECT oid FROM pg_catalog.pg_namespace WHERE nspname = CURRENT_SCHEMA())
		WHERE a.attnum > 0 -- hide internal columns
		AND NOT a.attisdropped -- hide deleted columns
		AND b.relname = $1$

2025/02/13 14:39:13 /home/bryan/repos/skripsi/backend/setup/setup.go:78
[5.815ms] [rows:0] SELECT description FROM pg_catalog.pg_description WHERE objsubid = (SELECT ordinal_position FROM information_schema.columns WHERE table_schema = CURRENT_SCHEMA() AND table_name = 'users' AND column_name = 'id') AND objoid = (SELECT oid FROM pg_catalog.pg_class WHERE relname = 'users' AND relnamespace = (SELECT oid FROM pg_catalog.pg_namespace WHERE nspname = CURRENT_SCHEMA()))

2025/02/13 14:39:13 /home/bryan/repos/skripsi/backend/setup/setup.go:78
[5.570ms] [rows:0] SELECT description FROM pg_catalog.pg_description WHERE objsubid = (SELECT ordinal_position FROM information_schema.columns WHERE table_schema = CURRENT_SCHEMA() AND table_name = 'users' AND column_name = 'created_at') AND objoid = (SELECT oid FROM pg_catalog.pg_class WHERE relname = 'users' AND relnamespace = (SELECT oid FROM pg_catalog.pg_namespace WHERE nspname = CURRENT_SCHEMA()))

2025/02/13 14:39:13 /home/bryan/repos/skripsi/backend/setup/setup.go:78
[5.474ms] [rows:0] SELECT description FROM pg_catalog.pg_description WHERE objsubid = (SELECT ordinal_position FROM information_schema.columns WHERE table_schema = CURRENT_SCHEMA() AND table_name = 'users' AND column_name = 'updated_at') AND objoid = (SELECT oid FROM pg_catalog.pg_class WHERE relname = 'users' AND relnamespace = (SELECT oid FROM pg_catalog.pg_namespace WHERE nspname = CURRENT_SCHEMA()))

2025/02/13 14:39:13 /home/bryan/repos/skripsi/backend/setup/setup.go:78
[5.454ms] [rows:0] SELECT description FROM pg_catalog.pg_description WHERE objsubid = (SELECT ordinal_position FROM information_schema.columns WHERE table_schema = CURRENT_SCHEMA() AND table_name = 'users' AND column_name = 'deleted_at') AND objoid = (SELECT oid FROM pg_catalog.pg_class WHERE relname = 'users' AND relnamespace = (SELECT oid FROM pg_catalog.pg_namespace WHERE nspname = CURRENT_SCHEMA()))

2025/02/13 14:39:13 /home/bryan/repos/skripsi/backend/setup/setup.go:78
[1.329ms] [rows:0] SELECT description FROM pg_catalog.pg_description WHERE objsubid = (SELECT ordinal_position FROM information_schema.columns WHERE table_schema = CURRENT_SCHEMA() AND table_name = 'users' AND column_name = 'name') AND objoid = (SELECT oid FROM pg_catalog.pg_class WHERE relname = 'users' AND relnamespace = (SELECT oid FROM pg_catalog.pg_namespace WHERE nspname = CURRENT_SCHEMA()))

2025/02/13 14:39:13 /home/bryan/repos/skripsi/backend/setup/setup.go:78
[1.239ms] [rows:0] SELECT description FROM pg_catalog.pg_description WHERE objsubid = (SELECT ordinal_position FROM information_schema.columns WHERE table_schema = CURRENT_SCHEMA() AND table_name = 'users' AND column_name = 'email') AND objoid = (SELECT oid FROM pg_catalog.pg_class WHERE relname = 'users' AND relnamespace = (SELECT oid FROM pg_catalog.pg_namespace WHERE nspname = CURRENT_SCHEMA()))

2025/02/13 14:39:13 /home/bryan/repos/skripsi/backend/setup/setup.go:78
[1.356ms] [rows:0] SELECT description FROM pg_catalog.pg_description WHERE objsubid = (SELECT ordinal_position FROM information_schema.columns WHERE table_schema = CURRENT_SCHEMA() AND table_name = 'users' AND column_name = 'password') AND objoid = (SELECT oid FROM pg_catalog.pg_class WHERE relname = 'users' AND relnamespace = (SELECT oid FROM pg_catalog.pg_namespace WHERE nspname = CURRENT_SCHEMA()))

2025/02/13 14:39:13 /home/bryan/repos/skripsi/backend/setup/setup.go:78
[1.337ms] [rows:0] SELECT description FROM pg_catalog.pg_description WHERE objsubid = (SELECT ordinal_position FROM information_schema.columns WHERE table_schema = CURRENT_SCHEMA() AND table_name = 'users' AND column_name = 'image_url') AND objoid = (SELECT oid FROM pg_catalog.pg_class WHERE relname = 'users' AND relnamespace = (SELECT oid FROM pg_catalog.pg_namespace WHERE nspname = CURRENT_SCHEMA()))

2025/02/13 14:39:13 /home/bryan/repos/skripsi/backend/setup/setup.go:78
[1.432ms] [rows:0] SELECT description FROM pg_catalog.pg_description WHERE objsubid = (SELECT ordinal_position FROM information_schema.columns WHERE table_schema = CURRENT_SCHEMA() AND table_name = 'users' AND column_name = 'role_id') AND objoid = (SELECT oid FROM pg_catalog.pg_class WHERE relname = 'users' AND relnamespace = (SELECT oid FROM pg_catalog.pg_namespace WHERE nspname = CURRENT_SCHEMA()))

2025/02/13 14:39:13 /home/bryan/repos/skripsi/backend/setup/setup.go:78
[4.649ms] [rows:1] SELECT count(*) FROM INFORMATION_SCHEMA.table_constraints WHERE table_schema = CURRENT_SCHEMA() AND table_name = 'users' AND constraint_name = 'fk_roles_users'

2025/02/13 14:39:13 /home/bryan/repos/skripsi/backend/setup/setup.go:78
[5.890ms] [rows:1] SELECT count(*) FROM pg_indexes WHERE tablename = 'users' AND indexname = 'idx_users_deleted_at' AND schemaname = CURRENT_SCHEMA()

2025/02/13 14:39:13 /home/bryan/repos/skripsi/backend/setup/setup.go:78
[2.069ms] [rows:1] SELECT count(*) FROM information_schema.tables WHERE table_schema = CURRENT_SCHEMA() AND table_name = 'vet_specialties' AND table_type = 'BASE TABLE'

2025/02/13 14:39:13 /home/bryan/repos/skripsi/backend/setup/setup.go:78
[0.730ms] [rows:1] SELECT CURRENT_DATABASE()

2025/02/13 14:39:13 /home/bryan/repos/skripsi/backend/setup/setup.go:78
[11.476ms] [rows:-] SELECT c.column_name, c.is_nullable = 'YES', c.udt_name, c.character_maximum_length, c.numeric_precision, c.numeric_precision_radix, c.numeric_scale, c.datetime_precision, 8 * typlen, c.column_default, pd.description, c.identity_increment FROM information_schema.columns AS c JOIN pg_type AS pgt ON c.udt_name = pgt.typname LEFT JOIN pg_catalog.pg_description as pd ON pd.objsubid = c.ordinal_position AND pd.objoid = (SELECT oid FROM pg_catalog.pg_class WHERE relname = c.table_name AND relnamespace = (SELECT oid FROM pg_catalog.pg_namespace WHERE nspname = c.table_schema)) where table_catalog = $1$ AND table_schema = CURRENT_SCHEMA() AND table_name = $2$

2025/02/13 14:39:13 /home/bryan/repos/skripsi/backend/setup/setup.go:78
[0.957ms] [rows:-] SELECT * FROM "vet_specialties" LIMIT $1$

2025/02/13 14:39:13 /home/bryan/repos/skripsi/backend/setup/setup.go:78
[16.460ms] [rows:-] SELECT constraint_name FROM information_schema.table_constraints tc JOIN information_schema.constraint_column_usage AS ccu USING (constraint_schema, constraint_catalog, table_name, constraint_name) JOIN information_schema.columns AS c ON c.table_schema = tc.constraint_schema AND tc.table_name = c.table_name AND ccu.column_name = c.column_name WHERE constraint_type IN ('PRIMARY KEY', 'UNIQUE') AND c.table_catalog = $1$ AND c.table_schema = CURRENT_SCHEMA() AND c.table_name = $2$ AND constraint_type = $3$

2025/02/13 14:39:13 /home/bryan/repos/skripsi/backend/setup/setup.go:78
[15.919ms] [rows:-] SELECT c.column_name, constraint_name, constraint_type FROM information_schema.table_constraints tc JOIN information_schema.constraint_column_usage AS ccu USING (constraint_schema, constraint_catalog, table_name, constraint_name) JOIN information_schema.columns AS c ON c.table_schema = tc.constraint_schema AND tc.table_name = c.table_name AND ccu.column_name = c.column_name WHERE constraint_type IN ('PRIMARY KEY', 'UNIQUE') AND c.table_catalog = $1$ AND c.table_schema = CURRENT_SCHEMA() AND c.table_name = $2$

2025/02/13 14:39:13 /home/bryan/repos/skripsi/backend/setup/setup.go:78
[1.735ms] [rows:-] SELECT a.attname as column_name, format_type(a.atttypid, a.atttypmod) AS data_type
		FROM pg_attribute a JOIN pg_class b ON a.attrelid = b.oid AND relnamespace = (SELECT oid FROM pg_catalog.pg_namespace WHERE nspname = CURRENT_SCHEMA())
		WHERE a.attnum > 0 -- hide internal columns
		AND NOT a.attisdropped -- hide deleted columns
		AND b.relname = $1$

2025/02/13 14:39:13 /home/bryan/repos/skripsi/backend/setup/setup.go:78
[1.406ms] [rows:0] SELECT description FROM pg_catalog.pg_description WHERE objsubid = (SELECT ordinal_position FROM information_schema.columns WHERE table_schema = CURRENT_SCHEMA() AND table_name = 'vet_specialties' AND column_name = 'id') AND objoid = (SELECT oid FROM pg_catalog.pg_class WHERE relname = 'vet_specialties' AND relnamespace = (SELECT oid FROM pg_catalog.pg_namespace WHERE nspname = CURRENT_SCHEMA()))

2025/02/13 14:39:13 /home/bryan/repos/skripsi/backend/setup/setup.go:78
[1.497ms] [rows:0] SELECT description FROM pg_catalog.pg_description WHERE objsubid = (SELECT ordinal_position FROM information_schema.columns WHERE table_schema = CURRENT_SCHEMA() AND table_name = 'vet_specialties' AND column_name = 'name') AND objoid = (SELECT oid FROM pg_catalog.pg_class WHERE relname = 'vet_specialties' AND relnamespace = (SELECT oid FROM pg_catalog.pg_namespace WHERE nspname = CURRENT_SCHEMA()))

2025/02/13 14:39:13 /home/bryan/repos/skripsi/backend/setup/setup.go:78
[2.090ms] [rows:1] SELECT count(*) FROM information_schema.tables WHERE table_schema = CURRENT_SCHEMA() AND table_name = 'user_vet_specialties' AND table_type = 'BASE TABLE'

2025/02/13 14:39:13 /home/bryan/repos/skripsi/backend/setup/setup.go:78
[0.740ms] [rows:1] SELECT CURRENT_DATABASE()

2025/02/13 14:39:13 /home/bryan/repos/skripsi/backend/setup/setup.go:78
[10.755ms] [rows:-] SELECT c.column_name, c.is_nullable = 'YES', c.udt_name, c.character_maximum_length, c.numeric_precision, c.numeric_precision_radix, c.numeric_scale, c.datetime_precision, 8 * typlen, c.column_default, pd.description, c.identity_increment FROM information_schema.columns AS c JOIN pg_type AS pgt ON c.udt_name = pgt.typname LEFT JOIN pg_catalog.pg_description as pd ON pd.objsubid = c.ordinal_position AND pd.objoid = (SELECT oid FROM pg_catalog.pg_class WHERE relname = c.table_name AND relnamespace = (SELECT oid FROM pg_catalog.pg_namespace WHERE nspname = c.table_schema)) where table_catalog = $1$ AND table_schema = CURRENT_SCHEMA() AND table_name = $2$

2025/02/13 14:39:13 /home/bryan/repos/skripsi/backend/setup/setup.go:78
[1.026ms] [rows:-] SELECT * FROM "user_vet_specialties" LIMIT $1$

2025/02/13 14:39:14 /home/bryan/repos/skripsi/backend/setup/setup.go:78
[15.524ms] [rows:-] SELECT constraint_name FROM information_schema.table_constraints tc JOIN information_schema.constraint_column_usage AS ccu USING (constraint_schema, constraint_catalog, table_name, constraint_name) JOIN information_schema.columns AS c ON c.table_schema = tc.constraint_schema AND tc.table_name = c.table_name AND ccu.column_name = c.column_name WHERE constraint_type IN ('PRIMARY KEY', 'UNIQUE') AND c.table_catalog = $1$ AND c.table_schema = CURRENT_SCHEMA() AND c.table_name = $2$ AND constraint_type = $3$

2025/02/13 14:39:14 /home/bryan/repos/skripsi/backend/setup/setup.go:78
[15.972ms] [rows:-] SELECT c.column_name, constraint_name, constraint_type FROM information_schema.table_constraints tc JOIN information_schema.constraint_column_usage AS ccu USING (constraint_schema, constraint_catalog, table_name, constraint_name) JOIN information_schema.columns AS c ON c.table_schema = tc.constraint_schema AND tc.table_name = c.table_name AND ccu.column_name = c.column_name WHERE constraint_type IN ('PRIMARY KEY', 'UNIQUE') AND c.table_catalog = $1$ AND c.table_schema = CURRENT_SCHEMA() AND c.table_name = $2$

2025/02/13 14:39:14 /home/bryan/repos/skripsi/backend/setup/setup.go:78
[2.286ms] [rows:-] SELECT a.attname as column_name, format_type(a.atttypid, a.atttypmod) AS data_type
		FROM pg_attribute a JOIN pg_class b ON a.attrelid = b.oid AND relnamespace = (SELECT oid FROM pg_catalog.pg_namespace WHERE nspname = CURRENT_SCHEMA())
		WHERE a.attnum > 0 -- hide internal columns
		AND NOT a.attisdropped -- hide deleted columns
		AND b.relname = $1$

2025/02/13 14:39:14 /home/bryan/repos/skripsi/backend/setup/setup.go:78
[1.400ms] [rows:0] SELECT description FROM pg_catalog.pg_description WHERE objsubid = (SELECT ordinal_position FROM information_schema.columns WHERE table_schema = CURRENT_SCHEMA() AND table_name = 'user_vet_specialties' AND column_name = 'user_id') AND objoid = (SELECT oid FROM pg_catalog.pg_class WHERE relname = 'user_vet_specialties' AND relnamespace = (SELECT oid FROM pg_catalog.pg_namespace WHERE nspname = CURRENT_SCHEMA()))

2025/02/13 14:39:14 /home/bryan/repos/skripsi/backend/setup/setup.go:78
[1.416ms] [rows:0] SELECT description FROM pg_catalog.pg_description WHERE objsubid = (SELECT ordinal_position FROM information_schema.columns WHERE table_schema = CURRENT_SCHEMA() AND table_name = 'user_vet_specialties' AND column_name = 'vet_specialty_id') AND objoid = (SELECT oid FROM pg_catalog.pg_class WHERE relname = 'user_vet_specialties' AND relnamespace = (SELECT oid FROM pg_catalog.pg_namespace WHERE nspname = CURRENT_SCHEMA()))

2025/02/13 14:39:14 /home/bryan/repos/skripsi/backend/setup/setup.go:78
[3.613ms] [rows:1] SELECT count(*) FROM INFORMATION_SCHEMA.table_constraints WHERE table_schema = CURRENT_SCHEMA() AND table_name = 'user_vet_specialties' AND constraint_name = 'fk_user_vet_specialties_vet_specialty'

2025/02/13 14:39:14 /home/bryan/repos/skripsi/backend/setup/setup.go:78
[3.495ms] [rows:1] SELECT count(*) FROM INFORMATION_SCHEMA.table_constraints WHERE table_schema = CURRENT_SCHEMA() AND table_name = 'user_vet_specialties' AND constraint_name = 'fk_user_vet_specialties_user'

2025/02/13 14:39:14 /home/bryan/repos/skripsi/backend/setup/setup.go:78
[2.217ms] [rows:1] SELECT count(*) FROM information_schema.tables WHERE table_schema = CURRENT_SCHEMA() AND table_name = 'daily_walks' AND table_type = 'BASE TABLE'

2025/02/13 14:39:14 /home/bryan/repos/skripsi/backend/setup/setup.go:78
[0.900ms] [rows:1] SELECT CURRENT_DATABASE()

2025/02/13 14:39:14 /home/bryan/repos/skripsi/backend/setup/setup.go:78
[11.589ms] [rows:-] SELECT c.column_name, c.is_nullable = 'YES', c.udt_name, c.character_maximum_length, c.numeric_precision, c.numeric_precision_radix, c.numeric_scale, c.datetime_precision, 8 * typlen, c.column_default, pd.description, c.identity_increment FROM information_schema.columns AS c JOIN pg_type AS pgt ON c.udt_name = pgt.typname LEFT JOIN pg_catalog.pg_description as pd ON pd.objsubid = c.ordinal_position AND pd.objoid = (SELECT oid FROM pg_catalog.pg_class WHERE relname = c.table_name AND relnamespace = (SELECT oid FROM pg_catalog.pg_namespace WHERE nspname = c.table_schema)) where table_catalog = $1$ AND table_schema = CURRENT_SCHEMA() AND table_name = $2$

2025/02/13 14:39:14 /home/bryan/repos/skripsi/backend/setup/setup.go:78
[0.909ms] [rows:-] SELECT * FROM "daily_walks" LIMIT $1$

2025/02/13 14:39:14 /home/bryan/repos/skripsi/backend/setup/setup.go:78
[15.085ms] [rows:-] SELECT constraint_name FROM information_schema.table_constraints tc JOIN information_schema.constraint_column_usage AS ccu USING (constraint_schema, constraint_catalog, table_name, constraint_name) JOIN information_schema.columns AS c ON c.table_schema = tc.constraint_schema AND tc.table_name = c.table_name AND ccu.column_name = c.column_name WHERE constraint_type IN ('PRIMARY KEY', 'UNIQUE') AND c.table_catalog = $1$ AND c.table_schema = CURRENT_SCHEMA() AND c.table_name = $2$ AND constraint_type = $3$

2025/02/13 14:39:14 /home/bryan/repos/skripsi/backend/setup/setup.go:78
[14.871ms] [rows:-] SELECT c.column_name, constraint_name, constraint_type FROM information_schema.table_constraints tc JOIN information_schema.constraint_column_usage AS ccu USING (constraint_schema, constraint_catalog, table_name, constraint_name) JOIN information_schema.columns AS c ON c.table_schema = tc.constraint_schema AND tc.table_name = c.table_name AND ccu.column_name = c.column_name WHERE constraint_type IN ('PRIMARY KEY', 'UNIQUE') AND c.table_catalog = $1$ AND c.table_schema = CURRENT_SCHEMA() AND c.table_name = $2$

2025/02/13 14:39:14 /home/bryan/repos/skripsi/backend/setup/setup.go:78
[1.516ms] [rows:-] SELECT a.attname as column_name, format_type(a.atttypid, a.atttypmod) AS data_type
		FROM pg_attribute a JOIN pg_class b ON a.attrelid = b.oid AND relnamespace = (SELECT oid FROM pg_catalog.pg_namespace WHERE nspname = CURRENT_SCHEMA())
		WHERE a.attnum > 0 -- hide internal columns
		AND NOT a.attisdropped -- hide deleted columns
		AND b.relname = $1$

2025/02/13 14:39:14 /home/bryan/repos/skripsi/backend/setup/setup.go:78
[1.245ms] [rows:0] SELECT description FROM pg_catalog.pg_description WHERE objsubid = (SELECT ordinal_position FROM information_schema.columns WHERE table_schema = CURRENT_SCHEMA() AND table_name = 'daily_walks' AND column_name = 'id') AND objoid = (SELECT oid FROM pg_catalog.pg_class WHERE relname = 'daily_walks' AND relnamespace = (SELECT oid FROM pg_catalog.pg_namespace WHERE nspname = CURRENT_SCHEMA()))

2025/02/13 14:39:14 /home/bryan/repos/skripsi/backend/setup/setup.go:78
[1.440ms] [rows:0] SELECT description FROM pg_catalog.pg_description WHERE objsubid = (SELECT ordinal_position FROM information_schema.columns WHERE table_schema = CURRENT_SCHEMA() AND table_name = 'daily_walks' AND column_name = 'name') AND objoid = (SELECT oid FROM pg_catalog.pg_class WHERE relname = 'daily_walks' AND relnamespace = (SELECT oid FROM pg_catalog.pg_namespace WHERE nspname = CURRENT_SCHEMA()))

2025/02/13 14:39:14 /home/bryan/repos/skripsi/backend/setup/setup.go:78
[1.983ms] [rows:1] SELECT count(*) FROM information_schema.tables WHERE table_schema = CURRENT_SCHEMA() AND table_name = 'daily_playtimes' AND table_type = 'BASE TABLE'

2025/02/13 14:39:14 /home/bryan/repos/skripsi/backend/setup/setup.go:78
[0.769ms] [rows:1] SELECT CURRENT_DATABASE()

2025/02/13 14:39:14 /home/bryan/repos/skripsi/backend/setup/setup.go:78
[11.105ms] [rows:-] SELECT c.column_name, c.is_nullable = 'YES', c.udt_name, c.character_maximum_length, c.numeric_precision, c.numeric_precision_radix, c.numeric_scale, c.datetime_precision, 8 * typlen, c.column_default, pd.description, c.identity_increment FROM information_schema.columns AS c JOIN pg_type AS pgt ON c.udt_name = pgt.typname LEFT JOIN pg_catalog.pg_description as pd ON pd.objsubid = c.ordinal_position AND pd.objoid = (SELECT oid FROM pg_catalog.pg_class WHERE relname = c.table_name AND relnamespace = (SELECT oid FROM pg_catalog.pg_namespace WHERE nspname = c.table_schema)) where table_catalog = $1$ AND table_schema = CURRENT_SCHEMA() AND table_name = $2$

2025/02/13 14:39:14 /home/bryan/repos/skripsi/backend/setup/setup.go:78
[0.969ms] [rows:-] SELECT * FROM "daily_playtimes" LIMIT $1$

2025/02/13 14:39:14 /home/bryan/repos/skripsi/backend/setup/setup.go:78
[15.946ms] [rows:-] SELECT constraint_name FROM information_schema.table_constraints tc JOIN information_schema.constraint_column_usage AS ccu USING (constraint_schema, constraint_catalog, table_name, constraint_name) JOIN information_schema.columns AS c ON c.table_schema = tc.constraint_schema AND tc.table_name = c.table_name AND ccu.column_name = c.column_name WHERE constraint_type IN ('PRIMARY KEY', 'UNIQUE') AND c.table_catalog = $1$ AND c.table_schema = CURRENT_SCHEMA() AND c.table_name = $2$ AND constraint_type = $3$

2025/02/13 14:39:14 /home/bryan/repos/skripsi/backend/setup/setup.go:78
[16.256ms] [rows:-] SELECT c.column_name, constraint_name, constraint_type FROM information_schema.table_constraints tc JOIN information_schema.constraint_column_usage AS ccu USING (constraint_schema, constraint_catalog, table_name, constraint_name) JOIN information_schema.columns AS c ON c.table_schema = tc.constraint_schema AND tc.table_name = c.table_name AND ccu.column_name = c.column_name WHERE constraint_type IN ('PRIMARY KEY', 'UNIQUE') AND c.table_catalog = $1$ AND c.table_schema = CURRENT_SCHEMA() AND c.table_name = $2$

2025/02/13 14:39:14 /home/bryan/repos/skripsi/backend/setup/setup.go:78
[1.583ms] [rows:-] SELECT a.attname as column_name, format_type(a.atttypid, a.atttypmod) AS data_type
		FROM pg_attribute a JOIN pg_class b ON a.attrelid = b.oid AND relnamespace = (SELECT oid FROM pg_catalog.pg_namespace WHERE nspname = CURRENT_SCHEMA())
		WHERE a.attnum > 0 -- hide internal columns
		AND NOT a.attisdropped -- hide deleted columns
		AND b.relname = $1$

2025/02/13 14:39:14 /home/bryan/repos/skripsi/backend/setup/setup.go:78
[1.195ms] [rows:0] SELECT description FROM pg_catalog.pg_description WHERE objsubid = (SELECT ordinal_position FROM information_schema.columns WHERE table_schema = CURRENT_SCHEMA() AND table_name = 'daily_playtimes' AND column_name = 'id') AND objoid = (SELECT oid FROM pg_catalog.pg_class WHERE relname = 'daily_playtimes' AND relnamespace = (SELECT oid FROM pg_catalog.pg_namespace WHERE nspname = CURRENT_SCHEMA()))

2025/02/13 14:39:14 /home/bryan/repos/skripsi/backend/setup/setup.go:78
[1.351ms] [rows:0] SELECT description FROM pg_catalog.pg_description WHERE objsubid = (SELECT ordinal_position FROM information_schema.columns WHERE table_schema = CURRENT_SCHEMA() AND table_name = 'daily_playtimes' AND column_name = 'name') AND objoid = (SELECT oid FROM pg_catalog.pg_class WHERE relname = 'daily_playtimes' AND relnamespace = (SELECT oid FROM pg_catalog.pg_namespace WHERE nspname = CURRENT_SCHEMA()))

2025/02/13 14:39:14 /home/bryan/repos/skripsi/backend/setup/setup.go:78
[0.945ms] [rows:1] SELECT count(*) FROM information_schema.tables WHERE table_schema = CURRENT_SCHEMA() AND table_name = 'pet_daycares' AND table_type = 'BASE TABLE'

2025/02/13 14:39:14 /home/bryan/repos/skripsi/backend/setup/setup.go:78
[0.698ms] [rows:1] SELECT CURRENT_DATABASE()

2025/02/13 14:39:14 /home/bryan/repos/skripsi/backend/setup/setup.go:78
[4.568ms] [rows:-] SELECT c.column_name, c.is_nullable = 'YES', c.udt_name, c.character_maximum_length, c.numeric_precision, c.numeric_precision_radix, c.numeric_scale, c.datetime_precision, 8 * typlen, c.column_default, pd.description, c.identity_increment FROM information_schema.columns AS c JOIN pg_type AS pgt ON c.udt_name = pgt.typname LEFT JOIN pg_catalog.pg_description as pd ON pd.objsubid = c.ordinal_position AND pd.objoid = (SELECT oid FROM pg_catalog.pg_class WHERE relname = c.table_name AND relnamespace = (SELECT oid FROM pg_catalog.pg_namespace WHERE nspname = c.table_schema)) where table_catalog = $1$ AND table_schema = CURRENT_SCHEMA() AND table_name = $2$

2025/02/13 14:39:14 /home/bryan/repos/skripsi/backend/setup/setup.go:78
[1.088ms] [rows:-] SELECT * FROM "pet_daycares" LIMIT $1$

2025/02/13 14:39:14 /home/bryan/repos/skripsi/backend/setup/setup.go:78
[6.594ms] [rows:-] SELECT constraint_name FROM information_schema.table_constraints tc JOIN information_schema.constraint_column_usage AS ccu USING (constraint_schema, constraint_catalog, table_name, constraint_name) JOIN information_schema.columns AS c ON c.table_schema = tc.constraint_schema AND tc.table_name = c.table_name AND ccu.column_name = c.column_name WHERE constraint_type IN ('PRIMARY KEY', 'UNIQUE') AND c.table_catalog = $1$ AND c.table_schema = CURRENT_SCHEMA() AND c.table_name = $2$ AND constraint_type = $3$

2025/02/13 14:39:14 /home/bryan/repos/skripsi/backend/setup/setup.go:78
[6.636ms] [rows:-] SELECT c.column_name, constraint_name, constraint_type FROM information_schema.table_constraints tc JOIN information_schema.constraint_column_usage AS ccu USING (constraint_schema, constraint_catalog, table_name, constraint_name) JOIN information_schema.columns AS c ON c.table_schema = tc.constraint_schema AND tc.table_name = c.table_name AND ccu.column_name = c.column_name WHERE constraint_type IN ('PRIMARY KEY', 'UNIQUE') AND c.table_catalog = $1$ AND c.table_schema = CURRENT_SCHEMA() AND c.table_name = $2$

2025/02/13 14:39:14 /home/bryan/repos/skripsi/backend/setup/setup.go:78
[1.068ms] [rows:-] SELECT a.attname as column_name, format_type(a.atttypid, a.atttypmod) AS data_type
		FROM pg_attribute a JOIN pg_class b ON a.attrelid = b.oid AND relnamespace = (SELECT oid FROM pg_catalog.pg_namespace WHERE nspname = CURRENT_SCHEMA())
		WHERE a.attnum > 0 -- hide internal columns
		AND NOT a.attisdropped -- hide deleted columns
		AND b.relname = $1$

2025/02/13 14:39:14 /home/bryan/repos/skripsi/backend/setup/setup.go:78
[1.448ms] [rows:0] SELECT description FROM pg_catalog.pg_description WHERE objsubid = (SELECT ordinal_position FROM information_schema.columns WHERE table_schema = CURRENT_SCHEMA() AND table_name = 'pet_daycares' AND column_name = 'id') AND objoid = (SELECT oid FROM pg_catalog.pg_class WHERE relname = 'pet_daycares' AND relnamespace = (SELECT oid FROM pg_catalog.pg_namespace WHERE nspname = CURRENT_SCHEMA()))

2025/02/13 14:39:14 /home/bryan/repos/skripsi/backend/setup/setup.go:78
[1.433ms] [rows:0] SELECT description FROM pg_catalog.pg_description WHERE objsubid = (SELECT ordinal_position FROM information_schema.columns WHERE table_schema = CURRENT_SCHEMA() AND table_name = 'pet_daycares' AND column_name = 'created_at') AND objoid = (SELECT oid FROM pg_catalog.pg_class WHERE relname = 'pet_daycares' AND relnamespace = (SELECT oid FROM pg_catalog.pg_namespace WHERE nspname = CURRENT_SCHEMA()))

2025/02/13 14:39:14 /home/bryan/repos/skripsi/backend/setup/setup.go:78
[1.377ms] [rows:0] SELECT description FROM pg_catalog.pg_description WHERE objsubid = (SELECT ordinal_position FROM information_schema.columns WHERE table_schema = CURRENT_SCHEMA() AND table_name = 'pet_daycares' AND column_name = 'updated_at') AND objoid = (SELECT oid FROM pg_catalog.pg_class WHERE relname = 'pet_daycares' AND relnamespace = (SELECT oid FROM pg_catalog.pg_namespace WHERE nspname = CURRENT_SCHEMA()))

2025/02/13 14:39:14 /home/bryan/repos/skripsi/backend/setup/setup.go:78
[1.514ms] [rows:0] SELECT description FROM pg_catalog.pg_description WHERE objsubid = (SELECT ordinal_position FROM information_schema.columns WHERE table_schema = CURRENT_SCHEMA() AND table_name = 'pet_daycares' AND column_name = 'deleted_at') AND objoid = (SELECT oid FROM pg_catalog.pg_class WHERE relname = 'pet_daycares' AND relnamespace = (SELECT oid FROM pg_catalog.pg_namespace WHERE nspname = CURRENT_SCHEMA()))

2025/02/13 14:39:14 /home/bryan/repos/skripsi/backend/setup/setup.go:78
[1.266ms] [rows:0] SELECT description FROM pg_catalog.pg_description WHERE objsubid = (SELECT ordinal_position FROM information_schema.columns WHERE table_schema = CURRENT_SCHEMA() AND table_name = 'pet_daycares' AND column_name = 'name') AND objoid = (SELECT oid FROM pg_catalog.pg_class WHERE relname = 'pet_daycares' AND relnamespace = (SELECT oid FROM pg_catalog.pg_namespace WHERE nspname = CURRENT_SCHEMA()))

2025/02/13 14:39:14 /home/bryan/repos/skripsi/backend/setup/setup.go:78
[1.302ms] [rows:0] SELECT description FROM pg_catalog.pg_description WHERE objsubid = (SELECT ordinal_position FROM information_schema.columns WHERE table_schema = CURRENT_SCHEMA() AND table_name = 'pet_daycares' AND column_name = 'address') AND objoid = (SELECT oid FROM pg_catalog.pg_class WHERE relname = 'pet_daycares' AND relnamespace = (SELECT oid FROM pg_catalog.pg_namespace WHERE nspname = CURRENT_SCHEMA()))

2025/02/13 14:39:14 /home/bryan/repos/skripsi/backend/setup/setup.go:78
[1.282ms] [rows:0] SELECT description FROM pg_catalog.pg_description WHERE objsubid = (SELECT ordinal_position FROM information_schema.columns WHERE table_schema = CURRENT_SCHEMA() AND table_name = 'pet_daycares' AND column_name = 'latitude') AND objoid = (SELECT oid FROM pg_catalog.pg_class WHERE relname = 'pet_daycares' AND relnamespace = (SELECT oid FROM pg_catalog.pg_namespace WHERE nspname = CURRENT_SCHEMA()))

2025/02/13 14:39:14 /home/bryan/repos/skripsi/backend/setup/setup.go:78
[1.493ms] [rows:0] SELECT description FROM pg_catalog.pg_description WHERE objsubid = (SELECT ordinal_position FROM information_schema.columns WHERE table_schema = CURRENT_SCHEMA() AND table_name = 'pet_daycares' AND column_name = 'longitude') AND objoid = (SELECT oid FROM pg_catalog.pg_class WHERE relname = 'pet_daycares' AND relnamespace = (SELECT oid FROM pg_catalog.pg_namespace WHERE nspname = CURRENT_SCHEMA()))

2025/02/13 14:39:14 /home/bryan/repos/skripsi/backend/setup/setup.go:78
[1.841ms] [rows:0] SELECT description FROM pg_catalog.pg_description WHERE objsubid = (SELECT ordinal_position FROM information_schema.columns WHERE table_schema = CURRENT_SCHEMA() AND table_name = 'pet_daycares' AND column_name = 'price') AND objoid = (SELECT oid FROM pg_catalog.pg_class WHERE relname = 'pet_daycares' AND relnamespace = (SELECT oid FROM pg_catalog.pg_namespace WHERE nspname = CURRENT_SCHEMA()))

2025/02/13 14:39:14 /home/bryan/repos/skripsi/backend/setup/setup.go:78
[1.579ms] [rows:0] SELECT description FROM pg_catalog.pg_description WHERE objsubid = (SELECT ordinal_position FROM information_schema.columns WHERE table_schema = CURRENT_SCHEMA() AND table_name = 'pet_daycares' AND column_name = 'pricing_type') AND objoid = (SELECT oid FROM pg_catalog.pg_class WHERE relname = 'pet_daycares' AND relnamespace = (SELECT oid FROM pg_catalog.pg_namespace WHERE nspname = CURRENT_SCHEMA()))

2025/02/13 14:39:14 /home/bryan/repos/skripsi/backend/setup/setup.go:78
[4.144ms] [rows:0] SELECT description FROM pg_catalog.pg_description WHERE objsubid = (SELECT ordinal_position FROM information_schema.columns WHERE table_schema = CURRENT_SCHEMA() AND table_name = 'pet_daycares' AND column_name = 'description') AND objoid = (SELECT oid FROM pg_catalog.pg_class WHERE relname = 'pet_daycares' AND relnamespace = (SELECT oid FROM pg_catalog.pg_namespace WHERE nspname = CURRENT_SCHEMA()))

2025/02/13 14:39:14 /home/bryan/repos/skripsi/backend/setup/setup.go:78
[1.376ms] [rows:0] SELECT description FROM pg_catalog.pg_description WHERE objsubid = (SELECT ordinal_position FROM information_schema.columns WHERE table_schema = CURRENT_SCHEMA() AND table_name = 'pet_daycares' AND column_name = 'has_pickup_service') AND objoid = (SELECT oid FROM pg_catalog.pg_class WHERE relname = 'pet_daycares' AND relnamespace = (SELECT oid FROM pg_catalog.pg_namespace WHERE nspname = CURRENT_SCHEMA()))

2025/02/13 14:39:14 /home/bryan/repos/skripsi/backend/setup/setup.go:78
[1.414ms] [rows:0] SELECT description FROM pg_catalog.pg_description WHERE objsubid = (SELECT ordinal_position FROM information_schema.columns WHERE table_schema = CURRENT_SCHEMA() AND table_name = 'pet_daycares' AND column_name = 'must_be_vaccinated') AND objoid = (SELECT oid FROM pg_catalog.pg_class WHERE relname = 'pet_daycares' AND relnamespace = (SELECT oid FROM pg_catalog.pg_namespace WHERE nspname = CURRENT_SCHEMA()))

2025/02/13 14:39:14 /home/bryan/repos/skripsi/backend/setup/setup.go:78
[1.422ms] [rows:0] SELECT description FROM pg_catalog.pg_description WHERE objsubid = (SELECT ordinal_position FROM information_schema.columns WHERE table_schema = CURRENT_SCHEMA() AND table_name = 'pet_daycares' AND column_name = 'food_provided') AND objoid = (SELECT oid FROM pg_catalog.pg_class WHERE relname = 'pet_daycares' AND relnamespace = (SELECT oid FROM pg_catalog.pg_namespace WHERE nspname = CURRENT_SCHEMA()))

2025/02/13 14:39:14 /home/bryan/repos/skripsi/backend/setup/setup.go:78
[1.412ms] [rows:0] SELECT description FROM pg_catalog.pg_description WHERE objsubid = (SELECT ordinal_position FROM information_schema.columns WHERE table_schema = CURRENT_SCHEMA() AND table_name = 'pet_daycares' AND column_name = 'grooming_available') AND objoid = (SELECT oid FROM pg_catalog.pg_class WHERE relname = 'pet_daycares' AND relnamespace = (SELECT oid FROM pg_catalog.pg_namespace WHERE nspname = CURRENT_SCHEMA()))

2025/02/13 14:39:14 /home/bryan/repos/skripsi/backend/setup/setup.go:78
[1.480ms] [rows:0] SELECT description FROM pg_catalog.pg_description WHERE objsubid = (SELECT ordinal_position FROM information_schema.columns WHERE table_schema = CURRENT_SCHEMA() AND table_name = 'pet_daycares' AND column_name = 'booked_num') AND objoid = (SELECT oid FROM pg_catalog.pg_class WHERE relname = 'pet_daycares' AND relnamespace = (SELECT oid FROM pg_catalog.pg_namespace WHERE nspname = CURRENT_SCHEMA()))

2025/02/13 14:39:14 /home/bryan/repos/skripsi/backend/setup/setup.go:78
[1.352ms] [rows:0] SELECT description FROM pg_catalog.pg_description WHERE objsubid = (SELECT ordinal_position FROM information_schema.columns WHERE table_schema = CURRENT_SCHEMA() AND table_name = 'pet_daycares' AND column_name = 'daily_walks_id') AND objoid = (SELECT oid FROM pg_catalog.pg_class WHERE relname = 'pet_daycares' AND relnamespace = (SELECT oid FROM pg_catalog.pg_namespace WHERE nspname = CURRENT_SCHEMA()))

2025/02/13 14:39:14 /home/bryan/repos/skripsi/backend/setup/setup.go:78
[1.320ms] [rows:0] SELECT description FROM pg_catalog.pg_description WHERE objsubid = (SELECT ordinal_position FROM information_schema.columns WHERE table_schema = CURRENT_SCHEMA() AND table_name = 'pet_daycares' AND column_name = 'daily_playtime_id') AND objoid = (SELECT oid FROM pg_catalog.pg_class WHERE relname = 'pet_daycares' AND relnamespace = (SELECT oid FROM pg_catalog.pg_namespace WHERE nspname = CURRENT_SCHEMA()))

2025/02/13 14:39:14 /home/bryan/repos/skripsi/backend/setup/setup.go:78
[1.334ms] [rows:0] SELECT description FROM pg_catalog.pg_description WHERE objsubid = (SELECT ordinal_position FROM information_schema.columns WHERE table_schema = CURRENT_SCHEMA() AND table_name = 'pet_daycares' AND column_name = 'owner_id') AND objoid = (SELECT oid FROM pg_catalog.pg_class WHERE relname = 'pet_daycares' AND relnamespace = (SELECT oid FROM pg_catalog.pg_namespace WHERE nspname = CURRENT_SCHEMA()))

2025/02/13 14:39:14 /home/bryan/repos/skripsi/backend/setup/setup.go:78
[1.327ms] [rows:0] SELECT description FROM pg_catalog.pg_description WHERE objsubid = (SELECT ordinal_position FROM information_schema.columns WHERE table_schema = CURRENT_SCHEMA() AND table_name = 'pet_daycares' AND column_name = 'food_brand') AND objoid = (SELECT oid FROM pg_catalog.pg_class WHERE relname = 'pet_daycares' AND relnamespace = (SELECT oid FROM pg_catalog.pg_namespace WHERE nspname = CURRENT_SCHEMA()))

2025/02/13 14:39:14 /home/bryan/repos/skripsi/backend/setup/setup.go:78
[3.604ms] [rows:1] SELECT count(*) FROM INFORMATION_SCHEMA.table_constraints WHERE table_schema = CURRENT_SCHEMA() AND table_name = 'pet_daycares' AND constraint_name = 'fk_users_pet_daycare'

2025/02/13 14:39:14 /home/bryan/repos/skripsi/backend/setup/setup.go:78
[3.500ms] [rows:1] SELECT count(*) FROM INFORMATION_SCHEMA.table_constraints WHERE table_schema = CURRENT_SCHEMA() AND table_name = 'pet_daycares' AND constraint_name = 'fk_pet_daycares_daily_walks'

2025/02/13 14:39:14 /home/bryan/repos/skripsi/backend/setup/setup.go:78
[3.497ms] [rows:1] SELECT count(*) FROM INFORMATION_SCHEMA.table_constraints WHERE table_schema = CURRENT_SCHEMA() AND table_name = 'pet_daycares' AND constraint_name = 'fk_pet_daycares_daily_playtime'

2025/02/13 14:39:14 /home/bryan/repos/skripsi/backend/setup/setup.go:78
[2.514ms] [rows:1] SELECT count(*) FROM pg_indexes WHERE tablename = 'pet_daycares' AND indexname = 'idx_pet_daycares_deleted_at' AND schemaname = CURRENT_SCHEMA()

2025/02/13 14:39:14 /home/bryan/repos/skripsi/backend/setup/setup.go:78
[1.035ms] [rows:1] SELECT count(*) FROM information_schema.tables WHERE table_schema = CURRENT_SCHEMA() AND table_name = 'species' AND table_type = 'BASE TABLE'

2025/02/13 14:39:14 /home/bryan/repos/skripsi/backend/setup/setup.go:78
[0.650ms] [rows:1] SELECT CURRENT_DATABASE()

2025/02/13 14:39:14 /home/bryan/repos/skripsi/backend/setup/setup.go:78
[2.540ms] [rows:-] SELECT c.column_name, c.is_nullable = 'YES', c.udt_name, c.character_maximum_length, c.numeric_precision, c.numeric_precision_radix, c.numeric_scale, c.datetime_precision, 8 * typlen, c.column_default, pd.description, c.identity_increment FROM information_schema.columns AS c JOIN pg_type AS pgt ON c.udt_name = pgt.typname LEFT JOIN pg_catalog.pg_description as pd ON pd.objsubid = c.ordinal_position AND pd.objoid = (SELECT oid FROM pg_catalog.pg_class WHERE relname = c.table_name AND relnamespace = (SELECT oid FROM pg_catalog.pg_namespace WHERE nspname = c.table_schema)) where table_catalog = $1$ AND table_schema = CURRENT_SCHEMA() AND table_name = $2$

2025/02/13 14:39:14 /home/bryan/repos/skripsi/backend/setup/setup.go:78
[0.785ms] [rows:-] SELECT * FROM "species" LIMIT $1$

2025/02/13 14:39:14 /home/bryan/repos/skripsi/backend/setup/setup.go:78
[2.380ms] [rows:-] SELECT constraint_name FROM information_schema.table_constraints tc JOIN information_schema.constraint_column_usage AS ccu USING (constraint_schema, constraint_catalog, table_name, constraint_name) JOIN information_schema.columns AS c ON c.table_schema = tc.constraint_schema AND tc.table_name = c.table_name AND ccu.column_name = c.column_name WHERE constraint_type IN ('PRIMARY KEY', 'UNIQUE') AND c.table_catalog = $1$ AND c.table_schema = CURRENT_SCHEMA() AND c.table_name = $2$ AND constraint_type = $3$

2025/02/13 14:39:14 /home/bryan/repos/skripsi/backend/setup/setup.go:78
[2.274ms] [rows:-] SELECT c.column_name, constraint_name, constraint_type FROM information_schema.table_constraints tc JOIN information_schema.constraint_column_usage AS ccu USING (constraint_schema, constraint_catalog, table_name, constraint_name) JOIN information_schema.columns AS c ON c.table_schema = tc.constraint_schema AND tc.table_name = c.table_name AND ccu.column_name = c.column_name WHERE constraint_type IN ('PRIMARY KEY', 'UNIQUE') AND c.table_catalog = $1$ AND c.table_schema = CURRENT_SCHEMA() AND c.table_name = $2$

2025/02/13 14:39:14 /home/bryan/repos/skripsi/backend/setup/setup.go:78
[0.848ms] [rows:-] SELECT a.attname as column_name, format_type(a.atttypid, a.atttypmod) AS data_type
		FROM pg_attribute a JOIN pg_class b ON a.attrelid = b.oid AND relnamespace = (SELECT oid FROM pg_catalog.pg_namespace WHERE nspname = CURRENT_SCHEMA())
		WHERE a.attnum > 0 -- hide internal columns
		AND NOT a.attisdropped -- hide deleted columns
		AND b.relname = $1$

2025/02/13 14:39:14 /home/bryan/repos/skripsi/backend/setup/setup.go:78
[1.301ms] [rows:0] SELECT description FROM pg_catalog.pg_description WHERE objsubid = (SELECT ordinal_position FROM information_schema.columns WHERE table_schema = CURRENT_SCHEMA() AND table_name = 'species' AND column_name = 'id') AND objoid = (SELECT oid FROM pg_catalog.pg_class WHERE relname = 'species' AND relnamespace = (SELECT oid FROM pg_catalog.pg_namespace WHERE nspname = CURRENT_SCHEMA()))

2025/02/13 14:39:14 /home/bryan/repos/skripsi/backend/setup/setup.go:78
[1.408ms] [rows:0] SELECT description FROM pg_catalog.pg_description WHERE objsubid = (SELECT ordinal_position FROM information_schema.columns WHERE table_schema = CURRENT_SCHEMA() AND table_name = 'species' AND column_name = 'name') AND objoid = (SELECT oid FROM pg_catalog.pg_class WHERE relname = 'species' AND relnamespace = (SELECT oid FROM pg_catalog.pg_namespace WHERE nspname = CURRENT_SCHEMA()))

2025/02/13 14:39:14 /home/bryan/repos/skripsi/backend/setup/setup.go:78
[0.963ms] [rows:1] SELECT count(*) FROM information_schema.tables WHERE table_schema = CURRENT_SCHEMA() AND table_name = 'size_categories' AND table_type = 'BASE TABLE'

2025/02/13 14:39:14 /home/bryan/repos/skripsi/backend/setup/setup.go:78
[0.754ms] [rows:1] SELECT CURRENT_DATABASE()

2025/02/13 14:39:14 /home/bryan/repos/skripsi/backend/setup/setup.go:78
[2.806ms] [rows:-] SELECT c.column_name, c.is_nullable = 'YES', c.udt_name, c.character_maximum_length, c.numeric_precision, c.numeric_precision_radix, c.numeric_scale, c.datetime_precision, 8 * typlen, c.column_default, pd.description, c.identity_increment FROM information_schema.columns AS c JOIN pg_type AS pgt ON c.udt_name = pgt.typname LEFT JOIN pg_catalog.pg_description as pd ON pd.objsubid = c.ordinal_position AND pd.objoid = (SELECT oid FROM pg_catalog.pg_class WHERE relname = c.table_name AND relnamespace = (SELECT oid FROM pg_catalog.pg_namespace WHERE nspname = c.table_schema)) where table_catalog = $1$ AND table_schema = CURRENT_SCHEMA() AND table_name = $2$

2025/02/13 14:39:14 /home/bryan/repos/skripsi/backend/setup/setup.go:78
[0.832ms] [rows:-] SELECT * FROM "size_categories" LIMIT $1$

2025/02/13 14:39:14 /home/bryan/repos/skripsi/backend/setup/setup.go:78
[2.423ms] [rows:-] SELECT constraint_name FROM information_schema.table_constraints tc JOIN information_schema.constraint_column_usage AS ccu USING (constraint_schema, constraint_catalog, table_name, constraint_name) JOIN information_schema.columns AS c ON c.table_schema = tc.constraint_schema AND tc.table_name = c.table_name AND ccu.column_name = c.column_name WHERE constraint_type IN ('PRIMARY KEY', 'UNIQUE') AND c.table_catalog = $1$ AND c.table_schema = CURRENT_SCHEMA() AND c.table_name = $2$ AND constraint_type = $3$

2025/02/13 14:39:14 /home/bryan/repos/skripsi/backend/setup/setup.go:78
[2.693ms] [rows:-] SELECT c.column_name, constraint_name, constraint_type FROM information_schema.table_constraints tc JOIN information_schema.constraint_column_usage AS ccu USING (constraint_schema, constraint_catalog, table_name, constraint_name) JOIN information_schema.columns AS c ON c.table_schema = tc.constraint_schema AND tc.table_name = c.table_name AND ccu.column_name = c.column_name WHERE constraint_type IN ('PRIMARY KEY', 'UNIQUE') AND c.table_catalog = $1$ AND c.table_schema = CURRENT_SCHEMA() AND c.table_name = $2$

2025/02/13 14:39:14 /home/bryan/repos/skripsi/backend/setup/setup.go:78
[1.028ms] [rows:-] SELECT a.attname as column_name, format_type(a.atttypid, a.atttypmod) AS data_type
		FROM pg_attribute a JOIN pg_class b ON a.attrelid = b.oid AND relnamespace = (SELECT oid FROM pg_catalog.pg_namespace WHERE nspname = CURRENT_SCHEMA())
		WHERE a.attnum > 0 -- hide internal columns
		AND NOT a.attisdropped -- hide deleted columns
		AND b.relname = $1$

2025/02/13 14:39:14 /home/bryan/repos/skripsi/backend/setup/setup.go:78
[1.497ms] [rows:0] SELECT description FROM pg_catalog.pg_description WHERE objsubid = (SELECT ordinal_position FROM information_schema.columns WHERE table_schema = CURRENT_SCHEMA() AND table_name = 'size_categories' AND column_name = 'id') AND objoid = (SELECT oid FROM pg_catalog.pg_class WHERE relname = 'size_categories' AND relnamespace = (SELECT oid FROM pg_catalog.pg_namespace WHERE nspname = CURRENT_SCHEMA()))

2025/02/13 14:39:14 /home/bryan/repos/skripsi/backend/setup/setup.go:78
[1.754ms] [rows:0] SELECT description FROM pg_catalog.pg_description WHERE objsubid = (SELECT ordinal_position FROM information_schema.columns WHERE table_schema = CURRENT_SCHEMA() AND table_name = 'size_categories' AND column_name = 'name') AND objoid = (SELECT oid FROM pg_catalog.pg_class WHERE relname = 'size_categories' AND relnamespace = (SELECT oid FROM pg_catalog.pg_namespace WHERE nspname = CURRENT_SCHEMA()))

2025/02/13 14:39:14 /home/bryan/repos/skripsi/backend/setup/setup.go:78
[1.616ms] [rows:0] SELECT description FROM pg_catalog.pg_description WHERE objsubid = (SELECT ordinal_position FROM information_schema.columns WHERE table_schema = CURRENT_SCHEMA() AND table_name = 'size_categories' AND column_name = 'min_weight') AND objoid = (SELECT oid FROM pg_catalog.pg_class WHERE relname = 'size_categories' AND relnamespace = (SELECT oid FROM pg_catalog.pg_namespace WHERE nspname = CURRENT_SCHEMA()))

2025/02/13 14:39:14 /home/bryan/repos/skripsi/backend/setup/setup.go:78
[1.540ms] [rows:0] SELECT description FROM pg_catalog.pg_description WHERE objsubid = (SELECT ordinal_position FROM information_schema.columns WHERE table_schema = CURRENT_SCHEMA() AND table_name = 'size_categories' AND column_name = 'max_weight') AND objoid = (SELECT oid FROM pg_catalog.pg_class WHERE relname = 'size_categories' AND relnamespace = (SELECT oid FROM pg_catalog.pg_namespace WHERE nspname = CURRENT_SCHEMA()))

2025/02/13 14:39:14 /home/bryan/repos/skripsi/backend/setup/setup.go:78
[0.946ms] [rows:1] SELECT count(*) FROM information_schema.tables WHERE table_schema = CURRENT_SCHEMA() AND table_name = 'pets' AND table_type = 'BASE TABLE'

2025/02/13 14:39:14 /home/bryan/repos/skripsi/backend/setup/setup.go:78
[0.773ms] [rows:1] SELECT CURRENT_DATABASE()

2025/02/13 14:39:14 /home/bryan/repos/skripsi/backend/setup/setup.go:78
[3.719ms] [rows:-] SELECT c.column_name, c.is_nullable = 'YES', c.udt_name, c.character_maximum_length, c.numeric_precision, c.numeric_precision_radix, c.numeric_scale, c.datetime_precision, 8 * typlen, c.column_default, pd.description, c.identity_increment FROM information_schema.columns AS c JOIN pg_type AS pgt ON c.udt_name = pgt.typname LEFT JOIN pg_catalog.pg_description as pd ON pd.objsubid = c.ordinal_position AND pd.objoid = (SELECT oid FROM pg_catalog.pg_class WHERE relname = c.table_name AND relnamespace = (SELECT oid FROM pg_catalog.pg_namespace WHERE nspname = c.table_schema)) where table_catalog = $1$ AND table_schema = CURRENT_SCHEMA() AND table_name = $2$

2025/02/13 14:39:14 /home/bryan/repos/skripsi/backend/setup/setup.go:78
[1.144ms] [rows:-] SELECT * FROM "pets" LIMIT $1$

2025/02/13 14:39:14 /home/bryan/repos/skripsi/backend/setup/setup.go:78
[3.431ms] [rows:-] SELECT constraint_name FROM information_schema.table_constraints tc JOIN information_schema.constraint_column_usage AS ccu USING (constraint_schema, constraint_catalog, table_name, constraint_name) JOIN information_schema.columns AS c ON c.table_schema = tc.constraint_schema AND tc.table_name = c.table_name AND ccu.column_name = c.column_name WHERE constraint_type IN ('PRIMARY KEY', 'UNIQUE') AND c.table_catalog = $1$ AND c.table_schema = CURRENT_SCHEMA() AND c.table_name = $2$ AND constraint_type = $3$

2025/02/13 14:39:14 /home/bryan/repos/skripsi/backend/setup/setup.go:78
[3.428ms] [rows:-] SELECT c.column_name, constraint_name, constraint_type FROM information_schema.table_constraints tc JOIN information_schema.constraint_column_usage AS ccu USING (constraint_schema, constraint_catalog, table_name, constraint_name) JOIN information_schema.columns AS c ON c.table_schema = tc.constraint_schema AND tc.table_name = c.table_name AND ccu.column_name = c.column_name WHERE constraint_type IN ('PRIMARY KEY', 'UNIQUE') AND c.table_catalog = $1$ AND c.table_schema = CURRENT_SCHEMA() AND c.table_name = $2$

2025/02/13 14:39:14 /home/bryan/repos/skripsi/backend/setup/setup.go:78
[1.062ms] [rows:-] SELECT a.attname as column_name, format_type(a.atttypid, a.atttypmod) AS data_type
		FROM pg_attribute a JOIN pg_class b ON a.attrelid = b.oid AND relnamespace = (SELECT oid FROM pg_catalog.pg_namespace WHERE nspname = CURRENT_SCHEMA())
		WHERE a.attnum > 0 -- hide internal columns
		AND NOT a.attisdropped -- hide deleted columns
		AND b.relname = $1$

2025/02/13 14:39:14 /home/bryan/repos/skripsi/backend/setup/setup.go:78
[1.434ms] [rows:0] SELECT description FROM pg_catalog.pg_description WHERE objsubid = (SELECT ordinal_position FROM information_schema.columns WHERE table_schema = CURRENT_SCHEMA() AND table_name = 'pets' AND column_name = 'id') AND objoid = (SELECT oid FROM pg_catalog.pg_class WHERE relname = 'pets' AND relnamespace = (SELECT oid FROM pg_catalog.pg_namespace WHERE nspname = CURRENT_SCHEMA()))

2025/02/13 14:39:14 /home/bryan/repos/skripsi/backend/setup/setup.go:78
[1.499ms] [rows:0] SELECT description FROM pg_catalog.pg_description WHERE objsubid = (SELECT ordinal_position FROM information_schema.columns WHERE table_schema = CURRENT_SCHEMA() AND table_name = 'pets' AND column_name = 'created_at') AND objoid = (SELECT oid FROM pg_catalog.pg_class WHERE relname = 'pets' AND relnamespace = (SELECT oid FROM pg_catalog.pg_namespace WHERE nspname = CURRENT_SCHEMA()))

2025/02/13 14:39:14 /home/bryan/repos/skripsi/backend/setup/setup.go:78
[1.549ms] [rows:0] SELECT description FROM pg_catalog.pg_description WHERE objsubid = (SELECT ordinal_position FROM information_schema.columns WHERE table_schema = CURRENT_SCHEMA() AND table_name = 'pets' AND column_name = 'updated_at') AND objoid = (SELECT oid FROM pg_catalog.pg_class WHERE relname = 'pets' AND relnamespace = (SELECT oid FROM pg_catalog.pg_namespace WHERE nspname = CURRENT_SCHEMA()))

2025/02/13 14:39:14 /home/bryan/repos/skripsi/backend/setup/setup.go:78
[1.386ms] [rows:0] SELECT description FROM pg_catalog.pg_description WHERE objsubid = (SELECT ordinal_position FROM information_schema.columns WHERE table_schema = CURRENT_SCHEMA() AND table_name = 'pets' AND column_name = 'deleted_at') AND objoid = (SELECT oid FROM pg_catalog.pg_class WHERE relname = 'pets' AND relnamespace = (SELECT oid FROM pg_catalog.pg_namespace WHERE nspname = CURRENT_SCHEMA()))

2025/02/13 14:39:14 /home/bryan/repos/skripsi/backend/setup/setup.go:78
[1.426ms] [rows:0] SELECT description FROM pg_catalog.pg_description WHERE objsubid = (SELECT ordinal_position FROM information_schema.columns WHERE table_schema = CURRENT_SCHEMA() AND table_name = 'pets' AND column_name = 'name') AND objoid = (SELECT oid FROM pg_catalog.pg_class WHERE relname = 'pets' AND relnamespace = (SELECT oid FROM pg_catalog.pg_namespace WHERE nspname = CURRENT_SCHEMA()))

2025/02/13 14:39:14 /home/bryan/repos/skripsi/backend/setup/setup.go:78
[1.421ms] [rows:0] SELECT description FROM pg_catalog.pg_description WHERE objsubid = (SELECT ordinal_position FROM information_schema.columns WHERE table_schema = CURRENT_SCHEMA() AND table_name = 'pets' AND column_name = 'image_url') AND objoid = (SELECT oid FROM pg_catalog.pg_class WHERE relname = 'pets' AND relnamespace = (SELECT oid FROM pg_catalog.pg_namespace WHERE nspname = CURRENT_SCHEMA()))

2025/02/13 14:39:14 /home/bryan/repos/skripsi/backend/setup/setup.go:78
[1.339ms] [rows:0] SELECT description FROM pg_catalog.pg_description WHERE objsubid = (SELECT ordinal_position FROM information_schema.columns WHERE table_schema = CURRENT_SCHEMA() AND table_name = 'pets' AND column_name = 'status') AND objoid = (SELECT oid FROM pg_catalog.pg_class WHERE relname = 'pets' AND relnamespace = (SELECT oid FROM pg_catalog.pg_namespace WHERE nspname = CURRENT_SCHEMA()))

2025/02/13 14:39:14 /home/bryan/repos/skripsi/backend/setup/setup.go:78
[1.557ms] [rows:0] SELECT description FROM pg_catalog.pg_description WHERE objsubid = (SELECT ordinal_position FROM information_schema.columns WHERE table_schema = CURRENT_SCHEMA() AND table_name = 'pets' AND column_name = 'owner_id') AND objoid = (SELECT oid FROM pg_catalog.pg_class WHERE relname = 'pets' AND relnamespace = (SELECT oid FROM pg_catalog.pg_namespace WHERE nspname = CURRENT_SCHEMA()))

2025/02/13 14:39:14 /home/bryan/repos/skripsi/backend/setup/setup.go:78
[1.440ms] [rows:0] SELECT description FROM pg_catalog.pg_description WHERE objsubid = (SELECT ordinal_position FROM information_schema.columns WHERE table_schema = CURRENT_SCHEMA() AND table_name = 'pets' AND column_name = 'species_id') AND objoid = (SELECT oid FROM pg_catalog.pg_class WHERE relname = 'pets' AND relnamespace = (SELECT oid FROM pg_catalog.pg_namespace WHERE nspname = CURRENT_SCHEMA()))

2025/02/13 14:39:14 /home/bryan/repos/skripsi/backend/setup/setup.go:78
[1.424ms] [rows:0] SELECT description FROM pg_catalog.pg_description WHERE objsubid = (SELECT ordinal_position FROM information_schema.columns WHERE table_schema = CURRENT_SCHEMA() AND table_name = 'pets' AND column_name = 'size_id') AND objoid = (SELECT oid FROM pg_catalog.pg_class WHERE relname = 'pets' AND relnamespace = (SELECT oid FROM pg_catalog.pg_namespace WHERE nspname = CURRENT_SCHEMA()))

2025/02/13 14:39:14 /home/bryan/repos/skripsi/backend/setup/setup.go:78
[1.167ms] [rows:1] SELECT count(*) FROM INFORMATION_SCHEMA.table_constraints WHERE table_schema = CURRENT_SCHEMA() AND table_name = 'pets' AND constraint_name = 'fk_pets_species'

2025/02/13 14:39:14 /home/bryan/repos/skripsi/backend/setup/setup.go:78
[1.516ms] [rows:1] SELECT count(*) FROM INFORMATION_SCHEMA.table_constraints WHERE table_schema = CURRENT_SCHEMA() AND table_name = 'pets' AND constraint_name = 'fk_pets_size_category'

2025/02/13 14:39:14 /home/bryan/repos/skripsi/backend/setup/setup.go:78
[1.946ms] [rows:1] SELECT count(*) FROM INFORMATION_SCHEMA.table_constraints WHERE table_schema = CURRENT_SCHEMA() AND table_name = 'pets' AND constraint_name = 'fk_users_pets'

2025/02/13 14:39:14 /home/bryan/repos/skripsi/backend/setup/setup.go:78
[2.913ms] [rows:1] SELECT count(*) FROM pg_indexes WHERE tablename = 'pets' AND indexname = 'idx_pets_deleted_at' AND schemaname = CURRENT_SCHEMA()

2025/02/13 14:39:14 /home/bryan/repos/skripsi/backend/setup/setup.go:78
[1.106ms] [rows:1] SELECT count(*) FROM information_schema.tables WHERE table_schema = CURRENT_SCHEMA() AND table_name = 'slots' AND table_type = 'BASE TABLE'

2025/02/13 14:39:14 /home/bryan/repos/skripsi/backend/setup/setup.go:78
[0.748ms] [rows:1] SELECT CURRENT_DATABASE()

2025/02/13 14:39:14 /home/bryan/repos/skripsi/backend/setup/setup.go:78
[3.282ms] [rows:-] SELECT c.column_name, c.is_nullable = 'YES', c.udt_name, c.character_maximum_length, c.numeric_precision, c.numeric_precision_radix, c.numeric_scale, c.datetime_precision, 8 * typlen, c.column_default, pd.description, c.identity_increment FROM information_schema.columns AS c JOIN pg_type AS pgt ON c.udt_name = pgt.typname LEFT JOIN pg_catalog.pg_description as pd ON pd.objsubid = c.ordinal_position AND pd.objoid = (SELECT oid FROM pg_catalog.pg_class WHERE relname = c.table_name AND relnamespace = (SELECT oid FROM pg_catalog.pg_namespace WHERE nspname = c.table_schema)) where table_catalog = $1$ AND table_schema = CURRENT_SCHEMA() AND table_name = $2$

2025/02/13 14:39:14 /home/bryan/repos/skripsi/backend/setup/setup.go:78
[0.968ms] [rows:-] SELECT * FROM "slots" LIMIT $1$

2025/02/13 14:39:14 /home/bryan/repos/skripsi/backend/setup/setup.go:78
[2.820ms] [rows:-] SELECT constraint_name FROM information_schema.table_constraints tc JOIN information_schema.constraint_column_usage AS ccu USING (constraint_schema, constraint_catalog, table_name, constraint_name) JOIN information_schema.columns AS c ON c.table_schema = tc.constraint_schema AND tc.table_name = c.table_name AND ccu.column_name = c.column_name WHERE constraint_type IN ('PRIMARY KEY', 'UNIQUE') AND c.table_catalog = $1$ AND c.table_schema = CURRENT_SCHEMA() AND c.table_name = $2$ AND constraint_type = $3$

2025/02/13 14:39:14 /home/bryan/repos/skripsi/backend/setup/setup.go:78
[2.803ms] [rows:-] SELECT c.column_name, constraint_name, constraint_type FROM information_schema.table_constraints tc JOIN information_schema.constraint_column_usage AS ccu USING (constraint_schema, constraint_catalog, table_name, constraint_name) JOIN information_schema.columns AS c ON c.table_schema = tc.constraint_schema AND tc.table_name = c.table_name AND ccu.column_name = c.column_name WHERE constraint_type IN ('PRIMARY KEY', 'UNIQUE') AND c.table_catalog = $1$ AND c.table_schema = CURRENT_SCHEMA() AND c.table_name = $2$

2025/02/13 14:39:14 /home/bryan/repos/skripsi/backend/setup/setup.go:78
[0.954ms] [rows:-] SELECT a.attname as column_name, format_type(a.atttypid, a.atttypmod) AS data_type
		FROM pg_attribute a JOIN pg_class b ON a.attrelid = b.oid AND relnamespace = (SELECT oid FROM pg_catalog.pg_namespace WHERE nspname = CURRENT_SCHEMA())
		WHERE a.attnum > 0 -- hide internal columns
		AND NOT a.attisdropped -- hide deleted columns
		AND b.relname = $1$

2025/02/13 14:39:14 /home/bryan/repos/skripsi/backend/setup/setup.go:78
[1.433ms] [rows:0] SELECT description FROM pg_catalog.pg_description WHERE objsubid = (SELECT ordinal_position FROM information_schema.columns WHERE table_schema = CURRENT_SCHEMA() AND table_name = 'slots' AND column_name = 'id') AND objoid = (SELECT oid FROM pg_catalog.pg_class WHERE relname = 'slots' AND relnamespace = (SELECT oid FROM pg_catalog.pg_namespace WHERE nspname = CURRENT_SCHEMA()))

2025/02/13 14:39:14 /home/bryan/repos/skripsi/backend/setup/setup.go:78
[1.324ms] [rows:0] SELECT description FROM pg_catalog.pg_description WHERE objsubid = (SELECT ordinal_position FROM information_schema.columns WHERE table_schema = CURRENT_SCHEMA() AND table_name = 'slots' AND column_name = 'created_at') AND objoid = (SELECT oid FROM pg_catalog.pg_class WHERE relname = 'slots' AND relnamespace = (SELECT oid FROM pg_catalog.pg_namespace WHERE nspname = CURRENT_SCHEMA()))

2025/02/13 14:39:14 /home/bryan/repos/skripsi/backend/setup/setup.go:78
[1.597ms] [rows:0] SELECT description FROM pg_catalog.pg_description WHERE objsubid = (SELECT ordinal_position FROM information_schema.columns WHERE table_schema = CURRENT_SCHEMA() AND table_name = 'slots' AND column_name = 'updated_at') AND objoid = (SELECT oid FROM pg_catalog.pg_class WHERE relname = 'slots' AND relnamespace = (SELECT oid FROM pg_catalog.pg_namespace WHERE nspname = CURRENT_SCHEMA()))

2025/02/13 14:39:14 /home/bryan/repos/skripsi/backend/setup/setup.go:78
[1.602ms] [rows:0] SELECT description FROM pg_catalog.pg_description WHERE objsubid = (SELECT ordinal_position FROM information_schema.columns WHERE table_schema = CURRENT_SCHEMA() AND table_name = 'slots' AND column_name = 'deleted_at') AND objoid = (SELECT oid FROM pg_catalog.pg_class WHERE relname = 'slots' AND relnamespace = (SELECT oid FROM pg_catalog.pg_namespace WHERE nspname = CURRENT_SCHEMA()))

2025/02/13 14:39:14 /home/bryan/repos/skripsi/backend/setup/setup.go:78
[1.625ms] [rows:0] SELECT description FROM pg_catalog.pg_description WHERE objsubid = (SELECT ordinal_position FROM information_schema.columns WHERE table_schema = CURRENT_SCHEMA() AND table_name = 'slots' AND column_name = 'daycare_id') AND objoid = (SELECT oid FROM pg_catalog.pg_class WHERE relname = 'slots' AND relnamespace = (SELECT oid FROM pg_catalog.pg_namespace WHERE nspname = CURRENT_SCHEMA()))

2025/02/13 14:39:14 /home/bryan/repos/skripsi/backend/setup/setup.go:78
[1.580ms] [rows:0] SELECT description FROM pg_catalog.pg_description WHERE objsubid = (SELECT ordinal_position FROM information_schema.columns WHERE table_schema = CURRENT_SCHEMA() AND table_name = 'slots' AND column_name = 'species_id') AND objoid = (SELECT oid FROM pg_catalog.pg_class WHERE relname = 'slots' AND relnamespace = (SELECT oid FROM pg_catalog.pg_namespace WHERE nspname = CURRENT_SCHEMA()))

2025/02/13 14:39:14 /home/bryan/repos/skripsi/backend/setup/setup.go:78
[1.370ms] [rows:0] SELECT description FROM pg_catalog.pg_description WHERE objsubid = (SELECT ordinal_position FROM information_schema.columns WHERE table_schema = CURRENT_SCHEMA() AND table_name = 'slots' AND column_name = 'size_category_id') AND objoid = (SELECT oid FROM pg_catalog.pg_class WHERE relname = 'slots' AND relnamespace = (SELECT oid FROM pg_catalog.pg_namespace WHERE nspname = CURRENT_SCHEMA()))

2025/02/13 14:39:14 /home/bryan/repos/skripsi/backend/setup/setup.go:78
[1.470ms] [rows:0] SELECT description FROM pg_catalog.pg_description WHERE objsubid = (SELECT ordinal_position FROM information_schema.columns WHERE table_schema = CURRENT_SCHEMA() AND table_name = 'slots' AND column_name = 'max_number') AND objoid = (SELECT oid FROM pg_catalog.pg_class WHERE relname = 'slots' AND relnamespace = (SELECT oid FROM pg_catalog.pg_namespace WHERE nspname = CURRENT_SCHEMA()))

2025/02/13 14:39:14 /home/bryan/repos/skripsi/backend/setup/setup.go:78
[1.266ms] [rows:1] SELECT count(*) FROM INFORMATION_SCHEMA.table_constraints WHERE table_schema = CURRENT_SCHEMA() AND table_name = 'slots' AND constraint_name = 'fk_pet_daycares_slots'

2025/02/13 14:39:14 /home/bryan/repos/skripsi/backend/setup/setup.go:78
[2.993ms] [rows:1] SELECT count(*) FROM pg_indexes WHERE tablename = 'slots' AND indexname = 'idx_slots_deleted_at' AND schemaname = CURRENT_SCHEMA()

2025/02/13 14:39:14 /home/bryan/repos/skripsi/backend/setup/setup.go:78
[1.213ms] [rows:1] SELECT count(*) FROM information_schema.tables WHERE table_schema = CURRENT_SCHEMA() AND table_name = 'booked_slots' AND table_type = 'BASE TABLE'

2025/02/13 14:39:14 /home/bryan/repos/skripsi/backend/setup/setup.go:78
[0.793ms] [rows:1] SELECT CURRENT_DATABASE()

2025/02/13 14:39:14 /home/bryan/repos/skripsi/backend/setup/setup.go:78
[3.405ms] [rows:-] SELECT c.column_name, c.is_nullable = 'YES', c.udt_name, c.character_maximum_length, c.numeric_precision, c.numeric_precision_radix, c.numeric_scale, c.datetime_precision, 8 * typlen, c.column_default, pd.description, c.identity_increment FROM information_schema.columns AS c JOIN pg_type AS pgt ON c.udt_name = pgt.typname LEFT JOIN pg_catalog.pg_description as pd ON pd.objsubid = c.ordinal_position AND pd.objoid = (SELECT oid FROM pg_catalog.pg_class WHERE relname = c.table_name AND relnamespace = (SELECT oid FROM pg_catalog.pg_namespace WHERE nspname = c.table_schema)) where table_catalog = $1$ AND table_schema = CURRENT_SCHEMA() AND table_name = $2$

2025/02/13 14:39:14 /home/bryan/repos/skripsi/backend/setup/setup.go:78
[0.905ms] [rows:-] SELECT * FROM "booked_slots" LIMIT $1$

2025/02/13 14:39:14 /home/bryan/repos/skripsi/backend/setup/setup.go:78
[3.055ms] [rows:-] SELECT constraint_name FROM information_schema.table_constraints tc JOIN information_schema.constraint_column_usage AS ccu USING (constraint_schema, constraint_catalog, table_name, constraint_name) JOIN information_schema.columns AS c ON c.table_schema = tc.constraint_schema AND tc.table_name = c.table_name AND ccu.column_name = c.column_name WHERE constraint_type IN ('PRIMARY KEY', 'UNIQUE') AND c.table_catalog = $1$ AND c.table_schema = CURRENT_SCHEMA() AND c.table_name = $2$ AND constraint_type = $3$

2025/02/13 14:39:14 /home/bryan/repos/skripsi/backend/setup/setup.go:78
[3.249ms] [rows:-] SELECT c.column_name, constraint_name, constraint_type FROM information_schema.table_constraints tc JOIN information_schema.constraint_column_usage AS ccu USING (constraint_schema, constraint_catalog, table_name, constraint_name) JOIN information_schema.columns AS c ON c.table_schema = tc.constraint_schema AND tc.table_name = c.table_name AND ccu.column_name = c.column_name WHERE constraint_type IN ('PRIMARY KEY', 'UNIQUE') AND c.table_catalog = $1$ AND c.table_schema = CURRENT_SCHEMA() AND c.table_name = $2$

2025/02/13 14:39:14 /home/bryan/repos/skripsi/backend/setup/setup.go:78
[1.264ms] [rows:-] SELECT a.attname as column_name, format_type(a.atttypid, a.atttypmod) AS data_type
		FROM pg_attribute a JOIN pg_class b ON a.attrelid = b.oid AND relnamespace = (SELECT oid FROM pg_catalog.pg_namespace WHERE nspname = CURRENT_SCHEMA())
		WHERE a.attnum > 0 -- hide internal columns
		AND NOT a.attisdropped -- hide deleted columns
		AND b.relname = $1$

2025/02/13 14:39:14 /home/bryan/repos/skripsi/backend/setup/setup.go:78
[2.095ms] [rows:0] SELECT description FROM pg_catalog.pg_description WHERE objsubid = (SELECT ordinal_position FROM information_schema.columns WHERE table_schema = CURRENT_SCHEMA() AND table_name = 'booked_slots' AND column_name = 'id') AND objoid = (SELECT oid FROM pg_catalog.pg_class WHERE relname = 'booked_slots' AND relnamespace = (SELECT oid FROM pg_catalog.pg_namespace WHERE nspname = CURRENT_SCHEMA()))

2025/02/13 14:39:14 /home/bryan/repos/skripsi/backend/setup/setup.go:78
[1.557ms] [rows:0] SELECT description FROM pg_catalog.pg_description WHERE objsubid = (SELECT ordinal_position FROM information_schema.columns WHERE table_schema = CURRENT_SCHEMA() AND table_name = 'booked_slots' AND column_name = 'created_at') AND objoid = (SELECT oid FROM pg_catalog.pg_class WHERE relname = 'booked_slots' AND relnamespace = (SELECT oid FROM pg_catalog.pg_namespace WHERE nspname = CURRENT_SCHEMA()))

2025/02/13 14:39:14 /home/bryan/repos/skripsi/backend/setup/setup.go:78
[1.482ms] [rows:0] SELECT description FROM pg_catalog.pg_description WHERE objsubid = (SELECT ordinal_position FROM information_schema.columns WHERE table_schema = CURRENT_SCHEMA() AND table_name = 'booked_slots' AND column_name = 'updated_at') AND objoid = (SELECT oid FROM pg_catalog.pg_class WHERE relname = 'booked_slots' AND relnamespace = (SELECT oid FROM pg_catalog.pg_namespace WHERE nspname = CURRENT_SCHEMA()))

2025/02/13 14:39:14 /home/bryan/repos/skripsi/backend/setup/setup.go:78
[1.368ms] [rows:0] SELECT description FROM pg_catalog.pg_description WHERE objsubid = (SELECT ordinal_position FROM information_schema.columns WHERE table_schema = CURRENT_SCHEMA() AND table_name = 'booked_slots' AND column_name = 'deleted_at') AND objoid = (SELECT oid FROM pg_catalog.pg_class WHERE relname = 'booked_slots' AND relnamespace = (SELECT oid FROM pg_catalog.pg_namespace WHERE nspname = CURRENT_SCHEMA()))

2025/02/13 14:39:14 /home/bryan/repos/skripsi/backend/setup/setup.go:78
[1.285ms] [rows:0] SELECT description FROM pg_catalog.pg_description WHERE objsubid = (SELECT ordinal_position FROM information_schema.columns WHERE table_schema = CURRENT_SCHEMA() AND table_name = 'booked_slots' AND column_name = 'user_id') AND objoid = (SELECT oid FROM pg_catalog.pg_class WHERE relname = 'booked_slots' AND relnamespace = (SELECT oid FROM pg_catalog.pg_namespace WHERE nspname = CURRENT_SCHEMA()))

2025/02/13 14:39:14 /home/bryan/repos/skripsi/backend/setup/setup.go:78
[1.301ms] [rows:0] SELECT description FROM pg_catalog.pg_description WHERE objsubid = (SELECT ordinal_position FROM information_schema.columns WHERE table_schema = CURRENT_SCHEMA() AND table_name = 'booked_slots' AND column_name = 'daycare_id') AND objoid = (SELECT oid FROM pg_catalog.pg_class WHERE relname = 'booked_slots' AND relnamespace = (SELECT oid FROM pg_catalog.pg_namespace WHERE nspname = CURRENT_SCHEMA()))

2025/02/13 14:39:14 /home/bryan/repos/skripsi/backend/setup/setup.go:78
[1.313ms] [rows:0] SELECT description FROM pg_catalog.pg_description WHERE objsubid = (SELECT ordinal_position FROM information_schema.columns WHERE table_schema = CURRENT_SCHEMA() AND table_name = 'booked_slots' AND column_name = 'pet_id') AND objoid = (SELECT oid FROM pg_catalog.pg_class WHERE relname = 'booked_slots' AND relnamespace = (SELECT oid FROM pg_catalog.pg_namespace WHERE nspname = CURRENT_SCHEMA()))

2025/02/13 14:39:14 /home/bryan/repos/skripsi/backend/setup/setup.go:78
[1.333ms] [rows:0] SELECT description FROM pg_catalog.pg_description WHERE objsubid = (SELECT ordinal_position FROM information_schema.columns WHERE table_schema = CURRENT_SCHEMA() AND table_name = 'booked_slots' AND column_name = 'start_date') AND objoid = (SELECT oid FROM pg_catalog.pg_class WHERE relname = 'booked_slots' AND relnamespace = (SELECT oid FROM pg_catalog.pg_namespace WHERE nspname = CURRENT_SCHEMA()))

2025/02/13 14:39:14 /home/bryan/repos/skripsi/backend/setup/setup.go:78
[1.438ms] [rows:0] SELECT description FROM pg_catalog.pg_description WHERE objsubid = (SELECT ordinal_position FROM information_schema.columns WHERE table_schema = CURRENT_SCHEMA() AND table_name = 'booked_slots' AND column_name = 'end_date') AND objoid = (SELECT oid FROM pg_catalog.pg_class WHERE relname = 'booked_slots' AND relnamespace = (SELECT oid FROM pg_catalog.pg_namespace WHERE nspname = CURRENT_SCHEMA()))

2025/02/13 14:39:14 /home/bryan/repos/skripsi/backend/setup/setup.go:78
[1.235ms] [rows:1] SELECT count(*) FROM INFORMATION_SCHEMA.table_constraints WHERE table_schema = CURRENT_SCHEMA() AND table_name = 'booked_slots' AND constraint_name = 'fk_booked_slots_user'

2025/02/13 14:39:14 /home/bryan/repos/skripsi/backend/setup/setup.go:78
[1.177ms] [rows:1] SELECT count(*) FROM INFORMATION_SCHEMA.table_constraints WHERE table_schema = CURRENT_SCHEMA() AND table_name = 'booked_slots' AND constraint_name = 'fk_pets_booked_slots'

2025/02/13 14:39:14 /home/bryan/repos/skripsi/backend/setup/setup.go:78
[1.199ms] [rows:1] SELECT count(*) FROM INFORMATION_SCHEMA.table_constraints WHERE table_schema = CURRENT_SCHEMA() AND table_name = 'booked_slots' AND constraint_name = 'fk_pet_daycares_booked_slots'

2025/02/13 14:39:14 /home/bryan/repos/skripsi/backend/setup/setup.go:78
[2.527ms] [rows:1] SELECT count(*) FROM pg_indexes WHERE tablename = 'booked_slots' AND indexname = 'idx_booked_slots_deleted_at' AND schemaname = CURRENT_SCHEMA()

2025/02/13 14:39:14 /home/bryan/repos/skripsi/backend/setup/setup.go:78
[0.999ms] [rows:1] SELECT count(*) FROM information_schema.tables WHERE table_schema = CURRENT_SCHEMA() AND table_name = 'thumbnails' AND table_type = 'BASE TABLE'

2025/02/13 14:39:14 /home/bryan/repos/skripsi/backend/setup/setup.go:78
[0.690ms] [rows:1] SELECT CURRENT_DATABASE()

2025/02/13 14:39:14 /home/bryan/repos/skripsi/backend/setup/setup.go:78
[2.881ms] [rows:-] SELECT c.column_name, c.is_nullable = 'YES', c.udt_name, c.character_maximum_length, c.numeric_precision, c.numeric_precision_radix, c.numeric_scale, c.datetime_precision, 8 * typlen, c.column_default, pd.description, c.identity_increment FROM information_schema.columns AS c JOIN pg_type AS pgt ON c.udt_name = pgt.typname LEFT JOIN pg_catalog.pg_description as pd ON pd.objsubid = c.ordinal_position AND pd.objoid = (SELECT oid FROM pg_catalog.pg_class WHERE relname = c.table_name AND relnamespace = (SELECT oid FROM pg_catalog.pg_namespace WHERE nspname = c.table_schema)) where table_catalog = $1$ AND table_schema = CURRENT_SCHEMA() AND table_name = $2$

2025/02/13 14:39:14 /home/bryan/repos/skripsi/backend/setup/setup.go:78
[0.887ms] [rows:-] SELECT * FROM "thumbnails" LIMIT $1$

2025/02/13 14:39:14 /home/bryan/repos/skripsi/backend/setup/setup.go:78
[2.401ms] [rows:-] SELECT constraint_name FROM information_schema.table_constraints tc JOIN information_schema.constraint_column_usage AS ccu USING (constraint_schema, constraint_catalog, table_name, constraint_name) JOIN information_schema.columns AS c ON c.table_schema = tc.constraint_schema AND tc.table_name = c.table_name AND ccu.column_name = c.column_name WHERE constraint_type IN ('PRIMARY KEY', 'UNIQUE') AND c.table_catalog = $1$ AND c.table_schema = CURRENT_SCHEMA() AND c.table_name = $2$ AND constraint_type = $3$

2025/02/13 14:39:14 /home/bryan/repos/skripsi/backend/setup/setup.go:78
[2.412ms] [rows:-] SELECT c.column_name, constraint_name, constraint_type FROM information_schema.table_constraints tc JOIN information_schema.constraint_column_usage AS ccu USING (constraint_schema, constraint_catalog, table_name, constraint_name) JOIN information_schema.columns AS c ON c.table_schema = tc.constraint_schema AND tc.table_name = c.table_name AND ccu.column_name = c.column_name WHERE constraint_type IN ('PRIMARY KEY', 'UNIQUE') AND c.table_catalog = $1$ AND c.table_schema = CURRENT_SCHEMA() AND c.table_name = $2$

2025/02/13 14:39:14 /home/bryan/repos/skripsi/backend/setup/setup.go:78
[0.985ms] [rows:-] SELECT a.attname as column_name, format_type(a.atttypid, a.atttypmod) AS data_type
		FROM pg_attribute a JOIN pg_class b ON a.attrelid = b.oid AND relnamespace = (SELECT oid FROM pg_catalog.pg_namespace WHERE nspname = CURRENT_SCHEMA())
		WHERE a.attnum > 0 -- hide internal columns
		AND NOT a.attisdropped -- hide deleted columns
		AND b.relname = $1$

2025/02/13 14:39:14 /home/bryan/repos/skripsi/backend/setup/setup.go:78
[1.531ms] [rows:0] SELECT description FROM pg_catalog.pg_description WHERE objsubid = (SELECT ordinal_position FROM information_schema.columns WHERE table_schema = CURRENT_SCHEMA() AND table_name = 'thumbnails' AND column_name = 'id') AND objoid = (SELECT oid FROM pg_catalog.pg_class WHERE relname = 'thumbnails' AND relnamespace = (SELECT oid FROM pg_catalog.pg_namespace WHERE nspname = CURRENT_SCHEMA()))

2025/02/13 14:39:14 /home/bryan/repos/skripsi/backend/setup/setup.go:78
[1.522ms] [rows:0] SELECT description FROM pg_catalog.pg_description WHERE objsubid = (SELECT ordinal_position FROM information_schema.columns WHERE table_schema = CURRENT_SCHEMA() AND table_name = 'thumbnails' AND column_name = 'daycare_id') AND objoid = (SELECT oid FROM pg_catalog.pg_class WHERE relname = 'thumbnails' AND relnamespace = (SELECT oid FROM pg_catalog.pg_namespace WHERE nspname = CURRENT_SCHEMA()))

2025/02/13 14:39:14 /home/bryan/repos/skripsi/backend/setup/setup.go:78
[1.588ms] [rows:0] SELECT description FROM pg_catalog.pg_description WHERE objsubid = (SELECT ordinal_position FROM information_schema.columns WHERE table_schema = CURRENT_SCHEMA() AND table_name = 'thumbnails' AND column_name = 'image_url') AND objoid = (SELECT oid FROM pg_catalog.pg_class WHERE relname = 'thumbnails' AND relnamespace = (SELECT oid FROM pg_catalog.pg_namespace WHERE nspname = CURRENT_SCHEMA()))

2025/02/13 14:39:14 /home/bryan/repos/skripsi/backend/setup/setup.go:78
[1.179ms] [rows:1] SELECT count(*) FROM INFORMATION_SCHEMA.table_constraints WHERE table_schema = CURRENT_SCHEMA() AND table_name = 'thumbnails' AND constraint_name = 'fk_pet_daycares_thumbnails'

2025/02/13 14:39:14 /home/bryan/repos/skripsi/backend/setup/setup.go:78
[0.946ms] [rows:1] SELECT count(*) FROM information_schema.tables WHERE table_schema = CURRENT_SCHEMA() AND table_name = 'reviews' AND table_type = 'BASE TABLE'

2025/02/13 14:39:14 /home/bryan/repos/skripsi/backend/setup/setup.go:78
[0.715ms] [rows:1] SELECT CURRENT_DATABASE()

2025/02/13 14:39:14 /home/bryan/repos/skripsi/backend/setup/setup.go:78
[3.314ms] [rows:-] SELECT c.column_name, c.is_nullable = 'YES', c.udt_name, c.character_maximum_length, c.numeric_precision, c.numeric_precision_radix, c.numeric_scale, c.datetime_precision, 8 * typlen, c.column_default, pd.description, c.identity_increment FROM information_schema.columns AS c JOIN pg_type AS pgt ON c.udt_name = pgt.typname LEFT JOIN pg_catalog.pg_description as pd ON pd.objsubid = c.ordinal_position AND pd.objoid = (SELECT oid FROM pg_catalog.pg_class WHERE relname = c.table_name AND relnamespace = (SELECT oid FROM pg_catalog.pg_namespace WHERE nspname = c.table_schema)) where table_catalog = $1$ AND table_schema = CURRENT_SCHEMA() AND table_name = $2$

2025/02/13 14:39:14 /home/bryan/repos/skripsi/backend/setup/setup.go:78
[0.946ms] [rows:-] SELECT * FROM "reviews" LIMIT $1$

2025/02/13 14:39:14 /home/bryan/repos/skripsi/backend/setup/setup.go:78
[3.029ms] [rows:-] SELECT constraint_name FROM information_schema.table_constraints tc JOIN information_schema.constraint_column_usage AS ccu USING (constraint_schema, constraint_catalog, table_name, constraint_name) JOIN information_schema.columns AS c ON c.table_schema = tc.constraint_schema AND tc.table_name = c.table_name AND ccu.column_name = c.column_name WHERE constraint_type IN ('PRIMARY KEY', 'UNIQUE') AND c.table_catalog = $1$ AND c.table_schema = CURRENT_SCHEMA() AND c.table_name = $2$ AND constraint_type = $3$

2025/02/13 14:39:14 /home/bryan/repos/skripsi/backend/setup/setup.go:78
[3.208ms] [rows:-] SELECT c.column_name, constraint_name, constraint_type FROM information_schema.table_constraints tc JOIN information_schema.constraint_column_usage AS ccu USING (constraint_schema, constraint_catalog, table_name, constraint_name) JOIN information_schema.columns AS c ON c.table_schema = tc.constraint_schema AND tc.table_name = c.table_name AND ccu.column_name = c.column_name WHERE constraint_type IN ('PRIMARY KEY', 'UNIQUE') AND c.table_catalog = $1$ AND c.table_schema = CURRENT_SCHEMA() AND c.table_name = $2$

2025/02/13 14:39:14 /home/bryan/repos/skripsi/backend/setup/setup.go:78
[0.960ms] [rows:-] SELECT a.attname as column_name, format_type(a.atttypid, a.atttypmod) AS data_type
		FROM pg_attribute a JOIN pg_class b ON a.attrelid = b.oid AND relnamespace = (SELECT oid FROM pg_catalog.pg_namespace WHERE nspname = CURRENT_SCHEMA())
		WHERE a.attnum > 0 -- hide internal columns
		AND NOT a.attisdropped -- hide deleted columns
		AND b.relname = $1$

2025/02/13 14:39:14 /home/bryan/repos/skripsi/backend/setup/setup.go:78
[1.460ms] [rows:0] SELECT description FROM pg_catalog.pg_description WHERE objsubid = (SELECT ordinal_position FROM information_schema.columns WHERE table_schema = CURRENT_SCHEMA() AND table_name = 'reviews' AND column_name = 'id') AND objoid = (SELECT oid FROM pg_catalog.pg_class WHERE relname = 'reviews' AND relnamespace = (SELECT oid FROM pg_catalog.pg_namespace WHERE nspname = CURRENT_SCHEMA()))

2025/02/13 14:39:14 /home/bryan/repos/skripsi/backend/setup/setup.go:78
[1.545ms] [rows:0] SELECT description FROM pg_catalog.pg_description WHERE objsubid = (SELECT ordinal_position FROM information_schema.columns WHERE table_schema = CURRENT_SCHEMA() AND table_name = 'reviews' AND column_name = 'created_at') AND objoid = (SELECT oid FROM pg_catalog.pg_class WHERE relname = 'reviews' AND relnamespace = (SELECT oid FROM pg_catalog.pg_namespace WHERE nspname = CURRENT_SCHEMA()))

2025/02/13 14:39:14 /home/bryan/repos/skripsi/backend/setup/setup.go:78
[1.497ms] [rows:0] SELECT description FROM pg_catalog.pg_description WHERE objsubid = (SELECT ordinal_position FROM information_schema.columns WHERE table_schema = CURRENT_SCHEMA() AND table_name = 'reviews' AND column_name = 'updated_at') AND objoid = (SELECT oid FROM pg_catalog.pg_class WHERE relname = 'reviews' AND relnamespace = (SELECT oid FROM pg_catalog.pg_namespace WHERE nspname = CURRENT_SCHEMA()))

2025/02/13 14:39:14 /home/bryan/repos/skripsi/backend/setup/setup.go:78
[1.409ms] [rows:0] SELECT description FROM pg_catalog.pg_description WHERE objsubid = (SELECT ordinal_position FROM information_schema.columns WHERE table_schema = CURRENT_SCHEMA() AND table_name = 'reviews' AND column_name = 'deleted_at') AND objoid = (SELECT oid FROM pg_catalog.pg_class WHERE relname = 'reviews' AND relnamespace = (SELECT oid FROM pg_catalog.pg_namespace WHERE nspname = CURRENT_SCHEMA()))

2025/02/13 14:39:14 /home/bryan/repos/skripsi/backend/setup/setup.go:78
[1.249ms] [rows:0] SELECT description FROM pg_catalog.pg_description WHERE objsubid = (SELECT ordinal_position FROM information_schema.columns WHERE table_schema = CURRENT_SCHEMA() AND table_name = 'reviews' AND column_name = 'daycare_id') AND objoid = (SELECT oid FROM pg_catalog.pg_class WHERE relname = 'reviews' AND relnamespace = (SELECT oid FROM pg_catalog.pg_namespace WHERE nspname = CURRENT_SCHEMA()))

2025/02/13 14:39:14 /home/bryan/repos/skripsi/backend/setup/setup.go:78
[1.450ms] [rows:0] SELECT description FROM pg_catalog.pg_description WHERE objsubid = (SELECT ordinal_position FROM information_schema.columns WHERE table_schema = CURRENT_SCHEMA() AND table_name = 'reviews' AND column_name = 'user_id') AND objoid = (SELECT oid FROM pg_catalog.pg_class WHERE relname = 'reviews' AND relnamespace = (SELECT oid FROM pg_catalog.pg_namespace WHERE nspname = CURRENT_SCHEMA()))

2025/02/13 14:39:14 /home/bryan/repos/skripsi/backend/setup/setup.go:78
[1.320ms] [rows:0] SELECT description FROM pg_catalog.pg_description WHERE objsubid = (SELECT ordinal_position FROM information_schema.columns WHERE table_schema = CURRENT_SCHEMA() AND table_name = 'reviews' AND column_name = 'name') AND objoid = (SELECT oid FROM pg_catalog.pg_class WHERE relname = 'reviews' AND relnamespace = (SELECT oid FROM pg_catalog.pg_namespace WHERE nspname = CURRENT_SCHEMA()))

2025/02/13 14:39:14 /home/bryan/repos/skripsi/backend/setup/setup.go:78
[1.372ms] [rows:0] SELECT description FROM pg_catalog.pg_description WHERE objsubid = (SELECT ordinal_position FROM information_schema.columns WHERE table_schema = CURRENT_SCHEMA() AND table_name = 'reviews' AND column_name = 'rate') AND objoid = (SELECT oid FROM pg_catalog.pg_class WHERE relname = 'reviews' AND relnamespace = (SELECT oid FROM pg_catalog.pg_namespace WHERE nspname = CURRENT_SCHEMA()))

2025/02/13 14:39:14 /home/bryan/repos/skripsi/backend/setup/setup.go:78
[1.415ms] [rows:0] SELECT description FROM pg_catalog.pg_description WHERE objsubid = (SELECT ordinal_position FROM information_schema.columns WHERE table_schema = CURRENT_SCHEMA() AND table_name = 'reviews' AND column_name = 'description') AND objoid = (SELECT oid FROM pg_catalog.pg_class WHERE relname = 'reviews' AND relnamespace = (SELECT oid FROM pg_catalog.pg_namespace WHERE nspname = CURRENT_SCHEMA()))

2025/02/13 14:39:14 /home/bryan/repos/skripsi/backend/setup/setup.go:78
[1.142ms] [rows:1] SELECT count(*) FROM INFORMATION_SCHEMA.table_constraints WHERE table_schema = CURRENT_SCHEMA() AND table_name = 'reviews' AND constraint_name = 'fk_pet_daycares_reviews'

2025/02/13 14:39:14 /home/bryan/repos/skripsi/backend/setup/setup.go:78
[1.141ms] [rows:1] SELECT count(*) FROM INFORMATION_SCHEMA.table_constraints WHERE table_schema = CURRENT_SCHEMA() AND table_name = 'reviews' AND constraint_name = 'fk_users_reviews'

2025/02/13 14:39:14 /home/bryan/repos/skripsi/backend/setup/setup.go:78
[2.416ms] [rows:1] SELECT count(*) FROM pg_indexes WHERE tablename = 'reviews' AND indexname = 'idx_reviews_deleted_at' AND schemaname = CURRENT_SCHEMA()

2025/02/13 14:39:14 /home/bryan/repos/skripsi/backend/setup/setup.go:78
[0.983ms] [rows:1] SELECT count(*) FROM information_schema.tables WHERE table_schema = CURRENT_SCHEMA() AND table_name = 'refresh_tokens' AND table_type = 'BASE TABLE'

2025/02/13 14:39:14 /home/bryan/repos/skripsi/backend/setup/setup.go:78
[1.045ms] [rows:1] SELECT CURRENT_DATABASE()

2025/02/13 14:39:14 /home/bryan/repos/skripsi/backend/setup/setup.go:78
[3.620ms] [rows:-] SELECT c.column_name, c.is_nullable = 'YES', c.udt_name, c.character_maximum_length, c.numeric_precision, c.numeric_precision_radix, c.numeric_scale, c.datetime_precision, 8 * typlen, c.column_default, pd.description, c.identity_increment FROM information_schema.columns AS c JOIN pg_type AS pgt ON c.udt_name = pgt.typname LEFT JOIN pg_catalog.pg_description as pd ON pd.objsubid = c.ordinal_position AND pd.objoid = (SELECT oid FROM pg_catalog.pg_class WHERE relname = c.table_name AND relnamespace = (SELECT oid FROM pg_catalog.pg_namespace WHERE nspname = c.table_schema)) where table_catalog = $1$ AND table_schema = CURRENT_SCHEMA() AND table_name = $2$

2025/02/13 14:39:14 /home/bryan/repos/skripsi/backend/setup/setup.go:78
[1.511ms] [rows:-] SELECT * FROM "refresh_tokens" LIMIT $1$

2025/02/13 14:39:14 /home/bryan/repos/skripsi/backend/setup/setup.go:78
[2.987ms] [rows:-] SELECT constraint_name FROM information_schema.table_constraints tc JOIN information_schema.constraint_column_usage AS ccu USING (constraint_schema, constraint_catalog, table_name, constraint_name) JOIN information_schema.columns AS c ON c.table_schema = tc.constraint_schema AND tc.table_name = c.table_name AND ccu.column_name = c.column_name WHERE constraint_type IN ('PRIMARY KEY', 'UNIQUE') AND c.table_catalog = $1$ AND c.table_schema = CURRENT_SCHEMA() AND c.table_name = $2$ AND constraint_type = $3$

2025/02/13 14:39:14 /home/bryan/repos/skripsi/backend/setup/setup.go:78
[3.036ms] [rows:-] SELECT c.column_name, constraint_name, constraint_type FROM information_schema.table_constraints tc JOIN information_schema.constraint_column_usage AS ccu USING (constraint_schema, constraint_catalog, table_name, constraint_name) JOIN information_schema.columns AS c ON c.table_schema = tc.constraint_schema AND tc.table_name = c.table_name AND ccu.column_name = c.column_name WHERE constraint_type IN ('PRIMARY KEY', 'UNIQUE') AND c.table_catalog = $1$ AND c.table_schema = CURRENT_SCHEMA() AND c.table_name = $2$

2025/02/13 14:39:14 /home/bryan/repos/skripsi/backend/setup/setup.go:78
[1.071ms] [rows:-] SELECT a.attname as column_name, format_type(a.atttypid, a.atttypmod) AS data_type
		FROM pg_attribute a JOIN pg_class b ON a.attrelid = b.oid AND relnamespace = (SELECT oid FROM pg_catalog.pg_namespace WHERE nspname = CURRENT_SCHEMA())
		WHERE a.attnum > 0 -- hide internal columns
		AND NOT a.attisdropped -- hide deleted columns
		AND b.relname = $1$

2025/02/13 14:39:14 /home/bryan/repos/skripsi/backend/setup/setup.go:78
[1.508ms] [rows:0] SELECT description FROM pg_catalog.pg_description WHERE objsubid = (SELECT ordinal_position FROM information_schema.columns WHERE table_schema = CURRENT_SCHEMA() AND table_name = 'refresh_tokens' AND column_name = 'id') AND objoid = (SELECT oid FROM pg_catalog.pg_class WHERE relname = 'refresh_tokens' AND relnamespace = (SELECT oid FROM pg_catalog.pg_namespace WHERE nspname = CURRENT_SCHEMA()))

2025/02/13 14:39:14 /home/bryan/repos/skripsi/backend/setup/setup.go:78
[1.640ms] [rows:0] SELECT description FROM pg_catalog.pg_description WHERE objsubid = (SELECT ordinal_position FROM information_schema.columns WHERE table_schema = CURRENT_SCHEMA() AND table_name = 'refresh_tokens' AND column_name = 'created_at') AND objoid = (SELECT oid FROM pg_catalog.pg_class WHERE relname = 'refresh_tokens' AND relnamespace = (SELECT oid FROM pg_catalog.pg_namespace WHERE nspname = CURRENT_SCHEMA()))

2025/02/13 14:39:14 /home/bryan/repos/skripsi/backend/setup/setup.go:78
[1.830ms] [rows:0] SELECT description FROM pg_catalog.pg_description WHERE objsubid = (SELECT ordinal_position FROM information_schema.columns WHERE table_schema = CURRENT_SCHEMA() AND table_name = 'refresh_tokens' AND column_name = 'updated_at') AND objoid = (SELECT oid FROM pg_catalog.pg_class WHERE relname = 'refresh_tokens' AND relnamespace = (SELECT oid FROM pg_catalog.pg_namespace WHERE nspname = CURRENT_SCHEMA()))

2025/02/13 14:39:14 /home/bryan/repos/skripsi/backend/setup/setup.go:78
[1.939ms] [rows:0] SELECT description FROM pg_catalog.pg_description WHERE objsubid = (SELECT ordinal_position FROM information_schema.columns WHERE table_schema = CURRENT_SCHEMA() AND table_name = 'refresh_tokens' AND column_name = 'deleted_at') AND objoid = (SELECT oid FROM pg_catalog.pg_class WHERE relname = 'refresh_tokens' AND relnamespace = (SELECT oid FROM pg_catalog.pg_namespace WHERE nspname = CURRENT_SCHEMA()))

2025/02/13 14:39:14 /home/bryan/repos/skripsi/backend/setup/setup.go:78
[1.851ms] [rows:0] SELECT description FROM pg_catalog.pg_description WHERE objsubid = (SELECT ordinal_position FROM information_schema.columns WHERE table_schema = CURRENT_SCHEMA() AND table_name = 'refresh_tokens' AND column_name = 'user_id') AND objoid = (SELECT oid FROM pg_catalog.pg_class WHERE relname = 'refresh_tokens' AND relnamespace = (SELECT oid FROM pg_catalog.pg_namespace WHERE nspname = CURRENT_SCHEMA()))

2025/02/13 14:39:14 /home/bryan/repos/skripsi/backend/setup/setup.go:78
[1.774ms] [rows:0] SELECT description FROM pg_catalog.pg_description WHERE objsubid = (SELECT ordinal_position FROM information_schema.columns WHERE table_schema = CURRENT_SCHEMA() AND table_name = 'refresh_tokens' AND column_name = 'token') AND objoid = (SELECT oid FROM pg_catalog.pg_class WHERE relname = 'refresh_tokens' AND relnamespace = (SELECT oid FROM pg_catalog.pg_namespace WHERE nspname = CURRENT_SCHEMA()))

2025/02/13 14:39:14 /home/bryan/repos/skripsi/backend/setup/setup.go:78
[2.078ms] [rows:0] SELECT description FROM pg_catalog.pg_description WHERE objsubid = (SELECT ordinal_position FROM information_schema.columns WHERE table_schema = CURRENT_SCHEMA() AND table_name = 'refresh_tokens' AND column_name = 'expires_at') AND objoid = (SELECT oid FROM pg_catalog.pg_class WHERE relname = 'refresh_tokens' AND relnamespace = (SELECT oid FROM pg_catalog.pg_namespace WHERE nspname = CURRENT_SCHEMA()))

2025/02/13 14:39:14 /home/bryan/repos/skripsi/backend/setup/setup.go:78
[1.602ms] [rows:1] SELECT count(*) FROM pg_indexes WHERE tablename = 'refresh_tokens' AND indexname = 'idx_refresh_tokens_deleted_at' AND schemaname = CURRENT_SCHEMA()

2025/02/13 14:39:14 /home/bryan/repos/skripsi/backend/setup/setup.go:78
[1.460ms] [rows:1] SELECT count(*) FROM pg_indexes WHERE tablename = 'refresh_tokens' AND indexname = 'idx_refresh_tokens_user_id' AND schemaname = CURRENT_SCHEMA()

2025/02/13 14:39:14 /home/bryan/repos/skripsi/backend/setup/setup.go:78
[1.586ms] [rows:1] SELECT count(*) FROM information_schema.tables WHERE table_schema = CURRENT_SCHEMA() AND table_name = 'transactions' AND table_type = 'BASE TABLE'

2025/02/13 14:39:14 /home/bryan/repos/skripsi/backend/setup/setup.go:78
[1.141ms] [rows:1] SELECT CURRENT_DATABASE()

2025/02/13 14:39:14 /home/bryan/repos/skripsi/backend/setup/setup.go:78
[5.833ms] [rows:-] SELECT c.column_name, c.is_nullable = 'YES', c.udt_name, c.character_maximum_length, c.numeric_precision, c.numeric_precision_radix, c.numeric_scale, c.datetime_precision, 8 * typlen, c.column_default, pd.description, c.identity_increment FROM information_schema.columns AS c JOIN pg_type AS pgt ON c.udt_name = pgt.typname LEFT JOIN pg_catalog.pg_description as pd ON pd.objsubid = c.ordinal_position AND pd.objoid = (SELECT oid FROM pg_catalog.pg_class WHERE relname = c.table_name AND relnamespace = (SELECT oid FROM pg_catalog.pg_namespace WHERE nspname = c.table_schema)) where table_catalog = $1$ AND table_schema = CURRENT_SCHEMA() AND table_name = $2$

2025/02/13 14:39:14 /home/bryan/repos/skripsi/backend/setup/setup.go:78
[2.069ms] [rows:-] SELECT * FROM "transactions" LIMIT $1$

2025/02/13 14:39:14 /home/bryan/repos/skripsi/backend/setup/setup.go:78
[5.156ms] [rows:-] SELECT constraint_name FROM information_schema.table_constraints tc JOIN information_schema.constraint_column_usage AS ccu USING (constraint_schema, constraint_catalog, table_name, constraint_name) JOIN information_schema.columns AS c ON c.table_schema = tc.constraint_schema AND tc.table_name = c.table_name AND ccu.column_name = c.column_name WHERE constraint_type IN ('PRIMARY KEY', 'UNIQUE') AND c.table_catalog = $1$ AND c.table_schema = CURRENT_SCHEMA() AND c.table_name = $2$ AND constraint_type = $3$

2025/02/13 14:39:14 /home/bryan/repos/skripsi/backend/setup/setup.go:78
[5.244ms] [rows:-] SELECT c.column_name, constraint_name, constraint_type FROM information_schema.table_constraints tc JOIN information_schema.constraint_column_usage AS ccu USING (constraint_schema, constraint_catalog, table_name, constraint_name) JOIN information_schema.columns AS c ON c.table_schema = tc.constraint_schema AND tc.table_name = c.table_name AND ccu.column_name = c.column_name WHERE constraint_type IN ('PRIMARY KEY', 'UNIQUE') AND c.table_catalog = $1$ AND c.table_schema = CURRENT_SCHEMA() AND c.table_name = $2$

2025/02/13 14:39:14 /home/bryan/repos/skripsi/backend/setup/setup.go:78
[1.806ms] [rows:-] SELECT a.attname as column_name, format_type(a.atttypid, a.atttypmod) AS data_type
		FROM pg_attribute a JOIN pg_class b ON a.attrelid = b.oid AND relnamespace = (SELECT oid FROM pg_catalog.pg_namespace WHERE nspname = CURRENT_SCHEMA())
		WHERE a.attnum > 0 -- hide internal columns
		AND NOT a.attisdropped -- hide deleted columns
		AND b.relname = $1$

2025/02/13 14:39:14 /home/bryan/repos/skripsi/backend/setup/setup.go:78
[2.792ms] [rows:0] SELECT description FROM pg_catalog.pg_description WHERE objsubid = (SELECT ordinal_position FROM information_schema.columns WHERE table_schema = CURRENT_SCHEMA() AND table_name = 'transactions' AND column_name = 'id') AND objoid = (SELECT oid FROM pg_catalog.pg_class WHERE relname = 'transactions' AND relnamespace = (SELECT oid FROM pg_catalog.pg_namespace WHERE nspname = CURRENT_SCHEMA()))

2025/02/13 14:39:14 /home/bryan/repos/skripsi/backend/setup/setup.go:78
[2.903ms] [rows:0] SELECT description FROM pg_catalog.pg_description WHERE objsubid = (SELECT ordinal_position FROM information_schema.columns WHERE table_schema = CURRENT_SCHEMA() AND table_name = 'transactions' AND column_name = 'created_at') AND objoid = (SELECT oid FROM pg_catalog.pg_class WHERE relname = 'transactions' AND relnamespace = (SELECT oid FROM pg_catalog.pg_namespace WHERE nspname = CURRENT_SCHEMA()))

2025/02/13 14:39:14 /home/bryan/repos/skripsi/backend/setup/setup.go:78
[2.794ms] [rows:0] SELECT description FROM pg_catalog.pg_description WHERE objsubid = (SELECT ordinal_position FROM information_schema.columns WHERE table_schema = CURRENT_SCHEMA() AND table_name = 'transactions' AND column_name = 'pet_daycare_id') AND objoid = (SELECT oid FROM pg_catalog.pg_class WHERE relname = 'transactions' AND relnamespace = (SELECT oid FROM pg_catalog.pg_namespace WHERE nspname = CURRENT_SCHEMA()))

2025/02/13 14:39:14 /home/bryan/repos/skripsi/backend/setup/setup.go:78
[2.674ms] [rows:0] SELECT description FROM pg_catalog.pg_description WHERE objsubid = (SELECT ordinal_position FROM information_schema.columns WHERE table_schema = CURRENT_SCHEMA() AND table_name = 'transactions' AND column_name = 'booked_slot_id') AND objoid = (SELECT oid FROM pg_catalog.pg_class WHERE relname = 'transactions' AND relnamespace = (SELECT oid FROM pg_catalog.pg_namespace WHERE nspname = CURRENT_SCHEMA()))

2025/02/13 14:39:14 /home/bryan/repos/skripsi/backend/setup/setup.go:78
[2.748ms] [rows:0] SELECT description FROM pg_catalog.pg_description WHERE objsubid = (SELECT ordinal_position FROM information_schema.columns WHERE table_schema = CURRENT_SCHEMA() AND table_name = 'transactions' AND column_name = 'status') AND objoid = (SELECT oid FROM pg_catalog.pg_class WHERE relname = 'transactions' AND relnamespace = (SELECT oid FROM pg_catalog.pg_namespace WHERE nspname = CURRENT_SCHEMA()))

2025/02/13 14:39:14 /home/bryan/repos/skripsi/backend/setup/setup.go:78
[2.271ms] [rows:1] SELECT count(*) FROM INFORMATION_SCHEMA.table_constraints WHERE table_schema = CURRENT_SCHEMA() AND table_name = 'transactions' AND constraint_name = 'fk_transactions_pet_daycare'

2025/02/13 14:39:14 /home/bryan/repos/skripsi/backend/setup/setup.go:78
[2.254ms] [rows:1] SELECT count(*) FROM INFORMATION_SCHEMA.table_constraints WHERE table_schema = CURRENT_SCHEMA() AND table_name = 'transactions' AND constraint_name = 'fk_transactions_booked_slot'

2025/02/13 14:39:14 /home/bryan/repos/skripsi/backend/setup/setup.go:78
[2.197ms] [rows:1] SELECT count(*) FROM information_schema.tables WHERE table_schema = CURRENT_SCHEMA() AND table_name = 'reduce_slots' AND table_type = 'BASE TABLE'

2025/02/13 14:39:14 /home/bryan/repos/skripsi/backend/setup/setup.go:78
[1.413ms] [rows:1] SELECT CURRENT_DATABASE()

2025/02/13 14:39:14 /home/bryan/repos/skripsi/backend/setup/setup.go:78
[6.620ms] [rows:-] SELECT c.column_name, c.is_nullable = 'YES', c.udt_name, c.character_maximum_length, c.numeric_precision, c.numeric_precision_radix, c.numeric_scale, c.datetime_precision, 8 * typlen, c.column_default, pd.description, c.identity_increment FROM information_schema.columns AS c JOIN pg_type AS pgt ON c.udt_name = pgt.typname LEFT JOIN pg_catalog.pg_description as pd ON pd.objsubid = c.ordinal_position AND pd.objoid = (SELECT oid FROM pg_catalog.pg_class WHERE relname = c.table_name AND relnamespace = (SELECT oid FROM pg_catalog.pg_namespace WHERE nspname = c.table_schema)) where table_catalog = $1$ AND table_schema = CURRENT_SCHEMA() AND table_name = $2$

2025/02/13 14:39:14 /home/bryan/repos/skripsi/backend/setup/setup.go:78
[1.860ms] [rows:-] SELECT * FROM "reduce_slots" LIMIT $1$

2025/02/13 14:39:14 /home/bryan/repos/skripsi/backend/setup/setup.go:78
[4.653ms] [rows:-] SELECT constraint_name FROM information_schema.table_constraints tc JOIN information_schema.constraint_column_usage AS ccu USING (constraint_schema, constraint_catalog, table_name, constraint_name) JOIN information_schema.columns AS c ON c.table_schema = tc.constraint_schema AND tc.table_name = c.table_name AND ccu.column_name = c.column_name WHERE constraint_type IN ('PRIMARY KEY', 'UNIQUE') AND c.table_catalog = $1$ AND c.table_schema = CURRENT_SCHEMA() AND c.table_name = $2$ AND constraint_type = $3$

2025/02/13 14:39:14 /home/bryan/repos/skripsi/backend/setup/setup.go:78
[4.670ms] [rows:-] SELECT c.column_name, constraint_name, constraint_type FROM information_schema.table_constraints tc JOIN information_schema.constraint_column_usage AS ccu USING (constraint_schema, constraint_catalog, table_name, constraint_name) JOIN information_schema.columns AS c ON c.table_schema = tc.constraint_schema AND tc.table_name = c.table_name AND ccu.column_name = c.column_name WHERE constraint_type IN ('PRIMARY KEY', 'UNIQUE') AND c.table_catalog = $1$ AND c.table_schema = CURRENT_SCHEMA() AND c.table_name = $2$

2025/02/13 14:39:14 /home/bryan/repos/skripsi/backend/setup/setup.go:78
[1.927ms] [rows:-] SELECT a.attname as column_name, format_type(a.atttypid, a.atttypmod) AS data_type
		FROM pg_attribute a JOIN pg_class b ON a.attrelid = b.oid AND relnamespace = (SELECT oid FROM pg_catalog.pg_namespace WHERE nspname = CURRENT_SCHEMA())
		WHERE a.attnum > 0 -- hide internal columns
		AND NOT a.attisdropped -- hide deleted columns
		AND b.relname = $1$

2025/02/13 14:39:14 /home/bryan/repos/skripsi/backend/setup/setup.go:78
[2.735ms] [rows:0] SELECT description FROM pg_catalog.pg_description WHERE objsubid = (SELECT ordinal_position FROM information_schema.columns WHERE table_schema = CURRENT_SCHEMA() AND table_name = 'reduce_slots' AND column_name = 'id') AND objoid = (SELECT oid FROM pg_catalog.pg_class WHERE relname = 'reduce_slots' AND relnamespace = (SELECT oid FROM pg_catalog.pg_namespace WHERE nspname = CURRENT_SCHEMA()))

2025/02/13 14:39:14 /home/bryan/repos/skripsi/backend/setup/setup.go:78
[2.941ms] [rows:0] SELECT description FROM pg_catalog.pg_description WHERE objsubid = (SELECT ordinal_position FROM information_schema.columns WHERE table_schema = CURRENT_SCHEMA() AND table_name = 'reduce_slots' AND column_name = 'slot_id') AND objoid = (SELECT oid FROM pg_catalog.pg_class WHERE relname = 'reduce_slots' AND relnamespace = (SELECT oid FROM pg_catalog.pg_namespace WHERE nspname = CURRENT_SCHEMA()))

2025/02/13 14:39:14 /home/bryan/repos/skripsi/backend/setup/setup.go:78
[2.836ms] [rows:0] SELECT description FROM pg_catalog.pg_description WHERE objsubid = (SELECT ordinal_position FROM information_schema.columns WHERE table_schema = CURRENT_SCHEMA() AND table_name = 'reduce_slots' AND column_name = 'reduced_count') AND objoid = (SELECT oid FROM pg_catalog.pg_class WHERE relname = 'reduce_slots' AND relnamespace = (SELECT oid FROM pg_catalog.pg_namespace WHERE nspname = CURRENT_SCHEMA()))

2025/02/13 14:39:14 /home/bryan/repos/skripsi/backend/setup/setup.go:78
[2.703ms] [rows:0] SELECT description FROM pg_catalog.pg_description WHERE objsubid = (SELECT ordinal_position FROM information_schema.columns WHERE table_schema = CURRENT_SCHEMA() AND table_name = 'reduce_slots' AND column_name = 'target_date') AND objoid = (SELECT oid FROM pg_catalog.pg_class WHERE relname = 'reduce_slots' AND relnamespace = (SELECT oid FROM pg_catalog.pg_namespace WHERE nspname = CURRENT_SCHEMA()))

2025/02/13 14:39:14 /home/bryan/repos/skripsi/backend/setup/setup.go:78
[2.123ms] [rows:1] SELECT count(*) FROM information_schema.tables WHERE table_schema = CURRENT_SCHEMA() AND table_name = 'booked_slots_dailies' AND table_type = 'BASE TABLE'

2025/02/13 14:39:14 /home/bryan/repos/skripsi/backend/setup/setup.go:78
[1.670ms] [rows:1] SELECT CURRENT_DATABASE()

2025/02/13 14:39:14 /home/bryan/repos/skripsi/backend/setup/setup.go:78
[6.369ms] [rows:-] SELECT c.column_name, c.is_nullable = 'YES', c.udt_name, c.character_maximum_length, c.numeric_precision, c.numeric_precision_radix, c.numeric_scale, c.datetime_precision, 8 * typlen, c.column_default, pd.description, c.identity_increment FROM information_schema.columns AS c JOIN pg_type AS pgt ON c.udt_name = pgt.typname LEFT JOIN pg_catalog.pg_description as pd ON pd.objsubid = c.ordinal_position AND pd.objoid = (SELECT oid FROM pg_catalog.pg_class WHERE relname = c.table_name AND relnamespace = (SELECT oid FROM pg_catalog.pg_namespace WHERE nspname = c.table_schema)) where table_catalog = $1$ AND table_schema = CURRENT_SCHEMA() AND table_name = $2$

2025/02/13 14:39:14 /home/bryan/repos/skripsi/backend/setup/setup.go:78
[2.896ms] [rows:-] SELECT * FROM "booked_slots_dailies" LIMIT $1$

2025/02/13 14:39:14 /home/bryan/repos/skripsi/backend/setup/setup.go:78
[4.317ms] [rows:-] SELECT constraint_name FROM information_schema.table_constraints tc JOIN information_schema.constraint_column_usage AS ccu USING (constraint_schema, constraint_catalog, table_name, constraint_name) JOIN information_schema.columns AS c ON c.table_schema = tc.constraint_schema AND tc.table_name = c.table_name AND ccu.column_name = c.column_name WHERE constraint_type IN ('PRIMARY KEY', 'UNIQUE') AND c.table_catalog = $1$ AND c.table_schema = CURRENT_SCHEMA() AND c.table_name = $2$ AND constraint_type = $3$

2025/02/13 14:39:14 /home/bryan/repos/skripsi/backend/setup/setup.go:78
[4.519ms] [rows:-] SELECT c.column_name, constraint_name, constraint_type FROM information_schema.table_constraints tc JOIN information_schema.constraint_column_usage AS ccu USING (constraint_schema, constraint_catalog, table_name, constraint_name) JOIN information_schema.columns AS c ON c.table_schema = tc.constraint_schema AND tc.table_name = c.table_name AND ccu.column_name = c.column_name WHERE constraint_type IN ('PRIMARY KEY', 'UNIQUE') AND c.table_catalog = $1$ AND c.table_schema = CURRENT_SCHEMA() AND c.table_name = $2$

2025/02/13 14:39:14 /home/bryan/repos/skripsi/backend/setup/setup.go:78
[1.680ms] [rows:-] SELECT a.attname as column_name, format_type(a.atttypid, a.atttypmod) AS data_type
		FROM pg_attribute a JOIN pg_class b ON a.attrelid = b.oid AND relnamespace = (SELECT oid FROM pg_catalog.pg_namespace WHERE nspname = CURRENT_SCHEMA())
		WHERE a.attnum > 0 -- hide internal columns
		AND NOT a.attisdropped -- hide deleted columns
		AND b.relname = $1$

2025/02/13 14:39:14 /home/bryan/repos/skripsi/backend/setup/setup.go:78
[2.756ms] [rows:0] SELECT description FROM pg_catalog.pg_description WHERE objsubid = (SELECT ordinal_position FROM information_schema.columns WHERE table_schema = CURRENT_SCHEMA() AND table_name = 'booked_slots_dailies' AND column_name = 'id') AND objoid = (SELECT oid FROM pg_catalog.pg_class WHERE relname = 'booked_slots_dailies' AND relnamespace = (SELECT oid FROM pg_catalog.pg_namespace WHERE nspname = CURRENT_SCHEMA()))

2025/02/13 14:39:14 /home/bryan/repos/skripsi/backend/setup/setup.go:78
[2.796ms] [rows:0] SELECT description FROM pg_catalog.pg_description WHERE objsubid = (SELECT ordinal_position FROM information_schema.columns WHERE table_schema = CURRENT_SCHEMA() AND table_name = 'booked_slots_dailies' AND column_name = 'daycare_id') AND objoid = (SELECT oid FROM pg_catalog.pg_class WHERE relname = 'booked_slots_dailies' AND relnamespace = (SELECT oid FROM pg_catalog.pg_namespace WHERE nspname = CURRENT_SCHEMA()))

2025/02/13 14:39:14 /home/bryan/repos/skripsi/backend/setup/setup.go:78
[2.774ms] [rows:0] SELECT description FROM pg_catalog.pg_description WHERE objsubid = (SELECT ordinal_position FROM information_schema.columns WHERE table_schema = CURRENT_SCHEMA() AND table_name = 'booked_slots_dailies' AND column_name = 'date') AND objoid = (SELECT oid FROM pg_catalog.pg_class WHERE relname = 'booked_slots_dailies' AND relnamespace = (SELECT oid FROM pg_catalog.pg_namespace WHERE nspname = CURRENT_SCHEMA()))

2025/02/13 14:39:14 /home/bryan/repos/skripsi/backend/setup/setup.go:78
[3.188ms] [rows:0] SELECT description FROM pg_catalog.pg_description WHERE objsubid = (SELECT ordinal_position FROM information_schema.columns WHERE table_schema = CURRENT_SCHEMA() AND table_name = 'booked_slots_dailies' AND column_name = 'slot_count') AND objoid = (SELECT oid FROM pg_catalog.pg_class WHERE relname = 'booked_slots_dailies' AND relnamespace = (SELECT oid FROM pg_catalog.pg_namespace WHERE nspname = CURRENT_SCHEMA()))

2025/02/13 14:39:14 /home/bryan/repos/skripsi/backend/setup/setup.go:78
[2.178ms] [rows:1] SELECT count(*) FROM pg_indexes WHERE tablename = 'booked_slots_dailies' AND indexname = 'idx_booked_slots_dailies_date' AND schemaname = CURRENT_SCHEMA()
[GIN-debug] [WARNING] Creating an Engine instance with the Logger and Recovery middleware already attached.

[GIN-debug] [WARNING] Running in "debug" mode. Switch to "release" mode in production.
 - using env:	export GIN_MODE=release
 - using code:	gin.SetMode(gin.ReleaseMode)

[GIN-debug] GET    /assets/*filepath         --> github.com/gin-gonic/gin.(*RouterGroup).createStaticHandler.func1 (3 handlers)
[GIN-debug] HEAD   /assets/*filepath         --> github.com/gin-gonic/gin.(*RouterGroup).createStaticHandler.func1 (3 handlers)
[GIN-debug] POST   /users                    --> github.com/BryanEgbert/skripsi/controller.(*UserController).CreateUser-fm (3 handlers)
[GIN-debug] GET    /users/vets               --> github.com/BryanEgbert/skripsi/controller.(*UserController).GetVets-fm (4 handlers)
[GIN-debug] GET    /users/:id                --> github.com/BryanEgbert/skripsi/controller.(*UserController).GetUser-fm (4 handlers)
[GIN-debug] DELETE /users                    --> github.com/BryanEgbert/skripsi/controller.(*UserController).DeleteUser-fm (4 handlers)
[GIN-debug] PUT    /users                    --> github.com/BryanEgbert/skripsi/controller.(*UserController).UpdateUserProfile-fm (4 handlers)
[GIN-debug] PATCH  /users/password           --> github.com/BryanEgbert/skripsi/controller.(*UserController).UpdateUserPassword-fm (4 handlers)
[GIN-debug] POST   /login                    --> github.com/BryanEgbert/skripsi/controller.(*AuthController).Login-fm (3 handlers)
[GIN-debug] POST   /refresh                  --> github.com/BryanEgbert/skripsi/controller.(*AuthController).RefreshToken-fm (4 handlers)
[GIN-debug] GET    /pets/:id                 --> github.com/BryanEgbert/skripsi/controller.(*PetController).GetPet-fm (4 handlers)
[GIN-debug] GET    /pets                     --> github.com/BryanEgbert/skripsi/controller.(*PetController).GetPets-fm (4 handlers)
[GIN-debug] POST   /pets                     --> github.com/BryanEgbert/skripsi/controller.(*PetController).CreatePet-fm (4 handlers)
[GIN-debug] PUT    /pets/:id                 --> github.com/BryanEgbert/skripsi/controller.(*PetController).UpdatePet-fm (4 handlers)
[GIN-debug] DELETE /pets/:id                 --> github.com/BryanEgbert/skripsi/controller.(*PetController).DeletePet-fm (4 handlers)
[GIN-debug] PATCH  /daycare/slot/:slotId     --> github.com/BryanEgbert/skripsi/controller.(*PetDaycareController).EditSlotCount-fm (4 handlers)
[GIN-debug] GET    /daycare/:id/slot         --> github.com/BryanEgbert/skripsi/controller.(*PetDaycareController).GetPetDaycareSlots-fm (4 handlers)
[GIN-debug] POST   /daycare/:id/slot         --> github.com/BryanEgbert/skripsi/controller.(*PetDaycareController).CreateSlot-fm (4 handlers)
[GIN-debug] GET    /daycare/:id/review       --> github.com/BryanEgbert/skripsi/controller.(*PetDaycareController).GetReviews-fm (4 handlers)
[GIN-debug] POST   /daycare/:id/review       --> github.com/BryanEgbert/skripsi/controller.(*PetDaycareController).CreateReview-fm (4 handlers)
[GIN-debug] DELETE /daycare/:id/review       --> github.com/BryanEgbert/skripsi/controller.(*PetDaycareController).DeleteReview-fm (4 handlers)
[GIN-debug] GET    /daycare/:id              --> github.com/BryanEgbert/skripsi/controller.(*PetDaycareController).GetPetDaycare-fm (4 handlers)
[GIN-debug] GET    /daycare                  --> github.com/BryanEgbert/skripsi/controller.(*PetDaycareController).GetPetDaycares-fm (4 handlers)
[GIN-debug] POST   /daycare                  --> github.com/BryanEgbert/skripsi/controller.(*PetDaycareController).CreatePetDaycare-fm (4 handlers)
[GIN-debug] PUT    /daycare/:id              --> github.com/BryanEgbert/skripsi/controller.(*PetDaycareController).UpdatePetDaycare-fm (4 handlers)
[GIN-debug] DELETE /daycare/:id              --> github.com/BryanEgbert/skripsi/controller.(*PetDaycareController).DeletePetDaycare-fm (4 handlers)

2025/02/13 14:39:14 /home/bryan/repos/skripsi/backend/service/user_service.go:46
[5.479ms] [rows:0] SELECT * FROM "users" WHERE "users"."id" = $1$ AND "users"."deleted_at" IS NULL ORDER BY "users"."id" LIMIT $2$
[GIN] 2025/02/13 - 14:39:14 | 404 |    5.711512ms |                 | GET      "/users/10000"
--- PASS: TestGetUser (4.96s)
    --- PASS: TestGetUser/On_get_user,_should_return_user_info_when_user_ID_exists_in_DB (1.96s)
    --- PASS: TestGetUser/On_login,_should_return_error_when_user_credential_is_correct (1.47s)
    --- PASS: TestGetUser/On_login,_should_return_error_when_user_ID_does_not_exists_in_DB (1.52s)
=== RUN   TestDeleteUser
=== RUN   TestDeleteUser/On_delete_user,_should_return_204_when_user_ID_exists_in_DB

2025/02/13 14:39:14 /home/bryan/repos/skripsi/backend/setup/setup.go:60
[306.455ms] [rows:0] TRUNCATE TABLE users, vet_specialties, user_vet_specialties, pet_daycares, pets, size_categories, roles, slots, booked_slots, thumbnails, species, reviews, refresh_tokens, transactions, daily_walks, daily_playtimes, reduce_slots RESTART IDENTITY CASCADE;

2025/02/13 14:39:14 /home/bryan/repos/skripsi/backend/seeder/seeder.go:18
[13.487ms] [rows:3] INSERT INTO "roles" ("name","id") VALUES ($1$,$2$),($3$,$4$),($5$,$6$) RETURNING "id"

2025/02/13 14:39:14 /home/bryan/repos/skripsi/backend/seeder/seeder.go:29
[9.229ms] [rows:4] INSERT INTO "daily_walks" ("name","id") VALUES ($1$,$2$),($3$,$4$),($5$,$6$),($7$,$8$) RETURNING "id"

2025/02/13 14:39:14 /home/bryan/repos/skripsi/backend/seeder/seeder.go:39
[9.321ms] [rows:4] INSERT INTO "daily_playtimes" ("name","id") VALUES ($1$,$2$),($3$,$4$),($5$,$6$),($7$,$8$) RETURNING "id"

2025/02/13 14:39:14 /home/bryan/repos/skripsi/backend/seeder/seeder.go:61
[10.213ms] [rows:17] INSERT INTO "vet_specialties" ("name") VALUES ($1$),($2$),($3$),($4$),($5$),($6$),($7$),($8$),($9$),($10$),($11$),($12$),($13$),($14$),($15$),($16$),($17$) RETURNING "id"

2025/02/13 14:39:14 /home/bryan/repos/skripsi/backend/seeder/seeder.go:71
[9.644ms] [rows:3] INSERT INTO "species" ("name") VALUES ($1$),($2$),($3$) RETURNING "id"

2025/02/13 14:39:14 /home/bryan/repos/skripsi/backend/seeder/seeder.go:83
[9.912ms] [rows:5] INSERT INTO "size_categories" ("name","min_weight","max_weight") VALUES ($1$,$2$,$3$),($4$,$5$,$6$),($7$,$8$,$9$),($10$,$11$,$12$),($13$,$14$,$15$) RETURNING "id"

2025/02/13 14:39:15 /home/bryan/repos/skripsi/backend/seeder/seeder.go:106
[2.069ms] [rows:0] INSERT INTO "vet_specialties" ("name","id") VALUES ($1$,$2$),($3$,$4$),($5$,$6$) ON CONFLICT DO NOTHING RETURNING "id"

2025/02/13 14:39:15 /home/bryan/repos/skripsi/backend/seeder/seeder.go:106
[3.465ms] [rows:3] INSERT INTO "user_vet_specialties" ("user_id","vet_specialty_id") VALUES ($1$,$2$),($3$,$4$),($5$,$6$) ON CONFLICT DO NOTHING

2025/02/13 14:39:15 /home/bryan/repos/skripsi/backend/seeder/seeder.go:106
[13.228ms] [rows:6] INSERT INTO "users" ("created_at","updated_at","deleted_at","name","email","password","role_id","image_url") VALUES ($1$,$2$,$3$,$4$,$5$,$6$,$7$,$8$),($9$,$10$,$11$,$12$,$13$,$14$,$15$,$16$),($17$,$18$,$19$,$20$,$21$,$22$,$23$,$24$),($25$,$26$,$27$,$28$,$29$,$30$,$31$,$32$),($33$,$34$,$35$,$36$,$37$,$38$,$39$,DEFAULT),($40$,$41$,$42$,$43$,$44$,$45$,$46$,$47$) RETURNING "id","image_url"

2025/02/13 14:39:15 /home/bryan/repos/skripsi/backend/seeder/seeder.go:148
[1.676ms] [rows:0] INSERT INTO "daily_walks" ("name","id") VALUES ($1$,$2$) ON CONFLICT DO NOTHING RETURNING "id"

2025/02/13 14:39:15 /home/bryan/repos/skripsi/backend/seeder/seeder.go:148
[1.477ms] [rows:0] INSERT INTO "daily_playtimes" ("name","id") VALUES ($1$,$2$),($3$,$4$) ON CONFLICT DO NOTHING RETURNING "id"

2025/02/13 14:39:15 /home/bryan/repos/skripsi/backend/seeder/seeder.go:148
[10.413ms] [rows:3] INSERT INTO "pet_daycares" ("created_at","updated_at","deleted_at","name","address","latitude","longitude","price","pricing_type","description","has_pickup_service","must_be_vaccinated","food_provided","grooming_available","booked_num","daily_walks_id","daily_playtime_id","owner_id","food_brand") VALUES ($1$,$2$,$3$,$4$,$5$,$6$,$7$,$8$,$9$,$10$,$11$,$12$,$13$,$14$,$15$,$16$,$17$,$18$,$19$),($20$,$21$,$22$,$23$,$24$,$25$,$26$,$27$,$28$,$29$,$30$,$31$,$32$,$33$,$34$,$35$,$36$,$37$,$38$),($39$,$40$,$41$,$42$,$43$,$44$,$45$,$46$,$47$,$48$,$49$,$50$,$51$,$52$,$53$,$54$,$55$,$56$,$57$) RETURNING "id"

2025/02/13 14:39:15 /home/bryan/repos/skripsi/backend/seeder/seeder.go:158
[5.845ms] [rows:3] INSERT INTO "slots" ("created_at","updated_at","deleted_at","daycare_id","species_id","size_category_id","max_number") VALUES ($1$,$2$,$3$,$4$,$5$,$6$,$7$),($8$,$9$,$10$,$11$,$12$,$13$,$14$),($15$,$16$,$17$,$18$,$19$,$20$,$21$) RETURNING "id"

2025/02/13 14:39:15 /home/bryan/repos/skripsi/backend/seeder/seeder.go:172
[6.208ms] [rows:2] INSERT INTO "pets" ("created_at","updated_at","deleted_at","name","image_url","status","owner_id","species_id","size_id") VALUES ($1$,$2$,$3$,$4$,$5$,$6$,$7$,$8$,$9$),($10$,$11$,$12$,$13$,$14$,$15$,$16$,$17$,$18$) RETURNING "id"

2025/02/13 14:39:15 /home/bryan/repos/skripsi/backend/seeder/seeder.go:189
[6.427ms] [rows:2] INSERT INTO "booked_slots" ("created_at","updated_at","deleted_at","user_id","daycare_id","pet_id","start_date","end_date") VALUES ($1$,$2$,$3$,$4$,$5$,$6$,$7$,$8$),($9$,$10$,$11$,$12$,$13$,$14$,$15$,$16$) RETURNING "id"

2025/02/13 14:39:15 /home/bryan/repos/skripsi/backend/seeder/seeder.go:205
[6.449ms] [rows:3] INSERT INTO "reviews" ("created_at","updated_at","deleted_at","daycare_id","user_id","name","rate","description") VALUES ($1$,$2$,$3$,$4$,$5$,$6$,$7$,$8$),($9$,$10$,$11$,$12$,$13$,$14$,$15$,$16$),($17$,$18$,$19$,$20$,$21$,$22$,$23$,$24$) RETURNING "id"

2025/02/13 14:39:15 /home/bryan/repos/skripsi/backend/seeder/seeder.go:213
[5.591ms] [rows:1] INSERT INTO "reduce_slots" ("slot_id","reduced_count","target_date") VALUES ($1$,$2$,$3$) RETURNING "id"

2025/02/13 14:39:15 /home/bryan/repos/skripsi/backend/seeder/seeder.go:222
[5.988ms] [rows:2] INSERT INTO "thumbnails" ("daycare_id","image_url") VALUES ($1$,$2$),($3$,$4$) RETURNING "id"

2025/02/13 14:39:15 /home/bryan/repos/skripsi/backend/seeder/seeder.go:230
[5.817ms] [rows:1] INSERT INTO "transactions" ("pet_daycare_id","booked_slot_id","status") VALUES ($1$,$2$,$3$) RETURNING "created_at","id"

2025/02/13 14:39:15 /home/bryan/repos/skripsi/backend/setup/setup.go:78
[20.332ms] [rows:1] SELECT count(*) FROM information_schema.tables WHERE table_schema = CURRENT_SCHEMA() AND table_name = 'roles' AND table_type = 'BASE TABLE'

2025/02/13 14:39:15 /home/bryan/repos/skripsi/backend/setup/setup.go:78
[2.312ms] [rows:1] SELECT CURRENT_DATABASE()

2025/02/13 14:39:15 /home/bryan/repos/skripsi/backend/setup/setup.go:78
[70.142ms] [rows:-] SELECT c.column_name, c.is_nullable = 'YES', c.udt_name, c.character_maximum_length, c.numeric_precision, c.numeric_precision_radix, c.numeric_scale, c.datetime_precision, 8 * typlen, c.column_default, pd.description, c.identity_increment FROM information_schema.columns AS c JOIN pg_type AS pgt ON c.udt_name = pgt.typname LEFT JOIN pg_catalog.pg_description as pd ON pd.objsubid = c.ordinal_position AND pd.objoid = (SELECT oid FROM pg_catalog.pg_class WHERE relname = c.table_name AND relnamespace = (SELECT oid FROM pg_catalog.pg_namespace WHERE nspname = c.table_schema)) where table_catalog = $1$ AND table_schema = CURRENT_SCHEMA() AND table_name = $2$

2025/02/13 14:39:15 /home/bryan/repos/skripsi/backend/setup/setup.go:78
[2.586ms] [rows:-] SELECT * FROM "roles" LIMIT $1$

2025/02/13 14:39:15 /home/bryan/repos/skripsi/backend/setup/setup.go:78
[56.345ms] [rows:-] SELECT constraint_name FROM information_schema.table_constraints tc JOIN information_schema.constraint_column_usage AS ccu USING (constraint_schema, constraint_catalog, table_name, constraint_name) JOIN information_schema.columns AS c ON c.table_schema = tc.constraint_schema AND tc.table_name = c.table_name AND ccu.column_name = c.column_name WHERE constraint_type IN ('PRIMARY KEY', 'UNIQUE') AND c.table_catalog = $1$ AND c.table_schema = CURRENT_SCHEMA() AND c.table_name = $2$ AND constraint_type = $3$

2025/02/13 14:39:15 /home/bryan/repos/skripsi/backend/setup/setup.go:78
[27.798ms] [rows:-] SELECT c.column_name, constraint_name, constraint_type FROM information_schema.table_constraints tc JOIN information_schema.constraint_column_usage AS ccu USING (constraint_schema, constraint_catalog, table_name, constraint_name) JOIN information_schema.columns AS c ON c.table_schema = tc.constraint_schema AND tc.table_name = c.table_name AND ccu.column_name = c.column_name WHERE constraint_type IN ('PRIMARY KEY', 'UNIQUE') AND c.table_catalog = $1$ AND c.table_schema = CURRENT_SCHEMA() AND c.table_name = $2$

2025/02/13 14:39:15 /home/bryan/repos/skripsi/backend/setup/setup.go:78
[3.404ms] [rows:-] SELECT a.attname as column_name, format_type(a.atttypid, a.atttypmod) AS data_type
		FROM pg_attribute a JOIN pg_class b ON a.attrelid = b.oid AND relnamespace = (SELECT oid FROM pg_catalog.pg_namespace WHERE nspname = CURRENT_SCHEMA())
		WHERE a.attnum > 0 -- hide internal columns
		AND NOT a.attisdropped -- hide deleted columns
		AND b.relname = $1$

2025/02/13 14:39:15 /home/bryan/repos/skripsi/backend/setup/setup.go:78
[10.278ms] [rows:0] SELECT description FROM pg_catalog.pg_description WHERE objsubid = (SELECT ordinal_position FROM information_schema.columns WHERE table_schema = CURRENT_SCHEMA() AND table_name = 'roles' AND column_name = 'id') AND objoid = (SELECT oid FROM pg_catalog.pg_class WHERE relname = 'roles' AND relnamespace = (SELECT oid FROM pg_catalog.pg_namespace WHERE nspname = CURRENT_SCHEMA()))

2025/02/13 14:39:15 /home/bryan/repos/skripsi/backend/setup/setup.go:78
[11.784ms] [rows:0] SELECT description FROM pg_catalog.pg_description WHERE objsubid = (SELECT ordinal_position FROM information_schema.columns WHERE table_schema = CURRENT_SCHEMA() AND table_name = 'roles' AND column_name = 'name') AND objoid = (SELECT oid FROM pg_catalog.pg_class WHERE relname = 'roles' AND relnamespace = (SELECT oid FROM pg_catalog.pg_namespace WHERE nspname = CURRENT_SCHEMA()))

2025/02/13 14:39:15 /home/bryan/repos/skripsi/backend/setup/setup.go:78
[3.120ms] [rows:1] SELECT count(*) FROM information_schema.tables WHERE table_schema = CURRENT_SCHEMA() AND table_name = 'users' AND table_type = 'BASE TABLE'

2025/02/13 14:39:15 /home/bryan/repos/skripsi/backend/setup/setup.go:78
[0.868ms] [rows:1] SELECT CURRENT_DATABASE()

2025/02/13 14:39:15 /home/bryan/repos/skripsi/backend/setup/setup.go:78
[20.673ms] [rows:-] SELECT c.column_name, c.is_nullable = 'YES', c.udt_name, c.character_maximum_length, c.numeric_precision, c.numeric_precision_radix, c.numeric_scale, c.datetime_precision, 8 * typlen, c.column_default, pd.description, c.identity_increment FROM information_schema.columns AS c JOIN pg_type AS pgt ON c.udt_name = pgt.typname LEFT JOIN pg_catalog.pg_description as pd ON pd.objsubid = c.ordinal_position AND pd.objoid = (SELECT oid FROM pg_catalog.pg_class WHERE relname = c.table_name AND relnamespace = (SELECT oid FROM pg_catalog.pg_namespace WHERE nspname = c.table_schema)) where table_catalog = $1$ AND table_schema = CURRENT_SCHEMA() AND table_name = $2$

2025/02/13 14:39:15 /home/bryan/repos/skripsi/backend/setup/setup.go:78
[0.949ms] [rows:-] SELECT * FROM "users" LIMIT $1$

2025/02/13 14:39:15 /home/bryan/repos/skripsi/backend/setup/setup.go:78
[20.940ms] [rows:-] SELECT constraint_name FROM information_schema.table_constraints tc JOIN information_schema.constraint_column_usage AS ccu USING (constraint_schema, constraint_catalog, table_name, constraint_name) JOIN information_schema.columns AS c ON c.table_schema = tc.constraint_schema AND tc.table_name = c.table_name AND ccu.column_name = c.column_name WHERE constraint_type IN ('PRIMARY KEY', 'UNIQUE') AND c.table_catalog = $1$ AND c.table_schema = CURRENT_SCHEMA() AND c.table_name = $2$ AND constraint_type = $3$

2025/02/13 14:39:15 /home/bryan/repos/skripsi/backend/setup/setup.go:78
[18.502ms] [rows:-] SELECT c.column_name, constraint_name, constraint_type FROM information_schema.table_constraints tc JOIN information_schema.constraint_column_usage AS ccu USING (constraint_schema, constraint_catalog, table_name, constraint_name) JOIN information_schema.columns AS c ON c.table_schema = tc.constraint_schema AND tc.table_name = c.table_name AND ccu.column_name = c.column_name WHERE constraint_type IN ('PRIMARY KEY', 'UNIQUE') AND c.table_catalog = $1$ AND c.table_schema = CURRENT_SCHEMA() AND c.table_name = $2$

2025/02/13 14:39:15 /home/bryan/repos/skripsi/backend/setup/setup.go:78
[1.544ms] [rows:-] SELECT a.attname as column_name, format_type(a.atttypid, a.atttypmod) AS data_type
		FROM pg_attribute a JOIN pg_class b ON a.attrelid = b.oid AND relnamespace = (SELECT oid FROM pg_catalog.pg_namespace WHERE nspname = CURRENT_SCHEMA())
		WHERE a.attnum > 0 -- hide internal columns
		AND NOT a.attisdropped -- hide deleted columns
		AND b.relname = $1$

2025/02/13 14:39:15 /home/bryan/repos/skripsi/backend/setup/setup.go:78
[5.649ms] [rows:0] SELECT description FROM pg_catalog.pg_description WHERE objsubid = (SELECT ordinal_position FROM information_schema.columns WHERE table_schema = CURRENT_SCHEMA() AND table_name = 'users' AND column_name = 'id') AND objoid = (SELECT oid FROM pg_catalog.pg_class WHERE relname = 'users' AND relnamespace = (SELECT oid FROM pg_catalog.pg_namespace WHERE nspname = CURRENT_SCHEMA()))

2025/02/13 14:39:15 /home/bryan/repos/skripsi/backend/setup/setup.go:78
[5.830ms] [rows:0] SELECT description FROM pg_catalog.pg_description WHERE objsubid = (SELECT ordinal_position FROM information_schema.columns WHERE table_schema = CURRENT_SCHEMA() AND table_name = 'users' AND column_name = 'created_at') AND objoid = (SELECT oid FROM pg_catalog.pg_class WHERE relname = 'users' AND relnamespace = (SELECT oid FROM pg_catalog.pg_namespace WHERE nspname = CURRENT_SCHEMA()))

2025/02/13 14:39:15 /home/bryan/repos/skripsi/backend/setup/setup.go:78
[6.060ms] [rows:0] SELECT description FROM pg_catalog.pg_description WHERE objsubid = (SELECT ordinal_position FROM information_schema.columns WHERE table_schema = CURRENT_SCHEMA() AND table_name = 'users' AND column_name = 'updated_at') AND objoid = (SELECT oid FROM pg_catalog.pg_class WHERE relname = 'users' AND relnamespace = (SELECT oid FROM pg_catalog.pg_namespace WHERE nspname = CURRENT_SCHEMA()))

2025/02/13 14:39:15 /home/bryan/repos/skripsi/backend/setup/setup.go:78
[5.612ms] [rows:0] SELECT description FROM pg_catalog.pg_description WHERE objsubid = (SELECT ordinal_position FROM information_schema.columns WHERE table_schema = CURRENT_SCHEMA() AND table_name = 'users' AND column_name = 'deleted_at') AND objoid = (SELECT oid FROM pg_catalog.pg_class WHERE relname = 'users' AND relnamespace = (SELECT oid FROM pg_catalog.pg_namespace WHERE nspname = CURRENT_SCHEMA()))

2025/02/13 14:39:15 /home/bryan/repos/skripsi/backend/setup/setup.go:78
[1.533ms] [rows:0] SELECT description FROM pg_catalog.pg_description WHERE objsubid = (SELECT ordinal_position FROM information_schema.columns WHERE table_schema = CURRENT_SCHEMA() AND table_name = 'users' AND column_name = 'name') AND objoid = (SELECT oid FROM pg_catalog.pg_class WHERE relname = 'users' AND relnamespace = (SELECT oid FROM pg_catalog.pg_namespace WHERE nspname = CURRENT_SCHEMA()))

2025/02/13 14:39:15 /home/bryan/repos/skripsi/backend/setup/setup.go:78
[1.334ms] [rows:0] SELECT description FROM pg_catalog.pg_description WHERE objsubid = (SELECT ordinal_position FROM information_schema.columns WHERE table_schema = CURRENT_SCHEMA() AND table_name = 'users' AND column_name = 'email') AND objoid = (SELECT oid FROM pg_catalog.pg_class WHERE relname = 'users' AND relnamespace = (SELECT oid FROM pg_catalog.pg_namespace WHERE nspname = CURRENT_SCHEMA()))

2025/02/13 14:39:15 /home/bryan/repos/skripsi/backend/setup/setup.go:78
[1.330ms] [rows:0] SELECT description FROM pg_catalog.pg_description WHERE objsubid = (SELECT ordinal_position FROM information_schema.columns WHERE table_schema = CURRENT_SCHEMA() AND table_name = 'users' AND column_name = 'password') AND objoid = (SELECT oid FROM pg_catalog.pg_class WHERE relname = 'users' AND relnamespace = (SELECT oid FROM pg_catalog.pg_namespace WHERE nspname = CURRENT_SCHEMA()))

2025/02/13 14:39:15 /home/bryan/repos/skripsi/backend/setup/setup.go:78
[1.732ms] [rows:0] SELECT description FROM pg_catalog.pg_description WHERE objsubid = (SELECT ordinal_position FROM information_schema.columns WHERE table_schema = CURRENT_SCHEMA() AND table_name = 'users' AND column_name = 'image_url') AND objoid = (SELECT oid FROM pg_catalog.pg_class WHERE relname = 'users' AND relnamespace = (SELECT oid FROM pg_catalog.pg_namespace WHERE nspname = CURRENT_SCHEMA()))

2025/02/13 14:39:15 /home/bryan/repos/skripsi/backend/setup/setup.go:78
[1.819ms] [rows:0] SELECT description FROM pg_catalog.pg_description WHERE objsubid = (SELECT ordinal_position FROM information_schema.columns WHERE table_schema = CURRENT_SCHEMA() AND table_name = 'users' AND column_name = 'role_id') AND objoid = (SELECT oid FROM pg_catalog.pg_class WHERE relname = 'users' AND relnamespace = (SELECT oid FROM pg_catalog.pg_namespace WHERE nspname = CURRENT_SCHEMA()))

2025/02/13 14:39:15 /home/bryan/repos/skripsi/backend/setup/setup.go:78
[6.047ms] [rows:1] SELECT count(*) FROM INFORMATION_SCHEMA.table_constraints WHERE table_schema = CURRENT_SCHEMA() AND table_name = 'users' AND constraint_name = 'fk_roles_users'

2025/02/13 14:39:15 /home/bryan/repos/skripsi/backend/setup/setup.go:78
[5.529ms] [rows:1] SELECT count(*) FROM pg_indexes WHERE tablename = 'users' AND indexname = 'idx_users_deleted_at' AND schemaname = CURRENT_SCHEMA()

2025/02/13 14:39:15 /home/bryan/repos/skripsi/backend/setup/setup.go:78
[2.760ms] [rows:1] SELECT count(*) FROM information_schema.tables WHERE table_schema = CURRENT_SCHEMA() AND table_name = 'vet_specialties' AND table_type = 'BASE TABLE'

2025/02/13 14:39:15 /home/bryan/repos/skripsi/backend/setup/setup.go:78
[0.835ms] [rows:1] SELECT CURRENT_DATABASE()

2025/02/13 14:39:15 /home/bryan/repos/skripsi/backend/setup/setup.go:78
[11.379ms] [rows:-] SELECT c.column_name, c.is_nullable = 'YES', c.udt_name, c.character_maximum_length, c.numeric_precision, c.numeric_precision_radix, c.numeric_scale, c.datetime_precision, 8 * typlen, c.column_default, pd.description, c.identity_increment FROM information_schema.columns AS c JOIN pg_type AS pgt ON c.udt_name = pgt.typname LEFT JOIN pg_catalog.pg_description as pd ON pd.objsubid = c.ordinal_position AND pd.objoid = (SELECT oid FROM pg_catalog.pg_class WHERE relname = c.table_name AND relnamespace = (SELECT oid FROM pg_catalog.pg_namespace WHERE nspname = c.table_schema)) where table_catalog = $1$ AND table_schema = CURRENT_SCHEMA() AND table_name = $2$

2025/02/13 14:39:15 /home/bryan/repos/skripsi/backend/setup/setup.go:78
[0.849ms] [rows:-] SELECT * FROM "vet_specialties" LIMIT $1$

2025/02/13 14:39:15 /home/bryan/repos/skripsi/backend/setup/setup.go:78
[16.307ms] [rows:-] SELECT constraint_name FROM information_schema.table_constraints tc JOIN information_schema.constraint_column_usage AS ccu USING (constraint_schema, constraint_catalog, table_name, constraint_name) JOIN information_schema.columns AS c ON c.table_schema = tc.constraint_schema AND tc.table_name = c.table_name AND ccu.column_name = c.column_name WHERE constraint_type IN ('PRIMARY KEY', 'UNIQUE') AND c.table_catalog = $1$ AND c.table_schema = CURRENT_SCHEMA() AND c.table_name = $2$ AND constraint_type = $3$

2025/02/13 14:39:15 /home/bryan/repos/skripsi/backend/setup/setup.go:78
[15.876ms] [rows:-] SELECT c.column_name, constraint_name, constraint_type FROM information_schema.table_constraints tc JOIN information_schema.constraint_column_usage AS ccu USING (constraint_schema, constraint_catalog, table_name, constraint_name) JOIN information_schema.columns AS c ON c.table_schema = tc.constraint_schema AND tc.table_name = c.table_name AND ccu.column_name = c.column_name WHERE constraint_type IN ('PRIMARY KEY', 'UNIQUE') AND c.table_catalog = $1$ AND c.table_schema = CURRENT_SCHEMA() AND c.table_name = $2$

2025/02/13 14:39:15 /home/bryan/repos/skripsi/backend/setup/setup.go:78
[1.573ms] [rows:-] SELECT a.attname as column_name, format_type(a.atttypid, a.atttypmod) AS data_type
		FROM pg_attribute a JOIN pg_class b ON a.attrelid = b.oid AND relnamespace = (SELECT oid FROM pg_catalog.pg_namespace WHERE nspname = CURRENT_SCHEMA())
		WHERE a.attnum > 0 -- hide internal columns
		AND NOT a.attisdropped -- hide deleted columns
		AND b.relname = $1$

2025/02/13 14:39:15 /home/bryan/repos/skripsi/backend/setup/setup.go:78
[1.547ms] [rows:0] SELECT description FROM pg_catalog.pg_description WHERE objsubid = (SELECT ordinal_position FROM information_schema.columns WHERE table_schema = CURRENT_SCHEMA() AND table_name = 'vet_specialties' AND column_name = 'id') AND objoid = (SELECT oid FROM pg_catalog.pg_class WHERE relname = 'vet_specialties' AND relnamespace = (SELECT oid FROM pg_catalog.pg_namespace WHERE nspname = CURRENT_SCHEMA()))

2025/02/13 14:39:15 /home/bryan/repos/skripsi/backend/setup/setup.go:78
[2.019ms] [rows:0] SELECT description FROM pg_catalog.pg_description WHERE objsubid = (SELECT ordinal_position FROM information_schema.columns WHERE table_schema = CURRENT_SCHEMA() AND table_name = 'vet_specialties' AND column_name = 'name') AND objoid = (SELECT oid FROM pg_catalog.pg_class WHERE relname = 'vet_specialties' AND relnamespace = (SELECT oid FROM pg_catalog.pg_namespace WHERE nspname = CURRENT_SCHEMA()))

2025/02/13 14:39:15 /home/bryan/repos/skripsi/backend/setup/setup.go:78
[2.190ms] [rows:1] SELECT count(*) FROM information_schema.tables WHERE table_schema = CURRENT_SCHEMA() AND table_name = 'user_vet_specialties' AND table_type = 'BASE TABLE'

2025/02/13 14:39:15 /home/bryan/repos/skripsi/backend/setup/setup.go:78
[0.755ms] [rows:1] SELECT CURRENT_DATABASE()

2025/02/13 14:39:15 /home/bryan/repos/skripsi/backend/setup/setup.go:78
[11.033ms] [rows:-] SELECT c.column_name, c.is_nullable = 'YES', c.udt_name, c.character_maximum_length, c.numeric_precision, c.numeric_precision_radix, c.numeric_scale, c.datetime_precision, 8 * typlen, c.column_default, pd.description, c.identity_increment FROM information_schema.columns AS c JOIN pg_type AS pgt ON c.udt_name = pgt.typname LEFT JOIN pg_catalog.pg_description as pd ON pd.objsubid = c.ordinal_position AND pd.objoid = (SELECT oid FROM pg_catalog.pg_class WHERE relname = c.table_name AND relnamespace = (SELECT oid FROM pg_catalog.pg_namespace WHERE nspname = c.table_schema)) where table_catalog = $1$ AND table_schema = CURRENT_SCHEMA() AND table_name = $2$

2025/02/13 14:39:15 /home/bryan/repos/skripsi/backend/setup/setup.go:78
[1.040ms] [rows:-] SELECT * FROM "user_vet_specialties" LIMIT $1$

2025/02/13 14:39:15 /home/bryan/repos/skripsi/backend/setup/setup.go:78
[15.592ms] [rows:-] SELECT constraint_name FROM information_schema.table_constraints tc JOIN information_schema.constraint_column_usage AS ccu USING (constraint_schema, constraint_catalog, table_name, constraint_name) JOIN information_schema.columns AS c ON c.table_schema = tc.constraint_schema AND tc.table_name = c.table_name AND ccu.column_name = c.column_name WHERE constraint_type IN ('PRIMARY KEY', 'UNIQUE') AND c.table_catalog = $1$ AND c.table_schema = CURRENT_SCHEMA() AND c.table_name = $2$ AND constraint_type = $3$

2025/02/13 14:39:15 /home/bryan/repos/skripsi/backend/setup/setup.go:78
[15.478ms] [rows:-] SELECT c.column_name, constraint_name, constraint_type FROM information_schema.table_constraints tc JOIN information_schema.constraint_column_usage AS ccu USING (constraint_schema, constraint_catalog, table_name, constraint_name) JOIN information_schema.columns AS c ON c.table_schema = tc.constraint_schema AND tc.table_name = c.table_name AND ccu.column_name = c.column_name WHERE constraint_type IN ('PRIMARY KEY', 'UNIQUE') AND c.table_catalog = $1$ AND c.table_schema = CURRENT_SCHEMA() AND c.table_name = $2$

2025/02/13 14:39:15 /home/bryan/repos/skripsi/backend/setup/setup.go:78
[1.601ms] [rows:-] SELECT a.attname as column_name, format_type(a.atttypid, a.atttypmod) AS data_type
		FROM pg_attribute a JOIN pg_class b ON a.attrelid = b.oid AND relnamespace = (SELECT oid FROM pg_catalog.pg_namespace WHERE nspname = CURRENT_SCHEMA())
		WHERE a.attnum > 0 -- hide internal columns
		AND NOT a.attisdropped -- hide deleted columns
		AND b.relname = $1$

2025/02/13 14:39:15 /home/bryan/repos/skripsi/backend/setup/setup.go:78
[1.402ms] [rows:0] SELECT description FROM pg_catalog.pg_description WHERE objsubid = (SELECT ordinal_position FROM information_schema.columns WHERE table_schema = CURRENT_SCHEMA() AND table_name = 'user_vet_specialties' AND column_name = 'user_id') AND objoid = (SELECT oid FROM pg_catalog.pg_class WHERE relname = 'user_vet_specialties' AND relnamespace = (SELECT oid FROM pg_catalog.pg_namespace WHERE nspname = CURRENT_SCHEMA()))

2025/02/13 14:39:15 /home/bryan/repos/skripsi/backend/setup/setup.go:78
[1.364ms] [rows:0] SELECT description FROM pg_catalog.pg_description WHERE objsubid = (SELECT ordinal_position FROM information_schema.columns WHERE table_schema = CURRENT_SCHEMA() AND table_name = 'user_vet_specialties' AND column_name = 'vet_specialty_id') AND objoid = (SELECT oid FROM pg_catalog.pg_class WHERE relname = 'user_vet_specialties' AND relnamespace = (SELECT oid FROM pg_catalog.pg_namespace WHERE nspname = CURRENT_SCHEMA()))

2025/02/13 14:39:15 /home/bryan/repos/skripsi/backend/setup/setup.go:78
[3.667ms] [rows:1] SELECT count(*) FROM INFORMATION_SCHEMA.table_constraints WHERE table_schema = CURRENT_SCHEMA() AND table_name = 'user_vet_specialties' AND constraint_name = 'fk_user_vet_specialties_user'

2025/02/13 14:39:15 /home/bryan/repos/skripsi/backend/setup/setup.go:78
[4.246ms] [rows:1] SELECT count(*) FROM INFORMATION_SCHEMA.table_constraints WHERE table_schema = CURRENT_SCHEMA() AND table_name = 'user_vet_specialties' AND constraint_name = 'fk_user_vet_specialties_vet_specialty'

2025/02/13 14:39:15 /home/bryan/repos/skripsi/backend/setup/setup.go:78
[2.792ms] [rows:1] SELECT count(*) FROM information_schema.tables WHERE table_schema = CURRENT_SCHEMA() AND table_name = 'daily_walks' AND table_type = 'BASE TABLE'

2025/02/13 14:39:15 /home/bryan/repos/skripsi/backend/setup/setup.go:78
[1.175ms] [rows:1] SELECT CURRENT_DATABASE()

2025/02/13 14:39:15 /home/bryan/repos/skripsi/backend/setup/setup.go:78
[14.130ms] [rows:-] SELECT c.column_name, c.is_nullable = 'YES', c.udt_name, c.character_maximum_length, c.numeric_precision, c.numeric_precision_radix, c.numeric_scale, c.datetime_precision, 8 * typlen, c.column_default, pd.description, c.identity_increment FROM information_schema.columns AS c JOIN pg_type AS pgt ON c.udt_name = pgt.typname LEFT JOIN pg_catalog.pg_description as pd ON pd.objsubid = c.ordinal_position AND pd.objoid = (SELECT oid FROM pg_catalog.pg_class WHERE relname = c.table_name AND relnamespace = (SELECT oid FROM pg_catalog.pg_namespace WHERE nspname = c.table_schema)) where table_catalog = $1$ AND table_schema = CURRENT_SCHEMA() AND table_name = $2$

2025/02/13 14:39:15 /home/bryan/repos/skripsi/backend/setup/setup.go:78
[0.985ms] [rows:-] SELECT * FROM "daily_walks" LIMIT $1$

2025/02/13 14:39:15 /home/bryan/repos/skripsi/backend/setup/setup.go:78
[20.052ms] [rows:-] SELECT constraint_name FROM information_schema.table_constraints tc JOIN information_schema.constraint_column_usage AS ccu USING (constraint_schema, constraint_catalog, table_name, constraint_name) JOIN information_schema.columns AS c ON c.table_schema = tc.constraint_schema AND tc.table_name = c.table_name AND ccu.column_name = c.column_name WHERE constraint_type IN ('PRIMARY KEY', 'UNIQUE') AND c.table_catalog = $1$ AND c.table_schema = CURRENT_SCHEMA() AND c.table_name = $2$ AND constraint_type = $3$

2025/02/13 14:39:15 /home/bryan/repos/skripsi/backend/setup/setup.go:78
[18.230ms] [rows:-] SELECT c.column_name, constraint_name, constraint_type FROM information_schema.table_constraints tc JOIN information_schema.constraint_column_usage AS ccu USING (constraint_schema, constraint_catalog, table_name, constraint_name) JOIN information_schema.columns AS c ON c.table_schema = tc.constraint_schema AND tc.table_name = c.table_name AND ccu.column_name = c.column_name WHERE constraint_type IN ('PRIMARY KEY', 'UNIQUE') AND c.table_catalog = $1$ AND c.table_schema = CURRENT_SCHEMA() AND c.table_name = $2$

2025/02/13 14:39:15 /home/bryan/repos/skripsi/backend/setup/setup.go:78
[1.887ms] [rows:-] SELECT a.attname as column_name, format_type(a.atttypid, a.atttypmod) AS data_type
		FROM pg_attribute a JOIN pg_class b ON a.attrelid = b.oid AND relnamespace = (SELECT oid FROM pg_catalog.pg_namespace WHERE nspname = CURRENT_SCHEMA())
		WHERE a.attnum > 0 -- hide internal columns
		AND NOT a.attisdropped -- hide deleted columns
		AND b.relname = $1$

2025/02/13 14:39:15 /home/bryan/repos/skripsi/backend/setup/setup.go:78
[1.862ms] [rows:0] SELECT description FROM pg_catalog.pg_description WHERE objsubid = (SELECT ordinal_position FROM information_schema.columns WHERE table_schema = CURRENT_SCHEMA() AND table_name = 'daily_walks' AND column_name = 'id') AND objoid = (SELECT oid FROM pg_catalog.pg_class WHERE relname = 'daily_walks' AND relnamespace = (SELECT oid FROM pg_catalog.pg_namespace WHERE nspname = CURRENT_SCHEMA()))

2025/02/13 14:39:15 /home/bryan/repos/skripsi/backend/setup/setup.go:78
[1.755ms] [rows:0] SELECT description FROM pg_catalog.pg_description WHERE objsubid = (SELECT ordinal_position FROM information_schema.columns WHERE table_schema = CURRENT_SCHEMA() AND table_name = 'daily_walks' AND column_name = 'name') AND objoid = (SELECT oid FROM pg_catalog.pg_class WHERE relname = 'daily_walks' AND relnamespace = (SELECT oid FROM pg_catalog.pg_namespace WHERE nspname = CURRENT_SCHEMA()))

2025/02/13 14:39:15 /home/bryan/repos/skripsi/backend/setup/setup.go:78
[2.526ms] [rows:1] SELECT count(*) FROM information_schema.tables WHERE table_schema = CURRENT_SCHEMA() AND table_name = 'daily_playtimes' AND table_type = 'BASE TABLE'

2025/02/13 14:39:15 /home/bryan/repos/skripsi/backend/setup/setup.go:78
[0.801ms] [rows:1] SELECT CURRENT_DATABASE()

2025/02/13 14:39:15 /home/bryan/repos/skripsi/backend/setup/setup.go:78
[17.481ms] [rows:-] SELECT c.column_name, c.is_nullable = 'YES', c.udt_name, c.character_maximum_length, c.numeric_precision, c.numeric_precision_radix, c.numeric_scale, c.datetime_precision, 8 * typlen, c.column_default, pd.description, c.identity_increment FROM information_schema.columns AS c JOIN pg_type AS pgt ON c.udt_name = pgt.typname LEFT JOIN pg_catalog.pg_description as pd ON pd.objsubid = c.ordinal_position AND pd.objoid = (SELECT oid FROM pg_catalog.pg_class WHERE relname = c.table_name AND relnamespace = (SELECT oid FROM pg_catalog.pg_namespace WHERE nspname = c.table_schema)) where table_catalog = $1$ AND table_schema = CURRENT_SCHEMA() AND table_name = $2$

2025/02/13 14:39:15 /home/bryan/repos/skripsi/backend/setup/setup.go:78
[1.011ms] [rows:-] SELECT * FROM "daily_playtimes" LIMIT $1$

2025/02/13 14:39:15 /home/bryan/repos/skripsi/backend/setup/setup.go:78
[18.415ms] [rows:-] SELECT constraint_name FROM information_schema.table_constraints tc JOIN information_schema.constraint_column_usage AS ccu USING (constraint_schema, constraint_catalog, table_name, constraint_name) JOIN information_schema.columns AS c ON c.table_schema = tc.constraint_schema AND tc.table_name = c.table_name AND ccu.column_name = c.column_name WHERE constraint_type IN ('PRIMARY KEY', 'UNIQUE') AND c.table_catalog = $1$ AND c.table_schema = CURRENT_SCHEMA() AND c.table_name = $2$ AND constraint_type = $3$

2025/02/13 14:39:15 /home/bryan/repos/skripsi/backend/setup/setup.go:78
[18.825ms] [rows:-] SELECT c.column_name, constraint_name, constraint_type FROM information_schema.table_constraints tc JOIN information_schema.constraint_column_usage AS ccu USING (constraint_schema, constraint_catalog, table_name, constraint_name) JOIN information_schema.columns AS c ON c.table_schema = tc.constraint_schema AND tc.table_name = c.table_name AND ccu.column_name = c.column_name WHERE constraint_type IN ('PRIMARY KEY', 'UNIQUE') AND c.table_catalog = $1$ AND c.table_schema = CURRENT_SCHEMA() AND c.table_name = $2$

2025/02/13 14:39:15 /home/bryan/repos/skripsi/backend/setup/setup.go:78
[1.904ms] [rows:-] SELECT a.attname as column_name, format_type(a.atttypid, a.atttypmod) AS data_type
		FROM pg_attribute a JOIN pg_class b ON a.attrelid = b.oid AND relnamespace = (SELECT oid FROM pg_catalog.pg_namespace WHERE nspname = CURRENT_SCHEMA())
		WHERE a.attnum > 0 -- hide internal columns
		AND NOT a.attisdropped -- hide deleted columns
		AND b.relname = $1$

2025/02/13 14:39:15 /home/bryan/repos/skripsi/backend/setup/setup.go:78
[1.650ms] [rows:0] SELECT description FROM pg_catalog.pg_description WHERE objsubid = (SELECT ordinal_position FROM information_schema.columns WHERE table_schema = CURRENT_SCHEMA() AND table_name = 'daily_playtimes' AND column_name = 'id') AND objoid = (SELECT oid FROM pg_catalog.pg_class WHERE relname = 'daily_playtimes' AND relnamespace = (SELECT oid FROM pg_catalog.pg_namespace WHERE nspname = CURRENT_SCHEMA()))

2025/02/13 14:39:15 /home/bryan/repos/skripsi/backend/setup/setup.go:78
[1.803ms] [rows:0] SELECT description FROM pg_catalog.pg_description WHERE objsubid = (SELECT ordinal_position FROM information_schema.columns WHERE table_schema = CURRENT_SCHEMA() AND table_name = 'daily_playtimes' AND column_name = 'name') AND objoid = (SELECT oid FROM pg_catalog.pg_class WHERE relname = 'daily_playtimes' AND relnamespace = (SELECT oid FROM pg_catalog.pg_namespace WHERE nspname = CURRENT_SCHEMA()))

2025/02/13 14:39:15 /home/bryan/repos/skripsi/backend/setup/setup.go:78
[1.101ms] [rows:1] SELECT count(*) FROM information_schema.tables WHERE table_schema = CURRENT_SCHEMA() AND table_name = 'pet_daycares' AND table_type = 'BASE TABLE'

2025/02/13 14:39:15 /home/bryan/repos/skripsi/backend/setup/setup.go:78
[0.845ms] [rows:1] SELECT CURRENT_DATABASE()

2025/02/13 14:39:15 /home/bryan/repos/skripsi/backend/setup/setup.go:78
[5.062ms] [rows:-] SELECT c.column_name, c.is_nullable = 'YES', c.udt_name, c.character_maximum_length, c.numeric_precision, c.numeric_precision_radix, c.numeric_scale, c.datetime_precision, 8 * typlen, c.column_default, pd.description, c.identity_increment FROM information_schema.columns AS c JOIN pg_type AS pgt ON c.udt_name = pgt.typname LEFT JOIN pg_catalog.pg_description as pd ON pd.objsubid = c.ordinal_position AND pd.objoid = (SELECT oid FROM pg_catalog.pg_class WHERE relname = c.table_name AND relnamespace = (SELECT oid FROM pg_catalog.pg_namespace WHERE nspname = c.table_schema)) where table_catalog = $1$ AND table_schema = CURRENT_SCHEMA() AND table_name = $2$

2025/02/13 14:39:15 /home/bryan/repos/skripsi/backend/setup/setup.go:78
[1.250ms] [rows:-] SELECT * FROM "pet_daycares" LIMIT $1$

2025/02/13 14:39:15 /home/bryan/repos/skripsi/backend/setup/setup.go:78
[7.032ms] [rows:-] SELECT constraint_name FROM information_schema.table_constraints tc JOIN information_schema.constraint_column_usage AS ccu USING (constraint_schema, constraint_catalog, table_name, constraint_name) JOIN information_schema.columns AS c ON c.table_schema = tc.constraint_schema AND tc.table_name = c.table_name AND ccu.column_name = c.column_name WHERE constraint_type IN ('PRIMARY KEY', 'UNIQUE') AND c.table_catalog = $1$ AND c.table_schema = CURRENT_SCHEMA() AND c.table_name = $2$ AND constraint_type = $3$

2025/02/13 14:39:15 /home/bryan/repos/skripsi/backend/setup/setup.go:78
[7.516ms] [rows:-] SELECT c.column_name, constraint_name, constraint_type FROM information_schema.table_constraints tc JOIN information_schema.constraint_column_usage AS ccu USING (constraint_schema, constraint_catalog, table_name, constraint_name) JOIN information_schema.columns AS c ON c.table_schema = tc.constraint_schema AND tc.table_name = c.table_name AND ccu.column_name = c.column_name WHERE constraint_type IN ('PRIMARY KEY', 'UNIQUE') AND c.table_catalog = $1$ AND c.table_schema = CURRENT_SCHEMA() AND c.table_name = $2$

2025/02/13 14:39:15 /home/bryan/repos/skripsi/backend/setup/setup.go:78
[1.321ms] [rows:-] SELECT a.attname as column_name, format_type(a.atttypid, a.atttypmod) AS data_type
		FROM pg_attribute a JOIN pg_class b ON a.attrelid = b.oid AND relnamespace = (SELECT oid FROM pg_catalog.pg_namespace WHERE nspname = CURRENT_SCHEMA())
		WHERE a.attnum > 0 -- hide internal columns
		AND NOT a.attisdropped -- hide deleted columns
		AND b.relname = $1$

2025/02/13 14:39:15 /home/bryan/repos/skripsi/backend/setup/setup.go:78
[1.778ms] [rows:0] SELECT description FROM pg_catalog.pg_description WHERE objsubid = (SELECT ordinal_position FROM information_schema.columns WHERE table_schema = CURRENT_SCHEMA() AND table_name = 'pet_daycares' AND column_name = 'id') AND objoid = (SELECT oid FROM pg_catalog.pg_class WHERE relname = 'pet_daycares' AND relnamespace = (SELECT oid FROM pg_catalog.pg_namespace WHERE nspname = CURRENT_SCHEMA()))

2025/02/13 14:39:15 /home/bryan/repos/skripsi/backend/setup/setup.go:78
[1.673ms] [rows:0] SELECT description FROM pg_catalog.pg_description WHERE objsubid = (SELECT ordinal_position FROM information_schema.columns WHERE table_schema = CURRENT_SCHEMA() AND table_name = 'pet_daycares' AND column_name = 'created_at') AND objoid = (SELECT oid FROM pg_catalog.pg_class WHERE relname = 'pet_daycares' AND relnamespace = (SELECT oid FROM pg_catalog.pg_namespace WHERE nspname = CURRENT_SCHEMA()))

2025/02/13 14:39:15 /home/bryan/repos/skripsi/backend/setup/setup.go:78
[1.568ms] [rows:0] SELECT description FROM pg_catalog.pg_description WHERE objsubid = (SELECT ordinal_position FROM information_schema.columns WHERE table_schema = CURRENT_SCHEMA() AND table_name = 'pet_daycares' AND column_name = 'updated_at') AND objoid = (SELECT oid FROM pg_catalog.pg_class WHERE relname = 'pet_daycares' AND relnamespace = (SELECT oid FROM pg_catalog.pg_namespace WHERE nspname = CURRENT_SCHEMA()))

2025/02/13 14:39:15 /home/bryan/repos/skripsi/backend/setup/setup.go:78
[1.648ms] [rows:0] SELECT description FROM pg_catalog.pg_description WHERE objsubid = (SELECT ordinal_position FROM information_schema.columns WHERE table_schema = CURRENT_SCHEMA() AND table_name = 'pet_daycares' AND column_name = 'deleted_at') AND objoid = (SELECT oid FROM pg_catalog.pg_class WHERE relname = 'pet_daycares' AND relnamespace = (SELECT oid FROM pg_catalog.pg_namespace WHERE nspname = CURRENT_SCHEMA()))

2025/02/13 14:39:15 /home/bryan/repos/skripsi/backend/setup/setup.go:78
[1.679ms] [rows:0] SELECT description FROM pg_catalog.pg_description WHERE objsubid = (SELECT ordinal_position FROM information_schema.columns WHERE table_schema = CURRENT_SCHEMA() AND table_name = 'pet_daycares' AND column_name = 'name') AND objoid = (SELECT oid FROM pg_catalog.pg_class WHERE relname = 'pet_daycares' AND relnamespace = (SELECT oid FROM pg_catalog.pg_namespace WHERE nspname = CURRENT_SCHEMA()))

2025/02/13 14:39:15 /home/bryan/repos/skripsi/backend/setup/setup.go:78
[1.868ms] [rows:0] SELECT description FROM pg_catalog.pg_description WHERE objsubid = (SELECT ordinal_position FROM information_schema.columns WHERE table_schema = CURRENT_SCHEMA() AND table_name = 'pet_daycares' AND column_name = 'address') AND objoid = (SELECT oid FROM pg_catalog.pg_class WHERE relname = 'pet_daycares' AND relnamespace = (SELECT oid FROM pg_catalog.pg_namespace WHERE nspname = CURRENT_SCHEMA()))

2025/02/13 14:39:15 /home/bryan/repos/skripsi/backend/setup/setup.go:78
[1.700ms] [rows:0] SELECT description FROM pg_catalog.pg_description WHERE objsubid = (SELECT ordinal_position FROM information_schema.columns WHERE table_schema = CURRENT_SCHEMA() AND table_name = 'pet_daycares' AND column_name = 'latitude') AND objoid = (SELECT oid FROM pg_catalog.pg_class WHERE relname = 'pet_daycares' AND relnamespace = (SELECT oid FROM pg_catalog.pg_namespace WHERE nspname = CURRENT_SCHEMA()))

2025/02/13 14:39:15 /home/bryan/repos/skripsi/backend/setup/setup.go:78
[1.598ms] [rows:0] SELECT description FROM pg_catalog.pg_description WHERE objsubid = (SELECT ordinal_position FROM information_schema.columns WHERE table_schema = CURRENT_SCHEMA() AND table_name = 'pet_daycares' AND column_name = 'longitude') AND objoid = (SELECT oid FROM pg_catalog.pg_class WHERE relname = 'pet_daycares' AND relnamespace = (SELECT oid FROM pg_catalog.pg_namespace WHERE nspname = CURRENT_SCHEMA()))

2025/02/13 14:39:15 /home/bryan/repos/skripsi/backend/setup/setup.go:78
[1.495ms] [rows:0] SELECT description FROM pg_catalog.pg_description WHERE objsubid = (SELECT ordinal_position FROM information_schema.columns WHERE table_schema = CURRENT_SCHEMA() AND table_name = 'pet_daycares' AND column_name = 'price') AND objoid = (SELECT oid FROM pg_catalog.pg_class WHERE relname = 'pet_daycares' AND relnamespace = (SELECT oid FROM pg_catalog.pg_namespace WHERE nspname = CURRENT_SCHEMA()))

2025/02/13 14:39:15 /home/bryan/repos/skripsi/backend/setup/setup.go:78
[1.644ms] [rows:0] SELECT description FROM pg_catalog.pg_description WHERE objsubid = (SELECT ordinal_position FROM information_schema.columns WHERE table_schema = CURRENT_SCHEMA() AND table_name = 'pet_daycares' AND column_name = 'pricing_type') AND objoid = (SELECT oid FROM pg_catalog.pg_class WHERE relname = 'pet_daycares' AND relnamespace = (SELECT oid FROM pg_catalog.pg_namespace WHERE nspname = CURRENT_SCHEMA()))

2025/02/13 14:39:15 /home/bryan/repos/skripsi/backend/setup/setup.go:78
[1.681ms] [rows:0] SELECT description FROM pg_catalog.pg_description WHERE objsubid = (SELECT ordinal_position FROM information_schema.columns WHERE table_schema = CURRENT_SCHEMA() AND table_name = 'pet_daycares' AND column_name = 'description') AND objoid = (SELECT oid FROM pg_catalog.pg_class WHERE relname = 'pet_daycares' AND relnamespace = (SELECT oid FROM pg_catalog.pg_namespace WHERE nspname = CURRENT_SCHEMA()))

2025/02/13 14:39:15 /home/bryan/repos/skripsi/backend/setup/setup.go:78
[1.660ms] [rows:0] SELECT description FROM pg_catalog.pg_description WHERE objsubid = (SELECT ordinal_position FROM information_schema.columns WHERE table_schema = CURRENT_SCHEMA() AND table_name = 'pet_daycares' AND column_name = 'has_pickup_service') AND objoid = (SELECT oid FROM pg_catalog.pg_class WHERE relname = 'pet_daycares' AND relnamespace = (SELECT oid FROM pg_catalog.pg_namespace WHERE nspname = CURRENT_SCHEMA()))

2025/02/13 14:39:15 /home/bryan/repos/skripsi/backend/setup/setup.go:78
[1.621ms] [rows:0] SELECT description FROM pg_catalog.pg_description WHERE objsubid = (SELECT ordinal_position FROM information_schema.columns WHERE table_schema = CURRENT_SCHEMA() AND table_name = 'pet_daycares' AND column_name = 'must_be_vaccinated') AND objoid = (SELECT oid FROM pg_catalog.pg_class WHERE relname = 'pet_daycares' AND relnamespace = (SELECT oid FROM pg_catalog.pg_namespace WHERE nspname = CURRENT_SCHEMA()))

2025/02/13 14:39:15 /home/bryan/repos/skripsi/backend/setup/setup.go:78
[1.490ms] [rows:0] SELECT description FROM pg_catalog.pg_description WHERE objsubid = (SELECT ordinal_position FROM information_schema.columns WHERE table_schema = CURRENT_SCHEMA() AND table_name = 'pet_daycares' AND column_name = 'food_provided') AND objoid = (SELECT oid FROM pg_catalog.pg_class WHERE relname = 'pet_daycares' AND relnamespace = (SELECT oid FROM pg_catalog.pg_namespace WHERE nspname = CURRENT_SCHEMA()))

2025/02/13 14:39:15 /home/bryan/repos/skripsi/backend/setup/setup.go:78
[1.423ms] [rows:0] SELECT description FROM pg_catalog.pg_description WHERE objsubid = (SELECT ordinal_position FROM information_schema.columns WHERE table_schema = CURRENT_SCHEMA() AND table_name = 'pet_daycares' AND column_name = 'grooming_available') AND objoid = (SELECT oid FROM pg_catalog.pg_class WHERE relname = 'pet_daycares' AND relnamespace = (SELECT oid FROM pg_catalog.pg_namespace WHERE nspname = CURRENT_SCHEMA()))

2025/02/13 14:39:15 /home/bryan/repos/skripsi/backend/setup/setup.go:78
[1.600ms] [rows:0] SELECT description FROM pg_catalog.pg_description WHERE objsubid = (SELECT ordinal_position FROM information_schema.columns WHERE table_schema = CURRENT_SCHEMA() AND table_name = 'pet_daycares' AND column_name = 'booked_num') AND objoid = (SELECT oid FROM pg_catalog.pg_class WHERE relname = 'pet_daycares' AND relnamespace = (SELECT oid FROM pg_catalog.pg_namespace WHERE nspname = CURRENT_SCHEMA()))

2025/02/13 14:39:15 /home/bryan/repos/skripsi/backend/setup/setup.go:78
[1.557ms] [rows:0] SELECT description FROM pg_catalog.pg_description WHERE objsubid = (SELECT ordinal_position FROM information_schema.columns WHERE table_schema = CURRENT_SCHEMA() AND table_name = 'pet_daycares' AND column_name = 'daily_walks_id') AND objoid = (SELECT oid FROM pg_catalog.pg_class WHERE relname = 'pet_daycares' AND relnamespace = (SELECT oid FROM pg_catalog.pg_namespace WHERE nspname = CURRENT_SCHEMA()))

2025/02/13 14:39:15 /home/bryan/repos/skripsi/backend/setup/setup.go:78
[1.434ms] [rows:0] SELECT description FROM pg_catalog.pg_description WHERE objsubid = (SELECT ordinal_position FROM information_schema.columns WHERE table_schema = CURRENT_SCHEMA() AND table_name = 'pet_daycares' AND column_name = 'daily_playtime_id') AND objoid = (SELECT oid FROM pg_catalog.pg_class WHERE relname = 'pet_daycares' AND relnamespace = (SELECT oid FROM pg_catalog.pg_namespace WHERE nspname = CURRENT_SCHEMA()))

2025/02/13 14:39:15 /home/bryan/repos/skripsi/backend/setup/setup.go:78
[1.556ms] [rows:0] SELECT description FROM pg_catalog.pg_description WHERE objsubid = (SELECT ordinal_position FROM information_schema.columns WHERE table_schema = CURRENT_SCHEMA() AND table_name = 'pet_daycares' AND column_name = 'owner_id') AND objoid = (SELECT oid FROM pg_catalog.pg_class WHERE relname = 'pet_daycares' AND relnamespace = (SELECT oid FROM pg_catalog.pg_namespace WHERE nspname = CURRENT_SCHEMA()))

2025/02/13 14:39:15 /home/bryan/repos/skripsi/backend/setup/setup.go:78
[1.615ms] [rows:0] SELECT description FROM pg_catalog.pg_description WHERE objsubid = (SELECT ordinal_position FROM information_schema.columns WHERE table_schema = CURRENT_SCHEMA() AND table_name = 'pet_daycares' AND column_name = 'food_brand') AND objoid = (SELECT oid FROM pg_catalog.pg_class WHERE relname = 'pet_daycares' AND relnamespace = (SELECT oid FROM pg_catalog.pg_namespace WHERE nspname = CURRENT_SCHEMA()))

2025/02/13 14:39:15 /home/bryan/repos/skripsi/backend/setup/setup.go:78
[5.057ms] [rows:1] SELECT count(*) FROM INFORMATION_SCHEMA.table_constraints WHERE table_schema = CURRENT_SCHEMA() AND table_name = 'pet_daycares' AND constraint_name = 'fk_users_pet_daycare'

2025/02/13 14:39:15 /home/bryan/repos/skripsi/backend/setup/setup.go:78
[4.045ms] [rows:1] SELECT count(*) FROM INFORMATION_SCHEMA.table_constraints WHERE table_schema = CURRENT_SCHEMA() AND table_name = 'pet_daycares' AND constraint_name = 'fk_pet_daycares_daily_walks'

2025/02/13 14:39:15 /home/bryan/repos/skripsi/backend/setup/setup.go:78
[3.939ms] [rows:1] SELECT count(*) FROM INFORMATION_SCHEMA.table_constraints WHERE table_schema = CURRENT_SCHEMA() AND table_name = 'pet_daycares' AND constraint_name = 'fk_pet_daycares_daily_playtime'

2025/02/13 14:39:15 /home/bryan/repos/skripsi/backend/setup/setup.go:78
[2.806ms] [rows:1] SELECT count(*) FROM pg_indexes WHERE tablename = 'pet_daycares' AND indexname = 'idx_pet_daycares_deleted_at' AND schemaname = CURRENT_SCHEMA()

2025/02/13 14:39:15 /home/bryan/repos/skripsi/backend/setup/setup.go:78
[1.221ms] [rows:1] SELECT count(*) FROM information_schema.tables WHERE table_schema = CURRENT_SCHEMA() AND table_name = 'species' AND table_type = 'BASE TABLE'

2025/02/13 14:39:15 /home/bryan/repos/skripsi/backend/setup/setup.go:78
[0.820ms] [rows:1] SELECT CURRENT_DATABASE()

2025/02/13 14:39:15 /home/bryan/repos/skripsi/backend/setup/setup.go:78
[3.046ms] [rows:-] SELECT c.column_name, c.is_nullable = 'YES', c.udt_name, c.character_maximum_length, c.numeric_precision, c.numeric_precision_radix, c.numeric_scale, c.datetime_precision, 8 * typlen, c.column_default, pd.description, c.identity_increment FROM information_schema.columns AS c JOIN pg_type AS pgt ON c.udt_name = pgt.typname LEFT JOIN pg_catalog.pg_description as pd ON pd.objsubid = c.ordinal_position AND pd.objoid = (SELECT oid FROM pg_catalog.pg_class WHERE relname = c.table_name AND relnamespace = (SELECT oid FROM pg_catalog.pg_namespace WHERE nspname = c.table_schema)) where table_catalog = $1$ AND table_schema = CURRENT_SCHEMA() AND table_name = $2$

2025/02/13 14:39:15 /home/bryan/repos/skripsi/backend/setup/setup.go:78
[1.034ms] [rows:-] SELECT * FROM "species" LIMIT $1$

2025/02/13 14:39:15 /home/bryan/repos/skripsi/backend/setup/setup.go:78
[2.842ms] [rows:-] SELECT constraint_name FROM information_schema.table_constraints tc JOIN information_schema.constraint_column_usage AS ccu USING (constraint_schema, constraint_catalog, table_name, constraint_name) JOIN information_schema.columns AS c ON c.table_schema = tc.constraint_schema AND tc.table_name = c.table_name AND ccu.column_name = c.column_name WHERE constraint_type IN ('PRIMARY KEY', 'UNIQUE') AND c.table_catalog = $1$ AND c.table_schema = CURRENT_SCHEMA() AND c.table_name = $2$ AND constraint_type = $3$

2025/02/13 14:39:15 /home/bryan/repos/skripsi/backend/setup/setup.go:78
[2.977ms] [rows:-] SELECT c.column_name, constraint_name, constraint_type FROM information_schema.table_constraints tc JOIN information_schema.constraint_column_usage AS ccu USING (constraint_schema, constraint_catalog, table_name, constraint_name) JOIN information_schema.columns AS c ON c.table_schema = tc.constraint_schema AND tc.table_name = c.table_name AND ccu.column_name = c.column_name WHERE constraint_type IN ('PRIMARY KEY', 'UNIQUE') AND c.table_catalog = $1$ AND c.table_schema = CURRENT_SCHEMA() AND c.table_name = $2$

2025/02/13 14:39:15 /home/bryan/repos/skripsi/backend/setup/setup.go:78
[1.038ms] [rows:-] SELECT a.attname as column_name, format_type(a.atttypid, a.atttypmod) AS data_type
		FROM pg_attribute a JOIN pg_class b ON a.attrelid = b.oid AND relnamespace = (SELECT oid FROM pg_catalog.pg_namespace WHERE nspname = CURRENT_SCHEMA())
		WHERE a.attnum > 0 -- hide internal columns
		AND NOT a.attisdropped -- hide deleted columns
		AND b.relname = $1$

2025/02/13 14:39:15 /home/bryan/repos/skripsi/backend/setup/setup.go:78
[1.553ms] [rows:0] SELECT description FROM pg_catalog.pg_description WHERE objsubid = (SELECT ordinal_position FROM information_schema.columns WHERE table_schema = CURRENT_SCHEMA() AND table_name = 'species' AND column_name = 'id') AND objoid = (SELECT oid FROM pg_catalog.pg_class WHERE relname = 'species' AND relnamespace = (SELECT oid FROM pg_catalog.pg_namespace WHERE nspname = CURRENT_SCHEMA()))

2025/02/13 14:39:15 /home/bryan/repos/skripsi/backend/setup/setup.go:78
[1.676ms] [rows:0] SELECT description FROM pg_catalog.pg_description WHERE objsubid = (SELECT ordinal_position FROM information_schema.columns WHERE table_schema = CURRENT_SCHEMA() AND table_name = 'species' AND column_name = 'name') AND objoid = (SELECT oid FROM pg_catalog.pg_class WHERE relname = 'species' AND relnamespace = (SELECT oid FROM pg_catalog.pg_namespace WHERE nspname = CURRENT_SCHEMA()))

2025/02/13 14:39:15 /home/bryan/repos/skripsi/backend/setup/setup.go:78
[1.205ms] [rows:1] SELECT count(*) FROM information_schema.tables WHERE table_schema = CURRENT_SCHEMA() AND table_name = 'size_categories' AND table_type = 'BASE TABLE'

2025/02/13 14:39:15 /home/bryan/repos/skripsi/backend/setup/setup.go:78
[0.856ms] [rows:1] SELECT CURRENT_DATABASE()

2025/02/13 14:39:15 /home/bryan/repos/skripsi/backend/setup/setup.go:78
[3.523ms] [rows:-] SELECT c.column_name, c.is_nullable = 'YES', c.udt_name, c.character_maximum_length, c.numeric_precision, c.numeric_precision_radix, c.numeric_scale, c.datetime_precision, 8 * typlen, c.column_default, pd.description, c.identity_increment FROM information_schema.columns AS c JOIN pg_type AS pgt ON c.udt_name = pgt.typname LEFT JOIN pg_catalog.pg_description as pd ON pd.objsubid = c.ordinal_position AND pd.objoid = (SELECT oid FROM pg_catalog.pg_class WHERE relname = c.table_name AND relnamespace = (SELECT oid FROM pg_catalog.pg_namespace WHERE nspname = c.table_schema)) where table_catalog = $1$ AND table_schema = CURRENT_SCHEMA() AND table_name = $2$

2025/02/13 14:39:15 /home/bryan/repos/skripsi/backend/setup/setup.go:78
[1.047ms] [rows:-] SELECT * FROM "size_categories" LIMIT $1$

2025/02/13 14:39:15 /home/bryan/repos/skripsi/backend/setup/setup.go:78
[2.879ms] [rows:-] SELECT constraint_name FROM information_schema.table_constraints tc JOIN information_schema.constraint_column_usage AS ccu USING (constraint_schema, constraint_catalog, table_name, constraint_name) JOIN information_schema.columns AS c ON c.table_schema = tc.constraint_schema AND tc.table_name = c.table_name AND ccu.column_name = c.column_name WHERE constraint_type IN ('PRIMARY KEY', 'UNIQUE') AND c.table_catalog = $1$ AND c.table_schema = CURRENT_SCHEMA() AND c.table_name = $2$ AND constraint_type = $3$

2025/02/13 14:39:15 /home/bryan/repos/skripsi/backend/setup/setup.go:78
[2.690ms] [rows:-] SELECT c.column_name, constraint_name, constraint_type FROM information_schema.table_constraints tc JOIN information_schema.constraint_column_usage AS ccu USING (constraint_schema, constraint_catalog, table_name, constraint_name) JOIN information_schema.columns AS c ON c.table_schema = tc.constraint_schema AND tc.table_name = c.table_name AND ccu.column_name = c.column_name WHERE constraint_type IN ('PRIMARY KEY', 'UNIQUE') AND c.table_catalog = $1$ AND c.table_schema = CURRENT_SCHEMA() AND c.table_name = $2$

2025/02/13 14:39:15 /home/bryan/repos/skripsi/backend/setup/setup.go:78
[1.159ms] [rows:-] SELECT a.attname as column_name, format_type(a.atttypid, a.atttypmod) AS data_type
		FROM pg_attribute a JOIN pg_class b ON a.attrelid = b.oid AND relnamespace = (SELECT oid FROM pg_catalog.pg_namespace WHERE nspname = CURRENT_SCHEMA())
		WHERE a.attnum > 0 -- hide internal columns
		AND NOT a.attisdropped -- hide deleted columns
		AND b.relname = $1$

2025/02/13 14:39:15 /home/bryan/repos/skripsi/backend/setup/setup.go:78
[1.674ms] [rows:0] SELECT description FROM pg_catalog.pg_description WHERE objsubid = (SELECT ordinal_position FROM information_schema.columns WHERE table_schema = CURRENT_SCHEMA() AND table_name = 'size_categories' AND column_name = 'id') AND objoid = (SELECT oid FROM pg_catalog.pg_class WHERE relname = 'size_categories' AND relnamespace = (SELECT oid FROM pg_catalog.pg_namespace WHERE nspname = CURRENT_SCHEMA()))

2025/02/13 14:39:15 /home/bryan/repos/skripsi/backend/setup/setup.go:78
[1.688ms] [rows:0] SELECT description FROM pg_catalog.pg_description WHERE objsubid = (SELECT ordinal_position FROM information_schema.columns WHERE table_schema = CURRENT_SCHEMA() AND table_name = 'size_categories' AND column_name = 'name') AND objoid = (SELECT oid FROM pg_catalog.pg_class WHERE relname = 'size_categories' AND relnamespace = (SELECT oid FROM pg_catalog.pg_namespace WHERE nspname = CURRENT_SCHEMA()))

2025/02/13 14:39:15 /home/bryan/repos/skripsi/backend/setup/setup.go:78
[2.086ms] [rows:0] SELECT description FROM pg_catalog.pg_description WHERE objsubid = (SELECT ordinal_position FROM information_schema.columns WHERE table_schema = CURRENT_SCHEMA() AND table_name = 'size_categories' AND column_name = 'min_weight') AND objoid = (SELECT oid FROM pg_catalog.pg_class WHERE relname = 'size_categories' AND relnamespace = (SELECT oid FROM pg_catalog.pg_namespace WHERE nspname = CURRENT_SCHEMA()))

2025/02/13 14:39:15 /home/bryan/repos/skripsi/backend/setup/setup.go:78
[1.903ms] [rows:0] SELECT description FROM pg_catalog.pg_description WHERE objsubid = (SELECT ordinal_position FROM information_schema.columns WHERE table_schema = CURRENT_SCHEMA() AND table_name = 'size_categories' AND column_name = 'max_weight') AND objoid = (SELECT oid FROM pg_catalog.pg_class WHERE relname = 'size_categories' AND relnamespace = (SELECT oid FROM pg_catalog.pg_namespace WHERE nspname = CURRENT_SCHEMA()))

2025/02/13 14:39:15 /home/bryan/repos/skripsi/backend/setup/setup.go:78
[1.195ms] [rows:1] SELECT count(*) FROM information_schema.tables WHERE table_schema = CURRENT_SCHEMA() AND table_name = 'pets' AND table_type = 'BASE TABLE'

2025/02/13 14:39:15 /home/bryan/repos/skripsi/backend/setup/setup.go:78
[0.765ms] [rows:1] SELECT CURRENT_DATABASE()

2025/02/13 14:39:15 /home/bryan/repos/skripsi/backend/setup/setup.go:78
[3.839ms] [rows:-] SELECT c.column_name, c.is_nullable = 'YES', c.udt_name, c.character_maximum_length, c.numeric_precision, c.numeric_precision_radix, c.numeric_scale, c.datetime_precision, 8 * typlen, c.column_default, pd.description, c.identity_increment FROM information_schema.columns AS c JOIN pg_type AS pgt ON c.udt_name = pgt.typname LEFT JOIN pg_catalog.pg_description as pd ON pd.objsubid = c.ordinal_position AND pd.objoid = (SELECT oid FROM pg_catalog.pg_class WHERE relname = c.table_name AND relnamespace = (SELECT oid FROM pg_catalog.pg_namespace WHERE nspname = c.table_schema)) where table_catalog = $1$ AND table_schema = CURRENT_SCHEMA() AND table_name = $2$

2025/02/13 14:39:15 /home/bryan/repos/skripsi/backend/setup/setup.go:78
[0.996ms] [rows:-] SELECT * FROM "pets" LIMIT $1$

2025/02/13 14:39:15 /home/bryan/repos/skripsi/backend/setup/setup.go:78
[3.343ms] [rows:-] SELECT constraint_name FROM information_schema.table_constraints tc JOIN information_schema.constraint_column_usage AS ccu USING (constraint_schema, constraint_catalog, table_name, constraint_name) JOIN information_schema.columns AS c ON c.table_schema = tc.constraint_schema AND tc.table_name = c.table_name AND ccu.column_name = c.column_name WHERE constraint_type IN ('PRIMARY KEY', 'UNIQUE') AND c.table_catalog = $1$ AND c.table_schema = CURRENT_SCHEMA() AND c.table_name = $2$ AND constraint_type = $3$

2025/02/13 14:39:15 /home/bryan/repos/skripsi/backend/setup/setup.go:78
[3.615ms] [rows:-] SELECT c.column_name, constraint_name, constraint_type FROM information_schema.table_constraints tc JOIN information_schema.constraint_column_usage AS ccu USING (constraint_schema, constraint_catalog, table_name, constraint_name) JOIN information_schema.columns AS c ON c.table_schema = tc.constraint_schema AND tc.table_name = c.table_name AND ccu.column_name = c.column_name WHERE constraint_type IN ('PRIMARY KEY', 'UNIQUE') AND c.table_catalog = $1$ AND c.table_schema = CURRENT_SCHEMA() AND c.table_name = $2$

2025/02/13 14:39:15 /home/bryan/repos/skripsi/backend/setup/setup.go:78
[1.018ms] [rows:-] SELECT a.attname as column_name, format_type(a.atttypid, a.atttypmod) AS data_type
		FROM pg_attribute a JOIN pg_class b ON a.attrelid = b.oid AND relnamespace = (SELECT oid FROM pg_catalog.pg_namespace WHERE nspname = CURRENT_SCHEMA())
		WHERE a.attnum > 0 -- hide internal columns
		AND NOT a.attisdropped -- hide deleted columns
		AND b.relname = $1$

2025/02/13 14:39:15 /home/bryan/repos/skripsi/backend/setup/setup.go:78
[1.593ms] [rows:0] SELECT description FROM pg_catalog.pg_description WHERE objsubid = (SELECT ordinal_position FROM information_schema.columns WHERE table_schema = CURRENT_SCHEMA() AND table_name = 'pets' AND column_name = 'id') AND objoid = (SELECT oid FROM pg_catalog.pg_class WHERE relname = 'pets' AND relnamespace = (SELECT oid FROM pg_catalog.pg_namespace WHERE nspname = CURRENT_SCHEMA()))

2025/02/13 14:39:15 /home/bryan/repos/skripsi/backend/setup/setup.go:78
[1.464ms] [rows:0] SELECT description FROM pg_catalog.pg_description WHERE objsubid = (SELECT ordinal_position FROM information_schema.columns WHERE table_schema = CURRENT_SCHEMA() AND table_name = 'pets' AND column_name = 'created_at') AND objoid = (SELECT oid FROM pg_catalog.pg_class WHERE relname = 'pets' AND relnamespace = (SELECT oid FROM pg_catalog.pg_namespace WHERE nspname = CURRENT_SCHEMA()))

2025/02/13 14:39:15 /home/bryan/repos/skripsi/backend/setup/setup.go:78
[1.431ms] [rows:0] SELECT description FROM pg_catalog.pg_description WHERE objsubid = (SELECT ordinal_position FROM information_schema.columns WHERE table_schema = CURRENT_SCHEMA() AND table_name = 'pets' AND column_name = 'updated_at') AND objoid = (SELECT oid FROM pg_catalog.pg_class WHERE relname = 'pets' AND relnamespace = (SELECT oid FROM pg_catalog.pg_namespace WHERE nspname = CURRENT_SCHEMA()))

2025/02/13 14:39:15 /home/bryan/repos/skripsi/backend/setup/setup.go:78
[1.441ms] [rows:0] SELECT description FROM pg_catalog.pg_description WHERE objsubid = (SELECT ordinal_position FROM information_schema.columns WHERE table_schema = CURRENT_SCHEMA() AND table_name = 'pets' AND column_name = 'deleted_at') AND objoid = (SELECT oid FROM pg_catalog.pg_class WHERE relname = 'pets' AND relnamespace = (SELECT oid FROM pg_catalog.pg_namespace WHERE nspname = CURRENT_SCHEMA()))

2025/02/13 14:39:15 /home/bryan/repos/skripsi/backend/setup/setup.go:78
[1.434ms] [rows:0] SELECT description FROM pg_catalog.pg_description WHERE objsubid = (SELECT ordinal_position FROM information_schema.columns WHERE table_schema = CURRENT_SCHEMA() AND table_name = 'pets' AND column_name = 'name') AND objoid = (SELECT oid FROM pg_catalog.pg_class WHERE relname = 'pets' AND relnamespace = (SELECT oid FROM pg_catalog.pg_namespace WHERE nspname = CURRENT_SCHEMA()))

2025/02/13 14:39:15 /home/bryan/repos/skripsi/backend/setup/setup.go:78
[1.436ms] [rows:0] SELECT description FROM pg_catalog.pg_description WHERE objsubid = (SELECT ordinal_position FROM information_schema.columns WHERE table_schema = CURRENT_SCHEMA() AND table_name = 'pets' AND column_name = 'image_url') AND objoid = (SELECT oid FROM pg_catalog.pg_class WHERE relname = 'pets' AND relnamespace = (SELECT oid FROM pg_catalog.pg_namespace WHERE nspname = CURRENT_SCHEMA()))

2025/02/13 14:39:15 /home/bryan/repos/skripsi/backend/setup/setup.go:78
[1.502ms] [rows:0] SELECT description FROM pg_catalog.pg_description WHERE objsubid = (SELECT ordinal_position FROM information_schema.columns WHERE table_schema = CURRENT_SCHEMA() AND table_name = 'pets' AND column_name = 'status') AND objoid = (SELECT oid FROM pg_catalog.pg_class WHERE relname = 'pets' AND relnamespace = (SELECT oid FROM pg_catalog.pg_namespace WHERE nspname = CURRENT_SCHEMA()))

2025/02/13 14:39:15 /home/bryan/repos/skripsi/backend/setup/setup.go:78
[1.542ms] [rows:0] SELECT description FROM pg_catalog.pg_description WHERE objsubid = (SELECT ordinal_position FROM information_schema.columns WHERE table_schema = CURRENT_SCHEMA() AND table_name = 'pets' AND column_name = 'owner_id') AND objoid = (SELECT oid FROM pg_catalog.pg_class WHERE relname = 'pets' AND relnamespace = (SELECT oid FROM pg_catalog.pg_namespace WHERE nspname = CURRENT_SCHEMA()))

2025/02/13 14:39:15 /home/bryan/repos/skripsi/backend/setup/setup.go:78
[1.494ms] [rows:0] SELECT description FROM pg_catalog.pg_description WHERE objsubid = (SELECT ordinal_position FROM information_schema.columns WHERE table_schema = CURRENT_SCHEMA() AND table_name = 'pets' AND column_name = 'species_id') AND objoid = (SELECT oid FROM pg_catalog.pg_class WHERE relname = 'pets' AND relnamespace = (SELECT oid FROM pg_catalog.pg_namespace WHERE nspname = CURRENT_SCHEMA()))

2025/02/13 14:39:15 /home/bryan/repos/skripsi/backend/setup/setup.go:78
[1.386ms] [rows:0] SELECT description FROM pg_catalog.pg_description WHERE objsubid = (SELECT ordinal_position FROM information_schema.columns WHERE table_schema = CURRENT_SCHEMA() AND table_name = 'pets' AND column_name = 'size_id') AND objoid = (SELECT oid FROM pg_catalog.pg_class WHERE relname = 'pets' AND relnamespace = (SELECT oid FROM pg_catalog.pg_namespace WHERE nspname = CURRENT_SCHEMA()))

2025/02/13 14:39:15 /home/bryan/repos/skripsi/backend/setup/setup.go:78
[1.217ms] [rows:1] SELECT count(*) FROM INFORMATION_SCHEMA.table_constraints WHERE table_schema = CURRENT_SCHEMA() AND table_name = 'pets' AND constraint_name = 'fk_pets_species'

2025/02/13 14:39:15 /home/bryan/repos/skripsi/backend/setup/setup.go:78
[1.208ms] [rows:1] SELECT count(*) FROM INFORMATION_SCHEMA.table_constraints WHERE table_schema = CURRENT_SCHEMA() AND table_name = 'pets' AND constraint_name = 'fk_pets_size_category'

2025/02/13 14:39:15 /home/bryan/repos/skripsi/backend/setup/setup.go:78
[1.134ms] [rows:1] SELECT count(*) FROM INFORMATION_SCHEMA.table_constraints WHERE table_schema = CURRENT_SCHEMA() AND table_name = 'pets' AND constraint_name = 'fk_users_pets'

2025/02/13 14:39:15 /home/bryan/repos/skripsi/backend/setup/setup.go:78
[2.788ms] [rows:1] SELECT count(*) FROM pg_indexes WHERE tablename = 'pets' AND indexname = 'idx_pets_deleted_at' AND schemaname = CURRENT_SCHEMA()

2025/02/13 14:39:15 /home/bryan/repos/skripsi/backend/setup/setup.go:78
[1.089ms] [rows:1] SELECT count(*) FROM information_schema.tables WHERE table_schema = CURRENT_SCHEMA() AND table_name = 'slots' AND table_type = 'BASE TABLE'

2025/02/13 14:39:15 /home/bryan/repos/skripsi/backend/setup/setup.go:78
[0.700ms] [rows:1] SELECT CURRENT_DATABASE()

2025/02/13 14:39:15 /home/bryan/repos/skripsi/backend/setup/setup.go:78
[3.557ms] [rows:-] SELECT c.column_name, c.is_nullable = 'YES', c.udt_name, c.character_maximum_length, c.numeric_precision, c.numeric_precision_radix, c.numeric_scale, c.datetime_precision, 8 * typlen, c.column_default, pd.description, c.identity_increment FROM information_schema.columns AS c JOIN pg_type AS pgt ON c.udt_name = pgt.typname LEFT JOIN pg_catalog.pg_description as pd ON pd.objsubid = c.ordinal_position AND pd.objoid = (SELECT oid FROM pg_catalog.pg_class WHERE relname = c.table_name AND relnamespace = (SELECT oid FROM pg_catalog.pg_namespace WHERE nspname = c.table_schema)) where table_catalog = $1$ AND table_schema = CURRENT_SCHEMA() AND table_name = $2$

2025/02/13 14:39:15 /home/bryan/repos/skripsi/backend/setup/setup.go:78
[1.158ms] [rows:-] SELECT * FROM "slots" LIMIT $1$

2025/02/13 14:39:15 /home/bryan/repos/skripsi/backend/setup/setup.go:78
[3.062ms] [rows:-] SELECT constraint_name FROM information_schema.table_constraints tc JOIN information_schema.constraint_column_usage AS ccu USING (constraint_schema, constraint_catalog, table_name, constraint_name) JOIN information_schema.columns AS c ON c.table_schema = tc.constraint_schema AND tc.table_name = c.table_name AND ccu.column_name = c.column_name WHERE constraint_type IN ('PRIMARY KEY', 'UNIQUE') AND c.table_catalog = $1$ AND c.table_schema = CURRENT_SCHEMA() AND c.table_name = $2$ AND constraint_type = $3$

2025/02/13 14:39:15 /home/bryan/repos/skripsi/backend/setup/setup.go:78
[2.985ms] [rows:-] SELECT c.column_name, constraint_name, constraint_type FROM information_schema.table_constraints tc JOIN information_schema.constraint_column_usage AS ccu USING (constraint_schema, constraint_catalog, table_name, constraint_name) JOIN information_schema.columns AS c ON c.table_schema = tc.constraint_schema AND tc.table_name = c.table_name AND ccu.column_name = c.column_name WHERE constraint_type IN ('PRIMARY KEY', 'UNIQUE') AND c.table_catalog = $1$ AND c.table_schema = CURRENT_SCHEMA() AND c.table_name = $2$

2025/02/13 14:39:15 /home/bryan/repos/skripsi/backend/setup/setup.go:78
[1.034ms] [rows:-] SELECT a.attname as column_name, format_type(a.atttypid, a.atttypmod) AS data_type
		FROM pg_attribute a JOIN pg_class b ON a.attrelid = b.oid AND relnamespace = (SELECT oid FROM pg_catalog.pg_namespace WHERE nspname = CURRENT_SCHEMA())
		WHERE a.attnum > 0 -- hide internal columns
		AND NOT a.attisdropped -- hide deleted columns
		AND b.relname = $1$

2025/02/13 14:39:15 /home/bryan/repos/skripsi/backend/setup/setup.go:78
[1.486ms] [rows:0] SELECT description FROM pg_catalog.pg_description WHERE objsubid = (SELECT ordinal_position FROM information_schema.columns WHERE table_schema = CURRENT_SCHEMA() AND table_name = 'slots' AND column_name = 'id') AND objoid = (SELECT oid FROM pg_catalog.pg_class WHERE relname = 'slots' AND relnamespace = (SELECT oid FROM pg_catalog.pg_namespace WHERE nspname = CURRENT_SCHEMA()))

2025/02/13 14:39:15 /home/bryan/repos/skripsi/backend/setup/setup.go:78
[1.464ms] [rows:0] SELECT description FROM pg_catalog.pg_description WHERE objsubid = (SELECT ordinal_position FROM information_schema.columns WHERE table_schema = CURRENT_SCHEMA() AND table_name = 'slots' AND column_name = 'created_at') AND objoid = (SELECT oid FROM pg_catalog.pg_class WHERE relname = 'slots' AND relnamespace = (SELECT oid FROM pg_catalog.pg_namespace WHERE nspname = CURRENT_SCHEMA()))

2025/02/13 14:39:15 /home/bryan/repos/skripsi/backend/setup/setup.go:78
[1.626ms] [rows:0] SELECT description FROM pg_catalog.pg_description WHERE objsubid = (SELECT ordinal_position FROM information_schema.columns WHERE table_schema = CURRENT_SCHEMA() AND table_name = 'slots' AND column_name = 'updated_at') AND objoid = (SELECT oid FROM pg_catalog.pg_class WHERE relname = 'slots' AND relnamespace = (SELECT oid FROM pg_catalog.pg_namespace WHERE nspname = CURRENT_SCHEMA()))

2025/02/13 14:39:15 /home/bryan/repos/skripsi/backend/setup/setup.go:78
[1.596ms] [rows:0] SELECT description FROM pg_catalog.pg_description WHERE objsubid = (SELECT ordinal_position FROM information_schema.columns WHERE table_schema = CURRENT_SCHEMA() AND table_name = 'slots' AND column_name = 'deleted_at') AND objoid = (SELECT oid FROM pg_catalog.pg_class WHERE relname = 'slots' AND relnamespace = (SELECT oid FROM pg_catalog.pg_namespace WHERE nspname = CURRENT_SCHEMA()))

2025/02/13 14:39:15 /home/bryan/repos/skripsi/backend/setup/setup.go:78
[1.419ms] [rows:0] SELECT description FROM pg_catalog.pg_description WHERE objsubid = (SELECT ordinal_position FROM information_schema.columns WHERE table_schema = CURRENT_SCHEMA() AND table_name = 'slots' AND column_name = 'daycare_id') AND objoid = (SELECT oid FROM pg_catalog.pg_class WHERE relname = 'slots' AND relnamespace = (SELECT oid FROM pg_catalog.pg_namespace WHERE nspname = CURRENT_SCHEMA()))

2025/02/13 14:39:15 /home/bryan/repos/skripsi/backend/setup/setup.go:78
[1.529ms] [rows:0] SELECT description FROM pg_catalog.pg_description WHERE objsubid = (SELECT ordinal_position FROM information_schema.columns WHERE table_schema = CURRENT_SCHEMA() AND table_name = 'slots' AND column_name = 'species_id') AND objoid = (SELECT oid FROM pg_catalog.pg_class WHERE relname = 'slots' AND relnamespace = (SELECT oid FROM pg_catalog.pg_namespace WHERE nspname = CURRENT_SCHEMA()))

2025/02/13 14:39:15 /home/bryan/repos/skripsi/backend/setup/setup.go:78
[1.481ms] [rows:0] SELECT description FROM pg_catalog.pg_description WHERE objsubid = (SELECT ordinal_position FROM information_schema.columns WHERE table_schema = CURRENT_SCHEMA() AND table_name = 'slots' AND column_name = 'size_category_id') AND objoid = (SELECT oid FROM pg_catalog.pg_class WHERE relname = 'slots' AND relnamespace = (SELECT oid FROM pg_catalog.pg_namespace WHERE nspname = CURRENT_SCHEMA()))

2025/02/13 14:39:15 /home/bryan/repos/skripsi/backend/setup/setup.go:78
[1.548ms] [rows:0] SELECT description FROM pg_catalog.pg_description WHERE objsubid = (SELECT ordinal_position FROM information_schema.columns WHERE table_schema = CURRENT_SCHEMA() AND table_name = 'slots' AND column_name = 'max_number') AND objoid = (SELECT oid FROM pg_catalog.pg_class WHERE relname = 'slots' AND relnamespace = (SELECT oid FROM pg_catalog.pg_namespace WHERE nspname = CURRENT_SCHEMA()))

2025/02/13 14:39:15 /home/bryan/repos/skripsi/backend/setup/setup.go:78
[1.160ms] [rows:1] SELECT count(*) FROM INFORMATION_SCHEMA.table_constraints WHERE table_schema = CURRENT_SCHEMA() AND table_name = 'slots' AND constraint_name = 'fk_pet_daycares_slots'

2025/02/13 14:39:15 /home/bryan/repos/skripsi/backend/setup/setup.go:78
[2.756ms] [rows:1] SELECT count(*) FROM pg_indexes WHERE tablename = 'slots' AND indexname = 'idx_slots_deleted_at' AND schemaname = CURRENT_SCHEMA()

2025/02/13 14:39:15 /home/bryan/repos/skripsi/backend/setup/setup.go:78
[1.196ms] [rows:1] SELECT count(*) FROM information_schema.tables WHERE table_schema = CURRENT_SCHEMA() AND table_name = 'booked_slots' AND table_type = 'BASE TABLE'

2025/02/13 14:39:15 /home/bryan/repos/skripsi/backend/setup/setup.go:78
[0.774ms] [rows:1] SELECT CURRENT_DATABASE()

2025/02/13 14:39:15 /home/bryan/repos/skripsi/backend/setup/setup.go:78
[3.680ms] [rows:-] SELECT c.column_name, c.is_nullable = 'YES', c.udt_name, c.character_maximum_length, c.numeric_precision, c.numeric_precision_radix, c.numeric_scale, c.datetime_precision, 8 * typlen, c.column_default, pd.description, c.identity_increment FROM information_schema.columns AS c JOIN pg_type AS pgt ON c.udt_name = pgt.typname LEFT JOIN pg_catalog.pg_description as pd ON pd.objsubid = c.ordinal_position AND pd.objoid = (SELECT oid FROM pg_catalog.pg_class WHERE relname = c.table_name AND relnamespace = (SELECT oid FROM pg_catalog.pg_namespace WHERE nspname = c.table_schema)) where table_catalog = $1$ AND table_schema = CURRENT_SCHEMA() AND table_name = $2$

2025/02/13 14:39:15 /home/bryan/repos/skripsi/backend/setup/setup.go:78
[1.116ms] [rows:-] SELECT * FROM "booked_slots" LIMIT $1$

2025/02/13 14:39:15 /home/bryan/repos/skripsi/backend/setup/setup.go:78
[3.676ms] [rows:-] SELECT constraint_name FROM information_schema.table_constraints tc JOIN information_schema.constraint_column_usage AS ccu USING (constraint_schema, constraint_catalog, table_name, constraint_name) JOIN information_schema.columns AS c ON c.table_schema = tc.constraint_schema AND tc.table_name = c.table_name AND ccu.column_name = c.column_name WHERE constraint_type IN ('PRIMARY KEY', 'UNIQUE') AND c.table_catalog = $1$ AND c.table_schema = CURRENT_SCHEMA() AND c.table_name = $2$ AND constraint_type = $3$

2025/02/13 14:39:15 /home/bryan/repos/skripsi/backend/setup/setup.go:78
[4.028ms] [rows:-] SELECT c.column_name, constraint_name, constraint_type FROM information_schema.table_constraints tc JOIN information_schema.constraint_column_usage AS ccu USING (constraint_schema, constraint_catalog, table_name, constraint_name) JOIN information_schema.columns AS c ON c.table_schema = tc.constraint_schema AND tc.table_name = c.table_name AND ccu.column_name = c.column_name WHERE constraint_type IN ('PRIMARY KEY', 'UNIQUE') AND c.table_catalog = $1$ AND c.table_schema = CURRENT_SCHEMA() AND c.table_name = $2$

2025/02/13 14:39:15 /home/bryan/repos/skripsi/backend/setup/setup.go:78
[1.288ms] [rows:-] SELECT a.attname as column_name, format_type(a.atttypid, a.atttypmod) AS data_type
		FROM pg_attribute a JOIN pg_class b ON a.attrelid = b.oid AND relnamespace = (SELECT oid FROM pg_catalog.pg_namespace WHERE nspname = CURRENT_SCHEMA())
		WHERE a.attnum > 0 -- hide internal columns
		AND NOT a.attisdropped -- hide deleted columns
		AND b.relname = $1$

2025/02/13 14:39:15 /home/bryan/repos/skripsi/backend/setup/setup.go:78
[1.865ms] [rows:0] SELECT description FROM pg_catalog.pg_description WHERE objsubid = (SELECT ordinal_position FROM information_schema.columns WHERE table_schema = CURRENT_SCHEMA() AND table_name = 'booked_slots' AND column_name = 'id') AND objoid = (SELECT oid FROM pg_catalog.pg_class WHERE relname = 'booked_slots' AND relnamespace = (SELECT oid FROM pg_catalog.pg_namespace WHERE nspname = CURRENT_SCHEMA()))

2025/02/13 14:39:15 /home/bryan/repos/skripsi/backend/setup/setup.go:78
[2.413ms] [rows:0] SELECT description FROM pg_catalog.pg_description WHERE objsubid = (SELECT ordinal_position FROM information_schema.columns WHERE table_schema = CURRENT_SCHEMA() AND table_name = 'booked_slots' AND column_name = 'created_at') AND objoid = (SELECT oid FROM pg_catalog.pg_class WHERE relname = 'booked_slots' AND relnamespace = (SELECT oid FROM pg_catalog.pg_namespace WHERE nspname = CURRENT_SCHEMA()))

2025/02/13 14:39:15 /home/bryan/repos/skripsi/backend/setup/setup.go:78
[2.184ms] [rows:0] SELECT description FROM pg_catalog.pg_description WHERE objsubid = (SELECT ordinal_position FROM information_schema.columns WHERE table_schema = CURRENT_SCHEMA() AND table_name = 'booked_slots' AND column_name = 'updated_at') AND objoid = (SELECT oid FROM pg_catalog.pg_class WHERE relname = 'booked_slots' AND relnamespace = (SELECT oid FROM pg_catalog.pg_namespace WHERE nspname = CURRENT_SCHEMA()))

2025/02/13 14:39:15 /home/bryan/repos/skripsi/backend/setup/setup.go:78
[2.412ms] [rows:0] SELECT description FROM pg_catalog.pg_description WHERE objsubid = (SELECT ordinal_position FROM information_schema.columns WHERE table_schema = CURRENT_SCHEMA() AND table_name = 'booked_slots' AND column_name = 'deleted_at') AND objoid = (SELECT oid FROM pg_catalog.pg_class WHERE relname = 'booked_slots' AND relnamespace = (SELECT oid FROM pg_catalog.pg_namespace WHERE nspname = CURRENT_SCHEMA()))

2025/02/13 14:39:15 /home/bryan/repos/skripsi/backend/setup/setup.go:78
[2.508ms] [rows:0] SELECT description FROM pg_catalog.pg_description WHERE objsubid = (SELECT ordinal_position FROM information_schema.columns WHERE table_schema = CURRENT_SCHEMA() AND table_name = 'booked_slots' AND column_name = 'user_id') AND objoid = (SELECT oid FROM pg_catalog.pg_class WHERE relname = 'booked_slots' AND relnamespace = (SELECT oid FROM pg_catalog.pg_namespace WHERE nspname = CURRENT_SCHEMA()))

2025/02/13 14:39:15 /home/bryan/repos/skripsi/backend/setup/setup.go:78
[2.929ms] [rows:0] SELECT description FROM pg_catalog.pg_description WHERE objsubid = (SELECT ordinal_position FROM information_schema.columns WHERE table_schema = CURRENT_SCHEMA() AND table_name = 'booked_slots' AND column_name = 'daycare_id') AND objoid = (SELECT oid FROM pg_catalog.pg_class WHERE relname = 'booked_slots' AND relnamespace = (SELECT oid FROM pg_catalog.pg_namespace WHERE nspname = CURRENT_SCHEMA()))

2025/02/13 14:39:15 /home/bryan/repos/skripsi/backend/setup/setup.go:78
[2.916ms] [rows:0] SELECT description FROM pg_catalog.pg_description WHERE objsubid = (SELECT ordinal_position FROM information_schema.columns WHERE table_schema = CURRENT_SCHEMA() AND table_name = 'booked_slots' AND column_name = 'pet_id') AND objoid = (SELECT oid FROM pg_catalog.pg_class WHERE relname = 'booked_slots' AND relnamespace = (SELECT oid FROM pg_catalog.pg_namespace WHERE nspname = CURRENT_SCHEMA()))

2025/02/13 14:39:15 /home/bryan/repos/skripsi/backend/setup/setup.go:78
[3.266ms] [rows:0] SELECT description FROM pg_catalog.pg_description WHERE objsubid = (SELECT ordinal_position FROM information_schema.columns WHERE table_schema = CURRENT_SCHEMA() AND table_name = 'booked_slots' AND column_name = 'start_date') AND objoid = (SELECT oid FROM pg_catalog.pg_class WHERE relname = 'booked_slots' AND relnamespace = (SELECT oid FROM pg_catalog.pg_namespace WHERE nspname = CURRENT_SCHEMA()))

2025/02/13 14:39:15 /home/bryan/repos/skripsi/backend/setup/setup.go:78
[3.191ms] [rows:0] SELECT description FROM pg_catalog.pg_description WHERE objsubid = (SELECT ordinal_position FROM information_schema.columns WHERE table_schema = CURRENT_SCHEMA() AND table_name = 'booked_slots' AND column_name = 'end_date') AND objoid = (SELECT oid FROM pg_catalog.pg_class WHERE relname = 'booked_slots' AND relnamespace = (SELECT oid FROM pg_catalog.pg_namespace WHERE nspname = CURRENT_SCHEMA()))

2025/02/13 14:39:15 /home/bryan/repos/skripsi/backend/setup/setup.go:78
[2.937ms] [rows:1] SELECT count(*) FROM INFORMATION_SCHEMA.table_constraints WHERE table_schema = CURRENT_SCHEMA() AND table_name = 'booked_slots' AND constraint_name = 'fk_pet_daycares_booked_slots'

2025/02/13 14:39:15 /home/bryan/repos/skripsi/backend/setup/setup.go:78
[2.968ms] [rows:1] SELECT count(*) FROM INFORMATION_SCHEMA.table_constraints WHERE table_schema = CURRENT_SCHEMA() AND table_name = 'booked_slots' AND constraint_name = 'fk_booked_slots_user'

2025/02/13 14:39:15 /home/bryan/repos/skripsi/backend/setup/setup.go:78
[2.755ms] [rows:1] SELECT count(*) FROM INFORMATION_SCHEMA.table_constraints WHERE table_schema = CURRENT_SCHEMA() AND table_name = 'booked_slots' AND constraint_name = 'fk_pets_booked_slots'

2025/02/13 14:39:15 /home/bryan/repos/skripsi/backend/setup/setup.go:78
[6.277ms] [rows:1] SELECT count(*) FROM pg_indexes WHERE tablename = 'booked_slots' AND indexname = 'idx_booked_slots_deleted_at' AND schemaname = CURRENT_SCHEMA()

2025/02/13 14:39:15 /home/bryan/repos/skripsi/backend/setup/setup.go:78
[2.821ms] [rows:1] SELECT count(*) FROM information_schema.tables WHERE table_schema = CURRENT_SCHEMA() AND table_name = 'thumbnails' AND table_type = 'BASE TABLE'

2025/02/13 14:39:15 /home/bryan/repos/skripsi/backend/setup/setup.go:78
[1.894ms] [rows:1] SELECT CURRENT_DATABASE()

2025/02/13 14:39:15 /home/bryan/repos/skripsi/backend/setup/setup.go:78
[7.412ms] [rows:-] SELECT c.column_name, c.is_nullable = 'YES', c.udt_name, c.character_maximum_length, c.numeric_precision, c.numeric_precision_radix, c.numeric_scale, c.datetime_precision, 8 * typlen, c.column_default, pd.description, c.identity_increment FROM information_schema.columns AS c JOIN pg_type AS pgt ON c.udt_name = pgt.typname LEFT JOIN pg_catalog.pg_description as pd ON pd.objsubid = c.ordinal_position AND pd.objoid = (SELECT oid FROM pg_catalog.pg_class WHERE relname = c.table_name AND relnamespace = (SELECT oid FROM pg_catalog.pg_namespace WHERE nspname = c.table_schema)) where table_catalog = $1$ AND table_schema = CURRENT_SCHEMA() AND table_name = $2$

2025/02/13 14:39:15 /home/bryan/repos/skripsi/backend/setup/setup.go:78
[2.220ms] [rows:-] SELECT * FROM "thumbnails" LIMIT $1$

2025/02/13 14:39:15 /home/bryan/repos/skripsi/backend/setup/setup.go:78
[5.361ms] [rows:-] SELECT constraint_name FROM information_schema.table_constraints tc JOIN information_schema.constraint_column_usage AS ccu USING (constraint_schema, constraint_catalog, table_name, constraint_name) JOIN information_schema.columns AS c ON c.table_schema = tc.constraint_schema AND tc.table_name = c.table_name AND ccu.column_name = c.column_name WHERE constraint_type IN ('PRIMARY KEY', 'UNIQUE') AND c.table_catalog = $1$ AND c.table_schema = CURRENT_SCHEMA() AND c.table_name = $2$ AND constraint_type = $3$

2025/02/13 14:39:15 /home/bryan/repos/skripsi/backend/setup/setup.go:78
[5.222ms] [rows:-] SELECT c.column_name, constraint_name, constraint_type FROM information_schema.table_constraints tc JOIN information_schema.constraint_column_usage AS ccu USING (constraint_schema, constraint_catalog, table_name, constraint_name) JOIN information_schema.columns AS c ON c.table_schema = tc.constraint_schema AND tc.table_name = c.table_name AND ccu.column_name = c.column_name WHERE constraint_type IN ('PRIMARY KEY', 'UNIQUE') AND c.table_catalog = $1$ AND c.table_schema = CURRENT_SCHEMA() AND c.table_name = $2$

2025/02/13 14:39:15 /home/bryan/repos/skripsi/backend/setup/setup.go:78
[2.275ms] [rows:-] SELECT a.attname as column_name, format_type(a.atttypid, a.atttypmod) AS data_type
		FROM pg_attribute a JOIN pg_class b ON a.attrelid = b.oid AND relnamespace = (SELECT oid FROM pg_catalog.pg_namespace WHERE nspname = CURRENT_SCHEMA())
		WHERE a.attnum > 0 -- hide internal columns
		AND NOT a.attisdropped -- hide deleted columns
		AND b.relname = $1$

2025/02/13 14:39:15 /home/bryan/repos/skripsi/backend/setup/setup.go:78
[3.385ms] [rows:0] SELECT description FROM pg_catalog.pg_description WHERE objsubid = (SELECT ordinal_position FROM information_schema.columns WHERE table_schema = CURRENT_SCHEMA() AND table_name = 'thumbnails' AND column_name = 'id') AND objoid = (SELECT oid FROM pg_catalog.pg_class WHERE relname = 'thumbnails' AND relnamespace = (SELECT oid FROM pg_catalog.pg_namespace WHERE nspname = CURRENT_SCHEMA()))

2025/02/13 14:39:15 /home/bryan/repos/skripsi/backend/setup/setup.go:78
[3.678ms] [rows:0] SELECT description FROM pg_catalog.pg_description WHERE objsubid = (SELECT ordinal_position FROM information_schema.columns WHERE table_schema = CURRENT_SCHEMA() AND table_name = 'thumbnails' AND column_name = 'daycare_id') AND objoid = (SELECT oid FROM pg_catalog.pg_class WHERE relname = 'thumbnails' AND relnamespace = (SELECT oid FROM pg_catalog.pg_namespace WHERE nspname = CURRENT_SCHEMA()))

2025/02/13 14:39:15 /home/bryan/repos/skripsi/backend/setup/setup.go:78
[4.025ms] [rows:0] SELECT description FROM pg_catalog.pg_description WHERE objsubid = (SELECT ordinal_position FROM information_schema.columns WHERE table_schema = CURRENT_SCHEMA() AND table_name = 'thumbnails' AND column_name = 'image_url') AND objoid = (SELECT oid FROM pg_catalog.pg_class WHERE relname = 'thumbnails' AND relnamespace = (SELECT oid FROM pg_catalog.pg_namespace WHERE nspname = CURRENT_SCHEMA()))

2025/02/13 14:39:15 /home/bryan/repos/skripsi/backend/setup/setup.go:78
[3.504ms] [rows:1] SELECT count(*) FROM INFORMATION_SCHEMA.table_constraints WHERE table_schema = CURRENT_SCHEMA() AND table_name = 'thumbnails' AND constraint_name = 'fk_pet_daycares_thumbnails'

2025/02/13 14:39:15 /home/bryan/repos/skripsi/backend/setup/setup.go:78
[2.823ms] [rows:1] SELECT count(*) FROM information_schema.tables WHERE table_schema = CURRENT_SCHEMA() AND table_name = 'reviews' AND table_type = 'BASE TABLE'

2025/02/13 14:39:15 /home/bryan/repos/skripsi/backend/setup/setup.go:78
[2.003ms] [rows:1] SELECT CURRENT_DATABASE()

2025/02/13 14:39:16 /home/bryan/repos/skripsi/backend/setup/setup.go:78
[9.863ms] [rows:-] SELECT c.column_name, c.is_nullable = 'YES', c.udt_name, c.character_maximum_length, c.numeric_precision, c.numeric_precision_radix, c.numeric_scale, c.datetime_precision, 8 * typlen, c.column_default, pd.description, c.identity_increment FROM information_schema.columns AS c JOIN pg_type AS pgt ON c.udt_name = pgt.typname LEFT JOIN pg_catalog.pg_description as pd ON pd.objsubid = c.ordinal_position AND pd.objoid = (SELECT oid FROM pg_catalog.pg_class WHERE relname = c.table_name AND relnamespace = (SELECT oid FROM pg_catalog.pg_namespace WHERE nspname = c.table_schema)) where table_catalog = $1$ AND table_schema = CURRENT_SCHEMA() AND table_name = $2$

2025/02/13 14:39:16 /home/bryan/repos/skripsi/backend/setup/setup.go:78
[2.746ms] [rows:-] SELECT * FROM "reviews" LIMIT $1$

2025/02/13 14:39:16 /home/bryan/repos/skripsi/backend/setup/setup.go:78
[7.722ms] [rows:-] SELECT constraint_name FROM information_schema.table_constraints tc JOIN information_schema.constraint_column_usage AS ccu USING (constraint_schema, constraint_catalog, table_name, constraint_name) JOIN information_schema.columns AS c ON c.table_schema = tc.constraint_schema AND tc.table_name = c.table_name AND ccu.column_name = c.column_name WHERE constraint_type IN ('PRIMARY KEY', 'UNIQUE') AND c.table_catalog = $1$ AND c.table_schema = CURRENT_SCHEMA() AND c.table_name = $2$ AND constraint_type = $3$

2025/02/13 14:39:16 /home/bryan/repos/skripsi/backend/setup/setup.go:78
[7.192ms] [rows:-] SELECT c.column_name, constraint_name, constraint_type FROM information_schema.table_constraints tc JOIN information_schema.constraint_column_usage AS ccu USING (constraint_schema, constraint_catalog, table_name, constraint_name) JOIN information_schema.columns AS c ON c.table_schema = tc.constraint_schema AND tc.table_name = c.table_name AND ccu.column_name = c.column_name WHERE constraint_type IN ('PRIMARY KEY', 'UNIQUE') AND c.table_catalog = $1$ AND c.table_schema = CURRENT_SCHEMA() AND c.table_name = $2$

2025/02/13 14:39:16 /home/bryan/repos/skripsi/backend/setup/setup.go:78
[2.508ms] [rows:-] SELECT a.attname as column_name, format_type(a.atttypid, a.atttypmod) AS data_type
		FROM pg_attribute a JOIN pg_class b ON a.attrelid = b.oid AND relnamespace = (SELECT oid FROM pg_catalog.pg_namespace WHERE nspname = CURRENT_SCHEMA())
		WHERE a.attnum > 0 -- hide internal columns
		AND NOT a.attisdropped -- hide deleted columns
		AND b.relname = $1$

2025/02/13 14:39:16 /home/bryan/repos/skripsi/backend/setup/setup.go:78
[3.746ms] [rows:0] SELECT description FROM pg_catalog.pg_description WHERE objsubid = (SELECT ordinal_position FROM information_schema.columns WHERE table_schema = CURRENT_SCHEMA() AND table_name = 'reviews' AND column_name = 'id') AND objoid = (SELECT oid FROM pg_catalog.pg_class WHERE relname = 'reviews' AND relnamespace = (SELECT oid FROM pg_catalog.pg_namespace WHERE nspname = CURRENT_SCHEMA()))

2025/02/13 14:39:16 /home/bryan/repos/skripsi/backend/setup/setup.go:78
[4.117ms] [rows:0] SELECT description FROM pg_catalog.pg_description WHERE objsubid = (SELECT ordinal_position FROM information_schema.columns WHERE table_schema = CURRENT_SCHEMA() AND table_name = 'reviews' AND column_name = 'created_at') AND objoid = (SELECT oid FROM pg_catalog.pg_class WHERE relname = 'reviews' AND relnamespace = (SELECT oid FROM pg_catalog.pg_namespace WHERE nspname = CURRENT_SCHEMA()))

2025/02/13 14:39:16 /home/bryan/repos/skripsi/backend/setup/setup.go:78
[4.060ms] [rows:0] SELECT description FROM pg_catalog.pg_description WHERE objsubid = (SELECT ordinal_position FROM information_schema.columns WHERE table_schema = CURRENT_SCHEMA() AND table_name = 'reviews' AND column_name = 'updated_at') AND objoid = (SELECT oid FROM pg_catalog.pg_class WHERE relname = 'reviews' AND relnamespace = (SELECT oid FROM pg_catalog.pg_namespace WHERE nspname = CURRENT_SCHEMA()))

2025/02/13 14:39:16 /home/bryan/repos/skripsi/backend/setup/setup.go:78
[4.019ms] [rows:0] SELECT description FROM pg_catalog.pg_description WHERE objsubid = (SELECT ordinal_position FROM information_schema.columns WHERE table_schema = CURRENT_SCHEMA() AND table_name = 'reviews' AND column_name = 'deleted_at') AND objoid = (SELECT oid FROM pg_catalog.pg_class WHERE relname = 'reviews' AND relnamespace = (SELECT oid FROM pg_catalog.pg_namespace WHERE nspname = CURRENT_SCHEMA()))

2025/02/13 14:39:16 /home/bryan/repos/skripsi/backend/setup/setup.go:78
[3.466ms] [rows:0] SELECT description FROM pg_catalog.pg_description WHERE objsubid = (SELECT ordinal_position FROM information_schema.columns WHERE table_schema = CURRENT_SCHEMA() AND table_name = 'reviews' AND column_name = 'daycare_id') AND objoid = (SELECT oid FROM pg_catalog.pg_class WHERE relname = 'reviews' AND relnamespace = (SELECT oid FROM pg_catalog.pg_namespace WHERE nspname = CURRENT_SCHEMA()))

2025/02/13 14:39:16 /home/bryan/repos/skripsi/backend/setup/setup.go:78
[3.355ms] [rows:0] SELECT description FROM pg_catalog.pg_description WHERE objsubid = (SELECT ordinal_position FROM information_schema.columns WHERE table_schema = CURRENT_SCHEMA() AND table_name = 'reviews' AND column_name = 'user_id') AND objoid = (SELECT oid FROM pg_catalog.pg_class WHERE relname = 'reviews' AND relnamespace = (SELECT oid FROM pg_catalog.pg_namespace WHERE nspname = CURRENT_SCHEMA()))

2025/02/13 14:39:16 /home/bryan/repos/skripsi/backend/setup/setup.go:78
[4.122ms] [rows:0] SELECT description FROM pg_catalog.pg_description WHERE objsubid = (SELECT ordinal_position FROM information_schema.columns WHERE table_schema = CURRENT_SCHEMA() AND table_name = 'reviews' AND column_name = 'name') AND objoid = (SELECT oid FROM pg_catalog.pg_class WHERE relname = 'reviews' AND relnamespace = (SELECT oid FROM pg_catalog.pg_namespace WHERE nspname = CURRENT_SCHEMA()))

2025/02/13 14:39:16 /home/bryan/repos/skripsi/backend/setup/setup.go:78
[4.259ms] [rows:0] SELECT description FROM pg_catalog.pg_description WHERE objsubid = (SELECT ordinal_position FROM information_schema.columns WHERE table_schema = CURRENT_SCHEMA() AND table_name = 'reviews' AND column_name = 'rate') AND objoid = (SELECT oid FROM pg_catalog.pg_class WHERE relname = 'reviews' AND relnamespace = (SELECT oid FROM pg_catalog.pg_namespace WHERE nspname = CURRENT_SCHEMA()))

2025/02/13 14:39:16 /home/bryan/repos/skripsi/backend/setup/setup.go:78
[3.525ms] [rows:0] SELECT description FROM pg_catalog.pg_description WHERE objsubid = (SELECT ordinal_position FROM information_schema.columns WHERE table_schema = CURRENT_SCHEMA() AND table_name = 'reviews' AND column_name = 'description') AND objoid = (SELECT oid FROM pg_catalog.pg_class WHERE relname = 'reviews' AND relnamespace = (SELECT oid FROM pg_catalog.pg_namespace WHERE nspname = CURRENT_SCHEMA()))

2025/02/13 14:39:16 /home/bryan/repos/skripsi/backend/setup/setup.go:78
[2.947ms] [rows:1] SELECT count(*) FROM INFORMATION_SCHEMA.table_constraints WHERE table_schema = CURRENT_SCHEMA() AND table_name = 'reviews' AND constraint_name = 'fk_pet_daycares_reviews'

2025/02/13 14:39:16 /home/bryan/repos/skripsi/backend/setup/setup.go:78
[3.185ms] [rows:1] SELECT count(*) FROM INFORMATION_SCHEMA.table_constraints WHERE table_schema = CURRENT_SCHEMA() AND table_name = 'reviews' AND constraint_name = 'fk_users_reviews'

2025/02/13 14:39:16 /home/bryan/repos/skripsi/backend/setup/setup.go:78
[6.127ms] [rows:1] SELECT count(*) FROM pg_indexes WHERE tablename = 'reviews' AND indexname = 'idx_reviews_deleted_at' AND schemaname = CURRENT_SCHEMA()

2025/02/13 14:39:16 /home/bryan/repos/skripsi/backend/setup/setup.go:78
[2.528ms] [rows:1] SELECT count(*) FROM information_schema.tables WHERE table_schema = CURRENT_SCHEMA() AND table_name = 'refresh_tokens' AND table_type = 'BASE TABLE'

2025/02/13 14:39:16 /home/bryan/repos/skripsi/backend/setup/setup.go:78
[2.007ms] [rows:1] SELECT CURRENT_DATABASE()

2025/02/13 14:39:16 /home/bryan/repos/skripsi/backend/setup/setup.go:78
[8.770ms] [rows:-] SELECT c.column_name, c.is_nullable = 'YES', c.udt_name, c.character_maximum_length, c.numeric_precision, c.numeric_precision_radix, c.numeric_scale, c.datetime_precision, 8 * typlen, c.column_default, pd.description, c.identity_increment FROM information_schema.columns AS c JOIN pg_type AS pgt ON c.udt_name = pgt.typname LEFT JOIN pg_catalog.pg_description as pd ON pd.objsubid = c.ordinal_position AND pd.objoid = (SELECT oid FROM pg_catalog.pg_class WHERE relname = c.table_name AND relnamespace = (SELECT oid FROM pg_catalog.pg_namespace WHERE nspname = c.table_schema)) where table_catalog = $1$ AND table_schema = CURRENT_SCHEMA() AND table_name = $2$

2025/02/13 14:39:16 /home/bryan/repos/skripsi/backend/setup/setup.go:78
[4.675ms] [rows:-] SELECT * FROM "refresh_tokens" LIMIT $1$

2025/02/13 14:39:16 /home/bryan/repos/skripsi/backend/setup/setup.go:78
[7.565ms] [rows:-] SELECT constraint_name FROM information_schema.table_constraints tc JOIN information_schema.constraint_column_usage AS ccu USING (constraint_schema, constraint_catalog, table_name, constraint_name) JOIN information_schema.columns AS c ON c.table_schema = tc.constraint_schema AND tc.table_name = c.table_name AND ccu.column_name = c.column_name WHERE constraint_type IN ('PRIMARY KEY', 'UNIQUE') AND c.table_catalog = $1$ AND c.table_schema = CURRENT_SCHEMA() AND c.table_name = $2$ AND constraint_type = $3$

2025/02/13 14:39:16 /home/bryan/repos/skripsi/backend/setup/setup.go:78
[7.380ms] [rows:-] SELECT c.column_name, constraint_name, constraint_type FROM information_schema.table_constraints tc JOIN information_schema.constraint_column_usage AS ccu USING (constraint_schema, constraint_catalog, table_name, constraint_name) JOIN information_schema.columns AS c ON c.table_schema = tc.constraint_schema AND tc.table_name = c.table_name AND ccu.column_name = c.column_name WHERE constraint_type IN ('PRIMARY KEY', 'UNIQUE') AND c.table_catalog = $1$ AND c.table_schema = CURRENT_SCHEMA() AND c.table_name = $2$

2025/02/13 14:39:16 /home/bryan/repos/skripsi/backend/setup/setup.go:78
[2.976ms] [rows:-] SELECT a.attname as column_name, format_type(a.atttypid, a.atttypmod) AS data_type
		FROM pg_attribute a JOIN pg_class b ON a.attrelid = b.oid AND relnamespace = (SELECT oid FROM pg_catalog.pg_namespace WHERE nspname = CURRENT_SCHEMA())
		WHERE a.attnum > 0 -- hide internal columns
		AND NOT a.attisdropped -- hide deleted columns
		AND b.relname = $1$

2025/02/13 14:39:16 /home/bryan/repos/skripsi/backend/setup/setup.go:78
[3.597ms] [rows:0] SELECT description FROM pg_catalog.pg_description WHERE objsubid = (SELECT ordinal_position FROM information_schema.columns WHERE table_schema = CURRENT_SCHEMA() AND table_name = 'refresh_tokens' AND column_name = 'id') AND objoid = (SELECT oid FROM pg_catalog.pg_class WHERE relname = 'refresh_tokens' AND relnamespace = (SELECT oid FROM pg_catalog.pg_namespace WHERE nspname = CURRENT_SCHEMA()))

2025/02/13 14:39:16 /home/bryan/repos/skripsi/backend/setup/setup.go:78
[4.382ms] [rows:0] SELECT description FROM pg_catalog.pg_description WHERE objsubid = (SELECT ordinal_position FROM information_schema.columns WHERE table_schema = CURRENT_SCHEMA() AND table_name = 'refresh_tokens' AND column_name = 'created_at') AND objoid = (SELECT oid FROM pg_catalog.pg_class WHERE relname = 'refresh_tokens' AND relnamespace = (SELECT oid FROM pg_catalog.pg_namespace WHERE nspname = CURRENT_SCHEMA()))

2025/02/13 14:39:16 /home/bryan/repos/skripsi/backend/setup/setup.go:78
[5.187ms] [rows:0] SELECT description FROM pg_catalog.pg_description WHERE objsubid = (SELECT ordinal_position FROM information_schema.columns WHERE table_schema = CURRENT_SCHEMA() AND table_name = 'refresh_tokens' AND column_name = 'updated_at') AND objoid = (SELECT oid FROM pg_catalog.pg_class WHERE relname = 'refresh_tokens' AND relnamespace = (SELECT oid FROM pg_catalog.pg_namespace WHERE nspname = CURRENT_SCHEMA()))

2025/02/13 14:39:16 /home/bryan/repos/skripsi/backend/setup/setup.go:78
[3.771ms] [rows:0] SELECT description FROM pg_catalog.pg_description WHERE objsubid = (SELECT ordinal_position FROM information_schema.columns WHERE table_schema = CURRENT_SCHEMA() AND table_name = 'refresh_tokens' AND column_name = 'deleted_at') AND objoid = (SELECT oid FROM pg_catalog.pg_class WHERE relname = 'refresh_tokens' AND relnamespace = (SELECT oid FROM pg_catalog.pg_namespace WHERE nspname = CURRENT_SCHEMA()))

2025/02/13 14:39:16 /home/bryan/repos/skripsi/backend/setup/setup.go:78
[3.396ms] [rows:0] SELECT description FROM pg_catalog.pg_description WHERE objsubid = (SELECT ordinal_position FROM information_schema.columns WHERE table_schema = CURRENT_SCHEMA() AND table_name = 'refresh_tokens' AND column_name = 'user_id') AND objoid = (SELECT oid FROM pg_catalog.pg_class WHERE relname = 'refresh_tokens' AND relnamespace = (SELECT oid FROM pg_catalog.pg_namespace WHERE nspname = CURRENT_SCHEMA()))

2025/02/13 14:39:16 /home/bryan/repos/skripsi/backend/setup/setup.go:78
[3.315ms] [rows:0] SELECT description FROM pg_catalog.pg_description WHERE objsubid = (SELECT ordinal_position FROM information_schema.columns WHERE table_schema = CURRENT_SCHEMA() AND table_name = 'refresh_tokens' AND column_name = 'token') AND objoid = (SELECT oid FROM pg_catalog.pg_class WHERE relname = 'refresh_tokens' AND relnamespace = (SELECT oid FROM pg_catalog.pg_namespace WHERE nspname = CURRENT_SCHEMA()))

2025/02/13 14:39:16 /home/bryan/repos/skripsi/backend/setup/setup.go:78
[3.299ms] [rows:0] SELECT description FROM pg_catalog.pg_description WHERE objsubid = (SELECT ordinal_position FROM information_schema.columns WHERE table_schema = CURRENT_SCHEMA() AND table_name = 'refresh_tokens' AND column_name = 'expires_at') AND objoid = (SELECT oid FROM pg_catalog.pg_class WHERE relname = 'refresh_tokens' AND relnamespace = (SELECT oid FROM pg_catalog.pg_namespace WHERE nspname = CURRENT_SCHEMA()))

2025/02/13 14:39:16 /home/bryan/repos/skripsi/backend/setup/setup.go:78
[2.809ms] [rows:1] SELECT count(*) FROM pg_indexes WHERE tablename = 'refresh_tokens' AND indexname = 'idx_refresh_tokens_deleted_at' AND schemaname = CURRENT_SCHEMA()

2025/02/13 14:39:16 /home/bryan/repos/skripsi/backend/setup/setup.go:78
[2.496ms] [rows:1] SELECT count(*) FROM pg_indexes WHERE tablename = 'refresh_tokens' AND indexname = 'idx_refresh_tokens_user_id' AND schemaname = CURRENT_SCHEMA()

2025/02/13 14:39:16 /home/bryan/repos/skripsi/backend/setup/setup.go:78
[2.705ms] [rows:1] SELECT count(*) FROM information_schema.tables WHERE table_schema = CURRENT_SCHEMA() AND table_name = 'transactions' AND table_type = 'BASE TABLE'

2025/02/13 14:39:16 /home/bryan/repos/skripsi/backend/setup/setup.go:78
[2.354ms] [rows:1] SELECT CURRENT_DATABASE()

2025/02/13 14:39:16 /home/bryan/repos/skripsi/backend/setup/setup.go:78
[7.983ms] [rows:-] SELECT c.column_name, c.is_nullable = 'YES', c.udt_name, c.character_maximum_length, c.numeric_precision, c.numeric_precision_radix, c.numeric_scale, c.datetime_precision, 8 * typlen, c.column_default, pd.description, c.identity_increment FROM information_schema.columns AS c JOIN pg_type AS pgt ON c.udt_name = pgt.typname LEFT JOIN pg_catalog.pg_description as pd ON pd.objsubid = c.ordinal_position AND pd.objoid = (SELECT oid FROM pg_catalog.pg_class WHERE relname = c.table_name AND relnamespace = (SELECT oid FROM pg_catalog.pg_namespace WHERE nspname = c.table_schema)) where table_catalog = $1$ AND table_schema = CURRENT_SCHEMA() AND table_name = $2$

2025/02/13 14:39:16 /home/bryan/repos/skripsi/backend/setup/setup.go:78
[2.378ms] [rows:-] SELECT * FROM "transactions" LIMIT $1$

2025/02/13 14:39:16 /home/bryan/repos/skripsi/backend/setup/setup.go:78
[6.210ms] [rows:-] SELECT constraint_name FROM information_schema.table_constraints tc JOIN information_schema.constraint_column_usage AS ccu USING (constraint_schema, constraint_catalog, table_name, constraint_name) JOIN information_schema.columns AS c ON c.table_schema = tc.constraint_schema AND tc.table_name = c.table_name AND ccu.column_name = c.column_name WHERE constraint_type IN ('PRIMARY KEY', 'UNIQUE') AND c.table_catalog = $1$ AND c.table_schema = CURRENT_SCHEMA() AND c.table_name = $2$ AND constraint_type = $3$

2025/02/13 14:39:16 /home/bryan/repos/skripsi/backend/setup/setup.go:78
[6.628ms] [rows:-] SELECT c.column_name, constraint_name, constraint_type FROM information_schema.table_constraints tc JOIN information_schema.constraint_column_usage AS ccu USING (constraint_schema, constraint_catalog, table_name, constraint_name) JOIN information_schema.columns AS c ON c.table_schema = tc.constraint_schema AND tc.table_name = c.table_name AND ccu.column_name = c.column_name WHERE constraint_type IN ('PRIMARY KEY', 'UNIQUE') AND c.table_catalog = $1$ AND c.table_schema = CURRENT_SCHEMA() AND c.table_name = $2$

2025/02/13 14:39:16 /home/bryan/repos/skripsi/backend/setup/setup.go:78
[2.058ms] [rows:-] SELECT a.attname as column_name, format_type(a.atttypid, a.atttypmod) AS data_type
		FROM pg_attribute a JOIN pg_class b ON a.attrelid = b.oid AND relnamespace = (SELECT oid FROM pg_catalog.pg_namespace WHERE nspname = CURRENT_SCHEMA())
		WHERE a.attnum > 0 -- hide internal columns
		AND NOT a.attisdropped -- hide deleted columns
		AND b.relname = $1$

2025/02/13 14:39:16 /home/bryan/repos/skripsi/backend/setup/setup.go:78
[3.235ms] [rows:0] SELECT description FROM pg_catalog.pg_description WHERE objsubid = (SELECT ordinal_position FROM information_schema.columns WHERE table_schema = CURRENT_SCHEMA() AND table_name = 'transactions' AND column_name = 'id') AND objoid = (SELECT oid FROM pg_catalog.pg_class WHERE relname = 'transactions' AND relnamespace = (SELECT oid FROM pg_catalog.pg_namespace WHERE nspname = CURRENT_SCHEMA()))

2025/02/13 14:39:16 /home/bryan/repos/skripsi/backend/setup/setup.go:78
[3.786ms] [rows:0] SELECT description FROM pg_catalog.pg_description WHERE objsubid = (SELECT ordinal_position FROM information_schema.columns WHERE table_schema = CURRENT_SCHEMA() AND table_name = 'transactions' AND column_name = 'created_at') AND objoid = (SELECT oid FROM pg_catalog.pg_class WHERE relname = 'transactions' AND relnamespace = (SELECT oid FROM pg_catalog.pg_namespace WHERE nspname = CURRENT_SCHEMA()))

2025/02/13 14:39:16 /home/bryan/repos/skripsi/backend/setup/setup.go:78
[4.357ms] [rows:0] SELECT description FROM pg_catalog.pg_description WHERE objsubid = (SELECT ordinal_position FROM information_schema.columns WHERE table_schema = CURRENT_SCHEMA() AND table_name = 'transactions' AND column_name = 'pet_daycare_id') AND objoid = (SELECT oid FROM pg_catalog.pg_class WHERE relname = 'transactions' AND relnamespace = (SELECT oid FROM pg_catalog.pg_namespace WHERE nspname = CURRENT_SCHEMA()))

2025/02/13 14:39:16 /home/bryan/repos/skripsi/backend/setup/setup.go:78
[3.672ms] [rows:0] SELECT description FROM pg_catalog.pg_description WHERE objsubid = (SELECT ordinal_position FROM information_schema.columns WHERE table_schema = CURRENT_SCHEMA() AND table_name = 'transactions' AND column_name = 'booked_slot_id') AND objoid = (SELECT oid FROM pg_catalog.pg_class WHERE relname = 'transactions' AND relnamespace = (SELECT oid FROM pg_catalog.pg_namespace WHERE nspname = CURRENT_SCHEMA()))

2025/02/13 14:39:16 /home/bryan/repos/skripsi/backend/setup/setup.go:78
[3.495ms] [rows:0] SELECT description FROM pg_catalog.pg_description WHERE objsubid = (SELECT ordinal_position FROM information_schema.columns WHERE table_schema = CURRENT_SCHEMA() AND table_name = 'transactions' AND column_name = 'status') AND objoid = (SELECT oid FROM pg_catalog.pg_class WHERE relname = 'transactions' AND relnamespace = (SELECT oid FROM pg_catalog.pg_namespace WHERE nspname = CURRENT_SCHEMA()))

2025/02/13 14:39:16 /home/bryan/repos/skripsi/backend/setup/setup.go:78
[2.959ms] [rows:1] SELECT count(*) FROM INFORMATION_SCHEMA.table_constraints WHERE table_schema = CURRENT_SCHEMA() AND table_name = 'transactions' AND constraint_name = 'fk_transactions_pet_daycare'

2025/02/13 14:39:16 /home/bryan/repos/skripsi/backend/setup/setup.go:78
[2.889ms] [rows:1] SELECT count(*) FROM INFORMATION_SCHEMA.table_constraints WHERE table_schema = CURRENT_SCHEMA() AND table_name = 'transactions' AND constraint_name = 'fk_transactions_booked_slot'

2025/02/13 14:39:16 /home/bryan/repos/skripsi/backend/setup/setup.go:78
[2.473ms] [rows:1] SELECT count(*) FROM information_schema.tables WHERE table_schema = CURRENT_SCHEMA() AND table_name = 'reduce_slots' AND table_type = 'BASE TABLE'

2025/02/13 14:39:16 /home/bryan/repos/skripsi/backend/setup/setup.go:78
[2.030ms] [rows:1] SELECT CURRENT_DATABASE()

2025/02/13 14:39:16 /home/bryan/repos/skripsi/backend/setup/setup.go:78
[7.240ms] [rows:-] SELECT c.column_name, c.is_nullable = 'YES', c.udt_name, c.character_maximum_length, c.numeric_precision, c.numeric_precision_radix, c.numeric_scale, c.datetime_precision, 8 * typlen, c.column_default, pd.description, c.identity_increment FROM information_schema.columns AS c JOIN pg_type AS pgt ON c.udt_name = pgt.typname LEFT JOIN pg_catalog.pg_description as pd ON pd.objsubid = c.ordinal_position AND pd.objoid = (SELECT oid FROM pg_catalog.pg_class WHERE relname = c.table_name AND relnamespace = (SELECT oid FROM pg_catalog.pg_namespace WHERE nspname = c.table_schema)) where table_catalog = $1$ AND table_schema = CURRENT_SCHEMA() AND table_name = $2$

2025/02/13 14:39:16 /home/bryan/repos/skripsi/backend/setup/setup.go:78
[2.316ms] [rows:-] SELECT * FROM "reduce_slots" LIMIT $1$

2025/02/13 14:39:16 /home/bryan/repos/skripsi/backend/setup/setup.go:78
[6.143ms] [rows:-] SELECT constraint_name FROM information_schema.table_constraints tc JOIN information_schema.constraint_column_usage AS ccu USING (constraint_schema, constraint_catalog, table_name, constraint_name) JOIN information_schema.columns AS c ON c.table_schema = tc.constraint_schema AND tc.table_name = c.table_name AND ccu.column_name = c.column_name WHERE constraint_type IN ('PRIMARY KEY', 'UNIQUE') AND c.table_catalog = $1$ AND c.table_schema = CURRENT_SCHEMA() AND c.table_name = $2$ AND constraint_type = $3$

2025/02/13 14:39:16 /home/bryan/repos/skripsi/backend/setup/setup.go:78
[6.153ms] [rows:-] SELECT c.column_name, constraint_name, constraint_type FROM information_schema.table_constraints tc JOIN information_schema.constraint_column_usage AS ccu USING (constraint_schema, constraint_catalog, table_name, constraint_name) JOIN information_schema.columns AS c ON c.table_schema = tc.constraint_schema AND tc.table_name = c.table_name AND ccu.column_name = c.column_name WHERE constraint_type IN ('PRIMARY KEY', 'UNIQUE') AND c.table_catalog = $1$ AND c.table_schema = CURRENT_SCHEMA() AND c.table_name = $2$

2025/02/13 14:39:16 /home/bryan/repos/skripsi/backend/setup/setup.go:78
[2.579ms] [rows:-] SELECT a.attname as column_name, format_type(a.atttypid, a.atttypmod) AS data_type
		FROM pg_attribute a JOIN pg_class b ON a.attrelid = b.oid AND relnamespace = (SELECT oid FROM pg_catalog.pg_namespace WHERE nspname = CURRENT_SCHEMA())
		WHERE a.attnum > 0 -- hide internal columns
		AND NOT a.attisdropped -- hide deleted columns
		AND b.relname = $1$

2025/02/13 14:39:16 /home/bryan/repos/skripsi/backend/setup/setup.go:78
[3.952ms] [rows:0] SELECT description FROM pg_catalog.pg_description WHERE objsubid = (SELECT ordinal_position FROM information_schema.columns WHERE table_schema = CURRENT_SCHEMA() AND table_name = 'reduce_slots' AND column_name = 'id') AND objoid = (SELECT oid FROM pg_catalog.pg_class WHERE relname = 'reduce_slots' AND relnamespace = (SELECT oid FROM pg_catalog.pg_namespace WHERE nspname = CURRENT_SCHEMA()))

2025/02/13 14:39:16 /home/bryan/repos/skripsi/backend/setup/setup.go:78
[3.936ms] [rows:0] SELECT description FROM pg_catalog.pg_description WHERE objsubid = (SELECT ordinal_position FROM information_schema.columns WHERE table_schema = CURRENT_SCHEMA() AND table_name = 'reduce_slots' AND column_name = 'slot_id') AND objoid = (SELECT oid FROM pg_catalog.pg_class WHERE relname = 'reduce_slots' AND relnamespace = (SELECT oid FROM pg_catalog.pg_namespace WHERE nspname = CURRENT_SCHEMA()))

2025/02/13 14:39:16 /home/bryan/repos/skripsi/backend/setup/setup.go:78
[3.971ms] [rows:0] SELECT description FROM pg_catalog.pg_description WHERE objsubid = (SELECT ordinal_position FROM information_schema.columns WHERE table_schema = CURRENT_SCHEMA() AND table_name = 'reduce_slots' AND column_name = 'reduced_count') AND objoid = (SELECT oid FROM pg_catalog.pg_class WHERE relname = 'reduce_slots' AND relnamespace = (SELECT oid FROM pg_catalog.pg_namespace WHERE nspname = CURRENT_SCHEMA()))

2025/02/13 14:39:16 /home/bryan/repos/skripsi/backend/setup/setup.go:78
[3.827ms] [rows:0] SELECT description FROM pg_catalog.pg_description WHERE objsubid = (SELECT ordinal_position FROM information_schema.columns WHERE table_schema = CURRENT_SCHEMA() AND table_name = 'reduce_slots' AND column_name = 'target_date') AND objoid = (SELECT oid FROM pg_catalog.pg_class WHERE relname = 'reduce_slots' AND relnamespace = (SELECT oid FROM pg_catalog.pg_namespace WHERE nspname = CURRENT_SCHEMA()))

2025/02/13 14:39:16 /home/bryan/repos/skripsi/backend/setup/setup.go:78
[2.465ms] [rows:1] SELECT count(*) FROM information_schema.tables WHERE table_schema = CURRENT_SCHEMA() AND table_name = 'booked_slots_dailies' AND table_type = 'BASE TABLE'

2025/02/13 14:39:16 /home/bryan/repos/skripsi/backend/setup/setup.go:78
[1.953ms] [rows:1] SELECT CURRENT_DATABASE()

2025/02/13 14:39:16 /home/bryan/repos/skripsi/backend/setup/setup.go:78
[7.857ms] [rows:-] SELECT c.column_name, c.is_nullable = 'YES', c.udt_name, c.character_maximum_length, c.numeric_precision, c.numeric_precision_radix, c.numeric_scale, c.datetime_precision, 8 * typlen, c.column_default, pd.description, c.identity_increment FROM information_schema.columns AS c JOIN pg_type AS pgt ON c.udt_name = pgt.typname LEFT JOIN pg_catalog.pg_description as pd ON pd.objsubid = c.ordinal_position AND pd.objoid = (SELECT oid FROM pg_catalog.pg_class WHERE relname = c.table_name AND relnamespace = (SELECT oid FROM pg_catalog.pg_namespace WHERE nspname = c.table_schema)) where table_catalog = $1$ AND table_schema = CURRENT_SCHEMA() AND table_name = $2$

2025/02/13 14:39:16 /home/bryan/repos/skripsi/backend/setup/setup.go:78
[4.157ms] [rows:-] SELECT * FROM "booked_slots_dailies" LIMIT $1$

2025/02/13 14:39:16 /home/bryan/repos/skripsi/backend/setup/setup.go:78
[5.688ms] [rows:-] SELECT constraint_name FROM information_schema.table_constraints tc JOIN information_schema.constraint_column_usage AS ccu USING (constraint_schema, constraint_catalog, table_name, constraint_name) JOIN information_schema.columns AS c ON c.table_schema = tc.constraint_schema AND tc.table_name = c.table_name AND ccu.column_name = c.column_name WHERE constraint_type IN ('PRIMARY KEY', 'UNIQUE') AND c.table_catalog = $1$ AND c.table_schema = CURRENT_SCHEMA() AND c.table_name = $2$ AND constraint_type = $3$

2025/02/13 14:39:16 /home/bryan/repos/skripsi/backend/setup/setup.go:78
[5.329ms] [rows:-] SELECT c.column_name, constraint_name, constraint_type FROM information_schema.table_constraints tc JOIN information_schema.constraint_column_usage AS ccu USING (constraint_schema, constraint_catalog, table_name, constraint_name) JOIN information_schema.columns AS c ON c.table_schema = tc.constraint_schema AND tc.table_name = c.table_name AND ccu.column_name = c.column_name WHERE constraint_type IN ('PRIMARY KEY', 'UNIQUE') AND c.table_catalog = $1$ AND c.table_schema = CURRENT_SCHEMA() AND c.table_name = $2$

2025/02/13 14:39:16 /home/bryan/repos/skripsi/backend/setup/setup.go:78
[2.446ms] [rows:-] SELECT a.attname as column_name, format_type(a.atttypid, a.atttypmod) AS data_type
		FROM pg_attribute a JOIN pg_class b ON a.attrelid = b.oid AND relnamespace = (SELECT oid FROM pg_catalog.pg_namespace WHERE nspname = CURRENT_SCHEMA())
		WHERE a.attnum > 0 -- hide internal columns
		AND NOT a.attisdropped -- hide deleted columns
		AND b.relname = $1$

2025/02/13 14:39:16 /home/bryan/repos/skripsi/backend/setup/setup.go:78
[3.798ms] [rows:0] SELECT description FROM pg_catalog.pg_description WHERE objsubid = (SELECT ordinal_position FROM information_schema.columns WHERE table_schema = CURRENT_SCHEMA() AND table_name = 'booked_slots_dailies' AND column_name = 'id') AND objoid = (SELECT oid FROM pg_catalog.pg_class WHERE relname = 'booked_slots_dailies' AND relnamespace = (SELECT oid FROM pg_catalog.pg_namespace WHERE nspname = CURRENT_SCHEMA()))

2025/02/13 14:39:16 /home/bryan/repos/skripsi/backend/setup/setup.go:78
[3.756ms] [rows:0] SELECT description FROM pg_catalog.pg_description WHERE objsubid = (SELECT ordinal_position FROM information_schema.columns WHERE table_schema = CURRENT_SCHEMA() AND table_name = 'booked_slots_dailies' AND column_name = 'daycare_id') AND objoid = (SELECT oid FROM pg_catalog.pg_class WHERE relname = 'booked_slots_dailies' AND relnamespace = (SELECT oid FROM pg_catalog.pg_namespace WHERE nspname = CURRENT_SCHEMA()))

2025/02/13 14:39:16 /home/bryan/repos/skripsi/backend/setup/setup.go:78
[3.410ms] [rows:0] SELECT description FROM pg_catalog.pg_description WHERE objsubid = (SELECT ordinal_position FROM information_schema.columns WHERE table_schema = CURRENT_SCHEMA() AND table_name = 'booked_slots_dailies' AND column_name = 'date') AND objoid = (SELECT oid FROM pg_catalog.pg_class WHERE relname = 'booked_slots_dailies' AND relnamespace = (SELECT oid FROM pg_catalog.pg_namespace WHERE nspname = CURRENT_SCHEMA()))

2025/02/13 14:39:16 /home/bryan/repos/skripsi/backend/setup/setup.go:78
[3.414ms] [rows:0] SELECT description FROM pg_catalog.pg_description WHERE objsubid = (SELECT ordinal_position FROM information_schema.columns WHERE table_schema = CURRENT_SCHEMA() AND table_name = 'booked_slots_dailies' AND column_name = 'slot_count') AND objoid = (SELECT oid FROM pg_catalog.pg_class WHERE relname = 'booked_slots_dailies' AND relnamespace = (SELECT oid FROM pg_catalog.pg_namespace WHERE nspname = CURRENT_SCHEMA()))

2025/02/13 14:39:16 /home/bryan/repos/skripsi/backend/setup/setup.go:78
[2.574ms] [rows:1] SELECT count(*) FROM pg_indexes WHERE tablename = 'booked_slots_dailies' AND indexname = 'idx_booked_slots_dailies_date' AND schemaname = CURRENT_SCHEMA()
[GIN-debug] [WARNING] Creating an Engine instance with the Logger and Recovery middleware already attached.

[GIN-debug] [WARNING] Running in "debug" mode. Switch to "release" mode in production.
 - using env:	export GIN_MODE=release
 - using code:	gin.SetMode(gin.ReleaseMode)

[GIN-debug] GET    /assets/*filepath         --> github.com/gin-gonic/gin.(*RouterGroup).createStaticHandler.func1 (3 handlers)
[GIN-debug] HEAD   /assets/*filepath         --> github.com/gin-gonic/gin.(*RouterGroup).createStaticHandler.func1 (3 handlers)
[GIN-debug] POST   /users                    --> github.com/BryanEgbert/skripsi/controller.(*UserController).CreateUser-fm (3 handlers)
[GIN-debug] GET    /users/vets               --> github.com/BryanEgbert/skripsi/controller.(*UserController).GetVets-fm (4 handlers)
[GIN-debug] GET    /users/:id                --> github.com/BryanEgbert/skripsi/controller.(*UserController).GetUser-fm (4 handlers)
[GIN-debug] DELETE /users                    --> github.com/BryanEgbert/skripsi/controller.(*UserController).DeleteUser-fm (4 handlers)
[GIN-debug] PUT    /users                    --> github.com/BryanEgbert/skripsi/controller.(*UserController).UpdateUserProfile-fm (4 handlers)
[GIN-debug] PATCH  /users/password           --> github.com/BryanEgbert/skripsi/controller.(*UserController).UpdateUserPassword-fm (4 handlers)
[GIN-debug] POST   /login                    --> github.com/BryanEgbert/skripsi/controller.(*AuthController).Login-fm (3 handlers)
[GIN-debug] POST   /refresh                  --> github.com/BryanEgbert/skripsi/controller.(*AuthController).RefreshToken-fm (4 handlers)
[GIN-debug] GET    /pets/:id                 --> github.com/BryanEgbert/skripsi/controller.(*PetController).GetPet-fm (4 handlers)
[GIN-debug] GET    /pets                     --> github.com/BryanEgbert/skripsi/controller.(*PetController).GetPets-fm (4 handlers)
[GIN-debug] POST   /pets                     --> github.com/BryanEgbert/skripsi/controller.(*PetController).CreatePet-fm (4 handlers)
[GIN-debug] PUT    /pets/:id                 --> github.com/BryanEgbert/skripsi/controller.(*PetController).UpdatePet-fm (4 handlers)
[GIN-debug] DELETE /pets/:id                 --> github.com/BryanEgbert/skripsi/controller.(*PetController).DeletePet-fm (4 handlers)
[GIN-debug] PATCH  /daycare/slot/:slotId     --> github.com/BryanEgbert/skripsi/controller.(*PetDaycareController).EditSlotCount-fm (4 handlers)
[GIN-debug] GET    /daycare/:id/slot         --> github.com/BryanEgbert/skripsi/controller.(*PetDaycareController).GetPetDaycareSlots-fm (4 handlers)
[GIN-debug] POST   /daycare/:id/slot         --> github.com/BryanEgbert/skripsi/controller.(*PetDaycareController).CreateSlot-fm (4 handlers)
[GIN-debug] GET    /daycare/:id/review       --> github.com/BryanEgbert/skripsi/controller.(*PetDaycareController).GetReviews-fm (4 handlers)
[GIN-debug] POST   /daycare/:id/review       --> github.com/BryanEgbert/skripsi/controller.(*PetDaycareController).CreateReview-fm (4 handlers)
[GIN-debug] DELETE /daycare/:id/review       --> github.com/BryanEgbert/skripsi/controller.(*PetDaycareController).DeleteReview-fm (4 handlers)
[GIN-debug] GET    /daycare/:id              --> github.com/BryanEgbert/skripsi/controller.(*PetDaycareController).GetPetDaycare-fm (4 handlers)
[GIN-debug] GET    /daycare                  --> github.com/BryanEgbert/skripsi/controller.(*PetDaycareController).GetPetDaycares-fm (4 handlers)
[GIN-debug] POST   /daycare                  --> github.com/BryanEgbert/skripsi/controller.(*PetDaycareController).CreatePetDaycare-fm (4 handlers)
[GIN-debug] PUT    /daycare/:id              --> github.com/BryanEgbert/skripsi/controller.(*PetDaycareController).UpdatePetDaycare-fm (4 handlers)
[GIN-debug] DELETE /daycare/:id              --> github.com/BryanEgbert/skripsi/controller.(*PetDaycareController).DeletePetDaycare-fm (4 handlers)

2025/02/13 14:39:16 /home/bryan/repos/skripsi/backend/service/user_service.go:130
[7.040ms] [rows:1] SELECT * FROM "users" WHERE "users"."id" = $1$ AND "users"."deleted_at" IS NULL ORDER BY "users"."id" LIMIT $2$

2025/02/13 14:39:16 /home/bryan/repos/skripsi/backend/service/user_service.go:140
[12.850ms] [rows:1] DELETE FROM "users" WHERE "users"."id" = $1$
[GIN] 2025/02/13 - 14:39:16 | 204 |   20.575951ms |                 | DELETE   "/users"
=== RUN   TestDeleteUser/On_delete_user,_should_return_404_when_user_ID_doesn't_exists_in_DB

2025/02/13 14:39:16 /home/bryan/repos/skripsi/backend/setup/setup.go:60
[361.993ms] [rows:0] TRUNCATE TABLE users, vet_specialties, user_vet_specialties, pet_daycares, pets, size_categories, roles, slots, booked_slots, thumbnails, species, reviews, refresh_tokens, transactions, daily_walks, daily_playtimes, reduce_slots RESTART IDENTITY CASCADE;

2025/02/13 14:39:16 /home/bryan/repos/skripsi/backend/seeder/seeder.go:18
[15.492ms] [rows:3] INSERT INTO "roles" ("name","id") VALUES ($1$,$2$),($3$,$4$),($5$,$6$) RETURNING "id"

2025/02/13 14:39:16 /home/bryan/repos/skripsi/backend/seeder/seeder.go:29
[10.841ms] [rows:4] INSERT INTO "daily_walks" ("name","id") VALUES ($1$,$2$),($3$,$4$),($5$,$6$),($7$,$8$) RETURNING "id"

2025/02/13 14:39:16 /home/bryan/repos/skripsi/backend/seeder/seeder.go:39
[11.016ms] [rows:4] INSERT INTO "daily_playtimes" ("name","id") VALUES ($1$,$2$),($3$,$4$),($5$,$6$),($7$,$8$) RETURNING "id"

2025/02/13 14:39:16 /home/bryan/repos/skripsi/backend/seeder/seeder.go:61
[9.992ms] [rows:17] INSERT INTO "vet_specialties" ("name") VALUES ($1$),($2$),($3$),($4$),($5$),($6$),($7$),($8$),($9$),($10$),($11$),($12$),($13$),($14$),($15$),($16$),($17$) RETURNING "id"

2025/02/13 14:39:16 /home/bryan/repos/skripsi/backend/seeder/seeder.go:71
[10.092ms] [rows:3] INSERT INTO "species" ("name") VALUES ($1$),($2$),($3$) RETURNING "id"

2025/02/13 14:39:16 /home/bryan/repos/skripsi/backend/seeder/seeder.go:83
[11.330ms] [rows:5] INSERT INTO "size_categories" ("name","min_weight","max_weight") VALUES ($1$,$2$,$3$),($4$,$5$,$6$),($7$,$8$,$9$),($10$,$11$,$12$),($13$,$14$,$15$) RETURNING "id"

2025/02/13 14:39:16 /home/bryan/repos/skripsi/backend/seeder/seeder.go:106
[1.786ms] [rows:0] INSERT INTO "vet_specialties" ("name","id") VALUES ($1$,$2$),($3$,$4$),($5$,$6$) ON CONFLICT DO NOTHING RETURNING "id"

2025/02/13 14:39:16 /home/bryan/repos/skripsi/backend/seeder/seeder.go:106
[3.372ms] [rows:3] INSERT INTO "user_vet_specialties" ("user_id","vet_specialty_id") VALUES ($1$,$2$),($3$,$4$),($5$,$6$) ON CONFLICT DO NOTHING

2025/02/13 14:39:16 /home/bryan/repos/skripsi/backend/seeder/seeder.go:106
[13.355ms] [rows:6] INSERT INTO "users" ("created_at","updated_at","deleted_at","name","email","password","role_id","image_url") VALUES ($1$,$2$,$3$,$4$,$5$,$6$,$7$,$8$),($9$,$10$,$11$,$12$,$13$,$14$,$15$,$16$),($17$,$18$,$19$,$20$,$21$,$22$,$23$,$24$),($25$,$26$,$27$,$28$,$29$,$30$,$31$,$32$),($33$,$34$,$35$,$36$,$37$,$38$,$39$,DEFAULT),($40$,$41$,$42$,$43$,$44$,$45$,$46$,$47$) RETURNING "id","image_url"

2025/02/13 14:39:16 /home/bryan/repos/skripsi/backend/seeder/seeder.go:148
[1.707ms] [rows:0] INSERT INTO "daily_walks" ("name","id") VALUES ($1$,$2$) ON CONFLICT DO NOTHING RETURNING "id"

2025/02/13 14:39:16 /home/bryan/repos/skripsi/backend/seeder/seeder.go:148
[1.526ms] [rows:0] INSERT INTO "daily_playtimes" ("name","id") VALUES ($1$,$2$),($3$,$4$) ON CONFLICT DO NOTHING RETURNING "id"

2025/02/13 14:39:16 /home/bryan/repos/skripsi/backend/seeder/seeder.go:148
[10.299ms] [rows:3] INSERT INTO "pet_daycares" ("created_at","updated_at","deleted_at","name","address","latitude","longitude","price","pricing_type","description","has_pickup_service","must_be_vaccinated","food_provided","grooming_available","booked_num","daily_walks_id","daily_playtime_id","owner_id","food_brand") VALUES ($1$,$2$,$3$,$4$,$5$,$6$,$7$,$8$,$9$,$10$,$11$,$12$,$13$,$14$,$15$,$16$,$17$,$18$,$19$),($20$,$21$,$22$,$23$,$24$,$25$,$26$,$27$,$28$,$29$,$30$,$31$,$32$,$33$,$34$,$35$,$36$,$37$,$38$),($39$,$40$,$41$,$42$,$43$,$44$,$45$,$46$,$47$,$48$,$49$,$50$,$51$,$52$,$53$,$54$,$55$,$56$,$57$) RETURNING "id"

2025/02/13 14:39:16 /home/bryan/repos/skripsi/backend/seeder/seeder.go:158
[5.553ms] [rows:3] INSERT INTO "slots" ("created_at","updated_at","deleted_at","daycare_id","species_id","size_category_id","max_number") VALUES ($1$,$2$,$3$,$4$,$5$,$6$,$7$),($8$,$9$,$10$,$11$,$12$,$13$,$14$),($15$,$16$,$17$,$18$,$19$,$20$,$21$) RETURNING "id"

2025/02/13 14:39:16 /home/bryan/repos/skripsi/backend/seeder/seeder.go:172
[6.070ms] [rows:2] INSERT INTO "pets" ("created_at","updated_at","deleted_at","name","image_url","status","owner_id","species_id","size_id") VALUES ($1$,$2$,$3$,$4$,$5$,$6$,$7$,$8$,$9$),($10$,$11$,$12$,$13$,$14$,$15$,$16$,$17$,$18$) RETURNING "id"

2025/02/13 14:39:16 /home/bryan/repos/skripsi/backend/seeder/seeder.go:189
[6.493ms] [rows:2] INSERT INTO "booked_slots" ("created_at","updated_at","deleted_at","user_id","daycare_id","pet_id","start_date","end_date") VALUES ($1$,$2$,$3$,$4$,$5$,$6$,$7$,$8$),($9$,$10$,$11$,$12$,$13$,$14$,$15$,$16$) RETURNING "id"

2025/02/13 14:39:16 /home/bryan/repos/skripsi/backend/seeder/seeder.go:205
[6.702ms] [rows:3] INSERT INTO "reviews" ("created_at","updated_at","deleted_at","daycare_id","user_id","name","rate","description") VALUES ($1$,$2$,$3$,$4$,$5$,$6$,$7$,$8$),($9$,$10$,$11$,$12$,$13$,$14$,$15$,$16$),($17$,$18$,$19$,$20$,$21$,$22$,$23$,$24$) RETURNING "id"

2025/02/13 14:39:16 /home/bryan/repos/skripsi/backend/seeder/seeder.go:213
[4.832ms] [rows:1] INSERT INTO "reduce_slots" ("slot_id","reduced_count","target_date") VALUES ($1$,$2$,$3$) RETURNING "id"

2025/02/13 14:39:16 /home/bryan/repos/skripsi/backend/seeder/seeder.go:222
[5.243ms] [rows:2] INSERT INTO "thumbnails" ("daycare_id","image_url") VALUES ($1$,$2$),($3$,$4$) RETURNING "id"

2025/02/13 14:39:16 /home/bryan/repos/skripsi/backend/seeder/seeder.go:230
[5.335ms] [rows:1] INSERT INTO "transactions" ("pet_daycare_id","booked_slot_id","status") VALUES ($1$,$2$,$3$) RETURNING "created_at","id"

2025/02/13 14:39:17 /home/bryan/repos/skripsi/backend/setup/setup.go:78
[14.278ms] [rows:1] SELECT count(*) FROM information_schema.tables WHERE table_schema = CURRENT_SCHEMA() AND table_name = 'roles' AND table_type = 'BASE TABLE'

2025/02/13 14:39:17 /home/bryan/repos/skripsi/backend/setup/setup.go:78
[1.553ms] [rows:1] SELECT CURRENT_DATABASE()

2025/02/13 14:39:17 /home/bryan/repos/skripsi/backend/setup/setup.go:78
[28.681ms] [rows:-] SELECT c.column_name, c.is_nullable = 'YES', c.udt_name, c.character_maximum_length, c.numeric_precision, c.numeric_precision_radix, c.numeric_scale, c.datetime_precision, 8 * typlen, c.column_default, pd.description, c.identity_increment FROM information_schema.columns AS c JOIN pg_type AS pgt ON c.udt_name = pgt.typname LEFT JOIN pg_catalog.pg_description as pd ON pd.objsubid = c.ordinal_position AND pd.objoid = (SELECT oid FROM pg_catalog.pg_class WHERE relname = c.table_name AND relnamespace = (SELECT oid FROM pg_catalog.pg_namespace WHERE nspname = c.table_schema)) where table_catalog = $1$ AND table_schema = CURRENT_SCHEMA() AND table_name = $2$

2025/02/13 14:39:17 /home/bryan/repos/skripsi/backend/setup/setup.go:78
[0.899ms] [rows:-] SELECT * FROM "roles" LIMIT $1$

2025/02/13 14:39:17 /home/bryan/repos/skripsi/backend/setup/setup.go:78
[22.391ms] [rows:-] SELECT constraint_name FROM information_schema.table_constraints tc JOIN information_schema.constraint_column_usage AS ccu USING (constraint_schema, constraint_catalog, table_name, constraint_name) JOIN information_schema.columns AS c ON c.table_schema = tc.constraint_schema AND tc.table_name = c.table_name AND ccu.column_name = c.column_name WHERE constraint_type IN ('PRIMARY KEY', 'UNIQUE') AND c.table_catalog = $1$ AND c.table_schema = CURRENT_SCHEMA() AND c.table_name = $2$ AND constraint_type = $3$

2025/02/13 14:39:17 /home/bryan/repos/skripsi/backend/setup/setup.go:78
[19.676ms] [rows:-] SELECT c.column_name, constraint_name, constraint_type FROM information_schema.table_constraints tc JOIN information_schema.constraint_column_usage AS ccu USING (constraint_schema, constraint_catalog, table_name, constraint_name) JOIN information_schema.columns AS c ON c.table_schema = tc.constraint_schema AND tc.table_name = c.table_name AND ccu.column_name = c.column_name WHERE constraint_type IN ('PRIMARY KEY', 'UNIQUE') AND c.table_catalog = $1$ AND c.table_schema = CURRENT_SCHEMA() AND c.table_name = $2$

2025/02/13 14:39:17 /home/bryan/repos/skripsi/backend/setup/setup.go:78
[2.711ms] [rows:-] SELECT a.attname as column_name, format_type(a.atttypid, a.atttypmod) AS data_type
		FROM pg_attribute a JOIN pg_class b ON a.attrelid = b.oid AND relnamespace = (SELECT oid FROM pg_catalog.pg_namespace WHERE nspname = CURRENT_SCHEMA())
		WHERE a.attnum > 0 -- hide internal columns
		AND NOT a.attisdropped -- hide deleted columns
		AND b.relname = $1$

2025/02/13 14:39:17 /home/bryan/repos/skripsi/backend/setup/setup.go:78
[7.278ms] [rows:0] SELECT description FROM pg_catalog.pg_description WHERE objsubid = (SELECT ordinal_position FROM information_schema.columns WHERE table_schema = CURRENT_SCHEMA() AND table_name = 'roles' AND column_name = 'id') AND objoid = (SELECT oid FROM pg_catalog.pg_class WHERE relname = 'roles' AND relnamespace = (SELECT oid FROM pg_catalog.pg_namespace WHERE nspname = CURRENT_SCHEMA()))

2025/02/13 14:39:17 /home/bryan/repos/skripsi/backend/setup/setup.go:78
[5.872ms] [rows:0] SELECT description FROM pg_catalog.pg_description WHERE objsubid = (SELECT ordinal_position FROM information_schema.columns WHERE table_schema = CURRENT_SCHEMA() AND table_name = 'roles' AND column_name = 'name') AND objoid = (SELECT oid FROM pg_catalog.pg_class WHERE relname = 'roles' AND relnamespace = (SELECT oid FROM pg_catalog.pg_namespace WHERE nspname = CURRENT_SCHEMA()))

2025/02/13 14:39:17 /home/bryan/repos/skripsi/backend/setup/setup.go:78
[2.258ms] [rows:1] SELECT count(*) FROM information_schema.tables WHERE table_schema = CURRENT_SCHEMA() AND table_name = 'users' AND table_type = 'BASE TABLE'

2025/02/13 14:39:17 /home/bryan/repos/skripsi/backend/setup/setup.go:78
[0.938ms] [rows:1] SELECT CURRENT_DATABASE()

2025/02/13 14:39:17 /home/bryan/repos/skripsi/backend/setup/setup.go:78
[12.310ms] [rows:-] SELECT c.column_name, c.is_nullable = 'YES', c.udt_name, c.character_maximum_length, c.numeric_precision, c.numeric_precision_radix, c.numeric_scale, c.datetime_precision, 8 * typlen, c.column_default, pd.description, c.identity_increment FROM information_schema.columns AS c JOIN pg_type AS pgt ON c.udt_name = pgt.typname LEFT JOIN pg_catalog.pg_description as pd ON pd.objsubid = c.ordinal_position AND pd.objoid = (SELECT oid FROM pg_catalog.pg_class WHERE relname = c.table_name AND relnamespace = (SELECT oid FROM pg_catalog.pg_namespace WHERE nspname = c.table_schema)) where table_catalog = $1$ AND table_schema = CURRENT_SCHEMA() AND table_name = $2$

2025/02/13 14:39:17 /home/bryan/repos/skripsi/backend/setup/setup.go:78
[1.008ms] [rows:-] SELECT * FROM "users" LIMIT $1$

2025/02/13 14:39:17 /home/bryan/repos/skripsi/backend/setup/setup.go:78
[18.711ms] [rows:-] SELECT constraint_name FROM information_schema.table_constraints tc JOIN information_schema.constraint_column_usage AS ccu USING (constraint_schema, constraint_catalog, table_name, constraint_name) JOIN information_schema.columns AS c ON c.table_schema = tc.constraint_schema AND tc.table_name = c.table_name AND ccu.column_name = c.column_name WHERE constraint_type IN ('PRIMARY KEY', 'UNIQUE') AND c.table_catalog = $1$ AND c.table_schema = CURRENT_SCHEMA() AND c.table_name = $2$ AND constraint_type = $3$

2025/02/13 14:39:17 /home/bryan/repos/skripsi/backend/setup/setup.go:78
[17.215ms] [rows:-] SELECT c.column_name, constraint_name, constraint_type FROM information_schema.table_constraints tc JOIN information_schema.constraint_column_usage AS ccu USING (constraint_schema, constraint_catalog, table_name, constraint_name) JOIN information_schema.columns AS c ON c.table_schema = tc.constraint_schema AND tc.table_name = c.table_name AND ccu.column_name = c.column_name WHERE constraint_type IN ('PRIMARY KEY', 'UNIQUE') AND c.table_catalog = $1$ AND c.table_schema = CURRENT_SCHEMA() AND c.table_name = $2$

2025/02/13 14:39:17 /home/bryan/repos/skripsi/backend/setup/setup.go:78
[1.782ms] [rows:-] SELECT a.attname as column_name, format_type(a.atttypid, a.atttypmod) AS data_type
		FROM pg_attribute a JOIN pg_class b ON a.attrelid = b.oid AND relnamespace = (SELECT oid FROM pg_catalog.pg_namespace WHERE nspname = CURRENT_SCHEMA())
		WHERE a.attnum > 0 -- hide internal columns
		AND NOT a.attisdropped -- hide deleted columns
		AND b.relname = $1$

2025/02/13 14:39:17 /home/bryan/repos/skripsi/backend/setup/setup.go:78
[5.798ms] [rows:0] SELECT description FROM pg_catalog.pg_description WHERE objsubid = (SELECT ordinal_position FROM information_schema.columns WHERE table_schema = CURRENT_SCHEMA() AND table_name = 'users' AND column_name = 'id') AND objoid = (SELECT oid FROM pg_catalog.pg_class WHERE relname = 'users' AND relnamespace = (SELECT oid FROM pg_catalog.pg_namespace WHERE nspname = CURRENT_SCHEMA()))

2025/02/13 14:39:17 /home/bryan/repos/skripsi/backend/setup/setup.go:78
[5.603ms] [rows:0] SELECT description FROM pg_catalog.pg_description WHERE objsubid = (SELECT ordinal_position FROM information_schema.columns WHERE table_schema = CURRENT_SCHEMA() AND table_name = 'users' AND column_name = 'created_at') AND objoid = (SELECT oid FROM pg_catalog.pg_class WHERE relname = 'users' AND relnamespace = (SELECT oid FROM pg_catalog.pg_namespace WHERE nspname = CURRENT_SCHEMA()))

2025/02/13 14:39:17 /home/bryan/repos/skripsi/backend/setup/setup.go:78
[6.123ms] [rows:0] SELECT description FROM pg_catalog.pg_description WHERE objsubid = (SELECT ordinal_position FROM information_schema.columns WHERE table_schema = CURRENT_SCHEMA() AND table_name = 'users' AND column_name = 'updated_at') AND objoid = (SELECT oid FROM pg_catalog.pg_class WHERE relname = 'users' AND relnamespace = (SELECT oid FROM pg_catalog.pg_namespace WHERE nspname = CURRENT_SCHEMA()))

2025/02/13 14:39:17 /home/bryan/repos/skripsi/backend/setup/setup.go:78
[5.986ms] [rows:0] SELECT description FROM pg_catalog.pg_description WHERE objsubid = (SELECT ordinal_position FROM information_schema.columns WHERE table_schema = CURRENT_SCHEMA() AND table_name = 'users' AND column_name = 'deleted_at') AND objoid = (SELECT oid FROM pg_catalog.pg_class WHERE relname = 'users' AND relnamespace = (SELECT oid FROM pg_catalog.pg_namespace WHERE nspname = CURRENT_SCHEMA()))

2025/02/13 14:39:17 /home/bryan/repos/skripsi/backend/setup/setup.go:78
[1.568ms] [rows:0] SELECT description FROM pg_catalog.pg_description WHERE objsubid = (SELECT ordinal_position FROM information_schema.columns WHERE table_schema = CURRENT_SCHEMA() AND table_name = 'users' AND column_name = 'name') AND objoid = (SELECT oid FROM pg_catalog.pg_class WHERE relname = 'users' AND relnamespace = (SELECT oid FROM pg_catalog.pg_namespace WHERE nspname = CURRENT_SCHEMA()))

2025/02/13 14:39:17 /home/bryan/repos/skripsi/backend/setup/setup.go:78
[1.301ms] [rows:0] SELECT description FROM pg_catalog.pg_description WHERE objsubid = (SELECT ordinal_position FROM information_schema.columns WHERE table_schema = CURRENT_SCHEMA() AND table_name = 'users' AND column_name = 'email') AND objoid = (SELECT oid FROM pg_catalog.pg_class WHERE relname = 'users' AND relnamespace = (SELECT oid FROM pg_catalog.pg_namespace WHERE nspname = CURRENT_SCHEMA()))

2025/02/13 14:39:17 /home/bryan/repos/skripsi/backend/setup/setup.go:78
[1.357ms] [rows:0] SELECT description FROM pg_catalog.pg_description WHERE objsubid = (SELECT ordinal_position FROM information_schema.columns WHERE table_schema = CURRENT_SCHEMA() AND table_name = 'users' AND column_name = 'password') AND objoid = (SELECT oid FROM pg_catalog.pg_class WHERE relname = 'users' AND relnamespace = (SELECT oid FROM pg_catalog.pg_namespace WHERE nspname = CURRENT_SCHEMA()))

2025/02/13 14:39:17 /home/bryan/repos/skripsi/backend/setup/setup.go:78
[1.428ms] [rows:0] SELECT description FROM pg_catalog.pg_description WHERE objsubid = (SELECT ordinal_position FROM information_schema.columns WHERE table_schema = CURRENT_SCHEMA() AND table_name = 'users' AND column_name = 'image_url') AND objoid = (SELECT oid FROM pg_catalog.pg_class WHERE relname = 'users' AND relnamespace = (SELECT oid FROM pg_catalog.pg_namespace WHERE nspname = CURRENT_SCHEMA()))

2025/02/13 14:39:17 /home/bryan/repos/skripsi/backend/setup/setup.go:78
[1.480ms] [rows:0] SELECT description FROM pg_catalog.pg_description WHERE objsubid = (SELECT ordinal_position FROM information_schema.columns WHERE table_schema = CURRENT_SCHEMA() AND table_name = 'users' AND column_name = 'role_id') AND objoid = (SELECT oid FROM pg_catalog.pg_class WHERE relname = 'users' AND relnamespace = (SELECT oid FROM pg_catalog.pg_namespace WHERE nspname = CURRENT_SCHEMA()))

2025/02/13 14:39:17 /home/bryan/repos/skripsi/backend/setup/setup.go:78
[4.578ms] [rows:1] SELECT count(*) FROM INFORMATION_SCHEMA.table_constraints WHERE table_schema = CURRENT_SCHEMA() AND table_name = 'users' AND constraint_name = 'fk_roles_users'

2025/02/13 14:39:17 /home/bryan/repos/skripsi/backend/setup/setup.go:78
[5.794ms] [rows:1] SELECT count(*) FROM pg_indexes WHERE tablename = 'users' AND indexname = 'idx_users_deleted_at' AND schemaname = CURRENT_SCHEMA()

2025/02/13 14:39:17 /home/bryan/repos/skripsi/backend/setup/setup.go:78
[2.062ms] [rows:1] SELECT count(*) FROM information_schema.tables WHERE table_schema = CURRENT_SCHEMA() AND table_name = 'vet_specialties' AND table_type = 'BASE TABLE'

2025/02/13 14:39:17 /home/bryan/repos/skripsi/backend/setup/setup.go:78
[0.697ms] [rows:1] SELECT CURRENT_DATABASE()

2025/02/13 14:39:17 /home/bryan/repos/skripsi/backend/setup/setup.go:78
[11.223ms] [rows:-] SELECT c.column_name, c.is_nullable = 'YES', c.udt_name, c.character_maximum_length, c.numeric_precision, c.numeric_precision_radix, c.numeric_scale, c.datetime_precision, 8 * typlen, c.column_default, pd.description, c.identity_increment FROM information_schema.columns AS c JOIN pg_type AS pgt ON c.udt_name = pgt.typname LEFT JOIN pg_catalog.pg_description as pd ON pd.objsubid = c.ordinal_position AND pd.objoid = (SELECT oid FROM pg_catalog.pg_class WHERE relname = c.table_name AND relnamespace = (SELECT oid FROM pg_catalog.pg_namespace WHERE nspname = c.table_schema)) where table_catalog = $1$ AND table_schema = CURRENT_SCHEMA() AND table_name = $2$

2025/02/13 14:39:17 /home/bryan/repos/skripsi/backend/setup/setup.go:78
[0.933ms] [rows:-] SELECT * FROM "vet_specialties" LIMIT $1$

2025/02/13 14:39:17 /home/bryan/repos/skripsi/backend/setup/setup.go:78
[16.328ms] [rows:-] SELECT constraint_name FROM information_schema.table_constraints tc JOIN information_schema.constraint_column_usage AS ccu USING (constraint_schema, constraint_catalog, table_name, constraint_name) JOIN information_schema.columns AS c ON c.table_schema = tc.constraint_schema AND tc.table_name = c.table_name AND ccu.column_name = c.column_name WHERE constraint_type IN ('PRIMARY KEY', 'UNIQUE') AND c.table_catalog = $1$ AND c.table_schema = CURRENT_SCHEMA() AND c.table_name = $2$ AND constraint_type = $3$

2025/02/13 14:39:17 /home/bryan/repos/skripsi/backend/setup/setup.go:78
[21.576ms] [rows:-] SELECT c.column_name, constraint_name, constraint_type FROM information_schema.table_constraints tc JOIN information_schema.constraint_column_usage AS ccu USING (constraint_schema, constraint_catalog, table_name, constraint_name) JOIN information_schema.columns AS c ON c.table_schema = tc.constraint_schema AND tc.table_name = c.table_name AND ccu.column_name = c.column_name WHERE constraint_type IN ('PRIMARY KEY', 'UNIQUE') AND c.table_catalog = $1$ AND c.table_schema = CURRENT_SCHEMA() AND c.table_name = $2$

2025/02/13 14:39:17 /home/bryan/repos/skripsi/backend/setup/setup.go:78
[1.627ms] [rows:-] SELECT a.attname as column_name, format_type(a.atttypid, a.atttypmod) AS data_type
		FROM pg_attribute a JOIN pg_class b ON a.attrelid = b.oid AND relnamespace = (SELECT oid FROM pg_catalog.pg_namespace WHERE nspname = CURRENT_SCHEMA())
		WHERE a.attnum > 0 -- hide internal columns
		AND NOT a.attisdropped -- hide deleted columns
		AND b.relname = $1$

2025/02/13 14:39:17 /home/bryan/repos/skripsi/backend/setup/setup.go:78
[1.548ms] [rows:0] SELECT description FROM pg_catalog.pg_description WHERE objsubid = (SELECT ordinal_position FROM information_schema.columns WHERE table_schema = CURRENT_SCHEMA() AND table_name = 'vet_specialties' AND column_name = 'id') AND objoid = (SELECT oid FROM pg_catalog.pg_class WHERE relname = 'vet_specialties' AND relnamespace = (SELECT oid FROM pg_catalog.pg_namespace WHERE nspname = CURRENT_SCHEMA()))

2025/02/13 14:39:17 /home/bryan/repos/skripsi/backend/setup/setup.go:78
[1.801ms] [rows:0] SELECT description FROM pg_catalog.pg_description WHERE objsubid = (SELECT ordinal_position FROM information_schema.columns WHERE table_schema = CURRENT_SCHEMA() AND table_name = 'vet_specialties' AND column_name = 'name') AND objoid = (SELECT oid FROM pg_catalog.pg_class WHERE relname = 'vet_specialties' AND relnamespace = (SELECT oid FROM pg_catalog.pg_namespace WHERE nspname = CURRENT_SCHEMA()))

2025/02/13 14:39:17 /home/bryan/repos/skripsi/backend/setup/setup.go:78
[3.031ms] [rows:1] SELECT count(*) FROM information_schema.tables WHERE table_schema = CURRENT_SCHEMA() AND table_name = 'user_vet_specialties' AND table_type = 'BASE TABLE'

2025/02/13 14:39:17 /home/bryan/repos/skripsi/backend/setup/setup.go:78
[0.792ms] [rows:1] SELECT CURRENT_DATABASE()

2025/02/13 14:39:17 /home/bryan/repos/skripsi/backend/setup/setup.go:78
[14.939ms] [rows:-] SELECT c.column_name, c.is_nullable = 'YES', c.udt_name, c.character_maximum_length, c.numeric_precision, c.numeric_precision_radix, c.numeric_scale, c.datetime_precision, 8 * typlen, c.column_default, pd.description, c.identity_increment FROM information_schema.columns AS c JOIN pg_type AS pgt ON c.udt_name = pgt.typname LEFT JOIN pg_catalog.pg_description as pd ON pd.objsubid = c.ordinal_position AND pd.objoid = (SELECT oid FROM pg_catalog.pg_class WHERE relname = c.table_name AND relnamespace = (SELECT oid FROM pg_catalog.pg_namespace WHERE nspname = c.table_schema)) where table_catalog = $1$ AND table_schema = CURRENT_SCHEMA() AND table_name = $2$

2025/02/13 14:39:17 /home/bryan/repos/skripsi/backend/setup/setup.go:78
[1.719ms] [rows:-] SELECT * FROM "user_vet_specialties" LIMIT $1$

2025/02/13 14:39:17 /home/bryan/repos/skripsi/backend/setup/setup.go:78
[27.697ms] [rows:-] SELECT constraint_name FROM information_schema.table_constraints tc JOIN information_schema.constraint_column_usage AS ccu USING (constraint_schema, constraint_catalog, table_name, constraint_name) JOIN information_schema.columns AS c ON c.table_schema = tc.constraint_schema AND tc.table_name = c.table_name AND ccu.column_name = c.column_name WHERE constraint_type IN ('PRIMARY KEY', 'UNIQUE') AND c.table_catalog = $1$ AND c.table_schema = CURRENT_SCHEMA() AND c.table_name = $2$ AND constraint_type = $3$

2025/02/13 14:39:17 /home/bryan/repos/skripsi/backend/setup/setup.go:78
[28.154ms] [rows:-] SELECT c.column_name, constraint_name, constraint_type FROM information_schema.table_constraints tc JOIN information_schema.constraint_column_usage AS ccu USING (constraint_schema, constraint_catalog, table_name, constraint_name) JOIN information_schema.columns AS c ON c.table_schema = tc.constraint_schema AND tc.table_name = c.table_name AND ccu.column_name = c.column_name WHERE constraint_type IN ('PRIMARY KEY', 'UNIQUE') AND c.table_catalog = $1$ AND c.table_schema = CURRENT_SCHEMA() AND c.table_name = $2$

2025/02/13 14:39:17 /home/bryan/repos/skripsi/backend/setup/setup.go:78
[3.005ms] [rows:-] SELECT a.attname as column_name, format_type(a.atttypid, a.atttypmod) AS data_type
		FROM pg_attribute a JOIN pg_class b ON a.attrelid = b.oid AND relnamespace = (SELECT oid FROM pg_catalog.pg_namespace WHERE nspname = CURRENT_SCHEMA())
		WHERE a.attnum > 0 -- hide internal columns
		AND NOT a.attisdropped -- hide deleted columns
		AND b.relname = $1$

2025/02/13 14:39:17 /home/bryan/repos/skripsi/backend/setup/setup.go:78
[2.386ms] [rows:0] SELECT description FROM pg_catalog.pg_description WHERE objsubid = (SELECT ordinal_position FROM information_schema.columns WHERE table_schema = CURRENT_SCHEMA() AND table_name = 'user_vet_specialties' AND column_name = 'user_id') AND objoid = (SELECT oid FROM pg_catalog.pg_class WHERE relname = 'user_vet_specialties' AND relnamespace = (SELECT oid FROM pg_catalog.pg_namespace WHERE nspname = CURRENT_SCHEMA()))

2025/02/13 14:39:17 /home/bryan/repos/skripsi/backend/setup/setup.go:78
[2.393ms] [rows:0] SELECT description FROM pg_catalog.pg_description WHERE objsubid = (SELECT ordinal_position FROM information_schema.columns WHERE table_schema = CURRENT_SCHEMA() AND table_name = 'user_vet_specialties' AND column_name = 'vet_specialty_id') AND objoid = (SELECT oid FROM pg_catalog.pg_class WHERE relname = 'user_vet_specialties' AND relnamespace = (SELECT oid FROM pg_catalog.pg_namespace WHERE nspname = CURRENT_SCHEMA()))

2025/02/13 14:39:17 /home/bryan/repos/skripsi/backend/setup/setup.go:78
[6.197ms] [rows:1] SELECT count(*) FROM INFORMATION_SCHEMA.table_constraints WHERE table_schema = CURRENT_SCHEMA() AND table_name = 'user_vet_specialties' AND constraint_name = 'fk_user_vet_specialties_user'

2025/02/13 14:39:17 /home/bryan/repos/skripsi/backend/setup/setup.go:78
[6.281ms] [rows:1] SELECT count(*) FROM INFORMATION_SCHEMA.table_constraints WHERE table_schema = CURRENT_SCHEMA() AND table_name = 'user_vet_specialties' AND constraint_name = 'fk_user_vet_specialties_vet_specialty'

2025/02/13 14:39:17 /home/bryan/repos/skripsi/backend/setup/setup.go:78
[4.059ms] [rows:1] SELECT count(*) FROM information_schema.tables WHERE table_schema = CURRENT_SCHEMA() AND table_name = 'daily_walks' AND table_type = 'BASE TABLE'

2025/02/13 14:39:17 /home/bryan/repos/skripsi/backend/setup/setup.go:78
[1.606ms] [rows:1] SELECT CURRENT_DATABASE()

2025/02/13 14:39:17 /home/bryan/repos/skripsi/backend/setup/setup.go:78
[19.660ms] [rows:-] SELECT c.column_name, c.is_nullable = 'YES', c.udt_name, c.character_maximum_length, c.numeric_precision, c.numeric_precision_radix, c.numeric_scale, c.datetime_precision, 8 * typlen, c.column_default, pd.description, c.identity_increment FROM information_schema.columns AS c JOIN pg_type AS pgt ON c.udt_name = pgt.typname LEFT JOIN pg_catalog.pg_description as pd ON pd.objsubid = c.ordinal_position AND pd.objoid = (SELECT oid FROM pg_catalog.pg_class WHERE relname = c.table_name AND relnamespace = (SELECT oid FROM pg_catalog.pg_namespace WHERE nspname = c.table_schema)) where table_catalog = $1$ AND table_schema = CURRENT_SCHEMA() AND table_name = $2$

2025/02/13 14:39:17 /home/bryan/repos/skripsi/backend/setup/setup.go:78
[1.694ms] [rows:-] SELECT * FROM "daily_walks" LIMIT $1$

2025/02/13 14:39:17 /home/bryan/repos/skripsi/backend/setup/setup.go:78
[27.973ms] [rows:-] SELECT constraint_name FROM information_schema.table_constraints tc JOIN information_schema.constraint_column_usage AS ccu USING (constraint_schema, constraint_catalog, table_name, constraint_name) JOIN information_schema.columns AS c ON c.table_schema = tc.constraint_schema AND tc.table_name = c.table_name AND ccu.column_name = c.column_name WHERE constraint_type IN ('PRIMARY KEY', 'UNIQUE') AND c.table_catalog = $1$ AND c.table_schema = CURRENT_SCHEMA() AND c.table_name = $2$ AND constraint_type = $3$

2025/02/13 14:39:17 /home/bryan/repos/skripsi/backend/setup/setup.go:78
[17.672ms] [rows:-] SELECT c.column_name, constraint_name, constraint_type FROM information_schema.table_constraints tc JOIN information_schema.constraint_column_usage AS ccu USING (constraint_schema, constraint_catalog, table_name, constraint_name) JOIN information_schema.columns AS c ON c.table_schema = tc.constraint_schema AND tc.table_name = c.table_name AND ccu.column_name = c.column_name WHERE constraint_type IN ('PRIMARY KEY', 'UNIQUE') AND c.table_catalog = $1$ AND c.table_schema = CURRENT_SCHEMA() AND c.table_name = $2$

2025/02/13 14:39:17 /home/bryan/repos/skripsi/backend/setup/setup.go:78
[1.792ms] [rows:-] SELECT a.attname as column_name, format_type(a.atttypid, a.atttypmod) AS data_type
		FROM pg_attribute a JOIN pg_class b ON a.attrelid = b.oid AND relnamespace = (SELECT oid FROM pg_catalog.pg_namespace WHERE nspname = CURRENT_SCHEMA())
		WHERE a.attnum > 0 -- hide internal columns
		AND NOT a.attisdropped -- hide deleted columns
		AND b.relname = $1$

2025/02/13 14:39:17 /home/bryan/repos/skripsi/backend/setup/setup.go:78
[1.645ms] [rows:0] SELECT description FROM pg_catalog.pg_description WHERE objsubid = (SELECT ordinal_position FROM information_schema.columns WHERE table_schema = CURRENT_SCHEMA() AND table_name = 'daily_walks' AND column_name = 'id') AND objoid = (SELECT oid FROM pg_catalog.pg_class WHERE relname = 'daily_walks' AND relnamespace = (SELECT oid FROM pg_catalog.pg_namespace WHERE nspname = CURRENT_SCHEMA()))

2025/02/13 14:39:17 /home/bryan/repos/skripsi/backend/setup/setup.go:78
[1.483ms] [rows:0] SELECT description FROM pg_catalog.pg_description WHERE objsubid = (SELECT ordinal_position FROM information_schema.columns WHERE table_schema = CURRENT_SCHEMA() AND table_name = 'daily_walks' AND column_name = 'name') AND objoid = (SELECT oid FROM pg_catalog.pg_class WHERE relname = 'daily_walks' AND relnamespace = (SELECT oid FROM pg_catalog.pg_namespace WHERE nspname = CURRENT_SCHEMA()))

2025/02/13 14:39:17 /home/bryan/repos/skripsi/backend/setup/setup.go:78
[2.100ms] [rows:1] SELECT count(*) FROM information_schema.tables WHERE table_schema = CURRENT_SCHEMA() AND table_name = 'daily_playtimes' AND table_type = 'BASE TABLE'

2025/02/13 14:39:17 /home/bryan/repos/skripsi/backend/setup/setup.go:78
[0.833ms] [rows:1] SELECT CURRENT_DATABASE()

2025/02/13 14:39:17 /home/bryan/repos/skripsi/backend/setup/setup.go:78
[11.567ms] [rows:-] SELECT c.column_name, c.is_nullable = 'YES', c.udt_name, c.character_maximum_length, c.numeric_precision, c.numeric_precision_radix, c.numeric_scale, c.datetime_precision, 8 * typlen, c.column_default, pd.description, c.identity_increment FROM information_schema.columns AS c JOIN pg_type AS pgt ON c.udt_name = pgt.typname LEFT JOIN pg_catalog.pg_description as pd ON pd.objsubid = c.ordinal_position AND pd.objoid = (SELECT oid FROM pg_catalog.pg_class WHERE relname = c.table_name AND relnamespace = (SELECT oid FROM pg_catalog.pg_namespace WHERE nspname = c.table_schema)) where table_catalog = $1$ AND table_schema = CURRENT_SCHEMA() AND table_name = $2$

2025/02/13 14:39:17 /home/bryan/repos/skripsi/backend/setup/setup.go:78
[0.939ms] [rows:-] SELECT * FROM "daily_playtimes" LIMIT $1$

2025/02/13 14:39:17 /home/bryan/repos/skripsi/backend/setup/setup.go:78
[15.794ms] [rows:-] SELECT constraint_name FROM information_schema.table_constraints tc JOIN information_schema.constraint_column_usage AS ccu USING (constraint_schema, constraint_catalog, table_name, constraint_name) JOIN information_schema.columns AS c ON c.table_schema = tc.constraint_schema AND tc.table_name = c.table_name AND ccu.column_name = c.column_name WHERE constraint_type IN ('PRIMARY KEY', 'UNIQUE') AND c.table_catalog = $1$ AND c.table_schema = CURRENT_SCHEMA() AND c.table_name = $2$ AND constraint_type = $3$

2025/02/13 14:39:17 /home/bryan/repos/skripsi/backend/setup/setup.go:78
[16.339ms] [rows:-] SELECT c.column_name, constraint_name, constraint_type FROM information_schema.table_constraints tc JOIN information_schema.constraint_column_usage AS ccu USING (constraint_schema, constraint_catalog, table_name, constraint_name) JOIN information_schema.columns AS c ON c.table_schema = tc.constraint_schema AND tc.table_name = c.table_name AND ccu.column_name = c.column_name WHERE constraint_type IN ('PRIMARY KEY', 'UNIQUE') AND c.table_catalog = $1$ AND c.table_schema = CURRENT_SCHEMA() AND c.table_name = $2$

2025/02/13 14:39:17 /home/bryan/repos/skripsi/backend/setup/setup.go:78
[1.486ms] [rows:-] SELECT a.attname as column_name, format_type(a.atttypid, a.atttypmod) AS data_type
		FROM pg_attribute a JOIN pg_class b ON a.attrelid = b.oid AND relnamespace = (SELECT oid FROM pg_catalog.pg_namespace WHERE nspname = CURRENT_SCHEMA())
		WHERE a.attnum > 0 -- hide internal columns
		AND NOT a.attisdropped -- hide deleted columns
		AND b.relname = $1$

2025/02/13 14:39:17 /home/bryan/repos/skripsi/backend/setup/setup.go:78
[1.352ms] [rows:0] SELECT description FROM pg_catalog.pg_description WHERE objsubid = (SELECT ordinal_position FROM information_schema.columns WHERE table_schema = CURRENT_SCHEMA() AND table_name = 'daily_playtimes' AND column_name = 'id') AND objoid = (SELECT oid FROM pg_catalog.pg_class WHERE relname = 'daily_playtimes' AND relnamespace = (SELECT oid FROM pg_catalog.pg_namespace WHERE nspname = CURRENT_SCHEMA()))

2025/02/13 14:39:17 /home/bryan/repos/skripsi/backend/setup/setup.go:78
[1.333ms] [rows:0] SELECT description FROM pg_catalog.pg_description WHERE objsubid = (SELECT ordinal_position FROM information_schema.columns WHERE table_schema = CURRENT_SCHEMA() AND table_name = 'daily_playtimes' AND column_name = 'name') AND objoid = (SELECT oid FROM pg_catalog.pg_class WHERE relname = 'daily_playtimes' AND relnamespace = (SELECT oid FROM pg_catalog.pg_namespace WHERE nspname = CURRENT_SCHEMA()))

2025/02/13 14:39:17 /home/bryan/repos/skripsi/backend/setup/setup.go:78
[0.953ms] [rows:1] SELECT count(*) FROM information_schema.tables WHERE table_schema = CURRENT_SCHEMA() AND table_name = 'pet_daycares' AND table_type = 'BASE TABLE'

2025/02/13 14:39:17 /home/bryan/repos/skripsi/backend/setup/setup.go:78
[0.684ms] [rows:1] SELECT CURRENT_DATABASE()

2025/02/13 14:39:17 /home/bryan/repos/skripsi/backend/setup/setup.go:78
[4.304ms] [rows:-] SELECT c.column_name, c.is_nullable = 'YES', c.udt_name, c.character_maximum_length, c.numeric_precision, c.numeric_precision_radix, c.numeric_scale, c.datetime_precision, 8 * typlen, c.column_default, pd.description, c.identity_increment FROM information_schema.columns AS c JOIN pg_type AS pgt ON c.udt_name = pgt.typname LEFT JOIN pg_catalog.pg_description as pd ON pd.objsubid = c.ordinal_position AND pd.objoid = (SELECT oid FROM pg_catalog.pg_class WHERE relname = c.table_name AND relnamespace = (SELECT oid FROM pg_catalog.pg_namespace WHERE nspname = c.table_schema)) where table_catalog = $1$ AND table_schema = CURRENT_SCHEMA() AND table_name = $2$

2025/02/13 14:39:17 /home/bryan/repos/skripsi/backend/setup/setup.go:78
[0.942ms] [rows:-] SELECT * FROM "pet_daycares" LIMIT $1$

2025/02/13 14:39:17 /home/bryan/repos/skripsi/backend/setup/setup.go:78
[6.213ms] [rows:-] SELECT constraint_name FROM information_schema.table_constraints tc JOIN information_schema.constraint_column_usage AS ccu USING (constraint_schema, constraint_catalog, table_name, constraint_name) JOIN information_schema.columns AS c ON c.table_schema = tc.constraint_schema AND tc.table_name = c.table_name AND ccu.column_name = c.column_name WHERE constraint_type IN ('PRIMARY KEY', 'UNIQUE') AND c.table_catalog = $1$ AND c.table_schema = CURRENT_SCHEMA() AND c.table_name = $2$ AND constraint_type = $3$

2025/02/13 14:39:17 /home/bryan/repos/skripsi/backend/setup/setup.go:78
[6.651ms] [rows:-] SELECT c.column_name, constraint_name, constraint_type FROM information_schema.table_constraints tc JOIN information_schema.constraint_column_usage AS ccu USING (constraint_schema, constraint_catalog, table_name, constraint_name) JOIN information_schema.columns AS c ON c.table_schema = tc.constraint_schema AND tc.table_name = c.table_name AND ccu.column_name = c.column_name WHERE constraint_type IN ('PRIMARY KEY', 'UNIQUE') AND c.table_catalog = $1$ AND c.table_schema = CURRENT_SCHEMA() AND c.table_name = $2$

2025/02/13 14:39:17 /home/bryan/repos/skripsi/backend/setup/setup.go:78
[0.975ms] [rows:-] SELECT a.attname as column_name, format_type(a.atttypid, a.atttypmod) AS data_type
		FROM pg_attribute a JOIN pg_class b ON a.attrelid = b.oid AND relnamespace = (SELECT oid FROM pg_catalog.pg_namespace WHERE nspname = CURRENT_SCHEMA())
		WHERE a.attnum > 0 -- hide internal columns
		AND NOT a.attisdropped -- hide deleted columns
		AND b.relname = $1$

2025/02/13 14:39:17 /home/bryan/repos/skripsi/backend/setup/setup.go:78
[1.475ms] [rows:0] SELECT description FROM pg_catalog.pg_description WHERE objsubid = (SELECT ordinal_position FROM information_schema.columns WHERE table_schema = CURRENT_SCHEMA() AND table_name = 'pet_daycares' AND column_name = 'id') AND objoid = (SELECT oid FROM pg_catalog.pg_class WHERE relname = 'pet_daycares' AND relnamespace = (SELECT oid FROM pg_catalog.pg_namespace WHERE nspname = CURRENT_SCHEMA()))

2025/02/13 14:39:17 /home/bryan/repos/skripsi/backend/setup/setup.go:78
[1.480ms] [rows:0] SELECT description FROM pg_catalog.pg_description WHERE objsubid = (SELECT ordinal_position FROM information_schema.columns WHERE table_schema = CURRENT_SCHEMA() AND table_name = 'pet_daycares' AND column_name = 'created_at') AND objoid = (SELECT oid FROM pg_catalog.pg_class WHERE relname = 'pet_daycares' AND relnamespace = (SELECT oid FROM pg_catalog.pg_namespace WHERE nspname = CURRENT_SCHEMA()))

2025/02/13 14:39:17 /home/bryan/repos/skripsi/backend/setup/setup.go:78
[1.442ms] [rows:0] SELECT description FROM pg_catalog.pg_description WHERE objsubid = (SELECT ordinal_position FROM information_schema.columns WHERE table_schema = CURRENT_SCHEMA() AND table_name = 'pet_daycares' AND column_name = 'updated_at') AND objoid = (SELECT oid FROM pg_catalog.pg_class WHERE relname = 'pet_daycares' AND relnamespace = (SELECT oid FROM pg_catalog.pg_namespace WHERE nspname = CURRENT_SCHEMA()))

2025/02/13 14:39:17 /home/bryan/repos/skripsi/backend/setup/setup.go:78
[1.367ms] [rows:0] SELECT description FROM pg_catalog.pg_description WHERE objsubid = (SELECT ordinal_position FROM information_schema.columns WHERE table_schema = CURRENT_SCHEMA() AND table_name = 'pet_daycares' AND column_name = 'deleted_at') AND objoid = (SELECT oid FROM pg_catalog.pg_class WHERE relname = 'pet_daycares' AND relnamespace = (SELECT oid FROM pg_catalog.pg_namespace WHERE nspname = CURRENT_SCHEMA()))

2025/02/13 14:39:17 /home/bryan/repos/skripsi/backend/setup/setup.go:78
[1.383ms] [rows:0] SELECT description FROM pg_catalog.pg_description WHERE objsubid = (SELECT ordinal_position FROM information_schema.columns WHERE table_schema = CURRENT_SCHEMA() AND table_name = 'pet_daycares' AND column_name = 'name') AND objoid = (SELECT oid FROM pg_catalog.pg_class WHERE relname = 'pet_daycares' AND relnamespace = (SELECT oid FROM pg_catalog.pg_namespace WHERE nspname = CURRENT_SCHEMA()))

2025/02/13 14:39:17 /home/bryan/repos/skripsi/backend/setup/setup.go:78
[1.320ms] [rows:0] SELECT description FROM pg_catalog.pg_description WHERE objsubid = (SELECT ordinal_position FROM information_schema.columns WHERE table_schema = CURRENT_SCHEMA() AND table_name = 'pet_daycares' AND column_name = 'address') AND objoid = (SELECT oid FROM pg_catalog.pg_class WHERE relname = 'pet_daycares' AND relnamespace = (SELECT oid FROM pg_catalog.pg_namespace WHERE nspname = CURRENT_SCHEMA()))

2025/02/13 14:39:17 /home/bryan/repos/skripsi/backend/setup/setup.go:78
[1.425ms] [rows:0] SELECT description FROM pg_catalog.pg_description WHERE objsubid = (SELECT ordinal_position FROM information_schema.columns WHERE table_schema = CURRENT_SCHEMA() AND table_name = 'pet_daycares' AND column_name = 'latitude') AND objoid = (SELECT oid FROM pg_catalog.pg_class WHERE relname = 'pet_daycares' AND relnamespace = (SELECT oid FROM pg_catalog.pg_namespace WHERE nspname = CURRENT_SCHEMA()))

2025/02/13 14:39:17 /home/bryan/repos/skripsi/backend/setup/setup.go:78
[1.411ms] [rows:0] SELECT description FROM pg_catalog.pg_description WHERE objsubid = (SELECT ordinal_position FROM information_schema.columns WHERE table_schema = CURRENT_SCHEMA() AND table_name = 'pet_daycares' AND column_name = 'longitude') AND objoid = (SELECT oid FROM pg_catalog.pg_class WHERE relname = 'pet_daycares' AND relnamespace = (SELECT oid FROM pg_catalog.pg_namespace WHERE nspname = CURRENT_SCHEMA()))

2025/02/13 14:39:17 /home/bryan/repos/skripsi/backend/setup/setup.go:78
[1.416ms] [rows:0] SELECT description FROM pg_catalog.pg_description WHERE objsubid = (SELECT ordinal_position FROM information_schema.columns WHERE table_schema = CURRENT_SCHEMA() AND table_name = 'pet_daycares' AND column_name = 'price') AND objoid = (SELECT oid FROM pg_catalog.pg_class WHERE relname = 'pet_daycares' AND relnamespace = (SELECT oid FROM pg_catalog.pg_namespace WHERE nspname = CURRENT_SCHEMA()))

2025/02/13 14:39:17 /home/bryan/repos/skripsi/backend/setup/setup.go:78
[1.397ms] [rows:0] SELECT description FROM pg_catalog.pg_description WHERE objsubid = (SELECT ordinal_position FROM information_schema.columns WHERE table_schema = CURRENT_SCHEMA() AND table_name = 'pet_daycares' AND column_name = 'pricing_type') AND objoid = (SELECT oid FROM pg_catalog.pg_class WHERE relname = 'pet_daycares' AND relnamespace = (SELECT oid FROM pg_catalog.pg_namespace WHERE nspname = CURRENT_SCHEMA()))

2025/02/13 14:39:17 /home/bryan/repos/skripsi/backend/setup/setup.go:78
[1.542ms] [rows:0] SELECT description FROM pg_catalog.pg_description WHERE objsubid = (SELECT ordinal_position FROM information_schema.columns WHERE table_schema = CURRENT_SCHEMA() AND table_name = 'pet_daycares' AND column_name = 'description') AND objoid = (SELECT oid FROM pg_catalog.pg_class WHERE relname = 'pet_daycares' AND relnamespace = (SELECT oid FROM pg_catalog.pg_namespace WHERE nspname = CURRENT_SCHEMA()))

2025/02/13 14:39:17 /home/bryan/repos/skripsi/backend/setup/setup.go:78
[2.483ms] [rows:0] SELECT description FROM pg_catalog.pg_description WHERE objsubid = (SELECT ordinal_position FROM information_schema.columns WHERE table_schema = CURRENT_SCHEMA() AND table_name = 'pet_daycares' AND column_name = 'has_pickup_service') AND objoid = (SELECT oid FROM pg_catalog.pg_class WHERE relname = 'pet_daycares' AND relnamespace = (SELECT oid FROM pg_catalog.pg_namespace WHERE nspname = CURRENT_SCHEMA()))

2025/02/13 14:39:17 /home/bryan/repos/skripsi/backend/setup/setup.go:78
[1.484ms] [rows:0] SELECT description FROM pg_catalog.pg_description WHERE objsubid = (SELECT ordinal_position FROM information_schema.columns WHERE table_schema = CURRENT_SCHEMA() AND table_name = 'pet_daycares' AND column_name = 'must_be_vaccinated') AND objoid = (SELECT oid FROM pg_catalog.pg_class WHERE relname = 'pet_daycares' AND relnamespace = (SELECT oid FROM pg_catalog.pg_namespace WHERE nspname = CURRENT_SCHEMA()))

2025/02/13 14:39:17 /home/bryan/repos/skripsi/backend/setup/setup.go:78
[1.243ms] [rows:0] SELECT description FROM pg_catalog.pg_description WHERE objsubid = (SELECT ordinal_position FROM information_schema.columns WHERE table_schema = CURRENT_SCHEMA() AND table_name = 'pet_daycares' AND column_name = 'food_provided') AND objoid = (SELECT oid FROM pg_catalog.pg_class WHERE relname = 'pet_daycares' AND relnamespace = (SELECT oid FROM pg_catalog.pg_namespace WHERE nspname = CURRENT_SCHEMA()))

2025/02/13 14:39:17 /home/bryan/repos/skripsi/backend/setup/setup.go:78
[1.335ms] [rows:0] SELECT description FROM pg_catalog.pg_description WHERE objsubid = (SELECT ordinal_position FROM information_schema.columns WHERE table_schema = CURRENT_SCHEMA() AND table_name = 'pet_daycares' AND column_name = 'grooming_available') AND objoid = (SELECT oid FROM pg_catalog.pg_class WHERE relname = 'pet_daycares' AND relnamespace = (SELECT oid FROM pg_catalog.pg_namespace WHERE nspname = CURRENT_SCHEMA()))

2025/02/13 14:39:17 /home/bryan/repos/skripsi/backend/setup/setup.go:78
[1.313ms] [rows:0] SELECT description FROM pg_catalog.pg_description WHERE objsubid = (SELECT ordinal_position FROM information_schema.columns WHERE table_schema = CURRENT_SCHEMA() AND table_name = 'pet_daycares' AND column_name = 'booked_num') AND objoid = (SELECT oid FROM pg_catalog.pg_class WHERE relname = 'pet_daycares' AND relnamespace = (SELECT oid FROM pg_catalog.pg_namespace WHERE nspname = CURRENT_SCHEMA()))

2025/02/13 14:39:17 /home/bryan/repos/skripsi/backend/setup/setup.go:78
[1.360ms] [rows:0] SELECT description FROM pg_catalog.pg_description WHERE objsubid = (SELECT ordinal_position FROM information_schema.columns WHERE table_schema = CURRENT_SCHEMA() AND table_name = 'pet_daycares' AND column_name = 'daily_walks_id') AND objoid = (SELECT oid FROM pg_catalog.pg_class WHERE relname = 'pet_daycares' AND relnamespace = (SELECT oid FROM pg_catalog.pg_namespace WHERE nspname = CURRENT_SCHEMA()))

2025/02/13 14:39:17 /home/bryan/repos/skripsi/backend/setup/setup.go:78
[1.400ms] [rows:0] SELECT description FROM pg_catalog.pg_description WHERE objsubid = (SELECT ordinal_position FROM information_schema.columns WHERE table_schema = CURRENT_SCHEMA() AND table_name = 'pet_daycares' AND column_name = 'daily_playtime_id') AND objoid = (SELECT oid FROM pg_catalog.pg_class WHERE relname = 'pet_daycares' AND relnamespace = (SELECT oid FROM pg_catalog.pg_namespace WHERE nspname = CURRENT_SCHEMA()))

2025/02/13 14:39:17 /home/bryan/repos/skripsi/backend/setup/setup.go:78
[1.371ms] [rows:0] SELECT description FROM pg_catalog.pg_description WHERE objsubid = (SELECT ordinal_position FROM information_schema.columns WHERE table_schema = CURRENT_SCHEMA() AND table_name = 'pet_daycares' AND column_name = 'owner_id') AND objoid = (SELECT oid FROM pg_catalog.pg_class WHERE relname = 'pet_daycares' AND relnamespace = (SELECT oid FROM pg_catalog.pg_namespace WHERE nspname = CURRENT_SCHEMA()))

2025/02/13 14:39:17 /home/bryan/repos/skripsi/backend/setup/setup.go:78
[1.491ms] [rows:0] SELECT description FROM pg_catalog.pg_description WHERE objsubid = (SELECT ordinal_position FROM information_schema.columns WHERE table_schema = CURRENT_SCHEMA() AND table_name = 'pet_daycares' AND column_name = 'food_brand') AND objoid = (SELECT oid FROM pg_catalog.pg_class WHERE relname = 'pet_daycares' AND relnamespace = (SELECT oid FROM pg_catalog.pg_namespace WHERE nspname = CURRENT_SCHEMA()))

2025/02/13 14:39:17 /home/bryan/repos/skripsi/backend/setup/setup.go:78
[3.675ms] [rows:1] SELECT count(*) FROM INFORMATION_SCHEMA.table_constraints WHERE table_schema = CURRENT_SCHEMA() AND table_name = 'pet_daycares' AND constraint_name = 'fk_pet_daycares_daily_walks'

2025/02/13 14:39:17 /home/bryan/repos/skripsi/backend/setup/setup.go:78
[3.613ms] [rows:1] SELECT count(*) FROM INFORMATION_SCHEMA.table_constraints WHERE table_schema = CURRENT_SCHEMA() AND table_name = 'pet_daycares' AND constraint_name = 'fk_pet_daycares_daily_playtime'

2025/02/13 14:39:17 /home/bryan/repos/skripsi/backend/setup/setup.go:78
[3.628ms] [rows:1] SELECT count(*) FROM INFORMATION_SCHEMA.table_constraints WHERE table_schema = CURRENT_SCHEMA() AND table_name = 'pet_daycares' AND constraint_name = 'fk_users_pet_daycare'

2025/02/13 14:39:17 /home/bryan/repos/skripsi/backend/setup/setup.go:78
[2.554ms] [rows:1] SELECT count(*) FROM pg_indexes WHERE tablename = 'pet_daycares' AND indexname = 'idx_pet_daycares_deleted_at' AND schemaname = CURRENT_SCHEMA()

2025/02/13 14:39:17 /home/bryan/repos/skripsi/backend/setup/setup.go:78
[0.992ms] [rows:1] SELECT count(*) FROM information_schema.tables WHERE table_schema = CURRENT_SCHEMA() AND table_name = 'species' AND table_type = 'BASE TABLE'

2025/02/13 14:39:17 /home/bryan/repos/skripsi/backend/setup/setup.go:78
[0.691ms] [rows:1] SELECT CURRENT_DATABASE()

2025/02/13 14:39:17 /home/bryan/repos/skripsi/backend/setup/setup.go:78
[2.799ms] [rows:-] SELECT c.column_name, c.is_nullable = 'YES', c.udt_name, c.character_maximum_length, c.numeric_precision, c.numeric_precision_radix, c.numeric_scale, c.datetime_precision, 8 * typlen, c.column_default, pd.description, c.identity_increment FROM information_schema.columns AS c JOIN pg_type AS pgt ON c.udt_name = pgt.typname LEFT JOIN pg_catalog.pg_description as pd ON pd.objsubid = c.ordinal_position AND pd.objoid = (SELECT oid FROM pg_catalog.pg_class WHERE relname = c.table_name AND relnamespace = (SELECT oid FROM pg_catalog.pg_namespace WHERE nspname = c.table_schema)) where table_catalog = $1$ AND table_schema = CURRENT_SCHEMA() AND table_name = $2$

2025/02/13 14:39:17 /home/bryan/repos/skripsi/backend/setup/setup.go:78
[0.803ms] [rows:-] SELECT * FROM "species" LIMIT $1$

2025/02/13 14:39:17 /home/bryan/repos/skripsi/backend/setup/setup.go:78
[2.273ms] [rows:-] SELECT constraint_name FROM information_schema.table_constraints tc JOIN information_schema.constraint_column_usage AS ccu USING (constraint_schema, constraint_catalog, table_name, constraint_name) JOIN information_schema.columns AS c ON c.table_schema = tc.constraint_schema AND tc.table_name = c.table_name AND ccu.column_name = c.column_name WHERE constraint_type IN ('PRIMARY KEY', 'UNIQUE') AND c.table_catalog = $1$ AND c.table_schema = CURRENT_SCHEMA() AND c.table_name = $2$ AND constraint_type = $3$

2025/02/13 14:39:17 /home/bryan/repos/skripsi/backend/setup/setup.go:78
[2.271ms] [rows:-] SELECT c.column_name, constraint_name, constraint_type FROM information_schema.table_constraints tc JOIN information_schema.constraint_column_usage AS ccu USING (constraint_schema, constraint_catalog, table_name, constraint_name) JOIN information_schema.columns AS c ON c.table_schema = tc.constraint_schema AND tc.table_name = c.table_name AND ccu.column_name = c.column_name WHERE constraint_type IN ('PRIMARY KEY', 'UNIQUE') AND c.table_catalog = $1$ AND c.table_schema = CURRENT_SCHEMA() AND c.table_name = $2$

2025/02/13 14:39:17 /home/bryan/repos/skripsi/backend/setup/setup.go:78
[1.080ms] [rows:-] SELECT a.attname as column_name, format_type(a.atttypid, a.atttypmod) AS data_type
		FROM pg_attribute a JOIN pg_class b ON a.attrelid = b.oid AND relnamespace = (SELECT oid FROM pg_catalog.pg_namespace WHERE nspname = CURRENT_SCHEMA())
		WHERE a.attnum > 0 -- hide internal columns
		AND NOT a.attisdropped -- hide deleted columns
		AND b.relname = $1$

2025/02/13 14:39:17 /home/bryan/repos/skripsi/backend/setup/setup.go:78
[1.431ms] [rows:0] SELECT description FROM pg_catalog.pg_description WHERE objsubid = (SELECT ordinal_position FROM information_schema.columns WHERE table_schema = CURRENT_SCHEMA() AND table_name = 'species' AND column_name = 'id') AND objoid = (SELECT oid FROM pg_catalog.pg_class WHERE relname = 'species' AND relnamespace = (SELECT oid FROM pg_catalog.pg_namespace WHERE nspname = CURRENT_SCHEMA()))

2025/02/13 14:39:17 /home/bryan/repos/skripsi/backend/setup/setup.go:78
[1.332ms] [rows:0] SELECT description FROM pg_catalog.pg_description WHERE objsubid = (SELECT ordinal_position FROM information_schema.columns WHERE table_schema = CURRENT_SCHEMA() AND table_name = 'species' AND column_name = 'name') AND objoid = (SELECT oid FROM pg_catalog.pg_class WHERE relname = 'species' AND relnamespace = (SELECT oid FROM pg_catalog.pg_namespace WHERE nspname = CURRENT_SCHEMA()))

2025/02/13 14:39:17 /home/bryan/repos/skripsi/backend/setup/setup.go:78
[1.042ms] [rows:1] SELECT count(*) FROM information_schema.tables WHERE table_schema = CURRENT_SCHEMA() AND table_name = 'size_categories' AND table_type = 'BASE TABLE'

2025/02/13 14:39:17 /home/bryan/repos/skripsi/backend/setup/setup.go:78
[0.742ms] [rows:1] SELECT CURRENT_DATABASE()

2025/02/13 14:39:17 /home/bryan/repos/skripsi/backend/setup/setup.go:78
[2.795ms] [rows:-] SELECT c.column_name, c.is_nullable = 'YES', c.udt_name, c.character_maximum_length, c.numeric_precision, c.numeric_precision_radix, c.numeric_scale, c.datetime_precision, 8 * typlen, c.column_default, pd.description, c.identity_increment FROM information_schema.columns AS c JOIN pg_type AS pgt ON c.udt_name = pgt.typname LEFT JOIN pg_catalog.pg_description as pd ON pd.objsubid = c.ordinal_position AND pd.objoid = (SELECT oid FROM pg_catalog.pg_class WHERE relname = c.table_name AND relnamespace = (SELECT oid FROM pg_catalog.pg_namespace WHERE nspname = c.table_schema)) where table_catalog = $1$ AND table_schema = CURRENT_SCHEMA() AND table_name = $2$

2025/02/13 14:39:17 /home/bryan/repos/skripsi/backend/setup/setup.go:78
[0.912ms] [rows:-] SELECT * FROM "size_categories" LIMIT $1$

2025/02/13 14:39:17 /home/bryan/repos/skripsi/backend/setup/setup.go:78
[2.349ms] [rows:-] SELECT constraint_name FROM information_schema.table_constraints tc JOIN information_schema.constraint_column_usage AS ccu USING (constraint_schema, constraint_catalog, table_name, constraint_name) JOIN information_schema.columns AS c ON c.table_schema = tc.constraint_schema AND tc.table_name = c.table_name AND ccu.column_name = c.column_name WHERE constraint_type IN ('PRIMARY KEY', 'UNIQUE') AND c.table_catalog = $1$ AND c.table_schema = CURRENT_SCHEMA() AND c.table_name = $2$ AND constraint_type = $3$

2025/02/13 14:39:17 /home/bryan/repos/skripsi/backend/setup/setup.go:78
[2.435ms] [rows:-] SELECT c.column_name, constraint_name, constraint_type FROM information_schema.table_constraints tc JOIN information_schema.constraint_column_usage AS ccu USING (constraint_schema, constraint_catalog, table_name, constraint_name) JOIN information_schema.columns AS c ON c.table_schema = tc.constraint_schema AND tc.table_name = c.table_name AND ccu.column_name = c.column_name WHERE constraint_type IN ('PRIMARY KEY', 'UNIQUE') AND c.table_catalog = $1$ AND c.table_schema = CURRENT_SCHEMA() AND c.table_name = $2$

2025/02/13 14:39:17 /home/bryan/repos/skripsi/backend/setup/setup.go:78
[1.020ms] [rows:-] SELECT a.attname as column_name, format_type(a.atttypid, a.atttypmod) AS data_type
		FROM pg_attribute a JOIN pg_class b ON a.attrelid = b.oid AND relnamespace = (SELECT oid FROM pg_catalog.pg_namespace WHERE nspname = CURRENT_SCHEMA())
		WHERE a.attnum > 0 -- hide internal columns
		AND NOT a.attisdropped -- hide deleted columns
		AND b.relname = $1$

2025/02/13 14:39:17 /home/bryan/repos/skripsi/backend/setup/setup.go:78
[1.240ms] [rows:0] SELECT description FROM pg_catalog.pg_description WHERE objsubid = (SELECT ordinal_position FROM information_schema.columns WHERE table_schema = CURRENT_SCHEMA() AND table_name = 'size_categories' AND column_name = 'id') AND objoid = (SELECT oid FROM pg_catalog.pg_class WHERE relname = 'size_categories' AND relnamespace = (SELECT oid FROM pg_catalog.pg_namespace WHERE nspname = CURRENT_SCHEMA()))

2025/02/13 14:39:17 /home/bryan/repos/skripsi/backend/setup/setup.go:78
[1.415ms] [rows:0] SELECT description FROM pg_catalog.pg_description WHERE objsubid = (SELECT ordinal_position FROM information_schema.columns WHERE table_schema = CURRENT_SCHEMA() AND table_name = 'size_categories' AND column_name = 'name') AND objoid = (SELECT oid FROM pg_catalog.pg_class WHERE relname = 'size_categories' AND relnamespace = (SELECT oid FROM pg_catalog.pg_namespace WHERE nspname = CURRENT_SCHEMA()))

2025/02/13 14:39:17 /home/bryan/repos/skripsi/backend/setup/setup.go:78
[1.412ms] [rows:0] SELECT description FROM pg_catalog.pg_description WHERE objsubid = (SELECT ordinal_position FROM information_schema.columns WHERE table_schema = CURRENT_SCHEMA() AND table_name = 'size_categories' AND column_name = 'min_weight') AND objoid = (SELECT oid FROM pg_catalog.pg_class WHERE relname = 'size_categories' AND relnamespace = (SELECT oid FROM pg_catalog.pg_namespace WHERE nspname = CURRENT_SCHEMA()))

2025/02/13 14:39:17 /home/bryan/repos/skripsi/backend/setup/setup.go:78
[1.318ms] [rows:0] SELECT description FROM pg_catalog.pg_description WHERE objsubid = (SELECT ordinal_position FROM information_schema.columns WHERE table_schema = CURRENT_SCHEMA() AND table_name = 'size_categories' AND column_name = 'max_weight') AND objoid = (SELECT oid FROM pg_catalog.pg_class WHERE relname = 'size_categories' AND relnamespace = (SELECT oid FROM pg_catalog.pg_namespace WHERE nspname = CURRENT_SCHEMA()))

2025/02/13 14:39:17 /home/bryan/repos/skripsi/backend/setup/setup.go:78
[1.053ms] [rows:1] SELECT count(*) FROM information_schema.tables WHERE table_schema = CURRENT_SCHEMA() AND table_name = 'pets' AND table_type = 'BASE TABLE'

2025/02/13 14:39:17 /home/bryan/repos/skripsi/backend/setup/setup.go:78
[0.686ms] [rows:1] SELECT CURRENT_DATABASE()

2025/02/13 14:39:17 /home/bryan/repos/skripsi/backend/setup/setup.go:78
[3.364ms] [rows:-] SELECT c.column_name, c.is_nullable = 'YES', c.udt_name, c.character_maximum_length, c.numeric_precision, c.numeric_precision_radix, c.numeric_scale, c.datetime_precision, 8 * typlen, c.column_default, pd.description, c.identity_increment FROM information_schema.columns AS c JOIN pg_type AS pgt ON c.udt_name = pgt.typname LEFT JOIN pg_catalog.pg_description as pd ON pd.objsubid = c.ordinal_position AND pd.objoid = (SELECT oid FROM pg_catalog.pg_class WHERE relname = c.table_name AND relnamespace = (SELECT oid FROM pg_catalog.pg_namespace WHERE nspname = c.table_schema)) where table_catalog = $1$ AND table_schema = CURRENT_SCHEMA() AND table_name = $2$

2025/02/13 14:39:17 /home/bryan/repos/skripsi/backend/setup/setup.go:78
[0.968ms] [rows:-] SELECT * FROM "pets" LIMIT $1$

2025/02/13 14:39:17 /home/bryan/repos/skripsi/backend/setup/setup.go:78
[3.166ms] [rows:-] SELECT constraint_name FROM information_schema.table_constraints tc JOIN information_schema.constraint_column_usage AS ccu USING (constraint_schema, constraint_catalog, table_name, constraint_name) JOIN information_schema.columns AS c ON c.table_schema = tc.constraint_schema AND tc.table_name = c.table_name AND ccu.column_name = c.column_name WHERE constraint_type IN ('PRIMARY KEY', 'UNIQUE') AND c.table_catalog = $1$ AND c.table_schema = CURRENT_SCHEMA() AND c.table_name = $2$ AND constraint_type = $3$

2025/02/13 14:39:17 /home/bryan/repos/skripsi/backend/setup/setup.go:78
[3.221ms] [rows:-] SELECT c.column_name, constraint_name, constraint_type FROM information_schema.table_constraints tc JOIN information_schema.constraint_column_usage AS ccu USING (constraint_schema, constraint_catalog, table_name, constraint_name) JOIN information_schema.columns AS c ON c.table_schema = tc.constraint_schema AND tc.table_name = c.table_name AND ccu.column_name = c.column_name WHERE constraint_type IN ('PRIMARY KEY', 'UNIQUE') AND c.table_catalog = $1$ AND c.table_schema = CURRENT_SCHEMA() AND c.table_name = $2$

2025/02/13 14:39:17 /home/bryan/repos/skripsi/backend/setup/setup.go:78
[1.235ms] [rows:-] SELECT a.attname as column_name, format_type(a.atttypid, a.atttypmod) AS data_type
		FROM pg_attribute a JOIN pg_class b ON a.attrelid = b.oid AND relnamespace = (SELECT oid FROM pg_catalog.pg_namespace WHERE nspname = CURRENT_SCHEMA())
		WHERE a.attnum > 0 -- hide internal columns
		AND NOT a.attisdropped -- hide deleted columns
		AND b.relname = $1$

2025/02/13 14:39:17 /home/bryan/repos/skripsi/backend/setup/setup.go:78
[1.518ms] [rows:0] SELECT description FROM pg_catalog.pg_description WHERE objsubid = (SELECT ordinal_position FROM information_schema.columns WHERE table_schema = CURRENT_SCHEMA() AND table_name = 'pets' AND column_name = 'id') AND objoid = (SELECT oid FROM pg_catalog.pg_class WHERE relname = 'pets' AND relnamespace = (SELECT oid FROM pg_catalog.pg_namespace WHERE nspname = CURRENT_SCHEMA()))

2025/02/13 14:39:17 /home/bryan/repos/skripsi/backend/setup/setup.go:78
[1.638ms] [rows:0] SELECT description FROM pg_catalog.pg_description WHERE objsubid = (SELECT ordinal_position FROM information_schema.columns WHERE table_schema = CURRENT_SCHEMA() AND table_name = 'pets' AND column_name = 'created_at') AND objoid = (SELECT oid FROM pg_catalog.pg_class WHERE relname = 'pets' AND relnamespace = (SELECT oid FROM pg_catalog.pg_namespace WHERE nspname = CURRENT_SCHEMA()))

2025/02/13 14:39:17 /home/bryan/repos/skripsi/backend/setup/setup.go:78
[1.637ms] [rows:0] SELECT description FROM pg_catalog.pg_description WHERE objsubid = (SELECT ordinal_position FROM information_schema.columns WHERE table_schema = CURRENT_SCHEMA() AND table_name = 'pets' AND column_name = 'updated_at') AND objoid = (SELECT oid FROM pg_catalog.pg_class WHERE relname = 'pets' AND relnamespace = (SELECT oid FROM pg_catalog.pg_namespace WHERE nspname = CURRENT_SCHEMA()))

2025/02/13 14:39:17 /home/bryan/repos/skripsi/backend/setup/setup.go:78
[1.539ms] [rows:0] SELECT description FROM pg_catalog.pg_description WHERE objsubid = (SELECT ordinal_position FROM information_schema.columns WHERE table_schema = CURRENT_SCHEMA() AND table_name = 'pets' AND column_name = 'deleted_at') AND objoid = (SELECT oid FROM pg_catalog.pg_class WHERE relname = 'pets' AND relnamespace = (SELECT oid FROM pg_catalog.pg_namespace WHERE nspname = CURRENT_SCHEMA()))

2025/02/13 14:39:17 /home/bryan/repos/skripsi/backend/setup/setup.go:78
[1.478ms] [rows:0] SELECT description FROM pg_catalog.pg_description WHERE objsubid = (SELECT ordinal_position FROM information_schema.columns WHERE table_schema = CURRENT_SCHEMA() AND table_name = 'pets' AND column_name = 'name') AND objoid = (SELECT oid FROM pg_catalog.pg_class WHERE relname = 'pets' AND relnamespace = (SELECT oid FROM pg_catalog.pg_namespace WHERE nspname = CURRENT_SCHEMA()))

2025/02/13 14:39:17 /home/bryan/repos/skripsi/backend/setup/setup.go:78
[1.439ms] [rows:0] SELECT description FROM pg_catalog.pg_description WHERE objsubid = (SELECT ordinal_position FROM information_schema.columns WHERE table_schema = CURRENT_SCHEMA() AND table_name = 'pets' AND column_name = 'image_url') AND objoid = (SELECT oid FROM pg_catalog.pg_class WHERE relname = 'pets' AND relnamespace = (SELECT oid FROM pg_catalog.pg_namespace WHERE nspname = CURRENT_SCHEMA()))

2025/02/13 14:39:17 /home/bryan/repos/skripsi/backend/setup/setup.go:78
[1.593ms] [rows:0] SELECT description FROM pg_catalog.pg_description WHERE objsubid = (SELECT ordinal_position FROM information_schema.columns WHERE table_schema = CURRENT_SCHEMA() AND table_name = 'pets' AND column_name = 'status') AND objoid = (SELECT oid FROM pg_catalog.pg_class WHERE relname = 'pets' AND relnamespace = (SELECT oid FROM pg_catalog.pg_namespace WHERE nspname = CURRENT_SCHEMA()))

2025/02/13 14:39:17 /home/bryan/repos/skripsi/backend/setup/setup.go:78
[1.418ms] [rows:0] SELECT description FROM pg_catalog.pg_description WHERE objsubid = (SELECT ordinal_position FROM information_schema.columns WHERE table_schema = CURRENT_SCHEMA() AND table_name = 'pets' AND column_name = 'owner_id') AND objoid = (SELECT oid FROM pg_catalog.pg_class WHERE relname = 'pets' AND relnamespace = (SELECT oid FROM pg_catalog.pg_namespace WHERE nspname = CURRENT_SCHEMA()))

2025/02/13 14:39:17 /home/bryan/repos/skripsi/backend/setup/setup.go:78
[1.667ms] [rows:0] SELECT description FROM pg_catalog.pg_description WHERE objsubid = (SELECT ordinal_position FROM information_schema.columns WHERE table_schema = CURRENT_SCHEMA() AND table_name = 'pets' AND column_name = 'species_id') AND objoid = (SELECT oid FROM pg_catalog.pg_class WHERE relname = 'pets' AND relnamespace = (SELECT oid FROM pg_catalog.pg_namespace WHERE nspname = CURRENT_SCHEMA()))

2025/02/13 14:39:17 /home/bryan/repos/skripsi/backend/setup/setup.go:78
[1.618ms] [rows:0] SELECT description FROM pg_catalog.pg_description WHERE objsubid = (SELECT ordinal_position FROM information_schema.columns WHERE table_schema = CURRENT_SCHEMA() AND table_name = 'pets' AND column_name = 'size_id') AND objoid = (SELECT oid FROM pg_catalog.pg_class WHERE relname = 'pets' AND relnamespace = (SELECT oid FROM pg_catalog.pg_namespace WHERE nspname = CURRENT_SCHEMA()))

2025/02/13 14:39:17 /home/bryan/repos/skripsi/backend/setup/setup.go:78
[1.283ms] [rows:1] SELECT count(*) FROM INFORMATION_SCHEMA.table_constraints WHERE table_schema = CURRENT_SCHEMA() AND table_name = 'pets' AND constraint_name = 'fk_pets_species'

2025/02/13 14:39:17 /home/bryan/repos/skripsi/backend/setup/setup.go:78
[1.492ms] [rows:1] SELECT count(*) FROM INFORMATION_SCHEMA.table_constraints WHERE table_schema = CURRENT_SCHEMA() AND table_name = 'pets' AND constraint_name = 'fk_pets_size_category'

2025/02/13 14:39:17 /home/bryan/repos/skripsi/backend/setup/setup.go:78
[1.198ms] [rows:1] SELECT count(*) FROM INFORMATION_SCHEMA.table_constraints WHERE table_schema = CURRENT_SCHEMA() AND table_name = 'pets' AND constraint_name = 'fk_users_pets'

2025/02/13 14:39:17 /home/bryan/repos/skripsi/backend/setup/setup.go:78
[2.981ms] [rows:1] SELECT count(*) FROM pg_indexes WHERE tablename = 'pets' AND indexname = 'idx_pets_deleted_at' AND schemaname = CURRENT_SCHEMA()

2025/02/13 14:39:17 /home/bryan/repos/skripsi/backend/setup/setup.go:78
[1.275ms] [rows:1] SELECT count(*) FROM information_schema.tables WHERE table_schema = CURRENT_SCHEMA() AND table_name = 'slots' AND table_type = 'BASE TABLE'

2025/02/13 14:39:17 /home/bryan/repos/skripsi/backend/setup/setup.go:78
[0.826ms] [rows:1] SELECT CURRENT_DATABASE()

2025/02/13 14:39:17 /home/bryan/repos/skripsi/backend/setup/setup.go:78
[4.382ms] [rows:-] SELECT c.column_name, c.is_nullable = 'YES', c.udt_name, c.character_maximum_length, c.numeric_precision, c.numeric_precision_radix, c.numeric_scale, c.datetime_precision, 8 * typlen, c.column_default, pd.description, c.identity_increment FROM information_schema.columns AS c JOIN pg_type AS pgt ON c.udt_name = pgt.typname LEFT JOIN pg_catalog.pg_description as pd ON pd.objsubid = c.ordinal_position AND pd.objoid = (SELECT oid FROM pg_catalog.pg_class WHERE relname = c.table_name AND relnamespace = (SELECT oid FROM pg_catalog.pg_namespace WHERE nspname = c.table_schema)) where table_catalog = $1$ AND table_schema = CURRENT_SCHEMA() AND table_name = $2$

2025/02/13 14:39:17 /home/bryan/repos/skripsi/backend/setup/setup.go:78
[1.309ms] [rows:-] SELECT * FROM "slots" LIMIT $1$

2025/02/13 14:39:17 /home/bryan/repos/skripsi/backend/setup/setup.go:78
[3.842ms] [rows:-] SELECT constraint_name FROM information_schema.table_constraints tc JOIN information_schema.constraint_column_usage AS ccu USING (constraint_schema, constraint_catalog, table_name, constraint_name) JOIN information_schema.columns AS c ON c.table_schema = tc.constraint_schema AND tc.table_name = c.table_name AND ccu.column_name = c.column_name WHERE constraint_type IN ('PRIMARY KEY', 'UNIQUE') AND c.table_catalog = $1$ AND c.table_schema = CURRENT_SCHEMA() AND c.table_name = $2$ AND constraint_type = $3$

2025/02/13 14:39:17 /home/bryan/repos/skripsi/backend/setup/setup.go:78
[4.838ms] [rows:-] SELECT c.column_name, constraint_name, constraint_type FROM information_schema.table_constraints tc JOIN information_schema.constraint_column_usage AS ccu USING (constraint_schema, constraint_catalog, table_name, constraint_name) JOIN information_schema.columns AS c ON c.table_schema = tc.constraint_schema AND tc.table_name = c.table_name AND ccu.column_name = c.column_name WHERE constraint_type IN ('PRIMARY KEY', 'UNIQUE') AND c.table_catalog = $1$ AND c.table_schema = CURRENT_SCHEMA() AND c.table_name = $2$

2025/02/13 14:39:17 /home/bryan/repos/skripsi/backend/setup/setup.go:78
[1.650ms] [rows:-] SELECT a.attname as column_name, format_type(a.atttypid, a.atttypmod) AS data_type
		FROM pg_attribute a JOIN pg_class b ON a.attrelid = b.oid AND relnamespace = (SELECT oid FROM pg_catalog.pg_namespace WHERE nspname = CURRENT_SCHEMA())
		WHERE a.attnum > 0 -- hide internal columns
		AND NOT a.attisdropped -- hide deleted columns
		AND b.relname = $1$

2025/02/13 14:39:17 /home/bryan/repos/skripsi/backend/setup/setup.go:78
[3.073ms] [rows:0] SELECT description FROM pg_catalog.pg_description WHERE objsubid = (SELECT ordinal_position FROM information_schema.columns WHERE table_schema = CURRENT_SCHEMA() AND table_name = 'slots' AND column_name = 'id') AND objoid = (SELECT oid FROM pg_catalog.pg_class WHERE relname = 'slots' AND relnamespace = (SELECT oid FROM pg_catalog.pg_namespace WHERE nspname = CURRENT_SCHEMA()))

2025/02/13 14:39:17 /home/bryan/repos/skripsi/backend/setup/setup.go:78
[2.738ms] [rows:0] SELECT description FROM pg_catalog.pg_description WHERE objsubid = (SELECT ordinal_position FROM information_schema.columns WHERE table_schema = CURRENT_SCHEMA() AND table_name = 'slots' AND column_name = 'created_at') AND objoid = (SELECT oid FROM pg_catalog.pg_class WHERE relname = 'slots' AND relnamespace = (SELECT oid FROM pg_catalog.pg_namespace WHERE nspname = CURRENT_SCHEMA()))

2025/02/13 14:39:17 /home/bryan/repos/skripsi/backend/setup/setup.go:78
[2.952ms] [rows:0] SELECT description FROM pg_catalog.pg_description WHERE objsubid = (SELECT ordinal_position FROM information_schema.columns WHERE table_schema = CURRENT_SCHEMA() AND table_name = 'slots' AND column_name = 'updated_at') AND objoid = (SELECT oid FROM pg_catalog.pg_class WHERE relname = 'slots' AND relnamespace = (SELECT oid FROM pg_catalog.pg_namespace WHERE nspname = CURRENT_SCHEMA()))

2025/02/13 14:39:17 /home/bryan/repos/skripsi/backend/setup/setup.go:78
[3.299ms] [rows:0] SELECT description FROM pg_catalog.pg_description WHERE objsubid = (SELECT ordinal_position FROM information_schema.columns WHERE table_schema = CURRENT_SCHEMA() AND table_name = 'slots' AND column_name = 'deleted_at') AND objoid = (SELECT oid FROM pg_catalog.pg_class WHERE relname = 'slots' AND relnamespace = (SELECT oid FROM pg_catalog.pg_namespace WHERE nspname = CURRENT_SCHEMA()))

2025/02/13 14:39:17 /home/bryan/repos/skripsi/backend/setup/setup.go:78
[3.710ms] [rows:0] SELECT description FROM pg_catalog.pg_description WHERE objsubid = (SELECT ordinal_position FROM information_schema.columns WHERE table_schema = CURRENT_SCHEMA() AND table_name = 'slots' AND column_name = 'daycare_id') AND objoid = (SELECT oid FROM pg_catalog.pg_class WHERE relname = 'slots' AND relnamespace = (SELECT oid FROM pg_catalog.pg_namespace WHERE nspname = CURRENT_SCHEMA()))

2025/02/13 14:39:17 /home/bryan/repos/skripsi/backend/setup/setup.go:78
[3.713ms] [rows:0] SELECT description FROM pg_catalog.pg_description WHERE objsubid = (SELECT ordinal_position FROM information_schema.columns WHERE table_schema = CURRENT_SCHEMA() AND table_name = 'slots' AND column_name = 'species_id') AND objoid = (SELECT oid FROM pg_catalog.pg_class WHERE relname = 'slots' AND relnamespace = (SELECT oid FROM pg_catalog.pg_namespace WHERE nspname = CURRENT_SCHEMA()))

2025/02/13 14:39:17 /home/bryan/repos/skripsi/backend/setup/setup.go:78
[3.574ms] [rows:0] SELECT description FROM pg_catalog.pg_description WHERE objsubid = (SELECT ordinal_position FROM information_schema.columns WHERE table_schema = CURRENT_SCHEMA() AND table_name = 'slots' AND column_name = 'size_category_id') AND objoid = (SELECT oid FROM pg_catalog.pg_class WHERE relname = 'slots' AND relnamespace = (SELECT oid FROM pg_catalog.pg_namespace WHERE nspname = CURRENT_SCHEMA()))

2025/02/13 14:39:17 /home/bryan/repos/skripsi/backend/setup/setup.go:78
[3.485ms] [rows:0] SELECT description FROM pg_catalog.pg_description WHERE objsubid = (SELECT ordinal_position FROM information_schema.columns WHERE table_schema = CURRENT_SCHEMA() AND table_name = 'slots' AND column_name = 'max_number') AND objoid = (SELECT oid FROM pg_catalog.pg_class WHERE relname = 'slots' AND relnamespace = (SELECT oid FROM pg_catalog.pg_namespace WHERE nspname = CURRENT_SCHEMA()))

2025/02/13 14:39:17 /home/bryan/repos/skripsi/backend/setup/setup.go:78
[3.034ms] [rows:1] SELECT count(*) FROM INFORMATION_SCHEMA.table_constraints WHERE table_schema = CURRENT_SCHEMA() AND table_name = 'slots' AND constraint_name = 'fk_pet_daycares_slots'

2025/02/13 14:39:17 /home/bryan/repos/skripsi/backend/setup/setup.go:78
[6.484ms] [rows:1] SELECT count(*) FROM pg_indexes WHERE tablename = 'slots' AND indexname = 'idx_slots_deleted_at' AND schemaname = CURRENT_SCHEMA()

2025/02/13 14:39:17 /home/bryan/repos/skripsi/backend/setup/setup.go:78
[2.138ms] [rows:1] SELECT count(*) FROM information_schema.tables WHERE table_schema = CURRENT_SCHEMA() AND table_name = 'booked_slots' AND table_type = 'BASE TABLE'

2025/02/13 14:39:17 /home/bryan/repos/skripsi/backend/setup/setup.go:78
[1.701ms] [rows:1] SELECT CURRENT_DATABASE()

2025/02/13 14:39:17 /home/bryan/repos/skripsi/backend/setup/setup.go:78
[7.725ms] [rows:-] SELECT c.column_name, c.is_nullable = 'YES', c.udt_name, c.character_maximum_length, c.numeric_precision, c.numeric_precision_radix, c.numeric_scale, c.datetime_precision, 8 * typlen, c.column_default, pd.description, c.identity_increment FROM information_schema.columns AS c JOIN pg_type AS pgt ON c.udt_name = pgt.typname LEFT JOIN pg_catalog.pg_description as pd ON pd.objsubid = c.ordinal_position AND pd.objoid = (SELECT oid FROM pg_catalog.pg_class WHERE relname = c.table_name AND relnamespace = (SELECT oid FROM pg_catalog.pg_namespace WHERE nspname = c.table_schema)) where table_catalog = $1$ AND table_schema = CURRENT_SCHEMA() AND table_name = $2$

2025/02/13 14:39:17 /home/bryan/repos/skripsi/backend/setup/setup.go:78
[2.175ms] [rows:-] SELECT * FROM "booked_slots" LIMIT $1$

2025/02/13 14:39:17 /home/bryan/repos/skripsi/backend/setup/setup.go:78
[7.693ms] [rows:-] SELECT constraint_name FROM information_schema.table_constraints tc JOIN information_schema.constraint_column_usage AS ccu USING (constraint_schema, constraint_catalog, table_name, constraint_name) JOIN information_schema.columns AS c ON c.table_schema = tc.constraint_schema AND tc.table_name = c.table_name AND ccu.column_name = c.column_name WHERE constraint_type IN ('PRIMARY KEY', 'UNIQUE') AND c.table_catalog = $1$ AND c.table_schema = CURRENT_SCHEMA() AND c.table_name = $2$ AND constraint_type = $3$

2025/02/13 14:39:17 /home/bryan/repos/skripsi/backend/setup/setup.go:78
[7.493ms] [rows:-] SELECT c.column_name, constraint_name, constraint_type FROM information_schema.table_constraints tc JOIN information_schema.constraint_column_usage AS ccu USING (constraint_schema, constraint_catalog, table_name, constraint_name) JOIN information_schema.columns AS c ON c.table_schema = tc.constraint_schema AND tc.table_name = c.table_name AND ccu.column_name = c.column_name WHERE constraint_type IN ('PRIMARY KEY', 'UNIQUE') AND c.table_catalog = $1$ AND c.table_schema = CURRENT_SCHEMA() AND c.table_name = $2$

2025/02/13 14:39:17 /home/bryan/repos/skripsi/backend/setup/setup.go:78
[2.446ms] [rows:-] SELECT a.attname as column_name, format_type(a.atttypid, a.atttypmod) AS data_type
		FROM pg_attribute a JOIN pg_class b ON a.attrelid = b.oid AND relnamespace = (SELECT oid FROM pg_catalog.pg_namespace WHERE nspname = CURRENT_SCHEMA())
		WHERE a.attnum > 0 -- hide internal columns
		AND NOT a.attisdropped -- hide deleted columns
		AND b.relname = $1$

2025/02/13 14:39:17 /home/bryan/repos/skripsi/backend/setup/setup.go:78
[3.294ms] [rows:0] SELECT description FROM pg_catalog.pg_description WHERE objsubid = (SELECT ordinal_position FROM information_schema.columns WHERE table_schema = CURRENT_SCHEMA() AND table_name = 'booked_slots' AND column_name = 'id') AND objoid = (SELECT oid FROM pg_catalog.pg_class WHERE relname = 'booked_slots' AND relnamespace = (SELECT oid FROM pg_catalog.pg_namespace WHERE nspname = CURRENT_SCHEMA()))

2025/02/13 14:39:17 /home/bryan/repos/skripsi/backend/setup/setup.go:78
[3.297ms] [rows:0] SELECT description FROM pg_catalog.pg_description WHERE objsubid = (SELECT ordinal_position FROM information_schema.columns WHERE table_schema = CURRENT_SCHEMA() AND table_name = 'booked_slots' AND column_name = 'created_at') AND objoid = (SELECT oid FROM pg_catalog.pg_class WHERE relname = 'booked_slots' AND relnamespace = (SELECT oid FROM pg_catalog.pg_namespace WHERE nspname = CURRENT_SCHEMA()))

2025/02/13 14:39:17 /home/bryan/repos/skripsi/backend/setup/setup.go:78
[3.012ms] [rows:0] SELECT description FROM pg_catalog.pg_description WHERE objsubid = (SELECT ordinal_position FROM information_schema.columns WHERE table_schema = CURRENT_SCHEMA() AND table_name = 'booked_slots' AND column_name = 'updated_at') AND objoid = (SELECT oid FROM pg_catalog.pg_class WHERE relname = 'booked_slots' AND relnamespace = (SELECT oid FROM pg_catalog.pg_namespace WHERE nspname = CURRENT_SCHEMA()))

2025/02/13 14:39:17 /home/bryan/repos/skripsi/backend/setup/setup.go:78
[2.884ms] [rows:0] SELECT description FROM pg_catalog.pg_description WHERE objsubid = (SELECT ordinal_position FROM information_schema.columns WHERE table_schema = CURRENT_SCHEMA() AND table_name = 'booked_slots' AND column_name = 'deleted_at') AND objoid = (SELECT oid FROM pg_catalog.pg_class WHERE relname = 'booked_slots' AND relnamespace = (SELECT oid FROM pg_catalog.pg_namespace WHERE nspname = CURRENT_SCHEMA()))

2025/02/13 14:39:17 /home/bryan/repos/skripsi/backend/setup/setup.go:78
[3.075ms] [rows:0] SELECT description FROM pg_catalog.pg_description WHERE objsubid = (SELECT ordinal_position FROM information_schema.columns WHERE table_schema = CURRENT_SCHEMA() AND table_name = 'booked_slots' AND column_name = 'user_id') AND objoid = (SELECT oid FROM pg_catalog.pg_class WHERE relname = 'booked_slots' AND relnamespace = (SELECT oid FROM pg_catalog.pg_namespace WHERE nspname = CURRENT_SCHEMA()))

2025/02/13 14:39:17 /home/bryan/repos/skripsi/backend/setup/setup.go:78
[3.105ms] [rows:0] SELECT description FROM pg_catalog.pg_description WHERE objsubid = (SELECT ordinal_position FROM information_schema.columns WHERE table_schema = CURRENT_SCHEMA() AND table_name = 'booked_slots' AND column_name = 'daycare_id') AND objoid = (SELECT oid FROM pg_catalog.pg_class WHERE relname = 'booked_slots' AND relnamespace = (SELECT oid FROM pg_catalog.pg_namespace WHERE nspname = CURRENT_SCHEMA()))

2025/02/13 14:39:17 /home/bryan/repos/skripsi/backend/setup/setup.go:78
[3.288ms] [rows:0] SELECT description FROM pg_catalog.pg_description WHERE objsubid = (SELECT ordinal_position FROM information_schema.columns WHERE table_schema = CURRENT_SCHEMA() AND table_name = 'booked_slots' AND column_name = 'pet_id') AND objoid = (SELECT oid FROM pg_catalog.pg_class WHERE relname = 'booked_slots' AND relnamespace = (SELECT oid FROM pg_catalog.pg_namespace WHERE nspname = CURRENT_SCHEMA()))

2025/02/13 14:39:17 /home/bryan/repos/skripsi/backend/setup/setup.go:78
[3.885ms] [rows:0] SELECT description FROM pg_catalog.pg_description WHERE objsubid = (SELECT ordinal_position FROM information_schema.columns WHERE table_schema = CURRENT_SCHEMA() AND table_name = 'booked_slots' AND column_name = 'start_date') AND objoid = (SELECT oid FROM pg_catalog.pg_class WHERE relname = 'booked_slots' AND relnamespace = (SELECT oid FROM pg_catalog.pg_namespace WHERE nspname = CURRENT_SCHEMA()))

2025/02/13 14:39:17 /home/bryan/repos/skripsi/backend/setup/setup.go:78
[3.636ms] [rows:0] SELECT description FROM pg_catalog.pg_description WHERE objsubid = (SELECT ordinal_position FROM information_schema.columns WHERE table_schema = CURRENT_SCHEMA() AND table_name = 'booked_slots' AND column_name = 'end_date') AND objoid = (SELECT oid FROM pg_catalog.pg_class WHERE relname = 'booked_slots' AND relnamespace = (SELECT oid FROM pg_catalog.pg_namespace WHERE nspname = CURRENT_SCHEMA()))

2025/02/13 14:39:17 /home/bryan/repos/skripsi/backend/setup/setup.go:78
[3.251ms] [rows:1] SELECT count(*) FROM INFORMATION_SCHEMA.table_constraints WHERE table_schema = CURRENT_SCHEMA() AND table_name = 'booked_slots' AND constraint_name = 'fk_pet_daycares_booked_slots'

2025/02/13 14:39:17 /home/bryan/repos/skripsi/backend/setup/setup.go:78
[3.479ms] [rows:1] SELECT count(*) FROM INFORMATION_SCHEMA.table_constraints WHERE table_schema = CURRENT_SCHEMA() AND table_name = 'booked_slots' AND constraint_name = 'fk_booked_slots_user'

2025/02/13 14:39:17 /home/bryan/repos/skripsi/backend/setup/setup.go:78
[3.337ms] [rows:1] SELECT count(*) FROM INFORMATION_SCHEMA.table_constraints WHERE table_schema = CURRENT_SCHEMA() AND table_name = 'booked_slots' AND constraint_name = 'fk_pets_booked_slots'

2025/02/13 14:39:17 /home/bryan/repos/skripsi/backend/setup/setup.go:78
[6.234ms] [rows:1] SELECT count(*) FROM pg_indexes WHERE tablename = 'booked_slots' AND indexname = 'idx_booked_slots_deleted_at' AND schemaname = CURRENT_SCHEMA()

2025/02/13 14:39:17 /home/bryan/repos/skripsi/backend/setup/setup.go:78
[2.487ms] [rows:1] SELECT count(*) FROM information_schema.tables WHERE table_schema = CURRENT_SCHEMA() AND table_name = 'thumbnails' AND table_type = 'BASE TABLE'

2025/02/13 14:39:17 /home/bryan/repos/skripsi/backend/setup/setup.go:78
[1.979ms] [rows:1] SELECT CURRENT_DATABASE()

2025/02/13 14:39:17 /home/bryan/repos/skripsi/backend/setup/setup.go:78
[7.402ms] [rows:-] SELECT c.column_name, c.is_nullable = 'YES', c.udt_name, c.character_maximum_length, c.numeric_precision, c.numeric_precision_radix, c.numeric_scale, c.datetime_precision, 8 * typlen, c.column_default, pd.description, c.identity_increment FROM information_schema.columns AS c JOIN pg_type AS pgt ON c.udt_name = pgt.typname LEFT JOIN pg_catalog.pg_description as pd ON pd.objsubid = c.ordinal_position AND pd.objoid = (SELECT oid FROM pg_catalog.pg_class WHERE relname = c.table_name AND relnamespace = (SELECT oid FROM pg_catalog.pg_namespace WHERE nspname = c.table_schema)) where table_catalog = $1$ AND table_schema = CURRENT_SCHEMA() AND table_name = $2$

2025/02/13 14:39:17 /home/bryan/repos/skripsi/backend/setup/setup.go:78
[2.128ms] [rows:-] SELECT * FROM "thumbnails" LIMIT $1$

2025/02/13 14:39:17 /home/bryan/repos/skripsi/backend/setup/setup.go:78
[5.271ms] [rows:-] SELECT constraint_name FROM information_schema.table_constraints tc JOIN information_schema.constraint_column_usage AS ccu USING (constraint_schema, constraint_catalog, table_name, constraint_name) JOIN information_schema.columns AS c ON c.table_schema = tc.constraint_schema AND tc.table_name = c.table_name AND ccu.column_name = c.column_name WHERE constraint_type IN ('PRIMARY KEY', 'UNIQUE') AND c.table_catalog = $1$ AND c.table_schema = CURRENT_SCHEMA() AND c.table_name = $2$ AND constraint_type = $3$

2025/02/13 14:39:17 /home/bryan/repos/skripsi/backend/setup/setup.go:78
[5.008ms] [rows:-] SELECT c.column_name, constraint_name, constraint_type FROM information_schema.table_constraints tc JOIN information_schema.constraint_column_usage AS ccu USING (constraint_schema, constraint_catalog, table_name, constraint_name) JOIN information_schema.columns AS c ON c.table_schema = tc.constraint_schema AND tc.table_name = c.table_name AND ccu.column_name = c.column_name WHERE constraint_type IN ('PRIMARY KEY', 'UNIQUE') AND c.table_catalog = $1$ AND c.table_schema = CURRENT_SCHEMA() AND c.table_name = $2$

2025/02/13 14:39:17 /home/bryan/repos/skripsi/backend/setup/setup.go:78
[2.174ms] [rows:-] SELECT a.attname as column_name, format_type(a.atttypid, a.atttypmod) AS data_type
		FROM pg_attribute a JOIN pg_class b ON a.attrelid = b.oid AND relnamespace = (SELECT oid FROM pg_catalog.pg_namespace WHERE nspname = CURRENT_SCHEMA())
		WHERE a.attnum > 0 -- hide internal columns
		AND NOT a.attisdropped -- hide deleted columns
		AND b.relname = $1$

2025/02/13 14:39:17 /home/bryan/repos/skripsi/backend/setup/setup.go:78
[3.434ms] [rows:0] SELECT description FROM pg_catalog.pg_description WHERE objsubid = (SELECT ordinal_position FROM information_schema.columns WHERE table_schema = CURRENT_SCHEMA() AND table_name = 'thumbnails' AND column_name = 'id') AND objoid = (SELECT oid FROM pg_catalog.pg_class WHERE relname = 'thumbnails' AND relnamespace = (SELECT oid FROM pg_catalog.pg_namespace WHERE nspname = CURRENT_SCHEMA()))

2025/02/13 14:39:17 /home/bryan/repos/skripsi/backend/setup/setup.go:78
[4.162ms] [rows:0] SELECT description FROM pg_catalog.pg_description WHERE objsubid = (SELECT ordinal_position FROM information_schema.columns WHERE table_schema = CURRENT_SCHEMA() AND table_name = 'thumbnails' AND column_name = 'daycare_id') AND objoid = (SELECT oid FROM pg_catalog.pg_class WHERE relname = 'thumbnails' AND relnamespace = (SELECT oid FROM pg_catalog.pg_namespace WHERE nspname = CURRENT_SCHEMA()))

2025/02/13 14:39:17 /home/bryan/repos/skripsi/backend/setup/setup.go:78
[3.575ms] [rows:0] SELECT description FROM pg_catalog.pg_description WHERE objsubid = (SELECT ordinal_position FROM information_schema.columns WHERE table_schema = CURRENT_SCHEMA() AND table_name = 'thumbnails' AND column_name = 'image_url') AND objoid = (SELECT oid FROM pg_catalog.pg_class WHERE relname = 'thumbnails' AND relnamespace = (SELECT oid FROM pg_catalog.pg_namespace WHERE nspname = CURRENT_SCHEMA()))

2025/02/13 14:39:17 /home/bryan/repos/skripsi/backend/setup/setup.go:78
[2.758ms] [rows:1] SELECT count(*) FROM INFORMATION_SCHEMA.table_constraints WHERE table_schema = CURRENT_SCHEMA() AND table_name = 'thumbnails' AND constraint_name = 'fk_pet_daycares_thumbnails'

2025/02/13 14:39:17 /home/bryan/repos/skripsi/backend/setup/setup.go:78
[2.419ms] [rows:1] SELECT count(*) FROM information_schema.tables WHERE table_schema = CURRENT_SCHEMA() AND table_name = 'reviews' AND table_type = 'BASE TABLE'

2025/02/13 14:39:17 /home/bryan/repos/skripsi/backend/setup/setup.go:78
[1.960ms] [rows:1] SELECT CURRENT_DATABASE()

2025/02/13 14:39:17 /home/bryan/repos/skripsi/backend/setup/setup.go:78
[9.499ms] [rows:-] SELECT c.column_name, c.is_nullable = 'YES', c.udt_name, c.character_maximum_length, c.numeric_precision, c.numeric_precision_radix, c.numeric_scale, c.datetime_precision, 8 * typlen, c.column_default, pd.description, c.identity_increment FROM information_schema.columns AS c JOIN pg_type AS pgt ON c.udt_name = pgt.typname LEFT JOIN pg_catalog.pg_description as pd ON pd.objsubid = c.ordinal_position AND pd.objoid = (SELECT oid FROM pg_catalog.pg_class WHERE relname = c.table_name AND relnamespace = (SELECT oid FROM pg_catalog.pg_namespace WHERE nspname = c.table_schema)) where table_catalog = $1$ AND table_schema = CURRENT_SCHEMA() AND table_name = $2$

2025/02/13 14:39:17 /home/bryan/repos/skripsi/backend/setup/setup.go:78
[2.744ms] [rows:-] SELECT * FROM "reviews" LIMIT $1$

2025/02/13 14:39:17 /home/bryan/repos/skripsi/backend/setup/setup.go:78
[7.472ms] [rows:-] SELECT constraint_name FROM information_schema.table_constraints tc JOIN information_schema.constraint_column_usage AS ccu USING (constraint_schema, constraint_catalog, table_name, constraint_name) JOIN information_schema.columns AS c ON c.table_schema = tc.constraint_schema AND tc.table_name = c.table_name AND ccu.column_name = c.column_name WHERE constraint_type IN ('PRIMARY KEY', 'UNIQUE') AND c.table_catalog = $1$ AND c.table_schema = CURRENT_SCHEMA() AND c.table_name = $2$ AND constraint_type = $3$

2025/02/13 14:39:17 /home/bryan/repos/skripsi/backend/setup/setup.go:78
[6.700ms] [rows:-] SELECT c.column_name, constraint_name, constraint_type FROM information_schema.table_constraints tc JOIN information_schema.constraint_column_usage AS ccu USING (constraint_schema, constraint_catalog, table_name, constraint_name) JOIN information_schema.columns AS c ON c.table_schema = tc.constraint_schema AND tc.table_name = c.table_name AND ccu.column_name = c.column_name WHERE constraint_type IN ('PRIMARY KEY', 'UNIQUE') AND c.table_catalog = $1$ AND c.table_schema = CURRENT_SCHEMA() AND c.table_name = $2$

2025/02/13 14:39:17 /home/bryan/repos/skripsi/backend/setup/setup.go:78
[2.114ms] [rows:-] SELECT a.attname as column_name, format_type(a.atttypid, a.atttypmod) AS data_type
		FROM pg_attribute a JOIN pg_class b ON a.attrelid = b.oid AND relnamespace = (SELECT oid FROM pg_catalog.pg_namespace WHERE nspname = CURRENT_SCHEMA())
		WHERE a.attnum > 0 -- hide internal columns
		AND NOT a.attisdropped -- hide deleted columns
		AND b.relname = $1$

2025/02/13 14:39:17 /home/bryan/repos/skripsi/backend/setup/setup.go:78
[3.071ms] [rows:0] SELECT description FROM pg_catalog.pg_description WHERE objsubid = (SELECT ordinal_position FROM information_schema.columns WHERE table_schema = CURRENT_SCHEMA() AND table_name = 'reviews' AND column_name = 'id') AND objoid = (SELECT oid FROM pg_catalog.pg_class WHERE relname = 'reviews' AND relnamespace = (SELECT oid FROM pg_catalog.pg_namespace WHERE nspname = CURRENT_SCHEMA()))

2025/02/13 14:39:17 /home/bryan/repos/skripsi/backend/setup/setup.go:78
[3.418ms] [rows:0] SELECT description FROM pg_catalog.pg_description WHERE objsubid = (SELECT ordinal_position FROM information_schema.columns WHERE table_schema = CURRENT_SCHEMA() AND table_name = 'reviews' AND column_name = 'created_at') AND objoid = (SELECT oid FROM pg_catalog.pg_class WHERE relname = 'reviews' AND relnamespace = (SELECT oid FROM pg_catalog.pg_namespace WHERE nspname = CURRENT_SCHEMA()))

2025/02/13 14:39:17 /home/bryan/repos/skripsi/backend/setup/setup.go:78
[3.192ms] [rows:0] SELECT description FROM pg_catalog.pg_description WHERE objsubid = (SELECT ordinal_position FROM information_schema.columns WHERE table_schema = CURRENT_SCHEMA() AND table_name = 'reviews' AND column_name = 'updated_at') AND objoid = (SELECT oid FROM pg_catalog.pg_class WHERE relname = 'reviews' AND relnamespace = (SELECT oid FROM pg_catalog.pg_namespace WHERE nspname = CURRENT_SCHEMA()))

2025/02/13 14:39:17 /home/bryan/repos/skripsi/backend/setup/setup.go:78
[2.961ms] [rows:0] SELECT description FROM pg_catalog.pg_description WHERE objsubid = (SELECT ordinal_position FROM information_schema.columns WHERE table_schema = CURRENT_SCHEMA() AND table_name = 'reviews' AND column_name = 'deleted_at') AND objoid = (SELECT oid FROM pg_catalog.pg_class WHERE relname = 'reviews' AND relnamespace = (SELECT oid FROM pg_catalog.pg_namespace WHERE nspname = CURRENT_SCHEMA()))

2025/02/13 14:39:17 /home/bryan/repos/skripsi/backend/setup/setup.go:78
[2.831ms] [rows:0] SELECT description FROM pg_catalog.pg_description WHERE objsubid = (SELECT ordinal_position FROM information_schema.columns WHERE table_schema = CURRENT_SCHEMA() AND table_name = 'reviews' AND column_name = 'daycare_id') AND objoid = (SELECT oid FROM pg_catalog.pg_class WHERE relname = 'reviews' AND relnamespace = (SELECT oid FROM pg_catalog.pg_namespace WHERE nspname = CURRENT_SCHEMA()))

2025/02/13 14:39:17 /home/bryan/repos/skripsi/backend/setup/setup.go:78
[2.846ms] [rows:0] SELECT description FROM pg_catalog.pg_description WHERE objsubid = (SELECT ordinal_position FROM information_schema.columns WHERE table_schema = CURRENT_SCHEMA() AND table_name = 'reviews' AND column_name = 'user_id') AND objoid = (SELECT oid FROM pg_catalog.pg_class WHERE relname = 'reviews' AND relnamespace = (SELECT oid FROM pg_catalog.pg_namespace WHERE nspname = CURRENT_SCHEMA()))

2025/02/13 14:39:17 /home/bryan/repos/skripsi/backend/setup/setup.go:78
[3.460ms] [rows:0] SELECT description FROM pg_catalog.pg_description WHERE objsubid = (SELECT ordinal_position FROM information_schema.columns WHERE table_schema = CURRENT_SCHEMA() AND table_name = 'reviews' AND column_name = 'name') AND objoid = (SELECT oid FROM pg_catalog.pg_class WHERE relname = 'reviews' AND relnamespace = (SELECT oid FROM pg_catalog.pg_namespace WHERE nspname = CURRENT_SCHEMA()))

2025/02/13 14:39:17 /home/bryan/repos/skripsi/backend/setup/setup.go:78
[3.782ms] [rows:0] SELECT description FROM pg_catalog.pg_description WHERE objsubid = (SELECT ordinal_position FROM information_schema.columns WHERE table_schema = CURRENT_SCHEMA() AND table_name = 'reviews' AND column_name = 'rate') AND objoid = (SELECT oid FROM pg_catalog.pg_class WHERE relname = 'reviews' AND relnamespace = (SELECT oid FROM pg_catalog.pg_namespace WHERE nspname = CURRENT_SCHEMA()))

2025/02/13 14:39:17 /home/bryan/repos/skripsi/backend/setup/setup.go:78
[3.136ms] [rows:0] SELECT description FROM pg_catalog.pg_description WHERE objsubid = (SELECT ordinal_position FROM information_schema.columns WHERE table_schema = CURRENT_SCHEMA() AND table_name = 'reviews' AND column_name = 'description') AND objoid = (SELECT oid FROM pg_catalog.pg_class WHERE relname = 'reviews' AND relnamespace = (SELECT oid FROM pg_catalog.pg_namespace WHERE nspname = CURRENT_SCHEMA()))

2025/02/13 14:39:17 /home/bryan/repos/skripsi/backend/setup/setup.go:78
[2.467ms] [rows:1] SELECT count(*) FROM INFORMATION_SCHEMA.table_constraints WHERE table_schema = CURRENT_SCHEMA() AND table_name = 'reviews' AND constraint_name = 'fk_pet_daycares_reviews'

2025/02/13 14:39:17 /home/bryan/repos/skripsi/backend/setup/setup.go:78
[2.546ms] [rows:1] SELECT count(*) FROM INFORMATION_SCHEMA.table_constraints WHERE table_schema = CURRENT_SCHEMA() AND table_name = 'reviews' AND constraint_name = 'fk_users_reviews'

2025/02/13 14:39:17 /home/bryan/repos/skripsi/backend/setup/setup.go:78
[5.759ms] [rows:1] SELECT count(*) FROM pg_indexes WHERE tablename = 'reviews' AND indexname = 'idx_reviews_deleted_at' AND schemaname = CURRENT_SCHEMA()

2025/02/13 14:39:17 /home/bryan/repos/skripsi/backend/setup/setup.go:78
[2.275ms] [rows:1] SELECT count(*) FROM information_schema.tables WHERE table_schema = CURRENT_SCHEMA() AND table_name = 'refresh_tokens' AND table_type = 'BASE TABLE'

2025/02/13 14:39:17 /home/bryan/repos/skripsi/backend/setup/setup.go:78
[1.856ms] [rows:1] SELECT CURRENT_DATABASE()

2025/02/13 14:39:17 /home/bryan/repos/skripsi/backend/setup/setup.go:78
[7.225ms] [rows:-] SELECT c.column_name, c.is_nullable = 'YES', c.udt_name, c.character_maximum_length, c.numeric_precision, c.numeric_precision_radix, c.numeric_scale, c.datetime_precision, 8 * typlen, c.column_default, pd.description, c.identity_increment FROM information_schema.columns AS c JOIN pg_type AS pgt ON c.udt_name = pgt.typname LEFT JOIN pg_catalog.pg_description as pd ON pd.objsubid = c.ordinal_position AND pd.objoid = (SELECT oid FROM pg_catalog.pg_class WHERE relname = c.table_name AND relnamespace = (SELECT oid FROM pg_catalog.pg_namespace WHERE nspname = c.table_schema)) where table_catalog = $1$ AND table_schema = CURRENT_SCHEMA() AND table_name = $2$

2025/02/13 14:39:17 /home/bryan/repos/skripsi/backend/setup/setup.go:78
[3.199ms] [rows:-] SELECT * FROM "refresh_tokens" LIMIT $1$

2025/02/13 14:39:17 /home/bryan/repos/skripsi/backend/setup/setup.go:78
[6.193ms] [rows:-] SELECT constraint_name FROM information_schema.table_constraints tc JOIN information_schema.constraint_column_usage AS ccu USING (constraint_schema, constraint_catalog, table_name, constraint_name) JOIN information_schema.columns AS c ON c.table_schema = tc.constraint_schema AND tc.table_name = c.table_name AND ccu.column_name = c.column_name WHERE constraint_type IN ('PRIMARY KEY', 'UNIQUE') AND c.table_catalog = $1$ AND c.table_schema = CURRENT_SCHEMA() AND c.table_name = $2$ AND constraint_type = $3$

2025/02/13 14:39:17 /home/bryan/repos/skripsi/backend/setup/setup.go:78
[6.054ms] [rows:-] SELECT c.column_name, constraint_name, constraint_type FROM information_schema.table_constraints tc JOIN information_schema.constraint_column_usage AS ccu USING (constraint_schema, constraint_catalog, table_name, constraint_name) JOIN information_schema.columns AS c ON c.table_schema = tc.constraint_schema AND tc.table_name = c.table_name AND ccu.column_name = c.column_name WHERE constraint_type IN ('PRIMARY KEY', 'UNIQUE') AND c.table_catalog = $1$ AND c.table_schema = CURRENT_SCHEMA() AND c.table_name = $2$

2025/02/13 14:39:17 /home/bryan/repos/skripsi/backend/setup/setup.go:78
[1.933ms] [rows:-] SELECT a.attname as column_name, format_type(a.atttypid, a.atttypmod) AS data_type
		FROM pg_attribute a JOIN pg_class b ON a.attrelid = b.oid AND relnamespace = (SELECT oid FROM pg_catalog.pg_namespace WHERE nspname = CURRENT_SCHEMA())
		WHERE a.attnum > 0 -- hide internal columns
		AND NOT a.attisdropped -- hide deleted columns
		AND b.relname = $1$

2025/02/13 14:39:17 /home/bryan/repos/skripsi/backend/setup/setup.go:78
[3.210ms] [rows:0] SELECT description FROM pg_catalog.pg_description WHERE objsubid = (SELECT ordinal_position FROM information_schema.columns WHERE table_schema = CURRENT_SCHEMA() AND table_name = 'refresh_tokens' AND column_name = 'id') AND objoid = (SELECT oid FROM pg_catalog.pg_class WHERE relname = 'refresh_tokens' AND relnamespace = (SELECT oid FROM pg_catalog.pg_namespace WHERE nspname = CURRENT_SCHEMA()))

2025/02/13 14:39:17 /home/bryan/repos/skripsi/backend/setup/setup.go:78
[3.257ms] [rows:0] SELECT description FROM pg_catalog.pg_description WHERE objsubid = (SELECT ordinal_position FROM information_schema.columns WHERE table_schema = CURRENT_SCHEMA() AND table_name = 'refresh_tokens' AND column_name = 'created_at') AND objoid = (SELECT oid FROM pg_catalog.pg_class WHERE relname = 'refresh_tokens' AND relnamespace = (SELECT oid FROM pg_catalog.pg_namespace WHERE nspname = CURRENT_SCHEMA()))

2025/02/13 14:39:17 /home/bryan/repos/skripsi/backend/setup/setup.go:78
[3.081ms] [rows:0] SELECT description FROM pg_catalog.pg_description WHERE objsubid = (SELECT ordinal_position FROM information_schema.columns WHERE table_schema = CURRENT_SCHEMA() AND table_name = 'refresh_tokens' AND column_name = 'updated_at') AND objoid = (SELECT oid FROM pg_catalog.pg_class WHERE relname = 'refresh_tokens' AND relnamespace = (SELECT oid FROM pg_catalog.pg_namespace WHERE nspname = CURRENT_SCHEMA()))

2025/02/13 14:39:17 /home/bryan/repos/skripsi/backend/setup/setup.go:78
[3.274ms] [rows:0] SELECT description FROM pg_catalog.pg_description WHERE objsubid = (SELECT ordinal_position FROM information_schema.columns WHERE table_schema = CURRENT_SCHEMA() AND table_name = 'refresh_tokens' AND column_name = 'deleted_at') AND objoid = (SELECT oid FROM pg_catalog.pg_class WHERE relname = 'refresh_tokens' AND relnamespace = (SELECT oid FROM pg_catalog.pg_namespace WHERE nspname = CURRENT_SCHEMA()))

2025/02/13 14:39:17 /home/bryan/repos/skripsi/backend/setup/setup.go:78
[3.096ms] [rows:0] SELECT description FROM pg_catalog.pg_description WHERE objsubid = (SELECT ordinal_position FROM information_schema.columns WHERE table_schema = CURRENT_SCHEMA() AND table_name = 'refresh_tokens' AND column_name = 'user_id') AND objoid = (SELECT oid FROM pg_catalog.pg_class WHERE relname = 'refresh_tokens' AND relnamespace = (SELECT oid FROM pg_catalog.pg_namespace WHERE nspname = CURRENT_SCHEMA()))

2025/02/13 14:39:17 /home/bryan/repos/skripsi/backend/setup/setup.go:78
[2.950ms] [rows:0] SELECT description FROM pg_catalog.pg_description WHERE objsubid = (SELECT ordinal_position FROM information_schema.columns WHERE table_schema = CURRENT_SCHEMA() AND table_name = 'refresh_tokens' AND column_name = 'token') AND objoid = (SELECT oid FROM pg_catalog.pg_class WHERE relname = 'refresh_tokens' AND relnamespace = (SELECT oid FROM pg_catalog.pg_namespace WHERE nspname = CURRENT_SCHEMA()))

2025/02/13 14:39:17 /home/bryan/repos/skripsi/backend/setup/setup.go:78
[2.968ms] [rows:0] SELECT description FROM pg_catalog.pg_description WHERE objsubid = (SELECT ordinal_position FROM information_schema.columns WHERE table_schema = CURRENT_SCHEMA() AND table_name = 'refresh_tokens' AND column_name = 'expires_at') AND objoid = (SELECT oid FROM pg_catalog.pg_class WHERE relname = 'refresh_tokens' AND relnamespace = (SELECT oid FROM pg_catalog.pg_namespace WHERE nspname = CURRENT_SCHEMA()))

2025/02/13 14:39:17 /home/bryan/repos/skripsi/backend/setup/setup.go:78
[2.611ms] [rows:1] SELECT count(*) FROM pg_indexes WHERE tablename = 'refresh_tokens' AND indexname = 'idx_refresh_tokens_deleted_at' AND schemaname = CURRENT_SCHEMA()

2025/02/13 14:39:17 /home/bryan/repos/skripsi/backend/setup/setup.go:78
[2.519ms] [rows:1] SELECT count(*) FROM pg_indexes WHERE tablename = 'refresh_tokens' AND indexname = 'idx_refresh_tokens_user_id' AND schemaname = CURRENT_SCHEMA()

2025/02/13 14:39:17 /home/bryan/repos/skripsi/backend/setup/setup.go:78
[2.403ms] [rows:1] SELECT count(*) FROM information_schema.tables WHERE table_schema = CURRENT_SCHEMA() AND table_name = 'transactions' AND table_type = 'BASE TABLE'

2025/02/13 14:39:17 /home/bryan/repos/skripsi/backend/setup/setup.go:78
[1.712ms] [rows:1] SELECT CURRENT_DATABASE()

2025/02/13 14:39:17 /home/bryan/repos/skripsi/backend/setup/setup.go:78
[9.705ms] [rows:-] SELECT c.column_name, c.is_nullable = 'YES', c.udt_name, c.character_maximum_length, c.numeric_precision, c.numeric_precision_radix, c.numeric_scale, c.datetime_precision, 8 * typlen, c.column_default, pd.description, c.identity_increment FROM information_schema.columns AS c JOIN pg_type AS pgt ON c.udt_name = pgt.typname LEFT JOIN pg_catalog.pg_description as pd ON pd.objsubid = c.ordinal_position AND pd.objoid = (SELECT oid FROM pg_catalog.pg_class WHERE relname = c.table_name AND relnamespace = (SELECT oid FROM pg_catalog.pg_namespace WHERE nspname = c.table_schema)) where table_catalog = $1$ AND table_schema = CURRENT_SCHEMA() AND table_name = $2$

2025/02/13 14:39:17 /home/bryan/repos/skripsi/backend/setup/setup.go:78
[2.275ms] [rows:-] SELECT * FROM "transactions" LIMIT $1$

2025/02/13 14:39:17 /home/bryan/repos/skripsi/backend/setup/setup.go:78
[7.742ms] [rows:-] SELECT constraint_name FROM information_schema.table_constraints tc JOIN information_schema.constraint_column_usage AS ccu USING (constraint_schema, constraint_catalog, table_name, constraint_name) JOIN information_schema.columns AS c ON c.table_schema = tc.constraint_schema AND tc.table_name = c.table_name AND ccu.column_name = c.column_name WHERE constraint_type IN ('PRIMARY KEY', 'UNIQUE') AND c.table_catalog = $1$ AND c.table_schema = CURRENT_SCHEMA() AND c.table_name = $2$ AND constraint_type = $3$

2025/02/13 14:39:17 /home/bryan/repos/skripsi/backend/setup/setup.go:78
[6.228ms] [rows:-] SELECT c.column_name, constraint_name, constraint_type FROM information_schema.table_constraints tc JOIN information_schema.constraint_column_usage AS ccu USING (constraint_schema, constraint_catalog, table_name, constraint_name) JOIN information_schema.columns AS c ON c.table_schema = tc.constraint_schema AND tc.table_name = c.table_name AND ccu.column_name = c.column_name WHERE constraint_type IN ('PRIMARY KEY', 'UNIQUE') AND c.table_catalog = $1$ AND c.table_schema = CURRENT_SCHEMA() AND c.table_name = $2$

2025/02/13 14:39:17 /home/bryan/repos/skripsi/backend/setup/setup.go:78
[2.124ms] [rows:-] SELECT a.attname as column_name, format_type(a.atttypid, a.atttypmod) AS data_type
		FROM pg_attribute a JOIN pg_class b ON a.attrelid = b.oid AND relnamespace = (SELECT oid FROM pg_catalog.pg_namespace WHERE nspname = CURRENT_SCHEMA())
		WHERE a.attnum > 0 -- hide internal columns
		AND NOT a.attisdropped -- hide deleted columns
		AND b.relname = $1$

2025/02/13 14:39:17 /home/bryan/repos/skripsi/backend/setup/setup.go:78
[2.993ms] [rows:0] SELECT description FROM pg_catalog.pg_description WHERE objsubid = (SELECT ordinal_position FROM information_schema.columns WHERE table_schema = CURRENT_SCHEMA() AND table_name = 'transactions' AND column_name = 'id') AND objoid = (SELECT oid FROM pg_catalog.pg_class WHERE relname = 'transactions' AND relnamespace = (SELECT oid FROM pg_catalog.pg_namespace WHERE nspname = CURRENT_SCHEMA()))

2025/02/13 14:39:17 /home/bryan/repos/skripsi/backend/setup/setup.go:78
[2.965ms] [rows:0] SELECT description FROM pg_catalog.pg_description WHERE objsubid = (SELECT ordinal_position FROM information_schema.columns WHERE table_schema = CURRENT_SCHEMA() AND table_name = 'transactions' AND column_name = 'created_at') AND objoid = (SELECT oid FROM pg_catalog.pg_class WHERE relname = 'transactions' AND relnamespace = (SELECT oid FROM pg_catalog.pg_namespace WHERE nspname = CURRENT_SCHEMA()))

2025/02/13 14:39:17 /home/bryan/repos/skripsi/backend/setup/setup.go:78
[2.830ms] [rows:0] SELECT description FROM pg_catalog.pg_description WHERE objsubid = (SELECT ordinal_position FROM information_schema.columns WHERE table_schema = CURRENT_SCHEMA() AND table_name = 'transactions' AND column_name = 'pet_daycare_id') AND objoid = (SELECT oid FROM pg_catalog.pg_class WHERE relname = 'transactions' AND relnamespace = (SELECT oid FROM pg_catalog.pg_namespace WHERE nspname = CURRENT_SCHEMA()))

2025/02/13 14:39:17 /home/bryan/repos/skripsi/backend/setup/setup.go:78
[3.014ms] [rows:0] SELECT description FROM pg_catalog.pg_description WHERE objsubid = (SELECT ordinal_position FROM information_schema.columns WHERE table_schema = CURRENT_SCHEMA() AND table_name = 'transactions' AND column_name = 'booked_slot_id') AND objoid = (SELECT oid FROM pg_catalog.pg_class WHERE relname = 'transactions' AND relnamespace = (SELECT oid FROM pg_catalog.pg_namespace WHERE nspname = CURRENT_SCHEMA()))

2025/02/13 14:39:17 /home/bryan/repos/skripsi/backend/setup/setup.go:78
[2.871ms] [rows:0] SELECT description FROM pg_catalog.pg_description WHERE objsubid = (SELECT ordinal_position FROM information_schema.columns WHERE table_schema = CURRENT_SCHEMA() AND table_name = 'transactions' AND column_name = 'status') AND objoid = (SELECT oid FROM pg_catalog.pg_class WHERE relname = 'transactions' AND relnamespace = (SELECT oid FROM pg_catalog.pg_namespace WHERE nspname = CURRENT_SCHEMA()))

2025/02/13 14:39:17 /home/bryan/repos/skripsi/backend/setup/setup.go:78
[2.433ms] [rows:1] SELECT count(*) FROM INFORMATION_SCHEMA.table_constraints WHERE table_schema = CURRENT_SCHEMA() AND table_name = 'transactions' AND constraint_name = 'fk_transactions_pet_daycare'

2025/02/13 14:39:17 /home/bryan/repos/skripsi/backend/setup/setup.go:78
[2.502ms] [rows:1] SELECT count(*) FROM INFORMATION_SCHEMA.table_constraints WHERE table_schema = CURRENT_SCHEMA() AND table_name = 'transactions' AND constraint_name = 'fk_transactions_booked_slot'

2025/02/13 14:39:17 /home/bryan/repos/skripsi/backend/setup/setup.go:78
[2.463ms] [rows:1] SELECT count(*) FROM information_schema.tables WHERE table_schema = CURRENT_SCHEMA() AND table_name = 'reduce_slots' AND table_type = 'BASE TABLE'

2025/02/13 14:39:17 /home/bryan/repos/skripsi/backend/setup/setup.go:78
[1.891ms] [rows:1] SELECT CURRENT_DATABASE()

2025/02/13 14:39:17 /home/bryan/repos/skripsi/backend/setup/setup.go:78
[6.685ms] [rows:-] SELECT c.column_name, c.is_nullable = 'YES', c.udt_name, c.character_maximum_length, c.numeric_precision, c.numeric_precision_radix, c.numeric_scale, c.datetime_precision, 8 * typlen, c.column_default, pd.description, c.identity_increment FROM information_schema.columns AS c JOIN pg_type AS pgt ON c.udt_name = pgt.typname LEFT JOIN pg_catalog.pg_description as pd ON pd.objsubid = c.ordinal_position AND pd.objoid = (SELECT oid FROM pg_catalog.pg_class WHERE relname = c.table_name AND relnamespace = (SELECT oid FROM pg_catalog.pg_namespace WHERE nspname = c.table_schema)) where table_catalog = $1$ AND table_schema = CURRENT_SCHEMA() AND table_name = $2$

2025/02/13 14:39:17 /home/bryan/repos/skripsi/backend/setup/setup.go:78
[1.981ms] [rows:-] SELECT * FROM "reduce_slots" LIMIT $1$

2025/02/13 14:39:18 /home/bryan/repos/skripsi/backend/setup/setup.go:78
[5.210ms] [rows:-] SELECT constraint_name FROM information_schema.table_constraints tc JOIN information_schema.constraint_column_usage AS ccu USING (constraint_schema, constraint_catalog, table_name, constraint_name) JOIN information_schema.columns AS c ON c.table_schema = tc.constraint_schema AND tc.table_name = c.table_name AND ccu.column_name = c.column_name WHERE constraint_type IN ('PRIMARY KEY', 'UNIQUE') AND c.table_catalog = $1$ AND c.table_schema = CURRENT_SCHEMA() AND c.table_name = $2$ AND constraint_type = $3$

2025/02/13 14:39:18 /home/bryan/repos/skripsi/backend/setup/setup.go:78
[5.608ms] [rows:-] SELECT c.column_name, constraint_name, constraint_type FROM information_schema.table_constraints tc JOIN information_schema.constraint_column_usage AS ccu USING (constraint_schema, constraint_catalog, table_name, constraint_name) JOIN information_schema.columns AS c ON c.table_schema = tc.constraint_schema AND tc.table_name = c.table_name AND ccu.column_name = c.column_name WHERE constraint_type IN ('PRIMARY KEY', 'UNIQUE') AND c.table_catalog = $1$ AND c.table_schema = CURRENT_SCHEMA() AND c.table_name = $2$

2025/02/13 14:39:18 /home/bryan/repos/skripsi/backend/setup/setup.go:78
[2.216ms] [rows:-] SELECT a.attname as column_name, format_type(a.atttypid, a.atttypmod) AS data_type
		FROM pg_attribute a JOIN pg_class b ON a.attrelid = b.oid AND relnamespace = (SELECT oid FROM pg_catalog.pg_namespace WHERE nspname = CURRENT_SCHEMA())
		WHERE a.attnum > 0 -- hide internal columns
		AND NOT a.attisdropped -- hide deleted columns
		AND b.relname = $1$

2025/02/13 14:39:18 /home/bryan/repos/skripsi/backend/setup/setup.go:78
[3.414ms] [rows:0] SELECT description FROM pg_catalog.pg_description WHERE objsubid = (SELECT ordinal_position FROM information_schema.columns WHERE table_schema = CURRENT_SCHEMA() AND table_name = 'reduce_slots' AND column_name = 'id') AND objoid = (SELECT oid FROM pg_catalog.pg_class WHERE relname = 'reduce_slots' AND relnamespace = (SELECT oid FROM pg_catalog.pg_namespace WHERE nspname = CURRENT_SCHEMA()))

2025/02/13 14:39:18 /home/bryan/repos/skripsi/backend/setup/setup.go:78
[3.282ms] [rows:0] SELECT description FROM pg_catalog.pg_description WHERE objsubid = (SELECT ordinal_position FROM information_schema.columns WHERE table_schema = CURRENT_SCHEMA() AND table_name = 'reduce_slots' AND column_name = 'slot_id') AND objoid = (SELECT oid FROM pg_catalog.pg_class WHERE relname = 'reduce_slots' AND relnamespace = (SELECT oid FROM pg_catalog.pg_namespace WHERE nspname = CURRENT_SCHEMA()))

2025/02/13 14:39:18 /home/bryan/repos/skripsi/backend/setup/setup.go:78
[2.952ms] [rows:0] SELECT description FROM pg_catalog.pg_description WHERE objsubid = (SELECT ordinal_position FROM information_schema.columns WHERE table_schema = CURRENT_SCHEMA() AND table_name = 'reduce_slots' AND column_name = 'reduced_count') AND objoid = (SELECT oid FROM pg_catalog.pg_class WHERE relname = 'reduce_slots' AND relnamespace = (SELECT oid FROM pg_catalog.pg_namespace WHERE nspname = CURRENT_SCHEMA()))

2025/02/13 14:39:18 /home/bryan/repos/skripsi/backend/setup/setup.go:78
[3.960ms] [rows:0] SELECT description FROM pg_catalog.pg_description WHERE objsubid = (SELECT ordinal_position FROM information_schema.columns WHERE table_schema = CURRENT_SCHEMA() AND table_name = 'reduce_slots' AND column_name = 'target_date') AND objoid = (SELECT oid FROM pg_catalog.pg_class WHERE relname = 'reduce_slots' AND relnamespace = (SELECT oid FROM pg_catalog.pg_namespace WHERE nspname = CURRENT_SCHEMA()))

2025/02/13 14:39:18 /home/bryan/repos/skripsi/backend/setup/setup.go:78
[2.557ms] [rows:1] SELECT count(*) FROM information_schema.tables WHERE table_schema = CURRENT_SCHEMA() AND table_name = 'booked_slots_dailies' AND table_type = 'BASE TABLE'

2025/02/13 14:39:18 /home/bryan/repos/skripsi/backend/setup/setup.go:78
[1.766ms] [rows:1] SELECT CURRENT_DATABASE()

2025/02/13 14:39:18 /home/bryan/repos/skripsi/backend/setup/setup.go:78
[7.646ms] [rows:-] SELECT c.column_name, c.is_nullable = 'YES', c.udt_name, c.character_maximum_length, c.numeric_precision, c.numeric_precision_radix, c.numeric_scale, c.datetime_precision, 8 * typlen, c.column_default, pd.description, c.identity_increment FROM information_schema.columns AS c JOIN pg_type AS pgt ON c.udt_name = pgt.typname LEFT JOIN pg_catalog.pg_description as pd ON pd.objsubid = c.ordinal_position AND pd.objoid = (SELECT oid FROM pg_catalog.pg_class WHERE relname = c.table_name AND relnamespace = (SELECT oid FROM pg_catalog.pg_namespace WHERE nspname = c.table_schema)) where table_catalog = $1$ AND table_schema = CURRENT_SCHEMA() AND table_name = $2$

2025/02/13 14:39:18 /home/bryan/repos/skripsi/backend/setup/setup.go:78
[3.681ms] [rows:-] SELECT * FROM "booked_slots_dailies" LIMIT $1$

2025/02/13 14:39:18 /home/bryan/repos/skripsi/backend/setup/setup.go:78
[5.513ms] [rows:-] SELECT constraint_name FROM information_schema.table_constraints tc JOIN information_schema.constraint_column_usage AS ccu USING (constraint_schema, constraint_catalog, table_name, constraint_name) JOIN information_schema.columns AS c ON c.table_schema = tc.constraint_schema AND tc.table_name = c.table_name AND ccu.column_name = c.column_name WHERE constraint_type IN ('PRIMARY KEY', 'UNIQUE') AND c.table_catalog = $1$ AND c.table_schema = CURRENT_SCHEMA() AND c.table_name = $2$ AND constraint_type = $3$

2025/02/13 14:39:18 /home/bryan/repos/skripsi/backend/setup/setup.go:78
[5.207ms] [rows:-] SELECT c.column_name, constraint_name, constraint_type FROM information_schema.table_constraints tc JOIN information_schema.constraint_column_usage AS ccu USING (constraint_schema, constraint_catalog, table_name, constraint_name) JOIN information_schema.columns AS c ON c.table_schema = tc.constraint_schema AND tc.table_name = c.table_name AND ccu.column_name = c.column_name WHERE constraint_type IN ('PRIMARY KEY', 'UNIQUE') AND c.table_catalog = $1$ AND c.table_schema = CURRENT_SCHEMA() AND c.table_name = $2$

2025/02/13 14:39:18 /home/bryan/repos/skripsi/backend/setup/setup.go:78
[2.154ms] [rows:-] SELECT a.attname as column_name, format_type(a.atttypid, a.atttypmod) AS data_type
		FROM pg_attribute a JOIN pg_class b ON a.attrelid = b.oid AND relnamespace = (SELECT oid FROM pg_catalog.pg_namespace WHERE nspname = CURRENT_SCHEMA())
		WHERE a.attnum > 0 -- hide internal columns
		AND NOT a.attisdropped -- hide deleted columns
		AND b.relname = $1$

2025/02/13 14:39:18 /home/bryan/repos/skripsi/backend/setup/setup.go:78
[3.118ms] [rows:0] SELECT description FROM pg_catalog.pg_description WHERE objsubid = (SELECT ordinal_position FROM information_schema.columns WHERE table_schema = CURRENT_SCHEMA() AND table_name = 'booked_slots_dailies' AND column_name = 'id') AND objoid = (SELECT oid FROM pg_catalog.pg_class WHERE relname = 'booked_slots_dailies' AND relnamespace = (SELECT oid FROM pg_catalog.pg_namespace WHERE nspname = CURRENT_SCHEMA()))

2025/02/13 14:39:18 /home/bryan/repos/skripsi/backend/setup/setup.go:78
[3.328ms] [rows:0] SELECT description FROM pg_catalog.pg_description WHERE objsubid = (SELECT ordinal_position FROM information_schema.columns WHERE table_schema = CURRENT_SCHEMA() AND table_name = 'booked_slots_dailies' AND column_name = 'daycare_id') AND objoid = (SELECT oid FROM pg_catalog.pg_class WHERE relname = 'booked_slots_dailies' AND relnamespace = (SELECT oid FROM pg_catalog.pg_namespace WHERE nspname = CURRENT_SCHEMA()))

2025/02/13 14:39:18 /home/bryan/repos/skripsi/backend/setup/setup.go:78
[3.203ms] [rows:0] SELECT description FROM pg_catalog.pg_description WHERE objsubid = (SELECT ordinal_position FROM information_schema.columns WHERE table_schema = CURRENT_SCHEMA() AND table_name = 'booked_slots_dailies' AND column_name = 'date') AND objoid = (SELECT oid FROM pg_catalog.pg_class WHERE relname = 'booked_slots_dailies' AND relnamespace = (SELECT oid FROM pg_catalog.pg_namespace WHERE nspname = CURRENT_SCHEMA()))

2025/02/13 14:39:18 /home/bryan/repos/skripsi/backend/setup/setup.go:78
[2.988ms] [rows:0] SELECT description FROM pg_catalog.pg_description WHERE objsubid = (SELECT ordinal_position FROM information_schema.columns WHERE table_schema = CURRENT_SCHEMA() AND table_name = 'booked_slots_dailies' AND column_name = 'slot_count') AND objoid = (SELECT oid FROM pg_catalog.pg_class WHERE relname = 'booked_slots_dailies' AND relnamespace = (SELECT oid FROM pg_catalog.pg_namespace WHERE nspname = CURRENT_SCHEMA()))

2025/02/13 14:39:18 /home/bryan/repos/skripsi/backend/setup/setup.go:78
[2.344ms] [rows:1] SELECT count(*) FROM pg_indexes WHERE tablename = 'booked_slots_dailies' AND indexname = 'idx_booked_slots_dailies_date' AND schemaname = CURRENT_SCHEMA()
[GIN-debug] [WARNING] Creating an Engine instance with the Logger and Recovery middleware already attached.

[GIN-debug] [WARNING] Running in "debug" mode. Switch to "release" mode in production.
 - using env:	export GIN_MODE=release
 - using code:	gin.SetMode(gin.ReleaseMode)

[GIN-debug] GET    /assets/*filepath         --> github.com/gin-gonic/gin.(*RouterGroup).createStaticHandler.func1 (3 handlers)
[GIN-debug] HEAD   /assets/*filepath         --> github.com/gin-gonic/gin.(*RouterGroup).createStaticHandler.func1 (3 handlers)
[GIN-debug] POST   /users                    --> github.com/BryanEgbert/skripsi/controller.(*UserController).CreateUser-fm (3 handlers)
[GIN-debug] GET    /users/vets               --> github.com/BryanEgbert/skripsi/controller.(*UserController).GetVets-fm (4 handlers)
[GIN-debug] GET    /users/:id                --> github.com/BryanEgbert/skripsi/controller.(*UserController).GetUser-fm (4 handlers)
[GIN-debug] DELETE /users                    --> github.com/BryanEgbert/skripsi/controller.(*UserController).DeleteUser-fm (4 handlers)
[GIN-debug] PUT    /users                    --> github.com/BryanEgbert/skripsi/controller.(*UserController).UpdateUserProfile-fm (4 handlers)
[GIN-debug] PATCH  /users/password           --> github.com/BryanEgbert/skripsi/controller.(*UserController).UpdateUserPassword-fm (4 handlers)
[GIN-debug] POST   /login                    --> github.com/BryanEgbert/skripsi/controller.(*AuthController).Login-fm (3 handlers)
[GIN-debug] POST   /refresh                  --> github.com/BryanEgbert/skripsi/controller.(*AuthController).RefreshToken-fm (4 handlers)
[GIN-debug] GET    /pets/:id                 --> github.com/BryanEgbert/skripsi/controller.(*PetController).GetPet-fm (4 handlers)
[GIN-debug] GET    /pets                     --> github.com/BryanEgbert/skripsi/controller.(*PetController).GetPets-fm (4 handlers)
[GIN-debug] POST   /pets                     --> github.com/BryanEgbert/skripsi/controller.(*PetController).CreatePet-fm (4 handlers)
[GIN-debug] PUT    /pets/:id                 --> github.com/BryanEgbert/skripsi/controller.(*PetController).UpdatePet-fm (4 handlers)
[GIN-debug] DELETE /pets/:id                 --> github.com/BryanEgbert/skripsi/controller.(*PetController).DeletePet-fm (4 handlers)
[GIN-debug] PATCH  /daycare/slot/:slotId     --> github.com/BryanEgbert/skripsi/controller.(*PetDaycareController).EditSlotCount-fm (4 handlers)
[GIN-debug] GET    /daycare/:id/slot         --> github.com/BryanEgbert/skripsi/controller.(*PetDaycareController).GetPetDaycareSlots-fm (4 handlers)
[GIN-debug] POST   /daycare/:id/slot         --> github.com/BryanEgbert/skripsi/controller.(*PetDaycareController).CreateSlot-fm (4 handlers)
[GIN-debug] GET    /daycare/:id/review       --> github.com/BryanEgbert/skripsi/controller.(*PetDaycareController).GetReviews-fm (4 handlers)
[GIN-debug] POST   /daycare/:id/review       --> github.com/BryanEgbert/skripsi/controller.(*PetDaycareController).CreateReview-fm (4 handlers)
[GIN-debug] DELETE /daycare/:id/review       --> github.com/BryanEgbert/skripsi/controller.(*PetDaycareController).DeleteReview-fm (4 handlers)
[GIN-debug] GET    /daycare/:id              --> github.com/BryanEgbert/skripsi/controller.(*PetDaycareController).GetPetDaycare-fm (4 handlers)
[GIN-debug] GET    /daycare                  --> github.com/BryanEgbert/skripsi/controller.(*PetDaycareController).GetPetDaycares-fm (4 handlers)
[GIN-debug] POST   /daycare                  --> github.com/BryanEgbert/skripsi/controller.(*PetDaycareController).CreatePetDaycare-fm (4 handlers)
[GIN-debug] PUT    /daycare/:id              --> github.com/BryanEgbert/skripsi/controller.(*PetDaycareController).UpdatePetDaycare-fm (4 handlers)
[GIN-debug] DELETE /daycare/:id              --> github.com/BryanEgbert/skripsi/controller.(*PetDaycareController).DeletePetDaycare-fm (4 handlers)

2025/02/13 14:39:18 /home/bryan/repos/skripsi/backend/service/user_service.go:130
[5.892ms] [rows:0] SELECT * FROM "users" WHERE "users"."id" = $1$ AND "users"."deleted_at" IS NULL ORDER BY "users"."id" LIMIT $2$
[GIN] 2025/02/13 - 14:39:18 | 404 |     6.12409ms |                 | DELETE   "/users"
--- PASS: TestDeleteUser (3.53s)
    --- PASS: TestDeleteUser/On_delete_user,_should_return_204_when_user_ID_exists_in_DB (1.78s)
    --- PASS: TestDeleteUser/On_delete_user,_should_return_404_when_user_ID_doesn't_exists_in_DB (1.76s)
=== RUN   TestUpdateUser
=== RUN   TestUpdateUser/On_update_user,_should_return_200_and_updated_user

2025/02/13 14:39:18 /home/bryan/repos/skripsi/backend/setup/setup.go:60
[337.693ms] [rows:0] TRUNCATE TABLE users, vet_specialties, user_vet_specialties, pet_daycares, pets, size_categories, roles, slots, booked_slots, thumbnails, species, reviews, refresh_tokens, transactions, daily_walks, daily_playtimes, reduce_slots RESTART IDENTITY CASCADE;

2025/02/13 14:39:18 /home/bryan/repos/skripsi/backend/seeder/seeder.go:18
[14.002ms] [rows:3] INSERT INTO "roles" ("name","id") VALUES ($1$,$2$),($3$,$4$),($5$,$6$) RETURNING "id"

2025/02/13 14:39:18 /home/bryan/repos/skripsi/backend/seeder/seeder.go:29
[9.278ms] [rows:4] INSERT INTO "daily_walks" ("name","id") VALUES ($1$,$2$),($3$,$4$),($5$,$6$),($7$,$8$) RETURNING "id"

2025/02/13 14:39:18 /home/bryan/repos/skripsi/backend/seeder/seeder.go:39
[9.719ms] [rows:4] INSERT INTO "daily_playtimes" ("name","id") VALUES ($1$,$2$),($3$,$4$),($5$,$6$),($7$,$8$) RETURNING "id"

2025/02/13 14:39:18 /home/bryan/repos/skripsi/backend/seeder/seeder.go:61
[10.771ms] [rows:17] INSERT INTO "vet_specialties" ("name") VALUES ($1$),($2$),($3$),($4$),($5$),($6$),($7$),($8$),($9$),($10$),($11$),($12$),($13$),($14$),($15$),($16$),($17$) RETURNING "id"

2025/02/13 14:39:18 /home/bryan/repos/skripsi/backend/seeder/seeder.go:71
[11.869ms] [rows:3] INSERT INTO "species" ("name") VALUES ($1$),($2$),($3$) RETURNING "id"

2025/02/13 14:39:18 /home/bryan/repos/skripsi/backend/seeder/seeder.go:83
[12.484ms] [rows:5] INSERT INTO "size_categories" ("name","min_weight","max_weight") VALUES ($1$,$2$,$3$),($4$,$5$,$6$),($7$,$8$,$9$),($10$,$11$,$12$),($13$,$14$,$15$) RETURNING "id"

2025/02/13 14:39:18 /home/bryan/repos/skripsi/backend/seeder/seeder.go:106
[2.288ms] [rows:0] INSERT INTO "vet_specialties" ("name","id") VALUES ($1$,$2$),($3$,$4$),($5$,$6$) ON CONFLICT DO NOTHING RETURNING "id"

2025/02/13 14:39:18 /home/bryan/repos/skripsi/backend/seeder/seeder.go:106
[3.198ms] [rows:3] INSERT INTO "user_vet_specialties" ("user_id","vet_specialty_id") VALUES ($1$,$2$),($3$,$4$),($5$,$6$) ON CONFLICT DO NOTHING

2025/02/13 14:39:18 /home/bryan/repos/skripsi/backend/seeder/seeder.go:106
[13.824ms] [rows:6] INSERT INTO "users" ("created_at","updated_at","deleted_at","name","email","password","role_id","image_url") VALUES ($1$,$2$,$3$,$4$,$5$,$6$,$7$,$8$),($9$,$10$,$11$,$12$,$13$,$14$,$15$,$16$),($17$,$18$,$19$,$20$,$21$,$22$,$23$,$24$),($25$,$26$,$27$,$28$,$29$,$30$,$31$,$32$),($33$,$34$,$35$,$36$,$37$,$38$,$39$,DEFAULT),($40$,$41$,$42$,$43$,$44$,$45$,$46$,$47$) RETURNING "id","image_url"

2025/02/13 14:39:18 /home/bryan/repos/skripsi/backend/seeder/seeder.go:148
[2.305ms] [rows:0] INSERT INTO "daily_walks" ("name","id") VALUES ($1$,$2$) ON CONFLICT DO NOTHING RETURNING "id"

2025/02/13 14:39:18 /home/bryan/repos/skripsi/backend/seeder/seeder.go:148
[2.684ms] [rows:0] INSERT INTO "daily_playtimes" ("name","id") VALUES ($1$,$2$),($3$,$4$) ON CONFLICT DO NOTHING RETURNING "id"

2025/02/13 14:39:18 /home/bryan/repos/skripsi/backend/seeder/seeder.go:148
[13.209ms] [rows:3] INSERT INTO "pet_daycares" ("created_at","updated_at","deleted_at","name","address","latitude","longitude","price","pricing_type","description","has_pickup_service","must_be_vaccinated","food_provided","grooming_available","booked_num","daily_walks_id","daily_playtime_id","owner_id","food_brand") VALUES ($1$,$2$,$3$,$4$,$5$,$6$,$7$,$8$,$9$,$10$,$11$,$12$,$13$,$14$,$15$,$16$,$17$,$18$,$19$),($20$,$21$,$22$,$23$,$24$,$25$,$26$,$27$,$28$,$29$,$30$,$31$,$32$,$33$,$34$,$35$,$36$,$37$,$38$),($39$,$40$,$41$,$42$,$43$,$44$,$45$,$46$,$47$,$48$,$49$,$50$,$51$,$52$,$53$,$54$,$55$,$56$,$57$) RETURNING "id"

2025/02/13 14:39:18 /home/bryan/repos/skripsi/backend/seeder/seeder.go:158
[6.135ms] [rows:3] INSERT INTO "slots" ("created_at","updated_at","deleted_at","daycare_id","species_id","size_category_id","max_number") VALUES ($1$,$2$,$3$,$4$,$5$,$6$,$7$),($8$,$9$,$10$,$11$,$12$,$13$,$14$),($15$,$16$,$17$,$18$,$19$,$20$,$21$) RETURNING "id"

2025/02/13 14:39:18 /home/bryan/repos/skripsi/backend/seeder/seeder.go:172
[7.015ms] [rows:2] INSERT INTO "pets" ("created_at","updated_at","deleted_at","name","image_url","status","owner_id","species_id","size_id") VALUES ($1$,$2$,$3$,$4$,$5$,$6$,$7$,$8$,$9$),($10$,$11$,$12$,$13$,$14$,$15$,$16$,$17$,$18$) RETURNING "id"

2025/02/13 14:39:18 /home/bryan/repos/skripsi/backend/seeder/seeder.go:189
[6.791ms] [rows:2] INSERT INTO "booked_slots" ("created_at","updated_at","deleted_at","user_id","daycare_id","pet_id","start_date","end_date") VALUES ($1$,$2$,$3$,$4$,$5$,$6$,$7$,$8$),($9$,$10$,$11$,$12$,$13$,$14$,$15$,$16$) RETURNING "id"

2025/02/13 14:39:18 /home/bryan/repos/skripsi/backend/seeder/seeder.go:205
[6.447ms] [rows:3] INSERT INTO "reviews" ("created_at","updated_at","deleted_at","daycare_id","user_id","name","rate","description") VALUES ($1$,$2$,$3$,$4$,$5$,$6$,$7$,$8$),($9$,$10$,$11$,$12$,$13$,$14$,$15$,$16$),($17$,$18$,$19$,$20$,$21$,$22$,$23$,$24$) RETURNING "id"

2025/02/13 14:39:18 /home/bryan/repos/skripsi/backend/seeder/seeder.go:213
[5.052ms] [rows:1] INSERT INTO "reduce_slots" ("slot_id","reduced_count","target_date") VALUES ($1$,$2$,$3$) RETURNING "id"

2025/02/13 14:39:18 /home/bryan/repos/skripsi/backend/seeder/seeder.go:222
[5.365ms] [rows:2] INSERT INTO "thumbnails" ("daycare_id","image_url") VALUES ($1$,$2$),($3$,$4$) RETURNING "id"

2025/02/13 14:39:18 /home/bryan/repos/skripsi/backend/seeder/seeder.go:230
[6.278ms] [rows:1] INSERT INTO "transactions" ("pet_daycare_id","booked_slot_id","status") VALUES ($1$,$2$,$3$) RETURNING "created_at","id"

2025/02/13 14:39:18 /home/bryan/repos/skripsi/backend/setup/setup.go:78
[16.861ms] [rows:1] SELECT count(*) FROM information_schema.tables WHERE table_schema = CURRENT_SCHEMA() AND table_name = 'roles' AND table_type = 'BASE TABLE'

2025/02/13 14:39:18 /home/bryan/repos/skripsi/backend/setup/setup.go:78
[2.100ms] [rows:1] SELECT CURRENT_DATABASE()

2025/02/13 14:39:18 /home/bryan/repos/skripsi/backend/setup/setup.go:78
[39.978ms] [rows:-] SELECT c.column_name, c.is_nullable = 'YES', c.udt_name, c.character_maximum_length, c.numeric_precision, c.numeric_precision_radix, c.numeric_scale, c.datetime_precision, 8 * typlen, c.column_default, pd.description, c.identity_increment FROM information_schema.columns AS c JOIN pg_type AS pgt ON c.udt_name = pgt.typname LEFT JOIN pg_catalog.pg_description as pd ON pd.objsubid = c.ordinal_position AND pd.objoid = (SELECT oid FROM pg_catalog.pg_class WHERE relname = c.table_name AND relnamespace = (SELECT oid FROM pg_catalog.pg_namespace WHERE nspname = c.table_schema)) where table_catalog = $1$ AND table_schema = CURRENT_SCHEMA() AND table_name = $2$

2025/02/13 14:39:18 /home/bryan/repos/skripsi/backend/setup/setup.go:78
[1.190ms] [rows:-] SELECT * FROM "roles" LIMIT $1$

2025/02/13 14:39:18 /home/bryan/repos/skripsi/backend/setup/setup.go:78
[27.248ms] [rows:-] SELECT constraint_name FROM information_schema.table_constraints tc JOIN information_schema.constraint_column_usage AS ccu USING (constraint_schema, constraint_catalog, table_name, constraint_name) JOIN information_schema.columns AS c ON c.table_schema = tc.constraint_schema AND tc.table_name = c.table_name AND ccu.column_name = c.column_name WHERE constraint_type IN ('PRIMARY KEY', 'UNIQUE') AND c.table_catalog = $1$ AND c.table_schema = CURRENT_SCHEMA() AND c.table_name = $2$ AND constraint_type = $3$

2025/02/13 14:39:18 /home/bryan/repos/skripsi/backend/setup/setup.go:78
[21.637ms] [rows:-] SELECT c.column_name, constraint_name, constraint_type FROM information_schema.table_constraints tc JOIN information_schema.constraint_column_usage AS ccu USING (constraint_schema, constraint_catalog, table_name, constraint_name) JOIN information_schema.columns AS c ON c.table_schema = tc.constraint_schema AND tc.table_name = c.table_name AND ccu.column_name = c.column_name WHERE constraint_type IN ('PRIMARY KEY', 'UNIQUE') AND c.table_catalog = $1$ AND c.table_schema = CURRENT_SCHEMA() AND c.table_name = $2$

2025/02/13 14:39:18 /home/bryan/repos/skripsi/backend/setup/setup.go:78
[2.807ms] [rows:-] SELECT a.attname as column_name, format_type(a.atttypid, a.atttypmod) AS data_type
		FROM pg_attribute a JOIN pg_class b ON a.attrelid = b.oid AND relnamespace = (SELECT oid FROM pg_catalog.pg_namespace WHERE nspname = CURRENT_SCHEMA())
		WHERE a.attnum > 0 -- hide internal columns
		AND NOT a.attisdropped -- hide deleted columns
		AND b.relname = $1$

2025/02/13 14:39:18 /home/bryan/repos/skripsi/backend/setup/setup.go:78
[7.983ms] [rows:0] SELECT description FROM pg_catalog.pg_description WHERE objsubid = (SELECT ordinal_position FROM information_schema.columns WHERE table_schema = CURRENT_SCHEMA() AND table_name = 'roles' AND column_name = 'id') AND objoid = (SELECT oid FROM pg_catalog.pg_class WHERE relname = 'roles' AND relnamespace = (SELECT oid FROM pg_catalog.pg_namespace WHERE nspname = CURRENT_SCHEMA()))

2025/02/13 14:39:18 /home/bryan/repos/skripsi/backend/setup/setup.go:78
[6.100ms] [rows:0] SELECT description FROM pg_catalog.pg_description WHERE objsubid = (SELECT ordinal_position FROM information_schema.columns WHERE table_schema = CURRENT_SCHEMA() AND table_name = 'roles' AND column_name = 'name') AND objoid = (SELECT oid FROM pg_catalog.pg_class WHERE relname = 'roles' AND relnamespace = (SELECT oid FROM pg_catalog.pg_namespace WHERE nspname = CURRENT_SCHEMA()))

2025/02/13 14:39:18 /home/bryan/repos/skripsi/backend/setup/setup.go:78
[3.334ms] [rows:1] SELECT count(*) FROM information_schema.tables WHERE table_schema = CURRENT_SCHEMA() AND table_name = 'users' AND table_type = 'BASE TABLE'

2025/02/13 14:39:18 /home/bryan/repos/skripsi/backend/setup/setup.go:78
[0.996ms] [rows:1] SELECT CURRENT_DATABASE()

2025/02/13 14:39:18 /home/bryan/repos/skripsi/backend/setup/setup.go:78
[13.187ms] [rows:-] SELECT c.column_name, c.is_nullable = 'YES', c.udt_name, c.character_maximum_length, c.numeric_precision, c.numeric_precision_radix, c.numeric_scale, c.datetime_precision, 8 * typlen, c.column_default, pd.description, c.identity_increment FROM information_schema.columns AS c JOIN pg_type AS pgt ON c.udt_name = pgt.typname LEFT JOIN pg_catalog.pg_description as pd ON pd.objsubid = c.ordinal_position AND pd.objoid = (SELECT oid FROM pg_catalog.pg_class WHERE relname = c.table_name AND relnamespace = (SELECT oid FROM pg_catalog.pg_namespace WHERE nspname = c.table_schema)) where table_catalog = $1$ AND table_schema = CURRENT_SCHEMA() AND table_name = $2$

2025/02/13 14:39:18 /home/bryan/repos/skripsi/backend/setup/setup.go:78
[1.041ms] [rows:-] SELECT * FROM "users" LIMIT $1$

2025/02/13 14:39:18 /home/bryan/repos/skripsi/backend/setup/setup.go:78
[19.611ms] [rows:-] SELECT constraint_name FROM information_schema.table_constraints tc JOIN information_schema.constraint_column_usage AS ccu USING (constraint_schema, constraint_catalog, table_name, constraint_name) JOIN information_schema.columns AS c ON c.table_schema = tc.constraint_schema AND tc.table_name = c.table_name AND ccu.column_name = c.column_name WHERE constraint_type IN ('PRIMARY KEY', 'UNIQUE') AND c.table_catalog = $1$ AND c.table_schema = CURRENT_SCHEMA() AND c.table_name = $2$ AND constraint_type = $3$

2025/02/13 14:39:18 /home/bryan/repos/skripsi/backend/setup/setup.go:78
[19.854ms] [rows:-] SELECT c.column_name, constraint_name, constraint_type FROM information_schema.table_constraints tc JOIN information_schema.constraint_column_usage AS ccu USING (constraint_schema, constraint_catalog, table_name, constraint_name) JOIN information_schema.columns AS c ON c.table_schema = tc.constraint_schema AND tc.table_name = c.table_name AND ccu.column_name = c.column_name WHERE constraint_type IN ('PRIMARY KEY', 'UNIQUE') AND c.table_catalog = $1$ AND c.table_schema = CURRENT_SCHEMA() AND c.table_name = $2$

2025/02/13 14:39:18 /home/bryan/repos/skripsi/backend/setup/setup.go:78
[1.955ms] [rows:-] SELECT a.attname as column_name, format_type(a.atttypid, a.atttypmod) AS data_type
		FROM pg_attribute a JOIN pg_class b ON a.attrelid = b.oid AND relnamespace = (SELECT oid FROM pg_catalog.pg_namespace WHERE nspname = CURRENT_SCHEMA())
		WHERE a.attnum > 0 -- hide internal columns
		AND NOT a.attisdropped -- hide deleted columns
		AND b.relname = $1$

2025/02/13 14:39:18 /home/bryan/repos/skripsi/backend/setup/setup.go:78
[6.399ms] [rows:0] SELECT description FROM pg_catalog.pg_description WHERE objsubid = (SELECT ordinal_position FROM information_schema.columns WHERE table_schema = CURRENT_SCHEMA() AND table_name = 'users' AND column_name = 'id') AND objoid = (SELECT oid FROM pg_catalog.pg_class WHERE relname = 'users' AND relnamespace = (SELECT oid FROM pg_catalog.pg_namespace WHERE nspname = CURRENT_SCHEMA()))

2025/02/13 14:39:18 /home/bryan/repos/skripsi/backend/setup/setup.go:78
[6.334ms] [rows:0] SELECT description FROM pg_catalog.pg_description WHERE objsubid = (SELECT ordinal_position FROM information_schema.columns WHERE table_schema = CURRENT_SCHEMA() AND table_name = 'users' AND column_name = 'created_at') AND objoid = (SELECT oid FROM pg_catalog.pg_class WHERE relname = 'users' AND relnamespace = (SELECT oid FROM pg_catalog.pg_namespace WHERE nspname = CURRENT_SCHEMA()))

2025/02/13 14:39:18 /home/bryan/repos/skripsi/backend/setup/setup.go:78
[6.380ms] [rows:0] SELECT description FROM pg_catalog.pg_description WHERE objsubid = (SELECT ordinal_position FROM information_schema.columns WHERE table_schema = CURRENT_SCHEMA() AND table_name = 'users' AND column_name = 'updated_at') AND objoid = (SELECT oid FROM pg_catalog.pg_class WHERE relname = 'users' AND relnamespace = (SELECT oid FROM pg_catalog.pg_namespace WHERE nspname = CURRENT_SCHEMA()))

2025/02/13 14:39:18 /home/bryan/repos/skripsi/backend/setup/setup.go:78
[6.279ms] [rows:0] SELECT description FROM pg_catalog.pg_description WHERE objsubid = (SELECT ordinal_position FROM information_schema.columns WHERE table_schema = CURRENT_SCHEMA() AND table_name = 'users' AND column_name = 'deleted_at') AND objoid = (SELECT oid FROM pg_catalog.pg_class WHERE relname = 'users' AND relnamespace = (SELECT oid FROM pg_catalog.pg_namespace WHERE nspname = CURRENT_SCHEMA()))

2025/02/13 14:39:18 /home/bryan/repos/skripsi/backend/setup/setup.go:78
[1.663ms] [rows:0] SELECT description FROM pg_catalog.pg_description WHERE objsubid = (SELECT ordinal_position FROM information_schema.columns WHERE table_schema = CURRENT_SCHEMA() AND table_name = 'users' AND column_name = 'name') AND objoid = (SELECT oid FROM pg_catalog.pg_class WHERE relname = 'users' AND relnamespace = (SELECT oid FROM pg_catalog.pg_namespace WHERE nspname = CURRENT_SCHEMA()))

2025/02/13 14:39:18 /home/bryan/repos/skripsi/backend/setup/setup.go:78
[1.857ms] [rows:0] SELECT description FROM pg_catalog.pg_description WHERE objsubid = (SELECT ordinal_position FROM information_schema.columns WHERE table_schema = CURRENT_SCHEMA() AND table_name = 'users' AND column_name = 'email') AND objoid = (SELECT oid FROM pg_catalog.pg_class WHERE relname = 'users' AND relnamespace = (SELECT oid FROM pg_catalog.pg_namespace WHERE nspname = CURRENT_SCHEMA()))

2025/02/13 14:39:18 /home/bryan/repos/skripsi/backend/setup/setup.go:78
[1.537ms] [rows:0] SELECT description FROM pg_catalog.pg_description WHERE objsubid = (SELECT ordinal_position FROM information_schema.columns WHERE table_schema = CURRENT_SCHEMA() AND table_name = 'users' AND column_name = 'password') AND objoid = (SELECT oid FROM pg_catalog.pg_class WHERE relname = 'users' AND relnamespace = (SELECT oid FROM pg_catalog.pg_namespace WHERE nspname = CURRENT_SCHEMA()))

2025/02/13 14:39:18 /home/bryan/repos/skripsi/backend/setup/setup.go:78
[1.610ms] [rows:0] SELECT description FROM pg_catalog.pg_description WHERE objsubid = (SELECT ordinal_position FROM information_schema.columns WHERE table_schema = CURRENT_SCHEMA() AND table_name = 'users' AND column_name = 'image_url') AND objoid = (SELECT oid FROM pg_catalog.pg_class WHERE relname = 'users' AND relnamespace = (SELECT oid FROM pg_catalog.pg_namespace WHERE nspname = CURRENT_SCHEMA()))

2025/02/13 14:39:18 /home/bryan/repos/skripsi/backend/setup/setup.go:78
[1.471ms] [rows:0] SELECT description FROM pg_catalog.pg_description WHERE objsubid = (SELECT ordinal_position FROM information_schema.columns WHERE table_schema = CURRENT_SCHEMA() AND table_name = 'users' AND column_name = 'role_id') AND objoid = (SELECT oid FROM pg_catalog.pg_class WHERE relname = 'users' AND relnamespace = (SELECT oid FROM pg_catalog.pg_namespace WHERE nspname = CURRENT_SCHEMA()))

2025/02/13 14:39:18 /home/bryan/repos/skripsi/backend/setup/setup.go:78
[5.327ms] [rows:1] SELECT count(*) FROM INFORMATION_SCHEMA.table_constraints WHERE table_schema = CURRENT_SCHEMA() AND table_name = 'users' AND constraint_name = 'fk_roles_users'

2025/02/13 14:39:18 /home/bryan/repos/skripsi/backend/setup/setup.go:78
[9.894ms] [rows:1] SELECT count(*) FROM pg_indexes WHERE tablename = 'users' AND indexname = 'idx_users_deleted_at' AND schemaname = CURRENT_SCHEMA()

2025/02/13 14:39:18 /home/bryan/repos/skripsi/backend/setup/setup.go:78
[6.062ms] [rows:1] SELECT count(*) FROM information_schema.tables WHERE table_schema = CURRENT_SCHEMA() AND table_name = 'vet_specialties' AND table_type = 'BASE TABLE'

2025/02/13 14:39:18 /home/bryan/repos/skripsi/backend/setup/setup.go:78
[2.708ms] [rows:1] SELECT CURRENT_DATABASE()

2025/02/13 14:39:18 /home/bryan/repos/skripsi/backend/setup/setup.go:78
[26.436ms] [rows:-] SELECT c.column_name, c.is_nullable = 'YES', c.udt_name, c.character_maximum_length, c.numeric_precision, c.numeric_precision_radix, c.numeric_scale, c.datetime_precision, 8 * typlen, c.column_default, pd.description, c.identity_increment FROM information_schema.columns AS c JOIN pg_type AS pgt ON c.udt_name = pgt.typname LEFT JOIN pg_catalog.pg_description as pd ON pd.objsubid = c.ordinal_position AND pd.objoid = (SELECT oid FROM pg_catalog.pg_class WHERE relname = c.table_name AND relnamespace = (SELECT oid FROM pg_catalog.pg_namespace WHERE nspname = c.table_schema)) where table_catalog = $1$ AND table_schema = CURRENT_SCHEMA() AND table_name = $2$

2025/02/13 14:39:18 /home/bryan/repos/skripsi/backend/setup/setup.go:78
[1.387ms] [rows:-] SELECT * FROM "vet_specialties" LIMIT $1$

2025/02/13 14:39:19 /home/bryan/repos/skripsi/backend/setup/setup.go:78
[27.229ms] [rows:-] SELECT constraint_name FROM information_schema.table_constraints tc JOIN information_schema.constraint_column_usage AS ccu USING (constraint_schema, constraint_catalog, table_name, constraint_name) JOIN information_schema.columns AS c ON c.table_schema = tc.constraint_schema AND tc.table_name = c.table_name AND ccu.column_name = c.column_name WHERE constraint_type IN ('PRIMARY KEY', 'UNIQUE') AND c.table_catalog = $1$ AND c.table_schema = CURRENT_SCHEMA() AND c.table_name = $2$ AND constraint_type = $3$

2025/02/13 14:39:19 /home/bryan/repos/skripsi/backend/setup/setup.go:78
[26.080ms] [rows:-] SELECT c.column_name, constraint_name, constraint_type FROM information_schema.table_constraints tc JOIN information_schema.constraint_column_usage AS ccu USING (constraint_schema, constraint_catalog, table_name, constraint_name) JOIN information_schema.columns AS c ON c.table_schema = tc.constraint_schema AND tc.table_name = c.table_name AND ccu.column_name = c.column_name WHERE constraint_type IN ('PRIMARY KEY', 'UNIQUE') AND c.table_catalog = $1$ AND c.table_schema = CURRENT_SCHEMA() AND c.table_name = $2$

2025/02/13 14:39:19 /home/bryan/repos/skripsi/backend/setup/setup.go:78
[2.577ms] [rows:-] SELECT a.attname as column_name, format_type(a.atttypid, a.atttypmod) AS data_type
		FROM pg_attribute a JOIN pg_class b ON a.attrelid = b.oid AND relnamespace = (SELECT oid FROM pg_catalog.pg_namespace WHERE nspname = CURRENT_SCHEMA())
		WHERE a.attnum > 0 -- hide internal columns
		AND NOT a.attisdropped -- hide deleted columns
		AND b.relname = $1$

2025/02/13 14:39:19 /home/bryan/repos/skripsi/backend/setup/setup.go:78
[2.214ms] [rows:0] SELECT description FROM pg_catalog.pg_description WHERE objsubid = (SELECT ordinal_position FROM information_schema.columns WHERE table_schema = CURRENT_SCHEMA() AND table_name = 'vet_specialties' AND column_name = 'id') AND objoid = (SELECT oid FROM pg_catalog.pg_class WHERE relname = 'vet_specialties' AND relnamespace = (SELECT oid FROM pg_catalog.pg_namespace WHERE nspname = CURRENT_SCHEMA()))

2025/02/13 14:39:19 /home/bryan/repos/skripsi/backend/setup/setup.go:78
[2.264ms] [rows:0] SELECT description FROM pg_catalog.pg_description WHERE objsubid = (SELECT ordinal_position FROM information_schema.columns WHERE table_schema = CURRENT_SCHEMA() AND table_name = 'vet_specialties' AND column_name = 'name') AND objoid = (SELECT oid FROM pg_catalog.pg_class WHERE relname = 'vet_specialties' AND relnamespace = (SELECT oid FROM pg_catalog.pg_namespace WHERE nspname = CURRENT_SCHEMA()))

2025/02/13 14:39:19 /home/bryan/repos/skripsi/backend/setup/setup.go:78
[3.301ms] [rows:1] SELECT count(*) FROM information_schema.tables WHERE table_schema = CURRENT_SCHEMA() AND table_name = 'user_vet_specialties' AND table_type = 'BASE TABLE'

2025/02/13 14:39:19 /home/bryan/repos/skripsi/backend/setup/setup.go:78
[1.262ms] [rows:1] SELECT CURRENT_DATABASE()

2025/02/13 14:39:19 /home/bryan/repos/skripsi/backend/setup/setup.go:78
[26.448ms] [rows:-] SELECT c.column_name, c.is_nullable = 'YES', c.udt_name, c.character_maximum_length, c.numeric_precision, c.numeric_precision_radix, c.numeric_scale, c.datetime_precision, 8 * typlen, c.column_default, pd.description, c.identity_increment FROM information_schema.columns AS c JOIN pg_type AS pgt ON c.udt_name = pgt.typname LEFT JOIN pg_catalog.pg_description as pd ON pd.objsubid = c.ordinal_position AND pd.objoid = (SELECT oid FROM pg_catalog.pg_class WHERE relname = c.table_name AND relnamespace = (SELECT oid FROM pg_catalog.pg_namespace WHERE nspname = c.table_schema)) where table_catalog = $1$ AND table_schema = CURRENT_SCHEMA() AND table_name = $2$

2025/02/13 14:39:19 /home/bryan/repos/skripsi/backend/setup/setup.go:78
[1.766ms] [rows:-] SELECT * FROM "user_vet_specialties" LIMIT $1$

2025/02/13 14:39:19 /home/bryan/repos/skripsi/backend/setup/setup.go:78
[36.627ms] [rows:-] SELECT constraint_name FROM information_schema.table_constraints tc JOIN information_schema.constraint_column_usage AS ccu USING (constraint_schema, constraint_catalog, table_name, constraint_name) JOIN information_schema.columns AS c ON c.table_schema = tc.constraint_schema AND tc.table_name = c.table_name AND ccu.column_name = c.column_name WHERE constraint_type IN ('PRIMARY KEY', 'UNIQUE') AND c.table_catalog = $1$ AND c.table_schema = CURRENT_SCHEMA() AND c.table_name = $2$ AND constraint_type = $3$

2025/02/13 14:39:19 /home/bryan/repos/skripsi/backend/setup/setup.go:78
[35.183ms] [rows:-] SELECT c.column_name, constraint_name, constraint_type FROM information_schema.table_constraints tc JOIN information_schema.constraint_column_usage AS ccu USING (constraint_schema, constraint_catalog, table_name, constraint_name) JOIN information_schema.columns AS c ON c.table_schema = tc.constraint_schema AND tc.table_name = c.table_name AND ccu.column_name = c.column_name WHERE constraint_type IN ('PRIMARY KEY', 'UNIQUE') AND c.table_catalog = $1$ AND c.table_schema = CURRENT_SCHEMA() AND c.table_name = $2$

2025/02/13 14:39:19 /home/bryan/repos/skripsi/backend/setup/setup.go:78
[2.995ms] [rows:-] SELECT a.attname as column_name, format_type(a.atttypid, a.atttypmod) AS data_type
		FROM pg_attribute a JOIN pg_class b ON a.attrelid = b.oid AND relnamespace = (SELECT oid FROM pg_catalog.pg_namespace WHERE nspname = CURRENT_SCHEMA())
		WHERE a.attnum > 0 -- hide internal columns
		AND NOT a.attisdropped -- hide deleted columns
		AND b.relname = $1$

2025/02/13 14:39:19 /home/bryan/repos/skripsi/backend/setup/setup.go:78
[2.556ms] [rows:0] SELECT description FROM pg_catalog.pg_description WHERE objsubid = (SELECT ordinal_position FROM information_schema.columns WHERE table_schema = CURRENT_SCHEMA() AND table_name = 'user_vet_specialties' AND column_name = 'user_id') AND objoid = (SELECT oid FROM pg_catalog.pg_class WHERE relname = 'user_vet_specialties' AND relnamespace = (SELECT oid FROM pg_catalog.pg_namespace WHERE nspname = CURRENT_SCHEMA()))

2025/02/13 14:39:19 /home/bryan/repos/skripsi/backend/setup/setup.go:78
[2.326ms] [rows:0] SELECT description FROM pg_catalog.pg_description WHERE objsubid = (SELECT ordinal_position FROM information_schema.columns WHERE table_schema = CURRENT_SCHEMA() AND table_name = 'user_vet_specialties' AND column_name = 'vet_specialty_id') AND objoid = (SELECT oid FROM pg_catalog.pg_class WHERE relname = 'user_vet_specialties' AND relnamespace = (SELECT oid FROM pg_catalog.pg_namespace WHERE nspname = CURRENT_SCHEMA()))

2025/02/13 14:39:19 /home/bryan/repos/skripsi/backend/setup/setup.go:78
[6.280ms] [rows:1] SELECT count(*) FROM INFORMATION_SCHEMA.table_constraints WHERE table_schema = CURRENT_SCHEMA() AND table_name = 'user_vet_specialties' AND constraint_name = 'fk_user_vet_specialties_vet_specialty'

2025/02/13 14:39:19 /home/bryan/repos/skripsi/backend/setup/setup.go:78
[5.932ms] [rows:1] SELECT count(*) FROM INFORMATION_SCHEMA.table_constraints WHERE table_schema = CURRENT_SCHEMA() AND table_name = 'user_vet_specialties' AND constraint_name = 'fk_user_vet_specialties_user'

2025/02/13 14:39:19 /home/bryan/repos/skripsi/backend/setup/setup.go:78
[3.928ms] [rows:1] SELECT count(*) FROM information_schema.tables WHERE table_schema = CURRENT_SCHEMA() AND table_name = 'daily_walks' AND table_type = 'BASE TABLE'

2025/02/13 14:39:19 /home/bryan/repos/skripsi/backend/setup/setup.go:78
[1.288ms] [rows:1] SELECT CURRENT_DATABASE()

2025/02/13 14:39:19 /home/bryan/repos/skripsi/backend/setup/setup.go:78
[18.369ms] [rows:-] SELECT c.column_name, c.is_nullable = 'YES', c.udt_name, c.character_maximum_length, c.numeric_precision, c.numeric_precision_radix, c.numeric_scale, c.datetime_precision, 8 * typlen, c.column_default, pd.description, c.identity_increment FROM information_schema.columns AS c JOIN pg_type AS pgt ON c.udt_name = pgt.typname LEFT JOIN pg_catalog.pg_description as pd ON pd.objsubid = c.ordinal_position AND pd.objoid = (SELECT oid FROM pg_catalog.pg_class WHERE relname = c.table_name AND relnamespace = (SELECT oid FROM pg_catalog.pg_namespace WHERE nspname = c.table_schema)) where table_catalog = $1$ AND table_schema = CURRENT_SCHEMA() AND table_name = $2$

2025/02/13 14:39:19 /home/bryan/repos/skripsi/backend/setup/setup.go:78
[1.424ms] [rows:-] SELECT * FROM "daily_walks" LIMIT $1$

2025/02/13 14:39:19 /home/bryan/repos/skripsi/backend/setup/setup.go:78
[46.968ms] [rows:-] SELECT constraint_name FROM information_schema.table_constraints tc JOIN information_schema.constraint_column_usage AS ccu USING (constraint_schema, constraint_catalog, table_name, constraint_name) JOIN information_schema.columns AS c ON c.table_schema = tc.constraint_schema AND tc.table_name = c.table_name AND ccu.column_name = c.column_name WHERE constraint_type IN ('PRIMARY KEY', 'UNIQUE') AND c.table_catalog = $1$ AND c.table_schema = CURRENT_SCHEMA() AND c.table_name = $2$ AND constraint_type = $3$

2025/02/13 14:39:19 /home/bryan/repos/skripsi/backend/setup/setup.go:78
[33.996ms] [rows:-] SELECT c.column_name, constraint_name, constraint_type FROM information_schema.table_constraints tc JOIN information_schema.constraint_column_usage AS ccu USING (constraint_schema, constraint_catalog, table_name, constraint_name) JOIN information_schema.columns AS c ON c.table_schema = tc.constraint_schema AND tc.table_name = c.table_name AND ccu.column_name = c.column_name WHERE constraint_type IN ('PRIMARY KEY', 'UNIQUE') AND c.table_catalog = $1$ AND c.table_schema = CURRENT_SCHEMA() AND c.table_name = $2$

2025/02/13 14:39:19 /home/bryan/repos/skripsi/backend/setup/setup.go:78
[3.449ms] [rows:-] SELECT a.attname as column_name, format_type(a.atttypid, a.atttypmod) AS data_type
		FROM pg_attribute a JOIN pg_class b ON a.attrelid = b.oid AND relnamespace = (SELECT oid FROM pg_catalog.pg_namespace WHERE nspname = CURRENT_SCHEMA())
		WHERE a.attnum > 0 -- hide internal columns
		AND NOT a.attisdropped -- hide deleted columns
		AND b.relname = $1$

2025/02/13 14:39:19 /home/bryan/repos/skripsi/backend/setup/setup.go:78
[2.917ms] [rows:0] SELECT description FROM pg_catalog.pg_description WHERE objsubid = (SELECT ordinal_position FROM information_schema.columns WHERE table_schema = CURRENT_SCHEMA() AND table_name = 'daily_walks' AND column_name = 'id') AND objoid = (SELECT oid FROM pg_catalog.pg_class WHERE relname = 'daily_walks' AND relnamespace = (SELECT oid FROM pg_catalog.pg_namespace WHERE nspname = CURRENT_SCHEMA()))

2025/02/13 14:39:19 /home/bryan/repos/skripsi/backend/setup/setup.go:78
[2.742ms] [rows:0] SELECT description FROM pg_catalog.pg_description WHERE objsubid = (SELECT ordinal_position FROM information_schema.columns WHERE table_schema = CURRENT_SCHEMA() AND table_name = 'daily_walks' AND column_name = 'name') AND objoid = (SELECT oid FROM pg_catalog.pg_class WHERE relname = 'daily_walks' AND relnamespace = (SELECT oid FROM pg_catalog.pg_namespace WHERE nspname = CURRENT_SCHEMA()))

2025/02/13 14:39:19 /home/bryan/repos/skripsi/backend/setup/setup.go:78
[4.518ms] [rows:1] SELECT count(*) FROM information_schema.tables WHERE table_schema = CURRENT_SCHEMA() AND table_name = 'daily_playtimes' AND table_type = 'BASE TABLE'

2025/02/13 14:39:19 /home/bryan/repos/skripsi/backend/setup/setup.go:78
[1.666ms] [rows:1] SELECT CURRENT_DATABASE()

2025/02/13 14:39:19 /home/bryan/repos/skripsi/backend/setup/setup.go:78
[25.710ms] [rows:-] SELECT c.column_name, c.is_nullable = 'YES', c.udt_name, c.character_maximum_length, c.numeric_precision, c.numeric_precision_radix, c.numeric_scale, c.datetime_precision, 8 * typlen, c.column_default, pd.description, c.identity_increment FROM information_schema.columns AS c JOIN pg_type AS pgt ON c.udt_name = pgt.typname LEFT JOIN pg_catalog.pg_description as pd ON pd.objsubid = c.ordinal_position AND pd.objoid = (SELECT oid FROM pg_catalog.pg_class WHERE relname = c.table_name AND relnamespace = (SELECT oid FROM pg_catalog.pg_namespace WHERE nspname = c.table_schema)) where table_catalog = $1$ AND table_schema = CURRENT_SCHEMA() AND table_name = $2$

2025/02/13 14:39:19 /home/bryan/repos/skripsi/backend/setup/setup.go:78
[1.614ms] [rows:-] SELECT * FROM "daily_playtimes" LIMIT $1$

2025/02/13 14:39:19 /home/bryan/repos/skripsi/backend/setup/setup.go:78
[30.317ms] [rows:-] SELECT constraint_name FROM information_schema.table_constraints tc JOIN information_schema.constraint_column_usage AS ccu USING (constraint_schema, constraint_catalog, table_name, constraint_name) JOIN information_schema.columns AS c ON c.table_schema = tc.constraint_schema AND tc.table_name = c.table_name AND ccu.column_name = c.column_name WHERE constraint_type IN ('PRIMARY KEY', 'UNIQUE') AND c.table_catalog = $1$ AND c.table_schema = CURRENT_SCHEMA() AND c.table_name = $2$ AND constraint_type = $3$

2025/02/13 14:39:19 /home/bryan/repos/skripsi/backend/setup/setup.go:78
[19.102ms] [rows:-] SELECT c.column_name, constraint_name, constraint_type FROM information_schema.table_constraints tc JOIN information_schema.constraint_column_usage AS ccu USING (constraint_schema, constraint_catalog, table_name, constraint_name) JOIN information_schema.columns AS c ON c.table_schema = tc.constraint_schema AND tc.table_name = c.table_name AND ccu.column_name = c.column_name WHERE constraint_type IN ('PRIMARY KEY', 'UNIQUE') AND c.table_catalog = $1$ AND c.table_schema = CURRENT_SCHEMA() AND c.table_name = $2$

2025/02/13 14:39:19 /home/bryan/repos/skripsi/backend/setup/setup.go:78
[1.942ms] [rows:-] SELECT a.attname as column_name, format_type(a.atttypid, a.atttypmod) AS data_type
		FROM pg_attribute a JOIN pg_class b ON a.attrelid = b.oid AND relnamespace = (SELECT oid FROM pg_catalog.pg_namespace WHERE nspname = CURRENT_SCHEMA())
		WHERE a.attnum > 0 -- hide internal columns
		AND NOT a.attisdropped -- hide deleted columns
		AND b.relname = $1$

2025/02/13 14:39:19 /home/bryan/repos/skripsi/backend/setup/setup.go:78
[1.799ms] [rows:0] SELECT description FROM pg_catalog.pg_description WHERE objsubid = (SELECT ordinal_position FROM information_schema.columns WHERE table_schema = CURRENT_SCHEMA() AND table_name = 'daily_playtimes' AND column_name = 'id') AND objoid = (SELECT oid FROM pg_catalog.pg_class WHERE relname = 'daily_playtimes' AND relnamespace = (SELECT oid FROM pg_catalog.pg_namespace WHERE nspname = CURRENT_SCHEMA()))

2025/02/13 14:39:19 /home/bryan/repos/skripsi/backend/setup/setup.go:78
[1.561ms] [rows:0] SELECT description FROM pg_catalog.pg_description WHERE objsubid = (SELECT ordinal_position FROM information_schema.columns WHERE table_schema = CURRENT_SCHEMA() AND table_name = 'daily_playtimes' AND column_name = 'name') AND objoid = (SELECT oid FROM pg_catalog.pg_class WHERE relname = 'daily_playtimes' AND relnamespace = (SELECT oid FROM pg_catalog.pg_namespace WHERE nspname = CURRENT_SCHEMA()))

2025/02/13 14:39:19 /home/bryan/repos/skripsi/backend/setup/setup.go:78
[1.226ms] [rows:1] SELECT count(*) FROM information_schema.tables WHERE table_schema = CURRENT_SCHEMA() AND table_name = 'pet_daycares' AND table_type = 'BASE TABLE'

2025/02/13 14:39:19 /home/bryan/repos/skripsi/backend/setup/setup.go:78
[0.906ms] [rows:1] SELECT CURRENT_DATABASE()

2025/02/13 14:39:19 /home/bryan/repos/skripsi/backend/setup/setup.go:78
[5.510ms] [rows:-] SELECT c.column_name, c.is_nullable = 'YES', c.udt_name, c.character_maximum_length, c.numeric_precision, c.numeric_precision_radix, c.numeric_scale, c.datetime_precision, 8 * typlen, c.column_default, pd.description, c.identity_increment FROM information_schema.columns AS c JOIN pg_type AS pgt ON c.udt_name = pgt.typname LEFT JOIN pg_catalog.pg_description as pd ON pd.objsubid = c.ordinal_position AND pd.objoid = (SELECT oid FROM pg_catalog.pg_class WHERE relname = c.table_name AND relnamespace = (SELECT oid FROM pg_catalog.pg_namespace WHERE nspname = c.table_schema)) where table_catalog = $1$ AND table_schema = CURRENT_SCHEMA() AND table_name = $2$

2025/02/13 14:39:19 /home/bryan/repos/skripsi/backend/setup/setup.go:78
[1.211ms] [rows:-] SELECT * FROM "pet_daycares" LIMIT $1$

2025/02/13 14:39:19 /home/bryan/repos/skripsi/backend/setup/setup.go:78
[7.754ms] [rows:-] SELECT constraint_name FROM information_schema.table_constraints tc JOIN information_schema.constraint_column_usage AS ccu USING (constraint_schema, constraint_catalog, table_name, constraint_name) JOIN information_schema.columns AS c ON c.table_schema = tc.constraint_schema AND tc.table_name = c.table_name AND ccu.column_name = c.column_name WHERE constraint_type IN ('PRIMARY KEY', 'UNIQUE') AND c.table_catalog = $1$ AND c.table_schema = CURRENT_SCHEMA() AND c.table_name = $2$ AND constraint_type = $3$

2025/02/13 14:39:19 /home/bryan/repos/skripsi/backend/setup/setup.go:78
[7.599ms] [rows:-] SELECT c.column_name, constraint_name, constraint_type FROM information_schema.table_constraints tc JOIN information_schema.constraint_column_usage AS ccu USING (constraint_schema, constraint_catalog, table_name, constraint_name) JOIN information_schema.columns AS c ON c.table_schema = tc.constraint_schema AND tc.table_name = c.table_name AND ccu.column_name = c.column_name WHERE constraint_type IN ('PRIMARY KEY', 'UNIQUE') AND c.table_catalog = $1$ AND c.table_schema = CURRENT_SCHEMA() AND c.table_name = $2$

2025/02/13 14:39:19 /home/bryan/repos/skripsi/backend/setup/setup.go:78
[1.344ms] [rows:-] SELECT a.attname as column_name, format_type(a.atttypid, a.atttypmod) AS data_type
		FROM pg_attribute a JOIN pg_class b ON a.attrelid = b.oid AND relnamespace = (SELECT oid FROM pg_catalog.pg_namespace WHERE nspname = CURRENT_SCHEMA())
		WHERE a.attnum > 0 -- hide internal columns
		AND NOT a.attisdropped -- hide deleted columns
		AND b.relname = $1$

2025/02/13 14:39:19 /home/bryan/repos/skripsi/backend/setup/setup.go:78
[1.777ms] [rows:0] SELECT description FROM pg_catalog.pg_description WHERE objsubid = (SELECT ordinal_position FROM information_schema.columns WHERE table_schema = CURRENT_SCHEMA() AND table_name = 'pet_daycares' AND column_name = 'id') AND objoid = (SELECT oid FROM pg_catalog.pg_class WHERE relname = 'pet_daycares' AND relnamespace = (SELECT oid FROM pg_catalog.pg_namespace WHERE nspname = CURRENT_SCHEMA()))

2025/02/13 14:39:19 /home/bryan/repos/skripsi/backend/setup/setup.go:78
[1.564ms] [rows:0] SELECT description FROM pg_catalog.pg_description WHERE objsubid = (SELECT ordinal_position FROM information_schema.columns WHERE table_schema = CURRENT_SCHEMA() AND table_name = 'pet_daycares' AND column_name = 'created_at') AND objoid = (SELECT oid FROM pg_catalog.pg_class WHERE relname = 'pet_daycares' AND relnamespace = (SELECT oid FROM pg_catalog.pg_namespace WHERE nspname = CURRENT_SCHEMA()))

2025/02/13 14:39:19 /home/bryan/repos/skripsi/backend/setup/setup.go:78
[1.655ms] [rows:0] SELECT description FROM pg_catalog.pg_description WHERE objsubid = (SELECT ordinal_position FROM information_schema.columns WHERE table_schema = CURRENT_SCHEMA() AND table_name = 'pet_daycares' AND column_name = 'updated_at') AND objoid = (SELECT oid FROM pg_catalog.pg_class WHERE relname = 'pet_daycares' AND relnamespace = (SELECT oid FROM pg_catalog.pg_namespace WHERE nspname = CURRENT_SCHEMA()))

2025/02/13 14:39:19 /home/bryan/repos/skripsi/backend/setup/setup.go:78
[1.718ms] [rows:0] SELECT description FROM pg_catalog.pg_description WHERE objsubid = (SELECT ordinal_position FROM information_schema.columns WHERE table_schema = CURRENT_SCHEMA() AND table_name = 'pet_daycares' AND column_name = 'deleted_at') AND objoid = (SELECT oid FROM pg_catalog.pg_class WHERE relname = 'pet_daycares' AND relnamespace = (SELECT oid FROM pg_catalog.pg_namespace WHERE nspname = CURRENT_SCHEMA()))

2025/02/13 14:39:19 /home/bryan/repos/skripsi/backend/setup/setup.go:78
[1.914ms] [rows:0] SELECT description FROM pg_catalog.pg_description WHERE objsubid = (SELECT ordinal_position FROM information_schema.columns WHERE table_schema = CURRENT_SCHEMA() AND table_name = 'pet_daycares' AND column_name = 'name') AND objoid = (SELECT oid FROM pg_catalog.pg_class WHERE relname = 'pet_daycares' AND relnamespace = (SELECT oid FROM pg_catalog.pg_namespace WHERE nspname = CURRENT_SCHEMA()))

2025/02/13 14:39:19 /home/bryan/repos/skripsi/backend/setup/setup.go:78
[1.881ms] [rows:0] SELECT description FROM pg_catalog.pg_description WHERE objsubid = (SELECT ordinal_position FROM information_schema.columns WHERE table_schema = CURRENT_SCHEMA() AND table_name = 'pet_daycares' AND column_name = 'address') AND objoid = (SELECT oid FROM pg_catalog.pg_class WHERE relname = 'pet_daycares' AND relnamespace = (SELECT oid FROM pg_catalog.pg_namespace WHERE nspname = CURRENT_SCHEMA()))

2025/02/13 14:39:19 /home/bryan/repos/skripsi/backend/setup/setup.go:78
[1.856ms] [rows:0] SELECT description FROM pg_catalog.pg_description WHERE objsubid = (SELECT ordinal_position FROM information_schema.columns WHERE table_schema = CURRENT_SCHEMA() AND table_name = 'pet_daycares' AND column_name = 'latitude') AND objoid = (SELECT oid FROM pg_catalog.pg_class WHERE relname = 'pet_daycares' AND relnamespace = (SELECT oid FROM pg_catalog.pg_namespace WHERE nspname = CURRENT_SCHEMA()))

2025/02/13 14:39:19 /home/bryan/repos/skripsi/backend/setup/setup.go:78
[1.915ms] [rows:0] SELECT description FROM pg_catalog.pg_description WHERE objsubid = (SELECT ordinal_position FROM information_schema.columns WHERE table_schema = CURRENT_SCHEMA() AND table_name = 'pet_daycares' AND column_name = 'longitude') AND objoid = (SELECT oid FROM pg_catalog.pg_class WHERE relname = 'pet_daycares' AND relnamespace = (SELECT oid FROM pg_catalog.pg_namespace WHERE nspname = CURRENT_SCHEMA()))

2025/02/13 14:39:19 /home/bryan/repos/skripsi/backend/setup/setup.go:78
[1.680ms] [rows:0] SELECT description FROM pg_catalog.pg_description WHERE objsubid = (SELECT ordinal_position FROM information_schema.columns WHERE table_schema = CURRENT_SCHEMA() AND table_name = 'pet_daycares' AND column_name = 'price') AND objoid = (SELECT oid FROM pg_catalog.pg_class WHERE relname = 'pet_daycares' AND relnamespace = (SELECT oid FROM pg_catalog.pg_namespace WHERE nspname = CURRENT_SCHEMA()))

2025/02/13 14:39:19 /home/bryan/repos/skripsi/backend/setup/setup.go:78
[1.709ms] [rows:0] SELECT description FROM pg_catalog.pg_description WHERE objsubid = (SELECT ordinal_position FROM information_schema.columns WHERE table_schema = CURRENT_SCHEMA() AND table_name = 'pet_daycares' AND column_name = 'pricing_type') AND objoid = (SELECT oid FROM pg_catalog.pg_class WHERE relname = 'pet_daycares' AND relnamespace = (SELECT oid FROM pg_catalog.pg_namespace WHERE nspname = CURRENT_SCHEMA()))

2025/02/13 14:39:19 /home/bryan/repos/skripsi/backend/setup/setup.go:78
[1.626ms] [rows:0] SELECT description FROM pg_catalog.pg_description WHERE objsubid = (SELECT ordinal_position FROM information_schema.columns WHERE table_schema = CURRENT_SCHEMA() AND table_name = 'pet_daycares' AND column_name = 'description') AND objoid = (SELECT oid FROM pg_catalog.pg_class WHERE relname = 'pet_daycares' AND relnamespace = (SELECT oid FROM pg_catalog.pg_namespace WHERE nspname = CURRENT_SCHEMA()))

2025/02/13 14:39:19 /home/bryan/repos/skripsi/backend/setup/setup.go:78
[1.745ms] [rows:0] SELECT description FROM pg_catalog.pg_description WHERE objsubid = (SELECT ordinal_position FROM information_schema.columns WHERE table_schema = CURRENT_SCHEMA() AND table_name = 'pet_daycares' AND column_name = 'has_pickup_service') AND objoid = (SELECT oid FROM pg_catalog.pg_class WHERE relname = 'pet_daycares' AND relnamespace = (SELECT oid FROM pg_catalog.pg_namespace WHERE nspname = CURRENT_SCHEMA()))

2025/02/13 14:39:19 /home/bryan/repos/skripsi/backend/setup/setup.go:78
[1.891ms] [rows:0] SELECT description FROM pg_catalog.pg_description WHERE objsubid = (SELECT ordinal_position FROM information_schema.columns WHERE table_schema = CURRENT_SCHEMA() AND table_name = 'pet_daycares' AND column_name = 'must_be_vaccinated') AND objoid = (SELECT oid FROM pg_catalog.pg_class WHERE relname = 'pet_daycares' AND relnamespace = (SELECT oid FROM pg_catalog.pg_namespace WHERE nspname = CURRENT_SCHEMA()))

2025/02/13 14:39:19 /home/bryan/repos/skripsi/backend/setup/setup.go:78
[1.763ms] [rows:0] SELECT description FROM pg_catalog.pg_description WHERE objsubid = (SELECT ordinal_position FROM information_schema.columns WHERE table_schema = CURRENT_SCHEMA() AND table_name = 'pet_daycares' AND column_name = 'food_provided') AND objoid = (SELECT oid FROM pg_catalog.pg_class WHERE relname = 'pet_daycares' AND relnamespace = (SELECT oid FROM pg_catalog.pg_namespace WHERE nspname = CURRENT_SCHEMA()))

2025/02/13 14:39:19 /home/bryan/repos/skripsi/backend/setup/setup.go:78
[1.683ms] [rows:0] SELECT description FROM pg_catalog.pg_description WHERE objsubid = (SELECT ordinal_position FROM information_schema.columns WHERE table_schema = CURRENT_SCHEMA() AND table_name = 'pet_daycares' AND column_name = 'grooming_available') AND objoid = (SELECT oid FROM pg_catalog.pg_class WHERE relname = 'pet_daycares' AND relnamespace = (SELECT oid FROM pg_catalog.pg_namespace WHERE nspname = CURRENT_SCHEMA()))

2025/02/13 14:39:19 /home/bryan/repos/skripsi/backend/setup/setup.go:78
[1.535ms] [rows:0] SELECT description FROM pg_catalog.pg_description WHERE objsubid = (SELECT ordinal_position FROM information_schema.columns WHERE table_schema = CURRENT_SCHEMA() AND table_name = 'pet_daycares' AND column_name = 'booked_num') AND objoid = (SELECT oid FROM pg_catalog.pg_class WHERE relname = 'pet_daycares' AND relnamespace = (SELECT oid FROM pg_catalog.pg_namespace WHERE nspname = CURRENT_SCHEMA()))

2025/02/13 14:39:19 /home/bryan/repos/skripsi/backend/setup/setup.go:78
[1.835ms] [rows:0] SELECT description FROM pg_catalog.pg_description WHERE objsubid = (SELECT ordinal_position FROM information_schema.columns WHERE table_schema = CURRENT_SCHEMA() AND table_name = 'pet_daycares' AND column_name = 'daily_walks_id') AND objoid = (SELECT oid FROM pg_catalog.pg_class WHERE relname = 'pet_daycares' AND relnamespace = (SELECT oid FROM pg_catalog.pg_namespace WHERE nspname = CURRENT_SCHEMA()))

2025/02/13 14:39:19 /home/bryan/repos/skripsi/backend/setup/setup.go:78
[1.690ms] [rows:0] SELECT description FROM pg_catalog.pg_description WHERE objsubid = (SELECT ordinal_position FROM information_schema.columns WHERE table_schema = CURRENT_SCHEMA() AND table_name = 'pet_daycares' AND column_name = 'daily_playtime_id') AND objoid = (SELECT oid FROM pg_catalog.pg_class WHERE relname = 'pet_daycares' AND relnamespace = (SELECT oid FROM pg_catalog.pg_namespace WHERE nspname = CURRENT_SCHEMA()))

2025/02/13 14:39:19 /home/bryan/repos/skripsi/backend/setup/setup.go:78
[1.711ms] [rows:0] SELECT description FROM pg_catalog.pg_description WHERE objsubid = (SELECT ordinal_position FROM information_schema.columns WHERE table_schema = CURRENT_SCHEMA() AND table_name = 'pet_daycares' AND column_name = 'owner_id') AND objoid = (SELECT oid FROM pg_catalog.pg_class WHERE relname = 'pet_daycares' AND relnamespace = (SELECT oid FROM pg_catalog.pg_namespace WHERE nspname = CURRENT_SCHEMA()))

2025/02/13 14:39:19 /home/bryan/repos/skripsi/backend/setup/setup.go:78
[1.592ms] [rows:0] SELECT description FROM pg_catalog.pg_description WHERE objsubid = (SELECT ordinal_position FROM information_schema.columns WHERE table_schema = CURRENT_SCHEMA() AND table_name = 'pet_daycares' AND column_name = 'food_brand') AND objoid = (SELECT oid FROM pg_catalog.pg_class WHERE relname = 'pet_daycares' AND relnamespace = (SELECT oid FROM pg_catalog.pg_namespace WHERE nspname = CURRENT_SCHEMA()))

2025/02/13 14:39:19 /home/bryan/repos/skripsi/backend/setup/setup.go:78
[4.137ms] [rows:1] SELECT count(*) FROM INFORMATION_SCHEMA.table_constraints WHERE table_schema = CURRENT_SCHEMA() AND table_name = 'pet_daycares' AND constraint_name = 'fk_users_pet_daycare'

2025/02/13 14:39:19 /home/bryan/repos/skripsi/backend/setup/setup.go:78
[4.050ms] [rows:1] SELECT count(*) FROM INFORMATION_SCHEMA.table_constraints WHERE table_schema = CURRENT_SCHEMA() AND table_name = 'pet_daycares' AND constraint_name = 'fk_pet_daycares_daily_walks'

2025/02/13 14:39:19 /home/bryan/repos/skripsi/backend/setup/setup.go:78
[4.100ms] [rows:1] SELECT count(*) FROM INFORMATION_SCHEMA.table_constraints WHERE table_schema = CURRENT_SCHEMA() AND table_name = 'pet_daycares' AND constraint_name = 'fk_pet_daycares_daily_playtime'

2025/02/13 14:39:19 /home/bryan/repos/skripsi/backend/setup/setup.go:78
[3.920ms] [rows:1] SELECT count(*) FROM pg_indexes WHERE tablename = 'pet_daycares' AND indexname = 'idx_pet_daycares_deleted_at' AND schemaname = CURRENT_SCHEMA()

2025/02/13 14:39:19 /home/bryan/repos/skripsi/backend/setup/setup.go:78
[1.235ms] [rows:1] SELECT count(*) FROM information_schema.tables WHERE table_schema = CURRENT_SCHEMA() AND table_name = 'species' AND table_type = 'BASE TABLE'

2025/02/13 14:39:19 /home/bryan/repos/skripsi/backend/setup/setup.go:78
[0.988ms] [rows:1] SELECT CURRENT_DATABASE()

2025/02/13 14:39:19 /home/bryan/repos/skripsi/backend/setup/setup.go:78
[3.284ms] [rows:-] SELECT c.column_name, c.is_nullable = 'YES', c.udt_name, c.character_maximum_length, c.numeric_precision, c.numeric_precision_radix, c.numeric_scale, c.datetime_precision, 8 * typlen, c.column_default, pd.description, c.identity_increment FROM information_schema.columns AS c JOIN pg_type AS pgt ON c.udt_name = pgt.typname LEFT JOIN pg_catalog.pg_description as pd ON pd.objsubid = c.ordinal_position AND pd.objoid = (SELECT oid FROM pg_catalog.pg_class WHERE relname = c.table_name AND relnamespace = (SELECT oid FROM pg_catalog.pg_namespace WHERE nspname = c.table_schema)) where table_catalog = $1$ AND table_schema = CURRENT_SCHEMA() AND table_name = $2$

2025/02/13 14:39:19 /home/bryan/repos/skripsi/backend/setup/setup.go:78
[1.014ms] [rows:-] SELECT * FROM "species" LIMIT $1$

2025/02/13 14:39:19 /home/bryan/repos/skripsi/backend/setup/setup.go:78
[2.599ms] [rows:-] SELECT constraint_name FROM information_schema.table_constraints tc JOIN information_schema.constraint_column_usage AS ccu USING (constraint_schema, constraint_catalog, table_name, constraint_name) JOIN information_schema.columns AS c ON c.table_schema = tc.constraint_schema AND tc.table_name = c.table_name AND ccu.column_name = c.column_name WHERE constraint_type IN ('PRIMARY KEY', 'UNIQUE') AND c.table_catalog = $1$ AND c.table_schema = CURRENT_SCHEMA() AND c.table_name = $2$ AND constraint_type = $3$

2025/02/13 14:39:19 /home/bryan/repos/skripsi/backend/setup/setup.go:78
[2.678ms] [rows:-] SELECT c.column_name, constraint_name, constraint_type FROM information_schema.table_constraints tc JOIN information_schema.constraint_column_usage AS ccu USING (constraint_schema, constraint_catalog, table_name, constraint_name) JOIN information_schema.columns AS c ON c.table_schema = tc.constraint_schema AND tc.table_name = c.table_name AND ccu.column_name = c.column_name WHERE constraint_type IN ('PRIMARY KEY', 'UNIQUE') AND c.table_catalog = $1$ AND c.table_schema = CURRENT_SCHEMA() AND c.table_name = $2$

2025/02/13 14:39:19 /home/bryan/repos/skripsi/backend/setup/setup.go:78
[1.167ms] [rows:-] SELECT a.attname as column_name, format_type(a.atttypid, a.atttypmod) AS data_type
		FROM pg_attribute a JOIN pg_class b ON a.attrelid = b.oid AND relnamespace = (SELECT oid FROM pg_catalog.pg_namespace WHERE nspname = CURRENT_SCHEMA())
		WHERE a.attnum > 0 -- hide internal columns
		AND NOT a.attisdropped -- hide deleted columns
		AND b.relname = $1$

2025/02/13 14:39:19 /home/bryan/repos/skripsi/backend/setup/setup.go:78
[1.549ms] [rows:0] SELECT description FROM pg_catalog.pg_description WHERE objsubid = (SELECT ordinal_position FROM information_schema.columns WHERE table_schema = CURRENT_SCHEMA() AND table_name = 'species' AND column_name = 'id') AND objoid = (SELECT oid FROM pg_catalog.pg_class WHERE relname = 'species' AND relnamespace = (SELECT oid FROM pg_catalog.pg_namespace WHERE nspname = CURRENT_SCHEMA()))

2025/02/13 14:39:19 /home/bryan/repos/skripsi/backend/setup/setup.go:78
[1.656ms] [rows:0] SELECT description FROM pg_catalog.pg_description WHERE objsubid = (SELECT ordinal_position FROM information_schema.columns WHERE table_schema = CURRENT_SCHEMA() AND table_name = 'species' AND column_name = 'name') AND objoid = (SELECT oid FROM pg_catalog.pg_class WHERE relname = 'species' AND relnamespace = (SELECT oid FROM pg_catalog.pg_namespace WHERE nspname = CURRENT_SCHEMA()))

2025/02/13 14:39:19 /home/bryan/repos/skripsi/backend/setup/setup.go:78
[1.163ms] [rows:1] SELECT count(*) FROM information_schema.tables WHERE table_schema = CURRENT_SCHEMA() AND table_name = 'size_categories' AND table_type = 'BASE TABLE'

2025/02/13 14:39:19 /home/bryan/repos/skripsi/backend/setup/setup.go:78
[0.782ms] [rows:1] SELECT CURRENT_DATABASE()

2025/02/13 14:39:19 /home/bryan/repos/skripsi/backend/setup/setup.go:78
[3.607ms] [rows:-] SELECT c.column_name, c.is_nullable = 'YES', c.udt_name, c.character_maximum_length, c.numeric_precision, c.numeric_precision_radix, c.numeric_scale, c.datetime_precision, 8 * typlen, c.column_default, pd.description, c.identity_increment FROM information_schema.columns AS c JOIN pg_type AS pgt ON c.udt_name = pgt.typname LEFT JOIN pg_catalog.pg_description as pd ON pd.objsubid = c.ordinal_position AND pd.objoid = (SELECT oid FROM pg_catalog.pg_class WHERE relname = c.table_name AND relnamespace = (SELECT oid FROM pg_catalog.pg_namespace WHERE nspname = c.table_schema)) where table_catalog = $1$ AND table_schema = CURRENT_SCHEMA() AND table_name = $2$

2025/02/13 14:39:19 /home/bryan/repos/skripsi/backend/setup/setup.go:78
[1.078ms] [rows:-] SELECT * FROM "size_categories" LIMIT $1$

2025/02/13 14:39:19 /home/bryan/repos/skripsi/backend/setup/setup.go:78
[2.954ms] [rows:-] SELECT constraint_name FROM information_schema.table_constraints tc JOIN information_schema.constraint_column_usage AS ccu USING (constraint_schema, constraint_catalog, table_name, constraint_name) JOIN information_schema.columns AS c ON c.table_schema = tc.constraint_schema AND tc.table_name = c.table_name AND ccu.column_name = c.column_name WHERE constraint_type IN ('PRIMARY KEY', 'UNIQUE') AND c.table_catalog = $1$ AND c.table_schema = CURRENT_SCHEMA() AND c.table_name = $2$ AND constraint_type = $3$

2025/02/13 14:39:19 /home/bryan/repos/skripsi/backend/setup/setup.go:78
[3.213ms] [rows:-] SELECT c.column_name, constraint_name, constraint_type FROM information_schema.table_constraints tc JOIN information_schema.constraint_column_usage AS ccu USING (constraint_schema, constraint_catalog, table_name, constraint_name) JOIN information_schema.columns AS c ON c.table_schema = tc.constraint_schema AND tc.table_name = c.table_name AND ccu.column_name = c.column_name WHERE constraint_type IN ('PRIMARY KEY', 'UNIQUE') AND c.table_catalog = $1$ AND c.table_schema = CURRENT_SCHEMA() AND c.table_name = $2$

2025/02/13 14:39:19 /home/bryan/repos/skripsi/backend/setup/setup.go:78
[1.111ms] [rows:-] SELECT a.attname as column_name, format_type(a.atttypid, a.atttypmod) AS data_type
		FROM pg_attribute a JOIN pg_class b ON a.attrelid = b.oid AND relnamespace = (SELECT oid FROM pg_catalog.pg_namespace WHERE nspname = CURRENT_SCHEMA())
		WHERE a.attnum > 0 -- hide internal columns
		AND NOT a.attisdropped -- hide deleted columns
		AND b.relname = $1$

2025/02/13 14:39:19 /home/bryan/repos/skripsi/backend/setup/setup.go:78
[1.513ms] [rows:0] SELECT description FROM pg_catalog.pg_description WHERE objsubid = (SELECT ordinal_position FROM information_schema.columns WHERE table_schema = CURRENT_SCHEMA() AND table_name = 'size_categories' AND column_name = 'id') AND objoid = (SELECT oid FROM pg_catalog.pg_class WHERE relname = 'size_categories' AND relnamespace = (SELECT oid FROM pg_catalog.pg_namespace WHERE nspname = CURRENT_SCHEMA()))

2025/02/13 14:39:19 /home/bryan/repos/skripsi/backend/setup/setup.go:78
[1.589ms] [rows:0] SELECT description FROM pg_catalog.pg_description WHERE objsubid = (SELECT ordinal_position FROM information_schema.columns WHERE table_schema = CURRENT_SCHEMA() AND table_name = 'size_categories' AND column_name = 'name') AND objoid = (SELECT oid FROM pg_catalog.pg_class WHERE relname = 'size_categories' AND relnamespace = (SELECT oid FROM pg_catalog.pg_namespace WHERE nspname = CURRENT_SCHEMA()))

2025/02/13 14:39:19 /home/bryan/repos/skripsi/backend/setup/setup.go:78
[1.842ms] [rows:0] SELECT description FROM pg_catalog.pg_description WHERE objsubid = (SELECT ordinal_position FROM information_schema.columns WHERE table_schema = CURRENT_SCHEMA() AND table_name = 'size_categories' AND column_name = 'min_weight') AND objoid = (SELECT oid FROM pg_catalog.pg_class WHERE relname = 'size_categories' AND relnamespace = (SELECT oid FROM pg_catalog.pg_namespace WHERE nspname = CURRENT_SCHEMA()))

2025/02/13 14:39:19 /home/bryan/repos/skripsi/backend/setup/setup.go:78
[1.650ms] [rows:0] SELECT description FROM pg_catalog.pg_description WHERE objsubid = (SELECT ordinal_position FROM information_schema.columns WHERE table_schema = CURRENT_SCHEMA() AND table_name = 'size_categories' AND column_name = 'max_weight') AND objoid = (SELECT oid FROM pg_catalog.pg_class WHERE relname = 'size_categories' AND relnamespace = (SELECT oid FROM pg_catalog.pg_namespace WHERE nspname = CURRENT_SCHEMA()))

2025/02/13 14:39:19 /home/bryan/repos/skripsi/backend/setup/setup.go:78
[1.044ms] [rows:1] SELECT count(*) FROM information_schema.tables WHERE table_schema = CURRENT_SCHEMA() AND table_name = 'pets' AND table_type = 'BASE TABLE'

2025/02/13 14:39:19 /home/bryan/repos/skripsi/backend/setup/setup.go:78
[0.702ms] [rows:1] SELECT CURRENT_DATABASE()

2025/02/13 14:39:19 /home/bryan/repos/skripsi/backend/setup/setup.go:78
[4.048ms] [rows:-] SELECT c.column_name, c.is_nullable = 'YES', c.udt_name, c.character_maximum_length, c.numeric_precision, c.numeric_precision_radix, c.numeric_scale, c.datetime_precision, 8 * typlen, c.column_default, pd.description, c.identity_increment FROM information_schema.columns AS c JOIN pg_type AS pgt ON c.udt_name = pgt.typname LEFT JOIN pg_catalog.pg_description as pd ON pd.objsubid = c.ordinal_position AND pd.objoid = (SELECT oid FROM pg_catalog.pg_class WHERE relname = c.table_name AND relnamespace = (SELECT oid FROM pg_catalog.pg_namespace WHERE nspname = c.table_schema)) where table_catalog = $1$ AND table_schema = CURRENT_SCHEMA() AND table_name = $2$

2025/02/13 14:39:19 /home/bryan/repos/skripsi/backend/setup/setup.go:78
[0.921ms] [rows:-] SELECT * FROM "pets" LIMIT $1$

2025/02/13 14:39:19 /home/bryan/repos/skripsi/backend/setup/setup.go:78
[4.751ms] [rows:-] SELECT constraint_name FROM information_schema.table_constraints tc JOIN information_schema.constraint_column_usage AS ccu USING (constraint_schema, constraint_catalog, table_name, constraint_name) JOIN information_schema.columns AS c ON c.table_schema = tc.constraint_schema AND tc.table_name = c.table_name AND ccu.column_name = c.column_name WHERE constraint_type IN ('PRIMARY KEY', 'UNIQUE') AND c.table_catalog = $1$ AND c.table_schema = CURRENT_SCHEMA() AND c.table_name = $2$ AND constraint_type = $3$

2025/02/13 14:39:19 /home/bryan/repos/skripsi/backend/setup/setup.go:78
[3.759ms] [rows:-] SELECT c.column_name, constraint_name, constraint_type FROM information_schema.table_constraints tc JOIN information_schema.constraint_column_usage AS ccu USING (constraint_schema, constraint_catalog, table_name, constraint_name) JOIN information_schema.columns AS c ON c.table_schema = tc.constraint_schema AND tc.table_name = c.table_name AND ccu.column_name = c.column_name WHERE constraint_type IN ('PRIMARY KEY', 'UNIQUE') AND c.table_catalog = $1$ AND c.table_schema = CURRENT_SCHEMA() AND c.table_name = $2$

2025/02/13 14:39:19 /home/bryan/repos/skripsi/backend/setup/setup.go:78
[0.979ms] [rows:-] SELECT a.attname as column_name, format_type(a.atttypid, a.atttypmod) AS data_type
		FROM pg_attribute a JOIN pg_class b ON a.attrelid = b.oid AND relnamespace = (SELECT oid FROM pg_catalog.pg_namespace WHERE nspname = CURRENT_SCHEMA())
		WHERE a.attnum > 0 -- hide internal columns
		AND NOT a.attisdropped -- hide deleted columns
		AND b.relname = $1$

2025/02/13 14:39:19 /home/bryan/repos/skripsi/backend/setup/setup.go:78
[1.514ms] [rows:0] SELECT description FROM pg_catalog.pg_description WHERE objsubid = (SELECT ordinal_position FROM information_schema.columns WHERE table_schema = CURRENT_SCHEMA() AND table_name = 'pets' AND column_name = 'id') AND objoid = (SELECT oid FROM pg_catalog.pg_class WHERE relname = 'pets' AND relnamespace = (SELECT oid FROM pg_catalog.pg_namespace WHERE nspname = CURRENT_SCHEMA()))

2025/02/13 14:39:19 /home/bryan/repos/skripsi/backend/setup/setup.go:78
[1.614ms] [rows:0] SELECT description FROM pg_catalog.pg_description WHERE objsubid = (SELECT ordinal_position FROM information_schema.columns WHERE table_schema = CURRENT_SCHEMA() AND table_name = 'pets' AND column_name = 'created_at') AND objoid = (SELECT oid FROM pg_catalog.pg_class WHERE relname = 'pets' AND relnamespace = (SELECT oid FROM pg_catalog.pg_namespace WHERE nspname = CURRENT_SCHEMA()))

2025/02/13 14:39:19 /home/bryan/repos/skripsi/backend/setup/setup.go:78
[1.492ms] [rows:0] SELECT description FROM pg_catalog.pg_description WHERE objsubid = (SELECT ordinal_position FROM information_schema.columns WHERE table_schema = CURRENT_SCHEMA() AND table_name = 'pets' AND column_name = 'updated_at') AND objoid = (SELECT oid FROM pg_catalog.pg_class WHERE relname = 'pets' AND relnamespace = (SELECT oid FROM pg_catalog.pg_namespace WHERE nspname = CURRENT_SCHEMA()))

2025/02/13 14:39:19 /home/bryan/repos/skripsi/backend/setup/setup.go:78
[1.734ms] [rows:0] SELECT description FROM pg_catalog.pg_description WHERE objsubid = (SELECT ordinal_position FROM information_schema.columns WHERE table_schema = CURRENT_SCHEMA() AND table_name = 'pets' AND column_name = 'deleted_at') AND objoid = (SELECT oid FROM pg_catalog.pg_class WHERE relname = 'pets' AND relnamespace = (SELECT oid FROM pg_catalog.pg_namespace WHERE nspname = CURRENT_SCHEMA()))

2025/02/13 14:39:19 /home/bryan/repos/skripsi/backend/setup/setup.go:78
[1.599ms] [rows:0] SELECT description FROM pg_catalog.pg_description WHERE objsubid = (SELECT ordinal_position FROM information_schema.columns WHERE table_schema = CURRENT_SCHEMA() AND table_name = 'pets' AND column_name = 'name') AND objoid = (SELECT oid FROM pg_catalog.pg_class WHERE relname = 'pets' AND relnamespace = (SELECT oid FROM pg_catalog.pg_namespace WHERE nspname = CURRENT_SCHEMA()))

2025/02/13 14:39:19 /home/bryan/repos/skripsi/backend/setup/setup.go:78
[1.719ms] [rows:0] SELECT description FROM pg_catalog.pg_description WHERE objsubid = (SELECT ordinal_position FROM information_schema.columns WHERE table_schema = CURRENT_SCHEMA() AND table_name = 'pets' AND column_name = 'image_url') AND objoid = (SELECT oid FROM pg_catalog.pg_class WHERE relname = 'pets' AND relnamespace = (SELECT oid FROM pg_catalog.pg_namespace WHERE nspname = CURRENT_SCHEMA()))

2025/02/13 14:39:19 /home/bryan/repos/skripsi/backend/setup/setup.go:78
[1.822ms] [rows:0] SELECT description FROM pg_catalog.pg_description WHERE objsubid = (SELECT ordinal_position FROM information_schema.columns WHERE table_schema = CURRENT_SCHEMA() AND table_name = 'pets' AND column_name = 'status') AND objoid = (SELECT oid FROM pg_catalog.pg_class WHERE relname = 'pets' AND relnamespace = (SELECT oid FROM pg_catalog.pg_namespace WHERE nspname = CURRENT_SCHEMA()))

2025/02/13 14:39:19 /home/bryan/repos/skripsi/backend/setup/setup.go:78
[1.581ms] [rows:0] SELECT description FROM pg_catalog.pg_description WHERE objsubid = (SELECT ordinal_position FROM information_schema.columns WHERE table_schema = CURRENT_SCHEMA() AND table_name = 'pets' AND column_name = 'owner_id') AND objoid = (SELECT oid FROM pg_catalog.pg_class WHERE relname = 'pets' AND relnamespace = (SELECT oid FROM pg_catalog.pg_namespace WHERE nspname = CURRENT_SCHEMA()))

2025/02/13 14:39:19 /home/bryan/repos/skripsi/backend/setup/setup.go:78
[1.766ms] [rows:0] SELECT description FROM pg_catalog.pg_description WHERE objsubid = (SELECT ordinal_position FROM information_schema.columns WHERE table_schema = CURRENT_SCHEMA() AND table_name = 'pets' AND column_name = 'species_id') AND objoid = (SELECT oid FROM pg_catalog.pg_class WHERE relname = 'pets' AND relnamespace = (SELECT oid FROM pg_catalog.pg_namespace WHERE nspname = CURRENT_SCHEMA()))

2025/02/13 14:39:19 /home/bryan/repos/skripsi/backend/setup/setup.go:78
[1.684ms] [rows:0] SELECT description FROM pg_catalog.pg_description WHERE objsubid = (SELECT ordinal_position FROM information_schema.columns WHERE table_schema = CURRENT_SCHEMA() AND table_name = 'pets' AND column_name = 'size_id') AND objoid = (SELECT oid FROM pg_catalog.pg_class WHERE relname = 'pets' AND relnamespace = (SELECT oid FROM pg_catalog.pg_namespace WHERE nspname = CURRENT_SCHEMA()))

2025/02/13 14:39:19 /home/bryan/repos/skripsi/backend/setup/setup.go:78
[1.331ms] [rows:1] SELECT count(*) FROM INFORMATION_SCHEMA.table_constraints WHERE table_schema = CURRENT_SCHEMA() AND table_name = 'pets' AND constraint_name = 'fk_pets_species'

2025/02/13 14:39:19 /home/bryan/repos/skripsi/backend/setup/setup.go:78
[1.429ms] [rows:1] SELECT count(*) FROM INFORMATION_SCHEMA.table_constraints WHERE table_schema = CURRENT_SCHEMA() AND table_name = 'pets' AND constraint_name = 'fk_pets_size_category'

2025/02/13 14:39:19 /home/bryan/repos/skripsi/backend/setup/setup.go:78
[1.270ms] [rows:1] SELECT count(*) FROM INFORMATION_SCHEMA.table_constraints WHERE table_schema = CURRENT_SCHEMA() AND table_name = 'pets' AND constraint_name = 'fk_users_pets'

2025/02/13 14:39:19 /home/bryan/repos/skripsi/backend/setup/setup.go:78
[2.931ms] [rows:1] SELECT count(*) FROM pg_indexes WHERE tablename = 'pets' AND indexname = 'idx_pets_deleted_at' AND schemaname = CURRENT_SCHEMA()

2025/02/13 14:39:19 /home/bryan/repos/skripsi/backend/setup/setup.go:78
[1.268ms] [rows:1] SELECT count(*) FROM information_schema.tables WHERE table_schema = CURRENT_SCHEMA() AND table_name = 'slots' AND table_type = 'BASE TABLE'

2025/02/13 14:39:19 /home/bryan/repos/skripsi/backend/setup/setup.go:78
[0.936ms] [rows:1] SELECT CURRENT_DATABASE()

2025/02/13 14:39:19 /home/bryan/repos/skripsi/backend/setup/setup.go:78
[3.835ms] [rows:-] SELECT c.column_name, c.is_nullable = 'YES', c.udt_name, c.character_maximum_length, c.numeric_precision, c.numeric_precision_radix, c.numeric_scale, c.datetime_precision, 8 * typlen, c.column_default, pd.description, c.identity_increment FROM information_schema.columns AS c JOIN pg_type AS pgt ON c.udt_name = pgt.typname LEFT JOIN pg_catalog.pg_description as pd ON pd.objsubid = c.ordinal_position AND pd.objoid = (SELECT oid FROM pg_catalog.pg_class WHERE relname = c.table_name AND relnamespace = (SELECT oid FROM pg_catalog.pg_namespace WHERE nspname = c.table_schema)) where table_catalog = $1$ AND table_schema = CURRENT_SCHEMA() AND table_name = $2$

2025/02/13 14:39:19 /home/bryan/repos/skripsi/backend/setup/setup.go:78
[1.116ms] [rows:-] SELECT * FROM "slots" LIMIT $1$

2025/02/13 14:39:19 /home/bryan/repos/skripsi/backend/setup/setup.go:78
[3.002ms] [rows:-] SELECT constraint_name FROM information_schema.table_constraints tc JOIN information_schema.constraint_column_usage AS ccu USING (constraint_schema, constraint_catalog, table_name, constraint_name) JOIN information_schema.columns AS c ON c.table_schema = tc.constraint_schema AND tc.table_name = c.table_name AND ccu.column_name = c.column_name WHERE constraint_type IN ('PRIMARY KEY', 'UNIQUE') AND c.table_catalog = $1$ AND c.table_schema = CURRENT_SCHEMA() AND c.table_name = $2$ AND constraint_type = $3$

2025/02/13 14:39:19 /home/bryan/repos/skripsi/backend/setup/setup.go:78
[3.179ms] [rows:-] SELECT c.column_name, constraint_name, constraint_type FROM information_schema.table_constraints tc JOIN information_schema.constraint_column_usage AS ccu USING (constraint_schema, constraint_catalog, table_name, constraint_name) JOIN information_schema.columns AS c ON c.table_schema = tc.constraint_schema AND tc.table_name = c.table_name AND ccu.column_name = c.column_name WHERE constraint_type IN ('PRIMARY KEY', 'UNIQUE') AND c.table_catalog = $1$ AND c.table_schema = CURRENT_SCHEMA() AND c.table_name = $2$

2025/02/13 14:39:19 /home/bryan/repos/skripsi/backend/setup/setup.go:78
[1.110ms] [rows:-] SELECT a.attname as column_name, format_type(a.atttypid, a.atttypmod) AS data_type
		FROM pg_attribute a JOIN pg_class b ON a.attrelid = b.oid AND relnamespace = (SELECT oid FROM pg_catalog.pg_namespace WHERE nspname = CURRENT_SCHEMA())
		WHERE a.attnum > 0 -- hide internal columns
		AND NOT a.attisdropped -- hide deleted columns
		AND b.relname = $1$

2025/02/13 14:39:19 /home/bryan/repos/skripsi/backend/setup/setup.go:78
[1.625ms] [rows:0] SELECT description FROM pg_catalog.pg_description WHERE objsubid = (SELECT ordinal_position FROM information_schema.columns WHERE table_schema = CURRENT_SCHEMA() AND table_name = 'slots' AND column_name = 'id') AND objoid = (SELECT oid FROM pg_catalog.pg_class WHERE relname = 'slots' AND relnamespace = (SELECT oid FROM pg_catalog.pg_namespace WHERE nspname = CURRENT_SCHEMA()))

2025/02/13 14:39:19 /home/bryan/repos/skripsi/backend/setup/setup.go:78
[1.725ms] [rows:0] SELECT description FROM pg_catalog.pg_description WHERE objsubid = (SELECT ordinal_position FROM information_schema.columns WHERE table_schema = CURRENT_SCHEMA() AND table_name = 'slots' AND column_name = 'created_at') AND objoid = (SELECT oid FROM pg_catalog.pg_class WHERE relname = 'slots' AND relnamespace = (SELECT oid FROM pg_catalog.pg_namespace WHERE nspname = CURRENT_SCHEMA()))

2025/02/13 14:39:19 /home/bryan/repos/skripsi/backend/setup/setup.go:78
[1.682ms] [rows:0] SELECT description FROM pg_catalog.pg_description WHERE objsubid = (SELECT ordinal_position FROM information_schema.columns WHERE table_schema = CURRENT_SCHEMA() AND table_name = 'slots' AND column_name = 'updated_at') AND objoid = (SELECT oid FROM pg_catalog.pg_class WHERE relname = 'slots' AND relnamespace = (SELECT oid FROM pg_catalog.pg_namespace WHERE nspname = CURRENT_SCHEMA()))

2025/02/13 14:39:19 /home/bryan/repos/skripsi/backend/setup/setup.go:78
[1.503ms] [rows:0] SELECT description FROM pg_catalog.pg_description WHERE objsubid = (SELECT ordinal_position FROM information_schema.columns WHERE table_schema = CURRENT_SCHEMA() AND table_name = 'slots' AND column_name = 'deleted_at') AND objoid = (SELECT oid FROM pg_catalog.pg_class WHERE relname = 'slots' AND relnamespace = (SELECT oid FROM pg_catalog.pg_namespace WHERE nspname = CURRENT_SCHEMA()))

2025/02/13 14:39:19 /home/bryan/repos/skripsi/backend/setup/setup.go:78
[1.610ms] [rows:0] SELECT description FROM pg_catalog.pg_description WHERE objsubid = (SELECT ordinal_position FROM information_schema.columns WHERE table_schema = CURRENT_SCHEMA() AND table_name = 'slots' AND column_name = 'daycare_id') AND objoid = (SELECT oid FROM pg_catalog.pg_class WHERE relname = 'slots' AND relnamespace = (SELECT oid FROM pg_catalog.pg_namespace WHERE nspname = CURRENT_SCHEMA()))

2025/02/13 14:39:19 /home/bryan/repos/skripsi/backend/setup/setup.go:78
[1.637ms] [rows:0] SELECT description FROM pg_catalog.pg_description WHERE objsubid = (SELECT ordinal_position FROM information_schema.columns WHERE table_schema = CURRENT_SCHEMA() AND table_name = 'slots' AND column_name = 'species_id') AND objoid = (SELECT oid FROM pg_catalog.pg_class WHERE relname = 'slots' AND relnamespace = (SELECT oid FROM pg_catalog.pg_namespace WHERE nspname = CURRENT_SCHEMA()))

2025/02/13 14:39:19 /home/bryan/repos/skripsi/backend/setup/setup.go:78
[1.822ms] [rows:0] SELECT description FROM pg_catalog.pg_description WHERE objsubid = (SELECT ordinal_position FROM information_schema.columns WHERE table_schema = CURRENT_SCHEMA() AND table_name = 'slots' AND column_name = 'size_category_id') AND objoid = (SELECT oid FROM pg_catalog.pg_class WHERE relname = 'slots' AND relnamespace = (SELECT oid FROM pg_catalog.pg_namespace WHERE nspname = CURRENT_SCHEMA()))

2025/02/13 14:39:19 /home/bryan/repos/skripsi/backend/setup/setup.go:78
[1.635ms] [rows:0] SELECT description FROM pg_catalog.pg_description WHERE objsubid = (SELECT ordinal_position FROM information_schema.columns WHERE table_schema = CURRENT_SCHEMA() AND table_name = 'slots' AND column_name = 'max_number') AND objoid = (SELECT oid FROM pg_catalog.pg_class WHERE relname = 'slots' AND relnamespace = (SELECT oid FROM pg_catalog.pg_namespace WHERE nspname = CURRENT_SCHEMA()))

2025/02/13 14:39:19 /home/bryan/repos/skripsi/backend/setup/setup.go:78
[1.483ms] [rows:1] SELECT count(*) FROM INFORMATION_SCHEMA.table_constraints WHERE table_schema = CURRENT_SCHEMA() AND table_name = 'slots' AND constraint_name = 'fk_pet_daycares_slots'

2025/02/13 14:39:19 /home/bryan/repos/skripsi/backend/setup/setup.go:78
[2.910ms] [rows:1] SELECT count(*) FROM pg_indexes WHERE tablename = 'slots' AND indexname = 'idx_slots_deleted_at' AND schemaname = CURRENT_SCHEMA()

2025/02/13 14:39:19 /home/bryan/repos/skripsi/backend/setup/setup.go:78
[1.235ms] [rows:1] SELECT count(*) FROM information_schema.tables WHERE table_schema = CURRENT_SCHEMA() AND table_name = 'booked_slots' AND table_type = 'BASE TABLE'

2025/02/13 14:39:19 /home/bryan/repos/skripsi/backend/setup/setup.go:78
[0.920ms] [rows:1] SELECT CURRENT_DATABASE()

2025/02/13 14:39:19 /home/bryan/repos/skripsi/backend/setup/setup.go:78
[3.855ms] [rows:-] SELECT c.column_name, c.is_nullable = 'YES', c.udt_name, c.character_maximum_length, c.numeric_precision, c.numeric_precision_radix, c.numeric_scale, c.datetime_precision, 8 * typlen, c.column_default, pd.description, c.identity_increment FROM information_schema.columns AS c JOIN pg_type AS pgt ON c.udt_name = pgt.typname LEFT JOIN pg_catalog.pg_description as pd ON pd.objsubid = c.ordinal_position AND pd.objoid = (SELECT oid FROM pg_catalog.pg_class WHERE relname = c.table_name AND relnamespace = (SELECT oid FROM pg_catalog.pg_namespace WHERE nspname = c.table_schema)) where table_catalog = $1$ AND table_schema = CURRENT_SCHEMA() AND table_name = $2$

2025/02/13 14:39:19 /home/bryan/repos/skripsi/backend/setup/setup.go:78
[1.084ms] [rows:-] SELECT * FROM "booked_slots" LIMIT $1$

2025/02/13 14:39:19 /home/bryan/repos/skripsi/backend/setup/setup.go:78
[3.822ms] [rows:-] SELECT constraint_name FROM information_schema.table_constraints tc JOIN information_schema.constraint_column_usage AS ccu USING (constraint_schema, constraint_catalog, table_name, constraint_name) JOIN information_schema.columns AS c ON c.table_schema = tc.constraint_schema AND tc.table_name = c.table_name AND ccu.column_name = c.column_name WHERE constraint_type IN ('PRIMARY KEY', 'UNIQUE') AND c.table_catalog = $1$ AND c.table_schema = CURRENT_SCHEMA() AND c.table_name = $2$ AND constraint_type = $3$

2025/02/13 14:39:19 /home/bryan/repos/skripsi/backend/setup/setup.go:78
[3.744ms] [rows:-] SELECT c.column_name, constraint_name, constraint_type FROM information_schema.table_constraints tc JOIN information_schema.constraint_column_usage AS ccu USING (constraint_schema, constraint_catalog, table_name, constraint_name) JOIN information_schema.columns AS c ON c.table_schema = tc.constraint_schema AND tc.table_name = c.table_name AND ccu.column_name = c.column_name WHERE constraint_type IN ('PRIMARY KEY', 'UNIQUE') AND c.table_catalog = $1$ AND c.table_schema = CURRENT_SCHEMA() AND c.table_name = $2$

2025/02/13 14:39:19 /home/bryan/repos/skripsi/backend/setup/setup.go:78
[1.140ms] [rows:-] SELECT a.attname as column_name, format_type(a.atttypid, a.atttypmod) AS data_type
		FROM pg_attribute a JOIN pg_class b ON a.attrelid = b.oid AND relnamespace = (SELECT oid FROM pg_catalog.pg_namespace WHERE nspname = CURRENT_SCHEMA())
		WHERE a.attnum > 0 -- hide internal columns
		AND NOT a.attisdropped -- hide deleted columns
		AND b.relname = $1$

2025/02/13 14:39:19 /home/bryan/repos/skripsi/backend/setup/setup.go:78
[1.613ms] [rows:0] SELECT description FROM pg_catalog.pg_description WHERE objsubid = (SELECT ordinal_position FROM information_schema.columns WHERE table_schema = CURRENT_SCHEMA() AND table_name = 'booked_slots' AND column_name = 'id') AND objoid = (SELECT oid FROM pg_catalog.pg_class WHERE relname = 'booked_slots' AND relnamespace = (SELECT oid FROM pg_catalog.pg_namespace WHERE nspname = CURRENT_SCHEMA()))

2025/02/13 14:39:19 /home/bryan/repos/skripsi/backend/setup/setup.go:78
[1.704ms] [rows:0] SELECT description FROM pg_catalog.pg_description WHERE objsubid = (SELECT ordinal_position FROM information_schema.columns WHERE table_schema = CURRENT_SCHEMA() AND table_name = 'booked_slots' AND column_name = 'created_at') AND objoid = (SELECT oid FROM pg_catalog.pg_class WHERE relname = 'booked_slots' AND relnamespace = (SELECT oid FROM pg_catalog.pg_namespace WHERE nspname = CURRENT_SCHEMA()))

2025/02/13 14:39:19 /home/bryan/repos/skripsi/backend/setup/setup.go:78
[1.660ms] [rows:0] SELECT description FROM pg_catalog.pg_description WHERE objsubid = (SELECT ordinal_position FROM information_schema.columns WHERE table_schema = CURRENT_SCHEMA() AND table_name = 'booked_slots' AND column_name = 'updated_at') AND objoid = (SELECT oid FROM pg_catalog.pg_class WHERE relname = 'booked_slots' AND relnamespace = (SELECT oid FROM pg_catalog.pg_namespace WHERE nspname = CURRENT_SCHEMA()))

2025/02/13 14:39:19 /home/bryan/repos/skripsi/backend/setup/setup.go:78
[1.847ms] [rows:0] SELECT description FROM pg_catalog.pg_description WHERE objsubid = (SELECT ordinal_position FROM information_schema.columns WHERE table_schema = CURRENT_SCHEMA() AND table_name = 'booked_slots' AND column_name = 'deleted_at') AND objoid = (SELECT oid FROM pg_catalog.pg_class WHERE relname = 'booked_slots' AND relnamespace = (SELECT oid FROM pg_catalog.pg_namespace WHERE nspname = CURRENT_SCHEMA()))

2025/02/13 14:39:19 /home/bryan/repos/skripsi/backend/setup/setup.go:78
[1.749ms] [rows:0] SELECT description FROM pg_catalog.pg_description WHERE objsubid = (SELECT ordinal_position FROM information_schema.columns WHERE table_schema = CURRENT_SCHEMA() AND table_name = 'booked_slots' AND column_name = 'user_id') AND objoid = (SELECT oid FROM pg_catalog.pg_class WHERE relname = 'booked_slots' AND relnamespace = (SELECT oid FROM pg_catalog.pg_namespace WHERE nspname = CURRENT_SCHEMA()))

2025/02/13 14:39:19 /home/bryan/repos/skripsi/backend/setup/setup.go:78
[1.610ms] [rows:0] SELECT description FROM pg_catalog.pg_description WHERE objsubid = (SELECT ordinal_position FROM information_schema.columns WHERE table_schema = CURRENT_SCHEMA() AND table_name = 'booked_slots' AND column_name = 'daycare_id') AND objoid = (SELECT oid FROM pg_catalog.pg_class WHERE relname = 'booked_slots' AND relnamespace = (SELECT oid FROM pg_catalog.pg_namespace WHERE nspname = CURRENT_SCHEMA()))

2025/02/13 14:39:19 /home/bryan/repos/skripsi/backend/setup/setup.go:78
[1.740ms] [rows:0] SELECT description FROM pg_catalog.pg_description WHERE objsubid = (SELECT ordinal_position FROM information_schema.columns WHERE table_schema = CURRENT_SCHEMA() AND table_name = 'booked_slots' AND column_name = 'pet_id') AND objoid = (SELECT oid FROM pg_catalog.pg_class WHERE relname = 'booked_slots' AND relnamespace = (SELECT oid FROM pg_catalog.pg_namespace WHERE nspname = CURRENT_SCHEMA()))

2025/02/13 14:39:19 /home/bryan/repos/skripsi/backend/setup/setup.go:78
[1.605ms] [rows:0] SELECT description FROM pg_catalog.pg_description WHERE objsubid = (SELECT ordinal_position FROM information_schema.columns WHERE table_schema = CURRENT_SCHEMA() AND table_name = 'booked_slots' AND column_name = 'start_date') AND objoid = (SELECT oid FROM pg_catalog.pg_class WHERE relname = 'booked_slots' AND relnamespace = (SELECT oid FROM pg_catalog.pg_namespace WHERE nspname = CURRENT_SCHEMA()))

2025/02/13 14:39:19 /home/bryan/repos/skripsi/backend/setup/setup.go:78
[1.626ms] [rows:0] SELECT description FROM pg_catalog.pg_description WHERE objsubid = (SELECT ordinal_position FROM information_schema.columns WHERE table_schema = CURRENT_SCHEMA() AND table_name = 'booked_slots' AND column_name = 'end_date') AND objoid = (SELECT oid FROM pg_catalog.pg_class WHERE relname = 'booked_slots' AND relnamespace = (SELECT oid FROM pg_catalog.pg_namespace WHERE nspname = CURRENT_SCHEMA()))

2025/02/13 14:39:19 /home/bryan/repos/skripsi/backend/setup/setup.go:78
[1.654ms] [rows:1] SELECT count(*) FROM INFORMATION_SCHEMA.table_constraints WHERE table_schema = CURRENT_SCHEMA() AND table_name = 'booked_slots' AND constraint_name = 'fk_booked_slots_user'

2025/02/13 14:39:19 /home/bryan/repos/skripsi/backend/setup/setup.go:78
[1.820ms] [rows:1] SELECT count(*) FROM INFORMATION_SCHEMA.table_constraints WHERE table_schema = CURRENT_SCHEMA() AND table_name = 'booked_slots' AND constraint_name = 'fk_pets_booked_slots'

2025/02/13 14:39:19 /home/bryan/repos/skripsi/backend/setup/setup.go:78
[1.385ms] [rows:1] SELECT count(*) FROM INFORMATION_SCHEMA.table_constraints WHERE table_schema = CURRENT_SCHEMA() AND table_name = 'booked_slots' AND constraint_name = 'fk_pet_daycares_booked_slots'

2025/02/13 14:39:19 /home/bryan/repos/skripsi/backend/setup/setup.go:78
[2.728ms] [rows:1] SELECT count(*) FROM pg_indexes WHERE tablename = 'booked_slots' AND indexname = 'idx_booked_slots_deleted_at' AND schemaname = CURRENT_SCHEMA()

2025/02/13 14:39:19 /home/bryan/repos/skripsi/backend/setup/setup.go:78
[1.164ms] [rows:1] SELECT count(*) FROM information_schema.tables WHERE table_schema = CURRENT_SCHEMA() AND table_name = 'thumbnails' AND table_type = 'BASE TABLE'

2025/02/13 14:39:19 /home/bryan/repos/skripsi/backend/setup/setup.go:78
[0.828ms] [rows:1] SELECT CURRENT_DATABASE()

2025/02/13 14:39:19 /home/bryan/repos/skripsi/backend/setup/setup.go:78
[3.254ms] [rows:-] SELECT c.column_name, c.is_nullable = 'YES', c.udt_name, c.character_maximum_length, c.numeric_precision, c.numeric_precision_radix, c.numeric_scale, c.datetime_precision, 8 * typlen, c.column_default, pd.description, c.identity_increment FROM information_schema.columns AS c JOIN pg_type AS pgt ON c.udt_name = pgt.typname LEFT JOIN pg_catalog.pg_description as pd ON pd.objsubid = c.ordinal_position AND pd.objoid = (SELECT oid FROM pg_catalog.pg_class WHERE relname = c.table_name AND relnamespace = (SELECT oid FROM pg_catalog.pg_namespace WHERE nspname = c.table_schema)) where table_catalog = $1$ AND table_schema = CURRENT_SCHEMA() AND table_name = $2$

2025/02/13 14:39:19 /home/bryan/repos/skripsi/backend/setup/setup.go:78
[1.120ms] [rows:-] SELECT * FROM "thumbnails" LIMIT $1$

2025/02/13 14:39:19 /home/bryan/repos/skripsi/backend/setup/setup.go:78
[2.653ms] [rows:-] SELECT constraint_name FROM information_schema.table_constraints tc JOIN information_schema.constraint_column_usage AS ccu USING (constraint_schema, constraint_catalog, table_name, constraint_name) JOIN information_schema.columns AS c ON c.table_schema = tc.constraint_schema AND tc.table_name = c.table_name AND ccu.column_name = c.column_name WHERE constraint_type IN ('PRIMARY KEY', 'UNIQUE') AND c.table_catalog = $1$ AND c.table_schema = CURRENT_SCHEMA() AND c.table_name = $2$ AND constraint_type = $3$

2025/02/13 14:39:19 /home/bryan/repos/skripsi/backend/setup/setup.go:78
[2.770ms] [rows:-] SELECT c.column_name, constraint_name, constraint_type FROM information_schema.table_constraints tc JOIN information_schema.constraint_column_usage AS ccu USING (constraint_schema, constraint_catalog, table_name, constraint_name) JOIN information_schema.columns AS c ON c.table_schema = tc.constraint_schema AND tc.table_name = c.table_name AND ccu.column_name = c.column_name WHERE constraint_type IN ('PRIMARY KEY', 'UNIQUE') AND c.table_catalog = $1$ AND c.table_schema = CURRENT_SCHEMA() AND c.table_name = $2$

2025/02/13 14:39:19 /home/bryan/repos/skripsi/backend/setup/setup.go:78
[1.036ms] [rows:-] SELECT a.attname as column_name, format_type(a.atttypid, a.atttypmod) AS data_type
		FROM pg_attribute a JOIN pg_class b ON a.attrelid = b.oid AND relnamespace = (SELECT oid FROM pg_catalog.pg_namespace WHERE nspname = CURRENT_SCHEMA())
		WHERE a.attnum > 0 -- hide internal columns
		AND NOT a.attisdropped -- hide deleted columns
		AND b.relname = $1$

2025/02/13 14:39:19 /home/bryan/repos/skripsi/backend/setup/setup.go:78
[1.518ms] [rows:0] SELECT description FROM pg_catalog.pg_description WHERE objsubid = (SELECT ordinal_position FROM information_schema.columns WHERE table_schema = CURRENT_SCHEMA() AND table_name = 'thumbnails' AND column_name = 'id') AND objoid = (SELECT oid FROM pg_catalog.pg_class WHERE relname = 'thumbnails' AND relnamespace = (SELECT oid FROM pg_catalog.pg_namespace WHERE nspname = CURRENT_SCHEMA()))

2025/02/13 14:39:19 /home/bryan/repos/skripsi/backend/setup/setup.go:78
[1.815ms] [rows:0] SELECT description FROM pg_catalog.pg_description WHERE objsubid = (SELECT ordinal_position FROM information_schema.columns WHERE table_schema = CURRENT_SCHEMA() AND table_name = 'thumbnails' AND column_name = 'daycare_id') AND objoid = (SELECT oid FROM pg_catalog.pg_class WHERE relname = 'thumbnails' AND relnamespace = (SELECT oid FROM pg_catalog.pg_namespace WHERE nspname = CURRENT_SCHEMA()))

2025/02/13 14:39:19 /home/bryan/repos/skripsi/backend/setup/setup.go:78
[1.896ms] [rows:0] SELECT description FROM pg_catalog.pg_description WHERE objsubid = (SELECT ordinal_position FROM information_schema.columns WHERE table_schema = CURRENT_SCHEMA() AND table_name = 'thumbnails' AND column_name = 'image_url') AND objoid = (SELECT oid FROM pg_catalog.pg_class WHERE relname = 'thumbnails' AND relnamespace = (SELECT oid FROM pg_catalog.pg_namespace WHERE nspname = CURRENT_SCHEMA()))

2025/02/13 14:39:19 /home/bryan/repos/skripsi/backend/setup/setup.go:78
[1.512ms] [rows:1] SELECT count(*) FROM INFORMATION_SCHEMA.table_constraints WHERE table_schema = CURRENT_SCHEMA() AND table_name = 'thumbnails' AND constraint_name = 'fk_pet_daycares_thumbnails'

2025/02/13 14:39:19 /home/bryan/repos/skripsi/backend/setup/setup.go:78
[1.199ms] [rows:1] SELECT count(*) FROM information_schema.tables WHERE table_schema = CURRENT_SCHEMA() AND table_name = 'reviews' AND table_type = 'BASE TABLE'

2025/02/13 14:39:19 /home/bryan/repos/skripsi/backend/setup/setup.go:78
[0.897ms] [rows:1] SELECT CURRENT_DATABASE()

2025/02/13 14:39:19 /home/bryan/repos/skripsi/backend/setup/setup.go:78
[4.109ms] [rows:-] SELECT c.column_name, c.is_nullable = 'YES', c.udt_name, c.character_maximum_length, c.numeric_precision, c.numeric_precision_radix, c.numeric_scale, c.datetime_precision, 8 * typlen, c.column_default, pd.description, c.identity_increment FROM information_schema.columns AS c JOIN pg_type AS pgt ON c.udt_name = pgt.typname LEFT JOIN pg_catalog.pg_description as pd ON pd.objsubid = c.ordinal_position AND pd.objoid = (SELECT oid FROM pg_catalog.pg_class WHERE relname = c.table_name AND relnamespace = (SELECT oid FROM pg_catalog.pg_namespace WHERE nspname = c.table_schema)) where table_catalog = $1$ AND table_schema = CURRENT_SCHEMA() AND table_name = $2$

2025/02/13 14:39:19 /home/bryan/repos/skripsi/backend/setup/setup.go:78
[1.212ms] [rows:-] SELECT * FROM "reviews" LIMIT $1$

2025/02/13 14:39:19 /home/bryan/repos/skripsi/backend/setup/setup.go:78
[3.624ms] [rows:-] SELECT constraint_name FROM information_schema.table_constraints tc JOIN information_schema.constraint_column_usage AS ccu USING (constraint_schema, constraint_catalog, table_name, constraint_name) JOIN information_schema.columns AS c ON c.table_schema = tc.constraint_schema AND tc.table_name = c.table_name AND ccu.column_name = c.column_name WHERE constraint_type IN ('PRIMARY KEY', 'UNIQUE') AND c.table_catalog = $1$ AND c.table_schema = CURRENT_SCHEMA() AND c.table_name = $2$ AND constraint_type = $3$

2025/02/13 14:39:19 /home/bryan/repos/skripsi/backend/setup/setup.go:78
[3.586ms] [rows:-] SELECT c.column_name, constraint_name, constraint_type FROM information_schema.table_constraints tc JOIN information_schema.constraint_column_usage AS ccu USING (constraint_schema, constraint_catalog, table_name, constraint_name) JOIN information_schema.columns AS c ON c.table_schema = tc.constraint_schema AND tc.table_name = c.table_name AND ccu.column_name = c.column_name WHERE constraint_type IN ('PRIMARY KEY', 'UNIQUE') AND c.table_catalog = $1$ AND c.table_schema = CURRENT_SCHEMA() AND c.table_name = $2$

2025/02/13 14:39:19 /home/bryan/repos/skripsi/backend/setup/setup.go:78
[1.105ms] [rows:-] SELECT a.attname as column_name, format_type(a.atttypid, a.atttypmod) AS data_type
		FROM pg_attribute a JOIN pg_class b ON a.attrelid = b.oid AND relnamespace = (SELECT oid FROM pg_catalog.pg_namespace WHERE nspname = CURRENT_SCHEMA())
		WHERE a.attnum > 0 -- hide internal columns
		AND NOT a.attisdropped -- hide deleted columns
		AND b.relname = $1$

2025/02/13 14:39:19 /home/bryan/repos/skripsi/backend/setup/setup.go:78
[1.691ms] [rows:0] SELECT description FROM pg_catalog.pg_description WHERE objsubid = (SELECT ordinal_position FROM information_schema.columns WHERE table_schema = CURRENT_SCHEMA() AND table_name = 'reviews' AND column_name = 'id') AND objoid = (SELECT oid FROM pg_catalog.pg_class WHERE relname = 'reviews' AND relnamespace = (SELECT oid FROM pg_catalog.pg_namespace WHERE nspname = CURRENT_SCHEMA()))

2025/02/13 14:39:19 /home/bryan/repos/skripsi/backend/setup/setup.go:78
[1.700ms] [rows:0] SELECT description FROM pg_catalog.pg_description WHERE objsubid = (SELECT ordinal_position FROM information_schema.columns WHERE table_schema = CURRENT_SCHEMA() AND table_name = 'reviews' AND column_name = 'created_at') AND objoid = (SELECT oid FROM pg_catalog.pg_class WHERE relname = 'reviews' AND relnamespace = (SELECT oid FROM pg_catalog.pg_namespace WHERE nspname = CURRENT_SCHEMA()))

2025/02/13 14:39:19 /home/bryan/repos/skripsi/backend/setup/setup.go:78
[1.837ms] [rows:0] SELECT description FROM pg_catalog.pg_description WHERE objsubid = (SELECT ordinal_position FROM information_schema.columns WHERE table_schema = CURRENT_SCHEMA() AND table_name = 'reviews' AND column_name = 'updated_at') AND objoid = (SELECT oid FROM pg_catalog.pg_class WHERE relname = 'reviews' AND relnamespace = (SELECT oid FROM pg_catalog.pg_namespace WHERE nspname = CURRENT_SCHEMA()))

2025/02/13 14:39:19 /home/bryan/repos/skripsi/backend/setup/setup.go:78
[1.515ms] [rows:0] SELECT description FROM pg_catalog.pg_description WHERE objsubid = (SELECT ordinal_position FROM information_schema.columns WHERE table_schema = CURRENT_SCHEMA() AND table_name = 'reviews' AND column_name = 'deleted_at') AND objoid = (SELECT oid FROM pg_catalog.pg_class WHERE relname = 'reviews' AND relnamespace = (SELECT oid FROM pg_catalog.pg_namespace WHERE nspname = CURRENT_SCHEMA()))

2025/02/13 14:39:19 /home/bryan/repos/skripsi/backend/setup/setup.go:78
[1.634ms] [rows:0] SELECT description FROM pg_catalog.pg_description WHERE objsubid = (SELECT ordinal_position FROM information_schema.columns WHERE table_schema = CURRENT_SCHEMA() AND table_name = 'reviews' AND column_name = 'daycare_id') AND objoid = (SELECT oid FROM pg_catalog.pg_class WHERE relname = 'reviews' AND relnamespace = (SELECT oid FROM pg_catalog.pg_namespace WHERE nspname = CURRENT_SCHEMA()))

2025/02/13 14:39:19 /home/bryan/repos/skripsi/backend/setup/setup.go:78
[1.669ms] [rows:0] SELECT description FROM pg_catalog.pg_description WHERE objsubid = (SELECT ordinal_position FROM information_schema.columns WHERE table_schema = CURRENT_SCHEMA() AND table_name = 'reviews' AND column_name = 'user_id') AND objoid = (SELECT oid FROM pg_catalog.pg_class WHERE relname = 'reviews' AND relnamespace = (SELECT oid FROM pg_catalog.pg_namespace WHERE nspname = CURRENT_SCHEMA()))

2025/02/13 14:39:19 /home/bryan/repos/skripsi/backend/setup/setup.go:78
[1.507ms] [rows:0] SELECT description FROM pg_catalog.pg_description WHERE objsubid = (SELECT ordinal_position FROM information_schema.columns WHERE table_schema = CURRENT_SCHEMA() AND table_name = 'reviews' AND column_name = 'name') AND objoid = (SELECT oid FROM pg_catalog.pg_class WHERE relname = 'reviews' AND relnamespace = (SELECT oid FROM pg_catalog.pg_namespace WHERE nspname = CURRENT_SCHEMA()))

2025/02/13 14:39:19 /home/bryan/repos/skripsi/backend/setup/setup.go:78
[1.546ms] [rows:0] SELECT description FROM pg_catalog.pg_description WHERE objsubid = (SELECT ordinal_position FROM information_schema.columns WHERE table_schema = CURRENT_SCHEMA() AND table_name = 'reviews' AND column_name = 'rate') AND objoid = (SELECT oid FROM pg_catalog.pg_class WHERE relname = 'reviews' AND relnamespace = (SELECT oid FROM pg_catalog.pg_namespace WHERE nspname = CURRENT_SCHEMA()))

2025/02/13 14:39:19 /home/bryan/repos/skripsi/backend/setup/setup.go:78
[1.654ms] [rows:0] SELECT description FROM pg_catalog.pg_description WHERE objsubid = (SELECT ordinal_position FROM information_schema.columns WHERE table_schema = CURRENT_SCHEMA() AND table_name = 'reviews' AND column_name = 'description') AND objoid = (SELECT oid FROM pg_catalog.pg_class WHERE relname = 'reviews' AND relnamespace = (SELECT oid FROM pg_catalog.pg_namespace WHERE nspname = CURRENT_SCHEMA()))

2025/02/13 14:39:19 /home/bryan/repos/skripsi/backend/setup/setup.go:78
[1.386ms] [rows:1] SELECT count(*) FROM INFORMATION_SCHEMA.table_constraints WHERE table_schema = CURRENT_SCHEMA() AND table_name = 'reviews' AND constraint_name = 'fk_pet_daycares_reviews'

2025/02/13 14:39:19 /home/bryan/repos/skripsi/backend/setup/setup.go:78
[1.261ms] [rows:1] SELECT count(*) FROM INFORMATION_SCHEMA.table_constraints WHERE table_schema = CURRENT_SCHEMA() AND table_name = 'reviews' AND constraint_name = 'fk_users_reviews'

2025/02/13 14:39:19 /home/bryan/repos/skripsi/backend/setup/setup.go:78
[3.001ms] [rows:1] SELECT count(*) FROM pg_indexes WHERE tablename = 'reviews' AND indexname = 'idx_reviews_deleted_at' AND schemaname = CURRENT_SCHEMA()

2025/02/13 14:39:19 /home/bryan/repos/skripsi/backend/setup/setup.go:78
[1.282ms] [rows:1] SELECT count(*) FROM information_schema.tables WHERE table_schema = CURRENT_SCHEMA() AND table_name = 'refresh_tokens' AND table_type = 'BASE TABLE'

2025/02/13 14:39:19 /home/bryan/repos/skripsi/backend/setup/setup.go:78
[1.475ms] [rows:1] SELECT CURRENT_DATABASE()

2025/02/13 14:39:19 /home/bryan/repos/skripsi/backend/setup/setup.go:78
[4.333ms] [rows:-] SELECT c.column_name, c.is_nullable = 'YES', c.udt_name, c.character_maximum_length, c.numeric_precision, c.numeric_precision_radix, c.numeric_scale, c.datetime_precision, 8 * typlen, c.column_default, pd.description, c.identity_increment FROM information_schema.columns AS c JOIN pg_type AS pgt ON c.udt_name = pgt.typname LEFT JOIN pg_catalog.pg_description as pd ON pd.objsubid = c.ordinal_position AND pd.objoid = (SELECT oid FROM pg_catalog.pg_class WHERE relname = c.table_name AND relnamespace = (SELECT oid FROM pg_catalog.pg_namespace WHERE nspname = c.table_schema)) where table_catalog = $1$ AND table_schema = CURRENT_SCHEMA() AND table_name = $2$

2025/02/13 14:39:19 /home/bryan/repos/skripsi/backend/setup/setup.go:78
[1.671ms] [rows:-] SELECT * FROM "refresh_tokens" LIMIT $1$

2025/02/13 14:39:19 /home/bryan/repos/skripsi/backend/setup/setup.go:78
[3.266ms] [rows:-] SELECT constraint_name FROM information_schema.table_constraints tc JOIN information_schema.constraint_column_usage AS ccu USING (constraint_schema, constraint_catalog, table_name, constraint_name) JOIN information_schema.columns AS c ON c.table_schema = tc.constraint_schema AND tc.table_name = c.table_name AND ccu.column_name = c.column_name WHERE constraint_type IN ('PRIMARY KEY', 'UNIQUE') AND c.table_catalog = $1$ AND c.table_schema = CURRENT_SCHEMA() AND c.table_name = $2$ AND constraint_type = $3$

2025/02/13 14:39:19 /home/bryan/repos/skripsi/backend/setup/setup.go:78
[3.256ms] [rows:-] SELECT c.column_name, constraint_name, constraint_type FROM information_schema.table_constraints tc JOIN information_schema.constraint_column_usage AS ccu USING (constraint_schema, constraint_catalog, table_name, constraint_name) JOIN information_schema.columns AS c ON c.table_schema = tc.constraint_schema AND tc.table_name = c.table_name AND ccu.column_name = c.column_name WHERE constraint_type IN ('PRIMARY KEY', 'UNIQUE') AND c.table_catalog = $1$ AND c.table_schema = CURRENT_SCHEMA() AND c.table_name = $2$

2025/02/13 14:39:19 /home/bryan/repos/skripsi/backend/setup/setup.go:78
[1.046ms] [rows:-] SELECT a.attname as column_name, format_type(a.atttypid, a.atttypmod) AS data_type
		FROM pg_attribute a JOIN pg_class b ON a.attrelid = b.oid AND relnamespace = (SELECT oid FROM pg_catalog.pg_namespace WHERE nspname = CURRENT_SCHEMA())
		WHERE a.attnum > 0 -- hide internal columns
		AND NOT a.attisdropped -- hide deleted columns
		AND b.relname = $1$

2025/02/13 14:39:19 /home/bryan/repos/skripsi/backend/setup/setup.go:78
[1.576ms] [rows:0] SELECT description FROM pg_catalog.pg_description WHERE objsubid = (SELECT ordinal_position FROM information_schema.columns WHERE table_schema = CURRENT_SCHEMA() AND table_name = 'refresh_tokens' AND column_name = 'id') AND objoid = (SELECT oid FROM pg_catalog.pg_class WHERE relname = 'refresh_tokens' AND relnamespace = (SELECT oid FROM pg_catalog.pg_namespace WHERE nspname = CURRENT_SCHEMA()))

2025/02/13 14:39:19 /home/bryan/repos/skripsi/backend/setup/setup.go:78
[1.779ms] [rows:0] SELECT description FROM pg_catalog.pg_description WHERE objsubid = (SELECT ordinal_position FROM information_schema.columns WHERE table_schema = CURRENT_SCHEMA() AND table_name = 'refresh_tokens' AND column_name = 'created_at') AND objoid = (SELECT oid FROM pg_catalog.pg_class WHERE relname = 'refresh_tokens' AND relnamespace = (SELECT oid FROM pg_catalog.pg_namespace WHERE nspname = CURRENT_SCHEMA()))

2025/02/13 14:39:19 /home/bryan/repos/skripsi/backend/setup/setup.go:78
[1.765ms] [rows:0] SELECT description FROM pg_catalog.pg_description WHERE objsubid = (SELECT ordinal_position FROM information_schema.columns WHERE table_schema = CURRENT_SCHEMA() AND table_name = 'refresh_tokens' AND column_name = 'updated_at') AND objoid = (SELECT oid FROM pg_catalog.pg_class WHERE relname = 'refresh_tokens' AND relnamespace = (SELECT oid FROM pg_catalog.pg_namespace WHERE nspname = CURRENT_SCHEMA()))

2025/02/13 14:39:19 /home/bryan/repos/skripsi/backend/setup/setup.go:78
[1.687ms] [rows:0] SELECT description FROM pg_catalog.pg_description WHERE objsubid = (SELECT ordinal_position FROM information_schema.columns WHERE table_schema = CURRENT_SCHEMA() AND table_name = 'refresh_tokens' AND column_name = 'deleted_at') AND objoid = (SELECT oid FROM pg_catalog.pg_class WHERE relname = 'refresh_tokens' AND relnamespace = (SELECT oid FROM pg_catalog.pg_namespace WHERE nspname = CURRENT_SCHEMA()))

2025/02/13 14:39:19 /home/bryan/repos/skripsi/backend/setup/setup.go:78
[1.656ms] [rows:0] SELECT description FROM pg_catalog.pg_description WHERE objsubid = (SELECT ordinal_position FROM information_schema.columns WHERE table_schema = CURRENT_SCHEMA() AND table_name = 'refresh_tokens' AND column_name = 'user_id') AND objoid = (SELECT oid FROM pg_catalog.pg_class WHERE relname = 'refresh_tokens' AND relnamespace = (SELECT oid FROM pg_catalog.pg_namespace WHERE nspname = CURRENT_SCHEMA()))

2025/02/13 14:39:19 /home/bryan/repos/skripsi/backend/setup/setup.go:78
[1.637ms] [rows:0] SELECT description FROM pg_catalog.pg_description WHERE objsubid = (SELECT ordinal_position FROM information_schema.columns WHERE table_schema = CURRENT_SCHEMA() AND table_name = 'refresh_tokens' AND column_name = 'token') AND objoid = (SELECT oid FROM pg_catalog.pg_class WHERE relname = 'refresh_tokens' AND relnamespace = (SELECT oid FROM pg_catalog.pg_namespace WHERE nspname = CURRENT_SCHEMA()))

2025/02/13 14:39:19 /home/bryan/repos/skripsi/backend/setup/setup.go:78
[1.563ms] [rows:0] SELECT description FROM pg_catalog.pg_description WHERE objsubid = (SELECT ordinal_position FROM information_schema.columns WHERE table_schema = CURRENT_SCHEMA() AND table_name = 'refresh_tokens' AND column_name = 'expires_at') AND objoid = (SELECT oid FROM pg_catalog.pg_class WHERE relname = 'refresh_tokens' AND relnamespace = (SELECT oid FROM pg_catalog.pg_namespace WHERE nspname = CURRENT_SCHEMA()))

2025/02/13 14:39:19 /home/bryan/repos/skripsi/backend/setup/setup.go:78
[1.101ms] [rows:1] SELECT count(*) FROM pg_indexes WHERE tablename = 'refresh_tokens' AND indexname = 'idx_refresh_tokens_deleted_at' AND schemaname = CURRENT_SCHEMA()

2025/02/13 14:39:19 /home/bryan/repos/skripsi/backend/setup/setup.go:78
[1.146ms] [rows:1] SELECT count(*) FROM pg_indexes WHERE tablename = 'refresh_tokens' AND indexname = 'idx_refresh_tokens_user_id' AND schemaname = CURRENT_SCHEMA()

2025/02/13 14:39:19 /home/bryan/repos/skripsi/backend/setup/setup.go:78
[1.173ms] [rows:1] SELECT count(*) FROM information_schema.tables WHERE table_schema = CURRENT_SCHEMA() AND table_name = 'transactions' AND table_type = 'BASE TABLE'

2025/02/13 14:39:19 /home/bryan/repos/skripsi/backend/setup/setup.go:78
[0.952ms] [rows:1] SELECT CURRENT_DATABASE()

2025/02/13 14:39:19 /home/bryan/repos/skripsi/backend/setup/setup.go:78
[3.524ms] [rows:-] SELECT c.column_name, c.is_nullable = 'YES', c.udt_name, c.character_maximum_length, c.numeric_precision, c.numeric_precision_radix, c.numeric_scale, c.datetime_precision, 8 * typlen, c.column_default, pd.description, c.identity_increment FROM information_schema.columns AS c JOIN pg_type AS pgt ON c.udt_name = pgt.typname LEFT JOIN pg_catalog.pg_description as pd ON pd.objsubid = c.ordinal_position AND pd.objoid = (SELECT oid FROM pg_catalog.pg_class WHERE relname = c.table_name AND relnamespace = (SELECT oid FROM pg_catalog.pg_namespace WHERE nspname = c.table_schema)) where table_catalog = $1$ AND table_schema = CURRENT_SCHEMA() AND table_name = $2$

2025/02/13 14:39:19 /home/bryan/repos/skripsi/backend/setup/setup.go:78
[1.066ms] [rows:-] SELECT * FROM "transactions" LIMIT $1$

2025/02/13 14:39:19 /home/bryan/repos/skripsi/backend/setup/setup.go:78
[3.986ms] [rows:-] SELECT constraint_name FROM information_schema.table_constraints tc JOIN information_schema.constraint_column_usage AS ccu USING (constraint_schema, constraint_catalog, table_name, constraint_name) JOIN information_schema.columns AS c ON c.table_schema = tc.constraint_schema AND tc.table_name = c.table_name AND ccu.column_name = c.column_name WHERE constraint_type IN ('PRIMARY KEY', 'UNIQUE') AND c.table_catalog = $1$ AND c.table_schema = CURRENT_SCHEMA() AND c.table_name = $2$ AND constraint_type = $3$

2025/02/13 14:39:19 /home/bryan/repos/skripsi/backend/setup/setup.go:78
[3.368ms] [rows:-] SELECT c.column_name, constraint_name, constraint_type FROM information_schema.table_constraints tc JOIN information_schema.constraint_column_usage AS ccu USING (constraint_schema, constraint_catalog, table_name, constraint_name) JOIN information_schema.columns AS c ON c.table_schema = tc.constraint_schema AND tc.table_name = c.table_name AND ccu.column_name = c.column_name WHERE constraint_type IN ('PRIMARY KEY', 'UNIQUE') AND c.table_catalog = $1$ AND c.table_schema = CURRENT_SCHEMA() AND c.table_name = $2$

2025/02/13 14:39:19 /home/bryan/repos/skripsi/backend/setup/setup.go:78
[1.288ms] [rows:-] SELECT a.attname as column_name, format_type(a.atttypid, a.atttypmod) AS data_type
		FROM pg_attribute a JOIN pg_class b ON a.attrelid = b.oid AND relnamespace = (SELECT oid FROM pg_catalog.pg_namespace WHERE nspname = CURRENT_SCHEMA())
		WHERE a.attnum > 0 -- hide internal columns
		AND NOT a.attisdropped -- hide deleted columns
		AND b.relname = $1$

2025/02/13 14:39:19 /home/bryan/repos/skripsi/backend/setup/setup.go:78
[2.445ms] [rows:0] SELECT description FROM pg_catalog.pg_description WHERE objsubid = (SELECT ordinal_position FROM information_schema.columns WHERE table_schema = CURRENT_SCHEMA() AND table_name = 'transactions' AND column_name = 'id') AND objoid = (SELECT oid FROM pg_catalog.pg_class WHERE relname = 'transactions' AND relnamespace = (SELECT oid FROM pg_catalog.pg_namespace WHERE nspname = CURRENT_SCHEMA()))

2025/02/13 14:39:19 /home/bryan/repos/skripsi/backend/setup/setup.go:78
[2.073ms] [rows:0] SELECT description FROM pg_catalog.pg_description WHERE objsubid = (SELECT ordinal_position FROM information_schema.columns WHERE table_schema = CURRENT_SCHEMA() AND table_name = 'transactions' AND column_name = 'created_at') AND objoid = (SELECT oid FROM pg_catalog.pg_class WHERE relname = 'transactions' AND relnamespace = (SELECT oid FROM pg_catalog.pg_namespace WHERE nspname = CURRENT_SCHEMA()))

2025/02/13 14:39:19 /home/bryan/repos/skripsi/backend/setup/setup.go:78
[2.683ms] [rows:0] SELECT description FROM pg_catalog.pg_description WHERE objsubid = (SELECT ordinal_position FROM information_schema.columns WHERE table_schema = CURRENT_SCHEMA() AND table_name = 'transactions' AND column_name = 'pet_daycare_id') AND objoid = (SELECT oid FROM pg_catalog.pg_class WHERE relname = 'transactions' AND relnamespace = (SELECT oid FROM pg_catalog.pg_namespace WHERE nspname = CURRENT_SCHEMA()))

2025/02/13 14:39:19 /home/bryan/repos/skripsi/backend/setup/setup.go:78
[3.025ms] [rows:0] SELECT description FROM pg_catalog.pg_description WHERE objsubid = (SELECT ordinal_position FROM information_schema.columns WHERE table_schema = CURRENT_SCHEMA() AND table_name = 'transactions' AND column_name = 'booked_slot_id') AND objoid = (SELECT oid FROM pg_catalog.pg_class WHERE relname = 'transactions' AND relnamespace = (SELECT oid FROM pg_catalog.pg_namespace WHERE nspname = CURRENT_SCHEMA()))

2025/02/13 14:39:19 /home/bryan/repos/skripsi/backend/setup/setup.go:78
[2.939ms] [rows:0] SELECT description FROM pg_catalog.pg_description WHERE objsubid = (SELECT ordinal_position FROM information_schema.columns WHERE table_schema = CURRENT_SCHEMA() AND table_name = 'transactions' AND column_name = 'status') AND objoid = (SELECT oid FROM pg_catalog.pg_class WHERE relname = 'transactions' AND relnamespace = (SELECT oid FROM pg_catalog.pg_namespace WHERE nspname = CURRENT_SCHEMA()))

2025/02/13 14:39:19 /home/bryan/repos/skripsi/backend/setup/setup.go:78
[2.152ms] [rows:1] SELECT count(*) FROM INFORMATION_SCHEMA.table_constraints WHERE table_schema = CURRENT_SCHEMA() AND table_name = 'transactions' AND constraint_name = 'fk_transactions_pet_daycare'

2025/02/13 14:39:19 /home/bryan/repos/skripsi/backend/setup/setup.go:78
[2.037ms] [rows:1] SELECT count(*) FROM INFORMATION_SCHEMA.table_constraints WHERE table_schema = CURRENT_SCHEMA() AND table_name = 'transactions' AND constraint_name = 'fk_transactions_booked_slot'

2025/02/13 14:39:19 /home/bryan/repos/skripsi/backend/setup/setup.go:78
[2.318ms] [rows:1] SELECT count(*) FROM information_schema.tables WHERE table_schema = CURRENT_SCHEMA() AND table_name = 'reduce_slots' AND table_type = 'BASE TABLE'

2025/02/13 14:39:19 /home/bryan/repos/skripsi/backend/setup/setup.go:78
[1.692ms] [rows:1] SELECT CURRENT_DATABASE()

2025/02/13 14:39:19 /home/bryan/repos/skripsi/backend/setup/setup.go:78
[6.830ms] [rows:-] SELECT c.column_name, c.is_nullable = 'YES', c.udt_name, c.character_maximum_length, c.numeric_precision, c.numeric_precision_radix, c.numeric_scale, c.datetime_precision, 8 * typlen, c.column_default, pd.description, c.identity_increment FROM information_schema.columns AS c JOIN pg_type AS pgt ON c.udt_name = pgt.typname LEFT JOIN pg_catalog.pg_description as pd ON pd.objsubid = c.ordinal_position AND pd.objoid = (SELECT oid FROM pg_catalog.pg_class WHERE relname = c.table_name AND relnamespace = (SELECT oid FROM pg_catalog.pg_namespace WHERE nspname = c.table_schema)) where table_catalog = $1$ AND table_schema = CURRENT_SCHEMA() AND table_name = $2$

2025/02/13 14:39:19 /home/bryan/repos/skripsi/backend/setup/setup.go:78
[1.380ms] [rows:-] SELECT * FROM "reduce_slots" LIMIT $1$

2025/02/13 14:39:19 /home/bryan/repos/skripsi/backend/setup/setup.go:78
[4.150ms] [rows:-] SELECT constraint_name FROM information_schema.table_constraints tc JOIN information_schema.constraint_column_usage AS ccu USING (constraint_schema, constraint_catalog, table_name, constraint_name) JOIN information_schema.columns AS c ON c.table_schema = tc.constraint_schema AND tc.table_name = c.table_name AND ccu.column_name = c.column_name WHERE constraint_type IN ('PRIMARY KEY', 'UNIQUE') AND c.table_catalog = $1$ AND c.table_schema = CURRENT_SCHEMA() AND c.table_name = $2$ AND constraint_type = $3$

2025/02/13 14:39:19 /home/bryan/repos/skripsi/backend/setup/setup.go:78
[5.406ms] [rows:-] SELECT c.column_name, constraint_name, constraint_type FROM information_schema.table_constraints tc JOIN information_schema.constraint_column_usage AS ccu USING (constraint_schema, constraint_catalog, table_name, constraint_name) JOIN information_schema.columns AS c ON c.table_schema = tc.constraint_schema AND tc.table_name = c.table_name AND ccu.column_name = c.column_name WHERE constraint_type IN ('PRIMARY KEY', 'UNIQUE') AND c.table_catalog = $1$ AND c.table_schema = CURRENT_SCHEMA() AND c.table_name = $2$

2025/02/13 14:39:19 /home/bryan/repos/skripsi/backend/setup/setup.go:78
[1.562ms] [rows:-] SELECT a.attname as column_name, format_type(a.atttypid, a.atttypmod) AS data_type
		FROM pg_attribute a JOIN pg_class b ON a.attrelid = b.oid AND relnamespace = (SELECT oid FROM pg_catalog.pg_namespace WHERE nspname = CURRENT_SCHEMA())
		WHERE a.attnum > 0 -- hide internal columns
		AND NOT a.attisdropped -- hide deleted columns
		AND b.relname = $1$

2025/02/13 14:39:19 /home/bryan/repos/skripsi/backend/setup/setup.go:78
[2.440ms] [rows:0] SELECT description FROM pg_catalog.pg_description WHERE objsubid = (SELECT ordinal_position FROM information_schema.columns WHERE table_schema = CURRENT_SCHEMA() AND table_name = 'reduce_slots' AND column_name = 'id') AND objoid = (SELECT oid FROM pg_catalog.pg_class WHERE relname = 'reduce_slots' AND relnamespace = (SELECT oid FROM pg_catalog.pg_namespace WHERE nspname = CURRENT_SCHEMA()))

2025/02/13 14:39:19 /home/bryan/repos/skripsi/backend/setup/setup.go:78
[2.622ms] [rows:0] SELECT description FROM pg_catalog.pg_description WHERE objsubid = (SELECT ordinal_position FROM information_schema.columns WHERE table_schema = CURRENT_SCHEMA() AND table_name = 'reduce_slots' AND column_name = 'slot_id') AND objoid = (SELECT oid FROM pg_catalog.pg_class WHERE relname = 'reduce_slots' AND relnamespace = (SELECT oid FROM pg_catalog.pg_namespace WHERE nspname = CURRENT_SCHEMA()))

2025/02/13 14:39:19 /home/bryan/repos/skripsi/backend/setup/setup.go:78
[1.670ms] [rows:0] SELECT description FROM pg_catalog.pg_description WHERE objsubid = (SELECT ordinal_position FROM information_schema.columns WHERE table_schema = CURRENT_SCHEMA() AND table_name = 'reduce_slots' AND column_name = 'reduced_count') AND objoid = (SELECT oid FROM pg_catalog.pg_class WHERE relname = 'reduce_slots' AND relnamespace = (SELECT oid FROM pg_catalog.pg_namespace WHERE nspname = CURRENT_SCHEMA()))

2025/02/13 14:39:19 /home/bryan/repos/skripsi/backend/setup/setup.go:78
[1.674ms] [rows:0] SELECT description FROM pg_catalog.pg_description WHERE objsubid = (SELECT ordinal_position FROM information_schema.columns WHERE table_schema = CURRENT_SCHEMA() AND table_name = 'reduce_slots' AND column_name = 'target_date') AND objoid = (SELECT oid FROM pg_catalog.pg_class WHERE relname = 'reduce_slots' AND relnamespace = (SELECT oid FROM pg_catalog.pg_namespace WHERE nspname = CURRENT_SCHEMA()))

2025/02/13 14:39:19 /home/bryan/repos/skripsi/backend/setup/setup.go:78
[1.120ms] [rows:1] SELECT count(*) FROM information_schema.tables WHERE table_schema = CURRENT_SCHEMA() AND table_name = 'booked_slots_dailies' AND table_type = 'BASE TABLE'

2025/02/13 14:39:19 /home/bryan/repos/skripsi/backend/setup/setup.go:78
[1.092ms] [rows:1] SELECT CURRENT_DATABASE()

2025/02/13 14:39:19 /home/bryan/repos/skripsi/backend/setup/setup.go:78
[3.723ms] [rows:-] SELECT c.column_name, c.is_nullable = 'YES', c.udt_name, c.character_maximum_length, c.numeric_precision, c.numeric_precision_radix, c.numeric_scale, c.datetime_precision, 8 * typlen, c.column_default, pd.description, c.identity_increment FROM information_schema.columns AS c JOIN pg_type AS pgt ON c.udt_name = pgt.typname LEFT JOIN pg_catalog.pg_description as pd ON pd.objsubid = c.ordinal_position AND pd.objoid = (SELECT oid FROM pg_catalog.pg_class WHERE relname = c.table_name AND relnamespace = (SELECT oid FROM pg_catalog.pg_namespace WHERE nspname = c.table_schema)) where table_catalog = $1$ AND table_schema = CURRENT_SCHEMA() AND table_name = $2$

2025/02/13 14:39:19 /home/bryan/repos/skripsi/backend/setup/setup.go:78
[2.259ms] [rows:-] SELECT * FROM "booked_slots_dailies" LIMIT $1$

2025/02/13 14:39:19 /home/bryan/repos/skripsi/backend/setup/setup.go:78
[3.656ms] [rows:-] SELECT constraint_name FROM information_schema.table_constraints tc JOIN information_schema.constraint_column_usage AS ccu USING (constraint_schema, constraint_catalog, table_name, constraint_name) JOIN information_schema.columns AS c ON c.table_schema = tc.constraint_schema AND tc.table_name = c.table_name AND ccu.column_name = c.column_name WHERE constraint_type IN ('PRIMARY KEY', 'UNIQUE') AND c.table_catalog = $1$ AND c.table_schema = CURRENT_SCHEMA() AND c.table_name = $2$ AND constraint_type = $3$

2025/02/13 14:39:19 /home/bryan/repos/skripsi/backend/setup/setup.go:78
[3.050ms] [rows:-] SELECT c.column_name, constraint_name, constraint_type FROM information_schema.table_constraints tc JOIN information_schema.constraint_column_usage AS ccu USING (constraint_schema, constraint_catalog, table_name, constraint_name) JOIN information_schema.columns AS c ON c.table_schema = tc.constraint_schema AND tc.table_name = c.table_name AND ccu.column_name = c.column_name WHERE constraint_type IN ('PRIMARY KEY', 'UNIQUE') AND c.table_catalog = $1$ AND c.table_schema = CURRENT_SCHEMA() AND c.table_name = $2$

2025/02/13 14:39:19 /home/bryan/repos/skripsi/backend/setup/setup.go:78
[1.319ms] [rows:-] SELECT a.attname as column_name, format_type(a.atttypid, a.atttypmod) AS data_type
		FROM pg_attribute a JOIN pg_class b ON a.attrelid = b.oid AND relnamespace = (SELECT oid FROM pg_catalog.pg_namespace WHERE nspname = CURRENT_SCHEMA())
		WHERE a.attnum > 0 -- hide internal columns
		AND NOT a.attisdropped -- hide deleted columns
		AND b.relname = $1$

2025/02/13 14:39:19 /home/bryan/repos/skripsi/backend/setup/setup.go:78
[1.916ms] [rows:0] SELECT description FROM pg_catalog.pg_description WHERE objsubid = (SELECT ordinal_position FROM information_schema.columns WHERE table_schema = CURRENT_SCHEMA() AND table_name = 'booked_slots_dailies' AND column_name = 'id') AND objoid = (SELECT oid FROM pg_catalog.pg_class WHERE relname = 'booked_slots_dailies' AND relnamespace = (SELECT oid FROM pg_catalog.pg_namespace WHERE nspname = CURRENT_SCHEMA()))

2025/02/13 14:39:19 /home/bryan/repos/skripsi/backend/setup/setup.go:78
[1.803ms] [rows:0] SELECT description FROM pg_catalog.pg_description WHERE objsubid = (SELECT ordinal_position FROM information_schema.columns WHERE table_schema = CURRENT_SCHEMA() AND table_name = 'booked_slots_dailies' AND column_name = 'daycare_id') AND objoid = (SELECT oid FROM pg_catalog.pg_class WHERE relname = 'booked_slots_dailies' AND relnamespace = (SELECT oid FROM pg_catalog.pg_namespace WHERE nspname = CURRENT_SCHEMA()))

2025/02/13 14:39:19 /home/bryan/repos/skripsi/backend/setup/setup.go:78
[1.586ms] [rows:0] SELECT description FROM pg_catalog.pg_description WHERE objsubid = (SELECT ordinal_position FROM information_schema.columns WHERE table_schema = CURRENT_SCHEMA() AND table_name = 'booked_slots_dailies' AND column_name = 'date') AND objoid = (SELECT oid FROM pg_catalog.pg_class WHERE relname = 'booked_slots_dailies' AND relnamespace = (SELECT oid FROM pg_catalog.pg_namespace WHERE nspname = CURRENT_SCHEMA()))

2025/02/13 14:39:19 /home/bryan/repos/skripsi/backend/setup/setup.go:78
[1.654ms] [rows:0] SELECT description FROM pg_catalog.pg_description WHERE objsubid = (SELECT ordinal_position FROM information_schema.columns WHERE table_schema = CURRENT_SCHEMA() AND table_name = 'booked_slots_dailies' AND column_name = 'slot_count') AND objoid = (SELECT oid FROM pg_catalog.pg_class WHERE relname = 'booked_slots_dailies' AND relnamespace = (SELECT oid FROM pg_catalog.pg_namespace WHERE nspname = CURRENT_SCHEMA()))

2025/02/13 14:39:19 /home/bryan/repos/skripsi/backend/setup/setup.go:78
[1.236ms] [rows:1] SELECT count(*) FROM pg_indexes WHERE tablename = 'booked_slots_dailies' AND indexname = 'idx_booked_slots_dailies_date' AND schemaname = CURRENT_SCHEMA()
[GIN-debug] [WARNING] Creating an Engine instance with the Logger and Recovery middleware already attached.

[GIN-debug] [WARNING] Running in "debug" mode. Switch to "release" mode in production.
 - using env:	export GIN_MODE=release
 - using code:	gin.SetMode(gin.ReleaseMode)

[GIN-debug] GET    /assets/*filepath         --> github.com/gin-gonic/gin.(*RouterGroup).createStaticHandler.func1 (3 handlers)
[GIN-debug] HEAD   /assets/*filepath         --> github.com/gin-gonic/gin.(*RouterGroup).createStaticHandler.func1 (3 handlers)
[GIN-debug] POST   /users                    --> github.com/BryanEgbert/skripsi/controller.(*UserController).CreateUser-fm (3 handlers)
[GIN-debug] GET    /users/vets               --> github.com/BryanEgbert/skripsi/controller.(*UserController).GetVets-fm (4 handlers)
[GIN-debug] GET    /users/:id                --> github.com/BryanEgbert/skripsi/controller.(*UserController).GetUser-fm (4 handlers)
[GIN-debug] DELETE /users                    --> github.com/BryanEgbert/skripsi/controller.(*UserController).DeleteUser-fm (4 handlers)
[GIN-debug] PUT    /users                    --> github.com/BryanEgbert/skripsi/controller.(*UserController).UpdateUserProfile-fm (4 handlers)
[GIN-debug] PATCH  /users/password           --> github.com/BryanEgbert/skripsi/controller.(*UserController).UpdateUserPassword-fm (4 handlers)
[GIN-debug] POST   /login                    --> github.com/BryanEgbert/skripsi/controller.(*AuthController).Login-fm (3 handlers)
[GIN-debug] POST   /refresh                  --> github.com/BryanEgbert/skripsi/controller.(*AuthController).RefreshToken-fm (4 handlers)
[GIN-debug] GET    /pets/:id                 --> github.com/BryanEgbert/skripsi/controller.(*PetController).GetPet-fm (4 handlers)
[GIN-debug] GET    /pets                     --> github.com/BryanEgbert/skripsi/controller.(*PetController).GetPets-fm (4 handlers)
[GIN-debug] POST   /pets                     --> github.com/BryanEgbert/skripsi/controller.(*PetController).CreatePet-fm (4 handlers)
[GIN-debug] PUT    /pets/:id                 --> github.com/BryanEgbert/skripsi/controller.(*PetController).UpdatePet-fm (4 handlers)
[GIN-debug] DELETE /pets/:id                 --> github.com/BryanEgbert/skripsi/controller.(*PetController).DeletePet-fm (4 handlers)
[GIN-debug] PATCH  /daycare/slot/:slotId     --> github.com/BryanEgbert/skripsi/controller.(*PetDaycareController).EditSlotCount-fm (4 handlers)
[GIN-debug] GET    /daycare/:id/slot         --> github.com/BryanEgbert/skripsi/controller.(*PetDaycareController).GetPetDaycareSlots-fm (4 handlers)
[GIN-debug] POST   /daycare/:id/slot         --> github.com/BryanEgbert/skripsi/controller.(*PetDaycareController).CreateSlot-fm (4 handlers)
[GIN-debug] GET    /daycare/:id/review       --> github.com/BryanEgbert/skripsi/controller.(*PetDaycareController).GetReviews-fm (4 handlers)
[GIN-debug] POST   /daycare/:id/review       --> github.com/BryanEgbert/skripsi/controller.(*PetDaycareController).CreateReview-fm (4 handlers)
[GIN-debug] DELETE /daycare/:id/review       --> github.com/BryanEgbert/skripsi/controller.(*PetDaycareController).DeleteReview-fm (4 handlers)
[GIN-debug] GET    /daycare/:id              --> github.com/BryanEgbert/skripsi/controller.(*PetDaycareController).GetPetDaycare-fm (4 handlers)
[GIN-debug] GET    /daycare                  --> github.com/BryanEgbert/skripsi/controller.(*PetDaycareController).GetPetDaycares-fm (4 handlers)
[GIN-debug] POST   /daycare                  --> github.com/BryanEgbert/skripsi/controller.(*PetDaycareController).CreatePetDaycare-fm (4 handlers)
[GIN-debug] PUT    /daycare/:id              --> github.com/BryanEgbert/skripsi/controller.(*PetDaycareController).UpdatePetDaycare-fm (4 handlers)
[GIN-debug] DELETE /daycare/:id              --> github.com/BryanEgbert/skripsi/controller.(*PetDaycareController).DeletePetDaycare-fm (4 handlers)

2025/02/13 14:39:19 /home/bryan/repos/skripsi/backend/service/user_service.go:150
[1.952ms] [rows:0] SELECT * FROM "user_vet_specialties" WHERE "user_vet_specialties"."user_id" = $1$

2025/02/13 14:39:19 /home/bryan/repos/skripsi/backend/service/user_service.go:150
[5.653ms] [rows:1] SELECT * FROM "users" WHERE "users"."id" = $1$ AND "users"."deleted_at" IS NULL ORDER BY "users"."id" LIMIT $2$

2025/02/13 14:39:19 /home/bryan/repos/skripsi/backend/service/user_service.go:184
[4.937ms] [rows:1] UPDATE "users" SET "created_at"=$1$,"updated_at"=$2$,"deleted_at"=$3$,"name"=$4$,"email"=$5$,"password"=$6$,"image_url"=$7$,"role_id"=$8$ WHERE "users"."deleted_at" IS NULL AND "id" = $9$
[GIN] 2025/02/13 - 14:39:19 | 200 |   10.916796ms |                 | PUT      "/users"
=== RUN   TestUpdateUser/On_update_user,_should_return_200_and_updated_user_and_vet_specialties

2025/02/13 14:39:20 /home/bryan/repos/skripsi/backend/setup/setup.go:60
[221.522ms] [rows:0] TRUNCATE TABLE users, vet_specialties, user_vet_specialties, pet_daycares, pets, size_categories, roles, slots, booked_slots, thumbnails, species, reviews, refresh_tokens, transactions, daily_walks, daily_playtimes, reduce_slots RESTART IDENTITY CASCADE;

2025/02/13 14:39:20 /home/bryan/repos/skripsi/backend/seeder/seeder.go:18
[11.763ms] [rows:3] INSERT INTO "roles" ("name","id") VALUES ($1$,$2$),($3$,$4$),($5$,$6$) RETURNING "id"

2025/02/13 14:39:20 /home/bryan/repos/skripsi/backend/seeder/seeder.go:29
[8.222ms] [rows:4] INSERT INTO "daily_walks" ("name","id") VALUES ($1$,$2$),($3$,$4$),($5$,$6$),($7$,$8$) RETURNING "id"

2025/02/13 14:39:20 /home/bryan/repos/skripsi/backend/seeder/seeder.go:39
[8.130ms] [rows:4] INSERT INTO "daily_playtimes" ("name","id") VALUES ($1$,$2$),($3$,$4$),($5$,$6$),($7$,$8$) RETURNING "id"

2025/02/13 14:39:20 /home/bryan/repos/skripsi/backend/seeder/seeder.go:61
[10.279ms] [rows:17] INSERT INTO "vet_specialties" ("name") VALUES ($1$),($2$),($3$),($4$),($5$),($6$),($7$),($8$),($9$),($10$),($11$),($12$),($13$),($14$),($15$),($16$),($17$) RETURNING "id"

2025/02/13 14:39:20 /home/bryan/repos/skripsi/backend/seeder/seeder.go:71
[9.475ms] [rows:3] INSERT INTO "species" ("name") VALUES ($1$),($2$),($3$) RETURNING "id"

2025/02/13 14:39:20 /home/bryan/repos/skripsi/backend/seeder/seeder.go:83
[9.736ms] [rows:5] INSERT INTO "size_categories" ("name","min_weight","max_weight") VALUES ($1$,$2$,$3$),($4$,$5$,$6$),($7$,$8$,$9$),($10$,$11$,$12$),($13$,$14$,$15$) RETURNING "id"

2025/02/13 14:39:20 /home/bryan/repos/skripsi/backend/seeder/seeder.go:106
[2.072ms] [rows:0] INSERT INTO "vet_specialties" ("name","id") VALUES ($1$,$2$),($3$,$4$),($5$,$6$) ON CONFLICT DO NOTHING RETURNING "id"

2025/02/13 14:39:20 /home/bryan/repos/skripsi/backend/seeder/seeder.go:106
[3.052ms] [rows:3] INSERT INTO "user_vet_specialties" ("user_id","vet_specialty_id") VALUES ($1$,$2$),($3$,$4$),($5$,$6$) ON CONFLICT DO NOTHING

2025/02/13 14:39:20 /home/bryan/repos/skripsi/backend/seeder/seeder.go:106
[13.027ms] [rows:6] INSERT INTO "users" ("created_at","updated_at","deleted_at","name","email","password","role_id","image_url") VALUES ($1$,$2$,$3$,$4$,$5$,$6$,$7$,$8$),($9$,$10$,$11$,$12$,$13$,$14$,$15$,$16$),($17$,$18$,$19$,$20$,$21$,$22$,$23$,$24$),($25$,$26$,$27$,$28$,$29$,$30$,$31$,$32$),($33$,$34$,$35$,$36$,$37$,$38$,$39$,DEFAULT),($40$,$41$,$42$,$43$,$44$,$45$,$46$,$47$) RETURNING "id","image_url"

2025/02/13 14:39:20 /home/bryan/repos/skripsi/backend/seeder/seeder.go:148
[1.526ms] [rows:0] INSERT INTO "daily_walks" ("name","id") VALUES ($1$,$2$) ON CONFLICT DO NOTHING RETURNING "id"

2025/02/13 14:39:20 /home/bryan/repos/skripsi/backend/seeder/seeder.go:148
[1.309ms] [rows:0] INSERT INTO "daily_playtimes" ("name","id") VALUES ($1$,$2$),($3$,$4$) ON CONFLICT DO NOTHING RETURNING "id"

2025/02/13 14:39:20 /home/bryan/repos/skripsi/backend/seeder/seeder.go:148
[10.051ms] [rows:3] INSERT INTO "pet_daycares" ("created_at","updated_at","deleted_at","name","address","latitude","longitude","price","pricing_type","description","has_pickup_service","must_be_vaccinated","food_provided","grooming_available","booked_num","daily_walks_id","daily_playtime_id","owner_id","food_brand") VALUES ($1$,$2$,$3$,$4$,$5$,$6$,$7$,$8$,$9$,$10$,$11$,$12$,$13$,$14$,$15$,$16$,$17$,$18$,$19$),($20$,$21$,$22$,$23$,$24$,$25$,$26$,$27$,$28$,$29$,$30$,$31$,$32$,$33$,$34$,$35$,$36$,$37$,$38$),($39$,$40$,$41$,$42$,$43$,$44$,$45$,$46$,$47$,$48$,$49$,$50$,$51$,$52$,$53$,$54$,$55$,$56$,$57$) RETURNING "id"

2025/02/13 14:39:20 /home/bryan/repos/skripsi/backend/seeder/seeder.go:158
[5.992ms] [rows:3] INSERT INTO "slots" ("created_at","updated_at","deleted_at","daycare_id","species_id","size_category_id","max_number") VALUES ($1$,$2$,$3$,$4$,$5$,$6$,$7$),($8$,$9$,$10$,$11$,$12$,$13$,$14$),($15$,$16$,$17$,$18$,$19$,$20$,$21$) RETURNING "id"

2025/02/13 14:39:20 /home/bryan/repos/skripsi/backend/seeder/seeder.go:172
[5.653ms] [rows:2] INSERT INTO "pets" ("created_at","updated_at","deleted_at","name","image_url","status","owner_id","species_id","size_id") VALUES ($1$,$2$,$3$,$4$,$5$,$6$,$7$,$8$,$9$),($10$,$11$,$12$,$13$,$14$,$15$,$16$,$17$,$18$) RETURNING "id"

2025/02/13 14:39:20 /home/bryan/repos/skripsi/backend/seeder/seeder.go:189
[6.213ms] [rows:2] INSERT INTO "booked_slots" ("created_at","updated_at","deleted_at","user_id","daycare_id","pet_id","start_date","end_date") VALUES ($1$,$2$,$3$,$4$,$5$,$6$,$7$,$8$),($9$,$10$,$11$,$12$,$13$,$14$,$15$,$16$) RETURNING "id"

2025/02/13 14:39:20 /home/bryan/repos/skripsi/backend/seeder/seeder.go:205
[5.773ms] [rows:3] INSERT INTO "reviews" ("created_at","updated_at","deleted_at","daycare_id","user_id","name","rate","description") VALUES ($1$,$2$,$3$,$4$,$5$,$6$,$7$,$8$),($9$,$10$,$11$,$12$,$13$,$14$,$15$,$16$),($17$,$18$,$19$,$20$,$21$,$22$,$23$,$24$) RETURNING "id"

2025/02/13 14:39:20 /home/bryan/repos/skripsi/backend/seeder/seeder.go:213
[4.809ms] [rows:1] INSERT INTO "reduce_slots" ("slot_id","reduced_count","target_date") VALUES ($1$,$2$,$3$) RETURNING "id"

2025/02/13 14:39:20 /home/bryan/repos/skripsi/backend/seeder/seeder.go:222
[4.854ms] [rows:2] INSERT INTO "thumbnails" ("daycare_id","image_url") VALUES ($1$,$2$),($3$,$4$) RETURNING "id"

2025/02/13 14:39:20 /home/bryan/repos/skripsi/backend/seeder/seeder.go:230
[5.960ms] [rows:1] INSERT INTO "transactions" ("pet_daycare_id","booked_slot_id","status") VALUES ($1$,$2$,$3$) RETURNING "created_at","id"

2025/02/13 14:39:20 /home/bryan/repos/skripsi/backend/setup/setup.go:78
[14.440ms] [rows:1] SELECT count(*) FROM information_schema.tables WHERE table_schema = CURRENT_SCHEMA() AND table_name = 'roles' AND table_type = 'BASE TABLE'

2025/02/13 14:39:20 /home/bryan/repos/skripsi/backend/setup/setup.go:78
[1.650ms] [rows:1] SELECT CURRENT_DATABASE()

2025/02/13 14:39:20 /home/bryan/repos/skripsi/backend/setup/setup.go:78
[27.465ms] [rows:-] SELECT c.column_name, c.is_nullable = 'YES', c.udt_name, c.character_maximum_length, c.numeric_precision, c.numeric_precision_radix, c.numeric_scale, c.datetime_precision, 8 * typlen, c.column_default, pd.description, c.identity_increment FROM information_schema.columns AS c JOIN pg_type AS pgt ON c.udt_name = pgt.typname LEFT JOIN pg_catalog.pg_description as pd ON pd.objsubid = c.ordinal_position AND pd.objoid = (SELECT oid FROM pg_catalog.pg_class WHERE relname = c.table_name AND relnamespace = (SELECT oid FROM pg_catalog.pg_namespace WHERE nspname = c.table_schema)) where table_catalog = $1$ AND table_schema = CURRENT_SCHEMA() AND table_name = $2$

2025/02/13 14:39:20 /home/bryan/repos/skripsi/backend/setup/setup.go:78
[0.949ms] [rows:-] SELECT * FROM "roles" LIMIT $1$

2025/02/13 14:39:20 /home/bryan/repos/skripsi/backend/setup/setup.go:78
[21.133ms] [rows:-] SELECT constraint_name FROM information_schema.table_constraints tc JOIN information_schema.constraint_column_usage AS ccu USING (constraint_schema, constraint_catalog, table_name, constraint_name) JOIN information_schema.columns AS c ON c.table_schema = tc.constraint_schema AND tc.table_name = c.table_name AND ccu.column_name = c.column_name WHERE constraint_type IN ('PRIMARY KEY', 'UNIQUE') AND c.table_catalog = $1$ AND c.table_schema = CURRENT_SCHEMA() AND c.table_name = $2$ AND constraint_type = $3$

2025/02/13 14:39:20 /home/bryan/repos/skripsi/backend/setup/setup.go:78
[19.187ms] [rows:-] SELECT c.column_name, constraint_name, constraint_type FROM information_schema.table_constraints tc JOIN information_schema.constraint_column_usage AS ccu USING (constraint_schema, constraint_catalog, table_name, constraint_name) JOIN information_schema.columns AS c ON c.table_schema = tc.constraint_schema AND tc.table_name = c.table_name AND ccu.column_name = c.column_name WHERE constraint_type IN ('PRIMARY KEY', 'UNIQUE') AND c.table_catalog = $1$ AND c.table_schema = CURRENT_SCHEMA() AND c.table_name = $2$

2025/02/13 14:39:20 /home/bryan/repos/skripsi/backend/setup/setup.go:78
[2.747ms] [rows:-] SELECT a.attname as column_name, format_type(a.atttypid, a.atttypmod) AS data_type
		FROM pg_attribute a JOIN pg_class b ON a.attrelid = b.oid AND relnamespace = (SELECT oid FROM pg_catalog.pg_namespace WHERE nspname = CURRENT_SCHEMA())
		WHERE a.attnum > 0 -- hide internal columns
		AND NOT a.attisdropped -- hide deleted columns
		AND b.relname = $1$

2025/02/13 14:39:20 /home/bryan/repos/skripsi/backend/setup/setup.go:78
[7.442ms] [rows:0] SELECT description FROM pg_catalog.pg_description WHERE objsubid = (SELECT ordinal_position FROM information_schema.columns WHERE table_schema = CURRENT_SCHEMA() AND table_name = 'roles' AND column_name = 'id') AND objoid = (SELECT oid FROM pg_catalog.pg_class WHERE relname = 'roles' AND relnamespace = (SELECT oid FROM pg_catalog.pg_namespace WHERE nspname = CURRENT_SCHEMA()))

2025/02/13 14:39:20 /home/bryan/repos/skripsi/backend/setup/setup.go:78
[5.588ms] [rows:0] SELECT description FROM pg_catalog.pg_description WHERE objsubid = (SELECT ordinal_position FROM information_schema.columns WHERE table_schema = CURRENT_SCHEMA() AND table_name = 'roles' AND column_name = 'name') AND objoid = (SELECT oid FROM pg_catalog.pg_class WHERE relname = 'roles' AND relnamespace = (SELECT oid FROM pg_catalog.pg_namespace WHERE nspname = CURRENT_SCHEMA()))

2025/02/13 14:39:20 /home/bryan/repos/skripsi/backend/setup/setup.go:78
[2.193ms] [rows:1] SELECT count(*) FROM information_schema.tables WHERE table_schema = CURRENT_SCHEMA() AND table_name = 'users' AND table_type = 'BASE TABLE'

2025/02/13 14:39:20 /home/bryan/repos/skripsi/backend/setup/setup.go:78
[0.714ms] [rows:1] SELECT CURRENT_DATABASE()

2025/02/13 14:39:20 /home/bryan/repos/skripsi/backend/setup/setup.go:78
[12.324ms] [rows:-] SELECT c.column_name, c.is_nullable = 'YES', c.udt_name, c.character_maximum_length, c.numeric_precision, c.numeric_precision_radix, c.numeric_scale, c.datetime_precision, 8 * typlen, c.column_default, pd.description, c.identity_increment FROM information_schema.columns AS c JOIN pg_type AS pgt ON c.udt_name = pgt.typname LEFT JOIN pg_catalog.pg_description as pd ON pd.objsubid = c.ordinal_position AND pd.objoid = (SELECT oid FROM pg_catalog.pg_class WHERE relname = c.table_name AND relnamespace = (SELECT oid FROM pg_catalog.pg_namespace WHERE nspname = c.table_schema)) where table_catalog = $1$ AND table_schema = CURRENT_SCHEMA() AND table_name = $2$

2025/02/13 14:39:20 /home/bryan/repos/skripsi/backend/setup/setup.go:78
[1.144ms] [rows:-] SELECT * FROM "users" LIMIT $1$

2025/02/13 14:39:20 /home/bryan/repos/skripsi/backend/setup/setup.go:78
[18.618ms] [rows:-] SELECT constraint_name FROM information_schema.table_constraints tc JOIN information_schema.constraint_column_usage AS ccu USING (constraint_schema, constraint_catalog, table_name, constraint_name) JOIN information_schema.columns AS c ON c.table_schema = tc.constraint_schema AND tc.table_name = c.table_name AND ccu.column_name = c.column_name WHERE constraint_type IN ('PRIMARY KEY', 'UNIQUE') AND c.table_catalog = $1$ AND c.table_schema = CURRENT_SCHEMA() AND c.table_name = $2$ AND constraint_type = $3$

2025/02/13 14:39:20 /home/bryan/repos/skripsi/backend/setup/setup.go:78
[17.894ms] [rows:-] SELECT c.column_name, constraint_name, constraint_type FROM information_schema.table_constraints tc JOIN information_schema.constraint_column_usage AS ccu USING (constraint_schema, constraint_catalog, table_name, constraint_name) JOIN information_schema.columns AS c ON c.table_schema = tc.constraint_schema AND tc.table_name = c.table_name AND ccu.column_name = c.column_name WHERE constraint_type IN ('PRIMARY KEY', 'UNIQUE') AND c.table_catalog = $1$ AND c.table_schema = CURRENT_SCHEMA() AND c.table_name = $2$

2025/02/13 14:39:20 /home/bryan/repos/skripsi/backend/setup/setup.go:78
[1.506ms] [rows:-] SELECT a.attname as column_name, format_type(a.atttypid, a.atttypmod) AS data_type
		FROM pg_attribute a JOIN pg_class b ON a.attrelid = b.oid AND relnamespace = (SELECT oid FROM pg_catalog.pg_namespace WHERE nspname = CURRENT_SCHEMA())
		WHERE a.attnum > 0 -- hide internal columns
		AND NOT a.attisdropped -- hide deleted columns
		AND b.relname = $1$

2025/02/13 14:39:20 /home/bryan/repos/skripsi/backend/setup/setup.go:78
[5.433ms] [rows:0] SELECT description FROM pg_catalog.pg_description WHERE objsubid = (SELECT ordinal_position FROM information_schema.columns WHERE table_schema = CURRENT_SCHEMA() AND table_name = 'users' AND column_name = 'id') AND objoid = (SELECT oid FROM pg_catalog.pg_class WHERE relname = 'users' AND relnamespace = (SELECT oid FROM pg_catalog.pg_namespace WHERE nspname = CURRENT_SCHEMA()))

2025/02/13 14:39:20 /home/bryan/repos/skripsi/backend/setup/setup.go:78
[5.283ms] [rows:0] SELECT description FROM pg_catalog.pg_description WHERE objsubid = (SELECT ordinal_position FROM information_schema.columns WHERE table_schema = CURRENT_SCHEMA() AND table_name = 'users' AND column_name = 'created_at') AND objoid = (SELECT oid FROM pg_catalog.pg_class WHERE relname = 'users' AND relnamespace = (SELECT oid FROM pg_catalog.pg_namespace WHERE nspname = CURRENT_SCHEMA()))

2025/02/13 14:39:20 /home/bryan/repos/skripsi/backend/setup/setup.go:78
[5.368ms] [rows:0] SELECT description FROM pg_catalog.pg_description WHERE objsubid = (SELECT ordinal_position FROM information_schema.columns WHERE table_schema = CURRENT_SCHEMA() AND table_name = 'users' AND column_name = 'updated_at') AND objoid = (SELECT oid FROM pg_catalog.pg_class WHERE relname = 'users' AND relnamespace = (SELECT oid FROM pg_catalog.pg_namespace WHERE nspname = CURRENT_SCHEMA()))

2025/02/13 14:39:20 /home/bryan/repos/skripsi/backend/setup/setup.go:78
[5.332ms] [rows:0] SELECT description FROM pg_catalog.pg_description WHERE objsubid = (SELECT ordinal_position FROM information_schema.columns WHERE table_schema = CURRENT_SCHEMA() AND table_name = 'users' AND column_name = 'deleted_at') AND objoid = (SELECT oid FROM pg_catalog.pg_class WHERE relname = 'users' AND relnamespace = (SELECT oid FROM pg_catalog.pg_namespace WHERE nspname = CURRENT_SCHEMA()))

2025/02/13 14:39:20 /home/bryan/repos/skripsi/backend/setup/setup.go:78
[1.391ms] [rows:0] SELECT description FROM pg_catalog.pg_description WHERE objsubid = (SELECT ordinal_position FROM information_schema.columns WHERE table_schema = CURRENT_SCHEMA() AND table_name = 'users' AND column_name = 'name') AND objoid = (SELECT oid FROM pg_catalog.pg_class WHERE relname = 'users' AND relnamespace = (SELECT oid FROM pg_catalog.pg_namespace WHERE nspname = CURRENT_SCHEMA()))

2025/02/13 14:39:20 /home/bryan/repos/skripsi/backend/setup/setup.go:78
[1.594ms] [rows:0] SELECT description FROM pg_catalog.pg_description WHERE objsubid = (SELECT ordinal_position FROM information_schema.columns WHERE table_schema = CURRENT_SCHEMA() AND table_name = 'users' AND column_name = 'email') AND objoid = (SELECT oid FROM pg_catalog.pg_class WHERE relname = 'users' AND relnamespace = (SELECT oid FROM pg_catalog.pg_namespace WHERE nspname = CURRENT_SCHEMA()))

2025/02/13 14:39:20 /home/bryan/repos/skripsi/backend/setup/setup.go:78
[1.505ms] [rows:0] SELECT description FROM pg_catalog.pg_description WHERE objsubid = (SELECT ordinal_position FROM information_schema.columns WHERE table_schema = CURRENT_SCHEMA() AND table_name = 'users' AND column_name = 'password') AND objoid = (SELECT oid FROM pg_catalog.pg_class WHERE relname = 'users' AND relnamespace = (SELECT oid FROM pg_catalog.pg_namespace WHERE nspname = CURRENT_SCHEMA()))

2025/02/13 14:39:20 /home/bryan/repos/skripsi/backend/setup/setup.go:78
[1.428ms] [rows:0] SELECT description FROM pg_catalog.pg_description WHERE objsubid = (SELECT ordinal_position FROM information_schema.columns WHERE table_schema = CURRENT_SCHEMA() AND table_name = 'users' AND column_name = 'image_url') AND objoid = (SELECT oid FROM pg_catalog.pg_class WHERE relname = 'users' AND relnamespace = (SELECT oid FROM pg_catalog.pg_namespace WHERE nspname = CURRENT_SCHEMA()))

2025/02/13 14:39:20 /home/bryan/repos/skripsi/backend/setup/setup.go:78
[1.603ms] [rows:0] SELECT description FROM pg_catalog.pg_description WHERE objsubid = (SELECT ordinal_position FROM information_schema.columns WHERE table_schema = CURRENT_SCHEMA() AND table_name = 'users' AND column_name = 'role_id') AND objoid = (SELECT oid FROM pg_catalog.pg_class WHERE relname = 'users' AND relnamespace = (SELECT oid FROM pg_catalog.pg_namespace WHERE nspname = CURRENT_SCHEMA()))

2025/02/13 14:39:20 /home/bryan/repos/skripsi/backend/setup/setup.go:78
[5.113ms] [rows:1] SELECT count(*) FROM INFORMATION_SCHEMA.table_constraints WHERE table_schema = CURRENT_SCHEMA() AND table_name = 'users' AND constraint_name = 'fk_roles_users'

2025/02/13 14:39:20 /home/bryan/repos/skripsi/backend/setup/setup.go:78
[5.932ms] [rows:1] SELECT count(*) FROM pg_indexes WHERE tablename = 'users' AND indexname = 'idx_users_deleted_at' AND schemaname = CURRENT_SCHEMA()

2025/02/13 14:39:20 /home/bryan/repos/skripsi/backend/setup/setup.go:78
[2.364ms] [rows:1] SELECT count(*) FROM information_schema.tables WHERE table_schema = CURRENT_SCHEMA() AND table_name = 'vet_specialties' AND table_type = 'BASE TABLE'

2025/02/13 14:39:20 /home/bryan/repos/skripsi/backend/setup/setup.go:78
[0.853ms] [rows:1] SELECT CURRENT_DATABASE()

2025/02/13 14:39:20 /home/bryan/repos/skripsi/backend/setup/setup.go:78
[12.330ms] [rows:-] SELECT c.column_name, c.is_nullable = 'YES', c.udt_name, c.character_maximum_length, c.numeric_precision, c.numeric_precision_radix, c.numeric_scale, c.datetime_precision, 8 * typlen, c.column_default, pd.description, c.identity_increment FROM information_schema.columns AS c JOIN pg_type AS pgt ON c.udt_name = pgt.typname LEFT JOIN pg_catalog.pg_description as pd ON pd.objsubid = c.ordinal_position AND pd.objoid = (SELECT oid FROM pg_catalog.pg_class WHERE relname = c.table_name AND relnamespace = (SELECT oid FROM pg_catalog.pg_namespace WHERE nspname = c.table_schema)) where table_catalog = $1$ AND table_schema = CURRENT_SCHEMA() AND table_name = $2$

2025/02/13 14:39:20 /home/bryan/repos/skripsi/backend/setup/setup.go:78
[0.880ms] [rows:-] SELECT * FROM "vet_specialties" LIMIT $1$

2025/02/13 14:39:20 /home/bryan/repos/skripsi/backend/setup/setup.go:78
[16.574ms] [rows:-] SELECT constraint_name FROM information_schema.table_constraints tc JOIN information_schema.constraint_column_usage AS ccu USING (constraint_schema, constraint_catalog, table_name, constraint_name) JOIN information_schema.columns AS c ON c.table_schema = tc.constraint_schema AND tc.table_name = c.table_name AND ccu.column_name = c.column_name WHERE constraint_type IN ('PRIMARY KEY', 'UNIQUE') AND c.table_catalog = $1$ AND c.table_schema = CURRENT_SCHEMA() AND c.table_name = $2$ AND constraint_type = $3$

2025/02/13 14:39:20 /home/bryan/repos/skripsi/backend/setup/setup.go:78
[15.936ms] [rows:-] SELECT c.column_name, constraint_name, constraint_type FROM information_schema.table_constraints tc JOIN information_schema.constraint_column_usage AS ccu USING (constraint_schema, constraint_catalog, table_name, constraint_name) JOIN information_schema.columns AS c ON c.table_schema = tc.constraint_schema AND tc.table_name = c.table_name AND ccu.column_name = c.column_name WHERE constraint_type IN ('PRIMARY KEY', 'UNIQUE') AND c.table_catalog = $1$ AND c.table_schema = CURRENT_SCHEMA() AND c.table_name = $2$

2025/02/13 14:39:20 /home/bryan/repos/skripsi/backend/setup/setup.go:78
[1.661ms] [rows:-] SELECT a.attname as column_name, format_type(a.atttypid, a.atttypmod) AS data_type
		FROM pg_attribute a JOIN pg_class b ON a.attrelid = b.oid AND relnamespace = (SELECT oid FROM pg_catalog.pg_namespace WHERE nspname = CURRENT_SCHEMA())
		WHERE a.attnum > 0 -- hide internal columns
		AND NOT a.attisdropped -- hide deleted columns
		AND b.relname = $1$

2025/02/13 14:39:20 /home/bryan/repos/skripsi/backend/setup/setup.go:78
[1.287ms] [rows:0] SELECT description FROM pg_catalog.pg_description WHERE objsubid = (SELECT ordinal_position FROM information_schema.columns WHERE table_schema = CURRENT_SCHEMA() AND table_name = 'vet_specialties' AND column_name = 'id') AND objoid = (SELECT oid FROM pg_catalog.pg_class WHERE relname = 'vet_specialties' AND relnamespace = (SELECT oid FROM pg_catalog.pg_namespace WHERE nspname = CURRENT_SCHEMA()))

2025/02/13 14:39:20 /home/bryan/repos/skripsi/backend/setup/setup.go:78
[1.356ms] [rows:0] SELECT description FROM pg_catalog.pg_description WHERE objsubid = (SELECT ordinal_position FROM information_schema.columns WHERE table_schema = CURRENT_SCHEMA() AND table_name = 'vet_specialties' AND column_name = 'name') AND objoid = (SELECT oid FROM pg_catalog.pg_class WHERE relname = 'vet_specialties' AND relnamespace = (SELECT oid FROM pg_catalog.pg_namespace WHERE nspname = CURRENT_SCHEMA()))

2025/02/13 14:39:20 /home/bryan/repos/skripsi/backend/setup/setup.go:78
[2.144ms] [rows:1] SELECT count(*) FROM information_schema.tables WHERE table_schema = CURRENT_SCHEMA() AND table_name = 'user_vet_specialties' AND table_type = 'BASE TABLE'

2025/02/13 14:39:20 /home/bryan/repos/skripsi/backend/setup/setup.go:78
[0.849ms] [rows:1] SELECT CURRENT_DATABASE()

2025/02/13 14:39:20 /home/bryan/repos/skripsi/backend/setup/setup.go:78
[10.830ms] [rows:-] SELECT c.column_name, c.is_nullable = 'YES', c.udt_name, c.character_maximum_length, c.numeric_precision, c.numeric_precision_radix, c.numeric_scale, c.datetime_precision, 8 * typlen, c.column_default, pd.description, c.identity_increment FROM information_schema.columns AS c JOIN pg_type AS pgt ON c.udt_name = pgt.typname LEFT JOIN pg_catalog.pg_description as pd ON pd.objsubid = c.ordinal_position AND pd.objoid = (SELECT oid FROM pg_catalog.pg_class WHERE relname = c.table_name AND relnamespace = (SELECT oid FROM pg_catalog.pg_namespace WHERE nspname = c.table_schema)) where table_catalog = $1$ AND table_schema = CURRENT_SCHEMA() AND table_name = $2$

2025/02/13 14:39:20 /home/bryan/repos/skripsi/backend/setup/setup.go:78
[0.964ms] [rows:-] SELECT * FROM "user_vet_specialties" LIMIT $1$

2025/02/13 14:39:20 /home/bryan/repos/skripsi/backend/setup/setup.go:78
[15.756ms] [rows:-] SELECT constraint_name FROM information_schema.table_constraints tc JOIN information_schema.constraint_column_usage AS ccu USING (constraint_schema, constraint_catalog, table_name, constraint_name) JOIN information_schema.columns AS c ON c.table_schema = tc.constraint_schema AND tc.table_name = c.table_name AND ccu.column_name = c.column_name WHERE constraint_type IN ('PRIMARY KEY', 'UNIQUE') AND c.table_catalog = $1$ AND c.table_schema = CURRENT_SCHEMA() AND c.table_name = $2$ AND constraint_type = $3$

2025/02/13 14:39:20 /home/bryan/repos/skripsi/backend/setup/setup.go:78
[16.182ms] [rows:-] SELECT c.column_name, constraint_name, constraint_type FROM information_schema.table_constraints tc JOIN information_schema.constraint_column_usage AS ccu USING (constraint_schema, constraint_catalog, table_name, constraint_name) JOIN information_schema.columns AS c ON c.table_schema = tc.constraint_schema AND tc.table_name = c.table_name AND ccu.column_name = c.column_name WHERE constraint_type IN ('PRIMARY KEY', 'UNIQUE') AND c.table_catalog = $1$ AND c.table_schema = CURRENT_SCHEMA() AND c.table_name = $2$

2025/02/13 14:39:20 /home/bryan/repos/skripsi/backend/setup/setup.go:78
[1.707ms] [rows:-] SELECT a.attname as column_name, format_type(a.atttypid, a.atttypmod) AS data_type
		FROM pg_attribute a JOIN pg_class b ON a.attrelid = b.oid AND relnamespace = (SELECT oid FROM pg_catalog.pg_namespace WHERE nspname = CURRENT_SCHEMA())
		WHERE a.attnum > 0 -- hide internal columns
		AND NOT a.attisdropped -- hide deleted columns
		AND b.relname = $1$

2025/02/13 14:39:20 /home/bryan/repos/skripsi/backend/setup/setup.go:78
[1.404ms] [rows:0] SELECT description FROM pg_catalog.pg_description WHERE objsubid = (SELECT ordinal_position FROM information_schema.columns WHERE table_schema = CURRENT_SCHEMA() AND table_name = 'user_vet_specialties' AND column_name = 'user_id') AND objoid = (SELECT oid FROM pg_catalog.pg_class WHERE relname = 'user_vet_specialties' AND relnamespace = (SELECT oid FROM pg_catalog.pg_namespace WHERE nspname = CURRENT_SCHEMA()))

2025/02/13 14:39:20 /home/bryan/repos/skripsi/backend/setup/setup.go:78
[1.382ms] [rows:0] SELECT description FROM pg_catalog.pg_description WHERE objsubid = (SELECT ordinal_position FROM information_schema.columns WHERE table_schema = CURRENT_SCHEMA() AND table_name = 'user_vet_specialties' AND column_name = 'vet_specialty_id') AND objoid = (SELECT oid FROM pg_catalog.pg_class WHERE relname = 'user_vet_specialties' AND relnamespace = (SELECT oid FROM pg_catalog.pg_namespace WHERE nspname = CURRENT_SCHEMA()))

2025/02/13 14:39:20 /home/bryan/repos/skripsi/backend/setup/setup.go:78
[3.767ms] [rows:1] SELECT count(*) FROM INFORMATION_SCHEMA.table_constraints WHERE table_schema = CURRENT_SCHEMA() AND table_name = 'user_vet_specialties' AND constraint_name = 'fk_user_vet_specialties_user'

2025/02/13 14:39:20 /home/bryan/repos/skripsi/backend/setup/setup.go:78
[3.607ms] [rows:1] SELECT count(*) FROM INFORMATION_SCHEMA.table_constraints WHERE table_schema = CURRENT_SCHEMA() AND table_name = 'user_vet_specialties' AND constraint_name = 'fk_user_vet_specialties_vet_specialty'

2025/02/13 14:39:20 /home/bryan/repos/skripsi/backend/setup/setup.go:78
[2.163ms] [rows:1] SELECT count(*) FROM information_schema.tables WHERE table_schema = CURRENT_SCHEMA() AND table_name = 'daily_walks' AND table_type = 'BASE TABLE'

2025/02/13 14:39:20 /home/bryan/repos/skripsi/backend/setup/setup.go:78
[0.726ms] [rows:1] SELECT CURRENT_DATABASE()

2025/02/13 14:39:20 /home/bryan/repos/skripsi/backend/setup/setup.go:78
[11.327ms] [rows:-] SELECT c.column_name, c.is_nullable = 'YES', c.udt_name, c.character_maximum_length, c.numeric_precision, c.numeric_precision_radix, c.numeric_scale, c.datetime_precision, 8 * typlen, c.column_default, pd.description, c.identity_increment FROM information_schema.columns AS c JOIN pg_type AS pgt ON c.udt_name = pgt.typname LEFT JOIN pg_catalog.pg_description as pd ON pd.objsubid = c.ordinal_position AND pd.objoid = (SELECT oid FROM pg_catalog.pg_class WHERE relname = c.table_name AND relnamespace = (SELECT oid FROM pg_catalog.pg_namespace WHERE nspname = c.table_schema)) where table_catalog = $1$ AND table_schema = CURRENT_SCHEMA() AND table_name = $2$

2025/02/13 14:39:20 /home/bryan/repos/skripsi/backend/setup/setup.go:78
[1.429ms] [rows:-] SELECT * FROM "daily_walks" LIMIT $1$

2025/02/13 14:39:20 /home/bryan/repos/skripsi/backend/setup/setup.go:78
[23.514ms] [rows:-] SELECT constraint_name FROM information_schema.table_constraints tc JOIN information_schema.constraint_column_usage AS ccu USING (constraint_schema, constraint_catalog, table_name, constraint_name) JOIN information_schema.columns AS c ON c.table_schema = tc.constraint_schema AND tc.table_name = c.table_name AND ccu.column_name = c.column_name WHERE constraint_type IN ('PRIMARY KEY', 'UNIQUE') AND c.table_catalog = $1$ AND c.table_schema = CURRENT_SCHEMA() AND c.table_name = $2$ AND constraint_type = $3$

2025/02/13 14:39:20 /home/bryan/repos/skripsi/backend/setup/setup.go:78
[16.949ms] [rows:-] SELECT c.column_name, constraint_name, constraint_type FROM information_schema.table_constraints tc JOIN information_schema.constraint_column_usage AS ccu USING (constraint_schema, constraint_catalog, table_name, constraint_name) JOIN information_schema.columns AS c ON c.table_schema = tc.constraint_schema AND tc.table_name = c.table_name AND ccu.column_name = c.column_name WHERE constraint_type IN ('PRIMARY KEY', 'UNIQUE') AND c.table_catalog = $1$ AND c.table_schema = CURRENT_SCHEMA() AND c.table_name = $2$

2025/02/13 14:39:20 /home/bryan/repos/skripsi/backend/setup/setup.go:78
[1.932ms] [rows:-] SELECT a.attname as column_name, format_type(a.atttypid, a.atttypmod) AS data_type
		FROM pg_attribute a JOIN pg_class b ON a.attrelid = b.oid AND relnamespace = (SELECT oid FROM pg_catalog.pg_namespace WHERE nspname = CURRENT_SCHEMA())
		WHERE a.attnum > 0 -- hide internal columns
		AND NOT a.attisdropped -- hide deleted columns
		AND b.relname = $1$

2025/02/13 14:39:20 /home/bryan/repos/skripsi/backend/setup/setup.go:78
[1.670ms] [rows:0] SELECT description FROM pg_catalog.pg_description WHERE objsubid = (SELECT ordinal_position FROM information_schema.columns WHERE table_schema = CURRENT_SCHEMA() AND table_name = 'daily_walks' AND column_name = 'id') AND objoid = (SELECT oid FROM pg_catalog.pg_class WHERE relname = 'daily_walks' AND relnamespace = (SELECT oid FROM pg_catalog.pg_namespace WHERE nspname = CURRENT_SCHEMA()))

2025/02/13 14:39:20 /home/bryan/repos/skripsi/backend/setup/setup.go:78
[1.583ms] [rows:0] SELECT description FROM pg_catalog.pg_description WHERE objsubid = (SELECT ordinal_position FROM information_schema.columns WHERE table_schema = CURRENT_SCHEMA() AND table_name = 'daily_walks' AND column_name = 'name') AND objoid = (SELECT oid FROM pg_catalog.pg_class WHERE relname = 'daily_walks' AND relnamespace = (SELECT oid FROM pg_catalog.pg_namespace WHERE nspname = CURRENT_SCHEMA()))

2025/02/13 14:39:20 /home/bryan/repos/skripsi/backend/setup/setup.go:78
[3.196ms] [rows:1] SELECT count(*) FROM information_schema.tables WHERE table_schema = CURRENT_SCHEMA() AND table_name = 'daily_playtimes' AND table_type = 'BASE TABLE'

2025/02/13 14:39:20 /home/bryan/repos/skripsi/backend/setup/setup.go:78
[1.009ms] [rows:1] SELECT CURRENT_DATABASE()

2025/02/13 14:39:20 /home/bryan/repos/skripsi/backend/setup/setup.go:78
[16.641ms] [rows:-] SELECT c.column_name, c.is_nullable = 'YES', c.udt_name, c.character_maximum_length, c.numeric_precision, c.numeric_precision_radix, c.numeric_scale, c.datetime_precision, 8 * typlen, c.column_default, pd.description, c.identity_increment FROM information_schema.columns AS c JOIN pg_type AS pgt ON c.udt_name = pgt.typname LEFT JOIN pg_catalog.pg_description as pd ON pd.objsubid = c.ordinal_position AND pd.objoid = (SELECT oid FROM pg_catalog.pg_class WHERE relname = c.table_name AND relnamespace = (SELECT oid FROM pg_catalog.pg_namespace WHERE nspname = c.table_schema)) where table_catalog = $1$ AND table_schema = CURRENT_SCHEMA() AND table_name = $2$

2025/02/13 14:39:20 /home/bryan/repos/skripsi/backend/setup/setup.go:78
[0.853ms] [rows:-] SELECT * FROM "daily_playtimes" LIMIT $1$

2025/02/13 14:39:20 /home/bryan/repos/skripsi/backend/setup/setup.go:78
[16.171ms] [rows:-] SELECT constraint_name FROM information_schema.table_constraints tc JOIN information_schema.constraint_column_usage AS ccu USING (constraint_schema, constraint_catalog, table_name, constraint_name) JOIN information_schema.columns AS c ON c.table_schema = tc.constraint_schema AND tc.table_name = c.table_name AND ccu.column_name = c.column_name WHERE constraint_type IN ('PRIMARY KEY', 'UNIQUE') AND c.table_catalog = $1$ AND c.table_schema = CURRENT_SCHEMA() AND c.table_name = $2$ AND constraint_type = $3$

2025/02/13 14:39:20 /home/bryan/repos/skripsi/backend/setup/setup.go:78
[16.998ms] [rows:-] SELECT c.column_name, constraint_name, constraint_type FROM information_schema.table_constraints tc JOIN information_schema.constraint_column_usage AS ccu USING (constraint_schema, constraint_catalog, table_name, constraint_name) JOIN information_schema.columns AS c ON c.table_schema = tc.constraint_schema AND tc.table_name = c.table_name AND ccu.column_name = c.column_name WHERE constraint_type IN ('PRIMARY KEY', 'UNIQUE') AND c.table_catalog = $1$ AND c.table_schema = CURRENT_SCHEMA() AND c.table_name = $2$

2025/02/13 14:39:20 /home/bryan/repos/skripsi/backend/setup/setup.go:78
[2.172ms] [rows:-] SELECT a.attname as column_name, format_type(a.atttypid, a.atttypmod) AS data_type
		FROM pg_attribute a JOIN pg_class b ON a.attrelid = b.oid AND relnamespace = (SELECT oid FROM pg_catalog.pg_namespace WHERE nspname = CURRENT_SCHEMA())
		WHERE a.attnum > 0 -- hide internal columns
		AND NOT a.attisdropped -- hide deleted columns
		AND b.relname = $1$

2025/02/13 14:39:20 /home/bryan/repos/skripsi/backend/setup/setup.go:78
[2.318ms] [rows:0] SELECT description FROM pg_catalog.pg_description WHERE objsubid = (SELECT ordinal_position FROM information_schema.columns WHERE table_schema = CURRENT_SCHEMA() AND table_name = 'daily_playtimes' AND column_name = 'id') AND objoid = (SELECT oid FROM pg_catalog.pg_class WHERE relname = 'daily_playtimes' AND relnamespace = (SELECT oid FROM pg_catalog.pg_namespace WHERE nspname = CURRENT_SCHEMA()))

2025/02/13 14:39:20 /home/bryan/repos/skripsi/backend/setup/setup.go:78
[2.101ms] [rows:0] SELECT description FROM pg_catalog.pg_description WHERE objsubid = (SELECT ordinal_position FROM information_schema.columns WHERE table_schema = CURRENT_SCHEMA() AND table_name = 'daily_playtimes' AND column_name = 'name') AND objoid = (SELECT oid FROM pg_catalog.pg_class WHERE relname = 'daily_playtimes' AND relnamespace = (SELECT oid FROM pg_catalog.pg_namespace WHERE nspname = CURRENT_SCHEMA()))

2025/02/13 14:39:20 /home/bryan/repos/skripsi/backend/setup/setup.go:78
[1.582ms] [rows:1] SELECT count(*) FROM information_schema.tables WHERE table_schema = CURRENT_SCHEMA() AND table_name = 'pet_daycares' AND table_type = 'BASE TABLE'

2025/02/13 14:39:20 /home/bryan/repos/skripsi/backend/setup/setup.go:78
[1.121ms] [rows:1] SELECT CURRENT_DATABASE()

2025/02/13 14:39:20 /home/bryan/repos/skripsi/backend/setup/setup.go:78
[7.816ms] [rows:-] SELECT c.column_name, c.is_nullable = 'YES', c.udt_name, c.character_maximum_length, c.numeric_precision, c.numeric_precision_radix, c.numeric_scale, c.datetime_precision, 8 * typlen, c.column_default, pd.description, c.identity_increment FROM information_schema.columns AS c JOIN pg_type AS pgt ON c.udt_name = pgt.typname LEFT JOIN pg_catalog.pg_description as pd ON pd.objsubid = c.ordinal_position AND pd.objoid = (SELECT oid FROM pg_catalog.pg_class WHERE relname = c.table_name AND relnamespace = (SELECT oid FROM pg_catalog.pg_namespace WHERE nspname = c.table_schema)) where table_catalog = $1$ AND table_schema = CURRENT_SCHEMA() AND table_name = $2$

2025/02/13 14:39:20 /home/bryan/repos/skripsi/backend/setup/setup.go:78
[1.747ms] [rows:-] SELECT * FROM "pet_daycares" LIMIT $1$

2025/02/13 14:39:20 /home/bryan/repos/skripsi/backend/setup/setup.go:78
[13.513ms] [rows:-] SELECT constraint_name FROM information_schema.table_constraints tc JOIN information_schema.constraint_column_usage AS ccu USING (constraint_schema, constraint_catalog, table_name, constraint_name) JOIN information_schema.columns AS c ON c.table_schema = tc.constraint_schema AND tc.table_name = c.table_name AND ccu.column_name = c.column_name WHERE constraint_type IN ('PRIMARY KEY', 'UNIQUE') AND c.table_catalog = $1$ AND c.table_schema = CURRENT_SCHEMA() AND c.table_name = $2$ AND constraint_type = $3$

2025/02/13 14:39:20 /home/bryan/repos/skripsi/backend/setup/setup.go:78
[11.694ms] [rows:-] SELECT c.column_name, constraint_name, constraint_type FROM information_schema.table_constraints tc JOIN information_schema.constraint_column_usage AS ccu USING (constraint_schema, constraint_catalog, table_name, constraint_name) JOIN information_schema.columns AS c ON c.table_schema = tc.constraint_schema AND tc.table_name = c.table_name AND ccu.column_name = c.column_name WHERE constraint_type IN ('PRIMARY KEY', 'UNIQUE') AND c.table_catalog = $1$ AND c.table_schema = CURRENT_SCHEMA() AND c.table_name = $2$

2025/02/13 14:39:20 /home/bryan/repos/skripsi/backend/setup/setup.go:78
[2.047ms] [rows:-] SELECT a.attname as column_name, format_type(a.atttypid, a.atttypmod) AS data_type
		FROM pg_attribute a JOIN pg_class b ON a.attrelid = b.oid AND relnamespace = (SELECT oid FROM pg_catalog.pg_namespace WHERE nspname = CURRENT_SCHEMA())
		WHERE a.attnum > 0 -- hide internal columns
		AND NOT a.attisdropped -- hide deleted columns
		AND b.relname = $1$

2025/02/13 14:39:20 /home/bryan/repos/skripsi/backend/setup/setup.go:78
[2.686ms] [rows:0] SELECT description FROM pg_catalog.pg_description WHERE objsubid = (SELECT ordinal_position FROM information_schema.columns WHERE table_schema = CURRENT_SCHEMA() AND table_name = 'pet_daycares' AND column_name = 'id') AND objoid = (SELECT oid FROM pg_catalog.pg_class WHERE relname = 'pet_daycares' AND relnamespace = (SELECT oid FROM pg_catalog.pg_namespace WHERE nspname = CURRENT_SCHEMA()))

2025/02/13 14:39:20 /home/bryan/repos/skripsi/backend/setup/setup.go:78
[2.564ms] [rows:0] SELECT description FROM pg_catalog.pg_description WHERE objsubid = (SELECT ordinal_position FROM information_schema.columns WHERE table_schema = CURRENT_SCHEMA() AND table_name = 'pet_daycares' AND column_name = 'created_at') AND objoid = (SELECT oid FROM pg_catalog.pg_class WHERE relname = 'pet_daycares' AND relnamespace = (SELECT oid FROM pg_catalog.pg_namespace WHERE nspname = CURRENT_SCHEMA()))

2025/02/13 14:39:20 /home/bryan/repos/skripsi/backend/setup/setup.go:78
[2.537ms] [rows:0] SELECT description FROM pg_catalog.pg_description WHERE objsubid = (SELECT ordinal_position FROM information_schema.columns WHERE table_schema = CURRENT_SCHEMA() AND table_name = 'pet_daycares' AND column_name = 'updated_at') AND objoid = (SELECT oid FROM pg_catalog.pg_class WHERE relname = 'pet_daycares' AND relnamespace = (SELECT oid FROM pg_catalog.pg_namespace WHERE nspname = CURRENT_SCHEMA()))

2025/02/13 14:39:20 /home/bryan/repos/skripsi/backend/setup/setup.go:78
[2.434ms] [rows:0] SELECT description FROM pg_catalog.pg_description WHERE objsubid = (SELECT ordinal_position FROM information_schema.columns WHERE table_schema = CURRENT_SCHEMA() AND table_name = 'pet_daycares' AND column_name = 'deleted_at') AND objoid = (SELECT oid FROM pg_catalog.pg_class WHERE relname = 'pet_daycares' AND relnamespace = (SELECT oid FROM pg_catalog.pg_namespace WHERE nspname = CURRENT_SCHEMA()))

2025/02/13 14:39:20 /home/bryan/repos/skripsi/backend/setup/setup.go:78
[2.628ms] [rows:0] SELECT description FROM pg_catalog.pg_description WHERE objsubid = (SELECT ordinal_position FROM information_schema.columns WHERE table_schema = CURRENT_SCHEMA() AND table_name = 'pet_daycares' AND column_name = 'name') AND objoid = (SELECT oid FROM pg_catalog.pg_class WHERE relname = 'pet_daycares' AND relnamespace = (SELECT oid FROM pg_catalog.pg_namespace WHERE nspname = CURRENT_SCHEMA()))

2025/02/13 14:39:20 /home/bryan/repos/skripsi/backend/setup/setup.go:78
[2.609ms] [rows:0] SELECT description FROM pg_catalog.pg_description WHERE objsubid = (SELECT ordinal_position FROM information_schema.columns WHERE table_schema = CURRENT_SCHEMA() AND table_name = 'pet_daycares' AND column_name = 'address') AND objoid = (SELECT oid FROM pg_catalog.pg_class WHERE relname = 'pet_daycares' AND relnamespace = (SELECT oid FROM pg_catalog.pg_namespace WHERE nspname = CURRENT_SCHEMA()))

2025/02/13 14:39:20 /home/bryan/repos/skripsi/backend/setup/setup.go:78
[2.346ms] [rows:0] SELECT description FROM pg_catalog.pg_description WHERE objsubid = (SELECT ordinal_position FROM information_schema.columns WHERE table_schema = CURRENT_SCHEMA() AND table_name = 'pet_daycares' AND column_name = 'latitude') AND objoid = (SELECT oid FROM pg_catalog.pg_class WHERE relname = 'pet_daycares' AND relnamespace = (SELECT oid FROM pg_catalog.pg_namespace WHERE nspname = CURRENT_SCHEMA()))

2025/02/13 14:39:20 /home/bryan/repos/skripsi/backend/setup/setup.go:78
[2.630ms] [rows:0] SELECT description FROM pg_catalog.pg_description WHERE objsubid = (SELECT ordinal_position FROM information_schema.columns WHERE table_schema = CURRENT_SCHEMA() AND table_name = 'pet_daycares' AND column_name = 'longitude') AND objoid = (SELECT oid FROM pg_catalog.pg_class WHERE relname = 'pet_daycares' AND relnamespace = (SELECT oid FROM pg_catalog.pg_namespace WHERE nspname = CURRENT_SCHEMA()))

2025/02/13 14:39:20 /home/bryan/repos/skripsi/backend/setup/setup.go:78
[2.731ms] [rows:0] SELECT description FROM pg_catalog.pg_description WHERE objsubid = (SELECT ordinal_position FROM information_schema.columns WHERE table_schema = CURRENT_SCHEMA() AND table_name = 'pet_daycares' AND column_name = 'price') AND objoid = (SELECT oid FROM pg_catalog.pg_class WHERE relname = 'pet_daycares' AND relnamespace = (SELECT oid FROM pg_catalog.pg_namespace WHERE nspname = CURRENT_SCHEMA()))

2025/02/13 14:39:20 /home/bryan/repos/skripsi/backend/setup/setup.go:78
[2.827ms] [rows:0] SELECT description FROM pg_catalog.pg_description WHERE objsubid = (SELECT ordinal_position FROM information_schema.columns WHERE table_schema = CURRENT_SCHEMA() AND table_name = 'pet_daycares' AND column_name = 'pricing_type') AND objoid = (SELECT oid FROM pg_catalog.pg_class WHERE relname = 'pet_daycares' AND relnamespace = (SELECT oid FROM pg_catalog.pg_namespace WHERE nspname = CURRENT_SCHEMA()))

2025/02/13 14:39:20 /home/bryan/repos/skripsi/backend/setup/setup.go:78
[3.438ms] [rows:0] SELECT description FROM pg_catalog.pg_description WHERE objsubid = (SELECT ordinal_position FROM information_schema.columns WHERE table_schema = CURRENT_SCHEMA() AND table_name = 'pet_daycares' AND column_name = 'description') AND objoid = (SELECT oid FROM pg_catalog.pg_class WHERE relname = 'pet_daycares' AND relnamespace = (SELECT oid FROM pg_catalog.pg_namespace WHERE nspname = CURRENT_SCHEMA()))

2025/02/13 14:39:20 /home/bryan/repos/skripsi/backend/setup/setup.go:78
[2.925ms] [rows:0] SELECT description FROM pg_catalog.pg_description WHERE objsubid = (SELECT ordinal_position FROM information_schema.columns WHERE table_schema = CURRENT_SCHEMA() AND table_name = 'pet_daycares' AND column_name = 'has_pickup_service') AND objoid = (SELECT oid FROM pg_catalog.pg_class WHERE relname = 'pet_daycares' AND relnamespace = (SELECT oid FROM pg_catalog.pg_namespace WHERE nspname = CURRENT_SCHEMA()))

2025/02/13 14:39:20 /home/bryan/repos/skripsi/backend/setup/setup.go:78
[3.066ms] [rows:0] SELECT description FROM pg_catalog.pg_description WHERE objsubid = (SELECT ordinal_position FROM information_schema.columns WHERE table_schema = CURRENT_SCHEMA() AND table_name = 'pet_daycares' AND column_name = 'must_be_vaccinated') AND objoid = (SELECT oid FROM pg_catalog.pg_class WHERE relname = 'pet_daycares' AND relnamespace = (SELECT oid FROM pg_catalog.pg_namespace WHERE nspname = CURRENT_SCHEMA()))

2025/02/13 14:39:20 /home/bryan/repos/skripsi/backend/setup/setup.go:78
[3.271ms] [rows:0] SELECT description FROM pg_catalog.pg_description WHERE objsubid = (SELECT ordinal_position FROM information_schema.columns WHERE table_schema = CURRENT_SCHEMA() AND table_name = 'pet_daycares' AND column_name = 'food_provided') AND objoid = (SELECT oid FROM pg_catalog.pg_class WHERE relname = 'pet_daycares' AND relnamespace = (SELECT oid FROM pg_catalog.pg_namespace WHERE nspname = CURRENT_SCHEMA()))

2025/02/13 14:39:20 /home/bryan/repos/skripsi/backend/setup/setup.go:78
[3.487ms] [rows:0] SELECT description FROM pg_catalog.pg_description WHERE objsubid = (SELECT ordinal_position FROM information_schema.columns WHERE table_schema = CURRENT_SCHEMA() AND table_name = 'pet_daycares' AND column_name = 'grooming_available') AND objoid = (SELECT oid FROM pg_catalog.pg_class WHERE relname = 'pet_daycares' AND relnamespace = (SELECT oid FROM pg_catalog.pg_namespace WHERE nspname = CURRENT_SCHEMA()))

2025/02/13 14:39:20 /home/bryan/repos/skripsi/backend/setup/setup.go:78
[2.626ms] [rows:0] SELECT description FROM pg_catalog.pg_description WHERE objsubid = (SELECT ordinal_position FROM information_schema.columns WHERE table_schema = CURRENT_SCHEMA() AND table_name = 'pet_daycares' AND column_name = 'booked_num') AND objoid = (SELECT oid FROM pg_catalog.pg_class WHERE relname = 'pet_daycares' AND relnamespace = (SELECT oid FROM pg_catalog.pg_namespace WHERE nspname = CURRENT_SCHEMA()))

2025/02/13 14:39:20 /home/bryan/repos/skripsi/backend/setup/setup.go:78
[2.667ms] [rows:0] SELECT description FROM pg_catalog.pg_description WHERE objsubid = (SELECT ordinal_position FROM information_schema.columns WHERE table_schema = CURRENT_SCHEMA() AND table_name = 'pet_daycares' AND column_name = 'daily_walks_id') AND objoid = (SELECT oid FROM pg_catalog.pg_class WHERE relname = 'pet_daycares' AND relnamespace = (SELECT oid FROM pg_catalog.pg_namespace WHERE nspname = CURRENT_SCHEMA()))

2025/02/13 14:39:20 /home/bryan/repos/skripsi/backend/setup/setup.go:78
[2.700ms] [rows:0] SELECT description FROM pg_catalog.pg_description WHERE objsubid = (SELECT ordinal_position FROM information_schema.columns WHERE table_schema = CURRENT_SCHEMA() AND table_name = 'pet_daycares' AND column_name = 'daily_playtime_id') AND objoid = (SELECT oid FROM pg_catalog.pg_class WHERE relname = 'pet_daycares' AND relnamespace = (SELECT oid FROM pg_catalog.pg_namespace WHERE nspname = CURRENT_SCHEMA()))

2025/02/13 14:39:20 /home/bryan/repos/skripsi/backend/setup/setup.go:78
[2.374ms] [rows:0] SELECT description FROM pg_catalog.pg_description WHERE objsubid = (SELECT ordinal_position FROM information_schema.columns WHERE table_schema = CURRENT_SCHEMA() AND table_name = 'pet_daycares' AND column_name = 'owner_id') AND objoid = (SELECT oid FROM pg_catalog.pg_class WHERE relname = 'pet_daycares' AND relnamespace = (SELECT oid FROM pg_catalog.pg_namespace WHERE nspname = CURRENT_SCHEMA()))

2025/02/13 14:39:20 /home/bryan/repos/skripsi/backend/setup/setup.go:78
[2.236ms] [rows:0] SELECT description FROM pg_catalog.pg_description WHERE objsubid = (SELECT ordinal_position FROM information_schema.columns WHERE table_schema = CURRENT_SCHEMA() AND table_name = 'pet_daycares' AND column_name = 'food_brand') AND objoid = (SELECT oid FROM pg_catalog.pg_class WHERE relname = 'pet_daycares' AND relnamespace = (SELECT oid FROM pg_catalog.pg_namespace WHERE nspname = CURRENT_SCHEMA()))

2025/02/13 14:39:20 /home/bryan/repos/skripsi/backend/setup/setup.go:78
[6.657ms] [rows:1] SELECT count(*) FROM INFORMATION_SCHEMA.table_constraints WHERE table_schema = CURRENT_SCHEMA() AND table_name = 'pet_daycares' AND constraint_name = 'fk_pet_daycares_daily_walks'

2025/02/13 14:39:20 /home/bryan/repos/skripsi/backend/setup/setup.go:78
[9.185ms] [rows:1] SELECT count(*) FROM INFORMATION_SCHEMA.table_constraints WHERE table_schema = CURRENT_SCHEMA() AND table_name = 'pet_daycares' AND constraint_name = 'fk_pet_daycares_daily_playtime'

2025/02/13 14:39:20 /home/bryan/repos/skripsi/backend/setup/setup.go:78
[7.880ms] [rows:1] SELECT count(*) FROM INFORMATION_SCHEMA.table_constraints WHERE table_schema = CURRENT_SCHEMA() AND table_name = 'pet_daycares' AND constraint_name = 'fk_users_pet_daycare'

2025/02/13 14:39:20 /home/bryan/repos/skripsi/backend/setup/setup.go:78
[5.664ms] [rows:1] SELECT count(*) FROM pg_indexes WHERE tablename = 'pet_daycares' AND indexname = 'idx_pet_daycares_deleted_at' AND schemaname = CURRENT_SCHEMA()

2025/02/13 14:39:20 /home/bryan/repos/skripsi/backend/setup/setup.go:78
[2.244ms] [rows:1] SELECT count(*) FROM information_schema.tables WHERE table_schema = CURRENT_SCHEMA() AND table_name = 'size_categories' AND table_type = 'BASE TABLE'

2025/02/13 14:39:20 /home/bryan/repos/skripsi/backend/setup/setup.go:78
[1.544ms] [rows:1] SELECT CURRENT_DATABASE()

2025/02/13 14:39:20 /home/bryan/repos/skripsi/backend/setup/setup.go:78
[5.987ms] [rows:-] SELECT c.column_name, c.is_nullable = 'YES', c.udt_name, c.character_maximum_length, c.numeric_precision, c.numeric_precision_radix, c.numeric_scale, c.datetime_precision, 8 * typlen, c.column_default, pd.description, c.identity_increment FROM information_schema.columns AS c JOIN pg_type AS pgt ON c.udt_name = pgt.typname LEFT JOIN pg_catalog.pg_description as pd ON pd.objsubid = c.ordinal_position AND pd.objoid = (SELECT oid FROM pg_catalog.pg_class WHERE relname = c.table_name AND relnamespace = (SELECT oid FROM pg_catalog.pg_namespace WHERE nspname = c.table_schema)) where table_catalog = $1$ AND table_schema = CURRENT_SCHEMA() AND table_name = $2$

2025/02/13 14:39:20 /home/bryan/repos/skripsi/backend/setup/setup.go:78
[1.694ms] [rows:-] SELECT * FROM "size_categories" LIMIT $1$

2025/02/13 14:39:20 /home/bryan/repos/skripsi/backend/setup/setup.go:78
[4.821ms] [rows:-] SELECT constraint_name FROM information_schema.table_constraints tc JOIN information_schema.constraint_column_usage AS ccu USING (constraint_schema, constraint_catalog, table_name, constraint_name) JOIN information_schema.columns AS c ON c.table_schema = tc.constraint_schema AND tc.table_name = c.table_name AND ccu.column_name = c.column_name WHERE constraint_type IN ('PRIMARY KEY', 'UNIQUE') AND c.table_catalog = $1$ AND c.table_schema = CURRENT_SCHEMA() AND c.table_name = $2$ AND constraint_type = $3$

2025/02/13 14:39:20 /home/bryan/repos/skripsi/backend/setup/setup.go:78
[4.879ms] [rows:-] SELECT c.column_name, constraint_name, constraint_type FROM information_schema.table_constraints tc JOIN information_schema.constraint_column_usage AS ccu USING (constraint_schema, constraint_catalog, table_name, constraint_name) JOIN information_schema.columns AS c ON c.table_schema = tc.constraint_schema AND tc.table_name = c.table_name AND ccu.column_name = c.column_name WHERE constraint_type IN ('PRIMARY KEY', 'UNIQUE') AND c.table_catalog = $1$ AND c.table_schema = CURRENT_SCHEMA() AND c.table_name = $2$

2025/02/13 14:39:20 /home/bryan/repos/skripsi/backend/setup/setup.go:78
[1.911ms] [rows:-] SELECT a.attname as column_name, format_type(a.atttypid, a.atttypmod) AS data_type
		FROM pg_attribute a JOIN pg_class b ON a.attrelid = b.oid AND relnamespace = (SELECT oid FROM pg_catalog.pg_namespace WHERE nspname = CURRENT_SCHEMA())
		WHERE a.attnum > 0 -- hide internal columns
		AND NOT a.attisdropped -- hide deleted columns
		AND b.relname = $1$

2025/02/13 14:39:20 /home/bryan/repos/skripsi/backend/setup/setup.go:78
[2.886ms] [rows:0] SELECT description FROM pg_catalog.pg_description WHERE objsubid = (SELECT ordinal_position FROM information_schema.columns WHERE table_schema = CURRENT_SCHEMA() AND table_name = 'size_categories' AND column_name = 'id') AND objoid = (SELECT oid FROM pg_catalog.pg_class WHERE relname = 'size_categories' AND relnamespace = (SELECT oid FROM pg_catalog.pg_namespace WHERE nspname = CURRENT_SCHEMA()))

2025/02/13 14:39:20 /home/bryan/repos/skripsi/backend/setup/setup.go:78
[2.801ms] [rows:0] SELECT description FROM pg_catalog.pg_description WHERE objsubid = (SELECT ordinal_position FROM information_schema.columns WHERE table_schema = CURRENT_SCHEMA() AND table_name = 'size_categories' AND column_name = 'name') AND objoid = (SELECT oid FROM pg_catalog.pg_class WHERE relname = 'size_categories' AND relnamespace = (SELECT oid FROM pg_catalog.pg_namespace WHERE nspname = CURRENT_SCHEMA()))

2025/02/13 14:39:20 /home/bryan/repos/skripsi/backend/setup/setup.go:78
[2.785ms] [rows:0] SELECT description FROM pg_catalog.pg_description WHERE objsubid = (SELECT ordinal_position FROM information_schema.columns WHERE table_schema = CURRENT_SCHEMA() AND table_name = 'size_categories' AND column_name = 'min_weight') AND objoid = (SELECT oid FROM pg_catalog.pg_class WHERE relname = 'size_categories' AND relnamespace = (SELECT oid FROM pg_catalog.pg_namespace WHERE nspname = CURRENT_SCHEMA()))

2025/02/13 14:39:20 /home/bryan/repos/skripsi/backend/setup/setup.go:78
[2.920ms] [rows:0] SELECT description FROM pg_catalog.pg_description WHERE objsubid = (SELECT ordinal_position FROM information_schema.columns WHERE table_schema = CURRENT_SCHEMA() AND table_name = 'size_categories' AND column_name = 'max_weight') AND objoid = (SELECT oid FROM pg_catalog.pg_class WHERE relname = 'size_categories' AND relnamespace = (SELECT oid FROM pg_catalog.pg_namespace WHERE nspname = CURRENT_SCHEMA()))

2025/02/13 14:39:20 /home/bryan/repos/skripsi/backend/setup/setup.go:78
[2.002ms] [rows:1] SELECT count(*) FROM information_schema.tables WHERE table_schema = CURRENT_SCHEMA() AND table_name = 'species' AND table_type = 'BASE TABLE'

2025/02/13 14:39:20 /home/bryan/repos/skripsi/backend/setup/setup.go:78
[1.719ms] [rows:1] SELECT CURRENT_DATABASE()

2025/02/13 14:39:20 /home/bryan/repos/skripsi/backend/setup/setup.go:78
[5.387ms] [rows:-] SELECT c.column_name, c.is_nullable = 'YES', c.udt_name, c.character_maximum_length, c.numeric_precision, c.numeric_precision_radix, c.numeric_scale, c.datetime_precision, 8 * typlen, c.column_default, pd.description, c.identity_increment FROM information_schema.columns AS c JOIN pg_type AS pgt ON c.udt_name = pgt.typname LEFT JOIN pg_catalog.pg_description as pd ON pd.objsubid = c.ordinal_position AND pd.objoid = (SELECT oid FROM pg_catalog.pg_class WHERE relname = c.table_name AND relnamespace = (SELECT oid FROM pg_catalog.pg_namespace WHERE nspname = c.table_schema)) where table_catalog = $1$ AND table_schema = CURRENT_SCHEMA() AND table_name = $2$

2025/02/13 14:39:20 /home/bryan/repos/skripsi/backend/setup/setup.go:78
[1.677ms] [rows:-] SELECT * FROM "species" LIMIT $1$

2025/02/13 14:39:20 /home/bryan/repos/skripsi/backend/setup/setup.go:78
[5.051ms] [rows:-] SELECT constraint_name FROM information_schema.table_constraints tc JOIN information_schema.constraint_column_usage AS ccu USING (constraint_schema, constraint_catalog, table_name, constraint_name) JOIN information_schema.columns AS c ON c.table_schema = tc.constraint_schema AND tc.table_name = c.table_name AND ccu.column_name = c.column_name WHERE constraint_type IN ('PRIMARY KEY', 'UNIQUE') AND c.table_catalog = $1$ AND c.table_schema = CURRENT_SCHEMA() AND c.table_name = $2$ AND constraint_type = $3$

2025/02/13 14:39:20 /home/bryan/repos/skripsi/backend/setup/setup.go:78
[5.907ms] [rows:-] SELECT c.column_name, constraint_name, constraint_type FROM information_schema.table_constraints tc JOIN information_schema.constraint_column_usage AS ccu USING (constraint_schema, constraint_catalog, table_name, constraint_name) JOIN information_schema.columns AS c ON c.table_schema = tc.constraint_schema AND tc.table_name = c.table_name AND ccu.column_name = c.column_name WHERE constraint_type IN ('PRIMARY KEY', 'UNIQUE') AND c.table_catalog = $1$ AND c.table_schema = CURRENT_SCHEMA() AND c.table_name = $2$

2025/02/13 14:39:20 /home/bryan/repos/skripsi/backend/setup/setup.go:78
[2.397ms] [rows:-] SELECT a.attname as column_name, format_type(a.atttypid, a.atttypmod) AS data_type
		FROM pg_attribute a JOIN pg_class b ON a.attrelid = b.oid AND relnamespace = (SELECT oid FROM pg_catalog.pg_namespace WHERE nspname = CURRENT_SCHEMA())
		WHERE a.attnum > 0 -- hide internal columns
		AND NOT a.attisdropped -- hide deleted columns
		AND b.relname = $1$

2025/02/13 14:39:20 /home/bryan/repos/skripsi/backend/setup/setup.go:78
[3.495ms] [rows:0] SELECT description FROM pg_catalog.pg_description WHERE objsubid = (SELECT ordinal_position FROM information_schema.columns WHERE table_schema = CURRENT_SCHEMA() AND table_name = 'species' AND column_name = 'id') AND objoid = (SELECT oid FROM pg_catalog.pg_class WHERE relname = 'species' AND relnamespace = (SELECT oid FROM pg_catalog.pg_namespace WHERE nspname = CURRENT_SCHEMA()))

2025/02/13 14:39:20 /home/bryan/repos/skripsi/backend/setup/setup.go:78
[3.539ms] [rows:0] SELECT description FROM pg_catalog.pg_description WHERE objsubid = (SELECT ordinal_position FROM information_schema.columns WHERE table_schema = CURRENT_SCHEMA() AND table_name = 'species' AND column_name = 'name') AND objoid = (SELECT oid FROM pg_catalog.pg_class WHERE relname = 'species' AND relnamespace = (SELECT oid FROM pg_catalog.pg_namespace WHERE nspname = CURRENT_SCHEMA()))

2025/02/13 14:39:20 /home/bryan/repos/skripsi/backend/setup/setup.go:78
[2.596ms] [rows:1] SELECT count(*) FROM information_schema.tables WHERE table_schema = CURRENT_SCHEMA() AND table_name = 'pets' AND table_type = 'BASE TABLE'

2025/02/13 14:39:20 /home/bryan/repos/skripsi/backend/setup/setup.go:78
[1.814ms] [rows:1] SELECT CURRENT_DATABASE()

2025/02/13 14:39:20 /home/bryan/repos/skripsi/backend/setup/setup.go:78
[8.786ms] [rows:-] SELECT c.column_name, c.is_nullable = 'YES', c.udt_name, c.character_maximum_length, c.numeric_precision, c.numeric_precision_radix, c.numeric_scale, c.datetime_precision, 8 * typlen, c.column_default, pd.description, c.identity_increment FROM information_schema.columns AS c JOIN pg_type AS pgt ON c.udt_name = pgt.typname LEFT JOIN pg_catalog.pg_description as pd ON pd.objsubid = c.ordinal_position AND pd.objoid = (SELECT oid FROM pg_catalog.pg_class WHERE relname = c.table_name AND relnamespace = (SELECT oid FROM pg_catalog.pg_namespace WHERE nspname = c.table_schema)) where table_catalog = $1$ AND table_schema = CURRENT_SCHEMA() AND table_name = $2$

2025/02/13 14:39:20 /home/bryan/repos/skripsi/backend/setup/setup.go:78
[2.434ms] [rows:-] SELECT * FROM "pets" LIMIT $1$

2025/02/13 14:39:20 /home/bryan/repos/skripsi/backend/setup/setup.go:78
[7.154ms] [rows:-] SELECT constraint_name FROM information_schema.table_constraints tc JOIN information_schema.constraint_column_usage AS ccu USING (constraint_schema, constraint_catalog, table_name, constraint_name) JOIN information_schema.columns AS c ON c.table_schema = tc.constraint_schema AND tc.table_name = c.table_name AND ccu.column_name = c.column_name WHERE constraint_type IN ('PRIMARY KEY', 'UNIQUE') AND c.table_catalog = $1$ AND c.table_schema = CURRENT_SCHEMA() AND c.table_name = $2$ AND constraint_type = $3$

2025/02/13 14:39:20 /home/bryan/repos/skripsi/backend/setup/setup.go:78
[9.083ms] [rows:-] SELECT c.column_name, constraint_name, constraint_type FROM information_schema.table_constraints tc JOIN information_schema.constraint_column_usage AS ccu USING (constraint_schema, constraint_catalog, table_name, constraint_name) JOIN information_schema.columns AS c ON c.table_schema = tc.constraint_schema AND tc.table_name = c.table_name AND ccu.column_name = c.column_name WHERE constraint_type IN ('PRIMARY KEY', 'UNIQUE') AND c.table_catalog = $1$ AND c.table_schema = CURRENT_SCHEMA() AND c.table_name = $2$

2025/02/13 14:39:20 /home/bryan/repos/skripsi/backend/setup/setup.go:78
[2.358ms] [rows:-] SELECT a.attname as column_name, format_type(a.atttypid, a.atttypmod) AS data_type
		FROM pg_attribute a JOIN pg_class b ON a.attrelid = b.oid AND relnamespace = (SELECT oid FROM pg_catalog.pg_namespace WHERE nspname = CURRENT_SCHEMA())
		WHERE a.attnum > 0 -- hide internal columns
		AND NOT a.attisdropped -- hide deleted columns
		AND b.relname = $1$

2025/02/13 14:39:20 /home/bryan/repos/skripsi/backend/setup/setup.go:78
[3.357ms] [rows:0] SELECT description FROM pg_catalog.pg_description WHERE objsubid = (SELECT ordinal_position FROM information_schema.columns WHERE table_schema = CURRENT_SCHEMA() AND table_name = 'pets' AND column_name = 'id') AND objoid = (SELECT oid FROM pg_catalog.pg_class WHERE relname = 'pets' AND relnamespace = (SELECT oid FROM pg_catalog.pg_namespace WHERE nspname = CURRENT_SCHEMA()))

2025/02/13 14:39:20 /home/bryan/repos/skripsi/backend/setup/setup.go:78
[3.592ms] [rows:0] SELECT description FROM pg_catalog.pg_description WHERE objsubid = (SELECT ordinal_position FROM information_schema.columns WHERE table_schema = CURRENT_SCHEMA() AND table_name = 'pets' AND column_name = 'created_at') AND objoid = (SELECT oid FROM pg_catalog.pg_class WHERE relname = 'pets' AND relnamespace = (SELECT oid FROM pg_catalog.pg_namespace WHERE nspname = CURRENT_SCHEMA()))

2025/02/13 14:39:20 /home/bryan/repos/skripsi/backend/setup/setup.go:78
[3.207ms] [rows:0] SELECT description FROM pg_catalog.pg_description WHERE objsubid = (SELECT ordinal_position FROM information_schema.columns WHERE table_schema = CURRENT_SCHEMA() AND table_name = 'pets' AND column_name = 'updated_at') AND objoid = (SELECT oid FROM pg_catalog.pg_class WHERE relname = 'pets' AND relnamespace = (SELECT oid FROM pg_catalog.pg_namespace WHERE nspname = CURRENT_SCHEMA()))

2025/02/13 14:39:20 /home/bryan/repos/skripsi/backend/setup/setup.go:78
[3.490ms] [rows:0] SELECT description FROM pg_catalog.pg_description WHERE objsubid = (SELECT ordinal_position FROM information_schema.columns WHERE table_schema = CURRENT_SCHEMA() AND table_name = 'pets' AND column_name = 'deleted_at') AND objoid = (SELECT oid FROM pg_catalog.pg_class WHERE relname = 'pets' AND relnamespace = (SELECT oid FROM pg_catalog.pg_namespace WHERE nspname = CURRENT_SCHEMA()))

2025/02/13 14:39:20 /home/bryan/repos/skripsi/backend/setup/setup.go:78
[3.610ms] [rows:0] SELECT description FROM pg_catalog.pg_description WHERE objsubid = (SELECT ordinal_position FROM information_schema.columns WHERE table_schema = CURRENT_SCHEMA() AND table_name = 'pets' AND column_name = 'name') AND objoid = (SELECT oid FROM pg_catalog.pg_class WHERE relname = 'pets' AND relnamespace = (SELECT oid FROM pg_catalog.pg_namespace WHERE nspname = CURRENT_SCHEMA()))

2025/02/13 14:39:20 /home/bryan/repos/skripsi/backend/setup/setup.go:78
[3.484ms] [rows:0] SELECT description FROM pg_catalog.pg_description WHERE objsubid = (SELECT ordinal_position FROM information_schema.columns WHERE table_schema = CURRENT_SCHEMA() AND table_name = 'pets' AND column_name = 'image_url') AND objoid = (SELECT oid FROM pg_catalog.pg_class WHERE relname = 'pets' AND relnamespace = (SELECT oid FROM pg_catalog.pg_namespace WHERE nspname = CURRENT_SCHEMA()))

2025/02/13 14:39:21 /home/bryan/repos/skripsi/backend/setup/setup.go:78
[4.048ms] [rows:0] SELECT description FROM pg_catalog.pg_description WHERE objsubid = (SELECT ordinal_position FROM information_schema.columns WHERE table_schema = CURRENT_SCHEMA() AND table_name = 'pets' AND column_name = 'status') AND objoid = (SELECT oid FROM pg_catalog.pg_class WHERE relname = 'pets' AND relnamespace = (SELECT oid FROM pg_catalog.pg_namespace WHERE nspname = CURRENT_SCHEMA()))

2025/02/13 14:39:21 /home/bryan/repos/skripsi/backend/setup/setup.go:78
[3.984ms] [rows:0] SELECT description FROM pg_catalog.pg_description WHERE objsubid = (SELECT ordinal_position FROM information_schema.columns WHERE table_schema = CURRENT_SCHEMA() AND table_name = 'pets' AND column_name = 'owner_id') AND objoid = (SELECT oid FROM pg_catalog.pg_class WHERE relname = 'pets' AND relnamespace = (SELECT oid FROM pg_catalog.pg_namespace WHERE nspname = CURRENT_SCHEMA()))

2025/02/13 14:39:21 /home/bryan/repos/skripsi/backend/setup/setup.go:78
[4.074ms] [rows:0] SELECT description FROM pg_catalog.pg_description WHERE objsubid = (SELECT ordinal_position FROM information_schema.columns WHERE table_schema = CURRENT_SCHEMA() AND table_name = 'pets' AND column_name = 'species_id') AND objoid = (SELECT oid FROM pg_catalog.pg_class WHERE relname = 'pets' AND relnamespace = (SELECT oid FROM pg_catalog.pg_namespace WHERE nspname = CURRENT_SCHEMA()))

2025/02/13 14:39:21 /home/bryan/repos/skripsi/backend/setup/setup.go:78
[3.606ms] [rows:0] SELECT description FROM pg_catalog.pg_description WHERE objsubid = (SELECT ordinal_position FROM information_schema.columns WHERE table_schema = CURRENT_SCHEMA() AND table_name = 'pets' AND column_name = 'size_id') AND objoid = (SELECT oid FROM pg_catalog.pg_class WHERE relname = 'pets' AND relnamespace = (SELECT oid FROM pg_catalog.pg_namespace WHERE nspname = CURRENT_SCHEMA()))

2025/02/13 14:39:21 /home/bryan/repos/skripsi/backend/setup/setup.go:78
[2.803ms] [rows:1] SELECT count(*) FROM INFORMATION_SCHEMA.table_constraints WHERE table_schema = CURRENT_SCHEMA() AND table_name = 'pets' AND constraint_name = 'fk_pets_species'

2025/02/13 14:39:21 /home/bryan/repos/skripsi/backend/setup/setup.go:78
[2.802ms] [rows:1] SELECT count(*) FROM INFORMATION_SCHEMA.table_constraints WHERE table_schema = CURRENT_SCHEMA() AND table_name = 'pets' AND constraint_name = 'fk_pets_size_category'

2025/02/13 14:39:21 /home/bryan/repos/skripsi/backend/setup/setup.go:78
[2.607ms] [rows:1] SELECT count(*) FROM INFORMATION_SCHEMA.table_constraints WHERE table_schema = CURRENT_SCHEMA() AND table_name = 'pets' AND constraint_name = 'fk_users_pets'

2025/02/13 14:39:21 /home/bryan/repos/skripsi/backend/setup/setup.go:78
[7.178ms] [rows:1] SELECT count(*) FROM pg_indexes WHERE tablename = 'pets' AND indexname = 'idx_pets_deleted_at' AND schemaname = CURRENT_SCHEMA()

2025/02/13 14:39:21 /home/bryan/repos/skripsi/backend/setup/setup.go:78
[3.226ms] [rows:1] SELECT count(*) FROM information_schema.tables WHERE table_schema = CURRENT_SCHEMA() AND table_name = 'slots' AND table_type = 'BASE TABLE'

2025/02/13 14:39:21 /home/bryan/repos/skripsi/backend/setup/setup.go:78
[2.324ms] [rows:1] SELECT CURRENT_DATABASE()

2025/02/13 14:39:21 /home/bryan/repos/skripsi/backend/setup/setup.go:78
[8.548ms] [rows:-] SELECT c.column_name, c.is_nullable = 'YES', c.udt_name, c.character_maximum_length, c.numeric_precision, c.numeric_precision_radix, c.numeric_scale, c.datetime_precision, 8 * typlen, c.column_default, pd.description, c.identity_increment FROM information_schema.columns AS c JOIN pg_type AS pgt ON c.udt_name = pgt.typname LEFT JOIN pg_catalog.pg_description as pd ON pd.objsubid = c.ordinal_position AND pd.objoid = (SELECT oid FROM pg_catalog.pg_class WHERE relname = c.table_name AND relnamespace = (SELECT oid FROM pg_catalog.pg_namespace WHERE nspname = c.table_schema)) where table_catalog = $1$ AND table_schema = CURRENT_SCHEMA() AND table_name = $2$

2025/02/13 14:39:21 /home/bryan/repos/skripsi/backend/setup/setup.go:78
[2.302ms] [rows:-] SELECT * FROM "slots" LIMIT $1$

2025/02/13 14:39:21 /home/bryan/repos/skripsi/backend/setup/setup.go:78
[7.532ms] [rows:-] SELECT constraint_name FROM information_schema.table_constraints tc JOIN information_schema.constraint_column_usage AS ccu USING (constraint_schema, constraint_catalog, table_name, constraint_name) JOIN information_schema.columns AS c ON c.table_schema = tc.constraint_schema AND tc.table_name = c.table_name AND ccu.column_name = c.column_name WHERE constraint_type IN ('PRIMARY KEY', 'UNIQUE') AND c.table_catalog = $1$ AND c.table_schema = CURRENT_SCHEMA() AND c.table_name = $2$ AND constraint_type = $3$

2025/02/13 14:39:21 /home/bryan/repos/skripsi/backend/setup/setup.go:78
[6.901ms] [rows:-] SELECT c.column_name, constraint_name, constraint_type FROM information_schema.table_constraints tc JOIN information_schema.constraint_column_usage AS ccu USING (constraint_schema, constraint_catalog, table_name, constraint_name) JOIN information_schema.columns AS c ON c.table_schema = tc.constraint_schema AND tc.table_name = c.table_name AND ccu.column_name = c.column_name WHERE constraint_type IN ('PRIMARY KEY', 'UNIQUE') AND c.table_catalog = $1$ AND c.table_schema = CURRENT_SCHEMA() AND c.table_name = $2$

2025/02/13 14:39:21 /home/bryan/repos/skripsi/backend/setup/setup.go:78
[2.331ms] [rows:-] SELECT a.attname as column_name, format_type(a.atttypid, a.atttypmod) AS data_type
		FROM pg_attribute a JOIN pg_class b ON a.attrelid = b.oid AND relnamespace = (SELECT oid FROM pg_catalog.pg_namespace WHERE nspname = CURRENT_SCHEMA())
		WHERE a.attnum > 0 -- hide internal columns
		AND NOT a.attisdropped -- hide deleted columns
		AND b.relname = $1$

2025/02/13 14:39:21 /home/bryan/repos/skripsi/backend/setup/setup.go:78
[3.607ms] [rows:0] SELECT description FROM pg_catalog.pg_description WHERE objsubid = (SELECT ordinal_position FROM information_schema.columns WHERE table_schema = CURRENT_SCHEMA() AND table_name = 'slots' AND column_name = 'id') AND objoid = (SELECT oid FROM pg_catalog.pg_class WHERE relname = 'slots' AND relnamespace = (SELECT oid FROM pg_catalog.pg_namespace WHERE nspname = CURRENT_SCHEMA()))

2025/02/13 14:39:21 /home/bryan/repos/skripsi/backend/setup/setup.go:78
[3.454ms] [rows:0] SELECT description FROM pg_catalog.pg_description WHERE objsubid = (SELECT ordinal_position FROM information_schema.columns WHERE table_schema = CURRENT_SCHEMA() AND table_name = 'slots' AND column_name = 'created_at') AND objoid = (SELECT oid FROM pg_catalog.pg_class WHERE relname = 'slots' AND relnamespace = (SELECT oid FROM pg_catalog.pg_namespace WHERE nspname = CURRENT_SCHEMA()))

2025/02/13 14:39:21 /home/bryan/repos/skripsi/backend/setup/setup.go:78
[3.280ms] [rows:0] SELECT description FROM pg_catalog.pg_description WHERE objsubid = (SELECT ordinal_position FROM information_schema.columns WHERE table_schema = CURRENT_SCHEMA() AND table_name = 'slots' AND column_name = 'updated_at') AND objoid = (SELECT oid FROM pg_catalog.pg_class WHERE relname = 'slots' AND relnamespace = (SELECT oid FROM pg_catalog.pg_namespace WHERE nspname = CURRENT_SCHEMA()))

2025/02/13 14:39:21 /home/bryan/repos/skripsi/backend/setup/setup.go:78
[3.228ms] [rows:0] SELECT description FROM pg_catalog.pg_description WHERE objsubid = (SELECT ordinal_position FROM information_schema.columns WHERE table_schema = CURRENT_SCHEMA() AND table_name = 'slots' AND column_name = 'deleted_at') AND objoid = (SELECT oid FROM pg_catalog.pg_class WHERE relname = 'slots' AND relnamespace = (SELECT oid FROM pg_catalog.pg_namespace WHERE nspname = CURRENT_SCHEMA()))

2025/02/13 14:39:21 /home/bryan/repos/skripsi/backend/setup/setup.go:78
[3.324ms] [rows:0] SELECT description FROM pg_catalog.pg_description WHERE objsubid = (SELECT ordinal_position FROM information_schema.columns WHERE table_schema = CURRENT_SCHEMA() AND table_name = 'slots' AND column_name = 'daycare_id') AND objoid = (SELECT oid FROM pg_catalog.pg_class WHERE relname = 'slots' AND relnamespace = (SELECT oid FROM pg_catalog.pg_namespace WHERE nspname = CURRENT_SCHEMA()))

2025/02/13 14:39:21 /home/bryan/repos/skripsi/backend/setup/setup.go:78
[3.279ms] [rows:0] SELECT description FROM pg_catalog.pg_description WHERE objsubid = (SELECT ordinal_position FROM information_schema.columns WHERE table_schema = CURRENT_SCHEMA() AND table_name = 'slots' AND column_name = 'species_id') AND objoid = (SELECT oid FROM pg_catalog.pg_class WHERE relname = 'slots' AND relnamespace = (SELECT oid FROM pg_catalog.pg_namespace WHERE nspname = CURRENT_SCHEMA()))

2025/02/13 14:39:21 /home/bryan/repos/skripsi/backend/setup/setup.go:78
[3.841ms] [rows:0] SELECT description FROM pg_catalog.pg_description WHERE objsubid = (SELECT ordinal_position FROM information_schema.columns WHERE table_schema = CURRENT_SCHEMA() AND table_name = 'slots' AND column_name = 'size_category_id') AND objoid = (SELECT oid FROM pg_catalog.pg_class WHERE relname = 'slots' AND relnamespace = (SELECT oid FROM pg_catalog.pg_namespace WHERE nspname = CURRENT_SCHEMA()))

2025/02/13 14:39:21 /home/bryan/repos/skripsi/backend/setup/setup.go:78
[3.818ms] [rows:0] SELECT description FROM pg_catalog.pg_description WHERE objsubid = (SELECT ordinal_position FROM information_schema.columns WHERE table_schema = CURRENT_SCHEMA() AND table_name = 'slots' AND column_name = 'max_number') AND objoid = (SELECT oid FROM pg_catalog.pg_class WHERE relname = 'slots' AND relnamespace = (SELECT oid FROM pg_catalog.pg_namespace WHERE nspname = CURRENT_SCHEMA()))

2025/02/13 14:39:21 /home/bryan/repos/skripsi/backend/setup/setup.go:78
[2.938ms] [rows:1] SELECT count(*) FROM INFORMATION_SCHEMA.table_constraints WHERE table_schema = CURRENT_SCHEMA() AND table_name = 'slots' AND constraint_name = 'fk_pet_daycares_slots'

2025/02/13 14:39:21 /home/bryan/repos/skripsi/backend/setup/setup.go:78
[6.722ms] [rows:1] SELECT count(*) FROM pg_indexes WHERE tablename = 'slots' AND indexname = 'idx_slots_deleted_at' AND schemaname = CURRENT_SCHEMA()

2025/02/13 14:39:21 /home/bryan/repos/skripsi/backend/setup/setup.go:78
[2.742ms] [rows:1] SELECT count(*) FROM information_schema.tables WHERE table_schema = CURRENT_SCHEMA() AND table_name = 'booked_slots' AND table_type = 'BASE TABLE'

2025/02/13 14:39:21 /home/bryan/repos/skripsi/backend/setup/setup.go:78
[1.894ms] [rows:1] SELECT CURRENT_DATABASE()

2025/02/13 14:39:21 /home/bryan/repos/skripsi/backend/setup/setup.go:78
[8.564ms] [rows:-] SELECT c.column_name, c.is_nullable = 'YES', c.udt_name, c.character_maximum_length, c.numeric_precision, c.numeric_precision_radix, c.numeric_scale, c.datetime_precision, 8 * typlen, c.column_default, pd.description, c.identity_increment FROM information_schema.columns AS c JOIN pg_type AS pgt ON c.udt_name = pgt.typname LEFT JOIN pg_catalog.pg_description as pd ON pd.objsubid = c.ordinal_position AND pd.objoid = (SELECT oid FROM pg_catalog.pg_class WHERE relname = c.table_name AND relnamespace = (SELECT oid FROM pg_catalog.pg_namespace WHERE nspname = c.table_schema)) where table_catalog = $1$ AND table_schema = CURRENT_SCHEMA() AND table_name = $2$

2025/02/13 14:39:21 /home/bryan/repos/skripsi/backend/setup/setup.go:78
[2.286ms] [rows:-] SELECT * FROM "booked_slots" LIMIT $1$

2025/02/13 14:39:21 /home/bryan/repos/skripsi/backend/setup/setup.go:78
[8.083ms] [rows:-] SELECT constraint_name FROM information_schema.table_constraints tc JOIN information_schema.constraint_column_usage AS ccu USING (constraint_schema, constraint_catalog, table_name, constraint_name) JOIN information_schema.columns AS c ON c.table_schema = tc.constraint_schema AND tc.table_name = c.table_name AND ccu.column_name = c.column_name WHERE constraint_type IN ('PRIMARY KEY', 'UNIQUE') AND c.table_catalog = $1$ AND c.table_schema = CURRENT_SCHEMA() AND c.table_name = $2$ AND constraint_type = $3$

2025/02/13 14:39:21 /home/bryan/repos/skripsi/backend/setup/setup.go:78
[7.094ms] [rows:-] SELECT c.column_name, constraint_name, constraint_type FROM information_schema.table_constraints tc JOIN information_schema.constraint_column_usage AS ccu USING (constraint_schema, constraint_catalog, table_name, constraint_name) JOIN information_schema.columns AS c ON c.table_schema = tc.constraint_schema AND tc.table_name = c.table_name AND ccu.column_name = c.column_name WHERE constraint_type IN ('PRIMARY KEY', 'UNIQUE') AND c.table_catalog = $1$ AND c.table_schema = CURRENT_SCHEMA() AND c.table_name = $2$

2025/02/13 14:39:21 /home/bryan/repos/skripsi/backend/setup/setup.go:78
[2.173ms] [rows:-] SELECT a.attname as column_name, format_type(a.atttypid, a.atttypmod) AS data_type
		FROM pg_attribute a JOIN pg_class b ON a.attrelid = b.oid AND relnamespace = (SELECT oid FROM pg_catalog.pg_namespace WHERE nspname = CURRENT_SCHEMA())
		WHERE a.attnum > 0 -- hide internal columns
		AND NOT a.attisdropped -- hide deleted columns
		AND b.relname = $1$

2025/02/13 14:39:21 /home/bryan/repos/skripsi/backend/setup/setup.go:78
[4.596ms] [rows:0] SELECT description FROM pg_catalog.pg_description WHERE objsubid = (SELECT ordinal_position FROM information_schema.columns WHERE table_schema = CURRENT_SCHEMA() AND table_name = 'booked_slots' AND column_name = 'id') AND objoid = (SELECT oid FROM pg_catalog.pg_class WHERE relname = 'booked_slots' AND relnamespace = (SELECT oid FROM pg_catalog.pg_namespace WHERE nspname = CURRENT_SCHEMA()))

2025/02/13 14:39:21 /home/bryan/repos/skripsi/backend/setup/setup.go:78
[4.306ms] [rows:0] SELECT description FROM pg_catalog.pg_description WHERE objsubid = (SELECT ordinal_position FROM information_schema.columns WHERE table_schema = CURRENT_SCHEMA() AND table_name = 'booked_slots' AND column_name = 'created_at') AND objoid = (SELECT oid FROM pg_catalog.pg_class WHERE relname = 'booked_slots' AND relnamespace = (SELECT oid FROM pg_catalog.pg_namespace WHERE nspname = CURRENT_SCHEMA()))

2025/02/13 14:39:21 /home/bryan/repos/skripsi/backend/setup/setup.go:78
[4.035ms] [rows:0] SELECT description FROM pg_catalog.pg_description WHERE objsubid = (SELECT ordinal_position FROM information_schema.columns WHERE table_schema = CURRENT_SCHEMA() AND table_name = 'booked_slots' AND column_name = 'updated_at') AND objoid = (SELECT oid FROM pg_catalog.pg_class WHERE relname = 'booked_slots' AND relnamespace = (SELECT oid FROM pg_catalog.pg_namespace WHERE nspname = CURRENT_SCHEMA()))

2025/02/13 14:39:21 /home/bryan/repos/skripsi/backend/setup/setup.go:78
[4.752ms] [rows:0] SELECT description FROM pg_catalog.pg_description WHERE objsubid = (SELECT ordinal_position FROM information_schema.columns WHERE table_schema = CURRENT_SCHEMA() AND table_name = 'booked_slots' AND column_name = 'deleted_at') AND objoid = (SELECT oid FROM pg_catalog.pg_class WHERE relname = 'booked_slots' AND relnamespace = (SELECT oid FROM pg_catalog.pg_namespace WHERE nspname = CURRENT_SCHEMA()))

2025/02/13 14:39:21 /home/bryan/repos/skripsi/backend/setup/setup.go:78
[4.214ms] [rows:0] SELECT description FROM pg_catalog.pg_description WHERE objsubid = (SELECT ordinal_position FROM information_schema.columns WHERE table_schema = CURRENT_SCHEMA() AND table_name = 'booked_slots' AND column_name = 'user_id') AND objoid = (SELECT oid FROM pg_catalog.pg_class WHERE relname = 'booked_slots' AND relnamespace = (SELECT oid FROM pg_catalog.pg_namespace WHERE nspname = CURRENT_SCHEMA()))

2025/02/13 14:39:21 /home/bryan/repos/skripsi/backend/setup/setup.go:78
[4.023ms] [rows:0] SELECT description FROM pg_catalog.pg_description WHERE objsubid = (SELECT ordinal_position FROM information_schema.columns WHERE table_schema = CURRENT_SCHEMA() AND table_name = 'booked_slots' AND column_name = 'daycare_id') AND objoid = (SELECT oid FROM pg_catalog.pg_class WHERE relname = 'booked_slots' AND relnamespace = (SELECT oid FROM pg_catalog.pg_namespace WHERE nspname = CURRENT_SCHEMA()))

2025/02/13 14:39:21 /home/bryan/repos/skripsi/backend/setup/setup.go:78
[4.444ms] [rows:0] SELECT description FROM pg_catalog.pg_description WHERE objsubid = (SELECT ordinal_position FROM information_schema.columns WHERE table_schema = CURRENT_SCHEMA() AND table_name = 'booked_slots' AND column_name = 'pet_id') AND objoid = (SELECT oid FROM pg_catalog.pg_class WHERE relname = 'booked_slots' AND relnamespace = (SELECT oid FROM pg_catalog.pg_namespace WHERE nspname = CURRENT_SCHEMA()))

2025/02/13 14:39:21 /home/bryan/repos/skripsi/backend/setup/setup.go:78
[4.455ms] [rows:0] SELECT description FROM pg_catalog.pg_description WHERE objsubid = (SELECT ordinal_position FROM information_schema.columns WHERE table_schema = CURRENT_SCHEMA() AND table_name = 'booked_slots' AND column_name = 'start_date') AND objoid = (SELECT oid FROM pg_catalog.pg_class WHERE relname = 'booked_slots' AND relnamespace = (SELECT oid FROM pg_catalog.pg_namespace WHERE nspname = CURRENT_SCHEMA()))

2025/02/13 14:39:21 /home/bryan/repos/skripsi/backend/setup/setup.go:78
[3.721ms] [rows:0] SELECT description FROM pg_catalog.pg_description WHERE objsubid = (SELECT ordinal_position FROM information_schema.columns WHERE table_schema = CURRENT_SCHEMA() AND table_name = 'booked_slots' AND column_name = 'end_date') AND objoid = (SELECT oid FROM pg_catalog.pg_class WHERE relname = 'booked_slots' AND relnamespace = (SELECT oid FROM pg_catalog.pg_namespace WHERE nspname = CURRENT_SCHEMA()))

2025/02/13 14:39:21 /home/bryan/repos/skripsi/backend/setup/setup.go:78
[2.895ms] [rows:1] SELECT count(*) FROM INFORMATION_SCHEMA.table_constraints WHERE table_schema = CURRENT_SCHEMA() AND table_name = 'booked_slots' AND constraint_name = 'fk_pet_daycares_booked_slots'

2025/02/13 14:39:21 /home/bryan/repos/skripsi/backend/setup/setup.go:78
[2.547ms] [rows:1] SELECT count(*) FROM INFORMATION_SCHEMA.table_constraints WHERE table_schema = CURRENT_SCHEMA() AND table_name = 'booked_slots' AND constraint_name = 'fk_booked_slots_user'

2025/02/13 14:39:21 /home/bryan/repos/skripsi/backend/setup/setup.go:78
[2.576ms] [rows:1] SELECT count(*) FROM INFORMATION_SCHEMA.table_constraints WHERE table_schema = CURRENT_SCHEMA() AND table_name = 'booked_slots' AND constraint_name = 'fk_pets_booked_slots'

2025/02/13 14:39:21 /home/bryan/repos/skripsi/backend/setup/setup.go:78
[5.876ms] [rows:1] SELECT count(*) FROM pg_indexes WHERE tablename = 'booked_slots' AND indexname = 'idx_booked_slots_deleted_at' AND schemaname = CURRENT_SCHEMA()

2025/02/13 14:39:21 /home/bryan/repos/skripsi/backend/setup/setup.go:78
[2.411ms] [rows:1] SELECT count(*) FROM information_schema.tables WHERE table_schema = CURRENT_SCHEMA() AND table_name = 'thumbnails' AND table_type = 'BASE TABLE'

2025/02/13 14:39:21 /home/bryan/repos/skripsi/backend/setup/setup.go:78
[2.044ms] [rows:1] SELECT CURRENT_DATABASE()

2025/02/13 14:39:21 /home/bryan/repos/skripsi/backend/setup/setup.go:78
[7.436ms] [rows:-] SELECT c.column_name, c.is_nullable = 'YES', c.udt_name, c.character_maximum_length, c.numeric_precision, c.numeric_precision_radix, c.numeric_scale, c.datetime_precision, 8 * typlen, c.column_default, pd.description, c.identity_increment FROM information_schema.columns AS c JOIN pg_type AS pgt ON c.udt_name = pgt.typname LEFT JOIN pg_catalog.pg_description as pd ON pd.objsubid = c.ordinal_position AND pd.objoid = (SELECT oid FROM pg_catalog.pg_class WHERE relname = c.table_name AND relnamespace = (SELECT oid FROM pg_catalog.pg_namespace WHERE nspname = c.table_schema)) where table_catalog = $1$ AND table_schema = CURRENT_SCHEMA() AND table_name = $2$

2025/02/13 14:39:21 /home/bryan/repos/skripsi/backend/setup/setup.go:78
[2.562ms] [rows:-] SELECT * FROM "thumbnails" LIMIT $1$

2025/02/13 14:39:21 /home/bryan/repos/skripsi/backend/setup/setup.go:78
[6.021ms] [rows:-] SELECT constraint_name FROM information_schema.table_constraints tc JOIN information_schema.constraint_column_usage AS ccu USING (constraint_schema, constraint_catalog, table_name, constraint_name) JOIN information_schema.columns AS c ON c.table_schema = tc.constraint_schema AND tc.table_name = c.table_name AND ccu.column_name = c.column_name WHERE constraint_type IN ('PRIMARY KEY', 'UNIQUE') AND c.table_catalog = $1$ AND c.table_schema = CURRENT_SCHEMA() AND c.table_name = $2$ AND constraint_type = $3$

2025/02/13 14:39:21 /home/bryan/repos/skripsi/backend/setup/setup.go:78
[5.590ms] [rows:-] SELECT c.column_name, constraint_name, constraint_type FROM information_schema.table_constraints tc JOIN information_schema.constraint_column_usage AS ccu USING (constraint_schema, constraint_catalog, table_name, constraint_name) JOIN information_schema.columns AS c ON c.table_schema = tc.constraint_schema AND tc.table_name = c.table_name AND ccu.column_name = c.column_name WHERE constraint_type IN ('PRIMARY KEY', 'UNIQUE') AND c.table_catalog = $1$ AND c.table_schema = CURRENT_SCHEMA() AND c.table_name = $2$

2025/02/13 14:39:21 /home/bryan/repos/skripsi/backend/setup/setup.go:78
[3.926ms] [rows:-] SELECT a.attname as column_name, format_type(a.atttypid, a.atttypmod) AS data_type
		FROM pg_attribute a JOIN pg_class b ON a.attrelid = b.oid AND relnamespace = (SELECT oid FROM pg_catalog.pg_namespace WHERE nspname = CURRENT_SCHEMA())
		WHERE a.attnum > 0 -- hide internal columns
		AND NOT a.attisdropped -- hide deleted columns
		AND b.relname = $1$

2025/02/13 14:39:21 /home/bryan/repos/skripsi/backend/setup/setup.go:78
[3.965ms] [rows:0] SELECT description FROM pg_catalog.pg_description WHERE objsubid = (SELECT ordinal_position FROM information_schema.columns WHERE table_schema = CURRENT_SCHEMA() AND table_name = 'thumbnails' AND column_name = 'id') AND objoid = (SELECT oid FROM pg_catalog.pg_class WHERE relname = 'thumbnails' AND relnamespace = (SELECT oid FROM pg_catalog.pg_namespace WHERE nspname = CURRENT_SCHEMA()))

2025/02/13 14:39:21 /home/bryan/repos/skripsi/backend/setup/setup.go:78
[3.696ms] [rows:0] SELECT description FROM pg_catalog.pg_description WHERE objsubid = (SELECT ordinal_position FROM information_schema.columns WHERE table_schema = CURRENT_SCHEMA() AND table_name = 'thumbnails' AND column_name = 'daycare_id') AND objoid = (SELECT oid FROM pg_catalog.pg_class WHERE relname = 'thumbnails' AND relnamespace = (SELECT oid FROM pg_catalog.pg_namespace WHERE nspname = CURRENT_SCHEMA()))

2025/02/13 14:39:21 /home/bryan/repos/skripsi/backend/setup/setup.go:78
[3.720ms] [rows:0] SELECT description FROM pg_catalog.pg_description WHERE objsubid = (SELECT ordinal_position FROM information_schema.columns WHERE table_schema = CURRENT_SCHEMA() AND table_name = 'thumbnails' AND column_name = 'image_url') AND objoid = (SELECT oid FROM pg_catalog.pg_class WHERE relname = 'thumbnails' AND relnamespace = (SELECT oid FROM pg_catalog.pg_namespace WHERE nspname = CURRENT_SCHEMA()))

2025/02/13 14:39:21 /home/bryan/repos/skripsi/backend/setup/setup.go:78
[3.914ms] [rows:1] SELECT count(*) FROM INFORMATION_SCHEMA.table_constraints WHERE table_schema = CURRENT_SCHEMA() AND table_name = 'thumbnails' AND constraint_name = 'fk_pet_daycares_thumbnails'

2025/02/13 14:39:21 /home/bryan/repos/skripsi/backend/setup/setup.go:78
[3.092ms] [rows:1] SELECT count(*) FROM information_schema.tables WHERE table_schema = CURRENT_SCHEMA() AND table_name = 'reviews' AND table_type = 'BASE TABLE'

2025/02/13 14:39:21 /home/bryan/repos/skripsi/backend/setup/setup.go:78
[1.947ms] [rows:1] SELECT CURRENT_DATABASE()

2025/02/13 14:39:21 /home/bryan/repos/skripsi/backend/setup/setup.go:78
[8.463ms] [rows:-] SELECT c.column_name, c.is_nullable = 'YES', c.udt_name, c.character_maximum_length, c.numeric_precision, c.numeric_precision_radix, c.numeric_scale, c.datetime_precision, 8 * typlen, c.column_default, pd.description, c.identity_increment FROM information_schema.columns AS c JOIN pg_type AS pgt ON c.udt_name = pgt.typname LEFT JOIN pg_catalog.pg_description as pd ON pd.objsubid = c.ordinal_position AND pd.objoid = (SELECT oid FROM pg_catalog.pg_class WHERE relname = c.table_name AND relnamespace = (SELECT oid FROM pg_catalog.pg_namespace WHERE nspname = c.table_schema)) where table_catalog = $1$ AND table_schema = CURRENT_SCHEMA() AND table_name = $2$

2025/02/13 14:39:21 /home/bryan/repos/skripsi/backend/setup/setup.go:78
[2.517ms] [rows:-] SELECT * FROM "reviews" LIMIT $1$

2025/02/13 14:39:21 /home/bryan/repos/skripsi/backend/setup/setup.go:78
[7.725ms] [rows:-] SELECT constraint_name FROM information_schema.table_constraints tc JOIN information_schema.constraint_column_usage AS ccu USING (constraint_schema, constraint_catalog, table_name, constraint_name) JOIN information_schema.columns AS c ON c.table_schema = tc.constraint_schema AND tc.table_name = c.table_name AND ccu.column_name = c.column_name WHERE constraint_type IN ('PRIMARY KEY', 'UNIQUE') AND c.table_catalog = $1$ AND c.table_schema = CURRENT_SCHEMA() AND c.table_name = $2$ AND constraint_type = $3$

2025/02/13 14:39:21 /home/bryan/repos/skripsi/backend/setup/setup.go:78
[9.234ms] [rows:-] SELECT c.column_name, constraint_name, constraint_type FROM information_schema.table_constraints tc JOIN information_schema.constraint_column_usage AS ccu USING (constraint_schema, constraint_catalog, table_name, constraint_name) JOIN information_schema.columns AS c ON c.table_schema = tc.constraint_schema AND tc.table_name = c.table_name AND ccu.column_name = c.column_name WHERE constraint_type IN ('PRIMARY KEY', 'UNIQUE') AND c.table_catalog = $1$ AND c.table_schema = CURRENT_SCHEMA() AND c.table_name = $2$

2025/02/13 14:39:21 /home/bryan/repos/skripsi/backend/setup/setup.go:78
[2.356ms] [rows:-] SELECT a.attname as column_name, format_type(a.atttypid, a.atttypmod) AS data_type
		FROM pg_attribute a JOIN pg_class b ON a.attrelid = b.oid AND relnamespace = (SELECT oid FROM pg_catalog.pg_namespace WHERE nspname = CURRENT_SCHEMA())
		WHERE a.attnum > 0 -- hide internal columns
		AND NOT a.attisdropped -- hide deleted columns
		AND b.relname = $1$

2025/02/13 14:39:21 /home/bryan/repos/skripsi/backend/setup/setup.go:78
[4.924ms] [rows:0] SELECT description FROM pg_catalog.pg_description WHERE objsubid = (SELECT ordinal_position FROM information_schema.columns WHERE table_schema = CURRENT_SCHEMA() AND table_name = 'reviews' AND column_name = 'id') AND objoid = (SELECT oid FROM pg_catalog.pg_class WHERE relname = 'reviews' AND relnamespace = (SELECT oid FROM pg_catalog.pg_namespace WHERE nspname = CURRENT_SCHEMA()))

2025/02/13 14:39:21 /home/bryan/repos/skripsi/backend/setup/setup.go:78
[4.775ms] [rows:0] SELECT description FROM pg_catalog.pg_description WHERE objsubid = (SELECT ordinal_position FROM information_schema.columns WHERE table_schema = CURRENT_SCHEMA() AND table_name = 'reviews' AND column_name = 'created_at') AND objoid = (SELECT oid FROM pg_catalog.pg_class WHERE relname = 'reviews' AND relnamespace = (SELECT oid FROM pg_catalog.pg_namespace WHERE nspname = CURRENT_SCHEMA()))

2025/02/13 14:39:21 /home/bryan/repos/skripsi/backend/setup/setup.go:78
[3.654ms] [rows:0] SELECT description FROM pg_catalog.pg_description WHERE objsubid = (SELECT ordinal_position FROM information_schema.columns WHERE table_schema = CURRENT_SCHEMA() AND table_name = 'reviews' AND column_name = 'updated_at') AND objoid = (SELECT oid FROM pg_catalog.pg_class WHERE relname = 'reviews' AND relnamespace = (SELECT oid FROM pg_catalog.pg_namespace WHERE nspname = CURRENT_SCHEMA()))

2025/02/13 14:39:21 /home/bryan/repos/skripsi/backend/setup/setup.go:78
[3.886ms] [rows:0] SELECT description FROM pg_catalog.pg_description WHERE objsubid = (SELECT ordinal_position FROM information_schema.columns WHERE table_schema = CURRENT_SCHEMA() AND table_name = 'reviews' AND column_name = 'deleted_at') AND objoid = (SELECT oid FROM pg_catalog.pg_class WHERE relname = 'reviews' AND relnamespace = (SELECT oid FROM pg_catalog.pg_namespace WHERE nspname = CURRENT_SCHEMA()))

2025/02/13 14:39:21 /home/bryan/repos/skripsi/backend/setup/setup.go:78
[4.090ms] [rows:0] SELECT description FROM pg_catalog.pg_description WHERE objsubid = (SELECT ordinal_position FROM information_schema.columns WHERE table_schema = CURRENT_SCHEMA() AND table_name = 'reviews' AND column_name = 'daycare_id') AND objoid = (SELECT oid FROM pg_catalog.pg_class WHERE relname = 'reviews' AND relnamespace = (SELECT oid FROM pg_catalog.pg_namespace WHERE nspname = CURRENT_SCHEMA()))

2025/02/13 14:39:21 /home/bryan/repos/skripsi/backend/setup/setup.go:78
[4.129ms] [rows:0] SELECT description FROM pg_catalog.pg_description WHERE objsubid = (SELECT ordinal_position FROM information_schema.columns WHERE table_schema = CURRENT_SCHEMA() AND table_name = 'reviews' AND column_name = 'user_id') AND objoid = (SELECT oid FROM pg_catalog.pg_class WHERE relname = 'reviews' AND relnamespace = (SELECT oid FROM pg_catalog.pg_namespace WHERE nspname = CURRENT_SCHEMA()))

2025/02/13 14:39:21 /home/bryan/repos/skripsi/backend/setup/setup.go:78
[4.168ms] [rows:0] SELECT description FROM pg_catalog.pg_description WHERE objsubid = (SELECT ordinal_position FROM information_schema.columns WHERE table_schema = CURRENT_SCHEMA() AND table_name = 'reviews' AND column_name = 'name') AND objoid = (SELECT oid FROM pg_catalog.pg_class WHERE relname = 'reviews' AND relnamespace = (SELECT oid FROM pg_catalog.pg_namespace WHERE nspname = CURRENT_SCHEMA()))

2025/02/13 14:39:21 /home/bryan/repos/skripsi/backend/setup/setup.go:78
[3.947ms] [rows:0] SELECT description FROM pg_catalog.pg_description WHERE objsubid = (SELECT ordinal_position FROM information_schema.columns WHERE table_schema = CURRENT_SCHEMA() AND table_name = 'reviews' AND column_name = 'rate') AND objoid = (SELECT oid FROM pg_catalog.pg_class WHERE relname = 'reviews' AND relnamespace = (SELECT oid FROM pg_catalog.pg_namespace WHERE nspname = CURRENT_SCHEMA()))

2025/02/13 14:39:21 /home/bryan/repos/skripsi/backend/setup/setup.go:78
[3.929ms] [rows:0] SELECT description FROM pg_catalog.pg_description WHERE objsubid = (SELECT ordinal_position FROM information_schema.columns WHERE table_schema = CURRENT_SCHEMA() AND table_name = 'reviews' AND column_name = 'description') AND objoid = (SELECT oid FROM pg_catalog.pg_class WHERE relname = 'reviews' AND relnamespace = (SELECT oid FROM pg_catalog.pg_namespace WHERE nspname = CURRENT_SCHEMA()))

2025/02/13 14:39:21 /home/bryan/repos/skripsi/backend/setup/setup.go:78
[4.067ms] [rows:1] SELECT count(*) FROM INFORMATION_SCHEMA.table_constraints WHERE table_schema = CURRENT_SCHEMA() AND table_name = 'reviews' AND constraint_name = 'fk_users_reviews'

2025/02/13 14:39:21 /home/bryan/repos/skripsi/backend/setup/setup.go:78
[3.735ms] [rows:1] SELECT count(*) FROM INFORMATION_SCHEMA.table_constraints WHERE table_schema = CURRENT_SCHEMA() AND table_name = 'reviews' AND constraint_name = 'fk_pet_daycares_reviews'

2025/02/13 14:39:21 /home/bryan/repos/skripsi/backend/setup/setup.go:78
[8.419ms] [rows:1] SELECT count(*) FROM pg_indexes WHERE tablename = 'reviews' AND indexname = 'idx_reviews_deleted_at' AND schemaname = CURRENT_SCHEMA()

2025/02/13 14:39:21 /home/bryan/repos/skripsi/backend/setup/setup.go:78
[2.986ms] [rows:1] SELECT count(*) FROM information_schema.tables WHERE table_schema = CURRENT_SCHEMA() AND table_name = 'refresh_tokens' AND table_type = 'BASE TABLE'

2025/02/13 14:39:21 /home/bryan/repos/skripsi/backend/setup/setup.go:78
[1.949ms] [rows:1] SELECT CURRENT_DATABASE()

2025/02/13 14:39:21 /home/bryan/repos/skripsi/backend/setup/setup.go:78
[8.194ms] [rows:-] SELECT c.column_name, c.is_nullable = 'YES', c.udt_name, c.character_maximum_length, c.numeric_precision, c.numeric_precision_radix, c.numeric_scale, c.datetime_precision, 8 * typlen, c.column_default, pd.description, c.identity_increment FROM information_schema.columns AS c JOIN pg_type AS pgt ON c.udt_name = pgt.typname LEFT JOIN pg_catalog.pg_description as pd ON pd.objsubid = c.ordinal_position AND pd.objoid = (SELECT oid FROM pg_catalog.pg_class WHERE relname = c.table_name AND relnamespace = (SELECT oid FROM pg_catalog.pg_namespace WHERE nspname = c.table_schema)) where table_catalog = $1$ AND table_schema = CURRENT_SCHEMA() AND table_name = $2$

2025/02/13 14:39:21 /home/bryan/repos/skripsi/backend/setup/setup.go:78
[3.184ms] [rows:-] SELECT * FROM "refresh_tokens" LIMIT $1$

2025/02/13 14:39:21 /home/bryan/repos/skripsi/backend/setup/setup.go:78
[7.443ms] [rows:-] SELECT constraint_name FROM information_schema.table_constraints tc JOIN information_schema.constraint_column_usage AS ccu USING (constraint_schema, constraint_catalog, table_name, constraint_name) JOIN information_schema.columns AS c ON c.table_schema = tc.constraint_schema AND tc.table_name = c.table_name AND ccu.column_name = c.column_name WHERE constraint_type IN ('PRIMARY KEY', 'UNIQUE') AND c.table_catalog = $1$ AND c.table_schema = CURRENT_SCHEMA() AND c.table_name = $2$ AND constraint_type = $3$

2025/02/13 14:39:21 /home/bryan/repos/skripsi/backend/setup/setup.go:78
[7.195ms] [rows:-] SELECT c.column_name, constraint_name, constraint_type FROM information_schema.table_constraints tc JOIN information_schema.constraint_column_usage AS ccu USING (constraint_schema, constraint_catalog, table_name, constraint_name) JOIN information_schema.columns AS c ON c.table_schema = tc.constraint_schema AND tc.table_name = c.table_name AND ccu.column_name = c.column_name WHERE constraint_type IN ('PRIMARY KEY', 'UNIQUE') AND c.table_catalog = $1$ AND c.table_schema = CURRENT_SCHEMA() AND c.table_name = $2$

2025/02/13 14:39:21 /home/bryan/repos/skripsi/backend/setup/setup.go:78
[2.423ms] [rows:-] SELECT a.attname as column_name, format_type(a.atttypid, a.atttypmod) AS data_type
		FROM pg_attribute a JOIN pg_class b ON a.attrelid = b.oid AND relnamespace = (SELECT oid FROM pg_catalog.pg_namespace WHERE nspname = CURRENT_SCHEMA())
		WHERE a.attnum > 0 -- hide internal columns
		AND NOT a.attisdropped -- hide deleted columns
		AND b.relname = $1$

2025/02/13 14:39:21 /home/bryan/repos/skripsi/backend/setup/setup.go:78
[3.388ms] [rows:0] SELECT description FROM pg_catalog.pg_description WHERE objsubid = (SELECT ordinal_position FROM information_schema.columns WHERE table_schema = CURRENT_SCHEMA() AND table_name = 'refresh_tokens' AND column_name = 'id') AND objoid = (SELECT oid FROM pg_catalog.pg_class WHERE relname = 'refresh_tokens' AND relnamespace = (SELECT oid FROM pg_catalog.pg_namespace WHERE nspname = CURRENT_SCHEMA()))

2025/02/13 14:39:21 /home/bryan/repos/skripsi/backend/setup/setup.go:78
[3.349ms] [rows:0] SELECT description FROM pg_catalog.pg_description WHERE objsubid = (SELECT ordinal_position FROM information_schema.columns WHERE table_schema = CURRENT_SCHEMA() AND table_name = 'refresh_tokens' AND column_name = 'created_at') AND objoid = (SELECT oid FROM pg_catalog.pg_class WHERE relname = 'refresh_tokens' AND relnamespace = (SELECT oid FROM pg_catalog.pg_namespace WHERE nspname = CURRENT_SCHEMA()))

2025/02/13 14:39:21 /home/bryan/repos/skripsi/backend/setup/setup.go:78
[3.149ms] [rows:0] SELECT description FROM pg_catalog.pg_description WHERE objsubid = (SELECT ordinal_position FROM information_schema.columns WHERE table_schema = CURRENT_SCHEMA() AND table_name = 'refresh_tokens' AND column_name = 'updated_at') AND objoid = (SELECT oid FROM pg_catalog.pg_class WHERE relname = 'refresh_tokens' AND relnamespace = (SELECT oid FROM pg_catalog.pg_namespace WHERE nspname = CURRENT_SCHEMA()))

2025/02/13 14:39:21 /home/bryan/repos/skripsi/backend/setup/setup.go:78
[3.057ms] [rows:0] SELECT description FROM pg_catalog.pg_description WHERE objsubid = (SELECT ordinal_position FROM information_schema.columns WHERE table_schema = CURRENT_SCHEMA() AND table_name = 'refresh_tokens' AND column_name = 'deleted_at') AND objoid = (SELECT oid FROM pg_catalog.pg_class WHERE relname = 'refresh_tokens' AND relnamespace = (SELECT oid FROM pg_catalog.pg_namespace WHERE nspname = CURRENT_SCHEMA()))

2025/02/13 14:39:21 /home/bryan/repos/skripsi/backend/setup/setup.go:78
[3.316ms] [rows:0] SELECT description FROM pg_catalog.pg_description WHERE objsubid = (SELECT ordinal_position FROM information_schema.columns WHERE table_schema = CURRENT_SCHEMA() AND table_name = 'refresh_tokens' AND column_name = 'user_id') AND objoid = (SELECT oid FROM pg_catalog.pg_class WHERE relname = 'refresh_tokens' AND relnamespace = (SELECT oid FROM pg_catalog.pg_namespace WHERE nspname = CURRENT_SCHEMA()))

2025/02/13 14:39:21 /home/bryan/repos/skripsi/backend/setup/setup.go:78
[3.437ms] [rows:0] SELECT description FROM pg_catalog.pg_description WHERE objsubid = (SELECT ordinal_position FROM information_schema.columns WHERE table_schema = CURRENT_SCHEMA() AND table_name = 'refresh_tokens' AND column_name = 'token') AND objoid = (SELECT oid FROM pg_catalog.pg_class WHERE relname = 'refresh_tokens' AND relnamespace = (SELECT oid FROM pg_catalog.pg_namespace WHERE nspname = CURRENT_SCHEMA()))

2025/02/13 14:39:21 /home/bryan/repos/skripsi/backend/setup/setup.go:78
[3.517ms] [rows:0] SELECT description FROM pg_catalog.pg_description WHERE objsubid = (SELECT ordinal_position FROM information_schema.columns WHERE table_schema = CURRENT_SCHEMA() AND table_name = 'refresh_tokens' AND column_name = 'expires_at') AND objoid = (SELECT oid FROM pg_catalog.pg_class WHERE relname = 'refresh_tokens' AND relnamespace = (SELECT oid FROM pg_catalog.pg_namespace WHERE nspname = CURRENT_SCHEMA()))

2025/02/13 14:39:21 /home/bryan/repos/skripsi/backend/setup/setup.go:78
[2.403ms] [rows:1] SELECT count(*) FROM pg_indexes WHERE tablename = 'refresh_tokens' AND indexname = 'idx_refresh_tokens_deleted_at' AND schemaname = CURRENT_SCHEMA()

2025/02/13 14:39:21 /home/bryan/repos/skripsi/backend/setup/setup.go:78
[2.135ms] [rows:1] SELECT count(*) FROM pg_indexes WHERE tablename = 'refresh_tokens' AND indexname = 'idx_refresh_tokens_user_id' AND schemaname = CURRENT_SCHEMA()

2025/02/13 14:39:21 /home/bryan/repos/skripsi/backend/setup/setup.go:78
[2.315ms] [rows:1] SELECT count(*) FROM information_schema.tables WHERE table_schema = CURRENT_SCHEMA() AND table_name = 'transactions' AND table_type = 'BASE TABLE'

2025/02/13 14:39:21 /home/bryan/repos/skripsi/backend/setup/setup.go:78
[1.687ms] [rows:1] SELECT CURRENT_DATABASE()

2025/02/13 14:39:21 /home/bryan/repos/skripsi/backend/setup/setup.go:78
[6.696ms] [rows:-] SELECT c.column_name, c.is_nullable = 'YES', c.udt_name, c.character_maximum_length, c.numeric_precision, c.numeric_precision_radix, c.numeric_scale, c.datetime_precision, 8 * typlen, c.column_default, pd.description, c.identity_increment FROM information_schema.columns AS c JOIN pg_type AS pgt ON c.udt_name = pgt.typname LEFT JOIN pg_catalog.pg_description as pd ON pd.objsubid = c.ordinal_position AND pd.objoid = (SELECT oid FROM pg_catalog.pg_class WHERE relname = c.table_name AND relnamespace = (SELECT oid FROM pg_catalog.pg_namespace WHERE nspname = c.table_schema)) where table_catalog = $1$ AND table_schema = CURRENT_SCHEMA() AND table_name = $2$

2025/02/13 14:39:21 /home/bryan/repos/skripsi/backend/setup/setup.go:78
[2.308ms] [rows:-] SELECT * FROM "transactions" LIMIT $1$

2025/02/13 14:39:21 /home/bryan/repos/skripsi/backend/setup/setup.go:78
[5.651ms] [rows:-] SELECT constraint_name FROM information_schema.table_constraints tc JOIN information_schema.constraint_column_usage AS ccu USING (constraint_schema, constraint_catalog, table_name, constraint_name) JOIN information_schema.columns AS c ON c.table_schema = tc.constraint_schema AND tc.table_name = c.table_name AND ccu.column_name = c.column_name WHERE constraint_type IN ('PRIMARY KEY', 'UNIQUE') AND c.table_catalog = $1$ AND c.table_schema = CURRENT_SCHEMA() AND c.table_name = $2$ AND constraint_type = $3$

2025/02/13 14:39:21 /home/bryan/repos/skripsi/backend/setup/setup.go:78
[5.419ms] [rows:-] SELECT c.column_name, constraint_name, constraint_type FROM information_schema.table_constraints tc JOIN information_schema.constraint_column_usage AS ccu USING (constraint_schema, constraint_catalog, table_name, constraint_name) JOIN information_schema.columns AS c ON c.table_schema = tc.constraint_schema AND tc.table_name = c.table_name AND ccu.column_name = c.column_name WHERE constraint_type IN ('PRIMARY KEY', 'UNIQUE') AND c.table_catalog = $1$ AND c.table_schema = CURRENT_SCHEMA() AND c.table_name = $2$

2025/02/13 14:39:21 /home/bryan/repos/skripsi/backend/setup/setup.go:78
[2.316ms] [rows:-] SELECT a.attname as column_name, format_type(a.atttypid, a.atttypmod) AS data_type
		FROM pg_attribute a JOIN pg_class b ON a.attrelid = b.oid AND relnamespace = (SELECT oid FROM pg_catalog.pg_namespace WHERE nspname = CURRENT_SCHEMA())
		WHERE a.attnum > 0 -- hide internal columns
		AND NOT a.attisdropped -- hide deleted columns
		AND b.relname = $1$

2025/02/13 14:39:21 /home/bryan/repos/skripsi/backend/setup/setup.go:78
[3.771ms] [rows:0] SELECT description FROM pg_catalog.pg_description WHERE objsubid = (SELECT ordinal_position FROM information_schema.columns WHERE table_schema = CURRENT_SCHEMA() AND table_name = 'transactions' AND column_name = 'id') AND objoid = (SELECT oid FROM pg_catalog.pg_class WHERE relname = 'transactions' AND relnamespace = (SELECT oid FROM pg_catalog.pg_namespace WHERE nspname = CURRENT_SCHEMA()))

2025/02/13 14:39:21 /home/bryan/repos/skripsi/backend/setup/setup.go:78
[3.737ms] [rows:0] SELECT description FROM pg_catalog.pg_description WHERE objsubid = (SELECT ordinal_position FROM information_schema.columns WHERE table_schema = CURRENT_SCHEMA() AND table_name = 'transactions' AND column_name = 'created_at') AND objoid = (SELECT oid FROM pg_catalog.pg_class WHERE relname = 'transactions' AND relnamespace = (SELECT oid FROM pg_catalog.pg_namespace WHERE nspname = CURRENT_SCHEMA()))

2025/02/13 14:39:21 /home/bryan/repos/skripsi/backend/setup/setup.go:78
[3.735ms] [rows:0] SELECT description FROM pg_catalog.pg_description WHERE objsubid = (SELECT ordinal_position FROM information_schema.columns WHERE table_schema = CURRENT_SCHEMA() AND table_name = 'transactions' AND column_name = 'pet_daycare_id') AND objoid = (SELECT oid FROM pg_catalog.pg_class WHERE relname = 'transactions' AND relnamespace = (SELECT oid FROM pg_catalog.pg_namespace WHERE nspname = CURRENT_SCHEMA()))

2025/02/13 14:39:21 /home/bryan/repos/skripsi/backend/setup/setup.go:78
[3.666ms] [rows:0] SELECT description FROM pg_catalog.pg_description WHERE objsubid = (SELECT ordinal_position FROM information_schema.columns WHERE table_schema = CURRENT_SCHEMA() AND table_name = 'transactions' AND column_name = 'booked_slot_id') AND objoid = (SELECT oid FROM pg_catalog.pg_class WHERE relname = 'transactions' AND relnamespace = (SELECT oid FROM pg_catalog.pg_namespace WHERE nspname = CURRENT_SCHEMA()))

2025/02/13 14:39:21 /home/bryan/repos/skripsi/backend/setup/setup.go:78
[4.307ms] [rows:0] SELECT description FROM pg_catalog.pg_description WHERE objsubid = (SELECT ordinal_position FROM information_schema.columns WHERE table_schema = CURRENT_SCHEMA() AND table_name = 'transactions' AND column_name = 'status') AND objoid = (SELECT oid FROM pg_catalog.pg_class WHERE relname = 'transactions' AND relnamespace = (SELECT oid FROM pg_catalog.pg_namespace WHERE nspname = CURRENT_SCHEMA()))

2025/02/13 14:39:21 /home/bryan/repos/skripsi/backend/setup/setup.go:78
[2.984ms] [rows:1] SELECT count(*) FROM INFORMATION_SCHEMA.table_constraints WHERE table_schema = CURRENT_SCHEMA() AND table_name = 'transactions' AND constraint_name = 'fk_transactions_booked_slot'

2025/02/13 14:39:21 /home/bryan/repos/skripsi/backend/setup/setup.go:78
[2.704ms] [rows:1] SELECT count(*) FROM INFORMATION_SCHEMA.table_constraints WHERE table_schema = CURRENT_SCHEMA() AND table_name = 'transactions' AND constraint_name = 'fk_transactions_pet_daycare'

2025/02/13 14:39:21 /home/bryan/repos/skripsi/backend/setup/setup.go:78
[2.438ms] [rows:1] SELECT count(*) FROM information_schema.tables WHERE table_schema = CURRENT_SCHEMA() AND table_name = 'reduce_slots' AND table_type = 'BASE TABLE'

2025/02/13 14:39:21 /home/bryan/repos/skripsi/backend/setup/setup.go:78
[2.402ms] [rows:1] SELECT CURRENT_DATABASE()

2025/02/13 14:39:21 /home/bryan/repos/skripsi/backend/setup/setup.go:78
[7.574ms] [rows:-] SELECT c.column_name, c.is_nullable = 'YES', c.udt_name, c.character_maximum_length, c.numeric_precision, c.numeric_precision_radix, c.numeric_scale, c.datetime_precision, 8 * typlen, c.column_default, pd.description, c.identity_increment FROM information_schema.columns AS c JOIN pg_type AS pgt ON c.udt_name = pgt.typname LEFT JOIN pg_catalog.pg_description as pd ON pd.objsubid = c.ordinal_position AND pd.objoid = (SELECT oid FROM pg_catalog.pg_class WHERE relname = c.table_name AND relnamespace = (SELECT oid FROM pg_catalog.pg_namespace WHERE nspname = c.table_schema)) where table_catalog = $1$ AND table_schema = CURRENT_SCHEMA() AND table_name = $2$

2025/02/13 14:39:21 /home/bryan/repos/skripsi/backend/setup/setup.go:78
[2.107ms] [rows:-] SELECT * FROM "reduce_slots" LIMIT $1$

2025/02/13 14:39:21 /home/bryan/repos/skripsi/backend/setup/setup.go:78
[4.867ms] [rows:-] SELECT constraint_name FROM information_schema.table_constraints tc JOIN information_schema.constraint_column_usage AS ccu USING (constraint_schema, constraint_catalog, table_name, constraint_name) JOIN information_schema.columns AS c ON c.table_schema = tc.constraint_schema AND tc.table_name = c.table_name AND ccu.column_name = c.column_name WHERE constraint_type IN ('PRIMARY KEY', 'UNIQUE') AND c.table_catalog = $1$ AND c.table_schema = CURRENT_SCHEMA() AND c.table_name = $2$ AND constraint_type = $3$

2025/02/13 14:39:21 /home/bryan/repos/skripsi/backend/setup/setup.go:78
[5.073ms] [rows:-] SELECT c.column_name, constraint_name, constraint_type FROM information_schema.table_constraints tc JOIN information_schema.constraint_column_usage AS ccu USING (constraint_schema, constraint_catalog, table_name, constraint_name) JOIN information_schema.columns AS c ON c.table_schema = tc.constraint_schema AND tc.table_name = c.table_name AND ccu.column_name = c.column_name WHERE constraint_type IN ('PRIMARY KEY', 'UNIQUE') AND c.table_catalog = $1$ AND c.table_schema = CURRENT_SCHEMA() AND c.table_name = $2$

2025/02/13 14:39:21 /home/bryan/repos/skripsi/backend/setup/setup.go:78
[1.990ms] [rows:-] SELECT a.attname as column_name, format_type(a.atttypid, a.atttypmod) AS data_type
		FROM pg_attribute a JOIN pg_class b ON a.attrelid = b.oid AND relnamespace = (SELECT oid FROM pg_catalog.pg_namespace WHERE nspname = CURRENT_SCHEMA())
		WHERE a.attnum > 0 -- hide internal columns
		AND NOT a.attisdropped -- hide deleted columns
		AND b.relname = $1$

2025/02/13 14:39:21 /home/bryan/repos/skripsi/backend/setup/setup.go:78
[3.067ms] [rows:0] SELECT description FROM pg_catalog.pg_description WHERE objsubid = (SELECT ordinal_position FROM information_schema.columns WHERE table_schema = CURRENT_SCHEMA() AND table_name = 'reduce_slots' AND column_name = 'id') AND objoid = (SELECT oid FROM pg_catalog.pg_class WHERE relname = 'reduce_slots' AND relnamespace = (SELECT oid FROM pg_catalog.pg_namespace WHERE nspname = CURRENT_SCHEMA()))

2025/02/13 14:39:21 /home/bryan/repos/skripsi/backend/setup/setup.go:78
[3.429ms] [rows:0] SELECT description FROM pg_catalog.pg_description WHERE objsubid = (SELECT ordinal_position FROM information_schema.columns WHERE table_schema = CURRENT_SCHEMA() AND table_name = 'reduce_slots' AND column_name = 'slot_id') AND objoid = (SELECT oid FROM pg_catalog.pg_class WHERE relname = 'reduce_slots' AND relnamespace = (SELECT oid FROM pg_catalog.pg_namespace WHERE nspname = CURRENT_SCHEMA()))

2025/02/13 14:39:21 /home/bryan/repos/skripsi/backend/setup/setup.go:78
[3.569ms] [rows:0] SELECT description FROM pg_catalog.pg_description WHERE objsubid = (SELECT ordinal_position FROM information_schema.columns WHERE table_schema = CURRENT_SCHEMA() AND table_name = 'reduce_slots' AND column_name = 'reduced_count') AND objoid = (SELECT oid FROM pg_catalog.pg_class WHERE relname = 'reduce_slots' AND relnamespace = (SELECT oid FROM pg_catalog.pg_namespace WHERE nspname = CURRENT_SCHEMA()))

2025/02/13 14:39:21 /home/bryan/repos/skripsi/backend/setup/setup.go:78
[3.302ms] [rows:0] SELECT description FROM pg_catalog.pg_description WHERE objsubid = (SELECT ordinal_position FROM information_schema.columns WHERE table_schema = CURRENT_SCHEMA() AND table_name = 'reduce_slots' AND column_name = 'target_date') AND objoid = (SELECT oid FROM pg_catalog.pg_class WHERE relname = 'reduce_slots' AND relnamespace = (SELECT oid FROM pg_catalog.pg_namespace WHERE nspname = CURRENT_SCHEMA()))

2025/02/13 14:39:21 /home/bryan/repos/skripsi/backend/setup/setup.go:78
[2.302ms] [rows:1] SELECT count(*) FROM information_schema.tables WHERE table_schema = CURRENT_SCHEMA() AND table_name = 'booked_slots_dailies' AND table_type = 'BASE TABLE'

2025/02/13 14:39:21 /home/bryan/repos/skripsi/backend/setup/setup.go:78
[1.733ms] [rows:1] SELECT CURRENT_DATABASE()

2025/02/13 14:39:21 /home/bryan/repos/skripsi/backend/setup/setup.go:78
[6.872ms] [rows:-] SELECT c.column_name, c.is_nullable = 'YES', c.udt_name, c.character_maximum_length, c.numeric_precision, c.numeric_precision_radix, c.numeric_scale, c.datetime_precision, 8 * typlen, c.column_default, pd.description, c.identity_increment FROM information_schema.columns AS c JOIN pg_type AS pgt ON c.udt_name = pgt.typname LEFT JOIN pg_catalog.pg_description as pd ON pd.objsubid = c.ordinal_position AND pd.objoid = (SELECT oid FROM pg_catalog.pg_class WHERE relname = c.table_name AND relnamespace = (SELECT oid FROM pg_catalog.pg_namespace WHERE nspname = c.table_schema)) where table_catalog = $1$ AND table_schema = CURRENT_SCHEMA() AND table_name = $2$

2025/02/13 14:39:21 /home/bryan/repos/skripsi/backend/setup/setup.go:78
[3.495ms] [rows:-] SELECT * FROM "booked_slots_dailies" LIMIT $1$

2025/02/13 14:39:21 /home/bryan/repos/skripsi/backend/setup/setup.go:78
[5.096ms] [rows:-] SELECT constraint_name FROM information_schema.table_constraints tc JOIN information_schema.constraint_column_usage AS ccu USING (constraint_schema, constraint_catalog, table_name, constraint_name) JOIN information_schema.columns AS c ON c.table_schema = tc.constraint_schema AND tc.table_name = c.table_name AND ccu.column_name = c.column_name WHERE constraint_type IN ('PRIMARY KEY', 'UNIQUE') AND c.table_catalog = $1$ AND c.table_schema = CURRENT_SCHEMA() AND c.table_name = $2$ AND constraint_type = $3$

2025/02/13 14:39:21 /home/bryan/repos/skripsi/backend/setup/setup.go:78
[4.736ms] [rows:-] SELECT c.column_name, constraint_name, constraint_type FROM information_schema.table_constraints tc JOIN information_schema.constraint_column_usage AS ccu USING (constraint_schema, constraint_catalog, table_name, constraint_name) JOIN information_schema.columns AS c ON c.table_schema = tc.constraint_schema AND tc.table_name = c.table_name AND ccu.column_name = c.column_name WHERE constraint_type IN ('PRIMARY KEY', 'UNIQUE') AND c.table_catalog = $1$ AND c.table_schema = CURRENT_SCHEMA() AND c.table_name = $2$

2025/02/13 14:39:21 /home/bryan/repos/skripsi/backend/setup/setup.go:78
[1.892ms] [rows:-] SELECT a.attname as column_name, format_type(a.atttypid, a.atttypmod) AS data_type
		FROM pg_attribute a JOIN pg_class b ON a.attrelid = b.oid AND relnamespace = (SELECT oid FROM pg_catalog.pg_namespace WHERE nspname = CURRENT_SCHEMA())
		WHERE a.attnum > 0 -- hide internal columns
		AND NOT a.attisdropped -- hide deleted columns
		AND b.relname = $1$

2025/02/13 14:39:21 /home/bryan/repos/skripsi/backend/setup/setup.go:78
[2.925ms] [rows:0] SELECT description FROM pg_catalog.pg_description WHERE objsubid = (SELECT ordinal_position FROM information_schema.columns WHERE table_schema = CURRENT_SCHEMA() AND table_name = 'booked_slots_dailies' AND column_name = 'id') AND objoid = (SELECT oid FROM pg_catalog.pg_class WHERE relname = 'booked_slots_dailies' AND relnamespace = (SELECT oid FROM pg_catalog.pg_namespace WHERE nspname = CURRENT_SCHEMA()))

2025/02/13 14:39:21 /home/bryan/repos/skripsi/backend/setup/setup.go:78
[3.221ms] [rows:0] SELECT description FROM pg_catalog.pg_description WHERE objsubid = (SELECT ordinal_position FROM information_schema.columns WHERE table_schema = CURRENT_SCHEMA() AND table_name = 'booked_slots_dailies' AND column_name = 'daycare_id') AND objoid = (SELECT oid FROM pg_catalog.pg_class WHERE relname = 'booked_slots_dailies' AND relnamespace = (SELECT oid FROM pg_catalog.pg_namespace WHERE nspname = CURRENT_SCHEMA()))

2025/02/13 14:39:21 /home/bryan/repos/skripsi/backend/setup/setup.go:78
[2.883ms] [rows:0] SELECT description FROM pg_catalog.pg_description WHERE objsubid = (SELECT ordinal_position FROM information_schema.columns WHERE table_schema = CURRENT_SCHEMA() AND table_name = 'booked_slots_dailies' AND column_name = 'date') AND objoid = (SELECT oid FROM pg_catalog.pg_class WHERE relname = 'booked_slots_dailies' AND relnamespace = (SELECT oid FROM pg_catalog.pg_namespace WHERE nspname = CURRENT_SCHEMA()))

2025/02/13 14:39:21 /home/bryan/repos/skripsi/backend/setup/setup.go:78
[3.124ms] [rows:0] SELECT description FROM pg_catalog.pg_description WHERE objsubid = (SELECT ordinal_position FROM information_schema.columns WHERE table_schema = CURRENT_SCHEMA() AND table_name = 'booked_slots_dailies' AND column_name = 'slot_count') AND objoid = (SELECT oid FROM pg_catalog.pg_class WHERE relname = 'booked_slots_dailies' AND relnamespace = (SELECT oid FROM pg_catalog.pg_namespace WHERE nspname = CURRENT_SCHEMA()))

2025/02/13 14:39:21 /home/bryan/repos/skripsi/backend/setup/setup.go:78
[2.698ms] [rows:1] SELECT count(*) FROM pg_indexes WHERE tablename = 'booked_slots_dailies' AND indexname = 'idx_booked_slots_dailies_date' AND schemaname = CURRENT_SCHEMA()
[GIN-debug] [WARNING] Creating an Engine instance with the Logger and Recovery middleware already attached.

[GIN-debug] [WARNING] Running in "debug" mode. Switch to "release" mode in production.
 - using env:	export GIN_MODE=release
 - using code:	gin.SetMode(gin.ReleaseMode)

[GIN-debug] GET    /assets/*filepath         --> github.com/gin-gonic/gin.(*RouterGroup).createStaticHandler.func1 (3 handlers)
[GIN-debug] HEAD   /assets/*filepath         --> github.com/gin-gonic/gin.(*RouterGroup).createStaticHandler.func1 (3 handlers)
[GIN-debug] POST   /users                    --> github.com/BryanEgbert/skripsi/controller.(*UserController).CreateUser-fm (3 handlers)
[GIN-debug] GET    /users/vets               --> github.com/BryanEgbert/skripsi/controller.(*UserController).GetVets-fm (4 handlers)
[GIN-debug] GET    /users/:id                --> github.com/BryanEgbert/skripsi/controller.(*UserController).GetUser-fm (4 handlers)
[GIN-debug] DELETE /users                    --> github.com/BryanEgbert/skripsi/controller.(*UserController).DeleteUser-fm (4 handlers)
[GIN-debug] PUT    /users                    --> github.com/BryanEgbert/skripsi/controller.(*UserController).UpdateUserProfile-fm (4 handlers)
[GIN-debug] PATCH  /users/password           --> github.com/BryanEgbert/skripsi/controller.(*UserController).UpdateUserPassword-fm (4 handlers)
[GIN-debug] POST   /login                    --> github.com/BryanEgbert/skripsi/controller.(*AuthController).Login-fm (3 handlers)
[GIN-debug] POST   /refresh                  --> github.com/BryanEgbert/skripsi/controller.(*AuthController).RefreshToken-fm (4 handlers)
[GIN-debug] GET    /pets/:id                 --> github.com/BryanEgbert/skripsi/controller.(*PetController).GetPet-fm (4 handlers)
[GIN-debug] GET    /pets                     --> github.com/BryanEgbert/skripsi/controller.(*PetController).GetPets-fm (4 handlers)
[GIN-debug] POST   /pets                     --> github.com/BryanEgbert/skripsi/controller.(*PetController).CreatePet-fm (4 handlers)
[GIN-debug] PUT    /pets/:id                 --> github.com/BryanEgbert/skripsi/controller.(*PetController).UpdatePet-fm (4 handlers)
[GIN-debug] DELETE /pets/:id                 --> github.com/BryanEgbert/skripsi/controller.(*PetController).DeletePet-fm (4 handlers)
[GIN-debug] PATCH  /daycare/slot/:slotId     --> github.com/BryanEgbert/skripsi/controller.(*PetDaycareController).EditSlotCount-fm (4 handlers)
[GIN-debug] GET    /daycare/:id/slot         --> github.com/BryanEgbert/skripsi/controller.(*PetDaycareController).GetPetDaycareSlots-fm (4 handlers)
[GIN-debug] POST   /daycare/:id/slot         --> github.com/BryanEgbert/skripsi/controller.(*PetDaycareController).CreateSlot-fm (4 handlers)
[GIN-debug] GET    /daycare/:id/review       --> github.com/BryanEgbert/skripsi/controller.(*PetDaycareController).GetReviews-fm (4 handlers)
[GIN-debug] POST   /daycare/:id/review       --> github.com/BryanEgbert/skripsi/controller.(*PetDaycareController).CreateReview-fm (4 handlers)
[GIN-debug] DELETE /daycare/:id/review       --> github.com/BryanEgbert/skripsi/controller.(*PetDaycareController).DeleteReview-fm (4 handlers)
[GIN-debug] GET    /daycare/:id              --> github.com/BryanEgbert/skripsi/controller.(*PetDaycareController).GetPetDaycare-fm (4 handlers)
[GIN-debug] GET    /daycare                  --> github.com/BryanEgbert/skripsi/controller.(*PetDaycareController).GetPetDaycares-fm (4 handlers)
[GIN-debug] POST   /daycare                  --> github.com/BryanEgbert/skripsi/controller.(*PetDaycareController).CreatePetDaycare-fm (4 handlers)
[GIN-debug] PUT    /daycare/:id              --> github.com/BryanEgbert/skripsi/controller.(*PetDaycareController).UpdatePetDaycare-fm (4 handlers)
[GIN-debug] DELETE /daycare/:id              --> github.com/BryanEgbert/skripsi/controller.(*PetDaycareController).DeletePetDaycare-fm (4 handlers)

2025/02/13 14:39:21 /home/bryan/repos/skripsi/backend/service/user_service.go:150
[3.550ms] [rows:3] SELECT * FROM "user_vet_specialties" WHERE "user_vet_specialties"."user_id" = $1$

2025/02/13 14:39:21 /home/bryan/repos/skripsi/backend/service/user_service.go:150
[3.744ms] [rows:3] SELECT * FROM "vet_specialties" WHERE "vet_specialties"."id" IN ($1$,$2$,$3$)

2025/02/13 14:39:21 /home/bryan/repos/skripsi/backend/service/user_service.go:150
[14.088ms] [rows:1] SELECT * FROM "users" WHERE "users"."id" = $1$ AND "users"."deleted_at" IS NULL ORDER BY "users"."id" LIMIT $2$

2025/02/13 14:39:21 /home/bryan/repos/skripsi/backend/service/user_service.go:169
[3.515ms] [rows:3] SELECT * FROM "vet_specialties" WHERE id IN ($1$,$2$,$3$)

2025/02/13 14:39:21 /home/bryan/repos/skripsi/backend/service/user_service.go:184
[2.045ms] [rows:0] INSERT INTO "vet_specialties" ("name","id") VALUES ($1$,$2$),($3$,$4$),($5$,$6$) ON CONFLICT DO NOTHING RETURNING "id"

2025/02/13 14:39:21 /home/bryan/repos/skripsi/backend/service/user_service.go:184
[3.267ms] [rows:2] INSERT INTO "user_vet_specialties" ("user_id","vet_specialty_id") VALUES ($1$,$2$),($3$,$4$),($5$,$6$) ON CONFLICT DO NOTHING

2025/02/13 14:39:21 /home/bryan/repos/skripsi/backend/service/user_service.go:184
[16.523ms] [rows:1] UPDATE "users" SET "created_at"=$1$,"updated_at"=$2$,"deleted_at"=$3$,"name"=$4$,"email"=$5$,"password"=$6$,"image_url"=$7$,"role_id"=$8$ WHERE "users"."deleted_at" IS NULL AND "id" = $9$
[GIN] 2025/02/13 - 14:39:21 | 200 |   34.883581ms |                 | PUT      "/users"
=== RUN   TestUpdateUser/On_update_user,_should_return_404_when_user_ID_doesn't_exists_in_DB

2025/02/13 14:39:21 /home/bryan/repos/skripsi/backend/setup/setup.go:60
[341.456ms] [rows:0] TRUNCATE TABLE users, vet_specialties, user_vet_specialties, pet_daycares, pets, size_categories, roles, slots, booked_slots, thumbnails, species, reviews, refresh_tokens, transactions, daily_walks, daily_playtimes, reduce_slots RESTART IDENTITY CASCADE;

2025/02/13 14:39:21 /home/bryan/repos/skripsi/backend/seeder/seeder.go:18
[14.488ms] [rows:3] INSERT INTO "roles" ("name","id") VALUES ($1$,$2$),($3$,$4$),($5$,$6$) RETURNING "id"

2025/02/13 14:39:22 /home/bryan/repos/skripsi/backend/seeder/seeder.go:29
[10.565ms] [rows:4] INSERT INTO "daily_walks" ("name","id") VALUES ($1$,$2$),($3$,$4$),($5$,$6$),($7$,$8$) RETURNING "id"

2025/02/13 14:39:22 /home/bryan/repos/skripsi/backend/seeder/seeder.go:39
[11.151ms] [rows:4] INSERT INTO "daily_playtimes" ("name","id") VALUES ($1$,$2$),($3$,$4$),($5$,$6$),($7$,$8$) RETURNING "id"

2025/02/13 14:39:22 /home/bryan/repos/skripsi/backend/seeder/seeder.go:61
[10.464ms] [rows:17] INSERT INTO "vet_specialties" ("name") VALUES ($1$),($2$),($3$),($4$),($5$),($6$),($7$),($8$),($9$),($10$),($11$),($12$),($13$),($14$),($15$),($16$),($17$) RETURNING "id"

2025/02/13 14:39:22 /home/bryan/repos/skripsi/backend/seeder/seeder.go:71
[10.213ms] [rows:3] INSERT INTO "species" ("name") VALUES ($1$),($2$),($3$) RETURNING "id"

2025/02/13 14:39:22 /home/bryan/repos/skripsi/backend/seeder/seeder.go:83
[11.196ms] [rows:5] INSERT INTO "size_categories" ("name","min_weight","max_weight") VALUES ($1$,$2$,$3$),($4$,$5$,$6$),($7$,$8$,$9$),($10$,$11$,$12$),($13$,$14$,$15$) RETURNING "id"

2025/02/13 14:39:22 /home/bryan/repos/skripsi/backend/seeder/seeder.go:106
[2.043ms] [rows:0] INSERT INTO "vet_specialties" ("name","id") VALUES ($1$,$2$),($3$,$4$),($5$,$6$) ON CONFLICT DO NOTHING RETURNING "id"

2025/02/13 14:39:22 /home/bryan/repos/skripsi/backend/seeder/seeder.go:106
[3.232ms] [rows:3] INSERT INTO "user_vet_specialties" ("user_id","vet_specialty_id") VALUES ($1$,$2$),($3$,$4$),($5$,$6$) ON CONFLICT DO NOTHING

2025/02/13 14:39:22 /home/bryan/repos/skripsi/backend/seeder/seeder.go:106
[13.708ms] [rows:6] INSERT INTO "users" ("created_at","updated_at","deleted_at","name","email","password","role_id","image_url") VALUES ($1$,$2$,$3$,$4$,$5$,$6$,$7$,$8$),($9$,$10$,$11$,$12$,$13$,$14$,$15$,$16$),($17$,$18$,$19$,$20$,$21$,$22$,$23$,$24$),($25$,$26$,$27$,$28$,$29$,$30$,$31$,$32$),($33$,$34$,$35$,$36$,$37$,$38$,$39$,DEFAULT),($40$,$41$,$42$,$43$,$44$,$45$,$46$,$47$) RETURNING "id","image_url"

2025/02/13 14:39:22 /home/bryan/repos/skripsi/backend/seeder/seeder.go:148
[1.634ms] [rows:0] INSERT INTO "daily_walks" ("name","id") VALUES ($1$,$2$) ON CONFLICT DO NOTHING RETURNING "id"

2025/02/13 14:39:22 /home/bryan/repos/skripsi/backend/seeder/seeder.go:148
[1.767ms] [rows:0] INSERT INTO "daily_playtimes" ("name","id") VALUES ($1$,$2$),($3$,$4$) ON CONFLICT DO NOTHING RETURNING "id"

2025/02/13 14:39:22 /home/bryan/repos/skripsi/backend/seeder/seeder.go:148
[10.468ms] [rows:3] INSERT INTO "pet_daycares" ("created_at","updated_at","deleted_at","name","address","latitude","longitude","price","pricing_type","description","has_pickup_service","must_be_vaccinated","food_provided","grooming_available","booked_num","daily_walks_id","daily_playtime_id","owner_id","food_brand") VALUES ($1$,$2$,$3$,$4$,$5$,$6$,$7$,$8$,$9$,$10$,$11$,$12$,$13$,$14$,$15$,$16$,$17$,$18$,$19$),($20$,$21$,$22$,$23$,$24$,$25$,$26$,$27$,$28$,$29$,$30$,$31$,$32$,$33$,$34$,$35$,$36$,$37$,$38$),($39$,$40$,$41$,$42$,$43$,$44$,$45$,$46$,$47$,$48$,$49$,$50$,$51$,$52$,$53$,$54$,$55$,$56$,$57$) RETURNING "id"

2025/02/13 14:39:22 /home/bryan/repos/skripsi/backend/seeder/seeder.go:158
[5.331ms] [rows:3] INSERT INTO "slots" ("created_at","updated_at","deleted_at","daycare_id","species_id","size_category_id","max_number") VALUES ($1$,$2$,$3$,$4$,$5$,$6$,$7$),($8$,$9$,$10$,$11$,$12$,$13$,$14$),($15$,$16$,$17$,$18$,$19$,$20$,$21$) RETURNING "id"

2025/02/13 14:39:22 /home/bryan/repos/skripsi/backend/seeder/seeder.go:172
[5.802ms] [rows:2] INSERT INTO "pets" ("created_at","updated_at","deleted_at","name","image_url","status","owner_id","species_id","size_id") VALUES ($1$,$2$,$3$,$4$,$5$,$6$,$7$,$8$,$9$),($10$,$11$,$12$,$13$,$14$,$15$,$16$,$17$,$18$) RETURNING "id"

2025/02/13 14:39:22 /home/bryan/repos/skripsi/backend/seeder/seeder.go:189
[6.207ms] [rows:2] INSERT INTO "booked_slots" ("created_at","updated_at","deleted_at","user_id","daycare_id","pet_id","start_date","end_date") VALUES ($1$,$2$,$3$,$4$,$5$,$6$,$7$,$8$),($9$,$10$,$11$,$12$,$13$,$14$,$15$,$16$) RETURNING "id"

2025/02/13 14:39:22 /home/bryan/repos/skripsi/backend/seeder/seeder.go:205
[6.458ms] [rows:3] INSERT INTO "reviews" ("created_at","updated_at","deleted_at","daycare_id","user_id","name","rate","description") VALUES ($1$,$2$,$3$,$4$,$5$,$6$,$7$,$8$),($9$,$10$,$11$,$12$,$13$,$14$,$15$,$16$),($17$,$18$,$19$,$20$,$21$,$22$,$23$,$24$) RETURNING "id"

2025/02/13 14:39:22 /home/bryan/repos/skripsi/backend/seeder/seeder.go:213
[5.125ms] [rows:1] INSERT INTO "reduce_slots" ("slot_id","reduced_count","target_date") VALUES ($1$,$2$,$3$) RETURNING "id"

2025/02/13 14:39:22 /home/bryan/repos/skripsi/backend/seeder/seeder.go:222
[6.097ms] [rows:2] INSERT INTO "thumbnails" ("daycare_id","image_url") VALUES ($1$,$2$),($3$,$4$) RETURNING "id"

2025/02/13 14:39:22 /home/bryan/repos/skripsi/backend/seeder/seeder.go:230
[6.423ms] [rows:1] INSERT INTO "transactions" ("pet_daycare_id","booked_slot_id","status") VALUES ($1$,$2$,$3$) RETURNING "created_at","id"

2025/02/13 14:39:22 /home/bryan/repos/skripsi/backend/setup/setup.go:78
[18.536ms] [rows:1] SELECT count(*) FROM information_schema.tables WHERE table_schema = CURRENT_SCHEMA() AND table_name = 'roles' AND table_type = 'BASE TABLE'

2025/02/13 14:39:22 /home/bryan/repos/skripsi/backend/setup/setup.go:78
[2.149ms] [rows:1] SELECT CURRENT_DATABASE()

2025/02/13 14:39:22 /home/bryan/repos/skripsi/backend/setup/setup.go:78
[33.391ms] [rows:-] SELECT c.column_name, c.is_nullable = 'YES', c.udt_name, c.character_maximum_length, c.numeric_precision, c.numeric_precision_radix, c.numeric_scale, c.datetime_precision, 8 * typlen, c.column_default, pd.description, c.identity_increment FROM information_schema.columns AS c JOIN pg_type AS pgt ON c.udt_name = pgt.typname LEFT JOIN pg_catalog.pg_description as pd ON pd.objsubid = c.ordinal_position AND pd.objoid = (SELECT oid FROM pg_catalog.pg_class WHERE relname = c.table_name AND relnamespace = (SELECT oid FROM pg_catalog.pg_namespace WHERE nspname = c.table_schema)) where table_catalog = $1$ AND table_schema = CURRENT_SCHEMA() AND table_name = $2$

2025/02/13 14:39:22 /home/bryan/repos/skripsi/backend/setup/setup.go:78
[1.363ms] [rows:-] SELECT * FROM "roles" LIMIT $1$

2025/02/13 14:39:22 /home/bryan/repos/skripsi/backend/setup/setup.go:78
[31.539ms] [rows:-] SELECT constraint_name FROM information_schema.table_constraints tc JOIN information_schema.constraint_column_usage AS ccu USING (constraint_schema, constraint_catalog, table_name, constraint_name) JOIN information_schema.columns AS c ON c.table_schema = tc.constraint_schema AND tc.table_name = c.table_name AND ccu.column_name = c.column_name WHERE constraint_type IN ('PRIMARY KEY', 'UNIQUE') AND c.table_catalog = $1$ AND c.table_schema = CURRENT_SCHEMA() AND c.table_name = $2$ AND constraint_type = $3$

2025/02/13 14:39:22 /home/bryan/repos/skripsi/backend/setup/setup.go:78
[23.125ms] [rows:-] SELECT c.column_name, constraint_name, constraint_type FROM information_schema.table_constraints tc JOIN information_schema.constraint_column_usage AS ccu USING (constraint_schema, constraint_catalog, table_name, constraint_name) JOIN information_schema.columns AS c ON c.table_schema = tc.constraint_schema AND tc.table_name = c.table_name AND ccu.column_name = c.column_name WHERE constraint_type IN ('PRIMARY KEY', 'UNIQUE') AND c.table_catalog = $1$ AND c.table_schema = CURRENT_SCHEMA() AND c.table_name = $2$

2025/02/13 14:39:22 /home/bryan/repos/skripsi/backend/setup/setup.go:78
[3.161ms] [rows:-] SELECT a.attname as column_name, format_type(a.atttypid, a.atttypmod) AS data_type
		FROM pg_attribute a JOIN pg_class b ON a.attrelid = b.oid AND relnamespace = (SELECT oid FROM pg_catalog.pg_namespace WHERE nspname = CURRENT_SCHEMA())
		WHERE a.attnum > 0 -- hide internal columns
		AND NOT a.attisdropped -- hide deleted columns
		AND b.relname = $1$

2025/02/13 14:39:22 /home/bryan/repos/skripsi/backend/setup/setup.go:78
[8.381ms] [rows:0] SELECT description FROM pg_catalog.pg_description WHERE objsubid = (SELECT ordinal_position FROM information_schema.columns WHERE table_schema = CURRENT_SCHEMA() AND table_name = 'roles' AND column_name = 'id') AND objoid = (SELECT oid FROM pg_catalog.pg_class WHERE relname = 'roles' AND relnamespace = (SELECT oid FROM pg_catalog.pg_namespace WHERE nspname = CURRENT_SCHEMA()))

2025/02/13 14:39:22 /home/bryan/repos/skripsi/backend/setup/setup.go:78
[10.006ms] [rows:0] SELECT description FROM pg_catalog.pg_description WHERE objsubid = (SELECT ordinal_position FROM information_schema.columns WHERE table_schema = CURRENT_SCHEMA() AND table_name = 'roles' AND column_name = 'name') AND objoid = (SELECT oid FROM pg_catalog.pg_class WHERE relname = 'roles' AND relnamespace = (SELECT oid FROM pg_catalog.pg_namespace WHERE nspname = CURRENT_SCHEMA()))

2025/02/13 14:39:22 /home/bryan/repos/skripsi/backend/setup/setup.go:78
[2.995ms] [rows:1] SELECT count(*) FROM information_schema.tables WHERE table_schema = CURRENT_SCHEMA() AND table_name = 'users' AND table_type = 'BASE TABLE'

2025/02/13 14:39:22 /home/bryan/repos/skripsi/backend/setup/setup.go:78
[1.105ms] [rows:1] SELECT CURRENT_DATABASE()

2025/02/13 14:39:22 /home/bryan/repos/skripsi/backend/setup/setup.go:78
[16.281ms] [rows:-] SELECT c.column_name, c.is_nullable = 'YES', c.udt_name, c.character_maximum_length, c.numeric_precision, c.numeric_precision_radix, c.numeric_scale, c.datetime_precision, 8 * typlen, c.column_default, pd.description, c.identity_increment FROM information_schema.columns AS c JOIN pg_type AS pgt ON c.udt_name = pgt.typname LEFT JOIN pg_catalog.pg_description as pd ON pd.objsubid = c.ordinal_position AND pd.objoid = (SELECT oid FROM pg_catalog.pg_class WHERE relname = c.table_name AND relnamespace = (SELECT oid FROM pg_catalog.pg_namespace WHERE nspname = c.table_schema)) where table_catalog = $1$ AND table_schema = CURRENT_SCHEMA() AND table_name = $2$

2025/02/13 14:39:22 /home/bryan/repos/skripsi/backend/setup/setup.go:78
[1.133ms] [rows:-] SELECT * FROM "users" LIMIT $1$

2025/02/13 14:39:22 /home/bryan/repos/skripsi/backend/setup/setup.go:78
[19.591ms] [rows:-] SELECT constraint_name FROM information_schema.table_constraints tc JOIN information_schema.constraint_column_usage AS ccu USING (constraint_schema, constraint_catalog, table_name, constraint_name) JOIN information_schema.columns AS c ON c.table_schema = tc.constraint_schema AND tc.table_name = c.table_name AND ccu.column_name = c.column_name WHERE constraint_type IN ('PRIMARY KEY', 'UNIQUE') AND c.table_catalog = $1$ AND c.table_schema = CURRENT_SCHEMA() AND c.table_name = $2$ AND constraint_type = $3$

2025/02/13 14:39:22 /home/bryan/repos/skripsi/backend/setup/setup.go:78
[22.597ms] [rows:-] SELECT c.column_name, constraint_name, constraint_type FROM information_schema.table_constraints tc JOIN information_schema.constraint_column_usage AS ccu USING (constraint_schema, constraint_catalog, table_name, constraint_name) JOIN information_schema.columns AS c ON c.table_schema = tc.constraint_schema AND tc.table_name = c.table_name AND ccu.column_name = c.column_name WHERE constraint_type IN ('PRIMARY KEY', 'UNIQUE') AND c.table_catalog = $1$ AND c.table_schema = CURRENT_SCHEMA() AND c.table_name = $2$

2025/02/13 14:39:22 /home/bryan/repos/skripsi/backend/setup/setup.go:78
[1.903ms] [rows:-] SELECT a.attname as column_name, format_type(a.atttypid, a.atttypmod) AS data_type
		FROM pg_attribute a JOIN pg_class b ON a.attrelid = b.oid AND relnamespace = (SELECT oid FROM pg_catalog.pg_namespace WHERE nspname = CURRENT_SCHEMA())
		WHERE a.attnum > 0 -- hide internal columns
		AND NOT a.attisdropped -- hide deleted columns
		AND b.relname = $1$

2025/02/13 14:39:22 /home/bryan/repos/skripsi/backend/setup/setup.go:78
[7.610ms] [rows:0] SELECT description FROM pg_catalog.pg_description WHERE objsubid = (SELECT ordinal_position FROM information_schema.columns WHERE table_schema = CURRENT_SCHEMA() AND table_name = 'users' AND column_name = 'id') AND objoid = (SELECT oid FROM pg_catalog.pg_class WHERE relname = 'users' AND relnamespace = (SELECT oid FROM pg_catalog.pg_namespace WHERE nspname = CURRENT_SCHEMA()))

2025/02/13 14:39:22 /home/bryan/repos/skripsi/backend/setup/setup.go:78
[6.170ms] [rows:0] SELECT description FROM pg_catalog.pg_description WHERE objsubid = (SELECT ordinal_position FROM information_schema.columns WHERE table_schema = CURRENT_SCHEMA() AND table_name = 'users' AND column_name = 'created_at') AND objoid = (SELECT oid FROM pg_catalog.pg_class WHERE relname = 'users' AND relnamespace = (SELECT oid FROM pg_catalog.pg_namespace WHERE nspname = CURRENT_SCHEMA()))

2025/02/13 14:39:22 /home/bryan/repos/skripsi/backend/setup/setup.go:78
[6.932ms] [rows:0] SELECT description FROM pg_catalog.pg_description WHERE objsubid = (SELECT ordinal_position FROM information_schema.columns WHERE table_schema = CURRENT_SCHEMA() AND table_name = 'users' AND column_name = 'updated_at') AND objoid = (SELECT oid FROM pg_catalog.pg_class WHERE relname = 'users' AND relnamespace = (SELECT oid FROM pg_catalog.pg_namespace WHERE nspname = CURRENT_SCHEMA()))

2025/02/13 14:39:22 /home/bryan/repos/skripsi/backend/setup/setup.go:78
[5.953ms] [rows:0] SELECT description FROM pg_catalog.pg_description WHERE objsubid = (SELECT ordinal_position FROM information_schema.columns WHERE table_schema = CURRENT_SCHEMA() AND table_name = 'users' AND column_name = 'deleted_at') AND objoid = (SELECT oid FROM pg_catalog.pg_class WHERE relname = 'users' AND relnamespace = (SELECT oid FROM pg_catalog.pg_namespace WHERE nspname = CURRENT_SCHEMA()))

2025/02/13 14:39:22 /home/bryan/repos/skripsi/backend/setup/setup.go:78
[1.521ms] [rows:0] SELECT description FROM pg_catalog.pg_description WHERE objsubid = (SELECT ordinal_position FROM information_schema.columns WHERE table_schema = CURRENT_SCHEMA() AND table_name = 'users' AND column_name = 'name') AND objoid = (SELECT oid FROM pg_catalog.pg_class WHERE relname = 'users' AND relnamespace = (SELECT oid FROM pg_catalog.pg_namespace WHERE nspname = CURRENT_SCHEMA()))

2025/02/13 14:39:22 /home/bryan/repos/skripsi/backend/setup/setup.go:78
[1.497ms] [rows:0] SELECT description FROM pg_catalog.pg_description WHERE objsubid = (SELECT ordinal_position FROM information_schema.columns WHERE table_schema = CURRENT_SCHEMA() AND table_name = 'users' AND column_name = 'email') AND objoid = (SELECT oid FROM pg_catalog.pg_class WHERE relname = 'users' AND relnamespace = (SELECT oid FROM pg_catalog.pg_namespace WHERE nspname = CURRENT_SCHEMA()))

2025/02/13 14:39:22 /home/bryan/repos/skripsi/backend/setup/setup.go:78
[1.484ms] [rows:0] SELECT description FROM pg_catalog.pg_description WHERE objsubid = (SELECT ordinal_position FROM information_schema.columns WHERE table_schema = CURRENT_SCHEMA() AND table_name = 'users' AND column_name = 'password') AND objoid = (SELECT oid FROM pg_catalog.pg_class WHERE relname = 'users' AND relnamespace = (SELECT oid FROM pg_catalog.pg_namespace WHERE nspname = CURRENT_SCHEMA()))

2025/02/13 14:39:22 /home/bryan/repos/skripsi/backend/setup/setup.go:78
[1.398ms] [rows:0] SELECT description FROM pg_catalog.pg_description WHERE objsubid = (SELECT ordinal_position FROM information_schema.columns WHERE table_schema = CURRENT_SCHEMA() AND table_name = 'users' AND column_name = 'image_url') AND objoid = (SELECT oid FROM pg_catalog.pg_class WHERE relname = 'users' AND relnamespace = (SELECT oid FROM pg_catalog.pg_namespace WHERE nspname = CURRENT_SCHEMA()))

2025/02/13 14:39:22 /home/bryan/repos/skripsi/backend/setup/setup.go:78
[1.419ms] [rows:0] SELECT description FROM pg_catalog.pg_description WHERE objsubid = (SELECT ordinal_position FROM information_schema.columns WHERE table_schema = CURRENT_SCHEMA() AND table_name = 'users' AND column_name = 'role_id') AND objoid = (SELECT oid FROM pg_catalog.pg_class WHERE relname = 'users' AND relnamespace = (SELECT oid FROM pg_catalog.pg_namespace WHERE nspname = CURRENT_SCHEMA()))

2025/02/13 14:39:22 /home/bryan/repos/skripsi/backend/setup/setup.go:78
[4.949ms] [rows:1] SELECT count(*) FROM INFORMATION_SCHEMA.table_constraints WHERE table_schema = CURRENT_SCHEMA() AND table_name = 'users' AND constraint_name = 'fk_roles_users'

2025/02/13 14:39:22 /home/bryan/repos/skripsi/backend/setup/setup.go:78
[6.422ms] [rows:1] SELECT count(*) FROM pg_indexes WHERE tablename = 'users' AND indexname = 'idx_users_deleted_at' AND schemaname = CURRENT_SCHEMA()

2025/02/13 14:39:22 /home/bryan/repos/skripsi/backend/setup/setup.go:78
[2.513ms] [rows:1] SELECT count(*) FROM information_schema.tables WHERE table_schema = CURRENT_SCHEMA() AND table_name = 'vet_specialties' AND table_type = 'BASE TABLE'

2025/02/13 14:39:22 /home/bryan/repos/skripsi/backend/setup/setup.go:78
[0.983ms] [rows:1] SELECT CURRENT_DATABASE()

2025/02/13 14:39:22 /home/bryan/repos/skripsi/backend/setup/setup.go:78
[11.837ms] [rows:-] SELECT c.column_name, c.is_nullable = 'YES', c.udt_name, c.character_maximum_length, c.numeric_precision, c.numeric_precision_radix, c.numeric_scale, c.datetime_precision, 8 * typlen, c.column_default, pd.description, c.identity_increment FROM information_schema.columns AS c JOIN pg_type AS pgt ON c.udt_name = pgt.typname LEFT JOIN pg_catalog.pg_description as pd ON pd.objsubid = c.ordinal_position AND pd.objoid = (SELECT oid FROM pg_catalog.pg_class WHERE relname = c.table_name AND relnamespace = (SELECT oid FROM pg_catalog.pg_namespace WHERE nspname = c.table_schema)) where table_catalog = $1$ AND table_schema = CURRENT_SCHEMA() AND table_name = $2$

2025/02/13 14:39:22 /home/bryan/repos/skripsi/backend/setup/setup.go:78
[0.929ms] [rows:-] SELECT * FROM "vet_specialties" LIMIT $1$

2025/02/13 14:39:22 /home/bryan/repos/skripsi/backend/setup/setup.go:78
[17.699ms] [rows:-] SELECT constraint_name FROM information_schema.table_constraints tc JOIN information_schema.constraint_column_usage AS ccu USING (constraint_schema, constraint_catalog, table_name, constraint_name) JOIN information_schema.columns AS c ON c.table_schema = tc.constraint_schema AND tc.table_name = c.table_name AND ccu.column_name = c.column_name WHERE constraint_type IN ('PRIMARY KEY', 'UNIQUE') AND c.table_catalog = $1$ AND c.table_schema = CURRENT_SCHEMA() AND c.table_name = $2$ AND constraint_type = $3$

2025/02/13 14:39:22 /home/bryan/repos/skripsi/backend/setup/setup.go:78
[16.708ms] [rows:-] SELECT c.column_name, constraint_name, constraint_type FROM information_schema.table_constraints tc JOIN information_schema.constraint_column_usage AS ccu USING (constraint_schema, constraint_catalog, table_name, constraint_name) JOIN information_schema.columns AS c ON c.table_schema = tc.constraint_schema AND tc.table_name = c.table_name AND ccu.column_name = c.column_name WHERE constraint_type IN ('PRIMARY KEY', 'UNIQUE') AND c.table_catalog = $1$ AND c.table_schema = CURRENT_SCHEMA() AND c.table_name = $2$

2025/02/13 14:39:22 /home/bryan/repos/skripsi/backend/setup/setup.go:78
[1.813ms] [rows:-] SELECT a.attname as column_name, format_type(a.atttypid, a.atttypmod) AS data_type
		FROM pg_attribute a JOIN pg_class b ON a.attrelid = b.oid AND relnamespace = (SELECT oid FROM pg_catalog.pg_namespace WHERE nspname = CURRENT_SCHEMA())
		WHERE a.attnum > 0 -- hide internal columns
		AND NOT a.attisdropped -- hide deleted columns
		AND b.relname = $1$

2025/02/13 14:39:22 /home/bryan/repos/skripsi/backend/setup/setup.go:78
[1.603ms] [rows:0] SELECT description FROM pg_catalog.pg_description WHERE objsubid = (SELECT ordinal_position FROM information_schema.columns WHERE table_schema = CURRENT_SCHEMA() AND table_name = 'vet_specialties' AND column_name = 'id') AND objoid = (SELECT oid FROM pg_catalog.pg_class WHERE relname = 'vet_specialties' AND relnamespace = (SELECT oid FROM pg_catalog.pg_namespace WHERE nspname = CURRENT_SCHEMA()))

2025/02/13 14:39:22 /home/bryan/repos/skripsi/backend/setup/setup.go:78
[1.506ms] [rows:0] SELECT description FROM pg_catalog.pg_description WHERE objsubid = (SELECT ordinal_position FROM information_schema.columns WHERE table_schema = CURRENT_SCHEMA() AND table_name = 'vet_specialties' AND column_name = 'name') AND objoid = (SELECT oid FROM pg_catalog.pg_class WHERE relname = 'vet_specialties' AND relnamespace = (SELECT oid FROM pg_catalog.pg_namespace WHERE nspname = CURRENT_SCHEMA()))

2025/02/13 14:39:22 /home/bryan/repos/skripsi/backend/setup/setup.go:78
[2.365ms] [rows:1] SELECT count(*) FROM information_schema.tables WHERE table_schema = CURRENT_SCHEMA() AND table_name = 'user_vet_specialties' AND table_type = 'BASE TABLE'

2025/02/13 14:39:22 /home/bryan/repos/skripsi/backend/setup/setup.go:78
[0.864ms] [rows:1] SELECT CURRENT_DATABASE()

2025/02/13 14:39:22 /home/bryan/repos/skripsi/backend/setup/setup.go:78
[11.494ms] [rows:-] SELECT c.column_name, c.is_nullable = 'YES', c.udt_name, c.character_maximum_length, c.numeric_precision, c.numeric_precision_radix, c.numeric_scale, c.datetime_precision, 8 * typlen, c.column_default, pd.description, c.identity_increment FROM information_schema.columns AS c JOIN pg_type AS pgt ON c.udt_name = pgt.typname LEFT JOIN pg_catalog.pg_description as pd ON pd.objsubid = c.ordinal_position AND pd.objoid = (SELECT oid FROM pg_catalog.pg_class WHERE relname = c.table_name AND relnamespace = (SELECT oid FROM pg_catalog.pg_namespace WHERE nspname = c.table_schema)) where table_catalog = $1$ AND table_schema = CURRENT_SCHEMA() AND table_name = $2$

2025/02/13 14:39:22 /home/bryan/repos/skripsi/backend/setup/setup.go:78
[1.006ms] [rows:-] SELECT * FROM "user_vet_specialties" LIMIT $1$

2025/02/13 14:39:22 /home/bryan/repos/skripsi/backend/setup/setup.go:78
[16.337ms] [rows:-] SELECT constraint_name FROM information_schema.table_constraints tc JOIN information_schema.constraint_column_usage AS ccu USING (constraint_schema, constraint_catalog, table_name, constraint_name) JOIN information_schema.columns AS c ON c.table_schema = tc.constraint_schema AND tc.table_name = c.table_name AND ccu.column_name = c.column_name WHERE constraint_type IN ('PRIMARY KEY', 'UNIQUE') AND c.table_catalog = $1$ AND c.table_schema = CURRENT_SCHEMA() AND c.table_name = $2$ AND constraint_type = $3$

2025/02/13 14:39:22 /home/bryan/repos/skripsi/backend/setup/setup.go:78
[16.343ms] [rows:-] SELECT c.column_name, constraint_name, constraint_type FROM information_schema.table_constraints tc JOIN information_schema.constraint_column_usage AS ccu USING (constraint_schema, constraint_catalog, table_name, constraint_name) JOIN information_schema.columns AS c ON c.table_schema = tc.constraint_schema AND tc.table_name = c.table_name AND ccu.column_name = c.column_name WHERE constraint_type IN ('PRIMARY KEY', 'UNIQUE') AND c.table_catalog = $1$ AND c.table_schema = CURRENT_SCHEMA() AND c.table_name = $2$

2025/02/13 14:39:22 /home/bryan/repos/skripsi/backend/setup/setup.go:78
[1.751ms] [rows:-] SELECT a.attname as column_name, format_type(a.atttypid, a.atttypmod) AS data_type
		FROM pg_attribute a JOIN pg_class b ON a.attrelid = b.oid AND relnamespace = (SELECT oid FROM pg_catalog.pg_namespace WHERE nspname = CURRENT_SCHEMA())
		WHERE a.attnum > 0 -- hide internal columns
		AND NOT a.attisdropped -- hide deleted columns
		AND b.relname = $1$

2025/02/13 14:39:22 /home/bryan/repos/skripsi/backend/setup/setup.go:78
[1.422ms] [rows:0] SELECT description FROM pg_catalog.pg_description WHERE objsubid = (SELECT ordinal_position FROM information_schema.columns WHERE table_schema = CURRENT_SCHEMA() AND table_name = 'user_vet_specialties' AND column_name = 'user_id') AND objoid = (SELECT oid FROM pg_catalog.pg_class WHERE relname = 'user_vet_specialties' AND relnamespace = (SELECT oid FROM pg_catalog.pg_namespace WHERE nspname = CURRENT_SCHEMA()))

2025/02/13 14:39:22 /home/bryan/repos/skripsi/backend/setup/setup.go:78
[1.410ms] [rows:0] SELECT description FROM pg_catalog.pg_description WHERE objsubid = (SELECT ordinal_position FROM information_schema.columns WHERE table_schema = CURRENT_SCHEMA() AND table_name = 'user_vet_specialties' AND column_name = 'vet_specialty_id') AND objoid = (SELECT oid FROM pg_catalog.pg_class WHERE relname = 'user_vet_specialties' AND relnamespace = (SELECT oid FROM pg_catalog.pg_namespace WHERE nspname = CURRENT_SCHEMA()))

2025/02/13 14:39:22 /home/bryan/repos/skripsi/backend/setup/setup.go:78
[3.867ms] [rows:1] SELECT count(*) FROM INFORMATION_SCHEMA.table_constraints WHERE table_schema = CURRENT_SCHEMA() AND table_name = 'user_vet_specialties' AND constraint_name = 'fk_user_vet_specialties_user'

2025/02/13 14:39:22 /home/bryan/repos/skripsi/backend/setup/setup.go:78
[3.779ms] [rows:1] SELECT count(*) FROM INFORMATION_SCHEMA.table_constraints WHERE table_schema = CURRENT_SCHEMA() AND table_name = 'user_vet_specialties' AND constraint_name = 'fk_user_vet_specialties_vet_specialty'

2025/02/13 14:39:22 /home/bryan/repos/skripsi/backend/setup/setup.go:78
[2.281ms] [rows:1] SELECT count(*) FROM information_schema.tables WHERE table_schema = CURRENT_SCHEMA() AND table_name = 'daily_walks' AND table_type = 'BASE TABLE'

2025/02/13 14:39:22 /home/bryan/repos/skripsi/backend/setup/setup.go:78
[0.802ms] [rows:1] SELECT CURRENT_DATABASE()

2025/02/13 14:39:22 /home/bryan/repos/skripsi/backend/setup/setup.go:78
[11.934ms] [rows:-] SELECT c.column_name, c.is_nullable = 'YES', c.udt_name, c.character_maximum_length, c.numeric_precision, c.numeric_precision_radix, c.numeric_scale, c.datetime_precision, 8 * typlen, c.column_default, pd.description, c.identity_increment FROM information_schema.columns AS c JOIN pg_type AS pgt ON c.udt_name = pgt.typname LEFT JOIN pg_catalog.pg_description as pd ON pd.objsubid = c.ordinal_position AND pd.objoid = (SELECT oid FROM pg_catalog.pg_class WHERE relname = c.table_name AND relnamespace = (SELECT oid FROM pg_catalog.pg_namespace WHERE nspname = c.table_schema)) where table_catalog = $1$ AND table_schema = CURRENT_SCHEMA() AND table_name = $2$

2025/02/13 14:39:22 /home/bryan/repos/skripsi/backend/setup/setup.go:78
[1.079ms] [rows:-] SELECT * FROM "daily_walks" LIMIT $1$

2025/02/13 14:39:22 /home/bryan/repos/skripsi/backend/setup/setup.go:78
[16.787ms] [rows:-] SELECT constraint_name FROM information_schema.table_constraints tc JOIN information_schema.constraint_column_usage AS ccu USING (constraint_schema, constraint_catalog, table_name, constraint_name) JOIN information_schema.columns AS c ON c.table_schema = tc.constraint_schema AND tc.table_name = c.table_name AND ccu.column_name = c.column_name WHERE constraint_type IN ('PRIMARY KEY', 'UNIQUE') AND c.table_catalog = $1$ AND c.table_schema = CURRENT_SCHEMA() AND c.table_name = $2$ AND constraint_type = $3$

2025/02/13 14:39:22 /home/bryan/repos/skripsi/backend/setup/setup.go:78
[16.099ms] [rows:-] SELECT c.column_name, constraint_name, constraint_type FROM information_schema.table_constraints tc JOIN information_schema.constraint_column_usage AS ccu USING (constraint_schema, constraint_catalog, table_name, constraint_name) JOIN information_schema.columns AS c ON c.table_schema = tc.constraint_schema AND tc.table_name = c.table_name AND ccu.column_name = c.column_name WHERE constraint_type IN ('PRIMARY KEY', 'UNIQUE') AND c.table_catalog = $1$ AND c.table_schema = CURRENT_SCHEMA() AND c.table_name = $2$

2025/02/13 14:39:22 /home/bryan/repos/skripsi/backend/setup/setup.go:78
[1.634ms] [rows:-] SELECT a.attname as column_name, format_type(a.atttypid, a.atttypmod) AS data_type
		FROM pg_attribute a JOIN pg_class b ON a.attrelid = b.oid AND relnamespace = (SELECT oid FROM pg_catalog.pg_namespace WHERE nspname = CURRENT_SCHEMA())
		WHERE a.attnum > 0 -- hide internal columns
		AND NOT a.attisdropped -- hide deleted columns
		AND b.relname = $1$

2025/02/13 14:39:22 /home/bryan/repos/skripsi/backend/setup/setup.go:78
[1.550ms] [rows:0] SELECT description FROM pg_catalog.pg_description WHERE objsubid = (SELECT ordinal_position FROM information_schema.columns WHERE table_schema = CURRENT_SCHEMA() AND table_name = 'daily_walks' AND column_name = 'id') AND objoid = (SELECT oid FROM pg_catalog.pg_class WHERE relname = 'daily_walks' AND relnamespace = (SELECT oid FROM pg_catalog.pg_namespace WHERE nspname = CURRENT_SCHEMA()))

2025/02/13 14:39:22 /home/bryan/repos/skripsi/backend/setup/setup.go:78
[2.598ms] [rows:0] SELECT description FROM pg_catalog.pg_description WHERE objsubid = (SELECT ordinal_position FROM information_schema.columns WHERE table_schema = CURRENT_SCHEMA() AND table_name = 'daily_walks' AND column_name = 'name') AND objoid = (SELECT oid FROM pg_catalog.pg_class WHERE relname = 'daily_walks' AND relnamespace = (SELECT oid FROM pg_catalog.pg_namespace WHERE nspname = CURRENT_SCHEMA()))

2025/02/13 14:39:22 /home/bryan/repos/skripsi/backend/setup/setup.go:78
[2.486ms] [rows:1] SELECT count(*) FROM information_schema.tables WHERE table_schema = CURRENT_SCHEMA() AND table_name = 'daily_playtimes' AND table_type = 'BASE TABLE'

2025/02/13 14:39:22 /home/bryan/repos/skripsi/backend/setup/setup.go:78
[0.783ms] [rows:1] SELECT CURRENT_DATABASE()

2025/02/13 14:39:22 /home/bryan/repos/skripsi/backend/setup/setup.go:78
[12.276ms] [rows:-] SELECT c.column_name, c.is_nullable = 'YES', c.udt_name, c.character_maximum_length, c.numeric_precision, c.numeric_precision_radix, c.numeric_scale, c.datetime_precision, 8 * typlen, c.column_default, pd.description, c.identity_increment FROM information_schema.columns AS c JOIN pg_type AS pgt ON c.udt_name = pgt.typname LEFT JOIN pg_catalog.pg_description as pd ON pd.objsubid = c.ordinal_position AND pd.objoid = (SELECT oid FROM pg_catalog.pg_class WHERE relname = c.table_name AND relnamespace = (SELECT oid FROM pg_catalog.pg_namespace WHERE nspname = c.table_schema)) where table_catalog = $1$ AND table_schema = CURRENT_SCHEMA() AND table_name = $2$

2025/02/13 14:39:22 /home/bryan/repos/skripsi/backend/setup/setup.go:78
[1.111ms] [rows:-] SELECT * FROM "daily_playtimes" LIMIT $1$

2025/02/13 14:39:22 /home/bryan/repos/skripsi/backend/setup/setup.go:78
[16.373ms] [rows:-] SELECT constraint_name FROM information_schema.table_constraints tc JOIN information_schema.constraint_column_usage AS ccu USING (constraint_schema, constraint_catalog, table_name, constraint_name) JOIN information_schema.columns AS c ON c.table_schema = tc.constraint_schema AND tc.table_name = c.table_name AND ccu.column_name = c.column_name WHERE constraint_type IN ('PRIMARY KEY', 'UNIQUE') AND c.table_catalog = $1$ AND c.table_schema = CURRENT_SCHEMA() AND c.table_name = $2$ AND constraint_type = $3$

2025/02/13 14:39:22 /home/bryan/repos/skripsi/backend/setup/setup.go:78
[15.185ms] [rows:-] SELECT c.column_name, constraint_name, constraint_type FROM information_schema.table_constraints tc JOIN information_schema.constraint_column_usage AS ccu USING (constraint_schema, constraint_catalog, table_name, constraint_name) JOIN information_schema.columns AS c ON c.table_schema = tc.constraint_schema AND tc.table_name = c.table_name AND ccu.column_name = c.column_name WHERE constraint_type IN ('PRIMARY KEY', 'UNIQUE') AND c.table_catalog = $1$ AND c.table_schema = CURRENT_SCHEMA() AND c.table_name = $2$

2025/02/13 14:39:22 /home/bryan/repos/skripsi/backend/setup/setup.go:78
[1.553ms] [rows:-] SELECT a.attname as column_name, format_type(a.atttypid, a.atttypmod) AS data_type
		FROM pg_attribute a JOIN pg_class b ON a.attrelid = b.oid AND relnamespace = (SELECT oid FROM pg_catalog.pg_namespace WHERE nspname = CURRENT_SCHEMA())
		WHERE a.attnum > 0 -- hide internal columns
		AND NOT a.attisdropped -- hide deleted columns
		AND b.relname = $1$

2025/02/13 14:39:22 /home/bryan/repos/skripsi/backend/setup/setup.go:78
[1.181ms] [rows:0] SELECT description FROM pg_catalog.pg_description WHERE objsubid = (SELECT ordinal_position FROM information_schema.columns WHERE table_schema = CURRENT_SCHEMA() AND table_name = 'daily_playtimes' AND column_name = 'id') AND objoid = (SELECT oid FROM pg_catalog.pg_class WHERE relname = 'daily_playtimes' AND relnamespace = (SELECT oid FROM pg_catalog.pg_namespace WHERE nspname = CURRENT_SCHEMA()))

2025/02/13 14:39:22 /home/bryan/repos/skripsi/backend/setup/setup.go:78
[1.447ms] [rows:0] SELECT description FROM pg_catalog.pg_description WHERE objsubid = (SELECT ordinal_position FROM information_schema.columns WHERE table_schema = CURRENT_SCHEMA() AND table_name = 'daily_playtimes' AND column_name = 'name') AND objoid = (SELECT oid FROM pg_catalog.pg_class WHERE relname = 'daily_playtimes' AND relnamespace = (SELECT oid FROM pg_catalog.pg_namespace WHERE nspname = CURRENT_SCHEMA()))

2025/02/13 14:39:22 /home/bryan/repos/skripsi/backend/setup/setup.go:78
[1.085ms] [rows:1] SELECT count(*) FROM information_schema.tables WHERE table_schema = CURRENT_SCHEMA() AND table_name = 'pet_daycares' AND table_type = 'BASE TABLE'

2025/02/13 14:39:22 /home/bryan/repos/skripsi/backend/setup/setup.go:78
[0.767ms] [rows:1] SELECT CURRENT_DATABASE()

2025/02/13 14:39:22 /home/bryan/repos/skripsi/backend/setup/setup.go:78
[4.803ms] [rows:-] SELECT c.column_name, c.is_nullable = 'YES', c.udt_name, c.character_maximum_length, c.numeric_precision, c.numeric_precision_radix, c.numeric_scale, c.datetime_precision, 8 * typlen, c.column_default, pd.description, c.identity_increment FROM information_schema.columns AS c JOIN pg_type AS pgt ON c.udt_name = pgt.typname LEFT JOIN pg_catalog.pg_description as pd ON pd.objsubid = c.ordinal_position AND pd.objoid = (SELECT oid FROM pg_catalog.pg_class WHERE relname = c.table_name AND relnamespace = (SELECT oid FROM pg_catalog.pg_namespace WHERE nspname = c.table_schema)) where table_catalog = $1$ AND table_schema = CURRENT_SCHEMA() AND table_name = $2$

2025/02/13 14:39:22 /home/bryan/repos/skripsi/backend/setup/setup.go:78
[1.085ms] [rows:-] SELECT * FROM "pet_daycares" LIMIT $1$

2025/02/13 14:39:22 /home/bryan/repos/skripsi/backend/setup/setup.go:78
[6.536ms] [rows:-] SELECT constraint_name FROM information_schema.table_constraints tc JOIN information_schema.constraint_column_usage AS ccu USING (constraint_schema, constraint_catalog, table_name, constraint_name) JOIN information_schema.columns AS c ON c.table_schema = tc.constraint_schema AND tc.table_name = c.table_name AND ccu.column_name = c.column_name WHERE constraint_type IN ('PRIMARY KEY', 'UNIQUE') AND c.table_catalog = $1$ AND c.table_schema = CURRENT_SCHEMA() AND c.table_name = $2$ AND constraint_type = $3$

2025/02/13 14:39:22 /home/bryan/repos/skripsi/backend/setup/setup.go:78
[6.504ms] [rows:-] SELECT c.column_name, constraint_name, constraint_type FROM information_schema.table_constraints tc JOIN information_schema.constraint_column_usage AS ccu USING (constraint_schema, constraint_catalog, table_name, constraint_name) JOIN information_schema.columns AS c ON c.table_schema = tc.constraint_schema AND tc.table_name = c.table_name AND ccu.column_name = c.column_name WHERE constraint_type IN ('PRIMARY KEY', 'UNIQUE') AND c.table_catalog = $1$ AND c.table_schema = CURRENT_SCHEMA() AND c.table_name = $2$

2025/02/13 14:39:22 /home/bryan/repos/skripsi/backend/setup/setup.go:78
[1.040ms] [rows:-] SELECT a.attname as column_name, format_type(a.atttypid, a.atttypmod) AS data_type
		FROM pg_attribute a JOIN pg_class b ON a.attrelid = b.oid AND relnamespace = (SELECT oid FROM pg_catalog.pg_namespace WHERE nspname = CURRENT_SCHEMA())
		WHERE a.attnum > 0 -- hide internal columns
		AND NOT a.attisdropped -- hide deleted columns
		AND b.relname = $1$

2025/02/13 14:39:22 /home/bryan/repos/skripsi/backend/setup/setup.go:78
[1.506ms] [rows:0] SELECT description FROM pg_catalog.pg_description WHERE objsubid = (SELECT ordinal_position FROM information_schema.columns WHERE table_schema = CURRENT_SCHEMA() AND table_name = 'pet_daycares' AND column_name = 'id') AND objoid = (SELECT oid FROM pg_catalog.pg_class WHERE relname = 'pet_daycares' AND relnamespace = (SELECT oid FROM pg_catalog.pg_namespace WHERE nspname = CURRENT_SCHEMA()))

2025/02/13 14:39:22 /home/bryan/repos/skripsi/backend/setup/setup.go:78
[1.467ms] [rows:0] SELECT description FROM pg_catalog.pg_description WHERE objsubid = (SELECT ordinal_position FROM information_schema.columns WHERE table_schema = CURRENT_SCHEMA() AND table_name = 'pet_daycares' AND column_name = 'created_at') AND objoid = (SELECT oid FROM pg_catalog.pg_class WHERE relname = 'pet_daycares' AND relnamespace = (SELECT oid FROM pg_catalog.pg_namespace WHERE nspname = CURRENT_SCHEMA()))

2025/02/13 14:39:22 /home/bryan/repos/skripsi/backend/setup/setup.go:78
[1.539ms] [rows:0] SELECT description FROM pg_catalog.pg_description WHERE objsubid = (SELECT ordinal_position FROM information_schema.columns WHERE table_schema = CURRENT_SCHEMA() AND table_name = 'pet_daycares' AND column_name = 'updated_at') AND objoid = (SELECT oid FROM pg_catalog.pg_class WHERE relname = 'pet_daycares' AND relnamespace = (SELECT oid FROM pg_catalog.pg_namespace WHERE nspname = CURRENT_SCHEMA()))

2025/02/13 14:39:22 /home/bryan/repos/skripsi/backend/setup/setup.go:78
[1.914ms] [rows:0] SELECT description FROM pg_catalog.pg_description WHERE objsubid = (SELECT ordinal_position FROM information_schema.columns WHERE table_schema = CURRENT_SCHEMA() AND table_name = 'pet_daycares' AND column_name = 'deleted_at') AND objoid = (SELECT oid FROM pg_catalog.pg_class WHERE relname = 'pet_daycares' AND relnamespace = (SELECT oid FROM pg_catalog.pg_namespace WHERE nspname = CURRENT_SCHEMA()))

2025/02/13 14:39:22 /home/bryan/repos/skripsi/backend/setup/setup.go:78
[1.683ms] [rows:0] SELECT description FROM pg_catalog.pg_description WHERE objsubid = (SELECT ordinal_position FROM information_schema.columns WHERE table_schema = CURRENT_SCHEMA() AND table_name = 'pet_daycares' AND column_name = 'name') AND objoid = (SELECT oid FROM pg_catalog.pg_class WHERE relname = 'pet_daycares' AND relnamespace = (SELECT oid FROM pg_catalog.pg_namespace WHERE nspname = CURRENT_SCHEMA()))

2025/02/13 14:39:22 /home/bryan/repos/skripsi/backend/setup/setup.go:78
[1.560ms] [rows:0] SELECT description FROM pg_catalog.pg_description WHERE objsubid = (SELECT ordinal_position FROM information_schema.columns WHERE table_schema = CURRENT_SCHEMA() AND table_name = 'pet_daycares' AND column_name = 'address') AND objoid = (SELECT oid FROM pg_catalog.pg_class WHERE relname = 'pet_daycares' AND relnamespace = (SELECT oid FROM pg_catalog.pg_namespace WHERE nspname = CURRENT_SCHEMA()))

2025/02/13 14:39:22 /home/bryan/repos/skripsi/backend/setup/setup.go:78
[1.450ms] [rows:0] SELECT description FROM pg_catalog.pg_description WHERE objsubid = (SELECT ordinal_position FROM information_schema.columns WHERE table_schema = CURRENT_SCHEMA() AND table_name = 'pet_daycares' AND column_name = 'latitude') AND objoid = (SELECT oid FROM pg_catalog.pg_class WHERE relname = 'pet_daycares' AND relnamespace = (SELECT oid FROM pg_catalog.pg_namespace WHERE nspname = CURRENT_SCHEMA()))

2025/02/13 14:39:22 /home/bryan/repos/skripsi/backend/setup/setup.go:78
[1.281ms] [rows:0] SELECT description FROM pg_catalog.pg_description WHERE objsubid = (SELECT ordinal_position FROM information_schema.columns WHERE table_schema = CURRENT_SCHEMA() AND table_name = 'pet_daycares' AND column_name = 'longitude') AND objoid = (SELECT oid FROM pg_catalog.pg_class WHERE relname = 'pet_daycares' AND relnamespace = (SELECT oid FROM pg_catalog.pg_namespace WHERE nspname = CURRENT_SCHEMA()))

2025/02/13 14:39:22 /home/bryan/repos/skripsi/backend/setup/setup.go:78
[1.341ms] [rows:0] SELECT description FROM pg_catalog.pg_description WHERE objsubid = (SELECT ordinal_position FROM information_schema.columns WHERE table_schema = CURRENT_SCHEMA() AND table_name = 'pet_daycares' AND column_name = 'price') AND objoid = (SELECT oid FROM pg_catalog.pg_class WHERE relname = 'pet_daycares' AND relnamespace = (SELECT oid FROM pg_catalog.pg_namespace WHERE nspname = CURRENT_SCHEMA()))

2025/02/13 14:39:22 /home/bryan/repos/skripsi/backend/setup/setup.go:78
[1.498ms] [rows:0] SELECT description FROM pg_catalog.pg_description WHERE objsubid = (SELECT ordinal_position FROM information_schema.columns WHERE table_schema = CURRENT_SCHEMA() AND table_name = 'pet_daycares' AND column_name = 'pricing_type') AND objoid = (SELECT oid FROM pg_catalog.pg_class WHERE relname = 'pet_daycares' AND relnamespace = (SELECT oid FROM pg_catalog.pg_namespace WHERE nspname = CURRENT_SCHEMA()))

2025/02/13 14:39:22 /home/bryan/repos/skripsi/backend/setup/setup.go:78
[1.456ms] [rows:0] SELECT description FROM pg_catalog.pg_description WHERE objsubid = (SELECT ordinal_position FROM information_schema.columns WHERE table_schema = CURRENT_SCHEMA() AND table_name = 'pet_daycares' AND column_name = 'description') AND objoid = (SELECT oid FROM pg_catalog.pg_class WHERE relname = 'pet_daycares' AND relnamespace = (SELECT oid FROM pg_catalog.pg_namespace WHERE nspname = CURRENT_SCHEMA()))

2025/02/13 14:39:22 /home/bryan/repos/skripsi/backend/setup/setup.go:78
[1.571ms] [rows:0] SELECT description FROM pg_catalog.pg_description WHERE objsubid = (SELECT ordinal_position FROM information_schema.columns WHERE table_schema = CURRENT_SCHEMA() AND table_name = 'pet_daycares' AND column_name = 'has_pickup_service') AND objoid = (SELECT oid FROM pg_catalog.pg_class WHERE relname = 'pet_daycares' AND relnamespace = (SELECT oid FROM pg_catalog.pg_namespace WHERE nspname = CURRENT_SCHEMA()))

2025/02/13 14:39:22 /home/bryan/repos/skripsi/backend/setup/setup.go:78
[1.499ms] [rows:0] SELECT description FROM pg_catalog.pg_description WHERE objsubid = (SELECT ordinal_position FROM information_schema.columns WHERE table_schema = CURRENT_SCHEMA() AND table_name = 'pet_daycares' AND column_name = 'must_be_vaccinated') AND objoid = (SELECT oid FROM pg_catalog.pg_class WHERE relname = 'pet_daycares' AND relnamespace = (SELECT oid FROM pg_catalog.pg_namespace WHERE nspname = CURRENT_SCHEMA()))

2025/02/13 14:39:22 /home/bryan/repos/skripsi/backend/setup/setup.go:78
[1.483ms] [rows:0] SELECT description FROM pg_catalog.pg_description WHERE objsubid = (SELECT ordinal_position FROM information_schema.columns WHERE table_schema = CURRENT_SCHEMA() AND table_name = 'pet_daycares' AND column_name = 'food_provided') AND objoid = (SELECT oid FROM pg_catalog.pg_class WHERE relname = 'pet_daycares' AND relnamespace = (SELECT oid FROM pg_catalog.pg_namespace WHERE nspname = CURRENT_SCHEMA()))

2025/02/13 14:39:22 /home/bryan/repos/skripsi/backend/setup/setup.go:78
[1.551ms] [rows:0] SELECT description FROM pg_catalog.pg_description WHERE objsubid = (SELECT ordinal_position FROM information_schema.columns WHERE table_schema = CURRENT_SCHEMA() AND table_name = 'pet_daycares' AND column_name = 'grooming_available') AND objoid = (SELECT oid FROM pg_catalog.pg_class WHERE relname = 'pet_daycares' AND relnamespace = (SELECT oid FROM pg_catalog.pg_namespace WHERE nspname = CURRENT_SCHEMA()))

2025/02/13 14:39:22 /home/bryan/repos/skripsi/backend/setup/setup.go:78
[1.470ms] [rows:0] SELECT description FROM pg_catalog.pg_description WHERE objsubid = (SELECT ordinal_position FROM information_schema.columns WHERE table_schema = CURRENT_SCHEMA() AND table_name = 'pet_daycares' AND column_name = 'booked_num') AND objoid = (SELECT oid FROM pg_catalog.pg_class WHERE relname = 'pet_daycares' AND relnamespace = (SELECT oid FROM pg_catalog.pg_namespace WHERE nspname = CURRENT_SCHEMA()))

2025/02/13 14:39:22 /home/bryan/repos/skripsi/backend/setup/setup.go:78
[1.456ms] [rows:0] SELECT description FROM pg_catalog.pg_description WHERE objsubid = (SELECT ordinal_position FROM information_schema.columns WHERE table_schema = CURRENT_SCHEMA() AND table_name = 'pet_daycares' AND column_name = 'daily_walks_id') AND objoid = (SELECT oid FROM pg_catalog.pg_class WHERE relname = 'pet_daycares' AND relnamespace = (SELECT oid FROM pg_catalog.pg_namespace WHERE nspname = CURRENT_SCHEMA()))

2025/02/13 14:39:22 /home/bryan/repos/skripsi/backend/setup/setup.go:78
[1.468ms] [rows:0] SELECT description FROM pg_catalog.pg_description WHERE objsubid = (SELECT ordinal_position FROM information_schema.columns WHERE table_schema = CURRENT_SCHEMA() AND table_name = 'pet_daycares' AND column_name = 'daily_playtime_id') AND objoid = (SELECT oid FROM pg_catalog.pg_class WHERE relname = 'pet_daycares' AND relnamespace = (SELECT oid FROM pg_catalog.pg_namespace WHERE nspname = CURRENT_SCHEMA()))

2025/02/13 14:39:22 /home/bryan/repos/skripsi/backend/setup/setup.go:78
[1.384ms] [rows:0] SELECT description FROM pg_catalog.pg_description WHERE objsubid = (SELECT ordinal_position FROM information_schema.columns WHERE table_schema = CURRENT_SCHEMA() AND table_name = 'pet_daycares' AND column_name = 'owner_id') AND objoid = (SELECT oid FROM pg_catalog.pg_class WHERE relname = 'pet_daycares' AND relnamespace = (SELECT oid FROM pg_catalog.pg_namespace WHERE nspname = CURRENT_SCHEMA()))

2025/02/13 14:39:22 /home/bryan/repos/skripsi/backend/setup/setup.go:78
[1.326ms] [rows:0] SELECT description FROM pg_catalog.pg_description WHERE objsubid = (SELECT ordinal_position FROM information_schema.columns WHERE table_schema = CURRENT_SCHEMA() AND table_name = 'pet_daycares' AND column_name = 'food_brand') AND objoid = (SELECT oid FROM pg_catalog.pg_class WHERE relname = 'pet_daycares' AND relnamespace = (SELECT oid FROM pg_catalog.pg_namespace WHERE nspname = CURRENT_SCHEMA()))

2025/02/13 14:39:22 /home/bryan/repos/skripsi/backend/setup/setup.go:78
[3.739ms] [rows:1] SELECT count(*) FROM INFORMATION_SCHEMA.table_constraints WHERE table_schema = CURRENT_SCHEMA() AND table_name = 'pet_daycares' AND constraint_name = 'fk_users_pet_daycare'

2025/02/13 14:39:22 /home/bryan/repos/skripsi/backend/setup/setup.go:78
[3.732ms] [rows:1] SELECT count(*) FROM INFORMATION_SCHEMA.table_constraints WHERE table_schema = CURRENT_SCHEMA() AND table_name = 'pet_daycares' AND constraint_name = 'fk_pet_daycares_daily_walks'

2025/02/13 14:39:22 /home/bryan/repos/skripsi/backend/setup/setup.go:78
[3.605ms] [rows:1] SELECT count(*) FROM INFORMATION_SCHEMA.table_constraints WHERE table_schema = CURRENT_SCHEMA() AND table_name = 'pet_daycares' AND constraint_name = 'fk_pet_daycares_daily_playtime'

2025/02/13 14:39:22 /home/bryan/repos/skripsi/backend/setup/setup.go:78
[2.594ms] [rows:1] SELECT count(*) FROM pg_indexes WHERE tablename = 'pet_daycares' AND indexname = 'idx_pet_daycares_deleted_at' AND schemaname = CURRENT_SCHEMA()

2025/02/13 14:39:22 /home/bryan/repos/skripsi/backend/setup/setup.go:78
[0.885ms] [rows:1] SELECT count(*) FROM information_schema.tables WHERE table_schema = CURRENT_SCHEMA() AND table_name = 'species' AND table_type = 'BASE TABLE'

2025/02/13 14:39:22 /home/bryan/repos/skripsi/backend/setup/setup.go:78
[0.584ms] [rows:1] SELECT CURRENT_DATABASE()

2025/02/13 14:39:22 /home/bryan/repos/skripsi/backend/setup/setup.go:78
[2.961ms] [rows:-] SELECT c.column_name, c.is_nullable = 'YES', c.udt_name, c.character_maximum_length, c.numeric_precision, c.numeric_precision_radix, c.numeric_scale, c.datetime_precision, 8 * typlen, c.column_default, pd.description, c.identity_increment FROM information_schema.columns AS c JOIN pg_type AS pgt ON c.udt_name = pgt.typname LEFT JOIN pg_catalog.pg_description as pd ON pd.objsubid = c.ordinal_position AND pd.objoid = (SELECT oid FROM pg_catalog.pg_class WHERE relname = c.table_name AND relnamespace = (SELECT oid FROM pg_catalog.pg_namespace WHERE nspname = c.table_schema)) where table_catalog = $1$ AND table_schema = CURRENT_SCHEMA() AND table_name = $2$

2025/02/13 14:39:22 /home/bryan/repos/skripsi/backend/setup/setup.go:78
[0.965ms] [rows:-] SELECT * FROM "species" LIMIT $1$

2025/02/13 14:39:22 /home/bryan/repos/skripsi/backend/setup/setup.go:78
[2.400ms] [rows:-] SELECT constraint_name FROM information_schema.table_constraints tc JOIN information_schema.constraint_column_usage AS ccu USING (constraint_schema, constraint_catalog, table_name, constraint_name) JOIN information_schema.columns AS c ON c.table_schema = tc.constraint_schema AND tc.table_name = c.table_name AND ccu.column_name = c.column_name WHERE constraint_type IN ('PRIMARY KEY', 'UNIQUE') AND c.table_catalog = $1$ AND c.table_schema = CURRENT_SCHEMA() AND c.table_name = $2$ AND constraint_type = $3$

2025/02/13 14:39:22 /home/bryan/repos/skripsi/backend/setup/setup.go:78
[2.228ms] [rows:-] SELECT c.column_name, constraint_name, constraint_type FROM information_schema.table_constraints tc JOIN information_schema.constraint_column_usage AS ccu USING (constraint_schema, constraint_catalog, table_name, constraint_name) JOIN information_schema.columns AS c ON c.table_schema = tc.constraint_schema AND tc.table_name = c.table_name AND ccu.column_name = c.column_name WHERE constraint_type IN ('PRIMARY KEY', 'UNIQUE') AND c.table_catalog = $1$ AND c.table_schema = CURRENT_SCHEMA() AND c.table_name = $2$

2025/02/13 14:39:22 /home/bryan/repos/skripsi/backend/setup/setup.go:78
[1.009ms] [rows:-] SELECT a.attname as column_name, format_type(a.atttypid, a.atttypmod) AS data_type
		FROM pg_attribute a JOIN pg_class b ON a.attrelid = b.oid AND relnamespace = (SELECT oid FROM pg_catalog.pg_namespace WHERE nspname = CURRENT_SCHEMA())
		WHERE a.attnum > 0 -- hide internal columns
		AND NOT a.attisdropped -- hide deleted columns
		AND b.relname = $1$

2025/02/13 14:39:22 /home/bryan/repos/skripsi/backend/setup/setup.go:78
[1.387ms] [rows:0] SELECT description FROM pg_catalog.pg_description WHERE objsubid = (SELECT ordinal_position FROM information_schema.columns WHERE table_schema = CURRENT_SCHEMA() AND table_name = 'species' AND column_name = 'id') AND objoid = (SELECT oid FROM pg_catalog.pg_class WHERE relname = 'species' AND relnamespace = (SELECT oid FROM pg_catalog.pg_namespace WHERE nspname = CURRENT_SCHEMA()))

2025/02/13 14:39:22 /home/bryan/repos/skripsi/backend/setup/setup.go:78
[1.479ms] [rows:0] SELECT description FROM pg_catalog.pg_description WHERE objsubid = (SELECT ordinal_position FROM information_schema.columns WHERE table_schema = CURRENT_SCHEMA() AND table_name = 'species' AND column_name = 'name') AND objoid = (SELECT oid FROM pg_catalog.pg_class WHERE relname = 'species' AND relnamespace = (SELECT oid FROM pg_catalog.pg_namespace WHERE nspname = CURRENT_SCHEMA()))

2025/02/13 14:39:22 /home/bryan/repos/skripsi/backend/setup/setup.go:78
[1.183ms] [rows:1] SELECT count(*) FROM information_schema.tables WHERE table_schema = CURRENT_SCHEMA() AND table_name = 'size_categories' AND table_type = 'BASE TABLE'

2025/02/13 14:39:22 /home/bryan/repos/skripsi/backend/setup/setup.go:78
[0.788ms] [rows:1] SELECT CURRENT_DATABASE()

2025/02/13 14:39:22 /home/bryan/repos/skripsi/backend/setup/setup.go:78
[3.362ms] [rows:-] SELECT c.column_name, c.is_nullable = 'YES', c.udt_name, c.character_maximum_length, c.numeric_precision, c.numeric_precision_radix, c.numeric_scale, c.datetime_precision, 8 * typlen, c.column_default, pd.description, c.identity_increment FROM information_schema.columns AS c JOIN pg_type AS pgt ON c.udt_name = pgt.typname LEFT JOIN pg_catalog.pg_description as pd ON pd.objsubid = c.ordinal_position AND pd.objoid = (SELECT oid FROM pg_catalog.pg_class WHERE relname = c.table_name AND relnamespace = (SELECT oid FROM pg_catalog.pg_namespace WHERE nspname = c.table_schema)) where table_catalog = $1$ AND table_schema = CURRENT_SCHEMA() AND table_name = $2$

2025/02/13 14:39:22 /home/bryan/repos/skripsi/backend/setup/setup.go:78
[0.888ms] [rows:-] SELECT * FROM "size_categories" LIMIT $1$

2025/02/13 14:39:22 /home/bryan/repos/skripsi/backend/setup/setup.go:78
[2.533ms] [rows:-] SELECT constraint_name FROM information_schema.table_constraints tc JOIN information_schema.constraint_column_usage AS ccu USING (constraint_schema, constraint_catalog, table_name, constraint_name) JOIN information_schema.columns AS c ON c.table_schema = tc.constraint_schema AND tc.table_name = c.table_name AND ccu.column_name = c.column_name WHERE constraint_type IN ('PRIMARY KEY', 'UNIQUE') AND c.table_catalog = $1$ AND c.table_schema = CURRENT_SCHEMA() AND c.table_name = $2$ AND constraint_type = $3$

2025/02/13 14:39:22 /home/bryan/repos/skripsi/backend/setup/setup.go:78
[2.697ms] [rows:-] SELECT c.column_name, constraint_name, constraint_type FROM information_schema.table_constraints tc JOIN information_schema.constraint_column_usage AS ccu USING (constraint_schema, constraint_catalog, table_name, constraint_name) JOIN information_schema.columns AS c ON c.table_schema = tc.constraint_schema AND tc.table_name = c.table_name AND ccu.column_name = c.column_name WHERE constraint_type IN ('PRIMARY KEY', 'UNIQUE') AND c.table_catalog = $1$ AND c.table_schema = CURRENT_SCHEMA() AND c.table_name = $2$

2025/02/13 14:39:22 /home/bryan/repos/skripsi/backend/setup/setup.go:78
[1.332ms] [rows:-] SELECT a.attname as column_name, format_type(a.atttypid, a.atttypmod) AS data_type
		FROM pg_attribute a JOIN pg_class b ON a.attrelid = b.oid AND relnamespace = (SELECT oid FROM pg_catalog.pg_namespace WHERE nspname = CURRENT_SCHEMA())
		WHERE a.attnum > 0 -- hide internal columns
		AND NOT a.attisdropped -- hide deleted columns
		AND b.relname = $1$

2025/02/13 14:39:22 /home/bryan/repos/skripsi/backend/setup/setup.go:78
[1.519ms] [rows:0] SELECT description FROM pg_catalog.pg_description WHERE objsubid = (SELECT ordinal_position FROM information_schema.columns WHERE table_schema = CURRENT_SCHEMA() AND table_name = 'size_categories' AND column_name = 'id') AND objoid = (SELECT oid FROM pg_catalog.pg_class WHERE relname = 'size_categories' AND relnamespace = (SELECT oid FROM pg_catalog.pg_namespace WHERE nspname = CURRENT_SCHEMA()))

2025/02/13 14:39:22 /home/bryan/repos/skripsi/backend/setup/setup.go:78
[1.530ms] [rows:0] SELECT description FROM pg_catalog.pg_description WHERE objsubid = (SELECT ordinal_position FROM information_schema.columns WHERE table_schema = CURRENT_SCHEMA() AND table_name = 'size_categories' AND column_name = 'name') AND objoid = (SELECT oid FROM pg_catalog.pg_class WHERE relname = 'size_categories' AND relnamespace = (SELECT oid FROM pg_catalog.pg_namespace WHERE nspname = CURRENT_SCHEMA()))

2025/02/13 14:39:22 /home/bryan/repos/skripsi/backend/setup/setup.go:78
[1.450ms] [rows:0] SELECT description FROM pg_catalog.pg_description WHERE objsubid = (SELECT ordinal_position FROM information_schema.columns WHERE table_schema = CURRENT_SCHEMA() AND table_name = 'size_categories' AND column_name = 'min_weight') AND objoid = (SELECT oid FROM pg_catalog.pg_class WHERE relname = 'size_categories' AND relnamespace = (SELECT oid FROM pg_catalog.pg_namespace WHERE nspname = CURRENT_SCHEMA()))

2025/02/13 14:39:22 /home/bryan/repos/skripsi/backend/setup/setup.go:78
[1.395ms] [rows:0] SELECT description FROM pg_catalog.pg_description WHERE objsubid = (SELECT ordinal_position FROM information_schema.columns WHERE table_schema = CURRENT_SCHEMA() AND table_name = 'size_categories' AND column_name = 'max_weight') AND objoid = (SELECT oid FROM pg_catalog.pg_class WHERE relname = 'size_categories' AND relnamespace = (SELECT oid FROM pg_catalog.pg_namespace WHERE nspname = CURRENT_SCHEMA()))

2025/02/13 14:39:22 /home/bryan/repos/skripsi/backend/setup/setup.go:78
[0.909ms] [rows:1] SELECT count(*) FROM information_schema.tables WHERE table_schema = CURRENT_SCHEMA() AND table_name = 'pets' AND table_type = 'BASE TABLE'

2025/02/13 14:39:22 /home/bryan/repos/skripsi/backend/setup/setup.go:78
[0.637ms] [rows:1] SELECT CURRENT_DATABASE()

2025/02/13 14:39:22 /home/bryan/repos/skripsi/backend/setup/setup.go:78
[3.516ms] [rows:-] SELECT c.column_name, c.is_nullable = 'YES', c.udt_name, c.character_maximum_length, c.numeric_precision, c.numeric_precision_radix, c.numeric_scale, c.datetime_precision, 8 * typlen, c.column_default, pd.description, c.identity_increment FROM information_schema.columns AS c JOIN pg_type AS pgt ON c.udt_name = pgt.typname LEFT JOIN pg_catalog.pg_description as pd ON pd.objsubid = c.ordinal_position AND pd.objoid = (SELECT oid FROM pg_catalog.pg_class WHERE relname = c.table_name AND relnamespace = (SELECT oid FROM pg_catalog.pg_namespace WHERE nspname = c.table_schema)) where table_catalog = $1$ AND table_schema = CURRENT_SCHEMA() AND table_name = $2$

2025/02/13 14:39:22 /home/bryan/repos/skripsi/backend/setup/setup.go:78
[0.820ms] [rows:-] SELECT * FROM "pets" LIMIT $1$

2025/02/13 14:39:22 /home/bryan/repos/skripsi/backend/setup/setup.go:78
[3.464ms] [rows:-] SELECT constraint_name FROM information_schema.table_constraints tc JOIN information_schema.constraint_column_usage AS ccu USING (constraint_schema, constraint_catalog, table_name, constraint_name) JOIN information_schema.columns AS c ON c.table_schema = tc.constraint_schema AND tc.table_name = c.table_name AND ccu.column_name = c.column_name WHERE constraint_type IN ('PRIMARY KEY', 'UNIQUE') AND c.table_catalog = $1$ AND c.table_schema = CURRENT_SCHEMA() AND c.table_name = $2$ AND constraint_type = $3$

2025/02/13 14:39:22 /home/bryan/repos/skripsi/backend/setup/setup.go:78
[3.837ms] [rows:-] SELECT c.column_name, constraint_name, constraint_type FROM information_schema.table_constraints tc JOIN information_schema.constraint_column_usage AS ccu USING (constraint_schema, constraint_catalog, table_name, constraint_name) JOIN information_schema.columns AS c ON c.table_schema = tc.constraint_schema AND tc.table_name = c.table_name AND ccu.column_name = c.column_name WHERE constraint_type IN ('PRIMARY KEY', 'UNIQUE') AND c.table_catalog = $1$ AND c.table_schema = CURRENT_SCHEMA() AND c.table_name = $2$

2025/02/13 14:39:22 /home/bryan/repos/skripsi/backend/setup/setup.go:78
[1.118ms] [rows:-] SELECT a.attname as column_name, format_type(a.atttypid, a.atttypmod) AS data_type
		FROM pg_attribute a JOIN pg_class b ON a.attrelid = b.oid AND relnamespace = (SELECT oid FROM pg_catalog.pg_namespace WHERE nspname = CURRENT_SCHEMA())
		WHERE a.attnum > 0 -- hide internal columns
		AND NOT a.attisdropped -- hide deleted columns
		AND b.relname = $1$

2025/02/13 14:39:22 /home/bryan/repos/skripsi/backend/setup/setup.go:78
[1.663ms] [rows:0] SELECT description FROM pg_catalog.pg_description WHERE objsubid = (SELECT ordinal_position FROM information_schema.columns WHERE table_schema = CURRENT_SCHEMA() AND table_name = 'pets' AND column_name = 'id') AND objoid = (SELECT oid FROM pg_catalog.pg_class WHERE relname = 'pets' AND relnamespace = (SELECT oid FROM pg_catalog.pg_namespace WHERE nspname = CURRENT_SCHEMA()))

2025/02/13 14:39:22 /home/bryan/repos/skripsi/backend/setup/setup.go:78
[1.633ms] [rows:0] SELECT description FROM pg_catalog.pg_description WHERE objsubid = (SELECT ordinal_position FROM information_schema.columns WHERE table_schema = CURRENT_SCHEMA() AND table_name = 'pets' AND column_name = 'created_at') AND objoid = (SELECT oid FROM pg_catalog.pg_class WHERE relname = 'pets' AND relnamespace = (SELECT oid FROM pg_catalog.pg_namespace WHERE nspname = CURRENT_SCHEMA()))

2025/02/13 14:39:22 /home/bryan/repos/skripsi/backend/setup/setup.go:78
[1.751ms] [rows:0] SELECT description FROM pg_catalog.pg_description WHERE objsubid = (SELECT ordinal_position FROM information_schema.columns WHERE table_schema = CURRENT_SCHEMA() AND table_name = 'pets' AND column_name = 'updated_at') AND objoid = (SELECT oid FROM pg_catalog.pg_class WHERE relname = 'pets' AND relnamespace = (SELECT oid FROM pg_catalog.pg_namespace WHERE nspname = CURRENT_SCHEMA()))

2025/02/13 14:39:22 /home/bryan/repos/skripsi/backend/setup/setup.go:78
[1.891ms] [rows:0] SELECT description FROM pg_catalog.pg_description WHERE objsubid = (SELECT ordinal_position FROM information_schema.columns WHERE table_schema = CURRENT_SCHEMA() AND table_name = 'pets' AND column_name = 'deleted_at') AND objoid = (SELECT oid FROM pg_catalog.pg_class WHERE relname = 'pets' AND relnamespace = (SELECT oid FROM pg_catalog.pg_namespace WHERE nspname = CURRENT_SCHEMA()))

2025/02/13 14:39:22 /home/bryan/repos/skripsi/backend/setup/setup.go:78
[2.027ms] [rows:0] SELECT description FROM pg_catalog.pg_description WHERE objsubid = (SELECT ordinal_position FROM information_schema.columns WHERE table_schema = CURRENT_SCHEMA() AND table_name = 'pets' AND column_name = 'name') AND objoid = (SELECT oid FROM pg_catalog.pg_class WHERE relname = 'pets' AND relnamespace = (SELECT oid FROM pg_catalog.pg_namespace WHERE nspname = CURRENT_SCHEMA()))

2025/02/13 14:39:22 /home/bryan/repos/skripsi/backend/setup/setup.go:78
[2.093ms] [rows:0] SELECT description FROM pg_catalog.pg_description WHERE objsubid = (SELECT ordinal_position FROM information_schema.columns WHERE table_schema = CURRENT_SCHEMA() AND table_name = 'pets' AND column_name = 'image_url') AND objoid = (SELECT oid FROM pg_catalog.pg_class WHERE relname = 'pets' AND relnamespace = (SELECT oid FROM pg_catalog.pg_namespace WHERE nspname = CURRENT_SCHEMA()))

2025/02/13 14:39:22 /home/bryan/repos/skripsi/backend/setup/setup.go:78
[2.002ms] [rows:0] SELECT description FROM pg_catalog.pg_description WHERE objsubid = (SELECT ordinal_position FROM information_schema.columns WHERE table_schema = CURRENT_SCHEMA() AND table_name = 'pets' AND column_name = 'status') AND objoid = (SELECT oid FROM pg_catalog.pg_class WHERE relname = 'pets' AND relnamespace = (SELECT oid FROM pg_catalog.pg_namespace WHERE nspname = CURRENT_SCHEMA()))

2025/02/13 14:39:22 /home/bryan/repos/skripsi/backend/setup/setup.go:78
[2.127ms] [rows:0] SELECT description FROM pg_catalog.pg_description WHERE objsubid = (SELECT ordinal_position FROM information_schema.columns WHERE table_schema = CURRENT_SCHEMA() AND table_name = 'pets' AND column_name = 'owner_id') AND objoid = (SELECT oid FROM pg_catalog.pg_class WHERE relname = 'pets' AND relnamespace = (SELECT oid FROM pg_catalog.pg_namespace WHERE nspname = CURRENT_SCHEMA()))

2025/02/13 14:39:22 /home/bryan/repos/skripsi/backend/setup/setup.go:78
[1.953ms] [rows:0] SELECT description FROM pg_catalog.pg_description WHERE objsubid = (SELECT ordinal_position FROM information_schema.columns WHERE table_schema = CURRENT_SCHEMA() AND table_name = 'pets' AND column_name = 'species_id') AND objoid = (SELECT oid FROM pg_catalog.pg_class WHERE relname = 'pets' AND relnamespace = (SELECT oid FROM pg_catalog.pg_namespace WHERE nspname = CURRENT_SCHEMA()))

2025/02/13 14:39:22 /home/bryan/repos/skripsi/backend/setup/setup.go:78
[2.063ms] [rows:0] SELECT description FROM pg_catalog.pg_description WHERE objsubid = (SELECT ordinal_position FROM information_schema.columns WHERE table_schema = CURRENT_SCHEMA() AND table_name = 'pets' AND column_name = 'size_id') AND objoid = (SELECT oid FROM pg_catalog.pg_class WHERE relname = 'pets' AND relnamespace = (SELECT oid FROM pg_catalog.pg_namespace WHERE nspname = CURRENT_SCHEMA()))

2025/02/13 14:39:22 /home/bryan/repos/skripsi/backend/setup/setup.go:78
[1.742ms] [rows:1] SELECT count(*) FROM INFORMATION_SCHEMA.table_constraints WHERE table_schema = CURRENT_SCHEMA() AND table_name = 'pets' AND constraint_name = 'fk_pets_species'

2025/02/13 14:39:22 /home/bryan/repos/skripsi/backend/setup/setup.go:78
[1.639ms] [rows:1] SELECT count(*) FROM INFORMATION_SCHEMA.table_constraints WHERE table_schema = CURRENT_SCHEMA() AND table_name = 'pets' AND constraint_name = 'fk_pets_size_category'

2025/02/13 14:39:22 /home/bryan/repos/skripsi/backend/setup/setup.go:78
[1.648ms] [rows:1] SELECT count(*) FROM INFORMATION_SCHEMA.table_constraints WHERE table_schema = CURRENT_SCHEMA() AND table_name = 'pets' AND constraint_name = 'fk_users_pets'

2025/02/13 14:39:22 /home/bryan/repos/skripsi/backend/setup/setup.go:78
[3.763ms] [rows:1] SELECT count(*) FROM pg_indexes WHERE tablename = 'pets' AND indexname = 'idx_pets_deleted_at' AND schemaname = CURRENT_SCHEMA()

2025/02/13 14:39:22 /home/bryan/repos/skripsi/backend/setup/setup.go:78
[1.448ms] [rows:1] SELECT count(*) FROM information_schema.tables WHERE table_schema = CURRENT_SCHEMA() AND table_name = 'slots' AND table_type = 'BASE TABLE'

2025/02/13 14:39:22 /home/bryan/repos/skripsi/backend/setup/setup.go:78
[1.033ms] [rows:1] SELECT CURRENT_DATABASE()

2025/02/13 14:39:22 /home/bryan/repos/skripsi/backend/setup/setup.go:78
[4.622ms] [rows:-] SELECT c.column_name, c.is_nullable = 'YES', c.udt_name, c.character_maximum_length, c.numeric_precision, c.numeric_precision_radix, c.numeric_scale, c.datetime_precision, 8 * typlen, c.column_default, pd.description, c.identity_increment FROM information_schema.columns AS c JOIN pg_type AS pgt ON c.udt_name = pgt.typname LEFT JOIN pg_catalog.pg_description as pd ON pd.objsubid = c.ordinal_position AND pd.objoid = (SELECT oid FROM pg_catalog.pg_class WHERE relname = c.table_name AND relnamespace = (SELECT oid FROM pg_catalog.pg_namespace WHERE nspname = c.table_schema)) where table_catalog = $1$ AND table_schema = CURRENT_SCHEMA() AND table_name = $2$

2025/02/13 14:39:22 /home/bryan/repos/skripsi/backend/setup/setup.go:78
[1.370ms] [rows:-] SELECT * FROM "slots" LIMIT $1$

2025/02/13 14:39:22 /home/bryan/repos/skripsi/backend/setup/setup.go:78
[3.960ms] [rows:-] SELECT constraint_name FROM information_schema.table_constraints tc JOIN information_schema.constraint_column_usage AS ccu USING (constraint_schema, constraint_catalog, table_name, constraint_name) JOIN information_schema.columns AS c ON c.table_schema = tc.constraint_schema AND tc.table_name = c.table_name AND ccu.column_name = c.column_name WHERE constraint_type IN ('PRIMARY KEY', 'UNIQUE') AND c.table_catalog = $1$ AND c.table_schema = CURRENT_SCHEMA() AND c.table_name = $2$ AND constraint_type = $3$

2025/02/13 14:39:22 /home/bryan/repos/skripsi/backend/setup/setup.go:78
[3.979ms] [rows:-] SELECT c.column_name, constraint_name, constraint_type FROM information_schema.table_constraints tc JOIN information_schema.constraint_column_usage AS ccu USING (constraint_schema, constraint_catalog, table_name, constraint_name) JOIN information_schema.columns AS c ON c.table_schema = tc.constraint_schema AND tc.table_name = c.table_name AND ccu.column_name = c.column_name WHERE constraint_type IN ('PRIMARY KEY', 'UNIQUE') AND c.table_catalog = $1$ AND c.table_schema = CURRENT_SCHEMA() AND c.table_name = $2$

2025/02/13 14:39:22 /home/bryan/repos/skripsi/backend/setup/setup.go:78
[1.500ms] [rows:-] SELECT a.attname as column_name, format_type(a.atttypid, a.atttypmod) AS data_type
		FROM pg_attribute a JOIN pg_class b ON a.attrelid = b.oid AND relnamespace = (SELECT oid FROM pg_catalog.pg_namespace WHERE nspname = CURRENT_SCHEMA())
		WHERE a.attnum > 0 -- hide internal columns
		AND NOT a.attisdropped -- hide deleted columns
		AND b.relname = $1$

2025/02/13 14:39:22 /home/bryan/repos/skripsi/backend/setup/setup.go:78
[2.134ms] [rows:0] SELECT description FROM pg_catalog.pg_description WHERE objsubid = (SELECT ordinal_position FROM information_schema.columns WHERE table_schema = CURRENT_SCHEMA() AND table_name = 'slots' AND column_name = 'id') AND objoid = (SELECT oid FROM pg_catalog.pg_class WHERE relname = 'slots' AND relnamespace = (SELECT oid FROM pg_catalog.pg_namespace WHERE nspname = CURRENT_SCHEMA()))

2025/02/13 14:39:22 /home/bryan/repos/skripsi/backend/setup/setup.go:78
[2.115ms] [rows:0] SELECT description FROM pg_catalog.pg_description WHERE objsubid = (SELECT ordinal_position FROM information_schema.columns WHERE table_schema = CURRENT_SCHEMA() AND table_name = 'slots' AND column_name = 'created_at') AND objoid = (SELECT oid FROM pg_catalog.pg_class WHERE relname = 'slots' AND relnamespace = (SELECT oid FROM pg_catalog.pg_namespace WHERE nspname = CURRENT_SCHEMA()))

2025/02/13 14:39:22 /home/bryan/repos/skripsi/backend/setup/setup.go:78
[2.036ms] [rows:0] SELECT description FROM pg_catalog.pg_description WHERE objsubid = (SELECT ordinal_position FROM information_schema.columns WHERE table_schema = CURRENT_SCHEMA() AND table_name = 'slots' AND column_name = 'updated_at') AND objoid = (SELECT oid FROM pg_catalog.pg_class WHERE relname = 'slots' AND relnamespace = (SELECT oid FROM pg_catalog.pg_namespace WHERE nspname = CURRENT_SCHEMA()))

2025/02/13 14:39:22 /home/bryan/repos/skripsi/backend/setup/setup.go:78
[2.197ms] [rows:0] SELECT description FROM pg_catalog.pg_description WHERE objsubid = (SELECT ordinal_position FROM information_schema.columns WHERE table_schema = CURRENT_SCHEMA() AND table_name = 'slots' AND column_name = 'deleted_at') AND objoid = (SELECT oid FROM pg_catalog.pg_class WHERE relname = 'slots' AND relnamespace = (SELECT oid FROM pg_catalog.pg_namespace WHERE nspname = CURRENT_SCHEMA()))

2025/02/13 14:39:22 /home/bryan/repos/skripsi/backend/setup/setup.go:78
[2.184ms] [rows:0] SELECT description FROM pg_catalog.pg_description WHERE objsubid = (SELECT ordinal_position FROM information_schema.columns WHERE table_schema = CURRENT_SCHEMA() AND table_name = 'slots' AND column_name = 'daycare_id') AND objoid = (SELECT oid FROM pg_catalog.pg_class WHERE relname = 'slots' AND relnamespace = (SELECT oid FROM pg_catalog.pg_namespace WHERE nspname = CURRENT_SCHEMA()))

2025/02/13 14:39:22 /home/bryan/repos/skripsi/backend/setup/setup.go:78
[2.256ms] [rows:0] SELECT description FROM pg_catalog.pg_description WHERE objsubid = (SELECT ordinal_position FROM information_schema.columns WHERE table_schema = CURRENT_SCHEMA() AND table_name = 'slots' AND column_name = 'species_id') AND objoid = (SELECT oid FROM pg_catalog.pg_class WHERE relname = 'slots' AND relnamespace = (SELECT oid FROM pg_catalog.pg_namespace WHERE nspname = CURRENT_SCHEMA()))

2025/02/13 14:39:22 /home/bryan/repos/skripsi/backend/setup/setup.go:78
[2.197ms] [rows:0] SELECT description FROM pg_catalog.pg_description WHERE objsubid = (SELECT ordinal_position FROM information_schema.columns WHERE table_schema = CURRENT_SCHEMA() AND table_name = 'slots' AND column_name = 'size_category_id') AND objoid = (SELECT oid FROM pg_catalog.pg_class WHERE relname = 'slots' AND relnamespace = (SELECT oid FROM pg_catalog.pg_namespace WHERE nspname = CURRENT_SCHEMA()))

2025/02/13 14:39:22 /home/bryan/repos/skripsi/backend/setup/setup.go:78
[2.050ms] [rows:0] SELECT description FROM pg_catalog.pg_description WHERE objsubid = (SELECT ordinal_position FROM information_schema.columns WHERE table_schema = CURRENT_SCHEMA() AND table_name = 'slots' AND column_name = 'max_number') AND objoid = (SELECT oid FROM pg_catalog.pg_class WHERE relname = 'slots' AND relnamespace = (SELECT oid FROM pg_catalog.pg_namespace WHERE nspname = CURRENT_SCHEMA()))

2025/02/13 14:39:22 /home/bryan/repos/skripsi/backend/setup/setup.go:78
[1.813ms] [rows:1] SELECT count(*) FROM INFORMATION_SCHEMA.table_constraints WHERE table_schema = CURRENT_SCHEMA() AND table_name = 'slots' AND constraint_name = 'fk_pet_daycares_slots'

2025/02/13 14:39:22 /home/bryan/repos/skripsi/backend/setup/setup.go:78
[3.756ms] [rows:1] SELECT count(*) FROM pg_indexes WHERE tablename = 'slots' AND indexname = 'idx_slots_deleted_at' AND schemaname = CURRENT_SCHEMA()

2025/02/13 14:39:22 /home/bryan/repos/skripsi/backend/setup/setup.go:78
[1.417ms] [rows:1] SELECT count(*) FROM information_schema.tables WHERE table_schema = CURRENT_SCHEMA() AND table_name = 'booked_slots' AND table_type = 'BASE TABLE'

2025/02/13 14:39:22 /home/bryan/repos/skripsi/backend/setup/setup.go:78
[1.122ms] [rows:1] SELECT CURRENT_DATABASE()

2025/02/13 14:39:22 /home/bryan/repos/skripsi/backend/setup/setup.go:78
[5.013ms] [rows:-] SELECT c.column_name, c.is_nullable = 'YES', c.udt_name, c.character_maximum_length, c.numeric_precision, c.numeric_precision_radix, c.numeric_scale, c.datetime_precision, 8 * typlen, c.column_default, pd.description, c.identity_increment FROM information_schema.columns AS c JOIN pg_type AS pgt ON c.udt_name = pgt.typname LEFT JOIN pg_catalog.pg_description as pd ON pd.objsubid = c.ordinal_position AND pd.objoid = (SELECT oid FROM pg_catalog.pg_class WHERE relname = c.table_name AND relnamespace = (SELECT oid FROM pg_catalog.pg_namespace WHERE nspname = c.table_schema)) where table_catalog = $1$ AND table_schema = CURRENT_SCHEMA() AND table_name = $2$

2025/02/13 14:39:22 /home/bryan/repos/skripsi/backend/setup/setup.go:78
[1.303ms] [rows:-] SELECT * FROM "booked_slots" LIMIT $1$

2025/02/13 14:39:22 /home/bryan/repos/skripsi/backend/setup/setup.go:78
[4.704ms] [rows:-] SELECT constraint_name FROM information_schema.table_constraints tc JOIN information_schema.constraint_column_usage AS ccu USING (constraint_schema, constraint_catalog, table_name, constraint_name) JOIN information_schema.columns AS c ON c.table_schema = tc.constraint_schema AND tc.table_name = c.table_name AND ccu.column_name = c.column_name WHERE constraint_type IN ('PRIMARY KEY', 'UNIQUE') AND c.table_catalog = $1$ AND c.table_schema = CURRENT_SCHEMA() AND c.table_name = $2$ AND constraint_type = $3$

2025/02/13 14:39:22 /home/bryan/repos/skripsi/backend/setup/setup.go:78
[6.032ms] [rows:-] SELECT c.column_name, constraint_name, constraint_type FROM information_schema.table_constraints tc JOIN information_schema.constraint_column_usage AS ccu USING (constraint_schema, constraint_catalog, table_name, constraint_name) JOIN information_schema.columns AS c ON c.table_schema = tc.constraint_schema AND tc.table_name = c.table_name AND ccu.column_name = c.column_name WHERE constraint_type IN ('PRIMARY KEY', 'UNIQUE') AND c.table_catalog = $1$ AND c.table_schema = CURRENT_SCHEMA() AND c.table_name = $2$

2025/02/13 14:39:22 /home/bryan/repos/skripsi/backend/setup/setup.go:78
[2.049ms] [rows:-] SELECT a.attname as column_name, format_type(a.atttypid, a.atttypmod) AS data_type
		FROM pg_attribute a JOIN pg_class b ON a.attrelid = b.oid AND relnamespace = (SELECT oid FROM pg_catalog.pg_namespace WHERE nspname = CURRENT_SCHEMA())
		WHERE a.attnum > 0 -- hide internal columns
		AND NOT a.attisdropped -- hide deleted columns
		AND b.relname = $1$

2025/02/13 14:39:22 /home/bryan/repos/skripsi/backend/setup/setup.go:78
[4.006ms] [rows:0] SELECT description FROM pg_catalog.pg_description WHERE objsubid = (SELECT ordinal_position FROM information_schema.columns WHERE table_schema = CURRENT_SCHEMA() AND table_name = 'booked_slots' AND column_name = 'id') AND objoid = (SELECT oid FROM pg_catalog.pg_class WHERE relname = 'booked_slots' AND relnamespace = (SELECT oid FROM pg_catalog.pg_namespace WHERE nspname = CURRENT_SCHEMA()))

2025/02/13 14:39:22 /home/bryan/repos/skripsi/backend/setup/setup.go:78
[4.127ms] [rows:0] SELECT description FROM pg_catalog.pg_description WHERE objsubid = (SELECT ordinal_position FROM information_schema.columns WHERE table_schema = CURRENT_SCHEMA() AND table_name = 'booked_slots' AND column_name = 'created_at') AND objoid = (SELECT oid FROM pg_catalog.pg_class WHERE relname = 'booked_slots' AND relnamespace = (SELECT oid FROM pg_catalog.pg_namespace WHERE nspname = CURRENT_SCHEMA()))

2025/02/13 14:39:22 /home/bryan/repos/skripsi/backend/setup/setup.go:78
[4.531ms] [rows:0] SELECT description FROM pg_catalog.pg_description WHERE objsubid = (SELECT ordinal_position FROM information_schema.columns WHERE table_schema = CURRENT_SCHEMA() AND table_name = 'booked_slots' AND column_name = 'updated_at') AND objoid = (SELECT oid FROM pg_catalog.pg_class WHERE relname = 'booked_slots' AND relnamespace = (SELECT oid FROM pg_catalog.pg_namespace WHERE nspname = CURRENT_SCHEMA()))

2025/02/13 14:39:22 /home/bryan/repos/skripsi/backend/setup/setup.go:78
[4.513ms] [rows:0] SELECT description FROM pg_catalog.pg_description WHERE objsubid = (SELECT ordinal_position FROM information_schema.columns WHERE table_schema = CURRENT_SCHEMA() AND table_name = 'booked_slots' AND column_name = 'deleted_at') AND objoid = (SELECT oid FROM pg_catalog.pg_class WHERE relname = 'booked_slots' AND relnamespace = (SELECT oid FROM pg_catalog.pg_namespace WHERE nspname = CURRENT_SCHEMA()))

2025/02/13 14:39:22 /home/bryan/repos/skripsi/backend/setup/setup.go:78
[3.963ms] [rows:0] SELECT description FROM pg_catalog.pg_description WHERE objsubid = (SELECT ordinal_position FROM information_schema.columns WHERE table_schema = CURRENT_SCHEMA() AND table_name = 'booked_slots' AND column_name = 'user_id') AND objoid = (SELECT oid FROM pg_catalog.pg_class WHERE relname = 'booked_slots' AND relnamespace = (SELECT oid FROM pg_catalog.pg_namespace WHERE nspname = CURRENT_SCHEMA()))

2025/02/13 14:39:22 /home/bryan/repos/skripsi/backend/setup/setup.go:78
[3.646ms] [rows:0] SELECT description FROM pg_catalog.pg_description WHERE objsubid = (SELECT ordinal_position FROM information_schema.columns WHERE table_schema = CURRENT_SCHEMA() AND table_name = 'booked_slots' AND column_name = 'daycare_id') AND objoid = (SELECT oid FROM pg_catalog.pg_class WHERE relname = 'booked_slots' AND relnamespace = (SELECT oid FROM pg_catalog.pg_namespace WHERE nspname = CURRENT_SCHEMA()))

2025/02/13 14:39:22 /home/bryan/repos/skripsi/backend/setup/setup.go:78
[3.211ms] [rows:0] SELECT description FROM pg_catalog.pg_description WHERE objsubid = (SELECT ordinal_position FROM information_schema.columns WHERE table_schema = CURRENT_SCHEMA() AND table_name = 'booked_slots' AND column_name = 'pet_id') AND objoid = (SELECT oid FROM pg_catalog.pg_class WHERE relname = 'booked_slots' AND relnamespace = (SELECT oid FROM pg_catalog.pg_namespace WHERE nspname = CURRENT_SCHEMA()))

2025/02/13 14:39:22 /home/bryan/repos/skripsi/backend/setup/setup.go:78
[3.358ms] [rows:0] SELECT description FROM pg_catalog.pg_description WHERE objsubid = (SELECT ordinal_position FROM information_schema.columns WHERE table_schema = CURRENT_SCHEMA() AND table_name = 'booked_slots' AND column_name = 'start_date') AND objoid = (SELECT oid FROM pg_catalog.pg_class WHERE relname = 'booked_slots' AND relnamespace = (SELECT oid FROM pg_catalog.pg_namespace WHERE nspname = CURRENT_SCHEMA()))

2025/02/13 14:39:22 /home/bryan/repos/skripsi/backend/setup/setup.go:78
[3.635ms] [rows:0] SELECT description FROM pg_catalog.pg_description WHERE objsubid = (SELECT ordinal_position FROM information_schema.columns WHERE table_schema = CURRENT_SCHEMA() AND table_name = 'booked_slots' AND column_name = 'end_date') AND objoid = (SELECT oid FROM pg_catalog.pg_class WHERE relname = 'booked_slots' AND relnamespace = (SELECT oid FROM pg_catalog.pg_namespace WHERE nspname = CURRENT_SCHEMA()))

2025/02/13 14:39:22 /home/bryan/repos/skripsi/backend/setup/setup.go:78
[3.028ms] [rows:1] SELECT count(*) FROM INFORMATION_SCHEMA.table_constraints WHERE table_schema = CURRENT_SCHEMA() AND table_name = 'booked_slots' AND constraint_name = 'fk_booked_slots_user'

2025/02/13 14:39:22 /home/bryan/repos/skripsi/backend/setup/setup.go:78
[2.693ms] [rows:1] SELECT count(*) FROM INFORMATION_SCHEMA.table_constraints WHERE table_schema = CURRENT_SCHEMA() AND table_name = 'booked_slots' AND constraint_name = 'fk_pets_booked_slots'

2025/02/13 14:39:22 /home/bryan/repos/skripsi/backend/setup/setup.go:78
[2.979ms] [rows:1] SELECT count(*) FROM INFORMATION_SCHEMA.table_constraints WHERE table_schema = CURRENT_SCHEMA() AND table_name = 'booked_slots' AND constraint_name = 'fk_pet_daycares_booked_slots'

2025/02/13 14:39:22 /home/bryan/repos/skripsi/backend/setup/setup.go:78
[6.262ms] [rows:1] SELECT count(*) FROM pg_indexes WHERE tablename = 'booked_slots' AND indexname = 'idx_booked_slots_deleted_at' AND schemaname = CURRENT_SCHEMA()

2025/02/13 14:39:22 /home/bryan/repos/skripsi/backend/setup/setup.go:78
[2.577ms] [rows:1] SELECT count(*) FROM information_schema.tables WHERE table_schema = CURRENT_SCHEMA() AND table_name = 'thumbnails' AND table_type = 'BASE TABLE'

2025/02/13 14:39:22 /home/bryan/repos/skripsi/backend/setup/setup.go:78
[1.936ms] [rows:1] SELECT CURRENT_DATABASE()

2025/02/13 14:39:23 /home/bryan/repos/skripsi/backend/setup/setup.go:78
[7.309ms] [rows:-] SELECT c.column_name, c.is_nullable = 'YES', c.udt_name, c.character_maximum_length, c.numeric_precision, c.numeric_precision_radix, c.numeric_scale, c.datetime_precision, 8 * typlen, c.column_default, pd.description, c.identity_increment FROM information_schema.columns AS c JOIN pg_type AS pgt ON c.udt_name = pgt.typname LEFT JOIN pg_catalog.pg_description as pd ON pd.objsubid = c.ordinal_position AND pd.objoid = (SELECT oid FROM pg_catalog.pg_class WHERE relname = c.table_name AND relnamespace = (SELECT oid FROM pg_catalog.pg_namespace WHERE nspname = c.table_schema)) where table_catalog = $1$ AND table_schema = CURRENT_SCHEMA() AND table_name = $2$

2025/02/13 14:39:23 /home/bryan/repos/skripsi/backend/setup/setup.go:78
[2.420ms] [rows:-] SELECT * FROM "thumbnails" LIMIT $1$

2025/02/13 14:39:23 /home/bryan/repos/skripsi/backend/setup/setup.go:78
[5.837ms] [rows:-] SELECT constraint_name FROM information_schema.table_constraints tc JOIN information_schema.constraint_column_usage AS ccu USING (constraint_schema, constraint_catalog, table_name, constraint_name) JOIN information_schema.columns AS c ON c.table_schema = tc.constraint_schema AND tc.table_name = c.table_name AND ccu.column_name = c.column_name WHERE constraint_type IN ('PRIMARY KEY', 'UNIQUE') AND c.table_catalog = $1$ AND c.table_schema = CURRENT_SCHEMA() AND c.table_name = $2$ AND constraint_type = $3$

2025/02/13 14:39:23 /home/bryan/repos/skripsi/backend/setup/setup.go:78
[5.334ms] [rows:-] SELECT c.column_name, constraint_name, constraint_type FROM information_schema.table_constraints tc JOIN information_schema.constraint_column_usage AS ccu USING (constraint_schema, constraint_catalog, table_name, constraint_name) JOIN information_schema.columns AS c ON c.table_schema = tc.constraint_schema AND tc.table_name = c.table_name AND ccu.column_name = c.column_name WHERE constraint_type IN ('PRIMARY KEY', 'UNIQUE') AND c.table_catalog = $1$ AND c.table_schema = CURRENT_SCHEMA() AND c.table_name = $2$

2025/02/13 14:39:23 /home/bryan/repos/skripsi/backend/setup/setup.go:78
[2.220ms] [rows:-] SELECT a.attname as column_name, format_type(a.atttypid, a.atttypmod) AS data_type
		FROM pg_attribute a JOIN pg_class b ON a.attrelid = b.oid AND relnamespace = (SELECT oid FROM pg_catalog.pg_namespace WHERE nspname = CURRENT_SCHEMA())
		WHERE a.attnum > 0 -- hide internal columns
		AND NOT a.attisdropped -- hide deleted columns
		AND b.relname = $1$

2025/02/13 14:39:23 /home/bryan/repos/skripsi/backend/setup/setup.go:78
[3.597ms] [rows:0] SELECT description FROM pg_catalog.pg_description WHERE objsubid = (SELECT ordinal_position FROM information_schema.columns WHERE table_schema = CURRENT_SCHEMA() AND table_name = 'thumbnails' AND column_name = 'id') AND objoid = (SELECT oid FROM pg_catalog.pg_class WHERE relname = 'thumbnails' AND relnamespace = (SELECT oid FROM pg_catalog.pg_namespace WHERE nspname = CURRENT_SCHEMA()))

2025/02/13 14:39:23 /home/bryan/repos/skripsi/backend/setup/setup.go:78
[3.913ms] [rows:0] SELECT description FROM pg_catalog.pg_description WHERE objsubid = (SELECT ordinal_position FROM information_schema.columns WHERE table_schema = CURRENT_SCHEMA() AND table_name = 'thumbnails' AND column_name = 'daycare_id') AND objoid = (SELECT oid FROM pg_catalog.pg_class WHERE relname = 'thumbnails' AND relnamespace = (SELECT oid FROM pg_catalog.pg_namespace WHERE nspname = CURRENT_SCHEMA()))

2025/02/13 14:39:23 /home/bryan/repos/skripsi/backend/setup/setup.go:78
[3.599ms] [rows:0] SELECT description FROM pg_catalog.pg_description WHERE objsubid = (SELECT ordinal_position FROM information_schema.columns WHERE table_schema = CURRENT_SCHEMA() AND table_name = 'thumbnails' AND column_name = 'image_url') AND objoid = (SELECT oid FROM pg_catalog.pg_class WHERE relname = 'thumbnails' AND relnamespace = (SELECT oid FROM pg_catalog.pg_namespace WHERE nspname = CURRENT_SCHEMA()))

2025/02/13 14:39:23 /home/bryan/repos/skripsi/backend/setup/setup.go:78
[3.010ms] [rows:1] SELECT count(*) FROM INFORMATION_SCHEMA.table_constraints WHERE table_schema = CURRENT_SCHEMA() AND table_name = 'thumbnails' AND constraint_name = 'fk_pet_daycares_thumbnails'

2025/02/13 14:39:23 /home/bryan/repos/skripsi/backend/setup/setup.go:78
[2.469ms] [rows:1] SELECT count(*) FROM information_schema.tables WHERE table_schema = CURRENT_SCHEMA() AND table_name = 'reviews' AND table_type = 'BASE TABLE'

2025/02/13 14:39:23 /home/bryan/repos/skripsi/backend/setup/setup.go:78
[2.159ms] [rows:1] SELECT CURRENT_DATABASE()

2025/02/13 14:39:23 /home/bryan/repos/skripsi/backend/setup/setup.go:78
[8.410ms] [rows:-] SELECT c.column_name, c.is_nullable = 'YES', c.udt_name, c.character_maximum_length, c.numeric_precision, c.numeric_precision_radix, c.numeric_scale, c.datetime_precision, 8 * typlen, c.column_default, pd.description, c.identity_increment FROM information_schema.columns AS c JOIN pg_type AS pgt ON c.udt_name = pgt.typname LEFT JOIN pg_catalog.pg_description as pd ON pd.objsubid = c.ordinal_position AND pd.objoid = (SELECT oid FROM pg_catalog.pg_class WHERE relname = c.table_name AND relnamespace = (SELECT oid FROM pg_catalog.pg_namespace WHERE nspname = c.table_schema)) where table_catalog = $1$ AND table_schema = CURRENT_SCHEMA() AND table_name = $2$

2025/02/13 14:39:23 /home/bryan/repos/skripsi/backend/setup/setup.go:78
[2.328ms] [rows:-] SELECT * FROM "reviews" LIMIT $1$

2025/02/13 14:39:23 /home/bryan/repos/skripsi/backend/setup/setup.go:78
[6.797ms] [rows:-] SELECT constraint_name FROM information_schema.table_constraints tc JOIN information_schema.constraint_column_usage AS ccu USING (constraint_schema, constraint_catalog, table_name, constraint_name) JOIN information_schema.columns AS c ON c.table_schema = tc.constraint_schema AND tc.table_name = c.table_name AND ccu.column_name = c.column_name WHERE constraint_type IN ('PRIMARY KEY', 'UNIQUE') AND c.table_catalog = $1$ AND c.table_schema = CURRENT_SCHEMA() AND c.table_name = $2$ AND constraint_type = $3$

2025/02/13 14:39:23 /home/bryan/repos/skripsi/backend/setup/setup.go:78
[6.824ms] [rows:-] SELECT c.column_name, constraint_name, constraint_type FROM information_schema.table_constraints tc JOIN information_schema.constraint_column_usage AS ccu USING (constraint_schema, constraint_catalog, table_name, constraint_name) JOIN information_schema.columns AS c ON c.table_schema = tc.constraint_schema AND tc.table_name = c.table_name AND ccu.column_name = c.column_name WHERE constraint_type IN ('PRIMARY KEY', 'UNIQUE') AND c.table_catalog = $1$ AND c.table_schema = CURRENT_SCHEMA() AND c.table_name = $2$

2025/02/13 14:39:23 /home/bryan/repos/skripsi/backend/setup/setup.go:78
[2.027ms] [rows:-] SELECT a.attname as column_name, format_type(a.atttypid, a.atttypmod) AS data_type
		FROM pg_attribute a JOIN pg_class b ON a.attrelid = b.oid AND relnamespace = (SELECT oid FROM pg_catalog.pg_namespace WHERE nspname = CURRENT_SCHEMA())
		WHERE a.attnum > 0 -- hide internal columns
		AND NOT a.attisdropped -- hide deleted columns
		AND b.relname = $1$

2025/02/13 14:39:23 /home/bryan/repos/skripsi/backend/setup/setup.go:78
[3.065ms] [rows:0] SELECT description FROM pg_catalog.pg_description WHERE objsubid = (SELECT ordinal_position FROM information_schema.columns WHERE table_schema = CURRENT_SCHEMA() AND table_name = 'reviews' AND column_name = 'id') AND objoid = (SELECT oid FROM pg_catalog.pg_class WHERE relname = 'reviews' AND relnamespace = (SELECT oid FROM pg_catalog.pg_namespace WHERE nspname = CURRENT_SCHEMA()))

2025/02/13 14:39:23 /home/bryan/repos/skripsi/backend/setup/setup.go:78
[2.914ms] [rows:0] SELECT description FROM pg_catalog.pg_description WHERE objsubid = (SELECT ordinal_position FROM information_schema.columns WHERE table_schema = CURRENT_SCHEMA() AND table_name = 'reviews' AND column_name = 'created_at') AND objoid = (SELECT oid FROM pg_catalog.pg_class WHERE relname = 'reviews' AND relnamespace = (SELECT oid FROM pg_catalog.pg_namespace WHERE nspname = CURRENT_SCHEMA()))

2025/02/13 14:39:23 /home/bryan/repos/skripsi/backend/setup/setup.go:78
[3.026ms] [rows:0] SELECT description FROM pg_catalog.pg_description WHERE objsubid = (SELECT ordinal_position FROM information_schema.columns WHERE table_schema = CURRENT_SCHEMA() AND table_name = 'reviews' AND column_name = 'updated_at') AND objoid = (SELECT oid FROM pg_catalog.pg_class WHERE relname = 'reviews' AND relnamespace = (SELECT oid FROM pg_catalog.pg_namespace WHERE nspname = CURRENT_SCHEMA()))

2025/02/13 14:39:23 /home/bryan/repos/skripsi/backend/setup/setup.go:78
[2.829ms] [rows:0] SELECT description FROM pg_catalog.pg_description WHERE objsubid = (SELECT ordinal_position FROM information_schema.columns WHERE table_schema = CURRENT_SCHEMA() AND table_name = 'reviews' AND column_name = 'deleted_at') AND objoid = (SELECT oid FROM pg_catalog.pg_class WHERE relname = 'reviews' AND relnamespace = (SELECT oid FROM pg_catalog.pg_namespace WHERE nspname = CURRENT_SCHEMA()))

2025/02/13 14:39:23 /home/bryan/repos/skripsi/backend/setup/setup.go:78
[2.849ms] [rows:0] SELECT description FROM pg_catalog.pg_description WHERE objsubid = (SELECT ordinal_position FROM information_schema.columns WHERE table_schema = CURRENT_SCHEMA() AND table_name = 'reviews' AND column_name = 'daycare_id') AND objoid = (SELECT oid FROM pg_catalog.pg_class WHERE relname = 'reviews' AND relnamespace = (SELECT oid FROM pg_catalog.pg_namespace WHERE nspname = CURRENT_SCHEMA()))

2025/02/13 14:39:23 /home/bryan/repos/skripsi/backend/setup/setup.go:78
[3.028ms] [rows:0] SELECT description FROM pg_catalog.pg_description WHERE objsubid = (SELECT ordinal_position FROM information_schema.columns WHERE table_schema = CURRENT_SCHEMA() AND table_name = 'reviews' AND column_name = 'user_id') AND objoid = (SELECT oid FROM pg_catalog.pg_class WHERE relname = 'reviews' AND relnamespace = (SELECT oid FROM pg_catalog.pg_namespace WHERE nspname = CURRENT_SCHEMA()))

2025/02/13 14:39:23 /home/bryan/repos/skripsi/backend/setup/setup.go:78
[2.940ms] [rows:0] SELECT description FROM pg_catalog.pg_description WHERE objsubid = (SELECT ordinal_position FROM information_schema.columns WHERE table_schema = CURRENT_SCHEMA() AND table_name = 'reviews' AND column_name = 'name') AND objoid = (SELECT oid FROM pg_catalog.pg_class WHERE relname = 'reviews' AND relnamespace = (SELECT oid FROM pg_catalog.pg_namespace WHERE nspname = CURRENT_SCHEMA()))

2025/02/13 14:39:23 /home/bryan/repos/skripsi/backend/setup/setup.go:78
[2.955ms] [rows:0] SELECT description FROM pg_catalog.pg_description WHERE objsubid = (SELECT ordinal_position FROM information_schema.columns WHERE table_schema = CURRENT_SCHEMA() AND table_name = 'reviews' AND column_name = 'rate') AND objoid = (SELECT oid FROM pg_catalog.pg_class WHERE relname = 'reviews' AND relnamespace = (SELECT oid FROM pg_catalog.pg_namespace WHERE nspname = CURRENT_SCHEMA()))

2025/02/13 14:39:23 /home/bryan/repos/skripsi/backend/setup/setup.go:78
[2.823ms] [rows:0] SELECT description FROM pg_catalog.pg_description WHERE objsubid = (SELECT ordinal_position FROM information_schema.columns WHERE table_schema = CURRENT_SCHEMA() AND table_name = 'reviews' AND column_name = 'description') AND objoid = (SELECT oid FROM pg_catalog.pg_class WHERE relname = 'reviews' AND relnamespace = (SELECT oid FROM pg_catalog.pg_namespace WHERE nspname = CURRENT_SCHEMA()))

2025/02/13 14:39:23 /home/bryan/repos/skripsi/backend/setup/setup.go:78
[2.621ms] [rows:1] SELECT count(*) FROM INFORMATION_SCHEMA.table_constraints WHERE table_schema = CURRENT_SCHEMA() AND table_name = 'reviews' AND constraint_name = 'fk_users_reviews'

2025/02/13 14:39:23 /home/bryan/repos/skripsi/backend/setup/setup.go:78
[2.590ms] [rows:1] SELECT count(*) FROM INFORMATION_SCHEMA.table_constraints WHERE table_schema = CURRENT_SCHEMA() AND table_name = 'reviews' AND constraint_name = 'fk_pet_daycares_reviews'

2025/02/13 14:39:23 /home/bryan/repos/skripsi/backend/setup/setup.go:78
[5.527ms] [rows:1] SELECT count(*) FROM pg_indexes WHERE tablename = 'reviews' AND indexname = 'idx_reviews_deleted_at' AND schemaname = CURRENT_SCHEMA()

2025/02/13 14:39:23 /home/bryan/repos/skripsi/backend/setup/setup.go:78
[2.182ms] [rows:1] SELECT count(*) FROM information_schema.tables WHERE table_schema = CURRENT_SCHEMA() AND table_name = 'refresh_tokens' AND table_type = 'BASE TABLE'

2025/02/13 14:39:23 /home/bryan/repos/skripsi/backend/setup/setup.go:78
[1.795ms] [rows:1] SELECT CURRENT_DATABASE()

2025/02/13 14:39:23 /home/bryan/repos/skripsi/backend/setup/setup.go:78
[7.356ms] [rows:-] SELECT c.column_name, c.is_nullable = 'YES', c.udt_name, c.character_maximum_length, c.numeric_precision, c.numeric_precision_radix, c.numeric_scale, c.datetime_precision, 8 * typlen, c.column_default, pd.description, c.identity_increment FROM information_schema.columns AS c JOIN pg_type AS pgt ON c.udt_name = pgt.typname LEFT JOIN pg_catalog.pg_description as pd ON pd.objsubid = c.ordinal_position AND pd.objoid = (SELECT oid FROM pg_catalog.pg_class WHERE relname = c.table_name AND relnamespace = (SELECT oid FROM pg_catalog.pg_namespace WHERE nspname = c.table_schema)) where table_catalog = $1$ AND table_schema = CURRENT_SCHEMA() AND table_name = $2$

2025/02/13 14:39:23 /home/bryan/repos/skripsi/backend/setup/setup.go:78
[3.131ms] [rows:-] SELECT * FROM "refresh_tokens" LIMIT $1$

2025/02/13 14:39:23 /home/bryan/repos/skripsi/backend/setup/setup.go:78
[6.232ms] [rows:-] SELECT constraint_name FROM information_schema.table_constraints tc JOIN information_schema.constraint_column_usage AS ccu USING (constraint_schema, constraint_catalog, table_name, constraint_name) JOIN information_schema.columns AS c ON c.table_schema = tc.constraint_schema AND tc.table_name = c.table_name AND ccu.column_name = c.column_name WHERE constraint_type IN ('PRIMARY KEY', 'UNIQUE') AND c.table_catalog = $1$ AND c.table_schema = CURRENT_SCHEMA() AND c.table_name = $2$ AND constraint_type = $3$

2025/02/13 14:39:23 /home/bryan/repos/skripsi/backend/setup/setup.go:78
[6.532ms] [rows:-] SELECT c.column_name, constraint_name, constraint_type FROM information_schema.table_constraints tc JOIN information_schema.constraint_column_usage AS ccu USING (constraint_schema, constraint_catalog, table_name, constraint_name) JOIN information_schema.columns AS c ON c.table_schema = tc.constraint_schema AND tc.table_name = c.table_name AND ccu.column_name = c.column_name WHERE constraint_type IN ('PRIMARY KEY', 'UNIQUE') AND c.table_catalog = $1$ AND c.table_schema = CURRENT_SCHEMA() AND c.table_name = $2$

2025/02/13 14:39:23 /home/bryan/repos/skripsi/backend/setup/setup.go:78
[2.120ms] [rows:-] SELECT a.attname as column_name, format_type(a.atttypid, a.atttypmod) AS data_type
		FROM pg_attribute a JOIN pg_class b ON a.attrelid = b.oid AND relnamespace = (SELECT oid FROM pg_catalog.pg_namespace WHERE nspname = CURRENT_SCHEMA())
		WHERE a.attnum > 0 -- hide internal columns
		AND NOT a.attisdropped -- hide deleted columns
		AND b.relname = $1$

2025/02/13 14:39:23 /home/bryan/repos/skripsi/backend/setup/setup.go:78
[3.304ms] [rows:0] SELECT description FROM pg_catalog.pg_description WHERE objsubid = (SELECT ordinal_position FROM information_schema.columns WHERE table_schema = CURRENT_SCHEMA() AND table_name = 'refresh_tokens' AND column_name = 'id') AND objoid = (SELECT oid FROM pg_catalog.pg_class WHERE relname = 'refresh_tokens' AND relnamespace = (SELECT oid FROM pg_catalog.pg_namespace WHERE nspname = CURRENT_SCHEMA()))

2025/02/13 14:39:23 /home/bryan/repos/skripsi/backend/setup/setup.go:78
[2.994ms] [rows:0] SELECT description FROM pg_catalog.pg_description WHERE objsubid = (SELECT ordinal_position FROM information_schema.columns WHERE table_schema = CURRENT_SCHEMA() AND table_name = 'refresh_tokens' AND column_name = 'created_at') AND objoid = (SELECT oid FROM pg_catalog.pg_class WHERE relname = 'refresh_tokens' AND relnamespace = (SELECT oid FROM pg_catalog.pg_namespace WHERE nspname = CURRENT_SCHEMA()))

2025/02/13 14:39:23 /home/bryan/repos/skripsi/backend/setup/setup.go:78
[3.190ms] [rows:0] SELECT description FROM pg_catalog.pg_description WHERE objsubid = (SELECT ordinal_position FROM information_schema.columns WHERE table_schema = CURRENT_SCHEMA() AND table_name = 'refresh_tokens' AND column_name = 'updated_at') AND objoid = (SELECT oid FROM pg_catalog.pg_class WHERE relname = 'refresh_tokens' AND relnamespace = (SELECT oid FROM pg_catalog.pg_namespace WHERE nspname = CURRENT_SCHEMA()))

2025/02/13 14:39:23 /home/bryan/repos/skripsi/backend/setup/setup.go:78
[3.323ms] [rows:0] SELECT description FROM pg_catalog.pg_description WHERE objsubid = (SELECT ordinal_position FROM information_schema.columns WHERE table_schema = CURRENT_SCHEMA() AND table_name = 'refresh_tokens' AND column_name = 'deleted_at') AND objoid = (SELECT oid FROM pg_catalog.pg_class WHERE relname = 'refresh_tokens' AND relnamespace = (SELECT oid FROM pg_catalog.pg_namespace WHERE nspname = CURRENT_SCHEMA()))

2025/02/13 14:39:23 /home/bryan/repos/skripsi/backend/setup/setup.go:78
[3.313ms] [rows:0] SELECT description FROM pg_catalog.pg_description WHERE objsubid = (SELECT ordinal_position FROM information_schema.columns WHERE table_schema = CURRENT_SCHEMA() AND table_name = 'refresh_tokens' AND column_name = 'user_id') AND objoid = (SELECT oid FROM pg_catalog.pg_class WHERE relname = 'refresh_tokens' AND relnamespace = (SELECT oid FROM pg_catalog.pg_namespace WHERE nspname = CURRENT_SCHEMA()))

2025/02/13 14:39:23 /home/bryan/repos/skripsi/backend/setup/setup.go:78
[3.274ms] [rows:0] SELECT description FROM pg_catalog.pg_description WHERE objsubid = (SELECT ordinal_position FROM information_schema.columns WHERE table_schema = CURRENT_SCHEMA() AND table_name = 'refresh_tokens' AND column_name = 'token') AND objoid = (SELECT oid FROM pg_catalog.pg_class WHERE relname = 'refresh_tokens' AND relnamespace = (SELECT oid FROM pg_catalog.pg_namespace WHERE nspname = CURRENT_SCHEMA()))

2025/02/13 14:39:23 /home/bryan/repos/skripsi/backend/setup/setup.go:78
[3.167ms] [rows:0] SELECT description FROM pg_catalog.pg_description WHERE objsubid = (SELECT ordinal_position FROM information_schema.columns WHERE table_schema = CURRENT_SCHEMA() AND table_name = 'refresh_tokens' AND column_name = 'expires_at') AND objoid = (SELECT oid FROM pg_catalog.pg_class WHERE relname = 'refresh_tokens' AND relnamespace = (SELECT oid FROM pg_catalog.pg_namespace WHERE nspname = CURRENT_SCHEMA()))

2025/02/13 14:39:23 /home/bryan/repos/skripsi/backend/setup/setup.go:78
[2.354ms] [rows:1] SELECT count(*) FROM pg_indexes WHERE tablename = 'refresh_tokens' AND indexname = 'idx_refresh_tokens_deleted_at' AND schemaname = CURRENT_SCHEMA()

2025/02/13 14:39:23 /home/bryan/repos/skripsi/backend/setup/setup.go:78
[2.254ms] [rows:1] SELECT count(*) FROM pg_indexes WHERE tablename = 'refresh_tokens' AND indexname = 'idx_refresh_tokens_user_id' AND schemaname = CURRENT_SCHEMA()

2025/02/13 14:39:23 /home/bryan/repos/skripsi/backend/setup/setup.go:78
[2.013ms] [rows:1] SELECT count(*) FROM information_schema.tables WHERE table_schema = CURRENT_SCHEMA() AND table_name = 'transactions' AND table_type = 'BASE TABLE'

2025/02/13 14:39:23 /home/bryan/repos/skripsi/backend/setup/setup.go:78
[1.416ms] [rows:1] SELECT CURRENT_DATABASE()

2025/02/13 14:39:23 /home/bryan/repos/skripsi/backend/setup/setup.go:78
[7.088ms] [rows:-] SELECT c.column_name, c.is_nullable = 'YES', c.udt_name, c.character_maximum_length, c.numeric_precision, c.numeric_precision_radix, c.numeric_scale, c.datetime_precision, 8 * typlen, c.column_default, pd.description, c.identity_increment FROM information_schema.columns AS c JOIN pg_type AS pgt ON c.udt_name = pgt.typname LEFT JOIN pg_catalog.pg_description as pd ON pd.objsubid = c.ordinal_position AND pd.objoid = (SELECT oid FROM pg_catalog.pg_class WHERE relname = c.table_name AND relnamespace = (SELECT oid FROM pg_catalog.pg_namespace WHERE nspname = c.table_schema)) where table_catalog = $1$ AND table_schema = CURRENT_SCHEMA() AND table_name = $2$

2025/02/13 14:39:23 /home/bryan/repos/skripsi/backend/setup/setup.go:78
[2.207ms] [rows:-] SELECT * FROM "transactions" LIMIT $1$

2025/02/13 14:39:23 /home/bryan/repos/skripsi/backend/setup/setup.go:78
[5.451ms] [rows:-] SELECT constraint_name FROM information_schema.table_constraints tc JOIN information_schema.constraint_column_usage AS ccu USING (constraint_schema, constraint_catalog, table_name, constraint_name) JOIN information_schema.columns AS c ON c.table_schema = tc.constraint_schema AND tc.table_name = c.table_name AND ccu.column_name = c.column_name WHERE constraint_type IN ('PRIMARY KEY', 'UNIQUE') AND c.table_catalog = $1$ AND c.table_schema = CURRENT_SCHEMA() AND c.table_name = $2$ AND constraint_type = $3$

2025/02/13 14:39:23 /home/bryan/repos/skripsi/backend/setup/setup.go:78
[6.180ms] [rows:-] SELECT c.column_name, constraint_name, constraint_type FROM information_schema.table_constraints tc JOIN information_schema.constraint_column_usage AS ccu USING (constraint_schema, constraint_catalog, table_name, constraint_name) JOIN information_schema.columns AS c ON c.table_schema = tc.constraint_schema AND tc.table_name = c.table_name AND ccu.column_name = c.column_name WHERE constraint_type IN ('PRIMARY KEY', 'UNIQUE') AND c.table_catalog = $1$ AND c.table_schema = CURRENT_SCHEMA() AND c.table_name = $2$

2025/02/13 14:39:23 /home/bryan/repos/skripsi/backend/setup/setup.go:78
[1.815ms] [rows:-] SELECT a.attname as column_name, format_type(a.atttypid, a.atttypmod) AS data_type
		FROM pg_attribute a JOIN pg_class b ON a.attrelid = b.oid AND relnamespace = (SELECT oid FROM pg_catalog.pg_namespace WHERE nspname = CURRENT_SCHEMA())
		WHERE a.attnum > 0 -- hide internal columns
		AND NOT a.attisdropped -- hide deleted columns
		AND b.relname = $1$

2025/02/13 14:39:23 /home/bryan/repos/skripsi/backend/setup/setup.go:78
[2.952ms] [rows:0] SELECT description FROM pg_catalog.pg_description WHERE objsubid = (SELECT ordinal_position FROM information_schema.columns WHERE table_schema = CURRENT_SCHEMA() AND table_name = 'transactions' AND column_name = 'id') AND objoid = (SELECT oid FROM pg_catalog.pg_class WHERE relname = 'transactions' AND relnamespace = (SELECT oid FROM pg_catalog.pg_namespace WHERE nspname = CURRENT_SCHEMA()))

2025/02/13 14:39:23 /home/bryan/repos/skripsi/backend/setup/setup.go:78
[3.066ms] [rows:0] SELECT description FROM pg_catalog.pg_description WHERE objsubid = (SELECT ordinal_position FROM information_schema.columns WHERE table_schema = CURRENT_SCHEMA() AND table_name = 'transactions' AND column_name = 'created_at') AND objoid = (SELECT oid FROM pg_catalog.pg_class WHERE relname = 'transactions' AND relnamespace = (SELECT oid FROM pg_catalog.pg_namespace WHERE nspname = CURRENT_SCHEMA()))

2025/02/13 14:39:23 /home/bryan/repos/skripsi/backend/setup/setup.go:78
[2.729ms] [rows:0] SELECT description FROM pg_catalog.pg_description WHERE objsubid = (SELECT ordinal_position FROM information_schema.columns WHERE table_schema = CURRENT_SCHEMA() AND table_name = 'transactions' AND column_name = 'pet_daycare_id') AND objoid = (SELECT oid FROM pg_catalog.pg_class WHERE relname = 'transactions' AND relnamespace = (SELECT oid FROM pg_catalog.pg_namespace WHERE nspname = CURRENT_SCHEMA()))

2025/02/13 14:39:23 /home/bryan/repos/skripsi/backend/setup/setup.go:78
[3.246ms] [rows:0] SELECT description FROM pg_catalog.pg_description WHERE objsubid = (SELECT ordinal_position FROM information_schema.columns WHERE table_schema = CURRENT_SCHEMA() AND table_name = 'transactions' AND column_name = 'booked_slot_id') AND objoid = (SELECT oid FROM pg_catalog.pg_class WHERE relname = 'transactions' AND relnamespace = (SELECT oid FROM pg_catalog.pg_namespace WHERE nspname = CURRENT_SCHEMA()))

2025/02/13 14:39:23 /home/bryan/repos/skripsi/backend/setup/setup.go:78
[3.243ms] [rows:0] SELECT description FROM pg_catalog.pg_description WHERE objsubid = (SELECT ordinal_position FROM information_schema.columns WHERE table_schema = CURRENT_SCHEMA() AND table_name = 'transactions' AND column_name = 'status') AND objoid = (SELECT oid FROM pg_catalog.pg_class WHERE relname = 'transactions' AND relnamespace = (SELECT oid FROM pg_catalog.pg_namespace WHERE nspname = CURRENT_SCHEMA()))

2025/02/13 14:39:23 /home/bryan/repos/skripsi/backend/setup/setup.go:78
[2.960ms] [rows:1] SELECT count(*) FROM INFORMATION_SCHEMA.table_constraints WHERE table_schema = CURRENT_SCHEMA() AND table_name = 'transactions' AND constraint_name = 'fk_transactions_pet_daycare'

2025/02/13 14:39:23 /home/bryan/repos/skripsi/backend/setup/setup.go:78
[2.498ms] [rows:1] SELECT count(*) FROM INFORMATION_SCHEMA.table_constraints WHERE table_schema = CURRENT_SCHEMA() AND table_name = 'transactions' AND constraint_name = 'fk_transactions_booked_slot'

2025/02/13 14:39:23 /home/bryan/repos/skripsi/backend/setup/setup.go:78
[2.124ms] [rows:1] SELECT count(*) FROM information_schema.tables WHERE table_schema = CURRENT_SCHEMA() AND table_name = 'reduce_slots' AND table_type = 'BASE TABLE'

2025/02/13 14:39:23 /home/bryan/repos/skripsi/backend/setup/setup.go:78
[1.637ms] [rows:1] SELECT CURRENT_DATABASE()

2025/02/13 14:39:23 /home/bryan/repos/skripsi/backend/setup/setup.go:78
[6.473ms] [rows:-] SELECT c.column_name, c.is_nullable = 'YES', c.udt_name, c.character_maximum_length, c.numeric_precision, c.numeric_precision_radix, c.numeric_scale, c.datetime_precision, 8 * typlen, c.column_default, pd.description, c.identity_increment FROM information_schema.columns AS c JOIN pg_type AS pgt ON c.udt_name = pgt.typname LEFT JOIN pg_catalog.pg_description as pd ON pd.objsubid = c.ordinal_position AND pd.objoid = (SELECT oid FROM pg_catalog.pg_class WHERE relname = c.table_name AND relnamespace = (SELECT oid FROM pg_catalog.pg_namespace WHERE nspname = c.table_schema)) where table_catalog = $1$ AND table_schema = CURRENT_SCHEMA() AND table_name = $2$

2025/02/13 14:39:23 /home/bryan/repos/skripsi/backend/setup/setup.go:78
[2.045ms] [rows:-] SELECT * FROM "reduce_slots" LIMIT $1$

2025/02/13 14:39:23 /home/bryan/repos/skripsi/backend/setup/setup.go:78
[5.542ms] [rows:-] SELECT constraint_name FROM information_schema.table_constraints tc JOIN information_schema.constraint_column_usage AS ccu USING (constraint_schema, constraint_catalog, table_name, constraint_name) JOIN information_schema.columns AS c ON c.table_schema = tc.constraint_schema AND tc.table_name = c.table_name AND ccu.column_name = c.column_name WHERE constraint_type IN ('PRIMARY KEY', 'UNIQUE') AND c.table_catalog = $1$ AND c.table_schema = CURRENT_SCHEMA() AND c.table_name = $2$ AND constraint_type = $3$

2025/02/13 14:39:23 /home/bryan/repos/skripsi/backend/setup/setup.go:78
[5.278ms] [rows:-] SELECT c.column_name, constraint_name, constraint_type FROM information_schema.table_constraints tc JOIN information_schema.constraint_column_usage AS ccu USING (constraint_schema, constraint_catalog, table_name, constraint_name) JOIN information_schema.columns AS c ON c.table_schema = tc.constraint_schema AND tc.table_name = c.table_name AND ccu.column_name = c.column_name WHERE constraint_type IN ('PRIMARY KEY', 'UNIQUE') AND c.table_catalog = $1$ AND c.table_schema = CURRENT_SCHEMA() AND c.table_name = $2$

2025/02/13 14:39:23 /home/bryan/repos/skripsi/backend/setup/setup.go:78
[2.335ms] [rows:-] SELECT a.attname as column_name, format_type(a.atttypid, a.atttypmod) AS data_type
		FROM pg_attribute a JOIN pg_class b ON a.attrelid = b.oid AND relnamespace = (SELECT oid FROM pg_catalog.pg_namespace WHERE nspname = CURRENT_SCHEMA())
		WHERE a.attnum > 0 -- hide internal columns
		AND NOT a.attisdropped -- hide deleted columns
		AND b.relname = $1$

2025/02/13 14:39:23 /home/bryan/repos/skripsi/backend/setup/setup.go:78
[3.470ms] [rows:0] SELECT description FROM pg_catalog.pg_description WHERE objsubid = (SELECT ordinal_position FROM information_schema.columns WHERE table_schema = CURRENT_SCHEMA() AND table_name = 'reduce_slots' AND column_name = 'id') AND objoid = (SELECT oid FROM pg_catalog.pg_class WHERE relname = 'reduce_slots' AND relnamespace = (SELECT oid FROM pg_catalog.pg_namespace WHERE nspname = CURRENT_SCHEMA()))

2025/02/13 14:39:23 /home/bryan/repos/skripsi/backend/setup/setup.go:78
[3.207ms] [rows:0] SELECT description FROM pg_catalog.pg_description WHERE objsubid = (SELECT ordinal_position FROM information_schema.columns WHERE table_schema = CURRENT_SCHEMA() AND table_name = 'reduce_slots' AND column_name = 'slot_id') AND objoid = (SELECT oid FROM pg_catalog.pg_class WHERE relname = 'reduce_slots' AND relnamespace = (SELECT oid FROM pg_catalog.pg_namespace WHERE nspname = CURRENT_SCHEMA()))

2025/02/13 14:39:23 /home/bryan/repos/skripsi/backend/setup/setup.go:78
[3.062ms] [rows:0] SELECT description FROM pg_catalog.pg_description WHERE objsubid = (SELECT ordinal_position FROM information_schema.columns WHERE table_schema = CURRENT_SCHEMA() AND table_name = 'reduce_slots' AND column_name = 'reduced_count') AND objoid = (SELECT oid FROM pg_catalog.pg_class WHERE relname = 'reduce_slots' AND relnamespace = (SELECT oid FROM pg_catalog.pg_namespace WHERE nspname = CURRENT_SCHEMA()))

2025/02/13 14:39:23 /home/bryan/repos/skripsi/backend/setup/setup.go:78
[3.109ms] [rows:0] SELECT description FROM pg_catalog.pg_description WHERE objsubid = (SELECT ordinal_position FROM information_schema.columns WHERE table_schema = CURRENT_SCHEMA() AND table_name = 'reduce_slots' AND column_name = 'target_date') AND objoid = (SELECT oid FROM pg_catalog.pg_class WHERE relname = 'reduce_slots' AND relnamespace = (SELECT oid FROM pg_catalog.pg_namespace WHERE nspname = CURRENT_SCHEMA()))

2025/02/13 14:39:23 /home/bryan/repos/skripsi/backend/setup/setup.go:78
[2.177ms] [rows:1] SELECT count(*) FROM information_schema.tables WHERE table_schema = CURRENT_SCHEMA() AND table_name = 'booked_slots_dailies' AND table_type = 'BASE TABLE'

2025/02/13 14:39:23 /home/bryan/repos/skripsi/backend/setup/setup.go:78
[1.899ms] [rows:1] SELECT CURRENT_DATABASE()

2025/02/13 14:39:23 /home/bryan/repos/skripsi/backend/setup/setup.go:78
[6.975ms] [rows:-] SELECT c.column_name, c.is_nullable = 'YES', c.udt_name, c.character_maximum_length, c.numeric_precision, c.numeric_precision_radix, c.numeric_scale, c.datetime_precision, 8 * typlen, c.column_default, pd.description, c.identity_increment FROM information_schema.columns AS c JOIN pg_type AS pgt ON c.udt_name = pgt.typname LEFT JOIN pg_catalog.pg_description as pd ON pd.objsubid = c.ordinal_position AND pd.objoid = (SELECT oid FROM pg_catalog.pg_class WHERE relname = c.table_name AND relnamespace = (SELECT oid FROM pg_catalog.pg_namespace WHERE nspname = c.table_schema)) where table_catalog = $1$ AND table_schema = CURRENT_SCHEMA() AND table_name = $2$

2025/02/13 14:39:23 /home/bryan/repos/skripsi/backend/setup/setup.go:78
[2.886ms] [rows:-] SELECT * FROM "booked_slots_dailies" LIMIT $1$

2025/02/13 14:39:23 /home/bryan/repos/skripsi/backend/setup/setup.go:78
[4.926ms] [rows:-] SELECT constraint_name FROM information_schema.table_constraints tc JOIN information_schema.constraint_column_usage AS ccu USING (constraint_schema, constraint_catalog, table_name, constraint_name) JOIN information_schema.columns AS c ON c.table_schema = tc.constraint_schema AND tc.table_name = c.table_name AND ccu.column_name = c.column_name WHERE constraint_type IN ('PRIMARY KEY', 'UNIQUE') AND c.table_catalog = $1$ AND c.table_schema = CURRENT_SCHEMA() AND c.table_name = $2$ AND constraint_type = $3$

2025/02/13 14:39:23 /home/bryan/repos/skripsi/backend/setup/setup.go:78
[6.005ms] [rows:-] SELECT c.column_name, constraint_name, constraint_type FROM information_schema.table_constraints tc JOIN information_schema.constraint_column_usage AS ccu USING (constraint_schema, constraint_catalog, table_name, constraint_name) JOIN information_schema.columns AS c ON c.table_schema = tc.constraint_schema AND tc.table_name = c.table_name AND ccu.column_name = c.column_name WHERE constraint_type IN ('PRIMARY KEY', 'UNIQUE') AND c.table_catalog = $1$ AND c.table_schema = CURRENT_SCHEMA() AND c.table_name = $2$

2025/02/13 14:39:23 /home/bryan/repos/skripsi/backend/setup/setup.go:78
[1.855ms] [rows:-] SELECT a.attname as column_name, format_type(a.atttypid, a.atttypmod) AS data_type
		FROM pg_attribute a JOIN pg_class b ON a.attrelid = b.oid AND relnamespace = (SELECT oid FROM pg_catalog.pg_namespace WHERE nspname = CURRENT_SCHEMA())
		WHERE a.attnum > 0 -- hide internal columns
		AND NOT a.attisdropped -- hide deleted columns
		AND b.relname = $1$

2025/02/13 14:39:23 /home/bryan/repos/skripsi/backend/setup/setup.go:78
[2.853ms] [rows:0] SELECT description FROM pg_catalog.pg_description WHERE objsubid = (SELECT ordinal_position FROM information_schema.columns WHERE table_schema = CURRENT_SCHEMA() AND table_name = 'booked_slots_dailies' AND column_name = 'id') AND objoid = (SELECT oid FROM pg_catalog.pg_class WHERE relname = 'booked_slots_dailies' AND relnamespace = (SELECT oid FROM pg_catalog.pg_namespace WHERE nspname = CURRENT_SCHEMA()))

2025/02/13 14:39:23 /home/bryan/repos/skripsi/backend/setup/setup.go:78
[3.009ms] [rows:0] SELECT description FROM pg_catalog.pg_description WHERE objsubid = (SELECT ordinal_position FROM information_schema.columns WHERE table_schema = CURRENT_SCHEMA() AND table_name = 'booked_slots_dailies' AND column_name = 'daycare_id') AND objoid = (SELECT oid FROM pg_catalog.pg_class WHERE relname = 'booked_slots_dailies' AND relnamespace = (SELECT oid FROM pg_catalog.pg_namespace WHERE nspname = CURRENT_SCHEMA()))

2025/02/13 14:39:23 /home/bryan/repos/skripsi/backend/setup/setup.go:78
[3.568ms] [rows:0] SELECT description FROM pg_catalog.pg_description WHERE objsubid = (SELECT ordinal_position FROM information_schema.columns WHERE table_schema = CURRENT_SCHEMA() AND table_name = 'booked_slots_dailies' AND column_name = 'date') AND objoid = (SELECT oid FROM pg_catalog.pg_class WHERE relname = 'booked_slots_dailies' AND relnamespace = (SELECT oid FROM pg_catalog.pg_namespace WHERE nspname = CURRENT_SCHEMA()))

2025/02/13 14:39:23 /home/bryan/repos/skripsi/backend/setup/setup.go:78
[3.082ms] [rows:0] SELECT description FROM pg_catalog.pg_description WHERE objsubid = (SELECT ordinal_position FROM information_schema.columns WHERE table_schema = CURRENT_SCHEMA() AND table_name = 'booked_slots_dailies' AND column_name = 'slot_count') AND objoid = (SELECT oid FROM pg_catalog.pg_class WHERE relname = 'booked_slots_dailies' AND relnamespace = (SELECT oid FROM pg_catalog.pg_namespace WHERE nspname = CURRENT_SCHEMA()))

2025/02/13 14:39:23 /home/bryan/repos/skripsi/backend/setup/setup.go:78
[2.356ms] [rows:1] SELECT count(*) FROM pg_indexes WHERE tablename = 'booked_slots_dailies' AND indexname = 'idx_booked_slots_dailies_date' AND schemaname = CURRENT_SCHEMA()
[GIN-debug] [WARNING] Creating an Engine instance with the Logger and Recovery middleware already attached.

[GIN-debug] [WARNING] Running in "debug" mode. Switch to "release" mode in production.
 - using env:	export GIN_MODE=release
 - using code:	gin.SetMode(gin.ReleaseMode)

[GIN-debug] GET    /assets/*filepath         --> github.com/gin-gonic/gin.(*RouterGroup).createStaticHandler.func1 (3 handlers)
[GIN-debug] HEAD   /assets/*filepath         --> github.com/gin-gonic/gin.(*RouterGroup).createStaticHandler.func1 (3 handlers)
[GIN-debug] POST   /users                    --> github.com/BryanEgbert/skripsi/controller.(*UserController).CreateUser-fm (3 handlers)
[GIN-debug] GET    /users/vets               --> github.com/BryanEgbert/skripsi/controller.(*UserController).GetVets-fm (4 handlers)
[GIN-debug] GET    /users/:id                --> github.com/BryanEgbert/skripsi/controller.(*UserController).GetUser-fm (4 handlers)
[GIN-debug] DELETE /users                    --> github.com/BryanEgbert/skripsi/controller.(*UserController).DeleteUser-fm (4 handlers)
[GIN-debug] PUT    /users                    --> github.com/BryanEgbert/skripsi/controller.(*UserController).UpdateUserProfile-fm (4 handlers)
[GIN-debug] PATCH  /users/password           --> github.com/BryanEgbert/skripsi/controller.(*UserController).UpdateUserPassword-fm (4 handlers)
[GIN-debug] POST   /login                    --> github.com/BryanEgbert/skripsi/controller.(*AuthController).Login-fm (3 handlers)
[GIN-debug] POST   /refresh                  --> github.com/BryanEgbert/skripsi/controller.(*AuthController).RefreshToken-fm (4 handlers)
[GIN-debug] GET    /pets/:id                 --> github.com/BryanEgbert/skripsi/controller.(*PetController).GetPet-fm (4 handlers)
[GIN-debug] GET    /pets                     --> github.com/BryanEgbert/skripsi/controller.(*PetController).GetPets-fm (4 handlers)
[GIN-debug] POST   /pets                     --> github.com/BryanEgbert/skripsi/controller.(*PetController).CreatePet-fm (4 handlers)
[GIN-debug] PUT    /pets/:id                 --> github.com/BryanEgbert/skripsi/controller.(*PetController).UpdatePet-fm (4 handlers)
[GIN-debug] DELETE /pets/:id                 --> github.com/BryanEgbert/skripsi/controller.(*PetController).DeletePet-fm (4 handlers)
[GIN-debug] PATCH  /daycare/slot/:slotId     --> github.com/BryanEgbert/skripsi/controller.(*PetDaycareController).EditSlotCount-fm (4 handlers)
[GIN-debug] GET    /daycare/:id/slot         --> github.com/BryanEgbert/skripsi/controller.(*PetDaycareController).GetPetDaycareSlots-fm (4 handlers)
[GIN-debug] POST   /daycare/:id/slot         --> github.com/BryanEgbert/skripsi/controller.(*PetDaycareController).CreateSlot-fm (4 handlers)
[GIN-debug] GET    /daycare/:id/review       --> github.com/BryanEgbert/skripsi/controller.(*PetDaycareController).GetReviews-fm (4 handlers)
[GIN-debug] POST   /daycare/:id/review       --> github.com/BryanEgbert/skripsi/controller.(*PetDaycareController).CreateReview-fm (4 handlers)
[GIN-debug] DELETE /daycare/:id/review       --> github.com/BryanEgbert/skripsi/controller.(*PetDaycareController).DeleteReview-fm (4 handlers)
[GIN-debug] GET    /daycare/:id              --> github.com/BryanEgbert/skripsi/controller.(*PetDaycareController).GetPetDaycare-fm (4 handlers)
[GIN-debug] GET    /daycare                  --> github.com/BryanEgbert/skripsi/controller.(*PetDaycareController).GetPetDaycares-fm (4 handlers)
[GIN-debug] POST   /daycare                  --> github.com/BryanEgbert/skripsi/controller.(*PetDaycareController).CreatePetDaycare-fm (4 handlers)
[GIN-debug] PUT    /daycare/:id              --> github.com/BryanEgbert/skripsi/controller.(*PetDaycareController).UpdatePetDaycare-fm (4 handlers)
[GIN-debug] DELETE /daycare/:id              --> github.com/BryanEgbert/skripsi/controller.(*PetDaycareController).DeletePetDaycare-fm (4 handlers)

2025/02/13 14:39:23 /home/bryan/repos/skripsi/backend/service/user_service.go:150
[6.033ms] [rows:0] SELECT * FROM "users" WHERE "users"."id" = $1$ AND "users"."deleted_at" IS NULL ORDER BY "users"."id" LIMIT $2$
[GIN] 2025/02/13 - 14:39:23 | 404 |    6.411132ms |                 | PUT      "/users"
--- PASS: TestUpdateUser (5.22s)
    --- PASS: TestUpdateUser/On_update_user,_should_return_200_and_updated_user (1.74s)
    --- PASS: TestUpdateUser/On_update_user,_should_return_200_and_updated_user_and_vet_specialties (1.75s)
    --- PASS: TestUpdateUser/On_update_user,_should_return_404_when_user_ID_doesn't_exists_in_DB (1.73s)
=== RUN   TestUpdatePassword
=== RUN   TestUpdatePassword/On_update_password,_should_return_204_when_user_ID_exists_in_DB_and_newPassword_is_not_empty

2025/02/13 14:39:23 /home/bryan/repos/skripsi/backend/setup/setup.go:60
[336.405ms] [rows:0] TRUNCATE TABLE users, vet_specialties, user_vet_specialties, pet_daycares, pets, size_categories, roles, slots, booked_slots, thumbnails, species, reviews, refresh_tokens, transactions, daily_walks, daily_playtimes, reduce_slots RESTART IDENTITY CASCADE;

2025/02/13 14:39:23 /home/bryan/repos/skripsi/backend/seeder/seeder.go:18
[15.309ms] [rows:3] INSERT INTO "roles" ("name","id") VALUES ($1$,$2$),($3$,$4$),($5$,$6$) RETURNING "id"

2025/02/13 14:39:23 /home/bryan/repos/skripsi/backend/seeder/seeder.go:29
[11.173ms] [rows:4] INSERT INTO "daily_walks" ("name","id") VALUES ($1$,$2$),($3$,$4$),($5$,$6$),($7$,$8$) RETURNING "id"

2025/02/13 14:39:23 /home/bryan/repos/skripsi/backend/seeder/seeder.go:39
[9.149ms] [rows:4] INSERT INTO "daily_playtimes" ("name","id") VALUES ($1$,$2$),($3$,$4$),($5$,$6$),($7$,$8$) RETURNING "id"

2025/02/13 14:39:23 /home/bryan/repos/skripsi/backend/seeder/seeder.go:61
[11.320ms] [rows:17] INSERT INTO "vet_specialties" ("name") VALUES ($1$),($2$),($3$),($4$),($5$),($6$),($7$),($8$),($9$),($10$),($11$),($12$),($13$),($14$),($15$),($16$),($17$) RETURNING "id"

2025/02/13 14:39:23 /home/bryan/repos/skripsi/backend/seeder/seeder.go:71
[10.483ms] [rows:3] INSERT INTO "species" ("name") VALUES ($1$),($2$),($3$) RETURNING "id"

2025/02/13 14:39:23 /home/bryan/repos/skripsi/backend/seeder/seeder.go:83
[10.459ms] [rows:5] INSERT INTO "size_categories" ("name","min_weight","max_weight") VALUES ($1$,$2$,$3$),($4$,$5$,$6$),($7$,$8$,$9$),($10$,$11$,$12$),($13$,$14$,$15$) RETURNING "id"

2025/02/13 14:39:23 /home/bryan/repos/skripsi/backend/seeder/seeder.go:106
[2.011ms] [rows:0] INSERT INTO "vet_specialties" ("name","id") VALUES ($1$,$2$),($3$,$4$),($5$,$6$) ON CONFLICT DO NOTHING RETURNING "id"

2025/02/13 14:39:23 /home/bryan/repos/skripsi/backend/seeder/seeder.go:106
[3.245ms] [rows:3] INSERT INTO "user_vet_specialties" ("user_id","vet_specialty_id") VALUES ($1$,$2$),($3$,$4$),($5$,$6$) ON CONFLICT DO NOTHING

2025/02/13 14:39:23 /home/bryan/repos/skripsi/backend/seeder/seeder.go:106
[18.172ms] [rows:6] INSERT INTO "users" ("created_at","updated_at","deleted_at","name","email","password","role_id","image_url") VALUES ($1$,$2$,$3$,$4$,$5$,$6$,$7$,$8$),($9$,$10$,$11$,$12$,$13$,$14$,$15$,$16$),($17$,$18$,$19$,$20$,$21$,$22$,$23$,$24$),($25$,$26$,$27$,$28$,$29$,$30$,$31$,$32$),($33$,$34$,$35$,$36$,$37$,$38$,$39$,DEFAULT),($40$,$41$,$42$,$43$,$44$,$45$,$46$,$47$) RETURNING "id","image_url"

2025/02/13 14:39:23 /home/bryan/repos/skripsi/backend/seeder/seeder.go:148
[1.705ms] [rows:0] INSERT INTO "daily_walks" ("name","id") VALUES ($1$,$2$) ON CONFLICT DO NOTHING RETURNING "id"

2025/02/13 14:39:23 /home/bryan/repos/skripsi/backend/seeder/seeder.go:148
[1.698ms] [rows:0] INSERT INTO "daily_playtimes" ("name","id") VALUES ($1$,$2$),($3$,$4$) ON CONFLICT DO NOTHING RETURNING "id"

2025/02/13 14:39:23 /home/bryan/repos/skripsi/backend/seeder/seeder.go:148
[11.059ms] [rows:3] INSERT INTO "pet_daycares" ("created_at","updated_at","deleted_at","name","address","latitude","longitude","price","pricing_type","description","has_pickup_service","must_be_vaccinated","food_provided","grooming_available","booked_num","daily_walks_id","daily_playtime_id","owner_id","food_brand") VALUES ($1$,$2$,$3$,$4$,$5$,$6$,$7$,$8$,$9$,$10$,$11$,$12$,$13$,$14$,$15$,$16$,$17$,$18$,$19$),($20$,$21$,$22$,$23$,$24$,$25$,$26$,$27$,$28$,$29$,$30$,$31$,$32$,$33$,$34$,$35$,$36$,$37$,$38$),($39$,$40$,$41$,$42$,$43$,$44$,$45$,$46$,$47$,$48$,$49$,$50$,$51$,$52$,$53$,$54$,$55$,$56$,$57$) RETURNING "id"

2025/02/13 14:39:23 /home/bryan/repos/skripsi/backend/seeder/seeder.go:158
[9.937ms] [rows:3] INSERT INTO "slots" ("created_at","updated_at","deleted_at","daycare_id","species_id","size_category_id","max_number") VALUES ($1$,$2$,$3$,$4$,$5$,$6$,$7$),($8$,$9$,$10$,$11$,$12$,$13$,$14$),($15$,$16$,$17$,$18$,$19$,$20$,$21$) RETURNING "id"

2025/02/13 14:39:23 /home/bryan/repos/skripsi/backend/seeder/seeder.go:172
[6.053ms] [rows:2] INSERT INTO "pets" ("created_at","updated_at","deleted_at","name","image_url","status","owner_id","species_id","size_id") VALUES ($1$,$2$,$3$,$4$,$5$,$6$,$7$,$8$,$9$),($10$,$11$,$12$,$13$,$14$,$15$,$16$,$17$,$18$) RETURNING "id"

2025/02/13 14:39:23 /home/bryan/repos/skripsi/backend/seeder/seeder.go:189
[6.479ms] [rows:2] INSERT INTO "booked_slots" ("created_at","updated_at","deleted_at","user_id","daycare_id","pet_id","start_date","end_date") VALUES ($1$,$2$,$3$,$4$,$5$,$6$,$7$,$8$),($9$,$10$,$11$,$12$,$13$,$14$,$15$,$16$) RETURNING "id"

2025/02/13 14:39:23 /home/bryan/repos/skripsi/backend/seeder/seeder.go:205
[6.633ms] [rows:3] INSERT INTO "reviews" ("created_at","updated_at","deleted_at","daycare_id","user_id","name","rate","description") VALUES ($1$,$2$,$3$,$4$,$5$,$6$,$7$,$8$),($9$,$10$,$11$,$12$,$13$,$14$,$15$,$16$),($17$,$18$,$19$,$20$,$21$,$22$,$23$,$24$) RETURNING "id"

2025/02/13 14:39:23 /home/bryan/repos/skripsi/backend/seeder/seeder.go:213
[5.583ms] [rows:1] INSERT INTO "reduce_slots" ("slot_id","reduced_count","target_date") VALUES ($1$,$2$,$3$) RETURNING "id"

2025/02/13 14:39:23 /home/bryan/repos/skripsi/backend/seeder/seeder.go:222
[5.348ms] [rows:2] INSERT INTO "thumbnails" ("daycare_id","image_url") VALUES ($1$,$2$),($3$,$4$) RETURNING "id"

2025/02/13 14:39:23 /home/bryan/repos/skripsi/backend/seeder/seeder.go:230
[6.684ms] [rows:1] INSERT INTO "transactions" ("pet_daycare_id","booked_slot_id","status") VALUES ($1$,$2$,$3$) RETURNING "created_at","id"

2025/02/13 14:39:23 /home/bryan/repos/skripsi/backend/setup/setup.go:78
[16.620ms] [rows:1] SELECT count(*) FROM information_schema.tables WHERE table_schema = CURRENT_SCHEMA() AND table_name = 'roles' AND table_type = 'BASE TABLE'

2025/02/13 14:39:23 /home/bryan/repos/skripsi/backend/setup/setup.go:78
[1.972ms] [rows:1] SELECT CURRENT_DATABASE()

2025/02/13 14:39:24 /home/bryan/repos/skripsi/backend/setup/setup.go:78
[34.473ms] [rows:-] SELECT c.column_name, c.is_nullable = 'YES', c.udt_name, c.character_maximum_length, c.numeric_precision, c.numeric_precision_radix, c.numeric_scale, c.datetime_precision, 8 * typlen, c.column_default, pd.description, c.identity_increment FROM information_schema.columns AS c JOIN pg_type AS pgt ON c.udt_name = pgt.typname LEFT JOIN pg_catalog.pg_description as pd ON pd.objsubid = c.ordinal_position AND pd.objoid = (SELECT oid FROM pg_catalog.pg_class WHERE relname = c.table_name AND relnamespace = (SELECT oid FROM pg_catalog.pg_namespace WHERE nspname = c.table_schema)) where table_catalog = $1$ AND table_schema = CURRENT_SCHEMA() AND table_name = $2$

2025/02/13 14:39:24 /home/bryan/repos/skripsi/backend/setup/setup.go:78
[1.077ms] [rows:-] SELECT * FROM "roles" LIMIT $1$

2025/02/13 14:39:24 /home/bryan/repos/skripsi/backend/setup/setup.go:78
[24.717ms] [rows:-] SELECT constraint_name FROM information_schema.table_constraints tc JOIN information_schema.constraint_column_usage AS ccu USING (constraint_schema, constraint_catalog, table_name, constraint_name) JOIN information_schema.columns AS c ON c.table_schema = tc.constraint_schema AND tc.table_name = c.table_name AND ccu.column_name = c.column_name WHERE constraint_type IN ('PRIMARY KEY', 'UNIQUE') AND c.table_catalog = $1$ AND c.table_schema = CURRENT_SCHEMA() AND c.table_name = $2$ AND constraint_type = $3$

2025/02/13 14:39:24 /home/bryan/repos/skripsi/backend/setup/setup.go:78
[19.906ms] [rows:-] SELECT c.column_name, constraint_name, constraint_type FROM information_schema.table_constraints tc JOIN information_schema.constraint_column_usage AS ccu USING (constraint_schema, constraint_catalog, table_name, constraint_name) JOIN information_schema.columns AS c ON c.table_schema = tc.constraint_schema AND tc.table_name = c.table_name AND ccu.column_name = c.column_name WHERE constraint_type IN ('PRIMARY KEY', 'UNIQUE') AND c.table_catalog = $1$ AND c.table_schema = CURRENT_SCHEMA() AND c.table_name = $2$

2025/02/13 14:39:24 /home/bryan/repos/skripsi/backend/setup/setup.go:78
[2.750ms] [rows:-] SELECT a.attname as column_name, format_type(a.atttypid, a.atttypmod) AS data_type
		FROM pg_attribute a JOIN pg_class b ON a.attrelid = b.oid AND relnamespace = (SELECT oid FROM pg_catalog.pg_namespace WHERE nspname = CURRENT_SCHEMA())
		WHERE a.attnum > 0 -- hide internal columns
		AND NOT a.attisdropped -- hide deleted columns
		AND b.relname = $1$

2025/02/13 14:39:24 /home/bryan/repos/skripsi/backend/setup/setup.go:78
[6.706ms] [rows:0] SELECT description FROM pg_catalog.pg_description WHERE objsubid = (SELECT ordinal_position FROM information_schema.columns WHERE table_schema = CURRENT_SCHEMA() AND table_name = 'roles' AND column_name = 'id') AND objoid = (SELECT oid FROM pg_catalog.pg_class WHERE relname = 'roles' AND relnamespace = (SELECT oid FROM pg_catalog.pg_namespace WHERE nspname = CURRENT_SCHEMA()))

2025/02/13 14:39:24 /home/bryan/repos/skripsi/backend/setup/setup.go:78
[5.270ms] [rows:0] SELECT description FROM pg_catalog.pg_description WHERE objsubid = (SELECT ordinal_position FROM information_schema.columns WHERE table_schema = CURRENT_SCHEMA() AND table_name = 'roles' AND column_name = 'name') AND objoid = (SELECT oid FROM pg_catalog.pg_class WHERE relname = 'roles' AND relnamespace = (SELECT oid FROM pg_catalog.pg_namespace WHERE nspname = CURRENT_SCHEMA()))

2025/02/13 14:39:24 /home/bryan/repos/skripsi/backend/setup/setup.go:78
[1.999ms] [rows:1] SELECT count(*) FROM information_schema.tables WHERE table_schema = CURRENT_SCHEMA() AND table_name = 'users' AND table_type = 'BASE TABLE'

2025/02/13 14:39:24 /home/bryan/repos/skripsi/backend/setup/setup.go:78
[0.774ms] [rows:1] SELECT CURRENT_DATABASE()

2025/02/13 14:39:24 /home/bryan/repos/skripsi/backend/setup/setup.go:78
[11.337ms] [rows:-] SELECT c.column_name, c.is_nullable = 'YES', c.udt_name, c.character_maximum_length, c.numeric_precision, c.numeric_precision_radix, c.numeric_scale, c.datetime_precision, 8 * typlen, c.column_default, pd.description, c.identity_increment FROM information_schema.columns AS c JOIN pg_type AS pgt ON c.udt_name = pgt.typname LEFT JOIN pg_catalog.pg_description as pd ON pd.objsubid = c.ordinal_position AND pd.objoid = (SELECT oid FROM pg_catalog.pg_class WHERE relname = c.table_name AND relnamespace = (SELECT oid FROM pg_catalog.pg_namespace WHERE nspname = c.table_schema)) where table_catalog = $1$ AND table_schema = CURRENT_SCHEMA() AND table_name = $2$

2025/02/13 14:39:24 /home/bryan/repos/skripsi/backend/setup/setup.go:78
[0.956ms] [rows:-] SELECT * FROM "users" LIMIT $1$

2025/02/13 14:39:24 /home/bryan/repos/skripsi/backend/setup/setup.go:78
[17.314ms] [rows:-] SELECT constraint_name FROM information_schema.table_constraints tc JOIN information_schema.constraint_column_usage AS ccu USING (constraint_schema, constraint_catalog, table_name, constraint_name) JOIN information_schema.columns AS c ON c.table_schema = tc.constraint_schema AND tc.table_name = c.table_name AND ccu.column_name = c.column_name WHERE constraint_type IN ('PRIMARY KEY', 'UNIQUE') AND c.table_catalog = $1$ AND c.table_schema = CURRENT_SCHEMA() AND c.table_name = $2$ AND constraint_type = $3$

2025/02/13 14:39:24 /home/bryan/repos/skripsi/backend/setup/setup.go:78
[17.046ms] [rows:-] SELECT c.column_name, constraint_name, constraint_type FROM information_schema.table_constraints tc JOIN information_schema.constraint_column_usage AS ccu USING (constraint_schema, constraint_catalog, table_name, constraint_name) JOIN information_schema.columns AS c ON c.table_schema = tc.constraint_schema AND tc.table_name = c.table_name AND ccu.column_name = c.column_name WHERE constraint_type IN ('PRIMARY KEY', 'UNIQUE') AND c.table_catalog = $1$ AND c.table_schema = CURRENT_SCHEMA() AND c.table_name = $2$

2025/02/13 14:39:24 /home/bryan/repos/skripsi/backend/setup/setup.go:78
[1.588ms] [rows:-] SELECT a.attname as column_name, format_type(a.atttypid, a.atttypmod) AS data_type
		FROM pg_attribute a JOIN pg_class b ON a.attrelid = b.oid AND relnamespace = (SELECT oid FROM pg_catalog.pg_namespace WHERE nspname = CURRENT_SCHEMA())
		WHERE a.attnum > 0 -- hide internal columns
		AND NOT a.attisdropped -- hide deleted columns
		AND b.relname = $1$

2025/02/13 14:39:24 /home/bryan/repos/skripsi/backend/setup/setup.go:78
[5.395ms] [rows:0] SELECT description FROM pg_catalog.pg_description WHERE objsubid = (SELECT ordinal_position FROM information_schema.columns WHERE table_schema = CURRENT_SCHEMA() AND table_name = 'users' AND column_name = 'id') AND objoid = (SELECT oid FROM pg_catalog.pg_class WHERE relname = 'users' AND relnamespace = (SELECT oid FROM pg_catalog.pg_namespace WHERE nspname = CURRENT_SCHEMA()))

2025/02/13 14:39:24 /home/bryan/repos/skripsi/backend/setup/setup.go:78
[5.574ms] [rows:0] SELECT description FROM pg_catalog.pg_description WHERE objsubid = (SELECT ordinal_position FROM information_schema.columns WHERE table_schema = CURRENT_SCHEMA() AND table_name = 'users' AND column_name = 'created_at') AND objoid = (SELECT oid FROM pg_catalog.pg_class WHERE relname = 'users' AND relnamespace = (SELECT oid FROM pg_catalog.pg_namespace WHERE nspname = CURRENT_SCHEMA()))

2025/02/13 14:39:24 /home/bryan/repos/skripsi/backend/setup/setup.go:78
[5.612ms] [rows:0] SELECT description FROM pg_catalog.pg_description WHERE objsubid = (SELECT ordinal_position FROM information_schema.columns WHERE table_schema = CURRENT_SCHEMA() AND table_name = 'users' AND column_name = 'updated_at') AND objoid = (SELECT oid FROM pg_catalog.pg_class WHERE relname = 'users' AND relnamespace = (SELECT oid FROM pg_catalog.pg_namespace WHERE nspname = CURRENT_SCHEMA()))

2025/02/13 14:39:24 /home/bryan/repos/skripsi/backend/setup/setup.go:78
[5.754ms] [rows:0] SELECT description FROM pg_catalog.pg_description WHERE objsubid = (SELECT ordinal_position FROM information_schema.columns WHERE table_schema = CURRENT_SCHEMA() AND table_name = 'users' AND column_name = 'deleted_at') AND objoid = (SELECT oid FROM pg_catalog.pg_class WHERE relname = 'users' AND relnamespace = (SELECT oid FROM pg_catalog.pg_namespace WHERE nspname = CURRENT_SCHEMA()))

2025/02/13 14:39:24 /home/bryan/repos/skripsi/backend/setup/setup.go:78
[1.457ms] [rows:0] SELECT description FROM pg_catalog.pg_description WHERE objsubid = (SELECT ordinal_position FROM information_schema.columns WHERE table_schema = CURRENT_SCHEMA() AND table_name = 'users' AND column_name = 'name') AND objoid = (SELECT oid FROM pg_catalog.pg_class WHERE relname = 'users' AND relnamespace = (SELECT oid FROM pg_catalog.pg_namespace WHERE nspname = CURRENT_SCHEMA()))

2025/02/13 14:39:24 /home/bryan/repos/skripsi/backend/setup/setup.go:78
[1.383ms] [rows:0] SELECT description FROM pg_catalog.pg_description WHERE objsubid = (SELECT ordinal_position FROM information_schema.columns WHERE table_schema = CURRENT_SCHEMA() AND table_name = 'users' AND column_name = 'email') AND objoid = (SELECT oid FROM pg_catalog.pg_class WHERE relname = 'users' AND relnamespace = (SELECT oid FROM pg_catalog.pg_namespace WHERE nspname = CURRENT_SCHEMA()))

2025/02/13 14:39:24 /home/bryan/repos/skripsi/backend/setup/setup.go:78
[1.388ms] [rows:0] SELECT description FROM pg_catalog.pg_description WHERE objsubid = (SELECT ordinal_position FROM information_schema.columns WHERE table_schema = CURRENT_SCHEMA() AND table_name = 'users' AND column_name = 'password') AND objoid = (SELECT oid FROM pg_catalog.pg_class WHERE relname = 'users' AND relnamespace = (SELECT oid FROM pg_catalog.pg_namespace WHERE nspname = CURRENT_SCHEMA()))

2025/02/13 14:39:24 /home/bryan/repos/skripsi/backend/setup/setup.go:78
[1.372ms] [rows:0] SELECT description FROM pg_catalog.pg_description WHERE objsubid = (SELECT ordinal_position FROM information_schema.columns WHERE table_schema = CURRENT_SCHEMA() AND table_name = 'users' AND column_name = 'image_url') AND objoid = (SELECT oid FROM pg_catalog.pg_class WHERE relname = 'users' AND relnamespace = (SELECT oid FROM pg_catalog.pg_namespace WHERE nspname = CURRENT_SCHEMA()))

2025/02/13 14:39:24 /home/bryan/repos/skripsi/backend/setup/setup.go:78
[1.425ms] [rows:0] SELECT description FROM pg_catalog.pg_description WHERE objsubid = (SELECT ordinal_position FROM information_schema.columns WHERE table_schema = CURRENT_SCHEMA() AND table_name = 'users' AND column_name = 'role_id') AND objoid = (SELECT oid FROM pg_catalog.pg_class WHERE relname = 'users' AND relnamespace = (SELECT oid FROM pg_catalog.pg_namespace WHERE nspname = CURRENT_SCHEMA()))

2025/02/13 14:39:24 /home/bryan/repos/skripsi/backend/setup/setup.go:78
[5.770ms] [rows:1] SELECT count(*) FROM INFORMATION_SCHEMA.table_constraints WHERE table_schema = CURRENT_SCHEMA() AND table_name = 'users' AND constraint_name = 'fk_roles_users'

2025/02/13 14:39:24 /home/bryan/repos/skripsi/backend/setup/setup.go:78
[6.145ms] [rows:1] SELECT count(*) FROM pg_indexes WHERE tablename = 'users' AND indexname = 'idx_users_deleted_at' AND schemaname = CURRENT_SCHEMA()

2025/02/13 14:39:24 /home/bryan/repos/skripsi/backend/setup/setup.go:78
[2.261ms] [rows:1] SELECT count(*) FROM information_schema.tables WHERE table_schema = CURRENT_SCHEMA() AND table_name = 'vet_specialties' AND table_type = 'BASE TABLE'

2025/02/13 14:39:24 /home/bryan/repos/skripsi/backend/setup/setup.go:78
[0.853ms] [rows:1] SELECT CURRENT_DATABASE()

2025/02/13 14:39:24 /home/bryan/repos/skripsi/backend/setup/setup.go:78
[11.627ms] [rows:-] SELECT c.column_name, c.is_nullable = 'YES', c.udt_name, c.character_maximum_length, c.numeric_precision, c.numeric_precision_radix, c.numeric_scale, c.datetime_precision, 8 * typlen, c.column_default, pd.description, c.identity_increment FROM information_schema.columns AS c JOIN pg_type AS pgt ON c.udt_name = pgt.typname LEFT JOIN pg_catalog.pg_description as pd ON pd.objsubid = c.ordinal_position AND pd.objoid = (SELECT oid FROM pg_catalog.pg_class WHERE relname = c.table_name AND relnamespace = (SELECT oid FROM pg_catalog.pg_namespace WHERE nspname = c.table_schema)) where table_catalog = $1$ AND table_schema = CURRENT_SCHEMA() AND table_name = $2$

2025/02/13 14:39:24 /home/bryan/repos/skripsi/backend/setup/setup.go:78
[0.863ms] [rows:-] SELECT * FROM "vet_specialties" LIMIT $1$

2025/02/13 14:39:24 /home/bryan/repos/skripsi/backend/setup/setup.go:78
[17.138ms] [rows:-] SELECT constraint_name FROM information_schema.table_constraints tc JOIN information_schema.constraint_column_usage AS ccu USING (constraint_schema, constraint_catalog, table_name, constraint_name) JOIN information_schema.columns AS c ON c.table_schema = tc.constraint_schema AND tc.table_name = c.table_name AND ccu.column_name = c.column_name WHERE constraint_type IN ('PRIMARY KEY', 'UNIQUE') AND c.table_catalog = $1$ AND c.table_schema = CURRENT_SCHEMA() AND c.table_name = $2$ AND constraint_type = $3$

2025/02/13 14:39:24 /home/bryan/repos/skripsi/backend/setup/setup.go:78
[16.473ms] [rows:-] SELECT c.column_name, constraint_name, constraint_type FROM information_schema.table_constraints tc JOIN information_schema.constraint_column_usage AS ccu USING (constraint_schema, constraint_catalog, table_name, constraint_name) JOIN information_schema.columns AS c ON c.table_schema = tc.constraint_schema AND tc.table_name = c.table_name AND ccu.column_name = c.column_name WHERE constraint_type IN ('PRIMARY KEY', 'UNIQUE') AND c.table_catalog = $1$ AND c.table_schema = CURRENT_SCHEMA() AND c.table_name = $2$

2025/02/13 14:39:24 /home/bryan/repos/skripsi/backend/setup/setup.go:78
[1.993ms] [rows:-] SELECT a.attname as column_name, format_type(a.atttypid, a.atttypmod) AS data_type
		FROM pg_attribute a JOIN pg_class b ON a.attrelid = b.oid AND relnamespace = (SELECT oid FROM pg_catalog.pg_namespace WHERE nspname = CURRENT_SCHEMA())
		WHERE a.attnum > 0 -- hide internal columns
		AND NOT a.attisdropped -- hide deleted columns
		AND b.relname = $1$

2025/02/13 14:39:24 /home/bryan/repos/skripsi/backend/setup/setup.go:78
[1.887ms] [rows:0] SELECT description FROM pg_catalog.pg_description WHERE objsubid = (SELECT ordinal_position FROM information_schema.columns WHERE table_schema = CURRENT_SCHEMA() AND table_name = 'vet_specialties' AND column_name = 'id') AND objoid = (SELECT oid FROM pg_catalog.pg_class WHERE relname = 'vet_specialties' AND relnamespace = (SELECT oid FROM pg_catalog.pg_namespace WHERE nspname = CURRENT_SCHEMA()))

2025/02/13 14:39:24 /home/bryan/repos/skripsi/backend/setup/setup.go:78
[1.922ms] [rows:0] SELECT description FROM pg_catalog.pg_description WHERE objsubid = (SELECT ordinal_position FROM information_schema.columns WHERE table_schema = CURRENT_SCHEMA() AND table_name = 'vet_specialties' AND column_name = 'name') AND objoid = (SELECT oid FROM pg_catalog.pg_class WHERE relname = 'vet_specialties' AND relnamespace = (SELECT oid FROM pg_catalog.pg_namespace WHERE nspname = CURRENT_SCHEMA()))

2025/02/13 14:39:24 /home/bryan/repos/skripsi/backend/setup/setup.go:78
[3.074ms] [rows:1] SELECT count(*) FROM information_schema.tables WHERE table_schema = CURRENT_SCHEMA() AND table_name = 'user_vet_specialties' AND table_type = 'BASE TABLE'

2025/02/13 14:39:24 /home/bryan/repos/skripsi/backend/setup/setup.go:78
[1.074ms] [rows:1] SELECT CURRENT_DATABASE()

2025/02/13 14:39:24 /home/bryan/repos/skripsi/backend/setup/setup.go:78
[20.297ms] [rows:-] SELECT c.column_name, c.is_nullable = 'YES', c.udt_name, c.character_maximum_length, c.numeric_precision, c.numeric_precision_radix, c.numeric_scale, c.datetime_precision, 8 * typlen, c.column_default, pd.description, c.identity_increment FROM information_schema.columns AS c JOIN pg_type AS pgt ON c.udt_name = pgt.typname LEFT JOIN pg_catalog.pg_description as pd ON pd.objsubid = c.ordinal_position AND pd.objoid = (SELECT oid FROM pg_catalog.pg_class WHERE relname = c.table_name AND relnamespace = (SELECT oid FROM pg_catalog.pg_namespace WHERE nspname = c.table_schema)) where table_catalog = $1$ AND table_schema = CURRENT_SCHEMA() AND table_name = $2$

2025/02/13 14:39:24 /home/bryan/repos/skripsi/backend/setup/setup.go:78
[2.133ms] [rows:-] SELECT * FROM "user_vet_specialties" LIMIT $1$

2025/02/13 14:39:24 /home/bryan/repos/skripsi/backend/setup/setup.go:78
[38.998ms] [rows:-] SELECT constraint_name FROM information_schema.table_constraints tc JOIN information_schema.constraint_column_usage AS ccu USING (constraint_schema, constraint_catalog, table_name, constraint_name) JOIN information_schema.columns AS c ON c.table_schema = tc.constraint_schema AND tc.table_name = c.table_name AND ccu.column_name = c.column_name WHERE constraint_type IN ('PRIMARY KEY', 'UNIQUE') AND c.table_catalog = $1$ AND c.table_schema = CURRENT_SCHEMA() AND c.table_name = $2$ AND constraint_type = $3$

2025/02/13 14:39:24 /home/bryan/repos/skripsi/backend/setup/setup.go:78
[35.008ms] [rows:-] SELECT c.column_name, constraint_name, constraint_type FROM information_schema.table_constraints tc JOIN information_schema.constraint_column_usage AS ccu USING (constraint_schema, constraint_catalog, table_name, constraint_name) JOIN information_schema.columns AS c ON c.table_schema = tc.constraint_schema AND tc.table_name = c.table_name AND ccu.column_name = c.column_name WHERE constraint_type IN ('PRIMARY KEY', 'UNIQUE') AND c.table_catalog = $1$ AND c.table_schema = CURRENT_SCHEMA() AND c.table_name = $2$

2025/02/13 14:39:24 /home/bryan/repos/skripsi/backend/setup/setup.go:78
[3.118ms] [rows:-] SELECT a.attname as column_name, format_type(a.atttypid, a.atttypmod) AS data_type
		FROM pg_attribute a JOIN pg_class b ON a.attrelid = b.oid AND relnamespace = (SELECT oid FROM pg_catalog.pg_namespace WHERE nspname = CURRENT_SCHEMA())
		WHERE a.attnum > 0 -- hide internal columns
		AND NOT a.attisdropped -- hide deleted columns
		AND b.relname = $1$

2025/02/13 14:39:24 /home/bryan/repos/skripsi/backend/setup/setup.go:78
[3.495ms] [rows:0] SELECT description FROM pg_catalog.pg_description WHERE objsubid = (SELECT ordinal_position FROM information_schema.columns WHERE table_schema = CURRENT_SCHEMA() AND table_name = 'user_vet_specialties' AND column_name = 'user_id') AND objoid = (SELECT oid FROM pg_catalog.pg_class WHERE relname = 'user_vet_specialties' AND relnamespace = (SELECT oid FROM pg_catalog.pg_namespace WHERE nspname = CURRENT_SCHEMA()))

2025/02/13 14:39:24 /home/bryan/repos/skripsi/backend/setup/setup.go:78
[3.926ms] [rows:0] SELECT description FROM pg_catalog.pg_description WHERE objsubid = (SELECT ordinal_position FROM information_schema.columns WHERE table_schema = CURRENT_SCHEMA() AND table_name = 'user_vet_specialties' AND column_name = 'vet_specialty_id') AND objoid = (SELECT oid FROM pg_catalog.pg_class WHERE relname = 'user_vet_specialties' AND relnamespace = (SELECT oid FROM pg_catalog.pg_namespace WHERE nspname = CURRENT_SCHEMA()))

2025/02/13 14:39:24 /home/bryan/repos/skripsi/backend/setup/setup.go:78
[9.947ms] [rows:1] SELECT count(*) FROM INFORMATION_SCHEMA.table_constraints WHERE table_schema = CURRENT_SCHEMA() AND table_name = 'user_vet_specialties' AND constraint_name = 'fk_user_vet_specialties_user'

2025/02/13 14:39:24 /home/bryan/repos/skripsi/backend/setup/setup.go:78
[7.575ms] [rows:1] SELECT count(*) FROM INFORMATION_SCHEMA.table_constraints WHERE table_schema = CURRENT_SCHEMA() AND table_name = 'user_vet_specialties' AND constraint_name = 'fk_user_vet_specialties_vet_specialty'

2025/02/13 14:39:24 /home/bryan/repos/skripsi/backend/setup/setup.go:78
[3.320ms] [rows:1] SELECT count(*) FROM information_schema.tables WHERE table_schema = CURRENT_SCHEMA() AND table_name = 'daily_walks' AND table_type = 'BASE TABLE'

2025/02/13 14:39:24 /home/bryan/repos/skripsi/backend/setup/setup.go:78
[0.837ms] [rows:1] SELECT CURRENT_DATABASE()

2025/02/13 14:39:24 /home/bryan/repos/skripsi/backend/setup/setup.go:78
[12.080ms] [rows:-] SELECT c.column_name, c.is_nullable = 'YES', c.udt_name, c.character_maximum_length, c.numeric_precision, c.numeric_precision_radix, c.numeric_scale, c.datetime_precision, 8 * typlen, c.column_default, pd.description, c.identity_increment FROM information_schema.columns AS c JOIN pg_type AS pgt ON c.udt_name = pgt.typname LEFT JOIN pg_catalog.pg_description as pd ON pd.objsubid = c.ordinal_position AND pd.objoid = (SELECT oid FROM pg_catalog.pg_class WHERE relname = c.table_name AND relnamespace = (SELECT oid FROM pg_catalog.pg_namespace WHERE nspname = c.table_schema)) where table_catalog = $1$ AND table_schema = CURRENT_SCHEMA() AND table_name = $2$

2025/02/13 14:39:24 /home/bryan/repos/skripsi/backend/setup/setup.go:78
[1.120ms] [rows:-] SELECT * FROM "daily_walks" LIMIT $1$

2025/02/13 14:39:24 /home/bryan/repos/skripsi/backend/setup/setup.go:78
[16.322ms] [rows:-] SELECT constraint_name FROM information_schema.table_constraints tc JOIN information_schema.constraint_column_usage AS ccu USING (constraint_schema, constraint_catalog, table_name, constraint_name) JOIN information_schema.columns AS c ON c.table_schema = tc.constraint_schema AND tc.table_name = c.table_name AND ccu.column_name = c.column_name WHERE constraint_type IN ('PRIMARY KEY', 'UNIQUE') AND c.table_catalog = $1$ AND c.table_schema = CURRENT_SCHEMA() AND c.table_name = $2$ AND constraint_type = $3$

2025/02/13 14:39:24 /home/bryan/repos/skripsi/backend/setup/setup.go:78
[15.491ms] [rows:-] SELECT c.column_name, constraint_name, constraint_type FROM information_schema.table_constraints tc JOIN information_schema.constraint_column_usage AS ccu USING (constraint_schema, constraint_catalog, table_name, constraint_name) JOIN information_schema.columns AS c ON c.table_schema = tc.constraint_schema AND tc.table_name = c.table_name AND ccu.column_name = c.column_name WHERE constraint_type IN ('PRIMARY KEY', 'UNIQUE') AND c.table_catalog = $1$ AND c.table_schema = CURRENT_SCHEMA() AND c.table_name = $2$

2025/02/13 14:39:24 /home/bryan/repos/skripsi/backend/setup/setup.go:78
[1.489ms] [rows:-] SELECT a.attname as column_name, format_type(a.atttypid, a.atttypmod) AS data_type
		FROM pg_attribute a JOIN pg_class b ON a.attrelid = b.oid AND relnamespace = (SELECT oid FROM pg_catalog.pg_namespace WHERE nspname = CURRENT_SCHEMA())
		WHERE a.attnum > 0 -- hide internal columns
		AND NOT a.attisdropped -- hide deleted columns
		AND b.relname = $1$

2025/02/13 14:39:24 /home/bryan/repos/skripsi/backend/setup/setup.go:78
[1.452ms] [rows:0] SELECT description FROM pg_catalog.pg_description WHERE objsubid = (SELECT ordinal_position FROM information_schema.columns WHERE table_schema = CURRENT_SCHEMA() AND table_name = 'daily_walks' AND column_name = 'id') AND objoid = (SELECT oid FROM pg_catalog.pg_class WHERE relname = 'daily_walks' AND relnamespace = (SELECT oid FROM pg_catalog.pg_namespace WHERE nspname = CURRENT_SCHEMA()))

2025/02/13 14:39:24 /home/bryan/repos/skripsi/backend/setup/setup.go:78
[1.457ms] [rows:0] SELECT description FROM pg_catalog.pg_description WHERE objsubid = (SELECT ordinal_position FROM information_schema.columns WHERE table_schema = CURRENT_SCHEMA() AND table_name = 'daily_walks' AND column_name = 'name') AND objoid = (SELECT oid FROM pg_catalog.pg_class WHERE relname = 'daily_walks' AND relnamespace = (SELECT oid FROM pg_catalog.pg_namespace WHERE nspname = CURRENT_SCHEMA()))

2025/02/13 14:39:24 /home/bryan/repos/skripsi/backend/setup/setup.go:78
[2.092ms] [rows:1] SELECT count(*) FROM information_schema.tables WHERE table_schema = CURRENT_SCHEMA() AND table_name = 'daily_playtimes' AND table_type = 'BASE TABLE'

2025/02/13 14:39:24 /home/bryan/repos/skripsi/backend/setup/setup.go:78
[0.663ms] [rows:1] SELECT CURRENT_DATABASE()

2025/02/13 14:39:24 /home/bryan/repos/skripsi/backend/setup/setup.go:78
[10.993ms] [rows:-] SELECT c.column_name, c.is_nullable = 'YES', c.udt_name, c.character_maximum_length, c.numeric_precision, c.numeric_precision_radix, c.numeric_scale, c.datetime_precision, 8 * typlen, c.column_default, pd.description, c.identity_increment FROM information_schema.columns AS c JOIN pg_type AS pgt ON c.udt_name = pgt.typname LEFT JOIN pg_catalog.pg_description as pd ON pd.objsubid = c.ordinal_position AND pd.objoid = (SELECT oid FROM pg_catalog.pg_class WHERE relname = c.table_name AND relnamespace = (SELECT oid FROM pg_catalog.pg_namespace WHERE nspname = c.table_schema)) where table_catalog = $1$ AND table_schema = CURRENT_SCHEMA() AND table_name = $2$

2025/02/13 14:39:24 /home/bryan/repos/skripsi/backend/setup/setup.go:78
[0.856ms] [rows:-] SELECT * FROM "daily_playtimes" LIMIT $1$

2025/02/13 14:39:24 /home/bryan/repos/skripsi/backend/setup/setup.go:78
[15.469ms] [rows:-] SELECT constraint_name FROM information_schema.table_constraints tc JOIN information_schema.constraint_column_usage AS ccu USING (constraint_schema, constraint_catalog, table_name, constraint_name) JOIN information_schema.columns AS c ON c.table_schema = tc.constraint_schema AND tc.table_name = c.table_name AND ccu.column_name = c.column_name WHERE constraint_type IN ('PRIMARY KEY', 'UNIQUE') AND c.table_catalog = $1$ AND c.table_schema = CURRENT_SCHEMA() AND c.table_name = $2$ AND constraint_type = $3$

2025/02/13 14:39:24 /home/bryan/repos/skripsi/backend/setup/setup.go:78
[16.179ms] [rows:-] SELECT c.column_name, constraint_name, constraint_type FROM information_schema.table_constraints tc JOIN information_schema.constraint_column_usage AS ccu USING (constraint_schema, constraint_catalog, table_name, constraint_name) JOIN information_schema.columns AS c ON c.table_schema = tc.constraint_schema AND tc.table_name = c.table_name AND ccu.column_name = c.column_name WHERE constraint_type IN ('PRIMARY KEY', 'UNIQUE') AND c.table_catalog = $1$ AND c.table_schema = CURRENT_SCHEMA() AND c.table_name = $2$

2025/02/13 14:39:24 /home/bryan/repos/skripsi/backend/setup/setup.go:78
[1.750ms] [rows:-] SELECT a.attname as column_name, format_type(a.atttypid, a.atttypmod) AS data_type
		FROM pg_attribute a JOIN pg_class b ON a.attrelid = b.oid AND relnamespace = (SELECT oid FROM pg_catalog.pg_namespace WHERE nspname = CURRENT_SCHEMA())
		WHERE a.attnum > 0 -- hide internal columns
		AND NOT a.attisdropped -- hide deleted columns
		AND b.relname = $1$

2025/02/13 14:39:24 /home/bryan/repos/skripsi/backend/setup/setup.go:78
[1.643ms] [rows:0] SELECT description FROM pg_catalog.pg_description WHERE objsubid = (SELECT ordinal_position FROM information_schema.columns WHERE table_schema = CURRENT_SCHEMA() AND table_name = 'daily_playtimes' AND column_name = 'id') AND objoid = (SELECT oid FROM pg_catalog.pg_class WHERE relname = 'daily_playtimes' AND relnamespace = (SELECT oid FROM pg_catalog.pg_namespace WHERE nspname = CURRENT_SCHEMA()))

2025/02/13 14:39:24 /home/bryan/repos/skripsi/backend/setup/setup.go:78
[2.162ms] [rows:0] SELECT description FROM pg_catalog.pg_description WHERE objsubid = (SELECT ordinal_position FROM information_schema.columns WHERE table_schema = CURRENT_SCHEMA() AND table_name = 'daily_playtimes' AND column_name = 'name') AND objoid = (SELECT oid FROM pg_catalog.pg_class WHERE relname = 'daily_playtimes' AND relnamespace = (SELECT oid FROM pg_catalog.pg_namespace WHERE nspname = CURRENT_SCHEMA()))

2025/02/13 14:39:24 /home/bryan/repos/skripsi/backend/setup/setup.go:78
[1.047ms] [rows:1] SELECT count(*) FROM information_schema.tables WHERE table_schema = CURRENT_SCHEMA() AND table_name = 'pet_daycares' AND table_type = 'BASE TABLE'

2025/02/13 14:39:24 /home/bryan/repos/skripsi/backend/setup/setup.go:78
[0.686ms] [rows:1] SELECT CURRENT_DATABASE()

2025/02/13 14:39:24 /home/bryan/repos/skripsi/backend/setup/setup.go:78
[4.546ms] [rows:-] SELECT c.column_name, c.is_nullable = 'YES', c.udt_name, c.character_maximum_length, c.numeric_precision, c.numeric_precision_radix, c.numeric_scale, c.datetime_precision, 8 * typlen, c.column_default, pd.description, c.identity_increment FROM information_schema.columns AS c JOIN pg_type AS pgt ON c.udt_name = pgt.typname LEFT JOIN pg_catalog.pg_description as pd ON pd.objsubid = c.ordinal_position AND pd.objoid = (SELECT oid FROM pg_catalog.pg_class WHERE relname = c.table_name AND relnamespace = (SELECT oid FROM pg_catalog.pg_namespace WHERE nspname = c.table_schema)) where table_catalog = $1$ AND table_schema = CURRENT_SCHEMA() AND table_name = $2$

2025/02/13 14:39:24 /home/bryan/repos/skripsi/backend/setup/setup.go:78
[1.066ms] [rows:-] SELECT * FROM "pet_daycares" LIMIT $1$

2025/02/13 14:39:24 /home/bryan/repos/skripsi/backend/setup/setup.go:78
[6.372ms] [rows:-] SELECT constraint_name FROM information_schema.table_constraints tc JOIN information_schema.constraint_column_usage AS ccu USING (constraint_schema, constraint_catalog, table_name, constraint_name) JOIN information_schema.columns AS c ON c.table_schema = tc.constraint_schema AND tc.table_name = c.table_name AND ccu.column_name = c.column_name WHERE constraint_type IN ('PRIMARY KEY', 'UNIQUE') AND c.table_catalog = $1$ AND c.table_schema = CURRENT_SCHEMA() AND c.table_name = $2$ AND constraint_type = $3$

2025/02/13 14:39:24 /home/bryan/repos/skripsi/backend/setup/setup.go:78
[6.427ms] [rows:-] SELECT c.column_name, constraint_name, constraint_type FROM information_schema.table_constraints tc JOIN information_schema.constraint_column_usage AS ccu USING (constraint_schema, constraint_catalog, table_name, constraint_name) JOIN information_schema.columns AS c ON c.table_schema = tc.constraint_schema AND tc.table_name = c.table_name AND ccu.column_name = c.column_name WHERE constraint_type IN ('PRIMARY KEY', 'UNIQUE') AND c.table_catalog = $1$ AND c.table_schema = CURRENT_SCHEMA() AND c.table_name = $2$

2025/02/13 14:39:24 /home/bryan/repos/skripsi/backend/setup/setup.go:78
[1.126ms] [rows:-] SELECT a.attname as column_name, format_type(a.atttypid, a.atttypmod) AS data_type
		FROM pg_attribute a JOIN pg_class b ON a.attrelid = b.oid AND relnamespace = (SELECT oid FROM pg_catalog.pg_namespace WHERE nspname = CURRENT_SCHEMA())
		WHERE a.attnum > 0 -- hide internal columns
		AND NOT a.attisdropped -- hide deleted columns
		AND b.relname = $1$

2025/02/13 14:39:24 /home/bryan/repos/skripsi/backend/setup/setup.go:78
[1.377ms] [rows:0] SELECT description FROM pg_catalog.pg_description WHERE objsubid = (SELECT ordinal_position FROM information_schema.columns WHERE table_schema = CURRENT_SCHEMA() AND table_name = 'pet_daycares' AND column_name = 'id') AND objoid = (SELECT oid FROM pg_catalog.pg_class WHERE relname = 'pet_daycares' AND relnamespace = (SELECT oid FROM pg_catalog.pg_namespace WHERE nspname = CURRENT_SCHEMA()))

2025/02/13 14:39:24 /home/bryan/repos/skripsi/backend/setup/setup.go:78
[1.477ms] [rows:0] SELECT description FROM pg_catalog.pg_description WHERE objsubid = (SELECT ordinal_position FROM information_schema.columns WHERE table_schema = CURRENT_SCHEMA() AND table_name = 'pet_daycares' AND column_name = 'created_at') AND objoid = (SELECT oid FROM pg_catalog.pg_class WHERE relname = 'pet_daycares' AND relnamespace = (SELECT oid FROM pg_catalog.pg_namespace WHERE nspname = CURRENT_SCHEMA()))

2025/02/13 14:39:24 /home/bryan/repos/skripsi/backend/setup/setup.go:78
[1.430ms] [rows:0] SELECT description FROM pg_catalog.pg_description WHERE objsubid = (SELECT ordinal_position FROM information_schema.columns WHERE table_schema = CURRENT_SCHEMA() AND table_name = 'pet_daycares' AND column_name = 'updated_at') AND objoid = (SELECT oid FROM pg_catalog.pg_class WHERE relname = 'pet_daycares' AND relnamespace = (SELECT oid FROM pg_catalog.pg_namespace WHERE nspname = CURRENT_SCHEMA()))

2025/02/13 14:39:24 /home/bryan/repos/skripsi/backend/setup/setup.go:78
[1.415ms] [rows:0] SELECT description FROM pg_catalog.pg_description WHERE objsubid = (SELECT ordinal_position FROM information_schema.columns WHERE table_schema = CURRENT_SCHEMA() AND table_name = 'pet_daycares' AND column_name = 'deleted_at') AND objoid = (SELECT oid FROM pg_catalog.pg_class WHERE relname = 'pet_daycares' AND relnamespace = (SELECT oid FROM pg_catalog.pg_namespace WHERE nspname = CURRENT_SCHEMA()))

2025/02/13 14:39:24 /home/bryan/repos/skripsi/backend/setup/setup.go:78
[1.369ms] [rows:0] SELECT description FROM pg_catalog.pg_description WHERE objsubid = (SELECT ordinal_position FROM information_schema.columns WHERE table_schema = CURRENT_SCHEMA() AND table_name = 'pet_daycares' AND column_name = 'name') AND objoid = (SELECT oid FROM pg_catalog.pg_class WHERE relname = 'pet_daycares' AND relnamespace = (SELECT oid FROM pg_catalog.pg_namespace WHERE nspname = CURRENT_SCHEMA()))

2025/02/13 14:39:24 /home/bryan/repos/skripsi/backend/setup/setup.go:78
[1.453ms] [rows:0] SELECT description FROM pg_catalog.pg_description WHERE objsubid = (SELECT ordinal_position FROM information_schema.columns WHERE table_schema = CURRENT_SCHEMA() AND table_name = 'pet_daycares' AND column_name = 'address') AND objoid = (SELECT oid FROM pg_catalog.pg_class WHERE relname = 'pet_daycares' AND relnamespace = (SELECT oid FROM pg_catalog.pg_namespace WHERE nspname = CURRENT_SCHEMA()))

2025/02/13 14:39:24 /home/bryan/repos/skripsi/backend/setup/setup.go:78
[1.325ms] [rows:0] SELECT description FROM pg_catalog.pg_description WHERE objsubid = (SELECT ordinal_position FROM information_schema.columns WHERE table_schema = CURRENT_SCHEMA() AND table_name = 'pet_daycares' AND column_name = 'latitude') AND objoid = (SELECT oid FROM pg_catalog.pg_class WHERE relname = 'pet_daycares' AND relnamespace = (SELECT oid FROM pg_catalog.pg_namespace WHERE nspname = CURRENT_SCHEMA()))

2025/02/13 14:39:24 /home/bryan/repos/skripsi/backend/setup/setup.go:78
[1.425ms] [rows:0] SELECT description FROM pg_catalog.pg_description WHERE objsubid = (SELECT ordinal_position FROM information_schema.columns WHERE table_schema = CURRENT_SCHEMA() AND table_name = 'pet_daycares' AND column_name = 'longitude') AND objoid = (SELECT oid FROM pg_catalog.pg_class WHERE relname = 'pet_daycares' AND relnamespace = (SELECT oid FROM pg_catalog.pg_namespace WHERE nspname = CURRENT_SCHEMA()))

2025/02/13 14:39:24 /home/bryan/repos/skripsi/backend/setup/setup.go:78
[1.384ms] [rows:0] SELECT description FROM pg_catalog.pg_description WHERE objsubid = (SELECT ordinal_position FROM information_schema.columns WHERE table_schema = CURRENT_SCHEMA() AND table_name = 'pet_daycares' AND column_name = 'price') AND objoid = (SELECT oid FROM pg_catalog.pg_class WHERE relname = 'pet_daycares' AND relnamespace = (SELECT oid FROM pg_catalog.pg_namespace WHERE nspname = CURRENT_SCHEMA()))

2025/02/13 14:39:24 /home/bryan/repos/skripsi/backend/setup/setup.go:78
[1.434ms] [rows:0] SELECT description FROM pg_catalog.pg_description WHERE objsubid = (SELECT ordinal_position FROM information_schema.columns WHERE table_schema = CURRENT_SCHEMA() AND table_name = 'pet_daycares' AND column_name = 'pricing_type') AND objoid = (SELECT oid FROM pg_catalog.pg_class WHERE relname = 'pet_daycares' AND relnamespace = (SELECT oid FROM pg_catalog.pg_namespace WHERE nspname = CURRENT_SCHEMA()))

2025/02/13 14:39:24 /home/bryan/repos/skripsi/backend/setup/setup.go:78
[1.623ms] [rows:0] SELECT description FROM pg_catalog.pg_description WHERE objsubid = (SELECT ordinal_position FROM information_schema.columns WHERE table_schema = CURRENT_SCHEMA() AND table_name = 'pet_daycares' AND column_name = 'description') AND objoid = (SELECT oid FROM pg_catalog.pg_class WHERE relname = 'pet_daycares' AND relnamespace = (SELECT oid FROM pg_catalog.pg_namespace WHERE nspname = CURRENT_SCHEMA()))

2025/02/13 14:39:24 /home/bryan/repos/skripsi/backend/setup/setup.go:78
[1.496ms] [rows:0] SELECT description FROM pg_catalog.pg_description WHERE objsubid = (SELECT ordinal_position FROM information_schema.columns WHERE table_schema = CURRENT_SCHEMA() AND table_name = 'pet_daycares' AND column_name = 'has_pickup_service') AND objoid = (SELECT oid FROM pg_catalog.pg_class WHERE relname = 'pet_daycares' AND relnamespace = (SELECT oid FROM pg_catalog.pg_namespace WHERE nspname = CURRENT_SCHEMA()))

2025/02/13 14:39:24 /home/bryan/repos/skripsi/backend/setup/setup.go:78
[1.417ms] [rows:0] SELECT description FROM pg_catalog.pg_description WHERE objsubid = (SELECT ordinal_position FROM information_schema.columns WHERE table_schema = CURRENT_SCHEMA() AND table_name = 'pet_daycares' AND column_name = 'must_be_vaccinated') AND objoid = (SELECT oid FROM pg_catalog.pg_class WHERE relname = 'pet_daycares' AND relnamespace = (SELECT oid FROM pg_catalog.pg_namespace WHERE nspname = CURRENT_SCHEMA()))

2025/02/13 14:39:24 /home/bryan/repos/skripsi/backend/setup/setup.go:78
[1.594ms] [rows:0] SELECT description FROM pg_catalog.pg_description WHERE objsubid = (SELECT ordinal_position FROM information_schema.columns WHERE table_schema = CURRENT_SCHEMA() AND table_name = 'pet_daycares' AND column_name = 'food_provided') AND objoid = (SELECT oid FROM pg_catalog.pg_class WHERE relname = 'pet_daycares' AND relnamespace = (SELECT oid FROM pg_catalog.pg_namespace WHERE nspname = CURRENT_SCHEMA()))

2025/02/13 14:39:24 /home/bryan/repos/skripsi/backend/setup/setup.go:78
[1.674ms] [rows:0] SELECT description FROM pg_catalog.pg_description WHERE objsubid = (SELECT ordinal_position FROM information_schema.columns WHERE table_schema = CURRENT_SCHEMA() AND table_name = 'pet_daycares' AND column_name = 'grooming_available') AND objoid = (SELECT oid FROM pg_catalog.pg_class WHERE relname = 'pet_daycares' AND relnamespace = (SELECT oid FROM pg_catalog.pg_namespace WHERE nspname = CURRENT_SCHEMA()))

2025/02/13 14:39:24 /home/bryan/repos/skripsi/backend/setup/setup.go:78
[1.462ms] [rows:0] SELECT description FROM pg_catalog.pg_description WHERE objsubid = (SELECT ordinal_position FROM information_schema.columns WHERE table_schema = CURRENT_SCHEMA() AND table_name = 'pet_daycares' AND column_name = 'booked_num') AND objoid = (SELECT oid FROM pg_catalog.pg_class WHERE relname = 'pet_daycares' AND relnamespace = (SELECT oid FROM pg_catalog.pg_namespace WHERE nspname = CURRENT_SCHEMA()))

2025/02/13 14:39:24 /home/bryan/repos/skripsi/backend/setup/setup.go:78
[1.543ms] [rows:0] SELECT description FROM pg_catalog.pg_description WHERE objsubid = (SELECT ordinal_position FROM information_schema.columns WHERE table_schema = CURRENT_SCHEMA() AND table_name = 'pet_daycares' AND column_name = 'daily_walks_id') AND objoid = (SELECT oid FROM pg_catalog.pg_class WHERE relname = 'pet_daycares' AND relnamespace = (SELECT oid FROM pg_catalog.pg_namespace WHERE nspname = CURRENT_SCHEMA()))

2025/02/13 14:39:24 /home/bryan/repos/skripsi/backend/setup/setup.go:78
[1.533ms] [rows:0] SELECT description FROM pg_catalog.pg_description WHERE objsubid = (SELECT ordinal_position FROM information_schema.columns WHERE table_schema = CURRENT_SCHEMA() AND table_name = 'pet_daycares' AND column_name = 'daily_playtime_id') AND objoid = (SELECT oid FROM pg_catalog.pg_class WHERE relname = 'pet_daycares' AND relnamespace = (SELECT oid FROM pg_catalog.pg_namespace WHERE nspname = CURRENT_SCHEMA()))

2025/02/13 14:39:24 /home/bryan/repos/skripsi/backend/setup/setup.go:78
[1.366ms] [rows:0] SELECT description FROM pg_catalog.pg_description WHERE objsubid = (SELECT ordinal_position FROM information_schema.columns WHERE table_schema = CURRENT_SCHEMA() AND table_name = 'pet_daycares' AND column_name = 'owner_id') AND objoid = (SELECT oid FROM pg_catalog.pg_class WHERE relname = 'pet_daycares' AND relnamespace = (SELECT oid FROM pg_catalog.pg_namespace WHERE nspname = CURRENT_SCHEMA()))

2025/02/13 14:39:24 /home/bryan/repos/skripsi/backend/setup/setup.go:78
[1.537ms] [rows:0] SELECT description FROM pg_catalog.pg_description WHERE objsubid = (SELECT ordinal_position FROM information_schema.columns WHERE table_schema = CURRENT_SCHEMA() AND table_name = 'pet_daycares' AND column_name = 'food_brand') AND objoid = (SELECT oid FROM pg_catalog.pg_class WHERE relname = 'pet_daycares' AND relnamespace = (SELECT oid FROM pg_catalog.pg_namespace WHERE nspname = CURRENT_SCHEMA()))

2025/02/13 14:39:24 /home/bryan/repos/skripsi/backend/setup/setup.go:78
[3.725ms] [rows:1] SELECT count(*) FROM INFORMATION_SCHEMA.table_constraints WHERE table_schema = CURRENT_SCHEMA() AND table_name = 'pet_daycares' AND constraint_name = 'fk_users_pet_daycare'

2025/02/13 14:39:24 /home/bryan/repos/skripsi/backend/setup/setup.go:78
[3.676ms] [rows:1] SELECT count(*) FROM INFORMATION_SCHEMA.table_constraints WHERE table_schema = CURRENT_SCHEMA() AND table_name = 'pet_daycares' AND constraint_name = 'fk_pet_daycares_daily_walks'

2025/02/13 14:39:24 /home/bryan/repos/skripsi/backend/setup/setup.go:78
[3.771ms] [rows:1] SELECT count(*) FROM INFORMATION_SCHEMA.table_constraints WHERE table_schema = CURRENT_SCHEMA() AND table_name = 'pet_daycares' AND constraint_name = 'fk_pet_daycares_daily_playtime'

2025/02/13 14:39:24 /home/bryan/repos/skripsi/backend/setup/setup.go:78
[3.105ms] [rows:1] SELECT count(*) FROM pg_indexes WHERE tablename = 'pet_daycares' AND indexname = 'idx_pet_daycares_deleted_at' AND schemaname = CURRENT_SCHEMA()

2025/02/13 14:39:24 /home/bryan/repos/skripsi/backend/setup/setup.go:78
[1.083ms] [rows:1] SELECT count(*) FROM information_schema.tables WHERE table_schema = CURRENT_SCHEMA() AND table_name = 'species' AND table_type = 'BASE TABLE'

2025/02/13 14:39:24 /home/bryan/repos/skripsi/backend/setup/setup.go:78
[0.719ms] [rows:1] SELECT CURRENT_DATABASE()

2025/02/13 14:39:24 /home/bryan/repos/skripsi/backend/setup/setup.go:78
[2.657ms] [rows:-] SELECT c.column_name, c.is_nullable = 'YES', c.udt_name, c.character_maximum_length, c.numeric_precision, c.numeric_precision_radix, c.numeric_scale, c.datetime_precision, 8 * typlen, c.column_default, pd.description, c.identity_increment FROM information_schema.columns AS c JOIN pg_type AS pgt ON c.udt_name = pgt.typname LEFT JOIN pg_catalog.pg_description as pd ON pd.objsubid = c.ordinal_position AND pd.objoid = (SELECT oid FROM pg_catalog.pg_class WHERE relname = c.table_name AND relnamespace = (SELECT oid FROM pg_catalog.pg_namespace WHERE nspname = c.table_schema)) where table_catalog = $1$ AND table_schema = CURRENT_SCHEMA() AND table_name = $2$

2025/02/13 14:39:24 /home/bryan/repos/skripsi/backend/setup/setup.go:78
[0.922ms] [rows:-] SELECT * FROM "species" LIMIT $1$

2025/02/13 14:39:24 /home/bryan/repos/skripsi/backend/setup/setup.go:78
[2.208ms] [rows:-] SELECT constraint_name FROM information_schema.table_constraints tc JOIN information_schema.constraint_column_usage AS ccu USING (constraint_schema, constraint_catalog, table_name, constraint_name) JOIN information_schema.columns AS c ON c.table_schema = tc.constraint_schema AND tc.table_name = c.table_name AND ccu.column_name = c.column_name WHERE constraint_type IN ('PRIMARY KEY', 'UNIQUE') AND c.table_catalog = $1$ AND c.table_schema = CURRENT_SCHEMA() AND c.table_name = $2$ AND constraint_type = $3$

2025/02/13 14:39:24 /home/bryan/repos/skripsi/backend/setup/setup.go:78
[2.302ms] [rows:-] SELECT c.column_name, constraint_name, constraint_type FROM information_schema.table_constraints tc JOIN information_schema.constraint_column_usage AS ccu USING (constraint_schema, constraint_catalog, table_name, constraint_name) JOIN information_schema.columns AS c ON c.table_schema = tc.constraint_schema AND tc.table_name = c.table_name AND ccu.column_name = c.column_name WHERE constraint_type IN ('PRIMARY KEY', 'UNIQUE') AND c.table_catalog = $1$ AND c.table_schema = CURRENT_SCHEMA() AND c.table_name = $2$

2025/02/13 14:39:24 /home/bryan/repos/skripsi/backend/setup/setup.go:78
[1.033ms] [rows:-] SELECT a.attname as column_name, format_type(a.atttypid, a.atttypmod) AS data_type
		FROM pg_attribute a JOIN pg_class b ON a.attrelid = b.oid AND relnamespace = (SELECT oid FROM pg_catalog.pg_namespace WHERE nspname = CURRENT_SCHEMA())
		WHERE a.attnum > 0 -- hide internal columns
		AND NOT a.attisdropped -- hide deleted columns
		AND b.relname = $1$

2025/02/13 14:39:24 /home/bryan/repos/skripsi/backend/setup/setup.go:78
[1.482ms] [rows:0] SELECT description FROM pg_catalog.pg_description WHERE objsubid = (SELECT ordinal_position FROM information_schema.columns WHERE table_schema = CURRENT_SCHEMA() AND table_name = 'species' AND column_name = 'id') AND objoid = (SELECT oid FROM pg_catalog.pg_class WHERE relname = 'species' AND relnamespace = (SELECT oid FROM pg_catalog.pg_namespace WHERE nspname = CURRENT_SCHEMA()))

2025/02/13 14:39:24 /home/bryan/repos/skripsi/backend/setup/setup.go:78
[1.628ms] [rows:0] SELECT description FROM pg_catalog.pg_description WHERE objsubid = (SELECT ordinal_position FROM information_schema.columns WHERE table_schema = CURRENT_SCHEMA() AND table_name = 'species' AND column_name = 'name') AND objoid = (SELECT oid FROM pg_catalog.pg_class WHERE relname = 'species' AND relnamespace = (SELECT oid FROM pg_catalog.pg_namespace WHERE nspname = CURRENT_SCHEMA()))

2025/02/13 14:39:24 /home/bryan/repos/skripsi/backend/setup/setup.go:78
[1.055ms] [rows:1] SELECT count(*) FROM information_schema.tables WHERE table_schema = CURRENT_SCHEMA() AND table_name = 'size_categories' AND table_type = 'BASE TABLE'

2025/02/13 14:39:24 /home/bryan/repos/skripsi/backend/setup/setup.go:78
[0.680ms] [rows:1] SELECT CURRENT_DATABASE()

2025/02/13 14:39:24 /home/bryan/repos/skripsi/backend/setup/setup.go:78
[2.859ms] [rows:-] SELECT c.column_name, c.is_nullable = 'YES', c.udt_name, c.character_maximum_length, c.numeric_precision, c.numeric_precision_radix, c.numeric_scale, c.datetime_precision, 8 * typlen, c.column_default, pd.description, c.identity_increment FROM information_schema.columns AS c JOIN pg_type AS pgt ON c.udt_name = pgt.typname LEFT JOIN pg_catalog.pg_description as pd ON pd.objsubid = c.ordinal_position AND pd.objoid = (SELECT oid FROM pg_catalog.pg_class WHERE relname = c.table_name AND relnamespace = (SELECT oid FROM pg_catalog.pg_namespace WHERE nspname = c.table_schema)) where table_catalog = $1$ AND table_schema = CURRENT_SCHEMA() AND table_name = $2$

2025/02/13 14:39:24 /home/bryan/repos/skripsi/backend/setup/setup.go:78
[0.779ms] [rows:-] SELECT * FROM "size_categories" LIMIT $1$

2025/02/13 14:39:24 /home/bryan/repos/skripsi/backend/setup/setup.go:78
[2.425ms] [rows:-] SELECT constraint_name FROM information_schema.table_constraints tc JOIN information_schema.constraint_column_usage AS ccu USING (constraint_schema, constraint_catalog, table_name, constraint_name) JOIN information_schema.columns AS c ON c.table_schema = tc.constraint_schema AND tc.table_name = c.table_name AND ccu.column_name = c.column_name WHERE constraint_type IN ('PRIMARY KEY', 'UNIQUE') AND c.table_catalog = $1$ AND c.table_schema = CURRENT_SCHEMA() AND c.table_name = $2$ AND constraint_type = $3$

2025/02/13 14:39:24 /home/bryan/repos/skripsi/backend/setup/setup.go:78
[2.355ms] [rows:-] SELECT c.column_name, constraint_name, constraint_type FROM information_schema.table_constraints tc JOIN information_schema.constraint_column_usage AS ccu USING (constraint_schema, constraint_catalog, table_name, constraint_name) JOIN information_schema.columns AS c ON c.table_schema = tc.constraint_schema AND tc.table_name = c.table_name AND ccu.column_name = c.column_name WHERE constraint_type IN ('PRIMARY KEY', 'UNIQUE') AND c.table_catalog = $1$ AND c.table_schema = CURRENT_SCHEMA() AND c.table_name = $2$

2025/02/13 14:39:24 /home/bryan/repos/skripsi/backend/setup/setup.go:78
[0.897ms] [rows:-] SELECT a.attname as column_name, format_type(a.atttypid, a.atttypmod) AS data_type
		FROM pg_attribute a JOIN pg_class b ON a.attrelid = b.oid AND relnamespace = (SELECT oid FROM pg_catalog.pg_namespace WHERE nspname = CURRENT_SCHEMA())
		WHERE a.attnum > 0 -- hide internal columns
		AND NOT a.attisdropped -- hide deleted columns
		AND b.relname = $1$

2025/02/13 14:39:24 /home/bryan/repos/skripsi/backend/setup/setup.go:78
[1.428ms] [rows:0] SELECT description FROM pg_catalog.pg_description WHERE objsubid = (SELECT ordinal_position FROM information_schema.columns WHERE table_schema = CURRENT_SCHEMA() AND table_name = 'size_categories' AND column_name = 'id') AND objoid = (SELECT oid FROM pg_catalog.pg_class WHERE relname = 'size_categories' AND relnamespace = (SELECT oid FROM pg_catalog.pg_namespace WHERE nspname = CURRENT_SCHEMA()))

2025/02/13 14:39:24 /home/bryan/repos/skripsi/backend/setup/setup.go:78
[1.516ms] [rows:0] SELECT description FROM pg_catalog.pg_description WHERE objsubid = (SELECT ordinal_position FROM information_schema.columns WHERE table_schema = CURRENT_SCHEMA() AND table_name = 'size_categories' AND column_name = 'name') AND objoid = (SELECT oid FROM pg_catalog.pg_class WHERE relname = 'size_categories' AND relnamespace = (SELECT oid FROM pg_catalog.pg_namespace WHERE nspname = CURRENT_SCHEMA()))

2025/02/13 14:39:24 /home/bryan/repos/skripsi/backend/setup/setup.go:78
[1.508ms] [rows:0] SELECT description FROM pg_catalog.pg_description WHERE objsubid = (SELECT ordinal_position FROM information_schema.columns WHERE table_schema = CURRENT_SCHEMA() AND table_name = 'size_categories' AND column_name = 'min_weight') AND objoid = (SELECT oid FROM pg_catalog.pg_class WHERE relname = 'size_categories' AND relnamespace = (SELECT oid FROM pg_catalog.pg_namespace WHERE nspname = CURRENT_SCHEMA()))

2025/02/13 14:39:24 /home/bryan/repos/skripsi/backend/setup/setup.go:78
[1.597ms] [rows:0] SELECT description FROM pg_catalog.pg_description WHERE objsubid = (SELECT ordinal_position FROM information_schema.columns WHERE table_schema = CURRENT_SCHEMA() AND table_name = 'size_categories' AND column_name = 'max_weight') AND objoid = (SELECT oid FROM pg_catalog.pg_class WHERE relname = 'size_categories' AND relnamespace = (SELECT oid FROM pg_catalog.pg_namespace WHERE nspname = CURRENT_SCHEMA()))

2025/02/13 14:39:24 /home/bryan/repos/skripsi/backend/setup/setup.go:78
[1.015ms] [rows:1] SELECT count(*) FROM information_schema.tables WHERE table_schema = CURRENT_SCHEMA() AND table_name = 'pets' AND table_type = 'BASE TABLE'

2025/02/13 14:39:24 /home/bryan/repos/skripsi/backend/setup/setup.go:78
[0.924ms] [rows:1] SELECT CURRENT_DATABASE()

2025/02/13 14:39:24 /home/bryan/repos/skripsi/backend/setup/setup.go:78
[3.895ms] [rows:-] SELECT c.column_name, c.is_nullable = 'YES', c.udt_name, c.character_maximum_length, c.numeric_precision, c.numeric_precision_radix, c.numeric_scale, c.datetime_precision, 8 * typlen, c.column_default, pd.description, c.identity_increment FROM information_schema.columns AS c JOIN pg_type AS pgt ON c.udt_name = pgt.typname LEFT JOIN pg_catalog.pg_description as pd ON pd.objsubid = c.ordinal_position AND pd.objoid = (SELECT oid FROM pg_catalog.pg_class WHERE relname = c.table_name AND relnamespace = (SELECT oid FROM pg_catalog.pg_namespace WHERE nspname = c.table_schema)) where table_catalog = $1$ AND table_schema = CURRENT_SCHEMA() AND table_name = $2$

2025/02/13 14:39:24 /home/bryan/repos/skripsi/backend/setup/setup.go:78
[1.128ms] [rows:-] SELECT * FROM "pets" LIMIT $1$

2025/02/13 14:39:24 /home/bryan/repos/skripsi/backend/setup/setup.go:78
[3.648ms] [rows:-] SELECT constraint_name FROM information_schema.table_constraints tc JOIN information_schema.constraint_column_usage AS ccu USING (constraint_schema, constraint_catalog, table_name, constraint_name) JOIN information_schema.columns AS c ON c.table_schema = tc.constraint_schema AND tc.table_name = c.table_name AND ccu.column_name = c.column_name WHERE constraint_type IN ('PRIMARY KEY', 'UNIQUE') AND c.table_catalog = $1$ AND c.table_schema = CURRENT_SCHEMA() AND c.table_name = $2$ AND constraint_type = $3$

2025/02/13 14:39:24 /home/bryan/repos/skripsi/backend/setup/setup.go:78
[4.235ms] [rows:-] SELECT c.column_name, constraint_name, constraint_type FROM information_schema.table_constraints tc JOIN information_schema.constraint_column_usage AS ccu USING (constraint_schema, constraint_catalog, table_name, constraint_name) JOIN information_schema.columns AS c ON c.table_schema = tc.constraint_schema AND tc.table_name = c.table_name AND ccu.column_name = c.column_name WHERE constraint_type IN ('PRIMARY KEY', 'UNIQUE') AND c.table_catalog = $1$ AND c.table_schema = CURRENT_SCHEMA() AND c.table_name = $2$

2025/02/13 14:39:24 /home/bryan/repos/skripsi/backend/setup/setup.go:78
[1.381ms] [rows:-] SELECT a.attname as column_name, format_type(a.atttypid, a.atttypmod) AS data_type
		FROM pg_attribute a JOIN pg_class b ON a.attrelid = b.oid AND relnamespace = (SELECT oid FROM pg_catalog.pg_namespace WHERE nspname = CURRENT_SCHEMA())
		WHERE a.attnum > 0 -- hide internal columns
		AND NOT a.attisdropped -- hide deleted columns
		AND b.relname = $1$

2025/02/13 14:39:24 /home/bryan/repos/skripsi/backend/setup/setup.go:78
[1.917ms] [rows:0] SELECT description FROM pg_catalog.pg_description WHERE objsubid = (SELECT ordinal_position FROM information_schema.columns WHERE table_schema = CURRENT_SCHEMA() AND table_name = 'pets' AND column_name = 'id') AND objoid = (SELECT oid FROM pg_catalog.pg_class WHERE relname = 'pets' AND relnamespace = (SELECT oid FROM pg_catalog.pg_namespace WHERE nspname = CURRENT_SCHEMA()))

2025/02/13 14:39:24 /home/bryan/repos/skripsi/backend/setup/setup.go:78
[1.951ms] [rows:0] SELECT description FROM pg_catalog.pg_description WHERE objsubid = (SELECT ordinal_position FROM information_schema.columns WHERE table_schema = CURRENT_SCHEMA() AND table_name = 'pets' AND column_name = 'created_at') AND objoid = (SELECT oid FROM pg_catalog.pg_class WHERE relname = 'pets' AND relnamespace = (SELECT oid FROM pg_catalog.pg_namespace WHERE nspname = CURRENT_SCHEMA()))

2025/02/13 14:39:24 /home/bryan/repos/skripsi/backend/setup/setup.go:78
[2.389ms] [rows:0] SELECT description FROM pg_catalog.pg_description WHERE objsubid = (SELECT ordinal_position FROM information_schema.columns WHERE table_schema = CURRENT_SCHEMA() AND table_name = 'pets' AND column_name = 'updated_at') AND objoid = (SELECT oid FROM pg_catalog.pg_class WHERE relname = 'pets' AND relnamespace = (SELECT oid FROM pg_catalog.pg_namespace WHERE nspname = CURRENT_SCHEMA()))

2025/02/13 14:39:24 /home/bryan/repos/skripsi/backend/setup/setup.go:78
[2.442ms] [rows:0] SELECT description FROM pg_catalog.pg_description WHERE objsubid = (SELECT ordinal_position FROM information_schema.columns WHERE table_schema = CURRENT_SCHEMA() AND table_name = 'pets' AND column_name = 'deleted_at') AND objoid = (SELECT oid FROM pg_catalog.pg_class WHERE relname = 'pets' AND relnamespace = (SELECT oid FROM pg_catalog.pg_namespace WHERE nspname = CURRENT_SCHEMA()))

2025/02/13 14:39:24 /home/bryan/repos/skripsi/backend/setup/setup.go:78
[2.265ms] [rows:0] SELECT description FROM pg_catalog.pg_description WHERE objsubid = (SELECT ordinal_position FROM information_schema.columns WHERE table_schema = CURRENT_SCHEMA() AND table_name = 'pets' AND column_name = 'name') AND objoid = (SELECT oid FROM pg_catalog.pg_class WHERE relname = 'pets' AND relnamespace = (SELECT oid FROM pg_catalog.pg_namespace WHERE nspname = CURRENT_SCHEMA()))

2025/02/13 14:39:24 /home/bryan/repos/skripsi/backend/setup/setup.go:78
[2.373ms] [rows:0] SELECT description FROM pg_catalog.pg_description WHERE objsubid = (SELECT ordinal_position FROM information_schema.columns WHERE table_schema = CURRENT_SCHEMA() AND table_name = 'pets' AND column_name = 'image_url') AND objoid = (SELECT oid FROM pg_catalog.pg_class WHERE relname = 'pets' AND relnamespace = (SELECT oid FROM pg_catalog.pg_namespace WHERE nspname = CURRENT_SCHEMA()))

2025/02/13 14:39:24 /home/bryan/repos/skripsi/backend/setup/setup.go:78
[2.375ms] [rows:0] SELECT description FROM pg_catalog.pg_description WHERE objsubid = (SELECT ordinal_position FROM information_schema.columns WHERE table_schema = CURRENT_SCHEMA() AND table_name = 'pets' AND column_name = 'status') AND objoid = (SELECT oid FROM pg_catalog.pg_class WHERE relname = 'pets' AND relnamespace = (SELECT oid FROM pg_catalog.pg_namespace WHERE nspname = CURRENT_SCHEMA()))

2025/02/13 14:39:24 /home/bryan/repos/skripsi/backend/setup/setup.go:78
[2.496ms] [rows:0] SELECT description FROM pg_catalog.pg_description WHERE objsubid = (SELECT ordinal_position FROM information_schema.columns WHERE table_schema = CURRENT_SCHEMA() AND table_name = 'pets' AND column_name = 'owner_id') AND objoid = (SELECT oid FROM pg_catalog.pg_class WHERE relname = 'pets' AND relnamespace = (SELECT oid FROM pg_catalog.pg_namespace WHERE nspname = CURRENT_SCHEMA()))

2025/02/13 14:39:24 /home/bryan/repos/skripsi/backend/setup/setup.go:78
[2.330ms] [rows:0] SELECT description FROM pg_catalog.pg_description WHERE objsubid = (SELECT ordinal_position FROM information_schema.columns WHERE table_schema = CURRENT_SCHEMA() AND table_name = 'pets' AND column_name = 'species_id') AND objoid = (SELECT oid FROM pg_catalog.pg_class WHERE relname = 'pets' AND relnamespace = (SELECT oid FROM pg_catalog.pg_namespace WHERE nspname = CURRENT_SCHEMA()))

2025/02/13 14:39:24 /home/bryan/repos/skripsi/backend/setup/setup.go:78
[2.938ms] [rows:0] SELECT description FROM pg_catalog.pg_description WHERE objsubid = (SELECT ordinal_position FROM information_schema.columns WHERE table_schema = CURRENT_SCHEMA() AND table_name = 'pets' AND column_name = 'size_id') AND objoid = (SELECT oid FROM pg_catalog.pg_class WHERE relname = 'pets' AND relnamespace = (SELECT oid FROM pg_catalog.pg_namespace WHERE nspname = CURRENT_SCHEMA()))

2025/02/13 14:39:24 /home/bryan/repos/skripsi/backend/setup/setup.go:78
[2.570ms] [rows:1] SELECT count(*) FROM INFORMATION_SCHEMA.table_constraints WHERE table_schema = CURRENT_SCHEMA() AND table_name = 'pets' AND constraint_name = 'fk_pets_species'

2025/02/13 14:39:24 /home/bryan/repos/skripsi/backend/setup/setup.go:78
[2.518ms] [rows:1] SELECT count(*) FROM INFORMATION_SCHEMA.table_constraints WHERE table_schema = CURRENT_SCHEMA() AND table_name = 'pets' AND constraint_name = 'fk_pets_size_category'

2025/02/13 14:39:24 /home/bryan/repos/skripsi/backend/setup/setup.go:78
[2.512ms] [rows:1] SELECT count(*) FROM INFORMATION_SCHEMA.table_constraints WHERE table_schema = CURRENT_SCHEMA() AND table_name = 'pets' AND constraint_name = 'fk_users_pets'

2025/02/13 14:39:24 /home/bryan/repos/skripsi/backend/setup/setup.go:78
[5.463ms] [rows:1] SELECT count(*) FROM pg_indexes WHERE tablename = 'pets' AND indexname = 'idx_pets_deleted_at' AND schemaname = CURRENT_SCHEMA()

2025/02/13 14:39:24 /home/bryan/repos/skripsi/backend/setup/setup.go:78
[2.170ms] [rows:1] SELECT count(*) FROM information_schema.tables WHERE table_schema = CURRENT_SCHEMA() AND table_name = 'slots' AND table_type = 'BASE TABLE'

2025/02/13 14:39:24 /home/bryan/repos/skripsi/backend/setup/setup.go:78
[1.939ms] [rows:1] SELECT CURRENT_DATABASE()

2025/02/13 14:39:24 /home/bryan/repos/skripsi/backend/setup/setup.go:78
[7.368ms] [rows:-] SELECT c.column_name, c.is_nullable = 'YES', c.udt_name, c.character_maximum_length, c.numeric_precision, c.numeric_precision_radix, c.numeric_scale, c.datetime_precision, 8 * typlen, c.column_default, pd.description, c.identity_increment FROM information_schema.columns AS c JOIN pg_type AS pgt ON c.udt_name = pgt.typname LEFT JOIN pg_catalog.pg_description as pd ON pd.objsubid = c.ordinal_position AND pd.objoid = (SELECT oid FROM pg_catalog.pg_class WHERE relname = c.table_name AND relnamespace = (SELECT oid FROM pg_catalog.pg_namespace WHERE nspname = c.table_schema)) where table_catalog = $1$ AND table_schema = CURRENT_SCHEMA() AND table_name = $2$

2025/02/13 14:39:24 /home/bryan/repos/skripsi/backend/setup/setup.go:78
[2.515ms] [rows:-] SELECT * FROM "slots" LIMIT $1$

2025/02/13 14:39:24 /home/bryan/repos/skripsi/backend/setup/setup.go:78
[9.181ms] [rows:-] SELECT constraint_name FROM information_schema.table_constraints tc JOIN information_schema.constraint_column_usage AS ccu USING (constraint_schema, constraint_catalog, table_name, constraint_name) JOIN information_schema.columns AS c ON c.table_schema = tc.constraint_schema AND tc.table_name = c.table_name AND ccu.column_name = c.column_name WHERE constraint_type IN ('PRIMARY KEY', 'UNIQUE') AND c.table_catalog = $1$ AND c.table_schema = CURRENT_SCHEMA() AND c.table_name = $2$ AND constraint_type = $3$

2025/02/13 14:39:24 /home/bryan/repos/skripsi/backend/setup/setup.go:78
[9.361ms] [rows:-] SELECT c.column_name, constraint_name, constraint_type FROM information_schema.table_constraints tc JOIN information_schema.constraint_column_usage AS ccu USING (constraint_schema, constraint_catalog, table_name, constraint_name) JOIN information_schema.columns AS c ON c.table_schema = tc.constraint_schema AND tc.table_name = c.table_name AND ccu.column_name = c.column_name WHERE constraint_type IN ('PRIMARY KEY', 'UNIQUE') AND c.table_catalog = $1$ AND c.table_schema = CURRENT_SCHEMA() AND c.table_name = $2$

2025/02/13 14:39:24 /home/bryan/repos/skripsi/backend/setup/setup.go:78
[2.240ms] [rows:-] SELECT a.attname as column_name, format_type(a.atttypid, a.atttypmod) AS data_type
		FROM pg_attribute a JOIN pg_class b ON a.attrelid = b.oid AND relnamespace = (SELECT oid FROM pg_catalog.pg_namespace WHERE nspname = CURRENT_SCHEMA())
		WHERE a.attnum > 0 -- hide internal columns
		AND NOT a.attisdropped -- hide deleted columns
		AND b.relname = $1$

2025/02/13 14:39:24 /home/bryan/repos/skripsi/backend/setup/setup.go:78
[3.213ms] [rows:0] SELECT description FROM pg_catalog.pg_description WHERE objsubid = (SELECT ordinal_position FROM information_schema.columns WHERE table_schema = CURRENT_SCHEMA() AND table_name = 'slots' AND column_name = 'id') AND objoid = (SELECT oid FROM pg_catalog.pg_class WHERE relname = 'slots' AND relnamespace = (SELECT oid FROM pg_catalog.pg_namespace WHERE nspname = CURRENT_SCHEMA()))

2025/02/13 14:39:24 /home/bryan/repos/skripsi/backend/setup/setup.go:78
[3.265ms] [rows:0] SELECT description FROM pg_catalog.pg_description WHERE objsubid = (SELECT ordinal_position FROM information_schema.columns WHERE table_schema = CURRENT_SCHEMA() AND table_name = 'slots' AND column_name = 'created_at') AND objoid = (SELECT oid FROM pg_catalog.pg_class WHERE relname = 'slots' AND relnamespace = (SELECT oid FROM pg_catalog.pg_namespace WHERE nspname = CURRENT_SCHEMA()))

2025/02/13 14:39:24 /home/bryan/repos/skripsi/backend/setup/setup.go:78
[3.202ms] [rows:0] SELECT description FROM pg_catalog.pg_description WHERE objsubid = (SELECT ordinal_position FROM information_schema.columns WHERE table_schema = CURRENT_SCHEMA() AND table_name = 'slots' AND column_name = 'updated_at') AND objoid = (SELECT oid FROM pg_catalog.pg_class WHERE relname = 'slots' AND relnamespace = (SELECT oid FROM pg_catalog.pg_namespace WHERE nspname = CURRENT_SCHEMA()))

2025/02/13 14:39:24 /home/bryan/repos/skripsi/backend/setup/setup.go:78
[2.850ms] [rows:0] SELECT description FROM pg_catalog.pg_description WHERE objsubid = (SELECT ordinal_position FROM information_schema.columns WHERE table_schema = CURRENT_SCHEMA() AND table_name = 'slots' AND column_name = 'deleted_at') AND objoid = (SELECT oid FROM pg_catalog.pg_class WHERE relname = 'slots' AND relnamespace = (SELECT oid FROM pg_catalog.pg_namespace WHERE nspname = CURRENT_SCHEMA()))

2025/02/13 14:39:24 /home/bryan/repos/skripsi/backend/setup/setup.go:78
[3.042ms] [rows:0] SELECT description FROM pg_catalog.pg_description WHERE objsubid = (SELECT ordinal_position FROM information_schema.columns WHERE table_schema = CURRENT_SCHEMA() AND table_name = 'slots' AND column_name = 'daycare_id') AND objoid = (SELECT oid FROM pg_catalog.pg_class WHERE relname = 'slots' AND relnamespace = (SELECT oid FROM pg_catalog.pg_namespace WHERE nspname = CURRENT_SCHEMA()))

2025/02/13 14:39:24 /home/bryan/repos/skripsi/backend/setup/setup.go:78
[3.317ms] [rows:0] SELECT description FROM pg_catalog.pg_description WHERE objsubid = (SELECT ordinal_position FROM information_schema.columns WHERE table_schema = CURRENT_SCHEMA() AND table_name = 'slots' AND column_name = 'species_id') AND objoid = (SELECT oid FROM pg_catalog.pg_class WHERE relname = 'slots' AND relnamespace = (SELECT oid FROM pg_catalog.pg_namespace WHERE nspname = CURRENT_SCHEMA()))

2025/02/13 14:39:24 /home/bryan/repos/skripsi/backend/setup/setup.go:78
[3.361ms] [rows:0] SELECT description FROM pg_catalog.pg_description WHERE objsubid = (SELECT ordinal_position FROM information_schema.columns WHERE table_schema = CURRENT_SCHEMA() AND table_name = 'slots' AND column_name = 'size_category_id') AND objoid = (SELECT oid FROM pg_catalog.pg_class WHERE relname = 'slots' AND relnamespace = (SELECT oid FROM pg_catalog.pg_namespace WHERE nspname = CURRENT_SCHEMA()))

2025/02/13 14:39:24 /home/bryan/repos/skripsi/backend/setup/setup.go:78
[3.758ms] [rows:0] SELECT description FROM pg_catalog.pg_description WHERE objsubid = (SELECT ordinal_position FROM information_schema.columns WHERE table_schema = CURRENT_SCHEMA() AND table_name = 'slots' AND column_name = 'max_number') AND objoid = (SELECT oid FROM pg_catalog.pg_class WHERE relname = 'slots' AND relnamespace = (SELECT oid FROM pg_catalog.pg_namespace WHERE nspname = CURRENT_SCHEMA()))

2025/02/13 14:39:24 /home/bryan/repos/skripsi/backend/setup/setup.go:78
[2.861ms] [rows:1] SELECT count(*) FROM INFORMATION_SCHEMA.table_constraints WHERE table_schema = CURRENT_SCHEMA() AND table_name = 'slots' AND constraint_name = 'fk_pet_daycares_slots'

2025/02/13 14:39:24 /home/bryan/repos/skripsi/backend/setup/setup.go:78
[5.949ms] [rows:1] SELECT count(*) FROM pg_indexes WHERE tablename = 'slots' AND indexname = 'idx_slots_deleted_at' AND schemaname = CURRENT_SCHEMA()

2025/02/13 14:39:24 /home/bryan/repos/skripsi/backend/setup/setup.go:78
[2.386ms] [rows:1] SELECT count(*) FROM information_schema.tables WHERE table_schema = CURRENT_SCHEMA() AND table_name = 'booked_slots' AND table_type = 'BASE TABLE'

2025/02/13 14:39:24 /home/bryan/repos/skripsi/backend/setup/setup.go:78
[2.050ms] [rows:1] SELECT CURRENT_DATABASE()

2025/02/13 14:39:24 /home/bryan/repos/skripsi/backend/setup/setup.go:78
[7.368ms] [rows:-] SELECT c.column_name, c.is_nullable = 'YES', c.udt_name, c.character_maximum_length, c.numeric_precision, c.numeric_precision_radix, c.numeric_scale, c.datetime_precision, 8 * typlen, c.column_default, pd.description, c.identity_increment FROM information_schema.columns AS c JOIN pg_type AS pgt ON c.udt_name = pgt.typname LEFT JOIN pg_catalog.pg_description as pd ON pd.objsubid = c.ordinal_position AND pd.objoid = (SELECT oid FROM pg_catalog.pg_class WHERE relname = c.table_name AND relnamespace = (SELECT oid FROM pg_catalog.pg_namespace WHERE nspname = c.table_schema)) where table_catalog = $1$ AND table_schema = CURRENT_SCHEMA() AND table_name = $2$

2025/02/13 14:39:24 /home/bryan/repos/skripsi/backend/setup/setup.go:78
[1.826ms] [rows:-] SELECT * FROM "booked_slots" LIMIT $1$

2025/02/13 14:39:24 /home/bryan/repos/skripsi/backend/setup/setup.go:78
[6.367ms] [rows:-] SELECT constraint_name FROM information_schema.table_constraints tc JOIN information_schema.constraint_column_usage AS ccu USING (constraint_schema, constraint_catalog, table_name, constraint_name) JOIN information_schema.columns AS c ON c.table_schema = tc.constraint_schema AND tc.table_name = c.table_name AND ccu.column_name = c.column_name WHERE constraint_type IN ('PRIMARY KEY', 'UNIQUE') AND c.table_catalog = $1$ AND c.table_schema = CURRENT_SCHEMA() AND c.table_name = $2$ AND constraint_type = $3$

2025/02/13 14:39:24 /home/bryan/repos/skripsi/backend/setup/setup.go:78
[7.165ms] [rows:-] SELECT c.column_name, constraint_name, constraint_type FROM information_schema.table_constraints tc JOIN information_schema.constraint_column_usage AS ccu USING (constraint_schema, constraint_catalog, table_name, constraint_name) JOIN information_schema.columns AS c ON c.table_schema = tc.constraint_schema AND tc.table_name = c.table_name AND ccu.column_name = c.column_name WHERE constraint_type IN ('PRIMARY KEY', 'UNIQUE') AND c.table_catalog = $1$ AND c.table_schema = CURRENT_SCHEMA() AND c.table_name = $2$

2025/02/13 14:39:24 /home/bryan/repos/skripsi/backend/setup/setup.go:78
[2.002ms] [rows:-] SELECT a.attname as column_name, format_type(a.atttypid, a.atttypmod) AS data_type
		FROM pg_attribute a JOIN pg_class b ON a.attrelid = b.oid AND relnamespace = (SELECT oid FROM pg_catalog.pg_namespace WHERE nspname = CURRENT_SCHEMA())
		WHERE a.attnum > 0 -- hide internal columns
		AND NOT a.attisdropped -- hide deleted columns
		AND b.relname = $1$

2025/02/13 14:39:24 /home/bryan/repos/skripsi/backend/setup/setup.go:78
[2.971ms] [rows:0] SELECT description FROM pg_catalog.pg_description WHERE objsubid = (SELECT ordinal_position FROM information_schema.columns WHERE table_schema = CURRENT_SCHEMA() AND table_name = 'booked_slots' AND column_name = 'id') AND objoid = (SELECT oid FROM pg_catalog.pg_class WHERE relname = 'booked_slots' AND relnamespace = (SELECT oid FROM pg_catalog.pg_namespace WHERE nspname = CURRENT_SCHEMA()))

2025/02/13 14:39:24 /home/bryan/repos/skripsi/backend/setup/setup.go:78
[3.007ms] [rows:0] SELECT description FROM pg_catalog.pg_description WHERE objsubid = (SELECT ordinal_position FROM information_schema.columns WHERE table_schema = CURRENT_SCHEMA() AND table_name = 'booked_slots' AND column_name = 'created_at') AND objoid = (SELECT oid FROM pg_catalog.pg_class WHERE relname = 'booked_slots' AND relnamespace = (SELECT oid FROM pg_catalog.pg_namespace WHERE nspname = CURRENT_SCHEMA()))

2025/02/13 14:39:24 /home/bryan/repos/skripsi/backend/setup/setup.go:78
[2.886ms] [rows:0] SELECT description FROM pg_catalog.pg_description WHERE objsubid = (SELECT ordinal_position FROM information_schema.columns WHERE table_schema = CURRENT_SCHEMA() AND table_name = 'booked_slots' AND column_name = 'updated_at') AND objoid = (SELECT oid FROM pg_catalog.pg_class WHERE relname = 'booked_slots' AND relnamespace = (SELECT oid FROM pg_catalog.pg_namespace WHERE nspname = CURRENT_SCHEMA()))

2025/02/13 14:39:24 /home/bryan/repos/skripsi/backend/setup/setup.go:78
[3.611ms] [rows:0] SELECT description FROM pg_catalog.pg_description WHERE objsubid = (SELECT ordinal_position FROM information_schema.columns WHERE table_schema = CURRENT_SCHEMA() AND table_name = 'booked_slots' AND column_name = 'deleted_at') AND objoid = (SELECT oid FROM pg_catalog.pg_class WHERE relname = 'booked_slots' AND relnamespace = (SELECT oid FROM pg_catalog.pg_namespace WHERE nspname = CURRENT_SCHEMA()))

2025/02/13 14:39:24 /home/bryan/repos/skripsi/backend/setup/setup.go:78
[3.953ms] [rows:0] SELECT description FROM pg_catalog.pg_description WHERE objsubid = (SELECT ordinal_position FROM information_schema.columns WHERE table_schema = CURRENT_SCHEMA() AND table_name = 'booked_slots' AND column_name = 'user_id') AND objoid = (SELECT oid FROM pg_catalog.pg_class WHERE relname = 'booked_slots' AND relnamespace = (SELECT oid FROM pg_catalog.pg_namespace WHERE nspname = CURRENT_SCHEMA()))

2025/02/13 14:39:24 /home/bryan/repos/skripsi/backend/setup/setup.go:78
[3.818ms] [rows:0] SELECT description FROM pg_catalog.pg_description WHERE objsubid = (SELECT ordinal_position FROM information_schema.columns WHERE table_schema = CURRENT_SCHEMA() AND table_name = 'booked_slots' AND column_name = 'daycare_id') AND objoid = (SELECT oid FROM pg_catalog.pg_class WHERE relname = 'booked_slots' AND relnamespace = (SELECT oid FROM pg_catalog.pg_namespace WHERE nspname = CURRENT_SCHEMA()))

2025/02/13 14:39:24 /home/bryan/repos/skripsi/backend/setup/setup.go:78
[3.868ms] [rows:0] SELECT description FROM pg_catalog.pg_description WHERE objsubid = (SELECT ordinal_position FROM information_schema.columns WHERE table_schema = CURRENT_SCHEMA() AND table_name = 'booked_slots' AND column_name = 'pet_id') AND objoid = (SELECT oid FROM pg_catalog.pg_class WHERE relname = 'booked_slots' AND relnamespace = (SELECT oid FROM pg_catalog.pg_namespace WHERE nspname = CURRENT_SCHEMA()))

2025/02/13 14:39:24 /home/bryan/repos/skripsi/backend/setup/setup.go:78
[4.076ms] [rows:0] SELECT description FROM pg_catalog.pg_description WHERE objsubid = (SELECT ordinal_position FROM information_schema.columns WHERE table_schema = CURRENT_SCHEMA() AND table_name = 'booked_slots' AND column_name = 'start_date') AND objoid = (SELECT oid FROM pg_catalog.pg_class WHERE relname = 'booked_slots' AND relnamespace = (SELECT oid FROM pg_catalog.pg_namespace WHERE nspname = CURRENT_SCHEMA()))

2025/02/13 14:39:24 /home/bryan/repos/skripsi/backend/setup/setup.go:78
[4.083ms] [rows:0] SELECT description FROM pg_catalog.pg_description WHERE objsubid = (SELECT ordinal_position FROM information_schema.columns WHERE table_schema = CURRENT_SCHEMA() AND table_name = 'booked_slots' AND column_name = 'end_date') AND objoid = (SELECT oid FROM pg_catalog.pg_class WHERE relname = 'booked_slots' AND relnamespace = (SELECT oid FROM pg_catalog.pg_namespace WHERE nspname = CURRENT_SCHEMA()))

2025/02/13 14:39:24 /home/bryan/repos/skripsi/backend/setup/setup.go:78
[2.890ms] [rows:1] SELECT count(*) FROM INFORMATION_SCHEMA.table_constraints WHERE table_schema = CURRENT_SCHEMA() AND table_name = 'booked_slots' AND constraint_name = 'fk_booked_slots_user'

2025/02/13 14:39:24 /home/bryan/repos/skripsi/backend/setup/setup.go:78
[2.669ms] [rows:1] SELECT count(*) FROM INFORMATION_SCHEMA.table_constraints WHERE table_schema = CURRENT_SCHEMA() AND table_name = 'booked_slots' AND constraint_name = 'fk_pets_booked_slots'

2025/02/13 14:39:24 /home/bryan/repos/skripsi/backend/setup/setup.go:78
[2.759ms] [rows:1] SELECT count(*) FROM INFORMATION_SCHEMA.table_constraints WHERE table_schema = CURRENT_SCHEMA() AND table_name = 'booked_slots' AND constraint_name = 'fk_pet_daycares_booked_slots'

2025/02/13 14:39:24 /home/bryan/repos/skripsi/backend/setup/setup.go:78
[5.943ms] [rows:1] SELECT count(*) FROM pg_indexes WHERE tablename = 'booked_slots' AND indexname = 'idx_booked_slots_deleted_at' AND schemaname = CURRENT_SCHEMA()

2025/02/13 14:39:24 /home/bryan/repos/skripsi/backend/setup/setup.go:78
[2.304ms] [rows:1] SELECT count(*) FROM information_schema.tables WHERE table_schema = CURRENT_SCHEMA() AND table_name = 'thumbnails' AND table_type = 'BASE TABLE'

2025/02/13 14:39:24 /home/bryan/repos/skripsi/backend/setup/setup.go:78
[1.719ms] [rows:1] SELECT CURRENT_DATABASE()

2025/02/13 14:39:24 /home/bryan/repos/skripsi/backend/setup/setup.go:78
[6.352ms] [rows:-] SELECT c.column_name, c.is_nullable = 'YES', c.udt_name, c.character_maximum_length, c.numeric_precision, c.numeric_precision_radix, c.numeric_scale, c.datetime_precision, 8 * typlen, c.column_default, pd.description, c.identity_increment FROM information_schema.columns AS c JOIN pg_type AS pgt ON c.udt_name = pgt.typname LEFT JOIN pg_catalog.pg_description as pd ON pd.objsubid = c.ordinal_position AND pd.objoid = (SELECT oid FROM pg_catalog.pg_class WHERE relname = c.table_name AND relnamespace = (SELECT oid FROM pg_catalog.pg_namespace WHERE nspname = c.table_schema)) where table_catalog = $1$ AND table_schema = CURRENT_SCHEMA() AND table_name = $2$

2025/02/13 14:39:24 /home/bryan/repos/skripsi/backend/setup/setup.go:78
[1.954ms] [rows:-] SELECT * FROM "thumbnails" LIMIT $1$

2025/02/13 14:39:24 /home/bryan/repos/skripsi/backend/setup/setup.go:78
[4.852ms] [rows:-] SELECT constraint_name FROM information_schema.table_constraints tc JOIN information_schema.constraint_column_usage AS ccu USING (constraint_schema, constraint_catalog, table_name, constraint_name) JOIN information_schema.columns AS c ON c.table_schema = tc.constraint_schema AND tc.table_name = c.table_name AND ccu.column_name = c.column_name WHERE constraint_type IN ('PRIMARY KEY', 'UNIQUE') AND c.table_catalog = $1$ AND c.table_schema = CURRENT_SCHEMA() AND c.table_name = $2$ AND constraint_type = $3$

2025/02/13 14:39:24 /home/bryan/repos/skripsi/backend/setup/setup.go:78
[4.961ms] [rows:-] SELECT c.column_name, constraint_name, constraint_type FROM information_schema.table_constraints tc JOIN information_schema.constraint_column_usage AS ccu USING (constraint_schema, constraint_catalog, table_name, constraint_name) JOIN information_schema.columns AS c ON c.table_schema = tc.constraint_schema AND tc.table_name = c.table_name AND ccu.column_name = c.column_name WHERE constraint_type IN ('PRIMARY KEY', 'UNIQUE') AND c.table_catalog = $1$ AND c.table_schema = CURRENT_SCHEMA() AND c.table_name = $2$

2025/02/13 14:39:24 /home/bryan/repos/skripsi/backend/setup/setup.go:78
[2.422ms] [rows:-] SELECT a.attname as column_name, format_type(a.atttypid, a.atttypmod) AS data_type
		FROM pg_attribute a JOIN pg_class b ON a.attrelid = b.oid AND relnamespace = (SELECT oid FROM pg_catalog.pg_namespace WHERE nspname = CURRENT_SCHEMA())
		WHERE a.attnum > 0 -- hide internal columns
		AND NOT a.attisdropped -- hide deleted columns
		AND b.relname = $1$

2025/02/13 14:39:24 /home/bryan/repos/skripsi/backend/setup/setup.go:78
[3.690ms] [rows:0] SELECT description FROM pg_catalog.pg_description WHERE objsubid = (SELECT ordinal_position FROM information_schema.columns WHERE table_schema = CURRENT_SCHEMA() AND table_name = 'thumbnails' AND column_name = 'id') AND objoid = (SELECT oid FROM pg_catalog.pg_class WHERE relname = 'thumbnails' AND relnamespace = (SELECT oid FROM pg_catalog.pg_namespace WHERE nspname = CURRENT_SCHEMA()))

2025/02/13 14:39:24 /home/bryan/repos/skripsi/backend/setup/setup.go:78
[3.257ms] [rows:0] SELECT description FROM pg_catalog.pg_description WHERE objsubid = (SELECT ordinal_position FROM information_schema.columns WHERE table_schema = CURRENT_SCHEMA() AND table_name = 'thumbnails' AND column_name = 'daycare_id') AND objoid = (SELECT oid FROM pg_catalog.pg_class WHERE relname = 'thumbnails' AND relnamespace = (SELECT oid FROM pg_catalog.pg_namespace WHERE nspname = CURRENT_SCHEMA()))

2025/02/13 14:39:24 /home/bryan/repos/skripsi/backend/setup/setup.go:78
[2.931ms] [rows:0] SELECT description FROM pg_catalog.pg_description WHERE objsubid = (SELECT ordinal_position FROM information_schema.columns WHERE table_schema = CURRENT_SCHEMA() AND table_name = 'thumbnails' AND column_name = 'image_url') AND objoid = (SELECT oid FROM pg_catalog.pg_class WHERE relname = 'thumbnails' AND relnamespace = (SELECT oid FROM pg_catalog.pg_namespace WHERE nspname = CURRENT_SCHEMA()))

2025/02/13 14:39:24 /home/bryan/repos/skripsi/backend/setup/setup.go:78
[2.469ms] [rows:1] SELECT count(*) FROM INFORMATION_SCHEMA.table_constraints WHERE table_schema = CURRENT_SCHEMA() AND table_name = 'thumbnails' AND constraint_name = 'fk_pet_daycares_thumbnails'

2025/02/13 14:39:24 /home/bryan/repos/skripsi/backend/setup/setup.go:78
[2.067ms] [rows:1] SELECT count(*) FROM information_schema.tables WHERE table_schema = CURRENT_SCHEMA() AND table_name = 'reviews' AND table_type = 'BASE TABLE'

2025/02/13 14:39:24 /home/bryan/repos/skripsi/backend/setup/setup.go:78
[1.898ms] [rows:1] SELECT CURRENT_DATABASE()

2025/02/13 14:39:24 /home/bryan/repos/skripsi/backend/setup/setup.go:78
[7.605ms] [rows:-] SELECT c.column_name, c.is_nullable = 'YES', c.udt_name, c.character_maximum_length, c.numeric_precision, c.numeric_precision_radix, c.numeric_scale, c.datetime_precision, 8 * typlen, c.column_default, pd.description, c.identity_increment FROM information_schema.columns AS c JOIN pg_type AS pgt ON c.udt_name = pgt.typname LEFT JOIN pg_catalog.pg_description as pd ON pd.objsubid = c.ordinal_position AND pd.objoid = (SELECT oid FROM pg_catalog.pg_class WHERE relname = c.table_name AND relnamespace = (SELECT oid FROM pg_catalog.pg_namespace WHERE nspname = c.table_schema)) where table_catalog = $1$ AND table_schema = CURRENT_SCHEMA() AND table_name = $2$

2025/02/13 14:39:24 /home/bryan/repos/skripsi/backend/setup/setup.go:78
[2.157ms] [rows:-] SELECT * FROM "reviews" LIMIT $1$

2025/02/13 14:39:24 /home/bryan/repos/skripsi/backend/setup/setup.go:78
[6.428ms] [rows:-] SELECT constraint_name FROM information_schema.table_constraints tc JOIN information_schema.constraint_column_usage AS ccu USING (constraint_schema, constraint_catalog, table_name, constraint_name) JOIN information_schema.columns AS c ON c.table_schema = tc.constraint_schema AND tc.table_name = c.table_name AND ccu.column_name = c.column_name WHERE constraint_type IN ('PRIMARY KEY', 'UNIQUE') AND c.table_catalog = $1$ AND c.table_schema = CURRENT_SCHEMA() AND c.table_name = $2$ AND constraint_type = $3$

2025/02/13 14:39:24 /home/bryan/repos/skripsi/backend/setup/setup.go:78
[6.675ms] [rows:-] SELECT c.column_name, constraint_name, constraint_type FROM information_schema.table_constraints tc JOIN information_schema.constraint_column_usage AS ccu USING (constraint_schema, constraint_catalog, table_name, constraint_name) JOIN information_schema.columns AS c ON c.table_schema = tc.constraint_schema AND tc.table_name = c.table_name AND ccu.column_name = c.column_name WHERE constraint_type IN ('PRIMARY KEY', 'UNIQUE') AND c.table_catalog = $1$ AND c.table_schema = CURRENT_SCHEMA() AND c.table_name = $2$

2025/02/13 14:39:24 /home/bryan/repos/skripsi/backend/setup/setup.go:78
[2.834ms] [rows:-] SELECT a.attname as column_name, format_type(a.atttypid, a.atttypmod) AS data_type
		FROM pg_attribute a JOIN pg_class b ON a.attrelid = b.oid AND relnamespace = (SELECT oid FROM pg_catalog.pg_namespace WHERE nspname = CURRENT_SCHEMA())
		WHERE a.attnum > 0 -- hide internal columns
		AND NOT a.attisdropped -- hide deleted columns
		AND b.relname = $1$

2025/02/13 14:39:24 /home/bryan/repos/skripsi/backend/setup/setup.go:78
[4.406ms] [rows:0] SELECT description FROM pg_catalog.pg_description WHERE objsubid = (SELECT ordinal_position FROM information_schema.columns WHERE table_schema = CURRENT_SCHEMA() AND table_name = 'reviews' AND column_name = 'id') AND objoid = (SELECT oid FROM pg_catalog.pg_class WHERE relname = 'reviews' AND relnamespace = (SELECT oid FROM pg_catalog.pg_namespace WHERE nspname = CURRENT_SCHEMA()))

2025/02/13 14:39:24 /home/bryan/repos/skripsi/backend/setup/setup.go:78
[3.892ms] [rows:0] SELECT description FROM pg_catalog.pg_description WHERE objsubid = (SELECT ordinal_position FROM information_schema.columns WHERE table_schema = CURRENT_SCHEMA() AND table_name = 'reviews' AND column_name = 'created_at') AND objoid = (SELECT oid FROM pg_catalog.pg_class WHERE relname = 'reviews' AND relnamespace = (SELECT oid FROM pg_catalog.pg_namespace WHERE nspname = CURRENT_SCHEMA()))

2025/02/13 14:39:24 /home/bryan/repos/skripsi/backend/setup/setup.go:78
[3.773ms] [rows:0] SELECT description FROM pg_catalog.pg_description WHERE objsubid = (SELECT ordinal_position FROM information_schema.columns WHERE table_schema = CURRENT_SCHEMA() AND table_name = 'reviews' AND column_name = 'updated_at') AND objoid = (SELECT oid FROM pg_catalog.pg_class WHERE relname = 'reviews' AND relnamespace = (SELECT oid FROM pg_catalog.pg_namespace WHERE nspname = CURRENT_SCHEMA()))

2025/02/13 14:39:24 /home/bryan/repos/skripsi/backend/setup/setup.go:78
[4.121ms] [rows:0] SELECT description FROM pg_catalog.pg_description WHERE objsubid = (SELECT ordinal_position FROM information_schema.columns WHERE table_schema = CURRENT_SCHEMA() AND table_name = 'reviews' AND column_name = 'deleted_at') AND objoid = (SELECT oid FROM pg_catalog.pg_class WHERE relname = 'reviews' AND relnamespace = (SELECT oid FROM pg_catalog.pg_namespace WHERE nspname = CURRENT_SCHEMA()))

2025/02/13 14:39:24 /home/bryan/repos/skripsi/backend/setup/setup.go:78
[4.061ms] [rows:0] SELECT description FROM pg_catalog.pg_description WHERE objsubid = (SELECT ordinal_position FROM information_schema.columns WHERE table_schema = CURRENT_SCHEMA() AND table_name = 'reviews' AND column_name = 'daycare_id') AND objoid = (SELECT oid FROM pg_catalog.pg_class WHERE relname = 'reviews' AND relnamespace = (SELECT oid FROM pg_catalog.pg_namespace WHERE nspname = CURRENT_SCHEMA()))

2025/02/13 14:39:24 /home/bryan/repos/skripsi/backend/setup/setup.go:78
[3.441ms] [rows:0] SELECT description FROM pg_catalog.pg_description WHERE objsubid = (SELECT ordinal_position FROM information_schema.columns WHERE table_schema = CURRENT_SCHEMA() AND table_name = 'reviews' AND column_name = 'user_id') AND objoid = (SELECT oid FROM pg_catalog.pg_class WHERE relname = 'reviews' AND relnamespace = (SELECT oid FROM pg_catalog.pg_namespace WHERE nspname = CURRENT_SCHEMA()))

2025/02/13 14:39:24 /home/bryan/repos/skripsi/backend/setup/setup.go:78
[3.151ms] [rows:0] SELECT description FROM pg_catalog.pg_description WHERE objsubid = (SELECT ordinal_position FROM information_schema.columns WHERE table_schema = CURRENT_SCHEMA() AND table_name = 'reviews' AND column_name = 'name') AND objoid = (SELECT oid FROM pg_catalog.pg_class WHERE relname = 'reviews' AND relnamespace = (SELECT oid FROM pg_catalog.pg_namespace WHERE nspname = CURRENT_SCHEMA()))

2025/02/13 14:39:24 /home/bryan/repos/skripsi/backend/setup/setup.go:78
[2.917ms] [rows:0] SELECT description FROM pg_catalog.pg_description WHERE objsubid = (SELECT ordinal_position FROM information_schema.columns WHERE table_schema = CURRENT_SCHEMA() AND table_name = 'reviews' AND column_name = 'rate') AND objoid = (SELECT oid FROM pg_catalog.pg_class WHERE relname = 'reviews' AND relnamespace = (SELECT oid FROM pg_catalog.pg_namespace WHERE nspname = CURRENT_SCHEMA()))

2025/02/13 14:39:24 /home/bryan/repos/skripsi/backend/setup/setup.go:78
[2.761ms] [rows:0] SELECT description FROM pg_catalog.pg_description WHERE objsubid = (SELECT ordinal_position FROM information_schema.columns WHERE table_schema = CURRENT_SCHEMA() AND table_name = 'reviews' AND column_name = 'description') AND objoid = (SELECT oid FROM pg_catalog.pg_class WHERE relname = 'reviews' AND relnamespace = (SELECT oid FROM pg_catalog.pg_namespace WHERE nspname = CURRENT_SCHEMA()))

2025/02/13 14:39:24 /home/bryan/repos/skripsi/backend/setup/setup.go:78
[2.485ms] [rows:1] SELECT count(*) FROM INFORMATION_SCHEMA.table_constraints WHERE table_schema = CURRENT_SCHEMA() AND table_name = 'reviews' AND constraint_name = 'fk_pet_daycares_reviews'

2025/02/13 14:39:24 /home/bryan/repos/skripsi/backend/setup/setup.go:78
[2.746ms] [rows:1] SELECT count(*) FROM INFORMATION_SCHEMA.table_constraints WHERE table_schema = CURRENT_SCHEMA() AND table_name = 'reviews' AND constraint_name = 'fk_users_reviews'

2025/02/13 14:39:24 /home/bryan/repos/skripsi/backend/setup/setup.go:78
[5.968ms] [rows:1] SELECT count(*) FROM pg_indexes WHERE tablename = 'reviews' AND indexname = 'idx_reviews_deleted_at' AND schemaname = CURRENT_SCHEMA()

2025/02/13 14:39:24 /home/bryan/repos/skripsi/backend/setup/setup.go:78
[2.255ms] [rows:1] SELECT count(*) FROM information_schema.tables WHERE table_schema = CURRENT_SCHEMA() AND table_name = 'refresh_tokens' AND table_type = 'BASE TABLE'

2025/02/13 14:39:24 /home/bryan/repos/skripsi/backend/setup/setup.go:78
[1.553ms] [rows:1] SELECT CURRENT_DATABASE()

2025/02/13 14:39:24 /home/bryan/repos/skripsi/backend/setup/setup.go:78
[7.370ms] [rows:-] SELECT c.column_name, c.is_nullable = 'YES', c.udt_name, c.character_maximum_length, c.numeric_precision, c.numeric_precision_radix, c.numeric_scale, c.datetime_precision, 8 * typlen, c.column_default, pd.description, c.identity_increment FROM information_schema.columns AS c JOIN pg_type AS pgt ON c.udt_name = pgt.typname LEFT JOIN pg_catalog.pg_description as pd ON pd.objsubid = c.ordinal_position AND pd.objoid = (SELECT oid FROM pg_catalog.pg_class WHERE relname = c.table_name AND relnamespace = (SELECT oid FROM pg_catalog.pg_namespace WHERE nspname = c.table_schema)) where table_catalog = $1$ AND table_schema = CURRENT_SCHEMA() AND table_name = $2$

2025/02/13 14:39:24 /home/bryan/repos/skripsi/backend/setup/setup.go:78
[3.307ms] [rows:-] SELECT * FROM "refresh_tokens" LIMIT $1$

2025/02/13 14:39:24 /home/bryan/repos/skripsi/backend/setup/setup.go:78
[6.145ms] [rows:-] SELECT constraint_name FROM information_schema.table_constraints tc JOIN information_schema.constraint_column_usage AS ccu USING (constraint_schema, constraint_catalog, table_name, constraint_name) JOIN information_schema.columns AS c ON c.table_schema = tc.constraint_schema AND tc.table_name = c.table_name AND ccu.column_name = c.column_name WHERE constraint_type IN ('PRIMARY KEY', 'UNIQUE') AND c.table_catalog = $1$ AND c.table_schema = CURRENT_SCHEMA() AND c.table_name = $2$ AND constraint_type = $3$

2025/02/13 14:39:24 /home/bryan/repos/skripsi/backend/setup/setup.go:78
[6.370ms] [rows:-] SELECT c.column_name, constraint_name, constraint_type FROM information_schema.table_constraints tc JOIN information_schema.constraint_column_usage AS ccu USING (constraint_schema, constraint_catalog, table_name, constraint_name) JOIN information_schema.columns AS c ON c.table_schema = tc.constraint_schema AND tc.table_name = c.table_name AND ccu.column_name = c.column_name WHERE constraint_type IN ('PRIMARY KEY', 'UNIQUE') AND c.table_catalog = $1$ AND c.table_schema = CURRENT_SCHEMA() AND c.table_name = $2$

2025/02/13 14:39:24 /home/bryan/repos/skripsi/backend/setup/setup.go:78
[2.105ms] [rows:-] SELECT a.attname as column_name, format_type(a.atttypid, a.atttypmod) AS data_type
		FROM pg_attribute a JOIN pg_class b ON a.attrelid = b.oid AND relnamespace = (SELECT oid FROM pg_catalog.pg_namespace WHERE nspname = CURRENT_SCHEMA())
		WHERE a.attnum > 0 -- hide internal columns
		AND NOT a.attisdropped -- hide deleted columns
		AND b.relname = $1$

2025/02/13 14:39:24 /home/bryan/repos/skripsi/backend/setup/setup.go:78
[3.271ms] [rows:0] SELECT description FROM pg_catalog.pg_description WHERE objsubid = (SELECT ordinal_position FROM information_schema.columns WHERE table_schema = CURRENT_SCHEMA() AND table_name = 'refresh_tokens' AND column_name = 'id') AND objoid = (SELECT oid FROM pg_catalog.pg_class WHERE relname = 'refresh_tokens' AND relnamespace = (SELECT oid FROM pg_catalog.pg_namespace WHERE nspname = CURRENT_SCHEMA()))

2025/02/13 14:39:24 /home/bryan/repos/skripsi/backend/setup/setup.go:78
[3.180ms] [rows:0] SELECT description FROM pg_catalog.pg_description WHERE objsubid = (SELECT ordinal_position FROM information_schema.columns WHERE table_schema = CURRENT_SCHEMA() AND table_name = 'refresh_tokens' AND column_name = 'created_at') AND objoid = (SELECT oid FROM pg_catalog.pg_class WHERE relname = 'refresh_tokens' AND relnamespace = (SELECT oid FROM pg_catalog.pg_namespace WHERE nspname = CURRENT_SCHEMA()))

2025/02/13 14:39:24 /home/bryan/repos/skripsi/backend/setup/setup.go:78
[3.033ms] [rows:0] SELECT description FROM pg_catalog.pg_description WHERE objsubid = (SELECT ordinal_position FROM information_schema.columns WHERE table_schema = CURRENT_SCHEMA() AND table_name = 'refresh_tokens' AND column_name = 'updated_at') AND objoid = (SELECT oid FROM pg_catalog.pg_class WHERE relname = 'refresh_tokens' AND relnamespace = (SELECT oid FROM pg_catalog.pg_namespace WHERE nspname = CURRENT_SCHEMA()))

2025/02/13 14:39:24 /home/bryan/repos/skripsi/backend/setup/setup.go:78
[3.206ms] [rows:0] SELECT description FROM pg_catalog.pg_description WHERE objsubid = (SELECT ordinal_position FROM information_schema.columns WHERE table_schema = CURRENT_SCHEMA() AND table_name = 'refresh_tokens' AND column_name = 'deleted_at') AND objoid = (SELECT oid FROM pg_catalog.pg_class WHERE relname = 'refresh_tokens' AND relnamespace = (SELECT oid FROM pg_catalog.pg_namespace WHERE nspname = CURRENT_SCHEMA()))

2025/02/13 14:39:24 /home/bryan/repos/skripsi/backend/setup/setup.go:78
[3.274ms] [rows:0] SELECT description FROM pg_catalog.pg_description WHERE objsubid = (SELECT ordinal_position FROM information_schema.columns WHERE table_schema = CURRENT_SCHEMA() AND table_name = 'refresh_tokens' AND column_name = 'user_id') AND objoid = (SELECT oid FROM pg_catalog.pg_class WHERE relname = 'refresh_tokens' AND relnamespace = (SELECT oid FROM pg_catalog.pg_namespace WHERE nspname = CURRENT_SCHEMA()))

2025/02/13 14:39:24 /home/bryan/repos/skripsi/backend/setup/setup.go:78
[3.277ms] [rows:0] SELECT description FROM pg_catalog.pg_description WHERE objsubid = (SELECT ordinal_position FROM information_schema.columns WHERE table_schema = CURRENT_SCHEMA() AND table_name = 'refresh_tokens' AND column_name = 'token') AND objoid = (SELECT oid FROM pg_catalog.pg_class WHERE relname = 'refresh_tokens' AND relnamespace = (SELECT oid FROM pg_catalog.pg_namespace WHERE nspname = CURRENT_SCHEMA()))

2025/02/13 14:39:24 /home/bryan/repos/skripsi/backend/setup/setup.go:78
[3.493ms] [rows:0] SELECT description FROM pg_catalog.pg_description WHERE objsubid = (SELECT ordinal_position FROM information_schema.columns WHERE table_schema = CURRENT_SCHEMA() AND table_name = 'refresh_tokens' AND column_name = 'expires_at') AND objoid = (SELECT oid FROM pg_catalog.pg_class WHERE relname = 'refresh_tokens' AND relnamespace = (SELECT oid FROM pg_catalog.pg_namespace WHERE nspname = CURRENT_SCHEMA()))

2025/02/13 14:39:24 /home/bryan/repos/skripsi/backend/setup/setup.go:78
[2.549ms] [rows:1] SELECT count(*) FROM pg_indexes WHERE tablename = 'refresh_tokens' AND indexname = 'idx_refresh_tokens_deleted_at' AND schemaname = CURRENT_SCHEMA()

2025/02/13 14:39:24 /home/bryan/repos/skripsi/backend/setup/setup.go:78
[2.432ms] [rows:1] SELECT count(*) FROM pg_indexes WHERE tablename = 'refresh_tokens' AND indexname = 'idx_refresh_tokens_user_id' AND schemaname = CURRENT_SCHEMA()

2025/02/13 14:39:24 /home/bryan/repos/skripsi/backend/setup/setup.go:78
[2.283ms] [rows:1] SELECT count(*) FROM information_schema.tables WHERE table_schema = CURRENT_SCHEMA() AND table_name = 'transactions' AND table_type = 'BASE TABLE'

2025/02/13 14:39:24 /home/bryan/repos/skripsi/backend/setup/setup.go:78
[1.912ms] [rows:1] SELECT CURRENT_DATABASE()

2025/02/13 14:39:24 /home/bryan/repos/skripsi/backend/setup/setup.go:78
[6.912ms] [rows:-] SELECT c.column_name, c.is_nullable = 'YES', c.udt_name, c.character_maximum_length, c.numeric_precision, c.numeric_precision_radix, c.numeric_scale, c.datetime_precision, 8 * typlen, c.column_default, pd.description, c.identity_increment FROM information_schema.columns AS c JOIN pg_type AS pgt ON c.udt_name = pgt.typname LEFT JOIN pg_catalog.pg_description as pd ON pd.objsubid = c.ordinal_position AND pd.objoid = (SELECT oid FROM pg_catalog.pg_class WHERE relname = c.table_name AND relnamespace = (SELECT oid FROM pg_catalog.pg_namespace WHERE nspname = c.table_schema)) where table_catalog = $1$ AND table_schema = CURRENT_SCHEMA() AND table_name = $2$

2025/02/13 14:39:24 /home/bryan/repos/skripsi/backend/setup/setup.go:78
[2.215ms] [rows:-] SELECT * FROM "transactions" LIMIT $1$

2025/02/13 14:39:24 /home/bryan/repos/skripsi/backend/setup/setup.go:78
[5.841ms] [rows:-] SELECT constraint_name FROM information_schema.table_constraints tc JOIN information_schema.constraint_column_usage AS ccu USING (constraint_schema, constraint_catalog, table_name, constraint_name) JOIN information_schema.columns AS c ON c.table_schema = tc.constraint_schema AND tc.table_name = c.table_name AND ccu.column_name = c.column_name WHERE constraint_type IN ('PRIMARY KEY', 'UNIQUE') AND c.table_catalog = $1$ AND c.table_schema = CURRENT_SCHEMA() AND c.table_name = $2$ AND constraint_type = $3$

2025/02/13 14:39:24 /home/bryan/repos/skripsi/backend/setup/setup.go:78
[5.879ms] [rows:-] SELECT c.column_name, constraint_name, constraint_type FROM information_schema.table_constraints tc JOIN information_schema.constraint_column_usage AS ccu USING (constraint_schema, constraint_catalog, table_name, constraint_name) JOIN information_schema.columns AS c ON c.table_schema = tc.constraint_schema AND tc.table_name = c.table_name AND ccu.column_name = c.column_name WHERE constraint_type IN ('PRIMARY KEY', 'UNIQUE') AND c.table_catalog = $1$ AND c.table_schema = CURRENT_SCHEMA() AND c.table_name = $2$

2025/02/13 14:39:24 /home/bryan/repos/skripsi/backend/setup/setup.go:78
[2.229ms] [rows:-] SELECT a.attname as column_name, format_type(a.atttypid, a.atttypmod) AS data_type
		FROM pg_attribute a JOIN pg_class b ON a.attrelid = b.oid AND relnamespace = (SELECT oid FROM pg_catalog.pg_namespace WHERE nspname = CURRENT_SCHEMA())
		WHERE a.attnum > 0 -- hide internal columns
		AND NOT a.attisdropped -- hide deleted columns
		AND b.relname = $1$

2025/02/13 14:39:24 /home/bryan/repos/skripsi/backend/setup/setup.go:78
[3.121ms] [rows:0] SELECT description FROM pg_catalog.pg_description WHERE objsubid = (SELECT ordinal_position FROM information_schema.columns WHERE table_schema = CURRENT_SCHEMA() AND table_name = 'transactions' AND column_name = 'id') AND objoid = (SELECT oid FROM pg_catalog.pg_class WHERE relname = 'transactions' AND relnamespace = (SELECT oid FROM pg_catalog.pg_namespace WHERE nspname = CURRENT_SCHEMA()))

2025/02/13 14:39:24 /home/bryan/repos/skripsi/backend/setup/setup.go:78
[3.427ms] [rows:0] SELECT description FROM pg_catalog.pg_description WHERE objsubid = (SELECT ordinal_position FROM information_schema.columns WHERE table_schema = CURRENT_SCHEMA() AND table_name = 'transactions' AND column_name = 'created_at') AND objoid = (SELECT oid FROM pg_catalog.pg_class WHERE relname = 'transactions' AND relnamespace = (SELECT oid FROM pg_catalog.pg_namespace WHERE nspname = CURRENT_SCHEMA()))

2025/02/13 14:39:24 /home/bryan/repos/skripsi/backend/setup/setup.go:78
[3.253ms] [rows:0] SELECT description FROM pg_catalog.pg_description WHERE objsubid = (SELECT ordinal_position FROM information_schema.columns WHERE table_schema = CURRENT_SCHEMA() AND table_name = 'transactions' AND column_name = 'pet_daycare_id') AND objoid = (SELECT oid FROM pg_catalog.pg_class WHERE relname = 'transactions' AND relnamespace = (SELECT oid FROM pg_catalog.pg_namespace WHERE nspname = CURRENT_SCHEMA()))

2025/02/13 14:39:24 /home/bryan/repos/skripsi/backend/setup/setup.go:78
[3.200ms] [rows:0] SELECT description FROM pg_catalog.pg_description WHERE objsubid = (SELECT ordinal_position FROM information_schema.columns WHERE table_schema = CURRENT_SCHEMA() AND table_name = 'transactions' AND column_name = 'booked_slot_id') AND objoid = (SELECT oid FROM pg_catalog.pg_class WHERE relname = 'transactions' AND relnamespace = (SELECT oid FROM pg_catalog.pg_namespace WHERE nspname = CURRENT_SCHEMA()))

2025/02/13 14:39:24 /home/bryan/repos/skripsi/backend/setup/setup.go:78
[2.942ms] [rows:0] SELECT description FROM pg_catalog.pg_description WHERE objsubid = (SELECT ordinal_position FROM information_schema.columns WHERE table_schema = CURRENT_SCHEMA() AND table_name = 'transactions' AND column_name = 'status') AND objoid = (SELECT oid FROM pg_catalog.pg_class WHERE relname = 'transactions' AND relnamespace = (SELECT oid FROM pg_catalog.pg_namespace WHERE nspname = CURRENT_SCHEMA()))

2025/02/13 14:39:24 /home/bryan/repos/skripsi/backend/setup/setup.go:78
[2.752ms] [rows:1] SELECT count(*) FROM INFORMATION_SCHEMA.table_constraints WHERE table_schema = CURRENT_SCHEMA() AND table_name = 'transactions' AND constraint_name = 'fk_transactions_pet_daycare'

2025/02/13 14:39:24 /home/bryan/repos/skripsi/backend/setup/setup.go:78
[2.569ms] [rows:1] SELECT count(*) FROM INFORMATION_SCHEMA.table_constraints WHERE table_schema = CURRENT_SCHEMA() AND table_name = 'transactions' AND constraint_name = 'fk_transactions_booked_slot'

2025/02/13 14:39:24 /home/bryan/repos/skripsi/backend/setup/setup.go:78
[2.169ms] [rows:1] SELECT count(*) FROM information_schema.tables WHERE table_schema = CURRENT_SCHEMA() AND table_name = 'reduce_slots' AND table_type = 'BASE TABLE'

2025/02/13 14:39:24 /home/bryan/repos/skripsi/backend/setup/setup.go:78
[1.729ms] [rows:1] SELECT CURRENT_DATABASE()

2025/02/13 14:39:24 /home/bryan/repos/skripsi/backend/setup/setup.go:78
[6.741ms] [rows:-] SELECT c.column_name, c.is_nullable = 'YES', c.udt_name, c.character_maximum_length, c.numeric_precision, c.numeric_precision_radix, c.numeric_scale, c.datetime_precision, 8 * typlen, c.column_default, pd.description, c.identity_increment FROM information_schema.columns AS c JOIN pg_type AS pgt ON c.udt_name = pgt.typname LEFT JOIN pg_catalog.pg_description as pd ON pd.objsubid = c.ordinal_position AND pd.objoid = (SELECT oid FROM pg_catalog.pg_class WHERE relname = c.table_name AND relnamespace = (SELECT oid FROM pg_catalog.pg_namespace WHERE nspname = c.table_schema)) where table_catalog = $1$ AND table_schema = CURRENT_SCHEMA() AND table_name = $2$

2025/02/13 14:39:24 /home/bryan/repos/skripsi/backend/setup/setup.go:78
[2.236ms] [rows:-] SELECT * FROM "reduce_slots" LIMIT $1$

2025/02/13 14:39:25 /home/bryan/repos/skripsi/backend/setup/setup.go:78
[5.654ms] [rows:-] SELECT constraint_name FROM information_schema.table_constraints tc JOIN information_schema.constraint_column_usage AS ccu USING (constraint_schema, constraint_catalog, table_name, constraint_name) JOIN information_schema.columns AS c ON c.table_schema = tc.constraint_schema AND tc.table_name = c.table_name AND ccu.column_name = c.column_name WHERE constraint_type IN ('PRIMARY KEY', 'UNIQUE') AND c.table_catalog = $1$ AND c.table_schema = CURRENT_SCHEMA() AND c.table_name = $2$ AND constraint_type = $3$

2025/02/13 14:39:25 /home/bryan/repos/skripsi/backend/setup/setup.go:78
[5.561ms] [rows:-] SELECT c.column_name, constraint_name, constraint_type FROM information_schema.table_constraints tc JOIN information_schema.constraint_column_usage AS ccu USING (constraint_schema, constraint_catalog, table_name, constraint_name) JOIN information_schema.columns AS c ON c.table_schema = tc.constraint_schema AND tc.table_name = c.table_name AND ccu.column_name = c.column_name WHERE constraint_type IN ('PRIMARY KEY', 'UNIQUE') AND c.table_catalog = $1$ AND c.table_schema = CURRENT_SCHEMA() AND c.table_name = $2$

2025/02/13 14:39:25 /home/bryan/repos/skripsi/backend/setup/setup.go:78
[2.309ms] [rows:-] SELECT a.attname as column_name, format_type(a.atttypid, a.atttypmod) AS data_type
		FROM pg_attribute a JOIN pg_class b ON a.attrelid = b.oid AND relnamespace = (SELECT oid FROM pg_catalog.pg_namespace WHERE nspname = CURRENT_SCHEMA())
		WHERE a.attnum > 0 -- hide internal columns
		AND NOT a.attisdropped -- hide deleted columns
		AND b.relname = $1$

2025/02/13 14:39:25 /home/bryan/repos/skripsi/backend/setup/setup.go:78
[2.872ms] [rows:0] SELECT description FROM pg_catalog.pg_description WHERE objsubid = (SELECT ordinal_position FROM information_schema.columns WHERE table_schema = CURRENT_SCHEMA() AND table_name = 'reduce_slots' AND column_name = 'id') AND objoid = (SELECT oid FROM pg_catalog.pg_class WHERE relname = 'reduce_slots' AND relnamespace = (SELECT oid FROM pg_catalog.pg_namespace WHERE nspname = CURRENT_SCHEMA()))

2025/02/13 14:39:25 /home/bryan/repos/skripsi/backend/setup/setup.go:78
[2.786ms] [rows:0] SELECT description FROM pg_catalog.pg_description WHERE objsubid = (SELECT ordinal_position FROM information_schema.columns WHERE table_schema = CURRENT_SCHEMA() AND table_name = 'reduce_slots' AND column_name = 'slot_id') AND objoid = (SELECT oid FROM pg_catalog.pg_class WHERE relname = 'reduce_slots' AND relnamespace = (SELECT oid FROM pg_catalog.pg_namespace WHERE nspname = CURRENT_SCHEMA()))

2025/02/13 14:39:25 /home/bryan/repos/skripsi/backend/setup/setup.go:78
[2.677ms] [rows:0] SELECT description FROM pg_catalog.pg_description WHERE objsubid = (SELECT ordinal_position FROM information_schema.columns WHERE table_schema = CURRENT_SCHEMA() AND table_name = 'reduce_slots' AND column_name = 'reduced_count') AND objoid = (SELECT oid FROM pg_catalog.pg_class WHERE relname = 'reduce_slots' AND relnamespace = (SELECT oid FROM pg_catalog.pg_namespace WHERE nspname = CURRENT_SCHEMA()))

2025/02/13 14:39:25 /home/bryan/repos/skripsi/backend/setup/setup.go:78
[3.036ms] [rows:0] SELECT description FROM pg_catalog.pg_description WHERE objsubid = (SELECT ordinal_position FROM information_schema.columns WHERE table_schema = CURRENT_SCHEMA() AND table_name = 'reduce_slots' AND column_name = 'target_date') AND objoid = (SELECT oid FROM pg_catalog.pg_class WHERE relname = 'reduce_slots' AND relnamespace = (SELECT oid FROM pg_catalog.pg_namespace WHERE nspname = CURRENT_SCHEMA()))

2025/02/13 14:39:25 /home/bryan/repos/skripsi/backend/setup/setup.go:78
[2.071ms] [rows:1] SELECT count(*) FROM information_schema.tables WHERE table_schema = CURRENT_SCHEMA() AND table_name = 'booked_slots_dailies' AND table_type = 'BASE TABLE'

2025/02/13 14:39:25 /home/bryan/repos/skripsi/backend/setup/setup.go:78
[1.755ms] [rows:1] SELECT CURRENT_DATABASE()

2025/02/13 14:39:25 /home/bryan/repos/skripsi/backend/setup/setup.go:78
[6.904ms] [rows:-] SELECT c.column_name, c.is_nullable = 'YES', c.udt_name, c.character_maximum_length, c.numeric_precision, c.numeric_precision_radix, c.numeric_scale, c.datetime_precision, 8 * typlen, c.column_default, pd.description, c.identity_increment FROM information_schema.columns AS c JOIN pg_type AS pgt ON c.udt_name = pgt.typname LEFT JOIN pg_catalog.pg_description as pd ON pd.objsubid = c.ordinal_position AND pd.objoid = (SELECT oid FROM pg_catalog.pg_class WHERE relname = c.table_name AND relnamespace = (SELECT oid FROM pg_catalog.pg_namespace WHERE nspname = c.table_schema)) where table_catalog = $1$ AND table_schema = CURRENT_SCHEMA() AND table_name = $2$

2025/02/13 14:39:25 /home/bryan/repos/skripsi/backend/setup/setup.go:78
[3.363ms] [rows:-] SELECT * FROM "booked_slots_dailies" LIMIT $1$

2025/02/13 14:39:25 /home/bryan/repos/skripsi/backend/setup/setup.go:78
[5.291ms] [rows:-] SELECT constraint_name FROM information_schema.table_constraints tc JOIN information_schema.constraint_column_usage AS ccu USING (constraint_schema, constraint_catalog, table_name, constraint_name) JOIN information_schema.columns AS c ON c.table_schema = tc.constraint_schema AND tc.table_name = c.table_name AND ccu.column_name = c.column_name WHERE constraint_type IN ('PRIMARY KEY', 'UNIQUE') AND c.table_catalog = $1$ AND c.table_schema = CURRENT_SCHEMA() AND c.table_name = $2$ AND constraint_type = $3$

2025/02/13 14:39:25 /home/bryan/repos/skripsi/backend/setup/setup.go:78
[5.073ms] [rows:-] SELECT c.column_name, constraint_name, constraint_type FROM information_schema.table_constraints tc JOIN information_schema.constraint_column_usage AS ccu USING (constraint_schema, constraint_catalog, table_name, constraint_name) JOIN information_schema.columns AS c ON c.table_schema = tc.constraint_schema AND tc.table_name = c.table_name AND ccu.column_name = c.column_name WHERE constraint_type IN ('PRIMARY KEY', 'UNIQUE') AND c.table_catalog = $1$ AND c.table_schema = CURRENT_SCHEMA() AND c.table_name = $2$

2025/02/13 14:39:25 /home/bryan/repos/skripsi/backend/setup/setup.go:78
[2.102ms] [rows:-] SELECT a.attname as column_name, format_type(a.atttypid, a.atttypmod) AS data_type
		FROM pg_attribute a JOIN pg_class b ON a.attrelid = b.oid AND relnamespace = (SELECT oid FROM pg_catalog.pg_namespace WHERE nspname = CURRENT_SCHEMA())
		WHERE a.attnum > 0 -- hide internal columns
		AND NOT a.attisdropped -- hide deleted columns
		AND b.relname = $1$

2025/02/13 14:39:25 /home/bryan/repos/skripsi/backend/setup/setup.go:78
[3.199ms] [rows:0] SELECT description FROM pg_catalog.pg_description WHERE objsubid = (SELECT ordinal_position FROM information_schema.columns WHERE table_schema = CURRENT_SCHEMA() AND table_name = 'booked_slots_dailies' AND column_name = 'id') AND objoid = (SELECT oid FROM pg_catalog.pg_class WHERE relname = 'booked_slots_dailies' AND relnamespace = (SELECT oid FROM pg_catalog.pg_namespace WHERE nspname = CURRENT_SCHEMA()))

2025/02/13 14:39:25 /home/bryan/repos/skripsi/backend/setup/setup.go:78
[3.106ms] [rows:0] SELECT description FROM pg_catalog.pg_description WHERE objsubid = (SELECT ordinal_position FROM information_schema.columns WHERE table_schema = CURRENT_SCHEMA() AND table_name = 'booked_slots_dailies' AND column_name = 'daycare_id') AND objoid = (SELECT oid FROM pg_catalog.pg_class WHERE relname = 'booked_slots_dailies' AND relnamespace = (SELECT oid FROM pg_catalog.pg_namespace WHERE nspname = CURRENT_SCHEMA()))

2025/02/13 14:39:25 /home/bryan/repos/skripsi/backend/setup/setup.go:78
[3.117ms] [rows:0] SELECT description FROM pg_catalog.pg_description WHERE objsubid = (SELECT ordinal_position FROM information_schema.columns WHERE table_schema = CURRENT_SCHEMA() AND table_name = 'booked_slots_dailies' AND column_name = 'date') AND objoid = (SELECT oid FROM pg_catalog.pg_class WHERE relname = 'booked_slots_dailies' AND relnamespace = (SELECT oid FROM pg_catalog.pg_namespace WHERE nspname = CURRENT_SCHEMA()))

2025/02/13 14:39:25 /home/bryan/repos/skripsi/backend/setup/setup.go:78
[2.917ms] [rows:0] SELECT description FROM pg_catalog.pg_description WHERE objsubid = (SELECT ordinal_position FROM information_schema.columns WHERE table_schema = CURRENT_SCHEMA() AND table_name = 'booked_slots_dailies' AND column_name = 'slot_count') AND objoid = (SELECT oid FROM pg_catalog.pg_class WHERE relname = 'booked_slots_dailies' AND relnamespace = (SELECT oid FROM pg_catalog.pg_namespace WHERE nspname = CURRENT_SCHEMA()))

2025/02/13 14:39:25 /home/bryan/repos/skripsi/backend/setup/setup.go:78
[2.108ms] [rows:1] SELECT count(*) FROM pg_indexes WHERE tablename = 'booked_slots_dailies' AND indexname = 'idx_booked_slots_dailies_date' AND schemaname = CURRENT_SCHEMA()
[GIN-debug] [WARNING] Creating an Engine instance with the Logger and Recovery middleware already attached.

[GIN-debug] [WARNING] Running in "debug" mode. Switch to "release" mode in production.
 - using env:	export GIN_MODE=release
 - using code:	gin.SetMode(gin.ReleaseMode)

[GIN-debug] GET    /assets/*filepath         --> github.com/gin-gonic/gin.(*RouterGroup).createStaticHandler.func1 (3 handlers)
[GIN-debug] HEAD   /assets/*filepath         --> github.com/gin-gonic/gin.(*RouterGroup).createStaticHandler.func1 (3 handlers)
[GIN-debug] POST   /users                    --> github.com/BryanEgbert/skripsi/controller.(*UserController).CreateUser-fm (3 handlers)
[GIN-debug] GET    /users/vets               --> github.com/BryanEgbert/skripsi/controller.(*UserController).GetVets-fm (4 handlers)
[GIN-debug] GET    /users/:id                --> github.com/BryanEgbert/skripsi/controller.(*UserController).GetUser-fm (4 handlers)
[GIN-debug] DELETE /users                    --> github.com/BryanEgbert/skripsi/controller.(*UserController).DeleteUser-fm (4 handlers)
[GIN-debug] PUT    /users                    --> github.com/BryanEgbert/skripsi/controller.(*UserController).UpdateUserProfile-fm (4 handlers)
[GIN-debug] PATCH  /users/password           --> github.com/BryanEgbert/skripsi/controller.(*UserController).UpdateUserPassword-fm (4 handlers)
[GIN-debug] POST   /login                    --> github.com/BryanEgbert/skripsi/controller.(*AuthController).Login-fm (3 handlers)
[GIN-debug] POST   /refresh                  --> github.com/BryanEgbert/skripsi/controller.(*AuthController).RefreshToken-fm (4 handlers)
[GIN-debug] GET    /pets/:id                 --> github.com/BryanEgbert/skripsi/controller.(*PetController).GetPet-fm (4 handlers)
[GIN-debug] GET    /pets                     --> github.com/BryanEgbert/skripsi/controller.(*PetController).GetPets-fm (4 handlers)
[GIN-debug] POST   /pets                     --> github.com/BryanEgbert/skripsi/controller.(*PetController).CreatePet-fm (4 handlers)
[GIN-debug] PUT    /pets/:id                 --> github.com/BryanEgbert/skripsi/controller.(*PetController).UpdatePet-fm (4 handlers)
[GIN-debug] DELETE /pets/:id                 --> github.com/BryanEgbert/skripsi/controller.(*PetController).DeletePet-fm (4 handlers)
[GIN-debug] PATCH  /daycare/slot/:slotId     --> github.com/BryanEgbert/skripsi/controller.(*PetDaycareController).EditSlotCount-fm (4 handlers)
[GIN-debug] GET    /daycare/:id/slot         --> github.com/BryanEgbert/skripsi/controller.(*PetDaycareController).GetPetDaycareSlots-fm (4 handlers)
[GIN-debug] POST   /daycare/:id/slot         --> github.com/BryanEgbert/skripsi/controller.(*PetDaycareController).CreateSlot-fm (4 handlers)
[GIN-debug] GET    /daycare/:id/review       --> github.com/BryanEgbert/skripsi/controller.(*PetDaycareController).GetReviews-fm (4 handlers)
[GIN-debug] POST   /daycare/:id/review       --> github.com/BryanEgbert/skripsi/controller.(*PetDaycareController).CreateReview-fm (4 handlers)
[GIN-debug] DELETE /daycare/:id/review       --> github.com/BryanEgbert/skripsi/controller.(*PetDaycareController).DeleteReview-fm (4 handlers)
[GIN-debug] GET    /daycare/:id              --> github.com/BryanEgbert/skripsi/controller.(*PetDaycareController).GetPetDaycare-fm (4 handlers)
[GIN-debug] GET    /daycare                  --> github.com/BryanEgbert/skripsi/controller.(*PetDaycareController).GetPetDaycares-fm (4 handlers)
[GIN-debug] POST   /daycare                  --> github.com/BryanEgbert/skripsi/controller.(*PetDaycareController).CreatePetDaycare-fm (4 handlers)
[GIN-debug] PUT    /daycare/:id              --> github.com/BryanEgbert/skripsi/controller.(*PetDaycareController).UpdatePetDaycare-fm (4 handlers)
[GIN-debug] DELETE /daycare/:id              --> github.com/BryanEgbert/skripsi/controller.(*PetDaycareController).DeletePetDaycare-fm (4 handlers)

2025/02/13 14:39:25 /home/bryan/repos/skripsi/backend/service/user_service.go:196
[6.101ms] [rows:1] SELECT * FROM "users" WHERE "users"."id" = $1$ AND "users"."deleted_at" IS NULL ORDER BY "users"."id" LIMIT $2$

2025/02/13 14:39:25 /home/bryan/repos/skripsi/backend/service/user_service.go:206
[5.211ms] [rows:1] UPDATE "users" SET "created_at"=$1$,"updated_at"=$2$,"deleted_at"=$3$,"name"=$4$,"email"=$5$,"password"=$6$,"image_url"=$7$,"role_id"=$8$ WHERE "users"."deleted_at" IS NULL AND "id" = $9$
[GIN] 2025/02/13 - 14:39:25 | 204 |  156.425075ms |                 | PATCH    "/users/password"
=== RUN   TestUpdatePassword/On_update_password,_should_return_404_when_newPassword_is_empty

2025/02/13 14:39:25 /home/bryan/repos/skripsi/backend/setup/setup.go:60
[293.863ms] [rows:0] TRUNCATE TABLE users, vet_specialties, user_vet_specialties, pet_daycares, pets, size_categories, roles, slots, booked_slots, thumbnails, species, reviews, refresh_tokens, transactions, daily_walks, daily_playtimes, reduce_slots RESTART IDENTITY CASCADE;

2025/02/13 14:39:25 /home/bryan/repos/skripsi/backend/seeder/seeder.go:18
[14.250ms] [rows:3] INSERT INTO "roles" ("name","id") VALUES ($1$,$2$),($3$,$4$),($5$,$6$) RETURNING "id"

2025/02/13 14:39:25 /home/bryan/repos/skripsi/backend/seeder/seeder.go:29
[10.081ms] [rows:4] INSERT INTO "daily_walks" ("name","id") VALUES ($1$,$2$),($3$,$4$),($5$,$6$),($7$,$8$) RETURNING "id"

2025/02/13 14:39:25 /home/bryan/repos/skripsi/backend/seeder/seeder.go:39
[9.663ms] [rows:4] INSERT INTO "daily_playtimes" ("name","id") VALUES ($1$,$2$),($3$,$4$),($5$,$6$),($7$,$8$) RETURNING "id"

2025/02/13 14:39:25 /home/bryan/repos/skripsi/backend/seeder/seeder.go:61
[12.090ms] [rows:17] INSERT INTO "vet_specialties" ("name") VALUES ($1$),($2$),($3$),($4$),($5$),($6$),($7$),($8$),($9$),($10$),($11$),($12$),($13$),($14$),($15$),($16$),($17$) RETURNING "id"

2025/02/13 14:39:25 /home/bryan/repos/skripsi/backend/seeder/seeder.go:71
[11.206ms] [rows:3] INSERT INTO "species" ("name") VALUES ($1$),($2$),($3$) RETURNING "id"

2025/02/13 14:39:25 /home/bryan/repos/skripsi/backend/seeder/seeder.go:83
[11.523ms] [rows:5] INSERT INTO "size_categories" ("name","min_weight","max_weight") VALUES ($1$,$2$,$3$),($4$,$5$,$6$),($7$,$8$,$9$),($10$,$11$,$12$),($13$,$14$,$15$) RETURNING "id"

2025/02/13 14:39:25 /home/bryan/repos/skripsi/backend/seeder/seeder.go:106
[2.225ms] [rows:0] INSERT INTO "vet_specialties" ("name","id") VALUES ($1$,$2$),($3$,$4$),($5$,$6$) ON CONFLICT DO NOTHING RETURNING "id"

2025/02/13 14:39:25 /home/bryan/repos/skripsi/backend/seeder/seeder.go:106
[3.994ms] [rows:3] INSERT INTO "user_vet_specialties" ("user_id","vet_specialty_id") VALUES ($1$,$2$),($3$,$4$),($5$,$6$) ON CONFLICT DO NOTHING

2025/02/13 14:39:25 /home/bryan/repos/skripsi/backend/seeder/seeder.go:106
[14.161ms] [rows:6] INSERT INTO "users" ("created_at","updated_at","deleted_at","name","email","password","role_id","image_url") VALUES ($1$,$2$,$3$,$4$,$5$,$6$,$7$,$8$),($9$,$10$,$11$,$12$,$13$,$14$,$15$,$16$),($17$,$18$,$19$,$20$,$21$,$22$,$23$,$24$),($25$,$26$,$27$,$28$,$29$,$30$,$31$,$32$),($33$,$34$,$35$,$36$,$37$,$38$,$39$,DEFAULT),($40$,$41$,$42$,$43$,$44$,$45$,$46$,$47$) RETURNING "id","image_url"

2025/02/13 14:39:25 /home/bryan/repos/skripsi/backend/seeder/seeder.go:148
[1.881ms] [rows:0] INSERT INTO "daily_walks" ("name","id") VALUES ($1$,$2$) ON CONFLICT DO NOTHING RETURNING "id"

2025/02/13 14:39:25 /home/bryan/repos/skripsi/backend/seeder/seeder.go:148
[1.838ms] [rows:0] INSERT INTO "daily_playtimes" ("name","id") VALUES ($1$,$2$),($3$,$4$) ON CONFLICT DO NOTHING RETURNING "id"

2025/02/13 14:39:25 /home/bryan/repos/skripsi/backend/seeder/seeder.go:148
[11.457ms] [rows:3] INSERT INTO "pet_daycares" ("created_at","updated_at","deleted_at","name","address","latitude","longitude","price","pricing_type","description","has_pickup_service","must_be_vaccinated","food_provided","grooming_available","booked_num","daily_walks_id","daily_playtime_id","owner_id","food_brand") VALUES ($1$,$2$,$3$,$4$,$5$,$6$,$7$,$8$,$9$,$10$,$11$,$12$,$13$,$14$,$15$,$16$,$17$,$18$,$19$),($20$,$21$,$22$,$23$,$24$,$25$,$26$,$27$,$28$,$29$,$30$,$31$,$32$,$33$,$34$,$35$,$36$,$37$,$38$),($39$,$40$,$41$,$42$,$43$,$44$,$45$,$46$,$47$,$48$,$49$,$50$,$51$,$52$,$53$,$54$,$55$,$56$,$57$) RETURNING "id"

2025/02/13 14:39:25 /home/bryan/repos/skripsi/backend/seeder/seeder.go:158
[6.160ms] [rows:3] INSERT INTO "slots" ("created_at","updated_at","deleted_at","daycare_id","species_id","size_category_id","max_number") VALUES ($1$,$2$,$3$,$4$,$5$,$6$,$7$),($8$,$9$,$10$,$11$,$12$,$13$,$14$),($15$,$16$,$17$,$18$,$19$,$20$,$21$) RETURNING "id"

2025/02/13 14:39:25 /home/bryan/repos/skripsi/backend/seeder/seeder.go:172
[6.621ms] [rows:2] INSERT INTO "pets" ("created_at","updated_at","deleted_at","name","image_url","status","owner_id","species_id","size_id") VALUES ($1$,$2$,$3$,$4$,$5$,$6$,$7$,$8$,$9$),($10$,$11$,$12$,$13$,$14$,$15$,$16$,$17$,$18$) RETURNING "id"

2025/02/13 14:39:25 /home/bryan/repos/skripsi/backend/seeder/seeder.go:189
[6.074ms] [rows:2] INSERT INTO "booked_slots" ("created_at","updated_at","deleted_at","user_id","daycare_id","pet_id","start_date","end_date") VALUES ($1$,$2$,$3$,$4$,$5$,$6$,$7$,$8$),($9$,$10$,$11$,$12$,$13$,$14$,$15$,$16$) RETURNING "id"

2025/02/13 14:39:25 /home/bryan/repos/skripsi/backend/seeder/seeder.go:205
[6.369ms] [rows:3] INSERT INTO "reviews" ("created_at","updated_at","deleted_at","daycare_id","user_id","name","rate","description") VALUES ($1$,$2$,$3$,$4$,$5$,$6$,$7$,$8$),($9$,$10$,$11$,$12$,$13$,$14$,$15$,$16$),($17$,$18$,$19$,$20$,$21$,$22$,$23$,$24$) RETURNING "id"

2025/02/13 14:39:25 /home/bryan/repos/skripsi/backend/seeder/seeder.go:213
[4.652ms] [rows:1] INSERT INTO "reduce_slots" ("slot_id","reduced_count","target_date") VALUES ($1$,$2$,$3$) RETURNING "id"

2025/02/13 14:39:25 /home/bryan/repos/skripsi/backend/seeder/seeder.go:222
[5.925ms] [rows:2] INSERT INTO "thumbnails" ("daycare_id","image_url") VALUES ($1$,$2$),($3$,$4$) RETURNING "id"

2025/02/13 14:39:25 /home/bryan/repos/skripsi/backend/seeder/seeder.go:230
[6.502ms] [rows:1] INSERT INTO "transactions" ("pet_daycare_id","booked_slot_id","status") VALUES ($1$,$2$,$3$) RETURNING "created_at","id"

2025/02/13 14:39:25 /home/bryan/repos/skripsi/backend/setup/setup.go:78
[20.251ms] [rows:1] SELECT count(*) FROM information_schema.tables WHERE table_schema = CURRENT_SCHEMA() AND table_name = 'roles' AND table_type = 'BASE TABLE'

2025/02/13 14:39:25 /home/bryan/repos/skripsi/backend/setup/setup.go:78
[3.142ms] [rows:1] SELECT CURRENT_DATABASE()

2025/02/13 14:39:25 /home/bryan/repos/skripsi/backend/setup/setup.go:78
[49.234ms] [rows:-] SELECT c.column_name, c.is_nullable = 'YES', c.udt_name, c.character_maximum_length, c.numeric_precision, c.numeric_precision_radix, c.numeric_scale, c.datetime_precision, 8 * typlen, c.column_default, pd.description, c.identity_increment FROM information_schema.columns AS c JOIN pg_type AS pgt ON c.udt_name = pgt.typname LEFT JOIN pg_catalog.pg_description as pd ON pd.objsubid = c.ordinal_position AND pd.objoid = (SELECT oid FROM pg_catalog.pg_class WHERE relname = c.table_name AND relnamespace = (SELECT oid FROM pg_catalog.pg_namespace WHERE nspname = c.table_schema)) where table_catalog = $1$ AND table_schema = CURRENT_SCHEMA() AND table_name = $2$

2025/02/13 14:39:25 /home/bryan/repos/skripsi/backend/setup/setup.go:78
[1.359ms] [rows:-] SELECT * FROM "roles" LIMIT $1$

2025/02/13 14:39:25 /home/bryan/repos/skripsi/backend/setup/setup.go:78
[33.152ms] [rows:-] SELECT constraint_name FROM information_schema.table_constraints tc JOIN information_schema.constraint_column_usage AS ccu USING (constraint_schema, constraint_catalog, table_name, constraint_name) JOIN information_schema.columns AS c ON c.table_schema = tc.constraint_schema AND tc.table_name = c.table_name AND ccu.column_name = c.column_name WHERE constraint_type IN ('PRIMARY KEY', 'UNIQUE') AND c.table_catalog = $1$ AND c.table_schema = CURRENT_SCHEMA() AND c.table_name = $2$ AND constraint_type = $3$

2025/02/13 14:39:25 /home/bryan/repos/skripsi/backend/setup/setup.go:78
[25.940ms] [rows:-] SELECT c.column_name, constraint_name, constraint_type FROM information_schema.table_constraints tc JOIN information_schema.constraint_column_usage AS ccu USING (constraint_schema, constraint_catalog, table_name, constraint_name) JOIN information_schema.columns AS c ON c.table_schema = tc.constraint_schema AND tc.table_name = c.table_name AND ccu.column_name = c.column_name WHERE constraint_type IN ('PRIMARY KEY', 'UNIQUE') AND c.table_catalog = $1$ AND c.table_schema = CURRENT_SCHEMA() AND c.table_name = $2$

2025/02/13 14:39:25 /home/bryan/repos/skripsi/backend/setup/setup.go:78
[2.798ms] [rows:-] SELECT a.attname as column_name, format_type(a.atttypid, a.atttypmod) AS data_type
		FROM pg_attribute a JOIN pg_class b ON a.attrelid = b.oid AND relnamespace = (SELECT oid FROM pg_catalog.pg_namespace WHERE nspname = CURRENT_SCHEMA())
		WHERE a.attnum > 0 -- hide internal columns
		AND NOT a.attisdropped -- hide deleted columns
		AND b.relname = $1$

2025/02/13 14:39:25 /home/bryan/repos/skripsi/backend/setup/setup.go:78
[8.380ms] [rows:0] SELECT description FROM pg_catalog.pg_description WHERE objsubid = (SELECT ordinal_position FROM information_schema.columns WHERE table_schema = CURRENT_SCHEMA() AND table_name = 'roles' AND column_name = 'id') AND objoid = (SELECT oid FROM pg_catalog.pg_class WHERE relname = 'roles' AND relnamespace = (SELECT oid FROM pg_catalog.pg_namespace WHERE nspname = CURRENT_SCHEMA()))

2025/02/13 14:39:25 /home/bryan/repos/skripsi/backend/setup/setup.go:78
[5.556ms] [rows:0] SELECT description FROM pg_catalog.pg_description WHERE objsubid = (SELECT ordinal_position FROM information_schema.columns WHERE table_schema = CURRENT_SCHEMA() AND table_name = 'roles' AND column_name = 'name') AND objoid = (SELECT oid FROM pg_catalog.pg_class WHERE relname = 'roles' AND relnamespace = (SELECT oid FROM pg_catalog.pg_namespace WHERE nspname = CURRENT_SCHEMA()))

2025/02/13 14:39:25 /home/bryan/repos/skripsi/backend/setup/setup.go:78
[2.343ms] [rows:1] SELECT count(*) FROM information_schema.tables WHERE table_schema = CURRENT_SCHEMA() AND table_name = 'users' AND table_type = 'BASE TABLE'

2025/02/13 14:39:25 /home/bryan/repos/skripsi/backend/setup/setup.go:78
[0.882ms] [rows:1] SELECT CURRENT_DATABASE()

2025/02/13 14:39:25 /home/bryan/repos/skripsi/backend/setup/setup.go:78
[12.061ms] [rows:-] SELECT c.column_name, c.is_nullable = 'YES', c.udt_name, c.character_maximum_length, c.numeric_precision, c.numeric_precision_radix, c.numeric_scale, c.datetime_precision, 8 * typlen, c.column_default, pd.description, c.identity_increment FROM information_schema.columns AS c JOIN pg_type AS pgt ON c.udt_name = pgt.typname LEFT JOIN pg_catalog.pg_description as pd ON pd.objsubid = c.ordinal_position AND pd.objoid = (SELECT oid FROM pg_catalog.pg_class WHERE relname = c.table_name AND relnamespace = (SELECT oid FROM pg_catalog.pg_namespace WHERE nspname = c.table_schema)) where table_catalog = $1$ AND table_schema = CURRENT_SCHEMA() AND table_name = $2$

2025/02/13 14:39:25 /home/bryan/repos/skripsi/backend/setup/setup.go:78
[1.169ms] [rows:-] SELECT * FROM "users" LIMIT $1$

2025/02/13 14:39:26 /home/bryan/repos/skripsi/backend/setup/setup.go:78
[19.464ms] [rows:-] SELECT constraint_name FROM information_schema.table_constraints tc JOIN information_schema.constraint_column_usage AS ccu USING (constraint_schema, constraint_catalog, table_name, constraint_name) JOIN information_schema.columns AS c ON c.table_schema = tc.constraint_schema AND tc.table_name = c.table_name AND ccu.column_name = c.column_name WHERE constraint_type IN ('PRIMARY KEY', 'UNIQUE') AND c.table_catalog = $1$ AND c.table_schema = CURRENT_SCHEMA() AND c.table_name = $2$ AND constraint_type = $3$

2025/02/13 14:39:26 /home/bryan/repos/skripsi/backend/setup/setup.go:78
[20.032ms] [rows:-] SELECT c.column_name, constraint_name, constraint_type FROM information_schema.table_constraints tc JOIN information_schema.constraint_column_usage AS ccu USING (constraint_schema, constraint_catalog, table_name, constraint_name) JOIN information_schema.columns AS c ON c.table_schema = tc.constraint_schema AND tc.table_name = c.table_name AND ccu.column_name = c.column_name WHERE constraint_type IN ('PRIMARY KEY', 'UNIQUE') AND c.table_catalog = $1$ AND c.table_schema = CURRENT_SCHEMA() AND c.table_name = $2$

2025/02/13 14:39:26 /home/bryan/repos/skripsi/backend/setup/setup.go:78
[2.176ms] [rows:-] SELECT a.attname as column_name, format_type(a.atttypid, a.atttypmod) AS data_type
		FROM pg_attribute a JOIN pg_class b ON a.attrelid = b.oid AND relnamespace = (SELECT oid FROM pg_catalog.pg_namespace WHERE nspname = CURRENT_SCHEMA())
		WHERE a.attnum > 0 -- hide internal columns
		AND NOT a.attisdropped -- hide deleted columns
		AND b.relname = $1$

2025/02/13 14:39:26 /home/bryan/repos/skripsi/backend/setup/setup.go:78
[5.794ms] [rows:0] SELECT description FROM pg_catalog.pg_description WHERE objsubid = (SELECT ordinal_position FROM information_schema.columns WHERE table_schema = CURRENT_SCHEMA() AND table_name = 'users' AND column_name = 'id') AND objoid = (SELECT oid FROM pg_catalog.pg_class WHERE relname = 'users' AND relnamespace = (SELECT oid FROM pg_catalog.pg_namespace WHERE nspname = CURRENT_SCHEMA()))

2025/02/13 14:39:26 /home/bryan/repos/skripsi/backend/setup/setup.go:78
[5.598ms] [rows:0] SELECT description FROM pg_catalog.pg_description WHERE objsubid = (SELECT ordinal_position FROM information_schema.columns WHERE table_schema = CURRENT_SCHEMA() AND table_name = 'users' AND column_name = 'created_at') AND objoid = (SELECT oid FROM pg_catalog.pg_class WHERE relname = 'users' AND relnamespace = (SELECT oid FROM pg_catalog.pg_namespace WHERE nspname = CURRENT_SCHEMA()))

2025/02/13 14:39:26 /home/bryan/repos/skripsi/backend/setup/setup.go:78
[5.596ms] [rows:0] SELECT description FROM pg_catalog.pg_description WHERE objsubid = (SELECT ordinal_position FROM information_schema.columns WHERE table_schema = CURRENT_SCHEMA() AND table_name = 'users' AND column_name = 'updated_at') AND objoid = (SELECT oid FROM pg_catalog.pg_class WHERE relname = 'users' AND relnamespace = (SELECT oid FROM pg_catalog.pg_namespace WHERE nspname = CURRENT_SCHEMA()))

2025/02/13 14:39:26 /home/bryan/repos/skripsi/backend/setup/setup.go:78
[5.279ms] [rows:0] SELECT description FROM pg_catalog.pg_description WHERE objsubid = (SELECT ordinal_position FROM information_schema.columns WHERE table_schema = CURRENT_SCHEMA() AND table_name = 'users' AND column_name = 'deleted_at') AND objoid = (SELECT oid FROM pg_catalog.pg_class WHERE relname = 'users' AND relnamespace = (SELECT oid FROM pg_catalog.pg_namespace WHERE nspname = CURRENT_SCHEMA()))

2025/02/13 14:39:26 /home/bryan/repos/skripsi/backend/setup/setup.go:78
[1.545ms] [rows:0] SELECT description FROM pg_catalog.pg_description WHERE objsubid = (SELECT ordinal_position FROM information_schema.columns WHERE table_schema = CURRENT_SCHEMA() AND table_name = 'users' AND column_name = 'name') AND objoid = (SELECT oid FROM pg_catalog.pg_class WHERE relname = 'users' AND relnamespace = (SELECT oid FROM pg_catalog.pg_namespace WHERE nspname = CURRENT_SCHEMA()))

2025/02/13 14:39:26 /home/bryan/repos/skripsi/backend/setup/setup.go:78
[1.528ms] [rows:0] SELECT description FROM pg_catalog.pg_description WHERE objsubid = (SELECT ordinal_position FROM information_schema.columns WHERE table_schema = CURRENT_SCHEMA() AND table_name = 'users' AND column_name = 'email') AND objoid = (SELECT oid FROM pg_catalog.pg_class WHERE relname = 'users' AND relnamespace = (SELECT oid FROM pg_catalog.pg_namespace WHERE nspname = CURRENT_SCHEMA()))

2025/02/13 14:39:26 /home/bryan/repos/skripsi/backend/setup/setup.go:78
[1.248ms] [rows:0] SELECT description FROM pg_catalog.pg_description WHERE objsubid = (SELECT ordinal_position FROM information_schema.columns WHERE table_schema = CURRENT_SCHEMA() AND table_name = 'users' AND column_name = 'password') AND objoid = (SELECT oid FROM pg_catalog.pg_class WHERE relname = 'users' AND relnamespace = (SELECT oid FROM pg_catalog.pg_namespace WHERE nspname = CURRENT_SCHEMA()))

2025/02/13 14:39:26 /home/bryan/repos/skripsi/backend/setup/setup.go:78
[1.434ms] [rows:0] SELECT description FROM pg_catalog.pg_description WHERE objsubid = (SELECT ordinal_position FROM information_schema.columns WHERE table_schema = CURRENT_SCHEMA() AND table_name = 'users' AND column_name = 'image_url') AND objoid = (SELECT oid FROM pg_catalog.pg_class WHERE relname = 'users' AND relnamespace = (SELECT oid FROM pg_catalog.pg_namespace WHERE nspname = CURRENT_SCHEMA()))

2025/02/13 14:39:26 /home/bryan/repos/skripsi/backend/setup/setup.go:78
[1.472ms] [rows:0] SELECT description FROM pg_catalog.pg_description WHERE objsubid = (SELECT ordinal_position FROM information_schema.columns WHERE table_schema = CURRENT_SCHEMA() AND table_name = 'users' AND column_name = 'role_id') AND objoid = (SELECT oid FROM pg_catalog.pg_class WHERE relname = 'users' AND relnamespace = (SELECT oid FROM pg_catalog.pg_namespace WHERE nspname = CURRENT_SCHEMA()))

2025/02/13 14:39:26 /home/bryan/repos/skripsi/backend/setup/setup.go:78
[4.687ms] [rows:1] SELECT count(*) FROM INFORMATION_SCHEMA.table_constraints WHERE table_schema = CURRENT_SCHEMA() AND table_name = 'users' AND constraint_name = 'fk_roles_users'

2025/02/13 14:39:26 /home/bryan/repos/skripsi/backend/setup/setup.go:78
[5.585ms] [rows:1] SELECT count(*) FROM pg_indexes WHERE tablename = 'users' AND indexname = 'idx_users_deleted_at' AND schemaname = CURRENT_SCHEMA()

2025/02/13 14:39:26 /home/bryan/repos/skripsi/backend/setup/setup.go:78
[2.096ms] [rows:1] SELECT count(*) FROM information_schema.tables WHERE table_schema = CURRENT_SCHEMA() AND table_name = 'vet_specialties' AND table_type = 'BASE TABLE'

2025/02/13 14:39:26 /home/bryan/repos/skripsi/backend/setup/setup.go:78
[0.687ms] [rows:1] SELECT CURRENT_DATABASE()

2025/02/13 14:39:26 /home/bryan/repos/skripsi/backend/setup/setup.go:78
[11.403ms] [rows:-] SELECT c.column_name, c.is_nullable = 'YES', c.udt_name, c.character_maximum_length, c.numeric_precision, c.numeric_precision_radix, c.numeric_scale, c.datetime_precision, 8 * typlen, c.column_default, pd.description, c.identity_increment FROM information_schema.columns AS c JOIN pg_type AS pgt ON c.udt_name = pgt.typname LEFT JOIN pg_catalog.pg_description as pd ON pd.objsubid = c.ordinal_position AND pd.objoid = (SELECT oid FROM pg_catalog.pg_class WHERE relname = c.table_name AND relnamespace = (SELECT oid FROM pg_catalog.pg_namespace WHERE nspname = c.table_schema)) where table_catalog = $1$ AND table_schema = CURRENT_SCHEMA() AND table_name = $2$

2025/02/13 14:39:26 /home/bryan/repos/skripsi/backend/setup/setup.go:78
[0.862ms] [rows:-] SELECT * FROM "vet_specialties" LIMIT $1$

2025/02/13 14:39:26 /home/bryan/repos/skripsi/backend/setup/setup.go:78
[16.175ms] [rows:-] SELECT constraint_name FROM information_schema.table_constraints tc JOIN information_schema.constraint_column_usage AS ccu USING (constraint_schema, constraint_catalog, table_name, constraint_name) JOIN information_schema.columns AS c ON c.table_schema = tc.constraint_schema AND tc.table_name = c.table_name AND ccu.column_name = c.column_name WHERE constraint_type IN ('PRIMARY KEY', 'UNIQUE') AND c.table_catalog = $1$ AND c.table_schema = CURRENT_SCHEMA() AND c.table_name = $2$ AND constraint_type = $3$

2025/02/13 14:39:26 /home/bryan/repos/skripsi/backend/setup/setup.go:78
[15.951ms] [rows:-] SELECT c.column_name, constraint_name, constraint_type FROM information_schema.table_constraints tc JOIN information_schema.constraint_column_usage AS ccu USING (constraint_schema, constraint_catalog, table_name, constraint_name) JOIN information_schema.columns AS c ON c.table_schema = tc.constraint_schema AND tc.table_name = c.table_name AND ccu.column_name = c.column_name WHERE constraint_type IN ('PRIMARY KEY', 'UNIQUE') AND c.table_catalog = $1$ AND c.table_schema = CURRENT_SCHEMA() AND c.table_name = $2$

2025/02/13 14:39:26 /home/bryan/repos/skripsi/backend/setup/setup.go:78
[1.626ms] [rows:-] SELECT a.attname as column_name, format_type(a.atttypid, a.atttypmod) AS data_type
		FROM pg_attribute a JOIN pg_class b ON a.attrelid = b.oid AND relnamespace = (SELECT oid FROM pg_catalog.pg_namespace WHERE nspname = CURRENT_SCHEMA())
		WHERE a.attnum > 0 -- hide internal columns
		AND NOT a.attisdropped -- hide deleted columns
		AND b.relname = $1$

2025/02/13 14:39:26 /home/bryan/repos/skripsi/backend/setup/setup.go:78
[1.640ms] [rows:0] SELECT description FROM pg_catalog.pg_description WHERE objsubid = (SELECT ordinal_position FROM information_schema.columns WHERE table_schema = CURRENT_SCHEMA() AND table_name = 'vet_specialties' AND column_name = 'id') AND objoid = (SELECT oid FROM pg_catalog.pg_class WHERE relname = 'vet_specialties' AND relnamespace = (SELECT oid FROM pg_catalog.pg_namespace WHERE nspname = CURRENT_SCHEMA()))

2025/02/13 14:39:26 /home/bryan/repos/skripsi/backend/setup/setup.go:78
[1.605ms] [rows:0] SELECT description FROM pg_catalog.pg_description WHERE objsubid = (SELECT ordinal_position FROM information_schema.columns WHERE table_schema = CURRENT_SCHEMA() AND table_name = 'vet_specialties' AND column_name = 'name') AND objoid = (SELECT oid FROM pg_catalog.pg_class WHERE relname = 'vet_specialties' AND relnamespace = (SELECT oid FROM pg_catalog.pg_namespace WHERE nspname = CURRENT_SCHEMA()))

2025/02/13 14:39:26 /home/bryan/repos/skripsi/backend/setup/setup.go:78
[2.105ms] [rows:1] SELECT count(*) FROM information_schema.tables WHERE table_schema = CURRENT_SCHEMA() AND table_name = 'user_vet_specialties' AND table_type = 'BASE TABLE'

2025/02/13 14:39:26 /home/bryan/repos/skripsi/backend/setup/setup.go:78
[0.803ms] [rows:1] SELECT CURRENT_DATABASE()

2025/02/13 14:39:26 /home/bryan/repos/skripsi/backend/setup/setup.go:78
[10.980ms] [rows:-] SELECT c.column_name, c.is_nullable = 'YES', c.udt_name, c.character_maximum_length, c.numeric_precision, c.numeric_precision_radix, c.numeric_scale, c.datetime_precision, 8 * typlen, c.column_default, pd.description, c.identity_increment FROM information_schema.columns AS c JOIN pg_type AS pgt ON c.udt_name = pgt.typname LEFT JOIN pg_catalog.pg_description as pd ON pd.objsubid = c.ordinal_position AND pd.objoid = (SELECT oid FROM pg_catalog.pg_class WHERE relname = c.table_name AND relnamespace = (SELECT oid FROM pg_catalog.pg_namespace WHERE nspname = c.table_schema)) where table_catalog = $1$ AND table_schema = CURRENT_SCHEMA() AND table_name = $2$

2025/02/13 14:39:26 /home/bryan/repos/skripsi/backend/setup/setup.go:78
[1.015ms] [rows:-] SELECT * FROM "user_vet_specialties" LIMIT $1$

2025/02/13 14:39:26 /home/bryan/repos/skripsi/backend/setup/setup.go:78
[15.683ms] [rows:-] SELECT constraint_name FROM information_schema.table_constraints tc JOIN information_schema.constraint_column_usage AS ccu USING (constraint_schema, constraint_catalog, table_name, constraint_name) JOIN information_schema.columns AS c ON c.table_schema = tc.constraint_schema AND tc.table_name = c.table_name AND ccu.column_name = c.column_name WHERE constraint_type IN ('PRIMARY KEY', 'UNIQUE') AND c.table_catalog = $1$ AND c.table_schema = CURRENT_SCHEMA() AND c.table_name = $2$ AND constraint_type = $3$

2025/02/13 14:39:26 /home/bryan/repos/skripsi/backend/setup/setup.go:78
[16.029ms] [rows:-] SELECT c.column_name, constraint_name, constraint_type FROM information_schema.table_constraints tc JOIN information_schema.constraint_column_usage AS ccu USING (constraint_schema, constraint_catalog, table_name, constraint_name) JOIN information_schema.columns AS c ON c.table_schema = tc.constraint_schema AND tc.table_name = c.table_name AND ccu.column_name = c.column_name WHERE constraint_type IN ('PRIMARY KEY', 'UNIQUE') AND c.table_catalog = $1$ AND c.table_schema = CURRENT_SCHEMA() AND c.table_name = $2$

2025/02/13 14:39:26 /home/bryan/repos/skripsi/backend/setup/setup.go:78
[1.550ms] [rows:-] SELECT a.attname as column_name, format_type(a.atttypid, a.atttypmod) AS data_type
		FROM pg_attribute a JOIN pg_class b ON a.attrelid = b.oid AND relnamespace = (SELECT oid FROM pg_catalog.pg_namespace WHERE nspname = CURRENT_SCHEMA())
		WHERE a.attnum > 0 -- hide internal columns
		AND NOT a.attisdropped -- hide deleted columns
		AND b.relname = $1$

2025/02/13 14:39:26 /home/bryan/repos/skripsi/backend/setup/setup.go:78
[1.375ms] [rows:0] SELECT description FROM pg_catalog.pg_description WHERE objsubid = (SELECT ordinal_position FROM information_schema.columns WHERE table_schema = CURRENT_SCHEMA() AND table_name = 'user_vet_specialties' AND column_name = 'user_id') AND objoid = (SELECT oid FROM pg_catalog.pg_class WHERE relname = 'user_vet_specialties' AND relnamespace = (SELECT oid FROM pg_catalog.pg_namespace WHERE nspname = CURRENT_SCHEMA()))

2025/02/13 14:39:26 /home/bryan/repos/skripsi/backend/setup/setup.go:78
[1.326ms] [rows:0] SELECT description FROM pg_catalog.pg_description WHERE objsubid = (SELECT ordinal_position FROM information_schema.columns WHERE table_schema = CURRENT_SCHEMA() AND table_name = 'user_vet_specialties' AND column_name = 'vet_specialty_id') AND objoid = (SELECT oid FROM pg_catalog.pg_class WHERE relname = 'user_vet_specialties' AND relnamespace = (SELECT oid FROM pg_catalog.pg_namespace WHERE nspname = CURRENT_SCHEMA()))

2025/02/13 14:39:26 /home/bryan/repos/skripsi/backend/setup/setup.go:78
[3.696ms] [rows:1] SELECT count(*) FROM INFORMATION_SCHEMA.table_constraints WHERE table_schema = CURRENT_SCHEMA() AND table_name = 'user_vet_specialties' AND constraint_name = 'fk_user_vet_specialties_user'

2025/02/13 14:39:26 /home/bryan/repos/skripsi/backend/setup/setup.go:78
[3.983ms] [rows:1] SELECT count(*) FROM INFORMATION_SCHEMA.table_constraints WHERE table_schema = CURRENT_SCHEMA() AND table_name = 'user_vet_specialties' AND constraint_name = 'fk_user_vet_specialties_vet_specialty'

2025/02/13 14:39:26 /home/bryan/repos/skripsi/backend/setup/setup.go:78
[2.176ms] [rows:1] SELECT count(*) FROM information_schema.tables WHERE table_schema = CURRENT_SCHEMA() AND table_name = 'daily_walks' AND table_type = 'BASE TABLE'

2025/02/13 14:39:26 /home/bryan/repos/skripsi/backend/setup/setup.go:78
[0.853ms] [rows:1] SELECT CURRENT_DATABASE()

2025/02/13 14:39:26 /home/bryan/repos/skripsi/backend/setup/setup.go:78
[11.012ms] [rows:-] SELECT c.column_name, c.is_nullable = 'YES', c.udt_name, c.character_maximum_length, c.numeric_precision, c.numeric_precision_radix, c.numeric_scale, c.datetime_precision, 8 * typlen, c.column_default, pd.description, c.identity_increment FROM information_schema.columns AS c JOIN pg_type AS pgt ON c.udt_name = pgt.typname LEFT JOIN pg_catalog.pg_description as pd ON pd.objsubid = c.ordinal_position AND pd.objoid = (SELECT oid FROM pg_catalog.pg_class WHERE relname = c.table_name AND relnamespace = (SELECT oid FROM pg_catalog.pg_namespace WHERE nspname = c.table_schema)) where table_catalog = $1$ AND table_schema = CURRENT_SCHEMA() AND table_name = $2$

2025/02/13 14:39:26 /home/bryan/repos/skripsi/backend/setup/setup.go:78
[1.002ms] [rows:-] SELECT * FROM "daily_walks" LIMIT $1$

2025/02/13 14:39:26 /home/bryan/repos/skripsi/backend/setup/setup.go:78
[15.801ms] [rows:-] SELECT constraint_name FROM information_schema.table_constraints tc JOIN information_schema.constraint_column_usage AS ccu USING (constraint_schema, constraint_catalog, table_name, constraint_name) JOIN information_schema.columns AS c ON c.table_schema = tc.constraint_schema AND tc.table_name = c.table_name AND ccu.column_name = c.column_name WHERE constraint_type IN ('PRIMARY KEY', 'UNIQUE') AND c.table_catalog = $1$ AND c.table_schema = CURRENT_SCHEMA() AND c.table_name = $2$ AND constraint_type = $3$

2025/02/13 14:39:26 /home/bryan/repos/skripsi/backend/setup/setup.go:78
[16.130ms] [rows:-] SELECT c.column_name, constraint_name, constraint_type FROM information_schema.table_constraints tc JOIN information_schema.constraint_column_usage AS ccu USING (constraint_schema, constraint_catalog, table_name, constraint_name) JOIN information_schema.columns AS c ON c.table_schema = tc.constraint_schema AND tc.table_name = c.table_name AND ccu.column_name = c.column_name WHERE constraint_type IN ('PRIMARY KEY', 'UNIQUE') AND c.table_catalog = $1$ AND c.table_schema = CURRENT_SCHEMA() AND c.table_name = $2$

2025/02/13 14:39:26 /home/bryan/repos/skripsi/backend/setup/setup.go:78
[1.814ms] [rows:-] SELECT a.attname as column_name, format_type(a.atttypid, a.atttypmod) AS data_type
		FROM pg_attribute a JOIN pg_class b ON a.attrelid = b.oid AND relnamespace = (SELECT oid FROM pg_catalog.pg_namespace WHERE nspname = CURRENT_SCHEMA())
		WHERE a.attnum > 0 -- hide internal columns
		AND NOT a.attisdropped -- hide deleted columns
		AND b.relname = $1$

2025/02/13 14:39:26 /home/bryan/repos/skripsi/backend/setup/setup.go:78
[1.605ms] [rows:0] SELECT description FROM pg_catalog.pg_description WHERE objsubid = (SELECT ordinal_position FROM information_schema.columns WHERE table_schema = CURRENT_SCHEMA() AND table_name = 'daily_walks' AND column_name = 'id') AND objoid = (SELECT oid FROM pg_catalog.pg_class WHERE relname = 'daily_walks' AND relnamespace = (SELECT oid FROM pg_catalog.pg_namespace WHERE nspname = CURRENT_SCHEMA()))

2025/02/13 14:39:26 /home/bryan/repos/skripsi/backend/setup/setup.go:78
[1.458ms] [rows:0] SELECT description FROM pg_catalog.pg_description WHERE objsubid = (SELECT ordinal_position FROM information_schema.columns WHERE table_schema = CURRENT_SCHEMA() AND table_name = 'daily_walks' AND column_name = 'name') AND objoid = (SELECT oid FROM pg_catalog.pg_class WHERE relname = 'daily_walks' AND relnamespace = (SELECT oid FROM pg_catalog.pg_namespace WHERE nspname = CURRENT_SCHEMA()))

2025/02/13 14:39:26 /home/bryan/repos/skripsi/backend/setup/setup.go:78
[2.145ms] [rows:1] SELECT count(*) FROM information_schema.tables WHERE table_schema = CURRENT_SCHEMA() AND table_name = 'daily_playtimes' AND table_type = 'BASE TABLE'

2025/02/13 14:39:26 /home/bryan/repos/skripsi/backend/setup/setup.go:78
[0.730ms] [rows:1] SELECT CURRENT_DATABASE()

2025/02/13 14:39:26 /home/bryan/repos/skripsi/backend/setup/setup.go:78
[11.575ms] [rows:-] SELECT c.column_name, c.is_nullable = 'YES', c.udt_name, c.character_maximum_length, c.numeric_precision, c.numeric_precision_radix, c.numeric_scale, c.datetime_precision, 8 * typlen, c.column_default, pd.description, c.identity_increment FROM information_schema.columns AS c JOIN pg_type AS pgt ON c.udt_name = pgt.typname LEFT JOIN pg_catalog.pg_description as pd ON pd.objsubid = c.ordinal_position AND pd.objoid = (SELECT oid FROM pg_catalog.pg_class WHERE relname = c.table_name AND relnamespace = (SELECT oid FROM pg_catalog.pg_namespace WHERE nspname = c.table_schema)) where table_catalog = $1$ AND table_schema = CURRENT_SCHEMA() AND table_name = $2$

2025/02/13 14:39:26 /home/bryan/repos/skripsi/backend/setup/setup.go:78
[0.925ms] [rows:-] SELECT * FROM "daily_playtimes" LIMIT $1$

2025/02/13 14:39:26 /home/bryan/repos/skripsi/backend/setup/setup.go:78
[15.793ms] [rows:-] SELECT constraint_name FROM information_schema.table_constraints tc JOIN information_schema.constraint_column_usage AS ccu USING (constraint_schema, constraint_catalog, table_name, constraint_name) JOIN information_schema.columns AS c ON c.table_schema = tc.constraint_schema AND tc.table_name = c.table_name AND ccu.column_name = c.column_name WHERE constraint_type IN ('PRIMARY KEY', 'UNIQUE') AND c.table_catalog = $1$ AND c.table_schema = CURRENT_SCHEMA() AND c.table_name = $2$ AND constraint_type = $3$

2025/02/13 14:39:26 /home/bryan/repos/skripsi/backend/setup/setup.go:78
[15.469ms] [rows:-] SELECT c.column_name, constraint_name, constraint_type FROM information_schema.table_constraints tc JOIN information_schema.constraint_column_usage AS ccu USING (constraint_schema, constraint_catalog, table_name, constraint_name) JOIN information_schema.columns AS c ON c.table_schema = tc.constraint_schema AND tc.table_name = c.table_name AND ccu.column_name = c.column_name WHERE constraint_type IN ('PRIMARY KEY', 'UNIQUE') AND c.table_catalog = $1$ AND c.table_schema = CURRENT_SCHEMA() AND c.table_name = $2$

2025/02/13 14:39:26 /home/bryan/repos/skripsi/backend/setup/setup.go:78
[1.708ms] [rows:-] SELECT a.attname as column_name, format_type(a.atttypid, a.atttypmod) AS data_type
		FROM pg_attribute a JOIN pg_class b ON a.attrelid = b.oid AND relnamespace = (SELECT oid FROM pg_catalog.pg_namespace WHERE nspname = CURRENT_SCHEMA())
		WHERE a.attnum > 0 -- hide internal columns
		AND NOT a.attisdropped -- hide deleted columns
		AND b.relname = $1$

2025/02/13 14:39:26 /home/bryan/repos/skripsi/backend/setup/setup.go:78
[1.351ms] [rows:0] SELECT description FROM pg_catalog.pg_description WHERE objsubid = (SELECT ordinal_position FROM information_schema.columns WHERE table_schema = CURRENT_SCHEMA() AND table_name = 'daily_playtimes' AND column_name = 'id') AND objoid = (SELECT oid FROM pg_catalog.pg_class WHERE relname = 'daily_playtimes' AND relnamespace = (SELECT oid FROM pg_catalog.pg_namespace WHERE nspname = CURRENT_SCHEMA()))

2025/02/13 14:39:26 /home/bryan/repos/skripsi/backend/setup/setup.go:78
[1.425ms] [rows:0] SELECT description FROM pg_catalog.pg_description WHERE objsubid = (SELECT ordinal_position FROM information_schema.columns WHERE table_schema = CURRENT_SCHEMA() AND table_name = 'daily_playtimes' AND column_name = 'name') AND objoid = (SELECT oid FROM pg_catalog.pg_class WHERE relname = 'daily_playtimes' AND relnamespace = (SELECT oid FROM pg_catalog.pg_namespace WHERE nspname = CURRENT_SCHEMA()))

2025/02/13 14:39:26 /home/bryan/repos/skripsi/backend/setup/setup.go:78
[0.983ms] [rows:1] SELECT count(*) FROM information_schema.tables WHERE table_schema = CURRENT_SCHEMA() AND table_name = 'pet_daycares' AND table_type = 'BASE TABLE'

2025/02/13 14:39:26 /home/bryan/repos/skripsi/backend/setup/setup.go:78
[0.604ms] [rows:1] SELECT CURRENT_DATABASE()

2025/02/13 14:39:26 /home/bryan/repos/skripsi/backend/setup/setup.go:78
[4.342ms] [rows:-] SELECT c.column_name, c.is_nullable = 'YES', c.udt_name, c.character_maximum_length, c.numeric_precision, c.numeric_precision_radix, c.numeric_scale, c.datetime_precision, 8 * typlen, c.column_default, pd.description, c.identity_increment FROM information_schema.columns AS c JOIN pg_type AS pgt ON c.udt_name = pgt.typname LEFT JOIN pg_catalog.pg_description as pd ON pd.objsubid = c.ordinal_position AND pd.objoid = (SELECT oid FROM pg_catalog.pg_class WHERE relname = c.table_name AND relnamespace = (SELECT oid FROM pg_catalog.pg_namespace WHERE nspname = c.table_schema)) where table_catalog = $1$ AND table_schema = CURRENT_SCHEMA() AND table_name = $2$

2025/02/13 14:39:26 /home/bryan/repos/skripsi/backend/setup/setup.go:78
[0.955ms] [rows:-] SELECT * FROM "pet_daycares" LIMIT $1$

2025/02/13 14:39:26 /home/bryan/repos/skripsi/backend/setup/setup.go:78
[5.984ms] [rows:-] SELECT constraint_name FROM information_schema.table_constraints tc JOIN information_schema.constraint_column_usage AS ccu USING (constraint_schema, constraint_catalog, table_name, constraint_name) JOIN information_schema.columns AS c ON c.table_schema = tc.constraint_schema AND tc.table_name = c.table_name AND ccu.column_name = c.column_name WHERE constraint_type IN ('PRIMARY KEY', 'UNIQUE') AND c.table_catalog = $1$ AND c.table_schema = CURRENT_SCHEMA() AND c.table_name = $2$ AND constraint_type = $3$

2025/02/13 14:39:26 /home/bryan/repos/skripsi/backend/setup/setup.go:78
[6.018ms] [rows:-] SELECT c.column_name, constraint_name, constraint_type FROM information_schema.table_constraints tc JOIN information_schema.constraint_column_usage AS ccu USING (constraint_schema, constraint_catalog, table_name, constraint_name) JOIN information_schema.columns AS c ON c.table_schema = tc.constraint_schema AND tc.table_name = c.table_name AND ccu.column_name = c.column_name WHERE constraint_type IN ('PRIMARY KEY', 'UNIQUE') AND c.table_catalog = $1$ AND c.table_schema = CURRENT_SCHEMA() AND c.table_name = $2$

2025/02/13 14:39:26 /home/bryan/repos/skripsi/backend/setup/setup.go:78
[0.841ms] [rows:-] SELECT a.attname as column_name, format_type(a.atttypid, a.atttypmod) AS data_type
		FROM pg_attribute a JOIN pg_class b ON a.attrelid = b.oid AND relnamespace = (SELECT oid FROM pg_catalog.pg_namespace WHERE nspname = CURRENT_SCHEMA())
		WHERE a.attnum > 0 -- hide internal columns
		AND NOT a.attisdropped -- hide deleted columns
		AND b.relname = $1$

2025/02/13 14:39:26 /home/bryan/repos/skripsi/backend/setup/setup.go:78
[1.279ms] [rows:0] SELECT description FROM pg_catalog.pg_description WHERE objsubid = (SELECT ordinal_position FROM information_schema.columns WHERE table_schema = CURRENT_SCHEMA() AND table_name = 'pet_daycares' AND column_name = 'id') AND objoid = (SELECT oid FROM pg_catalog.pg_class WHERE relname = 'pet_daycares' AND relnamespace = (SELECT oid FROM pg_catalog.pg_namespace WHERE nspname = CURRENT_SCHEMA()))

2025/02/13 14:39:26 /home/bryan/repos/skripsi/backend/setup/setup.go:78
[1.234ms] [rows:0] SELECT description FROM pg_catalog.pg_description WHERE objsubid = (SELECT ordinal_position FROM information_schema.columns WHERE table_schema = CURRENT_SCHEMA() AND table_name = 'pet_daycares' AND column_name = 'created_at') AND objoid = (SELECT oid FROM pg_catalog.pg_class WHERE relname = 'pet_daycares' AND relnamespace = (SELECT oid FROM pg_catalog.pg_namespace WHERE nspname = CURRENT_SCHEMA()))

2025/02/13 14:39:26 /home/bryan/repos/skripsi/backend/setup/setup.go:78
[1.180ms] [rows:0] SELECT description FROM pg_catalog.pg_description WHERE objsubid = (SELECT ordinal_position FROM information_schema.columns WHERE table_schema = CURRENT_SCHEMA() AND table_name = 'pet_daycares' AND column_name = 'updated_at') AND objoid = (SELECT oid FROM pg_catalog.pg_class WHERE relname = 'pet_daycares' AND relnamespace = (SELECT oid FROM pg_catalog.pg_namespace WHERE nspname = CURRENT_SCHEMA()))

2025/02/13 14:39:26 /home/bryan/repos/skripsi/backend/setup/setup.go:78
[1.248ms] [rows:0] SELECT description FROM pg_catalog.pg_description WHERE objsubid = (SELECT ordinal_position FROM information_schema.columns WHERE table_schema = CURRENT_SCHEMA() AND table_name = 'pet_daycares' AND column_name = 'deleted_at') AND objoid = (SELECT oid FROM pg_catalog.pg_class WHERE relname = 'pet_daycares' AND relnamespace = (SELECT oid FROM pg_catalog.pg_namespace WHERE nspname = CURRENT_SCHEMA()))

2025/02/13 14:39:26 /home/bryan/repos/skripsi/backend/setup/setup.go:78
[1.366ms] [rows:0] SELECT description FROM pg_catalog.pg_description WHERE objsubid = (SELECT ordinal_position FROM information_schema.columns WHERE table_schema = CURRENT_SCHEMA() AND table_name = 'pet_daycares' AND column_name = 'name') AND objoid = (SELECT oid FROM pg_catalog.pg_class WHERE relname = 'pet_daycares' AND relnamespace = (SELECT oid FROM pg_catalog.pg_namespace WHERE nspname = CURRENT_SCHEMA()))

2025/02/13 14:39:26 /home/bryan/repos/skripsi/backend/setup/setup.go:78
[1.536ms] [rows:0] SELECT description FROM pg_catalog.pg_description WHERE objsubid = (SELECT ordinal_position FROM information_schema.columns WHERE table_schema = CURRENT_SCHEMA() AND table_name = 'pet_daycares' AND column_name = 'address') AND objoid = (SELECT oid FROM pg_catalog.pg_class WHERE relname = 'pet_daycares' AND relnamespace = (SELECT oid FROM pg_catalog.pg_namespace WHERE nspname = CURRENT_SCHEMA()))

2025/02/13 14:39:26 /home/bryan/repos/skripsi/backend/setup/setup.go:78
[1.786ms] [rows:0] SELECT description FROM pg_catalog.pg_description WHERE objsubid = (SELECT ordinal_position FROM information_schema.columns WHERE table_schema = CURRENT_SCHEMA() AND table_name = 'pet_daycares' AND column_name = 'latitude') AND objoid = (SELECT oid FROM pg_catalog.pg_class WHERE relname = 'pet_daycares' AND relnamespace = (SELECT oid FROM pg_catalog.pg_namespace WHERE nspname = CURRENT_SCHEMA()))

2025/02/13 14:39:26 /home/bryan/repos/skripsi/backend/setup/setup.go:78
[1.761ms] [rows:0] SELECT description FROM pg_catalog.pg_description WHERE objsubid = (SELECT ordinal_position FROM information_schema.columns WHERE table_schema = CURRENT_SCHEMA() AND table_name = 'pet_daycares' AND column_name = 'longitude') AND objoid = (SELECT oid FROM pg_catalog.pg_class WHERE relname = 'pet_daycares' AND relnamespace = (SELECT oid FROM pg_catalog.pg_namespace WHERE nspname = CURRENT_SCHEMA()))

2025/02/13 14:39:26 /home/bryan/repos/skripsi/backend/setup/setup.go:78
[1.483ms] [rows:0] SELECT description FROM pg_catalog.pg_description WHERE objsubid = (SELECT ordinal_position FROM information_schema.columns WHERE table_schema = CURRENT_SCHEMA() AND table_name = 'pet_daycares' AND column_name = 'price') AND objoid = (SELECT oid FROM pg_catalog.pg_class WHERE relname = 'pet_daycares' AND relnamespace = (SELECT oid FROM pg_catalog.pg_namespace WHERE nspname = CURRENT_SCHEMA()))

2025/02/13 14:39:26 /home/bryan/repos/skripsi/backend/setup/setup.go:78
[1.476ms] [rows:0] SELECT description FROM pg_catalog.pg_description WHERE objsubid = (SELECT ordinal_position FROM information_schema.columns WHERE table_schema = CURRENT_SCHEMA() AND table_name = 'pet_daycares' AND column_name = 'pricing_type') AND objoid = (SELECT oid FROM pg_catalog.pg_class WHERE relname = 'pet_daycares' AND relnamespace = (SELECT oid FROM pg_catalog.pg_namespace WHERE nspname = CURRENT_SCHEMA()))

2025/02/13 14:39:26 /home/bryan/repos/skripsi/backend/setup/setup.go:78
[1.443ms] [rows:0] SELECT description FROM pg_catalog.pg_description WHERE objsubid = (SELECT ordinal_position FROM information_schema.columns WHERE table_schema = CURRENT_SCHEMA() AND table_name = 'pet_daycares' AND column_name = 'description') AND objoid = (SELECT oid FROM pg_catalog.pg_class WHERE relname = 'pet_daycares' AND relnamespace = (SELECT oid FROM pg_catalog.pg_namespace WHERE nspname = CURRENT_SCHEMA()))

2025/02/13 14:39:26 /home/bryan/repos/skripsi/backend/setup/setup.go:78
[1.522ms] [rows:0] SELECT description FROM pg_catalog.pg_description WHERE objsubid = (SELECT ordinal_position FROM information_schema.columns WHERE table_schema = CURRENT_SCHEMA() AND table_name = 'pet_daycares' AND column_name = 'has_pickup_service') AND objoid = (SELECT oid FROM pg_catalog.pg_class WHERE relname = 'pet_daycares' AND relnamespace = (SELECT oid FROM pg_catalog.pg_namespace WHERE nspname = CURRENT_SCHEMA()))

2025/02/13 14:39:26 /home/bryan/repos/skripsi/backend/setup/setup.go:78
[1.654ms] [rows:0] SELECT description FROM pg_catalog.pg_description WHERE objsubid = (SELECT ordinal_position FROM information_schema.columns WHERE table_schema = CURRENT_SCHEMA() AND table_name = 'pet_daycares' AND column_name = 'must_be_vaccinated') AND objoid = (SELECT oid FROM pg_catalog.pg_class WHERE relname = 'pet_daycares' AND relnamespace = (SELECT oid FROM pg_catalog.pg_namespace WHERE nspname = CURRENT_SCHEMA()))

2025/02/13 14:39:26 /home/bryan/repos/skripsi/backend/setup/setup.go:78
[1.544ms] [rows:0] SELECT description FROM pg_catalog.pg_description WHERE objsubid = (SELECT ordinal_position FROM information_schema.columns WHERE table_schema = CURRENT_SCHEMA() AND table_name = 'pet_daycares' AND column_name = 'food_provided') AND objoid = (SELECT oid FROM pg_catalog.pg_class WHERE relname = 'pet_daycares' AND relnamespace = (SELECT oid FROM pg_catalog.pg_namespace WHERE nspname = CURRENT_SCHEMA()))

2025/02/13 14:39:26 /home/bryan/repos/skripsi/backend/setup/setup.go:78
[1.444ms] [rows:0] SELECT description FROM pg_catalog.pg_description WHERE objsubid = (SELECT ordinal_position FROM information_schema.columns WHERE table_schema = CURRENT_SCHEMA() AND table_name = 'pet_daycares' AND column_name = 'grooming_available') AND objoid = (SELECT oid FROM pg_catalog.pg_class WHERE relname = 'pet_daycares' AND relnamespace = (SELECT oid FROM pg_catalog.pg_namespace WHERE nspname = CURRENT_SCHEMA()))

2025/02/13 14:39:26 /home/bryan/repos/skripsi/backend/setup/setup.go:78
[1.391ms] [rows:0] SELECT description FROM pg_catalog.pg_description WHERE objsubid = (SELECT ordinal_position FROM information_schema.columns WHERE table_schema = CURRENT_SCHEMA() AND table_name = 'pet_daycares' AND column_name = 'booked_num') AND objoid = (SELECT oid FROM pg_catalog.pg_class WHERE relname = 'pet_daycares' AND relnamespace = (SELECT oid FROM pg_catalog.pg_namespace WHERE nspname = CURRENT_SCHEMA()))

2025/02/13 14:39:26 /home/bryan/repos/skripsi/backend/setup/setup.go:78
[1.477ms] [rows:0] SELECT description FROM pg_catalog.pg_description WHERE objsubid = (SELECT ordinal_position FROM information_schema.columns WHERE table_schema = CURRENT_SCHEMA() AND table_name = 'pet_daycares' AND column_name = 'daily_walks_id') AND objoid = (SELECT oid FROM pg_catalog.pg_class WHERE relname = 'pet_daycares' AND relnamespace = (SELECT oid FROM pg_catalog.pg_namespace WHERE nspname = CURRENT_SCHEMA()))

2025/02/13 14:39:26 /home/bryan/repos/skripsi/backend/setup/setup.go:78
[1.439ms] [rows:0] SELECT description FROM pg_catalog.pg_description WHERE objsubid = (SELECT ordinal_position FROM information_schema.columns WHERE table_schema = CURRENT_SCHEMA() AND table_name = 'pet_daycares' AND column_name = 'daily_playtime_id') AND objoid = (SELECT oid FROM pg_catalog.pg_class WHERE relname = 'pet_daycares' AND relnamespace = (SELECT oid FROM pg_catalog.pg_namespace WHERE nspname = CURRENT_SCHEMA()))

2025/02/13 14:39:26 /home/bryan/repos/skripsi/backend/setup/setup.go:78
[1.462ms] [rows:0] SELECT description FROM pg_catalog.pg_description WHERE objsubid = (SELECT ordinal_position FROM information_schema.columns WHERE table_schema = CURRENT_SCHEMA() AND table_name = 'pet_daycares' AND column_name = 'owner_id') AND objoid = (SELECT oid FROM pg_catalog.pg_class WHERE relname = 'pet_daycares' AND relnamespace = (SELECT oid FROM pg_catalog.pg_namespace WHERE nspname = CURRENT_SCHEMA()))

2025/02/13 14:39:26 /home/bryan/repos/skripsi/backend/setup/setup.go:78
[1.561ms] [rows:0] SELECT description FROM pg_catalog.pg_description WHERE objsubid = (SELECT ordinal_position FROM information_schema.columns WHERE table_schema = CURRENT_SCHEMA() AND table_name = 'pet_daycares' AND column_name = 'food_brand') AND objoid = (SELECT oid FROM pg_catalog.pg_class WHERE relname = 'pet_daycares' AND relnamespace = (SELECT oid FROM pg_catalog.pg_namespace WHERE nspname = CURRENT_SCHEMA()))

2025/02/13 14:39:26 /home/bryan/repos/skripsi/backend/setup/setup.go:78
[3.682ms] [rows:1] SELECT count(*) FROM INFORMATION_SCHEMA.table_constraints WHERE table_schema = CURRENT_SCHEMA() AND table_name = 'pet_daycares' AND constraint_name = 'fk_users_pet_daycare'

2025/02/13 14:39:26 /home/bryan/repos/skripsi/backend/setup/setup.go:78
[4.345ms] [rows:1] SELECT count(*) FROM INFORMATION_SCHEMA.table_constraints WHERE table_schema = CURRENT_SCHEMA() AND table_name = 'pet_daycares' AND constraint_name = 'fk_pet_daycares_daily_walks'

2025/02/13 14:39:26 /home/bryan/repos/skripsi/backend/setup/setup.go:78
[3.580ms] [rows:1] SELECT count(*) FROM INFORMATION_SCHEMA.table_constraints WHERE table_schema = CURRENT_SCHEMA() AND table_name = 'pet_daycares' AND constraint_name = 'fk_pet_daycares_daily_playtime'

2025/02/13 14:39:26 /home/bryan/repos/skripsi/backend/setup/setup.go:78
[2.458ms] [rows:1] SELECT count(*) FROM pg_indexes WHERE tablename = 'pet_daycares' AND indexname = 'idx_pet_daycares_deleted_at' AND schemaname = CURRENT_SCHEMA()

2025/02/13 14:39:26 /home/bryan/repos/skripsi/backend/setup/setup.go:78
[0.964ms] [rows:1] SELECT count(*) FROM information_schema.tables WHERE table_schema = CURRENT_SCHEMA() AND table_name = 'species' AND table_type = 'BASE TABLE'

2025/02/13 14:39:26 /home/bryan/repos/skripsi/backend/setup/setup.go:78
[0.740ms] [rows:1] SELECT CURRENT_DATABASE()

2025/02/13 14:39:26 /home/bryan/repos/skripsi/backend/setup/setup.go:78
[2.725ms] [rows:-] SELECT c.column_name, c.is_nullable = 'YES', c.udt_name, c.character_maximum_length, c.numeric_precision, c.numeric_precision_radix, c.numeric_scale, c.datetime_precision, 8 * typlen, c.column_default, pd.description, c.identity_increment FROM information_schema.columns AS c JOIN pg_type AS pgt ON c.udt_name = pgt.typname LEFT JOIN pg_catalog.pg_description as pd ON pd.objsubid = c.ordinal_position AND pd.objoid = (SELECT oid FROM pg_catalog.pg_class WHERE relname = c.table_name AND relnamespace = (SELECT oid FROM pg_catalog.pg_namespace WHERE nspname = c.table_schema)) where table_catalog = $1$ AND table_schema = CURRENT_SCHEMA() AND table_name = $2$

2025/02/13 14:39:26 /home/bryan/repos/skripsi/backend/setup/setup.go:78
[0.898ms] [rows:-] SELECT * FROM "species" LIMIT $1$

2025/02/13 14:39:26 /home/bryan/repos/skripsi/backend/setup/setup.go:78
[2.303ms] [rows:-] SELECT constraint_name FROM information_schema.table_constraints tc JOIN information_schema.constraint_column_usage AS ccu USING (constraint_schema, constraint_catalog, table_name, constraint_name) JOIN information_schema.columns AS c ON c.table_schema = tc.constraint_schema AND tc.table_name = c.table_name AND ccu.column_name = c.column_name WHERE constraint_type IN ('PRIMARY KEY', 'UNIQUE') AND c.table_catalog = $1$ AND c.table_schema = CURRENT_SCHEMA() AND c.table_name = $2$ AND constraint_type = $3$

2025/02/13 14:39:26 /home/bryan/repos/skripsi/backend/setup/setup.go:78
[2.384ms] [rows:-] SELECT c.column_name, constraint_name, constraint_type FROM information_schema.table_constraints tc JOIN information_schema.constraint_column_usage AS ccu USING (constraint_schema, constraint_catalog, table_name, constraint_name) JOIN information_schema.columns AS c ON c.table_schema = tc.constraint_schema AND tc.table_name = c.table_name AND ccu.column_name = c.column_name WHERE constraint_type IN ('PRIMARY KEY', 'UNIQUE') AND c.table_catalog = $1$ AND c.table_schema = CURRENT_SCHEMA() AND c.table_name = $2$

2025/02/13 14:39:26 /home/bryan/repos/skripsi/backend/setup/setup.go:78
[0.953ms] [rows:-] SELECT a.attname as column_name, format_type(a.atttypid, a.atttypmod) AS data_type
		FROM pg_attribute a JOIN pg_class b ON a.attrelid = b.oid AND relnamespace = (SELECT oid FROM pg_catalog.pg_namespace WHERE nspname = CURRENT_SCHEMA())
		WHERE a.attnum > 0 -- hide internal columns
		AND NOT a.attisdropped -- hide deleted columns
		AND b.relname = $1$

2025/02/13 14:39:26 /home/bryan/repos/skripsi/backend/setup/setup.go:78
[1.355ms] [rows:0] SELECT description FROM pg_catalog.pg_description WHERE objsubid = (SELECT ordinal_position FROM information_schema.columns WHERE table_schema = CURRENT_SCHEMA() AND table_name = 'species' AND column_name = 'id') AND objoid = (SELECT oid FROM pg_catalog.pg_class WHERE relname = 'species' AND relnamespace = (SELECT oid FROM pg_catalog.pg_namespace WHERE nspname = CURRENT_SCHEMA()))

2025/02/13 14:39:26 /home/bryan/repos/skripsi/backend/setup/setup.go:78
[1.351ms] [rows:0] SELECT description FROM pg_catalog.pg_description WHERE objsubid = (SELECT ordinal_position FROM information_schema.columns WHERE table_schema = CURRENT_SCHEMA() AND table_name = 'species' AND column_name = 'name') AND objoid = (SELECT oid FROM pg_catalog.pg_class WHERE relname = 'species' AND relnamespace = (SELECT oid FROM pg_catalog.pg_namespace WHERE nspname = CURRENT_SCHEMA()))

2025/02/13 14:39:26 /home/bryan/repos/skripsi/backend/setup/setup.go:78
[1.029ms] [rows:1] SELECT count(*) FROM information_schema.tables WHERE table_schema = CURRENT_SCHEMA() AND table_name = 'size_categories' AND table_type = 'BASE TABLE'

2025/02/13 14:39:26 /home/bryan/repos/skripsi/backend/setup/setup.go:78
[0.829ms] [rows:1] SELECT CURRENT_DATABASE()

2025/02/13 14:39:26 /home/bryan/repos/skripsi/backend/setup/setup.go:78
[2.906ms] [rows:-] SELECT c.column_name, c.is_nullable = 'YES', c.udt_name, c.character_maximum_length, c.numeric_precision, c.numeric_precision_radix, c.numeric_scale, c.datetime_precision, 8 * typlen, c.column_default, pd.description, c.identity_increment FROM information_schema.columns AS c JOIN pg_type AS pgt ON c.udt_name = pgt.typname LEFT JOIN pg_catalog.pg_description as pd ON pd.objsubid = c.ordinal_position AND pd.objoid = (SELECT oid FROM pg_catalog.pg_class WHERE relname = c.table_name AND relnamespace = (SELECT oid FROM pg_catalog.pg_namespace WHERE nspname = c.table_schema)) where table_catalog = $1$ AND table_schema = CURRENT_SCHEMA() AND table_name = $2$

2025/02/13 14:39:26 /home/bryan/repos/skripsi/backend/setup/setup.go:78
[0.925ms] [rows:-] SELECT * FROM "size_categories" LIMIT $1$

2025/02/13 14:39:26 /home/bryan/repos/skripsi/backend/setup/setup.go:78
[2.387ms] [rows:-] SELECT constraint_name FROM information_schema.table_constraints tc JOIN information_schema.constraint_column_usage AS ccu USING (constraint_schema, constraint_catalog, table_name, constraint_name) JOIN information_schema.columns AS c ON c.table_schema = tc.constraint_schema AND tc.table_name = c.table_name AND ccu.column_name = c.column_name WHERE constraint_type IN ('PRIMARY KEY', 'UNIQUE') AND c.table_catalog = $1$ AND c.table_schema = CURRENT_SCHEMA() AND c.table_name = $2$ AND constraint_type = $3$

2025/02/13 14:39:26 /home/bryan/repos/skripsi/backend/setup/setup.go:78
[2.829ms] [rows:-] SELECT c.column_name, constraint_name, constraint_type FROM information_schema.table_constraints tc JOIN information_schema.constraint_column_usage AS ccu USING (constraint_schema, constraint_catalog, table_name, constraint_name) JOIN information_schema.columns AS c ON c.table_schema = tc.constraint_schema AND tc.table_name = c.table_name AND ccu.column_name = c.column_name WHERE constraint_type IN ('PRIMARY KEY', 'UNIQUE') AND c.table_catalog = $1$ AND c.table_schema = CURRENT_SCHEMA() AND c.table_name = $2$

2025/02/13 14:39:26 /home/bryan/repos/skripsi/backend/setup/setup.go:78
[1.084ms] [rows:-] SELECT a.attname as column_name, format_type(a.atttypid, a.atttypmod) AS data_type
		FROM pg_attribute a JOIN pg_class b ON a.attrelid = b.oid AND relnamespace = (SELECT oid FROM pg_catalog.pg_namespace WHERE nspname = CURRENT_SCHEMA())
		WHERE a.attnum > 0 -- hide internal columns
		AND NOT a.attisdropped -- hide deleted columns
		AND b.relname = $1$

2025/02/13 14:39:26 /home/bryan/repos/skripsi/backend/setup/setup.go:78
[1.547ms] [rows:0] SELECT description FROM pg_catalog.pg_description WHERE objsubid = (SELECT ordinal_position FROM information_schema.columns WHERE table_schema = CURRENT_SCHEMA() AND table_name = 'size_categories' AND column_name = 'id') AND objoid = (SELECT oid FROM pg_catalog.pg_class WHERE relname = 'size_categories' AND relnamespace = (SELECT oid FROM pg_catalog.pg_namespace WHERE nspname = CURRENT_SCHEMA()))

2025/02/13 14:39:26 /home/bryan/repos/skripsi/backend/setup/setup.go:78
[1.617ms] [rows:0] SELECT description FROM pg_catalog.pg_description WHERE objsubid = (SELECT ordinal_position FROM information_schema.columns WHERE table_schema = CURRENT_SCHEMA() AND table_name = 'size_categories' AND column_name = 'name') AND objoid = (SELECT oid FROM pg_catalog.pg_class WHERE relname = 'size_categories' AND relnamespace = (SELECT oid FROM pg_catalog.pg_namespace WHERE nspname = CURRENT_SCHEMA()))

2025/02/13 14:39:26 /home/bryan/repos/skripsi/backend/setup/setup.go:78
[1.563ms] [rows:0] SELECT description FROM pg_catalog.pg_description WHERE objsubid = (SELECT ordinal_position FROM information_schema.columns WHERE table_schema = CURRENT_SCHEMA() AND table_name = 'size_categories' AND column_name = 'min_weight') AND objoid = (SELECT oid FROM pg_catalog.pg_class WHERE relname = 'size_categories' AND relnamespace = (SELECT oid FROM pg_catalog.pg_namespace WHERE nspname = CURRENT_SCHEMA()))

2025/02/13 14:39:26 /home/bryan/repos/skripsi/backend/setup/setup.go:78
[1.856ms] [rows:0] SELECT description FROM pg_catalog.pg_description WHERE objsubid = (SELECT ordinal_position FROM information_schema.columns WHERE table_schema = CURRENT_SCHEMA() AND table_name = 'size_categories' AND column_name = 'max_weight') AND objoid = (SELECT oid FROM pg_catalog.pg_class WHERE relname = 'size_categories' AND relnamespace = (SELECT oid FROM pg_catalog.pg_namespace WHERE nspname = CURRENT_SCHEMA()))

2025/02/13 14:39:26 /home/bryan/repos/skripsi/backend/setup/setup.go:78
[1.322ms] [rows:1] SELECT count(*) FROM information_schema.tables WHERE table_schema = CURRENT_SCHEMA() AND table_name = 'pets' AND table_type = 'BASE TABLE'

2025/02/13 14:39:26 /home/bryan/repos/skripsi/backend/setup/setup.go:78
[1.110ms] [rows:1] SELECT CURRENT_DATABASE()

2025/02/13 14:39:26 /home/bryan/repos/skripsi/backend/setup/setup.go:78
[4.830ms] [rows:-] SELECT c.column_name, c.is_nullable = 'YES', c.udt_name, c.character_maximum_length, c.numeric_precision, c.numeric_precision_radix, c.numeric_scale, c.datetime_precision, 8 * typlen, c.column_default, pd.description, c.identity_increment FROM information_schema.columns AS c JOIN pg_type AS pgt ON c.udt_name = pgt.typname LEFT JOIN pg_catalog.pg_description as pd ON pd.objsubid = c.ordinal_position AND pd.objoid = (SELECT oid FROM pg_catalog.pg_class WHERE relname = c.table_name AND relnamespace = (SELECT oid FROM pg_catalog.pg_namespace WHERE nspname = c.table_schema)) where table_catalog = $1$ AND table_schema = CURRENT_SCHEMA() AND table_name = $2$

2025/02/13 14:39:26 /home/bryan/repos/skripsi/backend/setup/setup.go:78
[1.572ms] [rows:-] SELECT * FROM "pets" LIMIT $1$

2025/02/13 14:39:26 /home/bryan/repos/skripsi/backend/setup/setup.go:78
[5.629ms] [rows:-] SELECT constraint_name FROM information_schema.table_constraints tc JOIN information_schema.constraint_column_usage AS ccu USING (constraint_schema, constraint_catalog, table_name, constraint_name) JOIN information_schema.columns AS c ON c.table_schema = tc.constraint_schema AND tc.table_name = c.table_name AND ccu.column_name = c.column_name WHERE constraint_type IN ('PRIMARY KEY', 'UNIQUE') AND c.table_catalog = $1$ AND c.table_schema = CURRENT_SCHEMA() AND c.table_name = $2$ AND constraint_type = $3$

2025/02/13 14:39:26 /home/bryan/repos/skripsi/backend/setup/setup.go:78
[6.746ms] [rows:-] SELECT c.column_name, constraint_name, constraint_type FROM information_schema.table_constraints tc JOIN information_schema.constraint_column_usage AS ccu USING (constraint_schema, constraint_catalog, table_name, constraint_name) JOIN information_schema.columns AS c ON c.table_schema = tc.constraint_schema AND tc.table_name = c.table_name AND ccu.column_name = c.column_name WHERE constraint_type IN ('PRIMARY KEY', 'UNIQUE') AND c.table_catalog = $1$ AND c.table_schema = CURRENT_SCHEMA() AND c.table_name = $2$

2025/02/13 14:39:26 /home/bryan/repos/skripsi/backend/setup/setup.go:78
[2.050ms] [rows:-] SELECT a.attname as column_name, format_type(a.atttypid, a.atttypmod) AS data_type
		FROM pg_attribute a JOIN pg_class b ON a.attrelid = b.oid AND relnamespace = (SELECT oid FROM pg_catalog.pg_namespace WHERE nspname = CURRENT_SCHEMA())
		WHERE a.attnum > 0 -- hide internal columns
		AND NOT a.attisdropped -- hide deleted columns
		AND b.relname = $1$

2025/02/13 14:39:26 /home/bryan/repos/skripsi/backend/setup/setup.go:78
[3.166ms] [rows:0] SELECT description FROM pg_catalog.pg_description WHERE objsubid = (SELECT ordinal_position FROM information_schema.columns WHERE table_schema = CURRENT_SCHEMA() AND table_name = 'pets' AND column_name = 'id') AND objoid = (SELECT oid FROM pg_catalog.pg_class WHERE relname = 'pets' AND relnamespace = (SELECT oid FROM pg_catalog.pg_namespace WHERE nspname = CURRENT_SCHEMA()))

2025/02/13 14:39:26 /home/bryan/repos/skripsi/backend/setup/setup.go:78
[3.441ms] [rows:0] SELECT description FROM pg_catalog.pg_description WHERE objsubid = (SELECT ordinal_position FROM information_schema.columns WHERE table_schema = CURRENT_SCHEMA() AND table_name = 'pets' AND column_name = 'created_at') AND objoid = (SELECT oid FROM pg_catalog.pg_class WHERE relname = 'pets' AND relnamespace = (SELECT oid FROM pg_catalog.pg_namespace WHERE nspname = CURRENT_SCHEMA()))

2025/02/13 14:39:26 /home/bryan/repos/skripsi/backend/setup/setup.go:78
[3.519ms] [rows:0] SELECT description FROM pg_catalog.pg_description WHERE objsubid = (SELECT ordinal_position FROM information_schema.columns WHERE table_schema = CURRENT_SCHEMA() AND table_name = 'pets' AND column_name = 'updated_at') AND objoid = (SELECT oid FROM pg_catalog.pg_class WHERE relname = 'pets' AND relnamespace = (SELECT oid FROM pg_catalog.pg_namespace WHERE nspname = CURRENT_SCHEMA()))

2025/02/13 14:39:26 /home/bryan/repos/skripsi/backend/setup/setup.go:78
[3.448ms] [rows:0] SELECT description FROM pg_catalog.pg_description WHERE objsubid = (SELECT ordinal_position FROM information_schema.columns WHERE table_schema = CURRENT_SCHEMA() AND table_name = 'pets' AND column_name = 'deleted_at') AND objoid = (SELECT oid FROM pg_catalog.pg_class WHERE relname = 'pets' AND relnamespace = (SELECT oid FROM pg_catalog.pg_namespace WHERE nspname = CURRENT_SCHEMA()))

2025/02/13 14:39:26 /home/bryan/repos/skripsi/backend/setup/setup.go:78
[3.262ms] [rows:0] SELECT description FROM pg_catalog.pg_description WHERE objsubid = (SELECT ordinal_position FROM information_schema.columns WHERE table_schema = CURRENT_SCHEMA() AND table_name = 'pets' AND column_name = 'name') AND objoid = (SELECT oid FROM pg_catalog.pg_class WHERE relname = 'pets' AND relnamespace = (SELECT oid FROM pg_catalog.pg_namespace WHERE nspname = CURRENT_SCHEMA()))

2025/02/13 14:39:26 /home/bryan/repos/skripsi/backend/setup/setup.go:78
[3.251ms] [rows:0] SELECT description FROM pg_catalog.pg_description WHERE objsubid = (SELECT ordinal_position FROM information_schema.columns WHERE table_schema = CURRENT_SCHEMA() AND table_name = 'pets' AND column_name = 'image_url') AND objoid = (SELECT oid FROM pg_catalog.pg_class WHERE relname = 'pets' AND relnamespace = (SELECT oid FROM pg_catalog.pg_namespace WHERE nspname = CURRENT_SCHEMA()))

2025/02/13 14:39:26 /home/bryan/repos/skripsi/backend/setup/setup.go:78
[3.321ms] [rows:0] SELECT description FROM pg_catalog.pg_description WHERE objsubid = (SELECT ordinal_position FROM information_schema.columns WHERE table_schema = CURRENT_SCHEMA() AND table_name = 'pets' AND column_name = 'status') AND objoid = (SELECT oid FROM pg_catalog.pg_class WHERE relname = 'pets' AND relnamespace = (SELECT oid FROM pg_catalog.pg_namespace WHERE nspname = CURRENT_SCHEMA()))

2025/02/13 14:39:26 /home/bryan/repos/skripsi/backend/setup/setup.go:78
[3.231ms] [rows:0] SELECT description FROM pg_catalog.pg_description WHERE objsubid = (SELECT ordinal_position FROM information_schema.columns WHERE table_schema = CURRENT_SCHEMA() AND table_name = 'pets' AND column_name = 'owner_id') AND objoid = (SELECT oid FROM pg_catalog.pg_class WHERE relname = 'pets' AND relnamespace = (SELECT oid FROM pg_catalog.pg_namespace WHERE nspname = CURRENT_SCHEMA()))

2025/02/13 14:39:26 /home/bryan/repos/skripsi/backend/setup/setup.go:78
[3.322ms] [rows:0] SELECT description FROM pg_catalog.pg_description WHERE objsubid = (SELECT ordinal_position FROM information_schema.columns WHERE table_schema = CURRENT_SCHEMA() AND table_name = 'pets' AND column_name = 'species_id') AND objoid = (SELECT oid FROM pg_catalog.pg_class WHERE relname = 'pets' AND relnamespace = (SELECT oid FROM pg_catalog.pg_namespace WHERE nspname = CURRENT_SCHEMA()))

2025/02/13 14:39:26 /home/bryan/repos/skripsi/backend/setup/setup.go:78
[3.467ms] [rows:0] SELECT description FROM pg_catalog.pg_description WHERE objsubid = (SELECT ordinal_position FROM information_schema.columns WHERE table_schema = CURRENT_SCHEMA() AND table_name = 'pets' AND column_name = 'size_id') AND objoid = (SELECT oid FROM pg_catalog.pg_class WHERE relname = 'pets' AND relnamespace = (SELECT oid FROM pg_catalog.pg_namespace WHERE nspname = CURRENT_SCHEMA()))

2025/02/13 14:39:26 /home/bryan/repos/skripsi/backend/setup/setup.go:78
[2.555ms] [rows:1] SELECT count(*) FROM INFORMATION_SCHEMA.table_constraints WHERE table_schema = CURRENT_SCHEMA() AND table_name = 'pets' AND constraint_name = 'fk_users_pets'

2025/02/13 14:39:26 /home/bryan/repos/skripsi/backend/setup/setup.go:78
[2.409ms] [rows:1] SELECT count(*) FROM INFORMATION_SCHEMA.table_constraints WHERE table_schema = CURRENT_SCHEMA() AND table_name = 'pets' AND constraint_name = 'fk_pets_species'

2025/02/13 14:39:26 /home/bryan/repos/skripsi/backend/setup/setup.go:78
[2.341ms] [rows:1] SELECT count(*) FROM INFORMATION_SCHEMA.table_constraints WHERE table_schema = CURRENT_SCHEMA() AND table_name = 'pets' AND constraint_name = 'fk_pets_size_category'

2025/02/13 14:39:26 /home/bryan/repos/skripsi/backend/setup/setup.go:78
[6.368ms] [rows:1] SELECT count(*) FROM pg_indexes WHERE tablename = 'pets' AND indexname = 'idx_pets_deleted_at' AND schemaname = CURRENT_SCHEMA()

2025/02/13 14:39:26 /home/bryan/repos/skripsi/backend/setup/setup.go:78
[2.813ms] [rows:1] SELECT count(*) FROM information_schema.tables WHERE table_schema = CURRENT_SCHEMA() AND table_name = 'slots' AND table_type = 'BASE TABLE'

2025/02/13 14:39:26 /home/bryan/repos/skripsi/backend/setup/setup.go:78
[2.059ms] [rows:1] SELECT CURRENT_DATABASE()

2025/02/13 14:39:26 /home/bryan/repos/skripsi/backend/setup/setup.go:78
[7.437ms] [rows:-] SELECT c.column_name, c.is_nullable = 'YES', c.udt_name, c.character_maximum_length, c.numeric_precision, c.numeric_precision_radix, c.numeric_scale, c.datetime_precision, 8 * typlen, c.column_default, pd.description, c.identity_increment FROM information_schema.columns AS c JOIN pg_type AS pgt ON c.udt_name = pgt.typname LEFT JOIN pg_catalog.pg_description as pd ON pd.objsubid = c.ordinal_position AND pd.objoid = (SELECT oid FROM pg_catalog.pg_class WHERE relname = c.table_name AND relnamespace = (SELECT oid FROM pg_catalog.pg_namespace WHERE nspname = c.table_schema)) where table_catalog = $1$ AND table_schema = CURRENT_SCHEMA() AND table_name = $2$

2025/02/13 14:39:26 /home/bryan/repos/skripsi/backend/setup/setup.go:78
[2.550ms] [rows:-] SELECT * FROM "slots" LIMIT $1$

2025/02/13 14:39:26 /home/bryan/repos/skripsi/backend/setup/setup.go:78
[7.396ms] [rows:-] SELECT constraint_name FROM information_schema.table_constraints tc JOIN information_schema.constraint_column_usage AS ccu USING (constraint_schema, constraint_catalog, table_name, constraint_name) JOIN information_schema.columns AS c ON c.table_schema = tc.constraint_schema AND tc.table_name = c.table_name AND ccu.column_name = c.column_name WHERE constraint_type IN ('PRIMARY KEY', 'UNIQUE') AND c.table_catalog = $1$ AND c.table_schema = CURRENT_SCHEMA() AND c.table_name = $2$ AND constraint_type = $3$

2025/02/13 14:39:26 /home/bryan/repos/skripsi/backend/setup/setup.go:78
[9.404ms] [rows:-] SELECT c.column_name, constraint_name, constraint_type FROM information_schema.table_constraints tc JOIN information_schema.constraint_column_usage AS ccu USING (constraint_schema, constraint_catalog, table_name, constraint_name) JOIN information_schema.columns AS c ON c.table_schema = tc.constraint_schema AND tc.table_name = c.table_name AND ccu.column_name = c.column_name WHERE constraint_type IN ('PRIMARY KEY', 'UNIQUE') AND c.table_catalog = $1$ AND c.table_schema = CURRENT_SCHEMA() AND c.table_name = $2$

2025/02/13 14:39:26 /home/bryan/repos/skripsi/backend/setup/setup.go:78
[2.255ms] [rows:-] SELECT a.attname as column_name, format_type(a.atttypid, a.atttypmod) AS data_type
		FROM pg_attribute a JOIN pg_class b ON a.attrelid = b.oid AND relnamespace = (SELECT oid FROM pg_catalog.pg_namespace WHERE nspname = CURRENT_SCHEMA())
		WHERE a.attnum > 0 -- hide internal columns
		AND NOT a.attisdropped -- hide deleted columns
		AND b.relname = $1$

2025/02/13 14:39:26 /home/bryan/repos/skripsi/backend/setup/setup.go:78
[3.229ms] [rows:0] SELECT description FROM pg_catalog.pg_description WHERE objsubid = (SELECT ordinal_position FROM information_schema.columns WHERE table_schema = CURRENT_SCHEMA() AND table_name = 'slots' AND column_name = 'id') AND objoid = (SELECT oid FROM pg_catalog.pg_class WHERE relname = 'slots' AND relnamespace = (SELECT oid FROM pg_catalog.pg_namespace WHERE nspname = CURRENT_SCHEMA()))

2025/02/13 14:39:26 /home/bryan/repos/skripsi/backend/setup/setup.go:78
[3.512ms] [rows:0] SELECT description FROM pg_catalog.pg_description WHERE objsubid = (SELECT ordinal_position FROM information_schema.columns WHERE table_schema = CURRENT_SCHEMA() AND table_name = 'slots' AND column_name = 'created_at') AND objoid = (SELECT oid FROM pg_catalog.pg_class WHERE relname = 'slots' AND relnamespace = (SELECT oid FROM pg_catalog.pg_namespace WHERE nspname = CURRENT_SCHEMA()))

2025/02/13 14:39:26 /home/bryan/repos/skripsi/backend/setup/setup.go:78
[3.250ms] [rows:0] SELECT description FROM pg_catalog.pg_description WHERE objsubid = (SELECT ordinal_position FROM information_schema.columns WHERE table_schema = CURRENT_SCHEMA() AND table_name = 'slots' AND column_name = 'updated_at') AND objoid = (SELECT oid FROM pg_catalog.pg_class WHERE relname = 'slots' AND relnamespace = (SELECT oid FROM pg_catalog.pg_namespace WHERE nspname = CURRENT_SCHEMA()))

2025/02/13 14:39:26 /home/bryan/repos/skripsi/backend/setup/setup.go:78
[3.321ms] [rows:0] SELECT description FROM pg_catalog.pg_description WHERE objsubid = (SELECT ordinal_position FROM information_schema.columns WHERE table_schema = CURRENT_SCHEMA() AND table_name = 'slots' AND column_name = 'deleted_at') AND objoid = (SELECT oid FROM pg_catalog.pg_class WHERE relname = 'slots' AND relnamespace = (SELECT oid FROM pg_catalog.pg_namespace WHERE nspname = CURRENT_SCHEMA()))

2025/02/13 14:39:26 /home/bryan/repos/skripsi/backend/setup/setup.go:78
[2.899ms] [rows:0] SELECT description FROM pg_catalog.pg_description WHERE objsubid = (SELECT ordinal_position FROM information_schema.columns WHERE table_schema = CURRENT_SCHEMA() AND table_name = 'slots' AND column_name = 'daycare_id') AND objoid = (SELECT oid FROM pg_catalog.pg_class WHERE relname = 'slots' AND relnamespace = (SELECT oid FROM pg_catalog.pg_namespace WHERE nspname = CURRENT_SCHEMA()))

2025/02/13 14:39:26 /home/bryan/repos/skripsi/backend/setup/setup.go:78
[2.759ms] [rows:0] SELECT description FROM pg_catalog.pg_description WHERE objsubid = (SELECT ordinal_position FROM information_schema.columns WHERE table_schema = CURRENT_SCHEMA() AND table_name = 'slots' AND column_name = 'species_id') AND objoid = (SELECT oid FROM pg_catalog.pg_class WHERE relname = 'slots' AND relnamespace = (SELECT oid FROM pg_catalog.pg_namespace WHERE nspname = CURRENT_SCHEMA()))

2025/02/13 14:39:26 /home/bryan/repos/skripsi/backend/setup/setup.go:78
[2.792ms] [rows:0] SELECT description FROM pg_catalog.pg_description WHERE objsubid = (SELECT ordinal_position FROM information_schema.columns WHERE table_schema = CURRENT_SCHEMA() AND table_name = 'slots' AND column_name = 'size_category_id') AND objoid = (SELECT oid FROM pg_catalog.pg_class WHERE relname = 'slots' AND relnamespace = (SELECT oid FROM pg_catalog.pg_namespace WHERE nspname = CURRENT_SCHEMA()))

2025/02/13 14:39:26 /home/bryan/repos/skripsi/backend/setup/setup.go:78
[3.010ms] [rows:0] SELECT description FROM pg_catalog.pg_description WHERE objsubid = (SELECT ordinal_position FROM information_schema.columns WHERE table_schema = CURRENT_SCHEMA() AND table_name = 'slots' AND column_name = 'max_number') AND objoid = (SELECT oid FROM pg_catalog.pg_class WHERE relname = 'slots' AND relnamespace = (SELECT oid FROM pg_catalog.pg_namespace WHERE nspname = CURRENT_SCHEMA()))

2025/02/13 14:39:26 /home/bryan/repos/skripsi/backend/setup/setup.go:78
[2.445ms] [rows:1] SELECT count(*) FROM INFORMATION_SCHEMA.table_constraints WHERE table_schema = CURRENT_SCHEMA() AND table_name = 'slots' AND constraint_name = 'fk_pet_daycares_slots'

2025/02/13 14:39:26 /home/bryan/repos/skripsi/backend/setup/setup.go:78
[6.478ms] [rows:1] SELECT count(*) FROM pg_indexes WHERE tablename = 'slots' AND indexname = 'idx_slots_deleted_at' AND schemaname = CURRENT_SCHEMA()

2025/02/13 14:39:26 /home/bryan/repos/skripsi/backend/setup/setup.go:78
[2.313ms] [rows:1] SELECT count(*) FROM information_schema.tables WHERE table_schema = CURRENT_SCHEMA() AND table_name = 'booked_slots' AND table_type = 'BASE TABLE'

2025/02/13 14:39:26 /home/bryan/repos/skripsi/backend/setup/setup.go:78
[1.603ms] [rows:1] SELECT CURRENT_DATABASE()

2025/02/13 14:39:26 /home/bryan/repos/skripsi/backend/setup/setup.go:78
[7.236ms] [rows:-] SELECT c.column_name, c.is_nullable = 'YES', c.udt_name, c.character_maximum_length, c.numeric_precision, c.numeric_precision_radix, c.numeric_scale, c.datetime_precision, 8 * typlen, c.column_default, pd.description, c.identity_increment FROM information_schema.columns AS c JOIN pg_type AS pgt ON c.udt_name = pgt.typname LEFT JOIN pg_catalog.pg_description as pd ON pd.objsubid = c.ordinal_position AND pd.objoid = (SELECT oid FROM pg_catalog.pg_class WHERE relname = c.table_name AND relnamespace = (SELECT oid FROM pg_catalog.pg_namespace WHERE nspname = c.table_schema)) where table_catalog = $1$ AND table_schema = CURRENT_SCHEMA() AND table_name = $2$

2025/02/13 14:39:26 /home/bryan/repos/skripsi/backend/setup/setup.go:78
[2.067ms] [rows:-] SELECT * FROM "booked_slots" LIMIT $1$

2025/02/13 14:39:26 /home/bryan/repos/skripsi/backend/setup/setup.go:78
[6.634ms] [rows:-] SELECT constraint_name FROM information_schema.table_constraints tc JOIN information_schema.constraint_column_usage AS ccu USING (constraint_schema, constraint_catalog, table_name, constraint_name) JOIN information_schema.columns AS c ON c.table_schema = tc.constraint_schema AND tc.table_name = c.table_name AND ccu.column_name = c.column_name WHERE constraint_type IN ('PRIMARY KEY', 'UNIQUE') AND c.table_catalog = $1$ AND c.table_schema = CURRENT_SCHEMA() AND c.table_name = $2$ AND constraint_type = $3$

2025/02/13 14:39:26 /home/bryan/repos/skripsi/backend/setup/setup.go:78
[6.812ms] [rows:-] SELECT c.column_name, constraint_name, constraint_type FROM information_schema.table_constraints tc JOIN information_schema.constraint_column_usage AS ccu USING (constraint_schema, constraint_catalog, table_name, constraint_name) JOIN information_schema.columns AS c ON c.table_schema = tc.constraint_schema AND tc.table_name = c.table_name AND ccu.column_name = c.column_name WHERE constraint_type IN ('PRIMARY KEY', 'UNIQUE') AND c.table_catalog = $1$ AND c.table_schema = CURRENT_SCHEMA() AND c.table_name = $2$

2025/02/13 14:39:26 /home/bryan/repos/skripsi/backend/setup/setup.go:78
[2.045ms] [rows:-] SELECT a.attname as column_name, format_type(a.atttypid, a.atttypmod) AS data_type
		FROM pg_attribute a JOIN pg_class b ON a.attrelid = b.oid AND relnamespace = (SELECT oid FROM pg_catalog.pg_namespace WHERE nspname = CURRENT_SCHEMA())
		WHERE a.attnum > 0 -- hide internal columns
		AND NOT a.attisdropped -- hide deleted columns
		AND b.relname = $1$

2025/02/13 14:39:26 /home/bryan/repos/skripsi/backend/setup/setup.go:78
[3.021ms] [rows:0] SELECT description FROM pg_catalog.pg_description WHERE objsubid = (SELECT ordinal_position FROM information_schema.columns WHERE table_schema = CURRENT_SCHEMA() AND table_name = 'booked_slots' AND column_name = 'id') AND objoid = (SELECT oid FROM pg_catalog.pg_class WHERE relname = 'booked_slots' AND relnamespace = (SELECT oid FROM pg_catalog.pg_namespace WHERE nspname = CURRENT_SCHEMA()))

2025/02/13 14:39:26 /home/bryan/repos/skripsi/backend/setup/setup.go:78
[2.793ms] [rows:0] SELECT description FROM pg_catalog.pg_description WHERE objsubid = (SELECT ordinal_position FROM information_schema.columns WHERE table_schema = CURRENT_SCHEMA() AND table_name = 'booked_slots' AND column_name = 'created_at') AND objoid = (SELECT oid FROM pg_catalog.pg_class WHERE relname = 'booked_slots' AND relnamespace = (SELECT oid FROM pg_catalog.pg_namespace WHERE nspname = CURRENT_SCHEMA()))

2025/02/13 14:39:26 /home/bryan/repos/skripsi/backend/setup/setup.go:78
[3.051ms] [rows:0] SELECT description FROM pg_catalog.pg_description WHERE objsubid = (SELECT ordinal_position FROM information_schema.columns WHERE table_schema = CURRENT_SCHEMA() AND table_name = 'booked_slots' AND column_name = 'updated_at') AND objoid = (SELECT oid FROM pg_catalog.pg_class WHERE relname = 'booked_slots' AND relnamespace = (SELECT oid FROM pg_catalog.pg_namespace WHERE nspname = CURRENT_SCHEMA()))

2025/02/13 14:39:26 /home/bryan/repos/skripsi/backend/setup/setup.go:78
[3.184ms] [rows:0] SELECT description FROM pg_catalog.pg_description WHERE objsubid = (SELECT ordinal_position FROM information_schema.columns WHERE table_schema = CURRENT_SCHEMA() AND table_name = 'booked_slots' AND column_name = 'deleted_at') AND objoid = (SELECT oid FROM pg_catalog.pg_class WHERE relname = 'booked_slots' AND relnamespace = (SELECT oid FROM pg_catalog.pg_namespace WHERE nspname = CURRENT_SCHEMA()))

2025/02/13 14:39:26 /home/bryan/repos/skripsi/backend/setup/setup.go:78
[3.139ms] [rows:0] SELECT description FROM pg_catalog.pg_description WHERE objsubid = (SELECT ordinal_position FROM information_schema.columns WHERE table_schema = CURRENT_SCHEMA() AND table_name = 'booked_slots' AND column_name = 'user_id') AND objoid = (SELECT oid FROM pg_catalog.pg_class WHERE relname = 'booked_slots' AND relnamespace = (SELECT oid FROM pg_catalog.pg_namespace WHERE nspname = CURRENT_SCHEMA()))

2025/02/13 14:39:26 /home/bryan/repos/skripsi/backend/setup/setup.go:78
[3.084ms] [rows:0] SELECT description FROM pg_catalog.pg_description WHERE objsubid = (SELECT ordinal_position FROM information_schema.columns WHERE table_schema = CURRENT_SCHEMA() AND table_name = 'booked_slots' AND column_name = 'daycare_id') AND objoid = (SELECT oid FROM pg_catalog.pg_class WHERE relname = 'booked_slots' AND relnamespace = (SELECT oid FROM pg_catalog.pg_namespace WHERE nspname = CURRENT_SCHEMA()))

2025/02/13 14:39:26 /home/bryan/repos/skripsi/backend/setup/setup.go:78
[2.958ms] [rows:0] SELECT description FROM pg_catalog.pg_description WHERE objsubid = (SELECT ordinal_position FROM information_schema.columns WHERE table_schema = CURRENT_SCHEMA() AND table_name = 'booked_slots' AND column_name = 'pet_id') AND objoid = (SELECT oid FROM pg_catalog.pg_class WHERE relname = 'booked_slots' AND relnamespace = (SELECT oid FROM pg_catalog.pg_namespace WHERE nspname = CURRENT_SCHEMA()))

2025/02/13 14:39:26 /home/bryan/repos/skripsi/backend/setup/setup.go:78
[3.075ms] [rows:0] SELECT description FROM pg_catalog.pg_description WHERE objsubid = (SELECT ordinal_position FROM information_schema.columns WHERE table_schema = CURRENT_SCHEMA() AND table_name = 'booked_slots' AND column_name = 'start_date') AND objoid = (SELECT oid FROM pg_catalog.pg_class WHERE relname = 'booked_slots' AND relnamespace = (SELECT oid FROM pg_catalog.pg_namespace WHERE nspname = CURRENT_SCHEMA()))

2025/02/13 14:39:26 /home/bryan/repos/skripsi/backend/setup/setup.go:78
[2.782ms] [rows:0] SELECT description FROM pg_catalog.pg_description WHERE objsubid = (SELECT ordinal_position FROM information_schema.columns WHERE table_schema = CURRENT_SCHEMA() AND table_name = 'booked_slots' AND column_name = 'end_date') AND objoid = (SELECT oid FROM pg_catalog.pg_class WHERE relname = 'booked_slots' AND relnamespace = (SELECT oid FROM pg_catalog.pg_namespace WHERE nspname = CURRENT_SCHEMA()))

2025/02/13 14:39:26 /home/bryan/repos/skripsi/backend/setup/setup.go:78
[2.439ms] [rows:1] SELECT count(*) FROM INFORMATION_SCHEMA.table_constraints WHERE table_schema = CURRENT_SCHEMA() AND table_name = 'booked_slots' AND constraint_name = 'fk_pet_daycares_booked_slots'

2025/02/13 14:39:26 /home/bryan/repos/skripsi/backend/setup/setup.go:78
[2.523ms] [rows:1] SELECT count(*) FROM INFORMATION_SCHEMA.table_constraints WHERE table_schema = CURRENT_SCHEMA() AND table_name = 'booked_slots' AND constraint_name = 'fk_booked_slots_user'

2025/02/13 14:39:26 /home/bryan/repos/skripsi/backend/setup/setup.go:78
[2.533ms] [rows:1] SELECT count(*) FROM INFORMATION_SCHEMA.table_constraints WHERE table_schema = CURRENT_SCHEMA() AND table_name = 'booked_slots' AND constraint_name = 'fk_pets_booked_slots'

2025/02/13 14:39:26 /home/bryan/repos/skripsi/backend/setup/setup.go:78
[5.491ms] [rows:1] SELECT count(*) FROM pg_indexes WHERE tablename = 'booked_slots' AND indexname = 'idx_booked_slots_deleted_at' AND schemaname = CURRENT_SCHEMA()

2025/02/13 14:39:26 /home/bryan/repos/skripsi/backend/setup/setup.go:78
[2.216ms] [rows:1] SELECT count(*) FROM information_schema.tables WHERE table_schema = CURRENT_SCHEMA() AND table_name = 'thumbnails' AND table_type = 'BASE TABLE'

2025/02/13 14:39:26 /home/bryan/repos/skripsi/backend/setup/setup.go:78
[1.797ms] [rows:1] SELECT CURRENT_DATABASE()

2025/02/13 14:39:26 /home/bryan/repos/skripsi/backend/setup/setup.go:78
[6.069ms] [rows:-] SELECT c.column_name, c.is_nullable = 'YES', c.udt_name, c.character_maximum_length, c.numeric_precision, c.numeric_precision_radix, c.numeric_scale, c.datetime_precision, 8 * typlen, c.column_default, pd.description, c.identity_increment FROM information_schema.columns AS c JOIN pg_type AS pgt ON c.udt_name = pgt.typname LEFT JOIN pg_catalog.pg_description as pd ON pd.objsubid = c.ordinal_position AND pd.objoid = (SELECT oid FROM pg_catalog.pg_class WHERE relname = c.table_name AND relnamespace = (SELECT oid FROM pg_catalog.pg_namespace WHERE nspname = c.table_schema)) where table_catalog = $1$ AND table_schema = CURRENT_SCHEMA() AND table_name = $2$

2025/02/13 14:39:26 /home/bryan/repos/skripsi/backend/setup/setup.go:78
[2.176ms] [rows:-] SELECT * FROM "thumbnails" LIMIT $1$

2025/02/13 14:39:26 /home/bryan/repos/skripsi/backend/setup/setup.go:78
[5.304ms] [rows:-] SELECT constraint_name FROM information_schema.table_constraints tc JOIN information_schema.constraint_column_usage AS ccu USING (constraint_schema, constraint_catalog, table_name, constraint_name) JOIN information_schema.columns AS c ON c.table_schema = tc.constraint_schema AND tc.table_name = c.table_name AND ccu.column_name = c.column_name WHERE constraint_type IN ('PRIMARY KEY', 'UNIQUE') AND c.table_catalog = $1$ AND c.table_schema = CURRENT_SCHEMA() AND c.table_name = $2$ AND constraint_type = $3$

2025/02/13 14:39:26 /home/bryan/repos/skripsi/backend/setup/setup.go:78
[5.416ms] [rows:-] SELECT c.column_name, constraint_name, constraint_type FROM information_schema.table_constraints tc JOIN information_schema.constraint_column_usage AS ccu USING (constraint_schema, constraint_catalog, table_name, constraint_name) JOIN information_schema.columns AS c ON c.table_schema = tc.constraint_schema AND tc.table_name = c.table_name AND ccu.column_name = c.column_name WHERE constraint_type IN ('PRIMARY KEY', 'UNIQUE') AND c.table_catalog = $1$ AND c.table_schema = CURRENT_SCHEMA() AND c.table_name = $2$

2025/02/13 14:39:26 /home/bryan/repos/skripsi/backend/setup/setup.go:78
[2.230ms] [rows:-] SELECT a.attname as column_name, format_type(a.atttypid, a.atttypmod) AS data_type
		FROM pg_attribute a JOIN pg_class b ON a.attrelid = b.oid AND relnamespace = (SELECT oid FROM pg_catalog.pg_namespace WHERE nspname = CURRENT_SCHEMA())
		WHERE a.attnum > 0 -- hide internal columns
		AND NOT a.attisdropped -- hide deleted columns
		AND b.relname = $1$

2025/02/13 14:39:26 /home/bryan/repos/skripsi/backend/setup/setup.go:78
[3.319ms] [rows:0] SELECT description FROM pg_catalog.pg_description WHERE objsubid = (SELECT ordinal_position FROM information_schema.columns WHERE table_schema = CURRENT_SCHEMA() AND table_name = 'thumbnails' AND column_name = 'id') AND objoid = (SELECT oid FROM pg_catalog.pg_class WHERE relname = 'thumbnails' AND relnamespace = (SELECT oid FROM pg_catalog.pg_namespace WHERE nspname = CURRENT_SCHEMA()))

2025/02/13 14:39:26 /home/bryan/repos/skripsi/backend/setup/setup.go:78
[3.291ms] [rows:0] SELECT description FROM pg_catalog.pg_description WHERE objsubid = (SELECT ordinal_position FROM information_schema.columns WHERE table_schema = CURRENT_SCHEMA() AND table_name = 'thumbnails' AND column_name = 'daycare_id') AND objoid = (SELECT oid FROM pg_catalog.pg_class WHERE relname = 'thumbnails' AND relnamespace = (SELECT oid FROM pg_catalog.pg_namespace WHERE nspname = CURRENT_SCHEMA()))

2025/02/13 14:39:26 /home/bryan/repos/skripsi/backend/setup/setup.go:78
[3.256ms] [rows:0] SELECT description FROM pg_catalog.pg_description WHERE objsubid = (SELECT ordinal_position FROM information_schema.columns WHERE table_schema = CURRENT_SCHEMA() AND table_name = 'thumbnails' AND column_name = 'image_url') AND objoid = (SELECT oid FROM pg_catalog.pg_class WHERE relname = 'thumbnails' AND relnamespace = (SELECT oid FROM pg_catalog.pg_namespace WHERE nspname = CURRENT_SCHEMA()))

2025/02/13 14:39:26 /home/bryan/repos/skripsi/backend/setup/setup.go:78
[2.820ms] [rows:1] SELECT count(*) FROM INFORMATION_SCHEMA.table_constraints WHERE table_schema = CURRENT_SCHEMA() AND table_name = 'thumbnails' AND constraint_name = 'fk_pet_daycares_thumbnails'

2025/02/13 14:39:26 /home/bryan/repos/skripsi/backend/setup/setup.go:78
[2.335ms] [rows:1] SELECT count(*) FROM information_schema.tables WHERE table_schema = CURRENT_SCHEMA() AND table_name = 'reviews' AND table_type = 'BASE TABLE'

2025/02/13 14:39:26 /home/bryan/repos/skripsi/backend/setup/setup.go:78
[1.966ms] [rows:1] SELECT CURRENT_DATABASE()

2025/02/13 14:39:26 /home/bryan/repos/skripsi/backend/setup/setup.go:78
[6.955ms] [rows:-] SELECT c.column_name, c.is_nullable = 'YES', c.udt_name, c.character_maximum_length, c.numeric_precision, c.numeric_precision_radix, c.numeric_scale, c.datetime_precision, 8 * typlen, c.column_default, pd.description, c.identity_increment FROM information_schema.columns AS c JOIN pg_type AS pgt ON c.udt_name = pgt.typname LEFT JOIN pg_catalog.pg_description as pd ON pd.objsubid = c.ordinal_position AND pd.objoid = (SELECT oid FROM pg_catalog.pg_class WHERE relname = c.table_name AND relnamespace = (SELECT oid FROM pg_catalog.pg_namespace WHERE nspname = c.table_schema)) where table_catalog = $1$ AND table_schema = CURRENT_SCHEMA() AND table_name = $2$

2025/02/13 14:39:26 /home/bryan/repos/skripsi/backend/setup/setup.go:78
[1.789ms] [rows:-] SELECT * FROM "reviews" LIMIT $1$

2025/02/13 14:39:26 /home/bryan/repos/skripsi/backend/setup/setup.go:78
[8.170ms] [rows:-] SELECT constraint_name FROM information_schema.table_constraints tc JOIN information_schema.constraint_column_usage AS ccu USING (constraint_schema, constraint_catalog, table_name, constraint_name) JOIN information_schema.columns AS c ON c.table_schema = tc.constraint_schema AND tc.table_name = c.table_name AND ccu.column_name = c.column_name WHERE constraint_type IN ('PRIMARY KEY', 'UNIQUE') AND c.table_catalog = $1$ AND c.table_schema = CURRENT_SCHEMA() AND c.table_name = $2$ AND constraint_type = $3$

2025/02/13 14:39:26 /home/bryan/repos/skripsi/backend/setup/setup.go:78
[6.829ms] [rows:-] SELECT c.column_name, constraint_name, constraint_type FROM information_schema.table_constraints tc JOIN information_schema.constraint_column_usage AS ccu USING (constraint_schema, constraint_catalog, table_name, constraint_name) JOIN information_schema.columns AS c ON c.table_schema = tc.constraint_schema AND tc.table_name = c.table_name AND ccu.column_name = c.column_name WHERE constraint_type IN ('PRIMARY KEY', 'UNIQUE') AND c.table_catalog = $1$ AND c.table_schema = CURRENT_SCHEMA() AND c.table_name = $2$

2025/02/13 14:39:26 /home/bryan/repos/skripsi/backend/setup/setup.go:78
[2.179ms] [rows:-] SELECT a.attname as column_name, format_type(a.atttypid, a.atttypmod) AS data_type
		FROM pg_attribute a JOIN pg_class b ON a.attrelid = b.oid AND relnamespace = (SELECT oid FROM pg_catalog.pg_namespace WHERE nspname = CURRENT_SCHEMA())
		WHERE a.attnum > 0 -- hide internal columns
		AND NOT a.attisdropped -- hide deleted columns
		AND b.relname = $1$

2025/02/13 14:39:26 /home/bryan/repos/skripsi/backend/setup/setup.go:78
[3.724ms] [rows:0] SELECT description FROM pg_catalog.pg_description WHERE objsubid = (SELECT ordinal_position FROM information_schema.columns WHERE table_schema = CURRENT_SCHEMA() AND table_name = 'reviews' AND column_name = 'id') AND objoid = (SELECT oid FROM pg_catalog.pg_class WHERE relname = 'reviews' AND relnamespace = (SELECT oid FROM pg_catalog.pg_namespace WHERE nspname = CURRENT_SCHEMA()))

2025/02/13 14:39:26 /home/bryan/repos/skripsi/backend/setup/setup.go:78
[3.062ms] [rows:0] SELECT description FROM pg_catalog.pg_description WHERE objsubid = (SELECT ordinal_position FROM information_schema.columns WHERE table_schema = CURRENT_SCHEMA() AND table_name = 'reviews' AND column_name = 'created_at') AND objoid = (SELECT oid FROM pg_catalog.pg_class WHERE relname = 'reviews' AND relnamespace = (SELECT oid FROM pg_catalog.pg_namespace WHERE nspname = CURRENT_SCHEMA()))

2025/02/13 14:39:26 /home/bryan/repos/skripsi/backend/setup/setup.go:78
[2.943ms] [rows:0] SELECT description FROM pg_catalog.pg_description WHERE objsubid = (SELECT ordinal_position FROM information_schema.columns WHERE table_schema = CURRENT_SCHEMA() AND table_name = 'reviews' AND column_name = 'updated_at') AND objoid = (SELECT oid FROM pg_catalog.pg_class WHERE relname = 'reviews' AND relnamespace = (SELECT oid FROM pg_catalog.pg_namespace WHERE nspname = CURRENT_SCHEMA()))

2025/02/13 14:39:26 /home/bryan/repos/skripsi/backend/setup/setup.go:78
[2.964ms] [rows:0] SELECT description FROM pg_catalog.pg_description WHERE objsubid = (SELECT ordinal_position FROM information_schema.columns WHERE table_schema = CURRENT_SCHEMA() AND table_name = 'reviews' AND column_name = 'deleted_at') AND objoid = (SELECT oid FROM pg_catalog.pg_class WHERE relname = 'reviews' AND relnamespace = (SELECT oid FROM pg_catalog.pg_namespace WHERE nspname = CURRENT_SCHEMA()))

2025/02/13 14:39:26 /home/bryan/repos/skripsi/backend/setup/setup.go:78
[2.719ms] [rows:0] SELECT description FROM pg_catalog.pg_description WHERE objsubid = (SELECT ordinal_position FROM information_schema.columns WHERE table_schema = CURRENT_SCHEMA() AND table_name = 'reviews' AND column_name = 'daycare_id') AND objoid = (SELECT oid FROM pg_catalog.pg_class WHERE relname = 'reviews' AND relnamespace = (SELECT oid FROM pg_catalog.pg_namespace WHERE nspname = CURRENT_SCHEMA()))

2025/02/13 14:39:26 /home/bryan/repos/skripsi/backend/setup/setup.go:78
[3.060ms] [rows:0] SELECT description FROM pg_catalog.pg_description WHERE objsubid = (SELECT ordinal_position FROM information_schema.columns WHERE table_schema = CURRENT_SCHEMA() AND table_name = 'reviews' AND column_name = 'user_id') AND objoid = (SELECT oid FROM pg_catalog.pg_class WHERE relname = 'reviews' AND relnamespace = (SELECT oid FROM pg_catalog.pg_namespace WHERE nspname = CURRENT_SCHEMA()))

2025/02/13 14:39:26 /home/bryan/repos/skripsi/backend/setup/setup.go:78
[3.084ms] [rows:0] SELECT description FROM pg_catalog.pg_description WHERE objsubid = (SELECT ordinal_position FROM information_schema.columns WHERE table_schema = CURRENT_SCHEMA() AND table_name = 'reviews' AND column_name = 'name') AND objoid = (SELECT oid FROM pg_catalog.pg_class WHERE relname = 'reviews' AND relnamespace = (SELECT oid FROM pg_catalog.pg_namespace WHERE nspname = CURRENT_SCHEMA()))

2025/02/13 14:39:26 /home/bryan/repos/skripsi/backend/setup/setup.go:78
[3.609ms] [rows:0] SELECT description FROM pg_catalog.pg_description WHERE objsubid = (SELECT ordinal_position FROM information_schema.columns WHERE table_schema = CURRENT_SCHEMA() AND table_name = 'reviews' AND column_name = 'rate') AND objoid = (SELECT oid FROM pg_catalog.pg_class WHERE relname = 'reviews' AND relnamespace = (SELECT oid FROM pg_catalog.pg_namespace WHERE nspname = CURRENT_SCHEMA()))

2025/02/13 14:39:26 /home/bryan/repos/skripsi/backend/setup/setup.go:78
[3.096ms] [rows:0] SELECT description FROM pg_catalog.pg_description WHERE objsubid = (SELECT ordinal_position FROM information_schema.columns WHERE table_schema = CURRENT_SCHEMA() AND table_name = 'reviews' AND column_name = 'description') AND objoid = (SELECT oid FROM pg_catalog.pg_class WHERE relname = 'reviews' AND relnamespace = (SELECT oid FROM pg_catalog.pg_namespace WHERE nspname = CURRENT_SCHEMA()))

2025/02/13 14:39:26 /home/bryan/repos/skripsi/backend/setup/setup.go:78
[2.562ms] [rows:1] SELECT count(*) FROM INFORMATION_SCHEMA.table_constraints WHERE table_schema = CURRENT_SCHEMA() AND table_name = 'reviews' AND constraint_name = 'fk_pet_daycares_reviews'

2025/02/13 14:39:26 /home/bryan/repos/skripsi/backend/setup/setup.go:78
[2.581ms] [rows:1] SELECT count(*) FROM INFORMATION_SCHEMA.table_constraints WHERE table_schema = CURRENT_SCHEMA() AND table_name = 'reviews' AND constraint_name = 'fk_users_reviews'

2025/02/13 14:39:26 /home/bryan/repos/skripsi/backend/setup/setup.go:78
[5.540ms] [rows:1] SELECT count(*) FROM pg_indexes WHERE tablename = 'reviews' AND indexname = 'idx_reviews_deleted_at' AND schemaname = CURRENT_SCHEMA()

2025/02/13 14:39:26 /home/bryan/repos/skripsi/backend/setup/setup.go:78
[2.642ms] [rows:1] SELECT count(*) FROM information_schema.tables WHERE table_schema = CURRENT_SCHEMA() AND table_name = 'refresh_tokens' AND table_type = 'BASE TABLE'

2025/02/13 14:39:26 /home/bryan/repos/skripsi/backend/setup/setup.go:78
[1.932ms] [rows:1] SELECT CURRENT_DATABASE()

2025/02/13 14:39:26 /home/bryan/repos/skripsi/backend/setup/setup.go:78
[11.066ms] [rows:-] SELECT c.column_name, c.is_nullable = 'YES', c.udt_name, c.character_maximum_length, c.numeric_precision, c.numeric_precision_radix, c.numeric_scale, c.datetime_precision, 8 * typlen, c.column_default, pd.description, c.identity_increment FROM information_schema.columns AS c JOIN pg_type AS pgt ON c.udt_name = pgt.typname LEFT JOIN pg_catalog.pg_description as pd ON pd.objsubid = c.ordinal_position AND pd.objoid = (SELECT oid FROM pg_catalog.pg_class WHERE relname = c.table_name AND relnamespace = (SELECT oid FROM pg_catalog.pg_namespace WHERE nspname = c.table_schema)) where table_catalog = $1$ AND table_schema = CURRENT_SCHEMA() AND table_name = $2$

2025/02/13 14:39:26 /home/bryan/repos/skripsi/backend/setup/setup.go:78
[4.278ms] [rows:-] SELECT * FROM "refresh_tokens" LIMIT $1$

2025/02/13 14:39:26 /home/bryan/repos/skripsi/backend/setup/setup.go:78
[9.133ms] [rows:-] SELECT constraint_name FROM information_schema.table_constraints tc JOIN information_schema.constraint_column_usage AS ccu USING (constraint_schema, constraint_catalog, table_name, constraint_name) JOIN information_schema.columns AS c ON c.table_schema = tc.constraint_schema AND tc.table_name = c.table_name AND ccu.column_name = c.column_name WHERE constraint_type IN ('PRIMARY KEY', 'UNIQUE') AND c.table_catalog = $1$ AND c.table_schema = CURRENT_SCHEMA() AND c.table_name = $2$ AND constraint_type = $3$

2025/02/13 14:39:26 /home/bryan/repos/skripsi/backend/setup/setup.go:78
[9.426ms] [rows:-] SELECT c.column_name, constraint_name, constraint_type FROM information_schema.table_constraints tc JOIN information_schema.constraint_column_usage AS ccu USING (constraint_schema, constraint_catalog, table_name, constraint_name) JOIN information_schema.columns AS c ON c.table_schema = tc.constraint_schema AND tc.table_name = c.table_name AND ccu.column_name = c.column_name WHERE constraint_type IN ('PRIMARY KEY', 'UNIQUE') AND c.table_catalog = $1$ AND c.table_schema = CURRENT_SCHEMA() AND c.table_name = $2$

2025/02/13 14:39:26 /home/bryan/repos/skripsi/backend/setup/setup.go:78
[2.318ms] [rows:-] SELECT a.attname as column_name, format_type(a.atttypid, a.atttypmod) AS data_type
		FROM pg_attribute a JOIN pg_class b ON a.attrelid = b.oid AND relnamespace = (SELECT oid FROM pg_catalog.pg_namespace WHERE nspname = CURRENT_SCHEMA())
		WHERE a.attnum > 0 -- hide internal columns
		AND NOT a.attisdropped -- hide deleted columns
		AND b.relname = $1$

2025/02/13 14:39:26 /home/bryan/repos/skripsi/backend/setup/setup.go:78
[3.584ms] [rows:0] SELECT description FROM pg_catalog.pg_description WHERE objsubid = (SELECT ordinal_position FROM information_schema.columns WHERE table_schema = CURRENT_SCHEMA() AND table_name = 'refresh_tokens' AND column_name = 'id') AND objoid = (SELECT oid FROM pg_catalog.pg_class WHERE relname = 'refresh_tokens' AND relnamespace = (SELECT oid FROM pg_catalog.pg_namespace WHERE nspname = CURRENT_SCHEMA()))

2025/02/13 14:39:26 /home/bryan/repos/skripsi/backend/setup/setup.go:78
[3.254ms] [rows:0] SELECT description FROM pg_catalog.pg_description WHERE objsubid = (SELECT ordinal_position FROM information_schema.columns WHERE table_schema = CURRENT_SCHEMA() AND table_name = 'refresh_tokens' AND column_name = 'created_at') AND objoid = (SELECT oid FROM pg_catalog.pg_class WHERE relname = 'refresh_tokens' AND relnamespace = (SELECT oid FROM pg_catalog.pg_namespace WHERE nspname = CURRENT_SCHEMA()))

2025/02/13 14:39:26 /home/bryan/repos/skripsi/backend/setup/setup.go:78
[3.022ms] [rows:0] SELECT description FROM pg_catalog.pg_description WHERE objsubid = (SELECT ordinal_position FROM information_schema.columns WHERE table_schema = CURRENT_SCHEMA() AND table_name = 'refresh_tokens' AND column_name = 'updated_at') AND objoid = (SELECT oid FROM pg_catalog.pg_class WHERE relname = 'refresh_tokens' AND relnamespace = (SELECT oid FROM pg_catalog.pg_namespace WHERE nspname = CURRENT_SCHEMA()))

2025/02/13 14:39:26 /home/bryan/repos/skripsi/backend/setup/setup.go:78
[2.972ms] [rows:0] SELECT description FROM pg_catalog.pg_description WHERE objsubid = (SELECT ordinal_position FROM information_schema.columns WHERE table_schema = CURRENT_SCHEMA() AND table_name = 'refresh_tokens' AND column_name = 'deleted_at') AND objoid = (SELECT oid FROM pg_catalog.pg_class WHERE relname = 'refresh_tokens' AND relnamespace = (SELECT oid FROM pg_catalog.pg_namespace WHERE nspname = CURRENT_SCHEMA()))

2025/02/13 14:39:26 /home/bryan/repos/skripsi/backend/setup/setup.go:78
[2.805ms] [rows:0] SELECT description FROM pg_catalog.pg_description WHERE objsubid = (SELECT ordinal_position FROM information_schema.columns WHERE table_schema = CURRENT_SCHEMA() AND table_name = 'refresh_tokens' AND column_name = 'user_id') AND objoid = (SELECT oid FROM pg_catalog.pg_class WHERE relname = 'refresh_tokens' AND relnamespace = (SELECT oid FROM pg_catalog.pg_namespace WHERE nspname = CURRENT_SCHEMA()))

2025/02/13 14:39:26 /home/bryan/repos/skripsi/backend/setup/setup.go:78
[3.235ms] [rows:0] SELECT description FROM pg_catalog.pg_description WHERE objsubid = (SELECT ordinal_position FROM information_schema.columns WHERE table_schema = CURRENT_SCHEMA() AND table_name = 'refresh_tokens' AND column_name = 'token') AND objoid = (SELECT oid FROM pg_catalog.pg_class WHERE relname = 'refresh_tokens' AND relnamespace = (SELECT oid FROM pg_catalog.pg_namespace WHERE nspname = CURRENT_SCHEMA()))

2025/02/13 14:39:26 /home/bryan/repos/skripsi/backend/setup/setup.go:78
[3.894ms] [rows:0] SELECT description FROM pg_catalog.pg_description WHERE objsubid = (SELECT ordinal_position FROM information_schema.columns WHERE table_schema = CURRENT_SCHEMA() AND table_name = 'refresh_tokens' AND column_name = 'expires_at') AND objoid = (SELECT oid FROM pg_catalog.pg_class WHERE relname = 'refresh_tokens' AND relnamespace = (SELECT oid FROM pg_catalog.pg_namespace WHERE nspname = CURRENT_SCHEMA()))

2025/02/13 14:39:26 /home/bryan/repos/skripsi/backend/setup/setup.go:78
[2.430ms] [rows:1] SELECT count(*) FROM pg_indexes WHERE tablename = 'refresh_tokens' AND indexname = 'idx_refresh_tokens_deleted_at' AND schemaname = CURRENT_SCHEMA()

2025/02/13 14:39:26 /home/bryan/repos/skripsi/backend/setup/setup.go:78
[2.125ms] [rows:1] SELECT count(*) FROM pg_indexes WHERE tablename = 'refresh_tokens' AND indexname = 'idx_refresh_tokens_user_id' AND schemaname = CURRENT_SCHEMA()

2025/02/13 14:39:26 /home/bryan/repos/skripsi/backend/setup/setup.go:78
[2.240ms] [rows:1] SELECT count(*) FROM information_schema.tables WHERE table_schema = CURRENT_SCHEMA() AND table_name = 'transactions' AND table_type = 'BASE TABLE'

2025/02/13 14:39:26 /home/bryan/repos/skripsi/backend/setup/setup.go:78
[1.796ms] [rows:1] SELECT CURRENT_DATABASE()

2025/02/13 14:39:26 /home/bryan/repos/skripsi/backend/setup/setup.go:78
[6.845ms] [rows:-] SELECT c.column_name, c.is_nullable = 'YES', c.udt_name, c.character_maximum_length, c.numeric_precision, c.numeric_precision_radix, c.numeric_scale, c.datetime_precision, 8 * typlen, c.column_default, pd.description, c.identity_increment FROM information_schema.columns AS c JOIN pg_type AS pgt ON c.udt_name = pgt.typname LEFT JOIN pg_catalog.pg_description as pd ON pd.objsubid = c.ordinal_position AND pd.objoid = (SELECT oid FROM pg_catalog.pg_class WHERE relname = c.table_name AND relnamespace = (SELECT oid FROM pg_catalog.pg_namespace WHERE nspname = c.table_schema)) where table_catalog = $1$ AND table_schema = CURRENT_SCHEMA() AND table_name = $2$

2025/02/13 14:39:26 /home/bryan/repos/skripsi/backend/setup/setup.go:78
[1.962ms] [rows:-] SELECT * FROM "transactions" LIMIT $1$

2025/02/13 14:39:26 /home/bryan/repos/skripsi/backend/setup/setup.go:78
[5.558ms] [rows:-] SELECT constraint_name FROM information_schema.table_constraints tc JOIN information_schema.constraint_column_usage AS ccu USING (constraint_schema, constraint_catalog, table_name, constraint_name) JOIN information_schema.columns AS c ON c.table_schema = tc.constraint_schema AND tc.table_name = c.table_name AND ccu.column_name = c.column_name WHERE constraint_type IN ('PRIMARY KEY', 'UNIQUE') AND c.table_catalog = $1$ AND c.table_schema = CURRENT_SCHEMA() AND c.table_name = $2$ AND constraint_type = $3$

2025/02/13 14:39:26 /home/bryan/repos/skripsi/backend/setup/setup.go:78
[5.274ms] [rows:-] SELECT c.column_name, constraint_name, constraint_type FROM information_schema.table_constraints tc JOIN information_schema.constraint_column_usage AS ccu USING (constraint_schema, constraint_catalog, table_name, constraint_name) JOIN information_schema.columns AS c ON c.table_schema = tc.constraint_schema AND tc.table_name = c.table_name AND ccu.column_name = c.column_name WHERE constraint_type IN ('PRIMARY KEY', 'UNIQUE') AND c.table_catalog = $1$ AND c.table_schema = CURRENT_SCHEMA() AND c.table_name = $2$

2025/02/13 14:39:26 /home/bryan/repos/skripsi/backend/setup/setup.go:78
[2.004ms] [rows:-] SELECT a.attname as column_name, format_type(a.atttypid, a.atttypmod) AS data_type
		FROM pg_attribute a JOIN pg_class b ON a.attrelid = b.oid AND relnamespace = (SELECT oid FROM pg_catalog.pg_namespace WHERE nspname = CURRENT_SCHEMA())
		WHERE a.attnum > 0 -- hide internal columns
		AND NOT a.attisdropped -- hide deleted columns
		AND b.relname = $1$

2025/02/13 14:39:26 /home/bryan/repos/skripsi/backend/setup/setup.go:78
[3.102ms] [rows:0] SELECT description FROM pg_catalog.pg_description WHERE objsubid = (SELECT ordinal_position FROM information_schema.columns WHERE table_schema = CURRENT_SCHEMA() AND table_name = 'transactions' AND column_name = 'id') AND objoid = (SELECT oid FROM pg_catalog.pg_class WHERE relname = 'transactions' AND relnamespace = (SELECT oid FROM pg_catalog.pg_namespace WHERE nspname = CURRENT_SCHEMA()))

2025/02/13 14:39:26 /home/bryan/repos/skripsi/backend/setup/setup.go:78
[3.285ms] [rows:0] SELECT description FROM pg_catalog.pg_description WHERE objsubid = (SELECT ordinal_position FROM information_schema.columns WHERE table_schema = CURRENT_SCHEMA() AND table_name = 'transactions' AND column_name = 'created_at') AND objoid = (SELECT oid FROM pg_catalog.pg_class WHERE relname = 'transactions' AND relnamespace = (SELECT oid FROM pg_catalog.pg_namespace WHERE nspname = CURRENT_SCHEMA()))

2025/02/13 14:39:26 /home/bryan/repos/skripsi/backend/setup/setup.go:78
[3.402ms] [rows:0] SELECT description FROM pg_catalog.pg_description WHERE objsubid = (SELECT ordinal_position FROM information_schema.columns WHERE table_schema = CURRENT_SCHEMA() AND table_name = 'transactions' AND column_name = 'pet_daycare_id') AND objoid = (SELECT oid FROM pg_catalog.pg_class WHERE relname = 'transactions' AND relnamespace = (SELECT oid FROM pg_catalog.pg_namespace WHERE nspname = CURRENT_SCHEMA()))

2025/02/13 14:39:26 /home/bryan/repos/skripsi/backend/setup/setup.go:78
[3.331ms] [rows:0] SELECT description FROM pg_catalog.pg_description WHERE objsubid = (SELECT ordinal_position FROM information_schema.columns WHERE table_schema = CURRENT_SCHEMA() AND table_name = 'transactions' AND column_name = 'booked_slot_id') AND objoid = (SELECT oid FROM pg_catalog.pg_class WHERE relname = 'transactions' AND relnamespace = (SELECT oid FROM pg_catalog.pg_namespace WHERE nspname = CURRENT_SCHEMA()))

2025/02/13 14:39:26 /home/bryan/repos/skripsi/backend/setup/setup.go:78
[3.056ms] [rows:0] SELECT description FROM pg_catalog.pg_description WHERE objsubid = (SELECT ordinal_position FROM information_schema.columns WHERE table_schema = CURRENT_SCHEMA() AND table_name = 'transactions' AND column_name = 'status') AND objoid = (SELECT oid FROM pg_catalog.pg_class WHERE relname = 'transactions' AND relnamespace = (SELECT oid FROM pg_catalog.pg_namespace WHERE nspname = CURRENT_SCHEMA()))

2025/02/13 14:39:26 /home/bryan/repos/skripsi/backend/setup/setup.go:78
[2.564ms] [rows:1] SELECT count(*) FROM INFORMATION_SCHEMA.table_constraints WHERE table_schema = CURRENT_SCHEMA() AND table_name = 'transactions' AND constraint_name = 'fk_transactions_pet_daycare'

2025/02/13 14:39:26 /home/bryan/repos/skripsi/backend/setup/setup.go:78
[2.733ms] [rows:1] SELECT count(*) FROM INFORMATION_SCHEMA.table_constraints WHERE table_schema = CURRENT_SCHEMA() AND table_name = 'transactions' AND constraint_name = 'fk_transactions_booked_slot'

2025/02/13 14:39:26 /home/bryan/repos/skripsi/backend/setup/setup.go:78
[2.203ms] [rows:1] SELECT count(*) FROM information_schema.tables WHERE table_schema = CURRENT_SCHEMA() AND table_name = 'reduce_slots' AND table_type = 'BASE TABLE'

2025/02/13 14:39:26 /home/bryan/repos/skripsi/backend/setup/setup.go:78
[1.820ms] [rows:1] SELECT CURRENT_DATABASE()

2025/02/13 14:39:26 /home/bryan/repos/skripsi/backend/setup/setup.go:78
[5.711ms] [rows:-] SELECT c.column_name, c.is_nullable = 'YES', c.udt_name, c.character_maximum_length, c.numeric_precision, c.numeric_precision_radix, c.numeric_scale, c.datetime_precision, 8 * typlen, c.column_default, pd.description, c.identity_increment FROM information_schema.columns AS c JOIN pg_type AS pgt ON c.udt_name = pgt.typname LEFT JOIN pg_catalog.pg_description as pd ON pd.objsubid = c.ordinal_position AND pd.objoid = (SELECT oid FROM pg_catalog.pg_class WHERE relname = c.table_name AND relnamespace = (SELECT oid FROM pg_catalog.pg_namespace WHERE nspname = c.table_schema)) where table_catalog = $1$ AND table_schema = CURRENT_SCHEMA() AND table_name = $2$

2025/02/13 14:39:26 /home/bryan/repos/skripsi/backend/setup/setup.go:78
[1.680ms] [rows:-] SELECT * FROM "reduce_slots" LIMIT $1$

2025/02/13 14:39:26 /home/bryan/repos/skripsi/backend/setup/setup.go:78
[4.930ms] [rows:-] SELECT constraint_name FROM information_schema.table_constraints tc JOIN information_schema.constraint_column_usage AS ccu USING (constraint_schema, constraint_catalog, table_name, constraint_name) JOIN information_schema.columns AS c ON c.table_schema = tc.constraint_schema AND tc.table_name = c.table_name AND ccu.column_name = c.column_name WHERE constraint_type IN ('PRIMARY KEY', 'UNIQUE') AND c.table_catalog = $1$ AND c.table_schema = CURRENT_SCHEMA() AND c.table_name = $2$ AND constraint_type = $3$

2025/02/13 14:39:26 /home/bryan/repos/skripsi/backend/setup/setup.go:78
[4.952ms] [rows:-] SELECT c.column_name, constraint_name, constraint_type FROM information_schema.table_constraints tc JOIN information_schema.constraint_column_usage AS ccu USING (constraint_schema, constraint_catalog, table_name, constraint_name) JOIN information_schema.columns AS c ON c.table_schema = tc.constraint_schema AND tc.table_name = c.table_name AND ccu.column_name = c.column_name WHERE constraint_type IN ('PRIMARY KEY', 'UNIQUE') AND c.table_catalog = $1$ AND c.table_schema = CURRENT_SCHEMA() AND c.table_name = $2$

2025/02/13 14:39:26 /home/bryan/repos/skripsi/backend/setup/setup.go:78
[2.227ms] [rows:-] SELECT a.attname as column_name, format_type(a.atttypid, a.atttypmod) AS data_type
		FROM pg_attribute a JOIN pg_class b ON a.attrelid = b.oid AND relnamespace = (SELECT oid FROM pg_catalog.pg_namespace WHERE nspname = CURRENT_SCHEMA())
		WHERE a.attnum > 0 -- hide internal columns
		AND NOT a.attisdropped -- hide deleted columns
		AND b.relname = $1$

2025/02/13 14:39:26 /home/bryan/repos/skripsi/backend/setup/setup.go:78
[3.549ms] [rows:0] SELECT description FROM pg_catalog.pg_description WHERE objsubid = (SELECT ordinal_position FROM information_schema.columns WHERE table_schema = CURRENT_SCHEMA() AND table_name = 'reduce_slots' AND column_name = 'id') AND objoid = (SELECT oid FROM pg_catalog.pg_class WHERE relname = 'reduce_slots' AND relnamespace = (SELECT oid FROM pg_catalog.pg_namespace WHERE nspname = CURRENT_SCHEMA()))

2025/02/13 14:39:26 /home/bryan/repos/skripsi/backend/setup/setup.go:78
[2.982ms] [rows:0] SELECT description FROM pg_catalog.pg_description WHERE objsubid = (SELECT ordinal_position FROM information_schema.columns WHERE table_schema = CURRENT_SCHEMA() AND table_name = 'reduce_slots' AND column_name = 'slot_id') AND objoid = (SELECT oid FROM pg_catalog.pg_class WHERE relname = 'reduce_slots' AND relnamespace = (SELECT oid FROM pg_catalog.pg_namespace WHERE nspname = CURRENT_SCHEMA()))

2025/02/13 14:39:26 /home/bryan/repos/skripsi/backend/setup/setup.go:78
[3.145ms] [rows:0] SELECT description FROM pg_catalog.pg_description WHERE objsubid = (SELECT ordinal_position FROM information_schema.columns WHERE table_schema = CURRENT_SCHEMA() AND table_name = 'reduce_slots' AND column_name = 'reduced_count') AND objoid = (SELECT oid FROM pg_catalog.pg_class WHERE relname = 'reduce_slots' AND relnamespace = (SELECT oid FROM pg_catalog.pg_namespace WHERE nspname = CURRENT_SCHEMA()))

2025/02/13 14:39:26 /home/bryan/repos/skripsi/backend/setup/setup.go:78
[2.935ms] [rows:0] SELECT description FROM pg_catalog.pg_description WHERE objsubid = (SELECT ordinal_position FROM information_schema.columns WHERE table_schema = CURRENT_SCHEMA() AND table_name = 'reduce_slots' AND column_name = 'target_date') AND objoid = (SELECT oid FROM pg_catalog.pg_class WHERE relname = 'reduce_slots' AND relnamespace = (SELECT oid FROM pg_catalog.pg_namespace WHERE nspname = CURRENT_SCHEMA()))

2025/02/13 14:39:26 /home/bryan/repos/skripsi/backend/setup/setup.go:78
[2.177ms] [rows:1] SELECT count(*) FROM information_schema.tables WHERE table_schema = CURRENT_SCHEMA() AND table_name = 'booked_slots_dailies' AND table_type = 'BASE TABLE'

2025/02/13 14:39:26 /home/bryan/repos/skripsi/backend/setup/setup.go:78
[1.730ms] [rows:1] SELECT CURRENT_DATABASE()

2025/02/13 14:39:26 /home/bryan/repos/skripsi/backend/setup/setup.go:78
[6.594ms] [rows:-] SELECT c.column_name, c.is_nullable = 'YES', c.udt_name, c.character_maximum_length, c.numeric_precision, c.numeric_precision_radix, c.numeric_scale, c.datetime_precision, 8 * typlen, c.column_default, pd.description, c.identity_increment FROM information_schema.columns AS c JOIN pg_type AS pgt ON c.udt_name = pgt.typname LEFT JOIN pg_catalog.pg_description as pd ON pd.objsubid = c.ordinal_position AND pd.objoid = (SELECT oid FROM pg_catalog.pg_class WHERE relname = c.table_name AND relnamespace = (SELECT oid FROM pg_catalog.pg_namespace WHERE nspname = c.table_schema)) where table_catalog = $1$ AND table_schema = CURRENT_SCHEMA() AND table_name = $2$

2025/02/13 14:39:26 /home/bryan/repos/skripsi/backend/setup/setup.go:78
[3.132ms] [rows:-] SELECT * FROM "booked_slots_dailies" LIMIT $1$

2025/02/13 14:39:26 /home/bryan/repos/skripsi/backend/setup/setup.go:78
[5.161ms] [rows:-] SELECT constraint_name FROM information_schema.table_constraints tc JOIN information_schema.constraint_column_usage AS ccu USING (constraint_schema, constraint_catalog, table_name, constraint_name) JOIN information_schema.columns AS c ON c.table_schema = tc.constraint_schema AND tc.table_name = c.table_name AND ccu.column_name = c.column_name WHERE constraint_type IN ('PRIMARY KEY', 'UNIQUE') AND c.table_catalog = $1$ AND c.table_schema = CURRENT_SCHEMA() AND c.table_name = $2$ AND constraint_type = $3$

2025/02/13 14:39:26 /home/bryan/repos/skripsi/backend/setup/setup.go:78
[4.957ms] [rows:-] SELECT c.column_name, constraint_name, constraint_type FROM information_schema.table_constraints tc JOIN information_schema.constraint_column_usage AS ccu USING (constraint_schema, constraint_catalog, table_name, constraint_name) JOIN information_schema.columns AS c ON c.table_schema = tc.constraint_schema AND tc.table_name = c.table_name AND ccu.column_name = c.column_name WHERE constraint_type IN ('PRIMARY KEY', 'UNIQUE') AND c.table_catalog = $1$ AND c.table_schema = CURRENT_SCHEMA() AND c.table_name = $2$

2025/02/13 14:39:26 /home/bryan/repos/skripsi/backend/setup/setup.go:78
[2.005ms] [rows:-] SELECT a.attname as column_name, format_type(a.atttypid, a.atttypmod) AS data_type
		FROM pg_attribute a JOIN pg_class b ON a.attrelid = b.oid AND relnamespace = (SELECT oid FROM pg_catalog.pg_namespace WHERE nspname = CURRENT_SCHEMA())
		WHERE a.attnum > 0 -- hide internal columns
		AND NOT a.attisdropped -- hide deleted columns
		AND b.relname = $1$

2025/02/13 14:39:26 /home/bryan/repos/skripsi/backend/setup/setup.go:78
[3.019ms] [rows:0] SELECT description FROM pg_catalog.pg_description WHERE objsubid = (SELECT ordinal_position FROM information_schema.columns WHERE table_schema = CURRENT_SCHEMA() AND table_name = 'booked_slots_dailies' AND column_name = 'id') AND objoid = (SELECT oid FROM pg_catalog.pg_class WHERE relname = 'booked_slots_dailies' AND relnamespace = (SELECT oid FROM pg_catalog.pg_namespace WHERE nspname = CURRENT_SCHEMA()))

2025/02/13 14:39:26 /home/bryan/repos/skripsi/backend/setup/setup.go:78
[2.987ms] [rows:0] SELECT description FROM pg_catalog.pg_description WHERE objsubid = (SELECT ordinal_position FROM information_schema.columns WHERE table_schema = CURRENT_SCHEMA() AND table_name = 'booked_slots_dailies' AND column_name = 'daycare_id') AND objoid = (SELECT oid FROM pg_catalog.pg_class WHERE relname = 'booked_slots_dailies' AND relnamespace = (SELECT oid FROM pg_catalog.pg_namespace WHERE nspname = CURRENT_SCHEMA()))

2025/02/13 14:39:26 /home/bryan/repos/skripsi/backend/setup/setup.go:78
[3.033ms] [rows:0] SELECT description FROM pg_catalog.pg_description WHERE objsubid = (SELECT ordinal_position FROM information_schema.columns WHERE table_schema = CURRENT_SCHEMA() AND table_name = 'booked_slots_dailies' AND column_name = 'date') AND objoid = (SELECT oid FROM pg_catalog.pg_class WHERE relname = 'booked_slots_dailies' AND relnamespace = (SELECT oid FROM pg_catalog.pg_namespace WHERE nspname = CURRENT_SCHEMA()))

2025/02/13 14:39:26 /home/bryan/repos/skripsi/backend/setup/setup.go:78
[3.096ms] [rows:0] SELECT description FROM pg_catalog.pg_description WHERE objsubid = (SELECT ordinal_position FROM information_schema.columns WHERE table_schema = CURRENT_SCHEMA() AND table_name = 'booked_slots_dailies' AND column_name = 'slot_count') AND objoid = (SELECT oid FROM pg_catalog.pg_class WHERE relname = 'booked_slots_dailies' AND relnamespace = (SELECT oid FROM pg_catalog.pg_namespace WHERE nspname = CURRENT_SCHEMA()))

2025/02/13 14:39:26 /home/bryan/repos/skripsi/backend/setup/setup.go:78
[2.376ms] [rows:1] SELECT count(*) FROM pg_indexes WHERE tablename = 'booked_slots_dailies' AND indexname = 'idx_booked_slots_dailies_date' AND schemaname = CURRENT_SCHEMA()
[GIN-debug] [WARNING] Creating an Engine instance with the Logger and Recovery middleware already attached.

[GIN-debug] [WARNING] Running in "debug" mode. Switch to "release" mode in production.
 - using env:	export GIN_MODE=release
 - using code:	gin.SetMode(gin.ReleaseMode)

[GIN-debug] GET    /assets/*filepath         --> github.com/gin-gonic/gin.(*RouterGroup).createStaticHandler.func1 (3 handlers)
[GIN-debug] HEAD   /assets/*filepath         --> github.com/gin-gonic/gin.(*RouterGroup).createStaticHandler.func1 (3 handlers)
[GIN-debug] POST   /users                    --> github.com/BryanEgbert/skripsi/controller.(*UserController).CreateUser-fm (3 handlers)
[GIN-debug] GET    /users/vets               --> github.com/BryanEgbert/skripsi/controller.(*UserController).GetVets-fm (4 handlers)
[GIN-debug] GET    /users/:id                --> github.com/BryanEgbert/skripsi/controller.(*UserController).GetUser-fm (4 handlers)
[GIN-debug] DELETE /users                    --> github.com/BryanEgbert/skripsi/controller.(*UserController).DeleteUser-fm (4 handlers)
[GIN-debug] PUT    /users                    --> github.com/BryanEgbert/skripsi/controller.(*UserController).UpdateUserProfile-fm (4 handlers)
[GIN-debug] PATCH  /users/password           --> github.com/BryanEgbert/skripsi/controller.(*UserController).UpdateUserPassword-fm (4 handlers)
[GIN-debug] POST   /login                    --> github.com/BryanEgbert/skripsi/controller.(*AuthController).Login-fm (3 handlers)
[GIN-debug] POST   /refresh                  --> github.com/BryanEgbert/skripsi/controller.(*AuthController).RefreshToken-fm (4 handlers)
[GIN-debug] GET    /pets/:id                 --> github.com/BryanEgbert/skripsi/controller.(*PetController).GetPet-fm (4 handlers)
[GIN-debug] GET    /pets                     --> github.com/BryanEgbert/skripsi/controller.(*PetController).GetPets-fm (4 handlers)
[GIN-debug] POST   /pets                     --> github.com/BryanEgbert/skripsi/controller.(*PetController).CreatePet-fm (4 handlers)
[GIN-debug] PUT    /pets/:id                 --> github.com/BryanEgbert/skripsi/controller.(*PetController).UpdatePet-fm (4 handlers)
[GIN-debug] DELETE /pets/:id                 --> github.com/BryanEgbert/skripsi/controller.(*PetController).DeletePet-fm (4 handlers)
[GIN-debug] PATCH  /daycare/slot/:slotId     --> github.com/BryanEgbert/skripsi/controller.(*PetDaycareController).EditSlotCount-fm (4 handlers)
[GIN-debug] GET    /daycare/:id/slot         --> github.com/BryanEgbert/skripsi/controller.(*PetDaycareController).GetPetDaycareSlots-fm (4 handlers)
[GIN-debug] POST   /daycare/:id/slot         --> github.com/BryanEgbert/skripsi/controller.(*PetDaycareController).CreateSlot-fm (4 handlers)
[GIN-debug] GET    /daycare/:id/review       --> github.com/BryanEgbert/skripsi/controller.(*PetDaycareController).GetReviews-fm (4 handlers)
[GIN-debug] POST   /daycare/:id/review       --> github.com/BryanEgbert/skripsi/controller.(*PetDaycareController).CreateReview-fm (4 handlers)
[GIN-debug] DELETE /daycare/:id/review       --> github.com/BryanEgbert/skripsi/controller.(*PetDaycareController).DeleteReview-fm (4 handlers)
[GIN-debug] GET    /daycare/:id              --> github.com/BryanEgbert/skripsi/controller.(*PetDaycareController).GetPetDaycare-fm (4 handlers)
[GIN-debug] GET    /daycare                  --> github.com/BryanEgbert/skripsi/controller.(*PetDaycareController).GetPetDaycares-fm (4 handlers)
[GIN-debug] POST   /daycare                  --> github.com/BryanEgbert/skripsi/controller.(*PetDaycareController).CreatePetDaycare-fm (4 handlers)
[GIN-debug] PUT    /daycare/:id              --> github.com/BryanEgbert/skripsi/controller.(*PetDaycareController).UpdatePetDaycare-fm (4 handlers)
[GIN-debug] DELETE /daycare/:id              --> github.com/BryanEgbert/skripsi/controller.(*PetDaycareController).DeletePetDaycare-fm (4 handlers)
[GIN] 2025/02/13 - 14:39:26 | 400 |     145.297µs |                 | PATCH    "/users/password"
=== RUN   TestUpdatePassword/On_update_password,_should_return_404_when_user_ID_doesn't_exists_in_DB

2025/02/13 14:39:27 /home/bryan/repos/skripsi/backend/setup/setup.go:60
[348.427ms] [rows:0] TRUNCATE TABLE users, vet_specialties, user_vet_specialties, pet_daycares, pets, size_categories, roles, slots, booked_slots, thumbnails, species, reviews, refresh_tokens, transactions, daily_walks, daily_playtimes, reduce_slots RESTART IDENTITY CASCADE;

2025/02/13 14:39:27 /home/bryan/repos/skripsi/backend/seeder/seeder.go:18
[14.308ms] [rows:3] INSERT INTO "roles" ("name","id") VALUES ($1$,$2$),($3$,$4$),($5$,$6$) RETURNING "id"

2025/02/13 14:39:27 /home/bryan/repos/skripsi/backend/seeder/seeder.go:29
[12.433ms] [rows:4] INSERT INTO "daily_walks" ("name","id") VALUES ($1$,$2$),($3$,$4$),($5$,$6$),($7$,$8$) RETURNING "id"

2025/02/13 14:39:27 /home/bryan/repos/skripsi/backend/seeder/seeder.go:39
[12.280ms] [rows:4] INSERT INTO "daily_playtimes" ("name","id") VALUES ($1$,$2$),($3$,$4$),($5$,$6$),($7$,$8$) RETURNING "id"

2025/02/13 14:39:27 /home/bryan/repos/skripsi/backend/seeder/seeder.go:61
[11.637ms] [rows:17] INSERT INTO "vet_specialties" ("name") VALUES ($1$),($2$),($3$),($4$),($5$),($6$),($7$),($8$),($9$),($10$),($11$),($12$),($13$),($14$),($15$),($16$),($17$) RETURNING "id"

2025/02/13 14:39:27 /home/bryan/repos/skripsi/backend/seeder/seeder.go:71
[12.957ms] [rows:3] INSERT INTO "species" ("name") VALUES ($1$),($2$),($3$) RETURNING "id"

2025/02/13 14:39:27 /home/bryan/repos/skripsi/backend/seeder/seeder.go:83
[12.054ms] [rows:5] INSERT INTO "size_categories" ("name","min_weight","max_weight") VALUES ($1$,$2$,$3$),($4$,$5$,$6$),($7$,$8$,$9$),($10$,$11$,$12$),($13$,$14$,$15$) RETURNING "id"

2025/02/13 14:39:27 /home/bryan/repos/skripsi/backend/seeder/seeder.go:106
[2.041ms] [rows:0] INSERT INTO "vet_specialties" ("name","id") VALUES ($1$,$2$),($3$,$4$),($5$,$6$) ON CONFLICT DO NOTHING RETURNING "id"

2025/02/13 14:39:27 /home/bryan/repos/skripsi/backend/seeder/seeder.go:106
[3.099ms] [rows:3] INSERT INTO "user_vet_specialties" ("user_id","vet_specialty_id") VALUES ($1$,$2$),($3$,$4$),($5$,$6$) ON CONFLICT DO NOTHING

2025/02/13 14:39:27 /home/bryan/repos/skripsi/backend/seeder/seeder.go:106
[19.053ms] [rows:6] INSERT INTO "users" ("created_at","updated_at","deleted_at","name","email","password","role_id","image_url") VALUES ($1$,$2$,$3$,$4$,$5$,$6$,$7$,$8$),($9$,$10$,$11$,$12$,$13$,$14$,$15$,$16$),($17$,$18$,$19$,$20$,$21$,$22$,$23$,$24$),($25$,$26$,$27$,$28$,$29$,$30$,$31$,$32$),($33$,$34$,$35$,$36$,$37$,$38$,$39$,DEFAULT),($40$,$41$,$42$,$43$,$44$,$45$,$46$,$47$) RETURNING "id","image_url"

2025/02/13 14:39:27 /home/bryan/repos/skripsi/backend/seeder/seeder.go:148
[1.666ms] [rows:0] INSERT INTO "daily_walks" ("name","id") VALUES ($1$,$2$) ON CONFLICT DO NOTHING RETURNING "id"

2025/02/13 14:39:27 /home/bryan/repos/skripsi/backend/seeder/seeder.go:148
[1.778ms] [rows:0] INSERT INTO "daily_playtimes" ("name","id") VALUES ($1$,$2$),($3$,$4$) ON CONFLICT DO NOTHING RETURNING "id"

2025/02/13 14:39:27 /home/bryan/repos/skripsi/backend/seeder/seeder.go:148
[10.565ms] [rows:3] INSERT INTO "pet_daycares" ("created_at","updated_at","deleted_at","name","address","latitude","longitude","price","pricing_type","description","has_pickup_service","must_be_vaccinated","food_provided","grooming_available","booked_num","daily_walks_id","daily_playtime_id","owner_id","food_brand") VALUES ($1$,$2$,$3$,$4$,$5$,$6$,$7$,$8$,$9$,$10$,$11$,$12$,$13$,$14$,$15$,$16$,$17$,$18$,$19$),($20$,$21$,$22$,$23$,$24$,$25$,$26$,$27$,$28$,$29$,$30$,$31$,$32$,$33$,$34$,$35$,$36$,$37$,$38$),($39$,$40$,$41$,$42$,$43$,$44$,$45$,$46$,$47$,$48$,$49$,$50$,$51$,$52$,$53$,$54$,$55$,$56$,$57$) RETURNING "id"

2025/02/13 14:39:27 /home/bryan/repos/skripsi/backend/seeder/seeder.go:158
[5.746ms] [rows:3] INSERT INTO "slots" ("created_at","updated_at","deleted_at","daycare_id","species_id","size_category_id","max_number") VALUES ($1$,$2$,$3$,$4$,$5$,$6$,$7$),($8$,$9$,$10$,$11$,$12$,$13$,$14$),($15$,$16$,$17$,$18$,$19$,$20$,$21$) RETURNING "id"

2025/02/13 14:39:27 /home/bryan/repos/skripsi/backend/seeder/seeder.go:172
[6.164ms] [rows:2] INSERT INTO "pets" ("created_at","updated_at","deleted_at","name","image_url","status","owner_id","species_id","size_id") VALUES ($1$,$2$,$3$,$4$,$5$,$6$,$7$,$8$,$9$),($10$,$11$,$12$,$13$,$14$,$15$,$16$,$17$,$18$) RETURNING "id"

2025/02/13 14:39:27 /home/bryan/repos/skripsi/backend/seeder/seeder.go:189
[6.104ms] [rows:2] INSERT INTO "booked_slots" ("created_at","updated_at","deleted_at","user_id","daycare_id","pet_id","start_date","end_date") VALUES ($1$,$2$,$3$,$4$,$5$,$6$,$7$,$8$),($9$,$10$,$11$,$12$,$13$,$14$,$15$,$16$) RETURNING "id"

2025/02/13 14:39:27 /home/bryan/repos/skripsi/backend/seeder/seeder.go:205
[5.607ms] [rows:3] INSERT INTO "reviews" ("created_at","updated_at","deleted_at","daycare_id","user_id","name","rate","description") VALUES ($1$,$2$,$3$,$4$,$5$,$6$,$7$,$8$),($9$,$10$,$11$,$12$,$13$,$14$,$15$,$16$),($17$,$18$,$19$,$20$,$21$,$22$,$23$,$24$) RETURNING "id"

2025/02/13 14:39:27 /home/bryan/repos/skripsi/backend/seeder/seeder.go:213
[5.251ms] [rows:1] INSERT INTO "reduce_slots" ("slot_id","reduced_count","target_date") VALUES ($1$,$2$,$3$) RETURNING "id"

2025/02/13 14:39:27 /home/bryan/repos/skripsi/backend/seeder/seeder.go:222
[6.047ms] [rows:2] INSERT INTO "thumbnails" ("daycare_id","image_url") VALUES ($1$,$2$),($3$,$4$) RETURNING "id"

2025/02/13 14:39:27 /home/bryan/repos/skripsi/backend/seeder/seeder.go:230
[7.782ms] [rows:1] INSERT INTO "transactions" ("pet_daycare_id","booked_slot_id","status") VALUES ($1$,$2$,$3$) RETURNING "created_at","id"

2025/02/13 14:39:27 /home/bryan/repos/skripsi/backend/setup/setup.go:78
[28.188ms] [rows:1] SELECT count(*) FROM information_schema.tables WHERE table_schema = CURRENT_SCHEMA() AND table_name = 'roles' AND table_type = 'BASE TABLE'

2025/02/13 14:39:27 /home/bryan/repos/skripsi/backend/setup/setup.go:78
[2.934ms] [rows:1] SELECT CURRENT_DATABASE()

2025/02/13 14:39:27 /home/bryan/repos/skripsi/backend/setup/setup.go:78
[67.424ms] [rows:-] SELECT c.column_name, c.is_nullable = 'YES', c.udt_name, c.character_maximum_length, c.numeric_precision, c.numeric_precision_radix, c.numeric_scale, c.datetime_precision, 8 * typlen, c.column_default, pd.description, c.identity_increment FROM information_schema.columns AS c JOIN pg_type AS pgt ON c.udt_name = pgt.typname LEFT JOIN pg_catalog.pg_description as pd ON pd.objsubid = c.ordinal_position AND pd.objoid = (SELECT oid FROM pg_catalog.pg_class WHERE relname = c.table_name AND relnamespace = (SELECT oid FROM pg_catalog.pg_namespace WHERE nspname = c.table_schema)) where table_catalog = $1$ AND table_schema = CURRENT_SCHEMA() AND table_name = $2$

2025/02/13 14:39:27 /home/bryan/repos/skripsi/backend/setup/setup.go:78
[1.671ms] [rows:-] SELECT * FROM "roles" LIMIT $1$

2025/02/13 14:39:27 /home/bryan/repos/skripsi/backend/setup/setup.go:78
[50.603ms] [rows:-] SELECT constraint_name FROM information_schema.table_constraints tc JOIN information_schema.constraint_column_usage AS ccu USING (constraint_schema, constraint_catalog, table_name, constraint_name) JOIN information_schema.columns AS c ON c.table_schema = tc.constraint_schema AND tc.table_name = c.table_name AND ccu.column_name = c.column_name WHERE constraint_type IN ('PRIMARY KEY', 'UNIQUE') AND c.table_catalog = $1$ AND c.table_schema = CURRENT_SCHEMA() AND c.table_name = $2$ AND constraint_type = $3$

2025/02/13 14:39:27 /home/bryan/repos/skripsi/backend/setup/setup.go:78
[36.009ms] [rows:-] SELECT c.column_name, constraint_name, constraint_type FROM information_schema.table_constraints tc JOIN information_schema.constraint_column_usage AS ccu USING (constraint_schema, constraint_catalog, table_name, constraint_name) JOIN information_schema.columns AS c ON c.table_schema = tc.constraint_schema AND tc.table_name = c.table_name AND ccu.column_name = c.column_name WHERE constraint_type IN ('PRIMARY KEY', 'UNIQUE') AND c.table_catalog = $1$ AND c.table_schema = CURRENT_SCHEMA() AND c.table_name = $2$

2025/02/13 14:39:27 /home/bryan/repos/skripsi/backend/setup/setup.go:78
[5.214ms] [rows:-] SELECT a.attname as column_name, format_type(a.atttypid, a.atttypmod) AS data_type
		FROM pg_attribute a JOIN pg_class b ON a.attrelid = b.oid AND relnamespace = (SELECT oid FROM pg_catalog.pg_namespace WHERE nspname = CURRENT_SCHEMA())
		WHERE a.attnum > 0 -- hide internal columns
		AND NOT a.attisdropped -- hide deleted columns
		AND b.relname = $1$

2025/02/13 14:39:27 /home/bryan/repos/skripsi/backend/setup/setup.go:78
[14.941ms] [rows:0] SELECT description FROM pg_catalog.pg_description WHERE objsubid = (SELECT ordinal_position FROM information_schema.columns WHERE table_schema = CURRENT_SCHEMA() AND table_name = 'roles' AND column_name = 'id') AND objoid = (SELECT oid FROM pg_catalog.pg_class WHERE relname = 'roles' AND relnamespace = (SELECT oid FROM pg_catalog.pg_namespace WHERE nspname = CURRENT_SCHEMA()))

2025/02/13 14:39:27 /home/bryan/repos/skripsi/backend/setup/setup.go:78
[11.173ms] [rows:0] SELECT description FROM pg_catalog.pg_description WHERE objsubid = (SELECT ordinal_position FROM information_schema.columns WHERE table_schema = CURRENT_SCHEMA() AND table_name = 'roles' AND column_name = 'name') AND objoid = (SELECT oid FROM pg_catalog.pg_class WHERE relname = 'roles' AND relnamespace = (SELECT oid FROM pg_catalog.pg_namespace WHERE nspname = CURRENT_SCHEMA()))

2025/02/13 14:39:27 /home/bryan/repos/skripsi/backend/setup/setup.go:78
[4.565ms] [rows:1] SELECT count(*) FROM information_schema.tables WHERE table_schema = CURRENT_SCHEMA() AND table_name = 'users' AND table_type = 'BASE TABLE'

2025/02/13 14:39:27 /home/bryan/repos/skripsi/backend/setup/setup.go:78
[1.475ms] [rows:1] SELECT CURRENT_DATABASE()

2025/02/13 14:39:27 /home/bryan/repos/skripsi/backend/setup/setup.go:78
[24.347ms] [rows:-] SELECT c.column_name, c.is_nullable = 'YES', c.udt_name, c.character_maximum_length, c.numeric_precision, c.numeric_precision_radix, c.numeric_scale, c.datetime_precision, 8 * typlen, c.column_default, pd.description, c.identity_increment FROM information_schema.columns AS c JOIN pg_type AS pgt ON c.udt_name = pgt.typname LEFT JOIN pg_catalog.pg_description as pd ON pd.objsubid = c.ordinal_position AND pd.objoid = (SELECT oid FROM pg_catalog.pg_class WHERE relname = c.table_name AND relnamespace = (SELECT oid FROM pg_catalog.pg_namespace WHERE nspname = c.table_schema)) where table_catalog = $1$ AND table_schema = CURRENT_SCHEMA() AND table_name = $2$

2025/02/13 14:39:27 /home/bryan/repos/skripsi/backend/setup/setup.go:78
[1.882ms] [rows:-] SELECT * FROM "users" LIMIT $1$

2025/02/13 14:39:27 /home/bryan/repos/skripsi/backend/setup/setup.go:78
[40.634ms] [rows:-] SELECT constraint_name FROM information_schema.table_constraints tc JOIN information_schema.constraint_column_usage AS ccu USING (constraint_schema, constraint_catalog, table_name, constraint_name) JOIN information_schema.columns AS c ON c.table_schema = tc.constraint_schema AND tc.table_name = c.table_name AND ccu.column_name = c.column_name WHERE constraint_type IN ('PRIMARY KEY', 'UNIQUE') AND c.table_catalog = $1$ AND c.table_schema = CURRENT_SCHEMA() AND c.table_name = $2$ AND constraint_type = $3$

2025/02/13 14:39:27 /home/bryan/repos/skripsi/backend/setup/setup.go:78
[35.415ms] [rows:-] SELECT c.column_name, constraint_name, constraint_type FROM information_schema.table_constraints tc JOIN information_schema.constraint_column_usage AS ccu USING (constraint_schema, constraint_catalog, table_name, constraint_name) JOIN information_schema.columns AS c ON c.table_schema = tc.constraint_schema AND tc.table_name = c.table_name AND ccu.column_name = c.column_name WHERE constraint_type IN ('PRIMARY KEY', 'UNIQUE') AND c.table_catalog = $1$ AND c.table_schema = CURRENT_SCHEMA() AND c.table_name = $2$

2025/02/13 14:39:27 /home/bryan/repos/skripsi/backend/setup/setup.go:78
[3.161ms] [rows:-] SELECT a.attname as column_name, format_type(a.atttypid, a.atttypmod) AS data_type
		FROM pg_attribute a JOIN pg_class b ON a.attrelid = b.oid AND relnamespace = (SELECT oid FROM pg_catalog.pg_namespace WHERE nspname = CURRENT_SCHEMA())
		WHERE a.attnum > 0 -- hide internal columns
		AND NOT a.attisdropped -- hide deleted columns
		AND b.relname = $1$

2025/02/13 14:39:27 /home/bryan/repos/skripsi/backend/setup/setup.go:78
[11.427ms] [rows:0] SELECT description FROM pg_catalog.pg_description WHERE objsubid = (SELECT ordinal_position FROM information_schema.columns WHERE table_schema = CURRENT_SCHEMA() AND table_name = 'users' AND column_name = 'id') AND objoid = (SELECT oid FROM pg_catalog.pg_class WHERE relname = 'users' AND relnamespace = (SELECT oid FROM pg_catalog.pg_namespace WHERE nspname = CURRENT_SCHEMA()))

2025/02/13 14:39:27 /home/bryan/repos/skripsi/backend/setup/setup.go:78
[10.828ms] [rows:0] SELECT description FROM pg_catalog.pg_description WHERE objsubid = (SELECT ordinal_position FROM information_schema.columns WHERE table_schema = CURRENT_SCHEMA() AND table_name = 'users' AND column_name = 'created_at') AND objoid = (SELECT oid FROM pg_catalog.pg_class WHERE relname = 'users' AND relnamespace = (SELECT oid FROM pg_catalog.pg_namespace WHERE nspname = CURRENT_SCHEMA()))

2025/02/13 14:39:27 /home/bryan/repos/skripsi/backend/setup/setup.go:78
[10.050ms] [rows:0] SELECT description FROM pg_catalog.pg_description WHERE objsubid = (SELECT ordinal_position FROM information_schema.columns WHERE table_schema = CURRENT_SCHEMA() AND table_name = 'users' AND column_name = 'updated_at') AND objoid = (SELECT oid FROM pg_catalog.pg_class WHERE relname = 'users' AND relnamespace = (SELECT oid FROM pg_catalog.pg_namespace WHERE nspname = CURRENT_SCHEMA()))

2025/02/13 14:39:27 /home/bryan/repos/skripsi/backend/setup/setup.go:78
[6.887ms] [rows:0] SELECT description FROM pg_catalog.pg_description WHERE objsubid = (SELECT ordinal_position FROM information_schema.columns WHERE table_schema = CURRENT_SCHEMA() AND table_name = 'users' AND column_name = 'deleted_at') AND objoid = (SELECT oid FROM pg_catalog.pg_class WHERE relname = 'users' AND relnamespace = (SELECT oid FROM pg_catalog.pg_namespace WHERE nspname = CURRENT_SCHEMA()))

2025/02/13 14:39:27 /home/bryan/repos/skripsi/backend/setup/setup.go:78
[1.649ms] [rows:0] SELECT description FROM pg_catalog.pg_description WHERE objsubid = (SELECT ordinal_position FROM information_schema.columns WHERE table_schema = CURRENT_SCHEMA() AND table_name = 'users' AND column_name = 'name') AND objoid = (SELECT oid FROM pg_catalog.pg_class WHERE relname = 'users' AND relnamespace = (SELECT oid FROM pg_catalog.pg_namespace WHERE nspname = CURRENT_SCHEMA()))

2025/02/13 14:39:27 /home/bryan/repos/skripsi/backend/setup/setup.go:78
[1.622ms] [rows:0] SELECT description FROM pg_catalog.pg_description WHERE objsubid = (SELECT ordinal_position FROM information_schema.columns WHERE table_schema = CURRENT_SCHEMA() AND table_name = 'users' AND column_name = 'email') AND objoid = (SELECT oid FROM pg_catalog.pg_class WHERE relname = 'users' AND relnamespace = (SELECT oid FROM pg_catalog.pg_namespace WHERE nspname = CURRENT_SCHEMA()))

2025/02/13 14:39:27 /home/bryan/repos/skripsi/backend/setup/setup.go:78
[1.601ms] [rows:0] SELECT description FROM pg_catalog.pg_description WHERE objsubid = (SELECT ordinal_position FROM information_schema.columns WHERE table_schema = CURRENT_SCHEMA() AND table_name = 'users' AND column_name = 'password') AND objoid = (SELECT oid FROM pg_catalog.pg_class WHERE relname = 'users' AND relnamespace = (SELECT oid FROM pg_catalog.pg_namespace WHERE nspname = CURRENT_SCHEMA()))

2025/02/13 14:39:27 /home/bryan/repos/skripsi/backend/setup/setup.go:78
[1.646ms] [rows:0] SELECT description FROM pg_catalog.pg_description WHERE objsubid = (SELECT ordinal_position FROM information_schema.columns WHERE table_schema = CURRENT_SCHEMA() AND table_name = 'users' AND column_name = 'image_url') AND objoid = (SELECT oid FROM pg_catalog.pg_class WHERE relname = 'users' AND relnamespace = (SELECT oid FROM pg_catalog.pg_namespace WHERE nspname = CURRENT_SCHEMA()))

2025/02/13 14:39:27 /home/bryan/repos/skripsi/backend/setup/setup.go:78
[1.605ms] [rows:0] SELECT description FROM pg_catalog.pg_description WHERE objsubid = (SELECT ordinal_position FROM information_schema.columns WHERE table_schema = CURRENT_SCHEMA() AND table_name = 'users' AND column_name = 'role_id') AND objoid = (SELECT oid FROM pg_catalog.pg_class WHERE relname = 'users' AND relnamespace = (SELECT oid FROM pg_catalog.pg_namespace WHERE nspname = CURRENT_SCHEMA()))

2025/02/13 14:39:27 /home/bryan/repos/skripsi/backend/setup/setup.go:78
[5.450ms] [rows:1] SELECT count(*) FROM INFORMATION_SCHEMA.table_constraints WHERE table_schema = CURRENT_SCHEMA() AND table_name = 'users' AND constraint_name = 'fk_roles_users'

2025/02/13 14:39:28 /home/bryan/repos/skripsi/backend/setup/setup.go:78
[6.921ms] [rows:1] SELECT count(*) FROM pg_indexes WHERE tablename = 'users' AND indexname = 'idx_users_deleted_at' AND schemaname = CURRENT_SCHEMA()

2025/02/13 14:39:28 /home/bryan/repos/skripsi/backend/setup/setup.go:78
[2.425ms] [rows:1] SELECT count(*) FROM information_schema.tables WHERE table_schema = CURRENT_SCHEMA() AND table_name = 'vet_specialties' AND table_type = 'BASE TABLE'

2025/02/13 14:39:28 /home/bryan/repos/skripsi/backend/setup/setup.go:78
[0.969ms] [rows:1] SELECT CURRENT_DATABASE()

2025/02/13 14:39:28 /home/bryan/repos/skripsi/backend/setup/setup.go:78
[13.073ms] [rows:-] SELECT c.column_name, c.is_nullable = 'YES', c.udt_name, c.character_maximum_length, c.numeric_precision, c.numeric_precision_radix, c.numeric_scale, c.datetime_precision, 8 * typlen, c.column_default, pd.description, c.identity_increment FROM information_schema.columns AS c JOIN pg_type AS pgt ON c.udt_name = pgt.typname LEFT JOIN pg_catalog.pg_description as pd ON pd.objsubid = c.ordinal_position AND pd.objoid = (SELECT oid FROM pg_catalog.pg_class WHERE relname = c.table_name AND relnamespace = (SELECT oid FROM pg_catalog.pg_namespace WHERE nspname = c.table_schema)) where table_catalog = $1$ AND table_schema = CURRENT_SCHEMA() AND table_name = $2$

2025/02/13 14:39:28 /home/bryan/repos/skripsi/backend/setup/setup.go:78
[1.217ms] [rows:-] SELECT * FROM "vet_specialties" LIMIT $1$

2025/02/13 14:39:28 /home/bryan/repos/skripsi/backend/setup/setup.go:78
[18.946ms] [rows:-] SELECT constraint_name FROM information_schema.table_constraints tc JOIN information_schema.constraint_column_usage AS ccu USING (constraint_schema, constraint_catalog, table_name, constraint_name) JOIN information_schema.columns AS c ON c.table_schema = tc.constraint_schema AND tc.table_name = c.table_name AND ccu.column_name = c.column_name WHERE constraint_type IN ('PRIMARY KEY', 'UNIQUE') AND c.table_catalog = $1$ AND c.table_schema = CURRENT_SCHEMA() AND c.table_name = $2$ AND constraint_type = $3$

2025/02/13 14:39:28 /home/bryan/repos/skripsi/backend/setup/setup.go:78
[17.472ms] [rows:-] SELECT c.column_name, constraint_name, constraint_type FROM information_schema.table_constraints tc JOIN information_schema.constraint_column_usage AS ccu USING (constraint_schema, constraint_catalog, table_name, constraint_name) JOIN information_schema.columns AS c ON c.table_schema = tc.constraint_schema AND tc.table_name = c.table_name AND ccu.column_name = c.column_name WHERE constraint_type IN ('PRIMARY KEY', 'UNIQUE') AND c.table_catalog = $1$ AND c.table_schema = CURRENT_SCHEMA() AND c.table_name = $2$

2025/02/13 14:39:28 /home/bryan/repos/skripsi/backend/setup/setup.go:78
[1.939ms] [rows:-] SELECT a.attname as column_name, format_type(a.atttypid, a.atttypmod) AS data_type
		FROM pg_attribute a JOIN pg_class b ON a.attrelid = b.oid AND relnamespace = (SELECT oid FROM pg_catalog.pg_namespace WHERE nspname = CURRENT_SCHEMA())
		WHERE a.attnum > 0 -- hide internal columns
		AND NOT a.attisdropped -- hide deleted columns
		AND b.relname = $1$

2025/02/13 14:39:28 /home/bryan/repos/skripsi/backend/setup/setup.go:78
[1.560ms] [rows:0] SELECT description FROM pg_catalog.pg_description WHERE objsubid = (SELECT ordinal_position FROM information_schema.columns WHERE table_schema = CURRENT_SCHEMA() AND table_name = 'vet_specialties' AND column_name = 'id') AND objoid = (SELECT oid FROM pg_catalog.pg_class WHERE relname = 'vet_specialties' AND relnamespace = (SELECT oid FROM pg_catalog.pg_namespace WHERE nspname = CURRENT_SCHEMA()))

2025/02/13 14:39:28 /home/bryan/repos/skripsi/backend/setup/setup.go:78
[1.629ms] [rows:0] SELECT description FROM pg_catalog.pg_description WHERE objsubid = (SELECT ordinal_position FROM information_schema.columns WHERE table_schema = CURRENT_SCHEMA() AND table_name = 'vet_specialties' AND column_name = 'name') AND objoid = (SELECT oid FROM pg_catalog.pg_class WHERE relname = 'vet_specialties' AND relnamespace = (SELECT oid FROM pg_catalog.pg_namespace WHERE nspname = CURRENT_SCHEMA()))

2025/02/13 14:39:28 /home/bryan/repos/skripsi/backend/setup/setup.go:78
[2.333ms] [rows:1] SELECT count(*) FROM information_schema.tables WHERE table_schema = CURRENT_SCHEMA() AND table_name = 'user_vet_specialties' AND table_type = 'BASE TABLE'

2025/02/13 14:39:28 /home/bryan/repos/skripsi/backend/setup/setup.go:78
[0.880ms] [rows:1] SELECT CURRENT_DATABASE()

2025/02/13 14:39:28 /home/bryan/repos/skripsi/backend/setup/setup.go:78
[12.179ms] [rows:-] SELECT c.column_name, c.is_nullable = 'YES', c.udt_name, c.character_maximum_length, c.numeric_precision, c.numeric_precision_radix, c.numeric_scale, c.datetime_precision, 8 * typlen, c.column_default, pd.description, c.identity_increment FROM information_schema.columns AS c JOIN pg_type AS pgt ON c.udt_name = pgt.typname LEFT JOIN pg_catalog.pg_description as pd ON pd.objsubid = c.ordinal_position AND pd.objoid = (SELECT oid FROM pg_catalog.pg_class WHERE relname = c.table_name AND relnamespace = (SELECT oid FROM pg_catalog.pg_namespace WHERE nspname = c.table_schema)) where table_catalog = $1$ AND table_schema = CURRENT_SCHEMA() AND table_name = $2$

2025/02/13 14:39:28 /home/bryan/repos/skripsi/backend/setup/setup.go:78
[1.201ms] [rows:-] SELECT * FROM "user_vet_specialties" LIMIT $1$

2025/02/13 14:39:28 /home/bryan/repos/skripsi/backend/setup/setup.go:78
[19.286ms] [rows:-] SELECT constraint_name FROM information_schema.table_constraints tc JOIN information_schema.constraint_column_usage AS ccu USING (constraint_schema, constraint_catalog, table_name, constraint_name) JOIN information_schema.columns AS c ON c.table_schema = tc.constraint_schema AND tc.table_name = c.table_name AND ccu.column_name = c.column_name WHERE constraint_type IN ('PRIMARY KEY', 'UNIQUE') AND c.table_catalog = $1$ AND c.table_schema = CURRENT_SCHEMA() AND c.table_name = $2$ AND constraint_type = $3$

2025/02/13 14:39:28 /home/bryan/repos/skripsi/backend/setup/setup.go:78
[20.897ms] [rows:-] SELECT c.column_name, constraint_name, constraint_type FROM information_schema.table_constraints tc JOIN information_schema.constraint_column_usage AS ccu USING (constraint_schema, constraint_catalog, table_name, constraint_name) JOIN information_schema.columns AS c ON c.table_schema = tc.constraint_schema AND tc.table_name = c.table_name AND ccu.column_name = c.column_name WHERE constraint_type IN ('PRIMARY KEY', 'UNIQUE') AND c.table_catalog = $1$ AND c.table_schema = CURRENT_SCHEMA() AND c.table_name = $2$

2025/02/13 14:39:28 /home/bryan/repos/skripsi/backend/setup/setup.go:78
[2.233ms] [rows:-] SELECT a.attname as column_name, format_type(a.atttypid, a.atttypmod) AS data_type
		FROM pg_attribute a JOIN pg_class b ON a.attrelid = b.oid AND relnamespace = (SELECT oid FROM pg_catalog.pg_namespace WHERE nspname = CURRENT_SCHEMA())
		WHERE a.attnum > 0 -- hide internal columns
		AND NOT a.attisdropped -- hide deleted columns
		AND b.relname = $1$

2025/02/13 14:39:28 /home/bryan/repos/skripsi/backend/setup/setup.go:78
[1.869ms] [rows:0] SELECT description FROM pg_catalog.pg_description WHERE objsubid = (SELECT ordinal_position FROM information_schema.columns WHERE table_schema = CURRENT_SCHEMA() AND table_name = 'user_vet_specialties' AND column_name = 'user_id') AND objoid = (SELECT oid FROM pg_catalog.pg_class WHERE relname = 'user_vet_specialties' AND relnamespace = (SELECT oid FROM pg_catalog.pg_namespace WHERE nspname = CURRENT_SCHEMA()))

2025/02/13 14:39:28 /home/bryan/repos/skripsi/backend/setup/setup.go:78
[1.872ms] [rows:0] SELECT description FROM pg_catalog.pg_description WHERE objsubid = (SELECT ordinal_position FROM information_schema.columns WHERE table_schema = CURRENT_SCHEMA() AND table_name = 'user_vet_specialties' AND column_name = 'vet_specialty_id') AND objoid = (SELECT oid FROM pg_catalog.pg_class WHERE relname = 'user_vet_specialties' AND relnamespace = (SELECT oid FROM pg_catalog.pg_namespace WHERE nspname = CURRENT_SCHEMA()))

2025/02/13 14:39:28 /home/bryan/repos/skripsi/backend/setup/setup.go:78
[4.754ms] [rows:1] SELECT count(*) FROM INFORMATION_SCHEMA.table_constraints WHERE table_schema = CURRENT_SCHEMA() AND table_name = 'user_vet_specialties' AND constraint_name = 'fk_user_vet_specialties_user'

2025/02/13 14:39:28 /home/bryan/repos/skripsi/backend/setup/setup.go:78
[4.660ms] [rows:1] SELECT count(*) FROM INFORMATION_SCHEMA.table_constraints WHERE table_schema = CURRENT_SCHEMA() AND table_name = 'user_vet_specialties' AND constraint_name = 'fk_user_vet_specialties_vet_specialty'

2025/02/13 14:39:28 /home/bryan/repos/skripsi/backend/setup/setup.go:78
[2.845ms] [rows:1] SELECT count(*) FROM information_schema.tables WHERE table_schema = CURRENT_SCHEMA() AND table_name = 'daily_walks' AND table_type = 'BASE TABLE'

2025/02/13 14:39:28 /home/bryan/repos/skripsi/backend/setup/setup.go:78
[1.084ms] [rows:1] SELECT CURRENT_DATABASE()

2025/02/13 14:39:28 /home/bryan/repos/skripsi/backend/setup/setup.go:78
[16.101ms] [rows:-] SELECT c.column_name, c.is_nullable = 'YES', c.udt_name, c.character_maximum_length, c.numeric_precision, c.numeric_precision_radix, c.numeric_scale, c.datetime_precision, 8 * typlen, c.column_default, pd.description, c.identity_increment FROM information_schema.columns AS c JOIN pg_type AS pgt ON c.udt_name = pgt.typname LEFT JOIN pg_catalog.pg_description as pd ON pd.objsubid = c.ordinal_position AND pd.objoid = (SELECT oid FROM pg_catalog.pg_class WHERE relname = c.table_name AND relnamespace = (SELECT oid FROM pg_catalog.pg_namespace WHERE nspname = c.table_schema)) where table_catalog = $1$ AND table_schema = CURRENT_SCHEMA() AND table_name = $2$

2025/02/13 14:39:28 /home/bryan/repos/skripsi/backend/setup/setup.go:78
[1.580ms] [rows:-] SELECT * FROM "daily_walks" LIMIT $1$

2025/02/13 14:39:28 /home/bryan/repos/skripsi/backend/setup/setup.go:78
[26.770ms] [rows:-] SELECT constraint_name FROM information_schema.table_constraints tc JOIN information_schema.constraint_column_usage AS ccu USING (constraint_schema, constraint_catalog, table_name, constraint_name) JOIN information_schema.columns AS c ON c.table_schema = tc.constraint_schema AND tc.table_name = c.table_name AND ccu.column_name = c.column_name WHERE constraint_type IN ('PRIMARY KEY', 'UNIQUE') AND c.table_catalog = $1$ AND c.table_schema = CURRENT_SCHEMA() AND c.table_name = $2$ AND constraint_type = $3$

2025/02/13 14:39:28 /home/bryan/repos/skripsi/backend/setup/setup.go:78
[26.647ms] [rows:-] SELECT c.column_name, constraint_name, constraint_type FROM information_schema.table_constraints tc JOIN information_schema.constraint_column_usage AS ccu USING (constraint_schema, constraint_catalog, table_name, constraint_name) JOIN information_schema.columns AS c ON c.table_schema = tc.constraint_schema AND tc.table_name = c.table_name AND ccu.column_name = c.column_name WHERE constraint_type IN ('PRIMARY KEY', 'UNIQUE') AND c.table_catalog = $1$ AND c.table_schema = CURRENT_SCHEMA() AND c.table_name = $2$

2025/02/13 14:39:28 /home/bryan/repos/skripsi/backend/setup/setup.go:78
[2.516ms] [rows:-] SELECT a.attname as column_name, format_type(a.atttypid, a.atttypmod) AS data_type
		FROM pg_attribute a JOIN pg_class b ON a.attrelid = b.oid AND relnamespace = (SELECT oid FROM pg_catalog.pg_namespace WHERE nspname = CURRENT_SCHEMA())
		WHERE a.attnum > 0 -- hide internal columns
		AND NOT a.attisdropped -- hide deleted columns
		AND b.relname = $1$

2025/02/13 14:39:28 /home/bryan/repos/skripsi/backend/setup/setup.go:78
[2.672ms] [rows:0] SELECT description FROM pg_catalog.pg_description WHERE objsubid = (SELECT ordinal_position FROM information_schema.columns WHERE table_schema = CURRENT_SCHEMA() AND table_name = 'daily_walks' AND column_name = 'id') AND objoid = (SELECT oid FROM pg_catalog.pg_class WHERE relname = 'daily_walks' AND relnamespace = (SELECT oid FROM pg_catalog.pg_namespace WHERE nspname = CURRENT_SCHEMA()))

2025/02/13 14:39:28 /home/bryan/repos/skripsi/backend/setup/setup.go:78
[2.416ms] [rows:0] SELECT description FROM pg_catalog.pg_description WHERE objsubid = (SELECT ordinal_position FROM information_schema.columns WHERE table_schema = CURRENT_SCHEMA() AND table_name = 'daily_walks' AND column_name = 'name') AND objoid = (SELECT oid FROM pg_catalog.pg_class WHERE relname = 'daily_walks' AND relnamespace = (SELECT oid FROM pg_catalog.pg_namespace WHERE nspname = CURRENT_SCHEMA()))

2025/02/13 14:39:28 /home/bryan/repos/skripsi/backend/setup/setup.go:78
[3.511ms] [rows:1] SELECT count(*) FROM information_schema.tables WHERE table_schema = CURRENT_SCHEMA() AND table_name = 'daily_playtimes' AND table_type = 'BASE TABLE'

2025/02/13 14:39:28 /home/bryan/repos/skripsi/backend/setup/setup.go:78
[1.170ms] [rows:1] SELECT CURRENT_DATABASE()

2025/02/13 14:39:28 /home/bryan/repos/skripsi/backend/setup/setup.go:78
[19.670ms] [rows:-] SELECT c.column_name, c.is_nullable = 'YES', c.udt_name, c.character_maximum_length, c.numeric_precision, c.numeric_precision_radix, c.numeric_scale, c.datetime_precision, 8 * typlen, c.column_default, pd.description, c.identity_increment FROM information_schema.columns AS c JOIN pg_type AS pgt ON c.udt_name = pgt.typname LEFT JOIN pg_catalog.pg_description as pd ON pd.objsubid = c.ordinal_position AND pd.objoid = (SELECT oid FROM pg_catalog.pg_class WHERE relname = c.table_name AND relnamespace = (SELECT oid FROM pg_catalog.pg_namespace WHERE nspname = c.table_schema)) where table_catalog = $1$ AND table_schema = CURRENT_SCHEMA() AND table_name = $2$

2025/02/13 14:39:28 /home/bryan/repos/skripsi/backend/setup/setup.go:78
[1.515ms] [rows:-] SELECT * FROM "daily_playtimes" LIMIT $1$

2025/02/13 14:39:28 /home/bryan/repos/skripsi/backend/setup/setup.go:78
[27.728ms] [rows:-] SELECT constraint_name FROM information_schema.table_constraints tc JOIN information_schema.constraint_column_usage AS ccu USING (constraint_schema, constraint_catalog, table_name, constraint_name) JOIN information_schema.columns AS c ON c.table_schema = tc.constraint_schema AND tc.table_name = c.table_name AND ccu.column_name = c.column_name WHERE constraint_type IN ('PRIMARY KEY', 'UNIQUE') AND c.table_catalog = $1$ AND c.table_schema = CURRENT_SCHEMA() AND c.table_name = $2$ AND constraint_type = $3$

2025/02/13 14:39:28 /home/bryan/repos/skripsi/backend/setup/setup.go:78
[27.215ms] [rows:-] SELECT c.column_name, constraint_name, constraint_type FROM information_schema.table_constraints tc JOIN information_schema.constraint_column_usage AS ccu USING (constraint_schema, constraint_catalog, table_name, constraint_name) JOIN information_schema.columns AS c ON c.table_schema = tc.constraint_schema AND tc.table_name = c.table_name AND ccu.column_name = c.column_name WHERE constraint_type IN ('PRIMARY KEY', 'UNIQUE') AND c.table_catalog = $1$ AND c.table_schema = CURRENT_SCHEMA() AND c.table_name = $2$

2025/02/13 14:39:28 /home/bryan/repos/skripsi/backend/setup/setup.go:78
[2.839ms] [rows:-] SELECT a.attname as column_name, format_type(a.atttypid, a.atttypmod) AS data_type
		FROM pg_attribute a JOIN pg_class b ON a.attrelid = b.oid AND relnamespace = (SELECT oid FROM pg_catalog.pg_namespace WHERE nspname = CURRENT_SCHEMA())
		WHERE a.attnum > 0 -- hide internal columns
		AND NOT a.attisdropped -- hide deleted columns
		AND b.relname = $1$

2025/02/13 14:39:28 /home/bryan/repos/skripsi/backend/setup/setup.go:78
[2.511ms] [rows:0] SELECT description FROM pg_catalog.pg_description WHERE objsubid = (SELECT ordinal_position FROM information_schema.columns WHERE table_schema = CURRENT_SCHEMA() AND table_name = 'daily_playtimes' AND column_name = 'id') AND objoid = (SELECT oid FROM pg_catalog.pg_class WHERE relname = 'daily_playtimes' AND relnamespace = (SELECT oid FROM pg_catalog.pg_namespace WHERE nspname = CURRENT_SCHEMA()))

2025/02/13 14:39:28 /home/bryan/repos/skripsi/backend/setup/setup.go:78
[2.318ms] [rows:0] SELECT description FROM pg_catalog.pg_description WHERE objsubid = (SELECT ordinal_position FROM information_schema.columns WHERE table_schema = CURRENT_SCHEMA() AND table_name = 'daily_playtimes' AND column_name = 'name') AND objoid = (SELECT oid FROM pg_catalog.pg_class WHERE relname = 'daily_playtimes' AND relnamespace = (SELECT oid FROM pg_catalog.pg_namespace WHERE nspname = CURRENT_SCHEMA()))

2025/02/13 14:39:28 /home/bryan/repos/skripsi/backend/setup/setup.go:78
[1.601ms] [rows:1] SELECT count(*) FROM information_schema.tables WHERE table_schema = CURRENT_SCHEMA() AND table_name = 'pet_daycares' AND table_type = 'BASE TABLE'

2025/02/13 14:39:28 /home/bryan/repos/skripsi/backend/setup/setup.go:78
[1.102ms] [rows:1] SELECT CURRENT_DATABASE()

2025/02/13 14:39:28 /home/bryan/repos/skripsi/backend/setup/setup.go:78
[7.659ms] [rows:-] SELECT c.column_name, c.is_nullable = 'YES', c.udt_name, c.character_maximum_length, c.numeric_precision, c.numeric_precision_radix, c.numeric_scale, c.datetime_precision, 8 * typlen, c.column_default, pd.description, c.identity_increment FROM information_schema.columns AS c JOIN pg_type AS pgt ON c.udt_name = pgt.typname LEFT JOIN pg_catalog.pg_description as pd ON pd.objsubid = c.ordinal_position AND pd.objoid = (SELECT oid FROM pg_catalog.pg_class WHERE relname = c.table_name AND relnamespace = (SELECT oid FROM pg_catalog.pg_namespace WHERE nspname = c.table_schema)) where table_catalog = $1$ AND table_schema = CURRENT_SCHEMA() AND table_name = $2$

2025/02/13 14:39:28 /home/bryan/repos/skripsi/backend/setup/setup.go:78
[1.579ms] [rows:-] SELECT * FROM "pet_daycares" LIMIT $1$

2025/02/13 14:39:28 /home/bryan/repos/skripsi/backend/setup/setup.go:78
[10.615ms] [rows:-] SELECT constraint_name FROM information_schema.table_constraints tc JOIN information_schema.constraint_column_usage AS ccu USING (constraint_schema, constraint_catalog, table_name, constraint_name) JOIN information_schema.columns AS c ON c.table_schema = tc.constraint_schema AND tc.table_name = c.table_name AND ccu.column_name = c.column_name WHERE constraint_type IN ('PRIMARY KEY', 'UNIQUE') AND c.table_catalog = $1$ AND c.table_schema = CURRENT_SCHEMA() AND c.table_name = $2$ AND constraint_type = $3$

2025/02/13 14:39:28 /home/bryan/repos/skripsi/backend/setup/setup.go:78
[10.567ms] [rows:-] SELECT c.column_name, constraint_name, constraint_type FROM information_schema.table_constraints tc JOIN information_schema.constraint_column_usage AS ccu USING (constraint_schema, constraint_catalog, table_name, constraint_name) JOIN information_schema.columns AS c ON c.table_schema = tc.constraint_schema AND tc.table_name = c.table_name AND ccu.column_name = c.column_name WHERE constraint_type IN ('PRIMARY KEY', 'UNIQUE') AND c.table_catalog = $1$ AND c.table_schema = CURRENT_SCHEMA() AND c.table_name = $2$

2025/02/13 14:39:28 /home/bryan/repos/skripsi/backend/setup/setup.go:78
[1.722ms] [rows:-] SELECT a.attname as column_name, format_type(a.atttypid, a.atttypmod) AS data_type
		FROM pg_attribute a JOIN pg_class b ON a.attrelid = b.oid AND relnamespace = (SELECT oid FROM pg_catalog.pg_namespace WHERE nspname = CURRENT_SCHEMA())
		WHERE a.attnum > 0 -- hide internal columns
		AND NOT a.attisdropped -- hide deleted columns
		AND b.relname = $1$

2025/02/13 14:39:28 /home/bryan/repos/skripsi/backend/setup/setup.go:78
[2.450ms] [rows:0] SELECT description FROM pg_catalog.pg_description WHERE objsubid = (SELECT ordinal_position FROM information_schema.columns WHERE table_schema = CURRENT_SCHEMA() AND table_name = 'pet_daycares' AND column_name = 'id') AND objoid = (SELECT oid FROM pg_catalog.pg_class WHERE relname = 'pet_daycares' AND relnamespace = (SELECT oid FROM pg_catalog.pg_namespace WHERE nspname = CURRENT_SCHEMA()))

2025/02/13 14:39:28 /home/bryan/repos/skripsi/backend/setup/setup.go:78
[2.390ms] [rows:0] SELECT description FROM pg_catalog.pg_description WHERE objsubid = (SELECT ordinal_position FROM information_schema.columns WHERE table_schema = CURRENT_SCHEMA() AND table_name = 'pet_daycares' AND column_name = 'created_at') AND objoid = (SELECT oid FROM pg_catalog.pg_class WHERE relname = 'pet_daycares' AND relnamespace = (SELECT oid FROM pg_catalog.pg_namespace WHERE nspname = CURRENT_SCHEMA()))

2025/02/13 14:39:28 /home/bryan/repos/skripsi/backend/setup/setup.go:78
[2.470ms] [rows:0] SELECT description FROM pg_catalog.pg_description WHERE objsubid = (SELECT ordinal_position FROM information_schema.columns WHERE table_schema = CURRENT_SCHEMA() AND table_name = 'pet_daycares' AND column_name = 'updated_at') AND objoid = (SELECT oid FROM pg_catalog.pg_class WHERE relname = 'pet_daycares' AND relnamespace = (SELECT oid FROM pg_catalog.pg_namespace WHERE nspname = CURRENT_SCHEMA()))

2025/02/13 14:39:28 /home/bryan/repos/skripsi/backend/setup/setup.go:78
[2.701ms] [rows:0] SELECT description FROM pg_catalog.pg_description WHERE objsubid = (SELECT ordinal_position FROM information_schema.columns WHERE table_schema = CURRENT_SCHEMA() AND table_name = 'pet_daycares' AND column_name = 'deleted_at') AND objoid = (SELECT oid FROM pg_catalog.pg_class WHERE relname = 'pet_daycares' AND relnamespace = (SELECT oid FROM pg_catalog.pg_namespace WHERE nspname = CURRENT_SCHEMA()))

2025/02/13 14:39:28 /home/bryan/repos/skripsi/backend/setup/setup.go:78
[2.286ms] [rows:0] SELECT description FROM pg_catalog.pg_description WHERE objsubid = (SELECT ordinal_position FROM information_schema.columns WHERE table_schema = CURRENT_SCHEMA() AND table_name = 'pet_daycares' AND column_name = 'name') AND objoid = (SELECT oid FROM pg_catalog.pg_class WHERE relname = 'pet_daycares' AND relnamespace = (SELECT oid FROM pg_catalog.pg_namespace WHERE nspname = CURRENT_SCHEMA()))

2025/02/13 14:39:28 /home/bryan/repos/skripsi/backend/setup/setup.go:78
[2.362ms] [rows:0] SELECT description FROM pg_catalog.pg_description WHERE objsubid = (SELECT ordinal_position FROM information_schema.columns WHERE table_schema = CURRENT_SCHEMA() AND table_name = 'pet_daycares' AND column_name = 'address') AND objoid = (SELECT oid FROM pg_catalog.pg_class WHERE relname = 'pet_daycares' AND relnamespace = (SELECT oid FROM pg_catalog.pg_namespace WHERE nspname = CURRENT_SCHEMA()))

2025/02/13 14:39:28 /home/bryan/repos/skripsi/backend/setup/setup.go:78
[2.353ms] [rows:0] SELECT description FROM pg_catalog.pg_description WHERE objsubid = (SELECT ordinal_position FROM information_schema.columns WHERE table_schema = CURRENT_SCHEMA() AND table_name = 'pet_daycares' AND column_name = 'latitude') AND objoid = (SELECT oid FROM pg_catalog.pg_class WHERE relname = 'pet_daycares' AND relnamespace = (SELECT oid FROM pg_catalog.pg_namespace WHERE nspname = CURRENT_SCHEMA()))

2025/02/13 14:39:28 /home/bryan/repos/skripsi/backend/setup/setup.go:78
[2.376ms] [rows:0] SELECT description FROM pg_catalog.pg_description WHERE objsubid = (SELECT ordinal_position FROM information_schema.columns WHERE table_schema = CURRENT_SCHEMA() AND table_name = 'pet_daycares' AND column_name = 'longitude') AND objoid = (SELECT oid FROM pg_catalog.pg_class WHERE relname = 'pet_daycares' AND relnamespace = (SELECT oid FROM pg_catalog.pg_namespace WHERE nspname = CURRENT_SCHEMA()))

2025/02/13 14:39:28 /home/bryan/repos/skripsi/backend/setup/setup.go:78
[2.335ms] [rows:0] SELECT description FROM pg_catalog.pg_description WHERE objsubid = (SELECT ordinal_position FROM information_schema.columns WHERE table_schema = CURRENT_SCHEMA() AND table_name = 'pet_daycares' AND column_name = 'price') AND objoid = (SELECT oid FROM pg_catalog.pg_class WHERE relname = 'pet_daycares' AND relnamespace = (SELECT oid FROM pg_catalog.pg_namespace WHERE nspname = CURRENT_SCHEMA()))

2025/02/13 14:39:28 /home/bryan/repos/skripsi/backend/setup/setup.go:78
[2.343ms] [rows:0] SELECT description FROM pg_catalog.pg_description WHERE objsubid = (SELECT ordinal_position FROM information_schema.columns WHERE table_schema = CURRENT_SCHEMA() AND table_name = 'pet_daycares' AND column_name = 'pricing_type') AND objoid = (SELECT oid FROM pg_catalog.pg_class WHERE relname = 'pet_daycares' AND relnamespace = (SELECT oid FROM pg_catalog.pg_namespace WHERE nspname = CURRENT_SCHEMA()))

2025/02/13 14:39:28 /home/bryan/repos/skripsi/backend/setup/setup.go:78
[2.383ms] [rows:0] SELECT description FROM pg_catalog.pg_description WHERE objsubid = (SELECT ordinal_position FROM information_schema.columns WHERE table_schema = CURRENT_SCHEMA() AND table_name = 'pet_daycares' AND column_name = 'description') AND objoid = (SELECT oid FROM pg_catalog.pg_class WHERE relname = 'pet_daycares' AND relnamespace = (SELECT oid FROM pg_catalog.pg_namespace WHERE nspname = CURRENT_SCHEMA()))

2025/02/13 14:39:28 /home/bryan/repos/skripsi/backend/setup/setup.go:78
[2.361ms] [rows:0] SELECT description FROM pg_catalog.pg_description WHERE objsubid = (SELECT ordinal_position FROM information_schema.columns WHERE table_schema = CURRENT_SCHEMA() AND table_name = 'pet_daycares' AND column_name = 'has_pickup_service') AND objoid = (SELECT oid FROM pg_catalog.pg_class WHERE relname = 'pet_daycares' AND relnamespace = (SELECT oid FROM pg_catalog.pg_namespace WHERE nspname = CURRENT_SCHEMA()))

2025/02/13 14:39:28 /home/bryan/repos/skripsi/backend/setup/setup.go:78
[2.325ms] [rows:0] SELECT description FROM pg_catalog.pg_description WHERE objsubid = (SELECT ordinal_position FROM information_schema.columns WHERE table_schema = CURRENT_SCHEMA() AND table_name = 'pet_daycares' AND column_name = 'must_be_vaccinated') AND objoid = (SELECT oid FROM pg_catalog.pg_class WHERE relname = 'pet_daycares' AND relnamespace = (SELECT oid FROM pg_catalog.pg_namespace WHERE nspname = CURRENT_SCHEMA()))

2025/02/13 14:39:28 /home/bryan/repos/skripsi/backend/setup/setup.go:78
[2.362ms] [rows:0] SELECT description FROM pg_catalog.pg_description WHERE objsubid = (SELECT ordinal_position FROM information_schema.columns WHERE table_schema = CURRENT_SCHEMA() AND table_name = 'pet_daycares' AND column_name = 'food_provided') AND objoid = (SELECT oid FROM pg_catalog.pg_class WHERE relname = 'pet_daycares' AND relnamespace = (SELECT oid FROM pg_catalog.pg_namespace WHERE nspname = CURRENT_SCHEMA()))

2025/02/13 14:39:28 /home/bryan/repos/skripsi/backend/setup/setup.go:78
[2.329ms] [rows:0] SELECT description FROM pg_catalog.pg_description WHERE objsubid = (SELECT ordinal_position FROM information_schema.columns WHERE table_schema = CURRENT_SCHEMA() AND table_name = 'pet_daycares' AND column_name = 'grooming_available') AND objoid = (SELECT oid FROM pg_catalog.pg_class WHERE relname = 'pet_daycares' AND relnamespace = (SELECT oid FROM pg_catalog.pg_namespace WHERE nspname = CURRENT_SCHEMA()))

2025/02/13 14:39:28 /home/bryan/repos/skripsi/backend/setup/setup.go:78
[2.325ms] [rows:0] SELECT description FROM pg_catalog.pg_description WHERE objsubid = (SELECT ordinal_position FROM information_schema.columns WHERE table_schema = CURRENT_SCHEMA() AND table_name = 'pet_daycares' AND column_name = 'booked_num') AND objoid = (SELECT oid FROM pg_catalog.pg_class WHERE relname = 'pet_daycares' AND relnamespace = (SELECT oid FROM pg_catalog.pg_namespace WHERE nspname = CURRENT_SCHEMA()))

2025/02/13 14:39:28 /home/bryan/repos/skripsi/backend/setup/setup.go:78
[2.274ms] [rows:0] SELECT description FROM pg_catalog.pg_description WHERE objsubid = (SELECT ordinal_position FROM information_schema.columns WHERE table_schema = CURRENT_SCHEMA() AND table_name = 'pet_daycares' AND column_name = 'daily_walks_id') AND objoid = (SELECT oid FROM pg_catalog.pg_class WHERE relname = 'pet_daycares' AND relnamespace = (SELECT oid FROM pg_catalog.pg_namespace WHERE nspname = CURRENT_SCHEMA()))

2025/02/13 14:39:28 /home/bryan/repos/skripsi/backend/setup/setup.go:78
[2.228ms] [rows:0] SELECT description FROM pg_catalog.pg_description WHERE objsubid = (SELECT ordinal_position FROM information_schema.columns WHERE table_schema = CURRENT_SCHEMA() AND table_name = 'pet_daycares' AND column_name = 'daily_playtime_id') AND objoid = (SELECT oid FROM pg_catalog.pg_class WHERE relname = 'pet_daycares' AND relnamespace = (SELECT oid FROM pg_catalog.pg_namespace WHERE nspname = CURRENT_SCHEMA()))

2025/02/13 14:39:28 /home/bryan/repos/skripsi/backend/setup/setup.go:78
[2.116ms] [rows:0] SELECT description FROM pg_catalog.pg_description WHERE objsubid = (SELECT ordinal_position FROM information_schema.columns WHERE table_schema = CURRENT_SCHEMA() AND table_name = 'pet_daycares' AND column_name = 'owner_id') AND objoid = (SELECT oid FROM pg_catalog.pg_class WHERE relname = 'pet_daycares' AND relnamespace = (SELECT oid FROM pg_catalog.pg_namespace WHERE nspname = CURRENT_SCHEMA()))

2025/02/13 14:39:28 /home/bryan/repos/skripsi/backend/setup/setup.go:78
[2.365ms] [rows:0] SELECT description FROM pg_catalog.pg_description WHERE objsubid = (SELECT ordinal_position FROM information_schema.columns WHERE table_schema = CURRENT_SCHEMA() AND table_name = 'pet_daycares' AND column_name = 'food_brand') AND objoid = (SELECT oid FROM pg_catalog.pg_class WHERE relname = 'pet_daycares' AND relnamespace = (SELECT oid FROM pg_catalog.pg_namespace WHERE nspname = CURRENT_SCHEMA()))

2025/02/13 14:39:28 /home/bryan/repos/skripsi/backend/setup/setup.go:78
[6.027ms] [rows:1] SELECT count(*) FROM INFORMATION_SCHEMA.table_constraints WHERE table_schema = CURRENT_SCHEMA() AND table_name = 'pet_daycares' AND constraint_name = 'fk_pet_daycares_daily_walks'

2025/02/13 14:39:28 /home/bryan/repos/skripsi/backend/setup/setup.go:78
[5.974ms] [rows:1] SELECT count(*) FROM INFORMATION_SCHEMA.table_constraints WHERE table_schema = CURRENT_SCHEMA() AND table_name = 'pet_daycares' AND constraint_name = 'fk_pet_daycares_daily_playtime'

2025/02/13 14:39:28 /home/bryan/repos/skripsi/backend/setup/setup.go:78
[5.773ms] [rows:1] SELECT count(*) FROM INFORMATION_SCHEMA.table_constraints WHERE table_schema = CURRENT_SCHEMA() AND table_name = 'pet_daycares' AND constraint_name = 'fk_users_pet_daycare'

2025/02/13 14:39:28 /home/bryan/repos/skripsi/backend/setup/setup.go:78
[4.429ms] [rows:1] SELECT count(*) FROM pg_indexes WHERE tablename = 'pet_daycares' AND indexname = 'idx_pet_daycares_deleted_at' AND schemaname = CURRENT_SCHEMA()

2025/02/13 14:39:28 /home/bryan/repos/skripsi/backend/setup/setup.go:78
[1.741ms] [rows:1] SELECT count(*) FROM information_schema.tables WHERE table_schema = CURRENT_SCHEMA() AND table_name = 'species' AND table_type = 'BASE TABLE'

2025/02/13 14:39:28 /home/bryan/repos/skripsi/backend/setup/setup.go:78
[1.265ms] [rows:1] SELECT CURRENT_DATABASE()

2025/02/13 14:39:28 /home/bryan/repos/skripsi/backend/setup/setup.go:78
[4.664ms] [rows:-] SELECT c.column_name, c.is_nullable = 'YES', c.udt_name, c.character_maximum_length, c.numeric_precision, c.numeric_precision_radix, c.numeric_scale, c.datetime_precision, 8 * typlen, c.column_default, pd.description, c.identity_increment FROM information_schema.columns AS c JOIN pg_type AS pgt ON c.udt_name = pgt.typname LEFT JOIN pg_catalog.pg_description as pd ON pd.objsubid = c.ordinal_position AND pd.objoid = (SELECT oid FROM pg_catalog.pg_class WHERE relname = c.table_name AND relnamespace = (SELECT oid FROM pg_catalog.pg_namespace WHERE nspname = c.table_schema)) where table_catalog = $1$ AND table_schema = CURRENT_SCHEMA() AND table_name = $2$

2025/02/13 14:39:28 /home/bryan/repos/skripsi/backend/setup/setup.go:78
[1.657ms] [rows:-] SELECT * FROM "species" LIMIT $1$

2025/02/13 14:39:28 /home/bryan/repos/skripsi/backend/setup/setup.go:78
[3.926ms] [rows:-] SELECT constraint_name FROM information_schema.table_constraints tc JOIN information_schema.constraint_column_usage AS ccu USING (constraint_schema, constraint_catalog, table_name, constraint_name) JOIN information_schema.columns AS c ON c.table_schema = tc.constraint_schema AND tc.table_name = c.table_name AND ccu.column_name = c.column_name WHERE constraint_type IN ('PRIMARY KEY', 'UNIQUE') AND c.table_catalog = $1$ AND c.table_schema = CURRENT_SCHEMA() AND c.table_name = $2$ AND constraint_type = $3$

2025/02/13 14:39:28 /home/bryan/repos/skripsi/backend/setup/setup.go:78
[4.077ms] [rows:-] SELECT c.column_name, constraint_name, constraint_type FROM information_schema.table_constraints tc JOIN information_schema.constraint_column_usage AS ccu USING (constraint_schema, constraint_catalog, table_name, constraint_name) JOIN information_schema.columns AS c ON c.table_schema = tc.constraint_schema AND tc.table_name = c.table_name AND ccu.column_name = c.column_name WHERE constraint_type IN ('PRIMARY KEY', 'UNIQUE') AND c.table_catalog = $1$ AND c.table_schema = CURRENT_SCHEMA() AND c.table_name = $2$

2025/02/13 14:39:28 /home/bryan/repos/skripsi/backend/setup/setup.go:78
[1.515ms] [rows:-] SELECT a.attname as column_name, format_type(a.atttypid, a.atttypmod) AS data_type
		FROM pg_attribute a JOIN pg_class b ON a.attrelid = b.oid AND relnamespace = (SELECT oid FROM pg_catalog.pg_namespace WHERE nspname = CURRENT_SCHEMA())
		WHERE a.attnum > 0 -- hide internal columns
		AND NOT a.attisdropped -- hide deleted columns
		AND b.relname = $1$

2025/02/13 14:39:28 /home/bryan/repos/skripsi/backend/setup/setup.go:78
[2.254ms] [rows:0] SELECT description FROM pg_catalog.pg_description WHERE objsubid = (SELECT ordinal_position FROM information_schema.columns WHERE table_schema = CURRENT_SCHEMA() AND table_name = 'species' AND column_name = 'id') AND objoid = (SELECT oid FROM pg_catalog.pg_class WHERE relname = 'species' AND relnamespace = (SELECT oid FROM pg_catalog.pg_namespace WHERE nspname = CURRENT_SCHEMA()))

2025/02/13 14:39:28 /home/bryan/repos/skripsi/backend/setup/setup.go:78
[2.165ms] [rows:0] SELECT description FROM pg_catalog.pg_description WHERE objsubid = (SELECT ordinal_position FROM information_schema.columns WHERE table_schema = CURRENT_SCHEMA() AND table_name = 'species' AND column_name = 'name') AND objoid = (SELECT oid FROM pg_catalog.pg_class WHERE relname = 'species' AND relnamespace = (SELECT oid FROM pg_catalog.pg_namespace WHERE nspname = CURRENT_SCHEMA()))

2025/02/13 14:39:28 /home/bryan/repos/skripsi/backend/setup/setup.go:78
[1.615ms] [rows:1] SELECT count(*) FROM information_schema.tables WHERE table_schema = CURRENT_SCHEMA() AND table_name = 'size_categories' AND table_type = 'BASE TABLE'

2025/02/13 14:39:28 /home/bryan/repos/skripsi/backend/setup/setup.go:78
[1.298ms] [rows:1] SELECT CURRENT_DATABASE()

2025/02/13 14:39:28 /home/bryan/repos/skripsi/backend/setup/setup.go:78
[5.143ms] [rows:-] SELECT c.column_name, c.is_nullable = 'YES', c.udt_name, c.character_maximum_length, c.numeric_precision, c.numeric_precision_radix, c.numeric_scale, c.datetime_precision, 8 * typlen, c.column_default, pd.description, c.identity_increment FROM information_schema.columns AS c JOIN pg_type AS pgt ON c.udt_name = pgt.typname LEFT JOIN pg_catalog.pg_description as pd ON pd.objsubid = c.ordinal_position AND pd.objoid = (SELECT oid FROM pg_catalog.pg_class WHERE relname = c.table_name AND relnamespace = (SELECT oid FROM pg_catalog.pg_namespace WHERE nspname = c.table_schema)) where table_catalog = $1$ AND table_schema = CURRENT_SCHEMA() AND table_name = $2$

2025/02/13 14:39:28 /home/bryan/repos/skripsi/backend/setup/setup.go:78
[1.294ms] [rows:-] SELECT * FROM "size_categories" LIMIT $1$

2025/02/13 14:39:28 /home/bryan/repos/skripsi/backend/setup/setup.go:78
[3.880ms] [rows:-] SELECT constraint_name FROM information_schema.table_constraints tc JOIN information_schema.constraint_column_usage AS ccu USING (constraint_schema, constraint_catalog, table_name, constraint_name) JOIN information_schema.columns AS c ON c.table_schema = tc.constraint_schema AND tc.table_name = c.table_name AND ccu.column_name = c.column_name WHERE constraint_type IN ('PRIMARY KEY', 'UNIQUE') AND c.table_catalog = $1$ AND c.table_schema = CURRENT_SCHEMA() AND c.table_name = $2$ AND constraint_type = $3$

2025/02/13 14:39:28 /home/bryan/repos/skripsi/backend/setup/setup.go:78
[3.924ms] [rows:-] SELECT c.column_name, constraint_name, constraint_type FROM information_schema.table_constraints tc JOIN information_schema.constraint_column_usage AS ccu USING (constraint_schema, constraint_catalog, table_name, constraint_name) JOIN information_schema.columns AS c ON c.table_schema = tc.constraint_schema AND tc.table_name = c.table_name AND ccu.column_name = c.column_name WHERE constraint_type IN ('PRIMARY KEY', 'UNIQUE') AND c.table_catalog = $1$ AND c.table_schema = CURRENT_SCHEMA() AND c.table_name = $2$

2025/02/13 14:39:28 /home/bryan/repos/skripsi/backend/setup/setup.go:78
[1.564ms] [rows:-] SELECT a.attname as column_name, format_type(a.atttypid, a.atttypmod) AS data_type
		FROM pg_attribute a JOIN pg_class b ON a.attrelid = b.oid AND relnamespace = (SELECT oid FROM pg_catalog.pg_namespace WHERE nspname = CURRENT_SCHEMA())
		WHERE a.attnum > 0 -- hide internal columns
		AND NOT a.attisdropped -- hide deleted columns
		AND b.relname = $1$

2025/02/13 14:39:28 /home/bryan/repos/skripsi/backend/setup/setup.go:78
[2.273ms] [rows:0] SELECT description FROM pg_catalog.pg_description WHERE objsubid = (SELECT ordinal_position FROM information_schema.columns WHERE table_schema = CURRENT_SCHEMA() AND table_name = 'size_categories' AND column_name = 'id') AND objoid = (SELECT oid FROM pg_catalog.pg_class WHERE relname = 'size_categories' AND relnamespace = (SELECT oid FROM pg_catalog.pg_namespace WHERE nspname = CURRENT_SCHEMA()))

2025/02/13 14:39:28 /home/bryan/repos/skripsi/backend/setup/setup.go:78
[2.214ms] [rows:0] SELECT description FROM pg_catalog.pg_description WHERE objsubid = (SELECT ordinal_position FROM information_schema.columns WHERE table_schema = CURRENT_SCHEMA() AND table_name = 'size_categories' AND column_name = 'name') AND objoid = (SELECT oid FROM pg_catalog.pg_class WHERE relname = 'size_categories' AND relnamespace = (SELECT oid FROM pg_catalog.pg_namespace WHERE nspname = CURRENT_SCHEMA()))

2025/02/13 14:39:28 /home/bryan/repos/skripsi/backend/setup/setup.go:78
[2.274ms] [rows:0] SELECT description FROM pg_catalog.pg_description WHERE objsubid = (SELECT ordinal_position FROM information_schema.columns WHERE table_schema = CURRENT_SCHEMA() AND table_name = 'size_categories' AND column_name = 'min_weight') AND objoid = (SELECT oid FROM pg_catalog.pg_class WHERE relname = 'size_categories' AND relnamespace = (SELECT oid FROM pg_catalog.pg_namespace WHERE nspname = CURRENT_SCHEMA()))

2025/02/13 14:39:28 /home/bryan/repos/skripsi/backend/setup/setup.go:78
[3.065ms] [rows:0] SELECT description FROM pg_catalog.pg_description WHERE objsubid = (SELECT ordinal_position FROM information_schema.columns WHERE table_schema = CURRENT_SCHEMA() AND table_name = 'size_categories' AND column_name = 'max_weight') AND objoid = (SELECT oid FROM pg_catalog.pg_class WHERE relname = 'size_categories' AND relnamespace = (SELECT oid FROM pg_catalog.pg_namespace WHERE nspname = CURRENT_SCHEMA()))

2025/02/13 14:39:28 /home/bryan/repos/skripsi/backend/setup/setup.go:78
[1.657ms] [rows:1] SELECT count(*) FROM information_schema.tables WHERE table_schema = CURRENT_SCHEMA() AND table_name = 'pets' AND table_type = 'BASE TABLE'

2025/02/13 14:39:28 /home/bryan/repos/skripsi/backend/setup/setup.go:78
[1.036ms] [rows:1] SELECT CURRENT_DATABASE()

2025/02/13 14:39:28 /home/bryan/repos/skripsi/backend/setup/setup.go:78
[5.565ms] [rows:-] SELECT c.column_name, c.is_nullable = 'YES', c.udt_name, c.character_maximum_length, c.numeric_precision, c.numeric_precision_radix, c.numeric_scale, c.datetime_precision, 8 * typlen, c.column_default, pd.description, c.identity_increment FROM information_schema.columns AS c JOIN pg_type AS pgt ON c.udt_name = pgt.typname LEFT JOIN pg_catalog.pg_description as pd ON pd.objsubid = c.ordinal_position AND pd.objoid = (SELECT oid FROM pg_catalog.pg_class WHERE relname = c.table_name AND relnamespace = (SELECT oid FROM pg_catalog.pg_namespace WHERE nspname = c.table_schema)) where table_catalog = $1$ AND table_schema = CURRENT_SCHEMA() AND table_name = $2$

2025/02/13 14:39:28 /home/bryan/repos/skripsi/backend/setup/setup.go:78
[1.450ms] [rows:-] SELECT * FROM "pets" LIMIT $1$

2025/02/13 14:39:28 /home/bryan/repos/skripsi/backend/setup/setup.go:78
[5.484ms] [rows:-] SELECT constraint_name FROM information_schema.table_constraints tc JOIN information_schema.constraint_column_usage AS ccu USING (constraint_schema, constraint_catalog, table_name, constraint_name) JOIN information_schema.columns AS c ON c.table_schema = tc.constraint_schema AND tc.table_name = c.table_name AND ccu.column_name = c.column_name WHERE constraint_type IN ('PRIMARY KEY', 'UNIQUE') AND c.table_catalog = $1$ AND c.table_schema = CURRENT_SCHEMA() AND c.table_name = $2$ AND constraint_type = $3$

2025/02/13 14:39:28 /home/bryan/repos/skripsi/backend/setup/setup.go:78
[5.434ms] [rows:-] SELECT c.column_name, constraint_name, constraint_type FROM information_schema.table_constraints tc JOIN information_schema.constraint_column_usage AS ccu USING (constraint_schema, constraint_catalog, table_name, constraint_name) JOIN information_schema.columns AS c ON c.table_schema = tc.constraint_schema AND tc.table_name = c.table_name AND ccu.column_name = c.column_name WHERE constraint_type IN ('PRIMARY KEY', 'UNIQUE') AND c.table_catalog = $1$ AND c.table_schema = CURRENT_SCHEMA() AND c.table_name = $2$

2025/02/13 14:39:28 /home/bryan/repos/skripsi/backend/setup/setup.go:78
[1.761ms] [rows:-] SELECT a.attname as column_name, format_type(a.atttypid, a.atttypmod) AS data_type
		FROM pg_attribute a JOIN pg_class b ON a.attrelid = b.oid AND relnamespace = (SELECT oid FROM pg_catalog.pg_namespace WHERE nspname = CURRENT_SCHEMA())
		WHERE a.attnum > 0 -- hide internal columns
		AND NOT a.attisdropped -- hide deleted columns
		AND b.relname = $1$

2025/02/13 14:39:28 /home/bryan/repos/skripsi/backend/setup/setup.go:78
[2.325ms] [rows:0] SELECT description FROM pg_catalog.pg_description WHERE objsubid = (SELECT ordinal_position FROM information_schema.columns WHERE table_schema = CURRENT_SCHEMA() AND table_name = 'pets' AND column_name = 'id') AND objoid = (SELECT oid FROM pg_catalog.pg_class WHERE relname = 'pets' AND relnamespace = (SELECT oid FROM pg_catalog.pg_namespace WHERE nspname = CURRENT_SCHEMA()))

2025/02/13 14:39:28 /home/bryan/repos/skripsi/backend/setup/setup.go:78
[2.473ms] [rows:0] SELECT description FROM pg_catalog.pg_description WHERE objsubid = (SELECT ordinal_position FROM information_schema.columns WHERE table_schema = CURRENT_SCHEMA() AND table_name = 'pets' AND column_name = 'created_at') AND objoid = (SELECT oid FROM pg_catalog.pg_class WHERE relname = 'pets' AND relnamespace = (SELECT oid FROM pg_catalog.pg_namespace WHERE nspname = CURRENT_SCHEMA()))

2025/02/13 14:39:28 /home/bryan/repos/skripsi/backend/setup/setup.go:78
[2.392ms] [rows:0] SELECT description FROM pg_catalog.pg_description WHERE objsubid = (SELECT ordinal_position FROM information_schema.columns WHERE table_schema = CURRENT_SCHEMA() AND table_name = 'pets' AND column_name = 'updated_at') AND objoid = (SELECT oid FROM pg_catalog.pg_class WHERE relname = 'pets' AND relnamespace = (SELECT oid FROM pg_catalog.pg_namespace WHERE nspname = CURRENT_SCHEMA()))

2025/02/13 14:39:28 /home/bryan/repos/skripsi/backend/setup/setup.go:78
[2.755ms] [rows:0] SELECT description FROM pg_catalog.pg_description WHERE objsubid = (SELECT ordinal_position FROM information_schema.columns WHERE table_schema = CURRENT_SCHEMA() AND table_name = 'pets' AND column_name = 'deleted_at') AND objoid = (SELECT oid FROM pg_catalog.pg_class WHERE relname = 'pets' AND relnamespace = (SELECT oid FROM pg_catalog.pg_namespace WHERE nspname = CURRENT_SCHEMA()))

2025/02/13 14:39:28 /home/bryan/repos/skripsi/backend/setup/setup.go:78
[2.467ms] [rows:0] SELECT description FROM pg_catalog.pg_description WHERE objsubid = (SELECT ordinal_position FROM information_schema.columns WHERE table_schema = CURRENT_SCHEMA() AND table_name = 'pets' AND column_name = 'name') AND objoid = (SELECT oid FROM pg_catalog.pg_class WHERE relname = 'pets' AND relnamespace = (SELECT oid FROM pg_catalog.pg_namespace WHERE nspname = CURRENT_SCHEMA()))

2025/02/13 14:39:28 /home/bryan/repos/skripsi/backend/setup/setup.go:78
[2.438ms] [rows:0] SELECT description FROM pg_catalog.pg_description WHERE objsubid = (SELECT ordinal_position FROM information_schema.columns WHERE table_schema = CURRENT_SCHEMA() AND table_name = 'pets' AND column_name = 'image_url') AND objoid = (SELECT oid FROM pg_catalog.pg_class WHERE relname = 'pets' AND relnamespace = (SELECT oid FROM pg_catalog.pg_namespace WHERE nspname = CURRENT_SCHEMA()))

2025/02/13 14:39:28 /home/bryan/repos/skripsi/backend/setup/setup.go:78
[2.451ms] [rows:0] SELECT description FROM pg_catalog.pg_description WHERE objsubid = (SELECT ordinal_position FROM information_schema.columns WHERE table_schema = CURRENT_SCHEMA() AND table_name = 'pets' AND column_name = 'status') AND objoid = (SELECT oid FROM pg_catalog.pg_class WHERE relname = 'pets' AND relnamespace = (SELECT oid FROM pg_catalog.pg_namespace WHERE nspname = CURRENT_SCHEMA()))

2025/02/13 14:39:28 /home/bryan/repos/skripsi/backend/setup/setup.go:78
[2.419ms] [rows:0] SELECT description FROM pg_catalog.pg_description WHERE objsubid = (SELECT ordinal_position FROM information_schema.columns WHERE table_schema = CURRENT_SCHEMA() AND table_name = 'pets' AND column_name = 'owner_id') AND objoid = (SELECT oid FROM pg_catalog.pg_class WHERE relname = 'pets' AND relnamespace = (SELECT oid FROM pg_catalog.pg_namespace WHERE nspname = CURRENT_SCHEMA()))

2025/02/13 14:39:28 /home/bryan/repos/skripsi/backend/setup/setup.go:78
[2.133ms] [rows:0] SELECT description FROM pg_catalog.pg_description WHERE objsubid = (SELECT ordinal_position FROM information_schema.columns WHERE table_schema = CURRENT_SCHEMA() AND table_name = 'pets' AND column_name = 'species_id') AND objoid = (SELECT oid FROM pg_catalog.pg_class WHERE relname = 'pets' AND relnamespace = (SELECT oid FROM pg_catalog.pg_namespace WHERE nspname = CURRENT_SCHEMA()))

2025/02/13 14:39:28 /home/bryan/repos/skripsi/backend/setup/setup.go:78
[3.023ms] [rows:0] SELECT description FROM pg_catalog.pg_description WHERE objsubid = (SELECT ordinal_position FROM information_schema.columns WHERE table_schema = CURRENT_SCHEMA() AND table_name = 'pets' AND column_name = 'size_id') AND objoid = (SELECT oid FROM pg_catalog.pg_class WHERE relname = 'pets' AND relnamespace = (SELECT oid FROM pg_catalog.pg_namespace WHERE nspname = CURRENT_SCHEMA()))

2025/02/13 14:39:28 /home/bryan/repos/skripsi/backend/setup/setup.go:78
[2.162ms] [rows:1] SELECT count(*) FROM INFORMATION_SCHEMA.table_constraints WHERE table_schema = CURRENT_SCHEMA() AND table_name = 'pets' AND constraint_name = 'fk_pets_species'

2025/02/13 14:39:28 /home/bryan/repos/skripsi/backend/setup/setup.go:78
[1.853ms] [rows:1] SELECT count(*) FROM INFORMATION_SCHEMA.table_constraints WHERE table_schema = CURRENT_SCHEMA() AND table_name = 'pets' AND constraint_name = 'fk_pets_size_category'

2025/02/13 14:39:28 /home/bryan/repos/skripsi/backend/setup/setup.go:78
[1.868ms] [rows:1] SELECT count(*) FROM INFORMATION_SCHEMA.table_constraints WHERE table_schema = CURRENT_SCHEMA() AND table_name = 'pets' AND constraint_name = 'fk_users_pets'

2025/02/13 14:39:28 /home/bryan/repos/skripsi/backend/setup/setup.go:78
[4.077ms] [rows:1] SELECT count(*) FROM pg_indexes WHERE tablename = 'pets' AND indexname = 'idx_pets_deleted_at' AND schemaname = CURRENT_SCHEMA()

2025/02/13 14:39:28 /home/bryan/repos/skripsi/backend/setup/setup.go:78
[1.613ms] [rows:1] SELECT count(*) FROM information_schema.tables WHERE table_schema = CURRENT_SCHEMA() AND table_name = 'slots' AND table_type = 'BASE TABLE'

2025/02/13 14:39:28 /home/bryan/repos/skripsi/backend/setup/setup.go:78
[1.245ms] [rows:1] SELECT CURRENT_DATABASE()

2025/02/13 14:39:28 /home/bryan/repos/skripsi/backend/setup/setup.go:78
[5.237ms] [rows:-] SELECT c.column_name, c.is_nullable = 'YES', c.udt_name, c.character_maximum_length, c.numeric_precision, c.numeric_precision_radix, c.numeric_scale, c.datetime_precision, 8 * typlen, c.column_default, pd.description, c.identity_increment FROM information_schema.columns AS c JOIN pg_type AS pgt ON c.udt_name = pgt.typname LEFT JOIN pg_catalog.pg_description as pd ON pd.objsubid = c.ordinal_position AND pd.objoid = (SELECT oid FROM pg_catalog.pg_class WHERE relname = c.table_name AND relnamespace = (SELECT oid FROM pg_catalog.pg_namespace WHERE nspname = c.table_schema)) where table_catalog = $1$ AND table_schema = CURRENT_SCHEMA() AND table_name = $2$

2025/02/13 14:39:28 /home/bryan/repos/skripsi/backend/setup/setup.go:78
[1.578ms] [rows:-] SELECT * FROM "slots" LIMIT $1$

2025/02/13 14:39:28 /home/bryan/repos/skripsi/backend/setup/setup.go:78
[4.476ms] [rows:-] SELECT constraint_name FROM information_schema.table_constraints tc JOIN information_schema.constraint_column_usage AS ccu USING (constraint_schema, constraint_catalog, table_name, constraint_name) JOIN information_schema.columns AS c ON c.table_schema = tc.constraint_schema AND tc.table_name = c.table_name AND ccu.column_name = c.column_name WHERE constraint_type IN ('PRIMARY KEY', 'UNIQUE') AND c.table_catalog = $1$ AND c.table_schema = CURRENT_SCHEMA() AND c.table_name = $2$ AND constraint_type = $3$

2025/02/13 14:39:28 /home/bryan/repos/skripsi/backend/setup/setup.go:78
[4.516ms] [rows:-] SELECT c.column_name, constraint_name, constraint_type FROM information_schema.table_constraints tc JOIN information_schema.constraint_column_usage AS ccu USING (constraint_schema, constraint_catalog, table_name, constraint_name) JOIN information_schema.columns AS c ON c.table_schema = tc.constraint_schema AND tc.table_name = c.table_name AND ccu.column_name = c.column_name WHERE constraint_type IN ('PRIMARY KEY', 'UNIQUE') AND c.table_catalog = $1$ AND c.table_schema = CURRENT_SCHEMA() AND c.table_name = $2$

2025/02/13 14:39:28 /home/bryan/repos/skripsi/backend/setup/setup.go:78
[1.494ms] [rows:-] SELECT a.attname as column_name, format_type(a.atttypid, a.atttypmod) AS data_type
		FROM pg_attribute a JOIN pg_class b ON a.attrelid = b.oid AND relnamespace = (SELECT oid FROM pg_catalog.pg_namespace WHERE nspname = CURRENT_SCHEMA())
		WHERE a.attnum > 0 -- hide internal columns
		AND NOT a.attisdropped -- hide deleted columns
		AND b.relname = $1$

2025/02/13 14:39:28 /home/bryan/repos/skripsi/backend/setup/setup.go:78
[2.331ms] [rows:0] SELECT description FROM pg_catalog.pg_description WHERE objsubid = (SELECT ordinal_position FROM information_schema.columns WHERE table_schema = CURRENT_SCHEMA() AND table_name = 'slots' AND column_name = 'id') AND objoid = (SELECT oid FROM pg_catalog.pg_class WHERE relname = 'slots' AND relnamespace = (SELECT oid FROM pg_catalog.pg_namespace WHERE nspname = CURRENT_SCHEMA()))

2025/02/13 14:39:28 /home/bryan/repos/skripsi/backend/setup/setup.go:78
[2.439ms] [rows:0] SELECT description FROM pg_catalog.pg_description WHERE objsubid = (SELECT ordinal_position FROM information_schema.columns WHERE table_schema = CURRENT_SCHEMA() AND table_name = 'slots' AND column_name = 'created_at') AND objoid = (SELECT oid FROM pg_catalog.pg_class WHERE relname = 'slots' AND relnamespace = (SELECT oid FROM pg_catalog.pg_namespace WHERE nspname = CURRENT_SCHEMA()))

2025/02/13 14:39:28 /home/bryan/repos/skripsi/backend/setup/setup.go:78
[2.419ms] [rows:0] SELECT description FROM pg_catalog.pg_description WHERE objsubid = (SELECT ordinal_position FROM information_schema.columns WHERE table_schema = CURRENT_SCHEMA() AND table_name = 'slots' AND column_name = 'updated_at') AND objoid = (SELECT oid FROM pg_catalog.pg_class WHERE relname = 'slots' AND relnamespace = (SELECT oid FROM pg_catalog.pg_namespace WHERE nspname = CURRENT_SCHEMA()))

2025/02/13 14:39:28 /home/bryan/repos/skripsi/backend/setup/setup.go:78
[2.237ms] [rows:0] SELECT description FROM pg_catalog.pg_description WHERE objsubid = (SELECT ordinal_position FROM information_schema.columns WHERE table_schema = CURRENT_SCHEMA() AND table_name = 'slots' AND column_name = 'deleted_at') AND objoid = (SELECT oid FROM pg_catalog.pg_class WHERE relname = 'slots' AND relnamespace = (SELECT oid FROM pg_catalog.pg_namespace WHERE nspname = CURRENT_SCHEMA()))

2025/02/13 14:39:28 /home/bryan/repos/skripsi/backend/setup/setup.go:78
[2.235ms] [rows:0] SELECT description FROM pg_catalog.pg_description WHERE objsubid = (SELECT ordinal_position FROM information_schema.columns WHERE table_schema = CURRENT_SCHEMA() AND table_name = 'slots' AND column_name = 'daycare_id') AND objoid = (SELECT oid FROM pg_catalog.pg_class WHERE relname = 'slots' AND relnamespace = (SELECT oid FROM pg_catalog.pg_namespace WHERE nspname = CURRENT_SCHEMA()))

2025/02/13 14:39:28 /home/bryan/repos/skripsi/backend/setup/setup.go:78
[2.197ms] [rows:0] SELECT description FROM pg_catalog.pg_description WHERE objsubid = (SELECT ordinal_position FROM information_schema.columns WHERE table_schema = CURRENT_SCHEMA() AND table_name = 'slots' AND column_name = 'species_id') AND objoid = (SELECT oid FROM pg_catalog.pg_class WHERE relname = 'slots' AND relnamespace = (SELECT oid FROM pg_catalog.pg_namespace WHERE nspname = CURRENT_SCHEMA()))

2025/02/13 14:39:28 /home/bryan/repos/skripsi/backend/setup/setup.go:78
[2.158ms] [rows:0] SELECT description FROM pg_catalog.pg_description WHERE objsubid = (SELECT ordinal_position FROM information_schema.columns WHERE table_schema = CURRENT_SCHEMA() AND table_name = 'slots' AND column_name = 'size_category_id') AND objoid = (SELECT oid FROM pg_catalog.pg_class WHERE relname = 'slots' AND relnamespace = (SELECT oid FROM pg_catalog.pg_namespace WHERE nspname = CURRENT_SCHEMA()))

2025/02/13 14:39:28 /home/bryan/repos/skripsi/backend/setup/setup.go:78
[2.224ms] [rows:0] SELECT description FROM pg_catalog.pg_description WHERE objsubid = (SELECT ordinal_position FROM information_schema.columns WHERE table_schema = CURRENT_SCHEMA() AND table_name = 'slots' AND column_name = 'max_number') AND objoid = (SELECT oid FROM pg_catalog.pg_class WHERE relname = 'slots' AND relnamespace = (SELECT oid FROM pg_catalog.pg_namespace WHERE nspname = CURRENT_SCHEMA()))

2025/02/13 14:39:28 /home/bryan/repos/skripsi/backend/setup/setup.go:78
[1.828ms] [rows:1] SELECT count(*) FROM INFORMATION_SCHEMA.table_constraints WHERE table_schema = CURRENT_SCHEMA() AND table_name = 'slots' AND constraint_name = 'fk_pet_daycares_slots'

2025/02/13 14:39:28 /home/bryan/repos/skripsi/backend/setup/setup.go:78
[3.957ms] [rows:1] SELECT count(*) FROM pg_indexes WHERE tablename = 'slots' AND indexname = 'idx_slots_deleted_at' AND schemaname = CURRENT_SCHEMA()

2025/02/13 14:39:28 /home/bryan/repos/skripsi/backend/setup/setup.go:78
[1.715ms] [rows:1] SELECT count(*) FROM information_schema.tables WHERE table_schema = CURRENT_SCHEMA() AND table_name = 'booked_slots' AND table_type = 'BASE TABLE'

2025/02/13 14:39:28 /home/bryan/repos/skripsi/backend/setup/setup.go:78
[1.407ms] [rows:1] SELECT CURRENT_DATABASE()

2025/02/13 14:39:28 /home/bryan/repos/skripsi/backend/setup/setup.go:78
[5.251ms] [rows:-] SELECT c.column_name, c.is_nullable = 'YES', c.udt_name, c.character_maximum_length, c.numeric_precision, c.numeric_precision_radix, c.numeric_scale, c.datetime_precision, 8 * typlen, c.column_default, pd.description, c.identity_increment FROM information_schema.columns AS c JOIN pg_type AS pgt ON c.udt_name = pgt.typname LEFT JOIN pg_catalog.pg_description as pd ON pd.objsubid = c.ordinal_position AND pd.objoid = (SELECT oid FROM pg_catalog.pg_class WHERE relname = c.table_name AND relnamespace = (SELECT oid FROM pg_catalog.pg_namespace WHERE nspname = c.table_schema)) where table_catalog = $1$ AND table_schema = CURRENT_SCHEMA() AND table_name = $2$

2025/02/13 14:39:28 /home/bryan/repos/skripsi/backend/setup/setup.go:78
[1.422ms] [rows:-] SELECT * FROM "booked_slots" LIMIT $1$

2025/02/13 14:39:28 /home/bryan/repos/skripsi/backend/setup/setup.go:78
[5.028ms] [rows:-] SELECT constraint_name FROM information_schema.table_constraints tc JOIN information_schema.constraint_column_usage AS ccu USING (constraint_schema, constraint_catalog, table_name, constraint_name) JOIN information_schema.columns AS c ON c.table_schema = tc.constraint_schema AND tc.table_name = c.table_name AND ccu.column_name = c.column_name WHERE constraint_type IN ('PRIMARY KEY', 'UNIQUE') AND c.table_catalog = $1$ AND c.table_schema = CURRENT_SCHEMA() AND c.table_name = $2$ AND constraint_type = $3$

2025/02/13 14:39:28 /home/bryan/repos/skripsi/backend/setup/setup.go:78
[4.978ms] [rows:-] SELECT c.column_name, constraint_name, constraint_type FROM information_schema.table_constraints tc JOIN information_schema.constraint_column_usage AS ccu USING (constraint_schema, constraint_catalog, table_name, constraint_name) JOIN information_schema.columns AS c ON c.table_schema = tc.constraint_schema AND tc.table_name = c.table_name AND ccu.column_name = c.column_name WHERE constraint_type IN ('PRIMARY KEY', 'UNIQUE') AND c.table_catalog = $1$ AND c.table_schema = CURRENT_SCHEMA() AND c.table_name = $2$

2025/02/13 14:39:28 /home/bryan/repos/skripsi/backend/setup/setup.go:78
[1.464ms] [rows:-] SELECT a.attname as column_name, format_type(a.atttypid, a.atttypmod) AS data_type
		FROM pg_attribute a JOIN pg_class b ON a.attrelid = b.oid AND relnamespace = (SELECT oid FROM pg_catalog.pg_namespace WHERE nspname = CURRENT_SCHEMA())
		WHERE a.attnum > 0 -- hide internal columns
		AND NOT a.attisdropped -- hide deleted columns
		AND b.relname = $1$

2025/02/13 14:39:28 /home/bryan/repos/skripsi/backend/setup/setup.go:78
[3.049ms] [rows:0] SELECT description FROM pg_catalog.pg_description WHERE objsubid = (SELECT ordinal_position FROM information_schema.columns WHERE table_schema = CURRENT_SCHEMA() AND table_name = 'booked_slots' AND column_name = 'id') AND objoid = (SELECT oid FROM pg_catalog.pg_class WHERE relname = 'booked_slots' AND relnamespace = (SELECT oid FROM pg_catalog.pg_namespace WHERE nspname = CURRENT_SCHEMA()))

2025/02/13 14:39:28 /home/bryan/repos/skripsi/backend/setup/setup.go:78
[3.020ms] [rows:0] SELECT description FROM pg_catalog.pg_description WHERE objsubid = (SELECT ordinal_position FROM information_schema.columns WHERE table_schema = CURRENT_SCHEMA() AND table_name = 'booked_slots' AND column_name = 'created_at') AND objoid = (SELECT oid FROM pg_catalog.pg_class WHERE relname = 'booked_slots' AND relnamespace = (SELECT oid FROM pg_catalog.pg_namespace WHERE nspname = CURRENT_SCHEMA()))

2025/02/13 14:39:28 /home/bryan/repos/skripsi/backend/setup/setup.go:78
[3.198ms] [rows:0] SELECT description FROM pg_catalog.pg_description WHERE objsubid = (SELECT ordinal_position FROM information_schema.columns WHERE table_schema = CURRENT_SCHEMA() AND table_name = 'booked_slots' AND column_name = 'updated_at') AND objoid = (SELECT oid FROM pg_catalog.pg_class WHERE relname = 'booked_slots' AND relnamespace = (SELECT oid FROM pg_catalog.pg_namespace WHERE nspname = CURRENT_SCHEMA()))

2025/02/13 14:39:28 /home/bryan/repos/skripsi/backend/setup/setup.go:78
[3.098ms] [rows:0] SELECT description FROM pg_catalog.pg_description WHERE objsubid = (SELECT ordinal_position FROM information_schema.columns WHERE table_schema = CURRENT_SCHEMA() AND table_name = 'booked_slots' AND column_name = 'deleted_at') AND objoid = (SELECT oid FROM pg_catalog.pg_class WHERE relname = 'booked_slots' AND relnamespace = (SELECT oid FROM pg_catalog.pg_namespace WHERE nspname = CURRENT_SCHEMA()))

2025/02/13 14:39:28 /home/bryan/repos/skripsi/backend/setup/setup.go:78
[3.093ms] [rows:0] SELECT description FROM pg_catalog.pg_description WHERE objsubid = (SELECT ordinal_position FROM information_schema.columns WHERE table_schema = CURRENT_SCHEMA() AND table_name = 'booked_slots' AND column_name = 'user_id') AND objoid = (SELECT oid FROM pg_catalog.pg_class WHERE relname = 'booked_slots' AND relnamespace = (SELECT oid FROM pg_catalog.pg_namespace WHERE nspname = CURRENT_SCHEMA()))

2025/02/13 14:39:28 /home/bryan/repos/skripsi/backend/setup/setup.go:78
[2.954ms] [rows:0] SELECT description FROM pg_catalog.pg_description WHERE objsubid = (SELECT ordinal_position FROM information_schema.columns WHERE table_schema = CURRENT_SCHEMA() AND table_name = 'booked_slots' AND column_name = 'daycare_id') AND objoid = (SELECT oid FROM pg_catalog.pg_class WHERE relname = 'booked_slots' AND relnamespace = (SELECT oid FROM pg_catalog.pg_namespace WHERE nspname = CURRENT_SCHEMA()))

2025/02/13 14:39:28 /home/bryan/repos/skripsi/backend/setup/setup.go:78
[2.938ms] [rows:0] SELECT description FROM pg_catalog.pg_description WHERE objsubid = (SELECT ordinal_position FROM information_schema.columns WHERE table_schema = CURRENT_SCHEMA() AND table_name = 'booked_slots' AND column_name = 'pet_id') AND objoid = (SELECT oid FROM pg_catalog.pg_class WHERE relname = 'booked_slots' AND relnamespace = (SELECT oid FROM pg_catalog.pg_namespace WHERE nspname = CURRENT_SCHEMA()))

2025/02/13 14:39:28 /home/bryan/repos/skripsi/backend/setup/setup.go:78
[3.045ms] [rows:0] SELECT description FROM pg_catalog.pg_description WHERE objsubid = (SELECT ordinal_position FROM information_schema.columns WHERE table_schema = CURRENT_SCHEMA() AND table_name = 'booked_slots' AND column_name = 'start_date') AND objoid = (SELECT oid FROM pg_catalog.pg_class WHERE relname = 'booked_slots' AND relnamespace = (SELECT oid FROM pg_catalog.pg_namespace WHERE nspname = CURRENT_SCHEMA()))

2025/02/13 14:39:28 /home/bryan/repos/skripsi/backend/setup/setup.go:78
[2.984ms] [rows:0] SELECT description FROM pg_catalog.pg_description WHERE objsubid = (SELECT ordinal_position FROM information_schema.columns WHERE table_schema = CURRENT_SCHEMA() AND table_name = 'booked_slots' AND column_name = 'end_date') AND objoid = (SELECT oid FROM pg_catalog.pg_class WHERE relname = 'booked_slots' AND relnamespace = (SELECT oid FROM pg_catalog.pg_namespace WHERE nspname = CURRENT_SCHEMA()))

2025/02/13 14:39:28 /home/bryan/repos/skripsi/backend/setup/setup.go:78
[2.504ms] [rows:1] SELECT count(*) FROM INFORMATION_SCHEMA.table_constraints WHERE table_schema = CURRENT_SCHEMA() AND table_name = 'booked_slots' AND constraint_name = 'fk_booked_slots_user'

2025/02/13 14:39:28 /home/bryan/repos/skripsi/backend/setup/setup.go:78
[2.538ms] [rows:1] SELECT count(*) FROM INFORMATION_SCHEMA.table_constraints WHERE table_schema = CURRENT_SCHEMA() AND table_name = 'booked_slots' AND constraint_name = 'fk_pets_booked_slots'

2025/02/13 14:39:28 /home/bryan/repos/skripsi/backend/setup/setup.go:78
[2.633ms] [rows:1] SELECT count(*) FROM INFORMATION_SCHEMA.table_constraints WHERE table_schema = CURRENT_SCHEMA() AND table_name = 'booked_slots' AND constraint_name = 'fk_pet_daycares_booked_slots'

2025/02/13 14:39:28 /home/bryan/repos/skripsi/backend/setup/setup.go:78
[5.098ms] [rows:1] SELECT count(*) FROM pg_indexes WHERE tablename = 'booked_slots' AND indexname = 'idx_booked_slots_deleted_at' AND schemaname = CURRENT_SCHEMA()

2025/02/13 14:39:28 /home/bryan/repos/skripsi/backend/setup/setup.go:78
[2.145ms] [rows:1] SELECT count(*) FROM information_schema.tables WHERE table_schema = CURRENT_SCHEMA() AND table_name = 'thumbnails' AND table_type = 'BASE TABLE'

2025/02/13 14:39:28 /home/bryan/repos/skripsi/backend/setup/setup.go:78
[1.720ms] [rows:1] SELECT CURRENT_DATABASE()

2025/02/13 14:39:28 /home/bryan/repos/skripsi/backend/setup/setup.go:78
[6.015ms] [rows:-] SELECT c.column_name, c.is_nullable = 'YES', c.udt_name, c.character_maximum_length, c.numeric_precision, c.numeric_precision_radix, c.numeric_scale, c.datetime_precision, 8 * typlen, c.column_default, pd.description, c.identity_increment FROM information_schema.columns AS c JOIN pg_type AS pgt ON c.udt_name = pgt.typname LEFT JOIN pg_catalog.pg_description as pd ON pd.objsubid = c.ordinal_position AND pd.objoid = (SELECT oid FROM pg_catalog.pg_class WHERE relname = c.table_name AND relnamespace = (SELECT oid FROM pg_catalog.pg_namespace WHERE nspname = c.table_schema)) where table_catalog = $1$ AND table_schema = CURRENT_SCHEMA() AND table_name = $2$

2025/02/13 14:39:28 /home/bryan/repos/skripsi/backend/setup/setup.go:78
[1.949ms] [rows:-] SELECT * FROM "thumbnails" LIMIT $1$

2025/02/13 14:39:28 /home/bryan/repos/skripsi/backend/setup/setup.go:78
[5.062ms] [rows:-] SELECT constraint_name FROM information_schema.table_constraints tc JOIN information_schema.constraint_column_usage AS ccu USING (constraint_schema, constraint_catalog, table_name, constraint_name) JOIN information_schema.columns AS c ON c.table_schema = tc.constraint_schema AND tc.table_name = c.table_name AND ccu.column_name = c.column_name WHERE constraint_type IN ('PRIMARY KEY', 'UNIQUE') AND c.table_catalog = $1$ AND c.table_schema = CURRENT_SCHEMA() AND c.table_name = $2$ AND constraint_type = $3$

2025/02/13 14:39:28 /home/bryan/repos/skripsi/backend/setup/setup.go:78
[5.269ms] [rows:-] SELECT c.column_name, constraint_name, constraint_type FROM information_schema.table_constraints tc JOIN information_schema.constraint_column_usage AS ccu USING (constraint_schema, constraint_catalog, table_name, constraint_name) JOIN information_schema.columns AS c ON c.table_schema = tc.constraint_schema AND tc.table_name = c.table_name AND ccu.column_name = c.column_name WHERE constraint_type IN ('PRIMARY KEY', 'UNIQUE') AND c.table_catalog = $1$ AND c.table_schema = CURRENT_SCHEMA() AND c.table_name = $2$

2025/02/13 14:39:28 /home/bryan/repos/skripsi/backend/setup/setup.go:78
[2.173ms] [rows:-] SELECT a.attname as column_name, format_type(a.atttypid, a.atttypmod) AS data_type
		FROM pg_attribute a JOIN pg_class b ON a.attrelid = b.oid AND relnamespace = (SELECT oid FROM pg_catalog.pg_namespace WHERE nspname = CURRENT_SCHEMA())
		WHERE a.attnum > 0 -- hide internal columns
		AND NOT a.attisdropped -- hide deleted columns
		AND b.relname = $1$

2025/02/13 14:39:28 /home/bryan/repos/skripsi/backend/setup/setup.go:78
[3.209ms] [rows:0] SELECT description FROM pg_catalog.pg_description WHERE objsubid = (SELECT ordinal_position FROM information_schema.columns WHERE table_schema = CURRENT_SCHEMA() AND table_name = 'thumbnails' AND column_name = 'id') AND objoid = (SELECT oid FROM pg_catalog.pg_class WHERE relname = 'thumbnails' AND relnamespace = (SELECT oid FROM pg_catalog.pg_namespace WHERE nspname = CURRENT_SCHEMA()))

2025/02/13 14:39:28 /home/bryan/repos/skripsi/backend/setup/setup.go:78
[3.404ms] [rows:0] SELECT description FROM pg_catalog.pg_description WHERE objsubid = (SELECT ordinal_position FROM information_schema.columns WHERE table_schema = CURRENT_SCHEMA() AND table_name = 'thumbnails' AND column_name = 'daycare_id') AND objoid = (SELECT oid FROM pg_catalog.pg_class WHERE relname = 'thumbnails' AND relnamespace = (SELECT oid FROM pg_catalog.pg_namespace WHERE nspname = CURRENT_SCHEMA()))

2025/02/13 14:39:28 /home/bryan/repos/skripsi/backend/setup/setup.go:78
[3.293ms] [rows:0] SELECT description FROM pg_catalog.pg_description WHERE objsubid = (SELECT ordinal_position FROM information_schema.columns WHERE table_schema = CURRENT_SCHEMA() AND table_name = 'thumbnails' AND column_name = 'image_url') AND objoid = (SELECT oid FROM pg_catalog.pg_class WHERE relname = 'thumbnails' AND relnamespace = (SELECT oid FROM pg_catalog.pg_namespace WHERE nspname = CURRENT_SCHEMA()))

2025/02/13 14:39:28 /home/bryan/repos/skripsi/backend/setup/setup.go:78
[2.811ms] [rows:1] SELECT count(*) FROM INFORMATION_SCHEMA.table_constraints WHERE table_schema = CURRENT_SCHEMA() AND table_name = 'thumbnails' AND constraint_name = 'fk_pet_daycares_thumbnails'

2025/02/13 14:39:28 /home/bryan/repos/skripsi/backend/setup/setup.go:78
[2.141ms] [rows:1] SELECT count(*) FROM information_schema.tables WHERE table_schema = CURRENT_SCHEMA() AND table_name = 'reviews' AND table_type = 'BASE TABLE'

2025/02/13 14:39:28 /home/bryan/repos/skripsi/backend/setup/setup.go:78
[1.701ms] [rows:1] SELECT CURRENT_DATABASE()

2025/02/13 14:39:28 /home/bryan/repos/skripsi/backend/setup/setup.go:78
[8.128ms] [rows:-] SELECT c.column_name, c.is_nullable = 'YES', c.udt_name, c.character_maximum_length, c.numeric_precision, c.numeric_precision_radix, c.numeric_scale, c.datetime_precision, 8 * typlen, c.column_default, pd.description, c.identity_increment FROM information_schema.columns AS c JOIN pg_type AS pgt ON c.udt_name = pgt.typname LEFT JOIN pg_catalog.pg_description as pd ON pd.objsubid = c.ordinal_position AND pd.objoid = (SELECT oid FROM pg_catalog.pg_class WHERE relname = c.table_name AND relnamespace = (SELECT oid FROM pg_catalog.pg_namespace WHERE nspname = c.table_schema)) where table_catalog = $1$ AND table_schema = CURRENT_SCHEMA() AND table_name = $2$

2025/02/13 14:39:28 /home/bryan/repos/skripsi/backend/setup/setup.go:78
[2.344ms] [rows:-] SELECT * FROM "reviews" LIMIT $1$

2025/02/13 14:39:28 /home/bryan/repos/skripsi/backend/setup/setup.go:78
[6.339ms] [rows:-] SELECT constraint_name FROM information_schema.table_constraints tc JOIN information_schema.constraint_column_usage AS ccu USING (constraint_schema, constraint_catalog, table_name, constraint_name) JOIN information_schema.columns AS c ON c.table_schema = tc.constraint_schema AND tc.table_name = c.table_name AND ccu.column_name = c.column_name WHERE constraint_type IN ('PRIMARY KEY', 'UNIQUE') AND c.table_catalog = $1$ AND c.table_schema = CURRENT_SCHEMA() AND c.table_name = $2$ AND constraint_type = $3$

2025/02/13 14:39:28 /home/bryan/repos/skripsi/backend/setup/setup.go:78
[6.386ms] [rows:-] SELECT c.column_name, constraint_name, constraint_type FROM information_schema.table_constraints tc JOIN information_schema.constraint_column_usage AS ccu USING (constraint_schema, constraint_catalog, table_name, constraint_name) JOIN information_schema.columns AS c ON c.table_schema = tc.constraint_schema AND tc.table_name = c.table_name AND ccu.column_name = c.column_name WHERE constraint_type IN ('PRIMARY KEY', 'UNIQUE') AND c.table_catalog = $1$ AND c.table_schema = CURRENT_SCHEMA() AND c.table_name = $2$

2025/02/13 14:39:28 /home/bryan/repos/skripsi/backend/setup/setup.go:78
[1.931ms] [rows:-] SELECT a.attname as column_name, format_type(a.atttypid, a.atttypmod) AS data_type
		FROM pg_attribute a JOIN pg_class b ON a.attrelid = b.oid AND relnamespace = (SELECT oid FROM pg_catalog.pg_namespace WHERE nspname = CURRENT_SCHEMA())
		WHERE a.attnum > 0 -- hide internal columns
		AND NOT a.attisdropped -- hide deleted columns
		AND b.relname = $1$

2025/02/13 14:39:28 /home/bryan/repos/skripsi/backend/setup/setup.go:78
[3.193ms] [rows:0] SELECT description FROM pg_catalog.pg_description WHERE objsubid = (SELECT ordinal_position FROM information_schema.columns WHERE table_schema = CURRENT_SCHEMA() AND table_name = 'reviews' AND column_name = 'id') AND objoid = (SELECT oid FROM pg_catalog.pg_class WHERE relname = 'reviews' AND relnamespace = (SELECT oid FROM pg_catalog.pg_namespace WHERE nspname = CURRENT_SCHEMA()))

2025/02/13 14:39:28 /home/bryan/repos/skripsi/backend/setup/setup.go:78
[3.278ms] [rows:0] SELECT description FROM pg_catalog.pg_description WHERE objsubid = (SELECT ordinal_position FROM information_schema.columns WHERE table_schema = CURRENT_SCHEMA() AND table_name = 'reviews' AND column_name = 'created_at') AND objoid = (SELECT oid FROM pg_catalog.pg_class WHERE relname = 'reviews' AND relnamespace = (SELECT oid FROM pg_catalog.pg_namespace WHERE nspname = CURRENT_SCHEMA()))

2025/02/13 14:39:28 /home/bryan/repos/skripsi/backend/setup/setup.go:78
[4.266ms] [rows:0] SELECT description FROM pg_catalog.pg_description WHERE objsubid = (SELECT ordinal_position FROM information_schema.columns WHERE table_schema = CURRENT_SCHEMA() AND table_name = 'reviews' AND column_name = 'updated_at') AND objoid = (SELECT oid FROM pg_catalog.pg_class WHERE relname = 'reviews' AND relnamespace = (SELECT oid FROM pg_catalog.pg_namespace WHERE nspname = CURRENT_SCHEMA()))

2025/02/13 14:39:28 /home/bryan/repos/skripsi/backend/setup/setup.go:78
[3.249ms] [rows:0] SELECT description FROM pg_catalog.pg_description WHERE objsubid = (SELECT ordinal_position FROM information_schema.columns WHERE table_schema = CURRENT_SCHEMA() AND table_name = 'reviews' AND column_name = 'deleted_at') AND objoid = (SELECT oid FROM pg_catalog.pg_class WHERE relname = 'reviews' AND relnamespace = (SELECT oid FROM pg_catalog.pg_namespace WHERE nspname = CURRENT_SCHEMA()))

2025/02/13 14:39:28 /home/bryan/repos/skripsi/backend/setup/setup.go:78
[2.971ms] [rows:0] SELECT description FROM pg_catalog.pg_description WHERE objsubid = (SELECT ordinal_position FROM information_schema.columns WHERE table_schema = CURRENT_SCHEMA() AND table_name = 'reviews' AND column_name = 'daycare_id') AND objoid = (SELECT oid FROM pg_catalog.pg_class WHERE relname = 'reviews' AND relnamespace = (SELECT oid FROM pg_catalog.pg_namespace WHERE nspname = CURRENT_SCHEMA()))

2025/02/13 14:39:28 /home/bryan/repos/skripsi/backend/setup/setup.go:78
[3.054ms] [rows:0] SELECT description FROM pg_catalog.pg_description WHERE objsubid = (SELECT ordinal_position FROM information_schema.columns WHERE table_schema = CURRENT_SCHEMA() AND table_name = 'reviews' AND column_name = 'user_id') AND objoid = (SELECT oid FROM pg_catalog.pg_class WHERE relname = 'reviews' AND relnamespace = (SELECT oid FROM pg_catalog.pg_namespace WHERE nspname = CURRENT_SCHEMA()))

2025/02/13 14:39:28 /home/bryan/repos/skripsi/backend/setup/setup.go:78
[3.323ms] [rows:0] SELECT description FROM pg_catalog.pg_description WHERE objsubid = (SELECT ordinal_position FROM information_schema.columns WHERE table_schema = CURRENT_SCHEMA() AND table_name = 'reviews' AND column_name = 'name') AND objoid = (SELECT oid FROM pg_catalog.pg_class WHERE relname = 'reviews' AND relnamespace = (SELECT oid FROM pg_catalog.pg_namespace WHERE nspname = CURRENT_SCHEMA()))

2025/02/13 14:39:28 /home/bryan/repos/skripsi/backend/setup/setup.go:78
[3.588ms] [rows:0] SELECT description FROM pg_catalog.pg_description WHERE objsubid = (SELECT ordinal_position FROM information_schema.columns WHERE table_schema = CURRENT_SCHEMA() AND table_name = 'reviews' AND column_name = 'rate') AND objoid = (SELECT oid FROM pg_catalog.pg_class WHERE relname = 'reviews' AND relnamespace = (SELECT oid FROM pg_catalog.pg_namespace WHERE nspname = CURRENT_SCHEMA()))

2025/02/13 14:39:28 /home/bryan/repos/skripsi/backend/setup/setup.go:78
[3.806ms] [rows:0] SELECT description FROM pg_catalog.pg_description WHERE objsubid = (SELECT ordinal_position FROM information_schema.columns WHERE table_schema = CURRENT_SCHEMA() AND table_name = 'reviews' AND column_name = 'description') AND objoid = (SELECT oid FROM pg_catalog.pg_class WHERE relname = 'reviews' AND relnamespace = (SELECT oid FROM pg_catalog.pg_namespace WHERE nspname = CURRENT_SCHEMA()))

2025/02/13 14:39:28 /home/bryan/repos/skripsi/backend/setup/setup.go:78
[2.695ms] [rows:1] SELECT count(*) FROM INFORMATION_SCHEMA.table_constraints WHERE table_schema = CURRENT_SCHEMA() AND table_name = 'reviews' AND constraint_name = 'fk_pet_daycares_reviews'

2025/02/13 14:39:28 /home/bryan/repos/skripsi/backend/setup/setup.go:78
[2.698ms] [rows:1] SELECT count(*) FROM INFORMATION_SCHEMA.table_constraints WHERE table_schema = CURRENT_SCHEMA() AND table_name = 'reviews' AND constraint_name = 'fk_users_reviews'

2025/02/13 14:39:28 /home/bryan/repos/skripsi/backend/setup/setup.go:78
[5.994ms] [rows:1] SELECT count(*) FROM pg_indexes WHERE tablename = 'reviews' AND indexname = 'idx_reviews_deleted_at' AND schemaname = CURRENT_SCHEMA()

2025/02/13 14:39:28 /home/bryan/repos/skripsi/backend/setup/setup.go:78
[2.394ms] [rows:1] SELECT count(*) FROM information_schema.tables WHERE table_schema = CURRENT_SCHEMA() AND table_name = 'refresh_tokens' AND table_type = 'BASE TABLE'

2025/02/13 14:39:28 /home/bryan/repos/skripsi/backend/setup/setup.go:78
[1.955ms] [rows:1] SELECT CURRENT_DATABASE()

2025/02/13 14:39:28 /home/bryan/repos/skripsi/backend/setup/setup.go:78
[7.547ms] [rows:-] SELECT c.column_name, c.is_nullable = 'YES', c.udt_name, c.character_maximum_length, c.numeric_precision, c.numeric_precision_radix, c.numeric_scale, c.datetime_precision, 8 * typlen, c.column_default, pd.description, c.identity_increment FROM information_schema.columns AS c JOIN pg_type AS pgt ON c.udt_name = pgt.typname LEFT JOIN pg_catalog.pg_description as pd ON pd.objsubid = c.ordinal_position AND pd.objoid = (SELECT oid FROM pg_catalog.pg_class WHERE relname = c.table_name AND relnamespace = (SELECT oid FROM pg_catalog.pg_namespace WHERE nspname = c.table_schema)) where table_catalog = $1$ AND table_schema = CURRENT_SCHEMA() AND table_name = $2$

2025/02/13 14:39:28 /home/bryan/repos/skripsi/backend/setup/setup.go:78
[2.967ms] [rows:-] SELECT * FROM "refresh_tokens" LIMIT $1$

2025/02/13 14:39:28 /home/bryan/repos/skripsi/backend/setup/setup.go:78
[6.274ms] [rows:-] SELECT constraint_name FROM information_schema.table_constraints tc JOIN information_schema.constraint_column_usage AS ccu USING (constraint_schema, constraint_catalog, table_name, constraint_name) JOIN information_schema.columns AS c ON c.table_schema = tc.constraint_schema AND tc.table_name = c.table_name AND ccu.column_name = c.column_name WHERE constraint_type IN ('PRIMARY KEY', 'UNIQUE') AND c.table_catalog = $1$ AND c.table_schema = CURRENT_SCHEMA() AND c.table_name = $2$ AND constraint_type = $3$

2025/02/13 14:39:28 /home/bryan/repos/skripsi/backend/setup/setup.go:78
[6.102ms] [rows:-] SELECT c.column_name, constraint_name, constraint_type FROM information_schema.table_constraints tc JOIN information_schema.constraint_column_usage AS ccu USING (constraint_schema, constraint_catalog, table_name, constraint_name) JOIN information_schema.columns AS c ON c.table_schema = tc.constraint_schema AND tc.table_name = c.table_name AND ccu.column_name = c.column_name WHERE constraint_type IN ('PRIMARY KEY', 'UNIQUE') AND c.table_catalog = $1$ AND c.table_schema = CURRENT_SCHEMA() AND c.table_name = $2$

2025/02/13 14:39:28 /home/bryan/repos/skripsi/backend/setup/setup.go:78
[2.055ms] [rows:-] SELECT a.attname as column_name, format_type(a.atttypid, a.atttypmod) AS data_type
		FROM pg_attribute a JOIN pg_class b ON a.attrelid = b.oid AND relnamespace = (SELECT oid FROM pg_catalog.pg_namespace WHERE nspname = CURRENT_SCHEMA())
		WHERE a.attnum > 0 -- hide internal columns
		AND NOT a.attisdropped -- hide deleted columns
		AND b.relname = $1$

2025/02/13 14:39:28 /home/bryan/repos/skripsi/backend/setup/setup.go:78
[3.996ms] [rows:0] SELECT description FROM pg_catalog.pg_description WHERE objsubid = (SELECT ordinal_position FROM information_schema.columns WHERE table_schema = CURRENT_SCHEMA() AND table_name = 'refresh_tokens' AND column_name = 'id') AND objoid = (SELECT oid FROM pg_catalog.pg_class WHERE relname = 'refresh_tokens' AND relnamespace = (SELECT oid FROM pg_catalog.pg_namespace WHERE nspname = CURRENT_SCHEMA()))

2025/02/13 14:39:28 /home/bryan/repos/skripsi/backend/setup/setup.go:78
[3.289ms] [rows:0] SELECT description FROM pg_catalog.pg_description WHERE objsubid = (SELECT ordinal_position FROM information_schema.columns WHERE table_schema = CURRENT_SCHEMA() AND table_name = 'refresh_tokens' AND column_name = 'created_at') AND objoid = (SELECT oid FROM pg_catalog.pg_class WHERE relname = 'refresh_tokens' AND relnamespace = (SELECT oid FROM pg_catalog.pg_namespace WHERE nspname = CURRENT_SCHEMA()))

2025/02/13 14:39:28 /home/bryan/repos/skripsi/backend/setup/setup.go:78
[3.056ms] [rows:0] SELECT description FROM pg_catalog.pg_description WHERE objsubid = (SELECT ordinal_position FROM information_schema.columns WHERE table_schema = CURRENT_SCHEMA() AND table_name = 'refresh_tokens' AND column_name = 'updated_at') AND objoid = (SELECT oid FROM pg_catalog.pg_class WHERE relname = 'refresh_tokens' AND relnamespace = (SELECT oid FROM pg_catalog.pg_namespace WHERE nspname = CURRENT_SCHEMA()))

2025/02/13 14:39:28 /home/bryan/repos/skripsi/backend/setup/setup.go:78
[3.115ms] [rows:0] SELECT description FROM pg_catalog.pg_description WHERE objsubid = (SELECT ordinal_position FROM information_schema.columns WHERE table_schema = CURRENT_SCHEMA() AND table_name = 'refresh_tokens' AND column_name = 'deleted_at') AND objoid = (SELECT oid FROM pg_catalog.pg_class WHERE relname = 'refresh_tokens' AND relnamespace = (SELECT oid FROM pg_catalog.pg_namespace WHERE nspname = CURRENT_SCHEMA()))

2025/02/13 14:39:28 /home/bryan/repos/skripsi/backend/setup/setup.go:78
[3.227ms] [rows:0] SELECT description FROM pg_catalog.pg_description WHERE objsubid = (SELECT ordinal_position FROM information_schema.columns WHERE table_schema = CURRENT_SCHEMA() AND table_name = 'refresh_tokens' AND column_name = 'user_id') AND objoid = (SELECT oid FROM pg_catalog.pg_class WHERE relname = 'refresh_tokens' AND relnamespace = (SELECT oid FROM pg_catalog.pg_namespace WHERE nspname = CURRENT_SCHEMA()))

2025/02/13 14:39:28 /home/bryan/repos/skripsi/backend/setup/setup.go:78
[3.271ms] [rows:0] SELECT description FROM pg_catalog.pg_description WHERE objsubid = (SELECT ordinal_position FROM information_schema.columns WHERE table_schema = CURRENT_SCHEMA() AND table_name = 'refresh_tokens' AND column_name = 'token') AND objoid = (SELECT oid FROM pg_catalog.pg_class WHERE relname = 'refresh_tokens' AND relnamespace = (SELECT oid FROM pg_catalog.pg_namespace WHERE nspname = CURRENT_SCHEMA()))

2025/02/13 14:39:28 /home/bryan/repos/skripsi/backend/setup/setup.go:78
[3.180ms] [rows:0] SELECT description FROM pg_catalog.pg_description WHERE objsubid = (SELECT ordinal_position FROM information_schema.columns WHERE table_schema = CURRENT_SCHEMA() AND table_name = 'refresh_tokens' AND column_name = 'expires_at') AND objoid = (SELECT oid FROM pg_catalog.pg_class WHERE relname = 'refresh_tokens' AND relnamespace = (SELECT oid FROM pg_catalog.pg_namespace WHERE nspname = CURRENT_SCHEMA()))

2025/02/13 14:39:28 /home/bryan/repos/skripsi/backend/setup/setup.go:78
[2.295ms] [rows:1] SELECT count(*) FROM pg_indexes WHERE tablename = 'refresh_tokens' AND indexname = 'idx_refresh_tokens_deleted_at' AND schemaname = CURRENT_SCHEMA()

2025/02/13 14:39:28 /home/bryan/repos/skripsi/backend/setup/setup.go:78
[2.254ms] [rows:1] SELECT count(*) FROM pg_indexes WHERE tablename = 'refresh_tokens' AND indexname = 'idx_refresh_tokens_user_id' AND schemaname = CURRENT_SCHEMA()

2025/02/13 14:39:28 /home/bryan/repos/skripsi/backend/setup/setup.go:78
[2.049ms] [rows:1] SELECT count(*) FROM information_schema.tables WHERE table_schema = CURRENT_SCHEMA() AND table_name = 'transactions' AND table_type = 'BASE TABLE'

2025/02/13 14:39:28 /home/bryan/repos/skripsi/backend/setup/setup.go:78
[1.660ms] [rows:1] SELECT CURRENT_DATABASE()

2025/02/13 14:39:28 /home/bryan/repos/skripsi/backend/setup/setup.go:78
[6.637ms] [rows:-] SELECT c.column_name, c.is_nullable = 'YES', c.udt_name, c.character_maximum_length, c.numeric_precision, c.numeric_precision_radix, c.numeric_scale, c.datetime_precision, 8 * typlen, c.column_default, pd.description, c.identity_increment FROM information_schema.columns AS c JOIN pg_type AS pgt ON c.udt_name = pgt.typname LEFT JOIN pg_catalog.pg_description as pd ON pd.objsubid = c.ordinal_position AND pd.objoid = (SELECT oid FROM pg_catalog.pg_class WHERE relname = c.table_name AND relnamespace = (SELECT oid FROM pg_catalog.pg_namespace WHERE nspname = c.table_schema)) where table_catalog = $1$ AND table_schema = CURRENT_SCHEMA() AND table_name = $2$

2025/02/13 14:39:28 /home/bryan/repos/skripsi/backend/setup/setup.go:78
[2.260ms] [rows:-] SELECT * FROM "transactions" LIMIT $1$

2025/02/13 14:39:28 /home/bryan/repos/skripsi/backend/setup/setup.go:78
[6.299ms] [rows:-] SELECT constraint_name FROM information_schema.table_constraints tc JOIN information_schema.constraint_column_usage AS ccu USING (constraint_schema, constraint_catalog, table_name, constraint_name) JOIN information_schema.columns AS c ON c.table_schema = tc.constraint_schema AND tc.table_name = c.table_name AND ccu.column_name = c.column_name WHERE constraint_type IN ('PRIMARY KEY', 'UNIQUE') AND c.table_catalog = $1$ AND c.table_schema = CURRENT_SCHEMA() AND c.table_name = $2$ AND constraint_type = $3$

2025/02/13 14:39:28 /home/bryan/repos/skripsi/backend/setup/setup.go:78
[5.648ms] [rows:-] SELECT c.column_name, constraint_name, constraint_type FROM information_schema.table_constraints tc JOIN information_schema.constraint_column_usage AS ccu USING (constraint_schema, constraint_catalog, table_name, constraint_name) JOIN information_schema.columns AS c ON c.table_schema = tc.constraint_schema AND tc.table_name = c.table_name AND ccu.column_name = c.column_name WHERE constraint_type IN ('PRIMARY KEY', 'UNIQUE') AND c.table_catalog = $1$ AND c.table_schema = CURRENT_SCHEMA() AND c.table_name = $2$

2025/02/13 14:39:28 /home/bryan/repos/skripsi/backend/setup/setup.go:78
[2.022ms] [rows:-] SELECT a.attname as column_name, format_type(a.atttypid, a.atttypmod) AS data_type
		FROM pg_attribute a JOIN pg_class b ON a.attrelid = b.oid AND relnamespace = (SELECT oid FROM pg_catalog.pg_namespace WHERE nspname = CURRENT_SCHEMA())
		WHERE a.attnum > 0 -- hide internal columns
		AND NOT a.attisdropped -- hide deleted columns
		AND b.relname = $1$

2025/02/13 14:39:28 /home/bryan/repos/skripsi/backend/setup/setup.go:78
[3.397ms] [rows:0] SELECT description FROM pg_catalog.pg_description WHERE objsubid = (SELECT ordinal_position FROM information_schema.columns WHERE table_schema = CURRENT_SCHEMA() AND table_name = 'transactions' AND column_name = 'id') AND objoid = (SELECT oid FROM pg_catalog.pg_class WHERE relname = 'transactions' AND relnamespace = (SELECT oid FROM pg_catalog.pg_namespace WHERE nspname = CURRENT_SCHEMA()))

2025/02/13 14:39:28 /home/bryan/repos/skripsi/backend/setup/setup.go:78
[4.104ms] [rows:0] SELECT description FROM pg_catalog.pg_description WHERE objsubid = (SELECT ordinal_position FROM information_schema.columns WHERE table_schema = CURRENT_SCHEMA() AND table_name = 'transactions' AND column_name = 'created_at') AND objoid = (SELECT oid FROM pg_catalog.pg_class WHERE relname = 'transactions' AND relnamespace = (SELECT oid FROM pg_catalog.pg_namespace WHERE nspname = CURRENT_SCHEMA()))

2025/02/13 14:39:28 /home/bryan/repos/skripsi/backend/setup/setup.go:78
[3.509ms] [rows:0] SELECT description FROM pg_catalog.pg_description WHERE objsubid = (SELECT ordinal_position FROM information_schema.columns WHERE table_schema = CURRENT_SCHEMA() AND table_name = 'transactions' AND column_name = 'pet_daycare_id') AND objoid = (SELECT oid FROM pg_catalog.pg_class WHERE relname = 'transactions' AND relnamespace = (SELECT oid FROM pg_catalog.pg_namespace WHERE nspname = CURRENT_SCHEMA()))

2025/02/13 14:39:28 /home/bryan/repos/skripsi/backend/setup/setup.go:78
[3.226ms] [rows:0] SELECT description FROM pg_catalog.pg_description WHERE objsubid = (SELECT ordinal_position FROM information_schema.columns WHERE table_schema = CURRENT_SCHEMA() AND table_name = 'transactions' AND column_name = 'booked_slot_id') AND objoid = (SELECT oid FROM pg_catalog.pg_class WHERE relname = 'transactions' AND relnamespace = (SELECT oid FROM pg_catalog.pg_namespace WHERE nspname = CURRENT_SCHEMA()))

2025/02/13 14:39:28 /home/bryan/repos/skripsi/backend/setup/setup.go:78
[2.804ms] [rows:0] SELECT description FROM pg_catalog.pg_description WHERE objsubid = (SELECT ordinal_position FROM information_schema.columns WHERE table_schema = CURRENT_SCHEMA() AND table_name = 'transactions' AND column_name = 'status') AND objoid = (SELECT oid FROM pg_catalog.pg_class WHERE relname = 'transactions' AND relnamespace = (SELECT oid FROM pg_catalog.pg_namespace WHERE nspname = CURRENT_SCHEMA()))

2025/02/13 14:39:28 /home/bryan/repos/skripsi/backend/setup/setup.go:78
[2.419ms] [rows:1] SELECT count(*) FROM INFORMATION_SCHEMA.table_constraints WHERE table_schema = CURRENT_SCHEMA() AND table_name = 'transactions' AND constraint_name = 'fk_transactions_pet_daycare'

2025/02/13 14:39:28 /home/bryan/repos/skripsi/backend/setup/setup.go:78
[2.253ms] [rows:1] SELECT count(*) FROM INFORMATION_SCHEMA.table_constraints WHERE table_schema = CURRENT_SCHEMA() AND table_name = 'transactions' AND constraint_name = 'fk_transactions_booked_slot'

2025/02/13 14:39:28 /home/bryan/repos/skripsi/backend/setup/setup.go:78
[2.019ms] [rows:1] SELECT count(*) FROM information_schema.tables WHERE table_schema = CURRENT_SCHEMA() AND table_name = 'reduce_slots' AND table_type = 'BASE TABLE'

2025/02/13 14:39:28 /home/bryan/repos/skripsi/backend/setup/setup.go:78
[1.938ms] [rows:1] SELECT CURRENT_DATABASE()

2025/02/13 14:39:28 /home/bryan/repos/skripsi/backend/setup/setup.go:78
[6.671ms] [rows:-] SELECT c.column_name, c.is_nullable = 'YES', c.udt_name, c.character_maximum_length, c.numeric_precision, c.numeric_precision_radix, c.numeric_scale, c.datetime_precision, 8 * typlen, c.column_default, pd.description, c.identity_increment FROM information_schema.columns AS c JOIN pg_type AS pgt ON c.udt_name = pgt.typname LEFT JOIN pg_catalog.pg_description as pd ON pd.objsubid = c.ordinal_position AND pd.objoid = (SELECT oid FROM pg_catalog.pg_class WHERE relname = c.table_name AND relnamespace = (SELECT oid FROM pg_catalog.pg_namespace WHERE nspname = c.table_schema)) where table_catalog = $1$ AND table_schema = CURRENT_SCHEMA() AND table_name = $2$

2025/02/13 14:39:28 /home/bryan/repos/skripsi/backend/setup/setup.go:78
[2.205ms] [rows:-] SELECT * FROM "reduce_slots" LIMIT $1$

2025/02/13 14:39:28 /home/bryan/repos/skripsi/backend/setup/setup.go:78
[5.062ms] [rows:-] SELECT constraint_name FROM information_schema.table_constraints tc JOIN information_schema.constraint_column_usage AS ccu USING (constraint_schema, constraint_catalog, table_name, constraint_name) JOIN information_schema.columns AS c ON c.table_schema = tc.constraint_schema AND tc.table_name = c.table_name AND ccu.column_name = c.column_name WHERE constraint_type IN ('PRIMARY KEY', 'UNIQUE') AND c.table_catalog = $1$ AND c.table_schema = CURRENT_SCHEMA() AND c.table_name = $2$ AND constraint_type = $3$

2025/02/13 14:39:28 /home/bryan/repos/skripsi/backend/setup/setup.go:78
[5.334ms] [rows:-] SELECT c.column_name, constraint_name, constraint_type FROM information_schema.table_constraints tc JOIN information_schema.constraint_column_usage AS ccu USING (constraint_schema, constraint_catalog, table_name, constraint_name) JOIN information_schema.columns AS c ON c.table_schema = tc.constraint_schema AND tc.table_name = c.table_name AND ccu.column_name = c.column_name WHERE constraint_type IN ('PRIMARY KEY', 'UNIQUE') AND c.table_catalog = $1$ AND c.table_schema = CURRENT_SCHEMA() AND c.table_name = $2$

2025/02/13 14:39:28 /home/bryan/repos/skripsi/backend/setup/setup.go:78
[2.403ms] [rows:-] SELECT a.attname as column_name, format_type(a.atttypid, a.atttypmod) AS data_type
		FROM pg_attribute a JOIN pg_class b ON a.attrelid = b.oid AND relnamespace = (SELECT oid FROM pg_catalog.pg_namespace WHERE nspname = CURRENT_SCHEMA())
		WHERE a.attnum > 0 -- hide internal columns
		AND NOT a.attisdropped -- hide deleted columns
		AND b.relname = $1$

2025/02/13 14:39:28 /home/bryan/repos/skripsi/backend/setup/setup.go:78
[3.257ms] [rows:0] SELECT description FROM pg_catalog.pg_description WHERE objsubid = (SELECT ordinal_position FROM information_schema.columns WHERE table_schema = CURRENT_SCHEMA() AND table_name = 'reduce_slots' AND column_name = 'id') AND objoid = (SELECT oid FROM pg_catalog.pg_class WHERE relname = 'reduce_slots' AND relnamespace = (SELECT oid FROM pg_catalog.pg_namespace WHERE nspname = CURRENT_SCHEMA()))

2025/02/13 14:39:28 /home/bryan/repos/skripsi/backend/setup/setup.go:78
[3.384ms] [rows:0] SELECT description FROM pg_catalog.pg_description WHERE objsubid = (SELECT ordinal_position FROM information_schema.columns WHERE table_schema = CURRENT_SCHEMA() AND table_name = 'reduce_slots' AND column_name = 'slot_id') AND objoid = (SELECT oid FROM pg_catalog.pg_class WHERE relname = 'reduce_slots' AND relnamespace = (SELECT oid FROM pg_catalog.pg_namespace WHERE nspname = CURRENT_SCHEMA()))

2025/02/13 14:39:28 /home/bryan/repos/skripsi/backend/setup/setup.go:78
[3.363ms] [rows:0] SELECT description FROM pg_catalog.pg_description WHERE objsubid = (SELECT ordinal_position FROM information_schema.columns WHERE table_schema = CURRENT_SCHEMA() AND table_name = 'reduce_slots' AND column_name = 'reduced_count') AND objoid = (SELECT oid FROM pg_catalog.pg_class WHERE relname = 'reduce_slots' AND relnamespace = (SELECT oid FROM pg_catalog.pg_namespace WHERE nspname = CURRENT_SCHEMA()))

2025/02/13 14:39:28 /home/bryan/repos/skripsi/backend/setup/setup.go:78
[3.596ms] [rows:0] SELECT description FROM pg_catalog.pg_description WHERE objsubid = (SELECT ordinal_position FROM information_schema.columns WHERE table_schema = CURRENT_SCHEMA() AND table_name = 'reduce_slots' AND column_name = 'target_date') AND objoid = (SELECT oid FROM pg_catalog.pg_class WHERE relname = 'reduce_slots' AND relnamespace = (SELECT oid FROM pg_catalog.pg_namespace WHERE nspname = CURRENT_SCHEMA()))

2025/02/13 14:39:28 /home/bryan/repos/skripsi/backend/setup/setup.go:78
[2.613ms] [rows:1] SELECT count(*) FROM information_schema.tables WHERE table_schema = CURRENT_SCHEMA() AND table_name = 'booked_slots_dailies' AND table_type = 'BASE TABLE'

2025/02/13 14:39:28 /home/bryan/repos/skripsi/backend/setup/setup.go:78
[1.933ms] [rows:1] SELECT CURRENT_DATABASE()

2025/02/13 14:39:28 /home/bryan/repos/skripsi/backend/setup/setup.go:78
[6.641ms] [rows:-] SELECT c.column_name, c.is_nullable = 'YES', c.udt_name, c.character_maximum_length, c.numeric_precision, c.numeric_precision_radix, c.numeric_scale, c.datetime_precision, 8 * typlen, c.column_default, pd.description, c.identity_increment FROM information_schema.columns AS c JOIN pg_type AS pgt ON c.udt_name = pgt.typname LEFT JOIN pg_catalog.pg_description as pd ON pd.objsubid = c.ordinal_position AND pd.objoid = (SELECT oid FROM pg_catalog.pg_class WHERE relname = c.table_name AND relnamespace = (SELECT oid FROM pg_catalog.pg_namespace WHERE nspname = c.table_schema)) where table_catalog = $1$ AND table_schema = CURRENT_SCHEMA() AND table_name = $2$

2025/02/13 14:39:28 /home/bryan/repos/skripsi/backend/setup/setup.go:78
[3.442ms] [rows:-] SELECT * FROM "booked_slots_dailies" LIMIT $1$

2025/02/13 14:39:28 /home/bryan/repos/skripsi/backend/setup/setup.go:78
[5.479ms] [rows:-] SELECT constraint_name FROM information_schema.table_constraints tc JOIN information_schema.constraint_column_usage AS ccu USING (constraint_schema, constraint_catalog, table_name, constraint_name) JOIN information_schema.columns AS c ON c.table_schema = tc.constraint_schema AND tc.table_name = c.table_name AND ccu.column_name = c.column_name WHERE constraint_type IN ('PRIMARY KEY', 'UNIQUE') AND c.table_catalog = $1$ AND c.table_schema = CURRENT_SCHEMA() AND c.table_name = $2$ AND constraint_type = $3$

2025/02/13 14:39:28 /home/bryan/repos/skripsi/backend/setup/setup.go:78
[5.238ms] [rows:-] SELECT c.column_name, constraint_name, constraint_type FROM information_schema.table_constraints tc JOIN information_schema.constraint_column_usage AS ccu USING (constraint_schema, constraint_catalog, table_name, constraint_name) JOIN information_schema.columns AS c ON c.table_schema = tc.constraint_schema AND tc.table_name = c.table_name AND ccu.column_name = c.column_name WHERE constraint_type IN ('PRIMARY KEY', 'UNIQUE') AND c.table_catalog = $1$ AND c.table_schema = CURRENT_SCHEMA() AND c.table_name = $2$

2025/02/13 14:39:28 /home/bryan/repos/skripsi/backend/setup/setup.go:78
[2.195ms] [rows:-] SELECT a.attname as column_name, format_type(a.atttypid, a.atttypmod) AS data_type
		FROM pg_attribute a JOIN pg_class b ON a.attrelid = b.oid AND relnamespace = (SELECT oid FROM pg_catalog.pg_namespace WHERE nspname = CURRENT_SCHEMA())
		WHERE a.attnum > 0 -- hide internal columns
		AND NOT a.attisdropped -- hide deleted columns
		AND b.relname = $1$

2025/02/13 14:39:28 /home/bryan/repos/skripsi/backend/setup/setup.go:78
[3.083ms] [rows:0] SELECT description FROM pg_catalog.pg_description WHERE objsubid = (SELECT ordinal_position FROM information_schema.columns WHERE table_schema = CURRENT_SCHEMA() AND table_name = 'booked_slots_dailies' AND column_name = 'id') AND objoid = (SELECT oid FROM pg_catalog.pg_class WHERE relname = 'booked_slots_dailies' AND relnamespace = (SELECT oid FROM pg_catalog.pg_namespace WHERE nspname = CURRENT_SCHEMA()))

2025/02/13 14:39:28 /home/bryan/repos/skripsi/backend/setup/setup.go:78
[3.118ms] [rows:0] SELECT description FROM pg_catalog.pg_description WHERE objsubid = (SELECT ordinal_position FROM information_schema.columns WHERE table_schema = CURRENT_SCHEMA() AND table_name = 'booked_slots_dailies' AND column_name = 'daycare_id') AND objoid = (SELECT oid FROM pg_catalog.pg_class WHERE relname = 'booked_slots_dailies' AND relnamespace = (SELECT oid FROM pg_catalog.pg_namespace WHERE nspname = CURRENT_SCHEMA()))

2025/02/13 14:39:28 /home/bryan/repos/skripsi/backend/setup/setup.go:78
[3.075ms] [rows:0] SELECT description FROM pg_catalog.pg_description WHERE objsubid = (SELECT ordinal_position FROM information_schema.columns WHERE table_schema = CURRENT_SCHEMA() AND table_name = 'booked_slots_dailies' AND column_name = 'date') AND objoid = (SELECT oid FROM pg_catalog.pg_class WHERE relname = 'booked_slots_dailies' AND relnamespace = (SELECT oid FROM pg_catalog.pg_namespace WHERE nspname = CURRENT_SCHEMA()))

2025/02/13 14:39:28 /home/bryan/repos/skripsi/backend/setup/setup.go:78
[3.025ms] [rows:0] SELECT description FROM pg_catalog.pg_description WHERE objsubid = (SELECT ordinal_position FROM information_schema.columns WHERE table_schema = CURRENT_SCHEMA() AND table_name = 'booked_slots_dailies' AND column_name = 'slot_count') AND objoid = (SELECT oid FROM pg_catalog.pg_class WHERE relname = 'booked_slots_dailies' AND relnamespace = (SELECT oid FROM pg_catalog.pg_namespace WHERE nspname = CURRENT_SCHEMA()))

2025/02/13 14:39:28 /home/bryan/repos/skripsi/backend/setup/setup.go:78
[2.255ms] [rows:1] SELECT count(*) FROM pg_indexes WHERE tablename = 'booked_slots_dailies' AND indexname = 'idx_booked_slots_dailies_date' AND schemaname = CURRENT_SCHEMA()
[GIN-debug] [WARNING] Creating an Engine instance with the Logger and Recovery middleware already attached.

[GIN-debug] [WARNING] Running in "debug" mode. Switch to "release" mode in production.
 - using env:	export GIN_MODE=release
 - using code:	gin.SetMode(gin.ReleaseMode)

[GIN-debug] GET    /assets/*filepath         --> github.com/gin-gonic/gin.(*RouterGroup).createStaticHandler.func1 (3 handlers)
[GIN-debug] HEAD   /assets/*filepath         --> github.com/gin-gonic/gin.(*RouterGroup).createStaticHandler.func1 (3 handlers)
[GIN-debug] POST   /users                    --> github.com/BryanEgbert/skripsi/controller.(*UserController).CreateUser-fm (3 handlers)
[GIN-debug] GET    /users/vets               --> github.com/BryanEgbert/skripsi/controller.(*UserController).GetVets-fm (4 handlers)
[GIN-debug] GET    /users/:id                --> github.com/BryanEgbert/skripsi/controller.(*UserController).GetUser-fm (4 handlers)
[GIN-debug] DELETE /users                    --> github.com/BryanEgbert/skripsi/controller.(*UserController).DeleteUser-fm (4 handlers)
[GIN-debug] PUT    /users                    --> github.com/BryanEgbert/skripsi/controller.(*UserController).UpdateUserProfile-fm (4 handlers)
[GIN-debug] PATCH  /users/password           --> github.com/BryanEgbert/skripsi/controller.(*UserController).UpdateUserPassword-fm (4 handlers)
[GIN-debug] POST   /login                    --> github.com/BryanEgbert/skripsi/controller.(*AuthController).Login-fm (3 handlers)
[GIN-debug] POST   /refresh                  --> github.com/BryanEgbert/skripsi/controller.(*AuthController).RefreshToken-fm (4 handlers)
[GIN-debug] GET    /pets/:id                 --> github.com/BryanEgbert/skripsi/controller.(*PetController).GetPet-fm (4 handlers)
[GIN-debug] GET    /pets                     --> github.com/BryanEgbert/skripsi/controller.(*PetController).GetPets-fm (4 handlers)
[GIN-debug] POST   /pets                     --> github.com/BryanEgbert/skripsi/controller.(*PetController).CreatePet-fm (4 handlers)
[GIN-debug] PUT    /pets/:id                 --> github.com/BryanEgbert/skripsi/controller.(*PetController).UpdatePet-fm (4 handlers)
[GIN-debug] DELETE /pets/:id                 --> github.com/BryanEgbert/skripsi/controller.(*PetController).DeletePet-fm (4 handlers)
[GIN-debug] PATCH  /daycare/slot/:slotId     --> github.com/BryanEgbert/skripsi/controller.(*PetDaycareController).EditSlotCount-fm (4 handlers)
[GIN-debug] GET    /daycare/:id/slot         --> github.com/BryanEgbert/skripsi/controller.(*PetDaycareController).GetPetDaycareSlots-fm (4 handlers)
[GIN-debug] POST   /daycare/:id/slot         --> github.com/BryanEgbert/skripsi/controller.(*PetDaycareController).CreateSlot-fm (4 handlers)
[GIN-debug] GET    /daycare/:id/review       --> github.com/BryanEgbert/skripsi/controller.(*PetDaycareController).GetReviews-fm (4 handlers)
[GIN-debug] POST   /daycare/:id/review       --> github.com/BryanEgbert/skripsi/controller.(*PetDaycareController).CreateReview-fm (4 handlers)
[GIN-debug] DELETE /daycare/:id/review       --> github.com/BryanEgbert/skripsi/controller.(*PetDaycareController).DeleteReview-fm (4 handlers)
[GIN-debug] GET    /daycare/:id              --> github.com/BryanEgbert/skripsi/controller.(*PetDaycareController).GetPetDaycare-fm (4 handlers)
[GIN-debug] GET    /daycare                  --> github.com/BryanEgbert/skripsi/controller.(*PetDaycareController).GetPetDaycares-fm (4 handlers)
[GIN-debug] POST   /daycare                  --> github.com/BryanEgbert/skripsi/controller.(*PetDaycareController).CreatePetDaycare-fm (4 handlers)
[GIN-debug] PUT    /daycare/:id              --> github.com/BryanEgbert/skripsi/controller.(*PetDaycareController).UpdatePetDaycare-fm (4 handlers)
[GIN-debug] DELETE /daycare/:id              --> github.com/BryanEgbert/skripsi/controller.(*PetDaycareController).DeletePetDaycare-fm (4 handlers)

2025/02/13 14:39:28 /home/bryan/repos/skripsi/backend/service/user_service.go:196
[6.431ms] [rows:0] SELECT * FROM "users" WHERE "users"."id" = $1$ AND "users"."deleted_at" IS NULL ORDER BY "users"."id" LIMIT $2$
[GIN] 2025/02/13 - 14:39:28 | 404 |    6.734311ms |                 | PATCH    "/users/password"
--- PASS: TestUpdatePassword (5.65s)
    --- PASS: TestUpdatePassword/On_update_password,_should_return_204_when_user_ID_exists_in_DB_and_newPassword_is_not_empty (1.92s)
    --- PASS: TestUpdatePassword/On_update_password,_should_return_404_when_newPassword_is_empty (1.70s)
    --- PASS: TestUpdatePassword/On_update_password,_should_return_404_when_user_ID_doesn't_exists_in_DB (2.03s)
PASS
ok  	github.com/BryanEgbert/skripsi/test	60.558s
